::ffff:203.10.99.204 - - [17/Nov/2022:00:04:43 +0000] "GET /images/dragon-trans.png HTTP/1.1" 304 - "http://www.wadokikai.org/" "Mozilla/5.0 (Macintosh; Intel Mac OS X 10_15_7) AppleWebKit/605.1.15 (KHTML, like Gecko) Version/16.1 Safari/605.1.15"
::ffff:203.10.99.204 - - [17/Nov/2022:00:10:42 +0000] "GET /images/tiger.bmp HTTP/1.1" 304 - "http://www.wadokikai.org/" "Mozilla/5.0 (Macintosh; Intel Mac OS X 10_15_7) AppleWebKit/605.1.15 (KHTML, like Gecko) Version/16.1 Safari/605.1.15"
::ffff:109.206.243.162 - - [17/Nov/2022:00:22:21 +0000] "GET /explore HTTP/1.1" 404 146 "-" "Mozilla/5.0 (Linux; Android 9; SM-G973F) AppleWebKit/537.36 (KHTML, like Gecko) Chrome/76.0.3809.89 Mobile Safari/537.36"
::ffff:185.191.171.24 - - [17/Nov/2022:00:23:15 +0000] "GET /robots.txt HTTP/1.1" 404 149 "-" "Mozilla/5.0 (compatible; SemrushBot/7~bl; +http://www.semrush.com/bot.html)"
::ffff:185.191.171.7 - - [17/Nov/2022:00:23:15 +0000] "GET /contact?s=1&ss=8 HTTP/1.1" 200 9997 "-" "Mozilla/5.0 (compatible; SemrushBot/7~bl; +http://www.semrush.com/bot.html)"
::ffff:203.10.99.204 - - [17/Nov/2022:00:35:14 +0000] "GET /images/dragon-trans.png HTTP/1.1" 304 - "http://www.wadokikai.org/" "Mozilla/5.0 (Macintosh; Intel Mac OS X 10_15_7) AppleWebKit/605.1.15 (KHTML, like Gecko) Version/16.1 Safari/605.1.15"
::ffff:203.10.99.204 - - [17/Nov/2022:00:40:34 +0000] "GET /images/tiger.bmp HTTP/1.1" 304 - "http://www.wadokikai.org/" "Mozilla/5.0 (Macintosh; Intel Mac OS X 10_15_7) AppleWebKit/605.1.15 (KHTML, like Gecko) Version/16.1 Safari/605.1.15"
::ffff:135.125.246.189 - - [17/Nov/2022:00:49:20 +0000] "POST / HTTP/1.1" 404 140 "-" "Mozilla/5.0 (X11; Linux x86_64) AppleWebKit/537.36 (KHTML, like Gecko) Chrome/81.0.4044.129 Safari/537.36"
::ffff:135.125.246.189 - - [17/Nov/2022:00:49:21 +0000] "GET /.env HTTP/1.1" 404 143 "-" "Mozilla/5.0 (X11; Linux x86_64) AppleWebKit/537.36 (KHTML, like Gecko) Chrome/81.0.4044.129 Safari/537.36"
::ffff:141.255.166.2 - - [17/Nov/2022:01:00:13 +0000] "GET / HTTP/1.1" 200 58140 "-" "Hello World"
::ffff:203.10.99.204 - - [17/Nov/2022:01:01:54 +0000] "GET /images/wadokikai%20kanji.jpg HTTP/1.1" 200 35066 "http://www.wadokikai.org/" "Mozilla/5.0 (Macintosh; Intel Mac OS X 10_15_7) AppleWebKit/605.1.15 (KHTML, like Gecko) Version/16.1 Safari/605.1.15"
::ffff:94.102.61.10 - - [17/Nov/2022:01:04:01 +0000] "GET /images/favicon.ico HTTP/1.1" 200 3638 "-" "python-requests/2.26.0"
::ffff:94.102.61.10 - - [17/Nov/2022:01:04:01 +0000] "GET / HTTP/1.1" 200 58140 "-" "python-requests/2.26.0"
::ffff:203.10.99.204 - - [17/Nov/2022:01:07:14 +0000] "GET /images/dragon-trans.png HTTP/1.1" 304 - "http://www.wadokikai.org/" "Mozilla/5.0 (Macintosh; Intel Mac OS X 10_15_7) AppleWebKit/605.1.15 (KHTML, like Gecko) Version/16.1 Safari/605.1.15"
::ffff:54.174.33.253 - - [17/Nov/2022:01:07:23 +0000] "GET / HTTP/1.1" 200 58140 "-" "Mozilla/5.0 (X11; Linux x86_64) AppleWebKit/537.36 (KHTML, like Gecko) Chrome/58.0.3029.110 Safari/537.36"
::ffff:43.158.217.180 - - [17/Nov/2022:01:08:50 +0000] "GET / HTTP/1.1" 200 58140 "-" "'Mozilla/5.0 (Windows NT 10.0; Win64; x64; rv:101.0) Gecko/20100101 Firefox/101.0'"
::ffff:167.172.176.59 - - [17/Nov/2022:01:11:40 +0000] "HEAD / HTTP/1.0" 200 58140 "-" "-"
::ffff:167.172.176.59 - - [17/Nov/2022:01:11:41 +0000] "GET /system_api.php HTTP/1.1" 404 153 "-" "Mozilla/5.0 (Windows NT 10.0; Win64; x64) AppleWebKit/537.36 (KHTML, like Gecko) Chrome/74.0.3729.169 Safari/537.36"
::ffff:167.172.176.59 - - [17/Nov/2022:01:11:41 +0000] "GET /c/version.js HTTP/1.1" 404 151 "-" "Mozilla/5.0 (Windows NT 10.0; Win64; x64) AppleWebKit/537.36 (KHTML, like Gecko) Chrome/74.0.3729.169 Safari/537.36"
::ffff:167.172.176.59 - - [17/Nov/2022:01:11:42 +0000] "GET /streaming/clients_live.php HTTP/1.1" 404 165 "-" "Mozilla/5.0 (Windows NT 10.0; Win64; x64) AppleWebKit/537.36 (KHTML, like Gecko) Chrome/74.0.3729.169 Safari/537.36"
::ffff:167.172.176.59 - - [17/Nov/2022:01:11:43 +0000] "GET /stalker_portal/c/version.js HTTP/1.1" 404 166 "-" "Mozilla/5.0 (Windows NT 10.0; Win64; x64) AppleWebKit/537.36 (KHTML, like Gecko) Chrome/74.0.3729.169 Safari/537.36"
::ffff:167.172.176.59 - - [17/Nov/2022:01:11:43 +0000] "GET /stream/live.php HTTP/1.1" 404 154 "-" "Mozilla/5.0 (Windows NT 6.1; WOW64) AppleWebKit/537.36 (KHTML, like Gecko) Spotify / 1.1.39.612 Safari / 537.36"
::ffff:167.172.176.59 - - [17/Nov/2022:01:11:44 +0000] "GET /flu/403.html HTTP/1.1" 404 151 "-" "Mozilla/5.0 (Windows NT 10.0; Win64; x64) AppleWebKit/537.36 (KHTML, like Gecko) Chrome/74.0.3729.169 Safari/537.36"
::ffff:167.172.176.59 - - [17/Nov/2022:01:11:45 +0000] "GET / HTTP/1.1" 200 58140 "-" "Mozilla/5.0 (Windows NT 10.0; Win64; x64) AppleWebKit/537.36 (KHTML, like Gecko) Chrome/74.0.3729.169 Safari/537.36"
::ffff:64.62.197.61 - - [17/Nov/2022:01:17:03 +0000] "GET / HTTP/1.1" 200 58140 "-" "Mozilla/5.0 (X11; Fedora; Linux x86_64; rv:100.0) Gecko/20100101 Firefox/100.0"
::ffff:192.241.208.123 - - [17/Nov/2022:01:17:35 +0000] "GET / HTTP/1.1" 200 58140 "-" "Mozilla/5.0 zgrab/0.x"
::ffff:64.62.197.47 - - [17/Nov/2022:01:24:53 +0000] "GET /favicon.ico HTTP/1.1" 404 150 "-" "Mozilla/5.0 (Windows NT 10.0; Win64; x64; rv:104.0) Gecko/20100101 Firefox/104.0"
::ffff:114.119.153.209 - - [17/Nov/2022:01:27:53 +0000] "GET /robots.txt HTTP/1.1" 404 149 "-" "Mozilla/5.0 (compatible;PetalBot;+https://webmaster.petalsearch.com/site/petalbot)"
::ffff:203.10.99.204 - - [17/Nov/2022:01:33:54 +0000] "GET /images/wadokikai%20kanji.jpg HTTP/1.1" 304 - "http://www.wadokikai.org/" "Mozilla/5.0 (Macintosh; Intel Mac OS X 10_15_7) AppleWebKit/605.1.15 (KHTML, like Gecko) Version/16.1 Safari/605.1.15"
::ffff:64.62.197.122 - - [17/Nov/2022:01:37:08 +0000] "GET / HTTP/1.1" 200 58140 "-" "Mozilla/5.0 (Macintosh; Intel Mac OS X 10_15_7) AppleWebKit/537.36 (KHTML, like Gecko) Chrome/106.0.0.0 Safari/537.36"
::ffff:203.10.99.204 - - [17/Nov/2022:01:39:14 +0000] "GET /images/dragon-trans.png HTTP/1.1" 304 - "http://www.wadokikai.org/" "Mozilla/5.0 (Macintosh; Intel Mac OS X 10_15_7) AppleWebKit/605.1.15 (KHTML, like Gecko) Version/16.1 Safari/605.1.15"
::ffff:64.62.197.126 - - [17/Nov/2022:01:40:06 +0000] "GET /favicon.ico HTTP/1.1" 404 150 "-" "Mozilla/5.0 (Windows NT 10.0; WOW64) AppleWebKit/537.36 (KHTML, like Gecko) Chrome/105.0.0.0 Safari/537.36"
::ffff:157.55.39.169 - - [17/Nov/2022:01:41:07 +0000] "GET /robots.txt HTTP/1.1" 404 149 "-" "Mozilla/5.0 (compatible; bingbot/2.0; +http://www.bing.com/bingbot.htm)"
::ffff:157.55.39.169 - - [17/Nov/2022:01:41:08 +0000] "GET /robots.txt HTTP/1.1" 404 149 "-" "Mozilla/5.0 (compatible; bingbot/2.0; +http://www.bing.com/bingbot.htm)"
::ffff:157.55.39.153 - - [17/Nov/2022:01:41:11 +0000] "GET / HTTP/1.1" 200 58140 "-" "Mozilla/5.0 (compatible; bingbot/2.0; +http://www.bing.com/bingbot.htm)"
::ffff:203.10.99.204 - - [17/Nov/2022:02:00:34 +0000] "GET /images/tiger.bmp HTTP/1.1" 304 - "http://www.wadokikai.org/" "Mozilla/5.0 (Macintosh; Intel Mac OS X 10_15_7) AppleWebKit/605.1.15 (KHTML, like Gecko) Version/16.1 Safari/605.1.15"
::ffff:203.10.99.204 - - [17/Nov/2022:02:05:54 +0000] "GET /images/wadokikai%20kanji.jpg HTTP/1.1" 304 - "http://www.wadokikai.org/" "Mozilla/5.0 (Macintosh; Intel Mac OS X 10_15_7) AppleWebKit/605.1.15 (KHTML, like Gecko) Version/16.1 Safari/605.1.15"
::ffff:185.191.171.1 - - [17/Nov/2022:02:17:14 +0000] "GET /robots.txt HTTP/1.1" 404 149 "-" "Mozilla/5.0 (compatible; SemrushBot/7~bl; +http://www.semrush.com/bot.html)"
::ffff:185.191.171.4 - - [17/Nov/2022:02:17:16 +0000] "GET /contact?s=1&ss=3 HTTP/1.1" 200 9997 "-" "Mozilla/5.0 (compatible; SemrushBot/7~bl; +http://www.semrush.com/bot.html)"
::ffff:107.127.18.44 - - [17/Nov/2022:02:19:29 +0000] "GET / HTTP/1.1" 200 58140 "-" "Mozilla/5.0 (X11; Linux x86_64) AppleWebKit/537.36 (KHTML, like Gecko) Chrome/107.0.0.0 Safari/537.36 Edg/107.0.1418.35"
::ffff:107.127.18.44 - - [17/Nov/2022:02:19:29 +0000] "GET /css/wadokikai.css HTTP/1.1" 304 - "https://wadokikai.org/" "Mozilla/5.0 (X11; Linux x86_64) AppleWebKit/537.36 (KHTML, like Gecko) Chrome/107.0.0.0 Safari/537.36 Edg/107.0.1418.35"
::ffff:107.127.18.44 - - [17/Nov/2022:02:19:29 +0000] "GET /css/wadokikai.css HTTP/1.1" 200 4337 "https://wadokikai.org/" "Mozilla/5.0 (X11; Linux x86_64) AppleWebKit/537.36 (KHTML, like Gecko) Chrome/107.0.0.0 Safari/537.36 Edg/107.0.1418.35"
::ffff:107.127.18.44 - - [17/Nov/2022:02:19:29 +0000] "GET /images/wkkpatch22_med.png HTTP/1.1" 200 32301 "https://wadokikai.org/" "Mozilla/5.0 (X11; Linux x86_64) AppleWebKit/537.36 (KHTML, like Gecko) Chrome/107.0.0.0 Safari/537.36 Edg/107.0.1418.35"
::ffff:107.127.18.44 - - [17/Nov/2022:02:19:29 +0000] "GET /js/common.js HTTP/1.1" 304 - "https://wadokikai.org/" "Mozilla/5.0 (X11; Linux x86_64) AppleWebKit/537.36 (KHTML, like Gecko) Chrome/107.0.0.0 Safari/537.36 Edg/107.0.1418.35"
::ffff:107.127.18.44 - - [17/Nov/2022:02:19:29 +0000] "GET /images/schools/harborbaykaratedomap.jpg HTTP/1.1" 200 37245 "https://wadokikai.org/" "Mozilla/5.0 (X11; Linux x86_64) AppleWebKit/537.36 (KHTML, like Gecko) Chrome/107.0.0.0 Safari/537.36 Edg/107.0.1418.35"
::ffff:107.127.18.44 - - [17/Nov/2022:02:19:29 +0000] "GET /images/schools/orindakaratedomap.jpg HTTP/1.1" 200 34167 "https://wadokikai.org/" "Mozilla/5.0 (X11; Linux x86_64) AppleWebKit/537.36 (KHTML, like Gecko) Chrome/107.0.0.0 Safari/537.36 Edg/107.0.1418.35"
::ffff:107.127.18.44 - - [17/Nov/2022:02:19:30 +0000] "GET /images/schools/corpuzkaratedomap.jpg HTTP/1.1" 200 36421 "https://wadokikai.org/" "Mozilla/5.0 (X11; Linux x86_64) AppleWebKit/537.36 (KHTML, like Gecko) Chrome/107.0.0.0 Safari/537.36 Edg/107.0.1418.35"
::ffff:107.127.18.44 - - [17/Nov/2022:02:19:30 +0000] "GET /images/schools/dcakaratedomap.jpg HTTP/1.1" 200 35262 "https://wadokikai.org/" "Mozilla/5.0 (X11; Linux x86_64) AppleWebKit/537.36 (KHTML, like Gecko) Chrome/107.0.0.0 Safari/537.36 Edg/107.0.1418.35"
::ffff:107.127.18.44 - - [17/Nov/2022:02:19:30 +0000] "GET /images/schools/marinkaratedomap.jpg HTTP/1.1" 200 32400 "https://wadokikai.org/" "Mozilla/5.0 (X11; Linux x86_64) AppleWebKit/537.36 (KHTML, like Gecko) Chrome/107.0.0.0 Safari/537.36 Edg/107.0.1418.35"
::ffff:107.127.18.44 - - [17/Nov/2022:02:19:30 +0000] "GET /images/schools/alamedakaratedomap.jpg HTTP/1.1" 200 38311 "https://wadokikai.org/" "Mozilla/5.0 (X11; Linux x86_64) AppleWebKit/537.36 (KHTML, like Gecko) Chrome/107.0.0.0 Safari/537.36 Edg/107.0.1418.35"
::ffff:107.127.18.44 - - [17/Nov/2022:02:19:30 +0000] "GET /images/schools/nunleykaratedomap.jpg HTTP/1.1" 200 42667 "https://wadokikai.org/" "Mozilla/5.0 (X11; Linux x86_64) AppleWebKit/537.36 (KHTML, like Gecko) Chrome/107.0.0.0 Safari/537.36 Edg/107.0.1418.35"
::ffff:107.127.18.44 - - [17/Nov/2022:02:19:30 +0000] "GET /images/schools/earhartkaratedomap.jpg HTTP/1.1" 200 41366 "https://wadokikai.org/" "Mozilla/5.0 (X11; Linux x86_64) AppleWebKit/537.36 (KHTML, like Gecko) Chrome/107.0.0.0 Safari/537.36 Edg/107.0.1418.35"
::ffff:107.127.18.44 - - [17/Nov/2022:02:19:30 +0000] "GET /images/schools/martinezkaratedomap.jpg HTTP/1.1" 200 37724 "https://wadokikai.org/" "Mozilla/5.0 (X11; Linux x86_64) AppleWebKit/537.36 (KHTML, like Gecko) Chrome/107.0.0.0 Safari/537.36 Edg/107.0.1418.35"
::ffff:107.127.18.44 - - [17/Nov/2022:02:19:30 +0000] "GET /images/schools/manzanitakaratedomap.jpg HTTP/1.1" 200 55402 "https://wadokikai.org/" "Mozilla/5.0 (X11; Linux x86_64) AppleWebKit/537.36 (KHTML, like Gecko) Chrome/107.0.0.0 Safari/537.36 Edg/107.0.1418.35"
::ffff:107.127.18.44 - - [17/Nov/2022:02:19:30 +0000] "GET /images/favicon.ico HTTP/1.1" 304 - "https://wadokikai.org/" "Mozilla/5.0 (X11; Linux x86_64) AppleWebKit/537.36 (KHTML, like Gecko) Chrome/107.0.0.0 Safari/537.36 Edg/107.0.1418.35"
::ffff:107.127.18.44 - - [17/Nov/2022:02:19:41 +0000] "GET /resources HTTP/1.1" 200 194907 "https://wadokikai.org/" "Mozilla/5.0 (X11; Linux x86_64) AppleWebKit/537.36 (KHTML, like Gecko) Chrome/107.0.0.0 Safari/537.36 Edg/107.0.1418.35"
::ffff:107.127.18.44 - - [17/Nov/2022:02:19:41 +0000] "GET /css/wadokikai.css HTTP/1.1" 304 - "https://wadokikai.org/resources" "Mozilla/5.0 (X11; Linux x86_64) AppleWebKit/537.36 (KHTML, like Gecko) Chrome/107.0.0.0 Safari/537.36 Edg/107.0.1418.35"
::ffff:107.127.18.44 - - [17/Nov/2022:02:19:41 +0000] "GET /images/wkkpatch22_med.png HTTP/1.1" 304 - "https://wadokikai.org/resources" "Mozilla/5.0 (X11; Linux x86_64) AppleWebKit/537.36 (KHTML, like Gecko) Chrome/107.0.0.0 Safari/537.36 Edg/107.0.1418.35"
::ffff:107.127.18.44 - - [17/Nov/2022:02:19:41 +0000] "GET /js/common.js HTTP/1.1" 200 2255 "https://wadokikai.org/resources" "Mozilla/5.0 (X11; Linux x86_64) AppleWebKit/537.36 (KHTML, like Gecko) Chrome/107.0.0.0 Safari/537.36 Edg/107.0.1418.35"
::ffff:107.127.18.44 - - [17/Nov/2022:02:19:41 +0000] "GET /images/tm.jpg HTTP/1.1" 200 25020 "https://wadokikai.org/resources" "Mozilla/5.0 (X11; Linux x86_64) AppleWebKit/537.36 (KHTML, like Gecko) Chrome/107.0.0.0 Safari/537.36 Edg/107.0.1418.35"
::ffff:107.127.18.44 - - [17/Nov/2022:02:19:41 +0000] "GET /images/JohnArce.jpg HTTP/1.1" 200 13951 "https://wadokikai.org/resources" "Mozilla/5.0 (X11; Linux x86_64) AppleWebKit/537.36 (KHTML, like Gecko) Chrome/107.0.0.0 Safari/537.36 Edg/107.0.1418.35"
::ffff:107.127.18.44 - - [17/Nov/2022:02:19:41 +0000] "GET /images/books/karatebook.jpg HTTP/1.1" 200 7644 "https://wadokikai.org/resources" "Mozilla/5.0 (X11; Linux x86_64) AppleWebKit/537.36 (KHTML, like Gecko) Chrome/107.0.0.0 Safari/537.36 Edg/107.0.1418.35"
::ffff:107.127.18.44 - - [17/Nov/2022:02:19:41 +0000] "GET /images/books/MBS.gif HTTP/1.1" 200 13195 "https://wadokikai.org/resources" "Mozilla/5.0 (X11; Linux x86_64) AppleWebKit/537.36 (KHTML, like Gecko) Chrome/107.0.0.0 Safari/537.36 Edg/107.0.1418.35"
::ffff:107.127.18.44 - - [17/Nov/2022:02:19:41 +0000] "GET /images/books/MBS2.jpg HTTP/1.1" 200 15317 "https://wadokikai.org/resources" "Mozilla/5.0 (X11; Linux x86_64) AppleWebKit/537.36 (KHTML, like Gecko) Chrome/107.0.0.0 Safari/537.36 Edg/107.0.1418.35"
::ffff:107.127.18.44 - - [17/Nov/2022:02:19:41 +0000] "GET /images/books/ZenMeditation.jpg HTTP/1.1" 304 - "https://wadokikai.org/resources" "Mozilla/5.0 (X11; Linux x86_64) AppleWebKit/537.36 (KHTML, like Gecko) Chrome/107.0.0.0 Safari/537.36 Edg/107.0.1418.35"
::ffff:107.127.18.44 - - [17/Nov/2022:02:19:41 +0000] "GET /images/books/KarateDoZen.jpg HTTP/1.1" 304 - "https://wadokikai.org/resources" "Mozilla/5.0 (X11; Linux x86_64) AppleWebKit/537.36 (KHTML, like Gecko) Chrome/107.0.0.0 Safari/537.36 Edg/107.0.1418.35"
::ffff:107.127.18.44 - - [17/Nov/2022:02:19:41 +0000] "GET /images/books/bookoffiverings.jpg HTTP/1.1" 304 - "https://wadokikai.org/resources" "Mozilla/5.0 (X11; Linux x86_64) AppleWebKit/537.36 (KHTML, like Gecko) Chrome/107.0.0.0 Safari/537.36 Edg/107.0.1418.35"
::ffff:107.127.18.44 - - [17/Nov/2022:02:19:41 +0000] "GET /images/books/shotokanSecrets.jpg HTTP/1.1" 304 - "https://wadokikai.org/resources" "Mozilla/5.0 (X11; Linux x86_64) AppleWebKit/537.36 (KHTML, like Gecko) Chrome/107.0.0.0 Safari/537.36 Edg/107.0.1418.35"
::ffff:107.127.18.44 - - [17/Nov/2022:02:19:41 +0000] "GET /images/books/dummies.jpg HTTP/1.1" 304 - "https://wadokikai.org/resources" "Mozilla/5.0 (X11; Linux x86_64) AppleWebKit/537.36 (KHTML, like Gecko) Chrome/107.0.0.0 Safari/537.36 Edg/107.0.1418.35"
::ffff:107.127.18.44 - - [17/Nov/2022:02:19:41 +0000] "GET /images/books/dojoWisdom.jpg HTTP/1.1" 304 - "https://wadokikai.org/resources" "Mozilla/5.0 (X11; Linux x86_64) AppleWebKit/537.36 (KHTML, like Gecko) Chrome/107.0.0.0 Safari/537.36 Edg/107.0.1418.35"
::ffff:107.127.18.44 - - [17/Nov/2022:02:19:41 +0000] "GET /images/books/saibook.jpg HTTP/1.1" 304 - "https://wadokikai.org/resources" "Mozilla/5.0 (X11; Linux x86_64) AppleWebKit/537.36 (KHTML, like Gecko) Chrome/107.0.0.0 Safari/537.36 Edg/107.0.1418.35"
::ffff:107.127.18.44 - - [17/Nov/2022:02:19:41 +0000] "GET /images/books/guide20.jpg HTTP/1.1" 200 1934 "https://wadokikai.org/resources" "Mozilla/5.0 (X11; Linux x86_64) AppleWebKit/537.36 (KHTML, like Gecko) Chrome/107.0.0.0 Safari/537.36 Edg/107.0.1418.35"
::ffff:107.127.18.44 - - [17/Nov/2022:02:19:41 +0000] "GET /images/books/bobook.gif HTTP/1.1" 200 6919 "https://wadokikai.org/resources" "Mozilla/5.0 (X11; Linux x86_64) AppleWebKit/537.36 (KHTML, like Gecko) Chrome/107.0.0.0 Safari/537.36 Edg/107.0.1418.35"
::ffff:107.127.18.44 - - [17/Nov/2022:02:19:41 +0000] "GET /images/books/karatedo.jpg HTTP/1.1" 304 - "https://wadokikai.org/resources" "Mozilla/5.0 (X11; Linux x86_64) AppleWebKit/537.36 (KHTML, like Gecko) Chrome/107.0.0.0 Safari/537.36 Edg/107.0.1418.35"
::ffff:107.127.18.44 - - [17/Nov/2022:02:19:41 +0000] "GET /images/books/emptyHand.jpg HTTP/1.1" 200 12021 "https://wadokikai.org/resources" "Mozilla/5.0 (X11; Linux x86_64) AppleWebKit/537.36 (KHTML, like Gecko) Chrome/107.0.0.0 Safari/537.36 Edg/107.0.1418.35"
::ffff:107.127.18.44 - - [17/Nov/2022:02:19:41 +0000] "GET /images/books/karatedojo.jpg HTTP/1.1" 304 - "https://wadokikai.org/resources" "Mozilla/5.0 (X11; Linux x86_64) AppleWebKit/537.36 (KHTML, like Gecko) Chrome/107.0.0.0 Safari/537.36 Edg/107.0.1418.35"
::ffff:107.127.18.44 - - [17/Nov/2022:02:19:41 +0000] "GET /images/books/movingzen.jpg HTTP/1.1" 304 - "https://wadokikai.org/resources" "Mozilla/5.0 (X11; Linux x86_64) AppleWebKit/537.36 (KHTML, like Gecko) Chrome/107.0.0.0 Safari/537.36 Edg/107.0.1418.35"
::ffff:107.127.18.44 - - [17/Nov/2022:02:19:41 +0000] "GET /images/books/grappingmethod.jpg HTTP/1.1" 304 - "https://wadokikai.org/resources" "Mozilla/5.0 (X11; Linux x86_64) AppleWebKit/537.36 (KHTML, like Gecko) Chrome/107.0.0.0 Safari/537.36 Edg/107.0.1418.35"
::ffff:107.127.18.44 - - [17/Nov/2022:02:19:41 +0000] "GET /images/books/artofwar.jpg HTTP/1.1" 200 22573 "https://wadokikai.org/resources" "Mozilla/5.0 (X11; Linux x86_64) AppleWebKit/537.36 (KHTML, like Gecko) Chrome/107.0.0.0 Safari/537.36 Edg/107.0.1418.35"
::ffff:107.127.18.44 - - [17/Nov/2022:02:19:41 +0000] "GET /images/dragon-trans.png HTTP/1.1" 200 85661 "https://wadokikai.org/resources" "Mozilla/5.0 (X11; Linux x86_64) AppleWebKit/537.36 (KHTML, like Gecko) Chrome/107.0.0.0 Safari/537.36 Edg/107.0.1418.35"
::ffff:107.127.18.44 - - [17/Nov/2022:02:19:42 +0000] "GET /images/favicon.ico HTTP/1.1" 200 3638 "https://wadokikai.org/resources" "Mozilla/5.0 (X11; Linux x86_64) AppleWebKit/537.36 (KHTML, like Gecko) Chrome/107.0.0.0 Safari/537.36 Edg/107.0.1418.35"
::ffff:107.127.18.44 - - [17/Nov/2022:02:19:45 +0000] "GET /images/tiger.bmp HTTP/1.1" 200 311274 "https://wadokikai.org/resources" "Mozilla/5.0 (X11; Linux x86_64) AppleWebKit/537.36 (KHTML, like Gecko) Chrome/107.0.0.0 Safari/537.36 Edg/107.0.1418.35"
::ffff:107.127.18.44 - - [17/Nov/2022:02:19:52 +0000] "GET /images/tiger.bmp HTTP/1.1" 200 311274 "https://wadokikai.org/resources" "Mozilla/5.0 (X11; Linux x86_64) AppleWebKit/537.36 (KHTML, like Gecko) Chrome/107.0.0.0 Safari/537.36 Edg/107.0.1418.35"
::ffff:114.119.145.188 - - [17/Nov/2022:02:28:24 +0000] "GET /contact?s=1&ss=3 HTTP/1.1" 200 9997 "http://34.212.47.6/schools" "Mozilla/5.0 (Linux; Android 7.0;) AppleWebKit/537.36 (KHTML, like Gecko) Mobile Safari/537.36 (compatible; PetalBot;+https://webmaster.petalsearch.com/site/petalbot)"
::ffff:185.191.171.35 - - [17/Nov/2022:02:32:29 +0000] "GET /contact?s=1&ss=2 HTTP/1.1" 200 9997 "-" "Mozilla/5.0 (compatible; SemrushBot/7~bl; +http://www.semrush.com/bot.html)"
::ffff:203.10.99.204 - - [17/Nov/2022:02:32:34 +0000] "GET /images/tiger.bmp HTTP/1.1" 304 - "http://www.wadokikai.org/" "Mozilla/5.0 (Macintosh; Intel Mac OS X 10_15_7) AppleWebKit/605.1.15 (KHTML, like Gecko) Version/16.1 Safari/605.1.15"
::ffff:40.88.21.235 - - [17/Nov/2022:02:35:44 +0000] "GET / HTTP/1.1" 200 58140 "http://wadokikai.org/" "Mozilla/5.0 (compatible; DuckDuckGo-Favicons-Bot/1.0; +http://duckduckgo.com)"
::ffff:40.88.21.235 - - [17/Nov/2022:02:35:44 +0000] "GET /images/favicon.ico HTTP/1.1" 200 3638 "http://wadokikai.org/images/favicon.ico" "Mozilla/5.0 (compatible; DuckDuckGo-Favicons-Bot/1.0; +http://duckduckgo.com)"
::ffff:203.10.99.204 - - [17/Nov/2022:02:37:54 +0000] "GET /images/wadokikai%20kanji.jpg HTTP/1.1" 304 - "http://www.wadokikai.org/" "Mozilla/5.0 (Macintosh; Intel Mac OS X 10_15_7) AppleWebKit/605.1.15 (KHTML, like Gecko) Version/16.1 Safari/605.1.15"
::ffff:114.119.145.212 - - [17/Nov/2022:02:43:16 +0000] "GET /contact?s=1&ss=3 HTTP/1.1" 200 9997 "http://34.212.47.6/schools" "Mozilla/5.0 (Linux; Android 7.0;) AppleWebKit/537.36 (KHTML, like Gecko) Mobile Safari/537.36 (compatible; PetalBot;+https://webmaster.petalsearch.com/site/petalbot)"
::ffff:135.125.246.189 - - [17/Nov/2022:02:54:52 +0000] "POST / HTTP/1.1" 404 140 "-" "Mozilla/5.0 (X11; Linux x86_64) AppleWebKit/537.36 (KHTML, like Gecko) Chrome/81.0.4044.129 Safari/537.36"
::ffff:135.125.246.189 - - [17/Nov/2022:02:54:53 +0000] "GET /.env HTTP/1.1" 404 143 "-" "Mozilla/5.0 (X11; Linux x86_64) AppleWebKit/537.36 (KHTML, like Gecko) Chrome/81.0.4044.129 Safari/537.36"
::ffff:203.10.99.204 - - [17/Nov/2022:03:04:34 +0000] "GET /images/tiger.bmp HTTP/1.1" 304 - "http://www.wadokikai.org/" "Mozilla/5.0 (Macintosh; Intel Mac OS X 10_15_7) AppleWebKit/605.1.15 (KHTML, like Gecko) Version/16.1 Safari/605.1.15"
::ffff:203.10.99.204 - - [17/Nov/2022:03:09:54 +0000] "GET /images/wadokikai%20kanji.jpg HTTP/1.1" 304 - "http://www.wadokikai.org/" "Mozilla/5.0 (Macintosh; Intel Mac OS X 10_15_7) AppleWebKit/605.1.15 (KHTML, like Gecko) Version/16.1 Safari/605.1.15"
::ffff:95.214.235.205 - - [17/Nov/2022:03:12:25 +0000] "GET /.env HTTP/1.1" 404 143 "-" "Mozilla/5.0 (X11; Linux x86_64) AppleWebKit/537.36 (KHTML, like Gecko) Chrome/81.0.4044.129 Safari/537.36"
::ffff:95.214.235.205 - - [17/Nov/2022:03:12:26 +0000] "POST / HTTP/1.1" 404 140 "-" "Mozilla/5.0 (X11; Linux x86_64) AppleWebKit/537.36 (KHTML, like Gecko) Chrome/81.0.4044.129 Safari/537.36"
::ffff:113.104.185.3 - - [17/Nov/2022:03:16:37 +0000] "POST /HNAP1/ HTTP/1.0" - - "-" "-"
::ffff:40.77.167.4 - - [17/Nov/2022:03:17:15 +0000] "GET /joinemail?type=blackbeltclasses HTTP/1.1" 200 8998 "-" "Mozilla/5.0 (compatible; bingbot/2.0; +http://www.bing.com/bingbot.htm)"
::ffff:192.241.212.241 - - [17/Nov/2022:03:30:44 +0000] "GET /owa/auth/logon.aspx?url=https%3a%2f%2f1%2fecp%2f HTTP/1.1" 404 158 "-" "Mozilla/5.0 zgrab/0.x"
::ffff:203.10.99.204 - - [17/Nov/2022:03:34:58 +0000] "GET /images/tiger.bmp HTTP/1.1" 304 - "http://www.wadokikai.org/" "Mozilla/5.0 (Macintosh; Intel Mac OS X 10_15_7) AppleWebKit/605.1.15 (KHTML, like Gecko) Version/16.1 Safari/605.1.15"
::ffff:203.10.99.204 - - [17/Nov/2022:03:40:42 +0000] "GET /images/wadokikai%20kanji.jpg HTTP/1.1" 304 - "http://www.wadokikai.org/" "Mozilla/5.0 (Macintosh; Intel Mac OS X 10_15_7) AppleWebKit/605.1.15 (KHTML, like Gecko) Version/16.1 Safari/605.1.15"
::ffff:139.59.20.153 - - [17/Nov/2022:03:45:19 +0000] "GET /ab2g HTTP/1.1" 404 143 "-" "Mozilla/5.0 zgrab/0.x"
::ffff:139.59.20.153 - - [17/Nov/2022:03:45:20 +0000] "GET /ab2h HTTP/1.1" 404 143 "-" "Mozilla/5.0 zgrab/0.x"
::ffff:139.59.20.153 - - [17/Nov/2022:03:45:26 +0000] "GET / HTTP/1.1" 200 58140 "-" "Mozilla/5.0 zgrab/0.x"
::ffff:107.220.144.231 - - [17/Nov/2022:03:52:26 +0000] "GET / HTTP/1.1" 200 58140 "-" "Mozilla/5.0 (iPhone; CPU iPhone OS 16_0_2 like Mac OS X) AppleWebKit/605.1.15 (KHTML, like Gecko) Version/16.0 Mobile/15E148 Safari/604.1"
::ffff:107.220.144.231 - - [17/Nov/2022:03:52:26 +0000] "GET /css/wadokikai.css HTTP/1.1" 200 4337 "http://wadokikai.org/" "Mozilla/5.0 (iPhone; CPU iPhone OS 16_0_2 like Mac OS X) AppleWebKit/605.1.15 (KHTML, like Gecko) Version/16.0 Mobile/15E148 Safari/604.1"
::ffff:107.220.144.231 - - [17/Nov/2022:03:52:26 +0000] "GET /images/wkkpatch22_med.png HTTP/1.1" 200 32301 "http://wadokikai.org/" "Mozilla/5.0 (iPhone; CPU iPhone OS 16_0_2 like Mac OS X) AppleWebKit/605.1.15 (KHTML, like Gecko) Version/16.0 Mobile/15E148 Safari/604.1"
::ffff:107.220.144.231 - - [17/Nov/2022:03:52:26 +0000] "GET /images/schools/alamedakaratedomap.jpg HTTP/1.1" 200 38311 "http://wadokikai.org/" "Mozilla/5.0 (iPhone; CPU iPhone OS 16_0_2 like Mac OS X) AppleWebKit/605.1.15 (KHTML, like Gecko) Version/16.0 Mobile/15E148 Safari/604.1"
::ffff:107.220.144.231 - - [17/Nov/2022:03:52:27 +0000] "GET /js/common.js HTTP/1.1" 200 2255 "http://wadokikai.org/" "Mozilla/5.0 (iPhone; CPU iPhone OS 16_0_2 like Mac OS X) AppleWebKit/605.1.15 (KHTML, like Gecko) Version/16.0 Mobile/15E148 Safari/604.1"
::ffff:107.220.144.231 - - [17/Nov/2022:03:52:27 +0000] "GET /images/schools/orindakaratedomap.jpg HTTP/1.1" 200 34167 "http://wadokikai.org/" "Mozilla/5.0 (iPhone; CPU iPhone OS 16_0_2 like Mac OS X) AppleWebKit/605.1.15 (KHTML, like Gecko) Version/16.0 Mobile/15E148 Safari/604.1"
::ffff:107.220.144.231 - - [17/Nov/2022:03:52:27 +0000] "GET /images/schools/dcakaratedomap.jpg HTTP/1.1" 200 35262 "http://wadokikai.org/" "Mozilla/5.0 (iPhone; CPU iPhone OS 16_0_2 like Mac OS X) AppleWebKit/605.1.15 (KHTML, like Gecko) Version/16.0 Mobile/15E148 Safari/604.1"
::ffff:107.220.144.231 - - [17/Nov/2022:03:52:27 +0000] "GET /images/schools/harborbaykaratedomap.jpg HTTP/1.1" 200 37245 "http://wadokikai.org/" "Mozilla/5.0 (iPhone; CPU iPhone OS 16_0_2 like Mac OS X) AppleWebKit/605.1.15 (KHTML, like Gecko) Version/16.0 Mobile/15E148 Safari/604.1"
::ffff:107.220.144.231 - - [17/Nov/2022:03:52:27 +0000] "GET /images/schools/corpuzkaratedomap.jpg HTTP/1.1" 200 36421 "http://wadokikai.org/" "Mozilla/5.0 (iPhone; CPU iPhone OS 16_0_2 like Mac OS X) AppleWebKit/605.1.15 (KHTML, like Gecko) Version/16.0 Mobile/15E148 Safari/604.1"
::ffff:107.220.144.231 - - [17/Nov/2022:03:52:27 +0000] "GET /images/schools/nunleykaratedomap.jpg HTTP/1.1" 200 42667 "http://wadokikai.org/" "Mozilla/5.0 (iPhone; CPU iPhone OS 16_0_2 like Mac OS X) AppleWebKit/605.1.15 (KHTML, like Gecko) Version/16.0 Mobile/15E148 Safari/604.1"
::ffff:107.220.144.231 - - [17/Nov/2022:03:52:27 +0000] "GET /images/schools/marinkaratedomap.jpg HTTP/1.1" 200 32400 "http://wadokikai.org/" "Mozilla/5.0 (iPhone; CPU iPhone OS 16_0_2 like Mac OS X) AppleWebKit/605.1.15 (KHTML, like Gecko) Version/16.0 Mobile/15E148 Safari/604.1"
::ffff:107.220.144.231 - - [17/Nov/2022:03:52:27 +0000] "GET /images/schools/earhartkaratedomap.jpg HTTP/1.1" 200 41366 "http://wadokikai.org/" "Mozilla/5.0 (iPhone; CPU iPhone OS 16_0_2 like Mac OS X) AppleWebKit/605.1.15 (KHTML, like Gecko) Version/16.0 Mobile/15E148 Safari/604.1"
::ffff:107.220.144.231 - - [17/Nov/2022:03:52:27 +0000] "GET /images/schools/martinezkaratedomap.jpg HTTP/1.1" 200 37724 "http://wadokikai.org/" "Mozilla/5.0 (iPhone; CPU iPhone OS 16_0_2 like Mac OS X) AppleWebKit/605.1.15 (KHTML, like Gecko) Version/16.0 Mobile/15E148 Safari/604.1"
::ffff:107.220.144.231 - - [17/Nov/2022:03:52:27 +0000] "GET /images/schools/manzanitakaratedomap.jpg HTTP/1.1" 200 55402 "http://wadokikai.org/" "Mozilla/5.0 (iPhone; CPU iPhone OS 16_0_2 like Mac OS X) AppleWebKit/605.1.15 (KHTML, like Gecko) Version/16.0 Mobile/15E148 Safari/604.1"
::ffff:107.220.144.231 - - [17/Nov/2022:03:52:27 +0000] "GET /images/promotions/AFSPrelimSchedule.pdf HTTP/1.1" 200 57396 "http://wadokikai.org/" "Mozilla/5.0 (iPhone; CPU iPhone OS 16_0_2 like Mac OS X) AppleWebKit/605.1.15 (KHTML, like Gecko) Version/16.0 Mobile/15E148 Safari/604.1"
::ffff:107.220.144.231 - - [17/Nov/2022:03:52:27 +0000] "GET /images/dragon-trans.png HTTP/1.1" 200 85661 "http://wadokikai.org/" "Mozilla/5.0 (iPhone; CPU iPhone OS 16_0_2 like Mac OS X) AppleWebKit/605.1.15 (KHTML, like Gecko) Version/16.0 Mobile/15E148 Safari/604.1"
::ffff:107.220.144.231 - - [17/Nov/2022:03:52:31 +0000] "GET /images/tiger.bmp HTTP/1.1" 200 311274 "http://wadokikai.org/" "Mozilla/5.0 (iPhone; CPU iPhone OS 16_0_2 like Mac OS X) AppleWebKit/605.1.15 (KHTML, like Gecko) Version/16.0 Mobile/15E148 Safari/604.1"
::ffff:107.220.144.231 - - [17/Nov/2022:03:52:34 +0000] "GET /images/wadokikai%20kanji.jpg HTTP/1.1" 200 35066 "http://wadokikai.org/" "Mozilla/5.0 (iPhone; CPU iPhone OS 16_0_2 like Mac OS X) AppleWebKit/605.1.15 (KHTML, like Gecko) Version/16.0 Mobile/15E148 Safari/604.1"
::ffff:203.10.99.204 - - [17/Nov/2022:03:52:42 +0000] "GET /images/tiger.bmp HTTP/1.1" 304 - "http://www.wadokikai.org/" "Mozilla/5.0 (Macintosh; Intel Mac OS X 10_15_7) AppleWebKit/605.1.15 (KHTML, like Gecko) Version/16.1 Safari/605.1.15"
::ffff:203.10.99.204 - - [17/Nov/2022:03:58:42 +0000] "GET /images/wadokikai%20kanji.jpg HTTP/1.1" 304 - "http://www.wadokikai.org/" "Mozilla/5.0 (Macintosh; Intel Mac OS X 10_15_7) AppleWebKit/605.1.15 (KHTML, like Gecko) Version/16.1 Safari/605.1.15"
::ffff:95.214.235.205 - - [17/Nov/2022:04:10:29 +0000] "GET /.env HTTP/1.1" 404 143 "-" "Mozilla/5.0 (X11; Linux x86_64) AppleWebKit/537.36 (KHTML, like Gecko) Chrome/81.0.4044.129 Safari/537.36"
::ffff:95.214.235.205 - - [17/Nov/2022:04:10:29 +0000] "POST / HTTP/1.1" 404 140 "-" "Mozilla/5.0 (X11; Linux x86_64) AppleWebKit/537.36 (KHTML, like Gecko) Chrome/81.0.4044.129 Safari/537.36"
::ffff:37.139.53.82 - - [17/Nov/2022:04:25:11 +0000] "GET / HTTP/1.0" 200 58140 "http://wadokikai.org/" "Mozilla/5.0 (Windows NT 6.3; ) AppleWebKit/537.36 (KHTML, like Gecko) Chrome/83.0.4103.61 Safari/537.36"
::ffff:37.139.53.82 - - [17/Nov/2022:04:25:12 +0000] "POST /sendemail HTTP/1.0" 302 40 "http://wadokikai.org/" "Mozilla/5.0 (Windows NT 6.3; ) AppleWebKit/537.36 (KHTML, like Gecko) Chrome/83.0.4103.61 Safari/537.36"
::ffff:37.139.53.82 - - [17/Nov/2022:04:25:13 +0000] "GET /?err=error HTTP/1.0" 200 58692 "http://wadokikai.org/?err=error#signup" "Mozilla/5.0 (Windows NT 6.3; ) AppleWebKit/537.36 (KHTML, like Gecko) Chrome/83.0.4103.61 Safari/537.36"
::ffff:172.105.77.209 - - [17/Nov/2022:04:52:53 +0000] "GET /0bef HTTP/1.0" 404 143 "-" "-"
::ffff:185.191.171.34 - - [17/Nov/2022:05:00:39 +0000] "GET /robots.txt HTTP/1.1" 404 149 "-" "Mozilla/5.0 (compatible; SemrushBot/7~bl; +http://www.semrush.com/bot.html)"
::ffff:185.191.171.19 - - [17/Nov/2022:05:00:39 +0000] "GET /joinemail HTTP/1.1" 200 8629 "-" "Mozilla/5.0 (compatible; SemrushBot/7~bl; +http://www.semrush.com/bot.html)"
::ffff:40.77.167.96 - - [17/Nov/2022:05:04:57 +0000] "GET /robots.txt HTTP/1.1" 404 149 "-" "Mozilla/5.0 (compatible; bingbot/2.0; +http://www.bing.com/bingbot.htm)"
::ffff:40.77.167.4 - - [17/Nov/2022:05:05:06 +0000] "GET / HTTP/1.1" 200 58140 "-" "Mozilla/5.0 AppleWebKit/537.36 (KHTML, like Gecko; compatible; bingbot/2.0; +http://www.bing.com/bingbot.htm) Chrome/103.0.5060.134 Safari/537.36"
::ffff:135.125.246.189 - - [17/Nov/2022:05:05:22 +0000] "POST / HTTP/1.1" 404 140 "-" "Mozilla/5.0 (X11; Linux x86_64) AppleWebKit/537.36 (KHTML, like Gecko) Chrome/81.0.4044.129 Safari/537.36"
::ffff:135.125.246.189 - - [17/Nov/2022:05:05:22 +0000] "GET /.env HTTP/1.1" 404 143 "-" "Mozilla/5.0 (X11; Linux x86_64) AppleWebKit/537.36 (KHTML, like Gecko) Chrome/81.0.4044.129 Safari/537.36"
::ffff:203.10.99.204 - - [17/Nov/2022:05:19:06 +0000] "GET /images/dragon-trans.png HTTP/1.1" 304 - "http://www.wadokikai.org/" "Mozilla/5.0 (Macintosh; Intel Mac OS X 10_15_7) AppleWebKit/605.1.15 (KHTML, like Gecko) Version/16.1 Safari/605.1.15"
::ffff:185.191.171.40 - - [17/Nov/2022:05:22:10 +0000] "GET /robots.txt HTTP/1.1" 404 149 "-" "Mozilla/5.0 (compatible; SemrushBot/7~bl; +http://www.semrush.com/bot.html)"
::ffff:185.191.171.24 - - [17/Nov/2022:05:22:10 +0000] "GET /contact HTTP/1.1" 200 10017 "-" "Mozilla/5.0 (compatible; SemrushBot/7~bl; +http://www.semrush.com/bot.html)"
::ffff:24.4.186.45 - - [17/Nov/2022:05:23:45 +0000] "GET /images/tiger.bmp HTTP/1.1" 200 311274 "https://wadokikai.org/resources" "Mozilla/5.0 (X11; Linux x86_64) AppleWebKit/537.36 (KHTML, like Gecko) Chrome/107.0.0.0 Safari/537.36 Edg/107.0.1418.35"
::ffff:203.10.99.204 - - [17/Nov/2022:05:25:26 +0000] "GET /images/tiger.bmp HTTP/1.1" 304 - "http://www.wadokikai.org/" "Mozilla/5.0 (Macintosh; Intel Mac OS X 10_15_7) AppleWebKit/605.1.15 (KHTML, like Gecko) Version/16.1 Safari/605.1.15"
::ffff:157.55.39.153 - - [17/Nov/2022:05:30:13 +0000] "GET /contact?s=1&ss=9 HTTP/1.1" 200 9997 "-" "Mozilla/5.0 AppleWebKit/537.36 (KHTML, like Gecko; compatible; bingbot/2.0; +http://www.bing.com/bingbot.htm) Chrome/103.0.5060.134 Safari/537.36"
::ffff:157.55.39.153 - - [17/Nov/2022:05:30:33 +0000] "GET /css/wadokikai.css HTTP/1.1" 200 4337 "-" "Mozilla/5.0 (compatible; bingbot/2.0; +http://www.bing.com/bingbot.htm)"
::ffff:157.55.39.159 - - [17/Nov/2022:05:31:02 +0000] "GET /js/common.js HTTP/1.1" 200 2255 "-" "Mozilla/5.0 (compatible; bingbot/2.0; +http://www.bing.com/bingbot.htm)"
::ffff:203.10.99.204 - - [17/Nov/2022:05:44:26 +0000] "GET /images/tiger.bmp HTTP/1.1" 304 - "http://www.wadokikai.org/" "Mozilla/5.0 (Macintosh; Intel Mac OS X 10_15_7) AppleWebKit/605.1.15 (KHTML, like Gecko) Version/16.1 Safari/605.1.15"
::ffff:203.10.99.204 - - [17/Nov/2022:05:50:46 +0000] "GET /images/wadokikai%20kanji.jpg HTTP/1.1" 304 - "http://www.wadokikai.org/" "Mozilla/5.0 (Macintosh; Intel Mac OS X 10_15_7) AppleWebKit/605.1.15 (KHTML, like Gecko) Version/16.1 Safari/605.1.15"
::ffff:66.249.65.250 - - [17/Nov/2022:05:52:25 +0000] "GET /robots.txt HTTP/1.1" 404 149 "-" "Mozilla/5.0 (compatible; Googlebot/2.1; +http://www.google.com/bot.html)"
::ffff:66.249.65.252 - - [17/Nov/2022:05:52:25 +0000] "GET / HTTP/1.1" 200 58140 "-" "Mozilla/5.0 (compatible; Googlebot/2.1; +http://www.google.com/bot.html)"
::ffff:203.10.99.204 - - [17/Nov/2022:06:07:54 +0000] "GET /images/wadokikai%20kanji.jpg HTTP/1.1" 304 - "http://www.wadokikai.org/" "Mozilla/5.0 (Macintosh; Intel Mac OS X 10_15_7) AppleWebKit/605.1.15 (KHTML, like Gecko) Version/16.1 Safari/605.1.15"
::ffff:203.10.99.204 - - [17/Nov/2022:06:09:38 +0000] "GET /images/dragon-trans.png HTTP/1.1" 304 - "http://www.wadokikai.org/" "Mozilla/5.0 (Macintosh; Intel Mac OS X 10_15_7) AppleWebKit/605.1.15 (KHTML, like Gecko) Version/16.1 Safari/605.1.15"
::ffff:95.214.235.205 - - [17/Nov/2022:06:10:13 +0000] "GET /.env HTTP/1.1" 404 143 "-" "Mozilla/5.0 (X11; Linux x86_64) AppleWebKit/537.36 (KHTML, like Gecko) Chrome/81.0.4044.129 Safari/537.36"
::ffff:95.214.235.205 - - [17/Nov/2022:06:10:13 +0000] "POST / HTTP/1.1" 404 140 "-" "Mozilla/5.0 (X11; Linux x86_64) AppleWebKit/537.36 (KHTML, like Gecko) Chrome/81.0.4044.129 Safari/537.36"
::ffff:51.222.253.6 - - [17/Nov/2022:06:13:44 +0000] "GET /robots.txt HTTP/1.1" 404 149 "-" "Mozilla/5.0 (compatible; AhrefsBot/7.0; +http://ahrefs.com/robot/)"
::ffff:157.55.39.153 - - [17/Nov/2022:06:16:57 +0000] "GET / HTTP/1.1" 200 58140 "-" "Mozilla/5.0 AppleWebKit/537.36 (KHTML, like Gecko; compatible; bingbot/2.0; +http://www.bing.com/bingbot.htm) Chrome/103.0.5060.134 Safari/537.36"
::ffff:36.90.223.211 - - [17/Nov/2022:06:22:01 +0000] "GET / HTTP/1.1" 200 58140 "-" "Mozilla/5.0 (Windows NT 10.0; WOW64) AppleWebKit/537.36 (KHTML, like Gecko) Chrome/51.0.2704.103 Safari/537.36"
::ffff:40.113.219.217 - - [17/Nov/2022:06:23:49 +0000] "HEAD / HTTP/1.1" 200 58140 "-" "Mozilla/5.0 (Linux; U; Android 4.4.2; en-US; HM NOTE 1W Build/KOT49H) AppleWebKit/534.30 (KHTML, like Gecko) Version/4.0 UCBrowser/11.0.5.850 U3/0.8.0 Mobile Safari/534.30"
::ffff:40.113.219.217 - - [17/Nov/2022:06:23:49 +0000] "GET /.env HTTP/1.1" 404 143 "-" "Mozilla/5.0 (Linux; U; Android 4.4.2; en-US; HM NOTE 1W Build/KOT49H) AppleWebKit/534.30 (KHTML, like Gecko) Version/4.0 UCBrowser/11.0.5.850 U3/0.8.0 Mobile Safari/534.30"
::ffff:40.113.219.217 - - [17/Nov/2022:06:23:49 +0000] "POST / HTTP/1.1" 404 140 "-" "Mozilla/5.0 (Linux; U; Android 4.4.2; en-US; HM NOTE 1W Build/KOT49H) AppleWebKit/534.30 (KHTML, like Gecko) Version/4.0 UCBrowser/11.0.5.850 U3/0.8.0 Mobile Safari/534.30"
::ffff:40.113.219.217 - - [17/Nov/2022:06:23:50 +0000] "GET /.env HTTP/1.1" 404 143 "-" "Mozilla/5.0 (Linux; U; Android 4.4.2; en-US; HM NOTE 1W Build/KOT49H) AppleWebKit/534.30 (KHTML, like Gecko) Version/4.0 UCBrowser/11.0.5.850 U3/0.8.0 Mobile Safari/534.30"
::ffff:40.113.219.217 - - [17/Nov/2022:06:23:50 +0000] "POST / HTTP/1.1" 404 140 "-" "Mozilla/5.0 (Linux; U; Android 4.4.2; en-US; HM NOTE 1W Build/KOT49H) AppleWebKit/534.30 (KHTML, like Gecko) Version/4.0 UCBrowser/11.0.5.850 U3/0.8.0 Mobile Safari/534.30"
::ffff:40.113.219.217 - - [17/Nov/2022:06:23:53 +0000] "GET /.env HTTP/1.1" 404 143 "-" "Mozilla/5.0 (Linux; U; Android 4.4.2; en-US; HM NOTE 1W Build/KOT49H) AppleWebKit/534.30 (KHTML, like Gecko) Version/4.0 UCBrowser/11.0.5.850 U3/0.8.0 Mobile Safari/534.30"
::ffff:40.113.219.217 - - [17/Nov/2022:06:23:53 +0000] "POST / HTTP/1.1" 404 140 "-" "Mozilla/5.0 (Linux; U; Android 4.4.2; en-US; HM NOTE 1W Build/KOT49H) AppleWebKit/534.30 (KHTML, like Gecko) Version/4.0 UCBrowser/11.0.5.850 U3/0.8.0 Mobile Safari/534.30"
::ffff:34.78.6.216 - - [17/Nov/2022:06:30:08 +0000] "GET / HTTP/1.1" 200 58140 "-" "python-requests/2.28.1"
::ffff:192.241.200.78 - - [17/Nov/2022:06:32:02 +0000] "GET /owa/auth/logon.aspx?url=https%3a%2f%2f1%2fecp%2f HTTP/1.1" 404 158 "-" "Mozilla/5.0 zgrab/0.x"
::ffff:203.10.99.204 - - [17/Nov/2022:06:38:58 +0000] "GET /images/tiger.bmp HTTP/1.1" 304 - "http://www.wadokikai.org/" "Mozilla/5.0 (Macintosh; Intel Mac OS X 10_15_7) AppleWebKit/605.1.15 (KHTML, like Gecko) Version/16.1 Safari/605.1.15"
::ffff:179.43.154.151 - - [17/Nov/2022:06:42:15 +0000] "GET /.git/credentials HTTP/1.1" 404 155 "-" "Mozilla/5.0 (SymbianOS/9.2; U; Series60/3.1 NokiaN95/10.0.018; Profile/MIDP-2.0 Configuration/CLDC-1.1) AppleWebKit/413 (KHTML, like Gecko) Safari/413 UP.Link/6.3.0.0.0"
::ffff:203.10.99.204 - - [17/Nov/2022:06:46:18 +0000] "GET /images/wadokikai%20kanji.jpg HTTP/1.1" 304 - "http://www.wadokikai.org/" "Mozilla/5.0 (Macintosh; Intel Mac OS X 10_15_7) AppleWebKit/605.1.15 (KHTML, like Gecko) Version/16.1 Safari/605.1.15"
::ffff:135.125.246.110 - - [17/Nov/2022:06:46:51 +0000] "POST / HTTP/1.1" 404 140 "-" "Mozilla/5.0 (X11; Linux x86_64) AppleWebKit/537.36 (KHTML, like Gecko) Chrome/81.0.4044.129 Safari/537.36"
::ffff:135.125.246.110 - - [17/Nov/2022:06:46:52 +0000] "GET /.env HTTP/1.1" 404 143 "-" "Mozilla/5.0 (X11; Linux x86_64) AppleWebKit/537.36 (KHTML, like Gecko) Chrome/81.0.4044.129 Safari/537.36"
::ffff:103.156.217.239 - - [17/Nov/2022:06:47:39 +0000] "GET / HTTP/1.1" 200 58140 "-" "Mozilla/5.0 (Windows NT 10.0; WOW64) AppleWebKit/537.36 (KHTML, like Gecko) Chrome/52.0.2743.116 Safari/537.36"
::ffff:73.93.237.14 - - [17/Nov/2022:06:47:46 +0000] "GET / HTTP/1.1" 200 58140 "-" "Mozilla/5.0 (iPhone; CPU iPhone OS 12_5_6 like Mac OS X) AppleWebKit/605.1.15 (KHTML, like Gecko) Mobile/15E148"
::ffff:73.93.237.14 - - [17/Nov/2022:06:47:46 +0000] "GET /images/schools/alamedakaratedomap.jpg HTTP/1.1" 200 38311 "http://www.wadokikai.org/" "Mozilla/5.0 (iPhone; CPU iPhone OS 12_5_6 like Mac OS X) AppleWebKit/605.1.15 (KHTML, like Gecko) Mobile/15E148"
::ffff:73.93.237.14 - - [17/Nov/2022:06:47:46 +0000] "GET /css/wadokikai.css HTTP/1.1" 200 4337 "http://www.wadokikai.org/" "Mozilla/5.0 (iPhone; CPU iPhone OS 12_5_6 like Mac OS X) AppleWebKit/605.1.15 (KHTML, like Gecko) Mobile/15E148"
::ffff:73.93.237.14 - - [17/Nov/2022:06:47:46 +0000] "GET /images/schools/orindakaratedomap.jpg HTTP/1.1" 200 34167 "http://www.wadokikai.org/" "Mozilla/5.0 (iPhone; CPU iPhone OS 12_5_6 like Mac OS X) AppleWebKit/605.1.15 (KHTML, like Gecko) Mobile/15E148"
::ffff:73.93.237.14 - - [17/Nov/2022:06:47:46 +0000] "GET /images/wkkpatch22_med.png HTTP/1.1" 200 32301 "http://www.wadokikai.org/" "Mozilla/5.0 (iPhone; CPU iPhone OS 12_5_6 like Mac OS X) AppleWebKit/605.1.15 (KHTML, like Gecko) Mobile/15E148"
::ffff:73.93.237.14 - - [17/Nov/2022:06:47:46 +0000] "GET /js/common.js HTTP/1.1" 200 2255 "http://www.wadokikai.org/" "Mozilla/5.0 (iPhone; CPU iPhone OS 12_5_6 like Mac OS X) AppleWebKit/605.1.15 (KHTML, like Gecko) Mobile/15E148"
::ffff:73.93.237.14 - - [17/Nov/2022:06:47:46 +0000] "GET /images/schools/dcakaratedomap.jpg HTTP/1.1" 200 35262 "http://www.wadokikai.org/" "Mozilla/5.0 (iPhone; CPU iPhone OS 12_5_6 like Mac OS X) AppleWebKit/605.1.15 (KHTML, like Gecko) Mobile/15E148"
::ffff:73.93.237.14 - - [17/Nov/2022:06:47:46 +0000] "GET /images/schools/nunleykaratedomap.jpg HTTP/1.1" 200 42667 "http://www.wadokikai.org/" "Mozilla/5.0 (iPhone; CPU iPhone OS 12_5_6 like Mac OS X) AppleWebKit/605.1.15 (KHTML, like Gecko) Mobile/15E148"
::ffff:73.93.237.14 - - [17/Nov/2022:06:47:47 +0000] "GET /images/schools/marinkaratedomap.jpg HTTP/1.1" 200 32400 "http://www.wadokikai.org/" "Mozilla/5.0 (iPhone; CPU iPhone OS 12_5_6 like Mac OS X) AppleWebKit/605.1.15 (KHTML, like Gecko) Mobile/15E148"
::ffff:73.93.237.14 - - [17/Nov/2022:06:47:47 +0000] "GET /images/schools/martinezkaratedomap.jpg HTTP/1.1" 200 37724 "http://www.wadokikai.org/" "Mozilla/5.0 (iPhone; CPU iPhone OS 12_5_6 like Mac OS X) AppleWebKit/605.1.15 (KHTML, like Gecko) Mobile/15E148"
::ffff:73.93.237.14 - - [17/Nov/2022:06:47:47 +0000] "GET /images/schools/earhartkaratedomap.jpg HTTP/1.1" 200 41366 "http://www.wadokikai.org/" "Mozilla/5.0 (iPhone; CPU iPhone OS 12_5_6 like Mac OS X) AppleWebKit/605.1.15 (KHTML, like Gecko) Mobile/15E148"
::ffff:73.93.237.14 - - [17/Nov/2022:06:47:47 +0000] "GET /images/schools/manzanitakaratedomap.jpg HTTP/1.1" 200 55402 "http://www.wadokikai.org/" "Mozilla/5.0 (iPhone; CPU iPhone OS 12_5_6 like Mac OS X) AppleWebKit/605.1.15 (KHTML, like Gecko) Mobile/15E148"
::ffff:73.93.237.14 - - [17/Nov/2022:06:47:47 +0000] "GET /images/dragon-trans.png HTTP/1.1" 200 85661 "http://www.wadokikai.org/" "Mozilla/5.0 (iPhone; CPU iPhone OS 12_5_6 like Mac OS X) AppleWebKit/605.1.15 (KHTML, like Gecko) Mobile/15E148"
::ffff:73.93.237.14 - - [17/Nov/2022:06:47:47 +0000] "GET /images/schools/corpuzkaratedomap.jpg HTTP/1.1" 200 36421 "http://www.wadokikai.org/" "Mozilla/5.0 (iPhone; CPU iPhone OS 12_5_6 like Mac OS X) AppleWebKit/605.1.15 (KHTML, like Gecko) Mobile/15E148"
::ffff:73.93.237.14 - - [17/Nov/2022:06:47:47 +0000] "GET /images/schools/harborbaykaratedomap.jpg HTTP/1.1" 200 37245 "http://www.wadokikai.org/" "Mozilla/5.0 (iPhone; CPU iPhone OS 12_5_6 like Mac OS X) AppleWebKit/605.1.15 (KHTML, like Gecko) Mobile/15E148"
::ffff:73.93.237.14 - - [17/Nov/2022:06:47:47 +0000] "GET /images/promotions/AFSPrelimSchedule.pdf HTTP/1.1" 200 57396 "http://www.wadokikai.org/" "Mozilla/5.0 (iPhone; CPU iPhone OS 12_5_6 like Mac OS X) AppleWebKit/605.1.15 (KHTML, like Gecko) Mobile/15E148"
::ffff:73.93.237.14 - - [17/Nov/2022:06:47:51 +0000] "GET /images/tiger.bmp HTTP/1.1" 200 311274 "http://www.wadokikai.org/" "Mozilla/5.0 (iPhone; CPU iPhone OS 12_5_6 like Mac OS X) AppleWebKit/605.1.15 (KHTML, like Gecko) Mobile/15E148"
::ffff:73.93.237.14 - - [17/Nov/2022:06:47:54 +0000] "GET /images/wadokikai%20kanji.jpg HTTP/1.1" 200 35066 "http://www.wadokikai.org/" "Mozilla/5.0 (iPhone; CPU iPhone OS 12_5_6 like Mac OS X) AppleWebKit/605.1.15 (KHTML, like Gecko) Mobile/15E148"
::ffff:73.93.237.14 - - [17/Nov/2022:06:47:58 +0000] "GET /images/dragon-trans.png HTTP/1.1" 304 - "http://www.wadokikai.org/" "Mozilla/5.0 (iPhone; CPU iPhone OS 12_5_6 like Mac OS X) AppleWebKit/605.1.15 (KHTML, like Gecko) Mobile/15E148"
::ffff:73.93.237.14 - - [17/Nov/2022:06:48:01 +0000] "GET /images/tiger.bmp HTTP/1.1" 304 - "http://www.wadokikai.org/" "Mozilla/5.0 (iPhone; CPU iPhone OS 12_5_6 like Mac OS X) AppleWebKit/605.1.15 (KHTML, like Gecko) Mobile/15E148"
::ffff:73.93.237.14 - - [17/Nov/2022:06:48:05 +0000] "GET /images/wadokikai%20kanji.jpg HTTP/1.1" 304 - "http://www.wadokikai.org/" "Mozilla/5.0 (iPhone; CPU iPhone OS 12_5_6 like Mac OS X) AppleWebKit/605.1.15 (KHTML, like Gecko) Mobile/15E148"
::ffff:73.93.237.14 - - [17/Nov/2022:06:48:08 +0000] "GET /images/dragon-trans.png HTTP/1.1" 304 - "http://www.wadokikai.org/" "Mozilla/5.0 (iPhone; CPU iPhone OS 12_5_6 like Mac OS X) AppleWebKit/605.1.15 (KHTML, like Gecko) Mobile/15E148"
::ffff:73.93.237.14 - - [17/Nov/2022:06:48:12 +0000] "GET /images/tiger.bmp HTTP/1.1" 304 - "http://www.wadokikai.org/" "Mozilla/5.0 (iPhone; CPU iPhone OS 12_5_6 like Mac OS X) AppleWebKit/605.1.15 (KHTML, like Gecko) Mobile/15E148"
::ffff:73.93.237.14 - - [17/Nov/2022:06:48:15 +0000] "GET /images/wadokikai%20kanji.jpg HTTP/1.1" 304 - "http://www.wadokikai.org/" "Mozilla/5.0 (iPhone; CPU iPhone OS 12_5_6 like Mac OS X) AppleWebKit/605.1.15 (KHTML, like Gecko) Mobile/15E148"
::ffff:73.93.237.14 - - [17/Nov/2022:06:48:19 +0000] "GET /images/dragon-trans.png HTTP/1.1" 304 - "http://www.wadokikai.org/" "Mozilla/5.0 (iPhone; CPU iPhone OS 12_5_6 like Mac OS X) AppleWebKit/605.1.15 (KHTML, like Gecko) Mobile/15E148"
::ffff:73.93.237.14 - - [17/Nov/2022:06:48:22 +0000] "GET /images/tiger.bmp HTTP/1.1" 304 - "http://www.wadokikai.org/" "Mozilla/5.0 (iPhone; CPU iPhone OS 12_5_6 like Mac OS X) AppleWebKit/605.1.15 (KHTML, like Gecko) Mobile/15E148"
::ffff:73.93.237.14 - - [17/Nov/2022:06:48:26 +0000] "GET /images/wadokikai%20kanji.jpg HTTP/1.1" 304 - "http://www.wadokikai.org/" "Mozilla/5.0 (iPhone; CPU iPhone OS 12_5_6 like Mac OS X) AppleWebKit/605.1.15 (KHTML, like Gecko) Mobile/15E148"
::ffff:73.93.237.14 - - [17/Nov/2022:06:48:29 +0000] "GET /images/dragon-trans.png HTTP/1.1" 304 - "http://www.wadokikai.org/" "Mozilla/5.0 (iPhone; CPU iPhone OS 12_5_6 like Mac OS X) AppleWebKit/605.1.15 (KHTML, like Gecko) Mobile/15E148"
::ffff:73.93.237.14 - - [17/Nov/2022:06:48:33 +0000] "GET /images/tiger.bmp HTTP/1.1" 304 - "http://www.wadokikai.org/" "Mozilla/5.0 (iPhone; CPU iPhone OS 12_5_6 like Mac OS X) AppleWebKit/605.1.15 (KHTML, like Gecko) Mobile/15E148"
::ffff:73.93.237.14 - - [17/Nov/2022:06:48:36 +0000] "GET /images/wadokikai%20kanji.jpg HTTP/1.1" 304 - "http://www.wadokikai.org/" "Mozilla/5.0 (iPhone; CPU iPhone OS 12_5_6 like Mac OS X) AppleWebKit/605.1.15 (KHTML, like Gecko) Mobile/15E148"
::ffff:73.93.237.14 - - [17/Nov/2022:06:48:40 +0000] "GET /images/dragon-trans.png HTTP/1.1" 304 - "http://www.wadokikai.org/" "Mozilla/5.0 (iPhone; CPU iPhone OS 12_5_6 like Mac OS X) AppleWebKit/605.1.15 (KHTML, like Gecko) Mobile/15E148"
::ffff:73.93.237.14 - - [17/Nov/2022:06:48:43 +0000] "GET /images/tiger.bmp HTTP/1.1" 304 - "http://www.wadokikai.org/" "Mozilla/5.0 (iPhone; CPU iPhone OS 12_5_6 like Mac OS X) AppleWebKit/605.1.15 (KHTML, like Gecko) Mobile/15E148"
::ffff:73.93.237.14 - - [17/Nov/2022:06:48:47 +0000] "GET /images/wadokikai%20kanji.jpg HTTP/1.1" 304 - "http://www.wadokikai.org/" "Mozilla/5.0 (iPhone; CPU iPhone OS 12_5_6 like Mac OS X) AppleWebKit/605.1.15 (KHTML, like Gecko) Mobile/15E148"
::ffff:73.93.237.14 - - [17/Nov/2022:06:48:50 +0000] "GET /images/dragon-trans.png HTTP/1.1" 304 - "http://www.wadokikai.org/" "Mozilla/5.0 (iPhone; CPU iPhone OS 12_5_6 like Mac OS X) AppleWebKit/605.1.15 (KHTML, like Gecko) Mobile/15E148"
::ffff:73.93.237.14 - - [17/Nov/2022:06:48:54 +0000] "GET /images/tiger.bmp HTTP/1.1" 304 - "http://www.wadokikai.org/" "Mozilla/5.0 (iPhone; CPU iPhone OS 12_5_6 like Mac OS X) AppleWebKit/605.1.15 (KHTML, like Gecko) Mobile/15E148"
::ffff:73.93.237.14 - - [17/Nov/2022:06:48:57 +0000] "GET /images/wadokikai%20kanji.jpg HTTP/1.1" 304 - "http://www.wadokikai.org/" "Mozilla/5.0 (iPhone; CPU iPhone OS 12_5_6 like Mac OS X) AppleWebKit/605.1.15 (KHTML, like Gecko) Mobile/15E148"
::ffff:73.93.237.14 - - [17/Nov/2022:06:49:01 +0000] "GET /images/dragon-trans.png HTTP/1.1" 304 - "http://www.wadokikai.org/" "Mozilla/5.0 (iPhone; CPU iPhone OS 12_5_6 like Mac OS X) AppleWebKit/605.1.15 (KHTML, like Gecko) Mobile/15E148"
::ffff:73.93.237.14 - - [17/Nov/2022:06:51:38 +0000] "GET /images/tiger.bmp HTTP/1.1" 304 - "http://www.wadokikai.org/" "Mozilla/5.0 (iPhone; CPU iPhone OS 12_5_6 like Mac OS X) AppleWebKit/605.1.15 (KHTML, like Gecko) Mobile/15E148"
::ffff:73.93.237.14 - - [17/Nov/2022:06:51:38 +0000] "GET /images/promotions/AFSPrelimSchedule.pdf HTTP/1.1" 304 - "http://www.wadokikai.org/" "Mozilla/5.0 (iPhone; CPU iPhone OS 12_5_6 like Mac OS X) AppleWebKit/605.1.15 (KHTML, like Gecko) Mobile/15E148"
::ffff:113.125.140.19 - - [17/Nov/2022:06:58:23 +0000] "GET / HTTP/1.1" 200 58140 "-" "Mozilla/5.0 (iPhone; CPU iPhone OS 13_2_3 like Mac OS X) AppleWebKit/605.1.15 (KHTML, like Gecko) Version/13.0.3 Mobile/15E148 Safari/604.1"
::ffff:203.10.99.204 - - [17/Nov/2022:07:08:18 +0000] "GET /images/wadokikai%20kanji.jpg HTTP/1.1" 304 - "http://www.wadokikai.org/" "Mozilla/5.0 (Macintosh; Intel Mac OS X 10_15_7) AppleWebKit/605.1.15 (KHTML, like Gecko) Version/16.1 Safari/605.1.15"
::ffff:203.10.99.204 - - [17/Nov/2022:07:15:38 +0000] "GET /images/dragon-trans.png HTTP/1.1" 304 - "http://www.wadokikai.org/" "Mozilla/5.0 (Macintosh; Intel Mac OS X 10_15_7) AppleWebKit/605.1.15 (KHTML, like Gecko) Version/16.1 Safari/605.1.15"
::ffff:40.77.167.4 - - [17/Nov/2022:07:26:53 +0000] "GET / HTTP/1.1" 200 58140 "-" "Mozilla/5.0 AppleWebKit/537.36 (KHTML, like Gecko; compatible; bingbot/2.0; +http://www.bing.com/bingbot.htm) Chrome/103.0.5060.134 Safari/537.36"
::ffff:23.251.102.74 - - [17/Nov/2022:07:35:26 +0000] "GET / HTTP/1.1" 200 58140 "-" "Mozilla/5.0 (Windows NT 10.0; Win64; x64) AppleWebKit/537.36 (KHTML, like Gecko) Chrome/60.0.3112.113 Safari/537.36"
::ffff:203.10.99.204 - - [17/Nov/2022:07:37:38 +0000] "GET /images/dragon-trans.png HTTP/1.1" 304 - "http://www.wadokikai.org/" "Mozilla/5.0 (Macintosh; Intel Mac OS X 10_15_7) AppleWebKit/605.1.15 (KHTML, like Gecko) Version/16.1 Safari/605.1.15"
::ffff:71.6.167.142 - - [17/Nov/2022:07:53:40 +0000] "GET / HTTP/1.1" 200 58140 "-" "Mozilla/5.0 (Windows NT 6.1) AppleWebKit/537.36 (KHTML, like Gecko) Chrome/41.0.2228.0 Safari/537.36"
::ffff:71.6.167.142 - - [17/Nov/2022:07:53:40 +0000] "GET /robots.txt HTTP/1.1" 404 149 "-" "-"
::ffff:71.6.167.142 - - [17/Nov/2022:07:53:40 +0000] "GET /sitemap.xml HTTP/1.1" 404 150 "-" "-"
::ffff:71.6.167.142 - - [17/Nov/2022:07:53:40 +0000] "GET /.well-known/security.txt HTTP/1.1" 404 163 "-" "-"
::ffff:71.6.167.142 - - [17/Nov/2022:07:53:40 +0000] "GET /images/favicon.ico HTTP/1.1" 200 3638 "-" "Mozilla/5.0 (Macintosh; Intel Mac OS X 10.15; rv:80.0) Gecko/20100101 Firefox/80.0"
