::ffff:107.213.155.213 - - [22/Nov/2022:15:11:23 +0000] "GET /images/wkkpatch22_med.png HTTP/1.1" 200 32301 "http://www.wadokikai.org/?fbclid=IwAR3ivCJ3V03Gj-T_E5eV4OcB__c5CJ6F2FBgLCeRRPd7bu6Dl_BsairkCaY" "Mozilla/5.0 (iPhone; CPU iPhone OS 16_0 like Mac OS X) AppleWebKit/605.1.15 (KHTML, like Gecko) Mobile/20A362 [FBAN/FBIOS;FBDV/iPhone13,3;FBMD/iPhone;FBSN/iOS;FBSV/16.0;FBSS/3;FBID/phone;FBLC/en_US;FBOP/5]"
::ffff:107.213.155.213 - - [22/Nov/2022:15:11:23 +0000] "GET /images/schools/orindakaratedomap.jpg HTTP/1.1" 200 34167 "http://www.wadokikai.org/?fbclid=IwAR3ivCJ3V03Gj-T_E5eV4OcB__c5CJ6F2FBgLCeRRPd7bu6Dl_BsairkCaY" "Mozilla/5.0 (iPhone; CPU iPhone OS 16_0 like Mac OS X) AppleWebKit/605.1.15 (KHTML, like Gecko) Mobile/20A362 [FBAN/FBIOS;FBDV/iPhone13,3;FBMD/iPhone;FBSN/iOS;FBSV/16.0;FBSS/3;FBID/phone;FBLC/en_US;FBOP/5]"
::ffff:107.213.155.213 - - [22/Nov/2022:15:11:23 +0000] "GET /images/schools/dcakaratedomap.jpg HTTP/1.1" 200 35262 "http://www.wadokikai.org/?fbclid=IwAR3ivCJ3V03Gj-T_E5eV4OcB__c5CJ6F2FBgLCeRRPd7bu6Dl_BsairkCaY" "Mozilla/5.0 (iPhone; CPU iPhone OS 16_0 like Mac OS X) AppleWebKit/605.1.15 (KHTML, like Gecko) Mobile/20A362 [FBAN/FBIOS;FBDV/iPhone13,3;FBMD/iPhone;FBSN/iOS;FBSV/16.0;FBSS/3;FBID/phone;FBLC/en_US;FBOP/5]"
::ffff:107.213.155.213 - - [22/Nov/2022:15:11:23 +0000] "GET /images/schools/harborbaykaratedomap.jpg HTTP/1.1" 200 37245 "http://www.wadokikai.org/?fbclid=IwAR3ivCJ3V03Gj-T_E5eV4OcB__c5CJ6F2FBgLCeRRPd7bu6Dl_BsairkCaY" "Mozilla/5.0 (iPhone; CPU iPhone OS 16_0 like Mac OS X) AppleWebKit/605.1.15 (KHTML, like Gecko) Mobile/20A362 [FBAN/FBIOS;FBDV/iPhone13,3;FBMD/iPhone;FBSN/iOS;FBSV/16.0;FBSS/3;FBID/phone;FBLC/en_US;FBOP/5]"
::ffff:107.213.155.213 - - [22/Nov/2022:15:11:23 +0000] "GET /images/schools/corpuzkaratedomap.jpg HTTP/1.1" 200 36421 "http://www.wadokikai.org/?fbclid=IwAR3ivCJ3V03Gj-T_E5eV4OcB__c5CJ6F2FBgLCeRRPd7bu6Dl_BsairkCaY" "Mozilla/5.0 (iPhone; CPU iPhone OS 16_0 like Mac OS X) AppleWebKit/605.1.15 (KHTML, like Gecko) Mobile/20A362 [FBAN/FBIOS;FBDV/iPhone13,3;FBMD/iPhone;FBSN/iOS;FBSV/16.0;FBSS/3;FBID/phone;FBLC/en_US;FBOP/5]"
::ffff:107.213.155.213 - - [22/Nov/2022:15:11:23 +0000] "GET /images/schools/nunleykaratedomap.jpg HTTP/1.1" 200 42667 "http://www.wadokikai.org/?fbclid=IwAR3ivCJ3V03Gj-T_E5eV4OcB__c5CJ6F2FBgLCeRRPd7bu6Dl_BsairkCaY" "Mozilla/5.0 (iPhone; CPU iPhone OS 16_0 like Mac OS X) AppleWebKit/605.1.15 (KHTML, like Gecko) Mobile/20A362 [FBAN/FBIOS;FBDV/iPhone13,3;FBMD/iPhone;FBSN/iOS;FBSV/16.0;FBSS/3;FBID/phone;FBLC/en_US;FBOP/5]"
::ffff:107.213.155.213 - - [22/Nov/2022:15:11:23 +0000] "GET /images/schools/marinkaratedomap.jpg HTTP/1.1" 200 32400 "http://www.wadokikai.org/?fbclid=IwAR3ivCJ3V03Gj-T_E5eV4OcB__c5CJ6F2FBgLCeRRPd7bu6Dl_BsairkCaY" "Mozilla/5.0 (iPhone; CPU iPhone OS 16_0 like Mac OS X) AppleWebKit/605.1.15 (KHTML, like Gecko) Mobile/20A362 [FBAN/FBIOS;FBDV/iPhone13,3;FBMD/iPhone;FBSN/iOS;FBSV/16.0;FBSS/3;FBID/phone;FBLC/en_US;FBOP/5]"
::ffff:107.213.155.213 - - [22/Nov/2022:15:11:23 +0000] "GET /images/schools/earhartkaratedomap.jpg HTTP/1.1" 200 41366 "http://www.wadokikai.org/?fbclid=IwAR3ivCJ3V03Gj-T_E5eV4OcB__c5CJ6F2FBgLCeRRPd7bu6Dl_BsairkCaY" "Mozilla/5.0 (iPhone; CPU iPhone OS 16_0 like Mac OS X) AppleWebKit/605.1.15 (KHTML, like Gecko) Mobile/20A362 [FBAN/FBIOS;FBDV/iPhone13,3;FBMD/iPhone;FBSN/iOS;FBSV/16.0;FBSS/3;FBID/phone;FBLC/en_US;FBOP/5]"
::ffff:107.213.155.213 - - [22/Nov/2022:15:11:24 +0000] "GET /images/schools/martinezkaratedomap.jpg HTTP/1.1" 200 37724 "http://www.wadokikai.org/?fbclid=IwAR3ivCJ3V03Gj-T_E5eV4OcB__c5CJ6F2FBgLCeRRPd7bu6Dl_BsairkCaY" "Mozilla/5.0 (iPhone; CPU iPhone OS 16_0 like Mac OS X) AppleWebKit/605.1.15 (KHTML, like Gecko) Mobile/20A362 [FBAN/FBIOS;FBDV/iPhone13,3;FBMD/iPhone;FBSN/iOS;FBSV/16.0;FBSS/3;FBID/phone;FBLC/en_US;FBOP/5]"
::ffff:107.213.155.213 - - [22/Nov/2022:15:11:24 +0000] "GET /images/schools/manzanitakaratedomap.jpg HTTP/1.1" 200 55402 "http://www.wadokikai.org/?fbclid=IwAR3ivCJ3V03Gj-T_E5eV4OcB__c5CJ6F2FBgLCeRRPd7bu6Dl_BsairkCaY" "Mozilla/5.0 (iPhone; CPU iPhone OS 16_0 like Mac OS X) AppleWebKit/605.1.15 (KHTML, like Gecko) Mobile/20A362 [FBAN/FBIOS;FBDV/iPhone13,3;FBMD/iPhone;FBSN/iOS;FBSV/16.0;FBSS/3;FBID/phone;FBLC/en_US;FBOP/5]"
::ffff:107.213.155.213 - - [22/Nov/2022:15:11:24 +0000] "GET /images/dragon-trans.png HTTP/1.1" 200 85661 "http://www.wadokikai.org/?fbclid=IwAR3ivCJ3V03Gj-T_E5eV4OcB__c5CJ6F2FBgLCeRRPd7bu6Dl_BsairkCaY" "Mozilla/5.0 (iPhone; CPU iPhone OS 16_0 like Mac OS X) AppleWebKit/605.1.15 (KHTML, like Gecko) Mobile/20A362 [FBAN/FBIOS;FBDV/iPhone13,3;FBMD/iPhone;FBSN/iOS;FBSV/16.0;FBSS/3;FBID/phone;FBLC/en_US;FBOP/5]"
::ffff:107.213.155.213 - - [22/Nov/2022:15:11:27 +0000] "GET /images/tiger.bmp HTTP/1.1" 200 311274 "http://www.wadokikai.org/?fbclid=IwAR3ivCJ3V03Gj-T_E5eV4OcB__c5CJ6F2FBgLCeRRPd7bu6Dl_BsairkCaY" "Mozilla/5.0 (iPhone; CPU iPhone OS 16_0 like Mac OS X) AppleWebKit/605.1.15 (KHTML, like Gecko) Mobile/20A362 [FBAN/FBIOS;FBDV/iPhone13,3;FBMD/iPhone;FBSN/iOS;FBSV/16.0;FBSS/3;FBID/phone;FBLC/en_US;FBOP/5]"
::ffff:107.213.155.213 - - [22/Nov/2022:15:11:31 +0000] "GET /images/wadokikai%20kanji.jpg HTTP/1.1" 200 35066 "http://www.wadokikai.org/?fbclid=IwAR3ivCJ3V03Gj-T_E5eV4OcB__c5CJ6F2FBgLCeRRPd7bu6Dl_BsairkCaY" "Mozilla/5.0 (iPhone; CPU iPhone OS 16_0 like Mac OS X) AppleWebKit/605.1.15 (KHTML, like Gecko) Mobile/20A362 [FBAN/FBIOS;FBDV/iPhone13,3;FBMD/iPhone;FBSN/iOS;FBSV/16.0;FBSS/3;FBID/phone;FBLC/en_US;FBOP/5]"
::ffff:203.10.99.204 - - [22/Nov/2022:15:12:04 +0000] "GET /images/wadokikai%20kanji.jpg HTTP/1.1" 304 - "http://www.wadokikai.org/" "Mozilla/5.0 (Macintosh; Intel Mac OS X 10_15_7) AppleWebKit/605.1.15 (KHTML, like Gecko) Version/16.1 Safari/605.1.15"
::ffff:107.213.155.213 - - [22/Nov/2022:15:12:19 +0000] "GET /contact?s=1&ss=4 HTTP/1.1" 200 9997 "http://www.wadokikai.org/?fbclid=IwAR3ivCJ3V03Gj-T_E5eV4OcB__c5CJ6F2FBgLCeRRPd7bu6Dl_BsairkCaY" "Mozilla/5.0 (iPhone; CPU iPhone OS 16_0 like Mac OS X) AppleWebKit/605.1.15 (KHTML, like Gecko) Mobile/20A362 [FBAN/FBIOS;FBDV/iPhone13,3;FBMD/iPhone;FBSN/iOS;FBSV/16.0;FBSS/3;FBID/phone;FBLC/en_US;FBOP/5]"
::ffff:107.213.155.213 - - [22/Nov/2022:15:12:19 +0000] "GET /css/wadokikai.css HTTP/1.1" 304 - "http://www.wadokikai.org/contact?s=1&ss=4" "Mozilla/5.0 (iPhone; CPU iPhone OS 16_0 like Mac OS X) AppleWebKit/605.1.15 (KHTML, like Gecko) Mobile/20A362 [FBAN/FBIOS;FBDV/iPhone13,3;FBMD/iPhone;FBSN/iOS;FBSV/16.0;FBSS/3;FBID/phone;FBLC/en_US;FBOP/5]"
::ffff:107.213.155.213 - - [22/Nov/2022:15:12:19 +0000] "GET /images/wkkpatch22_med.png HTTP/1.1" 304 - "http://www.wadokikai.org/contact?s=1&ss=4" "Mozilla/5.0 (iPhone; CPU iPhone OS 16_0 like Mac OS X) AppleWebKit/605.1.15 (KHTML, like Gecko) Mobile/20A362 [FBAN/FBIOS;FBDV/iPhone13,3;FBMD/iPhone;FBSN/iOS;FBSV/16.0;FBSS/3;FBID/phone;FBLC/en_US;FBOP/5]"
::ffff:107.213.155.213 - - [22/Nov/2022:15:12:19 +0000] "GET /js/common.js HTTP/1.1" 304 - "http://www.wadokikai.org/contact?s=1&ss=4" "Mozilla/5.0 (iPhone; CPU iPhone OS 16_0 like Mac OS X) AppleWebKit/605.1.15 (KHTML, like Gecko) Mobile/20A362 [FBAN/FBIOS;FBDV/iPhone13,3;FBMD/iPhone;FBSN/iOS;FBSV/16.0;FBSS/3;FBID/phone;FBLC/en_US;FBOP/5]"
::ffff:40.77.167.4 - - [22/Nov/2022:15:18:53 +0000] "GET /docs/2022FallPrelimSchedule.pdf HTTP/1.1" 404 170 "-" "Mozilla/5.0 (compatible; bingbot/2.0; +http://www.bing.com/bingbot.htm)"
::ffff:128.14.133.58 - - [22/Nov/2022:15:30:27 +0000] "GET / HTTP/1.1" 200 57378 "-" "Mozilla/5.0 (Windows NT 10.0; Win64; x64) AppleWebKit/537.36 (KHTML, like Gecko) Chrome/60.0.3112.113 Safari/537.36"
::ffff:107.148.49.57 - - [22/Nov/2022:15:37:51 +0000] "GET / HTTP/1.1" 200 57378 "-" "Mozilla/5.0 (Windows NT 5.1) AppleWebKit/537.36 (KHTML, like Gecko) Chrome/36.0.1985.67 Safari/537.36"
::ffff:67.160.201.88 - - [22/Nov/2022:15:52:06 +0000] "GET /images/favicon.ico HTTP/1.1" 200 3638 "-" "Client/20303 CFNetwork/1335.0.3 Darwin/21.6.0"
::ffff:67.160.201.88 - - [22/Nov/2022:15:52:06 +0000] "GET /favicon.ico HTTP/1.1" 404 150 "-" "Client/20303 CFNetwork/1335.0.3 Darwin/21.6.0"
::ffff:67.160.201.88 - - [22/Nov/2022:15:52:06 +0000] "GET /favicon.ico HTTP/1.1" 404 150 "-" "Client/20303 CFNetwork/1335.0.3 Darwin/21.6.0"
::ffff:67.160.201.88 - - [22/Nov/2022:15:52:07 +0000] "GET /favicon.ico HTTP/1.1" 404 150 "-" "Client/20303 CFNetwork/1335.0.3 Darwin/21.6.0"
::ffff:51.222.253.20 - - [22/Nov/2022:15:56:45 +0000] "GET /books.php HTTP/1.1" 404 148 "-" "Mozilla/5.0 (compatible; AhrefsBot/7.0; +http://ahrefs.com/robot/)"
::ffff:157.55.39.159 - - [22/Nov/2022:16:04:01 +0000] "GET /images/books/artofwar.jpg HTTP/1.1" 200 22573 "-" "Mozilla/5.0 (compatible; bingbot/2.0; +http://www.bing.com/bingbot.htm)"
::ffff:114.119.152.114 - - [22/Nov/2022:16:05:50 +0000] "GET /docs/Twenty%20guiding%20principles%20of%20Karate.pdf HTTP/1.1" 200 49483 "http://www.wadokikai.org/resources" "Mozilla/5.0 (Linux; Android 7.0;) AppleWebKit/537.36 (KHTML, like Gecko) Mobile Safari/537.36 (compatible; PetalBot;+https://webmaster.petalsearch.com/site/petalbot)"
::ffff:95.214.235.205 - - [22/Nov/2022:16:26:34 +0000] "GET /.env HTTP/1.1" 404 143 "-" "Mozilla/5.0 (X11; Linux x86_64) AppleWebKit/537.36 (KHTML, like Gecko) Chrome/81.0.4044.129 Safari/537.36"
::ffff:95.214.235.205 - - [22/Nov/2022:16:26:34 +0000] "POST / HTTP/1.1" 404 140 "-" "Mozilla/5.0 (X11; Linux x86_64) AppleWebKit/537.36 (KHTML, like Gecko) Chrome/81.0.4044.129 Safari/537.36"
::ffff:135.125.246.110 - - [22/Nov/2022:17:01:22 +0000] "POST / HTTP/1.1" 404 140 "-" "Mozilla/5.0 (X11; Linux x86_64) AppleWebKit/537.36 (KHTML, like Gecko) Chrome/81.0.4044.129 Safari/537.36"
::ffff:135.125.246.110 - - [22/Nov/2022:17:01:22 +0000] "GET /.env HTTP/1.1" 404 143 "-" "Mozilla/5.0 (X11; Linux x86_64) AppleWebKit/537.36 (KHTML, like Gecko) Chrome/81.0.4044.129 Safari/537.36"
::ffff:51.222.253.7 - - [22/Nov/2022:17:20:42 +0000] "GET /contact?s=1&ss=5 HTTP/1.1" 200 9997 "-" "Mozilla/5.0 (compatible; AhrefsBot/7.0; +http://ahrefs.com/robot/)"
::ffff:157.55.39.153 - - [22/Nov/2022:17:31:44 +0000] "GET / HTTP/1.1" 200 57378 "-" "Mozilla/5.0 (compatible; bingbot/2.0; +http://www.bing.com/bingbot.htm)"
::ffff:157.55.39.159 - - [22/Nov/2022:17:32:09 +0000] "GET /css/wadokikai.css HTTP/1.1" 200 4337 "-" "Mozilla/5.0 AppleWebKit/537.36 (KHTML, like Gecko; compatible; bingbot/2.0; +http://www.bing.com/bingbot.htm) Chrome/103.0.5060.134 Safari/537.36"
::ffff:157.55.39.159 - - [22/Nov/2022:17:32:09 +0000] "GET /js/common.js HTTP/1.1" 200 2255 "-" "Mozilla/5.0 (compatible; bingbot/2.0; +http://www.bing.com/bingbot.htm)"
::ffff:203.10.99.204 - - [22/Nov/2022:17:33:27 +0000] "GET /images/wadokikai%20kanji.jpg HTTP/1.1" 304 - "http://www.wadokikai.org/" "Mozilla/5.0 (Macintosh; Intel Mac OS X 10_15_7) AppleWebKit/605.1.15 (KHTML, like Gecko) Version/16.1 Safari/605.1.15"
::ffff:203.10.99.204 - - [22/Nov/2022:17:37:04 +0000] "GET /images/dragon-trans.png HTTP/1.1" 304 - "http://www.wadokikai.org/" "Mozilla/5.0 (Macintosh; Intel Mac OS X 10_15_7) AppleWebKit/605.1.15 (KHTML, like Gecko) Version/16.1 Safari/605.1.15"
::ffff:157.90.209.76 - - [22/Nov/2022:17:45:23 +0000] "GET /robots.txt HTTP/1.1" 404 149 "-" "Mozilla/5.0 (compatible; BLEXBot/1.0; +http://webmeup-crawler.com/)"
::ffff:157.90.209.76 - - [22/Nov/2022:17:45:23 +0000] "GET /sitemap HTTP/1.1" 404 146 "-" "Mozilla/5.0 (compatible; BLEXBot/1.0; +http://webmeup-crawler.com/)"
::ffff:203.10.99.204 - - [22/Nov/2022:17:45:52 +0000] "GET /images/wadokikai%20kanji.jpg HTTP/1.1" 304 - "http://www.wadokikai.org/" "Mozilla/5.0 (Macintosh; Intel Mac OS X 10_15_7) AppleWebKit/605.1.15 (KHTML, like Gecko) Version/16.1 Safari/605.1.15"
::ffff:157.90.209.76 - - [22/Nov/2022:17:45:54 +0000] "GET /sitemap.txt HTTP/1.1" 404 150 "-" "Mozilla/5.0 (compatible; BLEXBot/1.0; +http://webmeup-crawler.com/)"
::ffff:135.125.246.110 - - [22/Nov/2022:17:46:24 +0000] "POST / HTTP/1.1" 404 140 "-" "Mozilla/5.0 (X11; Linux x86_64) AppleWebKit/537.36 (KHTML, like Gecko) Chrome/81.0.4044.129 Safari/537.36"
::ffff:135.125.246.110 - - [22/Nov/2022:17:46:24 +0000] "GET /.env HTTP/1.1" 404 143 "-" "Mozilla/5.0 (X11; Linux x86_64) AppleWebKit/537.36 (KHTML, like Gecko) Chrome/81.0.4044.129 Safari/537.36"
::ffff:157.90.209.76 - - [22/Nov/2022:17:46:25 +0000] "GET /contact HTTP/1.1" 200 10017 "-" "Mozilla/5.0 (compatible; BLEXBot/1.0; +http://webmeup-crawler.com/)"
::ffff:157.90.209.76 - - [22/Nov/2022:17:46:55 +0000] "GET /contact?s=1&ss=0 HTTP/1.1" 200 9997 "-" "Mozilla/5.0 (compatible; BLEXBot/1.0; +http://webmeup-crawler.com/)"
::ffff:157.90.209.76 - - [22/Nov/2022:17:47:26 +0000] "GET /contact?s=1&ss=1 HTTP/1.1" 200 9997 "-" "Mozilla/5.0 (compatible; BLEXBot/1.0; +http://webmeup-crawler.com/)"
::ffff:203.10.99.204 - - [22/Nov/2022:17:47:29 +0000] "GET /images/dragon-trans.png HTTP/1.1" 304 - "http://www.wadokikai.org/" "Mozilla/5.0 (Macintosh; Intel Mac OS X 10_15_7) AppleWebKit/605.1.15 (KHTML, like Gecko) Version/16.1 Safari/605.1.15"
::ffff:157.90.209.76 - - [22/Nov/2022:17:47:56 +0000] "GET /contact?s=1&ss=10 HTTP/1.1" 200 9997 "-" "Mozilla/5.0 (compatible; BLEXBot/1.0; +http://webmeup-crawler.com/)"
::ffff:157.90.209.76 - - [22/Nov/2022:17:48:27 +0000] "GET /contact?s=1&ss=11 HTTP/1.1" 200 9997 "-" "Mozilla/5.0 (compatible; BLEXBot/1.0; +http://webmeup-crawler.com/)"
::ffff:157.90.209.76 - - [22/Nov/2022:17:48:58 +0000] "GET /contact?s=1&ss=2 HTTP/1.1" 200 9997 "-" "Mozilla/5.0 (compatible; BLEXBot/1.0; +http://webmeup-crawler.com/)"
::ffff:157.90.209.76 - - [22/Nov/2022:17:49:28 +0000] "GET /contact?s=1&ss=3 HTTP/1.1" 200 9997 "-" "Mozilla/5.0 (compatible; BLEXBot/1.0; +http://webmeup-crawler.com/)"
::ffff:157.90.209.76 - - [22/Nov/2022:17:49:59 +0000] "GET /contact?s=1&ss=4 HTTP/1.1" 200 9997 "-" "Mozilla/5.0 (compatible; BLEXBot/1.0; +http://webmeup-crawler.com/)"
::ffff:203.10.99.204 - - [22/Nov/2022:17:50:20 +0000] "GET /contact?s=1&ss=7 HTTP/1.1" 200 9997 "http://www.wadokikai.org/schools" "Mozilla/5.0 (Macintosh; Intel Mac OS X 10_15_7) AppleWebKit/605.1.15 (KHTML, like Gecko) Version/16.1 Safari/605.1.15"
::ffff:203.10.99.204 - - [22/Nov/2022:17:50:21 +0000] "GET /images/wkkpatch22_med.png HTTP/1.1" 304 - "http://www.wadokikai.org/contact?s=1&ss=7" "Mozilla/5.0 (Macintosh; Intel Mac OS X 10_15_7) AppleWebKit/605.1.15 (KHTML, like Gecko) Version/16.1 Safari/605.1.15"
::ffff:203.10.99.204 - - [22/Nov/2022:17:50:21 +0000] "GET /css/wadokikai.css HTTP/1.1" 304 - "http://www.wadokikai.org/contact?s=1&ss=7" "Mozilla/5.0 (Macintosh; Intel Mac OS X 10_15_7) AppleWebKit/605.1.15 (KHTML, like Gecko) Version/16.1 Safari/605.1.15"
::ffff:203.10.99.204 - - [22/Nov/2022:17:50:21 +0000] "GET /js/common.js HTTP/1.1" 200 2255 "http://www.wadokikai.org/contact?s=1&ss=7" "Mozilla/5.0 (Macintosh; Intel Mac OS X 10_15_7) AppleWebKit/605.1.15 (KHTML, like Gecko) Version/16.1 Safari/605.1.15"
::ffff:157.90.209.76 - - [22/Nov/2022:17:50:30 +0000] "GET /contact?s=1&ss=5 HTTP/1.1" 200 9997 "-" "Mozilla/5.0 (compatible; BLEXBot/1.0; +http://webmeup-crawler.com/)"
::ffff:157.90.209.76 - - [22/Nov/2022:17:51:00 +0000] "GET /contact?s=1&ss=6 HTTP/1.1" 200 9997 "-" "Mozilla/5.0 (compatible; BLEXBot/1.0; +http://webmeup-crawler.com/)"
::ffff:157.90.209.76 - - [22/Nov/2022:17:51:31 +0000] "GET /contact?s=1&ss=7 HTTP/1.1" 200 9997 "-" "Mozilla/5.0 (compatible; BLEXBot/1.0; +http://webmeup-crawler.com/)"
::ffff:203.10.99.204 - - [22/Nov/2022:17:51:55 +0000] "POST /sendemail HTTP/1.1" 302 80 "http://www.wadokikai.org/contact?s=1&ss=7" "Mozilla/5.0 (Macintosh; Intel Mac OS X 10_15_7) AppleWebKit/605.1.15 (KHTML, like Gecko) Version/16.1 Safari/605.1.15"
::ffff:203.10.99.204 - - [22/Nov/2022:17:51:55 +0000] "GET /contact/?msg=sent HTTP/1.1" 200 10420 "http://www.wadokikai.org/contact?s=1&ss=7" "Mozilla/5.0 (Macintosh; Intel Mac OS X 10_15_7) AppleWebKit/605.1.15 (KHTML, like Gecko) Version/16.1 Safari/605.1.15"
::ffff:203.10.99.204 - - [22/Nov/2022:17:51:56 +0000] "GET /contact/js/common.js HTTP/1.1" 404 159 "http://www.wadokikai.org/contact/?msg=sent" "Mozilla/5.0 (Macintosh; Intel Mac OS X 10_15_7) AppleWebKit/605.1.15 (KHTML, like Gecko) Version/16.1 Safari/605.1.15"
::ffff:203.10.99.204 - - [22/Nov/2022:17:51:56 +0000] "GET /images/wkkpatch22_med.png HTTP/1.1" 304 - "http://www.wadokikai.org/contact/?msg=sent" "Mozilla/5.0 (Macintosh; Intel Mac OS X 10_15_7) AppleWebKit/605.1.15 (KHTML, like Gecko) Version/16.1 Safari/605.1.15"
::ffff:203.10.99.204 - - [22/Nov/2022:17:51:56 +0000] "GET /css/wadokikai.css HTTP/1.1" 304 - "http://www.wadokikai.org/contact/?msg=sent" "Mozilla/5.0 (Macintosh; Intel Mac OS X 10_15_7) AppleWebKit/605.1.15 (KHTML, like Gecko) Version/16.1 Safari/605.1.15"
::ffff:157.90.209.76 - - [22/Nov/2022:17:52:02 +0000] "GET /contact?s=1&ss=8 HTTP/1.1" 200 9997 "-" "Mozilla/5.0 (compatible; BLEXBot/1.0; +http://webmeup-crawler.com/)"
::ffff:203.10.99.204 - - [22/Nov/2022:17:52:13 +0000] "GET /images/wadokikai%20kanji.jpg HTTP/1.1" 304 - "http://www.wadokikai.org/" "Mozilla/5.0 (Macintosh; Intel Mac OS X 10_15_7) AppleWebKit/605.1.15 (KHTML, like Gecko) Version/16.1 Safari/605.1.15"
::ffff:157.90.209.76 - - [22/Nov/2022:17:52:32 +0000] "GET /contact?s=1&ss=9 HTTP/1.1" 200 9997 "-" "Mozilla/5.0 (compatible; BLEXBot/1.0; +http://webmeup-crawler.com/)"
::ffff:157.90.209.76 - - [22/Nov/2022:17:53:03 +0000] "GET /events HTTP/1.1" 200 7135 "-" "Mozilla/5.0 (compatible; BLEXBot/1.0; +http://webmeup-crawler.com/)"
::ffff:203.10.99.204 - - [22/Nov/2022:17:53:17 +0000] "GET /images/dragon-trans.png HTTP/1.1" 304 - "http://www.wadokikai.org/" "Mozilla/5.0 (Macintosh; Intel Mac OS X 10_15_7) AppleWebKit/605.1.15 (KHTML, like Gecko) Version/16.1 Safari/605.1.15"
::ffff:157.90.209.76 - - [22/Nov/2022:17:53:34 +0000] "GET /resources HTTP/1.1" 200 194907 "-" "Mozilla/5.0 (compatible; BLEXBot/1.0; +http://webmeup-crawler.com/)"
::ffff:157.90.209.76 - - [22/Nov/2022:17:54:05 +0000] "GET /schools HTTP/1.1" 200 97308 "-" "Mozilla/5.0 (compatible; BLEXBot/1.0; +http://webmeup-crawler.com/)"
::ffff:203.10.99.204 - - [22/Nov/2022:17:57:28 +0000] "GET /images/wadokikai%20kanji.jpg HTTP/1.1" 304 - "http://www.wadokikai.org/" "Mozilla/5.0 (Macintosh; Intel Mac OS X 10_15_7) AppleWebKit/605.1.15 (KHTML, like Gecko) Version/16.1 Safari/605.1.15"
::ffff:203.10.99.204 - - [22/Nov/2022:17:58:49 +0000] "GET /images/dragon-trans.png HTTP/1.1" 304 - "http://www.wadokikai.org/" "Mozilla/5.0 (Macintosh; Intel Mac OS X 10_15_7) AppleWebKit/605.1.15 (KHTML, like Gecko) Version/16.1 Safari/605.1.15"
::ffff:193.118.53.210 - - [22/Nov/2022:18:01:36 +0000] "GET / HTTP/1.1" 200 57378 "-" "Mozilla/5.0 (Windows NT 10.0; Win64; x64) AppleWebKit/537.36 (KHTML, like Gecko) Chrome/60.0.3112.113 Safari/537.36"
::ffff:114.119.145.19 - - [22/Nov/2022:18:03:51 +0000] "GET /docs/Bushido-code.pdf HTTP/1.1" 200 691794 "http://34.212.47.6/resources" "Mozilla/5.0 (Linux; Android 7.0;) AppleWebKit/537.36 (KHTML, like Gecko) Mobile Safari/537.36 (compatible; PetalBot;+https://webmaster.petalsearch.com/site/petalbot)"
::ffff:207.46.13.118 - - [22/Nov/2022:18:10:50 +0000] "GET /images/igpic.webp HTTP/1.1" 200 1328 "-" "Mozilla/5.0 (compatible; bingbot/2.0; +http://www.bing.com/bingbot.htm)"
::ffff:205.210.31.146 - - [22/Nov/2022:18:14:14 +0000] "GET / HTTP/1.1" 200 57378 "-" "Expanse, a Palo Alto Networks company, searches across the global IPv4 space multiple times per day to identify customers&#39; presences on the Internet. If you would like to be excluded from our scans, please send IP addresses/domains to: scaninfo@paloaltonetworks.com"
::ffff:203.10.99.204 - - [22/Nov/2022:18:21:53 +0000] "GET /images/tiger.bmp HTTP/1.1" 304 - "http://www.wadokikai.org/" "Mozilla/5.0 (Macintosh; Intel Mac OS X 10_15_7) AppleWebKit/605.1.15 (KHTML, like Gecko) Version/16.1 Safari/605.1.15"
::ffff:203.10.99.204 - - [22/Nov/2022:18:25:24 +0000] "GET /images/wadokikai%20kanji.jpg HTTP/1.1" 304 - "http://www.wadokikai.org/" "Mozilla/5.0 (Macintosh; Intel Mac OS X 10_15_7) AppleWebKit/605.1.15 (KHTML, like Gecko) Version/16.1 Safari/605.1.15"
::ffff:66.220.149.13 - - [22/Nov/2022:18:33:33 +0000] "GET / HTTP/1.1" 200 57378 "-" "facebookexternalhit/1.1 (+http://www.facebook.com/externalhit_uatext.php)"
::ffff:173.252.79.6 - - [22/Nov/2022:18:33:36 +0000] "GET /images/wkkpatch22_med.png HTTP/1.1" 200 32301 "-" "facebookexternalhit/1.1 (+http://www.facebook.com/externalhit_uatext.php)"
::ffff:66.220.149.11 - - [22/Nov/2022:18:33:38 +0000] "GET /images/wkkpatch22_med.png HTTP/1.1" 200 32301 "-" "facebookexternalhit/1.1 (+http://www.facebook.com/externalhit_uatext.php)"
::ffff:66.220.149.20 - - [22/Nov/2022:18:33:38 +0000] "GET / HTTP/1.1" 200 57378 "-" "facebookexternalhit/1.1 (+http://www.facebook.com/externalhit_uatext.php)"
::ffff:31.13.127.24 - - [22/Nov/2022:18:33:50 +0000] "GET /images/wkkpatch22_med.png HTTP/1.1" 200 32301 "-" "cortex/1.0"
::ffff:136.24.141.37 - - [22/Nov/2022:18:33:52 +0000] "GET / HTTP/1.1" 200 57378 "-" "Mozilla/5.0 (Macintosh; Intel Mac OS X 10_15_7) AppleWebKit/537.36 (KHTML, like Gecko) Chrome/107.0.0.0 Safari/537.36"
::ffff:136.24.141.37 - - [22/Nov/2022:18:33:52 +0000] "GET /css/wadokikai.css HTTP/1.1" 200 4337 "https://wadokikai.org/" "Mozilla/5.0 (Macintosh; Intel Mac OS X 10_15_7) AppleWebKit/537.36 (KHTML, like Gecko) Chrome/107.0.0.0 Safari/537.36"
::ffff:136.24.141.37 - - [22/Nov/2022:18:33:52 +0000] "GET /js/common.js HTTP/1.1" 200 2255 "https://wadokikai.org/" "Mozilla/5.0 (Macintosh; Intel Mac OS X 10_15_7) AppleWebKit/537.36 (KHTML, like Gecko) Chrome/107.0.0.0 Safari/537.36"
::ffff:136.24.141.37 - - [22/Nov/2022:18:33:52 +0000] "GET /images/schools/alamedakaratedomap.jpg HTTP/1.1" 200 38311 "https://wadokikai.org/" "Mozilla/5.0 (Macintosh; Intel Mac OS X 10_15_7) AppleWebKit/537.36 (KHTML, like Gecko) Chrome/107.0.0.0 Safari/537.36"
::ffff:136.24.141.37 - - [22/Nov/2022:18:33:52 +0000] "GET /images/schools/corpuzkaratedomap.jpg HTTP/1.1" 200 36421 "https://wadokikai.org/" "Mozilla/5.0 (Macintosh; Intel Mac OS X 10_15_7) AppleWebKit/537.36 (KHTML, like Gecko) Chrome/107.0.0.0 Safari/537.36"
::ffff:136.24.141.37 - - [22/Nov/2022:18:33:52 +0000] "GET /images/schools/orindakaratedomap.jpg HTTP/1.1" 200 34167 "https://wadokikai.org/" "Mozilla/5.0 (Macintosh; Intel Mac OS X 10_15_7) AppleWebKit/537.36 (KHTML, like Gecko) Chrome/107.0.0.0 Safari/537.36"
::ffff:136.24.141.37 - - [22/Nov/2022:18:33:52 +0000] "GET /images/schools/dcakaratedomap.jpg HTTP/1.1" 200 35262 "https://wadokikai.org/" "Mozilla/5.0 (Macintosh; Intel Mac OS X 10_15_7) AppleWebKit/537.36 (KHTML, like Gecko) Chrome/107.0.0.0 Safari/537.36"
::ffff:136.24.141.37 - - [22/Nov/2022:18:33:52 +0000] "GET /images/schools/harborbaykaratedomap.jpg HTTP/1.1" 200 37245 "https://wadokikai.org/" "Mozilla/5.0 (Macintosh; Intel Mac OS X 10_15_7) AppleWebKit/537.36 (KHTML, like Gecko) Chrome/107.0.0.0 Safari/537.36"
::ffff:136.24.141.37 - - [22/Nov/2022:18:33:52 +0000] "GET /images/wkkpatch22_med.png HTTP/1.1" 200 32301 "https://wadokikai.org/" "Mozilla/5.0 (Macintosh; Intel Mac OS X 10_15_7) AppleWebKit/537.36 (KHTML, like Gecko) Chrome/107.0.0.0 Safari/537.36"
::ffff:136.24.141.37 - - [22/Nov/2022:18:33:52 +0000] "GET /images/schools/nunleykaratedomap.jpg HTTP/1.1" 200 42667 "https://wadokikai.org/" "Mozilla/5.0 (Macintosh; Intel Mac OS X 10_15_7) AppleWebKit/537.36 (KHTML, like Gecko) Chrome/107.0.0.0 Safari/537.36"
::ffff:136.24.141.37 - - [22/Nov/2022:18:33:52 +0000] "GET /images/schools/marinkaratedomap.jpg HTTP/1.1" 200 32400 "https://wadokikai.org/" "Mozilla/5.0 (Macintosh; Intel Mac OS X 10_15_7) AppleWebKit/537.36 (KHTML, like Gecko) Chrome/107.0.0.0 Safari/537.36"
::ffff:136.24.141.37 - - [22/Nov/2022:18:33:52 +0000] "GET /images/schools/earhartkaratedomap.jpg HTTP/1.1" 200 41366 "https://wadokikai.org/" "Mozilla/5.0 (Macintosh; Intel Mac OS X 10_15_7) AppleWebKit/537.36 (KHTML, like Gecko) Chrome/107.0.0.0 Safari/537.36"
::ffff:136.24.141.37 - - [22/Nov/2022:18:33:52 +0000] "GET /images/schools/martinezkaratedomap.jpg HTTP/1.1" 200 37724 "https://wadokikai.org/" "Mozilla/5.0 (Macintosh; Intel Mac OS X 10_15_7) AppleWebKit/537.36 (KHTML, like Gecko) Chrome/107.0.0.0 Safari/537.36"
::ffff:136.24.141.37 - - [22/Nov/2022:18:33:52 +0000] "GET /images/schools/manzanitakaratedomap.jpg HTTP/1.1" 200 55402 "https://wadokikai.org/" "Mozilla/5.0 (Macintosh; Intel Mac OS X 10_15_7) AppleWebKit/537.36 (KHTML, like Gecko) Chrome/107.0.0.0 Safari/537.36"
::ffff:136.24.141.37 - - [22/Nov/2022:18:33:52 +0000] "GET /images/dragon-trans.png HTTP/1.1" 200 85661 "https://wadokikai.org/" "Mozilla/5.0 (Macintosh; Intel Mac OS X 10_15_7) AppleWebKit/537.36 (KHTML, like Gecko) Chrome/107.0.0.0 Safari/537.36"
::ffff:136.24.141.37 - - [22/Nov/2022:18:33:52 +0000] "GET /images/favicon.ico HTTP/1.1" 200 3638 "https://wadokikai.org/" "Mozilla/5.0 (Macintosh; Intel Mac OS X 10_15_7) AppleWebKit/537.36 (KHTML, like Gecko) Chrome/107.0.0.0 Safari/537.36"
::ffff:136.24.141.37 - - [22/Nov/2022:18:33:56 +0000] "GET /images/tiger.bmp HTTP/1.1" 200 311274 "https://wadokikai.org/" "Mozilla/5.0 (Macintosh; Intel Mac OS X 10_15_7) AppleWebKit/537.36 (KHTML, like Gecko) Chrome/107.0.0.0 Safari/537.36"
::ffff:136.24.141.37 - - [22/Nov/2022:18:33:59 +0000] "GET /images/wadokikai%20kanji.jpg HTTP/1.1" 200 35066 "https://wadokikai.org/" "Mozilla/5.0 (Macintosh; Intel Mac OS X 10_15_7) AppleWebKit/537.36 (KHTML, like Gecko) Chrome/107.0.0.0 Safari/537.36"
::ffff:136.24.141.37 - - [22/Nov/2022:18:33:59 +0000] "GET /schools HTTP/1.1" 200 97308 "https://wadokikai.org/" "Mozilla/5.0 (Macintosh; Intel Mac OS X 10_15_7) AppleWebKit/537.36 (KHTML, like Gecko) Chrome/107.0.0.0 Safari/537.36"
::ffff:136.24.141.37 - - [22/Nov/2022:18:33:59 +0000] "GET /css/wadokikai.css HTTP/1.1" 304 - "https://wadokikai.org/schools" "Mozilla/5.0 (Macintosh; Intel Mac OS X 10_15_7) AppleWebKit/537.36 (KHTML, like Gecko) Chrome/107.0.0.0 Safari/537.36"
::ffff:136.24.141.37 - - [22/Nov/2022:18:34:00 +0000] "GET /images/schools/alamedakaratedomap.jpg HTTP/1.1" 304 - "https://wadokikai.org/schools" "Mozilla/5.0 (Macintosh; Intel Mac OS X 10_15_7) AppleWebKit/537.36 (KHTML, like Gecko) Chrome/107.0.0.0 Safari/537.36"
::ffff:136.24.141.37 - - [22/Nov/2022:18:34:00 +0000] "GET /images/instructors/arce.jpg HTTP/1.1" 200 14433 "https://wadokikai.org/schools" "Mozilla/5.0 (Macintosh; Intel Mac OS X 10_15_7) AppleWebKit/537.36 (KHTML, like Gecko) Chrome/107.0.0.0 Safari/537.36"
::ffff:136.24.141.37 - - [22/Nov/2022:18:34:00 +0000] "GET /images/instructors/anthony.jpg HTTP/1.1" 200 14045 "https://wadokikai.org/schools" "Mozilla/5.0 (Macintosh; Intel Mac OS X 10_15_7) AppleWebKit/537.36 (KHTML, like Gecko) Chrome/107.0.0.0 Safari/537.36"
::ffff:136.24.141.37 - - [22/Nov/2022:18:34:00 +0000] "GET /images/instructors/justin.jpg HTTP/1.1" 200 14091 "https://wadokikai.org/schools" "Mozilla/5.0 (Macintosh; Intel Mac OS X 10_15_7) AppleWebKit/537.36 (KHTML, like Gecko) Chrome/107.0.0.0 Safari/537.36"
::ffff:136.24.141.37 - - [22/Nov/2022:18:34:00 +0000] "GET /images/instructors/clarkb.jpeg HTTP/1.1" 200 12183 "https://wadokikai.org/schools" "Mozilla/5.0 (Macintosh; Intel Mac OS X 10_15_7) AppleWebKit/537.36 (KHTML, like Gecko) Chrome/107.0.0.0 Safari/537.36"
::ffff:136.24.141.37 - - [22/Nov/2022:18:34:00 +0000] "GET /images/instructors/geoffrey.jpg HTTP/1.1" 200 14922 "https://wadokikai.org/schools" "Mozilla/5.0 (Macintosh; Intel Mac OS X 10_15_7) AppleWebKit/537.36 (KHTML, like Gecko) Chrome/107.0.0.0 Safari/537.36"
::ffff:136.24.141.37 - - [22/Nov/2022:18:34:00 +0000] "GET /images/instructors/herseybaker.jpg HTTP/1.1" 200 13988 "https://wadokikai.org/schools" "Mozilla/5.0 (Macintosh; Intel Mac OS X 10_15_7) AppleWebKit/537.36 (KHTML, like Gecko) Chrome/107.0.0.0 Safari/537.36"
::ffff:136.24.141.37 - - [22/Nov/2022:18:34:00 +0000] "GET /images/instructors/anunley.jpg HTTP/1.1" 200 32690 "https://wadokikai.org/schools" "Mozilla/5.0 (Macintosh; Intel Mac OS X 10_15_7) AppleWebKit/537.36 (KHTML, like Gecko) Chrome/107.0.0.0 Safari/537.36"
::ffff:136.24.141.37 - - [22/Nov/2022:18:34:00 +0000] "GET /images/wkkpatch22_med.png HTTP/1.1" 304 - "https://wadokikai.org/schools" "Mozilla/5.0 (Macintosh; Intel Mac OS X 10_15_7) AppleWebKit/537.36 (KHTML, like Gecko) Chrome/107.0.0.0 Safari/537.36"
::ffff:136.24.141.37 - - [22/Nov/2022:18:34:00 +0000] "GET /images/instructors/grant.jpg HTTP/1.1" 200 14249 "https://wadokikai.org/schools" "Mozilla/5.0 (Macintosh; Intel Mac OS X 10_15_7) AppleWebKit/537.36 (KHTML, like Gecko) Chrome/107.0.0.0 Safari/537.36"
::ffff:136.24.141.37 - - [22/Nov/2022:18:34:00 +0000] "GET /images/instructors/don.jpg HTTP/1.1" 200 76210 "https://wadokikai.org/schools" "Mozilla/5.0 (Macintosh; Intel Mac OS X 10_15_7) AppleWebKit/537.36 (KHTML, like Gecko) Chrome/107.0.0.0 Safari/537.36"
::ffff:136.24.141.37 - - [22/Nov/2022:18:34:00 +0000] "GET /images/instructors/JohnPWKK.jpg HTTP/1.1" 200 7574 "https://wadokikai.org/schools" "Mozilla/5.0 (Macintosh; Intel Mac OS X 10_15_7) AppleWebKit/537.36 (KHTML, like Gecko) Chrome/107.0.0.0 Safari/537.36"
::ffff:136.24.141.37 - - [22/Nov/2022:18:34:00 +0000] "GET /images/instructors/carlos.jpg HTTP/1.1" 200 21431 "https://wadokikai.org/schools" "Mozilla/5.0 (Macintosh; Intel Mac OS X 10_15_7) AppleWebKit/537.36 (KHTML, like Gecko) Chrome/107.0.0.0 Safari/537.36"
::ffff:136.24.141.37 - - [22/Nov/2022:18:34:00 +0000] "GET /images/instructors/rodnak.jpg HTTP/1.1" 200 12841 "https://wadokikai.org/schools" "Mozilla/5.0 (Macintosh; Intel Mac OS X 10_15_7) AppleWebKit/537.36 (KHTML, like Gecko) Chrome/107.0.0.0 Safari/537.36"
::ffff:136.24.141.37 - - [22/Nov/2022:18:34:00 +0000] "GET /images/instructors/fortiz.jpg HTTP/1.1" 200 82719 "https://wadokikai.org/schools" "Mozilla/5.0 (Macintosh; Intel Mac OS X 10_15_7) AppleWebKit/537.36 (KHTML, like Gecko) Chrome/107.0.0.0 Safari/537.36"
::ffff:136.24.141.37 - - [22/Nov/2022:18:34:00 +0000] "GET /images/instructors/dokeeffe.jpg HTTP/1.1" 200 42708 "https://wadokikai.org/schools" "Mozilla/5.0 (Macintosh; Intel Mac OS X 10_15_7) AppleWebKit/537.36 (KHTML, like Gecko) Chrome/107.0.0.0 Safari/537.36"
::ffff:136.24.141.37 - - [22/Nov/2022:18:34:00 +0000] "GET /images/instructors/jorge8th.jpg HTTP/1.1" 200 121759 "https://wadokikai.org/schools" "Mozilla/5.0 (Macintosh; Intel Mac OS X 10_15_7) AppleWebKit/537.36 (KHTML, like Gecko) Chrome/107.0.0.0 Safari/537.36"
::ffff:136.24.141.37 - - [22/Nov/2022:18:34:00 +0000] "GET /images/instructors/acohen.jpg HTTP/1.1" 200 62805 "https://wadokikai.org/schools" "Mozilla/5.0 (Macintosh; Intel Mac OS X 10_15_7) AppleWebKit/537.36 (KHTML, like Gecko) Chrome/107.0.0.0 Safari/537.36"
::ffff:136.24.141.37 - - [22/Nov/2022:18:34:00 +0000] "GET /images/instructors/mlee.jpg HTTP/1.1" 200 65525 "https://wadokikai.org/schools" "Mozilla/5.0 (Macintosh; Intel Mac OS X 10_15_7) AppleWebKit/537.36 (KHTML, like Gecko) Chrome/107.0.0.0 Safari/537.36"
::ffff:136.24.141.37 - - [22/Nov/2022:18:34:00 +0000] "GET /images/instructors/andrea.jpg HTTP/1.1" 200 61330 "https://wadokikai.org/schools" "Mozilla/5.0 (Macintosh; Intel Mac OS X 10_15_7) AppleWebKit/537.36 (KHTML, like Gecko) Chrome/107.0.0.0 Safari/537.36"
::ffff:136.24.141.37 - - [22/Nov/2022:18:34:00 +0000] "GET /images/instructors/SenseiLarry.jpg HTTP/1.1" 200 60380 "https://wadokikai.org/schools" "Mozilla/5.0 (Macintosh; Intel Mac OS X 10_15_7) AppleWebKit/537.36 (KHTML, like Gecko) Chrome/107.0.0.0 Safari/537.36"
::ffff:136.24.141.37 - - [22/Nov/2022:18:34:00 +0000] "GET /images/instructors/achang.jpg HTTP/1.1" 200 32799 "https://wadokikai.org/schools" "Mozilla/5.0 (Macintosh; Intel Mac OS X 10_15_7) AppleWebKit/537.36 (KHTML, like Gecko) Chrome/107.0.0.0 Safari/537.36"
::ffff:136.24.141.37 - - [22/Nov/2022:18:34:00 +0000] "GET /images/instructors/RuPaster.jpg HTTP/1.1" 200 75352 "https://wadokikai.org/schools" "Mozilla/5.0 (Macintosh; Intel Mac OS X 10_15_7) AppleWebKit/537.36 (KHTML, like Gecko) Chrome/107.0.0.0 Safari/537.36"
::ffff:136.24.141.37 - - [22/Nov/2022:18:34:00 +0000] "GET /images/instructors/mbrooks.jpg HTTP/1.1" 200 132490 "https://wadokikai.org/schools" "Mozilla/5.0 (Macintosh; Intel Mac OS X 10_15_7) AppleWebKit/537.36 (KHTML, like Gecko) Chrome/107.0.0.0 Safari/537.36"
::ffff:136.24.141.37 - - [22/Nov/2022:18:34:00 +0000] "GET /images/instructors/amastroianni.jpg HTTP/1.1" 200 78389 "https://wadokikai.org/schools" "Mozilla/5.0 (Macintosh; Intel Mac OS X 10_15_7) AppleWebKit/537.36 (KHTML, like Gecko) Chrome/107.0.0.0 Safari/537.36"
::ffff:136.24.141.37 - - [22/Nov/2022:18:34:00 +0000] "GET /images/instructors/btimlin.jpg HTTP/1.1" 200 378054 "https://wadokikai.org/schools" "Mozilla/5.0 (Macintosh; Intel Mac OS X 10_15_7) AppleWebKit/537.36 (KHTML, like Gecko) Chrome/107.0.0.0 Safari/537.36"
::ffff:136.24.141.37 - - [22/Nov/2022:18:34:00 +0000] "GET /images/instructors/fnavarro.jpg HTTP/1.1" 200 7268 "https://wadokikai.org/schools" "Mozilla/5.0 (Macintosh; Intel Mac OS X 10_15_7) AppleWebKit/537.36 (KHTML, like Gecko) Chrome/107.0.0.0 Safari/537.36"
::ffff:136.24.141.37 - - [22/Nov/2022:18:34:00 +0000] "GET /images/instructors/wkklogo.png HTTP/1.1" 200 35114 "https://wadokikai.org/schools" "Mozilla/5.0 (Macintosh; Intel Mac OS X 10_15_7) AppleWebKit/537.36 (KHTML, like Gecko) Chrome/107.0.0.0 Safari/537.36"
::ffff:136.24.141.37 - - [22/Nov/2022:18:34:00 +0000] "GET /images/instructors/amahalatinia.jpg HTTP/1.1" 200 84763 "https://wadokikai.org/schools" "Mozilla/5.0 (Macintosh; Intel Mac OS X 10_15_7) AppleWebKit/537.36 (KHTML, like Gecko) Chrome/107.0.0.0 Safari/537.36"
::ffff:136.24.141.37 - - [22/Nov/2022:18:34:01 +0000] "GET /images/fbpic.webp HTTP/1.1" 200 986 "https://wadokikai.org/schools" "Mozilla/5.0 (Macintosh; Intel Mac OS X 10_15_7) AppleWebKit/537.36 (KHTML, like Gecko) Chrome/107.0.0.0 Safari/537.36"
::ffff:136.24.141.37 - - [22/Nov/2022:18:34:01 +0000] "GET /images/igpic.webp HTTP/1.1" 200 1328 "https://wadokikai.org/schools" "Mozilla/5.0 (Macintosh; Intel Mac OS X 10_15_7) AppleWebKit/537.36 (KHTML, like Gecko) Chrome/107.0.0.0 Safari/537.36"
::ffff:136.24.141.37 - - [22/Nov/2022:18:34:01 +0000] "GET /images/schools/alamedakaratedo.jpg HTTP/1.1" 200 86185 "https://wadokikai.org/schools" "Mozilla/5.0 (Macintosh; Intel Mac OS X 10_15_7) AppleWebKit/537.36 (KHTML, like Gecko) Chrome/107.0.0.0 Safari/537.36"
::ffff:136.24.141.37 - - [22/Nov/2022:18:34:01 +0000] "GET /images/schools/orindakaratedo.jpg HTTP/1.1" 200 264927 "https://wadokikai.org/schools" "Mozilla/5.0 (Macintosh; Intel Mac OS X 10_15_7) AppleWebKit/537.36 (KHTML, like Gecko) Chrome/107.0.0.0 Safari/537.36"
::ffff:136.24.141.37 - - [22/Nov/2022:18:34:01 +0000] "GET /images/schools/orindakaratedomap.jpg HTTP/1.1" 304 - "https://wadokikai.org/schools" "Mozilla/5.0 (Macintosh; Intel Mac OS X 10_15_7) AppleWebKit/537.36 (KHTML, like Gecko) Chrome/107.0.0.0 Safari/537.36"
::ffff:136.24.141.37 - - [22/Nov/2022:18:34:01 +0000] "GET /images/schools/dcakaratedomap.jpg HTTP/1.1" 304 - "https://wadokikai.org/schools" "Mozilla/5.0 (Macintosh; Intel Mac OS X 10_15_7) AppleWebKit/537.36 (KHTML, like Gecko) Chrome/107.0.0.0 Safari/537.36"
::ffff:136.24.141.37 - - [22/Nov/2022:18:34:01 +0000] "GET /images/schools/dcakaratedo.jpg HTTP/1.1" 200 458708 "https://wadokikai.org/schools" "Mozilla/5.0 (Macintosh; Intel Mac OS X 10_15_7) AppleWebKit/537.36 (KHTML, like Gecko) Chrome/107.0.0.0 Safari/537.36"
::ffff:136.24.141.37 - - [22/Nov/2022:18:34:01 +0000] "GET /images/schools/corpuzkaratedomap.jpg HTTP/1.1" 304 - "https://wadokikai.org/schools" "Mozilla/5.0 (Macintosh; Intel Mac OS X 10_15_7) AppleWebKit/537.36 (KHTML, like Gecko) Chrome/107.0.0.0 Safari/537.36"
::ffff:136.24.141.37 - - [22/Nov/2022:18:34:01 +0000] "GET /images/schools/harborbaykaratedomap.jpg HTTP/1.1" 304 - "https://wadokikai.org/schools" "Mozilla/5.0 (Macintosh; Intel Mac OS X 10_15_7) AppleWebKit/537.36 (KHTML, like Gecko) Chrome/107.0.0.0 Safari/537.36"
::ffff:136.24.141.37 - - [22/Nov/2022:18:34:01 +0000] "GET /images/schools/nunleykaratedomap.jpg HTTP/1.1" 304 - "https://wadokikai.org/schools" "Mozilla/5.0 (Macintosh; Intel Mac OS X 10_15_7) AppleWebKit/537.36 (KHTML, like Gecko) Chrome/107.0.0.0 Safari/537.36"
::ffff:136.24.141.37 - - [22/Nov/2022:18:34:01 +0000] "GET /images/schools/marinkaratedomap.jpg HTTP/1.1" 304 - "https://wadokikai.org/schools" "Mozilla/5.0 (Macintosh; Intel Mac OS X 10_15_7) AppleWebKit/537.36 (KHTML, like Gecko) Chrome/107.0.0.0 Safari/537.36"
::ffff:136.24.141.37 - - [22/Nov/2022:18:34:01 +0000] "GET /images/schools/nunleykaratedo.jpg HTTP/1.1" 200 77040 "https://wadokikai.org/schools" "Mozilla/5.0 (Macintosh; Intel Mac OS X 10_15_7) AppleWebKit/537.36 (KHTML, like Gecko) Chrome/107.0.0.0 Safari/537.36"
::ffff:136.24.141.37 - - [22/Nov/2022:18:34:01 +0000] "GET /images/schools/harborbaykaratedo.jpg HTTP/1.1" 200 77464 "https://wadokikai.org/schools" "Mozilla/5.0 (Macintosh; Intel Mac OS X 10_15_7) AppleWebKit/537.36 (KHTML, like Gecko) Chrome/107.0.0.0 Safari/537.36"
::ffff:136.24.141.37 - - [22/Nov/2022:18:34:01 +0000] "GET /images/schools/corpuzkaratedo.jpg HTTP/1.1" 200 65837 "https://wadokikai.org/schools" "Mozilla/5.0 (Macintosh; Intel Mac OS X 10_15_7) AppleWebKit/537.36 (KHTML, like Gecko) Chrome/107.0.0.0 Safari/537.36"
::ffff:136.24.141.37 - - [22/Nov/2022:18:34:01 +0000] "GET /images/schools/earhartkaratedomap.jpg HTTP/1.1" 304 - "https://wadokikai.org/schools" "Mozilla/5.0 (Macintosh; Intel Mac OS X 10_15_7) AppleWebKit/537.36 (KHTML, like Gecko) Chrome/107.0.0.0 Safari/537.36"
::ffff:136.24.141.37 - - [22/Nov/2022:18:34:01 +0000] "GET /images/schools/martinezkaratedomap.jpg HTTP/1.1" 304 - "https://wadokikai.org/schools" "Mozilla/5.0 (Macintosh; Intel Mac OS X 10_15_7) AppleWebKit/537.36 (KHTML, like Gecko) Chrome/107.0.0.0 Safari/537.36"
::ffff:136.24.141.37 - - [22/Nov/2022:18:34:01 +0000] "GET /images/schools/marinkaratedo.jpeg HTTP/1.1" 200 104735 "https://wadokikai.org/schools" "Mozilla/5.0 (Macintosh; Intel Mac OS X 10_15_7) AppleWebKit/537.36 (KHTML, like Gecko) Chrome/107.0.0.0 Safari/537.36"
::ffff:136.24.141.37 - - [22/Nov/2022:18:34:01 +0000] "GET /images/schools/manzanitakaratedomap.jpg HTTP/1.1" 304 - "https://wadokikai.org/schools" "Mozilla/5.0 (Macintosh; Intel Mac OS X 10_15_7) AppleWebKit/537.36 (KHTML, like Gecko) Chrome/107.0.0.0 Safari/537.36"
::ffff:136.24.141.37 - - [22/Nov/2022:18:34:01 +0000] "GET /images/schools/earhartkaratedo.jpg HTTP/1.1" 200 35835 "https://wadokikai.org/schools" "Mozilla/5.0 (Macintosh; Intel Mac OS X 10_15_7) AppleWebKit/537.36 (KHTML, like Gecko) Chrome/107.0.0.0 Safari/537.36"
::ffff:136.24.141.37 - - [22/Nov/2022:18:34:01 +0000] "GET /images/schools/zoomdonkaratedo.jpg HTTP/1.1" 200 32454 "https://wadokikai.org/schools" "Mozilla/5.0 (Macintosh; Intel Mac OS X 10_15_7) AppleWebKit/537.36 (KHTML, like Gecko) Chrome/107.0.0.0 Safari/537.36"
::ffff:136.24.141.37 - - [22/Nov/2022:18:34:01 +0000] "GET /images/schools/zoomsfbakaratedo.jpg HTTP/1.1" 200 259024 "https://wadokikai.org/schools" "Mozilla/5.0 (Macintosh; Intel Mac OS X 10_15_7) AppleWebKit/537.36 (KHTML, like Gecko) Chrome/107.0.0.0 Safari/537.36"
::ffff:136.24.141.37 - - [22/Nov/2022:18:34:03 +0000] "GET /images/schools/martinezkaratedo.jpg HTTP/1.1" 200 1754187 "https://wadokikai.org/schools" "Mozilla/5.0 (Macintosh; Intel Mac OS X 10_15_7) AppleWebKit/537.36 (KHTML, like Gecko) Chrome/107.0.0.0 Safari/537.36"
::ffff:136.24.141.37 - - [22/Nov/2022:18:34:03 +0000] "GET /images/schools/manzanitakaratedo.jpg HTTP/1.1" 200 1829058 "https://wadokikai.org/schools" "Mozilla/5.0 (Macintosh; Intel Mac OS X 10_15_7) AppleWebKit/537.36 (KHTML, like Gecko) Chrome/107.0.0.0 Safari/537.36"
::ffff:69.171.251.7 - - [22/Nov/2022:18:34:50 +0000] "GET /images/wkkpatch22_med.png HTTP/1.1" 200 32301 "-" "facebookexternalhit/1.1 (+http://www.facebook.com/externalhit_uatext.php)"
::ffff:135.180.191.228 - - [22/Nov/2022:18:35:47 +0000] "GET / HTTP/1.1" 200 57378 "https://lm.facebook.com/" "Mozilla/5.0 (Linux; Android 12; SM-G781U Build/SP1A.210812.016; wv) AppleWebKit/537.36 (KHTML, like Gecko) Version/4.0 Chrome/107.0.5304.105 Mobile Safari/537.36 [FB_IAB/FB4A;FBAV/393.0.0.35.106;]"
::ffff:135.180.191.228 - - [22/Nov/2022:18:35:47 +0000] "GET /css/wadokikai.css HTTP/1.1" 200 4337 "http://wadokikai.org/" "Mozilla/5.0 (Linux; Android 12; SM-G781U Build/SP1A.210812.016; wv) AppleWebKit/537.36 (KHTML, like Gecko) Version/4.0 Chrome/107.0.5304.105 Mobile Safari/537.36 [FB_IAB/FB4A;FBAV/393.0.0.35.106;]"
::ffff:135.180.191.228 - - [22/Nov/2022:18:35:47 +0000] "GET /js/common.js HTTP/1.1" 200 2255 "http://wadokikai.org/" "Mozilla/5.0 (Linux; Android 12; SM-G781U Build/SP1A.210812.016; wv) AppleWebKit/537.36 (KHTML, like Gecko) Version/4.0 Chrome/107.0.5304.105 Mobile Safari/537.36 [FB_IAB/FB4A;FBAV/393.0.0.35.106;]"
::ffff:135.180.191.228 - - [22/Nov/2022:18:35:47 +0000] "GET /images/wkkpatch22_med.png HTTP/1.1" 200 32301 "http://wadokikai.org/" "Mozilla/5.0 (Linux; Android 12; SM-G781U Build/SP1A.210812.016; wv) AppleWebKit/537.36 (KHTML, like Gecko) Version/4.0 Chrome/107.0.5304.105 Mobile Safari/537.36 [FB_IAB/FB4A;FBAV/393.0.0.35.106;]"
::ffff:135.180.191.228 - - [22/Nov/2022:18:35:47 +0000] "GET /images/schools/alamedakaratedomap.jpg HTTP/1.1" 200 38311 "http://wadokikai.org/" "Mozilla/5.0 (Linux; Android 12; SM-G781U Build/SP1A.210812.016; wv) AppleWebKit/537.36 (KHTML, like Gecko) Version/4.0 Chrome/107.0.5304.105 Mobile Safari/537.36 [FB_IAB/FB4A;FBAV/393.0.0.35.106;]"
::ffff:135.180.191.228 - - [22/Nov/2022:18:35:47 +0000] "GET /images/schools/nunleykaratedomap.jpg HTTP/1.1" 200 42667 "http://wadokikai.org/" "Mozilla/5.0 (Linux; Android 12; SM-G781U Build/SP1A.210812.016; wv) AppleWebKit/537.36 (KHTML, like Gecko) Version/4.0 Chrome/107.0.5304.105 Mobile Safari/537.36 [FB_IAB/FB4A;FBAV/393.0.0.35.106;]"
::ffff:135.180.191.228 - - [22/Nov/2022:18:35:47 +0000] "GET /images/schools/harborbaykaratedomap.jpg HTTP/1.1" 200 37245 "http://wadokikai.org/" "Mozilla/5.0 (Linux; Android 12; SM-G781U Build/SP1A.210812.016; wv) AppleWebKit/537.36 (KHTML, like Gecko) Version/4.0 Chrome/107.0.5304.105 Mobile Safari/537.36 [FB_IAB/FB4A;FBAV/393.0.0.35.106;]"
::ffff:135.180.191.228 - - [22/Nov/2022:18:35:47 +0000] "GET /images/schools/orindakaratedomap.jpg HTTP/1.1" 200 34167 "http://wadokikai.org/" "Mozilla/5.0 (Linux; Android 12; SM-G781U Build/SP1A.210812.016; wv) AppleWebKit/537.36 (KHTML, like Gecko) Version/4.0 Chrome/107.0.5304.105 Mobile Safari/537.36 [FB_IAB/FB4A;FBAV/393.0.0.35.106;]"
::ffff:135.180.191.228 - - [22/Nov/2022:18:35:47 +0000] "GET /images/schools/earhartkaratedomap.jpg HTTP/1.1" 200 41366 "http://wadokikai.org/" "Mozilla/5.0 (Linux; Android 12; SM-G781U Build/SP1A.210812.016; wv) AppleWebKit/537.36 (KHTML, like Gecko) Version/4.0 Chrome/107.0.5304.105 Mobile Safari/537.36 [FB_IAB/FB4A;FBAV/393.0.0.35.106;]"
::ffff:135.180.191.228 - - [22/Nov/2022:18:35:47 +0000] "GET /images/schools/dcakaratedomap.jpg HTTP/1.1" 200 35262 "http://wadokikai.org/" "Mozilla/5.0 (Linux; Android 12; SM-G781U Build/SP1A.210812.016; wv) AppleWebKit/537.36 (KHTML, like Gecko) Version/4.0 Chrome/107.0.5304.105 Mobile Safari/537.36 [FB_IAB/FB4A;FBAV/393.0.0.35.106;]"
::ffff:135.180.191.228 - - [22/Nov/2022:18:35:47 +0000] "GET /images/schools/martinezkaratedomap.jpg HTTP/1.1" 200 37724 "http://wadokikai.org/" "Mozilla/5.0 (Linux; Android 12; SM-G781U Build/SP1A.210812.016; wv) AppleWebKit/537.36 (KHTML, like Gecko) Version/4.0 Chrome/107.0.5304.105 Mobile Safari/537.36 [FB_IAB/FB4A;FBAV/393.0.0.35.106;]"
::ffff:135.180.191.228 - - [22/Nov/2022:18:35:47 +0000] "GET /images/schools/corpuzkaratedomap.jpg HTTP/1.1" 200 36421 "http://wadokikai.org/" "Mozilla/5.0 (Linux; Android 12; SM-G781U Build/SP1A.210812.016; wv) AppleWebKit/537.36 (KHTML, like Gecko) Version/4.0 Chrome/107.0.5304.105 Mobile Safari/537.36 [FB_IAB/FB4A;FBAV/393.0.0.35.106;]"
::ffff:135.180.191.228 - - [22/Nov/2022:18:35:47 +0000] "GET /images/schools/manzanitakaratedomap.jpg HTTP/1.1" 200 55402 "http://wadokikai.org/" "Mozilla/5.0 (Linux; Android 12; SM-G781U Build/SP1A.210812.016; wv) AppleWebKit/537.36 (KHTML, like Gecko) Version/4.0 Chrome/107.0.5304.105 Mobile Safari/537.36 [FB_IAB/FB4A;FBAV/393.0.0.35.106;]"
::ffff:135.180.191.228 - - [22/Nov/2022:18:35:47 +0000] "GET /images/schools/marinkaratedomap.jpg HTTP/1.1" 200 32400 "http://wadokikai.org/" "Mozilla/5.0 (Linux; Android 12; SM-G781U Build/SP1A.210812.016; wv) AppleWebKit/537.36 (KHTML, like Gecko) Version/4.0 Chrome/107.0.5304.105 Mobile Safari/537.36 [FB_IAB/FB4A;FBAV/393.0.0.35.106;]"
::ffff:135.180.191.228 - - [22/Nov/2022:18:35:47 +0000] "GET /images/dragon-trans.png HTTP/1.1" 200 85661 "http://wadokikai.org/" "Mozilla/5.0 (Linux; Android 12; SM-G781U Build/SP1A.210812.016; wv) AppleWebKit/537.36 (KHTML, like Gecko) Version/4.0 Chrome/107.0.5304.105 Mobile Safari/537.36 [FB_IAB/FB4A;FBAV/393.0.0.35.106;]"
::ffff:135.180.191.228 - - [22/Nov/2022:18:35:47 +0000] "GET /images/favicon.ico HTTP/1.1" 200 3638 "http://wadokikai.org/" "Mozilla/5.0 (Linux; Android 12; SM-G781U Build/SP1A.210812.016; wv) AppleWebKit/537.36 (KHTML, like Gecko) Version/4.0 Chrome/107.0.5304.105 Mobile Safari/537.36 [FB_IAB/FB4A;FBAV/393.0.0.35.106;]"
::ffff:135.180.191.228 - - [22/Nov/2022:18:35:51 +0000] "GET /images/tiger.bmp HTTP/1.1" 200 311274 "http://wadokikai.org/" "Mozilla/5.0 (Linux; Android 12; SM-G781U Build/SP1A.210812.016; wv) AppleWebKit/537.36 (KHTML, like Gecko) Version/4.0 Chrome/107.0.5304.105 Mobile Safari/537.36 [FB_IAB/FB4A;FBAV/393.0.0.35.106;]"
::ffff:135.180.191.228 - - [22/Nov/2022:18:35:54 +0000] "GET /images/wadokikai%20kanji.jpg HTTP/1.1" 200 35066 "http://wadokikai.org/" "Mozilla/5.0 (Linux; Android 12; SM-G781U Build/SP1A.210812.016; wv) AppleWebKit/537.36 (KHTML, like Gecko) Version/4.0 Chrome/107.0.5304.105 Mobile Safari/537.36 [FB_IAB/FB4A;FBAV/393.0.0.35.106;]"
::ffff:135.180.191.228 - - [22/Nov/2022:18:35:57 +0000] "GET /images/dragon-trans.png HTTP/1.1" 304 - "http://wadokikai.org/" "Mozilla/5.0 (Linux; Android 12; SM-G781U Build/SP1A.210812.016; wv) AppleWebKit/537.36 (KHTML, like Gecko) Version/4.0 Chrome/107.0.5304.105 Mobile Safari/537.36 [FB_IAB/FB4A;FBAV/393.0.0.35.106;]"
::ffff:135.180.191.228 - - [22/Nov/2022:18:36:01 +0000] "GET /images/tiger.bmp HTTP/1.1" 304 - "http://wadokikai.org/" "Mozilla/5.0 (Linux; Android 12; SM-G781U Build/SP1A.210812.016; wv) AppleWebKit/537.36 (KHTML, like Gecko) Version/4.0 Chrome/107.0.5304.105 Mobile Safari/537.36 [FB_IAB/FB4A;FBAV/393.0.0.35.106;]"
::ffff:135.180.191.228 - - [22/Nov/2022:18:36:04 +0000] "GET /images/wadokikai%20kanji.jpg HTTP/1.1" 304 - "http://wadokikai.org/" "Mozilla/5.0 (Linux; Android 12; SM-G781U Build/SP1A.210812.016; wv) AppleWebKit/537.36 (KHTML, like Gecko) Version/4.0 Chrome/107.0.5304.105 Mobile Safari/537.36 [FB_IAB/FB4A;FBAV/393.0.0.35.106;]"
::ffff:135.180.191.228 - - [22/Nov/2022:18:36:08 +0000] "GET /images/dragon-trans.png HTTP/1.1" 304 - "http://wadokikai.org/" "Mozilla/5.0 (Linux; Android 12; SM-G781U Build/SP1A.210812.016; wv) AppleWebKit/537.36 (KHTML, like Gecko) Version/4.0 Chrome/107.0.5304.105 Mobile Safari/537.36 [FB_IAB/FB4A;FBAV/393.0.0.35.106;]"
::ffff:203.10.99.204 - - [22/Nov/2022:18:37:53 +0000] "GET /images/wadokikai%20kanji.jpg HTTP/1.1" 304 - "http://www.wadokikai.org/" "Mozilla/5.0 (Macintosh; Intel Mac OS X 10_15_7) AppleWebKit/605.1.15 (KHTML, like Gecko) Version/16.1 Safari/605.1.15"
::ffff:203.10.99.204 - - [22/Nov/2022:18:43:13 +0000] "GET /images/dragon-trans.png HTTP/1.1" 304 - "http://www.wadokikai.org/" "Mozilla/5.0 (Macintosh; Intel Mac OS X 10_15_7) AppleWebKit/605.1.15 (KHTML, like Gecko) Version/16.1 Safari/605.1.15"
::ffff:203.10.99.204 - - [22/Nov/2022:18:48:33 +0000] "GET /images/tiger.bmp HTTP/1.1" 304 - "http://www.wadokikai.org/" "Mozilla/5.0 (Macintosh; Intel Mac OS X 10_15_7) AppleWebKit/605.1.15 (KHTML, like Gecko) Version/16.1 Safari/605.1.15"
::ffff:114.119.139.59 - - [22/Nov/2022:18:48:45 +0000] "GET /robots.txt HTTP/1.1" 404 149 "-" "Mozilla/5.0 (compatible;PetalBot;+https://webmaster.petalsearch.com/site/petalbot)"
::ffff:35.195.93.98 - - [22/Nov/2022:18:58:17 +0000] "GET / HTTP/1.1" 200 57378 "-" "python-requests/2.28.1"
::ffff:135.125.246.110 - - [22/Nov/2022:19:07:47 +0000] "POST / HTTP/1.1" 404 140 "-" "Mozilla/5.0 (X11; Linux x86_64) AppleWebKit/537.36 (KHTML, like Gecko) Chrome/81.0.4044.129 Safari/537.36"
::ffff:135.125.246.110 - - [22/Nov/2022:19:07:47 +0000] "GET /.env HTTP/1.1" 404 143 "-" "Mozilla/5.0 (X11; Linux x86_64) AppleWebKit/537.36 (KHTML, like Gecko) Chrome/81.0.4044.129 Safari/537.36"
::ffff:203.10.99.204 - - [22/Nov/2022:19:15:13 +0000] "GET /images/dragon-trans.png HTTP/1.1" 304 - "http://www.wadokikai.org/" "Mozilla/5.0 (Macintosh; Intel Mac OS X 10_15_7) AppleWebKit/605.1.15 (KHTML, like Gecko) Version/16.1 Safari/605.1.15"
::ffff:203.10.99.204 - - [22/Nov/2022:19:20:33 +0000] "GET /images/tiger.bmp HTTP/1.1" 304 - "http://www.wadokikai.org/" "Mozilla/5.0 (Macintosh; Intel Mac OS X 10_15_7) AppleWebKit/605.1.15 (KHTML, like Gecko) Version/16.1 Safari/605.1.15"
::ffff:193.47.61.60 - - [22/Nov/2022:19:22:20 +0000] "GET / HTTP/1.1" 200 57378 "-" "-"
::ffff:51.222.253.6 - - [22/Nov/2022:19:23:16 +0000] "GET /events HTTP/1.1" 200 7135 "-" "Mozilla/5.0 (compatible; AhrefsBot/7.0; +http://ahrefs.com/robot/)"
::ffff:95.214.235.205 - - [22/Nov/2022:19:29:03 +0000] "GET /.env HTTP/1.1" 404 143 "-" "Mozilla/5.0 (X11; Linux x86_64) AppleWebKit/537.36 (KHTML, like Gecko) Chrome/81.0.4044.129 Safari/537.36"
::ffff:95.214.235.205 - - [22/Nov/2022:19:29:03 +0000] "POST / HTTP/1.1" 404 140 "-" "Mozilla/5.0 (X11; Linux x86_64) AppleWebKit/537.36 (KHTML, like Gecko) Chrome/81.0.4044.129 Safari/537.36"
::ffff:37.139.53.82 - - [22/Nov/2022:19:45:10 +0000] "GET / HTTP/1.0" 200 57378 "http://wadokikai.org/" "Mozilla/5.0 (Windows NT 10.0; Win64; x64) AppleWebKit/537.36 (KHTML, like Gecko) Chrome/83.0.4089.0 Safari/537.36"
