::ffff:67.160.201.88 - - [28/Sep/2022:14:01:02 +0000] "GET /favicon.ico HTTP/1.1" 404 150 "-" "Mozilla/5.0 (iPhone; CPU iPhone OS 15_6_1 like Mac OS X) AppleWebKit/605.1.15 (KHTML, like Gecko) FxiOS/40.2  Mobile/15E148 Safari/605.1.15"
::ffff:67.160.201.88 - - [28/Sep/2022:14:01:02 +0000] "GET /favicon.ico HTTP/1.1" 404 150 "-" "Mozilla/5.0 (iPhone; CPU iPhone OS 15_6_1 like Mac OS X) AppleWebKit/605.1.15 (KHTML, like Gecko) FxiOS/40.2  Mobile/15E148 Safari/605.1.15"
::ffff:216.244.66.196 - - [28/Sep/2022:14:09:41 +0000] "GET /robots.txt HTTP/1.1" 404 149 "-" "Mozilla/5.0 (compatible; DotBot/1.2; +https://opensiteexplorer.org/dotbot; help@moz.com)"
::ffff:109.167.197.53 - - [28/Sep/2022:14:10:57 +0000] "GET /autodiscover/autodiscover.json?@foo.com/mapi/nspi/?&Email=autodiscover/autodiscover.json%3f@foo.com HTTP/1.1" 404 169 "-" "Mozilla/5.0 (Windows NT 10.0; Win64; x64) AppleWebKit/537.36 (KHTML, like Gecko) Chrome/88.0.4324.190 Safari/537.36"
::ffff:216.244.66.196 - - [28/Sep/2022:14:11:55 +0000] "GET /Shuri-line.html HTTP/1.1" 404 154 "-" "Mozilla/5.0 (compatible; DotBot/1.2; +https://opensiteexplorer.org/dotbot; help@moz.com)"
::ffff:128.199.6.198 - - [28/Sep/2022:14:13:00 +0000] "GET / HTTP/1.1" 200 58140 "-" "Mozilla/5.0 zgrab/0.x"
::ffff:52.13.38.244 - - [28/Sep/2022:14:14:38 +0000] "GET / HTTP/1.1" 200 58140 "-" "Mozilla/5.0 (X11; Linux x86_64) AppleWebKit/537.36 (KHTML, like Gecko) Chrome/83.0.4103.97 Safari/537.36"
::ffff:34.218.244.201 - - [28/Sep/2022:14:14:46 +0000] "GET / HTTP/1.1" 200 58140 "-" "Mozilla/5.0 (X11; Linux x86_64) AppleWebKit/537.36 (KHTML, like Gecko) Chrome/83.0.4103.97 Safari/537.36"
::ffff:35.233.62.116 - - [28/Sep/2022:14:15:24 +0000] "GET / HTTP/1.1" 200 58140 "-" "python-requests/2.28.1"
::ffff:35.89.252.22 - - [28/Sep/2022:14:15:33 +0000] "GET / HTTP/1.1" 200 58140 "-" "Mozilla/5.0 (X11; Linux x86_64) AppleWebKit/537.36 (KHTML, like Gecko) Chrome/83.0.4103.97 Safari/537.36"
::ffff:35.92.163.43 - - [28/Sep/2022:14:16:01 +0000] "GET /favicon.ico HTTP/1.1" 404 150 "-" "Mozilla/5.0 (X11; Linux x86_64) AppleWebKit/537.36 (KHTML, like Gecko) Chrome/83.0.4103.97 Safari/537.36"
::ffff:35.92.163.43 - - [28/Sep/2022:14:16:03 +0000] "GET / HTTP/1.1" 200 58140 "-" "Mozilla/5.0 (X11; Linux x86_64) AppleWebKit/537.36 (KHTML, like Gecko) Chrome/83.0.4103.97 Safari/537.36"
::ffff:40.77.167.70 - - [28/Sep/2022:14:16:27 +0000] "GET / HTTP/1.1" 200 58140 "-" "Mozilla/5.0 (compatible; bingbot/2.0; +http://www.bing.com/bingbot.htm)"
::ffff:207.46.13.200 - - [28/Sep/2022:14:19:06 +0000] "GET /contact?s=1&ss=6 HTTP/1.1" 200 9997 "-" "Mozilla/5.0 (compatible; bingbot/2.0; +http://www.bing.com/bingbot.htm)"
::ffff:66.249.79.53 - - [28/Sep/2022:14:21:00 +0000] "GET /contact HTTP/1.1" 200 10017 "-" "Mozilla/5.0 (Linux; Android 6.0.1; Nexus 5X Build/MMB29P) AppleWebKit/537.36 (KHTML, like Gecko) Chrome/105.0.5195.125 Mobile Safari/537.36 (compatible; Googlebot/2.1; +http://www.google.com/bot.html)"
::ffff:66.249.79.48 - - [28/Sep/2022:14:21:31 +0000] "GET /css/wadokikai.css HTTP/1.1" 200 4337 "https://wadokikai.org/contact" "Mozilla/5.0 (Linux; Android 6.0.1; Nexus 5X Build/MMB29P) AppleWebKit/537.36 (KHTML, like Gecko) Chrome/105.0.5195.125 Mobile Safari/537.36 (compatible; Googlebot/2.1; +http://www.google.com/bot.html)"
::ffff:66.249.79.48 - - [28/Sep/2022:14:21:31 +0000] "GET /js/common.js HTTP/1.1" 200 2255 "https://wadokikai.org/contact" "Mozilla/5.0 (Linux; Android 6.0.1; Nexus 5X Build/MMB29P) AppleWebKit/537.36 (KHTML, like Gecko) Chrome/105.0.5195.125 Mobile Safari/537.36 (compatible; Googlebot/2.1; +http://www.google.com/bot.html)"
::ffff:134.209.225.94 - - [28/Sep/2022:14:22:01 +0000] "GET / HTTP/1.1" 200 58140 "-" "Mozilla/5.0 zgrab/0.x"
::ffff:73.93.253.46 - - [28/Sep/2022:14:23:15 +0000] "GET /images/tiger.bmp HTTP/1.1" 304 - "https://wadokikai.org/resources" "Mozilla/5.0 (Macintosh; Intel Mac OS X 10_15_7) AppleWebKit/605.1.15 (KHTML, like Gecko) Version/15.6.1 Safari/605.1.15"
::ffff:157.55.39.228 - - [28/Sep/2022:14:23:33 +0000] "GET / HTTP/1.1" 200 58140 "-" "Mozilla/5.0 AppleWebKit/537.36 (KHTML, like Gecko; compatible; bingbot/2.0; +http://www.bing.com/bingbot.htm) Chrome/103.0.5060.134 Safari/537.36"
::ffff:180.149.125.163 - - [28/Sep/2022:14:28:51 +0000] "GET /c/ HTTP/1.1" 404 141 "-" "Mozilla/5.0 (Windows NT 5.1; Win64; x64) AppleWebKit/537.36 (KHTML, like Gecko) Chrome/60.0.3112.90 Safari/537.36"
::ffff:135.125.217.54 - - [28/Sep/2022:14:29:06 +0000] "POST / HTTP/1.1" 404 140 "-" "Mozilla/5.0 (X11; Linux x86_64) AppleWebKit/537.36 (KHTML, like Gecko) Chrome/81.0.4044.129 Safari/537.36"
::ffff:135.125.217.54 - - [28/Sep/2022:14:29:06 +0000] "GET /.env HTTP/1.1" 404 143 "-" "Mozilla/5.0 (X11; Linux x86_64) AppleWebKit/537.36 (KHTML, like Gecko) Chrome/81.0.4044.129 Safari/537.36"
::ffff:185.158.115.237 - - [28/Sep/2022:14:38:08 +0000] "GET /.env HTTP/1.1" 404 143 "-" "Mozilla/5.0 (X11; Linux x86_64) AppleWebKit/537.36 (KHTML, like Gecko) Chrome/81.0.4044.129 Safari/537.36"
::ffff:185.158.115.237 - - [28/Sep/2022:14:38:09 +0000] "POST / HTTP/1.1" 404 140 "-" "Mozilla/5.0 (X11; Linux x86_64) AppleWebKit/537.36 (KHTML, like Gecko) Chrome/81.0.4044.129 Safari/537.36"
::ffff:192.53.170.243 - - [28/Sep/2022:14:38:37 +0000] "GET / HTTP/1.1" 200 58140 "-" "Mozilla/5.0 (Windows NT 10.0; Win64; x64) AppleWebKit/537.36 (KHTML, like Gecko) Chrome/60.0.3112.113 Safari/537.36"
::ffff:73.93.253.46 - - [28/Sep/2022:14:41:46 +0000] "GET /images/dragon-trans.png HTTP/1.1" 304 - "https://wadokikai.org/resources" "Mozilla/5.0 (Macintosh; Intel Mac OS X 10_15_7) AppleWebKit/605.1.15 (KHTML, like Gecko) Version/15.6.1 Safari/605.1.15"
::ffff:95.214.235.205 - - [28/Sep/2022:15:02:30 +0000] "GET /.env HTTP/1.1" 404 143 "-" "Mozilla/5.0 (X11; Linux x86_64) AppleWebKit/537.36 (KHTML, like Gecko) Chrome/81.0.4044.129 Safari/537.36"
::ffff:95.214.235.205 - - [28/Sep/2022:15:02:31 +0000] "POST / HTTP/1.1" 404 140 "-" "Mozilla/5.0 (X11; Linux x86_64) AppleWebKit/537.36 (KHTML, like Gecko) Chrome/81.0.4044.129 Safari/537.36"
::ffff:20.119.96.169 - - [28/Sep/2022:15:04:43 +0000] "GET /.env HTTP/1.1" 404 143 "-" "Mozilla/5.0 (X11; Linux x86_64; rv:83.0) Gecko/20100101 Firefox/83.0"
::ffff:20.119.96.169 - - [28/Sep/2022:15:04:43 +0000] "POST / HTTP/1.1" 404 140 "-" "Mozilla/5.0 (X11; Linux x86_64; rv:83.0) Gecko/20100101 Firefox/83.0"
::ffff:66.249.68.32 - - [28/Sep/2022:15:06:01 +0000] "GET /robots.txt HTTP/1.1" 404 149 "-" "Mozilla/5.0 (compatible; Googlebot/2.1; +http://www.google.com/bot.html)"
::ffff:66.249.68.32 - - [28/Sep/2022:15:06:01 +0000] "GET / HTTP/1.1" 200 58140 "-" "Mozilla/5.0 (compatible; Googlebot/2.1; +http://www.google.com/bot.html)"
::ffff:135.125.217.54 - - [28/Sep/2022:15:06:59 +0000] "POST / HTTP/1.1" 404 140 "-" "Mozilla/5.0 (X11; Linux x86_64) AppleWebKit/537.36 (KHTML, like Gecko) Chrome/81.0.4044.129 Safari/537.36"
::ffff:135.125.217.54 - - [28/Sep/2022:15:06:59 +0000] "GET /.env HTTP/1.1" 404 143 "-" "Mozilla/5.0 (X11; Linux x86_64) AppleWebKit/537.36 (KHTML, like Gecko) Chrome/81.0.4044.129 Safari/537.36"
::ffff:40.77.167.70 - - [28/Sep/2022:15:09:52 +0000] "GET /images/books/MBS2.jpg HTTP/1.1" 200 15317 "-" "Mozilla/5.0 (compatible; bingbot/2.0; +http://www.bing.com/bingbot.htm)"
::ffff:114.119.147.2 - - [28/Sep/2022:15:12:05 +0000] "GET /docs/Twenty%20guiding%20principles%20of%20Karate.pdf HTTP/1.1" 200 49483 "http://www.wadokikai.net/resources" "Mozilla/5.0 (Linux; Android 7.0;) AppleWebKit/537.36 (KHTML, like Gecko) Mobile Safari/537.36 (compatible; PetalBot;+https://webmaster.petalsearch.com/site/petalbot)"
::ffff:134.209.225.94 - - [28/Sep/2022:15:13:57 +0000] "GET / HTTP/1.1" 200 58140 "-" "Mozilla/5.0 zgrab/0.x"
::ffff:73.93.253.46 - - [28/Sep/2022:15:19:06 +0000] "GET /images/dragon-trans.png HTTP/1.1" 304 - "https://wadokikai.org/resources" "Mozilla/5.0 (Macintosh; Intel Mac OS X 10_15_7) AppleWebKit/605.1.15 (KHTML, like Gecko) Version/15.6.1 Safari/605.1.15"
::ffff:181.214.218.43 - - [28/Sep/2022:15:30:02 +0000] "GET /?err=error HTTP/1.0" 200 58692 "http://wadokikai.org/?err=error#signup" "Mozilla/5.0 (Windows NT 10.0; WOW64) AppleWebKit/537.36 (KHTML, like Gecko) Chrome/90.0.4430.93 Safari/537.36"
::ffff:181.214.218.43 - - [28/Sep/2022:15:30:02 +0000] "POST /sendemail HTTP/1.0" 302 40 "http://wadokikai.org/?err=error#signup" "Mozilla/5.0 (Windows NT 10.0; WOW64) AppleWebKit/537.36 (KHTML, like Gecko) Chrome/90.0.4430.93 Safari/537.36"
::ffff:181.214.218.43 - - [28/Sep/2022:15:30:03 +0000] "GET /?err=error HTTP/1.0" 200 58692 "http://wadokikai.org/?err=error#signup" "Mozilla/5.0 (Windows NT 10.0; WOW64) AppleWebKit/537.36 (KHTML, like Gecko) Chrome/90.0.4430.93 Safari/537.36"
::ffff:181.214.218.43 - - [28/Sep/2022:15:30:03 +0000] "POST /sendemail HTTP/1.0" 302 40 "http://wadokikai.org/?err=error#signup" "Mozilla/5.0 (Windows NT 10.0; WOW64) AppleWebKit/537.36 (KHTML, like Gecko) Chrome/90.0.4430.93 Safari/537.36"
::ffff:181.214.218.43 - - [28/Sep/2022:15:30:04 +0000] "GET /?err=error HTTP/1.0" 200 58692 "http://wadokikai.org/?err=error#signup" "Mozilla/5.0 (Windows NT 10.0; WOW64) AppleWebKit/537.36 (KHTML, like Gecko) Chrome/90.0.4430.93 Safari/537.36"
::ffff:181.214.218.43 - - [28/Sep/2022:15:30:05 +0000] "POST /sendemail HTTP/1.0" 302 40 "http://wadokikai.org/?err=error#signup" "Mozilla/5.0 (Windows NT 10.0; WOW64) AppleWebKit/537.36 (KHTML, like Gecko) Chrome/90.0.4430.93 Safari/537.36"
::ffff:181.214.218.43 - - [28/Sep/2022:15:30:05 +0000] "GET /?err=error HTTP/1.0" 200 58692 "http://wadokikai.org/?err=error#signup" "Mozilla/5.0 (Windows NT 10.0; WOW64) AppleWebKit/537.36 (KHTML, like Gecko) Chrome/90.0.4430.93 Safari/537.36"
::ffff:181.214.218.43 - - [28/Sep/2022:15:30:06 +0000] "POST /sendemail HTTP/1.0" 302 40 "http://wadokikai.org/?err=error#signup" "Mozilla/5.0 (Windows NT 10.0; WOW64) AppleWebKit/537.36 (KHTML, like Gecko) Chrome/90.0.4430.93 Safari/537.36"
::ffff:181.214.218.43 - - [28/Sep/2022:15:30:06 +0000] "GET /?err=error HTTP/1.0" 200 58692 "http://wadokikai.org/?err=error#signup" "Mozilla/5.0 (Windows NT 10.0; WOW64) AppleWebKit/537.36 (KHTML, like Gecko) Chrome/90.0.4430.93 Safari/537.36"
::ffff:181.214.218.43 - - [28/Sep/2022:15:30:08 +0000] "POST /sendemail HTTP/1.0" 302 40 "http://wadokikai.org/?err=error#signup" "Mozilla/5.0 (Windows NT 10.0; WOW64) AppleWebKit/537.36 (KHTML, like Gecko) Chrome/90.0.4430.93 Safari/537.36"
::ffff:66.249.66.65 - - [28/Sep/2022:15:37:24 +0000] "GET /robots.txt HTTP/1.1" 404 149 "-" "Mozilla/5.0 (compatible; Googlebot/2.1; +http://www.google.com/bot.html)"
::ffff:66.249.66.33 - - [28/Sep/2022:15:37:25 +0000] "GET / HTTP/1.1" 200 58140 "-" "Mozilla/5.0 (Linux; Android 6.0.1; Nexus 5X Build/MMB29P) AppleWebKit/537.36 (KHTML, like Gecko) Chrome/105.0.5195.125 Mobile Safari/537.36 (compatible; Googlebot/2.1; +http://www.google.com/bot.html)"
::ffff:66.249.66.63 - - [28/Sep/2022:15:37:28 +0000] "GET /css/wadokikai.css HTTP/1.1" 200 4337 "https://34.212.47.6/" "Mozilla/5.0 (Linux; Android 6.0.1; Nexus 5X Build/MMB29P) AppleWebKit/537.36 (KHTML, like Gecko) Chrome/105.0.5195.125 Mobile Safari/537.36 (compatible; Googlebot/2.1; +http://www.google.com/bot.html)"
::ffff:66.249.66.145 - - [28/Sep/2022:15:37:28 +0000] "GET /js/common.js HTTP/1.1" 200 2255 "https://34.212.47.6/" "Mozilla/5.0 (Linux; Android 6.0.1; Nexus 5X Build/MMB29P) AppleWebKit/537.36 (KHTML, like Gecko) Chrome/105.0.5195.125 Mobile Safari/537.36 (compatible; Googlebot/2.1; +http://www.google.com/bot.html)"
::ffff:157.55.39.137 - - [28/Sep/2022:15:39:24 +0000] "GET / HTTP/1.1" 200 58140 "-" "Mozilla/5.0 (compatible; bingbot/2.0; +http://www.bing.com/bingbot.htm)"
::ffff:66.249.68.36 - - [28/Sep/2022:15:51:01 +0000] "GET /contact HTTP/1.1" 200 10017 "-" "Mozilla/5.0 (Linux; Android 6.0.1; Nexus 5X Build/MMB29P) AppleWebKit/537.36 (KHTML, like Gecko) Chrome/105.0.5195.125 Mobile Safari/537.36 (compatible; Googlebot/2.1; +http://www.google.com/bot.html)"
::ffff:73.93.253.46 - - [28/Sep/2022:15:56:27 +0000] "GET /images/dragon-trans.png HTTP/1.1" 304 - "https://wadokikai.org/resources" "Mozilla/5.0 (Macintosh; Intel Mac OS X 10_15_7) AppleWebKit/605.1.15 (KHTML, like Gecko) Version/15.6.1 Safari/605.1.15"
::ffff:114.119.145.212 - - [28/Sep/2022:16:00:50 +0000] "GET /joinemail?type=promotions HTTP/1.1" 200 8841 "http://34.212.47.6/events" "Mozilla/5.0 (Linux; Android 7.0;) AppleWebKit/537.36 (KHTML, like Gecko) Mobile Safari/537.36 (compatible; PetalBot;+https://webmaster.petalsearch.com/site/petalbot)"
::ffff:95.214.235.205 - - [28/Sep/2022:16:02:54 +0000] "GET /.env HTTP/1.1" 404 143 "-" "Mozilla/5.0 (X11; Linux x86_64) AppleWebKit/537.36 (KHTML, like Gecko) Chrome/81.0.4044.129 Safari/537.36"
::ffff:95.214.235.205 - - [28/Sep/2022:16:02:54 +0000] "POST / HTTP/1.1" 404 140 "-" "Mozilla/5.0 (X11; Linux x86_64) AppleWebKit/537.36 (KHTML, like Gecko) Chrome/81.0.4044.129 Safari/537.36"
::ffff:134.209.225.94 - - [28/Sep/2022:16:05:26 +0000] "GET / HTTP/1.1" 200 58140 "-" "Mozilla/5.0 zgrab/0.x"
::ffff:66.249.79.82 - - [28/Sep/2022:16:05:51 +0000] "GET /ads.txt HTTP/1.1" 404 146 "-" "Mozilla/5.0 (compatible; Googlebot/2.1; +http://www.google.com/bot.html)"
::ffff:66.249.79.93 - - [28/Sep/2022:16:05:51 +0000] "GET /robots.txt HTTP/1.1" 404 149 "-" "Mozilla/5.0 (compatible; Googlebot/2.1; +http://www.google.com/bot.html)"
::ffff:66.249.79.93 - - [28/Sep/2022:16:05:51 +0000] "GET /ads.txt HTTP/1.1" 404 146 "-" "Mozilla/5.0 (compatible; Googlebot/2.1; +http://www.google.com/bot.html)"
::ffff:157.55.39.21 - - [28/Sep/2022:16:10:48 +0000] "GET /schools HTTP/1.1" 200 97308 "-" "Mozilla/5.0 (compatible; bingbot/2.0; +http://www.bing.com/bingbot.htm)"
::ffff:207.46.13.129 - - [28/Sep/2022:16:11:04 +0000] "GET /images/fbpic.webp HTTP/1.1" 200 986 "-" "Mozilla/5.0 (compatible; bingbot/2.0; +http://www.bing.com/bingbot.htm)"
::ffff:207.46.13.129 - - [28/Sep/2022:16:11:04 +0000] "GET /images/igpic.webp HTTP/1.1" 200 1328 "-" "Mozilla/5.0 (compatible; bingbot/2.0; +http://www.bing.com/bingbot.htm)"
::ffff:111.207.155.211 - - [28/Sep/2022:16:11:12 +0000] "GET /favicon.ico HTTP/1.1" 404 150 "-" "Mozilla/5.0 (Windows NT 10.0; Win64; x64) AppleWebKit/537.36 (KHTML, like Gecko) Chrome/93.0.4577.63 Safari/537.36"
::ffff:157.55.39.228 - - [28/Sep/2022:16:11:12 +0000] "GET /css/wadokikai.css HTTP/1.1" 200 4337 "-" "Mozilla/5.0 AppleWebKit/537.36 (KHTML, like Gecko; compatible; bingbot/2.0; +http://www.bing.com/bingbot.htm) Chrome/103.0.5060.134 Safari/537.36"
::ffff:67.160.201.88 - - [28/Sep/2022:16:13:19 +0000] "GET /favicon.ico HTTP/1.1" 404 150 "-" "Mozilla/5.0 (iPhone; CPU iPhone OS 15_6_1 like Mac OS X) AppleWebKit/605.1.15 (KHTML, like Gecko) FxiOS/40.2  Mobile/15E148 Safari/605.1.15"
::ffff:67.160.201.88 - - [28/Sep/2022:16:13:19 +0000] "GET /favicon.ico HTTP/1.1" 404 150 "-" "Mozilla/5.0 (iPhone; CPU iPhone OS 15_6_1 like Mac OS X) AppleWebKit/605.1.15 (KHTML, like Gecko) FxiOS/40.2  Mobile/15E148 Safari/605.1.15"
::ffff:67.160.201.88 - - [28/Sep/2022:16:13:21 +0000] "GET /favicon.ico HTTP/1.1" 404 150 "-" "Mozilla/5.0 (iPhone; CPU iPhone OS 15_6_1 like Mac OS X) AppleWebKit/605.1.15 (KHTML, like Gecko) FxiOS/40.2  Mobile/15E148 Safari/605.1.15"
::ffff:67.160.201.88 - - [28/Sep/2022:16:13:21 +0000] "GET /favicon.ico HTTP/1.1" 404 150 "-" "Mozilla/5.0 (iPhone; CPU iPhone OS 15_6_1 like Mac OS X) AppleWebKit/605.1.15 (KHTML, like Gecko) FxiOS/40.2  Mobile/15E148 Safari/605.1.15"
::ffff:67.160.201.88 - - [28/Sep/2022:16:13:21 +0000] "GET /favicon.ico HTTP/1.1" 404 150 "-" "Mozilla/5.0 (iPhone; CPU iPhone OS 15_6_1 like Mac OS X) AppleWebKit/605.1.15 (KHTML, like Gecko) FxiOS/40.2  Mobile/15E148 Safari/605.1.15"
::ffff:67.160.201.88 - - [28/Sep/2022:16:13:22 +0000] "GET /favicon.ico HTTP/1.1" 404 150 "-" "Mozilla/5.0 (iPhone; CPU iPhone OS 15_6_1 like Mac OS X) AppleWebKit/605.1.15 (KHTML, like Gecko) FxiOS/40.2  Mobile/15E148 Safari/605.1.15"
::ffff:67.160.201.88 - - [28/Sep/2022:16:13:22 +0000] "GET /favicon.ico HTTP/1.1" 404 150 "-" "Mozilla/5.0 (iPhone; CPU iPhone OS 15_6_1 like Mac OS X) AppleWebKit/605.1.15 (KHTML, like Gecko) FxiOS/40.2  Mobile/15E148 Safari/605.1.15"
::ffff:67.160.201.88 - - [28/Sep/2022:16:13:22 +0000] "GET /favicon.ico HTTP/1.1" 404 150 "-" "Mozilla/5.0 (iPhone; CPU iPhone OS 15_6_1 like Mac OS X) AppleWebKit/605.1.15 (KHTML, like Gecko) FxiOS/40.2  Mobile/15E148 Safari/605.1.15"
::ffff:67.160.201.88 - - [28/Sep/2022:16:13:27 +0000] "GET /favicon.ico HTTP/1.1" 404 150 "-" "Mozilla/5.0 (iPhone; CPU iPhone OS 15_6_1 like Mac OS X) AppleWebKit/605.1.15 (KHTML, like Gecko) FxiOS/40.2  Mobile/15E148 Safari/605.1.15"
::ffff:67.160.201.88 - - [28/Sep/2022:16:13:27 +0000] "GET /favicon.ico HTTP/1.1" 404 150 "-" "Mozilla/5.0 (iPhone; CPU iPhone OS 15_6_1 like Mac OS X) AppleWebKit/605.1.15 (KHTML, like Gecko) FxiOS/40.2  Mobile/15E148 Safari/605.1.15"
::ffff:67.160.201.88 - - [28/Sep/2022:16:13:27 +0000] "GET /favicon.ico HTTP/1.1" 404 150 "-" "Mozilla/5.0 (iPhone; CPU iPhone OS 15_6_1 like Mac OS X) AppleWebKit/605.1.15 (KHTML, like Gecko) FxiOS/40.2  Mobile/15E148 Safari/605.1.15"
::ffff:67.160.201.88 - - [28/Sep/2022:16:13:48 +0000] "GET /favicon.ico HTTP/1.1" 404 150 "-" "Mozilla/5.0 (iPhone; CPU iPhone OS 15_6_1 like Mac OS X) AppleWebKit/605.1.15 (KHTML, like Gecko) FxiOS/40.2  Mobile/15E148 Safari/605.1.15"
::ffff:67.160.201.88 - - [28/Sep/2022:16:13:49 +0000] "GET /favicon.ico HTTP/1.1" 404 150 "-" "Mozilla/5.0 (iPhone; CPU iPhone OS 15_6_1 like Mac OS X) AppleWebKit/605.1.15 (KHTML, like Gecko) FxiOS/40.2  Mobile/15E148 Safari/605.1.15"
::ffff:67.160.201.88 - - [28/Sep/2022:16:13:49 +0000] "GET /favicon.ico HTTP/1.1" 404 150 "-" "Mozilla/5.0 (iPhone; CPU iPhone OS 15_6_1 like Mac OS X) AppleWebKit/605.1.15 (KHTML, like Gecko) FxiOS/40.2  Mobile/15E148 Safari/605.1.15"
::ffff:67.160.201.88 - - [28/Sep/2022:16:13:49 +0000] "GET /favicon.ico HTTP/1.1" 404 150 "-" "Mozilla/5.0 (iPhone; CPU iPhone OS 15_6_1 like Mac OS X) AppleWebKit/605.1.15 (KHTML, like Gecko) FxiOS/40.2  Mobile/15E148 Safari/605.1.15"
::ffff:67.160.201.88 - - [28/Sep/2022:16:13:59 +0000] "GET /favicon.ico HTTP/1.1" 404 150 "-" "Mozilla/5.0 (iPhone; CPU iPhone OS 15_6_1 like Mac OS X) AppleWebKit/605.1.15 (KHTML, like Gecko) FxiOS/40.2  Mobile/15E148 Safari/605.1.15"
::ffff:67.160.201.88 - - [28/Sep/2022:16:14:00 +0000] "GET /favicon.ico HTTP/1.1" 404 150 "-" "Mozilla/5.0 (iPhone; CPU iPhone OS 15_6_1 like Mac OS X) AppleWebKit/605.1.15 (KHTML, like Gecko) FxiOS/40.2  Mobile/15E148 Safari/605.1.15"
::ffff:67.160.201.88 - - [28/Sep/2022:16:14:01 +0000] "GET /favicon.ico HTTP/1.1" 404 150 "-" "Mozilla/5.0 (iPhone; CPU iPhone OS 15_6_1 like Mac OS X) AppleWebKit/605.1.15 (KHTML, like Gecko) FxiOS/40.2  Mobile/15E148 Safari/605.1.15"
::ffff:67.160.201.88 - - [28/Sep/2022:16:14:01 +0000] "GET /favicon.ico HTTP/1.1" 404 150 "-" "Mozilla/5.0 (iPhone; CPU iPhone OS 15_6_1 like Mac OS X) AppleWebKit/605.1.15 (KHTML, like Gecko) FxiOS/40.2  Mobile/15E148 Safari/605.1.15"
::ffff:67.160.201.88 - - [28/Sep/2022:16:14:02 +0000] "GET /favicon.ico HTTP/1.1" 404 150 "-" "Mozilla/5.0 (iPhone; CPU iPhone OS 15_6_1 like Mac OS X) AppleWebKit/605.1.15 (KHTML, like Gecko) FxiOS/40.2  Mobile/15E148 Safari/605.1.15"
::ffff:67.160.201.88 - - [28/Sep/2022:16:14:02 +0000] "GET /favicon.ico HTTP/1.1" 404 150 "-" "Mozilla/5.0 (iPhone; CPU iPhone OS 15_6_1 like Mac OS X) AppleWebKit/605.1.15 (KHTML, like Gecko) FxiOS/40.2  Mobile/15E148 Safari/605.1.15"
::ffff:67.160.201.88 - - [28/Sep/2022:16:14:02 +0000] "GET /favicon.ico HTTP/1.1" 404 150 "-" "Mozilla/5.0 (iPhone; CPU iPhone OS 15_6_1 like Mac OS X) AppleWebKit/605.1.15 (KHTML, like Gecko) FxiOS/40.2  Mobile/15E148 Safari/605.1.15"
::ffff:67.160.201.88 - - [28/Sep/2022:16:14:02 +0000] "GET /favicon.ico HTTP/1.1" 404 150 "-" "Mozilla/5.0 (iPhone; CPU iPhone OS 15_6_1 like Mac OS X) AppleWebKit/605.1.15 (KHTML, like Gecko) FxiOS/40.2  Mobile/15E148 Safari/605.1.15"
::ffff:67.160.201.88 - - [28/Sep/2022:16:14:25 +0000] "GET /favicon.ico HTTP/1.1" 404 150 "-" "Mozilla/5.0 (iPhone; CPU iPhone OS 15_6_1 like Mac OS X) AppleWebKit/605.1.15 (KHTML, like Gecko) FxiOS/40.2  Mobile/15E148 Safari/605.1.15"
::ffff:67.160.201.88 - - [28/Sep/2022:16:14:25 +0000] "GET /favicon.ico HTTP/1.1" 404 150 "-" "Mozilla/5.0 (iPhone; CPU iPhone OS 15_6_1 like Mac OS X) AppleWebKit/605.1.15 (KHTML, like Gecko) FxiOS/40.2  Mobile/15E148 Safari/605.1.15"
::ffff:73.93.253.46 - - [28/Sep/2022:16:15:07 +0000] "GET /images/tiger.bmp HTTP/1.1" 304 - "https://wadokikai.org/resources" "Mozilla/5.0 (Macintosh; Intel Mac OS X 10_15_7) AppleWebKit/605.1.15 (KHTML, like Gecko) Version/15.6.1 Safari/605.1.15"
::ffff:37.139.53.82 - - [28/Sep/2022:16:30:25 +0000] "GET / HTTP/1.0" 200 58140 "http://wadokikai.net/" "Mozilla/5.0 (Windows NT 10.0; ) AppleWebKit/537.36 (KHTML, like Gecko) Chrome/83.0.4103.34 Safari/537.36 Edg/83.0.478.25"
::ffff:37.139.53.82 - - [28/Sep/2022:16:30:27 +0000] "POST /sendemail HTTP/1.0" 302 40 "http://wadokikai.net/" "Mozilla/5.0 (Windows NT 10.0; ) AppleWebKit/537.36 (KHTML, like Gecko) Chrome/83.0.4103.34 Safari/537.36 Edg/83.0.478.25"
::ffff:37.139.53.82 - - [28/Sep/2022:16:30:27 +0000] "GET /?err=error HTTP/1.0" 200 58692 "http://wadokikai.net/?err=error#signup" "Mozilla/5.0 (Windows NT 10.0; ) AppleWebKit/537.36 (KHTML, like Gecko) Chrome/83.0.4103.34 Safari/537.36 Edg/83.0.478.25"
::ffff:118.201.87.116 - - [28/Sep/2022:16:32:27 +0000] "GET http://34.212.47.6:80/phpMyAdmin-2.11.1.2/scripts/setup.php HTTP/1.0" 404 176 "-" "-"
::ffff:118.201.87.116 - - [28/Sep/2022:16:32:27 +0000] "GET http://34.212.47.6:80/mysql/scripts/setup.php HTTP/1.0" 404 162 "-" "-"
::ffff:118.201.87.116 - - [28/Sep/2022:16:32:27 +0000] "GET http://34.212.47.6:80/phpMyAdmin-2.11.7/scripts/setup.php HTTP/1.0" 404 174 "-" "-"
::ffff:118.201.87.116 - - [28/Sep/2022:16:32:27 +0000] "GET http://34.212.47.6:80/phpMyAdmin-2.11.4/scripts/setup.php HTTP/1.0" 404 174 "-" "-"
::ffff:118.201.87.116 - - [28/Sep/2022:16:32:27 +0000] "GET http://34.212.47.6:80/mysqladmin/scripts/setup.php HTTP/1.0" 404 167 "-" "-"
::ffff:118.201.87.116 - - [28/Sep/2022:16:32:27 +0000] "GET http://34.212.47.6:80/phpMyAdmin-2.11.3/scripts/setup.php HTTP/1.0" 404 174 "-" "-"
::ffff:118.201.87.116 - - [28/Sep/2022:16:32:27 +0000] "GET http://34.212.47.6:80/phpMyAdmin-2.8.0.2/scripts/setup.php HTTP/1.0" 404 175 "-" "-"
::ffff:118.201.87.116 - - [28/Sep/2022:16:32:27 +0000] "GET http://34.212.47.6:80/phpMyAdmin-2.11.9.2/scripts/setup.php HTTP/1.0" 404 176 "-" "-"
::ffff:118.201.87.116 - - [28/Sep/2022:16:32:27 +0000] "GET http://34.212.47.6:80/myadmin/scripts/setup.php HTTP/1.0" 404 164 "-" "-"
::ffff:118.201.87.116 - - [28/Sep/2022:16:32:27 +0000] "GET http://34.212.47.6:80/pma/scripts/setup.php HTTP/1.0" 404 160 "-" "-"
::ffff:118.201.87.116 - - [28/Sep/2022:16:32:27 +0000] "GET http://34.212.47.6:80/phpMyAdmin-2.10.2/scripts/setup.php HTTP/1.0" 404 174 "-" "-"
::ffff:118.201.87.116 - - [28/Sep/2022:16:32:28 +0000] "GET http://34.212.47.6:80/db/scripts/setup.php HTTP/1.0" 404 159 "-" "-"
::ffff:118.201.87.116 - - [28/Sep/2022:16:32:28 +0000] "GET http://34.212.47.6:80/phpMyAdmin/scripts/setup.php HTTP/1.0" 404 167 "-" "-"
::ffff:118.201.87.116 - - [28/Sep/2022:16:32:28 +0000] "GET http://34.212.47.6:80/phpMyAdmin2/scripts/setup.php HTTP/1.0" 404 168 "-" "-"
::ffff:118.201.87.116 - - [28/Sep/2022:16:32:28 +0000] "GET http://34.212.47.6:80/phpMyAdmin-2.11.0/scripts/setup.php HTTP/1.0" 404 174 "-" "-"
::ffff:118.201.87.116 - - [28/Sep/2022:16:32:28 +0000] "GET http://34.212.47.6:80/phpMyAdmin-2.10.0.2/scripts/setup.php HTTP/1.0" 404 176 "-" "-"
::ffff:118.201.87.116 - - [28/Sep/2022:16:32:28 +0000] "GET http://34.212.47.6:80/phpMyAdmin-2/scripts/setup.php HTTP/1.0" 404 169 "-" "-"
::ffff:118.201.87.116 - - [28/Sep/2022:16:32:28 +0000] "GET http://34.212.47.6:80/phpMyAdmin-2.10.3/scripts/setup.php HTTP/1.0" 404 174 "-" "-"
::ffff:152.89.196.211 - - [28/Sep/2022:16:35:38 +0000] "GET /?XDEBUG_SESSION_START=phpstorm HTTP/1.1" 200 58140 "-" "Mozilla/5.0 (Windows NT 10.0; Win64; x64) AppleWebKit/537.36 (KHTML, like Gecko) Chrome/78.0.3904.108 Safari/537.36"
::ffff:66.249.79.32 - - [28/Sep/2022:16:36:00 +0000] "GET / HTTP/1.1" 200 58140 "-" "Mozilla/5.0 (Linux; Android 6.0.1; Nexus 5X Build/MMB29P) AppleWebKit/537.36 (KHTML, like Gecko) Chrome/105.0.5195.125 Mobile Safari/537.36 (compatible; Googlebot/2.1; +http://www.google.com/bot.html)"
::ffff:114.119.145.19 - - [28/Sep/2022:16:36:35 +0000] "GET /contact?s=1&ss=3 HTTP/1.1" 200 9997 "http://34.212.47.6/" "Mozilla/5.0 (Linux; Android 7.0;) AppleWebKit/537.36 (KHTML, like Gecko) Mobile Safari/537.36 (compatible; PetalBot;+https://webmaster.petalsearch.com/site/petalbot)"
::ffff:135.125.217.54 - - [28/Sep/2022:16:37:17 +0000] "POST / HTTP/1.1" 404 140 "-" "Mozilla/5.0 (X11; Linux x86_64) AppleWebKit/537.36 (KHTML, like Gecko) Chrome/81.0.4044.129 Safari/537.36"
::ffff:135.125.217.54 - - [28/Sep/2022:16:37:17 +0000] "GET /.env HTTP/1.1" 404 143 "-" "Mozilla/5.0 (X11; Linux x86_64) AppleWebKit/537.36 (KHTML, like Gecko) Chrome/81.0.4044.129 Safari/537.36"
::ffff:73.93.253.46 - - [28/Sep/2022:16:52:27 +0000] "GET /images/tiger.bmp HTTP/1.1" 304 - "https://wadokikai.org/resources" "Mozilla/5.0 (Macintosh; Intel Mac OS X 10_15_7) AppleWebKit/605.1.15 (KHTML, like Gecko) Version/15.6.1 Safari/605.1.15"
::ffff:43.138.16.192 - - [28/Sep/2022:16:58:45 +0000] "GET http://34.212.47.6:80/db/scripts/setup.php HTTP/1.0" 404 159 "-" "-"
::ffff:43.138.16.192 - - [28/Sep/2022:16:58:45 +0000] "GET http://34.212.47.6:80/pma/scripts/setup.php HTTP/1.0" 404 160 "-" "-"
::ffff:43.138.16.192 - - [28/Sep/2022:16:58:45 +0000] "GET http://34.212.47.6:80/phpMyAdmin/scripts/setup.php HTTP/1.0" 404 167 "-" "-"
::ffff:43.138.16.192 - - [28/Sep/2022:16:58:45 +0000] "GET http://34.212.47.6:80/mysql/scripts/setup.php HTTP/1.0" 404 162 "-" "-"
::ffff:73.93.253.46 - - [28/Sep/2022:17:11:06 +0000] "GET /images/dragon-trans.png HTTP/1.1" 304 - "https://wadokikai.org/resources" "Mozilla/5.0 (Macintosh; Intel Mac OS X 10_15_7) AppleWebKit/605.1.15 (KHTML, like Gecko) Version/15.6.1 Safari/605.1.15"
::ffff:37.139.53.82 - - [28/Sep/2022:17:12:42 +0000] "GET / HTTP/1.0" 200 58140 "http://wadokikai.org/" "Mozilla/5.0 (Windows NT 6.1; ) AppleWebKit/537.36 (KHTML, like Gecko) Chrome/83.0.4103.61 Safari/537.36"
::ffff:37.139.53.82 - - [28/Sep/2022:17:12:42 +0000] "POST /sendemail HTTP/1.0" 302 40 "http://wadokikai.org/" "Mozilla/5.0 (Windows NT 6.1; ) AppleWebKit/537.36 (KHTML, like Gecko) Chrome/83.0.4103.61 Safari/537.36"
::ffff:37.139.53.82 - - [28/Sep/2022:17:12:43 +0000] "GET /?err=error HTTP/1.0" 200 58692 "http://wadokikai.org/?err=error#signup" "Mozilla/5.0 (Windows NT 6.1; ) AppleWebKit/537.36 (KHTML, like Gecko) Chrome/83.0.4103.61 Safari/537.36"
::ffff:207.46.13.198 - - [28/Sep/2022:17:15:03 +0000] "GET /images/instructors/jorge8th.jpg HTTP/1.1" 200 121759 "-" "Mozilla/5.0 (compatible; bingbot/2.0; +http://www.bing.com/bingbot.htm)"
::ffff:66.249.68.32 - - [28/Sep/2022:17:21:01 +0000] "GET / HTTP/1.1" 200 58140 "-" "Mozilla/5.0 (Linux; Android 6.0.1; Nexus 5X Build/MMB29P) AppleWebKit/537.36 (KHTML, like Gecko) Chrome/105.0.5195.125 Mobile Safari/537.36 (compatible; Googlebot/2.1; +http://www.google.com/bot.html)"
::ffff:73.93.253.46 - - [28/Sep/2022:17:48:26 +0000] "GET /images/dragon-trans.png HTTP/1.1" 304 - "https://wadokikai.org/resources" "Mozilla/5.0 (Macintosh; Intel Mac OS X 10_15_7) AppleWebKit/605.1.15 (KHTML, like Gecko) Version/15.6.1 Safari/605.1.15"
::ffff:40.77.167.70 - - [28/Sep/2022:17:50:58 +0000] "GET /images/emptyHand.jpg HTTP/1.1" 404 159 "-" "Mozilla/5.0 AppleWebKit/537.36 (KHTML, like Gecko; compatible; bingbot/2.0; +http://www.bing.com/bingbot.htm) Chrome/103.0.5060.134 Safari/537.36"
::ffff:216.244.66.196 - - [28/Sep/2022:17:52:47 +0000] "GET /robots.txt HTTP/1.1" 404 149 "-" "Mozilla/5.0 (compatible; DotBot/1.2; +https://opensiteexplorer.org/dotbot; help@moz.com)"
::ffff:135.125.217.54 - - [28/Sep/2022:17:52:59 +0000] "POST / HTTP/1.1" 404 140 "-" "Mozilla/5.0 (X11; Linux x86_64) AppleWebKit/537.36 (KHTML, like Gecko) Chrome/81.0.4044.129 Safari/537.36"
::ffff:135.125.217.54 - - [28/Sep/2022:17:52:59 +0000] "GET /.env HTTP/1.1" 404 143 "-" "Mozilla/5.0 (X11; Linux x86_64) AppleWebKit/537.36 (KHTML, like Gecko) Chrome/81.0.4044.129 Safari/537.36"
::ffff:216.244.66.196 - - [28/Sep/2022:17:56:12 +0000] "GET /schoolsandschedules.php HTTP/1.1" 404 162 "-" "Mozilla/5.0 (compatible; DotBot/1.2; +https://opensiteexplorer.org/dotbot; help@moz.com)"
::ffff:131.89.195.91 - - [28/Sep/2022:18:00:40 +0000] "GET /images/dragon-trans.png HTTP/1.1" 200 85661 "http://www.wadokikai.org/?fbclid=IwAR3Zdv-8R7tNq1afx6em1ldCb3vwOzLhqs8ruf1ntDwk33rUxceKSaYh5TY" "Mozilla/5.0 (Macintosh; Intel Mac OS X 10_15_7) AppleWebKit/537.36 (KHTML, like Gecko) Chrome/105.0.0.0 Safari/537.36"
::ffff:20.110.45.212 - - [28/Sep/2022:18:01:12 +0000] "GET /.env HTTP/1.1" 404 143 "-" "Mozilla/5.0 (X11; Linux x86_64) AppleWebKit/537.36 (KHTML, like Gecko) Chrome/81.0.4044.129 Safari/537.36"
::ffff:20.110.45.212 - - [28/Sep/2022:18:01:14 +0000] "POST / HTTP/1.1" 404 140 "-" "Mozilla/5.0 (X11; Linux x86_64) AppleWebKit/537.36 (KHTML, like Gecko) Chrome/81.0.4044.129 Safari/537.36"
::ffff:131.89.195.91 - - [28/Sep/2022:18:01:38 +0000] "GET /images/tiger.bmp HTTP/1.1" 200 311274 "http://www.wadokikai.org/?fbclid=IwAR3Zdv-8R7tNq1afx6em1ldCb3vwOzLhqs8ruf1ntDwk33rUxceKSaYh5TY" "Mozilla/5.0 (Macintosh; Intel Mac OS X 10_15_7) AppleWebKit/537.36 (KHTML, like Gecko) Chrome/105.0.0.0 Safari/537.36"
::ffff:207.46.13.200 - - [28/Sep/2022:18:02:33 +0000] "GET /images/schools/manzanitakaratedo.jpg HTTP/1.1" 200 1829058 "-" "Mozilla/5.0 (compatible; bingbot/2.0; +http://www.bing.com/bingbot.htm)"
::ffff:128.14.134.170 - - [28/Sep/2022:18:04:16 +0000] "GET / HTTP/1.1" 200 58140 "-" "Mozilla/5.0 (Windows NT 10.0; Win64; x64) AppleWebKit/537.36 (KHTML, like Gecko) Chrome/60.0.3112.113 Safari/537.36"
::ffff:128.14.134.170 - - [28/Sep/2022:18:04:17 +0000] "GET /showLogin.cc HTTP/1.1" 404 151 "-" "Mozilla/5.0 (Windows NT 10.0; Win64; x64) AppleWebKit/537.36 (KHTML, like Gecko) Chrome/60.0.3112.113 Safari/537.36"
::ffff:152.89.196.211 - - [28/Sep/2022:18:05:30 +0000] "POST /cgi-bin/.%2e/.%2e/.%2e/.%2e/bin/sh HTTP/1.1" 404 174 "-" "Mozilla/5.0 (Windows NT 10.0; Win64; x64) AppleWebKit/537.36 (KHTML, like Gecko) Chrome/78.0.3904.108 Safari/537.36"
::ffff:95.214.235.205 - - [28/Sep/2022:18:13:05 +0000] "GET /.env HTTP/1.1" 404 143 "-" "Mozilla/5.0 (X11; Linux x86_64) AppleWebKit/537.36 (KHTML, like Gecko) Chrome/81.0.4044.129 Safari/537.36"
::ffff:95.214.235.205 - - [28/Sep/2022:18:13:06 +0000] "POST / HTTP/1.1" 404 140 "-" "Mozilla/5.0 (X11; Linux x86_64) AppleWebKit/537.36 (KHTML, like Gecko) Chrome/81.0.4044.129 Safari/537.36"
::ffff:207.46.13.135 - - [28/Sep/2022:18:33:43 +0000] "GET /images/instructors/amastroianni.jpg HTTP/1.1" 200 78389 "-" "Mozilla/5.0 (compatible; bingbot/2.0; +http://www.bing.com/bingbot.htm)"
::ffff:73.93.253.46 - - [28/Sep/2022:18:34:18 +0000] "GET /images/dragon-trans.png HTTP/1.1" 304 - "https://wadokikai.org/resources" "Mozilla/5.0 (Macintosh; Intel Mac OS X 10_15_7) AppleWebKit/605.1.15 (KHTML, like Gecko) Version/15.6.1 Safari/605.1.15"
::ffff:94.103.83.34 - - [28/Sep/2022:18:39:48 +0000] "GET http://34.212.47.6:80/phpMyAdmin-2.11.3/scripts/setup.php HTTP/1.0" 404 174 "-" "-"
::ffff:94.103.83.34 - - [28/Sep/2022:18:39:49 +0000] "GET http://34.212.47.6:80/db/scripts/setup.php HTTP/1.0" 404 159 "-" "-"
::ffff:94.103.83.34 - - [28/Sep/2022:18:39:49 +0000] "GET http://34.212.47.6:80/phpMyAdmin2/scripts/setup.php HTTP/1.0" 404 168 "-" "-"
::ffff:94.103.83.34 - - [28/Sep/2022:18:39:49 +0000] "GET http://34.212.47.6:80/mysqladmin/scripts/setup.php HTTP/1.0" 404 167 "-" "-"
::ffff:94.103.83.34 - - [28/Sep/2022:18:39:49 +0000] "GET http://34.212.47.6:80/phpMyAdmin/scripts/setup.php HTTP/1.0" 404 167 "-" "-"
::ffff:94.103.83.34 - - [28/Sep/2022:18:39:49 +0000] "GET http://34.212.47.6:80/phpMyAdmin-2.10.3/scripts/setup.php HTTP/1.0" 404 174 "-" "-"
::ffff:94.103.83.34 - - [28/Sep/2022:18:39:49 +0000] "GET http://34.212.47.6:80/pma/scripts/setup.php HTTP/1.0" 404 160 "-" "-"
::ffff:94.103.83.34 - - [28/Sep/2022:18:39:49 +0000] "GET http://34.212.47.6:80/mysql/scripts/setup.php HTTP/1.0" 404 162 "-" "-"
::ffff:94.103.83.34 - - [28/Sep/2022:18:39:49 +0000] "GET http://34.212.47.6:80/phpMyAdmin-2.10.2/scripts/setup.php HTTP/1.0" 404 174 "-" "-"
::ffff:94.103.83.34 - - [28/Sep/2022:18:39:49 +0000] "GET http://34.212.47.6:80/myadmin/scripts/setup.php HTTP/1.0" 404 164 "-" "-"
::ffff:94.103.83.34 - - [28/Sep/2022:18:39:49 +0000] "GET http://34.212.47.6:80/phpMyAdmin-2.8.0.2/scripts/setup.php HTTP/1.0" 404 175 "-" "-"
::ffff:94.103.83.34 - - [28/Sep/2022:18:39:49 +0000] "GET http://34.212.47.6:80/phpMyAdmin-2.11.9.2/scripts/setup.php HTTP/1.0" 404 176 "-" "-"
::ffff:94.103.83.34 - - [28/Sep/2022:18:39:49 +0000] "GET http://34.212.47.6:80/phpMyAdmin-2.11.4/scripts/setup.php HTTP/1.0" 404 174 "-" "-"
::ffff:94.103.83.34 - - [28/Sep/2022:18:39:49 +0000] "GET http://34.212.47.6:80/phpMyAdmin-2.11.1.2/scripts/setup.php HTTP/1.0" 404 176 "-" "-"
::ffff:94.103.83.34 - - [28/Sep/2022:18:39:49 +0000] "GET http://34.212.47.6:80/phpMyAdmin-2.11.0/scripts/setup.php HTTP/1.0" 404 174 "-" "-"
::ffff:94.103.83.34 - - [28/Sep/2022:18:39:49 +0000] "GET http://34.212.47.6:80/phpMyAdmin-2.10.0.2/scripts/setup.php HTTP/1.0" 404 176 "-" "-"
::ffff:94.103.83.34 - - [28/Sep/2022:18:39:49 +0000] "GET http://34.212.47.6:80/phpMyAdmin-2.11.7/scripts/setup.php HTTP/1.0" 404 174 "-" "-"
::ffff:94.103.83.34 - - [28/Sep/2022:18:39:49 +0000] "GET http://34.212.47.6:80/phpMyAdmin-2/scripts/setup.php HTTP/1.0" 404 169 "-" "-"
::ffff:216.244.66.196 - - [28/Sep/2022:18:45:50 +0000] "GET /robots.txt HTTP/1.1" 404 149 "-" "Mozilla/5.0 (compatible; DotBot/1.2; +https://opensiteexplorer.org/dotbot; help@moz.com)"
::ffff:216.244.66.196 - - [28/Sep/2022:18:47:19 +0000] "GET /schools HTTP/1.1" 200 97308 "-" "Mozilla/5.0 (compatible; DotBot/1.2; +https://opensiteexplorer.org/dotbot; help@moz.com)"
::ffff:216.244.66.196 - - [28/Sep/2022:18:47:26 +0000] "GET /contact?s=1&ss=8 HTTP/1.1" 200 9997 "-" "Mozilla/5.0 (compatible; DotBot/1.2; +https://opensiteexplorer.org/dotbot; help@moz.com)"
::ffff:44.195.30.38 - - [28/Sep/2022:18:51:22 +0000] "GET /vod_installer/.env HTTP/1.1" 404 157 "-" "Mozilla/5.0 (Windows NT 10.0; Win64; x64; rv:73.0) Gecko/20100101 Firefox/73.0"
::ffff:44.195.30.38 - - [28/Sep/2022:18:51:22 +0000] "GET /login/.env HTTP/1.1" 404 149 "-" "Mozilla/5.0 (Windows NT 10.0; Win64; x64; rv:73.0) Gecko/20100101 Firefox/73.0"
::ffff:44.195.30.38 - - [28/Sep/2022:18:51:22 +0000] "GET /apps/.env HTTP/1.1" 404 148 "-" "Mozilla/5.0 (Windows NT 10.0; Win64; x64; rv:73.0) Gecko/20100101 Firefox/73.0"
::ffff:44.195.30.38 - - [28/Sep/2022:18:51:22 +0000] "GET /docker/.env HTTP/1.1" 404 150 "-" "Mozilla/5.0 (Windows NT 10.0; Win64; x64; rv:73.0) Gecko/20100101 Firefox/73.0"
::ffff:44.195.30.38 - - [28/Sep/2022:18:51:22 +0000] "GET /engine/.env HTTP/1.1" 404 150 "-" "Mozilla/5.0 (Windows NT 10.0; Win64; x64; rv:73.0) Gecko/20100101 Firefox/73.0"
::ffff:44.195.30.38 - - [28/Sep/2022:18:51:22 +0000] "GET /vue/.env HTTP/1.1" 404 147 "-" "Mozilla/5.0 (Windows NT 10.0; Win64; x64; rv:73.0) Gecko/20100101 Firefox/73.0"
::ffff:44.195.30.38 - - [28/Sep/2022:18:51:22 +0000] "GET /development/.env HTTP/1.1" 404 155 "-" "Mozilla/5.0 (Windows NT 10.0; Win64; x64; rv:73.0) Gecko/20100101 Firefox/73.0"
::ffff:44.195.30.38 - - [28/Sep/2022:18:51:22 +0000] "GET /system/.env HTTP/1.1" 404 150 "-" "Mozilla/5.0 (Windows NT 10.0; Win64; x64; rv:73.0) Gecko/20100101 Firefox/73.0"
::ffff:44.195.30.38 - - [28/Sep/2022:18:51:23 +0000] "GET /admin/.env HTTP/1.1" 404 149 "-" "Mozilla/5.0 (Windows NT 10.0; Win64; x64; rv:73.0) Gecko/20100101 Firefox/73.0"
::ffff:44.195.30.38 - - [28/Sep/2022:18:51:23 +0000] "GET /deployment/.env HTTP/1.1" 404 154 "-" "Mozilla/5.0 (Windows NT 10.0; Win64; x64; rv:73.0) Gecko/20100101 Firefox/73.0"
::ffff:44.195.30.38 - - [28/Sep/2022:18:51:23 +0000] "GET /app/.env HTTP/1.1" 404 147 "-" "Mozilla/5.0 (Windows NT 10.0; Win64; x64; rv:73.0) Gecko/20100101 Firefox/73.0"
::ffff:44.195.30.38 - - [28/Sep/2022:18:51:23 +0000] "GET /backend/.env HTTP/1.1" 404 151 "-" "Mozilla/5.0 (Windows NT 10.0; Win64; x64; rv:73.0) Gecko/20100101 Firefox/73.0"
::ffff:44.195.30.38 - - [28/Sep/2022:18:51:23 +0000] "GET /dependencies/.env HTTP/1.1" 404 156 "-" "Mozilla/5.0 (Windows NT 10.0; Win64; x64; rv:73.0) Gecko/20100101 Firefox/73.0"
::ffff:44.195.30.38 - - [28/Sep/2022:18:51:23 +0000] "GET /laravel/.env HTTP/1.1" 404 151 "-" "Mozilla/5.0 (Windows NT 10.0; Win64; x64; rv:73.0) Gecko/20100101 Firefox/73.0"
::ffff:44.195.30.38 - - [28/Sep/2022:18:51:23 +0000] "GET /auth/.env HTTP/1.1" 404 148 "-" "Mozilla/5.0 (Windows NT 10.0; Win64; x64; rv:73.0) Gecko/20100101 Firefox/73.0"
::ffff:44.195.30.38 - - [28/Sep/2022:18:51:24 +0000] "GET /personal/.env HTTP/1.1" 404 152 "-" "Mozilla/5.0 (Windows NT 10.0; Win64; x64; rv:73.0) Gecko/20100101 Firefox/73.0"
::ffff:44.195.30.38 - - [28/Sep/2022:18:51:24 +0000] "GET /framework/.env HTTP/1.1" 404 153 "-" "Mozilla/5.0 (Windows NT 10.0; Win64; x64; rv:73.0) Gecko/20100101 Firefox/73.0"
::ffff:44.195.30.38 - - [28/Sep/2022:18:51:24 +0000] "GET /cp/.env HTTP/1.1" 404 146 "-" "Mozilla/5.0 (Windows NT 10.0; Win64; x64; rv:73.0) Gecko/20100101 Firefox/73.0"
::ffff:44.195.30.38 - - [28/Sep/2022:18:51:24 +0000] "GET /shared/.env HTTP/1.1" 404 150 "-" "Mozilla/5.0 (Windows NT 10.0; Win64; x64; rv:73.0) Gecko/20100101 Firefox/73.0"
::ffff:44.195.30.38 - - [28/Sep/2022:18:51:24 +0000] "GET /server/.env HTTP/1.1" 404 150 "-" "Mozilla/5.0 (Windows NT 10.0; Win64; x64; rv:73.0) Gecko/20100101 Firefox/73.0"
::ffff:44.195.30.38 - - [28/Sep/2022:18:51:24 +0000] "GET /local/.env HTTP/1.1" 404 149 "-" "Mozilla/5.0 (Windows NT 10.0; Win64; x64; rv:73.0) Gecko/20100101 Firefox/73.0"
::ffff:44.195.30.38 - - [28/Sep/2022:18:51:24 +0000] "GET /private/.env HTTP/1.1" 404 151 "-" "Mozilla/5.0 (Windows NT 10.0; Win64; x64; rv:73.0) Gecko/20100101 Firefox/73.0"
::ffff:44.195.30.38 - - [28/Sep/2022:18:51:24 +0000] "GET /web/.env HTTP/1.1" 404 147 "-" "Mozilla/5.0 (Windows NT 10.0; Win64; x64; rv:73.0) Gecko/20100101 Firefox/73.0"
::ffff:44.195.30.38 - - [28/Sep/2022:18:51:25 +0000] "GET /search/.env HTTP/1.1" 404 150 "-" "Mozilla/5.0 (Windows NT 10.0; Win64; x64; rv:73.0) Gecko/20100101 Firefox/73.0"
::ffff:44.195.30.38 - - [28/Sep/2022:18:51:25 +0000] "GET /document/.env HTTP/1.1" 404 152 "-" "Mozilla/5.0 (Windows NT 10.0; Win64; x64; rv:73.0) Gecko/20100101 Firefox/73.0"
::ffff:44.195.30.38 - - [28/Sep/2022:18:51:25 +0000] "GET /src/.env HTTP/1.1" 404 147 "-" "Mozilla/5.0 (Windows NT 10.0; Win64; x64; rv:73.0) Gecko/20100101 Firefox/73.0"
::ffff:44.195.30.38 - - [28/Sep/2022:18:51:25 +0000] "GET /master/.env HTTP/1.1" 404 150 "-" "Mozilla/5.0 (Windows NT 10.0; Win64; x64; rv:73.0) Gecko/20100101 Firefox/73.0"
::ffff:44.195.30.38 - - [28/Sep/2022:18:51:25 +0000] "GET /application/.env HTTP/1.1" 404 155 "-" "Mozilla/5.0 (Windows NT 10.0; Win64; x64; rv:73.0) Gecko/20100101 Firefox/73.0"
::ffff:44.195.30.38 - - [28/Sep/2022:18:51:25 +0000] "GET /frontend/.env HTTP/1.1" 404 152 "-" "Mozilla/5.0 (Windows NT 10.0; Win64; x64; rv:73.0) Gecko/20100101 Firefox/73.0"
::ffff:44.195.30.38 - - [28/Sep/2022:18:51:25 +0000] "GET /project/.env HTTP/1.1" 404 151 "-" "Mozilla/5.0 (Windows NT 10.0; Win64; x64; rv:73.0) Gecko/20100101 Firefox/73.0"
::ffff:44.195.30.38 - - [28/Sep/2022:18:51:26 +0000] "GET /rest/.env HTTP/1.1" 404 148 "-" "Mozilla/5.0 (Windows NT 10.0; Win64; x64; rv:73.0) Gecko/20100101 Firefox/73.0"
::ffff:44.195.30.38 - - [28/Sep/2022:18:51:26 +0000] "GET /protected/.env HTTP/1.1" 404 153 "-" "Mozilla/5.0 (Windows NT 10.0; Win64; x64; rv:73.0) Gecko/20100101 Firefox/73.0"
::ffff:44.195.30.38 - - [28/Sep/2022:18:51:26 +0000] "GET /dev/.env HTTP/1.1" 404 147 "-" "Mozilla/5.0 (Windows NT 10.0; Win64; x64; rv:73.0) Gecko/20100101 Firefox/73.0"
::ffff:44.195.30.38 - - [28/Sep/2022:18:51:26 +0000] "GET /site/.env HTTP/1.1" 404 148 "-" "Mozilla/5.0 (Windows NT 10.0; Win64; x64; rv:73.0) Gecko/20100101 Firefox/73.0"
::ffff:44.195.30.38 - - [28/Sep/2022:18:51:26 +0000] "GET /back/.env HTTP/1.1" 404 148 "-" "Mozilla/5.0 (Windows NT 10.0; Win64; x64; rv:73.0) Gecko/20100101 Firefox/73.0"
::ffff:44.195.30.38 - - [28/Sep/2022:18:51:26 +0000] "GET /api/.env HTTP/1.1" 404 147 "-" "Mozilla/5.0 (Windows NT 10.0; Win64; x64; rv:73.0) Gecko/20100101 Firefox/73.0"
::ffff:44.195.30.38 - - [28/Sep/2022:18:51:26 +0000] "GET /laravel-artisa/.env HTTP/1.1" 404 158 "-" "Mozilla/5.0 (Windows NT 10.0; Win64; x64; rv:73.0) Gecko/20100101 Firefox/73.0"
::ffff:44.195.30.38 - - [28/Sep/2022:18:51:26 +0000] "GET /config/.env HTTP/1.1" 404 150 "-" "Mozilla/5.0 (Windows NT 10.0; Win64; x64; rv:73.0) Gecko/20100101 Firefox/73.0"
::ffff:44.195.30.38 - - [28/Sep/2022:18:51:27 +0000] "GET /cli/.env HTTP/1.1" 404 147 "-" "Mozilla/5.0 (Windows NT 10.0; Win64; x64; rv:73.0) Gecko/20100101 Firefox/73.0"
::ffff:44.195.30.38 - - [28/Sep/2022:18:51:27 +0000] "GET /core/.env HTTP/1.1" 404 148 "-" "Mozilla/5.0 (Windows NT 10.0; Win64; x64; rv:73.0) Gecko/20100101 Firefox/73.0"
::ffff:135.125.217.54 - - [28/Sep/2022:18:52:13 +0000] "POST / HTTP/1.1" 404 140 "-" "Mozilla/5.0 (X11; Linux x86_64) AppleWebKit/537.36 (KHTML, like Gecko) Chrome/81.0.4044.129 Safari/537.36"
::ffff:135.125.217.54 - - [28/Sep/2022:18:52:13 +0000] "GET /.env HTTP/1.1" 404 143 "-" "Mozilla/5.0 (X11; Linux x86_64) AppleWebKit/537.36 (KHTML, like Gecko) Chrome/81.0.4044.129 Safari/537.36"
::ffff:157.55.39.207 - - [28/Sep/2022:18:52:29 +0000] "GET /images/instructors/carlos.jpg HTTP/1.1" 200 21431 "-" "Mozilla/5.0 (compatible; bingbot/2.0; +http://www.bing.com/bingbot.htm)"
::ffff:152.89.196.211 - - [28/Sep/2022:18:56:42 +0000] "GET / HTTP/1.1" 200 58140 "-" "Mozilla/5.0 (Windows NT 10.0; Win64; x64) AppleWebKit/537.36 (KHTML, like Gecko) Chrome/78.0.3904.108 Safari/537.36"
::ffff:114.119.135.187 - - [28/Sep/2022:18:57:20 +0000] "GET /schools HTTP/1.1" 200 97308 "http://www.wadokikai.net/" "Mozilla/5.0 (Linux; Android 7.0;) AppleWebKit/537.36 (KHTML, like Gecko) Mobile Safari/537.36 (compatible; PetalBot;+https://webmaster.petalsearch.com/site/petalbot)"
::ffff:73.93.253.46 - - [28/Sep/2022:18:57:56 +0000] "GET /images/tiger.bmp HTTP/1.1" 304 - "https://wadokikai.org/resources" "Mozilla/5.0 (Macintosh; Intel Mac OS X 10_15_7) AppleWebKit/605.1.15 (KHTML, like Gecko) Version/15.6.1 Safari/605.1.15"
::ffff:185.180.143.80 - - [28/Sep/2022:18:58:04 +0000] "GET / HTTP/1.1" 200 58140 "-" "Mozilla/5.0 (Windows NT 10.0; Win64; x64) AppleWebKit/537.36 (KHTML, like Gecko) Chrome/60.0.3112.113 Safari/537.36"
::ffff:146.0.77.38 - - [28/Sep/2022:18:59:02 +0000] "GET / HTTP/1.0" 200 58140 "-" "-"
::ffff:146.0.77.38 - - [28/Sep/2022:18:59:03 +0000] "GET /aspnet-ajax/Telerik.Web.UI.WebResource.axd?type=rau HTTP/1.1" 404 181 "-" "curl/7.54.0"
::ffff:146.0.77.38 - - [28/Sep/2022:18:59:03 +0000] "GET /autodiscover/autodiscover.json?@abc.com/owa/?&Email=autodiscover/autodiscover.json%3F@abc.com HTTP/1.1" 404 169 "-" "curl/7.54.0"
::ffff:146.0.77.38 - - [28/Sep/2022:18:59:03 +0000] "POST /ui/h5-vsan/rest/proxy/service/com.vmware.vsan.client.services.capability.VsanCapabilityProvider/getClusterCapabilityData HTTP/1.1" 404 260 "-" "curl/7.54.0"
::ffff:146.0.77.38 - - [28/Sep/2022:18:59:03 +0000] "GET /logon/LogonPoint/tmindex.html HTTP/1.1" 404 168 "-" "Mozilla/4.0 (compatible; MSIE 6.0; Windows NT 5.1)"
::ffff:146.0.77.38 - - [28/Sep/2022:18:59:03 +0000] "GET /owa HTTP/1.1" 404 142 "-" "Mozilla/5.0 (Exchange check)"
::ffff:146.0.77.38 - - [28/Sep/2022:18:59:03 +0000] "GET /tmui/login.jsp/..;/tmui/locallb/workspace/fileRead.jsp?fileName=/etc/passwd HTTP/1.1" 404 193 "-" "curl/7.54.0"
::ffff:146.0.77.38 - - [28/Sep/2022:18:59:03 +0000] "GET /dana-na/../dana/html5acc/guacamole/../../../../../../etc/passwd?/dana/html5acc/guacamole/ HTTP/1.1" 404 202 "-" "Mozilla/4.0 (compatible; MSIE 6.0; Windows NT 5.1)"
::ffff:146.0.77.38 - - [28/Sep/2022:18:59:03 +0000] "GET /remote/fgt_lang?lang=/../../../..//////////dev/cmdb/sslvpn_websession HTTP/1.1" 404 154 "-" "curl/7.54.0"
::ffff:146.0.77.38 - - [28/Sep/2022:18:59:03 +0000] "GET / HTTP/1.1" 200 58140 "-" "curl/7.54.0"
::ffff:146.0.77.38 - - [28/Sep/2022:18:59:03 +0000] "GET /Telerik.Web.UI.WebResource.axd?type=rau HTTP/1.1" 404 169 "-" "curl/7.54.0"
::ffff:190.104.182.20 - - [28/Sep/2022:19:00:28 +0000] "GET /phpMyAdmin3/index.php?lang=en HTTP/1.1" 404 160 "-" "Mozilla/5.0 (Windows NT 10.0; Win64; x64) AppleWebKit/537.36 (KHTML, like Gecko) Chrome/99.0.4844.51 Safari/537.36"
::ffff:190.104.182.20 - - [28/Sep/2022:19:00:28 +0000] "GET /dbadmin/index.php?lang=en HTTP/1.1" 404 156 "-" "Mozilla/5.0 (Windows NT 10.0; Win64; x64) AppleWebKit/537.36 (KHTML, like Gecko) Chrome/99.0.4844.51 Safari/537.36"
::ffff:190.104.182.20 - - [28/Sep/2022:19:00:28 +0000] "GET /db/phpmyadmin4/index.php?lang=en HTTP/1.1" 404 163 "-" "Mozilla/5.0 (Windows NT 10.0; Win64; x64) AppleWebKit/537.36 (KHTML, like Gecko) Chrome/99.0.4844.51 Safari/537.36"
::ffff:190.104.182.20 - - [28/Sep/2022:19:00:28 +0000] "GET /mysql/web/index.php?lang=en HTTP/1.1" 404 158 "-" "Mozilla/5.0 (Windows NT 10.0; Win64; x64) AppleWebKit/537.36 (KHTML, like Gecko) Chrome/99.0.4844.51 Safari/537.36"
::ffff:190.104.182.20 - - [28/Sep/2022:19:00:29 +0000] "GET /phpMyAdmin_/index.php?lang=en HTTP/1.1" 404 160 "-" "Mozilla/5.0 (Windows NT 10.0; Win64; x64) AppleWebKit/537.36 (KHTML, like Gecko) Chrome/99.0.4844.51 Safari/537.36"
::ffff:190.104.182.20 - - [28/Sep/2022:19:00:29 +0000] "GET /sql/phpmyadmin3/index.php?lang=en HTTP/1.1" 404 164 "-" "Mozilla/5.0 (Windows NT 10.0; Win64; x64) AppleWebKit/537.36 (KHTML, like Gecko) Chrome/99.0.4844.51 Safari/537.36"
::ffff:190.104.182.20 - - [28/Sep/2022:19:00:29 +0000] "GET /db/phpMyAdmin-4/index.php?lang=en HTTP/1.1" 404 164 "-" "Mozilla/5.0 (Windows NT 10.0; Win64; x64) AppleWebKit/537.36 (KHTML, like Gecko) Chrome/99.0.4844.51 Safari/537.36"
::ffff:190.104.182.20 - - [28/Sep/2022:19:00:29 +0000] "GET /phpmy/index.php?lang=en HTTP/1.1" 404 154 "-" "Mozilla/5.0 (Windows NT 10.0; Win64; x64) AppleWebKit/537.36 (KHTML, like Gecko) Chrome/99.0.4844.51 Safari/537.36"
::ffff:190.104.182.20 - - [28/Sep/2022:19:00:30 +0000] "GET /sql/sql-admin/index.php?lang=en HTTP/1.1" 404 162 "-" "Mozilla/5.0 (Windows NT 10.0; Win64; x64) AppleWebKit/537.36 (KHTML, like Gecko) Chrome/99.0.4844.51 Safari/537.36"
::ffff:190.104.182.20 - - [28/Sep/2022:19:00:30 +0000] "GET /admin/phpmyadmin/index.php?lang=en HTTP/1.1" 404 165 "-" "Mozilla/5.0 (Windows NT 10.0; Win64; x64) AppleWebKit/537.36 (KHTML, like Gecko) Chrome/99.0.4844.51 Safari/537.36"
::ffff:190.104.182.20 - - [28/Sep/2022:19:00:30 +0000] "GET /phppma/index.php?lang=en HTTP/1.1" 404 155 "-" "Mozilla/5.0 (Windows NT 10.0; Win64; x64) AppleWebKit/537.36 (KHTML, like Gecko) Chrome/99.0.4844.51 Safari/537.36"
::ffff:190.104.182.20 - - [28/Sep/2022:19:00:30 +0000] "GET /sql/php-myadmin/index.php?lang=en HTTP/1.1" 404 164 "-" "Mozilla/5.0 (Windows NT 10.0; Win64; x64) AppleWebKit/537.36 (KHTML, like Gecko) Chrome/99.0.4844.51 Safari/537.36"
::ffff:190.104.182.20 - - [28/Sep/2022:19:00:30 +0000] "GET /phpmyadmin4/index.php?lang=en HTTP/1.1" 404 160 "-" "Mozilla/5.0 (Windows NT 10.0; Win64; x64) AppleWebKit/537.36 (KHTML, like Gecko) Chrome/99.0.4844.51 Safari/537.36"
::ffff:190.104.182.20 - - [28/Sep/2022:19:00:31 +0000] "GET /phpmyadmin2/index.php?lang=en HTTP/1.1" 404 160 "-" "Mozilla/5.0 (Windows NT 10.0; Win64; x64) AppleWebKit/537.36 (KHTML, like Gecko) Chrome/99.0.4844.51 Safari/537.36"
::ffff:190.104.182.20 - - [28/Sep/2022:19:00:31 +0000] "GET /phpmyadmin2016/index.php?lang=en HTTP/1.1" 404 163 "-" "Mozilla/5.0 (Windows NT 10.0; Win64; x64) AppleWebKit/537.36 (KHTML, like Gecko) Chrome/99.0.4844.51 Safari/537.36"
::ffff:190.104.182.20 - - [28/Sep/2022:19:00:31 +0000] "GET /phpmyadmin2018/index.php?lang=en HTTP/1.1" 404 163 "-" "Mozilla/5.0 (Windows NT 10.0; Win64; x64) AppleWebKit/537.36 (KHTML, like Gecko) Chrome/99.0.4844.51 Safari/537.36"
::ffff:190.104.182.20 - - [28/Sep/2022:19:00:31 +0000] "GET /mysql/index.php?lang=en HTTP/1.1" 404 154 "-" "Mozilla/5.0 (Windows NT 10.0; Win64; x64) AppleWebKit/537.36 (KHTML, like Gecko) Chrome/99.0.4844.51 Safari/537.36"
::ffff:190.104.182.20 - - [28/Sep/2022:19:00:32 +0000] "GET /sql/phpmanager/index.php?lang=en HTTP/1.1" 404 163 "-" "Mozilla/5.0 (Windows NT 10.0; Win64; x64) AppleWebKit/537.36 (KHTML, like Gecko) Chrome/99.0.4844.51 Safari/537.36"
::ffff:190.104.182.20 - - [28/Sep/2022:19:00:32 +0000] "GET /sql/myadmin/index.php?lang=en HTTP/1.1" 404 160 "-" "Mozilla/5.0 (Windows NT 10.0; Win64; x64) AppleWebKit/537.36 (KHTML, like Gecko) Chrome/99.0.4844.51 Safari/537.36"
::ffff:190.104.182.20 - - [28/Sep/2022:19:00:32 +0000] "GET /phpmyadmin2012/index.php?lang=en HTTP/1.1" 404 163 "-" "Mozilla/5.0 (Windows NT 10.0; Win64; x64) AppleWebKit/537.36 (KHTML, like Gecko) Chrome/99.0.4844.51 Safari/537.36"
::ffff:190.104.182.20 - - [28/Sep/2022:19:00:32 +0000] "GET /admin/sqladmin/index.php?lang=en HTTP/1.1" 404 163 "-" "Mozilla/5.0 (Windows NT 10.0; Win64; x64) AppleWebKit/537.36 (KHTML, like Gecko) Chrome/99.0.4844.51 Safari/537.36"
::ffff:190.104.182.20 - - [28/Sep/2022:19:00:33 +0000] "GET /mysql/pMA/index.php?lang=en HTTP/1.1" 404 158 "-" "Mozilla/5.0 (Windows NT 10.0; Win64; x64) AppleWebKit/537.36 (KHTML, like Gecko) Chrome/99.0.4844.51 Safari/537.36"
::ffff:190.104.182.20 - - [28/Sep/2022:19:00:33 +0000] "GET /phpmyadmin2015/index.php?lang=en HTTP/1.1" 404 163 "-" "Mozilla/5.0 (Windows NT 10.0; Win64; x64) AppleWebKit/537.36 (KHTML, like Gecko) Chrome/99.0.4844.51 Safari/537.36"
::ffff:190.104.182.20 - - [28/Sep/2022:19:00:33 +0000] "GET /phpmyadmin2022/index.php?lang=en HTTP/1.1" 404 163 "-" "Mozilla/5.0 (Windows NT 10.0; Win64; x64) AppleWebKit/537.36 (KHTML, like Gecko) Chrome/99.0.4844.51 Safari/537.36"
