::ffff:98.234.224.71 - - [26/Jul/2022:02:27:18 +0000] "GET /images/books/KarateDoZen.jpg HTTP/1.1" 200 2677 "http://wadokikai.org/resources" "Mozilla/5.0 (Windows NT 10.0; Win64; x64) AppleWebKit/537.36 (KHTML, like Gecko) Chrome/103.0.0.0 Safari/537.36"
::ffff:98.234.224.71 - - [26/Jul/2022:02:27:18 +0000] "GET /images/books/bookoffiverings.jpg HTTP/1.1" 200 2940 "http://wadokikai.org/resources" "Mozilla/5.0 (Windows NT 10.0; Win64; x64) AppleWebKit/537.36 (KHTML, like Gecko) Chrome/103.0.0.0 Safari/537.36"
::ffff:98.234.224.71 - - [26/Jul/2022:02:27:18 +0000] "GET /images/books/shotokanSecrets.jpg HTTP/1.1" 200 4046 "http://wadokikai.org/resources" "Mozilla/5.0 (Windows NT 10.0; Win64; x64) AppleWebKit/537.36 (KHTML, like Gecko) Chrome/103.0.0.0 Safari/537.36"
::ffff:98.234.224.71 - - [26/Jul/2022:02:27:18 +0000] "GET /images/books/dummies.jpg HTTP/1.1" 200 3631 "http://wadokikai.org/resources" "Mozilla/5.0 (Windows NT 10.0; Win64; x64) AppleWebKit/537.36 (KHTML, like Gecko) Chrome/103.0.0.0 Safari/537.36"
::ffff:98.234.224.71 - - [26/Jul/2022:02:27:18 +0000] "GET /images/books/dojoWisdom.jpg HTTP/1.1" 200 2813 "http://wadokikai.org/resources" "Mozilla/5.0 (Windows NT 10.0; Win64; x64) AppleWebKit/537.36 (KHTML, like Gecko) Chrome/103.0.0.0 Safari/537.36"
::ffff:98.234.224.71 - - [26/Jul/2022:02:27:18 +0000] "GET /images/books/saibook.jpg HTTP/1.1" 200 3043 "http://wadokikai.org/resources" "Mozilla/5.0 (Windows NT 10.0; Win64; x64) AppleWebKit/537.36 (KHTML, like Gecko) Chrome/103.0.0.0 Safari/537.36"
::ffff:98.234.224.71 - - [26/Jul/2022:02:27:18 +0000] "GET /images/books/guide20.jpg HTTP/1.1" 200 1934 "http://wadokikai.org/resources" "Mozilla/5.0 (Windows NT 10.0; Win64; x64) AppleWebKit/537.36 (KHTML, like Gecko) Chrome/103.0.0.0 Safari/537.36"
::ffff:98.234.224.71 - - [26/Jul/2022:02:27:18 +0000] "GET /images/books/bobook.gif HTTP/1.1" 200 6919 "http://wadokikai.org/resources" "Mozilla/5.0 (Windows NT 10.0; Win64; x64) AppleWebKit/537.36 (KHTML, like Gecko) Chrome/103.0.0.0 Safari/537.36"
::ffff:98.234.224.71 - - [26/Jul/2022:02:27:18 +0000] "GET /images/books/karatedo.jpg HTTP/1.1" 200 3442 "http://wadokikai.org/resources" "Mozilla/5.0 (Windows NT 10.0; Win64; x64) AppleWebKit/537.36 (KHTML, like Gecko) Chrome/103.0.0.0 Safari/537.36"
::ffff:98.234.224.71 - - [26/Jul/2022:02:27:18 +0000] "GET /images/books/karatedojo.jpg HTTP/1.1" 200 3457 "http://wadokikai.org/resources" "Mozilla/5.0 (Windows NT 10.0; Win64; x64) AppleWebKit/537.36 (KHTML, like Gecko) Chrome/103.0.0.0 Safari/537.36"
::ffff:98.234.224.71 - - [26/Jul/2022:02:27:18 +0000] "GET /images/books/movingzen.jpg HTTP/1.1" 200 3578 "http://wadokikai.org/resources" "Mozilla/5.0 (Windows NT 10.0; Win64; x64) AppleWebKit/537.36 (KHTML, like Gecko) Chrome/103.0.0.0 Safari/537.36"
::ffff:98.234.224.71 - - [26/Jul/2022:02:27:18 +0000] "GET /images/books/emptyHand.jpg HTTP/1.1" 200 12021 "http://wadokikai.org/resources" "Mozilla/5.0 (Windows NT 10.0; Win64; x64) AppleWebKit/537.36 (KHTML, like Gecko) Chrome/103.0.0.0 Safari/537.36"
::ffff:98.234.224.71 - - [26/Jul/2022:02:27:18 +0000] "GET /images/books/grappingmethod.jpg HTTP/1.1" 200 4025 "http://wadokikai.org/resources" "Mozilla/5.0 (Windows NT 10.0; Win64; x64) AppleWebKit/537.36 (KHTML, like Gecko) Chrome/103.0.0.0 Safari/537.36"
::ffff:98.234.224.71 - - [26/Jul/2022:02:27:18 +0000] "GET /images/books/artofwar.jpg HTTP/1.1" 200 22573 "http://wadokikai.org/resources" "Mozilla/5.0 (Windows NT 10.0; Win64; x64) AppleWebKit/537.36 (KHTML, like Gecko) Chrome/103.0.0.0 Safari/537.36"
::ffff:98.234.224.71 - - [26/Jul/2022:02:27:18 +0000] "GET /images/dragon-trans.png HTTP/1.1" 304 - "http://wadokikai.org/resources" "Mozilla/5.0 (Windows NT 10.0; Win64; x64) AppleWebKit/537.36 (KHTML, like Gecko) Chrome/103.0.0.0 Safari/537.36"
::ffff:98.234.224.71 - - [26/Jul/2022:02:27:21 +0000] "GET /images/tiger.bmp HTTP/1.1" 304 - "http://wadokikai.org/resources" "Mozilla/5.0 (Windows NT 10.0; Win64; x64) AppleWebKit/537.36 (KHTML, like Gecko) Chrome/103.0.0.0 Safari/537.36"
::ffff:172.58.32.175 - - [26/Jul/2022:02:27:40 +0000] "GET / HTTP/1.1" 200 57618 "-" "Mozilla/5.0 (iPhone; CPU iPhone OS 15_5 like Mac OS X) AppleWebKit/605.1.15 (KHTML, like Gecko) Version/15.5 Mobile/15E148 Safari/604.1"
::ffff:172.58.32.175 - - [26/Jul/2022:02:27:41 +0000] "GET /css/wadokikai.css HTTP/1.1" 200 4337 "http://wadokikai.org/" "Mozilla/5.0 (iPhone; CPU iPhone OS 15_5 like Mac OS X) AppleWebKit/605.1.15 (KHTML, like Gecko) Version/15.5 Mobile/15E148 Safari/604.1"
::ffff:172.58.32.175 - - [26/Jul/2022:02:27:41 +0000] "GET /images/wkkpatch22_med.png HTTP/1.1" 200 32301 "http://wadokikai.org/" "Mozilla/5.0 (iPhone; CPU iPhone OS 15_5 like Mac OS X) AppleWebKit/605.1.15 (KHTML, like Gecko) Version/15.5 Mobile/15E148 Safari/604.1"
::ffff:172.58.32.175 - - [26/Jul/2022:02:27:41 +0000] "GET /js/common.js HTTP/1.1" 200 2255 "http://wadokikai.org/" "Mozilla/5.0 (iPhone; CPU iPhone OS 15_5 like Mac OS X) AppleWebKit/605.1.15 (KHTML, like Gecko) Version/15.5 Mobile/15E148 Safari/604.1"
::ffff:172.58.32.175 - - [26/Jul/2022:02:27:41 +0000] "GET /images/marin5thDan.jpeg HTTP/1.1" 200 105451 "http://wadokikai.org/" "Mozilla/5.0 (iPhone; CPU iPhone OS 15_5 like Mac OS X) AppleWebKit/605.1.15 (KHTML, like Gecko) Version/15.5 Mobile/15E148 Safari/604.1"
::ffff:172.58.32.175 - - [26/Jul/2022:02:27:41 +0000] "GET /images/schools/alamedakaratedomap.jpg HTTP/1.1" 200 38311 "http://wadokikai.org/" "Mozilla/5.0 (iPhone; CPU iPhone OS 15_5 like Mac OS X) AppleWebKit/605.1.15 (KHTML, like Gecko) Version/15.5 Mobile/15E148 Safari/604.1"
::ffff:172.58.32.175 - - [26/Jul/2022:02:27:42 +0000] "GET /images/schools/orindakaratedomap.jpg HTTP/1.1" 200 34167 "http://wadokikai.org/" "Mozilla/5.0 (iPhone; CPU iPhone OS 15_5 like Mac OS X) AppleWebKit/605.1.15 (KHTML, like Gecko) Version/15.5 Mobile/15E148 Safari/604.1"
::ffff:172.58.32.175 - - [26/Jul/2022:02:27:42 +0000] "GET /images/schools/dcakaratedomap.jpg HTTP/1.1" 200 35262 "http://wadokikai.org/" "Mozilla/5.0 (iPhone; CPU iPhone OS 15_5 like Mac OS X) AppleWebKit/605.1.15 (KHTML, like Gecko) Version/15.5 Mobile/15E148 Safari/604.1"
::ffff:172.58.32.175 - - [26/Jul/2022:02:27:43 +0000] "GET /images/schools/harborbaykaratedomap.jpg HTTP/1.1" 200 37245 "http://wadokikai.org/" "Mozilla/5.0 (iPhone; CPU iPhone OS 15_5 like Mac OS X) AppleWebKit/605.1.15 (KHTML, like Gecko) Version/15.5 Mobile/15E148 Safari/604.1"
::ffff:172.58.32.175 - - [26/Jul/2022:02:27:44 +0000] "GET /images/dragon-trans.png HTTP/1.1" 200 85661 "http://wadokikai.org/" "Mozilla/5.0 (iPhone; CPU iPhone OS 15_5 like Mac OS X) AppleWebKit/605.1.15 (KHTML, like Gecko) Version/15.5 Mobile/15E148 Safari/604.1"
::ffff:98.234.224.71 - - [26/Jul/2022:02:27:44 +0000] "GET /images/favicon.ico HTTP/1.1" 304 - "http://wadokikai.org/resources" "Mozilla/5.0 (Windows NT 10.0; Win64; x64) AppleWebKit/537.36 (KHTML, like Gecko) Chrome/103.0.0.0 Safari/537.36"
::ffff:172.58.32.175 - - [26/Jul/2022:02:27:47 +0000] "GET /images/tiger.bmp HTTP/1.1" 200 311274 "http://wadokikai.org/" "Mozilla/5.0 (iPhone; CPU iPhone OS 15_5 like Mac OS X) AppleWebKit/605.1.15 (KHTML, like Gecko) Version/15.5 Mobile/15E148 Safari/604.1"
::ffff:172.58.32.175 - - [26/Jul/2022:02:27:49 +0000] "GET /images/schools/corpuzkaratedomap.jpg HTTP/1.1" 200 36421 "http://wadokikai.org/" "Mozilla/5.0 (iPhone; CPU iPhone OS 15_5 like Mac OS X) AppleWebKit/605.1.15 (KHTML, like Gecko) Version/15.5 Mobile/15E148 Safari/604.1"
::ffff:172.58.32.175 - - [26/Jul/2022:02:27:49 +0000] "GET /images/schools/nunleykaratedomap.jpg HTTP/1.1" 200 42667 "http://wadokikai.org/" "Mozilla/5.0 (iPhone; CPU iPhone OS 15_5 like Mac OS X) AppleWebKit/605.1.15 (KHTML, like Gecko) Version/15.5 Mobile/15E148 Safari/604.1"
::ffff:172.58.32.175 - - [26/Jul/2022:02:27:50 +0000] "GET /images/schools/marinkaratedomap.jpg HTTP/1.1" 200 32400 "http://wadokikai.org/" "Mozilla/5.0 (iPhone; CPU iPhone OS 15_5 like Mac OS X) AppleWebKit/605.1.15 (KHTML, like Gecko) Version/15.5 Mobile/15E148 Safari/604.1"
::ffff:172.58.32.175 - - [26/Jul/2022:02:27:51 +0000] "GET /images/schools/earhartkaratedomap.jpg HTTP/1.1" 200 41366 "http://wadokikai.org/" "Mozilla/5.0 (iPhone; CPU iPhone OS 15_5 like Mac OS X) AppleWebKit/605.1.15 (KHTML, like Gecko) Version/15.5 Mobile/15E148 Safari/604.1"
::ffff:172.58.32.175 - - [26/Jul/2022:02:27:52 +0000] "GET /images/wadokikai%20kanji.jpg HTTP/1.1" 404 167 "http://wadokikai.org/" "Mozilla/5.0 (iPhone; CPU iPhone OS 15_5 like Mac OS X) AppleWebKit/605.1.15 (KHTML, like Gecko) Version/15.5 Mobile/15E148 Safari/604.1"
::ffff:172.58.32.175 - - [26/Jul/2022:02:27:52 +0000] "GET /images/schools/martinezkaratedomap.jpg HTTP/1.1" 200 37724 "http://wadokikai.org/" "Mozilla/5.0 (iPhone; CPU iPhone OS 15_5 like Mac OS X) AppleWebKit/605.1.15 (KHTML, like Gecko) Version/15.5 Mobile/15E148 Safari/604.1"
::ffff:172.58.32.175 - - [26/Jul/2022:02:27:53 +0000] "GET /images/schools/manzanitakaratedomap.jpg HTTP/1.1" 200 55402 "http://wadokikai.org/" "Mozilla/5.0 (iPhone; CPU iPhone OS 15_5 like Mac OS X) AppleWebKit/605.1.15 (KHTML, like Gecko) Version/15.5 Mobile/15E148 Safari/604.1"
::ffff:172.58.32.175 - - [26/Jul/2022:02:27:58 +0000] "GET /images/tournaments/NKDTournament.pdf HTTP/1.1" 200 3770165 "http://wadokikai.org/" "Mozilla/5.0 (iPhone; CPU iPhone OS 15_5 like Mac OS X) AppleWebKit/605.1.15 (KHTML, like Gecko) Version/15.5 Mobile/15E148 Safari/604.1"
::ffff:172.58.32.175 - - [26/Jul/2022:02:27:58 +0000] "GET /images/favicon.ico HTTP/1.1" 200 3638 "http://wadokikai.org/" "Mozilla/5.0 (iPhone; CPU iPhone OS 15_5 like Mac OS X) AppleWebKit/605.1.15 (KHTML, like Gecko) Version/15.5 Mobile/15E148 Safari/604.1"
::ffff:172.58.32.175 - - [26/Jul/2022:02:28:01 +0000] "GET /images/wadokikai%20kanji.jpg HTTP/1.1" 404 167 "http://wadokikai.org/" "Mozilla/5.0 (iPhone; CPU iPhone OS 15_5 like Mac OS X) AppleWebKit/605.1.15 (KHTML, like Gecko) Version/15.5 Mobile/15E148 Safari/604.1"
::ffff:172.58.32.175 - - [26/Jul/2022:02:28:43 +0000] "GET / HTTP/1.1" 304 - "https://www.google.com/" "Mozilla/5.0 (iPhone; CPU iPhone OS 15_5 like Mac OS X) AppleWebKit/605.1.15 (KHTML, like Gecko) Version/15.5 Mobile/15E148 Safari/604.1"
::ffff:172.58.32.175 - - [26/Jul/2022:02:28:43 +0000] "GET /css/wadokikai.css HTTP/1.1" 304 - "http://wadokikai.org/" "Mozilla/5.0 (iPhone; CPU iPhone OS 15_5 like Mac OS X) AppleWebKit/605.1.15 (KHTML, like Gecko) Version/15.5 Mobile/15E148 Safari/604.1"
::ffff:172.58.32.175 - - [26/Jul/2022:02:28:43 +0000] "GET /js/common.js HTTP/1.1" 304 - "http://wadokikai.org/" "Mozilla/5.0 (iPhone; CPU iPhone OS 15_5 like Mac OS X) AppleWebKit/605.1.15 (KHTML, like Gecko) Version/15.5 Mobile/15E148 Safari/604.1"
::ffff:172.58.32.175 - - [26/Jul/2022:02:28:43 +0000] "GET /images/schools/orindakaratedomap.jpg HTTP/1.1" 304 - "http://wadokikai.org/" "Mozilla/5.0 (iPhone; CPU iPhone OS 15_5 like Mac OS X) AppleWebKit/605.1.15 (KHTML, like Gecko) Version/15.5 Mobile/15E148 Safari/604.1"
::ffff:172.58.32.175 - - [26/Jul/2022:02:28:43 +0000] "GET /images/wkkpatch22_med.png HTTP/1.1" 304 - "http://wadokikai.org/" "Mozilla/5.0 (iPhone; CPU iPhone OS 15_5 like Mac OS X) AppleWebKit/605.1.15 (KHTML, like Gecko) Version/15.5 Mobile/15E148 Safari/604.1"
::ffff:172.58.32.175 - - [26/Jul/2022:02:28:43 +0000] "GET /images/schools/alamedakaratedomap.jpg HTTP/1.1" 304 - "http://wadokikai.org/" "Mozilla/5.0 (iPhone; CPU iPhone OS 15_5 like Mac OS X) AppleWebKit/605.1.15 (KHTML, like Gecko) Version/15.5 Mobile/15E148 Safari/604.1"
::ffff:172.58.32.175 - - [26/Jul/2022:02:28:43 +0000] "GET /images/marin5thDan.jpeg HTTP/1.1" 304 - "http://wadokikai.org/" "Mozilla/5.0 (iPhone; CPU iPhone OS 15_5 like Mac OS X) AppleWebKit/605.1.15 (KHTML, like Gecko) Version/15.5 Mobile/15E148 Safari/604.1"
::ffff:172.58.32.175 - - [26/Jul/2022:02:28:43 +0000] "GET /images/schools/dcakaratedomap.jpg HTTP/1.1" 304 - "http://wadokikai.org/" "Mozilla/5.0 (iPhone; CPU iPhone OS 15_5 like Mac OS X) AppleWebKit/605.1.15 (KHTML, like Gecko) Version/15.5 Mobile/15E148 Safari/604.1"
::ffff:172.58.32.175 - - [26/Jul/2022:02:28:43 +0000] "GET /images/schools/harborbaykaratedomap.jpg HTTP/1.1" 304 - "http://wadokikai.org/" "Mozilla/5.0 (iPhone; CPU iPhone OS 15_5 like Mac OS X) AppleWebKit/605.1.15 (KHTML, like Gecko) Version/15.5 Mobile/15E148 Safari/604.1"
::ffff:172.58.32.175 - - [26/Jul/2022:02:28:43 +0000] "GET /images/schools/corpuzkaratedomap.jpg HTTP/1.1" 304 - "http://wadokikai.org/" "Mozilla/5.0 (iPhone; CPU iPhone OS 15_5 like Mac OS X) AppleWebKit/605.1.15 (KHTML, like Gecko) Version/15.5 Mobile/15E148 Safari/604.1"
::ffff:172.58.32.175 - - [26/Jul/2022:02:28:43 +0000] "GET /images/schools/nunleykaratedomap.jpg HTTP/1.1" 304 - "http://wadokikai.org/" "Mozilla/5.0 (iPhone; CPU iPhone OS 15_5 like Mac OS X) AppleWebKit/605.1.15 (KHTML, like Gecko) Version/15.5 Mobile/15E148 Safari/604.1"
::ffff:172.58.32.175 - - [26/Jul/2022:02:28:44 +0000] "GET /images/schools/marinkaratedomap.jpg HTTP/1.1" 304 - "http://wadokikai.org/" "Mozilla/5.0 (iPhone; CPU iPhone OS 15_5 like Mac OS X) AppleWebKit/605.1.15 (KHTML, like Gecko) Version/15.5 Mobile/15E148 Safari/604.1"
::ffff:172.58.32.175 - - [26/Jul/2022:02:28:44 +0000] "GET /images/schools/earhartkaratedomap.jpg HTTP/1.1" 304 - "http://wadokikai.org/" "Mozilla/5.0 (iPhone; CPU iPhone OS 15_5 like Mac OS X) AppleWebKit/605.1.15 (KHTML, like Gecko) Version/15.5 Mobile/15E148 Safari/604.1"
::ffff:172.58.32.175 - - [26/Jul/2022:02:28:44 +0000] "GET /images/schools/martinezkaratedomap.jpg HTTP/1.1" 304 - "http://wadokikai.org/" "Mozilla/5.0 (iPhone; CPU iPhone OS 15_5 like Mac OS X) AppleWebKit/605.1.15 (KHTML, like Gecko) Version/15.5 Mobile/15E148 Safari/604.1"
::ffff:172.58.32.175 - - [26/Jul/2022:02:28:44 +0000] "GET /images/schools/manzanitakaratedomap.jpg HTTP/1.1" 304 - "http://wadokikai.org/" "Mozilla/5.0 (iPhone; CPU iPhone OS 15_5 like Mac OS X) AppleWebKit/605.1.15 (KHTML, like Gecko) Version/15.5 Mobile/15E148 Safari/604.1"
::ffff:172.58.32.175 - - [26/Jul/2022:02:28:44 +0000] "GET /images/dragon-trans.png HTTP/1.1" 304 - "http://wadokikai.org/" "Mozilla/5.0 (iPhone; CPU iPhone OS 15_5 like Mac OS X) AppleWebKit/605.1.15 (KHTML, like Gecko) Version/15.5 Mobile/15E148 Safari/604.1"
::ffff:172.58.32.175 - - [26/Jul/2022:02:28:44 +0000] "GET /images/tiger.bmp HTTP/1.1" 304 - "http://wadokikai.org/" "Mozilla/5.0 (iPhone; CPU iPhone OS 15_5 like Mac OS X) AppleWebKit/605.1.15 (KHTML, like Gecko) Version/15.5 Mobile/15E148 Safari/604.1"
::ffff:172.58.32.175 - - [26/Jul/2022:02:28:44 +0000] "GET /images/tournaments/NKDTournament.pdf HTTP/1.1" 304 - "http://wadokikai.org/" "Mozilla/5.0 (iPhone; CPU iPhone OS 15_5 like Mac OS X) AppleWebKit/605.1.15 (KHTML, like Gecko) Version/15.5 Mobile/15E148 Safari/604.1"
::ffff:172.58.32.175 - - [26/Jul/2022:02:28:51 +0000] "GET /images/wadokikai%20kanji.jpg HTTP/1.1" 404 167 "http://wadokikai.org/" "Mozilla/5.0 (iPhone; CPU iPhone OS 15_5 like Mac OS X) AppleWebKit/605.1.15 (KHTML, like Gecko) Version/15.5 Mobile/15E148 Safari/604.1"
::ffff:172.58.32.175 - - [26/Jul/2022:02:29:01 +0000] "GET /images/wadokikai%20kanji.jpg HTTP/1.1" 404 167 "http://wadokikai.org/" "Mozilla/5.0 (iPhone; CPU iPhone OS 15_5 like Mac OS X) AppleWebKit/605.1.15 (KHTML, like Gecko) Version/15.5 Mobile/15E148 Safari/604.1"
::ffff:172.58.32.175 - - [26/Jul/2022:02:29:08 +0000] "GET /images/tiger.bmp HTTP/1.1" 304 - "http://wadokikai.org/" "Mozilla/5.0 (iPhone; CPU iPhone OS 15_5 like Mac OS X) AppleWebKit/605.1.15 (KHTML, like Gecko) Version/15.5 Mobile/15E148 Safari/604.1"
::ffff:73.202.170.82 - - [26/Jul/2022:02:29:23 +0000] "GET /images/wadokikai%20kanji.jpg HTTP/1.1" 404 167 "http://www.wadokikai.org/" "Mozilla/5.0 (Macintosh; Intel Mac OS X 10_15_7) AppleWebKit/537.36 (KHTML, like Gecko) Chrome/103.0.0.0 Safari/537.36"
::ffff:172.58.32.175 - - [26/Jul/2022:02:29:55 +0000] "GET /images/wadokikai%20kanji.jpg HTTP/1.1" 404 167 "http://wadokikai.org/" "Mozilla/5.0 (iPhone; CPU iPhone OS 15_5 like Mac OS X) AppleWebKit/605.1.15 (KHTML, like Gecko) Version/15.5 Mobile/15E148 Safari/604.1"
::ffff:73.202.170.82 - - [26/Jul/2022:02:32:07 +0000] "GET /images/wadokikai%20kanji.jpg HTTP/1.1" 404 167 "http://www.wadokikai.org/" "Mozilla/5.0 (Macintosh; Intel Mac OS X 10_15_7) AppleWebKit/537.36 (KHTML, like Gecko) Chrome/103.0.0.0 Safari/537.36"
::ffff:73.202.170.82 - - [26/Jul/2022:02:35:16 +0000] "GET /images/wadokikai%20kanji.jpg HTTP/1.1" 404 167 "http://www.wadokikai.org/" "Mozilla/5.0 (Macintosh; Intel Mac OS X 10_15_7) AppleWebKit/537.36 (KHTML, like Gecko) Chrome/103.0.0.0 Safari/537.36"
::ffff:73.202.170.82 - - [26/Jul/2022:02:38:14 +0000] "GET /images/wadokikai%20kanji.jpg HTTP/1.1" 404 167 "http://www.wadokikai.org/" "Mozilla/5.0 (Macintosh; Intel Mac OS X 10_15_7) AppleWebKit/537.36 (KHTML, like Gecko) Chrome/103.0.0.0 Safari/537.36"
::ffff:73.202.170.82 - - [26/Jul/2022:02:41:01 +0000] "GET /images/wadokikai%20kanji.jpg HTTP/1.1" 404 167 "http://www.wadokikai.org/" "Mozilla/5.0 (Macintosh; Intel Mac OS X 10_15_7) AppleWebKit/537.36 (KHTML, like Gecko) Chrome/103.0.0.0 Safari/537.36"
::ffff:73.202.170.82 - - [26/Jul/2022:02:44:16 +0000] "GET /images/wadokikai%20kanji.jpg HTTP/1.1" 404 167 "http://www.wadokikai.org/" "Mozilla/5.0 (Macintosh; Intel Mac OS X 10_15_7) AppleWebKit/537.36 (KHTML, like Gecko) Chrome/103.0.0.0 Safari/537.36"
::ffff:73.202.170.82 - - [26/Jul/2022:02:47:11 +0000] "GET /images/wadokikai%20kanji.jpg HTTP/1.1" 404 167 "http://www.wadokikai.org/" "Mozilla/5.0 (Macintosh; Intel Mac OS X 10_15_7) AppleWebKit/537.36 (KHTML, like Gecko) Chrome/103.0.0.0 Safari/537.36"
::ffff:35.195.93.98 - - [26/Jul/2022:02:48:38 +0000] "GET / HTTP/1.1" 200 57618 "-" "python-requests/2.28.1"
::ffff:73.202.170.82 - - [26/Jul/2022:02:49:59 +0000] "GET /images/wadokikai%20kanji.jpg HTTP/1.1" 404 167 "http://www.wadokikai.org/" "Mozilla/5.0 (Macintosh; Intel Mac OS X 10_15_7) AppleWebKit/537.36 (KHTML, like Gecko) Chrome/103.0.0.0 Safari/537.36"
::ffff:73.202.170.82 - - [26/Jul/2022:02:53:14 +0000] "GET /images/wadokikai%20kanji.jpg HTTP/1.1" 404 167 "http://www.wadokikai.org/" "Mozilla/5.0 (Macintosh; Intel Mac OS X 10_15_7) AppleWebKit/537.36 (KHTML, like Gecko) Chrome/103.0.0.0 Safari/537.36"
::ffff:98.234.224.71 - - [26/Jul/2022:02:53:26 +0000] "GET / HTTP/1.1" 304 - "-" "Mozilla/5.0 (Windows NT 10.0; Win64; x64) AppleWebKit/537.36 (KHTML, like Gecko) Chrome/103.0.0.0 Safari/537.36"
::ffff:98.234.224.71 - - [26/Jul/2022:02:53:27 +0000] "GET /css/wadokikai.css HTTP/1.1" 304 - "http://wadokikai.org/" "Mozilla/5.0 (Windows NT 10.0; Win64; x64) AppleWebKit/537.36 (KHTML, like Gecko) Chrome/103.0.0.0 Safari/537.36"
::ffff:98.234.224.71 - - [26/Jul/2022:02:53:27 +0000] "GET /js/common.js HTTP/1.1" 304 - "http://wadokikai.org/" "Mozilla/5.0 (Windows NT 10.0; Win64; x64) AppleWebKit/537.36 (KHTML, like Gecko) Chrome/103.0.0.0 Safari/537.36"
::ffff:98.234.224.71 - - [26/Jul/2022:02:53:27 +0000] "GET /images/marin5thDan.jpeg HTTP/1.1" 304 - "http://wadokikai.org/" "Mozilla/5.0 (Windows NT 10.0; Win64; x64) AppleWebKit/537.36 (KHTML, like Gecko) Chrome/103.0.0.0 Safari/537.36"
::ffff:98.234.224.71 - - [26/Jul/2022:02:53:27 +0000] "GET /images/schools/alamedakaratedomap.jpg HTTP/1.1" 304 - "http://wadokikai.org/" "Mozilla/5.0 (Windows NT 10.0; Win64; x64) AppleWebKit/537.36 (KHTML, like Gecko) Chrome/103.0.0.0 Safari/537.36"
::ffff:98.234.224.71 - - [26/Jul/2022:02:53:27 +0000] "GET /images/wkkpatch22_med.png HTTP/1.1" 304 - "http://wadokikai.org/" "Mozilla/5.0 (Windows NT 10.0; Win64; x64) AppleWebKit/537.36 (KHTML, like Gecko) Chrome/103.0.0.0 Safari/537.36"
::ffff:98.234.224.71 - - [26/Jul/2022:02:53:27 +0000] "GET /images/schools/orindakaratedomap.jpg HTTP/1.1" 304 - "http://wadokikai.org/" "Mozilla/5.0 (Windows NT 10.0; Win64; x64) AppleWebKit/537.36 (KHTML, like Gecko) Chrome/103.0.0.0 Safari/537.36"
::ffff:98.234.224.71 - - [26/Jul/2022:02:53:27 +0000] "GET /images/schools/dcakaratedomap.jpg HTTP/1.1" 304 - "http://wadokikai.org/" "Mozilla/5.0 (Windows NT 10.0; Win64; x64) AppleWebKit/537.36 (KHTML, like Gecko) Chrome/103.0.0.0 Safari/537.36"
::ffff:98.234.224.71 - - [26/Jul/2022:02:53:27 +0000] "GET /images/schools/harborbaykaratedomap.jpg HTTP/1.1" 304 - "http://wadokikai.org/" "Mozilla/5.0 (Windows NT 10.0; Win64; x64) AppleWebKit/537.36 (KHTML, like Gecko) Chrome/103.0.0.0 Safari/537.36"
::ffff:98.234.224.71 - - [26/Jul/2022:02:53:27 +0000] "GET /images/schools/corpuzkaratedomap.jpg HTTP/1.1" 304 - "http://wadokikai.org/" "Mozilla/5.0 (Windows NT 10.0; Win64; x64) AppleWebKit/537.36 (KHTML, like Gecko) Chrome/103.0.0.0 Safari/537.36"
::ffff:98.234.224.71 - - [26/Jul/2022:02:53:27 +0000] "GET /images/schools/nunleykaratedomap.jpg HTTP/1.1" 304 - "http://wadokikai.org/" "Mozilla/5.0 (Windows NT 10.0; Win64; x64) AppleWebKit/537.36 (KHTML, like Gecko) Chrome/103.0.0.0 Safari/537.36"
::ffff:98.234.224.71 - - [26/Jul/2022:02:53:27 +0000] "GET /images/schools/marinkaratedomap.jpg HTTP/1.1" 304 - "http://wadokikai.org/" "Mozilla/5.0 (Windows NT 10.0; Win64; x64) AppleWebKit/537.36 (KHTML, like Gecko) Chrome/103.0.0.0 Safari/537.36"
::ffff:98.234.224.71 - - [26/Jul/2022:02:53:27 +0000] "GET /images/schools/earhartkaratedomap.jpg HTTP/1.1" 304 - "http://wadokikai.org/" "Mozilla/5.0 (Windows NT 10.0; Win64; x64) AppleWebKit/537.36 (KHTML, like Gecko) Chrome/103.0.0.0 Safari/537.36"
::ffff:98.234.224.71 - - [26/Jul/2022:02:53:27 +0000] "GET /images/schools/martinezkaratedomap.jpg HTTP/1.1" 304 - "http://wadokikai.org/" "Mozilla/5.0 (Windows NT 10.0; Win64; x64) AppleWebKit/537.36 (KHTML, like Gecko) Chrome/103.0.0.0 Safari/537.36"
::ffff:98.234.224.71 - - [26/Jul/2022:02:53:27 +0000] "GET /images/schools/manzanitakaratedomap.jpg HTTP/1.1" 304 - "http://wadokikai.org/" "Mozilla/5.0 (Windows NT 10.0; Win64; x64) AppleWebKit/537.36 (KHTML, like Gecko) Chrome/103.0.0.0 Safari/537.36"
::ffff:98.234.224.71 - - [26/Jul/2022:02:53:27 +0000] "GET /images/tournaments/NKDTournament.pdf HTTP/1.1" 304 - "http://wadokikai.org/" "Mozilla/5.0 (Windows NT 10.0; Win64; x64) AppleWebKit/537.36 (KHTML, like Gecko) Chrome/103.0.0.0 Safari/537.36"
::ffff:98.234.224.71 - - [26/Jul/2022:02:53:27 +0000] "GET /images/dragon-trans.png HTTP/1.1" 304 - "http://wadokikai.org/" "Mozilla/5.0 (Windows NT 10.0; Win64; x64) AppleWebKit/537.36 (KHTML, like Gecko) Chrome/103.0.0.0 Safari/537.36"
::ffff:98.234.224.71 - - [26/Jul/2022:02:53:28 +0000] "GET /resources HTTP/1.1" 304 - "http://wadokikai.org/" "Mozilla/5.0 (Windows NT 10.0; Win64; x64) AppleWebKit/537.36 (KHTML, like Gecko) Chrome/103.0.0.0 Safari/537.36"
::ffff:98.234.224.71 - - [26/Jul/2022:02:53:28 +0000] "GET /css/wadokikai.css HTTP/1.1" 304 - "http://wadokikai.org/resources" "Mozilla/5.0 (Windows NT 10.0; Win64; x64) AppleWebKit/537.36 (KHTML, like Gecko) Chrome/103.0.0.0 Safari/537.36"
::ffff:98.234.224.71 - - [26/Jul/2022:02:53:28 +0000] "GET /js/common.js HTTP/1.1" 304 - "http://wadokikai.org/resources" "Mozilla/5.0 (Windows NT 10.0; Win64; x64) AppleWebKit/537.36 (KHTML, like Gecko) Chrome/103.0.0.0 Safari/537.36"
::ffff:98.234.224.71 - - [26/Jul/2022:02:53:28 +0000] "GET /images/JohnArce.jpg HTTP/1.1" 304 - "http://wadokikai.org/resources" "Mozilla/5.0 (Windows NT 10.0; Win64; x64) AppleWebKit/537.36 (KHTML, like Gecko) Chrome/103.0.0.0 Safari/537.36"
::ffff:98.234.224.71 - - [26/Jul/2022:02:53:28 +0000] "GET /images/wkkpatch22_med.png HTTP/1.1" 304 - "http://wadokikai.org/resources" "Mozilla/5.0 (Windows NT 10.0; Win64; x64) AppleWebKit/537.36 (KHTML, like Gecko) Chrome/103.0.0.0 Safari/537.36"
::ffff:98.234.224.71 - - [26/Jul/2022:02:53:28 +0000] "GET /images/tm.jpg HTTP/1.1" 304 - "http://wadokikai.org/resources" "Mozilla/5.0 (Windows NT 10.0; Win64; x64) AppleWebKit/537.36 (KHTML, like Gecko) Chrome/103.0.0.0 Safari/537.36"
::ffff:98.234.224.71 - - [26/Jul/2022:02:53:28 +0000] "GET /images/books/MBS2.jpg HTTP/1.1" 304 - "http://wadokikai.org/resources" "Mozilla/5.0 (Windows NT 10.0; Win64; x64) AppleWebKit/537.36 (KHTML, like Gecko) Chrome/103.0.0.0 Safari/537.36"
::ffff:98.234.224.71 - - [26/Jul/2022:02:53:28 +0000] "GET /images/books/MBS.gif HTTP/1.1" 304 - "http://wadokikai.org/resources" "Mozilla/5.0 (Windows NT 10.0; Win64; x64) AppleWebKit/537.36 (KHTML, like Gecko) Chrome/103.0.0.0 Safari/537.36"
::ffff:98.234.224.71 - - [26/Jul/2022:02:53:28 +0000] "GET /images/books/karatebook.jpg HTTP/1.1" 304 - "http://wadokikai.org/resources" "Mozilla/5.0 (Windows NT 10.0; Win64; x64) AppleWebKit/537.36 (KHTML, like Gecko) Chrome/103.0.0.0 Safari/537.36"
::ffff:98.234.224.71 - - [26/Jul/2022:02:53:29 +0000] "GET /images/books/ZenMeditation.jpg HTTP/1.1" 304 - "http://wadokikai.org/resources" "Mozilla/5.0 (Windows NT 10.0; Win64; x64) AppleWebKit/537.36 (KHTML, like Gecko) Chrome/103.0.0.0 Safari/537.36"
::ffff:98.234.224.71 - - [26/Jul/2022:02:53:29 +0000] "GET /images/books/KarateDoZen.jpg HTTP/1.1" 304 - "http://wadokikai.org/resources" "Mozilla/5.0 (Windows NT 10.0; Win64; x64) AppleWebKit/537.36 (KHTML, like Gecko) Chrome/103.0.0.0 Safari/537.36"
::ffff:98.234.224.71 - - [26/Jul/2022:02:53:29 +0000] "GET /images/books/bookoffiverings.jpg HTTP/1.1" 304 - "http://wadokikai.org/resources" "Mozilla/5.0 (Windows NT 10.0; Win64; x64) AppleWebKit/537.36 (KHTML, like Gecko) Chrome/103.0.0.0 Safari/537.36"
::ffff:98.234.224.71 - - [26/Jul/2022:02:53:29 +0000] "GET /images/books/dummies.jpg HTTP/1.1" 304 - "http://wadokikai.org/resources" "Mozilla/5.0 (Windows NT 10.0; Win64; x64) AppleWebKit/537.36 (KHTML, like Gecko) Chrome/103.0.0.0 Safari/537.36"
::ffff:98.234.224.71 - - [26/Jul/2022:02:53:29 +0000] "GET /images/books/shotokanSecrets.jpg HTTP/1.1" 304 - "http://wadokikai.org/resources" "Mozilla/5.0 (Windows NT 10.0; Win64; x64) AppleWebKit/537.36 (KHTML, like Gecko) Chrome/103.0.0.0 Safari/537.36"
::ffff:98.234.224.71 - - [26/Jul/2022:02:53:29 +0000] "GET /images/books/saibook.jpg HTTP/1.1" 304 - "http://wadokikai.org/resources" "Mozilla/5.0 (Windows NT 10.0; Win64; x64) AppleWebKit/537.36 (KHTML, like Gecko) Chrome/103.0.0.0 Safari/537.36"
::ffff:98.234.224.71 - - [26/Jul/2022:02:53:29 +0000] "GET /images/books/bobook.gif HTTP/1.1" 304 - "http://wadokikai.org/resources" "Mozilla/5.0 (Windows NT 10.0; Win64; x64) AppleWebKit/537.36 (KHTML, like Gecko) Chrome/103.0.0.0 Safari/537.36"
::ffff:98.234.224.71 - - [26/Jul/2022:02:53:29 +0000] "GET /images/books/karatedo.jpg HTTP/1.1" 304 - "http://wadokikai.org/resources" "Mozilla/5.0 (Windows NT 10.0; Win64; x64) AppleWebKit/537.36 (KHTML, like Gecko) Chrome/103.0.0.0 Safari/537.36"
::ffff:98.234.224.71 - - [26/Jul/2022:02:53:29 +0000] "GET /images/books/guide20.jpg HTTP/1.1" 304 - "http://wadokikai.org/resources" "Mozilla/5.0 (Windows NT 10.0; Win64; x64) AppleWebKit/537.36 (KHTML, like Gecko) Chrome/103.0.0.0 Safari/537.36"
::ffff:98.234.224.71 - - [26/Jul/2022:02:53:29 +0000] "GET /images/books/emptyHand.jpg HTTP/1.1" 304 - "http://wadokikai.org/resources" "Mozilla/5.0 (Windows NT 10.0; Win64; x64) AppleWebKit/537.36 (KHTML, like Gecko) Chrome/103.0.0.0 Safari/537.36"
::ffff:98.234.224.71 - - [26/Jul/2022:02:53:29 +0000] "GET /images/books/movingzen.jpg HTTP/1.1" 304 - "http://wadokikai.org/resources" "Mozilla/5.0 (Windows NT 10.0; Win64; x64) AppleWebKit/537.36 (KHTML, like Gecko) Chrome/103.0.0.0 Safari/537.36"
::ffff:98.234.224.71 - - [26/Jul/2022:02:53:29 +0000] "GET /images/books/karatedojo.jpg HTTP/1.1" 304 - "http://wadokikai.org/resources" "Mozilla/5.0 (Windows NT 10.0; Win64; x64) AppleWebKit/537.36 (KHTML, like Gecko) Chrome/103.0.0.0 Safari/537.36"
::ffff:98.234.224.71 - - [26/Jul/2022:02:53:29 +0000] "GET /images/books/artofwar.jpg HTTP/1.1" 304 - "http://wadokikai.org/resources" "Mozilla/5.0 (Windows NT 10.0; Win64; x64) AppleWebKit/537.36 (KHTML, like Gecko) Chrome/103.0.0.0 Safari/537.36"
::ffff:98.234.224.71 - - [26/Jul/2022:02:53:29 +0000] "GET /images/books/grappingmethod.jpg HTTP/1.1" 304 - "http://wadokikai.org/resources" "Mozilla/5.0 (Windows NT 10.0; Win64; x64) AppleWebKit/537.36 (KHTML, like Gecko) Chrome/103.0.0.0 Safari/537.36"
::ffff:98.234.224.71 - - [26/Jul/2022:02:53:29 +0000] "GET /images/dragon-trans.png HTTP/1.1" 304 - "http://wadokikai.org/resources" "Mozilla/5.0 (Windows NT 10.0; Win64; x64) AppleWebKit/537.36 (KHTML, like Gecko) Chrome/103.0.0.0 Safari/537.36"
::ffff:98.234.224.71 - - [26/Jul/2022:02:53:29 +0000] "GET /images/books/dojoWisdom.jpg HTTP/1.1" 304 - "http://wadokikai.org/resources" "Mozilla/5.0 (Windows NT 10.0; Win64; x64) AppleWebKit/537.36 (KHTML, like Gecko) Chrome/103.0.0.0 Safari/537.36"
::ffff:98.234.224.71 - - [26/Jul/2022:02:53:32 +0000] "GET /images/tiger.bmp HTTP/1.1" 304 - "http://wadokikai.org/resources" "Mozilla/5.0 (Windows NT 10.0; Win64; x64) AppleWebKit/537.36 (KHTML, like Gecko) Chrome/103.0.0.0 Safari/537.36"
::ffff:98.234.224.71 - - [26/Jul/2022:02:53:36 +0000] "GET /images/dragon-trans.png HTTP/1.1" 304 - "http://wadokikai.org/resources" "Mozilla/5.0 (Windows NT 10.0; Win64; x64) AppleWebKit/537.36 (KHTML, like Gecko) Chrome/103.0.0.0 Safari/537.36"
::ffff:98.234.224.71 - - [26/Jul/2022:02:53:43 +0000] "GET /images/favicon.ico HTTP/1.1" 304 - "http://wadokikai.org/resources" "Mozilla/5.0 (Windows NT 10.0; Win64; x64) AppleWebKit/537.36 (KHTML, like Gecko) Chrome/103.0.0.0 Safari/537.36"
::ffff:174.214.28.33 - - [26/Jul/2022:02:55:27 +0000] "GET /docs/Bushido-code.pdf HTTP/1.1" 200 691794 "-" "Mozilla/5.0 (Linux; Android 11; SAMSUNG SM-S115DL) AppleWebKit/537.36 (KHTML, like Gecko) SamsungBrowser/17.0 Chrome/96.0.4664.104 Mobile Safari/537.36"
::ffff:73.202.170.82 - - [26/Jul/2022:02:56:03 +0000] "GET /images/wadokikai%20kanji.jpg HTTP/1.1" 404 167 "http://www.wadokikai.org/" "Mozilla/5.0 (Macintosh; Intel Mac OS X 10_15_7) AppleWebKit/537.36 (KHTML, like Gecko) Chrome/103.0.0.0 Safari/537.36"
::ffff:98.234.224.71 - - [26/Jul/2022:02:57:35 +0000] "GET /images/dragon-trans.png HTTP/1.1" 304 - "http://wadokikai.org/resources" "Mozilla/5.0 (Windows NT 10.0; Win64; x64) AppleWebKit/537.36 (KHTML, like Gecko) Chrome/103.0.0.0 Safari/537.36"
::ffff:192.241.205.209 - - [26/Jul/2022:02:59:05 +0000] "GET / HTTP/1.1" 200 57618 "-" "Mozilla/5.0 zgrab/0.x"
::ffff:73.202.170.82 - - [26/Jul/2022:02:59:13 +0000] "GET /images/wadokikai%20kanji.jpg HTTP/1.1" 404 167 "http://www.wadokikai.org/" "Mozilla/5.0 (Macintosh; Intel Mac OS X 10_15_7) AppleWebKit/537.36 (KHTML, like Gecko) Chrome/103.0.0.0 Safari/537.36"
::ffff:185.254.196.115 - - [26/Jul/2022:03:01:47 +0000] "GET /.env HTTP/1.1" 404 143 "-" "Mozilla/5.0 (X11; Linux x86_64) AppleWebKit/537.36 (KHTML, like Gecko) Chrome/81.0.4044.129 Safari/537.36"
::ffff:163.123.143.71 - - [26/Jul/2022:03:01:48 +0000] "POST /boaform/admin/formLogin HTTP/1.1" 404 163 "http://34.212.47.6:80/admin/login.asp" "Mozilla/5.0 (X11; Ubuntu; Linux x86_64; rv:71.0) Gecko/20100101 Firefox/71.0"
::ffff:185.254.196.115 - - [26/Jul/2022:03:01:49 +0000] "POST / HTTP/1.1" 404 140 "-" "Mozilla/5.0 (X11; Linux x86_64) AppleWebKit/537.36 (KHTML, like Gecko) Chrome/81.0.4044.129 Safari/537.36"
::ffff:73.202.170.82 - - [26/Jul/2022:03:01:59 +0000] "GET /images/wadokikai%20kanji.jpg HTTP/1.1" 404 167 "http://www.wadokikai.org/" "Mozilla/5.0 (Macintosh; Intel Mac OS X 10_15_7) AppleWebKit/537.36 (KHTML, like Gecko) Chrome/103.0.0.0 Safari/537.36"
::ffff:207.46.13.235 - - [26/Jul/2022:03:02:37 +0000] "GET /robots.txt HTTP/1.1" 404 149 "-" "Mozilla/5.0 (compatible; bingbot/2.0; +http://www.bing.com/bingbot.htm)"
::ffff:207.46.13.46 - - [26/Jul/2022:03:02:43 +0000] "GET /images/instructors/andrea.jpg HTTP/1.1" 200 61330 "-" "Mozilla/5.0 (compatible; bingbot/2.0; +http://www.bing.com/bingbot.htm)"
::ffff:73.202.170.82 - - [26/Jul/2022:03:05:16 +0000] "GET /images/wadokikai%20kanji.jpg HTTP/1.1" 404 167 "http://www.wadokikai.org/" "Mozilla/5.0 (Macintosh; Intel Mac OS X 10_15_7) AppleWebKit/537.36 (KHTML, like Gecko) Chrome/103.0.0.0 Safari/537.36"
::ffff:73.202.170.82 - - [26/Jul/2022:03:08:11 +0000] "GET /images/wadokikai%20kanji.jpg HTTP/1.1" 404 167 "http://www.wadokikai.org/" "Mozilla/5.0 (Macintosh; Intel Mac OS X 10_15_7) AppleWebKit/537.36 (KHTML, like Gecko) Chrome/103.0.0.0 Safari/537.36"
::ffff:73.202.170.82 - - [26/Jul/2022:03:11:11 +0000] "GET /images/wadokikai%20kanji.jpg HTTP/1.1" 404 167 "http://www.wadokikai.org/" "Mozilla/5.0 (Macintosh; Intel Mac OS X 10_15_7) AppleWebKit/537.36 (KHTML, like Gecko) Chrome/103.0.0.0 Safari/537.36"
::ffff:73.202.170.82 - - [26/Jul/2022:03:14:14 +0000] "GET /images/wadokikai%20kanji.jpg HTTP/1.1" 404 167 "http://www.wadokikai.org/" "Mozilla/5.0 (Macintosh; Intel Mac OS X 10_15_7) AppleWebKit/537.36 (KHTML, like Gecko) Chrome/103.0.0.0 Safari/537.36"
::ffff:73.202.170.82 - - [26/Jul/2022:03:17:05 +0000] "GET /images/wadokikai%20kanji.jpg HTTP/1.1" 404 167 "http://www.wadokikai.org/" "Mozilla/5.0 (Macintosh; Intel Mac OS X 10_15_7) AppleWebKit/537.36 (KHTML, like Gecko) Chrome/103.0.0.0 Safari/537.36"
::ffff:73.202.170.82 - - [26/Jul/2022:03:19:59 +0000] "GET /images/wadokikai%20kanji.jpg HTTP/1.1" 404 167 "http://www.wadokikai.org/" "Mozilla/5.0 (Macintosh; Intel Mac OS X 10_15_7) AppleWebKit/537.36 (KHTML, like Gecko) Chrome/103.0.0.0 Safari/537.36"
::ffff:73.202.170.82 - - [26/Jul/2022:03:23:25 +0000] "GET /images/wadokikai%20kanji.jpg HTTP/1.1" 404 167 "http://www.wadokikai.org/" "Mozilla/5.0 (Macintosh; Intel Mac OS X 10_15_7) AppleWebKit/537.36 (KHTML, like Gecko) Chrome/103.0.0.0 Safari/537.36"
::ffff:73.202.170.82 - - [26/Jul/2022:03:25:58 +0000] "GET /images/wadokikai%20kanji.jpg HTTP/1.1" 404 167 "http://www.wadokikai.org/" "Mozilla/5.0 (Macintosh; Intel Mac OS X 10_15_7) AppleWebKit/537.36 (KHTML, like Gecko) Chrome/103.0.0.0 Safari/537.36"
::ffff:73.202.170.82 - - [26/Jul/2022:03:29:24 +0000] "GET /images/wadokikai%20kanji.jpg HTTP/1.1" 404 167 "http://www.wadokikai.org/" "Mozilla/5.0 (Macintosh; Intel Mac OS X 10_15_7) AppleWebKit/537.36 (KHTML, like Gecko) Chrome/103.0.0.0 Safari/537.36"
::ffff:135.125.246.110 - - [26/Jul/2022:03:30:22 +0000] "POST / HTTP/1.1" 404 140 "-" "Mozilla/5.0 (X11; Linux x86_64) AppleWebKit/537.36 (KHTML, like Gecko) Chrome/81.0.4044.129 Safari/537.36"
::ffff:135.125.246.110 - - [26/Jul/2022:03:30:22 +0000] "GET /.env HTTP/1.1" 404 143 "-" "Mozilla/5.0 (X11; Linux x86_64) AppleWebKit/537.36 (KHTML, like Gecko) Chrome/81.0.4044.129 Safari/537.36"
::ffff:73.202.170.82 - - [26/Jul/2022:03:31:58 +0000] "GET /images/wadokikai%20kanji.jpg HTTP/1.1" 404 167 "http://www.wadokikai.org/" "Mozilla/5.0 (Macintosh; Intel Mac OS X 10_15_7) AppleWebKit/537.36 (KHTML, like Gecko) Chrome/103.0.0.0 Safari/537.36"
::ffff:157.55.39.140 - - [26/Jul/2022:03:33:36 +0000] "GET /contact?s=1&ss=10 HTTP/1.1" 200 9997 "-" "Mozilla/5.0 (compatible; bingbot/2.0; +http://www.bing.com/bingbot.htm)"
::ffff:73.202.170.82 - - [26/Jul/2022:03:35:08 +0000] "GET /images/wadokikai%20kanji.jpg HTTP/1.1" 404 167 "http://www.wadokikai.org/" "Mozilla/5.0 (Macintosh; Intel Mac OS X 10_15_7) AppleWebKit/537.36 (KHTML, like Gecko) Chrome/103.0.0.0 Safari/537.36"
::ffff:178.73.215.171 - - [26/Jul/2022:03:36:34 +0000] "GET / HTTP/1.0" 200 57618 "-" "-"
::ffff:73.202.170.82 - - [26/Jul/2022:03:38:13 +0000] "GET /images/wadokikai%20kanji.jpg HTTP/1.1" 404 167 "http://www.wadokikai.org/" "Mozilla/5.0 (Macintosh; Intel Mac OS X 10_15_7) AppleWebKit/537.36 (KHTML, like Gecko) Chrome/103.0.0.0 Safari/537.36"
::ffff:114.119.152.119 - - [26/Jul/2022:03:40:00 +0000] "GET /contact?s=1&ss=7 HTTP/1.1" 200 9997 "http://www.wadokikai.org/schools" "Mozilla/5.0 (Linux; Android 7.0;) AppleWebKit/537.36 (KHTML, like Gecko) Mobile Safari/537.36 (compatible; PetalBot;+https://webmaster.petalsearch.com/site/petalbot)"
::ffff:73.202.170.82 - - [26/Jul/2022:03:41:03 +0000] "GET /images/wadokikai%20kanji.jpg HTTP/1.1" 404 167 "http://www.wadokikai.org/" "Mozilla/5.0 (Macintosh; Intel Mac OS X 10_15_7) AppleWebKit/537.36 (KHTML, like Gecko) Chrome/103.0.0.0 Safari/537.36"
::ffff:98.234.224.71 - - [26/Jul/2022:03:41:18 +0000] "GET /images/tiger.bmp HTTP/1.1" 304 - "http://wadokikai.org/resources" "Mozilla/5.0 (Windows NT 10.0; Win64; x64) AppleWebKit/537.36 (KHTML, like Gecko) Chrome/103.0.0.0 Safari/537.36"
::ffff:46.249.32.102 - - [26/Jul/2022:03:41:56 +0000] "GET / HTTP/1.1" 200 57618 "-" "Go-http-client/1.1"
::ffff:207.46.13.182 - - [26/Jul/2022:03:42:12 +0000] "GET /images/schools/martinezkaratedomap.jpg HTTP/1.1" 200 37724 "-" "Mozilla/5.0 (compatible; bingbot/2.0; +http://www.bing.com/bingbot.htm)"
::ffff:73.202.170.82 - - [26/Jul/2022:03:44:13 +0000] "GET /images/wadokikai%20kanji.jpg HTTP/1.1" 404 167 "http://www.wadokikai.org/" "Mozilla/5.0 (Macintosh; Intel Mac OS X 10_15_7) AppleWebKit/537.36 (KHTML, like Gecko) Chrome/103.0.0.0 Safari/537.36"
::ffff:73.202.170.82 - - [26/Jul/2022:03:47:08 +0000] "GET /images/wadokikai%20kanji.jpg HTTP/1.1" 404 167 "http://www.wadokikai.org/" "Mozilla/5.0 (Macintosh; Intel Mac OS X 10_15_7) AppleWebKit/537.36 (KHTML, like Gecko) Chrome/103.0.0.0 Safari/537.36"
::ffff:73.202.170.82 - - [26/Jul/2022:03:50:13 +0000] "GET /images/wadokikai%20kanji.jpg HTTP/1.1" 404 167 "http://www.wadokikai.org/" "Mozilla/5.0 (Macintosh; Intel Mac OS X 10_15_7) AppleWebKit/537.36 (KHTML, like Gecko) Chrome/103.0.0.0 Safari/537.36"
::ffff:73.202.170.82 - - [26/Jul/2022:03:53:07 +0000] "GET /images/wadokikai%20kanji.jpg HTTP/1.1" 404 167 "http://www.wadokikai.org/" "Mozilla/5.0 (Macintosh; Intel Mac OS X 10_15_7) AppleWebKit/537.36 (KHTML, like Gecko) Chrome/103.0.0.0 Safari/537.36"
::ffff:73.202.170.82 - - [26/Jul/2022:03:56:12 +0000] "GET /images/wadokikai%20kanji.jpg HTTP/1.1" 404 167 "http://www.wadokikai.org/" "Mozilla/5.0 (Macintosh; Intel Mac OS X 10_15_7) AppleWebKit/537.36 (KHTML, like Gecko) Chrome/103.0.0.0 Safari/537.36"
::ffff:73.202.170.82 - - [26/Jul/2022:03:59:04 +0000] "GET /images/wadokikai%20kanji.jpg HTTP/1.1" 404 167 "http://www.wadokikai.org/" "Mozilla/5.0 (Macintosh; Intel Mac OS X 10_15_7) AppleWebKit/537.36 (KHTML, like Gecko) Chrome/103.0.0.0 Safari/537.36"
::ffff:73.202.170.82 - - [26/Jul/2022:04:01:58 +0000] "GET /images/wadokikai%20kanji.jpg HTTP/1.1" 404 167 "http://www.wadokikai.org/" "Mozilla/5.0 (Macintosh; Intel Mac OS X 10_15_7) AppleWebKit/537.36 (KHTML, like Gecko) Chrome/103.0.0.0 Safari/537.36"
::ffff:73.202.170.82 - - [26/Jul/2022:04:05:21 +0000] "GET /images/wadokikai%20kanji.jpg HTTP/1.1" 404 167 "http://www.wadokikai.org/" "Mozilla/5.0 (Macintosh; Intel Mac OS X 10_15_7) AppleWebKit/537.36 (KHTML, like Gecko) Chrome/103.0.0.0 Safari/537.36"
::ffff:73.202.170.82 - - [26/Jul/2022:04:08:12 +0000] "GET /images/wadokikai%20kanji.jpg HTTP/1.1" 404 167 "http://www.wadokikai.org/" "Mozilla/5.0 (Macintosh; Intel Mac OS X 10_15_7) AppleWebKit/537.36 (KHTML, like Gecko) Chrome/103.0.0.0 Safari/537.36"
::ffff:73.202.170.82 - - [26/Jul/2022:04:10:59 +0000] "GET /images/wadokikai%20kanji.jpg HTTP/1.1" 404 167 "http://www.wadokikai.org/" "Mozilla/5.0 (Macintosh; Intel Mac OS X 10_15_7) AppleWebKit/537.36 (KHTML, like Gecko) Chrome/103.0.0.0 Safari/537.36"
::ffff:66.249.79.165 - - [26/Jul/2022:04:12:51 +0000] "GET /robots.txt HTTP/1.1" 404 149 "-" "Mozilla/5.0 (compatible; Googlebot/2.1; +http://www.google.com/bot.html)"
::ffff:66.249.79.191 - - [26/Jul/2022:04:12:51 +0000] "GET /docs/TwentyGuidingPriciplesOfKarate.pdf HTTP/1.1" 404 178 "-" "Mozilla/5.0 (Linux; Android 6.0.1; Nexus 5X Build/MMB29P) AppleWebKit/537.36 (KHTML, like Gecko) Chrome/103.0.5060.134 Mobile Safari/537.36 (compatible; Googlebot/2.1; +http://www.google.com/bot.html)"
::ffff:73.202.170.82 - - [26/Jul/2022:04:14:12 +0000] "GET /images/wadokikai%20kanji.jpg HTTP/1.1" 404 167 "http://www.wadokikai.org/" "Mozilla/5.0 (Macintosh; Intel Mac OS X 10_15_7) AppleWebKit/537.36 (KHTML, like Gecko) Chrome/103.0.0.0 Safari/537.36"
::ffff:5.62.62.65 - - [26/Jul/2022:04:15:43 +0000] "GET / HTTP/1.1" 200 57618 "-" "Mozilla/5.0 (Windows NT 10.0; Win64; x64) AppleWebKit/537.36 (KHTML, like Gecko) Chrome/63.0.3239.132 Safari/537.36"
::ffff:5.62.62.65 - - [26/Jul/2022:04:15:43 +0000] "GET /wp-includes/wlwmanifest.xml HTTP/1.1" 404 166 "-" "Mozilla/5.0 (Windows NT 10.0; Win64; x64) AppleWebKit/537.36 (KHTML, like Gecko) Chrome/63.0.3239.132 Safari/537.36"
::ffff:5.62.62.65 - - [26/Jul/2022:04:15:43 +0000] "GET /xmlrpc.php?rsd HTTP/1.1" 404 149 "-" "Mozilla/5.0 (Windows NT 10.0; Win64; x64) AppleWebKit/537.36 (KHTML, like Gecko) Chrome/63.0.3239.132 Safari/537.36"
::ffff:5.62.62.65 - - [26/Jul/2022:04:15:44 +0000] "GET / HTTP/1.1" 200 57618 "-" "Mozilla/5.0 (Windows NT 10.0; Win64; x64) AppleWebKit/537.36 (KHTML, like Gecko) Chrome/63.0.3239.132 Safari/537.36"
::ffff:5.62.62.65 - - [26/Jul/2022:04:15:44 +0000] "GET /blog/wp-includes/wlwmanifest.xml HTTP/1.1" 404 171 "-" "Mozilla/5.0 (Windows NT 10.0; Win64; x64) AppleWebKit/537.36 (KHTML, like Gecko) Chrome/63.0.3239.132 Safari/537.36"
::ffff:5.62.62.65 - - [26/Jul/2022:04:15:44 +0000] "GET /web/wp-includes/wlwmanifest.xml HTTP/1.1" 404 170 "-" "Mozilla/5.0 (Windows NT 10.0; Win64; x64) AppleWebKit/537.36 (KHTML, like Gecko) Chrome/63.0.3239.132 Safari/537.36"
::ffff:5.62.62.65 - - [26/Jul/2022:04:15:44 +0000] "GET /wordpress/wp-includes/wlwmanifest.xml HTTP/1.1" 404 176 "-" "Mozilla/5.0 (Windows NT 10.0; Win64; x64) AppleWebKit/537.36 (KHTML, like Gecko) Chrome/63.0.3239.132 Safari/537.36"
::ffff:5.62.62.65 - - [26/Jul/2022:04:15:45 +0000] "GET /website/wp-includes/wlwmanifest.xml HTTP/1.1" 404 174 "-" "Mozilla/5.0 (Windows NT 10.0; Win64; x64) AppleWebKit/537.36 (KHTML, like Gecko) Chrome/63.0.3239.132 Safari/537.36"
::ffff:5.62.62.65 - - [26/Jul/2022:04:15:45 +0000] "GET /wp/wp-includes/wlwmanifest.xml HTTP/1.1" 404 169 "-" "Mozilla/5.0 (Windows NT 10.0; Win64; x64) AppleWebKit/537.36 (KHTML, like Gecko) Chrome/63.0.3239.132 Safari/537.36"
::ffff:5.62.62.65 - - [26/Jul/2022:04:15:45 +0000] "GET /news/wp-includes/wlwmanifest.xml HTTP/1.1" 404 171 "-" "Mozilla/5.0 (Windows NT 10.0; Win64; x64) AppleWebKit/537.36 (KHTML, like Gecko) Chrome/63.0.3239.132 Safari/537.36"
::ffff:5.62.62.65 - - [26/Jul/2022:04:15:45 +0000] "GET /2015/wp-includes/wlwmanifest.xml HTTP/1.1" 404 171 "-" "Mozilla/5.0 (Windows NT 10.0; Win64; x64) AppleWebKit/537.36 (KHTML, like Gecko) Chrome/63.0.3239.132 Safari/537.36"
::ffff:5.62.62.65 - - [26/Jul/2022:04:15:46 +0000] "GET /2016/wp-includes/wlwmanifest.xml HTTP/1.1" 404 171 "-" "Mozilla/5.0 (Windows NT 10.0; Win64; x64) AppleWebKit/537.36 (KHTML, like Gecko) Chrome/63.0.3239.132 Safari/537.36"
::ffff:5.62.62.65 - - [26/Jul/2022:04:15:46 +0000] "GET /2017/wp-includes/wlwmanifest.xml HTTP/1.1" 404 171 "-" "Mozilla/5.0 (Windows NT 10.0; Win64; x64) AppleWebKit/537.36 (KHTML, like Gecko) Chrome/63.0.3239.132 Safari/537.36"
::ffff:5.62.62.65 - - [26/Jul/2022:04:15:46 +0000] "GET /2018/wp-includes/wlwmanifest.xml HTTP/1.1" 404 171 "-" "Mozilla/5.0 (Windows NT 10.0; Win64; x64) AppleWebKit/537.36 (KHTML, like Gecko) Chrome/63.0.3239.132 Safari/537.36"
::ffff:5.62.62.65 - - [26/Jul/2022:04:15:46 +0000] "GET /shop/wp-includes/wlwmanifest.xml HTTP/1.1" 404 171 "-" "Mozilla/5.0 (Windows NT 10.0; Win64; x64) AppleWebKit/537.36 (KHTML, like Gecko) Chrome/63.0.3239.132 Safari/537.36"
::ffff:5.62.62.65 - - [26/Jul/2022:04:15:46 +0000] "GET /wp1/wp-includes/wlwmanifest.xml HTTP/1.1" 404 170 "-" "Mozilla/5.0 (Windows NT 10.0; Win64; x64) AppleWebKit/537.36 (KHTML, like Gecko) Chrome/63.0.3239.132 Safari/537.36"
::ffff:5.62.62.65 - - [26/Jul/2022:04:15:47 +0000] "GET /test/wp-includes/wlwmanifest.xml HTTP/1.1" 404 171 "-" "Mozilla/5.0 (Windows NT 10.0; Win64; x64) AppleWebKit/537.36 (KHTML, like Gecko) Chrome/63.0.3239.132 Safari/537.36"
::ffff:5.62.62.65 - - [26/Jul/2022:04:15:47 +0000] "GET /media/wp-includes/wlwmanifest.xml HTTP/1.1" 404 172 "-" "Mozilla/5.0 (Windows NT 10.0; Win64; x64) AppleWebKit/537.36 (KHTML, like Gecko) Chrome/63.0.3239.132 Safari/537.36"
::ffff:5.62.62.65 - - [26/Jul/2022:04:15:47 +0000] "GET /wp2/wp-includes/wlwmanifest.xml HTTP/1.1" 404 170 "-" "Mozilla/5.0 (Windows NT 10.0; Win64; x64) AppleWebKit/537.36 (KHTML, like Gecko) Chrome/63.0.3239.132 Safari/537.36"
::ffff:5.62.62.65 - - [26/Jul/2022:04:15:47 +0000] "GET /site/wp-includes/wlwmanifest.xml HTTP/1.1" 404 171 "-" "Mozilla/5.0 (Windows NT 10.0; Win64; x64) AppleWebKit/537.36 (KHTML, like Gecko) Chrome/63.0.3239.132 Safari/537.36"
::ffff:5.62.62.65 - - [26/Jul/2022:04:15:48 +0000] "GET /cms/wp-includes/wlwmanifest.xml HTTP/1.1" 404 170 "-" "Mozilla/5.0 (Windows NT 10.0; Win64; x64) AppleWebKit/537.36 (KHTML, like Gecko) Chrome/63.0.3239.132 Safari/537.36"
::ffff:5.62.62.65 - - [26/Jul/2022:04:15:48 +0000] "GET /sito/wp-includes/wlwmanifest.xml HTTP/1.1" 404 171 "-" "Mozilla/5.0 (Windows NT 10.0; Win64; x64) AppleWebKit/537.36 (KHTML, like Gecko) Chrome/63.0.3239.132 Safari/537.36"
::ffff:73.202.170.82 - - [26/Jul/2022:04:17:01 +0000] "GET /images/wadokikai%20kanji.jpg HTTP/1.1" 404 167 "http://www.wadokikai.org/" "Mozilla/5.0 (Macintosh; Intel Mac OS X 10_15_7) AppleWebKit/537.36 (KHTML, like Gecko) Chrome/103.0.0.0 Safari/537.36"
::ffff:73.202.170.82 - - [26/Jul/2022:04:20:15 +0000] "GET /images/wadokikai%20kanji.jpg HTTP/1.1" 404 167 "http://www.wadokikai.org/" "Mozilla/5.0 (Macintosh; Intel Mac OS X 10_15_7) AppleWebKit/537.36 (KHTML, like Gecko) Chrome/103.0.0.0 Safari/537.36"
::ffff:73.202.170.82 - - [26/Jul/2022:04:23:10 +0000] "GET /images/wadokikai%20kanji.jpg HTTP/1.1" 404 167 "http://www.wadokikai.org/" "Mozilla/5.0 (Macintosh; Intel Mac OS X 10_15_7) AppleWebKit/537.36 (KHTML, like Gecko) Chrome/103.0.0.0 Safari/537.36"
::ffff:185.254.196.115 - - [26/Jul/2022:04:25:23 +0000] "GET /.env HTTP/1.1" 404 143 "-" "Mozilla/5.0 (X11; Linux x86_64) AppleWebKit/537.36 (KHTML, like Gecko) Chrome/81.0.4044.129 Safari/537.36"
::ffff:185.254.196.115 - - [26/Jul/2022:04:25:23 +0000] "POST / HTTP/1.1" 404 140 "-" "Mozilla/5.0 (X11; Linux x86_64) AppleWebKit/537.36 (KHTML, like Gecko) Chrome/81.0.4044.129 Safari/537.36"
::ffff:73.202.170.82 - - [26/Jul/2022:04:26:26 +0000] "GET /images/wadokikai%20kanji.jpg HTTP/1.1" 404 167 "http://www.wadokikai.org/" "Mozilla/5.0 (Macintosh; Intel Mac OS X 10_15_7) AppleWebKit/537.36 (KHTML, like Gecko) Chrome/103.0.0.0 Safari/537.36"
::ffff:73.202.170.82 - - [26/Jul/2022:04:29:02 +0000] "GET /images/wadokikai%20kanji.jpg HTTP/1.1" 404 167 "http://www.wadokikai.org/" "Mozilla/5.0 (Macintosh; Intel Mac OS X 10_15_7) AppleWebKit/537.36 (KHTML, like Gecko) Chrome/103.0.0.0 Safari/537.36"
::ffff:40.77.167.66 - - [26/Jul/2022:04:29:19 +0000] "GET /contact?s=1&ss=2 HTTP/1.1" 200 9997 "-" "Mozilla/5.0 (compatible; bingbot/2.0; +http://www.bing.com/bingbot.htm)"
::ffff:73.202.170.82 - - [26/Jul/2022:04:32:14 +0000] "GET /images/wadokikai%20kanji.jpg HTTP/1.1" 404 167 "http://www.wadokikai.org/" "Mozilla/5.0 (Macintosh; Intel Mac OS X 10_15_7) AppleWebKit/537.36 (KHTML, like Gecko) Chrome/103.0.0.0 Safari/537.36"
::ffff:73.202.170.82 - - [26/Jul/2022:04:35:06 +0000] "GET /images/wadokikai%20kanji.jpg HTTP/1.1" 404 167 "http://www.wadokikai.org/" "Mozilla/5.0 (Macintosh; Intel Mac OS X 10_15_7) AppleWebKit/537.36 (KHTML, like Gecko) Chrome/103.0.0.0 Safari/537.36"
::ffff:107.182.129.137 - - [26/Jul/2022:04:37:51 +0000] "POST /boaform/admin/formLogin HTTP/1.1" 404 163 "http://34.212.47.6:80/admin/login.asp" "Mozilla/5.0 (X11; Ubuntu; Linux x86_64; rv:71.0) Gecko/20100101 Firefox/71.0"
::ffff:73.202.170.82 - - [26/Jul/2022:04:38:14 +0000] "GET /images/wadokikai%20kanji.jpg HTTP/1.1" 404 167 "http://www.wadokikai.org/" "Mozilla/5.0 (Macintosh; Intel Mac OS X 10_15_7) AppleWebKit/537.36 (KHTML, like Gecko) Chrome/103.0.0.0 Safari/537.36"
::ffff:73.202.170.82 - - [26/Jul/2022:04:41:03 +0000] "GET /images/wadokikai%20kanji.jpg HTTP/1.1" 404 167 "http://www.wadokikai.org/" "Mozilla/5.0 (Macintosh; Intel Mac OS X 10_15_7) AppleWebKit/537.36 (KHTML, like Gecko) Chrome/103.0.0.0 Safari/537.36"
::ffff:114.119.151.9 - - [26/Jul/2022:04:43:17 +0000] "GET /schoolsandschedules.html HTTP/1.1" 404 163 "http://www.wadokikai.org/overview.html" "Mozilla/5.0 (Linux; Android 7.0;) AppleWebKit/537.36 (KHTML, like Gecko) Mobile Safari/537.36 (compatible; PetalBot;+https://webmaster.petalsearch.com/site/petalbot)"
::ffff:13.87.82.205 - - [26/Jul/2022:04:43:51 +0000] "GET / HTTP/1.1" 200 57618 "-" "Mozilla/5.0 (X11; Ubuntu; Linux x86_64; rv:76.0) Gecko/20100101 Firefox/76.0"
::ffff:73.202.170.82 - - [26/Jul/2022:04:44:13 +0000] "GET /images/wadokikai%20kanji.jpg HTTP/1.1" 404 167 "http://www.wadokikai.org/" "Mozilla/5.0 (Macintosh; Intel Mac OS X 10_15_7) AppleWebKit/537.36 (KHTML, like Gecko) Chrome/103.0.0.0 Safari/537.36"
::ffff:73.202.170.82 - - [26/Jul/2022:04:47:04 +0000] "GET /images/wadokikai%20kanji.jpg HTTP/1.1" 404 167 "http://www.wadokikai.org/" "Mozilla/5.0 (Macintosh; Intel Mac OS X 10_15_7) AppleWebKit/537.36 (KHTML, like Gecko) Chrome/103.0.0.0 Safari/537.36"
::ffff:73.202.170.82 - - [26/Jul/2022:04:50:12 +0000] "GET /images/wadokikai%20kanji.jpg HTTP/1.1" 404 167 "http://www.wadokikai.org/" "Mozilla/5.0 (Macintosh; Intel Mac OS X 10_15_7) AppleWebKit/537.36 (KHTML, like Gecko) Chrome/103.0.0.0 Safari/537.36"
::ffff:98.234.224.71 - - [26/Jul/2022:04:52:17 +0000] "GET /images/dragon-trans.png HTTP/1.1" 304 - "http://wadokikai.org/resources" "Mozilla/5.0 (Windows NT 10.0; Win64; x64) AppleWebKit/537.36 (KHTML, like Gecko) Chrome/103.0.0.0 Safari/537.36"
::ffff:73.202.170.82 - - [26/Jul/2022:04:52:59 +0000] "GET /images/wadokikai%20kanji.jpg HTTP/1.1" 404 167 "http://www.wadokikai.org/" "Mozilla/5.0 (Macintosh; Intel Mac OS X 10_15_7) AppleWebKit/537.36 (KHTML, like Gecko) Chrome/103.0.0.0 Safari/537.36"
::ffff:91.191.209.182 - - [26/Jul/2022:04:54:20 +0000] "GET / HTTP/1.0" 200 57618 "-" "masscan/1.3 (https://github.com/robertdavidgraham/masscan)"
::ffff:73.202.170.82 - - [26/Jul/2022:04:56:09 +0000] "GET /images/wadokikai%20kanji.jpg HTTP/1.1" 404 167 "http://www.wadokikai.org/" "Mozilla/5.0 (Macintosh; Intel Mac OS X 10_15_7) AppleWebKit/537.36 (KHTML, like Gecko) Chrome/103.0.0.0 Safari/537.36"
