::ffff:205.210.31.3 - - [24/Sep/2022:06:58:10 +0000] "GET / HTTP/1.1" 200 58140 "-" "Expanse, a Palo Alto Networks company, searches across the global IPv4 space multiple times per day to identify customers&#39; presences on the Internet. If you would like to be excluded from our scans, please send IP addresses/domains to: scaninfo@paloaltonetworks.com"
::ffff:37.139.53.81 - - [24/Sep/2022:07:02:14 +0000] "GET / HTTP/1.0" 200 58140 "http://wadokikai.net/" "Mozilla/5.0 (Windows NT 6.1; Win64; x64) AppleWebKit/537.36 (KHTML, like Gecko) Chrome/83.0.4103.24 Safari/537.36 Edg/83.0.478.18"
::ffff:37.139.53.81 - - [24/Sep/2022:07:02:14 +0000] "POST /sendemail HTTP/1.0" 302 40 "http://wadokikai.net/" "Mozilla/5.0 (Windows NT 6.1; Win64; x64) AppleWebKit/537.36 (KHTML, like Gecko) Chrome/83.0.4103.24 Safari/537.36 Edg/83.0.478.18"
::ffff:37.139.53.81 - - [24/Sep/2022:07:02:16 +0000] "GET /?err=error HTTP/1.0" 200 58692 "http://wadokikai.net/?err=error#signup" "Mozilla/5.0 (Windows NT 6.1; Win64; x64) AppleWebKit/537.36 (KHTML, like Gecko) Chrome/83.0.4103.24 Safari/537.36 Edg/83.0.478.18"
::ffff:95.214.235.205 - - [24/Sep/2022:07:03:48 +0000] "GET /.env HTTP/1.1" 404 143 "-" "Mozilla/5.0 (X11; Linux x86_64) AppleWebKit/537.36 (KHTML, like Gecko) Chrome/81.0.4044.129 Safari/537.36"
::ffff:95.214.235.205 - - [24/Sep/2022:07:03:48 +0000] "POST / HTTP/1.1" 404 140 "-" "Mozilla/5.0 (X11; Linux x86_64) AppleWebKit/537.36 (KHTML, like Gecko) Chrome/81.0.4044.129 Safari/537.36"
::ffff:73.93.253.46 - - [24/Sep/2022:07:07:51 +0000] "GET /images/tiger.bmp HTTP/1.1" 304 - "https://wadokikai.org/resources" "Mozilla/5.0 (Macintosh; Intel Mac OS X 10_15_7) AppleWebKit/605.1.15 (KHTML, like Gecko) Version/15.6.1 Safari/605.1.15"
::ffff:40.77.167.70 - - [24/Sep/2022:07:23:56 +0000] "GET / HTTP/1.1" 200 58140 "-" "Mozilla/5.0 AppleWebKit/537.36 (KHTML, like Gecko; compatible; bingbot/2.0; +http://www.bing.com/bingbot.htm) Chrome/103.0.5060.134 Safari/537.36"
::ffff:73.93.253.46 - - [24/Sep/2022:07:28:11 +0000] "GET /images/dragon-trans.png HTTP/1.1" 304 - "https://wadokikai.org/resources" "Mozilla/5.0 (Macintosh; Intel Mac OS X 10_15_7) AppleWebKit/605.1.15 (KHTML, like Gecko) Version/15.6.1 Safari/605.1.15"
::ffff:192.241.192.196 - - [24/Sep/2022:07:28:36 +0000] "GET /ecp/Current/exporttool/microsoft.exchange.ediscovery.exporttool.application HTTP/1.1" 404 214 "-" "Mozilla/5.0 zgrab/0.x"
::ffff:192.241.220.51 - - [24/Sep/2022:07:28:53 +0000] "GET /actuator/health HTTP/1.1" 404 154 "-" "Mozilla/5.0 zgrab/0.x"
::ffff:157.55.39.132 - - [24/Sep/2022:07:35:25 +0000] "GET /images/books/movingzen.jpg HTTP/1.1" 200 3578 "-" "Mozilla/5.0 (compatible; bingbot/2.0; +http://www.bing.com/bingbot.htm)"
::ffff:66.249.79.170 - - [24/Sep/2022:07:44:28 +0000] "GET /contact HTTP/1.1" 200 10017 "-" "Mozilla/5.0 (compatible; Googlebot/2.1; +http://www.google.com/bot.html)"
::ffff:192.241.206.31 - - [24/Sep/2022:07:46:44 +0000] "GET / HTTP/1.1" 200 58140 "-" "Mozilla/5.0 zgrab/0.x"
::ffff:73.93.253.46 - - [24/Sep/2022:07:48:31 +0000] "GET /images/tiger.bmp HTTP/1.1" 304 - "https://wadokikai.org/resources" "Mozilla/5.0 (Macintosh; Intel Mac OS X 10_15_7) AppleWebKit/605.1.15 (KHTML, like Gecko) Version/15.6.1 Safari/605.1.15"
::ffff:192.241.194.196 - - [24/Sep/2022:07:51:11 +0000] "GET /owa/auth/x.js HTTP/1.1" 404 152 "-" "Mozilla/5.0 zgrab/0.x"
::ffff:67.160.201.88 - - [24/Sep/2022:07:52:42 +0000] "GET /favicon.ico HTTP/1.1" 404 150 "-" "Mozilla/5.0 (iPhone; CPU iPhone OS 15_6_1 like Mac OS X) AppleWebKit/605.1.15 (KHTML, like Gecko) FxiOS/40.2  Mobile/15E148 Safari/605.1.15"
::ffff:67.160.201.88 - - [24/Sep/2022:07:52:44 +0000] "GET /favicon.ico HTTP/1.1" 404 150 "-" "Mozilla/5.0 (iPhone; CPU iPhone OS 15_6_1 like Mac OS X) AppleWebKit/605.1.15 (KHTML, like Gecko) FxiOS/40.2  Mobile/15E148 Safari/605.1.15"
::ffff:67.160.201.88 - - [24/Sep/2022:07:52:46 +0000] "GET /favicon.ico HTTP/1.1" 404 150 "-" "Mozilla/5.0 (iPhone; CPU iPhone OS 15_6_1 like Mac OS X) AppleWebKit/605.1.15 (KHTML, like Gecko) FxiOS/40.2  Mobile/15E148 Safari/605.1.15"
::ffff:67.160.201.88 - - [24/Sep/2022:07:52:47 +0000] "GET /favicon.ico HTTP/1.1" 404 150 "-" "Mozilla/5.0 (iPhone; CPU iPhone OS 15_6_1 like Mac OS X) AppleWebKit/605.1.15 (KHTML, like Gecko) FxiOS/40.2  Mobile/15E148 Safari/605.1.15"
::ffff:67.160.201.88 - - [24/Sep/2022:07:52:47 +0000] "GET /favicon.ico HTTP/1.1" 404 150 "-" "Mozilla/5.0 (iPhone; CPU iPhone OS 15_6_1 like Mac OS X) AppleWebKit/605.1.15 (KHTML, like Gecko) FxiOS/40.2  Mobile/15E148 Safari/605.1.15"
::ffff:67.160.201.88 - - [24/Sep/2022:07:52:52 +0000] "GET /favicon.ico HTTP/1.1" 404 150 "-" "Mozilla/5.0 (iPhone; CPU iPhone OS 15_6_1 like Mac OS X) AppleWebKit/605.1.15 (KHTML, like Gecko) FxiOS/40.2  Mobile/15E148 Safari/605.1.15"
::ffff:67.160.201.88 - - [24/Sep/2022:07:52:53 +0000] "GET /favicon.ico HTTP/1.1" 404 150 "-" "Mozilla/5.0 (iPhone; CPU iPhone OS 15_6_1 like Mac OS X) AppleWebKit/605.1.15 (KHTML, like Gecko) FxiOS/40.2  Mobile/15E148 Safari/605.1.15"
::ffff:67.160.201.88 - - [24/Sep/2022:07:52:53 +0000] "GET /favicon.ico HTTP/1.1" - - "-" "Mozilla/5.0 (iPhone; CPU iPhone OS 15_6_1 like Mac OS X) AppleWebKit/605.1.15 (KHTML, like Gecko) FxiOS/40.2  Mobile/15E148 Safari/605.1.15"
::ffff:67.160.201.88 - - [24/Sep/2022:07:52:54 +0000] "GET /favicon.ico HTTP/1.1" 404 150 "-" "Mozilla/5.0 (iPhone; CPU iPhone OS 15_6_1 like Mac OS X) AppleWebKit/605.1.15 (KHTML, like Gecko) FxiOS/40.2  Mobile/15E148 Safari/605.1.15"
::ffff:67.160.201.88 - - [24/Sep/2022:07:52:54 +0000] "GET /favicon.ico HTTP/1.1" 404 150 "-" "Mozilla/5.0 (iPhone; CPU iPhone OS 15_6_1 like Mac OS X) AppleWebKit/605.1.15 (KHTML, like Gecko) FxiOS/40.2  Mobile/15E148 Safari/605.1.15"
::ffff:180.211.99.217 - - [24/Sep/2022:07:53:10 +0000] "GET /wp-login.php HTTP/1.1" 404 151 "-" "Mozilla/5.0 (Windows NT 10.0; Win64; x64; rv:96.0) Gecko/20100101 Firefox/96"
::ffff:67.160.201.88 - - [24/Sep/2022:07:53:40 +0000] "GET /favicon.ico HTTP/1.1" 404 150 "-" "Mozilla/5.0 (iPhone; CPU iPhone OS 15_6_1 like Mac OS X) AppleWebKit/605.1.15 (KHTML, like Gecko) FxiOS/40.2  Mobile/15E148 Safari/605.1.15"
::ffff:67.160.201.88 - - [24/Sep/2022:07:53:40 +0000] "GET /favicon.ico HTTP/1.1" 404 150 "-" "Mozilla/5.0 (iPhone; CPU iPhone OS 15_6_1 like Mac OS X) AppleWebKit/605.1.15 (KHTML, like Gecko) FxiOS/40.2  Mobile/15E148 Safari/605.1.15"
::ffff:114.119.145.205 - - [24/Sep/2022:07:57:39 +0000] "GET /contact?s=1&ss=10 HTTP/1.1" 200 9997 "http://34.212.47.6/" "Mozilla/5.0 (Linux; Android 7.0;) AppleWebKit/537.36 (KHTML, like Gecko) Mobile Safari/537.36 (compatible; PetalBot;+https://webmaster.petalsearch.com/site/petalbot)"
::ffff:157.55.39.132 - - [24/Sep/2022:07:58:38 +0000] "GET / HTTP/1.1" 200 58140 "-" "Mozilla/5.0 (compatible; bingbot/2.0; +http://www.bing.com/bingbot.htm)"
::ffff:65.21.150.14 - - [24/Sep/2022:08:00:57 +0000] "GET /wp-content/themes/seotheme/mar.php HTTP/1.1" 404 173 "www.google.com" "Mozlila/5.0 (Linux; Android 7.0; SM-G892A Bulid/NRD90M; wv) AppleWebKit/537.36 (KHTML, like Gecko) Version/4.0 Chrome/60.0.3112.107 Moblie Safari/537.36"
::ffff:65.21.150.14 - - [24/Sep/2022:08:00:59 +0000] "GET /wp-content/themes/seotheme/mar.php HTTP/1.1" 404 173 "www.google.com" "Mozlila/5.0 (Linux; Android 7.0; SM-G892A Bulid/NRD90M; wv) AppleWebKit/537.36 (KHTML, like Gecko) Version/4.0 Chrome/60.0.3112.107 Moblie Safari/537.36"
::ffff:65.21.150.14 - - [24/Sep/2022:08:01:02 +0000] "GET /wp-includes/shell20211028.php HTTP/1.1" 404 168 "www.google.com" "Mozlila/5.0 (Linux; Android 7.0; SM-G892A Bulid/NRD90M; wv) AppleWebKit/537.36 (KHTML, like Gecko) Version/4.0 Chrome/60.0.3112.107 Moblie Safari/537.36"
::ffff:65.21.150.14 - - [24/Sep/2022:08:01:03 +0000] "GET /wp-includes/shell20211028.php HTTP/1.1" 404 168 "www.google.com" "Mozlila/5.0 (Linux; Android 7.0; SM-G892A Bulid/NRD90M; wv) AppleWebKit/537.36 (KHTML, like Gecko) Version/4.0 Chrome/60.0.3112.107 Moblie Safari/537.36"
::ffff:65.21.150.14 - - [24/Sep/2022:08:01:06 +0000] "GET /1index.php HTTP/1.1" 404 149 "www.google.com" "Mozlila/5.0 (Linux; Android 7.0; SM-G892A Bulid/NRD90M; wv) AppleWebKit/537.36 (KHTML, like Gecko) Version/4.0 Chrome/60.0.3112.107 Moblie Safari/537.36"
::ffff:65.21.150.14 - - [24/Sep/2022:08:01:09 +0000] "GET /1index.php HTTP/1.1" 404 149 "www.google.com" "Mozlila/5.0 (Linux; Android 7.0; SM-G892A Bulid/NRD90M; wv) AppleWebKit/537.36 (KHTML, like Gecko) Version/4.0 Chrome/60.0.3112.107 Moblie Safari/537.36"
::ffff:65.21.150.14 - - [24/Sep/2022:08:01:11 +0000] "GET /shell4.php HTTP/1.1" 404 149 "www.google.com" "Mozlila/5.0 (Linux; Android 7.0; SM-G892A Bulid/NRD90M; wv) AppleWebKit/537.36 (KHTML, like Gecko) Version/4.0 Chrome/60.0.3112.107 Moblie Safari/537.36"
::ffff:65.21.150.14 - - [24/Sep/2022:08:01:15 +0000] "GET /shell4.php HTTP/1.1" 404 149 "www.google.com" "Mozlila/5.0 (Linux; Android 7.0; SM-G892A Bulid/NRD90M; wv) AppleWebKit/537.36 (KHTML, like Gecko) Version/4.0 Chrome/60.0.3112.107 Moblie Safari/537.36"
::ffff:65.21.150.14 - - [24/Sep/2022:08:01:15 +0000] "GET /ru.php HTTP/1.1" 404 145 "www.google.com" "Mozlila/5.0 (Linux; Android 7.0; SM-G892A Bulid/NRD90M; wv) AppleWebKit/537.36 (KHTML, like Gecko) Version/4.0 Chrome/60.0.3112.107 Moblie Safari/537.36"
::ffff:65.21.150.14 - - [24/Sep/2022:08:01:17 +0000] "GET /ru.php HTTP/1.1" 404 145 "www.google.com" "Mozlila/5.0 (Linux; Android 7.0; SM-G892A Bulid/NRD90M; wv) AppleWebKit/537.36 (KHTML, like Gecko) Version/4.0 Chrome/60.0.3112.107 Moblie Safari/537.36"
::ffff:65.21.150.14 - - [24/Sep/2022:08:01:19 +0000] "GET /saudi.php HTTP/1.1" 404 148 "www.google.com" "Mozlila/5.0 (Linux; Android 7.0; SM-G892A Bulid/NRD90M; wv) AppleWebKit/537.36 (KHTML, like Gecko) Version/4.0 Chrome/60.0.3112.107 Moblie Safari/537.36"
::ffff:65.21.150.14 - - [24/Sep/2022:08:01:21 +0000] "GET /saudi.php HTTP/1.1" 404 148 "www.google.com" "Mozlila/5.0 (Linux; Android 7.0; SM-G892A Bulid/NRD90M; wv) AppleWebKit/537.36 (KHTML, like Gecko) Version/4.0 Chrome/60.0.3112.107 Moblie Safari/537.36"
::ffff:135.125.246.110 - - [24/Sep/2022:08:02:31 +0000] "POST / HTTP/1.1" 404 140 "-" "Mozilla/5.0 (X11; Linux x86_64) AppleWebKit/537.36 (KHTML, like Gecko) Chrome/81.0.4044.129 Safari/537.36"
::ffff:135.125.246.110 - - [24/Sep/2022:08:02:32 +0000] "GET /.env HTTP/1.1" 404 143 "-" "Mozilla/5.0 (X11; Linux x86_64) AppleWebKit/537.36 (KHTML, like Gecko) Chrome/81.0.4044.129 Safari/537.36"
::ffff:114.119.145.205 - - [24/Sep/2022:08:03:18 +0000] "GET /contact?s=1&ss=1 HTTP/1.1" 200 9997 "http://34.212.47.6/" "Mozilla/5.0 (Linux; Android 7.0;) AppleWebKit/537.36 (KHTML, like Gecko) Mobile Safari/537.36 (compatible; PetalBot;+https://webmaster.petalsearch.com/site/petalbot)"
::ffff:49.142.208.186 - - [24/Sep/2022:08:07:54 +0000] "GET / HTTP/1.1" 200 58140 "-" "-"
::ffff:207.46.13.129 - - [24/Sep/2022:08:15:39 +0000] "GET /images/instructors/fortiz.jpg HTTP/1.1" 200 82719 "-" "Mozilla/5.0 (compatible; bingbot/2.0; +http://www.bing.com/bingbot.htm)"
::ffff:67.188.244.183 - - [24/Sep/2022:08:18:14 +0000] "GET /images/favicon.ico HTTP/1.1" 200 3638 "http://www.wadokikai.net/" "Mozilla/5.0 (iPhone; CPU iPhone OS 15_6_1 like Mac OS X) AppleWebKit/605.1.15 (KHTML, like Gecko) Version/15.6.1 Mobile/15E148 Safari/604.1"
::ffff:67.188.244.183 - - [24/Sep/2022:08:18:17 +0000] "GET /images/tiger.bmp HTTP/1.1" 304 - "http://www.wadokikai.net/" "Mozilla/5.0 (iPhone; CPU iPhone OS 15_6_1 like Mac OS X) AppleWebKit/605.1.15 (KHTML, like Gecko) Version/15.6.1 Mobile/15E148 Safari/604.1"
::ffff:67.188.244.183 - - [24/Sep/2022:08:18:20 +0000] "GET /images/wadokikai%20kanji.jpg HTTP/1.1" 304 - "http://www.wadokikai.net/" "Mozilla/5.0 (iPhone; CPU iPhone OS 15_6_1 like Mac OS X) AppleWebKit/605.1.15 (KHTML, like Gecko) Version/15.6.1 Mobile/15E148 Safari/604.1"
::ffff:67.188.244.183 - - [24/Sep/2022:08:20:13 +0000] "GET /images/wadokikai%20kanji.jpg HTTP/1.1" 304 - "http://www.wadokikai.net/" "Mozilla/5.0 (iPhone; CPU iPhone OS 15_6_1 like Mac OS X) AppleWebKit/605.1.15 (KHTML, like Gecko) Version/15.6.1 Mobile/15E148 Safari/604.1"
::ffff:67.188.244.183 - - [24/Sep/2022:08:20:16 +0000] "GET /images/dragon-trans.png HTTP/1.1" 304 - "http://www.wadokikai.net/" "Mozilla/5.0 (iPhone; CPU iPhone OS 15_6_1 like Mac OS X) AppleWebKit/605.1.15 (KHTML, like Gecko) Version/15.6.1 Mobile/15E148 Safari/604.1"
::ffff:167.94.138.45 - - [24/Sep/2022:08:30:03 +0000] "GET / HTTP/1.1" 200 58140 "-" "-"
::ffff:167.94.138.45 - - [24/Sep/2022:08:30:03 +0000] "GET / HTTP/1.1" 200 58140 "-" "Mozilla/5.0 (compatible; CensysInspect/1.1; +https://about.censys.io/)"
::ffff:167.94.138.45 - - [24/Sep/2022:08:30:04 +0000] "PRI * HTTP/2.0" - - "-" "-"
::ffff:167.94.138.45 - - [24/Sep/2022:08:30:04 +0000] "GET /images/favicon.ico HTTP/1.1" 200 3638 "-" "Mozilla/5.0 (compatible; CensysInspect/1.1; +https://about.censys.io/)"
::ffff:167.94.138.45 - - [24/Sep/2022:08:30:04 +0000] "GET /favicon.ico HTTP/1.1" 404 150 "-" "Mozilla/5.0 (compatible; CensysInspect/1.1; +https://about.censys.io/)"
::ffff:46.161.27.153 - - [24/Sep/2022:08:30:07 +0000] "GET /wp-login.php HTTP/1.1" 404 151 "-" "Mozilla/5.0 (Windows NT 10.0; Win64; x64) AppleWebKit/537.36 (KHTML, like Gecko) Chrome/64.0.3282.140 Safari/537.36 Edge/18.17763"
::ffff:95.214.235.205 - - [24/Sep/2022:08:30:54 +0000] "GET /.env HTTP/1.1" 404 143 "-" "Mozilla/5.0 (X11; Linux x86_64) AppleWebKit/537.36 (KHTML, like Gecko) Chrome/81.0.4044.129 Safari/537.36"
::ffff:95.214.235.205 - - [24/Sep/2022:08:30:56 +0000] "POST / HTTP/1.1" 404 140 "-" "Mozilla/5.0 (X11; Linux x86_64) AppleWebKit/537.36 (KHTML, like Gecko) Chrome/81.0.4044.129 Safari/537.36"
::ffff:157.55.39.228 - - [24/Sep/2022:08:51:24 +0000] "GET / HTTP/1.1" 200 58140 "-" "Mozilla/5.0 (compatible; bingbot/2.0; +http://www.bing.com/bingbot.htm)"
::ffff:157.55.39.21 - - [24/Sep/2022:08:51:40 +0000] "GET /css/wadokikai.css HTTP/1.1" 200 4337 "-" "Mozilla/5.0 (compatible; bingbot/2.0; +http://www.bing.com/bingbot.htm)"
::ffff:207.46.13.135 - - [24/Sep/2022:08:52:30 +0000] "GET / HTTP/1.1" 200 58140 "-" "Mozilla/5.0 AppleWebKit/537.36 (KHTML, like Gecko; compatible; bingbot/2.0; +http://www.bing.com/bingbot.htm) Chrome/103.0.5060.134 Safari/537.36"
::ffff:67.188.244.183 - - [24/Sep/2022:08:54:41 +0000] "GET /images/tiger.bmp HTTP/1.1" 304 - "http://www.wadokikai.net/" "Mozilla/5.0 (iPhone; CPU iPhone OS 15_6_1 like Mac OS X) AppleWebKit/605.1.15 (KHTML, like Gecko) Version/15.6.1 Mobile/15E148 Safari/604.1"
::ffff:67.188.244.183 - - [24/Sep/2022:08:54:48 +0000] "GET /images/dragon-trans.png HTTP/1.1" 304 - "http://www.wadokikai.net/" "Mozilla/5.0 (iPhone; CPU iPhone OS 15_6_1 like Mac OS X) AppleWebKit/605.1.15 (KHTML, like Gecko) Version/15.6.1 Mobile/15E148 Safari/604.1"
::ffff:67.188.244.183 - - [24/Sep/2022:08:54:52 +0000] "GET /images/tiger.bmp HTTP/1.1" 304 - "http://www.wadokikai.net/" "Mozilla/5.0 (iPhone; CPU iPhone OS 15_6_1 like Mac OS X) AppleWebKit/605.1.15 (KHTML, like Gecko) Version/15.6.1 Mobile/15E148 Safari/604.1"
::ffff:216.244.66.196 - - [24/Sep/2022:08:55:47 +0000] "GET /robots.txt HTTP/1.1" 404 149 "-" "Mozilla/5.0 (compatible; DotBot/1.2; +https://opensiteexplorer.org/dotbot; help@moz.com)"
::ffff:216.244.66.196 - - [24/Sep/2022:08:57:30 +0000] "GET /locations.php HTTP/1.1" 404 152 "-" "Mozilla/5.0 (compatible; DotBot/1.2; +https://opensiteexplorer.org/dotbot; help@moz.com)"
::ffff:73.93.253.46 - - [24/Sep/2022:08:59:00 +0000] "GET /images/tiger.bmp HTTP/1.1" 304 - "https://wadokikai.org/resources" "Mozilla/5.0 (Macintosh; Intel Mac OS X 10_15_7) AppleWebKit/605.1.15 (KHTML, like Gecko) Version/15.6.1 Safari/605.1.15"
::ffff:128.14.134.170 - - [24/Sep/2022:09:03:05 +0000] "GET / HTTP/1.1" 200 58140 "-" "Mozilla/5.0 (Windows NT 10.0; Win64; x64) AppleWebKit/537.36 (KHTML, like Gecko) Chrome/60.0.3112.113 Safari/537.36"
::ffff:207.46.13.230 - - [24/Sep/2022:09:07:37 +0000] "GET /robots.txt HTTP/1.1" 404 149 "-" "Mozilla/5.0 (compatible; bingbot/2.0; +http://www.bing.com/bingbot.htm)"
::ffff:157.55.39.132 - - [24/Sep/2022:09:14:44 +0000] "GET / HTTP/1.1" 200 58140 "-" "Mozilla/5.0 (compatible; bingbot/2.0; +http://www.bing.com/bingbot.htm)"
::ffff:37.139.53.81 - - [24/Sep/2022:09:16:37 +0000] "GET / HTTP/1.0" 200 58140 "http://wadokikai.net/" "Mozilla/5.0 (Windows NT 10.0; Win64; x64) AppleWebKit/537.36 (KHTML, like Gecko) Chrome/83.0.4087.0 Safari/537.36"
::ffff:37.139.53.81 - - [24/Sep/2022:09:16:38 +0000] "POST /sendemail HTTP/1.0" 302 40 "http://wadokikai.net/" "Mozilla/5.0 (Windows NT 10.0; Win64; x64) AppleWebKit/537.36 (KHTML, like Gecko) Chrome/83.0.4087.0 Safari/537.36"
::ffff:37.139.53.81 - - [24/Sep/2022:09:16:38 +0000] "GET /?err=error HTTP/1.0" 200 58692 "http://wadokikai.net/?err=error#signup" "Mozilla/5.0 (Windows NT 10.0; Win64; x64) AppleWebKit/537.36 (KHTML, like Gecko) Chrome/83.0.4087.0 Safari/537.36"
::ffff:73.93.253.46 - - [24/Sep/2022:09:19:20 +0000] "GET /images/dragon-trans.png HTTP/1.1" 304 - "https://wadokikai.org/resources" "Mozilla/5.0 (Macintosh; Intel Mac OS X 10_15_7) AppleWebKit/605.1.15 (KHTML, like Gecko) Version/15.6.1 Safari/605.1.15"
::ffff:135.125.246.110 - - [24/Sep/2022:09:41:01 +0000] "POST / HTTP/1.1" 404 140 "-" "Mozilla/5.0 (X11; Linux x86_64) AppleWebKit/537.36 (KHTML, like Gecko) Chrome/81.0.4044.129 Safari/537.36"
::ffff:135.125.246.110 - - [24/Sep/2022:09:41:01 +0000] "GET /.env HTTP/1.1" 404 143 "-" "Mozilla/5.0 (X11; Linux x86_64) AppleWebKit/537.36 (KHTML, like Gecko) Chrome/81.0.4044.129 Safari/537.36"
::ffff:3.248.193.124 - - [24/Sep/2022:09:45:00 +0000] "GET /robots.txt HTTP/1.1" 404 149 "-" "Pandalytics/1.0 (https://domainsbot.com/pandalytics/)"
::ffff:3.248.193.124 - - [24/Sep/2022:09:45:00 +0000] "GET / HTTP/1.1" 200 58140 "-" "Pandalytics/1.0 (https://domainsbot.com/pandalytics/)"
::ffff:46.161.27.156 - - [24/Sep/2022:09:45:13 +0000] "GET /wp-login.php HTTP/1.1" 404 151 "-" "Mozilla/5.0 (Windows NT 10.0; Win64; x64) AppleWebKit/537.36 (KHTML, like Gecko) Chrome/64.0.3282.140 Safari/537.36 Edge/18.17763"
::ffff:45.79.171.66 - - [24/Sep/2022:09:50:40 +0000] "GET /service.php?token=1819&action=11 HTTP/1.0" 404 150 "-" "-"
::ffff:67.160.201.88 - - [24/Sep/2022:10:01:00 +0000] "GET /favicon.ico HTTP/1.1" 404 150 "-" "Mozilla/5.0 (iPhone; CPU iPhone OS 15_6_1 like Mac OS X) AppleWebKit/605.1.15 (KHTML, like Gecko) FxiOS/40.2  Mobile/15E148 Safari/605.1.15"
::ffff:67.160.201.88 - - [24/Sep/2022:10:01:00 +0000] "GET /favicon.ico HTTP/1.1" 404 150 "-" "Mozilla/5.0 (iPhone; CPU iPhone OS 15_6_1 like Mac OS X) AppleWebKit/605.1.15 (KHTML, like Gecko) FxiOS/40.2  Mobile/15E148 Safari/605.1.15"
::ffff:193.27.14.237 - - [24/Sep/2022:10:02:58 +0000] "GET /.env HTTP/1.1" 404 143 "-" "Mozilla/5.0 (X11; Linux x86_64) AppleWebKit/537.36 (KHTML, like Gecko) Chrome/81.0.4044.129 Safari/537.36"
::ffff:193.27.14.237 - - [24/Sep/2022:10:02:58 +0000] "POST / HTTP/1.1" 404 140 "-" "Mozilla/5.0 (X11; Linux x86_64) AppleWebKit/537.36 (KHTML, like Gecko) Chrome/81.0.4044.129 Safari/537.36"
::ffff:40.77.167.70 - - [24/Sep/2022:10:08:22 +0000] "GET / HTTP/1.1" 200 58140 "-" "Mozilla/5.0 (compatible; bingbot/2.0; +http://www.bing.com/bingbot.htm)"
::ffff:157.55.39.228 - - [24/Sep/2022:10:15:22 +0000] "GET / HTTP/1.1" 200 58140 "-" "Mozilla/5.0 (compatible; bingbot/2.0; +http://www.bing.com/bingbot.htm)"
::ffff:157.55.39.21 - - [24/Sep/2022:10:16:38 +0000] "GET /images/books/grappingmethod.jpg HTTP/1.1" 200 4025 "-" "Mozilla/5.0 (compatible; bingbot/2.0; +http://www.bing.com/bingbot.htm)"
::ffff:73.93.253.46 - - [24/Sep/2022:10:17:25 +0000] "GET /images/dragon-trans.png HTTP/1.1" 304 - "https://wadokikai.org/resources" "Mozilla/5.0 (Macintosh; Intel Mac OS X 10_15_7) AppleWebKit/605.1.15 (KHTML, like Gecko) Version/15.6.1 Safari/605.1.15"
::ffff:27.147.243.58 - - [24/Sep/2022:10:18:16 +0000] "GET / HTTP/1.1" 200 58140 "-" "Mozilla/5.0 (Windows NT 6.1; WOW64) AppleWebKit/537.36 (KHTML, like Gecko) Chrome/52.0.2743.116 Safari/537.36"
::ffff:205.210.31.139 - - [24/Sep/2022:10:24:20 +0000] "GET / HTTP/1.1" 200 58140 "-" "Expanse, a Palo Alto Networks company, searches across the global IPv4 space multiple times per day to identify customers&#39; presences on the Internet. If you would like to be excluded from our scans, please send IP addresses/domains to: scaninfo@paloaltonetworks.com"
::ffff:157.245.145.2 - - [24/Sep/2022:10:25:10 +0000] "GET / HTTP/1.1" 200 58140 "-" "Mozilla/5.0 (Windows NT 10.0; Win64; x64) AppleWebKit/537.36 (KHTML, like Gecko) Chrome/78.0.3904.108 Safari/537.36"
::ffff:157.245.145.2 - - [24/Sep/2022:10:25:11 +0000] "GET / HTTP/1.1" 200 58140 "-" "Mozilla/5.0 (Windows NT 10.0; Win64; x64) AppleWebKit/537.36 (KHTML, like Gecko) Chrome/78.0.3904.108 Safari/537.36"
::ffff:157.245.145.2 - - [24/Sep/2022:10:25:11 +0000] "GET /wp-includes/wlwmanifest.xml HTTP/1.1" 404 166 "-" "Mozilla/5.0 (Windows NT 10.0; Win64; x64) AppleWebKit/537.36 (KHTML, like Gecko) Chrome/78.0.3904.108 Safari/537.36"
::ffff:157.245.145.2 - - [24/Sep/2022:10:25:11 +0000] "GET /xmlrpc.php?rsd HTTP/1.1" 404 149 "-" "Mozilla/5.0 (Windows NT 10.0; Win64; x64) AppleWebKit/537.36 (KHTML, like Gecko) Chrome/78.0.3904.108 Safari/537.36"
::ffff:157.245.145.2 - - [24/Sep/2022:10:25:12 +0000] "GET / HTTP/1.1" 200 58140 "-" "Mozilla/5.0 (Windows NT 10.0; Win64; x64) AppleWebKit/537.36 (KHTML, like Gecko) Chrome/78.0.3904.108 Safari/537.36"
::ffff:157.245.145.2 - - [24/Sep/2022:10:25:12 +0000] "GET /blog/wp-includes/wlwmanifest.xml HTTP/1.1" 404 171 "-" "Mozilla/5.0 (Windows NT 10.0; Win64; x64) AppleWebKit/537.36 (KHTML, like Gecko) Chrome/78.0.3904.108 Safari/537.36"
::ffff:157.245.145.2 - - [24/Sep/2022:10:25:12 +0000] "GET /web/wp-includes/wlwmanifest.xml HTTP/1.1" 404 170 "-" "Mozilla/5.0 (Windows NT 10.0; Win64; x64) AppleWebKit/537.36 (KHTML, like Gecko) Chrome/78.0.3904.108 Safari/537.36"
::ffff:157.245.145.2 - - [24/Sep/2022:10:25:12 +0000] "GET /wordpress/wp-includes/wlwmanifest.xml HTTP/1.1" 404 176 "-" "Mozilla/5.0 (Windows NT 10.0; Win64; x64) AppleWebKit/537.36 (KHTML, like Gecko) Chrome/78.0.3904.108 Safari/537.36"
::ffff:157.245.145.2 - - [24/Sep/2022:10:25:13 +0000] "GET /website/wp-includes/wlwmanifest.xml HTTP/1.1" 404 174 "-" "Mozilla/5.0 (Windows NT 10.0; Win64; x64) AppleWebKit/537.36 (KHTML, like Gecko) Chrome/78.0.3904.108 Safari/537.36"
::ffff:157.245.145.2 - - [24/Sep/2022:10:25:13 +0000] "GET /wp/wp-includes/wlwmanifest.xml HTTP/1.1" 404 169 "-" "Mozilla/5.0 (Windows NT 10.0; Win64; x64) AppleWebKit/537.36 (KHTML, like Gecko) Chrome/78.0.3904.108 Safari/537.36"
::ffff:157.245.145.2 - - [24/Sep/2022:10:25:13 +0000] "GET /news/wp-includes/wlwmanifest.xml HTTP/1.1" 404 171 "-" "Mozilla/5.0 (Windows NT 10.0; Win64; x64) AppleWebKit/537.36 (KHTML, like Gecko) Chrome/78.0.3904.108 Safari/537.36"
::ffff:157.245.145.2 - - [24/Sep/2022:10:25:13 +0000] "GET /2018/wp-includes/wlwmanifest.xml HTTP/1.1" 404 171 "-" "Mozilla/5.0 (Windows NT 10.0; Win64; x64) AppleWebKit/537.36 (KHTML, like Gecko) Chrome/78.0.3904.108 Safari/537.36"
::ffff:157.245.145.2 - - [24/Sep/2022:10:25:13 +0000] "GET /2019/wp-includes/wlwmanifest.xml HTTP/1.1" 404 171 "-" "Mozilla/5.0 (Windows NT 10.0; Win64; x64) AppleWebKit/537.36 (KHTML, like Gecko) Chrome/78.0.3904.108 Safari/537.36"
::ffff:157.245.145.2 - - [24/Sep/2022:10:25:14 +0000] "GET /shop/wp-includes/wlwmanifest.xml HTTP/1.1" 404 171 "-" "Mozilla/5.0 (Windows NT 10.0; Win64; x64) AppleWebKit/537.36 (KHTML, like Gecko) Chrome/78.0.3904.108 Safari/537.36"
::ffff:157.245.145.2 - - [24/Sep/2022:10:25:14 +0000] "GET /wp1/wp-includes/wlwmanifest.xml HTTP/1.1" 404 170 "-" "Mozilla/5.0 (Windows NT 10.0; Win64; x64) AppleWebKit/537.36 (KHTML, like Gecko) Chrome/78.0.3904.108 Safari/537.36"
::ffff:157.245.145.2 - - [24/Sep/2022:10:25:14 +0000] "GET /test/wp-includes/wlwmanifest.xml HTTP/1.1" 404 171 "-" "Mozilla/5.0 (Windows NT 10.0; Win64; x64) AppleWebKit/537.36 (KHTML, like Gecko) Chrome/78.0.3904.108 Safari/537.36"
::ffff:157.245.145.2 - - [24/Sep/2022:10:25:14 +0000] "GET /media/wp-includes/wlwmanifest.xml HTTP/1.1" 404 172 "-" "Mozilla/5.0 (Windows NT 10.0; Win64; x64) AppleWebKit/537.36 (KHTML, like Gecko) Chrome/78.0.3904.108 Safari/537.36"
::ffff:157.245.145.2 - - [24/Sep/2022:10:25:15 +0000] "GET /wp2/wp-includes/wlwmanifest.xml HTTP/1.1" 404 170 "-" "Mozilla/5.0 (Windows NT 10.0; Win64; x64) AppleWebKit/537.36 (KHTML, like Gecko) Chrome/78.0.3904.108 Safari/537.36"
::ffff:157.245.145.2 - - [24/Sep/2022:10:25:15 +0000] "GET /site/wp-includes/wlwmanifest.xml HTTP/1.1" 404 171 "-" "Mozilla/5.0 (Windows NT 10.0; Win64; x64) AppleWebKit/537.36 (KHTML, like Gecko) Chrome/78.0.3904.108 Safari/537.36"
::ffff:157.245.145.2 - - [24/Sep/2022:10:25:15 +0000] "GET /cms/wp-includes/wlwmanifest.xml HTTP/1.1" 404 170 "-" "Mozilla/5.0 (Windows NT 10.0; Win64; x64) AppleWebKit/537.36 (KHTML, like Gecko) Chrome/78.0.3904.108 Safari/537.36"
::ffff:157.245.145.2 - - [24/Sep/2022:10:25:15 +0000] "GET /sito/wp-includes/wlwmanifest.xml HTTP/1.1" 404 171 "-" "Mozilla/5.0 (Windows NT 10.0; Win64; x64) AppleWebKit/537.36 (KHTML, like Gecko) Chrome/78.0.3904.108 Safari/537.36"
::ffff:73.93.253.46 - - [24/Sep/2022:10:37:45 +0000] "GET /images/tiger.bmp HTTP/1.1" 304 - "https://wadokikai.org/resources" "Mozilla/5.0 (Macintosh; Intel Mac OS X 10_15_7) AppleWebKit/605.1.15 (KHTML, like Gecko) Version/15.6.1 Safari/605.1.15"
::ffff:134.122.34.20 - - [24/Sep/2022:10:37:46 +0000] "GET /ab2g HTTP/1.1" 404 143 "-" "Mozilla/5.0 zgrab/0.x"
::ffff:134.122.34.20 - - [24/Sep/2022:10:37:46 +0000] "GET /ab2h HTTP/1.1" 404 143 "-" "Mozilla/5.0 zgrab/0.x"
::ffff:134.122.34.20 - - [24/Sep/2022:10:37:51 +0000] "GET / HTTP/1.1" 200 58140 "-" "Mozilla/5.0 zgrab/0.x"
::ffff:103.253.25.16 - - [24/Sep/2022:10:39:56 +0000] "GET / HTTP/1.1" 200 58140 "-" "Mozilla/5.0 (X11; Linux x86_64) AppleWebKit/537.36 (KHTML, like Gecko) Chrome/46.0.2490.80 Safari/537.36"
::ffff:45.150.22.83 - - [24/Sep/2022:10:39:57 +0000] "POST /sendemail HTTP/1.1" 302 41 "wadokikai.org/" "Mozilla/5.0 (X11; Linux x86_64) AppleWebKit/537.36 (KHTML, like Gecko) Chrome/46.0.2490.80 Safari/537.36"
::ffff:45.150.22.83 - - [24/Sep/2022:10:39:58 +0000] "GET /contact/?err=error HTTP/1.1" 200 10572 "http://wadokikai.org/sendemail" "Mozilla/5.0 (X11; Linux x86_64) AppleWebKit/537.36 (KHTML, like Gecko) Chrome/46.0.2490.80 Safari/537.36"
::ffff:207.46.13.129 - - [24/Sep/2022:10:41:34 +0000] "GET /images/shuri-lineage.jpg HTTP/1.1" 200 120427 "-" "Mozilla/5.0 (compatible; bingbot/2.0; +http://www.bing.com/bingbot.htm)"
::ffff:18.159.104.235 - - [24/Sep/2022:10:52:21 +0000] "GET /robots.txt HTTP/1.1" 404 149 "-" "webprosbot/2.0 (+mailto:abuse-6337@webpros.com)"
::ffff:157.55.39.21 - - [24/Sep/2022:10:53:01 +0000] "GET /images/books/ZenMeditation.jpg HTTP/1.1" 200 3760 "-" "Mozilla/5.0 AppleWebKit/537.36 (KHTML, like Gecko; compatible; bingbot/2.0; +http://www.bing.com/bingbot.htm) Chrome/103.0.5060.134 Safari/537.36"
::ffff:51.222.253.10 - - [24/Sep/2022:11:11:13 +0000] "GET /robots.txt HTTP/1.1" 404 149 "-" "Mozilla/5.0 (compatible; AhrefsBot/7.0; +http://ahrefs.com/robot/)"
::ffff:51.222.253.4 - - [24/Sep/2022:11:11:14 +0000] "GET /joinemail?type=promotions HTTP/1.1" 200 8841 "-" "Mozilla/5.0 (compatible; AhrefsBot/7.0; +http://ahrefs.com/robot/)"
::ffff:51.222.253.6 - - [24/Sep/2022:11:11:16 +0000] "GET /css/wadokikai.css HTTP/1.1" 200 4337 "-" "Mozilla/5.0 (compatible; AhrefsBot/7.0; +http://ahrefs.com/robot/)"
::ffff:51.222.253.9 - - [24/Sep/2022:11:11:17 +0000] "GET /js/common.js HTTP/1.1" 200 2255 "-" "Mozilla/5.0 (compatible; AhrefsBot/7.0; +http://ahrefs.com/robot/)"
::ffff:162.62.191.231 - - [24/Sep/2022:11:11:40 +0000] "GET / HTTP/1.1" 200 58140 "-" "curl/7.64.1"
::ffff:209.141.51.222 - - [24/Sep/2022:11:11:56 +0000] "GET / HTTP/1.1" 200 58140 "-" "Mozilla/5.0 (Macintosh; Intel Mac OS X 10_15_7) AppleWebKit/537.36 (KHTML, like Gecko) Chrome/96.0.4664.110 Safari/537.36"
::ffff:209.141.51.222 - - [24/Sep/2022:11:11:56 +0000] "GET /favicon.ico HTTP/1.1" 404 150 "-" "Mozilla/5.0 (Macintosh; Intel Mac OS X 10_15_7) AppleWebKit/537.36 (KHTML, like Gecko) Chrome/96.0.4664.110 Safari/537.36"
::ffff:209.141.34.187 - - [24/Sep/2022:11:12:15 +0000] "GET / HTTP/1.1" 200 58140 "-" "Mozilla/5.0 (Macintosh; Intel Mac OS X 10_15_7) AppleWebKit/537.36 (KHTML, like Gecko) Chrome/96.0.4664.110 Safari/537.36"
::ffff:209.141.34.187 - - [24/Sep/2022:11:12:15 +0000] "GET /favicon.ico HTTP/1.1" 404 150 "-" "Mozilla/5.0 (Macintosh; Intel Mac OS X 10_15_7) AppleWebKit/537.36 (KHTML, like Gecko) Chrome/96.0.4664.110 Safari/537.36"
::ffff:209.141.36.112 - - [24/Sep/2022:11:12:25 +0000] "GET / HTTP/1.1" 200 58140 "-" "Mozilla/5.0 (Macintosh; Intel Mac OS X 10_15_7) AppleWebKit/537.36 (KHTML, like Gecko) Chrome/96.0.4664.110 Safari/537.36"
::ffff:209.141.36.112 - - [24/Sep/2022:11:12:25 +0000] "GET /favicon.ico HTTP/1.1" 404 150 "-" "Mozilla/5.0 (Macintosh; Intel Mac OS X 10_15_7) AppleWebKit/537.36 (KHTML, like Gecko) Chrome/96.0.4664.110 Safari/537.36"
::ffff:193.235.141.172 - - [24/Sep/2022:11:12:34 +0000] "GET / HTTP/1.1" 200 58140 "-" "Mozilla/5.0 (Windows NT 10.0; Win64; x64) AppleWebKit/537.36 (KHTML, like Gecko) Chrome/105.0.0.0 Safari/537.36"
::ffff:193.235.141.172 - - [24/Sep/2022:11:12:35 +0000] "GET /images/favicon.ico HTTP/1.1" 200 3638 "-" "Mozilla/5.0 (Windows NT 10.0; Win64; x64) AppleWebKit/537.36 (KHTML, like Gecko) Chrome/105.0.0.0 Safari/537.36"
::ffff:222.173.96.98 - - [24/Sep/2022:11:23:18 +0000] "GET / HTTP/1.0" 200 58140 "-" "-"
::ffff:37.139.53.81 - - [24/Sep/2022:11:28:23 +0000] "GET / HTTP/1.0" 200 58140 "http://wadokikai.net/" "Mozilla/5.0 (Windows NT 10.0; Win64; x64) AppleWebKit/537.36 (KHTML, like Gecko) Chrome/83.0.4103.34 Safari/537.36"
::ffff:37.139.53.81 - - [24/Sep/2022:11:28:24 +0000] "POST /sendemail HTTP/1.0" 302 40 "http://wadokikai.net/" "Mozilla/5.0 (Windows NT 10.0; Win64; x64) AppleWebKit/537.36 (KHTML, like Gecko) Chrome/83.0.4103.34 Safari/537.36"
::ffff:37.139.53.81 - - [24/Sep/2022:11:28:25 +0000] "GET /?err=error HTTP/1.0" 200 58692 "http://wadokikai.net/?err=error#signup" "Mozilla/5.0 (Windows NT 10.0; Win64; x64) AppleWebKit/537.36 (KHTML, like Gecko) Chrome/83.0.4103.34 Safari/537.36"
::ffff:73.93.253.46 - - [24/Sep/2022:11:35:24 +0000] "GET /images/tiger.bmp HTTP/1.1" 304 - "https://wadokikai.org/resources" "Mozilla/5.0 (Macintosh; Intel Mac OS X 10_15_7) AppleWebKit/605.1.15 (KHTML, like Gecko) Version/15.6.1 Safari/605.1.15"
::ffff:135.125.246.110 - - [24/Sep/2022:11:41:42 +0000] "POST / HTTP/1.1" 404 140 "-" "Mozilla/5.0 (X11; Linux x86_64) AppleWebKit/537.36 (KHTML, like Gecko) Chrome/81.0.4044.129 Safari/537.36"
::ffff:135.125.246.110 - - [24/Sep/2022:11:41:42 +0000] "GET /.env HTTP/1.1" 404 143 "-" "Mozilla/5.0 (X11; Linux x86_64) AppleWebKit/537.36 (KHTML, like Gecko) Chrome/81.0.4044.129 Safari/537.36"
::ffff:73.93.253.46 - - [24/Sep/2022:11:55:44 +0000] "GET /images/dragon-trans.png HTTP/1.1" 304 - "https://wadokikai.org/resources" "Mozilla/5.0 (Macintosh; Intel Mac OS X 10_15_7) AppleWebKit/605.1.15 (KHTML, like Gecko) Version/15.6.1 Safari/605.1.15"
::ffff:207.46.13.129 - - [24/Sep/2022:11:56:40 +0000] "GET /images/instructors/achang.jpg HTTP/1.1" 200 32799 "-" "Mozilla/5.0 (compatible; bingbot/2.0; +http://www.bing.com/bingbot.htm)"
::ffff:51.222.253.14 - - [24/Sep/2022:12:04:56 +0000] "GET /joinemail?type=blackbeltclasses HTTP/1.1" 200 8998 "-" "Mozilla/5.0 (compatible; AhrefsBot/7.0; +http://ahrefs.com/robot/)"
::ffff:147.78.47.249 - - [24/Sep/2022:12:30:01 +0000] "GET /_ignition/health-check/ HTTP/1.1" 404 162 "-" "Mozilla/5.0 (Windows NT 10.0; Win64; x64) AppleWebKit/537.36 (KHTML, like Gecko) Chrome/105.0.0.0 Safari/537.36"
::ffff:147.78.47.249 - - [24/Sep/2022:12:30:03 +0000] "GET /public/_ignition/health-check/ HTTP/1.1" 404 169 "-" "Mozilla/5.0 (Windows NT 10.0; Win64; x64) AppleWebKit/537.36 (KHTML, like Gecko) Chrome/105.0.0.0 Safari/537.36"
::ffff:147.78.47.249 - - [24/Sep/2022:12:30:05 +0000] "GET /wp-includes/wlwmanifest.xml HTTP/1.1" 404 166 "-" "Mozilla/5.0 (Windows NT 10.0; Win64; x64) AppleWebKit/537.36 (KHTML, like Gecko) Chrome/105.0.0.0 Safari/537.36"
::ffff:134.122.34.20 - - [24/Sep/2022:12:31:11 +0000] "GET / HTTP/1.1" 200 58140 "-" "Mozilla/5.0 zgrab/0.x"
::ffff:114.119.128.20 - - [24/Sep/2022:12:42:54 +0000] "GET /robots.txt HTTP/1.1" 404 149 "-" "Mozilla/5.0 (compatible;PetalBot;+https://webmaster.petalsearch.com/site/petalbot)"
::ffff:114.119.141.178 - - [24/Sep/2022:12:43:11 +0000] "GET /robots.txt HTTP/1.1" 404 149 "-" "Mozilla/5.0 (compatible;PetalBot;+https://webmaster.petalsearch.com/site/petalbot)"
::ffff:135.125.246.110 - - [24/Sep/2022:12:50:10 +0000] "POST / HTTP/1.1" 404 140 "-" "Mozilla/5.0 (X11; Linux x86_64) AppleWebKit/537.36 (KHTML, like Gecko) Chrome/81.0.4044.129 Safari/537.36"
::ffff:135.125.246.110 - - [24/Sep/2022:12:50:10 +0000] "GET /.env HTTP/1.1" 404 143 "-" "Mozilla/5.0 (X11; Linux x86_64) AppleWebKit/537.36 (KHTML, like Gecko) Chrome/81.0.4044.129 Safari/537.36"
::ffff:157.55.39.132 - - [24/Sep/2022:12:59:47 +0000] "GET / HTTP/1.1" 200 58140 "-" "Mozilla/5.0 (compatible; bingbot/2.0; +http://www.bing.com/bingbot.htm)"
::ffff:40.88.21.235 - - [24/Sep/2022:13:02:47 +0000] "GET / HTTP/1.1" 200 58140 "http://wadokikai.org/" "Mozilla/5.0 (compatible; DuckDuckGo-Favicons-Bot/1.0; +http://duckduckgo.com)"
::ffff:40.88.21.235 - - [24/Sep/2022:13:02:47 +0000] "GET /images/favicon.ico HTTP/1.1" 200 3638 "http://wadokikai.org/images/favicon.ico" "Mozilla/5.0 (compatible; DuckDuckGo-Favicons-Bot/1.0; +http://duckduckgo.com)"
::ffff:152.136.194.68 - - [24/Sep/2022:13:04:58 +0000] "GET http://34.212.47.6:80/mysql/scripts/setup.php HTTP/1.0" 404 162 "-" "-"
::ffff:152.136.194.68 - - [24/Sep/2022:13:04:58 +0000] "GET http://34.212.47.6:80/db/scripts/setup.php HTTP/1.0" 404 159 "-" "-"
::ffff:152.136.194.68 - - [24/Sep/2022:13:04:58 +0000] "GET http://34.212.47.6:80/phpMyAdmin/scripts/setup.php HTTP/1.0" 404 167 "-" "-"
::ffff:152.136.194.68 - - [24/Sep/2022:13:04:58 +0000] "GET http://34.212.47.6:80/pma/scripts/setup.php HTTP/1.0" 404 160 "-" "-"
::ffff:73.93.253.46 - - [24/Sep/2022:13:05:18 +0000] "GET /images/dragon-trans.png HTTP/1.1" 304 - "https://wadokikai.org/resources" "Mozilla/5.0 (Macintosh; Intel Mac OS X 10_15_7) AppleWebKit/605.1.15 (KHTML, like Gecko) Version/15.6.1 Safari/605.1.15"
::ffff:13.215.177.244 - - [24/Sep/2022:13:05:21 +0000] "GET / HTTP/1.1" 200 58140 "-" "Mozilla/5.0 (Linux; Android 10; Pixel Build/QP1A.190711.019; wv) AppleWebKit/537.36 (KHTML, like Gecko) Chrome/76.0.3809.132 Mobile Safari/537.36"
::ffff:13.215.177.244 - - [24/Sep/2022:13:05:22 +0000] "GET /.env HTTP/1.1" 404 143 "-" "Mozilla/5.0 (Linux; Android 10; Pixel Build/QP1A.190711.019; wv) AppleWebKit/537.36 (KHTML, like Gecko) Chrome/76.0.3809.132 Mobile Safari/537.36"
::ffff:13.215.177.244 - - [24/Sep/2022:13:05:22 +0000] "GET /.env.txt HTTP/1.1" 404 147 "-" "Mozilla/5.0 (Linux; Android 10; Pixel Build/QP1A.190711.019; wv) AppleWebKit/537.36 (KHTML, like Gecko) Chrome/76.0.3809.132 Mobile Safari/537.36"
::ffff:13.215.177.244 - - [24/Sep/2022:13:05:23 +0000] "GET /.env.example HTTP/1.1" 404 151 "-" "Mozilla/5.0 (Linux; Android 10; Pixel Build/QP1A.190711.019; wv) AppleWebKit/537.36 (KHTML, like Gecko) Chrome/76.0.3809.132 Mobile Safari/537.36"
::ffff:13.215.177.244 - - [24/Sep/2022:13:05:23 +0000] "GET /.env.old HTTP/1.1" 404 147 "-" "Mozilla/5.0 (Linux; Android 10; Pixel Build/QP1A.190711.019; wv) AppleWebKit/537.36 (KHTML, like Gecko) Chrome/76.0.3809.132 Mobile Safari/537.36"
::ffff:13.215.177.244 - - [24/Sep/2022:13:05:24 +0000] "GET /env.js HTTP/1.1" 404 145 "-" "Mozilla/5.0 (Linux; Android 10; Pixel Build/QP1A.190711.019; wv) AppleWebKit/537.36 (KHTML, like Gecko) Chrome/76.0.3809.132 Mobile Safari/537.36"
::ffff:13.215.177.244 - - [24/Sep/2022:13:05:24 +0000] "GET /.aws/credentials HTTP/1.1" 404 155 "-" "Mozilla/5.0 (Linux; Android 10; Pixel Build/QP1A.190711.019; wv) AppleWebKit/537.36 (KHTML, like Gecko) Chrome/76.0.3809.132 Mobile Safari/537.36"
::ffff:13.215.177.244 - - [24/Sep/2022:13:05:24 +0000] "GET /frontend_dev.php/$ HTTP/1.1" 404 157 "-" "Mozilla/5.0 (Linux; Android 10; Pixel Build/QP1A.190711.019; wv) AppleWebKit/537.36 (KHTML, like Gecko) Chrome/76.0.3809.132 Mobile Safari/537.36"
::ffff:13.215.177.244 - - [24/Sep/2022:13:05:24 +0000] "GET /phpinfo HTTP/1.1" 404 146 "-" "Mozilla/5.0 (Linux; Android 10; Pixel Build/QP1A.190711.019; wv) AppleWebKit/537.36 (KHTML, like Gecko) Chrome/76.0.3809.132 Mobile Safari/537.36"
::ffff:13.215.177.244 - - [24/Sep/2022:13:05:25 +0000] "GET /tmp/phpinfo.php HTTP/1.1" 404 154 "-" "Mozilla/5.0 (Linux; Android 10; Pixel Build/QP1A.190711.019; wv) AppleWebKit/537.36 (KHTML, like Gecko) Chrome/76.0.3809.132 Mobile Safari/537.36"
::ffff:13.215.177.244 - - [24/Sep/2022:13:05:25 +0000] "GET /phpinfo/phpinfo.php HTTP/1.1" 404 158 "-" "Mozilla/5.0 (Linux; Android 10; Pixel Build/QP1A.190711.019; wv) AppleWebKit/537.36 (KHTML, like Gecko) Chrome/76.0.3809.132 Mobile Safari/537.36"
::ffff:13.215.177.244 - - [24/Sep/2022:13:05:25 +0000] "GET /php-info.php HTTP/1.1" 404 151 "-" "Mozilla/5.0 (Linux; Android 10; Pixel Build/QP1A.190711.019; wv) AppleWebKit/537.36 (KHTML, like Gecko) Chrome/76.0.3809.132 Mobile Safari/537.36"
::ffff:13.215.177.244 - - [24/Sep/2022:13:05:26 +0000] "GET /pinfo.php HTTP/1.1" 404 148 "-" "Mozilla/5.0 (Linux; Android 10; Pixel Build/QP1A.190711.019; wv) AppleWebKit/537.36 (KHTML, like Gecko) Chrome/76.0.3809.132 Mobile Safari/537.36"
::ffff:13.215.177.244 - - [24/Sep/2022:13:05:26 +0000] "GET /phpinfo.php HTTP/1.1" 404 150 "-" "Mozilla/5.0 (Linux; Android 10; Pixel Build/QP1A.190711.019; wv) AppleWebKit/537.36 (KHTML, like Gecko) Chrome/76.0.3809.132 Mobile Safari/537.36"
::ffff:13.215.177.244 - - [24/Sep/2022:13:05:26 +0000] "GET /configs/s3_config.json HTTP/1.1" 404 161 "-" "Mozilla/5.0 (Linux; Android 10; Pixel Build/QP1A.190711.019; wv) AppleWebKit/537.36 (KHTML, like Gecko) Chrome/76.0.3809.132 Mobile Safari/537.36"
::ffff:13.215.177.244 - - [24/Sep/2022:13:05:27 +0000] "GET /s3cmd.ini HTTP/1.1" 404 148 "-" "Mozilla/5.0 (Linux; Android 10; Pixel Build/QP1A.190711.019; wv) AppleWebKit/537.36 (KHTML, like Gecko) Chrome/76.0.3809.132 Mobile Safari/537.36"
::ffff:13.215.177.244 - - [24/Sep/2022:13:05:27 +0000] "GET /wp-config.php.bak HTTP/1.1" 404 156 "-" "Mozilla/5.0 (Linux; Android 10; Pixel Build/QP1A.190711.019; wv) AppleWebKit/537.36 (KHTML, like Gecko) Chrome/76.0.3809.132 Mobile Safari/537.36"
::ffff:13.215.177.244 - - [24/Sep/2022:13:05:28 +0000] "GET /settings.php.bak HTTP/1.1" 404 155 "-" "Mozilla/5.0 (Linux; Android 10; Pixel Build/QP1A.190711.019; wv) AppleWebKit/537.36 (KHTML, like Gecko) Chrome/76.0.3809.132 Mobile Safari/537.36"
::ffff:13.215.177.244 - - [24/Sep/2022:13:05:28 +0000] "GET /configs/application.ini HTTP/1.1" 404 162 "-" "Mozilla/5.0 (Linux; Android 10; Pixel Build/QP1A.190711.019; wv) AppleWebKit/537.36 (KHTML, like Gecko) Chrome/76.0.3809.132 Mobile Safari/537.36"
::ffff:13.215.177.244 - - [24/Sep/2022:13:05:28 +0000] "GET /src/phpinfo.php HTTP/1.1" 404 154 "-" "Mozilla/5.0 (Linux; Android 10; Pixel Build/QP1A.190711.019; wv) AppleWebKit/537.36 (KHTML, like Gecko) Chrome/76.0.3809.132 Mobile Safari/537.36"
::ffff:13.215.177.244 - - [24/Sep/2022:13:05:29 +0000] "GET /temp.php HTTP/1.1" 404 147 "-" "Mozilla/5.0 (Linux; Android 10; Pixel Build/QP1A.190711.019; wv) AppleWebKit/537.36 (KHTML, like Gecko) Chrome/76.0.3809.132 Mobile Safari/537.36"
::ffff:13.215.177.244 - - [24/Sep/2022:13:05:29 +0000] "GET /linusadmin-phpinfo.php HTTP/1.1" 404 161 "-" "Mozilla/5.0 (Linux; Android 10; Pixel Build/QP1A.190711.019; wv) AppleWebKit/537.36 (KHTML, like Gecko) Chrome/76.0.3809.132 Mobile Safari/537.36"
::ffff:13.215.177.244 - - [24/Sep/2022:13:05:29 +0000] "GET /php.php HTTP/1.1" 404 146 "-" "Mozilla/5.0 (Linux; Android 10; Pixel Build/QP1A.190711.019; wv) AppleWebKit/537.36 (KHTML, like Gecko) Chrome/76.0.3809.132 Mobile Safari/537.36"
::ffff:13.215.177.244 - - [24/Sep/2022:13:05:30 +0000] "GET /.env.bak HTTP/1.1" 404 147 "-" "Mozilla/5.0 (Linux; Android 10; Pixel Build/QP1A.190711.019; wv) AppleWebKit/537.36 (KHTML, like Gecko) Chrome/76.0.3809.132 Mobile Safari/537.36"
::ffff:13.215.177.244 - - [24/Sep/2022:13:05:30 +0000] "GET /info.php HTTP/1.1" 404 147 "-" "Mozilla/5.0 (Linux; Android 10; Pixel Build/QP1A.190711.019; wv) AppleWebKit/537.36 (KHTML, like Gecko) Chrome/76.0.3809.132 Mobile Safari/537.36"
::ffff:13.215.177.244 - - [24/Sep/2022:13:05:30 +0000] "GET /config/aws.yml HTTP/1.1" 404 153 "-" "Mozilla/5.0 (Linux; Android 10; Pixel Build/QP1A.190711.019; wv) AppleWebKit/537.36 (KHTML, like Gecko) Chrome/76.0.3809.132 Mobile Safari/537.36"
::ffff:13.215.177.244 - - [24/Sep/2022:13:05:31 +0000] "GET /_profiler/phpinfo HTTP/1.1" 404 156 "-" "Mozilla/5.0 (Linux; Android 10; Pixel Build/QP1A.190711.019; wv) AppleWebKit/537.36 (KHTML, like Gecko) Chrome/76.0.3809.132 Mobile Safari/537.36"
::ffff:13.215.177.244 - - [24/Sep/2022:13:05:31 +0000] "GET /_profiler/phpinfo.php HTTP/1.1" 404 160 "-" "Mozilla/5.0 (Linux; Android 10; Pixel Build/QP1A.190711.019; wv) AppleWebKit/537.36 (KHTML, like Gecko) Chrome/76.0.3809.132 Mobile Safari/537.36"
::ffff:13.215.177.244 - - [24/Sep/2022:13:05:31 +0000] "GET /.env.dev.local HTTP/1.1" 404 153 "-" "Mozilla/5.0 (Linux; Android 10; Pixel Build/QP1A.190711.019; wv) AppleWebKit/537.36 (KHTML, like Gecko) Chrome/76.0.3809.132 Mobile Safari/537.36"
::ffff:13.215.177.244 - - [24/Sep/2022:13:05:32 +0000] "GET /infos.php HTTP/1.1" 404 148 "-" "Mozilla/5.0 (Linux; Android 10; Pixel Build/QP1A.190711.019; wv) AppleWebKit/537.36 (KHTML, like Gecko) Chrome/76.0.3809.132 Mobile Safari/537.36"
::ffff:13.215.177.244 - - [24/Sep/2022:13:05:32 +0000] "GET /php_info.php HTTP/1.1" 404 151 "-" "Mozilla/5.0 (Linux; Android 10; Pixel Build/QP1A.190711.019; wv) AppleWebKit/537.36 (KHTML, like Gecko) Chrome/76.0.3809.132 Mobile Safari/537.36"
::ffff:13.215.177.244 - - [24/Sep/2022:13:05:32 +0000] "GET /app_dev.php/_profiler/phpinfo HTTP/1.1" 404 168 "-" "Mozilla/5.0 (Linux; Android 10; Pixel Build/QP1A.190711.019; wv) AppleWebKit/537.36 (KHTML, like Gecko) Chrome/76.0.3809.132 Mobile Safari/537.36"
::ffff:13.215.177.244 - - [24/Sep/2022:13:05:33 +0000] "GET /.git/config HTTP/1.1" 404 150 "-" "Mozilla/5.0 (Linux; Android 10; Pixel Build/QP1A.190711.019; wv) AppleWebKit/537.36 (KHTML, like Gecko) Chrome/76.0.3809.132 Mobile Safari/537.36"
::ffff:13.215.177.244 - - [24/Sep/2022:13:05:33 +0000] "GET /configuration.php-dist HTTP/1.1" 404 161 "-" "Mozilla/5.0 (Linux; Android 10; Pixel Build/QP1A.190711.019; wv) AppleWebKit/537.36 (KHTML, like Gecko) Chrome/76.0.3809.132 Mobile Safari/537.36"
::ffff:13.215.177.244 - - [24/Sep/2022:13:05:34 +0000] "GET /.aws/config HTTP/1.1" 404 150 "-" "Mozilla/5.0 (Linux; Android 10; Pixel Build/QP1A.190711.019; wv) AppleWebKit/537.36 (KHTML, like Gecko) Chrome/76.0.3809.132 Mobile Safari/537.36"
::ffff:13.215.177.244 - - [24/Sep/2022:13:05:34 +0000] "GET /.config HTTP/1.1" 404 146 "-" "Mozilla/5.0 (Linux; Android 10; Pixel Build/QP1A.190711.019; wv) AppleWebKit/537.36 (KHTML, like Gecko) Chrome/76.0.3809.132 Mobile Safari/537.36"
::ffff:13.215.177.244 - - [24/Sep/2022:13:05:34 +0000] "GET /config.json HTTP/1.1" 404 150 "-" "Mozilla/5.0 (Linux; Android 10; Pixel Build/QP1A.190711.019; wv) AppleWebKit/537.36 (KHTML, like Gecko) Chrome/76.0.3809.132 Mobile Safari/537.36"
::ffff:13.215.177.244 - - [24/Sep/2022:13:05:35 +0000] "GET /debug/default/view?panel=config HTTP/1.1" 404 157 "-" "Mozilla/5.0 (Linux; Android 10; Pixel Build/QP1A.190711.019; wv) AppleWebKit/537.36 (KHTML, like Gecko) Chrome/76.0.3809.132 Mobile Safari/537.36"
::ffff:13.215.177.244 - - [24/Sep/2022:13:05:35 +0000] "GET /web/debug/default/view?panel=config HTTP/1.1" 404 161 "-" "Mozilla/5.0 (Linux; Android 10; Pixel Build/QP1A.190711.019; wv) AppleWebKit/537.36 (KHTML, like Gecko) Chrome/76.0.3809.132 Mobile Safari/537.36"
::ffff:13.215.177.244 - - [24/Sep/2022:13:05:35 +0000] "GET /frontend/web/debug/default/view?panel=config HTTP/1.1" 404 170 "-" "Mozilla/5.0 (Linux; Android 10; Pixel Build/QP1A.190711.019; wv) AppleWebKit/537.36 (KHTML, like Gecko) Chrome/76.0.3809.132 Mobile Safari/537.36"
::ffff:13.215.177.244 - - [24/Sep/2022:13:05:36 +0000] "GET /_ignition/health-check HTTP/1.1" 404 161 "-" "Mozilla/5.0 (Linux; Android 10; Pixel Build/QP1A.190711.019; wv) AppleWebKit/537.36 (KHTML, like Gecko) Chrome/76.0.3809.132 Mobile Safari/537.36"
::ffff:13.215.177.244 - - [24/Sep/2022:13:05:36 +0000] "GET /.circleci/config.yml HTTP/1.1" 404 159 "-" "Mozilla/5.0 (Linux; Android 10; Pixel Build/QP1A.190711.019; wv) AppleWebKit/537.36 (KHTML, like Gecko) Chrome/76.0.3809.132 Mobile Safari/537.36"
::ffff:88.214.43.118 - - [24/Sep/2022:13:06:37 +0000] "GET /.awscredentials HTTP/1.1" 404 154 "-" "Mozilla/5.0 (X11; Linux x86_64) AppleWebKit/537.36 (KHTML, like Gecko) Chrome/81.0.4044.129 Safari/537.36"
::ffff:88.214.43.118 - - [24/Sep/2022:13:06:37 +0000] "GET /.awscredentials HTTP/1.1" 404 154 "-" "Mozilla/5.0 (X11; Linux x86_64) AppleWebKit/537.36 (KHTML, like Gecko) Chrome/81.0.4044.129 Safari/537.36"
::ffff:136.24.141.37 - - [24/Sep/2022:13:17:01 +0000] "GET / HTTP/1.1" 304 - "-" "Mozilla/5.0 (Windows NT 10.0; Win64; x64) AppleWebKit/537.36 (KHTML, like Gecko) Chrome/105.0.0.0 Safari/537.36"
::ffff:136.24.141.37 - - [24/Sep/2022:13:17:01 +0000] "GET /css/wadokikai.css HTTP/1.1" 304 - "http://wadokikai.org/" "Mozilla/5.0 (Windows NT 10.0; Win64; x64) AppleWebKit/537.36 (KHTML, like Gecko) Chrome/105.0.0.0 Safari/537.36"
::ffff:136.24.141.37 - - [24/Sep/2022:13:17:01 +0000] "GET /js/common.js HTTP/1.1" 304 - "http://wadokikai.org/" "Mozilla/5.0 (Windows NT 10.0; Win64; x64) AppleWebKit/537.36 (KHTML, like Gecko) Chrome/105.0.0.0 Safari/537.36"
::ffff:136.24.141.37 - - [24/Sep/2022:13:17:01 +0000] "GET /images/wkkpatch22_med.png HTTP/1.1" 304 - "http://wadokikai.org/" "Mozilla/5.0 (Windows NT 10.0; Win64; x64) AppleWebKit/537.36 (KHTML, like Gecko) Chrome/105.0.0.0 Safari/537.36"
::ffff:136.24.141.37 - - [24/Sep/2022:13:17:01 +0000] "GET /images/schools/orindakaratedomap.jpg HTTP/1.1" 304 - "http://wadokikai.org/" "Mozilla/5.0 (Windows NT 10.0; Win64; x64) AppleWebKit/537.36 (KHTML, like Gecko) Chrome/105.0.0.0 Safari/537.36"
::ffff:136.24.141.37 - - [24/Sep/2022:13:17:01 +0000] "GET /images/schools/alamedakaratedomap.jpg HTTP/1.1" 304 - "http://wadokikai.org/" "Mozilla/5.0 (Windows NT 10.0; Win64; x64) AppleWebKit/537.36 (KHTML, like Gecko) Chrome/105.0.0.0 Safari/537.36"
::ffff:136.24.141.37 - - [24/Sep/2022:13:17:01 +0000] "GET /images/schools/dcakaratedomap.jpg HTTP/1.1" 304 - "http://wadokikai.org/" "Mozilla/5.0 (Windows NT 10.0; Win64; x64) AppleWebKit/537.36 (KHTML, like Gecko) Chrome/105.0.0.0 Safari/537.36"
::ffff:136.24.141.37 - - [24/Sep/2022:13:17:01 +0000] "GET /images/schools/corpuzkaratedomap.jpg HTTP/1.1" 304 - "http://wadokikai.org/" "Mozilla/5.0 (Windows NT 10.0; Win64; x64) AppleWebKit/537.36 (KHTML, like Gecko) Chrome/105.0.0.0 Safari/537.36"
::ffff:136.24.141.37 - - [24/Sep/2022:13:17:01 +0000] "GET /images/schools/harborbaykaratedomap.jpg HTTP/1.1" 304 - "http://wadokikai.org/" "Mozilla/5.0 (Windows NT 10.0; Win64; x64) AppleWebKit/537.36 (KHTML, like Gecko) Chrome/105.0.0.0 Safari/537.36"
::ffff:136.24.141.37 - - [24/Sep/2022:13:17:01 +0000] "GET /images/schools/marinkaratedomap.jpg HTTP/1.1" 304 - "http://wadokikai.org/" "Mozilla/5.0 (Windows NT 10.0; Win64; x64) AppleWebKit/537.36 (KHTML, like Gecko) Chrome/105.0.0.0 Safari/537.36"
::ffff:136.24.141.37 - - [24/Sep/2022:13:17:01 +0000] "GET /images/schools/martinezkaratedomap.jpg HTTP/1.1" 304 - "http://wadokikai.org/" "Mozilla/5.0 (Windows NT 10.0; Win64; x64) AppleWebKit/537.36 (KHTML, like Gecko) Chrome/105.0.0.0 Safari/537.36"
::ffff:136.24.141.37 - - [24/Sep/2022:13:17:01 +0000] "GET /images/schools/manzanitakaratedomap.jpg HTTP/1.1" 304 - "http://wadokikai.org/" "Mozilla/5.0 (Windows NT 10.0; Win64; x64) AppleWebKit/537.36 (KHTML, like Gecko) Chrome/105.0.0.0 Safari/537.36"
::ffff:136.24.141.37 - - [24/Sep/2022:13:17:01 +0000] "GET /images/schools/nunleykaratedomap.jpg HTTP/1.1" 304 - "http://wadokikai.org/" "Mozilla/5.0 (Windows NT 10.0; Win64; x64) AppleWebKit/537.36 (KHTML, like Gecko) Chrome/105.0.0.0 Safari/537.36"
::ffff:136.24.141.37 - - [24/Sep/2022:13:17:01 +0000] "GET /images/schools/earhartkaratedomap.jpg HTTP/1.1" 304 - "http://wadokikai.org/" "Mozilla/5.0 (Windows NT 10.0; Win64; x64) AppleWebKit/537.36 (KHTML, like Gecko) Chrome/105.0.0.0 Safari/537.36"
::ffff:136.24.141.37 - - [24/Sep/2022:13:17:01 +0000] "GET /images/promotions/AFSPrelimSchedule.pdf HTTP/1.1" 304 - "http://wadokikai.org/" "Mozilla/5.0 (Windows NT 10.0; Win64; x64) AppleWebKit/537.36 (KHTML, like Gecko) Chrome/105.0.0.0 Safari/537.36"
::ffff:136.24.141.37 - - [24/Sep/2022:13:17:01 +0000] "GET /images/dragon-trans.png HTTP/1.1" 304 - "http://wadokikai.org/" "Mozilla/5.0 (Windows NT 10.0; Win64; x64) AppleWebKit/537.36 (KHTML, like Gecko) Chrome/105.0.0.0 Safari/537.36"
::ffff:136.24.141.37 - - [24/Sep/2022:13:17:01 +0000] "GET /images/favicon.ico HTTP/1.1" 200 3638 "http://wadokikai.org/" "Mozilla/5.0 (Windows NT 10.0; Win64; x64) AppleWebKit/537.36 (KHTML, like Gecko) Chrome/105.0.0.0 Safari/537.36"
::ffff:136.24.141.37 - - [24/Sep/2022:13:17:05 +0000] "GET /images/tiger.bmp HTTP/1.1" 304 - "http://wadokikai.org/" "Mozilla/5.0 (Windows NT 10.0; Win64; x64) AppleWebKit/537.36 (KHTML, like Gecko) Chrome/105.0.0.0 Safari/537.36"
::ffff:73.93.253.46 - - [24/Sep/2022:13:25:38 +0000] "GET /images/tiger.bmp HTTP/1.1" 304 - "https://wadokikai.org/resources" "Mozilla/5.0 (Macintosh; Intel Mac OS X 10_15_7) AppleWebKit/605.1.15 (KHTML, like Gecko) Version/15.6.1 Safari/605.1.15"
::ffff:135.125.246.110 - - [24/Sep/2022:13:38:58 +0000] "POST / HTTP/1.1" 404 140 "-" "Mozilla/5.0 (X11; Linux x86_64) AppleWebKit/537.36 (KHTML, like Gecko) Chrome/81.0.4044.129 Safari/537.36"
