::ffff:192.241.196.156 - - [23/Sep/2022:04:42:30 +0000] "GET /ecp/Current/exporttool/microsoft.exchange.ediscovery.exporttool.application HTTP/1.1" 404 214 "-" "Mozilla/5.0 zgrab/0.x"
::ffff:135.125.244.48 - - [23/Sep/2022:04:46:37 +0000] "POST / HTTP/1.1" 404 140 "-" "Mozilla/5.0 (X11; Linux x86_64) AppleWebKit/537.36 (KHTML, like Gecko) Chrome/81.0.4044.129 Safari/537.36"
::ffff:135.125.244.48 - - [23/Sep/2022:04:46:38 +0000] "GET /.env HTTP/1.1" 404 143 "-" "Mozilla/5.0 (X11; Linux x86_64) AppleWebKit/537.36 (KHTML, like Gecko) Chrome/81.0.4044.129 Safari/537.36"
::ffff:192.241.196.214 - - [23/Sep/2022:04:46:57 +0000] "GET /owa/auth/x.js HTTP/1.1" 404 152 "-" "Mozilla/5.0 zgrab/0.x"
::ffff:192.241.205.223 - - [23/Sep/2022:04:52:18 +0000] "GET /owa/auth/logon.aspx HTTP/1.1" 404 158 "-" "Mozilla/5.0 zgrab/0.x"
::ffff:38.132.122.234 - - [23/Sep/2022:04:59:56 +0000] "GET /.env HTTP/1.1" 404 143 "-" "Mozilla/5.0 (X11; Linux x86_64) AppleWebKit/537.36 (KHTML, like Gecko) Chrome/81.0.4044.129 Safari/537.36"
::ffff:38.132.122.234 - - [23/Sep/2022:04:59:58 +0000] "POST / HTTP/1.1" 404 140 "-" "Mozilla/5.0 (X11; Linux x86_64) AppleWebKit/537.36 (KHTML, like Gecko) Chrome/81.0.4044.129 Safari/537.36"
::ffff:207.46.13.215 - - [23/Sep/2022:05:02:00 +0000] "GET /images/instructors/don.jpg HTTP/1.1" 200 76210 "-" "Mozilla/5.0 (compatible; bingbot/2.0; +http://www.bing.com/bingbot.htm)"
::ffff:40.77.167.46 - - [23/Sep/2022:05:03:54 +0000] "GET / HTTP/1.1" 200 58140 "-" "Mozilla/5.0 (compatible; bingbot/2.0; +http://www.bing.com/bingbot.htm)"
::ffff:137.226.113.44 - - [23/Sep/2022:05:11:42 +0000] "GET / HTTP/1.1" 200 58140 "-" "Mozilla/5.0 zgrab/0.x (compatible; Researchscan/http; +http://researchscan.comsys.rwth-aachen.de)"
::ffff:205.210.31.170 - - [23/Sep/2022:05:33:42 +0000] "GET / HTTP/1.0" 200 58140 "-" "Expanse, a Palo Alto Networks company, searches across the global IPv4 space multiple times per day to identify customers&#39; presences on the Internet. If you would like to be excluded from our scans, please send IP addresses/domains to: scaninfo@paloaltonetworks.com"
::ffff:207.46.13.129 - - [23/Sep/2022:05:35:44 +0000] "GET /images/schools/martinezkaratedo.jpg HTTP/1.1" 200 1754187 "-" "Mozilla/5.0 (compatible; bingbot/2.0; +http://www.bing.com/bingbot.htm)"
::ffff:134.122.34.20 - - [23/Sep/2022:05:43:51 +0000] "GET / HTTP/1.1" 200 58140 "-" "Mozilla/5.0 zgrab/0.x"
::ffff:17.121.114.241 - - [23/Sep/2022:05:47:14 +0000] "GET /robots.txt HTTP/1.1" 404 149 "-" "Mozilla/5.0 (Macintosh; Intel Mac OS X 10_15_5) AppleWebKit/605.1.15 (KHTML, like Gecko) Version/13.1.1 Safari/605.1.15 (Applebot/0.1; +http://www.apple.com/go/applebot)"
::ffff:17.121.114.241 - - [23/Sep/2022:05:47:14 +0000] "GET /images/wkkpatch22_med.png HTTP/1.1" 200 32301 "-" "Mozilla/5.0 (Macintosh; Intel Mac OS X 10_15_5) AppleWebKit/605.1.15 (KHTML, like Gecko) Version/13.1.1 Safari/605.1.15 (Applebot/0.1; +http://www.apple.com/go/applebot)"
::ffff:178.128.152.119 - - [23/Sep/2022:06:01:06 +0000] "GET / HTTP/1.0" 200 58140 "-" "Mozilla/5.0 (X11; Linux x86_64; rv:98.0) Gecko/20100101 Firefox/98.0"
::ffff:95.214.235.205 - - [23/Sep/2022:06:03:01 +0000] "GET /.env HTTP/1.1" 404 143 "-" "Mozilla/5.0 (X11; Linux x86_64) AppleWebKit/537.36 (KHTML, like Gecko) Chrome/81.0.4044.129 Safari/537.36"
::ffff:95.214.235.205 - - [23/Sep/2022:06:03:03 +0000] "POST / HTTP/1.1" 404 140 "-" "Mozilla/5.0 (X11; Linux x86_64) AppleWebKit/537.36 (KHTML, like Gecko) Chrome/81.0.4044.129 Safari/537.36"
::ffff:207.46.13.200 - - [23/Sep/2022:06:05:25 +0000] "GET /images/instructors/jorge8th.jpg HTTP/1.1" 200 121759 "-" "Mozilla/5.0 (compatible; bingbot/2.0; +http://www.bing.com/bingbot.htm)"
::ffff:135.125.217.54 - - [23/Sep/2022:06:08:03 +0000] "POST / HTTP/1.1" 404 140 "-" "Mozilla/5.0 (X11; Linux x86_64) AppleWebKit/537.36 (KHTML, like Gecko) Chrome/81.0.4044.129 Safari/537.36"
::ffff:135.125.217.54 - - [23/Sep/2022:06:08:03 +0000] "GET /.env HTTP/1.1" 404 143 "-" "Mozilla/5.0 (X11; Linux x86_64) AppleWebKit/537.36 (KHTML, like Gecko) Chrome/81.0.4044.129 Safari/537.36"
::ffff:37.139.53.86 - - [23/Sep/2022:06:12:38 +0000] "GET / HTTP/1.0" 200 58140 "http://wadokikai.org/" "Mozilla/5.0 (Windows NT 10.0; Win64; x64) AppleWebKit/537.36 (KHTML, like Gecko) Chrome/83.0.4103.34 Safari/537.36"
::ffff:37.139.53.86 - - [23/Sep/2022:06:12:39 +0000] "POST /sendemail HTTP/1.0" 302 40 "http://wadokikai.org/" "Mozilla/5.0 (Windows NT 10.0; Win64; x64) AppleWebKit/537.36 (KHTML, like Gecko) Chrome/83.0.4103.34 Safari/537.36"
::ffff:37.139.53.86 - - [23/Sep/2022:06:12:40 +0000] "GET /?err=error HTTP/1.0" 200 58692 "http://wadokikai.org/?err=error#signup" "Mozilla/5.0 (Windows NT 10.0; Win64; x64) AppleWebKit/537.36 (KHTML, like Gecko) Chrome/83.0.4103.34 Safari/537.36"
::ffff:192.241.207.136 - - [23/Sep/2022:06:17:37 +0000] "GET / HTTP/1.1" 200 58140 "-" "Mozilla/5.0 zgrab/0.x"
::ffff:193.118.53.194 - - [23/Sep/2022:06:17:41 +0000] "GET / HTTP/1.1" 200 58140 "-" "Mozilla/5.0 (Windows NT 10.0; Win64; x64) AppleWebKit/537.36 (KHTML, like Gecko) Chrome/60.0.3112.113 Safari/537.36"
::ffff:37.139.53.81 - - [23/Sep/2022:06:26:49 +0000] "GET / HTTP/1.0" 200 58140 "http://wadokikai.net/" "Mozilla/5.0 (Windows NT 6.3; Win64; x64) AppleWebKit/537.36 (KHTML, like Gecko) Chrome/83.0.4103.44 Safari/537.36"
::ffff:37.139.53.81 - - [23/Sep/2022:06:26:49 +0000] "POST /sendemail HTTP/1.0" 302 40 "http://wadokikai.net/" "Mozilla/5.0 (Windows NT 6.3; Win64; x64) AppleWebKit/537.36 (KHTML, like Gecko) Chrome/83.0.4103.44 Safari/537.36"
::ffff:37.139.53.81 - - [23/Sep/2022:06:26:50 +0000] "GET /?err=error HTTP/1.0" 200 58692 "http://wadokikai.net/?err=error#signup" "Mozilla/5.0 (Windows NT 6.3; Win64; x64) AppleWebKit/537.36 (KHTML, like Gecko) Chrome/83.0.4103.44 Safari/537.36"
::ffff:66.249.75.212 - - [23/Sep/2022:06:35:46 +0000] "GET /robots.txt HTTP/1.1" 404 149 "-" "Mozilla/5.0 (compatible; Googlebot/2.1; +http://www.google.com/bot.html)"
::ffff:66.249.75.214 - - [23/Sep/2022:06:35:46 +0000] "GET /events HTTP/1.1" 200 9083 "-" "Mozilla/5.0 (Linux; Android 6.0.1; Nexus 5X Build/MMB29P) AppleWebKit/537.36 (KHTML, like Gecko) Chrome/105.0.5195.125 Mobile Safari/537.36 (compatible; Googlebot/2.1; +http://www.google.com/bot.html)"
::ffff:216.244.66.196 - - [23/Sep/2022:06:37:26 +0000] "GET /robots.txt HTTP/1.1" 404 149 "-" "Mozilla/5.0 (compatible; DotBot/1.2; +https://opensiteexplorer.org/dotbot; help@moz.com)"
::ffff:87.236.176.213 - - [23/Sep/2022:06:38:47 +0000] "GET / HTTP/1.1" 200 58140 "-" "Mozilla/5.0 (compatible; InternetMeasurement/1.0; +https://internet-measurement.com/)"
::ffff:87.236.176.190 - - [23/Sep/2022:06:38:48 +0000] "GET /images/favicon.ico HTTP/1.1" 200 3638 "-" "Mozilla/5.0 (Windows NT 10.0; Win64; x64) AppleWebKit/537.36 (KHTML, like Gecko) Chrome/95.0.4638.69 Safari/537.36"
::ffff:216.244.66.196 - - [23/Sep/2022:06:39:25 +0000] "GET /katas.html HTTP/1.1" 404 149 "-" "Mozilla/5.0 (compatible; DotBot/1.2; +https://opensiteexplorer.org/dotbot; help@moz.com)"
::ffff:67.160.201.88 - - [23/Sep/2022:06:46:24 +0000] "GET /favicon.ico HTTP/1.1" 404 150 "-" "Mozilla/5.0 (iPhone; CPU iPhone OS 15_6_1 like Mac OS X) AppleWebKit/605.1.15 (KHTML, like Gecko) FxiOS/40.2  Mobile/15E148 Safari/605.1.15"
::ffff:67.160.201.88 - - [23/Sep/2022:06:46:25 +0000] "GET /favicon.ico HTTP/1.1" 404 150 "-" "Mozilla/5.0 (iPhone; CPU iPhone OS 15_6_1 like Mac OS X) AppleWebKit/605.1.15 (KHTML, like Gecko) FxiOS/40.2  Mobile/15E148 Safari/605.1.15"
::ffff:67.160.201.88 - - [23/Sep/2022:06:46:31 +0000] "GET /favicon.ico HTTP/1.1" 404 150 "-" "Mozilla/5.0 (iPhone; CPU iPhone OS 15_6_1 like Mac OS X) AppleWebKit/605.1.15 (KHTML, like Gecko) FxiOS/40.2  Mobile/15E148 Safari/605.1.15"
::ffff:67.160.201.88 - - [23/Sep/2022:06:46:32 +0000] "GET /favicon.ico HTTP/1.1" 404 150 "-" "Mozilla/5.0 (iPhone; CPU iPhone OS 15_6_1 like Mac OS X) AppleWebKit/605.1.15 (KHTML, like Gecko) FxiOS/40.2  Mobile/15E148 Safari/605.1.15"
::ffff:67.160.201.88 - - [23/Sep/2022:06:46:32 +0000] "GET /favicon.ico HTTP/1.1" 404 150 "-" "Mozilla/5.0 (iPhone; CPU iPhone OS 15_6_1 like Mac OS X) AppleWebKit/605.1.15 (KHTML, like Gecko) FxiOS/40.2  Mobile/15E148 Safari/605.1.15"
::ffff:67.160.201.88 - - [23/Sep/2022:06:46:32 +0000] "GET /favicon.ico HTTP/1.1" 404 150 "-" "Mozilla/5.0 (iPhone; CPU iPhone OS 15_6_1 like Mac OS X) AppleWebKit/605.1.15 (KHTML, like Gecko) FxiOS/40.2  Mobile/15E148 Safari/605.1.15"
::ffff:35.203.100.131 - - [23/Sep/2022:06:51:41 +0000] "GET / HTTP/1.1" 200 58140 "-" "-"
::ffff:157.55.39.228 - - [23/Sep/2022:06:59:27 +0000] "GET /images/books/emptyHand.jpg HTTP/1.1" 200 12021 "-" "Mozilla/5.0 AppleWebKit/537.36 (KHTML, like Gecko; compatible; bingbot/2.0; +http://www.bing.com/bingbot.htm) Chrome/103.0.5060.134 Safari/537.36"
::ffff:95.214.235.205 - - [23/Sep/2022:07:04:51 +0000] "GET /.env HTTP/1.1" 404 143 "-" "Mozilla/5.0 (X11; Linux x86_64) AppleWebKit/537.36 (KHTML, like Gecko) Chrome/81.0.4044.129 Safari/537.36"
::ffff:95.214.235.205 - - [23/Sep/2022:07:04:52 +0000] "POST / HTTP/1.1" 404 140 "-" "Mozilla/5.0 (X11; Linux x86_64) AppleWebKit/537.36 (KHTML, like Gecko) Chrome/81.0.4044.129 Safari/537.36"
::ffff:66.249.75.212 - - [23/Sep/2022:07:05:46 +0000] "GET /contact?s=1&ss=11 HTTP/1.1" 200 9997 "-" "Mozilla/5.0 (Linux; Android 6.0.1; Nexus 5X Build/MMB29P) AppleWebKit/537.36 (KHTML, like Gecko) Chrome/105.0.5195.125 Mobile Safari/537.36 (compatible; Googlebot/2.1; +http://www.google.com/bot.html)"
::ffff:157.55.39.132 - - [23/Sep/2022:07:07:25 +0000] "GET / HTTP/1.1" 200 58140 "-" "Mozilla/5.0 (compatible; bingbot/2.0; +http://www.bing.com/bingbot.htm)"
::ffff:101.35.161.133 - - [23/Sep/2022:07:08:18 +0000] "GET http://34.212.47.6:80/db/scripts/setup.php HTTP/1.0" 404 159 "-" "-"
::ffff:101.35.161.133 - - [23/Sep/2022:07:08:19 +0000] "GET http://34.212.47.6:80/phpMyAdmin/scripts/setup.php HTTP/1.0" 404 167 "-" "-"
::ffff:101.35.161.133 - - [23/Sep/2022:07:08:21 +0000] "GET http://34.212.47.6:80/pma/scripts/setup.php HTTP/1.0" 404 160 "-" "-"
::ffff:101.35.161.133 - - [23/Sep/2022:07:08:21 +0000] "GET http://34.212.47.6:80/mysql/scripts/setup.php HTTP/1.0" 404 162 "-" "-"
::ffff:157.55.39.228 - - [23/Sep/2022:07:15:08 +0000] "GET /images/instructors/dokeeffe.jpg HTTP/1.1" 200 42708 "-" "Mozilla/5.0 (compatible; bingbot/2.0; +http://www.bing.com/bingbot.htm)"
::ffff:40.77.167.70 - - [23/Sep/2022:07:15:28 +0000] "GET /images/emptyHand.jpg HTTP/1.1" 404 159 "-" "Mozilla/5.0 (compatible; bingbot/2.0; +http://www.bing.com/bingbot.htm)"
::ffff:193.93.77.186 - - [23/Sep/2022:07:21:51 +0000] "GET / HTTP/1.1" 200 58140 "-" "Mozilla/5.0 (Macintosh; Intel Mac OS X 10_11_6) AppleWebKit/601.7.7 (KHTML, like Gecko) Version/9.1.2 Safari/601.7.7"
::ffff:192.241.220.103 - - [23/Sep/2022:07:35:52 +0000] "GET / HTTP/1.1" 200 58140 "-" "Mozilla/5.0 zgrab/0.x"
::ffff:134.122.34.20 - - [23/Sep/2022:07:41:50 +0000] "GET / HTTP/1.1" 200 58140 "-" "Mozilla/5.0 zgrab/0.x"
::ffff:157.55.39.132 - - [23/Sep/2022:07:45:08 +0000] "GET /images/schools/manzanitakaratedo.jpg HTTP/1.1" 200 1829058 "-" "Mozilla/5.0 AppleWebKit/537.36 (KHTML, like Gecko; compatible; bingbot/2.0; +http://www.bing.com/bingbot.htm) Chrome/103.0.5060.134 Safari/537.36"
::ffff:135.125.217.54 - - [23/Sep/2022:07:45:26 +0000] "POST / HTTP/1.1" 404 140 "-" "Mozilla/5.0 (X11; Linux x86_64) AppleWebKit/537.36 (KHTML, like Gecko) Chrome/81.0.4044.129 Safari/537.36"
::ffff:135.125.217.54 - - [23/Sep/2022:07:45:27 +0000] "GET /.env HTTP/1.1" 404 143 "-" "Mozilla/5.0 (X11; Linux x86_64) AppleWebKit/537.36 (KHTML, like Gecko) Chrome/81.0.4044.129 Safari/537.36"
::ffff:157.55.39.228 - - [23/Sep/2022:07:55:02 +0000] "GET /images/instructors/andrea.jpg HTTP/1.1" 200 61330 "-" "Mozilla/5.0 (compatible; bingbot/2.0; +http://www.bing.com/bingbot.htm)"
::ffff:198.235.24.22 - - [23/Sep/2022:08:02:42 +0000] "GET / HTTP/1.1" 200 58140 "-" "Expanse, a Palo Alto Networks company, searches across the global IPv4 space multiple times per day to identify customers&#39; presences on the Internet. If you would like to be excluded from our scans, please send IP addresses/domains to: scaninfo@paloaltonetworks.com"
::ffff:157.55.39.228 - - [23/Sep/2022:08:04:13 +0000] "GET /images/instructors/jorge8th.jpg HTTP/1.1" 200 121759 "-" "Mozilla/5.0 AppleWebKit/537.36 (KHTML, like Gecko; compatible; bingbot/2.0; +http://www.bing.com/bingbot.htm) Chrome/103.0.5060.134 Safari/537.36"
::ffff:66.249.75.217 - - [23/Sep/2022:08:05:46 +0000] "GET /contact?s=1&ss=10 HTTP/1.1" 200 9997 "-" "Mozilla/5.0 (Linux; Android 6.0.1; Nexus 5X Build/MMB29P) AppleWebKit/537.36 (KHTML, like Gecko) Chrome/105.0.5195.125 Mobile Safari/537.36 (compatible; Googlebot/2.1; +http://www.google.com/bot.html)"
::ffff:128.14.133.58 - - [23/Sep/2022:08:06:38 +0000] "GET / HTTP/1.1" 200 58140 "-" "Mozilla/5.0 (Windows NT 10.0; Win64; x64) AppleWebKit/537.36 (KHTML, like Gecko) Chrome/60.0.3112.113 Safari/537.36"
::ffff:111.92.116.12 - - [23/Sep/2022:08:06:59 +0000] "POST /HNAP1/ HTTP/1.0" - - "-" "-"
::ffff:157.55.39.21 - - [23/Sep/2022:08:19:50 +0000] "GET /images/books/bobook.gif HTTP/1.1" 200 6919 "-" "Mozilla/5.0 (compatible; bingbot/2.0; +http://www.bing.com/bingbot.htm)"
::ffff:157.55.39.21 - - [23/Sep/2022:08:25:21 +0000] "GET /images/instructors/rodnak.jpg HTTP/1.1" 200 12841 "-" "Mozilla/5.0 (compatible; bingbot/2.0; +http://www.bing.com/bingbot.htm)"
::ffff:157.55.39.228 - - [23/Sep/2022:08:26:56 +0000] "GET / HTTP/1.1" 200 58140 "-" "Mozilla/5.0 (compatible; bingbot/2.0; +http://www.bing.com/bingbot.htm)"
::ffff:66.249.75.202 - - [23/Sep/2022:08:35:46 +0000] "GET /resources HTTP/1.1" 200 194907 "-" "Mozilla/5.0 (Linux; Android 6.0.1; Nexus 5X Build/MMB29P) AppleWebKit/537.36 (KHTML, like Gecko) Chrome/105.0.5195.125 Mobile Safari/537.36 (compatible; Googlebot/2.1; +http://www.google.com/bot.html)"
::ffff:37.139.53.81 - - [23/Sep/2022:08:38:31 +0000] "GET / HTTP/1.0" 200 58140 "http://wadokikai.net/" "Mozilla/5.0 (Windows NT 6.3; Win64; x64) AppleWebKit/537.36 (KHTML, like Gecko) Chrome/83.0.4103.44 Safari/537.36"
::ffff:37.139.53.81 - - [23/Sep/2022:08:38:32 +0000] "POST /sendemail HTTP/1.0" 302 40 "http://wadokikai.net/" "Mozilla/5.0 (Windows NT 6.3; Win64; x64) AppleWebKit/537.36 (KHTML, like Gecko) Chrome/83.0.4103.44 Safari/537.36"
::ffff:37.139.53.81 - - [23/Sep/2022:08:38:33 +0000] "GET /?err=error HTTP/1.0" 200 58692 "http://wadokikai.net/?err=error#signup" "Mozilla/5.0 (Windows NT 6.3; Win64; x64) AppleWebKit/537.36 (KHTML, like Gecko) Chrome/83.0.4103.44 Safari/537.36"
::ffff:37.139.53.86 - - [23/Sep/2022:08:39:12 +0000] "GET / HTTP/1.0" 200 58140 "http://wadokikai.org/" "Mozilla/5.0 (Windows NT 10.0; Win64; x64) AppleWebKit/537.36 (KHTML, like Gecko) Chrome/83.0.4089.0 Safari/537.36"
::ffff:37.139.53.86 - - [23/Sep/2022:08:39:12 +0000] "POST /sendemail HTTP/1.0" 302 40 "http://wadokikai.org/" "Mozilla/5.0 (Windows NT 10.0; Win64; x64) AppleWebKit/537.36 (KHTML, like Gecko) Chrome/83.0.4089.0 Safari/537.36"
::ffff:37.139.53.86 - - [23/Sep/2022:08:39:14 +0000] "GET /?err=error HTTP/1.0" 200 58692 "http://wadokikai.org/?err=error#signup" "Mozilla/5.0 (Windows NT 10.0; Win64; x64) AppleWebKit/537.36 (KHTML, like Gecko) Chrome/83.0.4089.0 Safari/537.36"
::ffff:135.125.217.54 - - [23/Sep/2022:08:40:22 +0000] "POST / HTTP/1.1" 404 140 "-" "Mozilla/5.0 (X11; Linux x86_64) AppleWebKit/537.36 (KHTML, like Gecko) Chrome/81.0.4044.129 Safari/537.36"
::ffff:135.125.217.54 - - [23/Sep/2022:08:40:23 +0000] "GET /.env HTTP/1.1" 404 143 "-" "Mozilla/5.0 (X11; Linux x86_64) AppleWebKit/537.36 (KHTML, like Gecko) Chrome/81.0.4044.129 Safari/537.36"
::ffff:95.214.235.205 - - [23/Sep/2022:08:41:02 +0000] "GET /.env HTTP/1.1" 404 143 "-" "Mozilla/5.0 (X11; Linux x86_64) AppleWebKit/537.36 (KHTML, like Gecko) Chrome/81.0.4044.129 Safari/537.36"
::ffff:95.214.235.205 - - [23/Sep/2022:08:41:03 +0000] "POST / HTTP/1.1" 404 140 "-" "Mozilla/5.0 (X11; Linux x86_64) AppleWebKit/537.36 (KHTML, like Gecko) Chrome/81.0.4044.129 Safari/537.36"
::ffff:65.108.99.43 - - [23/Sep/2022:08:41:06 +0000] "GET /robots.txt HTTP/1.1" 404 149 "-" "Mozilla/5.0 (compatible; SeekportBot; +https://bot.seekport.com)"
::ffff:65.108.99.43 - - [23/Sep/2022:08:41:14 +0000] "GET /robots.txt HTTP/1.1" 404 149 "-" "Mozilla/5.0 (compatible; SeekportBot; +https://bot.seekport.com)"
::ffff:65.108.99.43 - - [23/Sep/2022:08:41:23 +0000] "GET /docs/Bushido-code.pdf HTTP/1.1" 200 691794 "-" "Mozilla/5.0 (compatible; SeekportBot; +https://bot.seekport.com)"
::ffff:207.46.13.215 - - [23/Sep/2022:08:49:43 +0000] "GET /images/books/MBS2.jpg HTTP/1.1" 200 15317 "-" "Mozilla/5.0 (compatible; bingbot/2.0; +http://www.bing.com/bingbot.htm)"
::ffff:40.77.167.70 - - [23/Sep/2022:08:59:29 +0000] "GET / HTTP/1.1" 200 58140 "-" "Mozilla/5.0 (compatible; bingbot/2.0; +http://www.bing.com/bingbot.htm)"
::ffff:207.46.13.129 - - [23/Sep/2022:09:08:04 +0000] "GET /images/igpic.webp HTTP/1.1" 200 1328 "-" "Mozilla/5.0 (compatible; bingbot/2.0; +http://www.bing.com/bingbot.htm)"
::ffff:157.55.39.132 - - [23/Sep/2022:09:19:38 +0000] "GET / HTTP/1.1" 200 58140 "-" "Mozilla/5.0 (compatible; bingbot/2.0; +http://www.bing.com/bingbot.htm)"
::ffff:188.166.118.217 - - [23/Sep/2022:09:21:37 +0000] "GET / HTTP/1.1" 200 58140 "-" "Mozilla/5.0 (Windows NT 10.0; Win64; x64; rv:79.0) Gecko/20100101 Firefox/79.0"
::ffff:191.101.31.45 - - [23/Sep/2022:09:23:57 +0000] "GET /?err=error HTTP/1.0" 200 58692 "http://wadokikai.net/?err=error#signup" "Mozilla/5.0 (Windows NT 6.1; WOW64) AppleWebKit/537.36 (KHTML, like Gecko) Chrome/90.0.4430.72 Safari/537.36"
::ffff:191.101.31.45 - - [23/Sep/2022:09:23:58 +0000] "POST /sendemail HTTP/1.0" 302 40 "http://wadokikai.net/?err=error#signup" "Mozilla/5.0 (Windows NT 6.1; WOW64) AppleWebKit/537.36 (KHTML, like Gecko) Chrome/90.0.4430.72 Safari/537.36"
::ffff:191.101.31.45 - - [23/Sep/2022:09:24:00 +0000] "GET /?err=error HTTP/1.0" 200 58692 "http://wadokikai.net/?err=error#signup" "Mozilla/5.0 (Windows NT 6.1; WOW64) AppleWebKit/537.36 (KHTML, like Gecko) Chrome/90.0.4430.72 Safari/537.36"
::ffff:207.46.13.129 - - [23/Sep/2022:09:27:36 +0000] "GET /images/books/karatebook.jpg HTTP/1.1" 200 7644 "-" "Mozilla/5.0 (compatible; bingbot/2.0; +http://www.bing.com/bingbot.htm)"
::ffff:157.55.39.132 - - [23/Sep/2022:09:27:49 +0000] "GET /contact?s=1&ss=6 HTTP/1.1" 200 9997 "-" "Mozilla/5.0 (compatible; bingbot/2.0; +http://www.bing.com/bingbot.htm)"
::ffff:207.46.13.129 - - [23/Sep/2022:09:28:06 +0000] "GET /js/common.js HTTP/1.1" 200 2255 "-" "Mozilla/5.0 (compatible; bingbot/2.0; +http://www.bing.com/bingbot.htm)"
::ffff:157.55.39.21 - - [23/Sep/2022:09:28:11 +0000] "GET /css/wadokikai.css HTTP/1.1" 200 4337 "-" "Mozilla/5.0 (compatible; bingbot/2.0; +http://www.bing.com/bingbot.htm)"
::ffff:134.122.34.20 - - [23/Sep/2022:09:53:41 +0000] "GET /ab2g HTTP/1.1" 404 143 "-" "Mozilla/5.0 zgrab/0.x"
::ffff:134.122.34.20 - - [23/Sep/2022:09:53:41 +0000] "GET /ab2h HTTP/1.1" 404 143 "-" "Mozilla/5.0 zgrab/0.x"
::ffff:134.122.34.20 - - [23/Sep/2022:09:53:51 +0000] "GET / HTTP/1.1" 200 58140 "-" "Mozilla/5.0 zgrab/0.x"
::ffff:193.46.255.199 - - [23/Sep/2022:10:01:38 +0000] "GET /Electron/download/windows/\Windows\win.ini HTTP/1.0" 404 185 "-" "xfa1,nvdorz"
::ffff:207.46.13.202 - - [23/Sep/2022:10:02:31 +0000] "GET /images/tm.jpg HTTP/1.1" 200 25020 "-" "Mozilla/5.0 (compatible; bingbot/2.0; +http://www.bing.com/bingbot.htm)"
::ffff:216.244.66.196 - - [23/Sep/2022:10:05:28 +0000] "GET /robots.txt HTTP/1.1" 404 149 "-" "Mozilla/5.0 (compatible; DotBot/1.2; +https://opensiteexplorer.org/dotbot; help@moz.com)"
::ffff:216.244.66.196 - - [23/Sep/2022:10:07:34 +0000] "GET /events.html HTTP/1.1" 404 150 "-" "Mozilla/5.0 (compatible; DotBot/1.2; +https://opensiteexplorer.org/dotbot; help@moz.com)"
::ffff:207.46.13.135 - - [23/Sep/2022:10:13:42 +0000] "GET / HTTP/1.1" 200 58140 "-" "Mozilla/5.0 (compatible; bingbot/2.0; +http://www.bing.com/bingbot.htm)"
::ffff:157.55.39.21 - - [23/Sep/2022:10:17:42 +0000] "GET /images/books/bobook.gif HTTP/1.1" 200 6919 "-" "Mozilla/5.0 (compatible; bingbot/2.0; +http://www.bing.com/bingbot.htm)"
::ffff:94.102.61.8 - - [23/Sep/2022:10:19:49 +0000] "GET /images/favicon.ico HTTP/1.1" 200 3638 "-" "python-requests/2.26.0"
::ffff:94.102.61.8 - - [23/Sep/2022:10:19:50 +0000] "GET / HTTP/1.1" 200 58140 "-" "python-requests/2.26.0"
::ffff:157.55.39.132 - - [23/Sep/2022:10:35:55 +0000] "GET / HTTP/1.1" 200 58140 "-" "Mozilla/5.0 (compatible; bingbot/2.0; +http://www.bing.com/bingbot.htm)"
::ffff:95.214.235.205 - - [23/Sep/2022:10:42:09 +0000] "GET /.env HTTP/1.1" 404 143 "-" "Mozilla/5.0 (X11; Linux x86_64) AppleWebKit/537.36 (KHTML, like Gecko) Chrome/81.0.4044.129 Safari/537.36"
::ffff:95.214.235.205 - - [23/Sep/2022:10:42:09 +0000] "POST / HTTP/1.1" 404 140 "-" "Mozilla/5.0 (X11; Linux x86_64) AppleWebKit/537.36 (KHTML, like Gecko) Chrome/81.0.4044.129 Safari/537.36"
::ffff:114.119.135.181 - - [23/Sep/2022:10:47:33 +0000] "GET /contact?s=1&ss=4 HTTP/1.1" 200 9997 "http://www.wadokikai.net/schools" "Mozilla/5.0 (Linux; Android 7.0;) AppleWebKit/537.36 (KHTML, like Gecko) Mobile Safari/537.36 (compatible; PetalBot;+https://webmaster.petalsearch.com/site/petalbot)"
::ffff:37.139.53.81 - - [23/Sep/2022:10:52:16 +0000] "GET / HTTP/1.0" 200 58140 "http://wadokikai.net/" "Mozilla/5.0 (Windows NT 10.0; Win64; x64) AppleWebKit/537.36 (KHTML, like Gecko) Chrome/83.0.4100.3 Safari/537.36"
::ffff:37.139.53.81 - - [23/Sep/2022:10:52:17 +0000] "POST /sendemail HTTP/1.0" 302 40 "http://wadokikai.net/" "Mozilla/5.0 (Windows NT 10.0; Win64; x64) AppleWebKit/537.36 (KHTML, like Gecko) Chrome/83.0.4100.3 Safari/537.36"
::ffff:37.139.53.81 - - [23/Sep/2022:10:52:17 +0000] "GET /?err=error HTTP/1.0" 200 58692 "http://wadokikai.net/?err=error#signup" "Mozilla/5.0 (Windows NT 10.0; Win64; x64) AppleWebKit/537.36 (KHTML, like Gecko) Chrome/83.0.4100.3 Safari/537.36"
::ffff:135.125.217.54 - - [23/Sep/2022:10:53:21 +0000] "POST / HTTP/1.1" 404 140 "-" "Mozilla/5.0 (X11; Linux x86_64) AppleWebKit/537.36 (KHTML, like Gecko) Chrome/81.0.4044.129 Safari/537.36"
::ffff:135.125.217.54 - - [23/Sep/2022:10:53:21 +0000] "GET /.env HTTP/1.1" 404 143 "-" "Mozilla/5.0 (X11; Linux x86_64) AppleWebKit/537.36 (KHTML, like Gecko) Chrome/81.0.4044.129 Safari/537.36"
::ffff:167.94.138.61 - - [23/Sep/2022:11:04:40 +0000] "GET / HTTP/1.1" 200 58140 "-" "Mozilla/5.0 (compatible; CensysInspect/1.1; +https://about.censys.io/)"
::ffff:167.94.138.61 - - [23/Sep/2022:11:04:50 +0000] "PRI * HTTP/2.0" - - "-" "-"
::ffff:167.94.138.61 - - [23/Sep/2022:11:04:51 +0000] "GET /images/favicon.ico HTTP/1.1" 200 3638 "-" "Mozilla/5.0 (compatible; CensysInspect/1.1; +https://about.censys.io/)"
::ffff:167.94.138.61 - - [23/Sep/2022:11:04:51 +0000] "GET /favicon.ico HTTP/1.1" 404 150 "-" "Mozilla/5.0 (compatible; CensysInspect/1.1; +https://about.censys.io/)"
::ffff:167.94.138.62 - - [23/Sep/2022:11:04:52 +0000] "GET / HTTP/1.1" 200 58140 "-" "Mozilla/5.0 (compatible; CensysInspect/1.1; +https://about.censys.io/)"
::ffff:167.94.138.62 - - [23/Sep/2022:11:05:02 +0000] "PRI * HTTP/2.0" - - "-" "-"
::ffff:167.94.138.62 - - [23/Sep/2022:11:05:02 +0000] "GET /images/favicon.ico HTTP/1.1" 200 3638 "-" "Mozilla/5.0 (compatible; CensysInspect/1.1; +https://about.censys.io/)"
::ffff:167.94.138.62 - - [23/Sep/2022:11:05:03 +0000] "GET /favicon.ico HTTP/1.1" 404 150 "-" "Mozilla/5.0 (compatible; CensysInspect/1.1; +https://about.censys.io/)"
::ffff:47.152.54.10 - - [23/Sep/2022:11:17:23 +0000] "GET / HTTP/1.1" 200 58140 "-" "-"
::ffff:135.125.217.54 - - [23/Sep/2022:11:20:10 +0000] "POST / HTTP/1.1" 404 140 "-" "Mozilla/5.0 (X11; Linux x86_64) AppleWebKit/537.36 (KHTML, like Gecko) Chrome/81.0.4044.129 Safari/537.36"
::ffff:135.125.217.54 - - [23/Sep/2022:11:20:11 +0000] "GET /.env HTTP/1.1" 404 143 "-" "Mozilla/5.0 (X11; Linux x86_64) AppleWebKit/537.36 (KHTML, like Gecko) Chrome/81.0.4044.129 Safari/537.36"
::ffff:40.77.167.70 - - [23/Sep/2022:11:23:32 +0000] "GET / HTTP/1.1" 200 58140 "-" "Mozilla/5.0 (compatible; bingbot/2.0; +http://www.bing.com/bingbot.htm)"
::ffff:114.119.149.65 - - [23/Sep/2022:11:25:01 +0000] "GET /robots.txt HTTP/1.1" 404 149 "-" "Mozilla/5.0 (compatible;PetalBot;+https://webmaster.petalsearch.com/site/petalbot)"
::ffff:207.46.13.230 - - [23/Sep/2022:11:30:24 +0000] "GET /robots.txt HTTP/1.1" 404 149 "-" "Mozilla/5.0 (compatible; bingbot/2.0; +http://www.bing.com/bingbot.htm)"
::ffff:157.55.39.228 - - [23/Sep/2022:11:30:33 +0000] "GET / HTTP/1.1" 200 58140 "-" "Mozilla/5.0 (compatible; bingbot/2.0; +http://www.bing.com/bingbot.htm)"
::ffff:66.249.75.212 - - [23/Sep/2022:11:42:53 +0000] "GET /style.html HTTP/1.1" 404 149 "-" "Mozilla/5.0 (Linux; Android 6.0.1; Nexus 5X Build/MMB29P) AppleWebKit/537.36 (KHTML, like Gecko) Chrome/105.0.5195.125 Mobile Safari/537.36 (compatible; Googlebot/2.1; +http://www.google.com/bot.html)"
::ffff:216.244.66.196 - - [23/Sep/2022:11:46:35 +0000] "GET /robots.txt HTTP/1.1" 404 149 "-" "Mozilla/5.0 (compatible; DotBot/1.2; +https://opensiteexplorer.org/dotbot; help@moz.com)"
::ffff:134.122.34.20 - - [23/Sep/2022:11:48:29 +0000] "GET / HTTP/1.1" 200 58140 "-" "Mozilla/5.0 zgrab/0.x"
::ffff:216.244.66.196 - - [23/Sep/2022:11:48:32 +0000] "GET /videos.php HTTP/1.1" 404 149 "-" "Mozilla/5.0 (compatible; DotBot/1.2; +https://opensiteexplorer.org/dotbot; help@moz.com)"
::ffff:167.94.145.59 - - [23/Sep/2022:11:53:46 +0000] "GET / HTTP/1.1" 200 58140 "-" "-"
::ffff:167.94.145.59 - - [23/Sep/2022:11:53:47 +0000] "GET / HTTP/1.1" 200 58140 "-" "Mozilla/5.0 (compatible; CensysInspect/1.1; +https://about.censys.io/)"
::ffff:167.94.145.59 - - [23/Sep/2022:11:53:48 +0000] "PRI * HTTP/2.0" - - "-" "-"
::ffff:167.94.145.59 - - [23/Sep/2022:11:53:48 +0000] "GET /images/favicon.ico HTTP/1.1" 200 3638 "-" "Mozilla/5.0 (compatible; CensysInspect/1.1; +https://about.censys.io/)"
::ffff:167.94.145.59 - - [23/Sep/2022:11:53:49 +0000] "GET /favicon.ico HTTP/1.1" 404 150 "-" "Mozilla/5.0 (compatible; CensysInspect/1.1; +https://about.censys.io/)"
::ffff:95.214.235.205 - - [23/Sep/2022:11:55:28 +0000] "GET /.env HTTP/1.1" 404 143 "-" "Mozilla/5.0 (X11; Linux x86_64) AppleWebKit/537.36 (KHTML, like Gecko) Chrome/81.0.4044.129 Safari/537.36"
::ffff:95.214.235.205 - - [23/Sep/2022:11:55:28 +0000] "POST / HTTP/1.1" 404 140 "-" "Mozilla/5.0 (X11; Linux x86_64) AppleWebKit/537.36 (KHTML, like Gecko) Chrome/81.0.4044.129 Safari/537.36"
::ffff:173.252.83.18 - - [23/Sep/2022:12:09:17 +0000] "GET / HTTP/1.1" 200 58140 "-" "facebookexternalhit/1.1 (+http://www.facebook.com/externalhit_uatext.php)"
::ffff:128.1.248.26 - - [23/Sep/2022:12:13:35 +0000] "GET / HTTP/1.1" 200 58140 "-" "Mozilla/5.0 (Windows NT 10.0; Win64; x64) AppleWebKit/537.36 (KHTML, like Gecko) Chrome/60.0.3112.113 Safari/537.36"
::ffff:114.119.135.181 - - [23/Sep/2022:12:24:42 +0000] "GET /contact?s=1&ss=1 HTTP/1.1" 200 9997 "http://www.wadokikai.net/schools" "Mozilla/5.0 (Linux; Android 7.0;) AppleWebKit/537.36 (KHTML, like Gecko) Mobile Safari/537.36 (compatible; PetalBot;+https://webmaster.petalsearch.com/site/petalbot)"
::ffff:114.119.152.128 - - [23/Sep/2022:12:33:53 +0000] "GET /resources HTTP/1.1" 200 194907 "http://www.wadokikai.org/joinemail?type=tournaments" "Mozilla/5.0 (Linux; Android 7.0;) AppleWebKit/537.36 (KHTML, like Gecko) Mobile Safari/537.36 (compatible; PetalBot;+https://webmaster.petalsearch.com/site/petalbot)"
::ffff:216.244.66.196 - - [23/Sep/2022:12:38:13 +0000] "GET /robots.txt HTTP/1.1" 404 149 "-" "Mozilla/5.0 (compatible; DotBot/1.2; +https://opensiteexplorer.org/dotbot; help@moz.com)"
::ffff:135.125.217.54 - - [23/Sep/2022:12:39:48 +0000] "POST / HTTP/1.1" 404 140 "-" "Mozilla/5.0 (X11; Linux x86_64) AppleWebKit/537.36 (KHTML, like Gecko) Chrome/81.0.4044.129 Safari/537.36"
::ffff:135.125.217.54 - - [23/Sep/2022:12:39:49 +0000] "GET /.env HTTP/1.1" 404 143 "-" "Mozilla/5.0 (X11; Linux x86_64) AppleWebKit/537.36 (KHTML, like Gecko) Chrome/81.0.4044.129 Safari/537.36"
::ffff:216.244.66.196 - - [23/Sep/2022:12:40:05 +0000] "GET / HTTP/1.1" 200 58140 "-" "Mozilla/5.0 (compatible; DotBot/1.2; +https://opensiteexplorer.org/dotbot; help@moz.com)"
::ffff:157.55.39.131 - - [23/Sep/2022:12:56:56 +0000] "GET /robots.txt HTTP/1.1" 404 149 "-" "Mozilla/5.0 AppleWebKit/537.36 (KHTML, like Gecko; compatible; bingbot/2.0; +http://www.bing.com/bingbot.htm) Chrome/103.0.5060.134 Safari/537.36"
::ffff:207.46.13.204 - - [23/Sep/2022:12:57:03 +0000] "GET /schools HTTP/1.1" 200 97308 "-" "Mozilla/5.0 (compatible; bingbot/2.0; +http://www.bing.com/bingbot.htm)"
::ffff:207.46.13.200 - - [23/Sep/2022:12:57:15 +0000] "GET /css/wadokikai.css HTTP/1.1" 200 4337 "-" "Mozilla/5.0 AppleWebKit/537.36 (KHTML, like Gecko; compatible; bingbot/2.0; +http://www.bing.com/bingbot.htm) Chrome/103.0.5060.134 Safari/537.36"
::ffff:207.46.13.198 - - [23/Sep/2022:12:57:19 +0000] "GET /images/igpic.webp HTTP/1.1" 200 1328 "-" "Mozilla/5.0 (compatible; bingbot/2.0; +http://www.bing.com/bingbot.htm)"
::ffff:40.77.167.70 - - [23/Sep/2022:12:57:24 +0000] "GET /images/fbpic.webp HTTP/1.1" 200 986 "-" "Mozilla/5.0 (compatible; bingbot/2.0; +http://www.bing.com/bingbot.htm)"
::ffff:173.254.29.247 - - [23/Sep/2022:12:59:06 +0000] "GET /wordpress/ HTTP/1.1" 404 149 "-" "-"
::ffff:157.55.39.21 - - [23/Sep/2022:13:04:07 +0000] "GET /images/instructors/fnavarro.jpg HTTP/1.1" 200 7268 "-" "Mozilla/5.0 (compatible; bingbot/2.0; +http://www.bing.com/bingbot.htm)"
::ffff:37.139.53.81 - - [23/Sep/2022:13:04:14 +0000] "GET / HTTP/1.0" 200 58140 "http://wadokikai.net/" "Mozilla/5.0 (Windows NT 6.1; ) AppleWebKit/537.36 (KHTML, like Gecko) Chrome/83.0.4103.61 Safari/537.36"
::ffff:37.139.53.81 - - [23/Sep/2022:13:04:15 +0000] "POST /sendemail HTTP/1.0" 302 40 "http://wadokikai.net/" "Mozilla/5.0 (Windows NT 6.1; ) AppleWebKit/537.36 (KHTML, like Gecko) Chrome/83.0.4103.61 Safari/537.36"
::ffff:37.139.53.81 - - [23/Sep/2022:13:04:15 +0000] "GET /?err=error HTTP/1.0" 200 58692 "http://wadokikai.net/?err=error#signup" "Mozilla/5.0 (Windows NT 6.1; ) AppleWebKit/537.36 (KHTML, like Gecko) Chrome/83.0.4103.61 Safari/537.36"
::ffff:207.46.13.215 - - [23/Sep/2022:13:09:58 +0000] "GET /images/books/guide20.jpg HTTP/1.1" 200 1934 "-" "Mozilla/5.0 (compatible; bingbot/2.0; +http://www.bing.com/bingbot.htm)"
::ffff:40.77.167.70 - - [23/Sep/2022:13:10:42 +0000] "GET /images/schools/dcakaratedo.jpg HTTP/1.1" 200 458708 "-" "Mozilla/5.0 (compatible; bingbot/2.0; +http://www.bing.com/bingbot.htm)"
::ffff:207.46.13.215 - - [23/Sep/2022:13:11:08 +0000] "GET /images/shuri-lineage.jpg HTTP/1.1" 200 120427 "-" "Mozilla/5.0 (compatible; bingbot/2.0; +http://www.bing.com/bingbot.htm)"
::ffff:194.38.20.161 - - [23/Sep/2022:13:11:39 +0000] "GET /wp-content/themes/qualifire/style.css HTTP/1.1" 404 176 "-" "ALittle Client"
::ffff:66.249.79.184 - - [23/Sep/2022:13:12:53 +0000] "GET /style.html HTTP/1.1" 404 149 "-" "Mozilla/5.0 (compatible; Googlebot/2.1; +http://www.google.com/bot.html)"
::ffff:67.160.201.88 - - [23/Sep/2022:13:14:06 +0000] "GET /favicon.ico HTTP/1.1" 404 150 "-" "Mozilla/5.0 (iPhone; CPU iPhone OS 15_6_1 like Mac OS X) AppleWebKit/605.1.15 (KHTML, like Gecko) FxiOS/40.2  Mobile/15E148 Safari/605.1.15"
::ffff:67.160.201.88 - - [23/Sep/2022:13:14:06 +0000] "GET /favicon.ico HTTP/1.1" 404 150 "-" "Mozilla/5.0 (iPhone; CPU iPhone OS 15_6_1 like Mac OS X) AppleWebKit/605.1.15 (KHTML, like Gecko) FxiOS/40.2  Mobile/15E148 Safari/605.1.15"
::ffff:67.160.201.88 - - [23/Sep/2022:13:14:07 +0000] "GET /favicon.ico HTTP/1.1" 404 150 "-" "Mozilla/5.0 (iPhone; CPU iPhone OS 15_6_1 like Mac OS X) AppleWebKit/605.1.15 (KHTML, like Gecko) FxiOS/40.2  Mobile/15E148 Safari/605.1.15"
::ffff:67.160.201.88 - - [23/Sep/2022:13:14:08 +0000] "GET /favicon.ico HTTP/1.1" 404 150 "-" "Mozilla/5.0 (iPhone; CPU iPhone OS 15_6_1 like Mac OS X) AppleWebKit/605.1.15 (KHTML, like Gecko) FxiOS/40.2  Mobile/15E148 Safari/605.1.15"
::ffff:67.160.201.88 - - [23/Sep/2022:13:14:09 +0000] "GET /favicon.ico HTTP/1.1" 404 150 "-" "Mozilla/5.0 (iPhone; CPU iPhone OS 15_6_1 like Mac OS X) AppleWebKit/605.1.15 (KHTML, like Gecko) FxiOS/40.2  Mobile/15E148 Safari/605.1.15"
::ffff:67.160.201.88 - - [23/Sep/2022:13:14:09 +0000] "GET /favicon.ico HTTP/1.1" 404 150 "-" "Mozilla/5.0 (iPhone; CPU iPhone OS 15_6_1 like Mac OS X) AppleWebKit/605.1.15 (KHTML, like Gecko) FxiOS/40.2  Mobile/15E148 Safari/605.1.15"
::ffff:67.160.201.88 - - [23/Sep/2022:13:14:09 +0000] "GET /favicon.ico HTTP/1.1" 404 150 "-" "Mozilla/5.0 (iPhone; CPU iPhone OS 15_6_1 like Mac OS X) AppleWebKit/605.1.15 (KHTML, like Gecko) FxiOS/40.2  Mobile/15E148 Safari/605.1.15"
::ffff:67.160.201.88 - - [23/Sep/2022:13:14:09 +0000] "GET /favicon.ico HTTP/1.1" 404 150 "-" "Mozilla/5.0 (iPhone; CPU iPhone OS 15_6_1 like Mac OS X) AppleWebKit/605.1.15 (KHTML, like Gecko) FxiOS/40.2  Mobile/15E148 Safari/605.1.15"
::ffff:67.160.201.88 - - [23/Sep/2022:13:14:15 +0000] "GET /favicon.ico HTTP/1.1" 404 150 "-" "Mozilla/5.0 (iPhone; CPU iPhone OS 15_6_1 like Mac OS X) AppleWebKit/605.1.15 (KHTML, like Gecko) FxiOS/40.2  Mobile/15E148 Safari/605.1.15"
::ffff:67.160.201.88 - - [23/Sep/2022:13:14:16 +0000] "GET /favicon.ico HTTP/1.1" 404 150 "-" "Mozilla/5.0 (iPhone; CPU iPhone OS 15_6_1 like Mac OS X) AppleWebKit/605.1.15 (KHTML, like Gecko) FxiOS/40.2  Mobile/15E148 Safari/605.1.15"
::ffff:67.160.201.88 - - [23/Sep/2022:13:14:16 +0000] "GET /favicon.ico HTTP/1.1" 404 150 "-" "Mozilla/5.0 (iPhone; CPU iPhone OS 15_6_1 like Mac OS X) AppleWebKit/605.1.15 (KHTML, like Gecko) FxiOS/40.2  Mobile/15E148 Safari/605.1.15"
::ffff:67.160.201.88 - - [23/Sep/2022:13:14:16 +0000] "GET /favicon.ico HTTP/1.1" 404 150 "-" "Mozilla/5.0 (iPhone; CPU iPhone OS 15_6_1 like Mac OS X) AppleWebKit/605.1.15 (KHTML, like Gecko) FxiOS/40.2  Mobile/15E148 Safari/605.1.15"
::ffff:46.161.27.156 - - [23/Sep/2022:13:16:51 +0000] "GET /wp-login.php HTTP/1.1" 404 151 "-" "Mozilla/5.0 (Windows NT 10.0; Win64; x64) AppleWebKit/537.36 (KHTML, like Gecko) Chrome/64.0.3282.140 Safari/537.36 Edge/18.17763"
::ffff:46.161.27.156 - - [23/Sep/2022:13:16:51 +0000] "GET /wp-login.php HTTP/1.1" 404 151 "-" "Mozilla/5.0 (Windows NT 10.0; Win64; x64) AppleWebKit/537.36 (KHTML, like Gecko) Chrome/64.0.3282.140 Safari/537.36 Edge/18.17763"
::ffff:192.241.219.233 - - [23/Sep/2022:13:22:07 +0000] "GET /version HTTP/1.1" 404 146 "-" "Mozilla/5.0 zgrab/0.x"
::ffff:157.90.209.76 - - [23/Sep/2022:13:22:17 +0000] "GET /robots.txt HTTP/1.1" 404 149 "-" "Mozilla/5.0 (compatible; BLEXBot/1.0; +http://webmeup-crawler.com/)"
::ffff:157.90.209.76 - - [23/Sep/2022:13:22:19 +0000] "GET /sitemap HTTP/1.1" 404 146 "-" "Mozilla/5.0 (compatible; BLEXBot/1.0; +http://webmeup-crawler.com/)"
::ffff:157.90.209.76 - - [23/Sep/2022:13:22:23 +0000] "GET /sitemap.txt HTTP/1.1" 404 150 "-" "Mozilla/5.0 (compatible; BLEXBot/1.0; +http://webmeup-crawler.com/)"
::ffff:35.89.207.245 - - [23/Sep/2022:13:27:12 +0000] "GET / HTTP/1.1" 200 58140 "-" "Mozilla/5.0 (X11; Linux x86_64) AppleWebKit/537.36 (KHTML, like Gecko) Chrome/83.0.4103.97 Safari/537.36"
::ffff:34.219.85.173 - - [23/Sep/2022:13:28:54 +0000] "GET / HTTP/1.1" 200 58140 "-" "Mozilla/5.0 (X11; Linux x86_64) AppleWebKit/537.36 (KHTML, like Gecko) Chrome/83.0.4103.97 Safari/537.36"
::ffff:34.221.59.116 - - [23/Sep/2022:13:30:13 +0000] "GET /favicon.ico HTTP/1.1" 404 150 "-" "Mozilla/5.0 (X11; Linux x86_64) AppleWebKit/537.36 (KHTML, like Gecko) Chrome/83.0.4103.97 Safari/537.36"
::ffff:34.221.59.116 - - [23/Sep/2022:13:30:17 +0000] "GET / HTTP/1.1" 200 58140 "-" "Mozilla/5.0 (X11; Linux x86_64) AppleWebKit/537.36 (KHTML, like Gecko) Chrome/83.0.4103.97 Safari/537.36"
::ffff:34.210.139.161 - - [23/Sep/2022:13:31:02 +0000] "GET / HTTP/1.1" 200 58140 "-" "Mozilla/5.0 (X11; Linux x86_64) AppleWebKit/537.36 (KHTML, like Gecko) Chrome/83.0.4103.97 Safari/537.36"
::ffff:66.249.69.26 - - [23/Sep/2022:13:35:03 +0000] "GET /robots.txt HTTP/1.1" 404 149 "-" "Mozilla/5.0 (compatible; Googlebot/2.1; +http://www.google.com/bot.html)"
::ffff:66.249.69.26 - - [23/Sep/2022:13:35:03 +0000] "GET / HTTP/1.1" 200 58140 "-" "Mozilla/5.0 (Linux; Android 6.0.1; Nexus 5X Build/MMB29P) AppleWebKit/537.36 (KHTML, like Gecko) Chrome/105.0.5195.125 Mobile Safari/537.36 (compatible; Googlebot/2.1; +http://www.google.com/bot.html)"
::ffff:35.88.187.160 - - [23/Sep/2022:13:35:57 +0000] "GET /favicon.ico HTTP/1.1" 404 150 "-" "Mozilla/5.0 (X11; Linux x86_64) AppleWebKit/537.36 (KHTML, like Gecko) Chrome/83.0.4103.97 Safari/537.36"
::ffff:35.88.187.160 - - [23/Sep/2022:13:35:57 +0000] "GET / HTTP/1.1" 200 58140 "-" "Mozilla/5.0 (X11; Linux x86_64) AppleWebKit/537.36 (KHTML, like Gecko) Chrome/83.0.4103.97 Safari/537.36"
::ffff:54.214.178.146 - - [23/Sep/2022:13:38:38 +0000] "GET /favicon.ico HTTP/1.1" 404 150 "-" "Mozilla/5.0 (X11; Linux x86_64) AppleWebKit/537.36 (KHTML, like Gecko) Chrome/83.0.4103.97 Safari/537.36"
::ffff:54.214.178.146 - - [23/Sep/2022:13:38:38 +0000] "GET / HTTP/1.1" 200 58140 "-" "Mozilla/5.0 (X11; Linux x86_64) AppleWebKit/537.36 (KHTML, like Gecko) Chrome/83.0.4103.97 Safari/537.36"
::ffff:14.116.152.84 - - [23/Sep/2022:13:40:11 +0000] "GET / HTTP/1.1" 200 58140 "-" "Mozilla/5.0 (iPhone; CPU iPhone OS 13_2_3 like Mac OS X) AppleWebKit/605.1.15 (KHTML, like Gecko) Version/13.0.3 Mobile/15E148 Safari/604.1"
::ffff:157.55.39.132 - - [23/Sep/2022:13:41:22 +0000] "GET /images/schools/marinkaratedo.jpeg HTTP/1.1" 200 104735 "-" "Mozilla/5.0 AppleWebKit/537.36 (KHTML, like Gecko; compatible; bingbot/2.0; +http://www.bing.com/bingbot.htm) Chrome/103.0.5060.134 Safari/537.36"
::ffff:207.46.13.215 - - [23/Sep/2022:13:46:31 +0000] "GET /images/instructors/mlee.jpg HTTP/1.1" 200 65525 "-" "Mozilla/5.0 AppleWebKit/537.36 (KHTML, like Gecko; compatible; bingbot/2.0; +http://www.bing.com/bingbot.htm) Chrome/103.0.5060.134 Safari/537.36"
::ffff:207.46.13.215 - - [23/Sep/2022:13:55:12 +0000] "GET /images/books/shotokanSecrets.jpg HTTP/1.1" 200 4046 "-" "Mozilla/5.0 (compatible; bingbot/2.0; +http://www.bing.com/bingbot.htm)"
::ffff:173.252.95.119 - - [23/Sep/2022:13:59:05 +0000] "GET / HTTP/1.1" 200 58140 "-" "facebookexternalhit/1.1 (+http://www.facebook.com/externalhit_uatext.php)"
::ffff:134.122.34.20 - - [23/Sep/2022:14:00:21 +0000] "GET /ab2g HTTP/1.1" 404 143 "-" "Mozilla/5.0 zgrab/0.x"
::ffff:134.122.34.20 - - [23/Sep/2022:14:00:23 +0000] "GET /ab2h HTTP/1.1" 404 143 "-" "Mozilla/5.0 zgrab/0.x"
::ffff:134.122.34.20 - - [23/Sep/2022:14:00:31 +0000] "GET / HTTP/1.1" 200 58140 "-" "Mozilla/5.0 zgrab/0.x"
::ffff:157.55.39.228 - - [23/Sep/2022:14:05:28 +0000] "GET /images/instructors/geoffrey.jpg HTTP/1.1" 200 14922 "-" "Mozilla/5.0 (compatible; bingbot/2.0; +http://www.bing.com/bingbot.htm)"
::ffff:23.251.102.74 - - [23/Sep/2022:14:06:50 +0000] "GET / HTTP/1.1" 200 58140 "-" "Mozilla/5.0 (Windows NT 10.0; Win64; x64) AppleWebKit/537.36 (KHTML, like Gecko) Chrome/60.0.3112.113 Safari/537.36"
::ffff:135.125.217.54 - - [23/Sep/2022:14:10:17 +0000] "POST / HTTP/1.1" 404 140 "-" "Mozilla/5.0 (X11; Linux x86_64) AppleWebKit/537.36 (KHTML, like Gecko) Chrome/81.0.4044.129 Safari/537.36"
::ffff:135.125.217.54 - - [23/Sep/2022:14:10:17 +0000] "GET /.env HTTP/1.1" 404 143 "-" "Mozilla/5.0 (X11; Linux x86_64) AppleWebKit/537.36 (KHTML, like Gecko) Chrome/81.0.4044.129 Safari/537.36"
::ffff:34.222.72.7 - - [23/Sep/2022:14:22:07 +0000] "GET / HTTP/1.1" 200 58140 "-" "Mozilla/5.0 (X11; Linux x86_64) AppleWebKit/537.36 (KHTML, like Gecko) Chrome/83.0.4103.97 Safari/537.36"
::ffff:54.71.13.72 - - [23/Sep/2022:14:22:08 +0000] "GET / HTTP/1.1" 200 58140 "-" "Mozilla/5.0 (X11; Linux x86_64) AppleWebKit/537.36 (KHTML, like Gecko) Chrome/83.0.4103.97 Safari/537.36"
::ffff:35.85.51.145 - - [23/Sep/2022:14:22:19 +0000] "GET /favicon.ico HTTP/1.1" 404 150 "-" "Mozilla/5.0 (X11; Linux x86_64) AppleWebKit/537.36 (KHTML, like Gecko) Chrome/83.0.4103.97 Safari/537.36"
::ffff:35.85.51.145 - - [23/Sep/2022:14:22:21 +0000] "GET / HTTP/1.1" 200 58140 "-" "Mozilla/5.0 (X11; Linux x86_64) AppleWebKit/537.36 (KHTML, like Gecko) Chrome/83.0.4103.97 Safari/537.36"
::ffff:35.90.186.173 - - [23/Sep/2022:14:22:24 +0000] "GET /favicon.ico HTTP/1.1" 404 150 "-" "Mozilla/5.0 (X11; Linux x86_64) AppleWebKit/537.36 (KHTML, like Gecko) Chrome/83.0.4103.97 Safari/537.36"
::ffff:67.160.201.88 - - [23/Sep/2022:14:22:24 +0000] "GET /favicon.ico HTTP/1.1" 404 150 "-" "Mozilla/5.0 (iPhone; CPU iPhone OS 15_6_1 like Mac OS X) AppleWebKit/605.1.15 (KHTML, like Gecko) FxiOS/40.2  Mobile/15E148 Safari/605.1.15"
::ffff:67.160.201.88 - - [23/Sep/2022:14:22:24 +0000] "GET /favicon.ico HTTP/1.1" 404 150 "-" "Mozilla/5.0 (iPhone; CPU iPhone OS 15_6_1 like Mac OS X) AppleWebKit/605.1.15 (KHTML, like Gecko) FxiOS/40.2  Mobile/15E148 Safari/605.1.15"
::ffff:67.160.201.88 - - [23/Sep/2022:14:22:24 +0000] "GET /favicon.ico HTTP/1.1" 404 150 "-" "Mozilla/5.0 (iPhone; CPU iPhone OS 15_6_1 like Mac OS X) AppleWebKit/605.1.15 (KHTML, like Gecko) FxiOS/40.2  Mobile/15E148 Safari/605.1.15"
::ffff:35.90.186.173 - - [23/Sep/2022:14:22:25 +0000] "GET / HTTP/1.1" 200 58140 "-" "Mozilla/5.0 (X11; Linux x86_64) AppleWebKit/537.36 (KHTML, like Gecko) Chrome/83.0.4103.97 Safari/537.36"
::ffff:67.160.201.88 - - [23/Sep/2022:14:22:25 +0000] "GET /favicon.ico HTTP/1.1" 404 150 "-" "Mozilla/5.0 (iPhone; CPU iPhone OS 15_6_1 like Mac OS X) AppleWebKit/605.1.15 (KHTML, like Gecko) FxiOS/40.2  Mobile/15E148 Safari/605.1.15"
::ffff:67.160.201.88 - - [23/Sep/2022:14:22:26 +0000] "GET /favicon.ico HTTP/1.1" 404 150 "-" "Mozilla/5.0 (iPhone; CPU iPhone OS 15_6_1 like Mac OS X) AppleWebKit/605.1.15 (KHTML, like Gecko) FxiOS/40.2  Mobile/15E148 Safari/605.1.15"
::ffff:67.160.201.88 - - [23/Sep/2022:14:22:26 +0000] "GET /favicon.ico HTTP/1.1" 404 150 "-" "Mozilla/5.0 (iPhone; CPU iPhone OS 15_6_1 like Mac OS X) AppleWebKit/605.1.15 (KHTML, like Gecko) FxiOS/40.2  Mobile/15E148 Safari/605.1.15"
::ffff:67.160.201.88 - - [23/Sep/2022:14:22:27 +0000] "GET /favicon.ico HTTP/1.1" 404 150 "-" "Mozilla/5.0 (iPhone; CPU iPhone OS 15_6_1 like Mac OS X) AppleWebKit/605.1.15 (KHTML, like Gecko) FxiOS/40.2  Mobile/15E148 Safari/605.1.15"
::ffff:179.43.155.171 - - [23/Sep/2022:14:25:42 +0000] "GET /explore HTTP/1.1" 404 146 "-" "Mozilla/5.0 (Linux; Android 12; motorola edge 20 pro) AppleWebKit/537.36 (KHTML, like Gecko) Chrome/101.0.4951.41 Mobile Safari/537.36"
::ffff:67.188.244.183 - - [23/Sep/2022:14:44:49 +0000] "GET /images/tiger.bmp HTTP/1.1" 304 - "http://www.wadokikai.net/" "Mozilla/5.0 (iPhone; CPU iPhone OS 15_6_1 like Mac OS X) AppleWebKit/605.1.15 (KHTML, like Gecko) Version/15.6.1 Mobile/15E148 Safari/604.1"
::ffff:67.188.244.183 - - [23/Sep/2022:14:44:52 +0000] "GET /images/wadokikai%20kanji.jpg HTTP/1.1" 304 - "http://www.wadokikai.net/" "Mozilla/5.0 (iPhone; CPU iPhone OS 15_6_1 like Mac OS X) AppleWebKit/605.1.15 (KHTML, like Gecko) Version/15.6.1 Mobile/15E148 Safari/604.1"
::ffff:67.188.244.183 - - [23/Sep/2022:14:46:57 +0000] "GET /images/tiger.bmp HTTP/1.1" 304 - "http://www.wadokikai.net/" "Mozilla/5.0 (iPhone; CPU iPhone OS 15_6_1 like Mac OS X) AppleWebKit/605.1.15 (KHTML, like Gecko) Version/15.6.1 Mobile/15E148 Safari/604.1"
::ffff:67.160.201.88 - - [23/Sep/2022:14:49:15 +0000] "GET /favicon.ico HTTP/1.1" 404 150 "-" "Mozilla/5.0 (iPhone; CPU iPhone OS 15_6_1 like Mac OS X) AppleWebKit/605.1.15 (KHTML, like Gecko) FxiOS/40.2  Mobile/15E148 Safari/605.1.15"
::ffff:67.160.201.88 - - [23/Sep/2022:14:49:15 +0000] "GET /favicon.ico HTTP/1.1" 404 150 "-" "Mozilla/5.0 (iPhone; CPU iPhone OS 15_6_1 like Mac OS X) AppleWebKit/605.1.15 (KHTML, like Gecko) FxiOS/40.2  Mobile/15E148 Safari/605.1.15"
::ffff:67.160.201.88 - - [23/Sep/2022:14:49:37 +0000] "GET /favicon.ico HTTP/1.1" 404 150 "-" "Mozilla/5.0 (iPhone; CPU iPhone OS 15_6_1 like Mac OS X) AppleWebKit/605.1.15 (KHTML, like Gecko) FxiOS/40.2  Mobile/15E148 Safari/605.1.15"
::ffff:67.160.201.88 - - [23/Sep/2022:14:49:38 +0000] "GET /favicon.ico HTTP/1.1" - - "-" "Mozilla/5.0 (iPhone; CPU iPhone OS 15_6_1 like Mac OS X) AppleWebKit/605.1.15 (KHTML, like Gecko) FxiOS/40.2  Mobile/15E148 Safari/605.1.15"
::ffff:67.160.201.88 - - [23/Sep/2022:14:49:38 +0000] "GET /favicon.ico HTTP/1.1" 404 150 "-" "Mozilla/5.0 (iPhone; CPU iPhone OS 15_6_1 like Mac OS X) AppleWebKit/605.1.15 (KHTML, like Gecko) FxiOS/40.2  Mobile/15E148 Safari/605.1.15"
::ffff:67.160.201.88 - - [23/Sep/2022:14:49:39 +0000] "GET /favicon.ico HTTP/1.1" 404 150 "-" "Mozilla/5.0 (iPhone; CPU iPhone OS 15_6_1 like Mac OS X) AppleWebKit/605.1.15 (KHTML, like Gecko) FxiOS/40.2  Mobile/15E148 Safari/605.1.15"
::ffff:67.160.201.88 - - [23/Sep/2022:14:49:51 +0000] "GET /favicon.ico HTTP/1.1" 404 150 "-" "Mozilla/5.0 (iPhone; CPU iPhone OS 15_6_1 like Mac OS X) AppleWebKit/605.1.15 (KHTML, like Gecko) FxiOS/40.2  Mobile/15E148 Safari/605.1.15"
::ffff:67.160.201.88 - - [23/Sep/2022:14:49:51 +0000] "GET /favicon.ico HTTP/1.1" 404 150 "-" "Mozilla/5.0 (iPhone; CPU iPhone OS 15_6_1 like Mac OS X) AppleWebKit/605.1.15 (KHTML, like Gecko) FxiOS/40.2  Mobile/15E148 Safari/605.1.15"
::ffff:67.160.201.88 - - [23/Sep/2022:14:50:01 +0000] "GET /favicon.ico HTTP/1.1" 404 150 "-" "Mozilla/5.0 (iPhone; CPU iPhone OS 15_6_1 like Mac OS X) AppleWebKit/605.1.15 (KHTML, like Gecko) FxiOS/40.2  Mobile/15E148 Safari/605.1.15"
::ffff:67.160.201.88 - - [23/Sep/2022:14:50:01 +0000] "GET /favicon.ico HTTP/1.1" 404 150 "-" "Mozilla/5.0 (iPhone; CPU iPhone OS 15_6_1 like Mac OS X) AppleWebKit/605.1.15 (KHTML, like Gecko) FxiOS/40.2  Mobile/15E148 Safari/605.1.15"
::ffff:67.160.201.88 - - [23/Sep/2022:14:50:01 +0000] "GET /favicon.ico HTTP/1.1" 404 150 "-" "Mozilla/5.0 (iPhone; CPU iPhone OS 15_6_1 like Mac OS X) AppleWebKit/605.1.15 (KHTML, like Gecko) FxiOS/40.2  Mobile/15E148 Safari/605.1.15"
::ffff:67.160.201.88 - - [23/Sep/2022:14:50:01 +0000] "GET /favicon.ico HTTP/1.1" 404 150 "-" "Mozilla/5.0 (iPhone; CPU iPhone OS 15_6_1 like Mac OS X) AppleWebKit/605.1.15 (KHTML, like Gecko) FxiOS/40.2  Mobile/15E148 Safari/605.1.15"
::ffff:67.160.201.88 - - [23/Sep/2022:14:50:02 +0000] "GET /favicon.ico HTTP/1.1" 404 150 "-" "Mozilla/5.0 (iPhone; CPU iPhone OS 15_6_1 like Mac OS X) AppleWebKit/605.1.15 (KHTML, like Gecko) FxiOS/40.2  Mobile/15E148 Safari/605.1.15"
::ffff:67.160.201.88 - - [23/Sep/2022:14:50:19 +0000] "GET /favicon.ico HTTP/1.1" 404 150 "-" "Mozilla/5.0 (iPhone; CPU iPhone OS 15_6_1 like Mac OS X) AppleWebKit/605.1.15 (KHTML, like Gecko) FxiOS/40.2  Mobile/15E148 Safari/605.1.15"
::ffff:67.160.201.88 - - [23/Sep/2022:14:50:19 +0000] "GET /favicon.ico HTTP/1.1" 404 150 "-" "Mozilla/5.0 (iPhone; CPU iPhone OS 15_6_1 like Mac OS X) AppleWebKit/605.1.15 (KHTML, like Gecko) FxiOS/40.2  Mobile/15E148 Safari/605.1.15"
::ffff:67.188.244.183 - - [23/Sep/2022:14:52:34 +0000] "GET /images/wadokikai%20kanji.jpg HTTP/1.1" 304 - "http://www.wadokikai.net/" "Mozilla/5.0 (iPhone; CPU iPhone OS 15_6_1 like Mac OS X) AppleWebKit/605.1.15 (KHTML, like Gecko) Version/15.6.1 Mobile/15E148 Safari/604.1"
::ffff:67.160.201.88 - - [23/Sep/2022:14:54:08 +0000] "GET /favicon.ico HTTP/1.1" 404 150 "-" "Mozilla/5.0 (iPhone; CPU iPhone OS 15_6_1 like Mac OS X) AppleWebKit/605.1.15 (KHTML, like Gecko) FxiOS/40.2  Mobile/15E148 Safari/605.1.15"
::ffff:67.160.201.88 - - [23/Sep/2022:14:54:08 +0000] "GET /favicon.ico HTTP/1.1" 404 150 "-" "Mozilla/5.0 (iPhone; CPU iPhone OS 15_6_1 like Mac OS X) AppleWebKit/605.1.15 (KHTML, like Gecko) FxiOS/40.2  Mobile/15E148 Safari/605.1.15"
::ffff:95.214.235.205 - - [23/Sep/2022:15:03:13 +0000] "GET /.env HTTP/1.1" 404 143 "-" "Mozilla/5.0 (X11; Linux x86_64) AppleWebKit/537.36 (KHTML, like Gecko) Chrome/81.0.4044.129 Safari/537.36"
::ffff:95.214.235.205 - - [23/Sep/2022:15:03:13 +0000] "POST / HTTP/1.1" 404 140 "-" "Mozilla/5.0 (X11; Linux x86_64) AppleWebKit/537.36 (KHTML, like Gecko) Chrome/81.0.4044.129 Safari/537.36"
::ffff:37.139.53.81 - - [23/Sep/2022:15:15:22 +0000] "GET / HTTP/1.0" 200 58140 "http://wadokikai.net/" "Mozilla/5.0 (Windows NT 6.3; ) AppleWebKit/537.36 (KHTML, like Gecko) Chrome/83.0.4103.61 Safari/537.36"
::ffff:37.139.53.81 - - [23/Sep/2022:15:15:23 +0000] "POST /sendemail HTTP/1.0" 302 40 "http://wadokikai.net/" "Mozilla/5.0 (Windows NT 6.3; ) AppleWebKit/537.36 (KHTML, like Gecko) Chrome/83.0.4103.61 Safari/537.36"
::ffff:37.139.53.81 - - [23/Sep/2022:15:15:23 +0000] "GET /?err=error HTTP/1.0" 200 58692 "http://wadokikai.net/?err=error#signup" "Mozilla/5.0 (Windows NT 6.3; ) AppleWebKit/537.36 (KHTML, like Gecko) Chrome/83.0.4103.61 Safari/537.36"
::ffff:34.76.96.55 - - [23/Sep/2022:15:17:09 +0000] "GET / HTTP/1.1" 200 58140 "-" "python-requests/2.28.1"
::ffff:135.125.217.54 - - [23/Sep/2022:15:17:44 +0000] "POST / HTTP/1.1" 404 140 "-" "Mozilla/5.0 (X11; Linux x86_64) AppleWebKit/537.36 (KHTML, like Gecko) Chrome/81.0.4044.129 Safari/537.36"
::ffff:135.125.217.54 - - [23/Sep/2022:15:17:44 +0000] "GET /.env HTTP/1.1" 404 143 "-" "Mozilla/5.0 (X11; Linux x86_64) AppleWebKit/537.36 (KHTML, like Gecko) Chrome/81.0.4044.129 Safari/537.36"
::ffff:207.46.13.129 - - [23/Sep/2022:15:38:52 +0000] "GET /images/Naha-lineage.jpg HTTP/1.1" 200 212379 "-" "Mozilla/5.0 (compatible; bingbot/2.0; +http://www.bing.com/bingbot.htm)"
::ffff:207.46.13.129 - - [23/Sep/2022:15:43:03 +0000] "GET /images/books/dummies.jpg HTTP/1.1" 200 3631 "-" "Mozilla/5.0 (compatible; bingbot/2.0; +http://www.bing.com/bingbot.htm)"
::ffff:157.55.39.228 - - [23/Sep/2022:15:49:08 +0000] "GET /images/books/saibook.jpg HTTP/1.1" 200 3043 "-" "Mozilla/5.0 (compatible; bingbot/2.0; +http://www.bing.com/bingbot.htm)"
::ffff:134.122.34.20 - - [23/Sep/2022:15:55:41 +0000] "GET / HTTP/1.1" 200 58140 "-" "Mozilla/5.0 zgrab/0.x"
::ffff:156.146.63.153 - - [23/Sep/2022:15:56:45 +0000] "GET /?err=error HTTP/1.0" 200 58692 "http://wadokikai.org/?err=error#signup" "Mozilla/5.0 (Windows NT 10.0; WOW64) AppleWebKit/537.36 (KHTML, like Gecko) Chrome/90.0.4430.72 Safari/537.36"
