::ffff:157.55.39.81 - - [14/Aug/2022:17:45:00 +0000] "GET /sdinforeg.php HTTP/1.1" 404 152 "-" "Mozilla/5.0 (compatible; bingbot/2.0; +http://www.bing.com/bingbot.htm)"
::ffff:207.46.13.67 - - [14/Aug/2022:17:45:40 +0000] "GET /katas.html HTTP/1.1" 404 149 "-" "Mozilla/5.0 (compatible; bingbot/2.0; +http://www.bing.com/bingbot.htm)"
::ffff:66.249.64.69 - - [14/Aug/2022:17:52:37 +0000] "GET / HTTP/1.1" 200 58071 "-" "Mozilla/5.0 (Linux; Android 6.0.1; Nexus 5X Build/MMB29P) AppleWebKit/537.36 (KHTML, like Gecko) Chrome/104.0.5112.79 Mobile Safari/537.36 (compatible; Googlebot/2.1; +http://www.google.com/bot.html)"
::ffff:66.249.64.69 - - [14/Aug/2022:17:52:38 +0000] "GET /js/common.js HTTP/1.1" 200 2255 "http://www.wadokikai.org/" "Mozilla/5.0 (Linux; Android 6.0.1; Nexus 5X Build/MMB29P) AppleWebKit/537.36 (KHTML, like Gecko) Chrome/104.0.5112.79 Mobile Safari/537.36 (compatible; Googlebot/2.1; +http://www.google.com/bot.html)"
::ffff:198.12.127.234 - - [14/Aug/2022:17:54:35 +0000] "GET /.env HTTP/1.1" 404 143 "-" "Mozilla/5.0 (X11; Linux x86_64) AppleWebKit/537.36 (KHTML, like Gecko) Chrome/81.0.4044.129 Safari/537.36"
::ffff:198.12.127.234 - - [14/Aug/2022:17:54:35 +0000] "POST / HTTP/1.1" 404 140 "-" "Mozilla/5.0 (X11; Linux x86_64) AppleWebKit/537.36 (KHTML, like Gecko) Chrome/81.0.4044.129 Safari/537.36"
::ffff:82.165.137.177 - - [14/Aug/2022:17:55:04 +0000] "GET / HTTP/1.1" 200 58071 "-" "python-requests/2.23.0"
::ffff:157.55.39.140 - - [14/Aug/2022:17:56:20 +0000] "GET /index.php HTTP/1.1" 404 148 "-" "Mozilla/5.0 (compatible; bingbot/2.0; +http://www.bing.com/bingbot.htm)"
::ffff:195.123.241.30 - - [14/Aug/2022:18:04:20 +0000] "GET /katas.html HTTP/1.1" 404 149 "-" "Mozilla/5.0 (X11; Linux x86_64) AppleWebKit/537.36 (KHTML, like Gecko) Chrome/85.0.4183.83 Safari/537.36"
::ffff:73.15.10.32 - - [14/Aug/2022:18:06:07 +0000] "GET /images/tiger.bmp HTTP/1.1" 200 311274 "http://www.wadokikai.net/" "Mozilla/5.0 (X11; CrOS x86_64 14816.99.0) AppleWebKit/537.36 (KHTML, like Gecko) Chrome/103.0.0.0 Safari/537.36"
::ffff:185.254.196.115 - - [14/Aug/2022:18:10:00 +0000] "GET /.env HTTP/1.1" 404 143 "-" "Mozilla/5.0 (X11; Linux x86_64) AppleWebKit/537.36 (KHTML, like Gecko) Chrome/81.0.4044.129 Safari/537.36"
::ffff:185.254.196.115 - - [14/Aug/2022:18:10:01 +0000] "POST / HTTP/1.1" 404 140 "-" "Mozilla/5.0 (X11; Linux x86_64) AppleWebKit/537.36 (KHTML, like Gecko) Chrome/81.0.4044.129 Safari/537.36"
::ffff:73.15.10.32 - - [14/Aug/2022:18:11:17 +0000] "GET /images/wadokikai%20kanji.jpg HTTP/1.1" 200 35066 "http://www.wadokikai.net/" "Mozilla/5.0 (X11; CrOS x86_64 14816.99.0) AppleWebKit/537.36 (KHTML, like Gecko) Chrome/103.0.0.0 Safari/537.36"
::ffff:73.15.10.32 - - [14/Aug/2022:18:16:26 +0000] "GET /images/dragon-trans.png HTTP/1.1" 304 - "http://www.wadokikai.net/" "Mozilla/5.0 (X11; CrOS x86_64 14816.99.0) AppleWebKit/537.36 (KHTML, like Gecko) Chrome/103.0.0.0 Safari/537.36"
::ffff:157.55.39.81 - - [14/Aug/2022:18:18:54 +0000] "GET /style.html HTTP/1.1" 404 149 "-" "Mozilla/5.0 (compatible; bingbot/2.0; +http://www.bing.com/bingbot.htm)"
::ffff:135.125.246.189 - - [14/Aug/2022:18:20:20 +0000] "POST / HTTP/1.1" 404 140 "-" "Mozilla/5.0 (X11; Linux x86_64) AppleWebKit/537.36 (KHTML, like Gecko) Chrome/81.0.4044.129 Safari/537.36"
::ffff:135.125.246.189 - - [14/Aug/2022:18:20:21 +0000] "GET /.env HTTP/1.1" 404 143 "-" "Mozilla/5.0 (X11; Linux x86_64) AppleWebKit/537.36 (KHTML, like Gecko) Chrome/81.0.4044.129 Safari/537.36"
::ffff:73.15.10.32 - - [14/Aug/2022:18:21:37 +0000] "GET /images/tiger.bmp HTTP/1.1" 200 311274 "http://www.wadokikai.net/" "Mozilla/5.0 (X11; CrOS x86_64 14816.99.0) AppleWebKit/537.36 (KHTML, like Gecko) Chrome/103.0.0.0 Safari/537.36"
::ffff:84.51.120.57 - - [14/Aug/2022:18:23:06 +0000] "GET / HTTP/1.1" 200 58071 "-" "Mozilla/5.0 (Windows NT 10.0; WOW64) AppleWebKit/537.36 (KHTML, like Gecko) Chrome/51.0.2704.103 Safari/537.36"
::ffff:195.123.241.30 - - [14/Aug/2022:18:23:33 +0000] "GET / HTTP/1.1" 200 58071 "-" "Mozilla/5.0 (X11; Linux x86_64) AppleWebKit/537.36 (KHTML, like Gecko) Chrome/85.0.4183.83 Safari/537.36"
::ffff:73.15.10.32 - - [14/Aug/2022:18:26:46 +0000] "GET /images/wadokikai%20kanji.jpg HTTP/1.1" 200 35066 "http://www.wadokikai.net/" "Mozilla/5.0 (X11; CrOS x86_64 14816.99.0) AppleWebKit/537.36 (KHTML, like Gecko) Chrome/103.0.0.0 Safari/537.36"
::ffff:157.55.39.81 - - [14/Aug/2022:18:31:24 +0000] "GET /style.html HTTP/1.1" 404 149 "-" "Mozilla/5.0 AppleWebKit/537.36 (KHTML, like Gecko; compatible; bingbot/2.0; +http://www.bing.com/bingbot.htm) Chrome/103.0.5060.134 Safari/537.36"
::ffff:73.15.10.32 - - [14/Aug/2022:18:31:56 +0000] "GET /images/dragon-trans.png HTTP/1.1" 304 - "http://www.wadokikai.net/" "Mozilla/5.0 (X11; CrOS x86_64 14816.99.0) AppleWebKit/537.36 (KHTML, like Gecko) Chrome/103.0.0.0 Safari/537.36"
::ffff:73.15.10.32 - - [14/Aug/2022:18:32:05 +0000] "GET /images/tiger.bmp HTTP/1.1" 200 311274 "http://www.wadokikai.net/" "Mozilla/5.0 (X11; CrOS x86_64 14816.99.0) AppleWebKit/537.36 (KHTML, like Gecko) Chrome/103.0.0.0 Safari/537.36"
::ffff:73.15.10.32 - - [14/Aug/2022:18:37:06 +0000] "GET /images/wadokikai%20kanji.jpg HTTP/1.1" 200 35066 "http://www.wadokikai.net/" "Mozilla/5.0 (X11; CrOS x86_64 14816.99.0) AppleWebKit/537.36 (KHTML, like Gecko) Chrome/103.0.0.0 Safari/537.36"
::ffff:73.15.10.32 - - [14/Aug/2022:18:42:16 +0000] "GET /images/dragon-trans.png HTTP/1.1" 304 - "http://www.wadokikai.net/" "Mozilla/5.0 (X11; CrOS x86_64 14816.99.0) AppleWebKit/537.36 (KHTML, like Gecko) Chrome/103.0.0.0 Safari/537.36"
::ffff:73.15.10.32 - - [14/Aug/2022:18:47:26 +0000] "GET /images/tiger.bmp HTTP/1.1" 200 311274 "http://www.wadokikai.net/" "Mozilla/5.0 (X11; CrOS x86_64 14816.99.0) AppleWebKit/537.36 (KHTML, like Gecko) Chrome/103.0.0.0 Safari/537.36"
::ffff:114.119.145.192 - - [14/Aug/2022:18:49:40 +0000] "GET /contact?s=1&ss=5 HTTP/1.1" 200 9997 "http://34.212.47.6/schools" "Mozilla/5.0 (Linux; Android 7.0;) AppleWebKit/537.36 (KHTML, like Gecko) Mobile Safari/537.36 (compatible; PetalBot;+https://webmaster.petalsearch.com/site/petalbot)"
::ffff:73.15.10.32 - - [14/Aug/2022:18:52:35 +0000] "GET /images/wadokikai%20kanji.jpg HTTP/1.1" 200 35066 "http://www.wadokikai.net/" "Mozilla/5.0 (X11; CrOS x86_64 14816.99.0) AppleWebKit/537.36 (KHTML, like Gecko) Chrome/103.0.0.0 Safari/537.36"
::ffff:114.119.135.181 - - [14/Aug/2022:18:55:07 +0000] "GET /contact?s=1&ss=9 HTTP/1.1" 200 9997 "http://www.wadokikai.net/" "Mozilla/5.0 (Linux; Android 7.0;) AppleWebKit/537.36 (KHTML, like Gecko) Mobile Safari/537.36 (compatible; PetalBot;+https://webmaster.petalsearch.com/site/petalbot)"
::ffff:98.234.224.71 - - [14/Aug/2022:18:56:29 +0000] "GET /images/tiger.bmp HTTP/1.1" 304 - "http://wadokikai.org/resources" "Mozilla/5.0 (Windows NT 10.0; Win64; x64) AppleWebKit/537.36 (KHTML, like Gecko) Chrome/104.0.0.0 Safari/537.36"
::ffff:98.234.224.71 - - [14/Aug/2022:18:56:29 +0000] "GET /images/tiger.bmp HTTP/1.1" 304 - "http://wadokikai.org/resources" "Mozilla/5.0 (Windows NT 10.0; Win64; x64) AppleWebKit/537.36 (KHTML, like Gecko) Chrome/104.0.0.0 Safari/537.36"
::ffff:73.15.10.32 - - [14/Aug/2022:18:57:45 +0000] "GET /images/dragon-trans.png HTTP/1.1" 304 - "http://www.wadokikai.net/" "Mozilla/5.0 (X11; CrOS x86_64 14816.99.0) AppleWebKit/537.36 (KHTML, like Gecko) Chrome/103.0.0.0 Safari/537.36"
::ffff:98.234.224.71 - - [14/Aug/2022:18:58:27 +0000] "GET /images/tiger.bmp HTTP/1.1" 304 - "http://wadokikai.org/resources" "Mozilla/5.0 (Windows NT 10.0; Win64; x64) AppleWebKit/537.36 (KHTML, like Gecko) Chrome/104.0.0.0 Safari/537.36"
::ffff:98.234.224.71 - - [14/Aug/2022:18:58:27 +0000] "GET /images/tiger.bmp HTTP/1.1" 304 - "http://wadokikai.org/resources" "Mozilla/5.0 (Windows NT 10.0; Win64; x64) AppleWebKit/537.36 (KHTML, like Gecko) Chrome/104.0.0.0 Safari/537.36"
::ffff:98.234.224.71 - - [14/Aug/2022:19:00:27 +0000] "GET /images/tiger.bmp HTTP/1.1" 304 - "http://wadokikai.org/resources" "Mozilla/5.0 (Windows NT 10.0; Win64; x64) AppleWebKit/537.36 (KHTML, like Gecko) Chrome/104.0.0.0 Safari/537.36"
::ffff:98.234.224.71 - - [14/Aug/2022:19:00:27 +0000] "GET /images/tiger.bmp HTTP/1.1" 304 - "http://wadokikai.org/resources" "Mozilla/5.0 (Windows NT 10.0; Win64; x64) AppleWebKit/537.36 (KHTML, like Gecko) Chrome/104.0.0.0 Safari/537.36"
::ffff:98.234.224.71 - - [14/Aug/2022:19:02:27 +0000] "GET /images/tiger.bmp HTTP/1.1" 304 - "http://wadokikai.org/resources" "Mozilla/5.0 (Windows NT 10.0; Win64; x64) AppleWebKit/537.36 (KHTML, like Gecko) Chrome/104.0.0.0 Safari/537.36"
::ffff:98.234.224.71 - - [14/Aug/2022:19:02:27 +0000] "GET /images/tiger.bmp HTTP/1.1" 304 - "http://wadokikai.org/resources" "Mozilla/5.0 (Windows NT 10.0; Win64; x64) AppleWebKit/537.36 (KHTML, like Gecko) Chrome/104.0.0.0 Safari/537.36"
::ffff:94.102.61.10 - - [14/Aug/2022:19:02:47 +0000] "GET / HTTP/1.1" 200 58071 "-" "Mozilla/5.0 (Windows NT 10.0; Win64; x64) AppleWebKit/537.36 (KHTML, like Gecko) Chrome/88.0.4324.190 Safari/537.36"
::ffff:73.15.10.32 - - [14/Aug/2022:19:02:55 +0000] "GET /images/tiger.bmp HTTP/1.1" 200 311274 "http://www.wadokikai.net/" "Mozilla/5.0 (X11; CrOS x86_64 14816.99.0) AppleWebKit/537.36 (KHTML, like Gecko) Chrome/103.0.0.0 Safari/537.36"
::ffff:73.15.10.32 - - [14/Aug/2022:19:03:04 +0000] "GET /images/wadokikai%20kanji.jpg HTTP/1.1" 200 35066 "http://www.wadokikai.net/" "Mozilla/5.0 (X11; CrOS x86_64 14816.99.0) AppleWebKit/537.36 (KHTML, like Gecko) Chrome/103.0.0.0 Safari/537.36"
::ffff:98.234.224.71 - - [14/Aug/2022:19:04:27 +0000] "GET /images/tiger.bmp HTTP/1.1" 304 - "http://wadokikai.org/resources" "Mozilla/5.0 (Windows NT 10.0; Win64; x64) AppleWebKit/537.36 (KHTML, like Gecko) Chrome/104.0.0.0 Safari/537.36"
::ffff:98.234.224.71 - - [14/Aug/2022:19:04:27 +0000] "GET /images/tiger.bmp HTTP/1.1" 304 - "http://wadokikai.org/resources" "Mozilla/5.0 (Windows NT 10.0; Win64; x64) AppleWebKit/537.36 (KHTML, like Gecko) Chrome/104.0.0.0 Safari/537.36"
::ffff:198.235.24.5 - - [14/Aug/2022:19:06:10 +0000] "GET / HTTP/1.1" 200 58071 "-" "Expanse, a Palo Alto Networks company, searches across the global IPv4 space multiple times per day to identify customers&#39; presences on the Internet. If you would like to be excluded from our scans, please send IP addresses/domains to: scaninfo@paloaltonetworks.com"
::ffff:98.234.224.71 - - [14/Aug/2022:19:06:27 +0000] "GET /images/tiger.bmp HTTP/1.1" 304 - "http://wadokikai.org/resources" "Mozilla/5.0 (Windows NT 10.0; Win64; x64) AppleWebKit/537.36 (KHTML, like Gecko) Chrome/104.0.0.0 Safari/537.36"
::ffff:98.234.224.71 - - [14/Aug/2022:19:06:27 +0000] "GET /images/tiger.bmp HTTP/1.1" 304 - "http://wadokikai.org/resources" "Mozilla/5.0 (Windows NT 10.0; Win64; x64) AppleWebKit/537.36 (KHTML, like Gecko) Chrome/104.0.0.0 Safari/537.36"
::ffff:114.119.145.194 - - [14/Aug/2022:19:07:05 +0000] "GET / HTTP/1.1" 200 58071 "http://34.212.47.6/contact?s=1&ss=7" "Mozilla/5.0 (Linux; Android 7.0;) AppleWebKit/537.36 (KHTML, like Gecko) Mobile Safari/537.36 (compatible; PetalBot;+https://webmaster.petalsearch.com/site/petalbot)"
::ffff:73.15.10.32 - - [14/Aug/2022:19:08:05 +0000] "GET /images/dragon-trans.png HTTP/1.1" 304 - "http://www.wadokikai.net/" "Mozilla/5.0 (X11; CrOS x86_64 14816.99.0) AppleWebKit/537.36 (KHTML, like Gecko) Chrome/103.0.0.0 Safari/537.36"
::ffff:98.234.224.71 - - [14/Aug/2022:19:08:27 +0000] "GET /images/tiger.bmp HTTP/1.1" 304 - "http://wadokikai.org/resources" "Mozilla/5.0 (Windows NT 10.0; Win64; x64) AppleWebKit/537.36 (KHTML, like Gecko) Chrome/104.0.0.0 Safari/537.36"
::ffff:98.234.224.71 - - [14/Aug/2022:19:08:27 +0000] "GET /images/tiger.bmp HTTP/1.1" 304 - "http://wadokikai.org/resources" "Mozilla/5.0 (Windows NT 10.0; Win64; x64) AppleWebKit/537.36 (KHTML, like Gecko) Chrome/104.0.0.0 Safari/537.36"
::ffff:98.234.224.71 - - [14/Aug/2022:19:10:27 +0000] "GET /images/tiger.bmp HTTP/1.1" 304 - "http://wadokikai.org/resources" "Mozilla/5.0 (Windows NT 10.0; Win64; x64) AppleWebKit/537.36 (KHTML, like Gecko) Chrome/104.0.0.0 Safari/537.36"
::ffff:98.234.224.71 - - [14/Aug/2022:19:10:27 +0000] "GET /images/tiger.bmp HTTP/1.1" 304 - "http://wadokikai.org/resources" "Mozilla/5.0 (Windows NT 10.0; Win64; x64) AppleWebKit/537.36 (KHTML, like Gecko) Chrome/104.0.0.0 Safari/537.36"
::ffff:185.191.171.38 - - [14/Aug/2022:19:11:16 +0000] "GET /robots.txt HTTP/1.1" 404 149 "-" "Mozilla/5.0 (compatible; SemrushBot/7~bl; +http://www.semrush.com/bot.html)"
::ffff:185.191.171.12 - - [14/Aug/2022:19:11:17 +0000] "GET /style.html HTTP/1.1" 404 149 "-" "Mozilla/5.0 (compatible; SemrushBot/7~bl; +http://www.semrush.com/bot.html)"
::ffff:185.7.214.117 - - [14/Aug/2022:19:11:19 +0000] "POST /cgi-bin/.%2e/.%2e/.%2e/.%2e/bin/sh HTTP/1.1" 404 174 "-" "Mozilla/5.0 (Windows NT 10.0; Win64; x64) AppleWebKit/537.36 (KHTML, like Gecko) Chrome/78.0.3904.108 Safari/537.36"
::ffff:98.234.224.71 - - [14/Aug/2022:19:12:27 +0000] "GET /images/tiger.bmp HTTP/1.1" 304 - "http://wadokikai.org/resources" "Mozilla/5.0 (Windows NT 10.0; Win64; x64) AppleWebKit/537.36 (KHTML, like Gecko) Chrome/104.0.0.0 Safari/537.36"
::ffff:98.234.224.71 - - [14/Aug/2022:19:12:27 +0000] "GET /images/tiger.bmp HTTP/1.1" 304 - "http://wadokikai.org/resources" "Mozilla/5.0 (Windows NT 10.0; Win64; x64) AppleWebKit/537.36 (KHTML, like Gecko) Chrome/104.0.0.0 Safari/537.36"
::ffff:73.15.10.32 - - [14/Aug/2022:19:13:15 +0000] "GET /images/tiger.bmp HTTP/1.1" 200 311274 "http://www.wadokikai.net/" "Mozilla/5.0 (X11; CrOS x86_64 14816.99.0) AppleWebKit/537.36 (KHTML, like Gecko) Chrome/103.0.0.0 Safari/537.36"
::ffff:98.234.224.71 - - [14/Aug/2022:19:13:36 +0000] "GET /images/tiger.bmp HTTP/1.1" 304 - "http://wadokikai.org/resources" "Mozilla/5.0 (Windows NT 10.0; Win64; x64) AppleWebKit/537.36 (KHTML, like Gecko) Chrome/104.0.0.0 Safari/537.36"
::ffff:65.108.156.93 - - [14/Aug/2022:19:16:05 +0000] "GET /wp-login.php HTTP/1.1" 404 151 "-" "Mozilla/5.0 (Windows NT 10.0; Win64; x64; rv:96.0) Gecko/20100101 Firefox/96"
::ffff:98.234.224.71 - - [14/Aug/2022:19:16:35 +0000] "GET /images/dragon-trans.png HTTP/1.1" 304 - "http://wadokikai.org/resources" "Mozilla/5.0 (Windows NT 10.0; Win64; x64) AppleWebKit/537.36 (KHTML, like Gecko) Chrome/104.0.0.0 Safari/537.36"
::ffff:98.234.224.71 - - [14/Aug/2022:19:17:27 +0000] "GET /images/dragon-trans.png HTTP/1.1" 304 - "http://wadokikai.org/resources" "Mozilla/5.0 (Windows NT 10.0; Win64; x64) AppleWebKit/537.36 (KHTML, like Gecko) Chrome/104.0.0.0 Safari/537.36"
::ffff:73.15.10.32 - - [14/Aug/2022:19:18:25 +0000] "GET /images/wadokikai%20kanji.jpg HTTP/1.1" 200 35066 "http://www.wadokikai.net/" "Mozilla/5.0 (X11; CrOS x86_64 14816.99.0) AppleWebKit/537.36 (KHTML, like Gecko) Chrome/103.0.0.0 Safari/537.36"
::ffff:185.254.196.115 - - [14/Aug/2022:19:33:46 +0000] "GET /.env HTTP/1.1" 404 143 "-" "Mozilla/5.0 (X11; Linux x86_64) AppleWebKit/537.36 (KHTML, like Gecko) Chrome/81.0.4044.129 Safari/537.36"
::ffff:185.254.196.115 - - [14/Aug/2022:19:33:47 +0000] "POST / HTTP/1.1" 404 140 "-" "Mozilla/5.0 (X11; Linux x86_64) AppleWebKit/537.36 (KHTML, like Gecko) Chrome/81.0.4044.129 Safari/537.36"
::ffff:157.55.39.81 - - [14/Aug/2022:19:35:11 +0000] "GET /sdinforeg.php HTTP/1.1" 404 152 "-" "Mozilla/5.0 (compatible; bingbot/2.0; +http://www.bing.com/bingbot.htm)"
::ffff:207.46.13.67 - - [14/Aug/2022:19:35:51 +0000] "GET /katas.html HTTP/1.1" 404 149 "-" "Mozilla/5.0 (compatible; bingbot/2.0; +http://www.bing.com/bingbot.htm)"
::ffff:154.6.12.134 - - [14/Aug/2022:19:39:06 +0000] "GET /robots.txt HTTP/1.1" 404 149 "-" "panscient.com"
::ffff:154.6.12.134 - - [14/Aug/2022:19:39:07 +0000] "GET /videos.html HTTP/1.1" 404 150 "-" "panscient.com"
::ffff:154.6.12.134 - - [14/Aug/2022:19:39:09 +0000] "GET /freeMonth.html HTTP/1.1" 404 153 "-" "panscient.com"
::ffff:154.6.12.134 - - [14/Aug/2022:19:39:12 +0000] "GET /katas.html HTTP/1.1" 404 149 "-" "panscient.com"
::ffff:154.6.12.134 - - [14/Aug/2022:19:39:13 +0000] "GET /videos.php HTTP/1.1" 404 149 "-" "panscient.com"
::ffff:154.6.12.134 - - [14/Aug/2022:19:39:15 +0000] "GET /instructors.html HTTP/1.1" 404 155 "-" "panscient.com"
::ffff:154.6.12.134 - - [14/Aug/2022:19:39:16 +0000] "GET /books.php HTTP/1.1" 404 148 "-" "panscient.com"
::ffff:154.6.12.134 - - [14/Aug/2022:19:39:20 +0000] "GET /shinko-katas.html HTTP/1.1" 404 156 "-" "panscient.com"
::ffff:154.6.12.134 - - [14/Aug/2022:19:39:22 +0000] "GET /events.html HTTP/1.1" 404 150 "-" "panscient.com"
::ffff:154.6.12.134 - - [14/Aug/2022:19:39:23 +0000] "GET /schoolsandschedules.php HTTP/1.1" 404 162 "-" "panscient.com"
::ffff:154.6.12.134 - - [14/Aug/2022:19:39:25 +0000] "GET /style.html HTTP/1.1" 404 149 "-" "panscient.com"
::ffff:154.6.12.134 - - [14/Aug/2022:19:39:26 +0000] "GET /instructors.php HTTP/1.1" 404 154 "-" "panscient.com"
::ffff:154.6.12.134 - - [14/Aug/2022:19:39:27 +0000] "GET /signup.html HTTP/1.1" 404 150 "-" "panscient.com"
::ffff:154.6.12.134 - - [14/Aug/2022:19:39:30 +0000] "GET /login.php?sessionId=4 HTTP/1.1" 404 148 "-" "panscient.com"
::ffff:154.6.12.134 - - [14/Aug/2022:19:39:30 +0000] "GET /contact2.html HTTP/1.1" 404 152 "-" "panscient.com"
::ffff:154.6.12.134 - - [14/Aug/2022:19:39:34 +0000] "GET /contact.html HTTP/1.1" 404 151 "-" "panscient.com"
::ffff:154.6.12.134 - - [14/Aug/2022:19:39:36 +0000] "GET /login.php?sessionId=1 HTTP/1.1" 404 148 "-" "panscient.com"
::ffff:154.6.12.134 - - [14/Aug/2022:19:39:38 +0000] "GET /login.php?sessionId=2 HTTP/1.1" 404 148 "-" "panscient.com"
::ffff:154.6.12.134 - - [14/Aug/2022:19:39:39 +0000] "GET /index.php HTTP/1.1" 404 148 "-" "panscient.com"
::ffff:154.6.12.134 - - [14/Aug/2022:19:39:43 +0000] "GET /dojoprocedures.html HTTP/1.1" 404 158 "-" "panscient.com"
::ffff:154.6.12.134 - - [14/Aug/2022:19:39:49 +0000] "GET /instructors.html HTTP/1.1" 404 155 "-" "panscient.com"
::ffff:154.6.12.134 - - [14/Aug/2022:19:39:51 +0000] "GET /instructors.php HTTP/1.1" 404 154 "-" "panscient.com"
::ffff:154.6.12.134 - - [14/Aug/2022:19:39:55 +0000] "GET / HTTP/1.1" 200 58071 "-" "panscient.com"
::ffff:157.55.39.81 - - [14/Aug/2022:19:46:11 +0000] "GET /sdinforeg.php HTTP/1.1" 404 152 "-" "Mozilla/5.0 (compatible; bingbot/2.0; +http://www.bing.com/bingbot.htm)"
::ffff:207.46.13.67 - - [14/Aug/2022:19:46:11 +0000] "GET /katas.html HTTP/1.1" 404 149 "-" "Mozilla/5.0 (compatible; bingbot/2.0; +http://www.bing.com/bingbot.htm)"
::ffff:157.55.39.140 - - [14/Aug/2022:19:46:33 +0000] "GET /index.php HTTP/1.1" 404 148 "-" "Mozilla/5.0 (compatible; bingbot/2.0; +http://www.bing.com/bingbot.htm)"
::ffff:185.7.214.117 - - [14/Aug/2022:19:47:42 +0000] "GET / HTTP/1.1" 200 58071 "-" "Mozilla/5.0 (Windows NT 10.0; Win64; x64) AppleWebKit/537.36 (KHTML, like Gecko) Chrome/78.0.3904.108 Safari/537.36"
::ffff:135.125.246.189 - - [14/Aug/2022:19:53:51 +0000] "POST / HTTP/1.1" 404 140 "-" "Mozilla/5.0 (X11; Linux x86_64) AppleWebKit/537.36 (KHTML, like Gecko) Chrome/81.0.4044.129 Safari/537.36"
::ffff:135.125.246.189 - - [14/Aug/2022:19:53:51 +0000] "GET /.env HTTP/1.1" 404 143 "-" "Mozilla/5.0 (X11; Linux x86_64) AppleWebKit/537.36 (KHTML, like Gecko) Chrome/81.0.4044.129 Safari/537.36"
::ffff:157.55.39.140 - - [14/Aug/2022:19:57:44 +0000] "GET /index.php HTTP/1.1" 404 148 "-" "Mozilla/5.0 (compatible; bingbot/2.0; +http://www.bing.com/bingbot.htm)"
::ffff:185.142.236.41 - - [14/Aug/2022:20:04:59 +0000] "GET / HTTP/1.1" 200 58071 "-" "Mozilla/5.0 (Windows NT 6.1) AppleWebKit/537.36 (KHTML, like Gecko) Chrome/41.0.2228.0 Safari/537.36"
::ffff:185.142.236.41 - - [14/Aug/2022:20:04:59 +0000] "GET /robots.txt HTTP/1.1" 404 149 "-" "-"
::ffff:185.142.236.41 - - [14/Aug/2022:20:05:01 +0000] "GET /sitemap.xml HTTP/1.1" 404 150 "-" "-"
::ffff:185.142.236.41 - - [14/Aug/2022:20:05:02 +0000] "GET /.well-known/security.txt HTTP/1.1" 404 163 "-" "-"
::ffff:185.142.236.41 - - [14/Aug/2022:20:05:04 +0000] "GET /images/favicon.ico HTTP/1.1" 200 3638 "-" "Mozilla/5.0 (Macintosh; Intel Mac OS X 10.15; rv:80.0) Gecko/20100101 Firefox/80.0"
::ffff:98.37.60.220 - - [14/Aug/2022:20:09:13 +0000] "GET / HTTP/1.1" 200 58071 "https://www.google.com/" "Mozilla/5.0 (iPhone; CPU iPhone OS 15_6 like Mac OS X) AppleWebKit/605.1.15 (KHTML, like Gecko) Version/15.6 Mobile/15E148 Safari/604.1"
::ffff:98.37.60.220 - - [14/Aug/2022:20:09:13 +0000] "GET /css/wadokikai.css HTTP/1.1" 200 4337 "http://wadokikai.org/" "Mozilla/5.0 (iPhone; CPU iPhone OS 15_6 like Mac OS X) AppleWebKit/605.1.15 (KHTML, like Gecko) Version/15.6 Mobile/15E148 Safari/604.1"
::ffff:98.37.60.220 - - [14/Aug/2022:20:09:13 +0000] "GET /images/wkkpatch22_med.png HTTP/1.1" 200 32301 "http://wadokikai.org/" "Mozilla/5.0 (iPhone; CPU iPhone OS 15_6 like Mac OS X) AppleWebKit/605.1.15 (KHTML, like Gecko) Version/15.6 Mobile/15E148 Safari/604.1"
::ffff:98.37.60.220 - - [14/Aug/2022:20:09:13 +0000] "GET /js/common.js HTTP/1.1" 200 2255 "http://wadokikai.org/" "Mozilla/5.0 (iPhone; CPU iPhone OS 15_6 like Mac OS X) AppleWebKit/605.1.15 (KHTML, like Gecko) Version/15.6 Mobile/15E148 Safari/604.1"
::ffff:98.37.60.220 - - [14/Aug/2022:20:09:13 +0000] "GET /images/promotions/20220728corpuz.jpg HTTP/1.1" 200 108218 "http://wadokikai.org/" "Mozilla/5.0 (iPhone; CPU iPhone OS 15_6 like Mac OS X) AppleWebKit/605.1.15 (KHTML, like Gecko) Version/15.6 Mobile/15E148 Safari/604.1"
::ffff:98.37.60.220 - - [14/Aug/2022:20:09:13 +0000] "GET /images/marin5thDan.jpeg HTTP/1.1" 200 105451 "http://wadokikai.org/" "Mozilla/5.0 (iPhone; CPU iPhone OS 15_6 like Mac OS X) AppleWebKit/605.1.15 (KHTML, like Gecko) Version/15.6 Mobile/15E148 Safari/604.1"
::ffff:98.37.60.220 - - [14/Aug/2022:20:09:13 +0000] "GET /images/schools/alamedakaratedomap.jpg HTTP/1.1" 200 38311 "http://wadokikai.org/" "Mozilla/5.0 (iPhone; CPU iPhone OS 15_6 like Mac OS X) AppleWebKit/605.1.15 (KHTML, like Gecko) Version/15.6 Mobile/15E148 Safari/604.1"
::ffff:98.37.60.220 - - [14/Aug/2022:20:09:13 +0000] "GET /images/schools/orindakaratedomap.jpg HTTP/1.1" 200 34167 "http://wadokikai.org/" "Mozilla/5.0 (iPhone; CPU iPhone OS 15_6 like Mac OS X) AppleWebKit/605.1.15 (KHTML, like Gecko) Version/15.6 Mobile/15E148 Safari/604.1"
::ffff:98.37.60.220 - - [14/Aug/2022:20:09:13 +0000] "GET /images/schools/harborbaykaratedomap.jpg HTTP/1.1" 200 37245 "http://wadokikai.org/" "Mozilla/5.0 (iPhone; CPU iPhone OS 15_6 like Mac OS X) AppleWebKit/605.1.15 (KHTML, like Gecko) Version/15.6 Mobile/15E148 Safari/604.1"
::ffff:98.37.60.220 - - [14/Aug/2022:20:09:13 +0000] "GET /images/schools/dcakaratedomap.jpg HTTP/1.1" 200 35262 "http://wadokikai.org/" "Mozilla/5.0 (iPhone; CPU iPhone OS 15_6 like Mac OS X) AppleWebKit/605.1.15 (KHTML, like Gecko) Version/15.6 Mobile/15E148 Safari/604.1"
::ffff:98.37.60.220 - - [14/Aug/2022:20:09:13 +0000] "GET /images/schools/corpuzkaratedomap.jpg HTTP/1.1" 200 36421 "http://wadokikai.org/" "Mozilla/5.0 (iPhone; CPU iPhone OS 15_6 like Mac OS X) AppleWebKit/605.1.15 (KHTML, like Gecko) Version/15.6 Mobile/15E148 Safari/604.1"
::ffff:98.37.60.220 - - [14/Aug/2022:20:09:13 +0000] "GET /images/schools/nunleykaratedomap.jpg HTTP/1.1" 200 42667 "http://wadokikai.org/" "Mozilla/5.0 (iPhone; CPU iPhone OS 15_6 like Mac OS X) AppleWebKit/605.1.15 (KHTML, like Gecko) Version/15.6 Mobile/15E148 Safari/604.1"
::ffff:98.37.60.220 - - [14/Aug/2022:20:09:13 +0000] "GET /images/schools/marinkaratedomap.jpg HTTP/1.1" 200 32400 "http://wadokikai.org/" "Mozilla/5.0 (iPhone; CPU iPhone OS 15_6 like Mac OS X) AppleWebKit/605.1.15 (KHTML, like Gecko) Version/15.6 Mobile/15E148 Safari/604.1"
::ffff:98.37.60.220 - - [14/Aug/2022:20:09:13 +0000] "GET /images/schools/earhartkaratedomap.jpg HTTP/1.1" 200 41366 "http://wadokikai.org/" "Mozilla/5.0 (iPhone; CPU iPhone OS 15_6 like Mac OS X) AppleWebKit/605.1.15 (KHTML, like Gecko) Version/15.6 Mobile/15E148 Safari/604.1"
::ffff:98.37.60.220 - - [14/Aug/2022:20:09:14 +0000] "GET /images/dragon-trans.png HTTP/1.1" 200 85661 "http://wadokikai.org/" "Mozilla/5.0 (iPhone; CPU iPhone OS 15_6 like Mac OS X) AppleWebKit/605.1.15 (KHTML, like Gecko) Version/15.6 Mobile/15E148 Safari/604.1"
::ffff:98.37.60.220 - - [14/Aug/2022:20:09:14 +0000] "GET /images/schools/martinezkaratedomap.jpg HTTP/1.1" 200 37724 "http://wadokikai.org/" "Mozilla/5.0 (iPhone; CPU iPhone OS 15_6 like Mac OS X) AppleWebKit/605.1.15 (KHTML, like Gecko) Version/15.6 Mobile/15E148 Safari/604.1"
::ffff:98.37.60.220 - - [14/Aug/2022:20:09:14 +0000] "GET /images/schools/manzanitakaratedomap.jpg HTTP/1.1" 200 55402 "http://wadokikai.org/" "Mozilla/5.0 (iPhone; CPU iPhone OS 15_6 like Mac OS X) AppleWebKit/605.1.15 (KHTML, like Gecko) Version/15.6 Mobile/15E148 Safari/604.1"
::ffff:98.37.60.220 - - [14/Aug/2022:20:09:14 +0000] "GET /images/tournaments/NKDTournament.pdf HTTP/1.1" 200 3770165 "http://wadokikai.org/" "Mozilla/5.0 (iPhone; CPU iPhone OS 15_6 like Mac OS X) AppleWebKit/605.1.15 (KHTML, like Gecko) Version/15.6 Mobile/15E148 Safari/604.1"
::ffff:98.37.60.220 - - [14/Aug/2022:20:09:14 +0000] "GET /images/favicon.ico HTTP/1.1" 200 3638 "http://wadokikai.org/" "Mozilla/5.0 (iPhone; CPU iPhone OS 15_6 like Mac OS X) AppleWebKit/605.1.15 (KHTML, like Gecko) Version/15.6 Mobile/15E148 Safari/604.1"
::ffff:98.37.60.220 - - [14/Aug/2022:20:09:17 +0000] "GET /images/tiger.bmp HTTP/1.1" 200 311274 "http://wadokikai.org/" "Mozilla/5.0 (iPhone; CPU iPhone OS 15_6 like Mac OS X) AppleWebKit/605.1.15 (KHTML, like Gecko) Version/15.6 Mobile/15E148 Safari/604.1"
::ffff:98.37.60.220 - - [14/Aug/2022:20:09:21 +0000] "GET /images/wadokikai%20kanji.jpg HTTP/1.1" 200 35066 "http://wadokikai.org/" "Mozilla/5.0 (iPhone; CPU iPhone OS 15_6 like Mac OS X) AppleWebKit/605.1.15 (KHTML, like Gecko) Version/15.6 Mobile/15E148 Safari/604.1"
::ffff:98.37.60.220 - - [14/Aug/2022:20:11:48 +0000] "GET /images/wadokikai%20kanji.jpg HTTP/1.1" 200 35066 "http://wadokikai.org/" "Mozilla/5.0 (iPhone; CPU iPhone OS 15_6 like Mac OS X) AppleWebKit/605.1.15 (KHTML, like Gecko) Version/15.6 Mobile/15E148 Safari/604.1"
::ffff:20.211.45.185 - - [14/Aug/2022:20:17:15 +0000] "GET /config.js HTTP/1.1" 404 148 "-" "python-requests/2.27.1"
::ffff:20.211.45.185 - - [14/Aug/2022:20:17:15 +0000] "GET /_profiler/phpinfo HTTP/1.1" 404 156 "-" "Mozila/5.0"
::ffff:20.211.45.185 - - [14/Aug/2022:20:17:16 +0000] "POST / HTTP/1.1" 404 140 "-" "python-requests/2.27.1"
::ffff:20.211.45.185 - - [14/Aug/2022:20:17:16 +0000] "GET /.env HTTP/1.1" 404 143 "-" "Mozila/5.0"
::ffff:20.211.45.185 - - [14/Aug/2022:20:17:17 +0000] "POST / HTTP/1.1" 404 140 "-" "python-requests/2.27.1"
::ffff:46.161.11.238 - - [14/Aug/2022:20:17:47 +0000] "GET / HTTP/1.0" 200 58071 "http://wadokikai.org/" "Mozilla/5.0 (Windows NT 10.0; Win64; x64) AppleWebKit/537.36 (KHTML, like Gecko) Chrome/83.0.4103.61 Safari/537.36 Edg/83.0.478.37"
::ffff:46.161.11.238 - - [14/Aug/2022:20:17:48 +0000] "POST /sendemail HTTP/1.0" 302 39 "http://wadokikai.org/" "Mozilla/5.0 (Windows NT 10.0; Win64; x64) AppleWebKit/537.36 (KHTML, like Gecko) Chrome/83.0.4103.61 Safari/537.36 Edg/83.0.478.37"
::ffff:46.161.11.238 - - [14/Aug/2022:20:17:49 +0000] "GET /?msg=sent HTTP/1.0" 200 58471 "http://wadokikai.org/?msg=sent#signup" "Mozilla/5.0 (Windows NT 10.0; Win64; x64) AppleWebKit/537.36 (KHTML, like Gecko) Chrome/83.0.4103.61 Safari/537.36 Edg/83.0.478.37"
::ffff:157.55.39.81 - - [14/Aug/2022:20:22:35 +0000] "GET /style.html HTTP/1.1" 404 149 "-" "Mozilla/5.0 AppleWebKit/537.36 (KHTML, like Gecko; compatible; bingbot/2.0; +http://www.bing.com/bingbot.htm) Chrome/103.0.5060.134 Safari/537.36"
::ffff:45.77.239.190 - - [14/Aug/2022:20:23:35 +0000] "GET /.env HTTP/1.1" 404 143 "-" "Mozilla/5.0 (X11; Linux x86_64) AppleWebKit/537.36 (KHTML, like Gecko) Chrome/81.0.4044.129 Safari/537.36"
::ffff:45.77.239.190 - - [14/Aug/2022:20:23:35 +0000] "POST / HTTP/1.1" 404 140 "-" "Mozilla/5.0 (X11; Linux x86_64) AppleWebKit/537.36 (KHTML, like Gecko) Chrome/81.0.4044.129 Safari/537.36"
::ffff:73.63.134.158 - - [14/Aug/2022:20:29:40 +0000] "GET / HTTP/1.1" 200 58071 "-" "Mozilla/5.0 (iPhone; CPU iPhone OS 15_6 like Mac OS X) AppleWebKit/605.1.15 (KHTML, like Gecko) Version/15.6 Mobile/15E148 Safari/604.1"
::ffff:73.63.134.158 - - [14/Aug/2022:20:29:40 +0000] "GET /css/wadokikai.css HTTP/1.1" 200 4337 "http://wadokikai.org/" "Mozilla/5.0 (iPhone; CPU iPhone OS 15_6 like Mac OS X) AppleWebKit/605.1.15 (KHTML, like Gecko) Version/15.6 Mobile/15E148 Safari/604.1"
::ffff:73.63.134.158 - - [14/Aug/2022:20:29:40 +0000] "GET /js/common.js HTTP/1.1" 200 2255 "http://wadokikai.org/" "Mozilla/5.0 (iPhone; CPU iPhone OS 15_6 like Mac OS X) AppleWebKit/605.1.15 (KHTML, like Gecko) Version/15.6 Mobile/15E148 Safari/604.1"
::ffff:73.63.134.158 - - [14/Aug/2022:20:29:40 +0000] "GET /images/wkkpatch22_med.png HTTP/1.1" 200 32301 "http://wadokikai.org/" "Mozilla/5.0 (iPhone; CPU iPhone OS 15_6 like Mac OS X) AppleWebKit/605.1.15 (KHTML, like Gecko) Version/15.6 Mobile/15E148 Safari/604.1"
::ffff:73.63.134.158 - - [14/Aug/2022:20:29:40 +0000] "GET /images/schools/marinkaratedomap.jpg HTTP/1.1" 304 - "http://wadokikai.org/" "Mozilla/5.0 (iPhone; CPU iPhone OS 15_6 like Mac OS X) AppleWebKit/605.1.15 (KHTML, like Gecko) Version/15.6 Mobile/15E148 Safari/604.1"
::ffff:73.63.134.158 - - [14/Aug/2022:20:29:40 +0000] "GET /images/schools/martinezkaratedomap.jpg HTTP/1.1" 304 - "http://wadokikai.org/" "Mozilla/5.0 (iPhone; CPU iPhone OS 15_6 like Mac OS X) AppleWebKit/605.1.15 (KHTML, like Gecko) Version/15.6 Mobile/15E148 Safari/604.1"
::ffff:73.63.134.158 - - [14/Aug/2022:20:29:40 +0000] "GET /images/marin5thDan.jpeg HTTP/1.1" 200 105451 "http://wadokikai.org/" "Mozilla/5.0 (iPhone; CPU iPhone OS 15_6 like Mac OS X) AppleWebKit/605.1.15 (KHTML, like Gecko) Version/15.6 Mobile/15E148 Safari/604.1"
::ffff:73.63.134.158 - - [14/Aug/2022:20:29:40 +0000] "GET /images/promotions/20220728corpuz.jpg HTTP/1.1" 200 108218 "http://wadokikai.org/" "Mozilla/5.0 (iPhone; CPU iPhone OS 15_6 like Mac OS X) AppleWebKit/605.1.15 (KHTML, like Gecko) Version/15.6 Mobile/15E148 Safari/604.1"
::ffff:73.63.134.158 - - [14/Aug/2022:20:29:40 +0000] "GET /images/schools/alamedakaratedomap.jpg HTTP/1.1" 200 38311 "http://wadokikai.org/" "Mozilla/5.0 (iPhone; CPU iPhone OS 15_6 like Mac OS X) AppleWebKit/605.1.15 (KHTML, like Gecko) Version/15.6 Mobile/15E148 Safari/604.1"
::ffff:73.63.134.158 - - [14/Aug/2022:20:29:40 +0000] "GET /images/schools/orindakaratedomap.jpg HTTP/1.1" 200 34167 "http://wadokikai.org/" "Mozilla/5.0 (iPhone; CPU iPhone OS 15_6 like Mac OS X) AppleWebKit/605.1.15 (KHTML, like Gecko) Version/15.6 Mobile/15E148 Safari/604.1"
::ffff:73.63.134.158 - - [14/Aug/2022:20:29:40 +0000] "GET /images/schools/dcakaratedomap.jpg HTTP/1.1" 200 35262 "http://wadokikai.org/" "Mozilla/5.0 (iPhone; CPU iPhone OS 15_6 like Mac OS X) AppleWebKit/605.1.15 (KHTML, like Gecko) Version/15.6 Mobile/15E148 Safari/604.1"
::ffff:73.63.134.158 - - [14/Aug/2022:20:29:41 +0000] "GET /images/schools/harborbaykaratedomap.jpg HTTP/1.1" 200 37245 "http://wadokikai.org/" "Mozilla/5.0 (iPhone; CPU iPhone OS 15_6 like Mac OS X) AppleWebKit/605.1.15 (KHTML, like Gecko) Version/15.6 Mobile/15E148 Safari/604.1"
::ffff:73.63.134.158 - - [14/Aug/2022:20:29:41 +0000] "GET /images/schools/corpuzkaratedomap.jpg HTTP/1.1" 200 36421 "http://wadokikai.org/" "Mozilla/5.0 (iPhone; CPU iPhone OS 15_6 like Mac OS X) AppleWebKit/605.1.15 (KHTML, like Gecko) Version/15.6 Mobile/15E148 Safari/604.1"
::ffff:73.63.134.158 - - [14/Aug/2022:20:29:41 +0000] "GET /images/schools/nunleykaratedomap.jpg HTTP/1.1" 200 42667 "http://wadokikai.org/" "Mozilla/5.0 (iPhone; CPU iPhone OS 15_6 like Mac OS X) AppleWebKit/605.1.15 (KHTML, like Gecko) Version/15.6 Mobile/15E148 Safari/604.1"
::ffff:73.63.134.158 - - [14/Aug/2022:20:29:41 +0000] "GET /images/schools/earhartkaratedomap.jpg HTTP/1.1" 200 41366 "http://wadokikai.org/" "Mozilla/5.0 (iPhone; CPU iPhone OS 15_6 like Mac OS X) AppleWebKit/605.1.15 (KHTML, like Gecko) Version/15.6 Mobile/15E148 Safari/604.1"
::ffff:73.63.134.158 - - [14/Aug/2022:20:29:41 +0000] "GET /images/dragon-trans.png HTTP/1.1" 304 - "http://wadokikai.org/" "Mozilla/5.0 (iPhone; CPU iPhone OS 15_6 like Mac OS X) AppleWebKit/605.1.15 (KHTML, like Gecko) Version/15.6 Mobile/15E148 Safari/604.1"
::ffff:73.63.134.158 - - [14/Aug/2022:20:29:41 +0000] "GET /images/schools/manzanitakaratedomap.jpg HTTP/1.1" 200 55402 "http://wadokikai.org/" "Mozilla/5.0 (iPhone; CPU iPhone OS 15_6 like Mac OS X) AppleWebKit/605.1.15 (KHTML, like Gecko) Version/15.6 Mobile/15E148 Safari/604.1"
::ffff:73.63.134.158 - - [14/Aug/2022:20:29:41 +0000] "GET /images/tournaments/NKDTournament.pdf HTTP/1.1" 200 3770165 "http://wadokikai.org/" "Mozilla/5.0 (iPhone; CPU iPhone OS 15_6 like Mac OS X) AppleWebKit/605.1.15 (KHTML, like Gecko) Version/15.6 Mobile/15E148 Safari/604.1"
::ffff:73.63.134.158 - - [14/Aug/2022:20:29:42 +0000] "GET /images/favicon.ico HTTP/1.1" 200 3638 "http://wadokikai.org/" "Mozilla/5.0 (iPhone; CPU iPhone OS 15_6 like Mac OS X) AppleWebKit/605.1.15 (KHTML, like Gecko) Version/15.6 Mobile/15E148 Safari/604.1"
::ffff:73.63.134.158 - - [14/Aug/2022:20:29:44 +0000] "GET /images/tiger.bmp HTTP/1.1" 304 - "http://wadokikai.org/" "Mozilla/5.0 (iPhone; CPU iPhone OS 15_6 like Mac OS X) AppleWebKit/605.1.15 (KHTML, like Gecko) Version/15.6 Mobile/15E148 Safari/604.1"
::ffff:73.63.134.158 - - [14/Aug/2022:20:29:48 +0000] "GET /images/wadokikai%20kanji.jpg HTTP/1.1" 200 35066 "http://wadokikai.org/" "Mozilla/5.0 (iPhone; CPU iPhone OS 15_6 like Mac OS X) AppleWebKit/605.1.15 (KHTML, like Gecko) Version/15.6 Mobile/15E148 Safari/604.1"
::ffff:73.63.134.158 - - [14/Aug/2022:20:31:08 +0000] "GET / HTTP/1.1" 200 58071 "https://www.ecosia.org/" "Mozilla/5.0 (Windows NT 10.0; Win64; x64) AppleWebKit/537.36 (KHTML, like Gecko) Chrome/101.0.4951.67 Safari/537.36"
::ffff:52.39.236.255 - - [14/Aug/2022:20:31:08 +0000] "GET / HTTP/1.1" 200 58071 "-" "Mozilla/5.0 (Windows NT 6.1; Win64; x64) AppleWebKit/537.36 (KHTML, like Gecko) Chrome/72.0.3626.109 Safari/537.36"
::ffff:73.63.134.158 - - [14/Aug/2022:20:31:12 +0000] "GET / HTTP/1.1" 200 58071 "https://www.ecosia.org/" "Mozilla/5.0 (Windows NT 10.0; Win64; x64) AppleWebKit/537.36 (KHTML, like Gecko) Chrome/101.0.4951.67 Safari/537.36"
::ffff:18.237.201.89 - - [14/Aug/2022:20:31:12 +0000] "GET / HTTP/1.1" 200 58071 "-" "Mozilla/5.0 (Windows NT 6.1; Win64; x64) AppleWebKit/537.36 (KHTML, like Gecko) Chrome/72.0.3626.109 Safari/537.36"
::ffff:73.63.134.158 - - [14/Aug/2022:20:31:12 +0000] "GET /css/wadokikai.css HTTP/1.1" 200 4337 "http://wadokikai.org/" "Mozilla/5.0 (Windows NT 10.0; Win64; x64) AppleWebKit/537.36 (KHTML, like Gecko) Chrome/101.0.4951.67 Safari/537.36"
::ffff:73.63.134.158 - - [14/Aug/2022:20:31:12 +0000] "GET /js/common.js HTTP/1.1" 200 2255 "http://wadokikai.org/" "Mozilla/5.0 (Windows NT 10.0; Win64; x64) AppleWebKit/537.36 (KHTML, like Gecko) Chrome/101.0.4951.67 Safari/537.36"
::ffff:73.63.134.158 - - [14/Aug/2022:20:31:13 +0000] "GET /images/wkkpatch22_med.png HTTP/1.1" 200 32301 "http://wadokikai.org/" "Mozilla/5.0 (Windows NT 10.0; Win64; x64) AppleWebKit/537.36 (KHTML, like Gecko) Chrome/101.0.4951.67 Safari/537.36"
::ffff:35.86.96.148 - - [14/Aug/2022:20:31:13 +0000] "GET /js/common.js HTTP/1.1" 200 2255 "-" "Mozilla/5.0 (Windows NT 6.1; Win64; x64) AppleWebKit/537.36 (KHTML, like Gecko) Chrome/72.0.3626.109 Safari/537.36"
::ffff:73.63.134.158 - - [14/Aug/2022:20:31:13 +0000] "GET /images/schools/alamedakaratedomap.jpg HTTP/1.1" 200 38311 "http://wadokikai.org/" "Mozilla/5.0 (Windows NT 10.0; Win64; x64) AppleWebKit/537.36 (KHTML, like Gecko) Chrome/101.0.4951.67 Safari/537.36"
::ffff:73.63.134.158 - - [14/Aug/2022:20:31:13 +0000] "GET /images/schools/orindakaratedomap.jpg HTTP/1.1" 200 34167 "http://wadokikai.org/" "Mozilla/5.0 (Windows NT 10.0; Win64; x64) AppleWebKit/537.36 (KHTML, like Gecko) Chrome/101.0.4951.67 Safari/537.36"
::ffff:73.63.134.158 - - [14/Aug/2022:20:31:13 +0000] "GET /images/schools/dcakaratedomap.jpg HTTP/1.1" 200 35262 "http://wadokikai.org/" "Mozilla/5.0 (Windows NT 10.0; Win64; x64) AppleWebKit/537.36 (KHTML, like Gecko) Chrome/101.0.4951.67 Safari/537.36"
::ffff:73.63.134.158 - - [14/Aug/2022:20:31:13 +0000] "GET /images/promotions/20220728corpuz.jpg HTTP/1.1" 200 108218 "http://wadokikai.org/" "Mozilla/5.0 (Windows NT 10.0; Win64; x64) AppleWebKit/537.36 (KHTML, like Gecko) Chrome/101.0.4951.67 Safari/537.36"
::ffff:73.63.134.158 - - [14/Aug/2022:20:31:13 +0000] "GET /images/marin5thDan.jpeg HTTP/1.1" 200 105451 "http://wadokikai.org/" "Mozilla/5.0 (Windows NT 10.0; Win64; x64) AppleWebKit/537.36 (KHTML, like Gecko) Chrome/101.0.4951.67 Safari/537.36"
::ffff:73.63.134.158 - - [14/Aug/2022:20:31:13 +0000] "GET /images/schools/harborbaykaratedomap.jpg HTTP/1.1" 200 37245 "http://wadokikai.org/" "Mozilla/5.0 (Windows NT 10.0; Win64; x64) AppleWebKit/537.36 (KHTML, like Gecko) Chrome/101.0.4951.67 Safari/537.36"
::ffff:73.63.134.158 - - [14/Aug/2022:20:31:13 +0000] "GET /images/schools/corpuzkaratedomap.jpg HTTP/1.1" 200 36421 "http://wadokikai.org/" "Mozilla/5.0 (Windows NT 10.0; Win64; x64) AppleWebKit/537.36 (KHTML, like Gecko) Chrome/101.0.4951.67 Safari/537.36"
::ffff:34.215.251.106 - - [14/Aug/2022:20:31:13 +0000] "GET /images/tournaments/NKDTournament.pdf HTTP/1.1" 200 3770165 "-" "Mozilla/5.0 (Windows NT 6.1; Win64; x64) AppleWebKit/537.36 (KHTML, like Gecko) Chrome/72.0.3626.109 Safari/537.36"
::ffff:73.63.134.158 - - [14/Aug/2022:20:31:13 +0000] "GET /images/schools/nunleykaratedomap.jpg HTTP/1.1" 200 42667 "http://wadokikai.org/" "Mozilla/5.0 (Windows NT 10.0; Win64; x64) AppleWebKit/537.36 (KHTML, like Gecko) Chrome/101.0.4951.67 Safari/537.36"
::ffff:73.63.134.158 - - [14/Aug/2022:20:31:13 +0000] "GET /images/schools/marinkaratedomap.jpg HTTP/1.1" 200 32400 "http://wadokikai.org/" "Mozilla/5.0 (Windows NT 10.0; Win64; x64) AppleWebKit/537.36 (KHTML, like Gecko) Chrome/101.0.4951.67 Safari/537.36"
::ffff:73.63.134.158 - - [14/Aug/2022:20:31:13 +0000] "GET /images/schools/earhartkaratedomap.jpg HTTP/1.1" 200 41366 "http://wadokikai.org/" "Mozilla/5.0 (Windows NT 10.0; Win64; x64) AppleWebKit/537.36 (KHTML, like Gecko) Chrome/101.0.4951.67 Safari/537.36"
::ffff:73.63.134.158 - - [14/Aug/2022:20:31:13 +0000] "GET /images/schools/martinezkaratedomap.jpg HTTP/1.1" 200 37724 "http://wadokikai.org/" "Mozilla/5.0 (Windows NT 10.0; Win64; x64) AppleWebKit/537.36 (KHTML, like Gecko) Chrome/101.0.4951.67 Safari/537.36"
::ffff:73.63.134.158 - - [14/Aug/2022:20:31:13 +0000] "GET /images/schools/manzanitakaratedomap.jpg HTTP/1.1" 200 55402 "http://wadokikai.org/" "Mozilla/5.0 (Windows NT 10.0; Win64; x64) AppleWebKit/537.36 (KHTML, like Gecko) Chrome/101.0.4951.67 Safari/537.36"
::ffff:73.63.134.158 - - [14/Aug/2022:20:31:13 +0000] "GET /images/dragon-trans.png HTTP/1.1" 200 85661 "http://wadokikai.org/" "Mozilla/5.0 (Windows NT 10.0; Win64; x64) AppleWebKit/537.36 (KHTML, like Gecko) Chrome/101.0.4951.67 Safari/537.36"
::ffff:73.63.134.158 - - [14/Aug/2022:20:31:14 +0000] "GET /images/favicon.ico HTTP/1.1" 200 3638 "http://wadokikai.org/" "Mozilla/5.0 (Windows NT 10.0; Win64; x64) AppleWebKit/537.36 (KHTML, like Gecko) Chrome/101.0.4951.67 Safari/537.36"
::ffff:34.218.75.82 - - [14/Aug/2022:20:31:14 +0000] "GET /images/favicon.ico HTTP/1.1" 200 3638 "-" "Mozilla/5.0 (Windows NT 6.1; Win64; x64) AppleWebKit/537.36 (KHTML, like Gecko) Chrome/72.0.3626.109 Safari/537.36"
::ffff:73.63.134.158 - - [14/Aug/2022:20:31:15 +0000] "GET /images/tournaments/NKDTournament.pdf HTTP/1.1" 200 3770165 "http://wadokikai.org/" "Mozilla/5.0 (Windows NT 10.0; Win64; x64) AppleWebKit/537.36 (KHTML, like Gecko) Chrome/101.0.4951.67 Safari/537.36"
::ffff:73.63.134.158 - - [14/Aug/2022:20:31:17 +0000] "GET /images/tiger.bmp HTTP/1.1" 200 311274 "http://wadokikai.org/" "Mozilla/5.0 (Windows NT 10.0; Win64; x64) AppleWebKit/537.36 (KHTML, like Gecko) Chrome/101.0.4951.67 Safari/537.36"
::ffff:73.63.134.158 - - [14/Aug/2022:20:31:20 +0000] "GET /css/wadokikai.css HTTP/1.1" 304 - "http://wadokikai.org/resources" "Mozilla/5.0 (Windows NT 10.0; Win64; x64) AppleWebKit/537.36 (KHTML, like Gecko) Chrome/101.0.4951.67 Safari/537.36"
::ffff:73.63.134.158 - - [14/Aug/2022:20:31:20 +0000] "GET /images/wkkpatch22_med.png HTTP/1.1" 304 - "http://wadokikai.org/resources" "Mozilla/5.0 (Windows NT 10.0; Win64; x64) AppleWebKit/537.36 (KHTML, like Gecko) Chrome/101.0.4951.67 Safari/537.36"
::ffff:73.63.134.158 - - [14/Aug/2022:20:31:20 +0000] "GET /resources HTTP/1.1" 200 194907 "http://wadokikai.org/" "Mozilla/5.0 (Windows NT 10.0; Win64; x64) AppleWebKit/537.36 (KHTML, like Gecko) Chrome/101.0.4951.67 Safari/537.36"
::ffff:73.63.134.158 - - [14/Aug/2022:20:31:20 +0000] "GET /images/JohnArce.jpg HTTP/1.1" 200 13951 "http://wadokikai.org/resources" "Mozilla/5.0 (Windows NT 10.0; Win64; x64) AppleWebKit/537.36 (KHTML, like Gecko) Chrome/101.0.4951.67 Safari/537.36"
::ffff:73.63.134.158 - - [14/Aug/2022:20:31:20 +0000] "GET /images/books/MBS2.jpg HTTP/1.1" 200 15317 "http://wadokikai.org/resources" "Mozilla/5.0 (Windows NT 10.0; Win64; x64) AppleWebKit/537.36 (KHTML, like Gecko) Chrome/101.0.4951.67 Safari/537.36"
::ffff:73.63.134.158 - - [14/Aug/2022:20:31:20 +0000] "GET /images/tm.jpg HTTP/1.1" 200 25020 "http://wadokikai.org/resources" "Mozilla/5.0 (Windows NT 10.0; Win64; x64) AppleWebKit/537.36 (KHTML, like Gecko) Chrome/101.0.4951.67 Safari/537.36"
::ffff:73.63.134.158 - - [14/Aug/2022:20:31:20 +0000] "GET /images/books/MBS.gif HTTP/1.1" 200 13195 "http://wadokikai.org/resources" "Mozilla/5.0 (Windows NT 10.0; Win64; x64) AppleWebKit/537.36 (KHTML, like Gecko) Chrome/101.0.4951.67 Safari/537.36"
::ffff:73.63.134.158 - - [14/Aug/2022:20:31:20 +0000] "GET /images/books/karatebook.jpg HTTP/1.1" 200 7644 "http://wadokikai.org/resources" "Mozilla/5.0 (Windows NT 10.0; Win64; x64) AppleWebKit/537.36 (KHTML, like Gecko) Chrome/101.0.4951.67 Safari/537.36"
::ffff:73.63.134.158 - - [14/Aug/2022:20:31:20 +0000] "GET /images/books/ZenMeditation.jpg HTTP/1.1" 200 3760 "http://wadokikai.org/resources" "Mozilla/5.0 (Windows NT 10.0; Win64; x64) AppleWebKit/537.36 (KHTML, like Gecko) Chrome/101.0.4951.67 Safari/537.36"
::ffff:73.63.134.158 - - [14/Aug/2022:20:31:20 +0000] "GET /images/books/dummies.jpg HTTP/1.1" 200 3631 "http://wadokikai.org/resources" "Mozilla/5.0 (Windows NT 10.0; Win64; x64) AppleWebKit/537.36 (KHTML, like Gecko) Chrome/101.0.4951.67 Safari/537.36"
::ffff:73.63.134.158 - - [14/Aug/2022:20:31:20 +0000] "GET /images/books/dojoWisdom.jpg HTTP/1.1" 200 2813 "http://wadokikai.org/resources" "Mozilla/5.0 (Windows NT 10.0; Win64; x64) AppleWebKit/537.36 (KHTML, like Gecko) Chrome/101.0.4951.67 Safari/537.36"
::ffff:73.63.134.158 - - [14/Aug/2022:20:31:20 +0000] "GET /images/books/KarateDoZen.jpg HTTP/1.1" 200 2677 "http://wadokikai.org/resources" "Mozilla/5.0 (Windows NT 10.0; Win64; x64) AppleWebKit/537.36 (KHTML, like Gecko) Chrome/101.0.4951.67 Safari/537.36"
::ffff:73.63.134.158 - - [14/Aug/2022:20:31:20 +0000] "GET /images/books/shotokanSecrets.jpg HTTP/1.1" 200 4046 "http://wadokikai.org/resources" "Mozilla/5.0 (Windows NT 10.0; Win64; x64) AppleWebKit/537.36 (KHTML, like Gecko) Chrome/101.0.4951.67 Safari/537.36"
::ffff:73.63.134.158 - - [14/Aug/2022:20:31:20 +0000] "GET /images/books/bookoffiverings.jpg HTTP/1.1" 200 2940 "http://wadokikai.org/resources" "Mozilla/5.0 (Windows NT 10.0; Win64; x64) AppleWebKit/537.36 (KHTML, like Gecko) Chrome/101.0.4951.67 Safari/537.36"
::ffff:73.63.134.158 - - [14/Aug/2022:20:31:20 +0000] "GET /js/common.js HTTP/1.1" 304 - "http://wadokikai.org/resources" "Mozilla/5.0 (Windows NT 10.0; Win64; x64) AppleWebKit/537.36 (KHTML, like Gecko) Chrome/101.0.4951.67 Safari/537.36"
::ffff:73.63.134.158 - - [14/Aug/2022:20:31:20 +0000] "GET /images/books/bobook.gif HTTP/1.1" 200 6919 "http://wadokikai.org/resources" "Mozilla/5.0 (Windows NT 10.0; Win64; x64) AppleWebKit/537.36 (KHTML, like Gecko) Chrome/101.0.4951.67 Safari/537.36"
::ffff:73.63.134.158 - - [14/Aug/2022:20:31:20 +0000] "GET /images/books/guide20.jpg HTTP/1.1" 200 1934 "http://wadokikai.org/resources" "Mozilla/5.0 (Windows NT 10.0; Win64; x64) AppleWebKit/537.36 (KHTML, like Gecko) Chrome/101.0.4951.67 Safari/537.36"
::ffff:73.63.134.158 - - [14/Aug/2022:20:31:20 +0000] "GET /images/books/saibook.jpg HTTP/1.1" 200 3043 "http://wadokikai.org/resources" "Mozilla/5.0 (Windows NT 10.0; Win64; x64) AppleWebKit/537.36 (KHTML, like Gecko) Chrome/101.0.4951.67 Safari/537.36"
::ffff:73.63.134.158 - - [14/Aug/2022:20:31:20 +0000] "GET /images/books/karatedo.jpg HTTP/1.1" 200 3442 "http://wadokikai.org/resources" "Mozilla/5.0 (Windows NT 10.0; Win64; x64) AppleWebKit/537.36 (KHTML, like Gecko) Chrome/101.0.4951.67 Safari/537.36"
::ffff:73.63.134.158 - - [14/Aug/2022:20:31:20 +0000] "GET /images/books/emptyHand.jpg HTTP/1.1" 200 12021 "http://wadokikai.org/resources" "Mozilla/5.0 (Windows NT 10.0; Win64; x64) AppleWebKit/537.36 (KHTML, like Gecko) Chrome/101.0.4951.67 Safari/537.36"
::ffff:73.63.134.158 - - [14/Aug/2022:20:31:20 +0000] "GET /images/books/movingzen.jpg HTTP/1.1" 200 3578 "http://wadokikai.org/resources" "Mozilla/5.0 (Windows NT 10.0; Win64; x64) AppleWebKit/537.36 (KHTML, like Gecko) Chrome/101.0.4951.67 Safari/537.36"
::ffff:73.63.134.158 - - [14/Aug/2022:20:31:20 +0000] "GET /images/books/karatedojo.jpg HTTP/1.1" 200 3457 "http://wadokikai.org/resources" "Mozilla/5.0 (Windows NT 10.0; Win64; x64) AppleWebKit/537.36 (KHTML, like Gecko) Chrome/101.0.4951.67 Safari/537.36"
::ffff:73.63.134.158 - - [14/Aug/2022:20:31:21 +0000] "GET /images/books/grappingmethod.jpg HTTP/1.1" 200 4025 "http://wadokikai.org/resources" "Mozilla/5.0 (Windows NT 10.0; Win64; x64) AppleWebKit/537.36 (KHTML, like Gecko) Chrome/101.0.4951.67 Safari/537.36"
::ffff:73.63.134.158 - - [14/Aug/2022:20:31:21 +0000] "GET /images/books/artofwar.jpg HTTP/1.1" 200 22573 "http://wadokikai.org/resources" "Mozilla/5.0 (Windows NT 10.0; Win64; x64) AppleWebKit/537.36 (KHTML, like Gecko) Chrome/101.0.4951.67 Safari/537.36"
::ffff:73.63.134.158 - - [14/Aug/2022:20:31:21 +0000] "GET /images/dragon-trans.png HTTP/1.1" 304 - "http://wadokikai.org/resources" "Mozilla/5.0 (Windows NT 10.0; Win64; x64) AppleWebKit/537.36 (KHTML, like Gecko) Chrome/101.0.4951.67 Safari/537.36"
::ffff:73.63.134.158 - - [14/Aug/2022:20:31:22 +0000] "GET /images/favicon.ico HTTP/1.1" 304 - "http://wadokikai.org/resources" "Mozilla/5.0 (Windows NT 10.0; Win64; x64) AppleWebKit/537.36 (KHTML, like Gecko) Chrome/101.0.4951.67 Safari/537.36"
::ffff:73.63.134.158 - - [14/Aug/2022:20:31:24 +0000] "GET /images/tiger.bmp HTTP/1.1" 304 - "http://wadokikai.org/resources" "Mozilla/5.0 (Windows NT 10.0; Win64; x64) AppleWebKit/537.36 (KHTML, like Gecko) Chrome/101.0.4951.67 Safari/537.36"
::ffff:73.63.134.158 - - [14/Aug/2022:20:32:06 +0000] "GET /images/favicon.ico HTTP/1.1" 304 - "http://wadokikai.org/resources" "Mozilla/5.0 (Windows NT 10.0; Win64; x64) AppleWebKit/537.36 (KHTML, like Gecko) Chrome/101.0.4951.67 Safari/537.36"
::ffff:124.89.86.237 - - [14/Aug/2022:20:33:12 +0000] "GET / HTTP/1.1" 200 58071 "-" "-"
::ffff:157.55.39.81 - - [14/Aug/2022:20:35:17 +0000] "GET /style.html HTTP/1.1" 404 149 "-" "Mozilla/5.0 (compatible; bingbot/2.0; +http://www.bing.com/bingbot.htm)"
::ffff:73.63.134.158 - - [14/Aug/2022:20:36:27 +0000] "GET /resources HTTP/1.1" 304 - "http://wadokikai.org/resources" "Mozilla/5.0 (Windows NT 10.0; Win64; x64) AppleWebKit/537.36 (KHTML, like Gecko) Chrome/101.0.4951.67 Safari/537.36"
::ffff:73.63.134.158 - - [14/Aug/2022:20:36:27 +0000] "GET /css/wadokikai.css HTTP/1.1" 304 - "http://wadokikai.org/resources" "Mozilla/5.0 (Windows NT 10.0; Win64; x64) AppleWebKit/537.36 (KHTML, like Gecko) Chrome/101.0.4951.67 Safari/537.36"
::ffff:73.63.134.158 - - [14/Aug/2022:20:36:27 +0000] "GET /js/common.js HTTP/1.1" 304 - "http://wadokikai.org/resources" "Mozilla/5.0 (Windows NT 10.0; Win64; x64) AppleWebKit/537.36 (KHTML, like Gecko) Chrome/101.0.4951.67 Safari/537.36"
::ffff:73.63.134.158 - - [14/Aug/2022:20:36:27 +0000] "GET /images/wkkpatch22_med.png HTTP/1.1" 304 - "http://wadokikai.org/resources" "Mozilla/5.0 (Windows NT 10.0; Win64; x64) AppleWebKit/537.36 (KHTML, like Gecko) Chrome/101.0.4951.67 Safari/537.36"
::ffff:73.63.134.158 - - [14/Aug/2022:20:36:27 +0000] "GET /images/JohnArce.jpg HTTP/1.1" 304 - "http://wadokikai.org/resources" "Mozilla/5.0 (Windows NT 10.0; Win64; x64) AppleWebKit/537.36 (KHTML, like Gecko) Chrome/101.0.4951.67 Safari/537.36"
::ffff:73.63.134.158 - - [14/Aug/2022:20:36:27 +0000] "GET /images/tm.jpg HTTP/1.1" 304 - "http://wadokikai.org/resources" "Mozilla/5.0 (Windows NT 10.0; Win64; x64) AppleWebKit/537.36 (KHTML, like Gecko) Chrome/101.0.4951.67 Safari/537.36"
::ffff:73.63.134.158 - - [14/Aug/2022:20:36:27 +0000] "GET /images/books/MBS2.jpg HTTP/1.1" 304 - "http://wadokikai.org/resources" "Mozilla/5.0 (Windows NT 10.0; Win64; x64) AppleWebKit/537.36 (KHTML, like Gecko) Chrome/101.0.4951.67 Safari/537.36"
::ffff:73.63.134.158 - - [14/Aug/2022:20:36:27 +0000] "GET /images/books/karatebook.jpg HTTP/1.1" 304 - "http://wadokikai.org/resources" "Mozilla/5.0 (Windows NT 10.0; Win64; x64) AppleWebKit/537.36 (KHTML, like Gecko) Chrome/101.0.4951.67 Safari/537.36"
::ffff:73.63.134.158 - - [14/Aug/2022:20:36:27 +0000] "GET /images/books/MBS.gif HTTP/1.1" 304 - "http://wadokikai.org/resources" "Mozilla/5.0 (Windows NT 10.0; Win64; x64) AppleWebKit/537.36 (KHTML, like Gecko) Chrome/101.0.4951.67 Safari/537.36"
::ffff:73.63.134.158 - - [14/Aug/2022:20:36:27 +0000] "GET /images/books/ZenMeditation.jpg HTTP/1.1" 304 - "http://wadokikai.org/resources" "Mozilla/5.0 (Windows NT 10.0; Win64; x64) AppleWebKit/537.36 (KHTML, like Gecko) Chrome/101.0.4951.67 Safari/537.36"
::ffff:73.63.134.158 - - [14/Aug/2022:20:36:27 +0000] "GET /images/books/KarateDoZen.jpg HTTP/1.1" 304 - "http://wadokikai.org/resources" "Mozilla/5.0 (Windows NT 10.0; Win64; x64) AppleWebKit/537.36 (KHTML, like Gecko) Chrome/101.0.4951.67 Safari/537.36"
