::ffff:172.58.89.103 - - [12/Sep/2022:08:55:49 +0000] "GET /images/schools/earhartkaratedomap.jpg HTTP/1.1" 200 41366 "http://www.wadokikai.net/" "Mozilla/5.0 (Linux; Android 12; DE2118) AppleWebKit/537.36 (KHTML, like Gecko) Chrome/104.0.0.0 Mobile Safari/537.36"
::ffff:172.58.89.103 - - [12/Sep/2022:08:55:49 +0000] "GET /images/schools/manzanitakaratedomap.jpg HTTP/1.1" 200 55402 "http://www.wadokikai.net/" "Mozilla/5.0 (Linux; Android 12; DE2118) AppleWebKit/537.36 (KHTML, like Gecko) Chrome/104.0.0.0 Mobile Safari/537.36"
::ffff:172.58.89.103 - - [12/Sep/2022:08:55:49 +0000] "GET /images/schools/martinezkaratedomap.jpg HTTP/1.1" 200 37724 "http://www.wadokikai.net/" "Mozilla/5.0 (Linux; Android 12; DE2118) AppleWebKit/537.36 (KHTML, like Gecko) Chrome/104.0.0.0 Mobile Safari/537.36"
::ffff:172.58.89.103 - - [12/Sep/2022:08:55:49 +0000] "GET /images/dragon-trans.png HTTP/1.1" 200 85661 "http://www.wadokikai.net/" "Mozilla/5.0 (Linux; Android 12; DE2118) AppleWebKit/537.36 (KHTML, like Gecko) Chrome/104.0.0.0 Mobile Safari/537.36"
::ffff:172.58.89.103 - - [12/Sep/2022:08:55:49 +0000] "GET /images/favicon.ico HTTP/1.1" 200 3638 "http://www.wadokikai.net/" "Mozilla/5.0 (Linux; Android 12; DE2118) AppleWebKit/537.36 (KHTML, like Gecko) Chrome/104.0.0.0 Mobile Safari/537.36"
::ffff:172.58.89.103 - - [12/Sep/2022:08:55:52 +0000] "GET /images/tiger.bmp HTTP/1.1" 200 311274 "http://www.wadokikai.net/" "Mozilla/5.0 (Linux; Android 12; DE2118) AppleWebKit/537.36 (KHTML, like Gecko) Chrome/104.0.0.0 Mobile Safari/537.36"
::ffff:66.249.84.120 - - [12/Sep/2022:08:56:19 +0000] "GET /images/wkkpatch22_med.png HTTP/1.1" 200 32301 "-" "Mozilla/5.0 (Windows NT 5.1; rv:11.0) Gecko Firefox/11.0 (via ggpht.com GoogleImageProxy)"
::ffff:172.58.89.103 - - [12/Sep/2022:08:56:21 +0000] "GET / HTTP/1.1" 304 - "-" "Mozilla/5.0 (Linux; Android 12; DE2118) AppleWebKit/537.36 (KHTML, like Gecko) Chrome/104.0.0.0 Mobile Safari/537.36"
::ffff:172.58.89.103 - - [12/Sep/2022:08:56:21 +0000] "GET /css/wadokikai.css HTTP/1.1" 304 - "http://www.wadokikai.net/" "Mozilla/5.0 (Linux; Android 12; DE2118) AppleWebKit/537.36 (KHTML, like Gecko) Chrome/104.0.0.0 Mobile Safari/537.36"
::ffff:172.58.89.103 - - [12/Sep/2022:08:56:21 +0000] "GET /js/common.js HTTP/1.1" 304 - "http://www.wadokikai.net/" "Mozilla/5.0 (Linux; Android 12; DE2118) AppleWebKit/537.36 (KHTML, like Gecko) Chrome/104.0.0.0 Mobile Safari/537.36"
::ffff:172.58.89.103 - - [12/Sep/2022:08:56:21 +0000] "GET /images/wkkpatch22_med.png HTTP/1.1" 304 - "http://www.wadokikai.net/" "Mozilla/5.0 (Linux; Android 12; DE2118) AppleWebKit/537.36 (KHTML, like Gecko) Chrome/104.0.0.0 Mobile Safari/537.36"
::ffff:172.58.89.103 - - [12/Sep/2022:08:56:21 +0000] "GET /images/schools/alamedakaratedomap.jpg HTTP/1.1" 304 - "http://www.wadokikai.net/" "Mozilla/5.0 (Linux; Android 12; DE2118) AppleWebKit/537.36 (KHTML, like Gecko) Chrome/104.0.0.0 Mobile Safari/537.36"
::ffff:172.58.89.103 - - [12/Sep/2022:08:56:21 +0000] "GET /images/schools/orindakaratedomap.jpg HTTP/1.1" 304 - "http://www.wadokikai.net/" "Mozilla/5.0 (Linux; Android 12; DE2118) AppleWebKit/537.36 (KHTML, like Gecko) Chrome/104.0.0.0 Mobile Safari/537.36"
::ffff:172.58.89.103 - - [12/Sep/2022:08:56:21 +0000] "GET /images/schools/dcakaratedomap.jpg HTTP/1.1" 304 - "http://www.wadokikai.net/" "Mozilla/5.0 (Linux; Android 12; DE2118) AppleWebKit/537.36 (KHTML, like Gecko) Chrome/104.0.0.0 Mobile Safari/537.36"
::ffff:172.58.89.103 - - [12/Sep/2022:08:56:21 +0000] "GET /images/schools/harborbaykaratedomap.jpg HTTP/1.1" 304 - "http://www.wadokikai.net/" "Mozilla/5.0 (Linux; Android 12; DE2118) AppleWebKit/537.36 (KHTML, like Gecko) Chrome/104.0.0.0 Mobile Safari/537.36"
::ffff:172.58.89.103 - - [12/Sep/2022:08:56:21 +0000] "GET /images/schools/corpuzkaratedomap.jpg HTTP/1.1" 304 - "http://www.wadokikai.net/" "Mozilla/5.0 (Linux; Android 12; DE2118) AppleWebKit/537.36 (KHTML, like Gecko) Chrome/104.0.0.0 Mobile Safari/537.36"
::ffff:172.58.89.103 - - [12/Sep/2022:08:56:21 +0000] "GET /images/schools/nunleykaratedomap.jpg HTTP/1.1" 304 - "http://www.wadokikai.net/" "Mozilla/5.0 (Linux; Android 12; DE2118) AppleWebKit/537.36 (KHTML, like Gecko) Chrome/104.0.0.0 Mobile Safari/537.36"
::ffff:172.58.89.103 - - [12/Sep/2022:08:56:21 +0000] "GET /images/schools/marinkaratedomap.jpg HTTP/1.1" 304 - "http://www.wadokikai.net/" "Mozilla/5.0 (Linux; Android 12; DE2118) AppleWebKit/537.36 (KHTML, like Gecko) Chrome/104.0.0.0 Mobile Safari/537.36"
::ffff:172.58.89.103 - - [12/Sep/2022:08:56:21 +0000] "GET /images/schools/earhartkaratedomap.jpg HTTP/1.1" 304 - "http://www.wadokikai.net/" "Mozilla/5.0 (Linux; Android 12; DE2118) AppleWebKit/537.36 (KHTML, like Gecko) Chrome/104.0.0.0 Mobile Safari/537.36"
::ffff:172.58.89.103 - - [12/Sep/2022:08:56:21 +0000] "GET /images/schools/martinezkaratedomap.jpg HTTP/1.1" 304 - "http://www.wadokikai.net/" "Mozilla/5.0 (Linux; Android 12; DE2118) AppleWebKit/537.36 (KHTML, like Gecko) Chrome/104.0.0.0 Mobile Safari/537.36"
::ffff:172.58.89.103 - - [12/Sep/2022:08:56:21 +0000] "GET /images/schools/manzanitakaratedomap.jpg HTTP/1.1" 304 - "http://www.wadokikai.net/" "Mozilla/5.0 (Linux; Android 12; DE2118) AppleWebKit/537.36 (KHTML, like Gecko) Chrome/104.0.0.0 Mobile Safari/537.36"
::ffff:172.58.89.103 - - [12/Sep/2022:08:56:21 +0000] "GET /images/dragon-trans.png HTTP/1.1" 304 - "http://www.wadokikai.net/" "Mozilla/5.0 (Linux; Android 12; DE2118) AppleWebKit/537.36 (KHTML, like Gecko) Chrome/104.0.0.0 Mobile Safari/537.36"
::ffff:172.58.89.103 - - [12/Sep/2022:08:56:25 +0000] "GET /images/tiger.bmp HTTP/1.1" 304 - "http://www.wadokikai.net/" "Mozilla/5.0 (Linux; Android 12; DE2118) AppleWebKit/537.36 (KHTML, like Gecko) Chrome/104.0.0.0 Mobile Safari/537.36"
::ffff:172.58.89.103 - - [12/Sep/2022:08:56:27 +0000] "GET /resources HTTP/1.1" 200 194907 "http://www.wadokikai.net/" "Mozilla/5.0 (Linux; Android 12; DE2118) AppleWebKit/537.36 (KHTML, like Gecko) Chrome/104.0.0.0 Mobile Safari/537.36"
::ffff:172.58.89.103 - - [12/Sep/2022:08:56:27 +0000] "GET /css/wadokikai.css HTTP/1.1" 304 - "http://www.wadokikai.net/resources" "Mozilla/5.0 (Linux; Android 12; DE2118) AppleWebKit/537.36 (KHTML, like Gecko) Chrome/104.0.0.0 Mobile Safari/537.36"
::ffff:172.58.89.103 - - [12/Sep/2022:08:56:27 +0000] "GET /js/common.js HTTP/1.1" 304 - "http://www.wadokikai.net/resources" "Mozilla/5.0 (Linux; Android 12; DE2118) AppleWebKit/537.36 (KHTML, like Gecko) Chrome/104.0.0.0 Mobile Safari/537.36"
::ffff:172.58.89.103 - - [12/Sep/2022:08:56:27 +0000] "GET /images/JohnArce.jpg HTTP/1.1" 200 13951 "http://www.wadokikai.net/resources" "Mozilla/5.0 (Linux; Android 12; DE2118) AppleWebKit/537.36 (KHTML, like Gecko) Chrome/104.0.0.0 Mobile Safari/537.36"
::ffff:172.58.89.103 - - [12/Sep/2022:08:56:27 +0000] "GET /images/wkkpatch22_med.png HTTP/1.1" 304 - "http://www.wadokikai.net/resources" "Mozilla/5.0 (Linux; Android 12; DE2118) AppleWebKit/537.36 (KHTML, like Gecko) Chrome/104.0.0.0 Mobile Safari/537.36"
::ffff:172.58.89.103 - - [12/Sep/2022:08:56:27 +0000] "GET /images/tm.jpg HTTP/1.1" 200 25020 "http://www.wadokikai.net/resources" "Mozilla/5.0 (Linux; Android 12; DE2118) AppleWebKit/537.36 (KHTML, like Gecko) Chrome/104.0.0.0 Mobile Safari/537.36"
::ffff:172.58.89.103 - - [12/Sep/2022:08:56:27 +0000] "GET /images/books/MBS.gif HTTP/1.1" 200 13195 "http://www.wadokikai.net/resources" "Mozilla/5.0 (Linux; Android 12; DE2118) AppleWebKit/537.36 (KHTML, like Gecko) Chrome/104.0.0.0 Mobile Safari/537.36"
::ffff:172.58.89.103 - - [12/Sep/2022:08:56:27 +0000] "GET /images/books/MBS2.jpg HTTP/1.1" 200 15317 "http://www.wadokikai.net/resources" "Mozilla/5.0 (Linux; Android 12; DE2118) AppleWebKit/537.36 (KHTML, like Gecko) Chrome/104.0.0.0 Mobile Safari/537.36"
::ffff:172.58.89.103 - - [12/Sep/2022:08:56:27 +0000] "GET /images/books/karatebook.jpg HTTP/1.1" 200 7644 "http://www.wadokikai.net/resources" "Mozilla/5.0 (Linux; Android 12; DE2118) AppleWebKit/537.36 (KHTML, like Gecko) Chrome/104.0.0.0 Mobile Safari/537.36"
::ffff:172.58.89.103 - - [12/Sep/2022:08:56:27 +0000] "GET /images/books/ZenMeditation.jpg HTTP/1.1" 200 3760 "http://www.wadokikai.net/resources" "Mozilla/5.0 (Linux; Android 12; DE2118) AppleWebKit/537.36 (KHTML, like Gecko) Chrome/104.0.0.0 Mobile Safari/537.36"
::ffff:172.58.89.103 - - [12/Sep/2022:08:56:27 +0000] "GET /images/books/bookoffiverings.jpg HTTP/1.1" 200 2940 "http://www.wadokikai.net/resources" "Mozilla/5.0 (Linux; Android 12; DE2118) AppleWebKit/537.36 (KHTML, like Gecko) Chrome/104.0.0.0 Mobile Safari/537.36"
::ffff:172.58.89.103 - - [12/Sep/2022:08:56:27 +0000] "GET /images/books/KarateDoZen.jpg HTTP/1.1" 200 2677 "http://www.wadokikai.net/resources" "Mozilla/5.0 (Linux; Android 12; DE2118) AppleWebKit/537.36 (KHTML, like Gecko) Chrome/104.0.0.0 Mobile Safari/537.36"
::ffff:172.58.89.103 - - [12/Sep/2022:08:56:27 +0000] "GET /images/books/shotokanSecrets.jpg HTTP/1.1" 200 4046 "http://www.wadokikai.net/resources" "Mozilla/5.0 (Linux; Android 12; DE2118) AppleWebKit/537.36 (KHTML, like Gecko) Chrome/104.0.0.0 Mobile Safari/537.36"
::ffff:172.58.89.103 - - [12/Sep/2022:08:56:27 +0000] "GET /images/books/dummies.jpg HTTP/1.1" 200 3631 "http://www.wadokikai.net/resources" "Mozilla/5.0 (Linux; Android 12; DE2118) AppleWebKit/537.36 (KHTML, like Gecko) Chrome/104.0.0.0 Mobile Safari/537.36"
::ffff:172.58.89.103 - - [12/Sep/2022:08:56:27 +0000] "GET /images/books/dojoWisdom.jpg HTTP/1.1" 200 2813 "http://www.wadokikai.net/resources" "Mozilla/5.0 (Linux; Android 12; DE2118) AppleWebKit/537.36 (KHTML, like Gecko) Chrome/104.0.0.0 Mobile Safari/537.36"
::ffff:172.58.89.103 - - [12/Sep/2022:08:56:27 +0000] "GET /images/books/saibook.jpg HTTP/1.1" 200 3043 "http://www.wadokikai.net/resources" "Mozilla/5.0 (Linux; Android 12; DE2118) AppleWebKit/537.36 (KHTML, like Gecko) Chrome/104.0.0.0 Mobile Safari/537.36"
::ffff:172.58.89.103 - - [12/Sep/2022:08:56:27 +0000] "GET /images/books/bobook.gif HTTP/1.1" 200 6919 "http://www.wadokikai.net/resources" "Mozilla/5.0 (Linux; Android 12; DE2118) AppleWebKit/537.36 (KHTML, like Gecko) Chrome/104.0.0.0 Mobile Safari/537.36"
::ffff:172.58.89.103 - - [12/Sep/2022:08:56:27 +0000] "GET /images/books/guide20.jpg HTTP/1.1" 200 1934 "http://www.wadokikai.net/resources" "Mozilla/5.0 (Linux; Android 12; DE2118) AppleWebKit/537.36 (KHTML, like Gecko) Chrome/104.0.0.0 Mobile Safari/537.36"
::ffff:172.58.89.103 - - [12/Sep/2022:08:56:27 +0000] "GET /images/books/karatedo.jpg HTTP/1.1" 200 3442 "http://www.wadokikai.net/resources" "Mozilla/5.0 (Linux; Android 12; DE2118) AppleWebKit/537.36 (KHTML, like Gecko) Chrome/104.0.0.0 Mobile Safari/537.36"
::ffff:172.58.89.103 - - [12/Sep/2022:08:56:27 +0000] "GET /images/books/emptyHand.jpg HTTP/1.1" 200 12021 "http://www.wadokikai.net/resources" "Mozilla/5.0 (Linux; Android 12; DE2118) AppleWebKit/537.36 (KHTML, like Gecko) Chrome/104.0.0.0 Mobile Safari/537.36"
::ffff:172.58.89.103 - - [12/Sep/2022:08:56:27 +0000] "GET /images/books/movingzen.jpg HTTP/1.1" 200 3578 "http://www.wadokikai.net/resources" "Mozilla/5.0 (Linux; Android 12; DE2118) AppleWebKit/537.36 (KHTML, like Gecko) Chrome/104.0.0.0 Mobile Safari/537.36"
::ffff:172.58.89.103 - - [12/Sep/2022:08:56:27 +0000] "GET /images/books/karatedojo.jpg HTTP/1.1" 200 3457 "http://www.wadokikai.net/resources" "Mozilla/5.0 (Linux; Android 12; DE2118) AppleWebKit/537.36 (KHTML, like Gecko) Chrome/104.0.0.0 Mobile Safari/537.36"
::ffff:172.58.89.103 - - [12/Sep/2022:08:56:27 +0000] "GET /images/books/grappingmethod.jpg HTTP/1.1" 200 4025 "http://www.wadokikai.net/resources" "Mozilla/5.0 (Linux; Android 12; DE2118) AppleWebKit/537.36 (KHTML, like Gecko) Chrome/104.0.0.0 Mobile Safari/537.36"
::ffff:172.58.89.103 - - [12/Sep/2022:08:56:27 +0000] "GET /images/books/artofwar.jpg HTTP/1.1" 200 22573 "http://www.wadokikai.net/resources" "Mozilla/5.0 (Linux; Android 12; DE2118) AppleWebKit/537.36 (KHTML, like Gecko) Chrome/104.0.0.0 Mobile Safari/537.36"
::ffff:172.58.89.103 - - [12/Sep/2022:08:56:27 +0000] "GET /images/dragon-trans.png HTTP/1.1" 304 - "http://www.wadokikai.net/resources" "Mozilla/5.0 (Linux; Android 12; DE2118) AppleWebKit/537.36 (KHTML, like Gecko) Chrome/104.0.0.0 Mobile Safari/537.36"
::ffff:172.58.89.103 - - [12/Sep/2022:08:56:30 +0000] "GET /images/tiger.bmp HTTP/1.1" 304 - "http://www.wadokikai.net/resources" "Mozilla/5.0 (Linux; Android 12; DE2118) AppleWebKit/537.36 (KHTML, like Gecko) Chrome/104.0.0.0 Mobile Safari/537.36"
::ffff:172.58.89.103 - - [12/Sep/2022:08:56:38 +0000] "GET /images/tiger.bmp HTTP/1.1" 304 - "http://www.wadokikai.net/resources" "Mozilla/5.0 (Linux; Android 12; DE2118) AppleWebKit/537.36 (KHTML, like Gecko) Chrome/104.0.0.0 Mobile Safari/537.36"
::ffff:172.58.89.103 - - [12/Sep/2022:08:56:49 +0000] "GET /images/tiger.bmp HTTP/1.1" 304 - "http://www.wadokikai.net/" "Mozilla/5.0 (Linux; Android 12; DE2118) AppleWebKit/537.36 (KHTML, like Gecko) Chrome/104.0.0.0 Mobile Safari/537.36"
::ffff:172.58.89.103 - - [12/Sep/2022:08:56:53 +0000] "GET /images/wadokikai%20kanji.jpg HTTP/1.1" 200 35066 "http://www.wadokikai.net/" "Mozilla/5.0 (Linux; Android 12; DE2118) AppleWebKit/537.36 (KHTML, like Gecko) Chrome/104.0.0.0 Mobile Safari/537.36"
::ffff:172.58.89.103 - - [12/Sep/2022:08:56:56 +0000] "GET /images/dragon-trans.png HTTP/1.1" 304 - "http://www.wadokikai.net/" "Mozilla/5.0 (Linux; Android 12; DE2118) AppleWebKit/537.36 (KHTML, like Gecko) Chrome/104.0.0.0 Mobile Safari/537.36"
::ffff:172.58.89.103 - - [12/Sep/2022:08:57:00 +0000] "GET /images/tiger.bmp HTTP/1.1" 304 - "http://www.wadokikai.net/" "Mozilla/5.0 (Linux; Android 12; DE2118) AppleWebKit/537.36 (KHTML, like Gecko) Chrome/104.0.0.0 Mobile Safari/537.36"
::ffff:172.58.89.103 - - [12/Sep/2022:08:57:03 +0000] "GET /resources HTTP/1.1" 304 - "http://www.wadokikai.net/" "Mozilla/5.0 (Linux; Android 12; DE2118) AppleWebKit/537.36 (KHTML, like Gecko) Chrome/104.0.0.0 Mobile Safari/537.36"
::ffff:172.58.89.103 - - [12/Sep/2022:08:57:03 +0000] "GET /css/wadokikai.css HTTP/1.1" 304 - "http://www.wadokikai.net/resources" "Mozilla/5.0 (Linux; Android 12; DE2118) AppleWebKit/537.36 (KHTML, like Gecko) Chrome/104.0.0.0 Mobile Safari/537.36"
::ffff:172.58.89.103 - - [12/Sep/2022:08:57:03 +0000] "GET /js/common.js HTTP/1.1" 304 - "http://www.wadokikai.net/resources" "Mozilla/5.0 (Linux; Android 12; DE2118) AppleWebKit/537.36 (KHTML, like Gecko) Chrome/104.0.0.0 Mobile Safari/537.36"
::ffff:172.58.89.103 - - [12/Sep/2022:08:57:03 +0000] "GET /images/wkkpatch22_med.png HTTP/1.1" 304 - "http://www.wadokikai.net/resources" "Mozilla/5.0 (Linux; Android 12; DE2118) AppleWebKit/537.36 (KHTML, like Gecko) Chrome/104.0.0.0 Mobile Safari/537.36"
::ffff:172.58.89.103 - - [12/Sep/2022:08:57:03 +0000] "GET /images/JohnArce.jpg HTTP/1.1" 304 - "http://www.wadokikai.net/resources" "Mozilla/5.0 (Linux; Android 12; DE2118) AppleWebKit/537.36 (KHTML, like Gecko) Chrome/104.0.0.0 Mobile Safari/537.36"
::ffff:172.58.89.103 - - [12/Sep/2022:08:57:03 +0000] "GET /images/tm.jpg HTTP/1.1" 304 - "http://www.wadokikai.net/resources" "Mozilla/5.0 (Linux; Android 12; DE2118) AppleWebKit/537.36 (KHTML, like Gecko) Chrome/104.0.0.0 Mobile Safari/537.36"
::ffff:172.58.89.103 - - [12/Sep/2022:08:57:03 +0000] "GET /images/books/MBS2.jpg HTTP/1.1" 304 - "http://www.wadokikai.net/resources" "Mozilla/5.0 (Linux; Android 12; DE2118) AppleWebKit/537.36 (KHTML, like Gecko) Chrome/104.0.0.0 Mobile Safari/537.36"
::ffff:172.58.89.103 - - [12/Sep/2022:08:57:03 +0000] "GET /images/books/MBS.gif HTTP/1.1" 304 - "http://www.wadokikai.net/resources" "Mozilla/5.0 (Linux; Android 12; DE2118) AppleWebKit/537.36 (KHTML, like Gecko) Chrome/104.0.0.0 Mobile Safari/537.36"
::ffff:172.58.89.103 - - [12/Sep/2022:08:57:03 +0000] "GET /images/books/karatebook.jpg HTTP/1.1" 304 - "http://www.wadokikai.net/resources" "Mozilla/5.0 (Linux; Android 12; DE2118) AppleWebKit/537.36 (KHTML, like Gecko) Chrome/104.0.0.0 Mobile Safari/537.36"
::ffff:172.58.89.103 - - [12/Sep/2022:08:57:03 +0000] "GET /images/books/ZenMeditation.jpg HTTP/1.1" 304 - "http://www.wadokikai.net/resources" "Mozilla/5.0 (Linux; Android 12; DE2118) AppleWebKit/537.36 (KHTML, like Gecko) Chrome/104.0.0.0 Mobile Safari/537.36"
::ffff:172.58.89.103 - - [12/Sep/2022:08:57:03 +0000] "GET /images/books/KarateDoZen.jpg HTTP/1.1" 304 - "http://www.wadokikai.net/resources" "Mozilla/5.0 (Linux; Android 12; DE2118) AppleWebKit/537.36 (KHTML, like Gecko) Chrome/104.0.0.0 Mobile Safari/537.36"
::ffff:172.58.89.103 - - [12/Sep/2022:08:57:03 +0000] "GET /images/books/bookoffiverings.jpg HTTP/1.1" 304 - "http://www.wadokikai.net/resources" "Mozilla/5.0 (Linux; Android 12; DE2118) AppleWebKit/537.36 (KHTML, like Gecko) Chrome/104.0.0.0 Mobile Safari/537.36"
::ffff:172.58.89.103 - - [12/Sep/2022:08:57:03 +0000] "GET /images/books/shotokanSecrets.jpg HTTP/1.1" 304 - "http://www.wadokikai.net/resources" "Mozilla/5.0 (Linux; Android 12; DE2118) AppleWebKit/537.36 (KHTML, like Gecko) Chrome/104.0.0.0 Mobile Safari/537.36"
::ffff:172.58.89.103 - - [12/Sep/2022:08:57:03 +0000] "GET /images/books/dummies.jpg HTTP/1.1" 304 - "http://www.wadokikai.net/resources" "Mozilla/5.0 (Linux; Android 12; DE2118) AppleWebKit/537.36 (KHTML, like Gecko) Chrome/104.0.0.0 Mobile Safari/537.36"
::ffff:172.58.89.103 - - [12/Sep/2022:08:57:03 +0000] "GET /images/books/dojoWisdom.jpg HTTP/1.1" 304 - "http://www.wadokikai.net/resources" "Mozilla/5.0 (Linux; Android 12; DE2118) AppleWebKit/537.36 (KHTML, like Gecko) Chrome/104.0.0.0 Mobile Safari/537.36"
::ffff:172.58.89.103 - - [12/Sep/2022:08:57:03 +0000] "GET /images/books/bobook.gif HTTP/1.1" 304 - "http://www.wadokikai.net/resources" "Mozilla/5.0 (Linux; Android 12; DE2118) AppleWebKit/537.36 (KHTML, like Gecko) Chrome/104.0.0.0 Mobile Safari/537.36"
::ffff:172.58.89.103 - - [12/Sep/2022:08:57:03 +0000] "GET /images/books/saibook.jpg HTTP/1.1" 304 - "http://www.wadokikai.net/resources" "Mozilla/5.0 (Linux; Android 12; DE2118) AppleWebKit/537.36 (KHTML, like Gecko) Chrome/104.0.0.0 Mobile Safari/537.36"
::ffff:172.58.89.103 - - [12/Sep/2022:08:57:03 +0000] "GET /images/books/guide20.jpg HTTP/1.1" 304 - "http://www.wadokikai.net/resources" "Mozilla/5.0 (Linux; Android 12; DE2118) AppleWebKit/537.36 (KHTML, like Gecko) Chrome/104.0.0.0 Mobile Safari/537.36"
::ffff:172.58.89.103 - - [12/Sep/2022:08:57:03 +0000] "GET /images/books/karatedo.jpg HTTP/1.1" 304 - "http://www.wadokikai.net/resources" "Mozilla/5.0 (Linux; Android 12; DE2118) AppleWebKit/537.36 (KHTML, like Gecko) Chrome/104.0.0.0 Mobile Safari/537.36"
::ffff:172.58.89.103 - - [12/Sep/2022:08:57:03 +0000] "GET /images/books/emptyHand.jpg HTTP/1.1" 304 - "http://www.wadokikai.net/resources" "Mozilla/5.0 (Linux; Android 12; DE2118) AppleWebKit/537.36 (KHTML, like Gecko) Chrome/104.0.0.0 Mobile Safari/537.36"
::ffff:172.58.89.103 - - [12/Sep/2022:08:57:03 +0000] "GET /images/books/movingzen.jpg HTTP/1.1" 304 - "http://www.wadokikai.net/resources" "Mozilla/5.0 (Linux; Android 12; DE2118) AppleWebKit/537.36 (KHTML, like Gecko) Chrome/104.0.0.0 Mobile Safari/537.36"
::ffff:172.58.89.103 - - [12/Sep/2022:08:57:03 +0000] "GET /images/books/karatedojo.jpg HTTP/1.1" 304 - "http://www.wadokikai.net/resources" "Mozilla/5.0 (Linux; Android 12; DE2118) AppleWebKit/537.36 (KHTML, like Gecko) Chrome/104.0.0.0 Mobile Safari/537.36"
::ffff:172.58.89.103 - - [12/Sep/2022:08:57:03 +0000] "GET /images/books/grappingmethod.jpg HTTP/1.1" 304 - "http://www.wadokikai.net/resources" "Mozilla/5.0 (Linux; Android 12; DE2118) AppleWebKit/537.36 (KHTML, like Gecko) Chrome/104.0.0.0 Mobile Safari/537.36"
::ffff:172.58.89.103 - - [12/Sep/2022:08:57:03 +0000] "GET /images/books/artofwar.jpg HTTP/1.1" 304 - "http://www.wadokikai.net/resources" "Mozilla/5.0 (Linux; Android 12; DE2118) AppleWebKit/537.36 (KHTML, like Gecko) Chrome/104.0.0.0 Mobile Safari/537.36"
::ffff:172.58.89.103 - - [12/Sep/2022:08:57:03 +0000] "GET /images/dragon-trans.png HTTP/1.1" 304 - "http://www.wadokikai.net/resources" "Mozilla/5.0 (Linux; Android 12; DE2118) AppleWebKit/537.36 (KHTML, like Gecko) Chrome/104.0.0.0 Mobile Safari/537.36"
::ffff:172.58.89.103 - - [12/Sep/2022:08:57:07 +0000] "GET /images/tiger.bmp HTTP/1.1" 304 - "http://www.wadokikai.net/resources" "Mozilla/5.0 (Linux; Android 12; DE2118) AppleWebKit/537.36 (KHTML, like Gecko) Chrome/104.0.0.0 Mobile Safari/537.36"
::ffff:172.58.89.103 - - [12/Sep/2022:08:57:14 +0000] "GET /images/tiger.bmp HTTP/1.1" 304 - "http://www.wadokikai.net/resources" "Mozilla/5.0 (Linux; Android 12; DE2118) AppleWebKit/537.36 (KHTML, like Gecko) Chrome/104.0.0.0 Mobile Safari/537.36"
::ffff:172.58.89.103 - - [12/Sep/2022:08:57:21 +0000] "GET /images/tiger.bmp HTTP/1.1" 304 - "http://www.wadokikai.net/resources" "Mozilla/5.0 (Linux; Android 12; DE2118) AppleWebKit/537.36 (KHTML, like Gecko) Chrome/104.0.0.0 Mobile Safari/537.36"
::ffff:172.58.89.103 - - [12/Sep/2022:08:57:28 +0000] "GET /images/tiger.bmp HTTP/1.1" 304 - "http://www.wadokikai.net/resources" "Mozilla/5.0 (Linux; Android 12; DE2118) AppleWebKit/537.36 (KHTML, like Gecko) Chrome/104.0.0.0 Mobile Safari/537.36"
::ffff:172.58.89.103 - - [12/Sep/2022:08:57:38 +0000] "GET /images/dragon-trans.png HTTP/1.1" 304 - "http://www.wadokikai.net/resources" "Mozilla/5.0 (Linux; Android 12; DE2118) AppleWebKit/537.36 (KHTML, like Gecko) Chrome/104.0.0.0 Mobile Safari/537.36"
::ffff:172.58.89.103 - - [12/Sep/2022:08:57:45 +0000] "GET /images/dragon-trans.png HTTP/1.1" 304 - "http://www.wadokikai.net/resources" "Mozilla/5.0 (Linux; Android 12; DE2118) AppleWebKit/537.36 (KHTML, like Gecko) Chrome/104.0.0.0 Mobile Safari/537.36"
::ffff:172.58.89.103 - - [12/Sep/2022:08:57:52 +0000] "GET /images/dragon-trans.png HTTP/1.1" 304 - "http://www.wadokikai.net/resources" "Mozilla/5.0 (Linux; Android 12; DE2118) AppleWebKit/537.36 (KHTML, like Gecko) Chrome/104.0.0.0 Mobile Safari/537.36"
::ffff:173.44.51.4 - - [12/Sep/2022:09:00:32 +0000] "GET /.env HTTP/1.1" 404 143 "-" "Mozilla/5.0 (X11; Linux x86_64) AppleWebKit/537.36 (KHTML, like Gecko) Chrome/81.0.4044.129 Safari/537.36"
::ffff:173.44.51.4 - - [12/Sep/2022:09:00:32 +0000] "POST / HTTP/1.1" 404 140 "-" "Mozilla/5.0 (X11; Linux x86_64) AppleWebKit/537.36 (KHTML, like Gecko) Chrome/81.0.4044.129 Safari/537.36"
::ffff:172.58.89.103 - - [12/Sep/2022:09:01:20 +0000] "GET /images/dragon-trans.png HTTP/1.1" 304 - "http://www.wadokikai.net/resources" "Mozilla/5.0 (Linux; Android 12; DE2118) AppleWebKit/537.36 (KHTML, like Gecko) Chrome/104.0.0.0 Mobile Safari/537.36"
::ffff:152.89.196.211 - - [12/Sep/2022:09:14:31 +0000] "POST /cgi-bin/.%2e/.%2e/.%2e/.%2e/bin/sh HTTP/1.1" 404 174 "-" "Mozilla/5.0 (Windows NT 10.0; Win64; x64) AppleWebKit/537.36 (KHTML, like Gecko) Chrome/78.0.3904.108 Safari/537.36"
::ffff:66.249.72.187 - - [12/Sep/2022:09:17:29 +0000] "GET /images/promotions/AFSPrelimSchedule.pdf HTTP/1.1" 200 57391 "-" "Mozilla/5.0 (Linux; Android 6.0.1; Nexus 5X Build/MMB29P) AppleWebKit/537.36 (KHTML, like Gecko) Chrome/104.0.5112.101 Mobile Safari/537.36 (compatible; Googlebot/2.1; +http://www.google.com/bot.html)"
::ffff:165.227.211.106 - - [12/Sep/2022:09:20:16 +0000] "GET / HTTP/1.0" 200 58140 "-" "-"
::ffff:66.249.79.172 - - [12/Sep/2022:09:21:37 +0000] "GET /docs/Twenty%20guiding%20principles%20of%20Karate.pdf HTTP/1.1" 200 49483 "-" "Mozilla/5.0 (Linux; Android 6.0.1; Nexus 5X Build/MMB29P) AppleWebKit/537.36 (KHTML, like Gecko) Chrome/104.0.5112.101 Mobile Safari/537.36 (compatible; Googlebot/2.1; +http://www.google.com/bot.html)"
::ffff:124.156.223.178 - - [12/Sep/2022:09:35:02 +0000] "GET / HTTP/1.1" 200 58140 "-" "'Mozilla/5.0"
::ffff:37.139.53.81 - - [12/Sep/2022:09:35:16 +0000] "GET / HTTP/1.0" 200 58140 "http://wadokikai.net/" "Mozilla/5.0 (Windows NT 10.0; Win64; x64) AppleWebKit/537.36 (KHTML, like Gecko) Chrome/83.0.4093.3 Safari/537.36"
::ffff:37.139.53.81 - - [12/Sep/2022:09:35:16 +0000] "POST /sendemail HTTP/1.0" 302 40 "http://wadokikai.net/" "Mozilla/5.0 (Windows NT 10.0; Win64; x64) AppleWebKit/537.36 (KHTML, like Gecko) Chrome/83.0.4093.3 Safari/537.36"
::ffff:37.139.53.81 - - [12/Sep/2022:09:35:17 +0000] "GET /?err=error HTTP/1.0" 200 58692 "http://wadokikai.net/?err=error#signup" "Mozilla/5.0 (Windows NT 10.0; Win64; x64) AppleWebKit/537.36 (KHTML, like Gecko) Chrome/83.0.4093.3 Safari/537.36"
::ffff:77.74.177.119 - - [12/Sep/2022:09:39:41 +0000] "GET / HTTP/1.1" 200 58140 "-" "Mozilla/5.0 (Windows NT 10.0; Win64; x64) AppleWebKit/537.36 (KHTML, like Gecko) Chrome/71.0.3578.98 Safari/537.36"
::ffff:152.89.196.211 - - [12/Sep/2022:09:41:39 +0000] "GET / HTTP/1.1" 200 58140 "-" "Mozilla/5.0 (Windows NT 10.0; Win64; x64) AppleWebKit/537.36 (KHTML, like Gecko) Chrome/78.0.3904.108 Safari/537.36"
::ffff:135.125.244.48 - - [12/Sep/2022:09:45:35 +0000] "POST / HTTP/1.1" 404 140 "-" "Mozilla/5.0 (X11; Linux x86_64) AppleWebKit/537.36 (KHTML, like Gecko) Chrome/81.0.4044.129 Safari/537.36"
::ffff:135.125.244.48 - - [12/Sep/2022:09:45:35 +0000] "GET /.env HTTP/1.1" 404 143 "-" "Mozilla/5.0 (X11; Linux x86_64) AppleWebKit/537.36 (KHTML, like Gecko) Chrome/81.0.4044.129 Safari/537.36"
::ffff:157.55.39.208 - - [12/Sep/2022:09:47:33 +0000] "GET / HTTP/1.1" 200 58140 "-" "Mozilla/5.0 AppleWebKit/537.36 (KHTML, like Gecko; compatible; bingbot/2.0; +http://www.bing.com/bingbot.htm) Chrome/103.0.5060.134 Safari/537.36"
::ffff:51.222.253.2 - - [12/Sep/2022:09:52:52 +0000] "GET /robots.txt HTTP/1.1" 404 149 "-" "Mozilla/5.0 (compatible; AhrefsBot/7.0; +http://ahrefs.com/robot/)"
::ffff:51.222.253.6 - - [12/Sep/2022:09:52:54 +0000] "GET / HTTP/1.1" 200 58140 "-" "Mozilla/5.0 (compatible; AhrefsBot/7.0; +http://ahrefs.com/robot/)"
::ffff:66.249.79.174 - - [12/Sep/2022:10:06:37 +0000] "GET / HTTP/1.1" 200 58140 "-" "Mozilla/5.0 (Linux; Android 6.0.1; Nexus 5X Build/MMB29P) AppleWebKit/537.36 (KHTML, like Gecko) Chrome/104.0.5112.101 Mobile Safari/537.36 (compatible; Googlebot/2.1; +http://www.google.com/bot.html)"
::ffff:67.160.201.88 - - [12/Sep/2022:10:08:54 +0000] "GET /favicon.ico HTTP/1.1" 404 150 "-" "Mozilla/5.0 (iPhone; CPU iPhone OS 15_6_1 like Mac OS X) AppleWebKit/605.1.15 (KHTML, like Gecko) FxiOS/40.2  Mobile/15E148 Safari/605.1.15"
::ffff:67.160.201.88 - - [12/Sep/2022:10:09:00 +0000] "GET /favicon.ico HTTP/1.1" 404 150 "-" "Mozilla/5.0 (iPhone; CPU iPhone OS 15_6_1 like Mac OS X) AppleWebKit/605.1.15 (KHTML, like Gecko) FxiOS/40.2  Mobile/15E148 Safari/605.1.15"
::ffff:152.89.196.211 - - [12/Sep/2022:10:10:29 +0000] "GET /actuator/gateway/routes HTTP/1.1" 404 162 "-" "Mozilla/5.0 (Windows NT 10.0; Win64; x64) AppleWebKit/537.36 (KHTML, like Gecko) Chrome/78.0.3904.108 Safari/537.36"
::ffff:37.139.53.86 - - [12/Sep/2022:10:29:24 +0000] "GET / HTTP/1.0" 200 58140 "http://wadokikai.org/" "Mozilla/5.0 (Windows NT 6.3; ) AppleWebKit/537.36 (KHTML, like Gecko) Chrome/83.0.4103.61 Safari/537.36"
::ffff:37.139.53.86 - - [12/Sep/2022:10:29:24 +0000] "POST /sendemail HTTP/1.0" 302 40 "http://wadokikai.org/" "Mozilla/5.0 (Windows NT 6.3; ) AppleWebKit/537.36 (KHTML, like Gecko) Chrome/83.0.4103.61 Safari/537.36"
::ffff:37.139.53.86 - - [12/Sep/2022:10:29:25 +0000] "GET /?err=error HTTP/1.0" 200 58692 "http://wadokikai.org/?err=error#signup" "Mozilla/5.0 (Windows NT 6.3; ) AppleWebKit/537.36 (KHTML, like Gecko) Chrome/83.0.4103.61 Safari/537.36"
::ffff:77.74.177.119 - - [12/Sep/2022:10:38:26 +0000] "GET / HTTP/1.1" 200 58140 "-" "Mozilla/5.0 (Windows NT 10.0; Win64; x64) AppleWebKit/537.36 (KHTML, like Gecko) Chrome/71.0.3578.98 Safari/537.36"
::ffff:135.125.244.48 - - [12/Sep/2022:10:44:15 +0000] "POST / HTTP/1.1" 404 140 "-" "Mozilla/5.0 (X11; Linux x86_64) AppleWebKit/537.36 (KHTML, like Gecko) Chrome/81.0.4044.129 Safari/537.36"
::ffff:135.125.244.48 - - [12/Sep/2022:10:44:15 +0000] "GET /.env HTTP/1.1" 404 143 "-" "Mozilla/5.0 (X11; Linux x86_64) AppleWebKit/537.36 (KHTML, like Gecko) Chrome/81.0.4044.129 Safari/537.36"
::ffff:128.14.209.162 - - [12/Sep/2022:10:46:34 +0000] "GET / HTTP/1.1" 200 58140 "-" "Mozilla/5.0 (Windows NT 10.0; Win64; x64) AppleWebKit/537.36 (KHTML, like Gecko) Chrome/60.0.3112.113 Safari/537.36"
::ffff:66.249.79.189 - - [12/Sep/2022:10:51:46 +0000] "GET /docs/Bushido-code.pdf HTTP/1.1" 304 - "-" "Mozilla/5.0 (compatible; Googlebot/2.1; +http://www.google.com/bot.html)"
::ffff:207.46.13.198 - - [12/Sep/2022:11:07:45 +0000] "GET /images/anthony.jpg HTTP/1.1" 404 157 "-" "Mozilla/5.0 (compatible; bingbot/2.0; +http://www.bing.com/bingbot.htm)"
::ffff:157.55.39.226 - - [12/Sep/2022:11:12:27 +0000] "GET /events/js/common.js HTTP/1.1" 404 158 "-" "Mozilla/5.0 (compatible; MSIE 9.0; Windows NT 6.1; Trident/5.0)"
::ffff:114.119.151.9 - - [12/Sep/2022:11:14:28 +0000] "GET / HTTP/1.1" 200 58140 "https://wadokikai.org/contact?s=1&ss=3" "Mozilla/5.0 (Linux; Android 7.0;) AppleWebKit/537.36 (KHTML, like Gecko) Mobile Safari/537.36 (compatible; PetalBot;+https://webmaster.petalsearch.com/site/petalbot)"
::ffff:51.222.253.20 - - [12/Sep/2022:11:15:33 +0000] "GET /robots.txt HTTP/1.1" 404 149 "-" "Mozilla/5.0 (compatible; AhrefsBot/7.0; +http://ahrefs.com/robot/)"
::ffff:51.222.253.2 - - [12/Sep/2022:11:15:34 +0000] "GET /contact HTTP/1.1" 200 10017 "-" "Mozilla/5.0 (compatible; AhrefsBot/7.0; +http://ahrefs.com/robot/)"
::ffff:114.119.135.172 - - [12/Sep/2022:11:19:50 +0000] "GET /schools HTTP/1.1" 200 97308 "http://www.wadokikai.net/contact?s=1&ss=9" "Mozilla/5.0 (Linux; Android 7.0;) AppleWebKit/537.36 (KHTML, like Gecko) Mobile Safari/537.36 (compatible; PetalBot;+https://webmaster.petalsearch.com/site/petalbot)"
::ffff:157.55.39.96 - - [12/Sep/2022:11:30:19 +0000] "GET /ie7/ie7-standard-p.js HTTP/1.1" 404 160 "-" "Mozilla/5.0 (compatible; MSIE 9.0; Windows NT 6.1; Trident/5.0)"
::ffff:93.159.230.88 - - [12/Sep/2022:11:36:45 +0000] "GET / HTTP/1.1" 200 58140 "-" "Mozilla/5.0 (Windows NT 10.0; Win64; x64) AppleWebKit/537.36 (KHTML, like Gecko) Chrome/71.0.3578.98 Safari/537.36"
::ffff:66.249.79.180 - - [12/Sep/2022:11:36:50 +0000] "GET /contact HTTP/1.1" 200 10017 "-" "Mozilla/5.0 (Linux; Android 6.0.1; Nexus 5X Build/MMB29P) AppleWebKit/537.36 (KHTML, like Gecko) Chrome/104.0.5112.101 Mobile Safari/537.36 (compatible; Googlebot/2.1; +http://www.google.com/bot.html)"
::ffff:37.139.53.81 - - [12/Sep/2022:11:49:11 +0000] "GET / HTTP/1.0" 200 58140 "http://wadokikai.net/" "Mozilla/5.0 (Windows NT 10.0; Win64; x64) AppleWebKit/537.36 (KHTML, like Gecko) Chrome/83.0.4103.61 Safari/537.36"
::ffff:37.139.53.81 - - [12/Sep/2022:11:49:12 +0000] "POST /sendemail HTTP/1.0" 302 40 "http://wadokikai.net/" "Mozilla/5.0 (Windows NT 10.0; Win64; x64) AppleWebKit/537.36 (KHTML, like Gecko) Chrome/83.0.4103.61 Safari/537.36"
::ffff:37.139.53.81 - - [12/Sep/2022:11:49:12 +0000] "GET /?err=error HTTP/1.0" 200 58692 "http://wadokikai.net/?err=error#signup" "Mozilla/5.0 (Windows NT 10.0; Win64; x64) AppleWebKit/537.36 (KHTML, like Gecko) Chrome/83.0.4103.61 Safari/537.36"
::ffff:51.15.183.168 - - [12/Sep/2022:11:50:09 +0000] "GET /admin/FCKeditor/editor/filemanager/upload/php/upload.php HTTP/1.0" 404 195 "-" "Mozilla/5.0 (Windows NT 6.3; Win64; x64) AppleWebKit/537.36 (KHTML, like Gecko) Chrome/75.0.3770.100 Safari/537.36"
::ffff:51.222.253.14 - - [12/Sep/2022:11:54:36 +0000] "GET / HTTP/1.1" 200 58140 "-" "Mozilla/5.0 (compatible; AhrefsBot/7.0; +http://ahrefs.com/robot/)"
::ffff:51.222.253.8 - - [12/Sep/2022:11:54:43 +0000] "GET /images/schools/marinkaratedomap.jpg HTTP/1.1" 200 32400 "-" "Mozilla/5.0 (compatible; AhrefsBot/7.0; +http://ahrefs.com/robot/)"
::ffff:51.222.253.19 - - [12/Sep/2022:11:54:44 +0000] "GET /images/schools/orindakaratedomap.jpg HTTP/1.1" 200 34167 "-" "Mozilla/5.0 (compatible; AhrefsBot/7.0; +http://ahrefs.com/robot/)"
::ffff:51.222.253.2 - - [12/Sep/2022:11:54:45 +0000] "GET /images/schools/alamedakaratedomap.jpg HTTP/1.1" 200 38311 "-" "Mozilla/5.0 (compatible; AhrefsBot/7.0; +http://ahrefs.com/robot/)"
::ffff:51.222.253.13 - - [12/Sep/2022:11:54:45 +0000] "GET /js/common.js HTTP/1.1" 200 2255 "-" "Mozilla/5.0 (compatible; AhrefsBot/7.0; +http://ahrefs.com/robot/)"
::ffff:51.222.253.13 - - [12/Sep/2022:11:54:46 +0000] "GET /images/schools/earhartkaratedomap.jpg HTTP/1.1" 200 41366 "-" "Mozilla/5.0 (compatible; AhrefsBot/7.0; +http://ahrefs.com/robot/)"
::ffff:51.222.253.16 - - [12/Sep/2022:11:54:46 +0000] "GET /images/schools/corpuzkaratedomap.jpg HTTP/1.1" 200 36421 "-" "Mozilla/5.0 (compatible; AhrefsBot/7.0; +http://ahrefs.com/robot/)"
::ffff:51.222.253.11 - - [12/Sep/2022:11:54:47 +0000] "GET /images/wkkpatch22_med.png HTTP/1.1" 200 32301 "-" "Mozilla/5.0 (compatible; AhrefsBot/7.0; +http://ahrefs.com/robot/)"
::ffff:51.222.253.16 - - [12/Sep/2022:11:54:47 +0000] "GET / HTTP/1.1" 200 58140 "-" "Mozilla/5.0 (compatible; AhrefsBot/7.0; +http://ahrefs.com/robot/)"
::ffff:51.222.253.12 - - [12/Sep/2022:11:54:48 +0000] "GET /images/schools/martinezkaratedomap.jpg HTTP/1.1" 200 37724 "-" "Mozilla/5.0 (compatible; AhrefsBot/7.0; +http://ahrefs.com/robot/)"
::ffff:51.222.253.9 - - [12/Sep/2022:11:54:48 +0000] "GET /images/schools/manzanitakaratedomap.jpg HTTP/1.1" 200 55402 "-" "Mozilla/5.0 (compatible; AhrefsBot/7.0; +http://ahrefs.com/robot/)"
::ffff:51.222.253.14 - - [12/Sep/2022:11:54:49 +0000] "GET /css/wadokikai.css HTTP/1.1" 200 4337 "-" "Mozilla/5.0 (compatible; AhrefsBot/7.0; +http://ahrefs.com/robot/)"
::ffff:51.222.253.16 - - [12/Sep/2022:11:54:49 +0000] "GET /images/schools/dcakaratedomap.jpg HTTP/1.1" 200 35262 "-" "Mozilla/5.0 (compatible; AhrefsBot/7.0; +http://ahrefs.com/robot/)"
::ffff:51.222.253.15 - - [12/Sep/2022:11:54:50 +0000] "GET /images/schools/nunleykaratedomap.jpg HTTP/1.1" 200 42667 "-" "Mozilla/5.0 (compatible; AhrefsBot/7.0; +http://ahrefs.com/robot/)"
::ffff:66.249.79.184 - - [12/Sep/2022:12:21:50 +0000] "GET /robots.txt HTTP/1.1" 404 149 "-" "Mozilla/5.0 (compatible; Googlebot/2.1; +http://www.google.com/bot.html)"
::ffff:66.249.79.180 - - [12/Sep/2022:12:21:50 +0000] "GET / HTTP/1.1" 200 58140 "-" "Mozilla/5.0 (Linux; Android 6.0.1; Nexus 5X Build/MMB29P) AppleWebKit/537.36 (KHTML, like Gecko) Chrome/104.0.5112.101 Mobile Safari/537.36 (compatible; Googlebot/2.1; +http://www.google.com/bot.html)"
::ffff:77.74.177.119 - - [12/Sep/2022:12:24:24 +0000] "GET / HTTP/1.1" 200 58140 "-" "Mozilla/5.0 (Windows NT 10.0; Win64; x64) AppleWebKit/537.36 (KHTML, like Gecko) Chrome/71.0.3578.98 Safari/537.36"
::ffff:135.125.244.48 - - [12/Sep/2022:12:35:30 +0000] "POST / HTTP/1.1" 404 140 "-" "Mozilla/5.0 (X11; Linux x86_64) AppleWebKit/537.36 (KHTML, like Gecko) Chrome/81.0.4044.129 Safari/537.36"
::ffff:135.125.244.48 - - [12/Sep/2022:12:35:31 +0000] "GET /.env HTTP/1.1" 404 143 "-" "Mozilla/5.0 (X11; Linux x86_64) AppleWebKit/537.36 (KHTML, like Gecko) Chrome/81.0.4044.129 Safari/537.36"
::ffff:51.222.253.17 - - [12/Sep/2022:12:36:49 +0000] "GET /contact?s=1&ss=0 HTTP/1.1" 200 9997 "-" "Mozilla/5.0 (compatible; AhrefsBot/7.0; +http://ahrefs.com/robot/)"
::ffff:51.222.253.3 - - [12/Sep/2022:12:36:51 +0000] "GET /css/wadokikai.css HTTP/1.1" 200 4337 "-" "Mozilla/5.0 (compatible; AhrefsBot/7.0; +http://ahrefs.com/robot/)"
::ffff:51.222.253.15 - - [12/Sep/2022:12:36:52 +0000] "GET /js/common.js HTTP/1.1" 200 2255 "-" "Mozilla/5.0 (compatible; AhrefsBot/7.0; +http://ahrefs.com/robot/)"
::ffff:157.55.39.226 - - [12/Sep/2022:12:43:15 +0000] "GET / HTTP/1.1" 200 58140 "-" "Mozilla/5.0 (compatible; bingbot/2.0; +http://www.bing.com/bingbot.htm)"
::ffff:114.119.151.9 - - [12/Sep/2022:12:57:47 +0000] "GET /index2.php/docs/docs/Bushido-code.pdf HTTP/1.1" 404 176 "http://www.wadokikai.org/index2.php/docs/index.php" "Mozilla/5.0 (Linux; Android 7.0;) AppleWebKit/537.36 (KHTML, like Gecko) Mobile Safari/537.36 (compatible; PetalBot;+https://webmaster.petalsearch.com/site/petalbot)"
::ffff:37.139.53.86 - - [12/Sep/2022:12:58:12 +0000] "GET / HTTP/1.0" 200 58140 "http://wadokikai.org/" "Mozilla/5.0 (Windows NT 10.0; Win64; x64) AppleWebKit/537.36 (KHTML, like Gecko) Chrome/83.0.4103.34 Safari/537.36"
::ffff:37.139.53.86 - - [12/Sep/2022:12:58:13 +0000] "POST /sendemail HTTP/1.0" 302 40 "http://wadokikai.org/" "Mozilla/5.0 (Windows NT 10.0; Win64; x64) AppleWebKit/537.36 (KHTML, like Gecko) Chrome/83.0.4103.34 Safari/537.36"
::ffff:37.139.53.86 - - [12/Sep/2022:12:58:14 +0000] "GET /?err=error HTTP/1.0" 200 58692 "http://wadokikai.org/?err=error#signup" "Mozilla/5.0 (Windows NT 10.0; Win64; x64) AppleWebKit/537.36 (KHTML, like Gecko) Chrome/83.0.4103.34 Safari/537.36"
::ffff:90.151.171.106 - - [12/Sep/2022:12:58:29 +0000] "GET http://check.best-proxies.ru/ip.php?Z74101334850Q1 HTTP/1.1" 404 145 "https://google.com/" "Mozilla/5.0 (Windows NT 6.1; rv:16.0) Gecko/20100101 Firefox/16.0 (+https://best-proxies.ru/faq/#from)"
::ffff:128.1.248.26 - - [12/Sep/2022:13:06:41 +0000] "GET / HTTP/1.1" 200 58140 "-" "Mozilla/5.0 (Windows NT 10.0; Win64; x64) AppleWebKit/537.36 (KHTML, like Gecko) Chrome/60.0.3112.113 Safari/537.36"
::ffff:157.55.39.203 - - [12/Sep/2022:13:10:14 +0000] "GET / HTTP/1.1" 200 58140 "-" "Mozilla/5.0 (compatible; bingbot/2.0; +http://www.bing.com/bingbot.htm)"
::ffff:51.222.253.12 - - [12/Sep/2022:13:22:19 +0000] "GET /contact?s=1&ss=5 HTTP/1.1" 200 9997 "-" "Mozilla/5.0 (compatible; AhrefsBot/7.0; +http://ahrefs.com/robot/)"
::ffff:40.77.167.99 - - [12/Sep/2022:13:29:36 +0000] "GET /robots.txt HTTP/1.1" 404 149 "-" "Mozilla/5.0 (compatible; bingbot/2.0; +http://www.bing.com/bingbot.htm)"
::ffff:40.77.167.99 - - [12/Sep/2022:13:29:36 +0000] "GET /robots.txt HTTP/1.1" 404 149 "-" "Mozilla/5.0 (compatible; bingbot/2.0; +http://www.bing.com/bingbot.htm)"
::ffff:207.46.13.99 - - [12/Sep/2022:13:29:46 +0000] "GET / HTTP/1.1" 200 58140 "-" "Mozilla/5.0 (compatible; bingbot/2.0; +http://www.bing.com/bingbot.htm)"
::ffff:40.77.167.103 - - [12/Sep/2022:13:47:36 +0000] "GET /robots.txt HTTP/1.1" 404 149 "-" "Mozilla/5.0 (compatible; bingbot/2.0; +http://www.bing.com/bingbot.htm)"
::ffff:157.55.39.203 - - [12/Sep/2022:13:47:46 +0000] "GET /images/schools/harborbaykaratedomap.jpg HTTP/1.1" 200 37245 "-" "Mozilla/5.0 (compatible; bingbot/2.0; +http://www.bing.com/bingbot.htm)"
::ffff:40.77.167.103 - - [12/Sep/2022:13:48:07 +0000] "GET /robots.txt HTTP/1.1" 404 149 "-" "Mozilla/5.0 (compatible; bingbot/2.0; +http://www.bing.com/bingbot.htm)"
::ffff:157.55.39.208 - - [12/Sep/2022:13:48:16 +0000] "GET /resources HTTP/1.1" 200 194907 "-" "Mozilla/5.0 (compatible; bingbot/2.0; +http://www.bing.com/bingbot.htm)"
::ffff:207.46.13.200 - - [12/Sep/2022:13:48:40 +0000] "GET /css/wadokikai.css HTTP/1.1" 200 4337 "-" "Mozilla/5.0 (compatible; bingbot/2.0; +http://www.bing.com/bingbot.htm)"
::ffff:207.46.13.200 - - [12/Sep/2022:13:48:40 +0000] "GET /js/common.js HTTP/1.1" 200 2255 "-" "Mozilla/5.0 (compatible; bingbot/2.0; +http://www.bing.com/bingbot.htm)"
::ffff:135.125.244.48 - - [12/Sep/2022:13:50:54 +0000] "POST / HTTP/1.1" 404 140 "-" "Mozilla/5.0 (X11; Linux x86_64) AppleWebKit/537.36 (KHTML, like Gecko) Chrome/81.0.4044.129 Safari/537.36"
::ffff:135.125.244.48 - - [12/Sep/2022:13:50:55 +0000] "GET /.env HTTP/1.1" 404 143 "-" "Mozilla/5.0 (X11; Linux x86_64) AppleWebKit/537.36 (KHTML, like Gecko) Chrome/81.0.4044.129 Safari/537.36"
::ffff:203.76.241.10 - - [12/Sep/2022:13:51:33 +0000] "GET http://34.212.47.6:80/mysql/scripts/setup.php HTTP/1.0" 404 162 "-" "-"
::ffff:203.76.241.10 - - [12/Sep/2022:13:51:33 +0000] "GET http://34.212.47.6:80/phpMyAdmin/scripts/setup.php HTTP/1.0" 404 167 "-" "-"
::ffff:203.76.241.10 - - [12/Sep/2022:13:51:33 +0000] "GET http://34.212.47.6:80/db/scripts/setup.php HTTP/1.0" 404 159 "-" "-"
::ffff:203.76.241.10 - - [12/Sep/2022:13:51:33 +0000] "GET http://34.212.47.6:80/pma/scripts/setup.php HTTP/1.0" 404 160 "-" "-"
::ffff:37.139.53.81 - - [12/Sep/2022:14:01:59 +0000] "GET / HTTP/1.0" 200 58140 "http://wadokikai.net/" "Mozilla/5.0 (Windows NT 6.3; Win64; x64) AppleWebKit/537.36 (KHTML, like Gecko) Chrome/83.0.4103.61 Safari/537.36"
::ffff:37.139.53.81 - - [12/Sep/2022:14:02:00 +0000] "POST /sendemail HTTP/1.0" 302 40 "http://wadokikai.net/" "Mozilla/5.0 (Windows NT 6.3; Win64; x64) AppleWebKit/537.36 (KHTML, like Gecko) Chrome/83.0.4103.61 Safari/537.36"
::ffff:37.139.53.81 - - [12/Sep/2022:14:02:00 +0000] "GET /?err=error HTTP/1.0" 200 58692 "http://wadokikai.net/?err=error#signup" "Mozilla/5.0 (Windows NT 6.3; Win64; x64) AppleWebKit/537.36 (KHTML, like Gecko) Chrome/83.0.4103.61 Safari/537.36"
::ffff:114.119.152.108 - - [12/Sep/2022:14:02:47 +0000] "GET /contact?s=1&ss=10 HTTP/1.1" 200 9997 "https://wadokikai.org/schools" "Mozilla/5.0 (Linux; Android 7.0;) AppleWebKit/537.36 (KHTML, like Gecko) Mobile Safari/537.36 (compatible; PetalBot;+https://webmaster.petalsearch.com/site/petalbot)"
::ffff:35.91.20.126 - - [12/Sep/2022:14:06:02 +0000] "GET / HTTP/1.1" 200 58140 "-" "Mozilla/5.0 (X11; Linux x86_64) AppleWebKit/537.36 (KHTML, like Gecko) Chrome/83.0.4103.97 Safari/537.36"
::ffff:52.13.39.251 - - [12/Sep/2022:14:06:08 +0000] "GET / HTTP/1.1" 200 58140 "-" "Mozilla/5.0 (X11; Linux x86_64) AppleWebKit/537.36 (KHTML, like Gecko) Chrome/83.0.4103.97 Safari/537.36"
::ffff:194.38.20.161 - - [12/Sep/2022:14:06:10 +0000] "GET /wp-content/plugins/secure-file-manager/vendor/elfinder/php/connector.minimal.php HTTP/1.1" 404 219 "-" "ALittle Client"
::ffff:35.86.154.157 - - [12/Sep/2022:14:06:26 +0000] "GET / HTTP/1.1" 200 58140 "-" "Mozilla/5.0 (X11; Linux x86_64) AppleWebKit/537.36 (KHTML, like Gecko) Chrome/83.0.4103.97 Safari/537.36"
::ffff:35.88.250.47 - - [12/Sep/2022:14:07:11 +0000] "GET /favicon.ico HTTP/1.1" 404 150 "-" "Mozilla/5.0 (X11; Linux x86_64) AppleWebKit/537.36 (KHTML, like Gecko) Chrome/83.0.4103.97 Safari/537.36"
::ffff:35.88.250.47 - - [12/Sep/2022:14:07:11 +0000] "GET / HTTP/1.1" 200 58140 "-" "Mozilla/5.0 (X11; Linux x86_64) AppleWebKit/537.36 (KHTML, like Gecko) Chrome/83.0.4103.97 Safari/537.36"
::ffff:51.222.253.20 - - [12/Sep/2022:14:08:13 +0000] "GET /contact?s=1&ss=6 HTTP/1.1" 200 9997 "-" "Mozilla/5.0 (compatible; AhrefsBot/7.0; +http://ahrefs.com/robot/)"
::ffff:172.104.138.223 - - [12/Sep/2022:14:12:16 +0000] "GET /fuN3 HTTP/1.0" 404 143 "-" "Mozilla/5.0 (Windows NT 10.0; Win64; x64) AppleWebKit/537.36 (KHTML, like Gecko) Chrome/91.0.4472.77 Safari/537.36"
::ffff:114.119.151.9 - - [12/Sep/2022:14:12:37 +0000] "GET /docs/MSACFall2021PrelimSchedule.pdf HTTP/1.1" 404 174 "http://www.wadokikai.org/events.html" "Mozilla/5.0 (Linux; Android 7.0;) AppleWebKit/537.36 (KHTML, like Gecko) Mobile Safari/537.36 (compatible; PetalBot;+https://webmaster.petalsearch.com/site/petalbot)"
::ffff:54.36.148.176 - - [12/Sep/2022:14:21:10 +0000] "GET /robots.txt HTTP/1.1" 404 149 "-" "Mozilla/5.0 (compatible; AhrefsBot/7.0; +http://ahrefs.com/robot/)"
::ffff:51.222.253.20 - - [12/Sep/2022:14:21:11 +0000] "GET / HTTP/1.1" 200 58140 "-" "Mozilla/5.0 (compatible; AhrefsBot/7.0; +http://ahrefs.com/robot/)"
::ffff:151.246.121.42 - - [12/Sep/2022:14:21:32 +0000] "GET / HTTP/1.1" 200 58140 "-" "Mozilla/5.0 (Windows NT 10.0; WOW64) AppleWebKit/537.36 (KHTML, like Gecko) Chrome/51.0.2704.103 Safari/537.36"
::ffff:157.55.39.208 - - [12/Sep/2022:14:23:39 +0000] "GET / HTTP/1.1" 200 58140 "-" "Mozilla/5.0 (compatible; bingbot/2.0; +http://www.bing.com/bingbot.htm)"
::ffff:67.160.201.88 - - [12/Sep/2022:14:24:05 +0000] "GET /favicon.ico HTTP/1.1" 404 150 "-" "Mozilla/5.0 (iPhone; CPU iPhone OS 15_6_1 like Mac OS X) AppleWebKit/605.1.15 (KHTML, like Gecko) FxiOS/40.2  Mobile/15E148 Safari/605.1.15"
::ffff:135.125.244.48 - - [12/Sep/2022:14:45:10 +0000] "POST / HTTP/1.1" 404 140 "-" "Mozilla/5.0 (X11; Linux x86_64) AppleWebKit/537.36 (KHTML, like Gecko) Chrome/81.0.4044.129 Safari/537.36"
::ffff:135.125.244.48 - - [12/Sep/2022:14:45:10 +0000] "GET /.env HTTP/1.1" 404 143 "-" "Mozilla/5.0 (X11; Linux x86_64) AppleWebKit/537.36 (KHTML, like Gecko) Chrome/81.0.4044.129 Safari/537.36"
::ffff:207.46.13.99 - - [12/Sep/2022:14:45:55 +0000] "GET / HTTP/1.1" 200 58140 "-" "Mozilla/5.0 (compatible; bingbot/2.0; +http://www.bing.com/bingbot.htm)"
::ffff:167.172.98.173 - - [12/Sep/2022:14:56:52 +0000] "GET / HTTP/1.1" 200 58140 "-" "Mozilla/5.0 (X11; Ubuntu; Linux x86_64; rv:91.0) Gecko/20100101 Firefox/91.0"
::ffff:128.1.248.26 - - [12/Sep/2022:15:04:06 +0000] "GET / HTTP/1.1" 200 58140 "-" "Mozilla/5.0 (Windows NT 10.0; Win64; x64) AppleWebKit/537.36 (KHTML, like Gecko) Chrome/60.0.3112.113 Safari/537.36"
::ffff:5.11.74.138 - - [12/Sep/2022:15:04:47 +0000] "GET / HTTP/1.1" 200 58140 "-" "Mozilla/5.0 (Windows NT 6.1; WOW64) AppleWebKit/537.36 (KHTML, like Gecko) Chrome/51.0.2704.103 Safari/537.36"
::ffff:66.249.79.172 - - [12/Sep/2022:15:08:44 +0000] "GET /robots.txt HTTP/1.1" 404 149 "-" "Mozilla/5.0 (compatible; Googlebot/2.1; +http://www.google.com/bot.html)"
::ffff:66.249.79.172 - - [12/Sep/2022:15:08:44 +0000] "GET /events HTTP/1.1" 200 9083 "-" "Mozilla/5.0 (compatible; Googlebot/2.1; +http://www.google.com/bot.html)"
::ffff:51.222.253.4 - - [12/Sep/2022:15:15:35 +0000] "GET /contact?s=1&ss=4 HTTP/1.1" 200 9997 "-" "Mozilla/5.0 (compatible; AhrefsBot/7.0; +http://ahrefs.com/robot/)"
::ffff:37.139.53.86 - - [12/Sep/2022:15:28:59 +0000] "GET / HTTP/1.0" 200 58140 "http://wadokikai.org/" "Mozilla/5.0 (Windows NT 10.0; Win64; x64) AppleWebKit/537.36 (KHTML, like Gecko) Chrome/83.0.4103.34 Safari/537.36"
::ffff:37.139.53.86 - - [12/Sep/2022:15:28:59 +0000] "POST /sendemail HTTP/1.0" 302 40 "http://wadokikai.org/" "Mozilla/5.0 (Windows NT 10.0; Win64; x64) AppleWebKit/537.36 (KHTML, like Gecko) Chrome/83.0.4103.34 Safari/537.36"
::ffff:37.139.53.86 - - [12/Sep/2022:15:29:00 +0000] "GET /?err=error HTTP/1.0" 200 58692 "http://wadokikai.org/?err=error#signup" "Mozilla/5.0 (Windows NT 10.0; Win64; x64) AppleWebKit/537.36 (KHTML, like Gecko) Chrome/83.0.4103.34 Safari/537.36"
::ffff:157.55.39.203 - - [12/Sep/2022:15:33:06 +0000] "GET / HTTP/1.1" 200 58140 "-" "Mozilla/5.0 (compatible; bingbot/2.0; +http://www.bing.com/bingbot.htm)"
::ffff:157.55.39.226 - - [12/Sep/2022:15:40:43 +0000] "GET / HTTP/1.1" 200 58140 "-" "Mozilla/5.0 (compatible; bingbot/2.0; +http://www.bing.com/bingbot.htm)"
::ffff:135.125.244.48 - - [12/Sep/2022:15:52:55 +0000] "POST / HTTP/1.1" 404 140 "-" "Mozilla/5.0 (X11; Linux x86_64) AppleWebKit/537.36 (KHTML, like Gecko) Chrome/81.0.4044.129 Safari/537.36"
::ffff:135.125.244.48 - - [12/Sep/2022:15:52:55 +0000] "GET /.env HTTP/1.1" 404 143 "-" "Mozilla/5.0 (X11; Linux x86_64) AppleWebKit/537.36 (KHTML, like Gecko) Chrome/81.0.4044.129 Safari/537.36"
::ffff:66.249.79.180 - - [12/Sep/2022:15:53:44 +0000] "GET /locations.php HTTP/1.1" 404 152 "-" "Mozilla/5.0 (compatible; Googlebot/2.1; +http://www.google.com/bot.html)"
::ffff:114.119.145.212 - - [12/Sep/2022:15:59:10 +0000] "GET /docs/Twenty%20guiding%20principles%20of%20Karate.pdf HTTP/1.1" 200 49483 "http://34.212.47.6/resources" "Mozilla/5.0 (Linux; Android 7.0;) AppleWebKit/537.36 (KHTML, like Gecko) Mobile Safari/537.36 (compatible; PetalBot;+https://webmaster.petalsearch.com/site/petalbot)"
::ffff:54.191.170.71 - - [12/Sep/2022:16:01:56 +0000] "GET /.env HTTP/1.1" 404 143 "-" "Mozilla/5.0 (Linux; U; Android 4.4.2; en-US; HM NOTE 1W Build/KOT49H) AppleWebKit/534.30 (KHTML, like Gecko) Version/4.0 UCBrowser/11.0.5.850 U3/0.8.0 Mobile Safari/534.30"
::ffff:54.191.170.71 - - [12/Sep/2022:16:01:56 +0000] "POST / HTTP/1.1" 404 140 "-" "Mozilla/5.0 (Linux; U; Android 4.4.2; en-US; HM NOTE 1W Build/KOT49H) AppleWebKit/534.30 (KHTML, like Gecko) Version/4.0 UCBrowser/11.0.5.850 U3/0.8.0 Mobile Safari/534.30"
::ffff:54.191.170.71 - - [12/Sep/2022:16:02:09 +0000] "GET /.env HTTP/1.1" 404 143 "-" "Mozilla/5.0 (Linux; U; Android 4.4.2; en-US; HM NOTE 1W Build/KOT49H) AppleWebKit/534.30 (KHTML, like Gecko) Version/4.0 UCBrowser/11.0.5.850 U3/0.8.0 Mobile Safari/534.30"
::ffff:54.191.170.71 - - [12/Sep/2022:16:02:09 +0000] "POST / HTTP/1.1" 404 140 "-" "Mozilla/5.0 (Linux; U; Android 4.4.2; en-US; HM NOTE 1W Build/KOT49H) AppleWebKit/534.30 (KHTML, like Gecko) Version/4.0 UCBrowser/11.0.5.850 U3/0.8.0 Mobile Safari/534.30"
::ffff:199.187.211.200 - - [12/Sep/2022:16:07:49 +0000] "GET / HTTP/1.1" 200 58140 "-" "Mozilla/5.0 (Macintosh; Intel Mac OS X 12_5) AppleWebKit/537.36 (KHTML, like Gecko) Chrome/103.0.0.0 YaBrowser/22.7.0 Yowser/2.5 Safari/537.36"
::ffff:199.187.211.200 - - [12/Sep/2022:16:07:52 +0000] "POST /sendemail HTTP/1.1" 302 94 "http://wadokikai.net" "Mozilla/5.0 (Macintosh; Intel Mac OS X 12_5) AppleWebKit/537.36 (KHTML, like Gecko) Chrome/103.0.0.0 YaBrowser/22.7.0 Yowser/2.5 Safari/537.36"
::ffff:199.187.211.200 - - [12/Sep/2022:16:07:52 +0000] "GET /?msg=sent&s=1 HTTP/1.1" 200 58540 "http://wadokikai.net/sendemail" "Mozilla/5.0 (Macintosh; Intel Mac OS X 12_5) AppleWebKit/537.36 (KHTML, like Gecko) Chrome/103.0.0.0 YaBrowser/22.7.0 Yowser/2.5 Safari/537.36"
::ffff:173.44.51.4 - - [12/Sep/2022:16:10:25 +0000] "GET /.env HTTP/1.1" 404 143 "-" "Mozilla/5.0 (X11; Linux x86_64) AppleWebKit/537.36 (KHTML, like Gecko) Chrome/81.0.4044.129 Safari/537.36"
::ffff:173.44.51.4 - - [12/Sep/2022:16:10:25 +0000] "POST / HTTP/1.1" 404 140 "-" "Mozilla/5.0 (X11; Linux x86_64) AppleWebKit/537.36 (KHTML, like Gecko) Chrome/81.0.4044.129 Safari/537.36"
::ffff:37.139.53.81 - - [12/Sep/2022:16:19:20 +0000] "GET / HTTP/1.0" 200 58140 "http://wadokikai.net/" "Mozilla/5.0 (Windows NT 10.0; Win64; x64) AppleWebKit/537.36 (KHTML, like Gecko) Chrome/83.0.4099.2 Safari/537.36"
::ffff:37.139.53.81 - - [12/Sep/2022:16:19:21 +0000] "POST /sendemail HTTP/1.0" 302 40 "http://wadokikai.net/" "Mozilla/5.0 (Windows NT 10.0; Win64; x64) AppleWebKit/537.36 (KHTML, like Gecko) Chrome/83.0.4099.2 Safari/537.36"
::ffff:37.139.53.81 - - [12/Sep/2022:16:19:21 +0000] "GET /?err=error HTTP/1.0" 200 58692 "http://wadokikai.net/?err=error#signup" "Mozilla/5.0 (Windows NT 10.0; Win64; x64) AppleWebKit/537.36 (KHTML, like Gecko) Chrome/83.0.4099.2 Safari/537.36"
