::ffff:136.24.141.37 - - [24/Jul/2022:00:00:45 +0000] "GET /images/wadokikai%20kanji.jpg HTTP/1.1" 404 167 "http://wadokikai.org/" "Mozilla/5.0 (Macintosh; Intel Mac OS X 10_15_7) AppleWebKit/537.36 (KHTML, like Gecko) Chrome/103.0.0.0 Safari/537.36"
::ffff:185.254.196.115 - - [24/Jul/2022:00:01:37 +0000] "GET /.env HTTP/1.1" 404 143 "-" "Mozilla/5.0 (X11; Linux x86_64) AppleWebKit/537.36 (KHTML, like Gecko) Chrome/81.0.4044.129 Safari/537.36"
::ffff:185.254.196.115 - - [24/Jul/2022:00:01:38 +0000] "POST / HTTP/1.1" 404 140 "-" "Mozilla/5.0 (X11; Linux x86_64) AppleWebKit/537.36 (KHTML, like Gecko) Chrome/81.0.4044.129 Safari/537.36"
::ffff:136.24.141.37 - - [24/Jul/2022:00:03:45 +0000] "GET /images/wadokikai%20kanji.jpg HTTP/1.1" 404 167 "http://wadokikai.org/" "Mozilla/5.0 (Macintosh; Intel Mac OS X 10_15_7) AppleWebKit/537.36 (KHTML, like Gecko) Chrome/103.0.0.0 Safari/537.36"
::ffff:213.180.203.89 - - [24/Jul/2022:00:05:10 +0000] "GET /robots.txt HTTP/1.1" 404 149 "-" "Mozilla/5.0 (compatible; YandexBot/3.0; +http://yandex.com/bots)"
::ffff:141.8.142.78 - - [24/Jul/2022:00:05:10 +0000] "GET /robots.txt HTTP/1.1" 404 149 "-" "Mozilla/5.0 (compatible; YandexBot/3.0; +http://yandex.com/bots)"
::ffff:213.180.203.89 - - [24/Jul/2022:00:05:14 +0000] "GET / HTTP/1.1" 200 57618 "-" "Mozilla/5.0 (compatible; YandexBot/3.0; +http://yandex.com/bots)"
::ffff:213.180.203.89 - - [24/Jul/2022:00:05:14 +0000] "GET / HTTP/1.1" 200 57618 "-" "Mozilla/5.0 (compatible; YandexBot/3.0; +http://yandex.com/bots)"
::ffff:136.24.141.37 - - [24/Jul/2022:00:06:45 +0000] "GET /images/wadokikai%20kanji.jpg HTTP/1.1" 404 167 "http://wadokikai.org/" "Mozilla/5.0 (Macintosh; Intel Mac OS X 10_15_7) AppleWebKit/537.36 (KHTML, like Gecko) Chrome/103.0.0.0 Safari/537.36"
::ffff:185.7.214.104 - - [24/Jul/2022:00:08:19 +0000] "POST /cgi-bin/.%2e/.%2e/.%2e/.%2e/bin/sh HTTP/1.1" 404 174 "-" "Mozilla/5.0 (Windows NT 10.0; Win64; x64) AppleWebKit/537.36 (KHTML, like Gecko) Chrome/78.0.3904.108 Safari/537.36"
::ffff:136.24.141.37 - - [24/Jul/2022:00:09:03 +0000] "GET /images/wadokikai%20kanji.jpg HTTP/1.1" 404 167 "http://wadokikai.org/" "Mozilla/5.0 (Macintosh; Intel Mac OS X 10_15_7) AppleWebKit/537.36 (KHTML, like Gecko) Chrome/103.0.0.0 Safari/537.36"
::ffff:136.24.141.37 - - [24/Jul/2022:00:09:13 +0000] "GET /images/wadokikai%20kanji.jpg HTTP/1.1" 404 167 "http://wadokikai.org/" "Mozilla/5.0 (Macintosh; Intel Mac OS X 10_15_7) AppleWebKit/537.36 (KHTML, like Gecko) Chrome/103.0.0.0 Safari/537.36"
::ffff:136.24.141.37 - - [24/Jul/2022:00:09:24 +0000] "GET /images/wadokikai%20kanji.jpg HTTP/1.1" 404 167 "http://wadokikai.org/" "Mozilla/5.0 (Macintosh; Intel Mac OS X 10_15_7) AppleWebKit/537.36 (KHTML, like Gecko) Chrome/103.0.0.0 Safari/537.36"
::ffff:136.24.141.37 - - [24/Jul/2022:00:09:36 +0000] "GET /images/wadokikai%20kanji.jpg HTTP/1.1" 404 167 "http://wadokikai.org/" "Mozilla/5.0 (Macintosh; Intel Mac OS X 10_15_7) AppleWebKit/537.36 (KHTML, like Gecko) Chrome/103.0.0.0 Safari/537.36"
::ffff:136.24.141.37 - - [24/Jul/2022:00:09:48 +0000] "GET /images/wadokikai%20kanji.jpg HTTP/1.1" 404 167 "http://wadokikai.org/" "Mozilla/5.0 (Macintosh; Intel Mac OS X 10_15_7) AppleWebKit/537.36 (KHTML, like Gecko) Chrome/103.0.0.0 Safari/537.36"
::ffff:136.24.141.37 - - [24/Jul/2022:00:10:00 +0000] "GET /images/wadokikai%20kanji.jpg HTTP/1.1" 404 167 "http://wadokikai.org/" "Mozilla/5.0 (Macintosh; Intel Mac OS X 10_15_7) AppleWebKit/537.36 (KHTML, like Gecko) Chrome/103.0.0.0 Safari/537.36"
::ffff:136.24.141.37 - - [24/Jul/2022:00:10:12 +0000] "GET /images/wadokikai%20kanji.jpg HTTP/1.1" 404 167 "http://wadokikai.org/" "Mozilla/5.0 (Macintosh; Intel Mac OS X 10_15_7) AppleWebKit/537.36 (KHTML, like Gecko) Chrome/103.0.0.0 Safari/537.36"
::ffff:136.24.141.37 - - [24/Jul/2022:00:10:25 +0000] "GET /images/wadokikai%20kanji.jpg HTTP/1.1" 404 167 "http://wadokikai.org/" "Mozilla/5.0 (Macintosh; Intel Mac OS X 10_15_7) AppleWebKit/537.36 (KHTML, like Gecko) Chrome/103.0.0.0 Safari/537.36"
::ffff:136.24.141.37 - - [24/Jul/2022:00:10:38 +0000] "GET /images/wadokikai%20kanji.jpg HTTP/1.1" 404 167 "http://wadokikai.org/" "Mozilla/5.0 (Macintosh; Intel Mac OS X 10_15_7) AppleWebKit/537.36 (KHTML, like Gecko) Chrome/103.0.0.0 Safari/537.36"
::ffff:136.24.141.37 - - [24/Jul/2022:00:10:50 +0000] "GET /images/wadokikai%20kanji.jpg HTTP/1.1" 404 167 "http://wadokikai.org/" "Mozilla/5.0 (Macintosh; Intel Mac OS X 10_15_7) AppleWebKit/537.36 (KHTML, like Gecko) Chrome/103.0.0.0 Safari/537.36"
::ffff:136.24.141.37 - - [24/Jul/2022:00:11:04 +0000] "GET /images/wadokikai%20kanji.jpg HTTP/1.1" 404 167 "http://wadokikai.org/" "Mozilla/5.0 (Macintosh; Intel Mac OS X 10_15_7) AppleWebKit/537.36 (KHTML, like Gecko) Chrome/103.0.0.0 Safari/537.36"
::ffff:136.24.141.37 - - [24/Jul/2022:00:11:16 +0000] "GET /images/wadokikai%20kanji.jpg HTTP/1.1" 404 167 "http://wadokikai.org/" "Mozilla/5.0 (Macintosh; Intel Mac OS X 10_15_7) AppleWebKit/537.36 (KHTML, like Gecko) Chrome/103.0.0.0 Safari/537.36"
::ffff:136.24.141.37 - - [24/Jul/2022:00:11:28 +0000] "GET /images/wadokikai%20kanji.jpg HTTP/1.1" 404 167 "http://wadokikai.org/" "Mozilla/5.0 (Macintosh; Intel Mac OS X 10_15_7) AppleWebKit/537.36 (KHTML, like Gecko) Chrome/103.0.0.0 Safari/537.36"
::ffff:136.24.141.37 - - [24/Jul/2022:00:11:41 +0000] "GET /images/wadokikai%20kanji.jpg HTTP/1.1" 404 167 "http://wadokikai.org/" "Mozilla/5.0 (Macintosh; Intel Mac OS X 10_15_7) AppleWebKit/537.36 (KHTML, like Gecko) Chrome/103.0.0.0 Safari/537.36"
::ffff:136.24.141.37 - - [24/Jul/2022:00:11:53 +0000] "GET /images/wadokikai%20kanji.jpg HTTP/1.1" 404 167 "http://wadokikai.org/" "Mozilla/5.0 (Macintosh; Intel Mac OS X 10_15_7) AppleWebKit/537.36 (KHTML, like Gecko) Chrome/103.0.0.0 Safari/537.36"
::ffff:136.24.141.37 - - [24/Jul/2022:00:12:05 +0000] "GET /images/wadokikai%20kanji.jpg HTTP/1.1" 404 167 "http://wadokikai.org/" "Mozilla/5.0 (Macintosh; Intel Mac OS X 10_15_7) AppleWebKit/537.36 (KHTML, like Gecko) Chrome/103.0.0.0 Safari/537.36"
::ffff:136.24.141.37 - - [24/Jul/2022:00:12:20 +0000] "GET /images/wadokikai%20kanji.jpg HTTP/1.1" 404 167 "http://wadokikai.org/" "Mozilla/5.0 (Macintosh; Intel Mac OS X 10_15_7) AppleWebKit/537.36 (KHTML, like Gecko) Chrome/103.0.0.0 Safari/537.36"
::ffff:136.24.141.37 - - [24/Jul/2022:00:12:33 +0000] "GET /images/wadokikai%20kanji.jpg HTTP/1.1" 404 167 "http://wadokikai.org/" "Mozilla/5.0 (Macintosh; Intel Mac OS X 10_15_7) AppleWebKit/537.36 (KHTML, like Gecko) Chrome/103.0.0.0 Safari/537.36"
::ffff:136.24.141.37 - - [24/Jul/2022:00:12:45 +0000] "GET /images/wadokikai%20kanji.jpg HTTP/1.1" 404 167 "http://wadokikai.org/" "Mozilla/5.0 (Macintosh; Intel Mac OS X 10_15_7) AppleWebKit/537.36 (KHTML, like Gecko) Chrome/103.0.0.0 Safari/537.36"
::ffff:136.24.141.37 - - [24/Jul/2022:00:12:58 +0000] "GET /images/wadokikai%20kanji.jpg HTTP/1.1" 404 167 "http://wadokikai.org/" "Mozilla/5.0 (Macintosh; Intel Mac OS X 10_15_7) AppleWebKit/537.36 (KHTML, like Gecko) Chrome/103.0.0.0 Safari/537.36"
::ffff:136.24.141.37 - - [24/Jul/2022:00:13:11 +0000] "GET /images/wadokikai%20kanji.jpg HTTP/1.1" 404 167 "http://wadokikai.org/" "Mozilla/5.0 (Macintosh; Intel Mac OS X 10_15_7) AppleWebKit/537.36 (KHTML, like Gecko) Chrome/103.0.0.0 Safari/537.36"
::ffff:136.24.141.37 - - [24/Jul/2022:00:13:23 +0000] "GET /images/wadokikai%20kanji.jpg HTTP/1.1" 404 167 "http://wadokikai.org/" "Mozilla/5.0 (Macintosh; Intel Mac OS X 10_15_7) AppleWebKit/537.36 (KHTML, like Gecko) Chrome/103.0.0.0 Safari/537.36"
::ffff:136.24.141.37 - - [24/Jul/2022:00:13:36 +0000] "GET /images/wadokikai%20kanji.jpg HTTP/1.1" 404 167 "http://wadokikai.org/" "Mozilla/5.0 (Macintosh; Intel Mac OS X 10_15_7) AppleWebKit/537.36 (KHTML, like Gecko) Chrome/103.0.0.0 Safari/537.36"
::ffff:136.24.141.37 - - [24/Jul/2022:00:13:48 +0000] "GET /images/wadokikai%20kanji.jpg HTTP/1.1" 404 167 "http://wadokikai.org/" "Mozilla/5.0 (Macintosh; Intel Mac OS X 10_15_7) AppleWebKit/537.36 (KHTML, like Gecko) Chrome/103.0.0.0 Safari/537.36"
::ffff:136.24.141.37 - - [24/Jul/2022:00:14:00 +0000] "GET /images/wadokikai%20kanji.jpg HTTP/1.1" 404 167 "http://wadokikai.org/" "Mozilla/5.0 (Macintosh; Intel Mac OS X 10_15_7) AppleWebKit/537.36 (KHTML, like Gecko) Chrome/103.0.0.0 Safari/537.36"
::ffff:136.24.141.37 - - [24/Jul/2022:00:14:12 +0000] "GET /images/wadokikai%20kanji.jpg HTTP/1.1" 404 167 "http://wadokikai.org/" "Mozilla/5.0 (Macintosh; Intel Mac OS X 10_15_7) AppleWebKit/537.36 (KHTML, like Gecko) Chrome/103.0.0.0 Safari/537.36"
::ffff:136.24.141.37 - - [24/Jul/2022:00:14:24 +0000] "GET /images/wadokikai%20kanji.jpg HTTP/1.1" 404 167 "http://wadokikai.org/" "Mozilla/5.0 (Macintosh; Intel Mac OS X 10_15_7) AppleWebKit/537.36 (KHTML, like Gecko) Chrome/103.0.0.0 Safari/537.36"
::ffff:136.24.141.37 - - [24/Jul/2022:00:15:45 +0000] "GET /images/wadokikai%20kanji.jpg HTTP/1.1" 404 167 "http://wadokikai.org/" "Mozilla/5.0 (Macintosh; Intel Mac OS X 10_15_7) AppleWebKit/537.36 (KHTML, like Gecko) Chrome/103.0.0.0 Safari/537.36"
::ffff:136.24.141.37 - - [24/Jul/2022:00:18:45 +0000] "GET /images/wadokikai%20kanji.jpg HTTP/1.1" 404 167 "http://wadokikai.org/" "Mozilla/5.0 (Macintosh; Intel Mac OS X 10_15_7) AppleWebKit/537.36 (KHTML, like Gecko) Chrome/103.0.0.0 Safari/537.36"
::ffff:136.24.141.37 - - [24/Jul/2022:00:21:45 +0000] "GET /images/wadokikai%20kanji.jpg HTTP/1.1" 404 167 "http://wadokikai.org/" "Mozilla/5.0 (Macintosh; Intel Mac OS X 10_15_7) AppleWebKit/537.36 (KHTML, like Gecko) Chrome/103.0.0.0 Safari/537.36"
::ffff:136.24.141.37 - - [24/Jul/2022:00:24:45 +0000] "GET /images/wadokikai%20kanji.jpg HTTP/1.1" 404 167 "http://wadokikai.org/" "Mozilla/5.0 (Macintosh; Intel Mac OS X 10_15_7) AppleWebKit/537.36 (KHTML, like Gecko) Chrome/103.0.0.0 Safari/537.36"
::ffff:136.24.141.37 - - [24/Jul/2022:00:27:45 +0000] "GET /images/wadokikai%20kanji.jpg HTTP/1.1" 404 167 "http://wadokikai.org/" "Mozilla/5.0 (Macintosh; Intel Mac OS X 10_15_7) AppleWebKit/537.36 (KHTML, like Gecko) Chrome/103.0.0.0 Safari/537.36"
::ffff:136.24.141.37 - - [24/Jul/2022:00:30:45 +0000] "GET /images/wadokikai%20kanji.jpg HTTP/1.1" 404 167 "http://wadokikai.org/" "Mozilla/5.0 (Macintosh; Intel Mac OS X 10_15_7) AppleWebKit/537.36 (KHTML, like Gecko) Chrome/103.0.0.0 Safari/537.36"
::ffff:136.24.141.37 - - [24/Jul/2022:00:33:45 +0000] "GET /images/wadokikai%20kanji.jpg HTTP/1.1" 404 167 "http://wadokikai.org/" "Mozilla/5.0 (Macintosh; Intel Mac OS X 10_15_7) AppleWebKit/537.36 (KHTML, like Gecko) Chrome/103.0.0.0 Safari/537.36"
::ffff:136.24.141.37 - - [24/Jul/2022:00:36:45 +0000] "GET /images/wadokikai%20kanji.jpg HTTP/1.1" 404 167 "http://wadokikai.org/" "Mozilla/5.0 (Macintosh; Intel Mac OS X 10_15_7) AppleWebKit/537.36 (KHTML, like Gecko) Chrome/103.0.0.0 Safari/537.36"
::ffff:136.24.141.37 - - [24/Jul/2022:00:39:45 +0000] "GET /images/wadokikai%20kanji.jpg HTTP/1.1" 404 167 "http://wadokikai.org/" "Mozilla/5.0 (Macintosh; Intel Mac OS X 10_15_7) AppleWebKit/537.36 (KHTML, like Gecko) Chrome/103.0.0.0 Safari/537.36"
::ffff:136.24.141.37 - - [24/Jul/2022:00:42:45 +0000] "GET /images/wadokikai%20kanji.jpg HTTP/1.1" 404 167 "http://wadokikai.org/" "Mozilla/5.0 (Macintosh; Intel Mac OS X 10_15_7) AppleWebKit/537.36 (KHTML, like Gecko) Chrome/103.0.0.0 Safari/537.36"
::ffff:136.24.141.37 - - [24/Jul/2022:00:45:45 +0000] "GET /images/wadokikai%20kanji.jpg HTTP/1.1" 404 167 "http://wadokikai.org/" "Mozilla/5.0 (Macintosh; Intel Mac OS X 10_15_7) AppleWebKit/537.36 (KHTML, like Gecko) Chrome/103.0.0.0 Safari/537.36"
::ffff:136.24.141.37 - - [24/Jul/2022:00:48:45 +0000] "GET /images/wadokikai%20kanji.jpg HTTP/1.1" 404 167 "http://wadokikai.org/" "Mozilla/5.0 (Macintosh; Intel Mac OS X 10_15_7) AppleWebKit/537.36 (KHTML, like Gecko) Chrome/103.0.0.0 Safari/537.36"
::ffff:185.7.214.104 - - [24/Jul/2022:00:48:59 +0000] "GET / HTTP/1.1" 200 57618 "-" "Mozilla/5.0 (Windows NT 10.0; Win64; x64) AppleWebKit/537.36 (KHTML, like Gecko) Chrome/78.0.3904.108 Safari/537.36"
::ffff:136.24.141.37 - - [24/Jul/2022:00:56:23 +0000] "GET /images/wadokikai%20kanji.jpg HTTP/1.1" 404 167 "http://wadokikai.org/" "Mozilla/5.0 (Macintosh; Intel Mac OS X 10_15_7) AppleWebKit/537.36 (KHTML, like Gecko) Chrome/103.0.0.0 Safari/537.36"
::ffff:136.24.141.37 - - [24/Jul/2022:00:59:23 +0000] "GET /images/wadokikai%20kanji.jpg HTTP/1.1" 404 167 "http://wadokikai.org/" "Mozilla/5.0 (Macintosh; Intel Mac OS X 10_15_7) AppleWebKit/537.36 (KHTML, like Gecko) Chrome/103.0.0.0 Safari/537.36"
::ffff:136.24.141.37 - - [24/Jul/2022:01:02:23 +0000] "GET /images/wadokikai%20kanji.jpg HTTP/1.1" 404 167 "http://wadokikai.org/" "Mozilla/5.0 (Macintosh; Intel Mac OS X 10_15_7) AppleWebKit/537.36 (KHTML, like Gecko) Chrome/103.0.0.0 Safari/537.36"
::ffff:135.125.246.110 - - [24/Jul/2022:01:03:03 +0000] "POST / HTTP/1.1" 404 140 "-" "Mozilla/5.0 (X11; Linux x86_64) AppleWebKit/537.36 (KHTML, like Gecko) Chrome/81.0.4044.129 Safari/537.36"
::ffff:135.125.246.110 - - [24/Jul/2022:01:03:04 +0000] "GET /.env HTTP/1.1" 404 143 "-" "Mozilla/5.0 (X11; Linux x86_64) AppleWebKit/537.36 (KHTML, like Gecko) Chrome/81.0.4044.129 Safari/537.36"
::ffff:136.24.141.37 - - [24/Jul/2022:01:05:23 +0000] "GET /images/wadokikai%20kanji.jpg HTTP/1.1" 404 167 "http://wadokikai.org/" "Mozilla/5.0 (Macintosh; Intel Mac OS X 10_15_7) AppleWebKit/537.36 (KHTML, like Gecko) Chrome/103.0.0.0 Safari/537.36"
::ffff:136.24.141.37 - - [24/Jul/2022:01:08:23 +0000] "GET /images/wadokikai%20kanji.jpg HTTP/1.1" 404 167 "http://wadokikai.org/" "Mozilla/5.0 (Macintosh; Intel Mac OS X 10_15_7) AppleWebKit/537.36 (KHTML, like Gecko) Chrome/103.0.0.0 Safari/537.36"
::ffff:136.24.141.37 - - [24/Jul/2022:01:11:23 +0000] "GET /images/wadokikai%20kanji.jpg HTTP/1.1" 404 167 "http://wadokikai.org/" "Mozilla/5.0 (Macintosh; Intel Mac OS X 10_15_7) AppleWebKit/537.36 (KHTML, like Gecko) Chrome/103.0.0.0 Safari/537.36"
::ffff:207.46.13.46 - - [24/Jul/2022:01:13:34 +0000] "GET / HTTP/1.1" 200 57618 "-" "Mozilla/5.0 (compatible; bingbot/2.0; +http://www.bing.com/bingbot.htm)"
::ffff:136.24.141.37 - - [24/Jul/2022:01:14:23 +0000] "GET /images/wadokikai%20kanji.jpg HTTP/1.1" 404 167 "http://wadokikai.org/" "Mozilla/5.0 (Macintosh; Intel Mac OS X 10_15_7) AppleWebKit/537.36 (KHTML, like Gecko) Chrome/103.0.0.0 Safari/537.36"
::ffff:136.24.141.37 - - [24/Jul/2022:01:15:25 +0000] "GET /images/wadokikai%20kanji.jpg HTTP/1.1" 404 167 "http://wadokikai.org/" "Mozilla/5.0 (Macintosh; Intel Mac OS X 10_15_7) AppleWebKit/537.36 (KHTML, like Gecko) Chrome/103.0.0.0 Safari/537.36"
::ffff:136.24.141.37 - - [24/Jul/2022:01:15:37 +0000] "GET /images/wadokikai%20kanji.jpg HTTP/1.1" 404 167 "http://wadokikai.org/" "Mozilla/5.0 (Macintosh; Intel Mac OS X 10_15_7) AppleWebKit/537.36 (KHTML, like Gecko) Chrome/103.0.0.0 Safari/537.36"
::ffff:136.24.141.37 - - [24/Jul/2022:01:15:49 +0000] "GET /images/wadokikai%20kanji.jpg HTTP/1.1" 404 167 "http://wadokikai.org/" "Mozilla/5.0 (Macintosh; Intel Mac OS X 10_15_7) AppleWebKit/537.36 (KHTML, like Gecko) Chrome/103.0.0.0 Safari/537.36"
::ffff:136.24.141.37 - - [24/Jul/2022:01:16:01 +0000] "GET /images/wadokikai%20kanji.jpg HTTP/1.1" 404 167 "http://wadokikai.org/" "Mozilla/5.0 (Macintosh; Intel Mac OS X 10_15_7) AppleWebKit/537.36 (KHTML, like Gecko) Chrome/103.0.0.0 Safari/537.36"
::ffff:136.24.141.37 - - [24/Jul/2022:01:16:13 +0000] "GET /images/wadokikai%20kanji.jpg HTTP/1.1" 404 167 "http://wadokikai.org/" "Mozilla/5.0 (Macintosh; Intel Mac OS X 10_15_7) AppleWebKit/537.36 (KHTML, like Gecko) Chrome/103.0.0.0 Safari/537.36"
::ffff:136.24.141.37 - - [24/Jul/2022:01:16:25 +0000] "GET /images/wadokikai%20kanji.jpg HTTP/1.1" 404 167 "http://wadokikai.org/" "Mozilla/5.0 (Macintosh; Intel Mac OS X 10_15_7) AppleWebKit/537.36 (KHTML, like Gecko) Chrome/103.0.0.0 Safari/537.36"
::ffff:136.24.141.37 - - [24/Jul/2022:01:16:37 +0000] "GET /images/wadokikai%20kanji.jpg HTTP/1.1" 404 167 "http://wadokikai.org/" "Mozilla/5.0 (Macintosh; Intel Mac OS X 10_15_7) AppleWebKit/537.36 (KHTML, like Gecko) Chrome/103.0.0.0 Safari/537.36"
::ffff:136.24.141.37 - - [24/Jul/2022:01:16:49 +0000] "GET /images/wadokikai%20kanji.jpg HTTP/1.1" 404 167 "http://wadokikai.org/" "Mozilla/5.0 (Macintosh; Intel Mac OS X 10_15_7) AppleWebKit/537.36 (KHTML, like Gecko) Chrome/103.0.0.0 Safari/537.36"
::ffff:136.24.141.37 - - [24/Jul/2022:01:17:01 +0000] "GET /images/wadokikai%20kanji.jpg HTTP/1.1" 404 167 "http://wadokikai.org/" "Mozilla/5.0 (Macintosh; Intel Mac OS X 10_15_7) AppleWebKit/537.36 (KHTML, like Gecko) Chrome/103.0.0.0 Safari/537.36"
::ffff:136.24.141.37 - - [24/Jul/2022:01:17:13 +0000] "GET /images/wadokikai%20kanji.jpg HTTP/1.1" 404 167 "http://wadokikai.org/" "Mozilla/5.0 (Macintosh; Intel Mac OS X 10_15_7) AppleWebKit/537.36 (KHTML, like Gecko) Chrome/103.0.0.0 Safari/537.36"
::ffff:136.24.141.37 - - [24/Jul/2022:01:17:25 +0000] "GET /images/wadokikai%20kanji.jpg HTTP/1.1" 404 167 "http://wadokikai.org/" "Mozilla/5.0 (Macintosh; Intel Mac OS X 10_15_7) AppleWebKit/537.36 (KHTML, like Gecko) Chrome/103.0.0.0 Safari/537.36"
::ffff:136.24.141.37 - - [24/Jul/2022:01:17:37 +0000] "GET /images/wadokikai%20kanji.jpg HTTP/1.1" 404 167 "http://wadokikai.org/" "Mozilla/5.0 (Macintosh; Intel Mac OS X 10_15_7) AppleWebKit/537.36 (KHTML, like Gecko) Chrome/103.0.0.0 Safari/537.36"
::ffff:136.24.141.37 - - [24/Jul/2022:01:17:46 +0000] "GET /images/tiger.bmp HTTP/1.1" 200 311274 "http://wadokikai.org/" "Mozilla/5.0 (Macintosh; Intel Mac OS X 10_15_7) AppleWebKit/537.36 (KHTML, like Gecko) Chrome/103.0.0.0 Safari/537.36"
::ffff:136.24.141.37 - - [24/Jul/2022:01:17:50 +0000] "GET /images/wadokikai%20kanji.jpg HTTP/1.1" 404 167 "http://wadokikai.org/" "Mozilla/5.0 (Macintosh; Intel Mac OS X 10_15_7) AppleWebKit/537.36 (KHTML, like Gecko) Chrome/103.0.0.0 Safari/537.36"
::ffff:136.24.141.37 - - [24/Jul/2022:01:18:02 +0000] "GET /images/wadokikai%20kanji.jpg HTTP/1.1" 404 167 "http://wadokikai.org/" "Mozilla/5.0 (Macintosh; Intel Mac OS X 10_15_7) AppleWebKit/537.36 (KHTML, like Gecko) Chrome/103.0.0.0 Safari/537.36"
::ffff:136.24.141.37 - - [24/Jul/2022:01:18:14 +0000] "GET /images/wadokikai%20kanji.jpg HTTP/1.1" 404 167 "http://wadokikai.org/" "Mozilla/5.0 (Macintosh; Intel Mac OS X 10_15_7) AppleWebKit/537.36 (KHTML, like Gecko) Chrome/103.0.0.0 Safari/537.36"
::ffff:136.24.141.37 - - [24/Jul/2022:01:18:26 +0000] "GET /images/wadokikai%20kanji.jpg HTTP/1.1" 404 167 "http://wadokikai.org/" "Mozilla/5.0 (Macintosh; Intel Mac OS X 10_15_7) AppleWebKit/537.36 (KHTML, like Gecko) Chrome/103.0.0.0 Safari/537.36"
::ffff:136.24.141.37 - - [24/Jul/2022:01:18:39 +0000] "GET /images/wadokikai%20kanji.jpg HTTP/1.1" 404 167 "http://wadokikai.org/" "Mozilla/5.0 (Macintosh; Intel Mac OS X 10_15_7) AppleWebKit/537.36 (KHTML, like Gecko) Chrome/103.0.0.0 Safari/537.36"
::ffff:136.24.141.37 - - [24/Jul/2022:01:18:51 +0000] "GET /images/wadokikai%20kanji.jpg HTTP/1.1" 404 167 "http://wadokikai.org/" "Mozilla/5.0 (Macintosh; Intel Mac OS X 10_15_7) AppleWebKit/537.36 (KHTML, like Gecko) Chrome/103.0.0.0 Safari/537.36"
::ffff:136.24.141.37 - - [24/Jul/2022:01:19:03 +0000] "GET /images/wadokikai%20kanji.jpg HTTP/1.1" 404 167 "http://wadokikai.org/" "Mozilla/5.0 (Macintosh; Intel Mac OS X 10_15_7) AppleWebKit/537.36 (KHTML, like Gecko) Chrome/103.0.0.0 Safari/537.36"
::ffff:136.24.141.37 - - [24/Jul/2022:01:19:15 +0000] "GET /images/wadokikai%20kanji.jpg HTTP/1.1" 404 167 "http://wadokikai.org/" "Mozilla/5.0 (Macintosh; Intel Mac OS X 10_15_7) AppleWebKit/537.36 (KHTML, like Gecko) Chrome/103.0.0.0 Safari/537.36"
::ffff:136.24.141.37 - - [24/Jul/2022:01:19:27 +0000] "GET /images/wadokikai%20kanji.jpg HTTP/1.1" 404 167 "http://wadokikai.org/" "Mozilla/5.0 (Macintosh; Intel Mac OS X 10_15_7) AppleWebKit/537.36 (KHTML, like Gecko) Chrome/103.0.0.0 Safari/537.36"
::ffff:136.24.141.37 - - [24/Jul/2022:01:19:39 +0000] "GET /images/wadokikai%20kanji.jpg HTTP/1.1" 404 167 "http://wadokikai.org/" "Mozilla/5.0 (Macintosh; Intel Mac OS X 10_15_7) AppleWebKit/537.36 (KHTML, like Gecko) Chrome/103.0.0.0 Safari/537.36"
::ffff:136.24.141.37 - - [24/Jul/2022:01:19:51 +0000] "GET /images/wadokikai%20kanji.jpg HTTP/1.1" 404 167 "http://wadokikai.org/" "Mozilla/5.0 (Macintosh; Intel Mac OS X 10_15_7) AppleWebKit/537.36 (KHTML, like Gecko) Chrome/103.0.0.0 Safari/537.36"
::ffff:136.24.141.37 - - [24/Jul/2022:01:20:03 +0000] "GET /images/wadokikai%20kanji.jpg HTTP/1.1" 404 167 "http://wadokikai.org/" "Mozilla/5.0 (Macintosh; Intel Mac OS X 10_15_7) AppleWebKit/537.36 (KHTML, like Gecko) Chrome/103.0.0.0 Safari/537.36"
::ffff:136.24.141.37 - - [24/Jul/2022:01:20:15 +0000] "GET /images/wadokikai%20kanji.jpg HTTP/1.1" 404 167 "http://wadokikai.org/" "Mozilla/5.0 (Macintosh; Intel Mac OS X 10_15_7) AppleWebKit/537.36 (KHTML, like Gecko) Chrome/103.0.0.0 Safari/537.36"
::ffff:136.24.141.37 - - [24/Jul/2022:01:21:23 +0000] "GET /images/wadokikai%20kanji.jpg HTTP/1.1" 404 167 "http://wadokikai.org/" "Mozilla/5.0 (Macintosh; Intel Mac OS X 10_15_7) AppleWebKit/537.36 (KHTML, like Gecko) Chrome/103.0.0.0 Safari/537.36"
::ffff:136.24.141.37 - - [24/Jul/2022:01:24:23 +0000] "GET /images/wadokikai%20kanji.jpg HTTP/1.1" 404 167 "http://wadokikai.org/" "Mozilla/5.0 (Macintosh; Intel Mac OS X 10_15_7) AppleWebKit/537.36 (KHTML, like Gecko) Chrome/103.0.0.0 Safari/537.36"
::ffff:51.222.253.7 - - [24/Jul/2022:01:25:04 +0000] "GET /robots.txt HTTP/1.1" 404 149 "-" "Mozilla/5.0 (compatible; AhrefsBot/7.0; +http://ahrefs.com/robot/)"
::ffff:51.222.253.10 - - [24/Jul/2022:01:25:05 +0000] "GET / HTTP/1.1" 200 57618 "-" "Mozilla/5.0 (compatible; AhrefsBot/7.0; +http://ahrefs.com/robot/)"
::ffff:114.119.145.194 - - [24/Jul/2022:01:25:48 +0000] "GET /contact?s=1&ss=10 HTTP/1.1" 200 9997 "http://34.212.47.6/" "Mozilla/5.0 (Linux; Android 7.0;) AppleWebKit/537.36 (KHTML, like Gecko) Mobile Safari/537.36 (compatible; PetalBot;+https://webmaster.petalsearch.com/site/petalbot)"
::ffff:136.24.141.37 - - [24/Jul/2022:01:27:23 +0000] "GET /images/wadokikai%20kanji.jpg HTTP/1.1" 404 167 "http://wadokikai.org/" "Mozilla/5.0 (Macintosh; Intel Mac OS X 10_15_7) AppleWebKit/537.36 (KHTML, like Gecko) Chrome/103.0.0.0 Safari/537.36"
::ffff:136.24.141.37 - - [24/Jul/2022:01:30:23 +0000] "GET /images/wadokikai%20kanji.jpg HTTP/1.1" 404 167 "http://wadokikai.org/" "Mozilla/5.0 (Macintosh; Intel Mac OS X 10_15_7) AppleWebKit/537.36 (KHTML, like Gecko) Chrome/103.0.0.0 Safari/537.36"
::ffff:136.24.141.37 - - [24/Jul/2022:01:33:23 +0000] "GET /images/wadokikai%20kanji.jpg HTTP/1.1" 404 167 "http://wadokikai.org/" "Mozilla/5.0 (Macintosh; Intel Mac OS X 10_15_7) AppleWebKit/537.36 (KHTML, like Gecko) Chrome/103.0.0.0 Safari/537.36"
::ffff:185.254.196.115 - - [24/Jul/2022:01:34:05 +0000] "GET /.env HTTP/1.1" 404 143 "-" "Mozilla/5.0 (X11; Linux x86_64) AppleWebKit/537.36 (KHTML, like Gecko) Chrome/81.0.4044.129 Safari/537.36"
::ffff:185.254.196.115 - - [24/Jul/2022:01:34:05 +0000] "POST / HTTP/1.1" 404 140 "-" "Mozilla/5.0 (X11; Linux x86_64) AppleWebKit/537.36 (KHTML, like Gecko) Chrome/81.0.4044.129 Safari/537.36"
::ffff:136.24.141.37 - - [24/Jul/2022:01:36:23 +0000] "GET /images/wadokikai%20kanji.jpg HTTP/1.1" 404 167 "http://wadokikai.org/" "Mozilla/5.0 (Macintosh; Intel Mac OS X 10_15_7) AppleWebKit/537.36 (KHTML, like Gecko) Chrome/103.0.0.0 Safari/537.36"
::ffff:136.24.141.37 - - [24/Jul/2022:01:39:23 +0000] "GET /images/wadokikai%20kanji.jpg HTTP/1.1" 404 167 "http://wadokikai.org/" "Mozilla/5.0 (Macintosh; Intel Mac OS X 10_15_7) AppleWebKit/537.36 (KHTML, like Gecko) Chrome/103.0.0.0 Safari/537.36"
::ffff:163.123.143.71 - - [24/Jul/2022:01:41:55 +0000] "POST /boaform/admin/formLogin HTTP/1.1" 404 163 "http://34.212.47.6:80/admin/login.asp" "Mozilla/5.0 (X11; Ubuntu; Linux x86_64; rv:71.0) Gecko/20100101 Firefox/71.0"
::ffff:136.24.141.37 - - [24/Jul/2022:01:42:23 +0000] "GET /images/wadokikai%20kanji.jpg HTTP/1.1" 404 167 "http://wadokikai.org/" "Mozilla/5.0 (Macintosh; Intel Mac OS X 10_15_7) AppleWebKit/537.36 (KHTML, like Gecko) Chrome/103.0.0.0 Safari/537.36"
::ffff:136.24.141.37 - - [24/Jul/2022:01:45:23 +0000] "GET /images/wadokikai%20kanji.jpg HTTP/1.1" 404 167 "http://wadokikai.org/" "Mozilla/5.0 (Macintosh; Intel Mac OS X 10_15_7) AppleWebKit/537.36 (KHTML, like Gecko) Chrome/103.0.0.0 Safari/537.36"
::ffff:136.24.141.37 - - [24/Jul/2022:01:48:23 +0000] "GET /images/wadokikai%20kanji.jpg HTTP/1.1" 404 167 "http://wadokikai.org/" "Mozilla/5.0 (Macintosh; Intel Mac OS X 10_15_7) AppleWebKit/537.36 (KHTML, like Gecko) Chrome/103.0.0.0 Safari/537.36"
::ffff:136.24.141.37 - - [24/Jul/2022:01:51:23 +0000] "GET /images/wadokikai%20kanji.jpg HTTP/1.1" 404 167 "http://wadokikai.org/" "Mozilla/5.0 (Macintosh; Intel Mac OS X 10_15_7) AppleWebKit/537.36 (KHTML, like Gecko) Chrome/103.0.0.0 Safari/537.36"
::ffff:185.7.214.104 - - [24/Jul/2022:01:52:05 +0000] "GET /actuator/gateway/routes HTTP/1.1" 404 162 "-" "Mozilla/5.0 (Windows NT 10.0; Win64; x64) AppleWebKit/537.36 (KHTML, like Gecko) Chrome/78.0.3904.108 Safari/537.36"
::ffff:136.24.141.37 - - [24/Jul/2022:01:54:23 +0000] "GET /images/wadokikai%20kanji.jpg HTTP/1.1" 404 167 "http://wadokikai.org/" "Mozilla/5.0 (Macintosh; Intel Mac OS X 10_15_7) AppleWebKit/537.36 (KHTML, like Gecko) Chrome/103.0.0.0 Safari/537.36"
::ffff:136.24.141.37 - - [24/Jul/2022:01:57:23 +0000] "GET /images/wadokikai%20kanji.jpg HTTP/1.1" 404 167 "http://wadokikai.org/" "Mozilla/5.0 (Macintosh; Intel Mac OS X 10_15_7) AppleWebKit/537.36 (KHTML, like Gecko) Chrome/103.0.0.0 Safari/537.36"
::ffff:136.24.141.37 - - [24/Jul/2022:02:00:23 +0000] "GET /images/wadokikai%20kanji.jpg HTTP/1.1" 404 167 "http://wadokikai.org/" "Mozilla/5.0 (Macintosh; Intel Mac OS X 10_15_7) AppleWebKit/537.36 (KHTML, like Gecko) Chrome/103.0.0.0 Safari/537.36"
::ffff:136.24.141.37 - - [24/Jul/2022:02:03:23 +0000] "GET /images/wadokikai%20kanji.jpg HTTP/1.1" 404 167 "http://wadokikai.org/" "Mozilla/5.0 (Macintosh; Intel Mac OS X 10_15_7) AppleWebKit/537.36 (KHTML, like Gecko) Chrome/103.0.0.0 Safari/537.36"
::ffff:136.24.141.37 - - [24/Jul/2022:02:06:23 +0000] "GET /images/wadokikai%20kanji.jpg HTTP/1.1" 404 167 "http://wadokikai.org/" "Mozilla/5.0 (Macintosh; Intel Mac OS X 10_15_7) AppleWebKit/537.36 (KHTML, like Gecko) Chrome/103.0.0.0 Safari/537.36"
::ffff:136.24.141.37 - - [24/Jul/2022:02:09:23 +0000] "GET /images/wadokikai%20kanji.jpg HTTP/1.1" 404 167 "http://wadokikai.org/" "Mozilla/5.0 (Macintosh; Intel Mac OS X 10_15_7) AppleWebKit/537.36 (KHTML, like Gecko) Chrome/103.0.0.0 Safari/537.36"
::ffff:136.24.141.37 - - [24/Jul/2022:02:12:23 +0000] "GET /images/wadokikai%20kanji.jpg HTTP/1.1" 404 167 "http://wadokikai.org/" "Mozilla/5.0 (Macintosh; Intel Mac OS X 10_15_7) AppleWebKit/537.36 (KHTML, like Gecko) Chrome/103.0.0.0 Safari/537.36"
::ffff:136.24.141.37 - - [24/Jul/2022:02:15:23 +0000] "GET /images/wadokikai%20kanji.jpg HTTP/1.1" 404 167 "http://wadokikai.org/" "Mozilla/5.0 (Macintosh; Intel Mac OS X 10_15_7) AppleWebKit/537.36 (KHTML, like Gecko) Chrome/103.0.0.0 Safari/537.36"
::ffff:136.24.141.37 - - [24/Jul/2022:02:16:30 +0000] "GET /images/wadokikai%20kanji.jpg HTTP/1.1" 404 167 "http://wadokikai.org/" "Mozilla/5.0 (Macintosh; Intel Mac OS X 10_15_7) AppleWebKit/537.36 (KHTML, like Gecko) Chrome/103.0.0.0 Safari/537.36"
::ffff:136.24.141.37 - - [24/Jul/2022:02:16:40 +0000] "GET /images/wadokikai%20kanji.jpg HTTP/1.1" 404 167 "http://wadokikai.org/" "Mozilla/5.0 (Macintosh; Intel Mac OS X 10_15_7) AppleWebKit/537.36 (KHTML, like Gecko) Chrome/103.0.0.0 Safari/537.36"
::ffff:136.24.141.37 - - [24/Jul/2022:02:16:51 +0000] "GET /images/wadokikai%20kanji.jpg HTTP/1.1" 404 167 "http://wadokikai.org/" "Mozilla/5.0 (Macintosh; Intel Mac OS X 10_15_7) AppleWebKit/537.36 (KHTML, like Gecko) Chrome/103.0.0.0 Safari/537.36"
::ffff:136.24.141.37 - - [24/Jul/2022:02:17:01 +0000] "GET /images/wadokikai%20kanji.jpg HTTP/1.1" 404 167 "http://wadokikai.org/" "Mozilla/5.0 (Macintosh; Intel Mac OS X 10_15_7) AppleWebKit/537.36 (KHTML, like Gecko) Chrome/103.0.0.0 Safari/537.36"
::ffff:136.24.141.37 - - [24/Jul/2022:02:17:12 +0000] "GET /images/wadokikai%20kanji.jpg HTTP/1.1" 404 167 "http://wadokikai.org/" "Mozilla/5.0 (Macintosh; Intel Mac OS X 10_15_7) AppleWebKit/537.36 (KHTML, like Gecko) Chrome/103.0.0.0 Safari/537.36"
::ffff:136.24.141.37 - - [24/Jul/2022:02:17:22 +0000] "GET /images/wadokikai%20kanji.jpg HTTP/1.1" 404 167 "http://wadokikai.org/" "Mozilla/5.0 (Macintosh; Intel Mac OS X 10_15_7) AppleWebKit/537.36 (KHTML, like Gecko) Chrome/103.0.0.0 Safari/537.36"
::ffff:136.24.141.37 - - [24/Jul/2022:02:17:33 +0000] "GET /images/wadokikai%20kanji.jpg HTTP/1.1" 404 167 "http://wadokikai.org/" "Mozilla/5.0 (Macintosh; Intel Mac OS X 10_15_7) AppleWebKit/537.36 (KHTML, like Gecko) Chrome/103.0.0.0 Safari/537.36"
::ffff:136.24.141.37 - - [24/Jul/2022:02:17:43 +0000] "GET /images/wadokikai%20kanji.jpg HTTP/1.1" 404 167 "http://wadokikai.org/" "Mozilla/5.0 (Macintosh; Intel Mac OS X 10_15_7) AppleWebKit/537.36 (KHTML, like Gecko) Chrome/103.0.0.0 Safari/537.36"
::ffff:136.24.141.37 - - [24/Jul/2022:02:17:54 +0000] "GET /images/wadokikai%20kanji.jpg HTTP/1.1" 404 167 "http://wadokikai.org/" "Mozilla/5.0 (Macintosh; Intel Mac OS X 10_15_7) AppleWebKit/537.36 (KHTML, like Gecko) Chrome/103.0.0.0 Safari/537.36"
::ffff:136.24.141.37 - - [24/Jul/2022:02:18:06 +0000] "GET /images/wadokikai%20kanji.jpg HTTP/1.1" 404 167 "http://wadokikai.org/" "Mozilla/5.0 (Macintosh; Intel Mac OS X 10_15_7) AppleWebKit/537.36 (KHTML, like Gecko) Chrome/103.0.0.0 Safari/537.36"
::ffff:136.24.141.37 - - [24/Jul/2022:02:18:18 +0000] "GET /images/wadokikai%20kanji.jpg HTTP/1.1" 404 167 "http://wadokikai.org/" "Mozilla/5.0 (Macintosh; Intel Mac OS X 10_15_7) AppleWebKit/537.36 (KHTML, like Gecko) Chrome/103.0.0.0 Safari/537.36"
::ffff:136.24.141.37 - - [24/Jul/2022:02:18:30 +0000] "GET /images/wadokikai%20kanji.jpg HTTP/1.1" 404 167 "http://wadokikai.org/" "Mozilla/5.0 (Macintosh; Intel Mac OS X 10_15_7) AppleWebKit/537.36 (KHTML, like Gecko) Chrome/103.0.0.0 Safari/537.36"
::ffff:136.24.141.37 - - [24/Jul/2022:02:18:42 +0000] "GET /images/wadokikai%20kanji.jpg HTTP/1.1" 404 167 "http://wadokikai.org/" "Mozilla/5.0 (Macintosh; Intel Mac OS X 10_15_7) AppleWebKit/537.36 (KHTML, like Gecko) Chrome/103.0.0.0 Safari/537.36"
::ffff:136.24.141.37 - - [24/Jul/2022:02:18:54 +0000] "GET /images/wadokikai%20kanji.jpg HTTP/1.1" 404 167 "http://wadokikai.org/" "Mozilla/5.0 (Macintosh; Intel Mac OS X 10_15_7) AppleWebKit/537.36 (KHTML, like Gecko) Chrome/103.0.0.0 Safari/537.36"
::ffff:136.24.141.37 - - [24/Jul/2022:02:19:06 +0000] "GET /images/wadokikai%20kanji.jpg HTTP/1.1" 404 167 "http://wadokikai.org/" "Mozilla/5.0 (Macintosh; Intel Mac OS X 10_15_7) AppleWebKit/537.36 (KHTML, like Gecko) Chrome/103.0.0.0 Safari/537.36"
::ffff:136.24.141.37 - - [24/Jul/2022:02:19:18 +0000] "GET /images/wadokikai%20kanji.jpg HTTP/1.1" 404 167 "http://wadokikai.org/" "Mozilla/5.0 (Macintosh; Intel Mac OS X 10_15_7) AppleWebKit/537.36 (KHTML, like Gecko) Chrome/103.0.0.0 Safari/537.36"
::ffff:136.24.141.37 - - [24/Jul/2022:02:19:30 +0000] "GET /images/wadokikai%20kanji.jpg HTTP/1.1" 404 167 "http://wadokikai.org/" "Mozilla/5.0 (Macintosh; Intel Mac OS X 10_15_7) AppleWebKit/537.36 (KHTML, like Gecko) Chrome/103.0.0.0 Safari/537.36"
::ffff:136.24.141.37 - - [24/Jul/2022:02:19:42 +0000] "GET /images/wadokikai%20kanji.jpg HTTP/1.1" 404 167 "http://wadokikai.org/" "Mozilla/5.0 (Macintosh; Intel Mac OS X 10_15_7) AppleWebKit/537.36 (KHTML, like Gecko) Chrome/103.0.0.0 Safari/537.36"
::ffff:136.24.141.37 - - [24/Jul/2022:02:19:54 +0000] "GET /images/wadokikai%20kanji.jpg HTTP/1.1" 404 167 "http://wadokikai.org/" "Mozilla/5.0 (Macintosh; Intel Mac OS X 10_15_7) AppleWebKit/537.36 (KHTML, like Gecko) Chrome/103.0.0.0 Safari/537.36"
::ffff:136.24.141.37 - - [24/Jul/2022:02:20:06 +0000] "GET /images/wadokikai%20kanji.jpg HTTP/1.1" 404 167 "http://wadokikai.org/" "Mozilla/5.0 (Macintosh; Intel Mac OS X 10_15_7) AppleWebKit/537.36 (KHTML, like Gecko) Chrome/103.0.0.0 Safari/537.36"
::ffff:136.24.141.37 - - [24/Jul/2022:02:20:18 +0000] "GET /images/wadokikai%20kanji.jpg HTTP/1.1" 404 167 "http://wadokikai.org/" "Mozilla/5.0 (Macintosh; Intel Mac OS X 10_15_7) AppleWebKit/537.36 (KHTML, like Gecko) Chrome/103.0.0.0 Safari/537.36"
::ffff:136.24.141.37 - - [24/Jul/2022:02:20:30 +0000] "GET /images/wadokikai%20kanji.jpg HTTP/1.1" 404 167 "http://wadokikai.org/" "Mozilla/5.0 (Macintosh; Intel Mac OS X 10_15_7) AppleWebKit/537.36 (KHTML, like Gecko) Chrome/103.0.0.0 Safari/537.36"
::ffff:136.24.141.37 - - [24/Jul/2022:02:20:42 +0000] "GET /images/wadokikai%20kanji.jpg HTTP/1.1" 404 167 "http://wadokikai.org/" "Mozilla/5.0 (Macintosh; Intel Mac OS X 10_15_7) AppleWebKit/537.36 (KHTML, like Gecko) Chrome/103.0.0.0 Safari/537.36"
::ffff:136.24.141.37 - - [24/Jul/2022:02:20:54 +0000] "GET /images/wadokikai%20kanji.jpg HTTP/1.1" 404 167 "http://wadokikai.org/" "Mozilla/5.0 (Macintosh; Intel Mac OS X 10_15_7) AppleWebKit/537.36 (KHTML, like Gecko) Chrome/103.0.0.0 Safari/537.36"
::ffff:136.24.141.37 - - [24/Jul/2022:02:21:02 +0000] "GET /images/tiger.bmp HTTP/1.1" 200 311274 "http://wadokikai.org/" "Mozilla/5.0 (Macintosh; Intel Mac OS X 10_15_7) AppleWebKit/537.36 (KHTML, like Gecko) Chrome/103.0.0.0 Safari/537.36"
::ffff:136.24.141.37 - - [24/Jul/2022:02:21:06 +0000] "GET /images/wadokikai%20kanji.jpg HTTP/1.1" 404 167 "http://wadokikai.org/" "Mozilla/5.0 (Macintosh; Intel Mac OS X 10_15_7) AppleWebKit/537.36 (KHTML, like Gecko) Chrome/103.0.0.0 Safari/537.36"
::ffff:136.24.141.37 - - [24/Jul/2022:02:21:18 +0000] "GET /images/wadokikai%20kanji.jpg HTTP/1.1" 404 167 "http://wadokikai.org/" "Mozilla/5.0 (Macintosh; Intel Mac OS X 10_15_7) AppleWebKit/537.36 (KHTML, like Gecko) Chrome/103.0.0.0 Safari/537.36"
::ffff:136.24.141.37 - - [24/Jul/2022:02:21:30 +0000] "GET /images/wadokikai%20kanji.jpg HTTP/1.1" 404 167 "http://wadokikai.org/" "Mozilla/5.0 (Macintosh; Intel Mac OS X 10_15_7) AppleWebKit/537.36 (KHTML, like Gecko) Chrome/103.0.0.0 Safari/537.36"
::ffff:136.24.141.37 - - [24/Jul/2022:02:21:42 +0000] "GET /images/wadokikai%20kanji.jpg HTTP/1.1" 404 167 "http://wadokikai.org/" "Mozilla/5.0 (Macintosh; Intel Mac OS X 10_15_7) AppleWebKit/537.36 (KHTML, like Gecko) Chrome/103.0.0.0 Safari/537.36"
::ffff:136.24.141.37 - - [24/Jul/2022:02:21:54 +0000] "GET /images/wadokikai%20kanji.jpg HTTP/1.1" 404 167 "http://wadokikai.org/" "Mozilla/5.0 (Macintosh; Intel Mac OS X 10_15_7) AppleWebKit/537.36 (KHTML, like Gecko) Chrome/103.0.0.0 Safari/537.36"
::ffff:136.24.141.37 - - [24/Jul/2022:02:22:06 +0000] "GET /images/wadokikai%20kanji.jpg HTTP/1.1" 404 167 "http://wadokikai.org/" "Mozilla/5.0 (Macintosh; Intel Mac OS X 10_15_7) AppleWebKit/537.36 (KHTML, like Gecko) Chrome/103.0.0.0 Safari/537.36"
::ffff:136.24.141.37 - - [24/Jul/2022:02:22:18 +0000] "GET /images/wadokikai%20kanji.jpg HTTP/1.1" 404 167 "http://wadokikai.org/" "Mozilla/5.0 (Macintosh; Intel Mac OS X 10_15_7) AppleWebKit/537.36 (KHTML, like Gecko) Chrome/103.0.0.0 Safari/537.36"
::ffff:136.24.141.37 - - [24/Jul/2022:02:22:30 +0000] "GET /images/wadokikai%20kanji.jpg HTTP/1.1" 404 167 "http://wadokikai.org/" "Mozilla/5.0 (Macintosh; Intel Mac OS X 10_15_7) AppleWebKit/537.36 (KHTML, like Gecko) Chrome/103.0.0.0 Safari/537.36"
::ffff:136.24.141.37 - - [24/Jul/2022:02:22:42 +0000] "GET /images/wadokikai%20kanji.jpg HTTP/1.1" 404 167 "http://wadokikai.org/" "Mozilla/5.0 (Macintosh; Intel Mac OS X 10_15_7) AppleWebKit/537.36 (KHTML, like Gecko) Chrome/103.0.0.0 Safari/537.36"
::ffff:136.24.141.37 - - [24/Jul/2022:02:22:54 +0000] "GET /images/wadokikai%20kanji.jpg HTTP/1.1" 404 167 "http://wadokikai.org/" "Mozilla/5.0 (Macintosh; Intel Mac OS X 10_15_7) AppleWebKit/537.36 (KHTML, like Gecko) Chrome/103.0.0.0 Safari/537.36"
::ffff:192.241.206.177 - - [24/Jul/2022:02:24:33 +0000] "GET / HTTP/1.1" 200 57618 "-" "Mozilla/5.0 zgrab/0.x"
::ffff:136.24.141.37 - - [24/Jul/2022:02:25:23 +0000] "GET /images/wadokikai%20kanji.jpg HTTP/1.1" 404 167 "http://wadokikai.org/" "Mozilla/5.0 (Macintosh; Intel Mac OS X 10_15_7) AppleWebKit/537.36 (KHTML, like Gecko) Chrome/103.0.0.0 Safari/537.36"
::ffff:136.24.141.37 - - [24/Jul/2022:02:28:23 +0000] "GET /images/wadokikai%20kanji.jpg HTTP/1.1" 404 167 "http://wadokikai.org/" "Mozilla/5.0 (Macintosh; Intel Mac OS X 10_15_7) AppleWebKit/537.36 (KHTML, like Gecko) Chrome/103.0.0.0 Safari/537.36"
::ffff:135.125.246.110 - - [24/Jul/2022:02:30:28 +0000] "POST / HTTP/1.1" 404 140 "-" "Mozilla/5.0 (X11; Linux x86_64) AppleWebKit/537.36 (KHTML, like Gecko) Chrome/81.0.4044.129 Safari/537.36"
::ffff:135.125.246.110 - - [24/Jul/2022:02:30:28 +0000] "GET /.env HTTP/1.1" 404 143 "-" "Mozilla/5.0 (X11; Linux x86_64) AppleWebKit/537.36 (KHTML, like Gecko) Chrome/81.0.4044.129 Safari/537.36"
::ffff:136.24.141.37 - - [24/Jul/2022:02:31:23 +0000] "GET /images/wadokikai%20kanji.jpg HTTP/1.1" 404 167 "http://wadokikai.org/" "Mozilla/5.0 (Macintosh; Intel Mac OS X 10_15_7) AppleWebKit/537.36 (KHTML, like Gecko) Chrome/103.0.0.0 Safari/537.36"
::ffff:40.77.167.66 - - [24/Jul/2022:02:33:44 +0000] "GET /Wa%20Do%20Ki%20Kai%20-%20logo_1.gif HTTP/1.1" 404 174 "-" "Mozilla/5.0 (compatible; bingbot/2.0; +http://www.bing.com/bingbot.htm)"
::ffff:136.24.141.37 - - [24/Jul/2022:02:34:23 +0000] "GET /images/wadokikai%20kanji.jpg HTTP/1.1" 404 167 "http://wadokikai.org/" "Mozilla/5.0 (Macintosh; Intel Mac OS X 10_15_7) AppleWebKit/537.36 (KHTML, like Gecko) Chrome/103.0.0.0 Safari/537.36"
::ffff:45.148.10.81 - - [24/Jul/2022:02:36:25 +0000] "GET http://example.com/ HTTP/1.1" 200 57618 "-" "Go-http-client/1.1"
::ffff:136.24.141.37 - - [24/Jul/2022:02:37:23 +0000] "GET /images/wadokikai%20kanji.jpg HTTP/1.1" 404 167 "http://wadokikai.org/" "Mozilla/5.0 (Macintosh; Intel Mac OS X 10_15_7) AppleWebKit/537.36 (KHTML, like Gecko) Chrome/103.0.0.0 Safari/537.36"
::ffff:136.24.141.37 - - [24/Jul/2022:02:40:23 +0000] "GET /images/wadokikai%20kanji.jpg HTTP/1.1" 404 167 "http://wadokikai.org/" "Mozilla/5.0 (Macintosh; Intel Mac OS X 10_15_7) AppleWebKit/537.36 (KHTML, like Gecko) Chrome/103.0.0.0 Safari/537.36"
::ffff:49.12.131.247 - - [24/Jul/2022:02:41:36 +0000] "GET /robots.txt HTTP/1.1" 404 149 "-" "Mozilla/5.0 (compatible; BLEXBot/1.0; +http://webmeup-crawler.com/)"
::ffff:49.12.131.247 - - [24/Jul/2022:02:41:39 +0000] "GET /sitemap HTTP/1.1" 404 146 "-" "Mozilla/5.0 (compatible; BLEXBot/1.0; +http://webmeup-crawler.com/)"
::ffff:49.12.131.247 - - [24/Jul/2022:02:41:43 +0000] "GET /sitemap.txt HTTP/1.1" 404 150 "-" "Mozilla/5.0 (compatible; BLEXBot/1.0; +http://webmeup-crawler.com/)"
::ffff:136.24.141.37 - - [24/Jul/2022:02:43:23 +0000] "GET /images/wadokikai%20kanji.jpg HTTP/1.1" 404 167 "http://wadokikai.org/" "Mozilla/5.0 (Macintosh; Intel Mac OS X 10_15_7) AppleWebKit/537.36 (KHTML, like Gecko) Chrome/103.0.0.0 Safari/537.36"
::ffff:136.24.141.37 - - [24/Jul/2022:02:46:23 +0000] "GET /images/wadokikai%20kanji.jpg HTTP/1.1" 404 167 "http://wadokikai.org/" "Mozilla/5.0 (Macintosh; Intel Mac OS X 10_15_7) AppleWebKit/537.36 (KHTML, like Gecko) Chrome/103.0.0.0 Safari/537.36"
::ffff:136.24.141.37 - - [24/Jul/2022:02:49:23 +0000] "GET /images/wadokikai%20kanji.jpg HTTP/1.1" 404 167 "http://wadokikai.org/" "Mozilla/5.0 (Macintosh; Intel Mac OS X 10_15_7) AppleWebKit/537.36 (KHTML, like Gecko) Chrome/103.0.0.0 Safari/537.36"
::ffff:136.24.141.37 - - [24/Jul/2022:02:52:23 +0000] "GET /images/wadokikai%20kanji.jpg HTTP/1.1" 404 167 "http://wadokikai.org/" "Mozilla/5.0 (Macintosh; Intel Mac OS X 10_15_7) AppleWebKit/537.36 (KHTML, like Gecko) Chrome/103.0.0.0 Safari/537.36"
::ffff:136.24.141.37 - - [24/Jul/2022:02:55:23 +0000] "GET /images/wadokikai%20kanji.jpg HTTP/1.1" 404 167 "http://wadokikai.org/" "Mozilla/5.0 (Macintosh; Intel Mac OS X 10_15_7) AppleWebKit/537.36 (KHTML, like Gecko) Chrome/103.0.0.0 Safari/537.36"
::ffff:136.24.141.37 - - [24/Jul/2022:02:58:23 +0000] "GET /images/wadokikai%20kanji.jpg HTTP/1.1" 404 167 "http://wadokikai.org/" "Mozilla/5.0 (Macintosh; Intel Mac OS X 10_15_7) AppleWebKit/537.36 (KHTML, like Gecko) Chrome/103.0.0.0 Safari/537.36"
::ffff:136.24.141.37 - - [24/Jul/2022:03:01:23 +0000] "GET /images/wadokikai%20kanji.jpg HTTP/1.1" 404 167 "http://wadokikai.org/" "Mozilla/5.0 (Macintosh; Intel Mac OS X 10_15_7) AppleWebKit/537.36 (KHTML, like Gecko) Chrome/103.0.0.0 Safari/537.36"
::ffff:108.226.20.149 - - [24/Jul/2022:03:02:58 +0000] "GET / HTTP/1.1" 200 57618 "https://www.google.com/" "Mozilla/5.0 (iPhone; CPU iPhone OS 15_5 like Mac OS X) AppleWebKit/605.1.15 (KHTML, like Gecko) Version/15.5 Mobile/15E148 Safari/604.1"
::ffff:108.226.20.149 - - [24/Jul/2022:03:02:58 +0000] "GET /css/wadokikai.css HTTP/1.1" 200 4337 "http://www.wadokikai.org/" "Mozilla/5.0 (iPhone; CPU iPhone OS 15_5 like Mac OS X) AppleWebKit/605.1.15 (KHTML, like Gecko) Version/15.5 Mobile/15E148 Safari/604.1"
::ffff:108.226.20.149 - - [24/Jul/2022:03:02:58 +0000] "GET /images/wkkpatch22_med.png HTTP/1.1" 200 32301 "http://www.wadokikai.org/" "Mozilla/5.0 (iPhone; CPU iPhone OS 15_5 like Mac OS X) AppleWebKit/605.1.15 (KHTML, like Gecko) Version/15.5 Mobile/15E148 Safari/604.1"
::ffff:108.226.20.149 - - [24/Jul/2022:03:02:58 +0000] "GET /js/common.js HTTP/1.1" 200 2255 "http://www.wadokikai.org/" "Mozilla/5.0 (iPhone; CPU iPhone OS 15_5 like Mac OS X) AppleWebKit/605.1.15 (KHTML, like Gecko) Version/15.5 Mobile/15E148 Safari/604.1"
::ffff:108.226.20.149 - - [24/Jul/2022:03:02:58 +0000] "GET /images/schools/alamedakaratedomap.jpg HTTP/1.1" 200 38311 "http://www.wadokikai.org/" "Mozilla/5.0 (iPhone; CPU iPhone OS 15_5 like Mac OS X) AppleWebKit/605.1.15 (KHTML, like Gecko) Version/15.5 Mobile/15E148 Safari/604.1"
::ffff:108.226.20.149 - - [24/Jul/2022:03:02:58 +0000] "GET /images/marin5thDan.jpeg HTTP/1.1" 200 105451 "http://www.wadokikai.org/" "Mozilla/5.0 (iPhone; CPU iPhone OS 15_5 like Mac OS X) AppleWebKit/605.1.15 (KHTML, like Gecko) Version/15.5 Mobile/15E148 Safari/604.1"
::ffff:108.226.20.149 - - [24/Jul/2022:03:02:58 +0000] "GET /images/schools/orindakaratedomap.jpg HTTP/1.1" 200 34167 "http://www.wadokikai.org/" "Mozilla/5.0 (iPhone; CPU iPhone OS 15_5 like Mac OS X) AppleWebKit/605.1.15 (KHTML, like Gecko) Version/15.5 Mobile/15E148 Safari/604.1"
::ffff:108.226.20.149 - - [24/Jul/2022:03:02:58 +0000] "GET /images/schools/dcakaratedomap.jpg HTTP/1.1" 200 35262 "http://www.wadokikai.org/" "Mozilla/5.0 (iPhone; CPU iPhone OS 15_5 like Mac OS X) AppleWebKit/605.1.15 (KHTML, like Gecko) Version/15.5 Mobile/15E148 Safari/604.1"
::ffff:108.226.20.149 - - [24/Jul/2022:03:02:58 +0000] "GET /images/schools/harborbaykaratedomap.jpg HTTP/1.1" 200 37245 "http://www.wadokikai.org/" "Mozilla/5.0 (iPhone; CPU iPhone OS 15_5 like Mac OS X) AppleWebKit/605.1.15 (KHTML, like Gecko) Version/15.5 Mobile/15E148 Safari/604.1"
::ffff:108.226.20.149 - - [24/Jul/2022:03:02:58 +0000] "GET /images/schools/corpuzkaratedomap.jpg HTTP/1.1" 200 36421 "http://www.wadokikai.org/" "Mozilla/5.0 (iPhone; CPU iPhone OS 15_5 like Mac OS X) AppleWebKit/605.1.15 (KHTML, like Gecko) Version/15.5 Mobile/15E148 Safari/604.1"
::ffff:108.226.20.149 - - [24/Jul/2022:03:02:59 +0000] "GET /images/schools/nunleykaratedomap.jpg HTTP/1.1" 200 42667 "http://www.wadokikai.org/" "Mozilla/5.0 (iPhone; CPU iPhone OS 15_5 like Mac OS X) AppleWebKit/605.1.15 (KHTML, like Gecko) Version/15.5 Mobile/15E148 Safari/604.1"
::ffff:108.226.20.149 - - [24/Jul/2022:03:02:59 +0000] "GET /images/schools/marinkaratedomap.jpg HTTP/1.1" 200 32400 "http://www.wadokikai.org/" "Mozilla/5.0 (iPhone; CPU iPhone OS 15_5 like Mac OS X) AppleWebKit/605.1.15 (KHTML, like Gecko) Version/15.5 Mobile/15E148 Safari/604.1"
::ffff:108.226.20.149 - - [24/Jul/2022:03:02:59 +0000] "GET /images/schools/earhartkaratedomap.jpg HTTP/1.1" 200 41366 "http://www.wadokikai.org/" "Mozilla/5.0 (iPhone; CPU iPhone OS 15_5 like Mac OS X) AppleWebKit/605.1.15 (KHTML, like Gecko) Version/15.5 Mobile/15E148 Safari/604.1"
::ffff:108.226.20.149 - - [24/Jul/2022:03:02:59 +0000] "GET /images/schools/martinezkaratedomap.jpg HTTP/1.1" 200 37724 "http://www.wadokikai.org/" "Mozilla/5.0 (iPhone; CPU iPhone OS 15_5 like Mac OS X) AppleWebKit/605.1.15 (KHTML, like Gecko) Version/15.5 Mobile/15E148 Safari/604.1"
::ffff:108.226.20.149 - - [24/Jul/2022:03:02:59 +0000] "GET /images/dragon-trans.png HTTP/1.1" 200 85661 "http://www.wadokikai.org/" "Mozilla/5.0 (iPhone; CPU iPhone OS 15_5 like Mac OS X) AppleWebKit/605.1.15 (KHTML, like Gecko) Version/15.5 Mobile/15E148 Safari/604.1"
::ffff:108.226.20.149 - - [24/Jul/2022:03:02:59 +0000] "GET /images/schools/manzanitakaratedomap.jpg HTTP/1.1" 200 55402 "http://www.wadokikai.org/" "Mozilla/5.0 (iPhone; CPU iPhone OS 15_5 like Mac OS X) AppleWebKit/605.1.15 (KHTML, like Gecko) Version/15.5 Mobile/15E148 Safari/604.1"
::ffff:108.226.20.149 - - [24/Jul/2022:03:03:00 +0000] "GET /images/tournaments/NKDTournament.pdf HTTP/1.1" 200 3770165 "http://www.wadokikai.org/" "Mozilla/5.0 (iPhone; CPU iPhone OS 15_5 like Mac OS X) AppleWebKit/605.1.15 (KHTML, like Gecko) Version/15.5 Mobile/15E148 Safari/604.1"
::ffff:108.226.20.149 - - [24/Jul/2022:03:03:00 +0000] "GET /images/favicon.ico HTTP/1.1" 200 3638 "http://www.wadokikai.org/" "Mozilla/5.0 (iPhone; CPU iPhone OS 15_5 like Mac OS X) AppleWebKit/605.1.15 (KHTML, like Gecko) Version/15.5 Mobile/15E148 Safari/604.1"
::ffff:108.226.20.149 - - [24/Jul/2022:03:03:02 +0000] "GET /images/tiger.bmp HTTP/1.1" 200 311274 "http://www.wadokikai.org/" "Mozilla/5.0 (iPhone; CPU iPhone OS 15_5 like Mac OS X) AppleWebKit/605.1.15 (KHTML, like Gecko) Version/15.5 Mobile/15E148 Safari/604.1"
::ffff:108.226.20.149 - - [24/Jul/2022:03:03:06 +0000] "GET /images/wadokikai%20kanji.jpg HTTP/1.1" 404 167 "http://www.wadokikai.org/" "Mozilla/5.0 (iPhone; CPU iPhone OS 15_5 like Mac OS X) AppleWebKit/605.1.15 (KHTML, like Gecko) Version/15.5 Mobile/15E148 Safari/604.1"
::ffff:108.226.20.149 - - [24/Jul/2022:03:03:16 +0000] "GET /images/wadokikai%20kanji.jpg HTTP/1.1" 404 167 "http://www.wadokikai.org/" "Mozilla/5.0 (iPhone; CPU iPhone OS 15_5 like Mac OS X) AppleWebKit/605.1.15 (KHTML, like Gecko) Version/15.5 Mobile/15E148 Safari/604.1"
::ffff:108.226.20.149 - - [24/Jul/2022:03:03:27 +0000] "GET /images/wadokikai%20kanji.jpg HTTP/1.1" 404 167 "http://www.wadokikai.org/" "Mozilla/5.0 (iPhone; CPU iPhone OS 15_5 like Mac OS X) AppleWebKit/605.1.15 (KHTML, like Gecko) Version/15.5 Mobile/15E148 Safari/604.1"
::ffff:108.226.20.149 - - [24/Jul/2022:03:03:37 +0000] "GET /images/wadokikai%20kanji.jpg HTTP/1.1" 404 167 "http://www.wadokikai.org/" "Mozilla/5.0 (iPhone; CPU iPhone OS 15_5 like Mac OS X) AppleWebKit/605.1.15 (KHTML, like Gecko) Version/15.5 Mobile/15E148 Safari/604.1"
::ffff:34.76.158.233 - - [24/Jul/2022:03:04:05 +0000] "GET / HTTP/1.1" 200 57618 "-" "python-requests/2.28.1"
::ffff:136.24.141.37 - - [24/Jul/2022:03:04:23 +0000] "GET /images/wadokikai%20kanji.jpg HTTP/1.1" 404 167 "http://wadokikai.org/" "Mozilla/5.0 (Macintosh; Intel Mac OS X 10_15_7) AppleWebKit/537.36 (KHTML, like Gecko) Chrome/103.0.0.0 Safari/537.36"
::ffff:185.254.196.115 - - [24/Jul/2022:03:04:37 +0000] "GET /.env HTTP/1.1" 404 143 "-" "Mozilla/5.0 (X11; Linux x86_64) AppleWebKit/537.36 (KHTML, like Gecko) Chrome/81.0.4044.129 Safari/537.36"
::ffff:185.254.196.115 - - [24/Jul/2022:03:04:37 +0000] "POST / HTTP/1.1" 404 140 "-" "Mozilla/5.0 (X11; Linux x86_64) AppleWebKit/537.36 (KHTML, like Gecko) Chrome/81.0.4044.129 Safari/537.36"
::ffff:125.167.50.153 - - [24/Jul/2022:03:05:51 +0000] "GET /.env HTTP/1.1" 404 143 "-" "Mozilla/5.0 (X11; Linux x86_64) AppleWebKit/537.36 (KHTML, like Gecko) Chrome/81.0.4044.129 Safari/537.36"
::ffff:125.167.50.153 - - [24/Jul/2022:03:06:05 +0000] "POST / HTTP/1.1" 404 140 "-" "Mozilla/5.0 (X11; Linux x86_64) AppleWebKit/537.36 (KHTML, like Gecko) Chrome/81.0.4044.129 Safari/537.36"
::ffff:98.234.224.71 - - [24/Jul/2022:03:06:28 +0000] "GET / HTTP/1.1" 304 - "-" "Mozilla/5.0 (Windows NT 10.0; Win64; x64) AppleWebKit/537.36 (KHTML, like Gecko) Chrome/103.0.0.0 Safari/537.36"
::ffff:98.234.224.71 - - [24/Jul/2022:03:06:29 +0000] "GET /css/wadokikai.css HTTP/1.1" 304 - "http://wadokikai.org/" "Mozilla/5.0 (Windows NT 10.0; Win64; x64) AppleWebKit/537.36 (KHTML, like Gecko) Chrome/103.0.0.0 Safari/537.36"
::ffff:98.234.224.71 - - [24/Jul/2022:03:06:29 +0000] "GET /js/common.js HTTP/1.1" 304 - "http://wadokikai.org/" "Mozilla/5.0 (Windows NT 10.0; Win64; x64) AppleWebKit/537.36 (KHTML, like Gecko) Chrome/103.0.0.0 Safari/537.36"
::ffff:98.234.224.71 - - [24/Jul/2022:03:06:29 +0000] "GET /images/wkkpatch22_med.png HTTP/1.1" 304 - "http://wadokikai.org/" "Mozilla/5.0 (Windows NT 10.0; Win64; x64) AppleWebKit/537.36 (KHTML, like Gecko) Chrome/103.0.0.0 Safari/537.36"
::ffff:98.234.224.71 - - [24/Jul/2022:03:06:29 +0000] "GET /images/marin5thDan.jpeg HTTP/1.1" 304 - "http://wadokikai.org/" "Mozilla/5.0 (Windows NT 10.0; Win64; x64) AppleWebKit/537.36 (KHTML, like Gecko) Chrome/103.0.0.0 Safari/537.36"
::ffff:98.234.224.71 - - [24/Jul/2022:03:06:29 +0000] "GET /images/schools/alamedakaratedomap.jpg HTTP/1.1" 304 - "http://wadokikai.org/" "Mozilla/5.0 (Windows NT 10.0; Win64; x64) AppleWebKit/537.36 (KHTML, like Gecko) Chrome/103.0.0.0 Safari/537.36"
::ffff:98.234.224.71 - - [24/Jul/2022:03:06:29 +0000] "GET /images/schools/orindakaratedomap.jpg HTTP/1.1" 304 - "http://wadokikai.org/" "Mozilla/5.0 (Windows NT 10.0; Win64; x64) AppleWebKit/537.36 (KHTML, like Gecko) Chrome/103.0.0.0 Safari/537.36"
::ffff:98.234.224.71 - - [24/Jul/2022:03:06:29 +0000] "GET /images/schools/dcakaratedomap.jpg HTTP/1.1" 304 - "http://wadokikai.org/" "Mozilla/5.0 (Windows NT 10.0; Win64; x64) AppleWebKit/537.36 (KHTML, like Gecko) Chrome/103.0.0.0 Safari/537.36"
::ffff:98.234.224.71 - - [24/Jul/2022:03:06:29 +0000] "GET /images/schools/harborbaykaratedomap.jpg HTTP/1.1" 304 - "http://wadokikai.org/" "Mozilla/5.0 (Windows NT 10.0; Win64; x64) AppleWebKit/537.36 (KHTML, like Gecko) Chrome/103.0.0.0 Safari/537.36"
