::ffff:185.254.196.115 - - [22/Sep/2022:01:22:05 +0000] "POST / HTTP/1.1" 404 140 "-" "Mozilla/5.0 (X11; Linux x86_64) AppleWebKit/537.36 (KHTML, like Gecko) Chrome/81.0.4044.129 Safari/537.36"
::ffff:73.223.92.50 - - [22/Sep/2022:01:23:52 +0000] "GET /images/wadokikai%20kanji.jpg HTTP/1.1" 304 - "http://www.wadokikai.net/" "Mozilla/5.0 (iPhone; CPU iPhone OS 15_6_1 like Mac OS X) AppleWebKit/605.1.15 (KHTML, like Gecko) Version/15.6.1 Mobile/15E148 Safari/604.1"
::ffff:205.155.145.14 - - [22/Sep/2022:01:24:00 +0000] "GET /css/wadokikai.css HTTP/1.1" 200 4337 "http://wadokikai.org/resources" "Mozilla/5.0 (iPhone; CPU iPhone OS 15_4 like Mac OS X) AppleWebKit/605.1.15 (KHTML, like Gecko) EdgiOS/104.0.1293.70 Version/15.0 Mobile/15E148 Safari/604.1"
::ffff:205.155.145.14 - - [22/Sep/2022:01:24:00 +0000] "GET /images/wkkpatch22_med.png HTTP/1.1" 200 32301 "http://wadokikai.org/resources" "Mozilla/5.0 (iPhone; CPU iPhone OS 15_4 like Mac OS X) AppleWebKit/605.1.15 (KHTML, like Gecko) EdgiOS/104.0.1293.70 Version/15.0 Mobile/15E148 Safari/604.1"
::ffff:205.155.145.14 - - [22/Sep/2022:01:24:00 +0000] "GET /resources HTTP/1.1" 200 194907 "-" "Mozilla/5.0 (iPhone; CPU iPhone OS 15_4 like Mac OS X) AppleWebKit/605.1.15 (KHTML, like Gecko) EdgiOS/104.0.1293.70 Version/15.0 Mobile/15E148 Safari/604.1"
::ffff:205.155.145.14 - - [22/Sep/2022:01:24:00 +0000] "GET /images/JohnArce.jpg HTTP/1.1" 200 13951 "http://wadokikai.org/resources" "Mozilla/5.0 (iPhone; CPU iPhone OS 15_4 like Mac OS X) AppleWebKit/605.1.15 (KHTML, like Gecko) EdgiOS/104.0.1293.70 Version/15.0 Mobile/15E148 Safari/604.1"
::ffff:205.155.145.14 - - [22/Sep/2022:01:24:01 +0000] "GET /images/tm.jpg HTTP/1.1" 200 25020 "http://wadokikai.org/resources" "Mozilla/5.0 (iPhone; CPU iPhone OS 15_4 like Mac OS X) AppleWebKit/605.1.15 (KHTML, like Gecko) EdgiOS/104.0.1293.70 Version/15.0 Mobile/15E148 Safari/604.1"
::ffff:205.155.145.14 - - [22/Sep/2022:01:24:01 +0000] "GET /images/books/MBS2.jpg HTTP/1.1" 200 15317 "http://wadokikai.org/resources" "Mozilla/5.0 (iPhone; CPU iPhone OS 15_4 like Mac OS X) AppleWebKit/605.1.15 (KHTML, like Gecko) EdgiOS/104.0.1293.70 Version/15.0 Mobile/15E148 Safari/604.1"
::ffff:205.155.145.14 - - [22/Sep/2022:01:24:02 +0000] "GET /js/common.js HTTP/1.1" 200 2255 "http://wadokikai.org/resources" "Mozilla/5.0 (iPhone; CPU iPhone OS 15_4 like Mac OS X) AppleWebKit/605.1.15 (KHTML, like Gecko) EdgiOS/104.0.1293.70 Version/15.0 Mobile/15E148 Safari/604.1"
::ffff:205.155.145.14 - - [22/Sep/2022:01:24:02 +0000] "GET /images/books/MBS.gif HTTP/1.1" 200 13195 "http://wadokikai.org/resources" "Mozilla/5.0 (iPhone; CPU iPhone OS 15_4 like Mac OS X) AppleWebKit/605.1.15 (KHTML, like Gecko) EdgiOS/104.0.1293.70 Version/15.0 Mobile/15E148 Safari/604.1"
::ffff:205.155.145.14 - - [22/Sep/2022:01:24:02 +0000] "GET /images/books/karatebook.jpg HTTP/1.1" 200 7644 "http://wadokikai.org/resources" "Mozilla/5.0 (iPhone; CPU iPhone OS 15_4 like Mac OS X) AppleWebKit/605.1.15 (KHTML, like Gecko) EdgiOS/104.0.1293.70 Version/15.0 Mobile/15E148 Safari/604.1"
::ffff:205.155.145.14 - - [22/Sep/2022:01:24:02 +0000] "GET /images/books/ZenMeditation.jpg HTTP/1.1" 200 3760 "http://wadokikai.org/resources" "Mozilla/5.0 (iPhone; CPU iPhone OS 15_4 like Mac OS X) AppleWebKit/605.1.15 (KHTML, like Gecko) EdgiOS/104.0.1293.70 Version/15.0 Mobile/15E148 Safari/604.1"
::ffff:205.155.145.14 - - [22/Sep/2022:01:24:02 +0000] "GET /images/books/KarateDoZen.jpg HTTP/1.1" 200 2677 "http://wadokikai.org/resources" "Mozilla/5.0 (iPhone; CPU iPhone OS 15_4 like Mac OS X) AppleWebKit/605.1.15 (KHTML, like Gecko) EdgiOS/104.0.1293.70 Version/15.0 Mobile/15E148 Safari/604.1"
::ffff:205.155.145.14 - - [22/Sep/2022:01:24:02 +0000] "GET /images/books/bookoffiverings.jpg HTTP/1.1" 200 2940 "http://wadokikai.org/resources" "Mozilla/5.0 (iPhone; CPU iPhone OS 15_4 like Mac OS X) AppleWebKit/605.1.15 (KHTML, like Gecko) EdgiOS/104.0.1293.70 Version/15.0 Mobile/15E148 Safari/604.1"
::ffff:205.155.145.14 - - [22/Sep/2022:01:24:02 +0000] "GET /images/books/shotokanSecrets.jpg HTTP/1.1" 200 4046 "http://wadokikai.org/resources" "Mozilla/5.0 (iPhone; CPU iPhone OS 15_4 like Mac OS X) AppleWebKit/605.1.15 (KHTML, like Gecko) EdgiOS/104.0.1293.70 Version/15.0 Mobile/15E148 Safari/604.1"
::ffff:205.155.145.14 - - [22/Sep/2022:01:24:02 +0000] "GET /images/books/dummies.jpg HTTP/1.1" 200 3631 "http://wadokikai.org/resources" "Mozilla/5.0 (iPhone; CPU iPhone OS 15_4 like Mac OS X) AppleWebKit/605.1.15 (KHTML, like Gecko) EdgiOS/104.0.1293.70 Version/15.0 Mobile/15E148 Safari/604.1"
::ffff:205.155.145.14 - - [22/Sep/2022:01:24:02 +0000] "GET /images/books/dojoWisdom.jpg HTTP/1.1" 200 2813 "http://wadokikai.org/resources" "Mozilla/5.0 (iPhone; CPU iPhone OS 15_4 like Mac OS X) AppleWebKit/605.1.15 (KHTML, like Gecko) EdgiOS/104.0.1293.70 Version/15.0 Mobile/15E148 Safari/604.1"
::ffff:205.155.145.14 - - [22/Sep/2022:01:24:02 +0000] "GET /images/books/saibook.jpg HTTP/1.1" 200 3043 "http://wadokikai.org/resources" "Mozilla/5.0 (iPhone; CPU iPhone OS 15_4 like Mac OS X) AppleWebKit/605.1.15 (KHTML, like Gecko) EdgiOS/104.0.1293.70 Version/15.0 Mobile/15E148 Safari/604.1"
::ffff:205.155.145.14 - - [22/Sep/2022:01:24:02 +0000] "GET /images/books/bobook.gif HTTP/1.1" 200 6919 "http://wadokikai.org/resources" "Mozilla/5.0 (iPhone; CPU iPhone OS 15_4 like Mac OS X) AppleWebKit/605.1.15 (KHTML, like Gecko) EdgiOS/104.0.1293.70 Version/15.0 Mobile/15E148 Safari/604.1"
::ffff:205.155.145.14 - - [22/Sep/2022:01:24:02 +0000] "GET /images/books/guide20.jpg HTTP/1.1" 200 1934 "http://wadokikai.org/resources" "Mozilla/5.0 (iPhone; CPU iPhone OS 15_4 like Mac OS X) AppleWebKit/605.1.15 (KHTML, like Gecko) EdgiOS/104.0.1293.70 Version/15.0 Mobile/15E148 Safari/604.1"
::ffff:205.155.145.14 - - [22/Sep/2022:01:24:02 +0000] "GET /images/books/karatedo.jpg HTTP/1.1" 200 3442 "http://wadokikai.org/resources" "Mozilla/5.0 (iPhone; CPU iPhone OS 15_4 like Mac OS X) AppleWebKit/605.1.15 (KHTML, like Gecko) EdgiOS/104.0.1293.70 Version/15.0 Mobile/15E148 Safari/604.1"
::ffff:205.155.145.14 - - [22/Sep/2022:01:24:02 +0000] "GET /images/books/emptyHand.jpg HTTP/1.1" 200 12021 "http://wadokikai.org/resources" "Mozilla/5.0 (iPhone; CPU iPhone OS 15_4 like Mac OS X) AppleWebKit/605.1.15 (KHTML, like Gecko) EdgiOS/104.0.1293.70 Version/15.0 Mobile/15E148 Safari/604.1"
::ffff:205.155.145.14 - - [22/Sep/2022:01:24:02 +0000] "GET /images/books/movingzen.jpg HTTP/1.1" 200 3578 "http://wadokikai.org/resources" "Mozilla/5.0 (iPhone; CPU iPhone OS 15_4 like Mac OS X) AppleWebKit/605.1.15 (KHTML, like Gecko) EdgiOS/104.0.1293.70 Version/15.0 Mobile/15E148 Safari/604.1"
::ffff:205.155.145.14 - - [22/Sep/2022:01:24:02 +0000] "GET /images/books/karatedojo.jpg HTTP/1.1" 200 3457 "http://wadokikai.org/resources" "Mozilla/5.0 (iPhone; CPU iPhone OS 15_4 like Mac OS X) AppleWebKit/605.1.15 (KHTML, like Gecko) EdgiOS/104.0.1293.70 Version/15.0 Mobile/15E148 Safari/604.1"
::ffff:205.155.145.14 - - [22/Sep/2022:01:24:02 +0000] "GET /images/favicon.ico HTTP/1.1" 200 3638 "-" "Mozilla/5.0 (iPhone; CPU iPhone OS 15_4 like Mac OS X) AppleWebKit/605.1.15 (KHTML, like Gecko) EdgiOS/104.0.1293.70 Version/15.0 Mobile/15E148 Safari/604.1"
::ffff:205.155.145.14 - - [22/Sep/2022:01:24:03 +0000] "GET /images/books/grappingmethod.jpg HTTP/1.1" 200 4025 "http://wadokikai.org/resources" "Mozilla/5.0 (iPhone; CPU iPhone OS 15_4 like Mac OS X) AppleWebKit/605.1.15 (KHTML, like Gecko) EdgiOS/104.0.1293.70 Version/15.0 Mobile/15E148 Safari/604.1"
::ffff:205.155.145.14 - - [22/Sep/2022:01:24:03 +0000] "GET /images/dragon-trans.png HTTP/1.1" 200 85661 "http://wadokikai.org/resources" "Mozilla/5.0 (iPhone; CPU iPhone OS 15_4 like Mac OS X) AppleWebKit/605.1.15 (KHTML, like Gecko) EdgiOS/104.0.1293.70 Version/15.0 Mobile/15E148 Safari/604.1"
::ffff:205.155.145.14 - - [22/Sep/2022:01:24:03 +0000] "GET /images/books/artofwar.jpg HTTP/1.1" 200 22573 "http://wadokikai.org/resources" "Mozilla/5.0 (iPhone; CPU iPhone OS 15_4 like Mac OS X) AppleWebKit/605.1.15 (KHTML, like Gecko) EdgiOS/104.0.1293.70 Version/15.0 Mobile/15E148 Safari/604.1"
::ffff:205.155.145.14 - - [22/Sep/2022:01:24:07 +0000] "GET /images/tiger.bmp HTTP/1.1" 200 311274 "http://wadokikai.org/resources" "Mozilla/5.0 (iPhone; CPU iPhone OS 15_4 like Mac OS X) AppleWebKit/605.1.15 (KHTML, like Gecko) EdgiOS/104.0.1293.70 Version/15.0 Mobile/15E148 Safari/604.1"
::ffff:205.155.145.14 - - [22/Sep/2022:01:24:08 +0000] "GET /resources HTTP/1.1" 304 - "http://wadokikai.org/resources" "Mozilla/5.0 (iPhone; CPU iPhone OS 15_4 like Mac OS X) AppleWebKit/605.1.15 (KHTML, like Gecko) EdgiOS/104.0.1293.70 Version/15.0 Mobile/15E148 Safari/604.1"
::ffff:205.155.145.14 - - [22/Sep/2022:01:24:08 +0000] "GET /css/wadokikai.css HTTP/1.1" 304 - "http://wadokikai.org/resources" "Mozilla/5.0 (iPhone; CPU iPhone OS 15_4 like Mac OS X) AppleWebKit/605.1.15 (KHTML, like Gecko) EdgiOS/104.0.1293.70 Version/15.0 Mobile/15E148 Safari/604.1"
::ffff:205.155.145.14 - - [22/Sep/2022:01:24:08 +0000] "GET /images/wkkpatch22_med.png HTTP/1.1" 304 - "http://wadokikai.org/resources" "Mozilla/5.0 (iPhone; CPU iPhone OS 15_4 like Mac OS X) AppleWebKit/605.1.15 (KHTML, like Gecko) EdgiOS/104.0.1293.70 Version/15.0 Mobile/15E148 Safari/604.1"
::ffff:205.155.145.14 - - [22/Sep/2022:01:24:08 +0000] "GET /js/common.js HTTP/1.1" 304 - "http://wadokikai.org/resources" "Mozilla/5.0 (iPhone; CPU iPhone OS 15_4 like Mac OS X) AppleWebKit/605.1.15 (KHTML, like Gecko) EdgiOS/104.0.1293.70 Version/15.0 Mobile/15E148 Safari/604.1"
::ffff:205.155.145.14 - - [22/Sep/2022:01:24:08 +0000] "GET /images/JohnArce.jpg HTTP/1.1" 304 - "http://wadokikai.org/resources" "Mozilla/5.0 (iPhone; CPU iPhone OS 15_4 like Mac OS X) AppleWebKit/605.1.15 (KHTML, like Gecko) EdgiOS/104.0.1293.70 Version/15.0 Mobile/15E148 Safari/604.1"
::ffff:205.155.145.14 - - [22/Sep/2022:01:24:08 +0000] "GET /images/tm.jpg HTTP/1.1" 304 - "http://wadokikai.org/resources" "Mozilla/5.0 (iPhone; CPU iPhone OS 15_4 like Mac OS X) AppleWebKit/605.1.15 (KHTML, like Gecko) EdgiOS/104.0.1293.70 Version/15.0 Mobile/15E148 Safari/604.1"
::ffff:205.155.145.14 - - [22/Sep/2022:01:24:08 +0000] "GET /images/books/MBS2.jpg HTTP/1.1" 304 - "http://wadokikai.org/resources" "Mozilla/5.0 (iPhone; CPU iPhone OS 15_4 like Mac OS X) AppleWebKit/605.1.15 (KHTML, like Gecko) EdgiOS/104.0.1293.70 Version/15.0 Mobile/15E148 Safari/604.1"
::ffff:205.155.145.14 - - [22/Sep/2022:01:24:08 +0000] "GET /images/books/MBS.gif HTTP/1.1" 304 - "http://wadokikai.org/resources" "Mozilla/5.0 (iPhone; CPU iPhone OS 15_4 like Mac OS X) AppleWebKit/605.1.15 (KHTML, like Gecko) EdgiOS/104.0.1293.70 Version/15.0 Mobile/15E148 Safari/604.1"
::ffff:205.155.145.14 - - [22/Sep/2022:01:24:08 +0000] "GET /images/books/karatebook.jpg HTTP/1.1" 304 - "http://wadokikai.org/resources" "Mozilla/5.0 (iPhone; CPU iPhone OS 15_4 like Mac OS X) AppleWebKit/605.1.15 (KHTML, like Gecko) EdgiOS/104.0.1293.70 Version/15.0 Mobile/15E148 Safari/604.1"
::ffff:205.155.145.14 - - [22/Sep/2022:01:24:08 +0000] "GET /images/books/KarateDoZen.jpg HTTP/1.1" 304 - "http://wadokikai.org/resources" "Mozilla/5.0 (iPhone; CPU iPhone OS 15_4 like Mac OS X) AppleWebKit/605.1.15 (KHTML, like Gecko) EdgiOS/104.0.1293.70 Version/15.0 Mobile/15E148 Safari/604.1"
::ffff:205.155.145.14 - - [22/Sep/2022:01:24:08 +0000] "GET /images/books/ZenMeditation.jpg HTTP/1.1" 304 - "http://wadokikai.org/resources" "Mozilla/5.0 (iPhone; CPU iPhone OS 15_4 like Mac OS X) AppleWebKit/605.1.15 (KHTML, like Gecko) EdgiOS/104.0.1293.70 Version/15.0 Mobile/15E148 Safari/604.1"
::ffff:205.155.145.14 - - [22/Sep/2022:01:24:08 +0000] "GET /images/books/shotokanSecrets.jpg HTTP/1.1" 304 - "http://wadokikai.org/resources" "Mozilla/5.0 (iPhone; CPU iPhone OS 15_4 like Mac OS X) AppleWebKit/605.1.15 (KHTML, like Gecko) EdgiOS/104.0.1293.70 Version/15.0 Mobile/15E148 Safari/604.1"
::ffff:205.155.145.14 - - [22/Sep/2022:01:24:08 +0000] "GET /images/books/bookoffiverings.jpg HTTP/1.1" 304 - "http://wadokikai.org/resources" "Mozilla/5.0 (iPhone; CPU iPhone OS 15_4 like Mac OS X) AppleWebKit/605.1.15 (KHTML, like Gecko) EdgiOS/104.0.1293.70 Version/15.0 Mobile/15E148 Safari/604.1"
::ffff:205.155.145.14 - - [22/Sep/2022:01:24:08 +0000] "GET /images/books/dummies.jpg HTTP/1.1" 304 - "http://wadokikai.org/resources" "Mozilla/5.0 (iPhone; CPU iPhone OS 15_4 like Mac OS X) AppleWebKit/605.1.15 (KHTML, like Gecko) EdgiOS/104.0.1293.70 Version/15.0 Mobile/15E148 Safari/604.1"
::ffff:205.155.145.14 - - [22/Sep/2022:01:24:08 +0000] "GET /images/books/saibook.jpg HTTP/1.1" 304 - "http://wadokikai.org/resources" "Mozilla/5.0 (iPhone; CPU iPhone OS 15_4 like Mac OS X) AppleWebKit/605.1.15 (KHTML, like Gecko) EdgiOS/104.0.1293.70 Version/15.0 Mobile/15E148 Safari/604.1"
::ffff:205.155.145.14 - - [22/Sep/2022:01:24:08 +0000] "GET /images/books/dojoWisdom.jpg HTTP/1.1" 304 - "http://wadokikai.org/resources" "Mozilla/5.0 (iPhone; CPU iPhone OS 15_4 like Mac OS X) AppleWebKit/605.1.15 (KHTML, like Gecko) EdgiOS/104.0.1293.70 Version/15.0 Mobile/15E148 Safari/604.1"
::ffff:205.155.145.14 - - [22/Sep/2022:01:24:08 +0000] "GET /images/books/karatedo.jpg HTTP/1.1" 304 - "http://wadokikai.org/resources" "Mozilla/5.0 (iPhone; CPU iPhone OS 15_4 like Mac OS X) AppleWebKit/605.1.15 (KHTML, like Gecko) EdgiOS/104.0.1293.70 Version/15.0 Mobile/15E148 Safari/604.1"
::ffff:205.155.145.14 - - [22/Sep/2022:01:24:08 +0000] "GET /images/books/guide20.jpg HTTP/1.1" 304 - "http://wadokikai.org/resources" "Mozilla/5.0 (iPhone; CPU iPhone OS 15_4 like Mac OS X) AppleWebKit/605.1.15 (KHTML, like Gecko) EdgiOS/104.0.1293.70 Version/15.0 Mobile/15E148 Safari/604.1"
::ffff:205.155.145.14 - - [22/Sep/2022:01:24:08 +0000] "GET /images/books/bobook.gif HTTP/1.1" 304 - "http://wadokikai.org/resources" "Mozilla/5.0 (iPhone; CPU iPhone OS 15_4 like Mac OS X) AppleWebKit/605.1.15 (KHTML, like Gecko) EdgiOS/104.0.1293.70 Version/15.0 Mobile/15E148 Safari/604.1"
::ffff:205.155.145.14 - - [22/Sep/2022:01:24:08 +0000] "GET /images/books/emptyHand.jpg HTTP/1.1" 304 - "http://wadokikai.org/resources" "Mozilla/5.0 (iPhone; CPU iPhone OS 15_4 like Mac OS X) AppleWebKit/605.1.15 (KHTML, like Gecko) EdgiOS/104.0.1293.70 Version/15.0 Mobile/15E148 Safari/604.1"
::ffff:205.155.145.14 - - [22/Sep/2022:01:24:08 +0000] "GET /images/favicon.ico HTTP/1.1" 304 - "-" "Mozilla/5.0 (iPhone; CPU iPhone OS 15_4 like Mac OS X) AppleWebKit/605.1.15 (KHTML, like Gecko) EdgiOS/104.0.1293.70 Version/15.0 Mobile/15E148 Safari/604.1"
::ffff:205.155.145.14 - - [22/Sep/2022:01:24:08 +0000] "GET /images/books/movingzen.jpg HTTP/1.1" 304 - "http://wadokikai.org/resources" "Mozilla/5.0 (iPhone; CPU iPhone OS 15_4 like Mac OS X) AppleWebKit/605.1.15 (KHTML, like Gecko) EdgiOS/104.0.1293.70 Version/15.0 Mobile/15E148 Safari/604.1"
::ffff:205.155.145.14 - - [22/Sep/2022:01:24:08 +0000] "GET /images/books/karatedojo.jpg HTTP/1.1" 304 - "http://wadokikai.org/resources" "Mozilla/5.0 (iPhone; CPU iPhone OS 15_4 like Mac OS X) AppleWebKit/605.1.15 (KHTML, like Gecko) EdgiOS/104.0.1293.70 Version/15.0 Mobile/15E148 Safari/604.1"
::ffff:205.155.145.14 - - [22/Sep/2022:01:24:08 +0000] "GET /images/books/grappingmethod.jpg HTTP/1.1" 304 - "http://wadokikai.org/resources" "Mozilla/5.0 (iPhone; CPU iPhone OS 15_4 like Mac OS X) AppleWebKit/605.1.15 (KHTML, like Gecko) EdgiOS/104.0.1293.70 Version/15.0 Mobile/15E148 Safari/604.1"
::ffff:205.155.145.14 - - [22/Sep/2022:01:24:08 +0000] "GET /images/books/artofwar.jpg HTTP/1.1" 304 - "http://wadokikai.org/resources" "Mozilla/5.0 (iPhone; CPU iPhone OS 15_4 like Mac OS X) AppleWebKit/605.1.15 (KHTML, like Gecko) EdgiOS/104.0.1293.70 Version/15.0 Mobile/15E148 Safari/604.1"
::ffff:205.155.145.14 - - [22/Sep/2022:01:24:08 +0000] "GET /images/dragon-trans.png HTTP/1.1" 304 - "http://wadokikai.org/resources" "Mozilla/5.0 (iPhone; CPU iPhone OS 15_4 like Mac OS X) AppleWebKit/605.1.15 (KHTML, like Gecko) EdgiOS/104.0.1293.70 Version/15.0 Mobile/15E148 Safari/604.1"
::ffff:205.155.145.14 - - [22/Sep/2022:01:24:09 +0000] "GET /css/wadokikai.css HTTP/1.1" 200 4337 "http://wadokikai.org/resources" "Mozilla/5.0 (iPhone; CPU iPhone OS 15_4 like Mac OS X) AppleWebKit/605.1.15 (KHTML, like Gecko) EdgiOS/104.0.1293.70 Version/15.0 Mobile/15E148 Safari/604.1"
::ffff:205.155.145.14 - - [22/Sep/2022:01:24:09 +0000] "GET /images/wkkpatch22_med.png HTTP/1.1" 200 32301 "http://wadokikai.org/resources" "Mozilla/5.0 (iPhone; CPU iPhone OS 15_4 like Mac OS X) AppleWebKit/605.1.15 (KHTML, like Gecko) EdgiOS/104.0.1293.70 Version/15.0 Mobile/15E148 Safari/604.1"
::ffff:205.155.145.14 - - [22/Sep/2022:01:24:09 +0000] "GET /images/JohnArce.jpg HTTP/1.1" 200 13951 "http://wadokikai.org/resources" "Mozilla/5.0 (iPhone; CPU iPhone OS 15_4 like Mac OS X) AppleWebKit/605.1.15 (KHTML, like Gecko) EdgiOS/104.0.1293.70 Version/15.0 Mobile/15E148 Safari/604.1"
::ffff:205.155.145.14 - - [22/Sep/2022:01:24:09 +0000] "GET /images/tm.jpg HTTP/1.1" 200 25020 "http://wadokikai.org/resources" "Mozilla/5.0 (iPhone; CPU iPhone OS 15_4 like Mac OS X) AppleWebKit/605.1.15 (KHTML, like Gecko) EdgiOS/104.0.1293.70 Version/15.0 Mobile/15E148 Safari/604.1"
::ffff:205.155.145.14 - - [22/Sep/2022:01:24:10 +0000] "GET /images/books/MBS2.jpg HTTP/1.1" 200 15317 "http://wadokikai.org/resources" "Mozilla/5.0 (iPhone; CPU iPhone OS 15_4 like Mac OS X) AppleWebKit/605.1.15 (KHTML, like Gecko) EdgiOS/104.0.1293.70 Version/15.0 Mobile/15E148 Safari/604.1"
::ffff:205.155.145.14 - - [22/Sep/2022:01:24:10 +0000] "GET /images/books/MBS.gif HTTP/1.1" 200 13195 "http://wadokikai.org/resources" "Mozilla/5.0 (iPhone; CPU iPhone OS 15_4 like Mac OS X) AppleWebKit/605.1.15 (KHTML, like Gecko) EdgiOS/104.0.1293.70 Version/15.0 Mobile/15E148 Safari/604.1"
::ffff:205.155.145.14 - - [22/Sep/2022:01:24:10 +0000] "GET /images/books/karatebook.jpg HTTP/1.1" 200 7644 "http://wadokikai.org/resources" "Mozilla/5.0 (iPhone; CPU iPhone OS 15_4 like Mac OS X) AppleWebKit/605.1.15 (KHTML, like Gecko) EdgiOS/104.0.1293.70 Version/15.0 Mobile/15E148 Safari/604.1"
::ffff:205.155.145.14 - - [22/Sep/2022:01:24:10 +0000] "GET /resources HTTP/1.1" 200 194907 "-" "Mozilla/5.0 (iPhone; CPU iPhone OS 15_4 like Mac OS X) AppleWebKit/605.1.15 (KHTML, like Gecko) EdgiOS/104.0.1293.70 Version/15.0 Mobile/15E148 Safari/604.1"
::ffff:205.155.145.14 - - [22/Sep/2022:01:24:10 +0000] "GET /images/books/ZenMeditation.jpg HTTP/1.1" 200 3760 "http://wadokikai.org/resources" "Mozilla/5.0 (iPhone; CPU iPhone OS 15_4 like Mac OS X) AppleWebKit/605.1.15 (KHTML, like Gecko) EdgiOS/104.0.1293.70 Version/15.0 Mobile/15E148 Safari/604.1"
::ffff:205.155.145.14 - - [22/Sep/2022:01:24:10 +0000] "GET /images/books/KarateDoZen.jpg HTTP/1.1" 200 2677 "http://wadokikai.org/resources" "Mozilla/5.0 (iPhone; CPU iPhone OS 15_4 like Mac OS X) AppleWebKit/605.1.15 (KHTML, like Gecko) EdgiOS/104.0.1293.70 Version/15.0 Mobile/15E148 Safari/604.1"
::ffff:205.155.145.14 - - [22/Sep/2022:01:24:11 +0000] "GET /js/common.js HTTP/1.1" 200 2255 "http://wadokikai.org/resources" "Mozilla/5.0 (iPhone; CPU iPhone OS 15_4 like Mac OS X) AppleWebKit/605.1.15 (KHTML, like Gecko) EdgiOS/104.0.1293.70 Version/15.0 Mobile/15E148 Safari/604.1"
::ffff:205.155.145.14 - - [22/Sep/2022:01:24:11 +0000] "GET /images/books/bookoffiverings.jpg HTTP/1.1" 200 2940 "http://wadokikai.org/resources" "Mozilla/5.0 (iPhone; CPU iPhone OS 15_4 like Mac OS X) AppleWebKit/605.1.15 (KHTML, like Gecko) EdgiOS/104.0.1293.70 Version/15.0 Mobile/15E148 Safari/604.1"
::ffff:205.155.145.14 - - [22/Sep/2022:01:24:11 +0000] "GET /images/books/shotokanSecrets.jpg HTTP/1.1" 200 4046 "http://wadokikai.org/resources" "Mozilla/5.0 (iPhone; CPU iPhone OS 15_4 like Mac OS X) AppleWebKit/605.1.15 (KHTML, like Gecko) EdgiOS/104.0.1293.70 Version/15.0 Mobile/15E148 Safari/604.1"
::ffff:205.155.145.14 - - [22/Sep/2022:01:24:11 +0000] "GET /images/books/dummies.jpg HTTP/1.1" 200 3631 "http://wadokikai.org/resources" "Mozilla/5.0 (iPhone; CPU iPhone OS 15_4 like Mac OS X) AppleWebKit/605.1.15 (KHTML, like Gecko) EdgiOS/104.0.1293.70 Version/15.0 Mobile/15E148 Safari/604.1"
::ffff:205.155.145.14 - - [22/Sep/2022:01:24:11 +0000] "GET /images/dragon-trans.png HTTP/1.1" 200 85661 "http://wadokikai.org/resources" "Mozilla/5.0 (iPhone; CPU iPhone OS 15_4 like Mac OS X) AppleWebKit/605.1.15 (KHTML, like Gecko) EdgiOS/104.0.1293.70 Version/15.0 Mobile/15E148 Safari/604.1"
::ffff:205.155.145.14 - - [22/Sep/2022:01:24:11 +0000] "GET /images/books/dojoWisdom.jpg HTTP/1.1" 200 2813 "http://wadokikai.org/resources" "Mozilla/5.0 (iPhone; CPU iPhone OS 15_4 like Mac OS X) AppleWebKit/605.1.15 (KHTML, like Gecko) EdgiOS/104.0.1293.70 Version/15.0 Mobile/15E148 Safari/604.1"
::ffff:205.155.145.14 - - [22/Sep/2022:01:24:11 +0000] "GET /images/books/saibook.jpg HTTP/1.1" 200 3043 "http://wadokikai.org/resources" "Mozilla/5.0 (iPhone; CPU iPhone OS 15_4 like Mac OS X) AppleWebKit/605.1.15 (KHTML, like Gecko) EdgiOS/104.0.1293.70 Version/15.0 Mobile/15E148 Safari/604.1"
::ffff:205.155.145.14 - - [22/Sep/2022:01:24:11 +0000] "GET /images/books/bobook.gif HTTP/1.1" 200 6919 "http://wadokikai.org/resources" "Mozilla/5.0 (iPhone; CPU iPhone OS 15_4 like Mac OS X) AppleWebKit/605.1.15 (KHTML, like Gecko) EdgiOS/104.0.1293.70 Version/15.0 Mobile/15E148 Safari/604.1"
::ffff:205.155.145.14 - - [22/Sep/2022:01:24:12 +0000] "GET /images/books/karatedo.jpg HTTP/1.1" 200 3442 "http://wadokikai.org/resources" "Mozilla/5.0 (iPhone; CPU iPhone OS 15_4 like Mac OS X) AppleWebKit/605.1.15 (KHTML, like Gecko) EdgiOS/104.0.1293.70 Version/15.0 Mobile/15E148 Safari/604.1"
::ffff:205.155.145.14 - - [22/Sep/2022:01:24:12 +0000] "GET /images/books/guide20.jpg HTTP/1.1" 200 1934 "http://wadokikai.org/resources" "Mozilla/5.0 (iPhone; CPU iPhone OS 15_4 like Mac OS X) AppleWebKit/605.1.15 (KHTML, like Gecko) EdgiOS/104.0.1293.70 Version/15.0 Mobile/15E148 Safari/604.1"
::ffff:205.155.145.14 - - [22/Sep/2022:01:24:12 +0000] "GET /images/books/emptyHand.jpg HTTP/1.1" 200 12021 "http://wadokikai.org/resources" "Mozilla/5.0 (iPhone; CPU iPhone OS 15_4 like Mac OS X) AppleWebKit/605.1.15 (KHTML, like Gecko) EdgiOS/104.0.1293.70 Version/15.0 Mobile/15E148 Safari/604.1"
::ffff:205.155.145.14 - - [22/Sep/2022:01:24:12 +0000] "GET /images/books/movingzen.jpg HTTP/1.1" 200 3578 "http://wadokikai.org/resources" "Mozilla/5.0 (iPhone; CPU iPhone OS 15_4 like Mac OS X) AppleWebKit/605.1.15 (KHTML, like Gecko) EdgiOS/104.0.1293.70 Version/15.0 Mobile/15E148 Safari/604.1"
::ffff:205.155.145.14 - - [22/Sep/2022:01:24:12 +0000] "GET /images/books/karatedojo.jpg HTTP/1.1" 200 3457 "http://wadokikai.org/resources" "Mozilla/5.0 (iPhone; CPU iPhone OS 15_4 like Mac OS X) AppleWebKit/605.1.15 (KHTML, like Gecko) EdgiOS/104.0.1293.70 Version/15.0 Mobile/15E148 Safari/604.1"
::ffff:205.155.145.14 - - [22/Sep/2022:01:24:12 +0000] "GET /images/books/grappingmethod.jpg HTTP/1.1" 200 4025 "http://wadokikai.org/resources" "Mozilla/5.0 (iPhone; CPU iPhone OS 15_4 like Mac OS X) AppleWebKit/605.1.15 (KHTML, like Gecko) EdgiOS/104.0.1293.70 Version/15.0 Mobile/15E148 Safari/604.1"
::ffff:205.155.145.14 - - [22/Sep/2022:01:24:12 +0000] "GET /images/books/artofwar.jpg HTTP/1.1" 200 22573 "http://wadokikai.org/resources" "Mozilla/5.0 (iPhone; CPU iPhone OS 15_4 like Mac OS X) AppleWebKit/605.1.15 (KHTML, like Gecko) EdgiOS/104.0.1293.70 Version/15.0 Mobile/15E148 Safari/604.1"
::ffff:205.155.145.14 - - [22/Sep/2022:01:24:13 +0000] "GET /images/tiger.bmp HTTP/1.1" 200 311274 "http://wadokikai.org/resources" "Mozilla/5.0 (iPhone; CPU iPhone OS 15_4 like Mac OS X) AppleWebKit/605.1.15 (KHTML, like Gecko) EdgiOS/104.0.1293.70 Version/15.0 Mobile/15E148 Safari/604.1"
::ffff:205.155.145.14 - - [22/Sep/2022:01:24:15 +0000] "GET /images/dragon-trans.png HTTP/1.1" 304 - "http://wadokikai.org/resources" "Mozilla/5.0 (iPhone; CPU iPhone OS 15_4 like Mac OS X) AppleWebKit/605.1.15 (KHTML, like Gecko) EdgiOS/104.0.1293.70 Version/15.0 Mobile/15E148 Safari/604.1"
::ffff:205.155.145.14 - - [22/Sep/2022:01:24:16 +0000] "GET /images/tiger.bmp HTTP/1.1" 200 311274 "http://wadokikai.org/resources" "Mozilla/5.0 (iPhone; CPU iPhone OS 15_4 like Mac OS X) AppleWebKit/605.1.15 (KHTML, like Gecko) EdgiOS/104.0.1293.70 Version/15.0 Mobile/15E148 Safari/604.1"
::ffff:205.155.145.14 - - [22/Sep/2022:01:24:19 +0000] "GET /images/tm.jpg HTTP/1.1" 200 25020 "http://wadokikai.org/resources" "Mozilla/5.0 (iPhone; CPU iPhone OS 15_4 like Mac OS X) AppleWebKit/605.1.15 (KHTML, like Gecko) EdgiOS/104.0.1293.70 Version/15.0 Mobile/15E148 Safari/604.1"
::ffff:205.155.145.14 - - [22/Sep/2022:01:24:19 +0000] "GET /images/JohnArce.jpg HTTP/1.1" 200 13951 "http://wadokikai.org/resources" "Mozilla/5.0 (iPhone; CPU iPhone OS 15_4 like Mac OS X) AppleWebKit/605.1.15 (KHTML, like Gecko) EdgiOS/104.0.1293.70 Version/15.0 Mobile/15E148 Safari/604.1"
::ffff:205.155.145.14 - - [22/Sep/2022:01:24:22 +0000] "GET /images/dragon-trans.png HTTP/1.1" 304 - "http://wadokikai.org/resources" "Mozilla/5.0 (iPhone; CPU iPhone OS 15_4 like Mac OS X) AppleWebKit/605.1.15 (KHTML, like Gecko) EdgiOS/104.0.1293.70 Version/15.0 Mobile/15E148 Safari/604.1"
::ffff:205.155.145.14 - - [22/Sep/2022:01:24:29 +0000] "GET /images/dragon-trans.png HTTP/1.1" 304 - "http://wadokikai.org/resources" "Mozilla/5.0 (iPhone; CPU iPhone OS 15_4 like Mac OS X) AppleWebKit/605.1.15 (KHTML, like Gecko) EdgiOS/104.0.1293.70 Version/15.0 Mobile/15E148 Safari/604.1"
::ffff:205.155.145.14 - - [22/Sep/2022:01:24:36 +0000] "GET /images/dragon-trans.png HTTP/1.1" 304 - "http://wadokikai.org/resources" "Mozilla/5.0 (iPhone; CPU iPhone OS 15_4 like Mac OS X) AppleWebKit/605.1.15 (KHTML, like Gecko) EdgiOS/104.0.1293.70 Version/15.0 Mobile/15E148 Safari/604.1"
::ffff:205.155.145.14 - - [22/Sep/2022:01:24:43 +0000] "GET /images/dragon-trans.png HTTP/1.1" 304 - "http://wadokikai.org/resources" "Mozilla/5.0 (iPhone; CPU iPhone OS 15_4 like Mac OS X) AppleWebKit/605.1.15 (KHTML, like Gecko) EdgiOS/104.0.1293.70 Version/15.0 Mobile/15E148 Safari/604.1"
::ffff:205.155.145.14 - - [22/Sep/2022:01:24:50 +0000] "GET /images/dragon-trans.png HTTP/1.1" 304 - "http://wadokikai.org/resources" "Mozilla/5.0 (iPhone; CPU iPhone OS 15_4 like Mac OS X) AppleWebKit/605.1.15 (KHTML, like Gecko) EdgiOS/104.0.1293.70 Version/15.0 Mobile/15E148 Safari/604.1"
::ffff:205.155.145.14 - - [22/Sep/2022:01:24:57 +0000] "GET /images/dragon-trans.png HTTP/1.1" 304 - "http://wadokikai.org/resources" "Mozilla/5.0 (iPhone; CPU iPhone OS 15_4 like Mac OS X) AppleWebKit/605.1.15 (KHTML, like Gecko) EdgiOS/104.0.1293.70 Version/15.0 Mobile/15E148 Safari/604.1"
::ffff:205.155.145.14 - - [22/Sep/2022:01:25:04 +0000] "GET /images/dragon-trans.png HTTP/1.1" 304 - "http://wadokikai.org/resources" "Mozilla/5.0 (iPhone; CPU iPhone OS 15_4 like Mac OS X) AppleWebKit/605.1.15 (KHTML, like Gecko) EdgiOS/104.0.1293.70 Version/15.0 Mobile/15E148 Safari/604.1"
::ffff:205.155.145.14 - - [22/Sep/2022:01:25:11 +0000] "GET /images/dragon-trans.png HTTP/1.1" 304 - "http://wadokikai.org/resources" "Mozilla/5.0 (iPhone; CPU iPhone OS 15_4 like Mac OS X) AppleWebKit/605.1.15 (KHTML, like Gecko) EdgiOS/104.0.1293.70 Version/15.0 Mobile/15E148 Safari/604.1"
::ffff:205.155.145.14 - - [22/Sep/2022:01:25:18 +0000] "GET /images/dragon-trans.png HTTP/1.1" 304 - "http://wadokikai.org/resources" "Mozilla/5.0 (iPhone; CPU iPhone OS 15_4 like Mac OS X) AppleWebKit/605.1.15 (KHTML, like Gecko) EdgiOS/104.0.1293.70 Version/15.0 Mobile/15E148 Safari/604.1"
::ffff:205.155.145.14 - - [22/Sep/2022:01:25:25 +0000] "GET /images/dragon-trans.png HTTP/1.1" 304 - "http://wadokikai.org/resources" "Mozilla/5.0 (iPhone; CPU iPhone OS 15_4 like Mac OS X) AppleWebKit/605.1.15 (KHTML, like Gecko) EdgiOS/104.0.1293.70 Version/15.0 Mobile/15E148 Safari/604.1"
::ffff:73.223.92.50 - - [22/Sep/2022:01:25:27 +0000] "GET /images/wadokikai%20kanji.jpg HTTP/1.1" 304 - "http://www.wadokikai.net/" "Mozilla/5.0 (iPhone; CPU iPhone OS 15_6_1 like Mac OS X) AppleWebKit/605.1.15 (KHTML, like Gecko) Version/15.6.1 Mobile/15E148 Safari/604.1"
::ffff:205.155.145.14 - - [22/Sep/2022:01:25:32 +0000] "GET /images/dragon-trans.png HTTP/1.1" 304 - "http://wadokikai.org/resources" "Mozilla/5.0 (iPhone; CPU iPhone OS 15_4 like Mac OS X) AppleWebKit/605.1.15 (KHTML, like Gecko) EdgiOS/104.0.1293.70 Version/15.0 Mobile/15E148 Safari/604.1"
::ffff:205.155.145.14 - - [22/Sep/2022:01:25:39 +0000] "GET /images/dragon-trans.png HTTP/1.1" 304 - "http://wadokikai.org/resources" "Mozilla/5.0 (iPhone; CPU iPhone OS 15_4 like Mac OS X) AppleWebKit/605.1.15 (KHTML, like Gecko) EdgiOS/104.0.1293.70 Version/15.0 Mobile/15E148 Safari/604.1"
::ffff:205.155.145.14 - - [22/Sep/2022:01:25:46 +0000] "GET /images/dragon-trans.png HTTP/1.1" 304 - "http://wadokikai.org/resources" "Mozilla/5.0 (iPhone; CPU iPhone OS 15_4 like Mac OS X) AppleWebKit/605.1.15 (KHTML, like Gecko) EdgiOS/104.0.1293.70 Version/15.0 Mobile/15E148 Safari/604.1"
::ffff:73.223.92.50 - - [22/Sep/2022:01:25:49 +0000] "GET /images/wadokikai%20kanji.jpg HTTP/1.1" 304 - "http://www.wadokikai.net/" "Mozilla/5.0 (iPhone; CPU iPhone OS 15_6_1 like Mac OS X) AppleWebKit/605.1.15 (KHTML, like Gecko) Version/15.6.1 Mobile/15E148 Safari/604.1"
::ffff:73.223.92.50 - - [22/Sep/2022:01:25:51 +0000] "GET /images/wadokikai%20kanji.jpg HTTP/1.1" 304 - "http://www.wadokikai.net/" "Mozilla/5.0 (iPhone; CPU iPhone OS 15_6_1 like Mac OS X) AppleWebKit/605.1.15 (KHTML, like Gecko) Version/15.6.1 Mobile/15E148 Safari/604.1"
::ffff:205.155.145.14 - - [22/Sep/2022:01:25:53 +0000] "GET /images/dragon-trans.png HTTP/1.1" 304 - "http://wadokikai.org/resources" "Mozilla/5.0 (iPhone; CPU iPhone OS 15_4 like Mac OS X) AppleWebKit/605.1.15 (KHTML, like Gecko) EdgiOS/104.0.1293.70 Version/15.0 Mobile/15E148 Safari/604.1"
::ffff:205.155.145.14 - - [22/Sep/2022:01:26:00 +0000] "GET /images/dragon-trans.png HTTP/1.1" 304 - "http://wadokikai.org/resources" "Mozilla/5.0 (iPhone; CPU iPhone OS 15_4 like Mac OS X) AppleWebKit/605.1.15 (KHTML, like Gecko) EdgiOS/104.0.1293.70 Version/15.0 Mobile/15E148 Safari/604.1"
::ffff:73.223.92.50 - - [22/Sep/2022:01:26:03 +0000] "GET /images/wadokikai%20kanji.jpg HTTP/1.1" 304 - "http://www.wadokikai.net/" "Mozilla/5.0 (iPhone; CPU iPhone OS 15_6_1 like Mac OS X) AppleWebKit/605.1.15 (KHTML, like Gecko) Version/15.6.1 Mobile/15E148 Safari/604.1"
::ffff:205.155.145.14 - - [22/Sep/2022:01:26:07 +0000] "GET /images/dragon-trans.png HTTP/1.1" 304 - "http://wadokikai.org/resources" "Mozilla/5.0 (iPhone; CPU iPhone OS 15_4 like Mac OS X) AppleWebKit/605.1.15 (KHTML, like Gecko) EdgiOS/104.0.1293.70 Version/15.0 Mobile/15E148 Safari/604.1"
::ffff:205.155.145.14 - - [22/Sep/2022:01:26:14 +0000] "GET /images/dragon-trans.png HTTP/1.1" 304 - "http://wadokikai.org/resources" "Mozilla/5.0 (iPhone; CPU iPhone OS 15_4 like Mac OS X) AppleWebKit/605.1.15 (KHTML, like Gecko) EdgiOS/104.0.1293.70 Version/15.0 Mobile/15E148 Safari/604.1"
::ffff:73.223.92.50 - - [22/Sep/2022:01:26:15 +0000] "GET /images/wadokikai%20kanji.jpg HTTP/1.1" 304 - "http://www.wadokikai.net/" "Mozilla/5.0 (iPhone; CPU iPhone OS 15_6_1 like Mac OS X) AppleWebKit/605.1.15 (KHTML, like Gecko) Version/15.6.1 Mobile/15E148 Safari/604.1"
::ffff:205.155.145.14 - - [22/Sep/2022:01:26:21 +0000] "GET /images/dragon-trans.png HTTP/1.1" 304 - "http://wadokikai.org/resources" "Mozilla/5.0 (iPhone; CPU iPhone OS 15_4 like Mac OS X) AppleWebKit/605.1.15 (KHTML, like Gecko) EdgiOS/104.0.1293.70 Version/15.0 Mobile/15E148 Safari/604.1"
::ffff:73.223.92.50 - - [22/Sep/2022:01:26:27 +0000] "GET /images/wadokikai%20kanji.jpg HTTP/1.1" 304 - "http://www.wadokikai.net/" "Mozilla/5.0 (iPhone; CPU iPhone OS 15_6_1 like Mac OS X) AppleWebKit/605.1.15 (KHTML, like Gecko) Version/15.6.1 Mobile/15E148 Safari/604.1"
::ffff:205.155.145.14 - - [22/Sep/2022:01:26:28 +0000] "GET /images/dragon-trans.png HTTP/1.1" 304 - "http://wadokikai.org/resources" "Mozilla/5.0 (iPhone; CPU iPhone OS 15_4 like Mac OS X) AppleWebKit/605.1.15 (KHTML, like Gecko) EdgiOS/104.0.1293.70 Version/15.0 Mobile/15E148 Safari/604.1"
::ffff:205.155.145.14 - - [22/Sep/2022:01:26:35 +0000] "GET /images/dragon-trans.png HTTP/1.1" 304 - "http://wadokikai.org/resources" "Mozilla/5.0 (iPhone; CPU iPhone OS 15_4 like Mac OS X) AppleWebKit/605.1.15 (KHTML, like Gecko) EdgiOS/104.0.1293.70 Version/15.0 Mobile/15E148 Safari/604.1"
::ffff:73.223.92.50 - - [22/Sep/2022:01:26:39 +0000] "GET /images/wadokikai%20kanji.jpg HTTP/1.1" 304 - "http://www.wadokikai.net/" "Mozilla/5.0 (iPhone; CPU iPhone OS 15_6_1 like Mac OS X) AppleWebKit/605.1.15 (KHTML, like Gecko) Version/15.6.1 Mobile/15E148 Safari/604.1"
::ffff:205.155.145.14 - - [22/Sep/2022:01:26:42 +0000] "GET /images/dragon-trans.png HTTP/1.1" 304 - "http://wadokikai.org/resources" "Mozilla/5.0 (iPhone; CPU iPhone OS 15_4 like Mac OS X) AppleWebKit/605.1.15 (KHTML, like Gecko) EdgiOS/104.0.1293.70 Version/15.0 Mobile/15E148 Safari/604.1"
::ffff:205.155.145.14 - - [22/Sep/2022:01:26:49 +0000] "GET /images/dragon-trans.png HTTP/1.1" 304 - "http://wadokikai.org/resources" "Mozilla/5.0 (iPhone; CPU iPhone OS 15_4 like Mac OS X) AppleWebKit/605.1.15 (KHTML, like Gecko) EdgiOS/104.0.1293.70 Version/15.0 Mobile/15E148 Safari/604.1"
::ffff:73.223.92.50 - - [22/Sep/2022:01:26:51 +0000] "GET /images/wadokikai%20kanji.jpg HTTP/1.1" 304 - "http://www.wadokikai.net/" "Mozilla/5.0 (iPhone; CPU iPhone OS 15_6_1 like Mac OS X) AppleWebKit/605.1.15 (KHTML, like Gecko) Version/15.6.1 Mobile/15E148 Safari/604.1"
::ffff:205.155.145.14 - - [22/Sep/2022:01:26:56 +0000] "GET /images/dragon-trans.png HTTP/1.1" 304 - "http://wadokikai.org/resources" "Mozilla/5.0 (iPhone; CPU iPhone OS 15_4 like Mac OS X) AppleWebKit/605.1.15 (KHTML, like Gecko) EdgiOS/104.0.1293.70 Version/15.0 Mobile/15E148 Safari/604.1"
::ffff:73.223.92.50 - - [22/Sep/2022:01:27:03 +0000] "GET /images/wadokikai%20kanji.jpg HTTP/1.1" 304 - "http://www.wadokikai.net/" "Mozilla/5.0 (iPhone; CPU iPhone OS 15_6_1 like Mac OS X) AppleWebKit/605.1.15 (KHTML, like Gecko) Version/15.6.1 Mobile/15E148 Safari/604.1"
::ffff:205.155.145.14 - - [22/Sep/2022:01:27:03 +0000] "GET /images/dragon-trans.png HTTP/1.1" 304 - "http://wadokikai.org/resources" "Mozilla/5.0 (iPhone; CPU iPhone OS 15_4 like Mac OS X) AppleWebKit/605.1.15 (KHTML, like Gecko) EdgiOS/104.0.1293.70 Version/15.0 Mobile/15E148 Safari/604.1"
::ffff:205.155.145.14 - - [22/Sep/2022:01:27:10 +0000] "GET /images/dragon-trans.png HTTP/1.1" 304 - "http://wadokikai.org/resources" "Mozilla/5.0 (iPhone; CPU iPhone OS 15_4 like Mac OS X) AppleWebKit/605.1.15 (KHTML, like Gecko) EdgiOS/104.0.1293.70 Version/15.0 Mobile/15E148 Safari/604.1"
::ffff:73.223.92.50 - - [22/Sep/2022:01:27:15 +0000] "GET /images/wadokikai%20kanji.jpg HTTP/1.1" 304 - "http://www.wadokikai.net/" "Mozilla/5.0 (iPhone; CPU iPhone OS 15_6_1 like Mac OS X) AppleWebKit/605.1.15 (KHTML, like Gecko) Version/15.6.1 Mobile/15E148 Safari/604.1"
::ffff:205.155.145.14 - - [22/Sep/2022:01:27:17 +0000] "GET /images/dragon-trans.png HTTP/1.1" 304 - "http://wadokikai.org/resources" "Mozilla/5.0 (iPhone; CPU iPhone OS 15_4 like Mac OS X) AppleWebKit/605.1.15 (KHTML, like Gecko) EdgiOS/104.0.1293.70 Version/15.0 Mobile/15E148 Safari/604.1"
::ffff:205.155.145.14 - - [22/Sep/2022:01:27:24 +0000] "GET /images/dragon-trans.png HTTP/1.1" 304 - "http://wadokikai.org/resources" "Mozilla/5.0 (iPhone; CPU iPhone OS 15_4 like Mac OS X) AppleWebKit/605.1.15 (KHTML, like Gecko) EdgiOS/104.0.1293.70 Version/15.0 Mobile/15E148 Safari/604.1"
::ffff:73.223.92.50 - - [22/Sep/2022:01:27:27 +0000] "GET /images/wadokikai%20kanji.jpg HTTP/1.1" 304 - "http://www.wadokikai.net/" "Mozilla/5.0 (iPhone; CPU iPhone OS 15_6_1 like Mac OS X) AppleWebKit/605.1.15 (KHTML, like Gecko) Version/15.6.1 Mobile/15E148 Safari/604.1"
::ffff:205.155.145.14 - - [22/Sep/2022:01:27:31 +0000] "GET /images/dragon-trans.png HTTP/1.1" 304 - "http://wadokikai.org/resources" "Mozilla/5.0 (iPhone; CPU iPhone OS 15_4 like Mac OS X) AppleWebKit/605.1.15 (KHTML, like Gecko) EdgiOS/104.0.1293.70 Version/15.0 Mobile/15E148 Safari/604.1"
::ffff:205.155.145.14 - - [22/Sep/2022:01:27:38 +0000] "GET /images/dragon-trans.png HTTP/1.1" 304 - "http://wadokikai.org/resources" "Mozilla/5.0 (iPhone; CPU iPhone OS 15_4 like Mac OS X) AppleWebKit/605.1.15 (KHTML, like Gecko) EdgiOS/104.0.1293.70 Version/15.0 Mobile/15E148 Safari/604.1"
::ffff:73.223.92.50 - - [22/Sep/2022:01:27:39 +0000] "GET /images/wadokikai%20kanji.jpg HTTP/1.1" 304 - "http://www.wadokikai.net/" "Mozilla/5.0 (iPhone; CPU iPhone OS 15_6_1 like Mac OS X) AppleWebKit/605.1.15 (KHTML, like Gecko) Version/15.6.1 Mobile/15E148 Safari/604.1"
::ffff:205.155.145.14 - - [22/Sep/2022:01:27:45 +0000] "GET /images/dragon-trans.png HTTP/1.1" 304 - "http://wadokikai.org/resources" "Mozilla/5.0 (iPhone; CPU iPhone OS 15_4 like Mac OS X) AppleWebKit/605.1.15 (KHTML, like Gecko) EdgiOS/104.0.1293.70 Version/15.0 Mobile/15E148 Safari/604.1"
::ffff:205.155.145.14 - - [22/Sep/2022:01:27:52 +0000] "GET /images/dragon-trans.png HTTP/1.1" 304 - "http://wadokikai.org/resources" "Mozilla/5.0 (iPhone; CPU iPhone OS 15_4 like Mac OS X) AppleWebKit/605.1.15 (KHTML, like Gecko) EdgiOS/104.0.1293.70 Version/15.0 Mobile/15E148 Safari/604.1"
::ffff:73.223.92.50 - - [22/Sep/2022:01:27:54 +0000] "GET /images/wadokikai%20kanji.jpg HTTP/1.1" 304 - "http://www.wadokikai.net/" "Mozilla/5.0 (iPhone; CPU iPhone OS 15_6_1 like Mac OS X) AppleWebKit/605.1.15 (KHTML, like Gecko) Version/15.6.1 Mobile/15E148 Safari/604.1"
::ffff:205.155.145.14 - - [22/Sep/2022:01:27:59 +0000] "GET /images/dragon-trans.png HTTP/1.1" 304 - "http://wadokikai.org/resources" "Mozilla/5.0 (iPhone; CPU iPhone OS 15_4 like Mac OS X) AppleWebKit/605.1.15 (KHTML, like Gecko) EdgiOS/104.0.1293.70 Version/15.0 Mobile/15E148 Safari/604.1"
::ffff:73.223.92.50 - - [22/Sep/2022:01:28:05 +0000] "GET /images/wadokikai%20kanji.jpg HTTP/1.1" 304 - "http://www.wadokikai.net/" "Mozilla/5.0 (iPhone; CPU iPhone OS 15_6_1 like Mac OS X) AppleWebKit/605.1.15 (KHTML, like Gecko) Version/15.6.1 Mobile/15E148 Safari/604.1"
::ffff:205.155.145.14 - - [22/Sep/2022:01:28:06 +0000] "GET /images/dragon-trans.png HTTP/1.1" 304 - "http://wadokikai.org/resources" "Mozilla/5.0 (iPhone; CPU iPhone OS 15_4 like Mac OS X) AppleWebKit/605.1.15 (KHTML, like Gecko) EdgiOS/104.0.1293.70 Version/15.0 Mobile/15E148 Safari/604.1"
::ffff:205.155.145.14 - - [22/Sep/2022:01:28:13 +0000] "GET /images/dragon-trans.png HTTP/1.1" 304 - "http://wadokikai.org/resources" "Mozilla/5.0 (iPhone; CPU iPhone OS 15_4 like Mac OS X) AppleWebKit/605.1.15 (KHTML, like Gecko) EdgiOS/104.0.1293.70 Version/15.0 Mobile/15E148 Safari/604.1"
::ffff:205.155.145.14 - - [22/Sep/2022:01:28:20 +0000] "GET /images/dragon-trans.png HTTP/1.1" 304 - "http://wadokikai.org/resources" "Mozilla/5.0 (iPhone; CPU iPhone OS 15_4 like Mac OS X) AppleWebKit/605.1.15 (KHTML, like Gecko) EdgiOS/104.0.1293.70 Version/15.0 Mobile/15E148 Safari/604.1"
::ffff:205.210.31.14 - - [22/Sep/2022:01:28:20 +0000] "GET / HTTP/1.0" 200 58140 "-" "Expanse, a Palo Alto Networks company, searches across the global IPv4 space multiple times per day to identify customers&#39; presences on the Internet. If you would like to be excluded from our scans, please send IP addresses/domains to: scaninfo@paloaltonetworks.com"
::ffff:205.155.145.14 - - [22/Sep/2022:01:28:27 +0000] "GET /images/dragon-trans.png HTTP/1.1" 304 - "http://wadokikai.org/resources" "Mozilla/5.0 (iPhone; CPU iPhone OS 15_4 like Mac OS X) AppleWebKit/605.1.15 (KHTML, like Gecko) EdgiOS/104.0.1293.70 Version/15.0 Mobile/15E148 Safari/604.1"
::ffff:205.155.145.14 - - [22/Sep/2022:01:28:34 +0000] "GET /images/dragon-trans.png HTTP/1.1" 304 - "http://wadokikai.org/resources" "Mozilla/5.0 (iPhone; CPU iPhone OS 15_4 like Mac OS X) AppleWebKit/605.1.15 (KHTML, like Gecko) EdgiOS/104.0.1293.70 Version/15.0 Mobile/15E148 Safari/604.1"
::ffff:205.155.145.14 - - [22/Sep/2022:01:28:38 +0000] "GET /images/tiger.bmp HTTP/1.1" 200 311274 "http://wadokikai.org/resources" "Mozilla/5.0 (iPhone; CPU iPhone OS 15_4 like Mac OS X) AppleWebKit/605.1.15 (KHTML, like Gecko) EdgiOS/104.0.1293.70 Version/15.0 Mobile/15E148 Safari/604.1"
::ffff:40.77.167.46 - - [22/Sep/2022:01:32:45 +0000] "GET / HTTP/1.1" 200 58140 "-" "Mozilla/5.0 (compatible; bingbot/2.0; +http://www.bing.com/bingbot.htm)"
::ffff:73.93.253.46 - - [22/Sep/2022:01:35:37 +0000] "GET /images/tiger.bmp HTTP/1.1" 304 - "https://wadokikai.org/resources" "Mozilla/5.0 (Macintosh; Intel Mac OS X 10_15_7) AppleWebKit/605.1.15 (KHTML, like Gecko) Version/15.6.1 Safari/605.1.15"
::ffff:73.93.253.46 - - [22/Sep/2022:01:47:17 +0000] "GET /images/dragon-trans.png HTTP/1.1" 304 - "https://wadokikai.org/resources" "Mozilla/5.0 (Macintosh; Intel Mac OS X 10_15_7) AppleWebKit/605.1.15 (KHTML, like Gecko) Version/15.6.1 Safari/605.1.15"
::ffff:67.160.201.88 - - [22/Sep/2022:01:48:09 +0000] "GET /favicon.ico HTTP/1.1" 404 150 "-" "Mozilla/5.0 (iPhone; CPU iPhone OS 15_6_1 like Mac OS X) AppleWebKit/605.1.15 (KHTML, like Gecko) FxiOS/40.2  Mobile/15E148 Safari/605.1.15"
::ffff:67.160.201.88 - - [22/Sep/2022:01:48:09 +0000] "GET /favicon.ico HTTP/1.1" 404 150 "-" "Mozilla/5.0 (iPhone; CPU iPhone OS 15_6_1 like Mac OS X) AppleWebKit/605.1.15 (KHTML, like Gecko) FxiOS/40.2  Mobile/15E148 Safari/605.1.15"
::ffff:67.160.201.88 - - [22/Sep/2022:01:48:09 +0000] "GET /favicon.ico HTTP/1.1" 404 150 "-" "Mozilla/5.0 (iPhone; CPU iPhone OS 15_6_1 like Mac OS X) AppleWebKit/605.1.15 (KHTML, like Gecko) FxiOS/40.2  Mobile/15E148 Safari/605.1.15"
::ffff:192.241.194.196 - - [22/Sep/2022:01:49:14 +0000] "GET /ecp/Current/exporttool/microsoft.exchange.ediscovery.exporttool.application HTTP/1.1" 404 214 "-" "Mozilla/5.0 zgrab/0.x"
::ffff:35.195.93.98 - - [22/Sep/2022:01:49:44 +0000] "GET / HTTP/1.1" 200 58140 "-" "python-requests/2.28.1"
::ffff:135.125.246.189 - - [22/Sep/2022:01:53:48 +0000] "POST / HTTP/1.1" 404 140 "-" "Mozilla/5.0 (X11; Linux x86_64) AppleWebKit/537.36 (KHTML, like Gecko) Chrome/81.0.4044.129 Safari/537.36"
::ffff:135.125.246.189 - - [22/Sep/2022:01:53:48 +0000] "GET /.env HTTP/1.1" 404 143 "-" "Mozilla/5.0 (X11; Linux x86_64) AppleWebKit/537.36 (KHTML, like Gecko) Chrome/81.0.4044.129 Safari/537.36"
::ffff:157.55.39.132 - - [22/Sep/2022:01:54:58 +0000] "GET / HTTP/1.1" 200 58140 "-" "Mozilla/5.0 (compatible; bingbot/2.0; +http://www.bing.com/bingbot.htm)"
::ffff:73.93.253.46 - - [22/Sep/2022:01:58:57 +0000] "GET /images/tiger.bmp HTTP/1.1" 304 - "https://wadokikai.org/resources" "Mozilla/5.0 (Macintosh; Intel Mac OS X 10_15_7) AppleWebKit/605.1.15 (KHTML, like Gecko) Version/15.6.1 Safari/605.1.15"
::ffff:192.241.196.156 - - [22/Sep/2022:02:01:16 +0000] "GET /owa/auth/logon.aspx HTTP/1.1" 404 158 "-" "Mozilla/5.0 zgrab/0.x"
::ffff:157.55.39.132 - - [22/Sep/2022:02:05:08 +0000] "GET /images/books/dojoWisdom.jpg HTTP/1.1" 200 2813 "-" "Mozilla/5.0 (compatible; bingbot/2.0; +http://www.bing.com/bingbot.htm)"
::ffff:73.93.253.46 - - [22/Sep/2022:02:10:37 +0000] "GET /images/dragon-trans.png HTTP/1.1" 304 - "https://wadokikai.org/resources" "Mozilla/5.0 (Macintosh; Intel Mac OS X 10_15_7) AppleWebKit/605.1.15 (KHTML, like Gecko) Version/15.6.1 Safari/605.1.15"
::ffff:73.93.253.46 - - [22/Sep/2022:02:22:17 +0000] "GET /images/tiger.bmp HTTP/1.1" 304 - "https://wadokikai.org/resources" "Mozilla/5.0 (Macintosh; Intel Mac OS X 10_15_7) AppleWebKit/605.1.15 (KHTML, like Gecko) Version/15.6.1 Safari/605.1.15"
::ffff:3.249.126.45 - - [22/Sep/2022:02:33:35 +0000] "GET /.git/config HTTP/1.1" 404 150 "-" "python-requests/2.28.1"
::ffff:207.46.13.215 - - [22/Sep/2022:02:35:47 +0000] "GET /images/schools/orindakaratedo.jpg HTTP/1.1" 200 264927 "-" "Mozilla/5.0 (compatible; bingbot/2.0; +http://www.bing.com/bingbot.htm)"
::ffff:40.77.167.70 - - [22/Sep/2022:02:42:24 +0000] "GET / HTTP/1.1" 200 58140 "-" "Mozilla/5.0 AppleWebKit/537.36 (KHTML, like Gecko; compatible; bingbot/2.0; +http://www.bing.com/bingbot.htm) Chrome/103.0.5060.134 Safari/537.36"
::ffff:157.55.39.228 - - [22/Sep/2022:02:49:08 +0000] "GET / HTTP/1.1" 200 58140 "-" "Mozilla/5.0 (compatible; bingbot/2.0; +http://www.bing.com/bingbot.htm)"
::ffff:67.160.201.88 - - [22/Sep/2022:02:49:25 +0000] "GET /favicon.ico HTTP/1.1" 404 150 "-" "Mozilla/5.0 (iPhone; CPU iPhone OS 15_6_1 like Mac OS X) AppleWebKit/605.1.15 (KHTML, like Gecko) FxiOS/40.2  Mobile/15E148 Safari/605.1.15"
::ffff:92.118.39.32 - - [22/Sep/2022:02:49:46 +0000] "GET /.env HTTP/1.1" 404 143 "-" "Mozilla/5.0 (Macintosh;                 Intel Mac OS X 10_10_1) AppleWebKit/537.36 (KHTML,                 like Gecko) Chrome/39.0.2171.95 Safari/537.36"
::ffff:92.118.39.32 - - [22/Sep/2022:02:49:46 +0000] "GET /vendor/.env HTTP/1.1" 404 150 "-" "Mozilla/5.0 (Macintosh;                 Intel Mac OS X 10_10_1) AppleWebKit/537.36 (KHTML,                 like Gecko) Chrome/39.0.2171.95 Safari/537.36"
::ffff:92.118.39.32 - - [22/Sep/2022:02:49:47 +0000] "GET /assets/.env HTTP/1.1" 404 150 "-" "Mozilla/5.0 (Macintosh;                 Intel Mac OS X 10_10_1) AppleWebKit/537.36 (KHTML,                 like Gecko) Chrome/39.0.2171.95 Safari/537.36"
::ffff:92.118.39.32 - - [22/Sep/2022:02:49:47 +0000] "GET /storage/.env HTTP/1.1" 404 151 "-" "Mozilla/5.0 (Macintosh;                 Intel Mac OS X 10_10_1) AppleWebKit/537.36 (KHTML,                 like Gecko) Chrome/39.0.2171.95 Safari/537.36"
::ffff:92.118.39.32 - - [22/Sep/2022:02:49:47 +0000] "GET /public/.env HTTP/1.1" 404 150 "-" "Mozilla/5.0 (Macintosh;                 Intel Mac OS X 10_10_1) AppleWebKit/537.36 (KHTML,                 like Gecko) Chrome/39.0.2171.95 Safari/537.36"
::ffff:92.118.39.32 - - [22/Sep/2022:02:49:48 +0000] "GET /app/.env HTTP/1.1" 404 147 "-" "Mozilla/5.0 (Macintosh;                 Intel Mac OS X 10_10_1) AppleWebKit/537.36 (KHTML,                 like Gecko) Chrome/39.0.2171.95 Safari/537.36"
::ffff:92.118.39.32 - - [22/Sep/2022:02:49:48 +0000] "GET /admin/.env HTTP/1.1" 404 149 "-" "Mozilla/5.0 (Macintosh;                 Intel Mac OS X 10_10_1) AppleWebKit/537.36 (KHTML,                 like Gecko) Chrome/39.0.2171.95 Safari/537.36"
::ffff:92.118.39.32 - - [22/Sep/2022:02:49:49 +0000] "GET /laravel/.env HTTP/1.1" 404 151 "-" "Mozilla/5.0 (Macintosh;                 Intel Mac OS X 10_10_1) AppleWebKit/537.36 (KHTML,                 like Gecko) Chrome/39.0.2171.95 Safari/537.36"
::ffff:92.118.39.32 - - [22/Sep/2022:02:49:49 +0000] "POST / HTTP/1.1" 404 140 "-" "Mozilla/5.0 (Macintosh;                 Intel Mac OS X 10_10_1) AppleWebKit/537.36 (KHTML,                 like Gecko) Chrome/39.0.2171.95 Safari/537.36"
::ffff:92.118.39.32 - - [22/Sep/2022:02:49:49 +0000] "GET /vendor/phpunit/phpunit/src/Util/PHP/eval-stdin.php HTTP/1.1" 404 189 "-" "Mozilla/5.0 (Macintosh;                 Intel Mac OS X 10_10_1) AppleWebKit/537.36 (KHTML,                 like Gecko) Chrome/39.0.2171.95 Safari/537.36"
::ffff:37.139.53.86 - - [22/Sep/2022:02:51:47 +0000] "GET / HTTP/1.0" 200 58140 "http://wadokikai.org/" "Mozilla/5.0 (Windows NT 10.0; Win64; x64) AppleWebKit/537.36 (KHTML, like Gecko) Chrome/83.0.4087.0 Safari/537.36"
::ffff:37.139.53.86 - - [22/Sep/2022:02:51:48 +0000] "POST /sendemail HTTP/1.0" 302 40 "http://wadokikai.org/" "Mozilla/5.0 (Windows NT 10.0; Win64; x64) AppleWebKit/537.36 (KHTML, like Gecko) Chrome/83.0.4087.0 Safari/537.36"
::ffff:37.139.53.86 - - [22/Sep/2022:02:51:49 +0000] "GET /?err=error HTTP/1.0" 200 58692 "http://wadokikai.org/?err=error#signup" "Mozilla/5.0 (Windows NT 10.0; Win64; x64) AppleWebKit/537.36 (KHTML, like Gecko) Chrome/83.0.4087.0 Safari/537.36"
::ffff:73.93.253.46 - - [22/Sep/2022:02:52:08 +0000] "GET /images/dragon-trans.png HTTP/1.1" 304 - "https://wadokikai.org/resources" "Mozilla/5.0 (Macintosh; Intel Mac OS X 10_15_7) AppleWebKit/605.1.15 (KHTML, like Gecko) Version/15.6.1 Safari/605.1.15"
::ffff:185.83.146.154 - - [22/Sep/2022:02:55:12 +0000] "GET /.env HTTP/1.1" 404 143 "-" "Mozilla/5.0 (X11; Linux x86_64) AppleWebKit/537.36 (KHTML, like Gecko) Chrome/81.0.4044.129 Safari/537.36"
::ffff:185.83.146.154 - - [22/Sep/2022:02:55:13 +0000] "GET /.env HTTP/1.1" 404 143 "-" "Mozilla/5.0 (X11; Linux x86_64) AppleWebKit/537.36 (KHTML, like Gecko) Chrome/81.0.4044.129 Safari/537.36"
::ffff:135.125.246.189 - - [22/Sep/2022:03:01:10 +0000] "POST / HTTP/1.1" 404 140 "-" "Mozilla/5.0 (X11; Linux x86_64) AppleWebKit/537.36 (KHTML, like Gecko) Chrome/81.0.4044.129 Safari/537.36"
::ffff:135.125.246.189 - - [22/Sep/2022:03:01:10 +0000] "GET /.env HTTP/1.1" 404 143 "-" "Mozilla/5.0 (X11; Linux x86_64) AppleWebKit/537.36 (KHTML, like Gecko) Chrome/81.0.4044.129 Safari/537.36"
::ffff:98.51.143.101 - - [22/Sep/2022:03:06:07 +0000] "GET / HTTP/1.1" 200 58140 "https://www.google.com/" "Mozilla/5.0 (iPhone; CPU iPhone OS 15_6 like Mac OS X) AppleWebKit/605.1.15 (KHTML, like Gecko) CriOS/105.0.5195.129 Mobile/15E148 Safari/604.1"
::ffff:98.51.143.101 - - [22/Sep/2022:03:06:07 +0000] "GET /images/wkkpatch22_med.png HTTP/1.1" 200 32301 "http://wadokikai.org/" "Mozilla/5.0 (iPhone; CPU iPhone OS 15_6 like Mac OS X) AppleWebKit/605.1.15 (KHTML, like Gecko) CriOS/105.0.5195.129 Mobile/15E148 Safari/604.1"
::ffff:98.51.143.101 - - [22/Sep/2022:03:06:07 +0000] "GET /css/wadokikai.css HTTP/1.1" 200 4337 "http://wadokikai.org/" "Mozilla/5.0 (iPhone; CPU iPhone OS 15_6 like Mac OS X) AppleWebKit/605.1.15 (KHTML, like Gecko) CriOS/105.0.5195.129 Mobile/15E148 Safari/604.1"
::ffff:98.51.143.101 - - [22/Sep/2022:03:06:07 +0000] "GET /images/schools/alamedakaratedomap.jpg HTTP/1.1" 200 38311 "http://wadokikai.org/" "Mozilla/5.0 (iPhone; CPU iPhone OS 15_6 like Mac OS X) AppleWebKit/605.1.15 (KHTML, like Gecko) CriOS/105.0.5195.129 Mobile/15E148 Safari/604.1"
