::ffff:120.28.115.194 - - [27/Aug/2022:16:42:45 +0000] "GET / HTTP/1.1" 200 58158 "-" "Mozilla/5.0 (Macintosh; Intel Mac OS X 10_11_6) AppleWebKit/601.7.7 (KHTML, like Gecko) Version/9.1.2 Safari/601.7.7"
::ffff:39.103.187.166 - - [27/Aug/2022:16:47:12 +0000] "HEAD / HTTP/1.1" 200 58158 "-" "Mozilla/5.0 (linux; u; android 9; zh-cn; v1816a build/pkq1.180819.001) applewebkit/537.36 (khtml, like gecko) version/4.0 chrome/57"
::ffff:39.103.187.166 - - [27/Aug/2022:16:47:13 +0000] "GET / HTTP/1.1" 200 58158 "-" "Mozilla/5.0 (linux; u; android 9; zh-cn; v1816a build/pkq1.180819.001) applewebkit/537.36 (khtml, like gecko) version/4.0 chrome/57"
::ffff:40.77.167.34 - - [27/Aug/2022:16:47:44 +0000] "GET /images/schools/earhartkaratedomap.jpg HTTP/1.1" 200 41366 "-" "Mozilla/5.0 (compatible; bingbot/2.0; +http://www.bing.com/bingbot.htm)"
::ffff:88.214.43.118 - - [27/Aug/2022:16:54:58 +0000] "GET /credentials.php HTTP/1.1" 404 154 "-" "Mozilla/5.0 (X11; Linux x86_64) AppleWebKit/537.36 (KHTML, like Gecko) Chrome/81.0.4044.129 Safari/537.36"
::ffff:88.214.43.118 - - [27/Aug/2022:16:54:58 +0000] "GET /credentials.php HTTP/1.1" 404 154 "-" "Mozilla/5.0 (X11; Linux x86_64) AppleWebKit/537.36 (KHTML, like Gecko) Chrome/81.0.4044.129 Safari/537.36"
::ffff:114.119.152.119 - - [27/Aug/2022:16:59:27 +0000] "GET /events HTTP/1.1" 200 9364 "http://www.wadokikai.org/contact?s=1&ss=7" "Mozilla/5.0 (Linux; Android 7.0;) AppleWebKit/537.36 (KHTML, like Gecko) Mobile Safari/537.36 (compatible; PetalBot;+https://webmaster.petalsearch.com/site/petalbot)"
::ffff:94.102.61.10 - - [27/Aug/2022:17:11:06 +0000] "GET /images/favicon.ico HTTP/1.1" 200 3638 "-" "python-requests/2.26.0"
::ffff:94.102.61.10 - - [27/Aug/2022:17:11:06 +0000] "GET / HTTP/1.1" 200 58158 "-" "python-requests/2.26.0"
::ffff:94.102.61.10 - - [27/Aug/2022:17:11:26 +0000] "GET /images/favicon.ico HTTP/1.1" 200 3638 "-" "python-requests/2.26.0"
::ffff:94.102.61.10 - - [27/Aug/2022:17:11:26 +0000] "GET / HTTP/1.1" 200 58158 "-" "python-requests/2.26.0"
::ffff:114.119.152.108 - - [27/Aug/2022:17:13:09 +0000] "GET /contact?s=1&ss=4 HTTP/1.1" 200 9997 "https://wadokikai.org/" "Mozilla/5.0 (Linux; Android 7.0;) AppleWebKit/537.36 (KHTML, like Gecko) Mobile Safari/537.36 (compatible; PetalBot;+https://webmaster.petalsearch.com/site/petalbot)"
::ffff:207.46.13.113 - - [27/Aug/2022:17:13:12 +0000] "GET /events HTTP/1.1" 200 9364 "-" "Mozilla/5.0 (compatible; bingbot/2.0; +http://www.bing.com/bingbot.htm)"
::ffff:128.14.141.34 - - [27/Aug/2022:17:13:33 +0000] "GET / HTTP/1.1" 200 58158 "-" "Mozilla/5.0 (Windows NT 10.0; Win64; x64) AppleWebKit/537.36 (KHTML, like Gecko) Chrome/60.0.3112.113 Safari/537.36"
::ffff:207.46.13.168 - - [27/Aug/2022:17:20:20 +0000] "GET /schools HTTP/1.1" 200 96626 "-" "Mozilla/5.0 (compatible; bingbot/2.0; +http://www.bing.com/bingbot.htm)"
::ffff:49.12.1.27 - - [27/Aug/2022:17:25:55 +0000] "GET / HTTP/1.1" 200 58158 "-" "Mozilla/5.0 (Windows NT 6.1; WOW64; rv:54.0) Gecko/20100101 Firefox/73.0"
::ffff:135.125.246.110 - - [27/Aug/2022:17:30:59 +0000] "POST / HTTP/1.1" 404 140 "-" "Mozilla/5.0 (X11; Linux x86_64) AppleWebKit/537.36 (KHTML, like Gecko) Chrome/81.0.4044.129 Safari/537.36"
::ffff:135.125.246.110 - - [27/Aug/2022:17:31:00 +0000] "GET /.env HTTP/1.1" 404 143 "-" "Mozilla/5.0 (X11; Linux x86_64) AppleWebKit/537.36 (KHTML, like Gecko) Chrome/81.0.4044.129 Safari/537.36"
::ffff:172.58.143.40 - - [27/Aug/2022:17:32:35 +0000] "GET /style.html HTTP/1.1" 404 149 "-" "Mozilla/5.0 (Macintosh; Intel Mac OS X 10_11_1) AppleWebKit/601.2.4 (KHTML, like Gecko) Version/9.0.1 Safari/601.2.4 facebookexternalhit/1.1 Facebot Twitterbot/1.0"
::ffff:172.58.143.40 - - [27/Aug/2022:17:32:35 +0000] "GET /favicon.ico HTTP/1.1" 404 150 "-" "Mozilla/5.0 (Macintosh; Intel Mac OS X 10_11_1) AppleWebKit/601.2.4 (KHTML, like Gecko) Version/9.0.1 Safari/601.2.4 facebookexternalhit/1.1 Facebot Twitterbot/1.0"
::ffff:172.58.143.40 - - [27/Aug/2022:17:32:35 +0000] "GET /apple-touch-icon-precomposed.png HTTP/1.1" 404 171 "-" "Mozilla/5.0 (Macintosh; Intel Mac OS X 10_11_1) AppleWebKit/601.2.4 (KHTML, like Gecko) Version/9.0.1 Safari/601.2.4 facebookexternalhit/1.1 Facebot Twitterbot/1.0"
::ffff:172.58.143.40 - - [27/Aug/2022:17:32:35 +0000] "GET /apple-touch-icon.png HTTP/1.1" 404 159 "-" "Mozilla/5.0 (Macintosh; Intel Mac OS X 10_11_1) AppleWebKit/601.2.4 (KHTML, like Gecko) Version/9.0.1 Safari/601.2.4 facebookexternalhit/1.1 Facebot Twitterbot/1.0"
::ffff:40.77.167.22 - - [27/Aug/2022:17:33:13 +0000] "GET /contact HTTP/1.1" 200 10017 "-" "Mozilla/5.0 (compatible; bingbot/2.0; +http://www.bing.com/bingbot.htm)"
::ffff:82.79.232.22 - - [27/Aug/2022:17:33:54 +0000] "GET /docs/Bushido-code.pdf HTTP/1.1" 200 691794 "https://www.google.com/" "Mozilla/5.0 (Linux; Android 10; DRA-LX9; HMSCore 6.6.0.351) AppleWebKit/537.36 (KHTML, like Gecko) Chrome/92.0.4515.105 HuaweiBrowser/12.1.1.324 Mobile Safari/537.36"
::ffff:82.79.232.22 - - [27/Aug/2022:17:33:56 +0000] "GET /docs/Bushido-code.pdf HTTP/1.1" 200 691794 "https://www.google.com/" "Mozilla/5.0 (Linux; Android 10; DRA-LX9; HMSCore 6.6.0.351) AppleWebKit/537.36 (KHTML, like Gecko) Chrome/92.0.4515.105 HuaweiBrowser/12.1.1.324 Mobile Safari/537.36"
::ffff:114.119.145.194 - - [27/Aug/2022:17:35:47 +0000] "GET /contact?s=1&ss=5 HTTP/1.1" 200 9997 "http://34.212.47.6/" "Mozilla/5.0 (Linux; Android 7.0;) AppleWebKit/537.36 (KHTML, like Gecko) Mobile Safari/537.36 (compatible; PetalBot;+https://webmaster.petalsearch.com/site/petalbot)"
::ffff:109.237.103.9 - - [27/Aug/2022:17:36:05 +0000] "GET /.env HTTP/1.1" 404 143 "-" "Mozilla/5.0 (X11; Linux x86_64) AppleWebKit/537.36 (KHTML, like Gecko) Chrome/81.0.4044.129 Safari/537.36"
::ffff:207.46.13.168 - - [27/Aug/2022:17:38:33 +0000] "GET /contact?s=1&ss=10 HTTP/1.1" 200 9997 "-" "Mozilla/5.0 (compatible; bingbot/2.0; +http://www.bing.com/bingbot.htm)"
::ffff:157.55.39.86 - - [27/Aug/2022:17:38:50 +0000] "GET /css/wadokikai.css HTTP/1.1" 200 4337 "-" "Mozilla/5.0 (compatible; bingbot/2.0; +http://www.bing.com/bingbot.htm)"
::ffff:185.156.73.178 - - [27/Aug/2022:17:53:28 +0000] "GET / HTTP/1.1" 200 58158 "-" "Linux Gnu (cow)"
::ffff:207.46.13.113 - - [27/Aug/2022:17:54:35 +0000] "GET /katas.html HTTP/1.1" 404 149 "-" "Mozilla/5.0 (compatible; bingbot/2.0; +http://www.bing.com/bingbot.htm)"
::ffff:75.161.18.103 - - [27/Aug/2022:17:57:07 +0000] "GET /css/wadokikai.css HTTP/1.1" 200 4337 "http://wadokikai.org/resources" "Mozilla/5.0 (Linux; Android 12; SM-S908U) AppleWebKit/537.36 (KHTML, like Gecko) Chrome/104.0.0.0 Mobile Safari/537.36"
::ffff:75.161.18.103 - - [27/Aug/2022:17:57:07 +0000] "GET /resources HTTP/1.1" 200 194906 "http://wadokikai.org/" "Mozilla/5.0 (Linux; Android 12; SM-S908U) AppleWebKit/537.36 (KHTML, like Gecko) Chrome/104.0.0.0 Mobile Safari/537.36"
::ffff:75.161.18.103 - - [27/Aug/2022:17:57:07 +0000] "GET /js/common.js HTTP/1.1" 200 2255 "http://wadokikai.org/resources" "Mozilla/5.0 (Linux; Android 12; SM-S908U) AppleWebKit/537.36 (KHTML, like Gecko) Chrome/104.0.0.0 Mobile Safari/537.36"
::ffff:75.161.18.103 - - [27/Aug/2022:17:57:07 +0000] "GET /images/wkkpatch22_med.png HTTP/1.1" 200 32301 "http://wadokikai.org/resources" "Mozilla/5.0 (Linux; Android 12; SM-S908U) AppleWebKit/537.36 (KHTML, like Gecko) Chrome/104.0.0.0 Mobile Safari/537.36"
::ffff:75.161.18.103 - - [27/Aug/2022:17:57:07 +0000] "GET /images/JohnArce.jpg HTTP/1.1" 200 13951 "http://wadokikai.org/resources" "Mozilla/5.0 (Linux; Android 12; SM-S908U) AppleWebKit/537.36 (KHTML, like Gecko) Chrome/104.0.0.0 Mobile Safari/537.36"
::ffff:75.161.18.103 - - [27/Aug/2022:17:57:07 +0000] "GET /images/tm.jpg HTTP/1.1" 200 25020 "http://wadokikai.org/resources" "Mozilla/5.0 (Linux; Android 12; SM-S908U) AppleWebKit/537.36 (KHTML, like Gecko) Chrome/104.0.0.0 Mobile Safari/537.36"
::ffff:75.161.18.103 - - [27/Aug/2022:17:57:07 +0000] "GET /images/books/MBS2.jpg HTTP/1.1" 200 15317 "http://wadokikai.org/resources" "Mozilla/5.0 (Linux; Android 12; SM-S908U) AppleWebKit/537.36 (KHTML, like Gecko) Chrome/104.0.0.0 Mobile Safari/537.36"
::ffff:75.161.18.103 - - [27/Aug/2022:17:57:07 +0000] "GET /images/books/MBS.gif HTTP/1.1" 200 13195 "http://wadokikai.org/resources" "Mozilla/5.0 (Linux; Android 12; SM-S908U) AppleWebKit/537.36 (KHTML, like Gecko) Chrome/104.0.0.0 Mobile Safari/537.36"
::ffff:75.161.18.103 - - [27/Aug/2022:17:57:07 +0000] "GET /images/books/karatebook.jpg HTTP/1.1" 200 7644 "http://wadokikai.org/resources" "Mozilla/5.0 (Linux; Android 12; SM-S908U) AppleWebKit/537.36 (KHTML, like Gecko) Chrome/104.0.0.0 Mobile Safari/537.36"
::ffff:75.161.18.103 - - [27/Aug/2022:17:57:07 +0000] "GET /images/books/ZenMeditation.jpg HTTP/1.1" 200 3760 "http://wadokikai.org/resources" "Mozilla/5.0 (Linux; Android 12; SM-S908U) AppleWebKit/537.36 (KHTML, like Gecko) Chrome/104.0.0.0 Mobile Safari/537.36"
::ffff:75.161.18.103 - - [27/Aug/2022:17:57:07 +0000] "GET /images/books/KarateDoZen.jpg HTTP/1.1" 200 2677 "http://wadokikai.org/resources" "Mozilla/5.0 (Linux; Android 12; SM-S908U) AppleWebKit/537.36 (KHTML, like Gecko) Chrome/104.0.0.0 Mobile Safari/537.36"
::ffff:75.161.18.103 - - [27/Aug/2022:17:57:07 +0000] "GET /images/books/bookoffiverings.jpg HTTP/1.1" 200 2940 "http://wadokikai.org/resources" "Mozilla/5.0 (Linux; Android 12; SM-S908U) AppleWebKit/537.36 (KHTML, like Gecko) Chrome/104.0.0.0 Mobile Safari/537.36"
::ffff:75.161.18.103 - - [27/Aug/2022:17:57:07 +0000] "GET /images/books/shotokanSecrets.jpg HTTP/1.1" 200 4046 "http://wadokikai.org/resources" "Mozilla/5.0 (Linux; Android 12; SM-S908U) AppleWebKit/537.36 (KHTML, like Gecko) Chrome/104.0.0.0 Mobile Safari/537.36"
::ffff:75.161.18.103 - - [27/Aug/2022:17:57:07 +0000] "GET /images/books/dummies.jpg HTTP/1.1" 200 3631 "http://wadokikai.org/resources" "Mozilla/5.0 (Linux; Android 12; SM-S908U) AppleWebKit/537.36 (KHTML, like Gecko) Chrome/104.0.0.0 Mobile Safari/537.36"
::ffff:75.161.18.103 - - [27/Aug/2022:17:57:07 +0000] "GET /images/books/dojoWisdom.jpg HTTP/1.1" 200 2813 "http://wadokikai.org/resources" "Mozilla/5.0 (Linux; Android 12; SM-S908U) AppleWebKit/537.36 (KHTML, like Gecko) Chrome/104.0.0.0 Mobile Safari/537.36"
::ffff:75.161.18.103 - - [27/Aug/2022:17:57:07 +0000] "GET /images/books/saibook.jpg HTTP/1.1" 200 3043 "http://wadokikai.org/resources" "Mozilla/5.0 (Linux; Android 12; SM-S908U) AppleWebKit/537.36 (KHTML, like Gecko) Chrome/104.0.0.0 Mobile Safari/537.36"
::ffff:75.161.18.103 - - [27/Aug/2022:17:57:07 +0000] "GET /images/books/bobook.gif HTTP/1.1" 200 6919 "http://wadokikai.org/resources" "Mozilla/5.0 (Linux; Android 12; SM-S908U) AppleWebKit/537.36 (KHTML, like Gecko) Chrome/104.0.0.0 Mobile Safari/537.36"
::ffff:75.161.18.103 - - [27/Aug/2022:17:57:07 +0000] "GET /images/books/guide20.jpg HTTP/1.1" 200 1934 "http://wadokikai.org/resources" "Mozilla/5.0 (Linux; Android 12; SM-S908U) AppleWebKit/537.36 (KHTML, like Gecko) Chrome/104.0.0.0 Mobile Safari/537.36"
::ffff:75.161.18.103 - - [27/Aug/2022:17:57:07 +0000] "GET /images/books/karatedo.jpg HTTP/1.1" 200 3442 "http://wadokikai.org/resources" "Mozilla/5.0 (Linux; Android 12; SM-S908U) AppleWebKit/537.36 (KHTML, like Gecko) Chrome/104.0.0.0 Mobile Safari/537.36"
::ffff:75.161.18.103 - - [27/Aug/2022:17:57:07 +0000] "GET /images/books/emptyHand.jpg HTTP/1.1" 200 12021 "http://wadokikai.org/resources" "Mozilla/5.0 (Linux; Android 12; SM-S908U) AppleWebKit/537.36 (KHTML, like Gecko) Chrome/104.0.0.0 Mobile Safari/537.36"
::ffff:75.161.18.103 - - [27/Aug/2022:17:57:07 +0000] "GET /images/books/movingzen.jpg HTTP/1.1" 200 3578 "http://wadokikai.org/resources" "Mozilla/5.0 (Linux; Android 12; SM-S908U) AppleWebKit/537.36 (KHTML, like Gecko) Chrome/104.0.0.0 Mobile Safari/537.36"
::ffff:75.161.18.103 - - [27/Aug/2022:17:57:07 +0000] "GET /images/books/karatedojo.jpg HTTP/1.1" 200 3457 "http://wadokikai.org/resources" "Mozilla/5.0 (Linux; Android 12; SM-S908U) AppleWebKit/537.36 (KHTML, like Gecko) Chrome/104.0.0.0 Mobile Safari/537.36"
::ffff:75.161.18.103 - - [27/Aug/2022:17:57:07 +0000] "GET /images/books/grappingmethod.jpg HTTP/1.1" 200 4025 "http://wadokikai.org/resources" "Mozilla/5.0 (Linux; Android 12; SM-S908U) AppleWebKit/537.36 (KHTML, like Gecko) Chrome/104.0.0.0 Mobile Safari/537.36"
::ffff:75.161.18.103 - - [27/Aug/2022:17:57:07 +0000] "GET /images/books/artofwar.jpg HTTP/1.1" 200 22573 "http://wadokikai.org/resources" "Mozilla/5.0 (Linux; Android 12; SM-S908U) AppleWebKit/537.36 (KHTML, like Gecko) Chrome/104.0.0.0 Mobile Safari/537.36"
::ffff:75.161.18.103 - - [27/Aug/2022:17:57:07 +0000] "GET /images/dragon-trans.png HTTP/1.1" 200 85661 "http://wadokikai.org/resources" "Mozilla/5.0 (Linux; Android 12; SM-S908U) AppleWebKit/537.36 (KHTML, like Gecko) Chrome/104.0.0.0 Mobile Safari/537.36"
::ffff:75.161.18.103 - - [27/Aug/2022:17:57:08 +0000] "GET /images/favicon.ico HTTP/1.1" 200 3638 "http://wadokikai.org/resources" "Mozilla/5.0 (Linux; Android 12; SM-S908U) AppleWebKit/537.36 (KHTML, like Gecko) Chrome/104.0.0.0 Mobile Safari/537.36"
::ffff:75.161.18.103 - - [27/Aug/2022:17:57:12 +0000] "GET /images/tiger.bmp HTTP/1.1" 200 311274 "http://wadokikai.org/resources" "Mozilla/5.0 (Linux; Android 12; SM-S908U) AppleWebKit/537.36 (KHTML, like Gecko) Chrome/104.0.0.0 Mobile Safari/537.36"
::ffff:75.161.18.103 - - [27/Aug/2022:17:57:19 +0000] "GET /images/tiger.bmp HTTP/1.1" 304 - "http://wadokikai.org/resources" "Mozilla/5.0 (Linux; Android 12; SM-S908U) AppleWebKit/537.36 (KHTML, like Gecko) Chrome/104.0.0.0 Mobile Safari/537.36"
::ffff:75.161.18.103 - - [27/Aug/2022:17:57:28 +0000] "GET /images/tiger.bmp HTTP/1.1" 304 - "http://wadokikai.org/resources" "Mozilla/5.0 (Linux; Android 12; SM-S908U) AppleWebKit/537.36 (KHTML, like Gecko) Chrome/104.0.0.0 Mobile Safari/537.36"
::ffff:75.161.18.103 - - [27/Aug/2022:18:02:11 +0000] "GET /images/tiger.bmp HTTP/1.1" 304 - "http://wadokikai.org/resources" "Mozilla/5.0 (Linux; Android 12; SM-S908U) AppleWebKit/537.36 (KHTML, like Gecko) Chrome/104.0.0.0 Mobile Safari/537.36"
::ffff:46.161.11.238 - - [27/Aug/2022:18:03:42 +0000] "GET / HTTP/1.0" 200 58158 "http://wadokikai.org/" "Mozilla/5.0 (Windows NT 6.3; Win64; x64) AppleWebKit/537.36 (KHTML, like Gecko) Chrome/83.0.4103.61 Safari/537.36"
::ffff:46.161.11.238 - - [27/Aug/2022:18:03:43 +0000] "POST /sendemail HTTP/1.0" 302 40 "http://wadokikai.org/" "Mozilla/5.0 (Windows NT 6.3; Win64; x64) AppleWebKit/537.36 (KHTML, like Gecko) Chrome/83.0.4103.61 Safari/537.36"
::ffff:46.161.11.238 - - [27/Aug/2022:18:03:44 +0000] "GET /?err=error HTTP/1.0" 200 58710 "http://wadokikai.org/?err=error#signup" "Mozilla/5.0 (Windows NT 6.3; Win64; x64) AppleWebKit/537.36 (KHTML, like Gecko) Chrome/83.0.4103.61 Safari/537.36"
::ffff:92.118.39.88 - - [27/Aug/2022:18:04:34 +0000] "GET / HTTP/1.1" 200 58158 "-" "-"
::ffff:207.46.13.113 - - [27/Aug/2022:18:04:55 +0000] "GET /katas.html HTTP/1.1" 404 149 "-" "Mozilla/5.0 AppleWebKit/537.36 (KHTML, like Gecko; compatible; bingbot/2.0; +http://www.bing.com/bingbot.htm) Chrome/103.0.5060.134 Safari/537.36"
::ffff:185.254.196.115 - - [27/Aug/2022:18:09:51 +0000] "GET /.env HTTP/1.1" 404 143 "-" "Mozilla/5.0 (X11; Linux x86_64) AppleWebKit/537.36 (KHTML, like Gecko) Chrome/81.0.4044.129 Safari/537.36"
::ffff:185.254.196.115 - - [27/Aug/2022:18:09:52 +0000] "POST / HTTP/1.1" 404 140 "-" "Mozilla/5.0 (X11; Linux x86_64) AppleWebKit/537.36 (KHTML, like Gecko) Chrome/81.0.4044.129 Safari/537.36"
::ffff:23.236.167.200 - - [27/Aug/2022:18:15:52 +0000] "GET /contact.html HTTP/1.1" 404 151 "-" "Mozilla/5.0 (Windows NT 10.0; WOW64) AppleWebKit/537.36 (KHTML, like Gecko) Chrome/103.0.0.0 YaBrowser/22.7.0 Yowser/2.5 Safari/537.36"
::ffff:2.57.122.98 - - [27/Aug/2022:18:17:44 +0000] "GET / HTTP/1.1" 200 58158 "-" "Mozilla/5.0 (Windows NT 10.0; Win64; x64) AppleWebKit/537.36 (KHTML, like Gecko) Chrome/90.0.4430.85 Safari/537.36 Edg/90.0.818.46"
::ffff:45.95.55.5 - - [27/Aug/2022:18:20:36 +0000] "GET / HTTP/1.1" 200 58158 "-" "-"
::ffff:207.46.13.113 - - [27/Aug/2022:18:20:47 +0000] "GET /locations.php HTTP/1.1" 404 152 "-" "Mozilla/5.0 (compatible; bingbot/2.0; +http://www.bing.com/bingbot.htm)"
::ffff:23.251.102.74 - - [27/Aug/2022:18:28:12 +0000] "GET / HTTP/1.1" 200 58158 "-" "Mozilla/5.0 (Windows NT 10.0; Win64; x64) AppleWebKit/537.36 (KHTML, like Gecko) Chrome/60.0.3112.113 Safari/537.36"
::ffff:114.119.129.33 - - [27/Aug/2022:18:31:09 +0000] "GET /robots.txt HTTP/1.1" 404 149 "-" "Mozilla/5.0 (compatible;PetalBot;+https://webmaster.petalsearch.com/site/petalbot)"
::ffff:20.191.45.212 - - [27/Aug/2022:18:43:23 +0000] "GET / HTTP/1.1" 200 58158 "http://wadokikai.org/" "Mozilla/5.0 (compatible; DuckDuckGo-Favicons-Bot/1.0; +http://duckduckgo.com)"
::ffff:20.191.45.212 - - [27/Aug/2022:18:43:23 +0000] "GET /images/favicon.ico HTTP/1.1" 200 3638 "http://wadokikai.org/images/favicon.ico" "Mozilla/5.0 (compatible; DuckDuckGo-Favicons-Bot/1.0; +http://duckduckgo.com)"
::ffff:166.88.131.119 - - [27/Aug/2022:18:43:29 +0000] "GET / HTTP/1.1" 200 58158 "https://duckduckgo.com/" "Mozilla/5.0 (Linux; Android 12) AppleWebKit/537.36 (KHTML, like Gecko) Version/4.0 Chrome/104.0.5112.69 Mobile DuckDuckGo/5 Safari/537.36"
::ffff:166.88.131.119 - - [27/Aug/2022:18:43:29 +0000] "GET /css/wadokikai.css HTTP/1.1" 200 4337 "http://wadokikai.org/" "Mozilla/5.0 (Linux; Android 12) AppleWebKit/537.36 (KHTML, like Gecko) Version/4.0 Chrome/104.0.5112.69 Mobile DuckDuckGo/5 Safari/537.36"
::ffff:166.88.131.119 - - [27/Aug/2022:18:43:29 +0000] "GET /js/common.js HTTP/1.1" 200 2255 "http://wadokikai.org/" "Mozilla/5.0 (Linux; Android 12) AppleWebKit/537.36 (KHTML, like Gecko) Version/4.0 Chrome/104.0.5112.69 Mobile DuckDuckGo/5 Safari/537.36"
::ffff:166.88.131.119 - - [27/Aug/2022:18:43:29 +0000] "GET /images/wkkpatch22_med.png HTTP/1.1" 200 32301 "http://wadokikai.org/" "Mozilla/5.0 (Linux; Android 12) AppleWebKit/537.36 (KHTML, like Gecko) Version/4.0 Chrome/104.0.5112.69 Mobile DuckDuckGo/5 Safari/537.36"
::ffff:166.88.131.119 - - [27/Aug/2022:18:43:30 +0000] "GET /images/promotions/20220728corpuz.jpg HTTP/1.1" 200 108218 "http://wadokikai.org/" "Mozilla/5.0 (Linux; Android 12) AppleWebKit/537.36 (KHTML, like Gecko) Version/4.0 Chrome/104.0.5112.69 Mobile DuckDuckGo/5 Safari/537.36"
::ffff:166.88.131.119 - - [27/Aug/2022:18:43:30 +0000] "GET /images/schools/alamedakaratedomap.jpg HTTP/1.1" 200 38311 "http://wadokikai.org/" "Mozilla/5.0 (Linux; Android 12) AppleWebKit/537.36 (KHTML, like Gecko) Version/4.0 Chrome/104.0.5112.69 Mobile DuckDuckGo/5 Safari/537.36"
::ffff:166.88.131.119 - - [27/Aug/2022:18:43:30 +0000] "GET /images/schools/orindakaratedomap.jpg HTTP/1.1" 200 34167 "http://wadokikai.org/" "Mozilla/5.0 (Linux; Android 12) AppleWebKit/537.36 (KHTML, like Gecko) Version/4.0 Chrome/104.0.5112.69 Mobile DuckDuckGo/5 Safari/537.36"
::ffff:166.88.131.119 - - [27/Aug/2022:18:43:30 +0000] "GET /images/marin5thDan.jpeg HTTP/1.1" 200 105451 "http://wadokikai.org/" "Mozilla/5.0 (Linux; Android 12) AppleWebKit/537.36 (KHTML, like Gecko) Version/4.0 Chrome/104.0.5112.69 Mobile DuckDuckGo/5 Safari/537.36"
::ffff:166.88.131.119 - - [27/Aug/2022:18:43:30 +0000] "GET /images/schools/harborbaykaratedomap.jpg HTTP/1.1" 200 37245 "http://wadokikai.org/" "Mozilla/5.0 (Linux; Android 12) AppleWebKit/537.36 (KHTML, like Gecko) Version/4.0 Chrome/104.0.5112.69 Mobile DuckDuckGo/5 Safari/537.36"
::ffff:166.88.131.119 - - [27/Aug/2022:18:43:30 +0000] "GET /images/tournaments/NKD8202022.jpg HTTP/1.1" 200 493189 "http://wadokikai.org/" "Mozilla/5.0 (Linux; Android 12) AppleWebKit/537.36 (KHTML, like Gecko) Version/4.0 Chrome/104.0.5112.69 Mobile DuckDuckGo/5 Safari/537.36"
::ffff:166.88.131.119 - - [27/Aug/2022:18:43:30 +0000] "GET /images/schools/corpuzkaratedomap.jpg HTTP/1.1" 200 36421 "http://wadokikai.org/" "Mozilla/5.0 (Linux; Android 12) AppleWebKit/537.36 (KHTML, like Gecko) Version/4.0 Chrome/104.0.5112.69 Mobile DuckDuckGo/5 Safari/537.36"
::ffff:166.88.131.119 - - [27/Aug/2022:18:43:30 +0000] "GET /images/schools/dcakaratedomap.jpg HTTP/1.1" 200 35262 "http://wadokikai.org/" "Mozilla/5.0 (Linux; Android 12) AppleWebKit/537.36 (KHTML, like Gecko) Version/4.0 Chrome/104.0.5112.69 Mobile DuckDuckGo/5 Safari/537.36"
::ffff:166.88.131.119 - - [27/Aug/2022:18:43:30 +0000] "GET /images/schools/earhartkaratedomap.jpg HTTP/1.1" 200 41366 "http://wadokikai.org/" "Mozilla/5.0 (Linux; Android 12) AppleWebKit/537.36 (KHTML, like Gecko) Version/4.0 Chrome/104.0.5112.69 Mobile DuckDuckGo/5 Safari/537.36"
::ffff:166.88.131.119 - - [27/Aug/2022:18:43:30 +0000] "GET /images/schools/nunleykaratedomap.jpg HTTP/1.1" 200 42667 "http://wadokikai.org/" "Mozilla/5.0 (Linux; Android 12) AppleWebKit/537.36 (KHTML, like Gecko) Version/4.0 Chrome/104.0.5112.69 Mobile DuckDuckGo/5 Safari/537.36"
::ffff:166.88.131.119 - - [27/Aug/2022:18:43:30 +0000] "GET /images/schools/marinkaratedomap.jpg HTTP/1.1" 200 32400 "http://wadokikai.org/" "Mozilla/5.0 (Linux; Android 12) AppleWebKit/537.36 (KHTML, like Gecko) Version/4.0 Chrome/104.0.5112.69 Mobile DuckDuckGo/5 Safari/537.36"
::ffff:166.88.131.119 - - [27/Aug/2022:18:43:30 +0000] "GET /images/schools/manzanitakaratedomap.jpg HTTP/1.1" 200 55402 "http://wadokikai.org/" "Mozilla/5.0 (Linux; Android 12) AppleWebKit/537.36 (KHTML, like Gecko) Version/4.0 Chrome/104.0.5112.69 Mobile DuckDuckGo/5 Safari/537.36"
::ffff:166.88.131.119 - - [27/Aug/2022:18:43:30 +0000] "GET /images/schools/martinezkaratedomap.jpg HTTP/1.1" 200 37724 "http://wadokikai.org/" "Mozilla/5.0 (Linux; Android 12) AppleWebKit/537.36 (KHTML, like Gecko) Version/4.0 Chrome/104.0.5112.69 Mobile DuckDuckGo/5 Safari/537.36"
::ffff:166.88.131.119 - - [27/Aug/2022:18:43:30 +0000] "GET /images/dragon-trans.png HTTP/1.1" 200 85661 "http://wadokikai.org/" "Mozilla/5.0 (Linux; Android 12) AppleWebKit/537.36 (KHTML, like Gecko) Version/4.0 Chrome/104.0.5112.69 Mobile DuckDuckGo/5 Safari/537.36"
::ffff:166.88.131.119 - - [27/Aug/2022:18:43:30 +0000] "GET /images/favicon.ico HTTP/1.1" 200 3638 "http://wadokikai.org/" "Mozilla/5.0 (Linux; Android 12) AppleWebKit/537.36 (KHTML, like Gecko) Version/4.0 Chrome/104.0.5112.69 Mobile DuckDuckGo/5 Safari/537.36"
::ffff:166.88.131.119 - - [27/Aug/2022:18:43:31 +0000] "GET /apple-touch-icon.png HTTP/1.1" 404 159 "-" "DuckDuckGo/5 (com.duckduckgo.mobile.android; Android API 31)"
::ffff:166.88.131.119 - - [27/Aug/2022:18:43:31 +0000] "GET /favicon.ico HTTP/1.1" 404 150 "-" "DuckDuckGo/5 (com.duckduckgo.mobile.android; Android API 31)"
::ffff:166.88.131.119 - - [27/Aug/2022:18:43:34 +0000] "GET /images/tiger.bmp HTTP/1.1" 200 311274 "http://wadokikai.org/" "Mozilla/5.0 (Linux; Android 12) AppleWebKit/537.36 (KHTML, like Gecko) Version/4.0 Chrome/104.0.5112.69 Mobile DuckDuckGo/5 Safari/537.36"
::ffff:166.88.131.119 - - [27/Aug/2022:18:43:37 +0000] "GET /images/wadokikai%20kanji.jpg HTTP/1.1" 200 35066 "http://wadokikai.org/" "Mozilla/5.0 (Linux; Android 12) AppleWebKit/537.36 (KHTML, like Gecko) Version/4.0 Chrome/104.0.5112.69 Mobile DuckDuckGo/5 Safari/537.36"
::ffff:166.88.131.119 - - [27/Aug/2022:18:43:41 +0000] "GET /images/dragon-trans.png HTTP/1.1" 304 - "http://wadokikai.org/" "Mozilla/5.0 (Linux; Android 12) AppleWebKit/537.36 (KHTML, like Gecko) Version/4.0 Chrome/104.0.5112.69 Mobile DuckDuckGo/5 Safari/537.36"
::ffff:166.88.131.119 - - [27/Aug/2022:18:43:44 +0000] "GET /images/tiger.bmp HTTP/1.1" 304 - "http://wadokikai.org/" "Mozilla/5.0 (Linux; Android 12) AppleWebKit/537.36 (KHTML, like Gecko) Version/4.0 Chrome/104.0.5112.69 Mobile DuckDuckGo/5 Safari/537.36"
::ffff:166.88.131.119 - - [27/Aug/2022:18:43:48 +0000] "GET /images/wadokikai%20kanji.jpg HTTP/1.1" 304 - "http://wadokikai.org/" "Mozilla/5.0 (Linux; Android 12) AppleWebKit/537.36 (KHTML, like Gecko) Version/4.0 Chrome/104.0.5112.69 Mobile DuckDuckGo/5 Safari/537.36"
::ffff:166.88.131.119 - - [27/Aug/2022:18:43:55 +0000] "GET /images/tiger.bmp HTTP/1.1" 304 - "http://wadokikai.org/" "Mozilla/5.0 (Linux; Android 12) AppleWebKit/537.36 (KHTML, like Gecko) Version/4.0 Chrome/104.0.5112.69 Mobile DuckDuckGo/5 Safari/537.36"
::ffff:166.88.131.119 - - [27/Aug/2022:18:43:59 +0000] "GET /images/wadokikai%20kanji.jpg HTTP/1.1" 304 - "http://wadokikai.org/" "Mozilla/5.0 (Linux; Android 12) AppleWebKit/537.36 (KHTML, like Gecko) Version/4.0 Chrome/104.0.5112.69 Mobile DuckDuckGo/5 Safari/537.36"
::ffff:75.161.18.103 - - [27/Aug/2022:18:50:52 +0000] "GET /images/tiger.bmp HTTP/1.1" 200 311274 "http://wadokikai.org/resources" "Mozilla/5.0 (Linux; Android 12; SM-S908U) AppleWebKit/537.36 (KHTML, like Gecko) Chrome/104.0.0.0 Mobile Safari/537.36"
::ffff:114.119.152.108 - - [27/Aug/2022:18:52:28 +0000] "GET /contact?s=1&ss=8 HTTP/1.1" 200 9997 "https://wadokikai.org/" "Mozilla/5.0 (Linux; Android 7.0;) AppleWebKit/537.36 (KHTML, like Gecko) Mobile Safari/537.36 (compatible; PetalBot;+https://webmaster.petalsearch.com/site/petalbot)"
::ffff:75.161.18.103 - - [27/Aug/2022:18:53:13 +0000] "GET /images/dragon-trans.png HTTP/1.1" 304 - "http://wadokikai.org/resources" "Mozilla/5.0 (Linux; Android 12; SM-S908U) AppleWebKit/537.36 (KHTML, like Gecko) Chrome/104.0.0.0 Mobile Safari/537.36"
::ffff:152.89.196.62 - - [27/Aug/2022:18:54:24 +0000] "GET / HTTP/1.1" 200 58158 "-" "Mozilla/5.0 (Windows NT 10.0; Win64; x64) AppleWebKit/537.36 (KHTML, like Gecko) Chrome/78.0.3904.108 Safari/537.36"
::ffff:135.125.246.110 - - [27/Aug/2022:18:57:36 +0000] "POST / HTTP/1.1" 404 140 "-" "Mozilla/5.0 (X11; Linux x86_64) AppleWebKit/537.36 (KHTML, like Gecko) Chrome/81.0.4044.129 Safari/537.36"
::ffff:135.125.246.110 - - [27/Aug/2022:18:57:37 +0000] "GET /.env HTTP/1.1" 404 143 "-" "Mozilla/5.0 (X11; Linux x86_64) AppleWebKit/537.36 (KHTML, like Gecko) Chrome/81.0.4044.129 Safari/537.36"
::ffff:207.46.13.113 - - [27/Aug/2022:18:57:42 +0000] "GET /signup.html HTTP/1.1" 404 150 "-" "Mozilla/5.0 (compatible; bingbot/2.0; +http://www.bing.com/bingbot.htm)"
::ffff:81.88.52.134 - - [27/Aug/2022:18:59:14 +0000] "GET /wp-login.php HTTP/1.1" 404 151 "-" "Mozilla/5.0 (X11; Ubuntu; Linux x86_64; rv:62.0) Gecko/20100101 Firefox/62.0"
::ffff:152.89.196.62 - - [27/Aug/2022:19:00:32 +0000] "POST /vendor/phpunit/phpunit/src/Util/PHP/eval-stdin.php HTTP/1.1" 404 190 "-" "Mozilla/5.0 (Windows NT 10.0; Win64; x64) AppleWebKit/537.36 (KHTML, like Gecko) Chrome/78.0.3904.108 Safari/537.36"
::ffff:207.46.13.173 - - [27/Aug/2022:19:06:41 +0000] "GET /images/wkkpatch22_med.png HTTP/1.1" 200 32301 "-" "Mozilla/5.0 (compatible; bingbot/2.0; +http://www.bing.com/bingbot.htm)"
::ffff:152.89.196.62 - - [27/Aug/2022:19:12:50 +0000] "GET /vendor/phpunit/phpunit/src/Util/PHP/eval-stdin.php HTTP/1.1" 404 189 "-" "Mozilla/5.0 (Windows NT 10.0; Win64; x64) AppleWebKit/537.36 (KHTML, like Gecko) Chrome/78.0.3904.108 Safari/537.36"
::ffff:107.77.212.216 - - [27/Aug/2022:19:23:25 +0000] "GET /favicon.ico HTTP/1.1" 404 150 "-" "Mozilla/5.0 (iPhone; CPU iPhone OS 15_6_1 like Mac OS X) AppleWebKit/605.1.15 (KHTML, like Gecko) FxiOS/40.2  Mobile/15E148 Safari/605.1.15"
::ffff:107.77.212.216 - - [27/Aug/2022:19:23:27 +0000] "GET /favicon.ico HTTP/1.1" 404 150 "-" "Mozilla/5.0 (iPhone; CPU iPhone OS 15_6_1 like Mac OS X) AppleWebKit/605.1.15 (KHTML, like Gecko) FxiOS/40.2  Mobile/15E148 Safari/605.1.15"
::ffff:107.77.212.216 - - [27/Aug/2022:19:23:32 +0000] "GET /favicon.ico HTTP/1.1" 404 150 "-" "Mozilla/5.0 (iPhone; CPU iPhone OS 15_6_1 like Mac OS X) AppleWebKit/605.1.15 (KHTML, like Gecko) FxiOS/40.2  Mobile/15E148 Safari/605.1.15"
::ffff:107.77.212.216 - - [27/Aug/2022:19:23:34 +0000] "GET /favicon.ico HTTP/1.1" 404 150 "-" "Mozilla/5.0 (iPhone; CPU iPhone OS 15_6_1 like Mac OS X) AppleWebKit/605.1.15 (KHTML, like Gecko) FxiOS/40.2  Mobile/15E148 Safari/605.1.15"
::ffff:107.77.212.216 - - [27/Aug/2022:19:23:35 +0000] "GET /favicon.ico HTTP/1.1" 404 150 "-" "Mozilla/5.0 (iPhone; CPU iPhone OS 15_6_1 like Mac OS X) AppleWebKit/605.1.15 (KHTML, like Gecko) FxiOS/40.2  Mobile/15E148 Safari/605.1.15"
::ffff:107.77.212.216 - - [27/Aug/2022:19:23:54 +0000] "GET /favicon.ico HTTP/1.1" 404 150 "-" "Mozilla/5.0 (iPhone; CPU iPhone OS 15_6_1 like Mac OS X) AppleWebKit/605.1.15 (KHTML, like Gecko) FxiOS/40.2  Mobile/15E148 Safari/605.1.15"
::ffff:107.77.212.216 - - [27/Aug/2022:19:23:54 +0000] "GET /favicon.ico HTTP/1.1" 404 150 "-" "Mozilla/5.0 (iPhone; CPU iPhone OS 15_6_1 like Mac OS X) AppleWebKit/605.1.15 (KHTML, like Gecko) FxiOS/40.2  Mobile/15E148 Safari/605.1.15"
::ffff:107.77.212.216 - - [27/Aug/2022:19:23:55 +0000] "GET /favicon.ico HTTP/1.1" 404 150 "-" "Mozilla/5.0 (iPhone; CPU iPhone OS 15_6_1 like Mac OS X) AppleWebKit/605.1.15 (KHTML, like Gecko) FxiOS/40.2  Mobile/15E148 Safari/605.1.15"
::ffff:107.77.212.216 - - [27/Aug/2022:19:23:55 +0000] "GET /favicon.ico HTTP/1.1" 404 150 "-" "Mozilla/5.0 (iPhone; CPU iPhone OS 15_6_1 like Mac OS X) AppleWebKit/605.1.15 (KHTML, like Gecko) FxiOS/40.2  Mobile/15E148 Safari/605.1.15"
::ffff:152.89.196.62 - - [27/Aug/2022:19:25:40 +0000] "GET /index.php?s=/Index/\think\app/invokefunction&function=call_user_func_array&vars[0]=md5&vars[1][]=HelloThinkPHP21 HTTP/1.1" 404 148 "-" "Mozilla/5.0 (Windows NT 10.0; Win64; x64) AppleWebKit/537.36 (KHTML, like Gecko) Chrome/78.0.3904.108 Safari/537.36"
::ffff:109.237.103.38 - - [27/Aug/2022:19:31:07 +0000] "GET /.env HTTP/1.1" 404 143 "-" "Mozilla/5.0 (X11; Linux x86_64) AppleWebKit/537.36 (KHTML, like Gecko) Chrome/81.0.4044.129 Safari/537.36"
::ffff:207.46.13.143 - - [27/Aug/2022:19:38:54 +0000] "GET /images/schools/nunleykaratedomap.jpg HTTP/1.1" 200 42667 "-" "Mozilla/5.0 (compatible; bingbot/2.0; +http://www.bing.com/bingbot.htm)"
::ffff:185.254.196.115 - - [27/Aug/2022:19:41:24 +0000] "GET /.env HTTP/1.1" 404 143 "-" "Mozilla/5.0 (X11; Linux x86_64) AppleWebKit/537.36 (KHTML, like Gecko) Chrome/81.0.4044.129 Safari/537.36"
::ffff:185.254.196.115 - - [27/Aug/2022:19:41:25 +0000] "POST / HTTP/1.1" 404 140 "-" "Mozilla/5.0 (X11; Linux x86_64) AppleWebKit/537.36 (KHTML, like Gecko) Chrome/81.0.4044.129 Safari/537.36"
::ffff:152.89.196.62 - - [27/Aug/2022:19:47:46 +0000] "GET /?XDEBUG_SESSION_START=phpstorm HTTP/1.1" 200 58158 "-" "Mozilla/5.0 (Windows NT 10.0; Win64; x64) AppleWebKit/537.36 (KHTML, like Gecko) Chrome/78.0.3904.108 Safari/537.36"
::ffff:135.125.246.110 - - [27/Aug/2022:19:54:13 +0000] "POST / HTTP/1.1" 404 140 "-" "Mozilla/5.0 (X11; Linux x86_64) AppleWebKit/537.36 (KHTML, like Gecko) Chrome/81.0.4044.129 Safari/537.36"
::ffff:135.125.246.110 - - [27/Aug/2022:19:54:13 +0000] "GET /.env HTTP/1.1" 404 143 "-" "Mozilla/5.0 (X11; Linux x86_64) AppleWebKit/537.36 (KHTML, like Gecko) Chrome/81.0.4044.129 Safari/537.36"
::ffff:207.46.13.113 - - [27/Aug/2022:19:55:07 +0000] "GET /katas.html HTTP/1.1" 404 149 "-" "Mozilla/5.0 (compatible; bingbot/2.0; +http://www.bing.com/bingbot.htm)"
::ffff:34.76.96.55 - - [27/Aug/2022:20:05:49 +0000] "GET / HTTP/1.1" 200 58158 "-" "python-requests/2.28.1"
::ffff:207.46.13.113 - - [27/Aug/2022:20:06:47 +0000] "GET /katas.html HTTP/1.1" 404 149 "-" "Mozilla/5.0 (compatible; bingbot/2.0; +http://www.bing.com/bingbot.htm)"
::ffff:162.255.116.17 - - [27/Aug/2022:20:18:49 +0000] "GET /remote/fgt_lang?lang=/../../../..//////////dev/cmdb/sslvpn_websession HTTP/1.1" 404 154 "-" "Python-urllib/3.8"
::ffff:83.1.243.138 - - [27/Aug/2022:20:19:33 +0000] "GET / HTTP/1.1" 200 58158 "-" "Mozilla/5.0 (Windows NT 10.0; WOW64) AppleWebKit/537.36 (KHTML, like Gecko) Chrome/52.0.2743.116 Safari/537.36"
::ffff:152.89.196.62 - - [27/Aug/2022:20:22:21 +0000] "POST /mifs/.;/services/LogService HTTP/1.1" 404 167 "https://34.212.47.6:443" "Mozilla/5.0 (Windows NT 10.0; Win64; x64) AppleWebKit/537.36 (KHTML, like Gecko) Chrome/78.0.3904.108 Safari/537.36"
::ffff:67.160.201.88 - - [27/Aug/2022:20:26:12 +0000] "GET /favicon.ico HTTP/1.1" 404 150 "-" "Mozilla/5.0 (iPhone; CPU iPhone OS 15_6_1 like Mac OS X) AppleWebKit/605.1.15 (KHTML, like Gecko) FxiOS/40.2  Mobile/15E148 Safari/605.1.15"
::ffff:67.160.201.88 - - [27/Aug/2022:20:26:13 +0000] "GET /favicon.ico HTTP/1.1" 404 150 "-" "Mozilla/5.0 (iPhone; CPU iPhone OS 15_6_1 like Mac OS X) AppleWebKit/605.1.15 (KHTML, like Gecko) FxiOS/40.2  Mobile/15E148 Safari/605.1.15"
::ffff:67.160.201.88 - - [27/Aug/2022:20:26:15 +0000] "GET /favicon.ico HTTP/1.1" 404 150 "-" "Mozilla/5.0 (iPhone; CPU iPhone OS 15_6_1 like Mac OS X) AppleWebKit/605.1.15 (KHTML, like Gecko) FxiOS/40.2  Mobile/15E148 Safari/605.1.15"
::ffff:152.89.196.62 - - [27/Aug/2022:20:44:34 +0000] "GET /console/ HTTP/1.1" 404 147 "-" "Mozilla/5.0 (Windows NT 10.0; Win64; x64) AppleWebKit/537.36 (KHTML, like Gecko) Chrome/78.0.3904.108 Safari/537.36"
::ffff:152.89.196.62 - - [27/Aug/2022:20:46:17 +0000] "POST /Autodiscover/Autodiscover.xml HTTP/1.1" 404 169 "-" "Mozilla/5.0 (Windows NT 10.0; Win64; x64) AppleWebKit/537.36 (KHTML, like Gecko) Chrome/78.0.3904.108 Safari/537.36"
::ffff:98.33.43.127 - - [27/Aug/2022:20:52:31 +0000] "GET / HTTP/1.1" 200 58158 "-" "Mozilla/5.0 (iPhone; CPU iPhone OS 15_6_1 like Mac OS X) AppleWebKit/605.1.15 (KHTML, like Gecko) Version/15.6.1 Mobile/15E148 Safari/604.1"
::ffff:98.33.43.127 - - [27/Aug/2022:20:52:31 +0000] "GET /css/wadokikai.css HTTP/1.1" 200 4337 "http://www.wadokikai.org/" "Mozilla/5.0 (iPhone; CPU iPhone OS 15_6_1 like Mac OS X) AppleWebKit/605.1.15 (KHTML, like Gecko) Version/15.6.1 Mobile/15E148 Safari/604.1"
::ffff:98.33.43.127 - - [27/Aug/2022:20:52:31 +0000] "GET /images/wkkpatch22_med.png HTTP/1.1" 200 32301 "http://www.wadokikai.org/" "Mozilla/5.0 (iPhone; CPU iPhone OS 15_6_1 like Mac OS X) AppleWebKit/605.1.15 (KHTML, like Gecko) Version/15.6.1 Mobile/15E148 Safari/604.1"
::ffff:98.33.43.127 - - [27/Aug/2022:20:52:32 +0000] "GET /js/common.js HTTP/1.1" 200 2255 "http://www.wadokikai.org/" "Mozilla/5.0 (iPhone; CPU iPhone OS 15_6_1 like Mac OS X) AppleWebKit/605.1.15 (KHTML, like Gecko) Version/15.6.1 Mobile/15E148 Safari/604.1"
::ffff:98.33.43.127 - - [27/Aug/2022:20:52:32 +0000] "GET /images/promotions/20220728corpuz.jpg HTTP/1.1" 200 108218 "http://www.wadokikai.org/" "Mozilla/5.0 (iPhone; CPU iPhone OS 15_6_1 like Mac OS X) AppleWebKit/605.1.15 (KHTML, like Gecko) Version/15.6.1 Mobile/15E148 Safari/604.1"
::ffff:98.33.43.127 - - [27/Aug/2022:20:52:32 +0000] "GET /images/tournaments/NKD8202022.jpg HTTP/1.1" 200 493189 "http://www.wadokikai.org/" "Mozilla/5.0 (iPhone; CPU iPhone OS 15_6_1 like Mac OS X) AppleWebKit/605.1.15 (KHTML, like Gecko) Version/15.6.1 Mobile/15E148 Safari/604.1"
::ffff:98.33.43.127 - - [27/Aug/2022:20:52:32 +0000] "GET /images/marin5thDan.jpeg HTTP/1.1" 200 105451 "http://www.wadokikai.org/" "Mozilla/5.0 (iPhone; CPU iPhone OS 15_6_1 like Mac OS X) AppleWebKit/605.1.15 (KHTML, like Gecko) Version/15.6.1 Mobile/15E148 Safari/604.1"
::ffff:98.33.43.127 - - [27/Aug/2022:20:52:32 +0000] "GET /images/schools/alamedakaratedomap.jpg HTTP/1.1" 200 38311 "http://www.wadokikai.org/" "Mozilla/5.0 (iPhone; CPU iPhone OS 15_6_1 like Mac OS X) AppleWebKit/605.1.15 (KHTML, like Gecko) Version/15.6.1 Mobile/15E148 Safari/604.1"
::ffff:98.33.43.127 - - [27/Aug/2022:20:52:32 +0000] "GET /images/schools/orindakaratedomap.jpg HTTP/1.1" 200 34167 "http://www.wadokikai.org/" "Mozilla/5.0 (iPhone; CPU iPhone OS 15_6_1 like Mac OS X) AppleWebKit/605.1.15 (KHTML, like Gecko) Version/15.6.1 Mobile/15E148 Safari/604.1"
::ffff:98.33.43.127 - - [27/Aug/2022:20:52:32 +0000] "GET /images/schools/dcakaratedomap.jpg HTTP/1.1" 200 35262 "http://www.wadokikai.org/" "Mozilla/5.0 (iPhone; CPU iPhone OS 15_6_1 like Mac OS X) AppleWebKit/605.1.15 (KHTML, like Gecko) Version/15.6.1 Mobile/15E148 Safari/604.1"
::ffff:98.33.43.127 - - [27/Aug/2022:20:52:32 +0000] "GET /images/schools/corpuzkaratedomap.jpg HTTP/1.1" 200 36421 "http://www.wadokikai.org/" "Mozilla/5.0 (iPhone; CPU iPhone OS 15_6_1 like Mac OS X) AppleWebKit/605.1.15 (KHTML, like Gecko) Version/15.6.1 Mobile/15E148 Safari/604.1"
::ffff:98.33.43.127 - - [27/Aug/2022:20:52:32 +0000] "GET /images/schools/harborbaykaratedomap.jpg HTTP/1.1" 200 37245 "http://www.wadokikai.org/" "Mozilla/5.0 (iPhone; CPU iPhone OS 15_6_1 like Mac OS X) AppleWebKit/605.1.15 (KHTML, like Gecko) Version/15.6.1 Mobile/15E148 Safari/604.1"
::ffff:98.33.43.127 - - [27/Aug/2022:20:52:32 +0000] "GET /images/schools/nunleykaratedomap.jpg HTTP/1.1" 200 42667 "http://www.wadokikai.org/" "Mozilla/5.0 (iPhone; CPU iPhone OS 15_6_1 like Mac OS X) AppleWebKit/605.1.15 (KHTML, like Gecko) Version/15.6.1 Mobile/15E148 Safari/604.1"
::ffff:98.33.43.127 - - [27/Aug/2022:20:52:32 +0000] "GET /images/schools/marinkaratedomap.jpg HTTP/1.1" 200 32400 "http://www.wadokikai.org/" "Mozilla/5.0 (iPhone; CPU iPhone OS 15_6_1 like Mac OS X) AppleWebKit/605.1.15 (KHTML, like Gecko) Version/15.6.1 Mobile/15E148 Safari/604.1"
::ffff:98.33.43.127 - - [27/Aug/2022:20:52:32 +0000] "GET /images/schools/earhartkaratedomap.jpg HTTP/1.1" 200 41366 "http://www.wadokikai.org/" "Mozilla/5.0 (iPhone; CPU iPhone OS 15_6_1 like Mac OS X) AppleWebKit/605.1.15 (KHTML, like Gecko) Version/15.6.1 Mobile/15E148 Safari/604.1"
::ffff:98.33.43.127 - - [27/Aug/2022:20:52:32 +0000] "GET /images/schools/martinezkaratedomap.jpg HTTP/1.1" 200 37724 "http://www.wadokikai.org/" "Mozilla/5.0 (iPhone; CPU iPhone OS 15_6_1 like Mac OS X) AppleWebKit/605.1.15 (KHTML, like Gecko) Version/15.6.1 Mobile/15E148 Safari/604.1"
::ffff:98.33.43.127 - - [27/Aug/2022:20:59:21 +0000] "GET / HTTP/1.1" 304 - "-" "Mozilla/5.0 (iPhone; CPU iPhone OS 15_6_1 like Mac OS X) AppleWebKit/605.1.15 (KHTML, like Gecko) Version/15.6.1 Mobile/15E148 Safari/604.1"
::ffff:98.33.43.127 - - [27/Aug/2022:20:59:21 +0000] "GET /css/wadokikai.css HTTP/1.1" 304 - "http://www.wadokikai.org/" "Mozilla/5.0 (iPhone; CPU iPhone OS 15_6_1 like Mac OS X) AppleWebKit/605.1.15 (KHTML, like Gecko) Version/15.6.1 Mobile/15E148 Safari/604.1"
::ffff:98.33.43.127 - - [27/Aug/2022:20:59:21 +0000] "GET /images/wkkpatch22_med.png HTTP/1.1" 304 - "http://www.wadokikai.org/" "Mozilla/5.0 (iPhone; CPU iPhone OS 15_6_1 like Mac OS X) AppleWebKit/605.1.15 (KHTML, like Gecko) Version/15.6.1 Mobile/15E148 Safari/604.1"
::ffff:98.33.43.127 - - [27/Aug/2022:20:59:21 +0000] "GET /js/common.js HTTP/1.1" 304 - "http://www.wadokikai.org/" "Mozilla/5.0 (iPhone; CPU iPhone OS 15_6_1 like Mac OS X) AppleWebKit/605.1.15 (KHTML, like Gecko) Version/15.6.1 Mobile/15E148 Safari/604.1"
::ffff:98.33.43.127 - - [27/Aug/2022:20:59:21 +0000] "GET /images/tournaments/NKD8202022.jpg HTTP/1.1" 304 - "http://www.wadokikai.org/" "Mozilla/5.0 (iPhone; CPU iPhone OS 15_6_1 like Mac OS X) AppleWebKit/605.1.15 (KHTML, like Gecko) Version/15.6.1 Mobile/15E148 Safari/604.1"
::ffff:98.33.43.127 - - [27/Aug/2022:20:59:21 +0000] "GET /images/promotions/20220728corpuz.jpg HTTP/1.1" 304 - "http://www.wadokikai.org/" "Mozilla/5.0 (iPhone; CPU iPhone OS 15_6_1 like Mac OS X) AppleWebKit/605.1.15 (KHTML, like Gecko) Version/15.6.1 Mobile/15E148 Safari/604.1"
::ffff:98.33.43.127 - - [27/Aug/2022:20:59:21 +0000] "GET /images/schools/alamedakaratedomap.jpg HTTP/1.1" 304 - "http://www.wadokikai.org/" "Mozilla/5.0 (iPhone; CPU iPhone OS 15_6_1 like Mac OS X) AppleWebKit/605.1.15 (KHTML, like Gecko) Version/15.6.1 Mobile/15E148 Safari/604.1"
::ffff:98.33.43.127 - - [27/Aug/2022:20:59:21 +0000] "GET /images/schools/orindakaratedomap.jpg HTTP/1.1" 304 - "http://www.wadokikai.org/" "Mozilla/5.0 (iPhone; CPU iPhone OS 15_6_1 like Mac OS X) AppleWebKit/605.1.15 (KHTML, like Gecko) Version/15.6.1 Mobile/15E148 Safari/604.1"
::ffff:98.33.43.127 - - [27/Aug/2022:20:59:21 +0000] "GET /images/marin5thDan.jpeg HTTP/1.1" 304 - "http://www.wadokikai.org/" "Mozilla/5.0 (iPhone; CPU iPhone OS 15_6_1 like Mac OS X) AppleWebKit/605.1.15 (KHTML, like Gecko) Version/15.6.1 Mobile/15E148 Safari/604.1"
::ffff:98.33.43.127 - - [27/Aug/2022:20:59:21 +0000] "GET /images/schools/corpuzkaratedomap.jpg HTTP/1.1" 304 - "http://www.wadokikai.org/" "Mozilla/5.0 (iPhone; CPU iPhone OS 15_6_1 like Mac OS X) AppleWebKit/605.1.15 (KHTML, like Gecko) Version/15.6.1 Mobile/15E148 Safari/604.1"
::ffff:98.33.43.127 - - [27/Aug/2022:20:59:21 +0000] "GET /images/schools/dcakaratedomap.jpg HTTP/1.1" 304 - "http://www.wadokikai.org/" "Mozilla/5.0 (iPhone; CPU iPhone OS 15_6_1 like Mac OS X) AppleWebKit/605.1.15 (KHTML, like Gecko) Version/15.6.1 Mobile/15E148 Safari/604.1"
::ffff:98.33.43.127 - - [27/Aug/2022:20:59:21 +0000] "GET /images/schools/marinkaratedomap.jpg HTTP/1.1" 304 - "http://www.wadokikai.org/" "Mozilla/5.0 (iPhone; CPU iPhone OS 15_6_1 like Mac OS X) AppleWebKit/605.1.15 (KHTML, like Gecko) Version/15.6.1 Mobile/15E148 Safari/604.1"
::ffff:98.33.43.127 - - [27/Aug/2022:20:59:21 +0000] "GET /images/schools/harborbaykaratedomap.jpg HTTP/1.1" 304 - "http://www.wadokikai.org/" "Mozilla/5.0 (iPhone; CPU iPhone OS 15_6_1 like Mac OS X) AppleWebKit/605.1.15 (KHTML, like Gecko) Version/15.6.1 Mobile/15E148 Safari/604.1"
::ffff:98.33.43.127 - - [27/Aug/2022:20:59:21 +0000] "GET /images/schools/nunleykaratedomap.jpg HTTP/1.1" 304 - "http://www.wadokikai.org/" "Mozilla/5.0 (iPhone; CPU iPhone OS 15_6_1 like Mac OS X) AppleWebKit/605.1.15 (KHTML, like Gecko) Version/15.6.1 Mobile/15E148 Safari/604.1"
::ffff:185.254.196.115 - - [27/Aug/2022:21:10:45 +0000] "GET /.env HTTP/1.1" 404 143 "-" "Mozilla/5.0 (X11; Linux x86_64) AppleWebKit/537.36 (KHTML, like Gecko) Chrome/81.0.4044.129 Safari/537.36"
::ffff:185.254.196.115 - - [27/Aug/2022:21:10:45 +0000] "POST / HTTP/1.1" 404 140 "-" "Mozilla/5.0 (X11; Linux x86_64) AppleWebKit/537.36 (KHTML, like Gecko) Chrome/81.0.4044.129 Safari/537.36"
::ffff:193.118.53.194 - - [27/Aug/2022:21:14:29 +0000] "GET / HTTP/1.1" 200 58158 "-" "Mozilla/5.0 (Windows NT 10.0; Win64; x64) AppleWebKit/537.36 (KHTML, like Gecko) Chrome/60.0.3112.113 Safari/537.36"
::ffff:207.46.13.188 - - [27/Aug/2022:21:16:58 +0000] "GET /resources HTTP/1.1" 200 194906 "-" "Mozilla/5.0 (compatible; bingbot/2.0; +http://www.bing.com/bingbot.htm)"
::ffff:135.125.246.110 - - [27/Aug/2022:21:18:23 +0000] "POST / HTTP/1.1" 404 140 "-" "Mozilla/5.0 (X11; Linux x86_64) AppleWebKit/537.36 (KHTML, like Gecko) Chrome/81.0.4044.129 Safari/537.36"
::ffff:135.125.246.110 - - [27/Aug/2022:21:18:23 +0000] "GET /.env HTTP/1.1" 404 143 "-" "Mozilla/5.0 (X11; Linux x86_64) AppleWebKit/537.36 (KHTML, like Gecko) Chrome/81.0.4044.129 Safari/537.36"
::ffff:45.79.171.66 - - [27/Aug/2022:21:27:05 +0000] "GET /service.php?token=1819&action=11 HTTP/1.0" 404 150 "-" "-"
::ffff:157.55.39.86 - - [27/Aug/2022:21:28:24 +0000] "GET /resources HTTP/1.1" 200 194906 "-" "Mozilla/5.0 (compatible; bingbot/2.0; +http://www.bing.com/bingbot.htm)"
::ffff:95.161.131.237 - - [27/Aug/2022:21:38:21 +0000] "GET http://query.cleaning/v4/checker.php HTTP/1.1" 404 153 "-" "Mozilla/5.0 (Windows NT 10.0; Win64; x64) AppleWebKit/537.36 (KHTML, like Gecko) Chrome/100.0.4896.88 Safari/537.36"
::ffff:207.46.13.168 - - [27/Aug/2022:21:49:39 +0000] "GET /overview.html HTTP/1.1" 404 152 "-" "Mozilla/5.0 (compatible; bingbot/2.0; +http://www.bing.com/bingbot.htm)"
::ffff:207.46.13.168 - - [27/Aug/2022:21:49:39 +0000] "GET /locations.php HTTP/1.1" 404 152 "-" "Mozilla/5.0 AppleWebKit/537.36 (KHTML, like Gecko; compatible; bingbot/2.0; +http://www.bing.com/bingbot.htm) Chrome/103.0.5060.134 Safari/537.36"
::ffff:207.46.13.74 - - [27/Aug/2022:21:49:43 +0000] "GET /sdinforeg.php HTTP/1.1" 404 152 "-" "Mozilla/5.0 (compatible; bingbot/2.0; +http://www.bing.com/bingbot.htm)"
::ffff:207.46.13.113 - - [27/Aug/2022:21:49:49 +0000] "GET /instructors.php HTTP/1.1" 404 154 "-" "Mozilla/5.0 (compatible; bingbot/2.0; +http://www.bing.com/bingbot.htm)"
::ffff:128.14.134.134 - - [27/Aug/2022:21:52:07 +0000] "GET / HTTP/1.1" 200 58158 "-" "Mozilla/5.0 (Windows NT 10.0; Win64; x64) AppleWebKit/537.36 (KHTML, like Gecko) Chrome/60.0.3112.113 Safari/537.36"
::ffff:152.89.196.62 - - [27/Aug/2022:22:06:05 +0000] "POST /cgi-bin/.%2e/.%2e/.%2e/.%2e/bin/sh HTTP/1.1" 404 174 "-" "Mozilla/5.0 (Windows NT 10.0; Win64; x64) AppleWebKit/537.36 (KHTML, like Gecko) Chrome/78.0.3904.108 Safari/537.36"
::ffff:51.222.253.14 - - [27/Aug/2022:22:07:58 +0000] "GET /robots.txt HTTP/1.1" 404 149 "-" "Mozilla/5.0 (compatible; AhrefsBot/7.0; +http://ahrefs.com/robot/)"
::ffff:51.222.253.5 - - [27/Aug/2022:22:07:59 +0000] "GET / HTTP/1.1" 200 58158 "-" "Mozilla/5.0 (compatible; AhrefsBot/7.0; +http://ahrefs.com/robot/)"
::ffff:136.24.141.37 - - [27/Aug/2022:22:10:02 +0000] "GET /images/wadokikai%20kanji.jpg HTTP/1.1" 304 - "https://wadokikai.org/" "Mozilla/5.0 (Macintosh; Intel Mac OS X 10_15_7) AppleWebKit/537.36 (KHTML, like Gecko) Chrome/104.0.0.0 Safari/537.36"
::ffff:136.24.141.37 - - [27/Aug/2022:22:10:06 +0000] "GET /images/dragon-trans.png HTTP/1.1" 304 - "https://wadokikai.org/" "Mozilla/5.0 (Macintosh; Intel Mac OS X 10_15_7) AppleWebKit/537.36 (KHTML, like Gecko) Chrome/104.0.0.0 Safari/537.36"
::ffff:119.120.230.172 - - [27/Aug/2022:22:20:57 +0000] "POST /HNAP1/ HTTP/1.0" - - "-" "-"
::ffff:45.79.171.66 - - [27/Aug/2022:22:35:14 +0000] "GET /service.php?token=1819&action=11 HTTP/1.0" 404 150 "-" "-"
::ffff:185.254.196.115 - - [27/Aug/2022:22:38:22 +0000] "GET /.env HTTP/1.1" 404 143 "-" "Mozilla/5.0 (X11; Linux x86_64) AppleWebKit/537.36 (KHTML, like Gecko) Chrome/81.0.4044.129 Safari/537.36"
::ffff:185.254.196.115 - - [27/Aug/2022:22:38:22 +0000] "POST / HTTP/1.1" 404 140 "-" "Mozilla/5.0 (X11; Linux x86_64) AppleWebKit/537.36 (KHTML, like Gecko) Chrome/81.0.4044.129 Safari/537.36"
::ffff:135.125.246.110 - - [27/Aug/2022:22:42:17 +0000] "POST / HTTP/1.1" 404 140 "-" "Mozilla/5.0 (X11; Linux x86_64) AppleWebKit/537.36 (KHTML, like Gecko) Chrome/81.0.4044.129 Safari/537.36"
::ffff:135.125.246.110 - - [27/Aug/2022:22:42:18 +0000] "GET /.env HTTP/1.1" 404 143 "-" "Mozilla/5.0 (X11; Linux x86_64) AppleWebKit/537.36 (KHTML, like Gecko) Chrome/81.0.4044.129 Safari/537.36"
::ffff:212.112.100.46 - - [27/Aug/2022:22:42:41 +0000] "GET / HTTP/1.1" 200 58158 "-" "Mozilla/5.0 (Windows NT 5.1; rv:9.0.1) Gecko/20100101 Firefox/9.0.1"
::ffff:212.112.100.46 - - [27/Aug/2022:22:42:42 +0000] "GET /HNAP1/ HTTP/1.1" 404 145 "http://34.212.47.6/" "Mozilla/5.0 (Windows NT 5.1; rv:9.0.1) Gecko/20100101 Firefox/9.0.1"
::ffff:207.46.13.168 - - [27/Aug/2022:23:18:43 +0000] "GET /schools HTTP/1.1" 200 96626 "-" "Mozilla/5.0 AppleWebKit/537.36 (KHTML, like Gecko; compatible; bingbot/2.0; +http://www.bing.com/bingbot.htm) Chrome/103.0.5060.134 Safari/537.36"
::ffff:152.89.196.62 - - [27/Aug/2022:23:30:14 +0000] "GET / HTTP/1.1" 200 58158 "-" "Mozilla/5.0 (Windows NT 10.0; Win64; x64) AppleWebKit/537.36 (KHTML, like Gecko) Chrome/78.0.3904.108 Safari/537.36"
::ffff:207.46.13.74 - - [27/Aug/2022:23:32:23 +0000] "GET /katas.html HTTP/1.1" 404 149 "-" "Mozilla/5.0 (compatible; bingbot/2.0; +http://www.bing.com/bingbot.htm)"
::ffff:46.188.37.202 - - [27/Aug/2022:23:43:12 +0000] "GET / HTTP/1.1" 200 58158 "-" "Mozilla/5.0 (Windows NT 10.0; WOW64) AppleWebKit/537.36 (KHTML, like Gecko) Chrome/51.0.2704.103 Safari/537.36"
::ffff:2.57.122.98 - - [27/Aug/2022:23:55:36 +0000] "GET / HTTP/1.1" 200 58158 "-" "Mozilla/5.0 (Windows NT 10.0; Win64; x64) AppleWebKit/537.36 (KHTML, like Gecko) Chrome/90.0.4430.85 Safari/537.36 Edg/90.0.818.46"
