::ffff:198.235.24.129 - - [04/Aug/2022:00:02:45 +0000] "GET / HTTP/1.1" 200 58071 "-" "Expanse, a Palo Alto Networks company, searches across the global IPv4 space multiple times per day to identify customers&#39; presences on the Internet. If you would like to be excluded from our scans, please send IP addresses/domains to: scaninfo@paloaltonetworks.com"
::ffff:141.8.142.78 - - [04/Aug/2022:00:10:22 +0000] "GET /robots.txt HTTP/1.1" 404 149 "-" "Mozilla/5.0 (compatible; YandexBot/3.0; +http://yandex.com/bots)"
::ffff:141.8.142.78 - - [04/Aug/2022:00:10:25 +0000] "GET /events.html HTTP/1.1" 404 150 "-" "Mozilla/5.0 (compatible; YandexBot/3.0; +http://yandex.com/bots)"
::ffff:207.46.13.117 - - [04/Aug/2022:00:12:26 +0000] "GET /katas.html HTTP/1.1" 404 149 "-" "Mozilla/5.0 (compatible; bingbot/2.0; +http://www.bing.com/bingbot.htm)"
::ffff:135.125.246.189 - - [04/Aug/2022:00:27:44 +0000] "POST / HTTP/1.1" 404 140 "-" "Mozilla/5.0 (X11; Linux x86_64) AppleWebKit/537.36 (KHTML, like Gecko) Chrome/81.0.4044.129 Safari/537.36"
::ffff:135.125.246.189 - - [04/Aug/2022:00:27:44 +0000] "GET /.env HTTP/1.1" 404 143 "-" "Mozilla/5.0 (X11; Linux x86_64) AppleWebKit/537.36 (KHTML, like Gecko) Chrome/81.0.4044.129 Safari/537.36"
::ffff:174.194.135.96 - - [04/Aug/2022:00:31:07 +0000] "GET /images/tiger.bmp HTTP/1.1" 304 - "http://www.wadokikai.org/" "Mozilla/5.0 (iPhone; CPU iPhone OS 15_6 like Mac OS X) AppleWebKit/605.1.15 (KHTML, like Gecko) Version/15.6 Mobile/15E148 Safari/604.1"
::ffff:174.194.135.96 - - [04/Aug/2022:00:31:11 +0000] "GET /images/wadokikai%20kanji.jpg HTTP/1.1" 304 - "http://www.wadokikai.org/" "Mozilla/5.0 (iPhone; CPU iPhone OS 15_6 like Mac OS X) AppleWebKit/605.1.15 (KHTML, like Gecko) Version/15.6 Mobile/15E148 Safari/604.1"
::ffff:174.194.135.96 - - [04/Aug/2022:00:31:15 +0000] "GET /images/dragon-trans.png HTTP/1.1" 304 - "http://www.wadokikai.org/" "Mozilla/5.0 (iPhone; CPU iPhone OS 15_6 like Mac OS X) AppleWebKit/605.1.15 (KHTML, like Gecko) Version/15.6 Mobile/15E148 Safari/604.1"
::ffff:174.194.135.96 - - [04/Aug/2022:00:31:36 +0000] "GET /images/wadokikai%20kanji.jpg HTTP/1.1" 304 - "http://www.wadokikai.org/" "Mozilla/5.0 (iPhone; CPU iPhone OS 15_6 like Mac OS X) AppleWebKit/605.1.15 (KHTML, like Gecko) Version/15.6 Mobile/15E148 Safari/604.1"
::ffff:207.46.13.46 - - [04/Aug/2022:00:51:20 +0000] "GET / HTTP/1.1" 200 58071 "-" "Mozilla/5.0 (compatible; bingbot/2.0; +http://www.bing.com/bingbot.htm)"
::ffff:34.76.96.55 - - [04/Aug/2022:00:56:51 +0000] "GET / HTTP/1.1" 200 58071 "-" "python-requests/2.28.1"
::ffff:46.101.241.175 - - [04/Aug/2022:01:11:05 +0000] "HEAD / HTTP/1.0" 200 58071 "-" "-"
::ffff:46.101.241.175 - - [04/Aug/2022:01:11:05 +0000] "GET /system_api.php HTTP/1.1" 404 153 "-" "Mozilla/5.0 (Windows NT 10.0; Win64; x64) AppleWebKit/537.36 (KHTML, like Gecko) Chrome/74.0.3729.169 Safari/537.36"
::ffff:46.101.241.175 - - [04/Aug/2022:01:11:07 +0000] "GET /c/version.js HTTP/1.1" 404 151 "-" "Mozilla/5.0 (Windows NT 10.0; Win64; x64) AppleWebKit/537.36 (KHTML, like Gecko) Chrome/74.0.3729.169 Safari/537.36"
::ffff:46.101.241.175 - - [04/Aug/2022:01:11:09 +0000] "GET /streaming/clients_live.php HTTP/1.1" 404 165 "-" "Mozilla/5.0 (Windows NT 10.0; Win64; x64) AppleWebKit/537.36 (KHTML, like Gecko) Chrome/74.0.3729.169 Safari/537.36"
::ffff:46.101.241.175 - - [04/Aug/2022:01:11:10 +0000] "GET /stalker_portal/c/version.js HTTP/1.1" 404 166 "-" "Mozilla/5.0 (Windows NT 10.0; Win64; x64) AppleWebKit/537.36 (KHTML, like Gecko) Chrome/74.0.3729.169 Safari/537.36"
::ffff:46.101.241.175 - - [04/Aug/2022:01:11:12 +0000] "GET /stream/live.php HTTP/1.1" 404 154 "-" "Mozilla/5.0 (Windows NT 6.1; WOW64) AppleWebKit/537.36 (KHTML, like Gecko) Spotify / 1.1.39.612 Safari / 537.36"
::ffff:46.101.241.175 - - [04/Aug/2022:01:11:13 +0000] "GET /flu/403.html HTTP/1.1" 404 151 "-" "Mozilla/5.0 (Windows NT 10.0; Win64; x64) AppleWebKit/537.36 (KHTML, like Gecko) Chrome/74.0.3729.169 Safari/537.36"
::ffff:46.101.241.175 - - [04/Aug/2022:01:11:15 +0000] "GET / HTTP/1.1" 200 58071 "-" "Mozilla/5.0 (Windows NT 10.0; Win64; x64) AppleWebKit/537.36 (KHTML, like Gecko) Chrome/74.0.3729.169 Safari/537.36"
::ffff:198.235.24.35 - - [04/Aug/2022:01:21:22 +0000] "GET / HTTP/1.0" 200 58071 "-" "Expanse, a Palo Alto Networks company, searches across the global IPv4 space multiple times per day to identify customers&#39; presences on the Internet. If you would like to be excluded from our scans, please send IP addresses/domains to: scaninfo@paloaltonetworks.com"
::ffff:20.124.207.220 - - [04/Aug/2022:01:24:58 +0000] "GET /.env HTTP/1.1" 404 143 "-" "Mozilla/5.0 (X11; Linux x86_64) AppleWebKit/537.36 (KHTML, like Gecko) Chrome/81.0.4044.129 Safari/537.36"
::ffff:20.124.207.220 - - [04/Aug/2022:01:24:59 +0000] "POST / HTTP/1.1" 404 140 "-" "Mozilla/5.0 (X11; Linux x86_64) AppleWebKit/537.36 (KHTML, like Gecko) Chrome/81.0.4044.129 Safari/537.36"
::ffff:74.208.2.184 - - [04/Aug/2022:01:29:46 +0000] "GET /robots.txt HTTP/1.1" 404 149 "-" "IonCrawl (https://www.ionos.de/terms-gtc/faq-crawler-en/)"
::ffff:185.254.196.115 - - [04/Aug/2022:01:32:37 +0000] "GET /.env HTTP/1.1" 404 143 "-" "Mozilla/5.0 (X11; Linux x86_64) AppleWebKit/537.36 (KHTML, like Gecko) Chrome/81.0.4044.129 Safari/537.36"
::ffff:185.254.196.115 - - [04/Aug/2022:01:32:38 +0000] "POST / HTTP/1.1" 404 140 "-" "Mozilla/5.0 (X11; Linux x86_64) AppleWebKit/537.36 (KHTML, like Gecko) Chrome/81.0.4044.129 Safari/537.36"
::ffff:74.208.2.204 - - [04/Aug/2022:01:32:47 +0000] "GET /sitemap.xml HTTP/1.1" 404 150 "-" "IonCrawl (https://www.ionos.de/terms-gtc/faq-crawler-en/)"
::ffff:74.208.2.204 - - [04/Aug/2022:01:32:49 +0000] "GET / HTTP/1.1" 200 58071 "-" "IonCrawl (https://www.ionos.de/terms-gtc/faq-crawler-en/)"
::ffff:74.208.2.204 - - [04/Aug/2022:01:32:50 +0000] "GET /wp-admin/admin-ajax.php HTTP/1.1" 404 162 "-" "IonCrawl (https://www.ionos.de/terms-gtc/faq-crawler-en/)"
::ffff:66.249.79.162 - - [04/Aug/2022:01:32:52 +0000] "GET /robots.txt HTTP/1.1" 404 149 "-" "Mozilla/5.0 (compatible; Googlebot/2.1; +http://www.google.com/bot.html)"
::ffff:66.249.79.162 - - [04/Aug/2022:01:32:52 +0000] "GET /sfdojo/index.php?pageId=3 HTTP/1.1" 404 155 "-" "Mozilla/5.0 (Linux; Android 6.0.1; Nexus 5X Build/MMB29P) AppleWebKit/537.36 (KHTML, like Gecko) Chrome/103.0.5060.134 Mobile Safari/537.36 (compatible; Googlebot/2.1; +http://www.google.com/bot.html)"
::ffff:74.208.2.194 - - [04/Aug/2022:01:34:14 +0000] "GET /contact?s=1&ss=0 HTTP/1.1" 200 9997 "-" "IonCrawl (https://www.ionos.de/terms-gtc/faq-crawler-en/)"
::ffff:74.208.2.224 - - [04/Aug/2022:01:34:15 +0000] "GET /contact?s=1&ss=2 HTTP/1.1" 200 9997 "-" "IonCrawl (https://www.ionos.de/terms-gtc/faq-crawler-en/)"
::ffff:74.208.2.224 - - [04/Aug/2022:01:34:16 +0000] "GET /contact?s=1&ss=10 HTTP/1.1" 200 9997 "-" "IonCrawl (https://www.ionos.de/terms-gtc/faq-crawler-en/)"
::ffff:74.208.2.214 - - [04/Aug/2022:01:34:16 +0000] "GET /contact?s=1&ss=5 HTTP/1.1" 200 9997 "-" "IonCrawl (https://www.ionos.de/terms-gtc/faq-crawler-en/)"
::ffff:74.208.2.184 - - [04/Aug/2022:01:34:17 +0000] "GET /contact?s=1&ss=9 HTTP/1.1" 200 9997 "-" "IonCrawl (https://www.ionos.de/terms-gtc/faq-crawler-en/)"
::ffff:74.208.2.224 - - [04/Aug/2022:01:34:20 +0000] "GET /contact?s=1&ss=7 HTTP/1.1" 200 9997 "-" "IonCrawl (https://www.ionos.de/terms-gtc/faq-crawler-en/)"
::ffff:74.208.2.224 - - [04/Aug/2022:01:34:22 +0000] "GET /contact?s=1&ss=3 HTTP/1.1" 200 9997 "-" "IonCrawl (https://www.ionos.de/terms-gtc/faq-crawler-en/)"
::ffff:74.208.2.194 - - [04/Aug/2022:01:34:22 +0000] "GET /contact?s=1&ss=1 HTTP/1.1" 200 9997 "-" "IonCrawl (https://www.ionos.de/terms-gtc/faq-crawler-en/)"
::ffff:74.208.2.214 - - [04/Aug/2022:01:34:23 +0000] "GET /contact HTTP/1.1" 200 10017 "-" "IonCrawl (https://www.ionos.de/terms-gtc/faq-crawler-en/)"
::ffff:74.208.2.224 - - [04/Aug/2022:01:34:24 +0000] "GET /contact?s=1&ss=8 HTTP/1.1" 200 9997 "-" "IonCrawl (https://www.ionos.de/terms-gtc/faq-crawler-en/)"
::ffff:74.208.2.194 - - [04/Aug/2022:01:34:24 +0000] "GET /contact?s=1&ss=11 HTTP/1.1" 200 9997 "-" "IonCrawl (https://www.ionos.de/terms-gtc/faq-crawler-en/)"
::ffff:74.208.2.204 - - [04/Aug/2022:01:34:25 +0000] "GET /contact?s=1&ss=6 HTTP/1.1" 200 9997 "-" "IonCrawl (https://www.ionos.de/terms-gtc/faq-crawler-en/)"
::ffff:74.208.2.184 - - [04/Aug/2022:01:34:27 +0000] "GET /contact?s=1&ss=4 HTTP/1.1" 200 9997 "-" "IonCrawl (https://www.ionos.de/terms-gtc/faq-crawler-en/)"
::ffff:103.99.3.145 - - [04/Aug/2022:01:35:24 +0000] "GET / HTTP/1.1" 200 58071 "-" "Mozilla/5.0 (Windows NT 10.0; Win64; x64) AppleWebKit/537.36 (KHTML, like Gecko) Chrome/95.0.4638.69 Safari/537.36"
::ffff:103.99.3.145 - - [04/Aug/2022:01:35:25 +0000] "GET / HTTP/1.1" 200 58071 "-" "Mozilla/5.0 (Windows NT 10.0; Win64; x64) AppleWebKit/537.36 (KHTML, like Gecko) Chrome/95.0.4638.69 Safari/537.36"
::ffff:103.99.3.145 - - [04/Aug/2022:01:35:25 +0000] "GET /feed/ HTTP/1.1" 404 144 "-" "Mozilla/5.0 (Windows NT 10.0; Win64; x64) AppleWebKit/537.36 (KHTML, like Gecko) Chrome/95.0.4638.69 Safari/537.36"
::ffff:103.99.3.145 - - [04/Aug/2022:01:35:26 +0000] "GET /xmlrpc.php?rsd HTTP/1.1" 404 149 "-" "Mozilla/5.0 (Windows NT 10.0; Win64; x64) AppleWebKit/537.36 (KHTML, like Gecko) Chrome/95.0.4638.69 Safari/537.36"
::ffff:103.99.3.145 - - [04/Aug/2022:01:35:26 +0000] "GET /blog/wp-includes/wlwmanifest.xml HTTP/1.1" 404 171 "-" "Mozilla/5.0 (Windows NT 10.0; Win64; x64) AppleWebKit/537.36 (KHTML, like Gecko) Chrome/95.0.4638.69 Safari/537.36"
::ffff:103.99.3.145 - - [04/Aug/2022:01:35:26 +0000] "GET /web/wp-includes/wlwmanifest.xml HTTP/1.1" 404 170 "-" "Mozilla/5.0 (Windows NT 10.0; Win64; x64) AppleWebKit/537.36 (KHTML, like Gecko) Chrome/95.0.4638.69 Safari/537.36"
::ffff:103.99.3.145 - - [04/Aug/2022:01:35:26 +0000] "GET /wordpress/wp-includes/wlwmanifest.xml HTTP/1.1" 404 176 "-" "Mozilla/5.0 (Windows NT 10.0; Win64; x64) AppleWebKit/537.36 (KHTML, like Gecko) Chrome/95.0.4638.69 Safari/537.36"
::ffff:103.99.3.145 - - [04/Aug/2022:01:35:26 +0000] "GET /wp/wp-includes/wlwmanifest.xml HTTP/1.1" 404 169 "-" "Mozilla/5.0 (Windows NT 10.0; Win64; x64) AppleWebKit/537.36 (KHTML, like Gecko) Chrome/95.0.4638.69 Safari/537.36"
::ffff:103.99.3.145 - - [04/Aug/2022:01:35:27 +0000] "GET /2020/wp-includes/wlwmanifest.xml HTTP/1.1" 404 171 "-" "Mozilla/5.0 (Windows NT 10.0; Win64; x64) AppleWebKit/537.36 (KHTML, like Gecko) Chrome/95.0.4638.69 Safari/537.36"
::ffff:103.99.3.145 - - [04/Aug/2022:01:35:27 +0000] "GET /2019/wp-includes/wlwmanifest.xml HTTP/1.1" 404 171 "-" "Mozilla/5.0 (Windows NT 10.0; Win64; x64) AppleWebKit/537.36 (KHTML, like Gecko) Chrome/95.0.4638.69 Safari/537.36"
::ffff:103.99.3.145 - - [04/Aug/2022:01:35:27 +0000] "GET /2021/wp-includes/wlwmanifest.xml HTTP/1.1" 404 171 "-" "Mozilla/5.0 (Windows NT 10.0; Win64; x64) AppleWebKit/537.36 (KHTML, like Gecko) Chrome/95.0.4638.69 Safari/537.36"
::ffff:103.99.3.145 - - [04/Aug/2022:01:35:27 +0000] "GET /shop/wp-includes/wlwmanifest.xml HTTP/1.1" 404 171 "-" "Mozilla/5.0 (Windows NT 10.0; Win64; x64) AppleWebKit/537.36 (KHTML, like Gecko) Chrome/95.0.4638.69 Safari/537.36"
::ffff:103.99.3.145 - - [04/Aug/2022:01:35:27 +0000] "GET /wp1/wp-includes/wlwmanifest.xml HTTP/1.1" 404 170 "-" "Mozilla/5.0 (Windows NT 10.0; Win64; x64) AppleWebKit/537.36 (KHTML, like Gecko) Chrome/95.0.4638.69 Safari/537.36"
::ffff:103.99.3.145 - - [04/Aug/2022:01:35:28 +0000] "GET /test/wp-includes/wlwmanifest.xml HTTP/1.1" 404 171 "-" "Mozilla/5.0 (Windows NT 10.0; Win64; x64) AppleWebKit/537.36 (KHTML, like Gecko) Chrome/95.0.4638.69 Safari/537.36"
::ffff:103.99.3.145 - - [04/Aug/2022:01:35:28 +0000] "GET /site/wp-includes/wlwmanifest.xml HTTP/1.1" 404 171 "-" "Mozilla/5.0 (Windows NT 10.0; Win64; x64) AppleWebKit/537.36 (KHTML, like Gecko) Chrome/95.0.4638.69 Safari/537.36"
::ffff:103.99.3.145 - - [04/Aug/2022:01:35:28 +0000] "GET /cms/wp-includes/wlwmanifest.xml HTTP/1.1" 404 170 "-" "Mozilla/5.0 (Windows NT 10.0; Win64; x64) AppleWebKit/537.36 (KHTML, like Gecko) Chrome/95.0.4638.69 Safari/537.36"
::ffff:74.208.2.224 - - [04/Aug/2022:01:36:58 +0000] "GET /schools HTTP/1.1" 200 96626 "-" "IonCrawl (https://www.ionos.de/terms-gtc/faq-crawler-en/)"
::ffff:74.208.2.184 - - [04/Aug/2022:01:37:55 +0000] "GET /resources HTTP/1.1" 200 194907 "-" "IonCrawl (https://www.ionos.de/terms-gtc/faq-crawler-en/)"
::ffff:74.208.2.224 - - [04/Aug/2022:01:37:56 +0000] "GET /events HTTP/1.1" 200 9770 "-" "IonCrawl (https://www.ionos.de/terms-gtc/faq-crawler-en/)"
::ffff:165.227.78.76 - - [04/Aug/2022:01:41:57 +0000] "GET / HTTP/1.0" 200 58071 "-" "Mozilla/5.0 (compatible; NetcraftSurveyAgent/1.0; +info@netcraft.com)"
::ffff:157.90.209.76 - - [04/Aug/2022:01:45:32 +0000] "GET /robots.txt HTTP/1.1" 404 149 "-" "Mozilla/5.0 (compatible; BLEXBot/1.0; +http://webmeup-crawler.com/)"
::ffff:157.90.209.76 - - [04/Aug/2022:01:45:33 +0000] "GET /sitemap HTTP/1.1" 404 146 "-" "Mozilla/5.0 (compatible; BLEXBot/1.0; +http://webmeup-crawler.com/)"
::ffff:157.90.209.76 - - [04/Aug/2022:01:45:38 +0000] "GET /sitemap.txt HTTP/1.1" 404 150 "-" "Mozilla/5.0 (compatible; BLEXBot/1.0; +http://webmeup-crawler.com/)"
::ffff:74.208.2.224 - - [04/Aug/2022:01:49:09 +0000] "GET /joinemail?type=tournaments HTTP/1.1" 200 8829 "-" "IonCrawl (https://www.ionos.de/terms-gtc/faq-crawler-en/)"
::ffff:74.208.2.214 - - [04/Aug/2022:01:49:14 +0000] "GET /joinemail?type=promotions HTTP/1.1" 200 8841 "-" "IonCrawl (https://www.ionos.de/terms-gtc/faq-crawler-en/)"
::ffff:74.208.2.184 - - [04/Aug/2022:01:49:16 +0000] "GET /joinemail?type=blackbeltclasses HTTP/1.1" 200 8998 "-" "IonCrawl (https://www.ionos.de/terms-gtc/faq-crawler-en/)"
::ffff:141.8.142.78 - - [04/Aug/2022:01:50:02 +0000] "GET /robots.txt HTTP/1.1" 404 149 "-" "Mozilla/5.0 (compatible; YandexBot/3.0; +http://yandex.com/bots)"
::ffff:141.8.142.78 - - [04/Aug/2022:01:50:06 +0000] "GET / HTTP/1.1" 200 58071 "-" "Mozilla/5.0 (compatible; YandexBot/3.0; +http://yandex.com/bots)"
::ffff:213.180.203.89 - - [04/Aug/2022:01:50:10 +0000] "GET /js/common.js HTTP/1.1" 200 2255 "http://wadokikai.org/" "Mozilla/5.0 (compatible; YandexBot/3.0; +http://yandex.com/bots) AppleWebKit/537.36 (KHTML, like Gecko) Chrome/81.0.4044.268"
::ffff:135.125.246.189 - - [04/Aug/2022:01:59:43 +0000] "POST / HTTP/1.1" 404 140 "-" "Mozilla/5.0 (X11; Linux x86_64) AppleWebKit/537.36 (KHTML, like Gecko) Chrome/81.0.4044.129 Safari/537.36"
::ffff:135.125.246.189 - - [04/Aug/2022:01:59:43 +0000] "GET /.env HTTP/1.1" 404 143 "-" "Mozilla/5.0 (X11; Linux x86_64) AppleWebKit/537.36 (KHTML, like Gecko) Chrome/81.0.4044.129 Safari/537.36"
::ffff:5.188.62.26 - - [04/Aug/2022:02:12:24 +0000] "GET / HTTP/1.1" 200 58071 "-" "Mozilla/5.0 (Windows NT 10.0; Win64; x64) AppleWebKit/537.36 (KHTML, like Gecko) Chrome/100.0.4896.127 Safari/537.36"
::ffff:24.44.208.230 - - [04/Aug/2022:02:13:47 +0000] "GET /docs/Bushido-code.pdf HTTP/1.1" 200 691794 "https://www.google.com/" "Mozilla/5.0 (Macintosh; Intel Mac OS X 10_15_7) AppleWebKit/537.36 (KHTML, like Gecko) Chrome/103.0.0.0 Safari/537.36"
::ffff:24.44.208.230 - - [04/Aug/2022:02:13:47 +0000] "GET /favicon.ico HTTP/1.1" 404 150 "http://www.wadokikai.org/docs/Bushido-code.pdf" "Mozilla/5.0 (Macintosh; Intel Mac OS X 10_15_7) AppleWebKit/537.36 (KHTML, like Gecko) Chrome/103.0.0.0 Safari/537.36"
::ffff:124.162.128.4 - - [04/Aug/2022:02:16:26 +0000] "HEAD / HTTP/1.1" 200 58071 "-" "-"
::ffff:124.162.128.4 - - [04/Aug/2022:02:16:28 +0000] "GET / HTTP/1.1" - - "-" "-"
::ffff:40.88.21.235 - - [04/Aug/2022:02:19:19 +0000] "GET / HTTP/1.1" 200 58071 "http://wadokikai.net/" "Mozilla/5.0 (compatible; DuckDuckGo-Favicons-Bot/1.0; +http://duckduckgo.com)"
::ffff:40.88.21.235 - - [04/Aug/2022:02:19:19 +0000] "GET /images/favicon.ico HTTP/1.1" 200 3638 "http://wadokikai.net/images/favicon.ico" "Mozilla/5.0 (compatible; DuckDuckGo-Favicons-Bot/1.0; +http://duckduckgo.com)"
::ffff:40.88.21.235 - - [04/Aug/2022:02:19:30 +0000] "GET / HTTP/1.1" 200 58071 "http://wadokikai.org/" "Mozilla/5.0 (compatible; DuckDuckGo-Favicons-Bot/1.0; +http://duckduckgo.com)"
::ffff:40.88.21.235 - - [04/Aug/2022:02:19:30 +0000] "GET /images/favicon.ico HTTP/1.1" 200 3638 "http://wadokikai.org/images/favicon.ico" "Mozilla/5.0 (compatible; DuckDuckGo-Favicons-Bot/1.0; +http://duckduckgo.com)"
::ffff:192.241.215.45 - - [04/Aug/2022:02:30:28 +0000] "GET / HTTP/1.1" 200 58071 "-" "Mozilla/5.0 zgrab/0.x"
::ffff:157.55.39.160 - - [04/Aug/2022:02:47:21 +0000] "GET /docs/twenty%20guiding%20principles%20of%20karate.pdf HTTP/1.1" 404 191 "-" "Mozilla/5.0 (compatible; bingbot/2.0; +http://www.bing.com/bingbot.htm)"
::ffff:185.254.196.115 - - [04/Aug/2022:02:59:00 +0000] "GET /.env HTTP/1.1" 404 143 "-" "Mozilla/5.0 (X11; Linux x86_64) AppleWebKit/537.36 (KHTML, like Gecko) Chrome/81.0.4044.129 Safari/537.36"
::ffff:185.254.196.115 - - [04/Aug/2022:02:59:00 +0000] "POST / HTTP/1.1" 404 140 "-" "Mozilla/5.0 (X11; Linux x86_64) AppleWebKit/537.36 (KHTML, like Gecko) Chrome/81.0.4044.129 Safari/537.36"
::ffff:174.194.135.96 - - [04/Aug/2022:03:00:10 +0000] "GET /images/dragon-trans.png HTTP/1.1" 304 - "http://www.wadokikai.org/" "Mozilla/5.0 (iPhone; CPU iPhone OS 15_6 like Mac OS X) AppleWebKit/605.1.15 (KHTML, like Gecko) Version/15.6 Mobile/15E148 Safari/604.1"
::ffff:157.55.39.140 - - [04/Aug/2022:03:10:11 +0000] "GET /index.php HTTP/1.1" 404 148 "-" "Mozilla/5.0 (compatible; bingbot/2.0; +http://www.bing.com/bingbot.htm)"
::ffff:51.222.253.14 - - [04/Aug/2022:03:16:03 +0000] "GET /robots.txt HTTP/1.1" 404 149 "-" "Mozilla/5.0 (compatible; AhrefsBot/7.0; +http://ahrefs.com/robot/)"
::ffff:51.222.253.3 - - [04/Aug/2022:03:16:04 +0000] "GET / HTTP/1.1" 200 58071 "-" "Mozilla/5.0 (compatible; AhrefsBot/7.0; +http://ahrefs.com/robot/)"
::ffff:159.203.103.144 - - [04/Aug/2022:03:17:32 +0000] "GET / HTTP/1.0" 200 58071 "-" "Mozilla/5.0 (X11; Linux x86_64; rv:73.0) Gecko/20100101 Firefox/73.0"
::ffff:205.210.31.132 - - [04/Aug/2022:03:29:14 +0000] "GET / HTTP/1.1" 200 58071 "-" "Expanse, a Palo Alto Networks company, searches across the global IPv4 space multiple times per day to identify customers&#39; presences on the Internet. If you would like to be excluded from our scans, please send IP addresses/domains to: scaninfo@paloaltonetworks.com"
::ffff:135.125.246.189 - - [04/Aug/2022:03:32:03 +0000] "POST / HTTP/1.1" 404 140 "-" "Mozilla/5.0 (X11; Linux x86_64) AppleWebKit/537.36 (KHTML, like Gecko) Chrome/81.0.4044.129 Safari/537.36"
::ffff:135.125.246.189 - - [04/Aug/2022:03:32:03 +0000] "GET /.env HTTP/1.1" 404 143 "-" "Mozilla/5.0 (X11; Linux x86_64) AppleWebKit/537.36 (KHTML, like Gecko) Chrome/81.0.4044.129 Safari/537.36"
::ffff:159.203.103.144 - - [04/Aug/2022:03:41:58 +0000] "GET / HTTP/1.1" 200 58071 "-" "Mozilla/5.0 (X11; Linux x86_64; rv:73.0) Gecko/20100101 Firefox/73.0"
::ffff:159.203.103.144 - - [04/Aug/2022:03:41:58 +0000] "GET /images/favicon.ico HTTP/1.1" 200 3638 "http://34.212.47.6/" "Mozilla/5.0 (X11; Linux x86_64; rv:73.0) Gecko/20100101 Firefox/73.0"
::ffff:185.83.144.103 - - [04/Aug/2022:04:20:31 +0000] "GET /.env/config HTTP/1.1" 404 150 "-" "Mozilla/5.0 (X11; Linux x86_64) AppleWebKit/537.36 (KHTML, like Gecko) Chrome/81.0.4044.129 Safari/537.36"
::ffff:157.55.39.33 - - [04/Aug/2022:04:25:27 +0000] "GET /style.html HTTP/1.1" 404 149 "-" "Mozilla/5.0 (compatible; bingbot/2.0; +http://www.bing.com/bingbot.htm)"
::ffff:185.254.196.115 - - [04/Aug/2022:04:29:25 +0000] "GET /.env HTTP/1.1" 404 143 "-" "Mozilla/5.0 (X11; Linux x86_64) AppleWebKit/537.36 (KHTML, like Gecko) Chrome/81.0.4044.129 Safari/537.36"
::ffff:185.254.196.115 - - [04/Aug/2022:04:29:26 +0000] "POST / HTTP/1.1" 404 140 "-" "Mozilla/5.0 (X11; Linux x86_64) AppleWebKit/537.36 (KHTML, like Gecko) Chrome/81.0.4044.129 Safari/537.36"
::ffff:207.46.13.46 - - [04/Aug/2022:04:33:51 +0000] "GET / HTTP/1.1" 200 58071 "-" "Mozilla/5.0 (compatible; bingbot/2.0; +http://www.bing.com/bingbot.htm)"
::ffff:207.46.13.54 - - [04/Aug/2022:04:34:01 +0000] "GET /js/common.js HTTP/1.1" 200 2255 "-" "Mozilla/5.0 (compatible; bingbot/2.0; +http://www.bing.com/bingbot.htm)"
::ffff:207.46.13.197 - - [04/Aug/2022:04:34:02 +0000] "GET /css/wadokikai.css HTTP/1.1" 200 4337 "-" "Mozilla/5.0 (compatible; bingbot/2.0; +http://www.bing.com/bingbot.htm)"
::ffff:83.143.86.62 - - [04/Aug/2022:04:38:58 +0000] "GET /favicon.ico HTTP/1.1" 404 150 "-" "Mozilla/5.0 zgrab/0.x"
::ffff:143.198.129.219 - - [04/Aug/2022:04:43:19 +0000] "GET /.env HTTP/1.1" 404 143 "-" "Mozilla/5.0 (X11; Linux x86_64) AppleWebKit/537.36 (KHTML, like Gecko) Chrome/81.0.4044.129 Safari/537.36"
::ffff:143.198.129.219 - - [04/Aug/2022:04:43:19 +0000] "POST / HTTP/1.1" 404 140 "-" "Mozilla/5.0 (X11; Linux x86_64) AppleWebKit/537.36 (KHTML, like Gecko) Chrome/81.0.4044.129 Safari/537.36"
::ffff:207.46.13.117 - - [04/Aug/2022:04:52:52 +0000] "GET /images/schools/corpuzkaratedomap.jpg HTTP/1.1" 200 36421 "-" "Mozilla/5.0 (compatible; bingbot/2.0; +http://www.bing.com/bingbot.htm)"
::ffff:135.125.246.189 - - [04/Aug/2022:05:04:33 +0000] "POST / HTTP/1.1" 404 140 "-" "Mozilla/5.0 (X11; Linux x86_64) AppleWebKit/537.36 (KHTML, like Gecko) Chrome/81.0.4044.129 Safari/537.36"
::ffff:135.125.246.189 - - [04/Aug/2022:05:04:33 +0000] "GET /.env HTTP/1.1" 404 143 "-" "Mozilla/5.0 (X11; Linux x86_64) AppleWebKit/537.36 (KHTML, like Gecko) Chrome/81.0.4044.129 Safari/537.36"
::ffff:69.171.231.111 - - [04/Aug/2022:05:07:42 +0000] "GET /images/karatebook.jpg HTTP/1.1" 404 160 "-" "facebookexternalhit/1.1 (+http://www.facebook.com/externalhit_uatext.php)"
::ffff:66.249.79.191 - - [04/Aug/2022:05:11:34 +0000] "GET /ads.txt HTTP/1.1" 404 146 "-" "Mozilla/5.0 (compatible; Googlebot/2.1; +http://www.google.com/bot.html)"
::ffff:157.55.39.140 - - [04/Aug/2022:05:15:52 +0000] "GET /index.php HTTP/1.1" 404 148 "-" "Mozilla/5.0 (compatible; bingbot/2.0; +http://www.bing.com/bingbot.htm)"
::ffff:128.14.141.34 - - [04/Aug/2022:05:25:25 +0000] "GET / HTTP/1.1" 200 58071 "-" "Mozilla/5.0 (Windows NT 10.0; Win64; x64) AppleWebKit/537.36 (KHTML, like Gecko) Chrome/60.0.3112.113 Safari/537.36"
::ffff:157.55.39.140 - - [04/Aug/2022:05:37:55 +0000] "GET /index.php HTTP/1.1" 404 148 "-" "Mozilla/5.0 (compatible; bingbot/2.0; +http://www.bing.com/bingbot.htm)"
::ffff:114.119.145.194 - - [04/Aug/2022:05:52:40 +0000] "GET /resources HTTP/1.1" 200 194907 "http://34.212.47.6/contact?s=1&ss=0" "Mozilla/5.0 (Linux; Android 7.0;) AppleWebKit/537.36 (KHTML, like Gecko) Mobile Safari/537.36 (compatible; PetalBot;+https://webmaster.petalsearch.com/site/petalbot)"
::ffff:185.254.196.115 - - [04/Aug/2022:05:59:44 +0000] "GET /.env HTTP/1.1" 404 143 "-" "Mozilla/5.0 (X11; Linux x86_64) AppleWebKit/537.36 (KHTML, like Gecko) Chrome/81.0.4044.129 Safari/537.36"
::ffff:185.254.196.115 - - [04/Aug/2022:05:59:45 +0000] "POST / HTTP/1.1" 404 140 "-" "Mozilla/5.0 (X11; Linux x86_64) AppleWebKit/537.36 (KHTML, like Gecko) Chrome/81.0.4044.129 Safari/537.36"
::ffff:114.119.152.97 - - [04/Aug/2022:06:04:12 +0000] "GET /robots.txt HTTP/1.1" 404 149 "-" "Mozilla/5.0 (compatible;PetalBot;+https://webmaster.petalsearch.com/site/petalbot)"
::ffff:157.55.39.33 - - [04/Aug/2022:06:16:22 +0000] "GET /style.html HTTP/1.1" 404 149 "-" "Mozilla/5.0 (compatible; bingbot/2.0; +http://www.bing.com/bingbot.htm)"
::ffff:157.55.39.33 - - [04/Aug/2022:06:28:30 +0000] "GET /style.html HTTP/1.1" 404 149 "-" "Mozilla/5.0 (compatible; bingbot/2.0; +http://www.bing.com/bingbot.htm)"
::ffff:43.131.66.209 - - [04/Aug/2022:07:05:34 +0000] "GET / HTTP/1.1" 200 58071 "-" "curl/7.64.1"
::ffff:157.55.39.96 - - [04/Aug/2022:07:08:15 +0000] "GET /images/tournaments/2022leaguedivisions.pdf HTTP/1.1" 404 181 "-" "Mozilla/5.0 (compatible; bingbot/2.0; +http://www.bing.com/bingbot.htm)"
::ffff:207.46.13.42 - - [04/Aug/2022:07:14:25 +0000] "GET /images/schools/marinkaratedomap.jpg HTTP/1.1" 200 32400 "-" "Mozilla/5.0 (compatible; bingbot/2.0; +http://www.bing.com/bingbot.htm)"
::ffff:109.237.103.118 - - [04/Aug/2022:07:22:57 +0000] "GET /.aws/credentials HTTP/1.1" 404 155 "-" "Mozilla/5.0 (X11; Linux x86_64) AppleWebKit/537.36 (KHTML, like Gecko) Chrome/81.0.4044.129 Safari/537.36"
::ffff:135.125.246.189 - - [04/Aug/2022:07:24:34 +0000] "POST / HTTP/1.1" 404 140 "-" "Mozilla/5.0 (X11; Linux x86_64) AppleWebKit/537.36 (KHTML, like Gecko) Chrome/81.0.4044.129 Safari/537.36"
::ffff:135.125.246.189 - - [04/Aug/2022:07:24:34 +0000] "GET /.env HTTP/1.1" 404 143 "-" "Mozilla/5.0 (X11; Linux x86_64) AppleWebKit/537.36 (KHTML, like Gecko) Chrome/81.0.4044.129 Safari/537.36"
::ffff:157.55.39.140 - - [04/Aug/2022:07:28:06 +0000] "GET /index.php HTTP/1.1" 404 148 "-" "Mozilla/5.0 (compatible; bingbot/2.0; +http://www.bing.com/bingbot.htm)"
::ffff:185.254.196.115 - - [04/Aug/2022:07:31:08 +0000] "GET /.env HTTP/1.1" 404 143 "-" "Mozilla/5.0 (X11; Linux x86_64) AppleWebKit/537.36 (KHTML, like Gecko) Chrome/81.0.4044.129 Safari/537.36"
::ffff:185.254.196.115 - - [04/Aug/2022:07:31:09 +0000] "POST / HTTP/1.1" 404 140 "-" "Mozilla/5.0 (X11; Linux x86_64) AppleWebKit/537.36 (KHTML, like Gecko) Chrome/81.0.4044.129 Safari/537.36"
::ffff:157.55.39.140 - - [04/Aug/2022:07:42:17 +0000] "GET /index.php HTTP/1.1" 404 148 "-" "Mozilla/5.0 (compatible; bingbot/2.0; +http://www.bing.com/bingbot.htm)"
::ffff:173.252.79.8 - - [04/Aug/2022:07:43:52 +0000] "HEAD / HTTP/1.1" 200 58071 "-" "facebookexternalhit/1.1 (+http://www.facebook.com/externalhit_uatext.php)"
::ffff:171.22.30.52 - - [04/Aug/2022:08:00:12 +0000] "GET /config.js HTTP/1.1" 404 148 "-" "python-requests/2.28.1"
::ffff:171.22.30.52 - - [04/Aug/2022:08:00:12 +0000] "GET /config.json HTTP/1.1" 404 150 "-" "python-requests/2.28.1"
::ffff:171.22.30.52 - - [04/Aug/2022:08:00:12 +0000] "GET /_profiler/phpinfo HTTP/1.1" 404 156 "-" "Mozila/5.0"
::ffff:171.22.30.52 - - [04/Aug/2022:08:00:34 +0000] "GET /.env HTTP/1.1" 404 143 "-" "Mozila/5.0"
::ffff:171.22.30.52 - - [04/Aug/2022:08:00:34 +0000] "POST / HTTP/1.1" 404 140 "-" "python-requests/2.28.1"
::ffff:171.22.30.52 - - [04/Aug/2022:08:00:34 +0000] "GET /laravel/.env HTTP/1.1" 404 151 "-" "Mozila/5.0"
::ffff:171.22.30.52 - - [04/Aug/2022:08:00:35 +0000] "POST / HTTP/1.1" 404 140 "-" "python-requests/2.28.1"
::ffff:171.22.30.52 - - [04/Aug/2022:08:00:35 +0000] "GET /.env.save HTTP/1.1" 404 148 "-" "Mozila/5.0"
::ffff:171.22.30.52 - - [04/Aug/2022:08:00:35 +0000] "POST / HTTP/1.1" 404 140 "-" "python-requests/2.28.1"
::ffff:171.22.30.52 - - [04/Aug/2022:08:00:36 +0000] "GET /.env.bak HTTP/1.1" 404 147 "-" "Mozila/5.0"
::ffff:171.22.30.52 - - [04/Aug/2022:08:00:36 +0000] "POST / HTTP/1.1" 404 140 "-" "python-requests/2.28.1"
::ffff:171.22.30.52 - - [04/Aug/2022:08:00:37 +0000] "GET /frontend_dev.php/$ HTTP/1.1" 404 157 "-" "Mozila/5.0"
::ffff:171.22.30.52 - - [04/Aug/2022:08:00:37 +0000] "POST / HTTP/1.1" 404 140 "-" "python-requests/2.28.1"
::ffff:207.46.13.117 - - [04/Aug/2022:08:00:39 +0000] "GET / HTTP/1.1" 200 58071 "-" "Mozilla/5.0 (compatible; bingbot/2.0; +http://www.bing.com/bingbot.htm)"
::ffff:207.46.13.42 - - [04/Aug/2022:08:00:50 +0000] "GET /css/wadokikai.css HTTP/1.1" 200 4337 "-" "Mozilla/5.0 (compatible; bingbot/2.0; +http://www.bing.com/bingbot.htm)"
::ffff:40.77.167.66 - - [04/Aug/2022:08:00:58 +0000] "GET /js/common.js HTTP/1.1" 200 2255 "-" "Mozilla/5.0 (compatible; bingbot/2.0; +http://www.bing.com/bingbot.htm)"
::ffff:98.234.215.216 - - [04/Aug/2022:08:01:12 +0000] "GET / HTTP/1.1" 200 58071 "https://www.google.com/" "Mozilla/5.0 (iPhone; CPU iPhone OS 15_4_1 like Mac OS X) AppleWebKit/605.1.15 (KHTML, like Gecko) Version/15.4 Mobile/15E148 Safari/604.1"
::ffff:98.234.215.216 - - [04/Aug/2022:08:01:12 +0000] "GET /images/wkkpatch22_med.png HTTP/1.1" 200 32301 "http://www.wadokikai.org/" "Mozilla/5.0 (iPhone; CPU iPhone OS 15_4_1 like Mac OS X) AppleWebKit/605.1.15 (KHTML, like Gecko) Version/15.4 Mobile/15E148 Safari/604.1"
::ffff:98.234.215.216 - - [04/Aug/2022:08:01:12 +0000] "GET /css/wadokikai.css HTTP/1.1" 200 4337 "http://www.wadokikai.org/" "Mozilla/5.0 (iPhone; CPU iPhone OS 15_4_1 like Mac OS X) AppleWebKit/605.1.15 (KHTML, like Gecko) Version/15.4 Mobile/15E148 Safari/604.1"
::ffff:98.234.215.216 - - [04/Aug/2022:08:01:12 +0000] "GET /js/common.js HTTP/1.1" 200 2255 "http://www.wadokikai.org/" "Mozilla/5.0 (iPhone; CPU iPhone OS 15_4_1 like Mac OS X) AppleWebKit/605.1.15 (KHTML, like Gecko) Version/15.4 Mobile/15E148 Safari/604.1"
::ffff:98.234.215.216 - - [04/Aug/2022:08:01:12 +0000] "GET /images/promotions/20220728corpuz.jpg HTTP/1.1" 200 108218 "http://www.wadokikai.org/" "Mozilla/5.0 (iPhone; CPU iPhone OS 15_4_1 like Mac OS X) AppleWebKit/605.1.15 (KHTML, like Gecko) Version/15.4 Mobile/15E148 Safari/604.1"
::ffff:98.234.215.216 - - [04/Aug/2022:08:01:12 +0000] "GET /images/marin5thDan.jpeg HTTP/1.1" 200 105451 "http://www.wadokikai.org/" "Mozilla/5.0 (iPhone; CPU iPhone OS 15_4_1 like Mac OS X) AppleWebKit/605.1.15 (KHTML, like Gecko) Version/15.4 Mobile/15E148 Safari/604.1"
::ffff:98.234.215.216 - - [04/Aug/2022:08:01:12 +0000] "GET /images/schools/alamedakaratedomap.jpg HTTP/1.1" 200 38311 "http://www.wadokikai.org/" "Mozilla/5.0 (iPhone; CPU iPhone OS 15_4_1 like Mac OS X) AppleWebKit/605.1.15 (KHTML, like Gecko) Version/15.4 Mobile/15E148 Safari/604.1"
::ffff:98.234.215.216 - - [04/Aug/2022:08:01:12 +0000] "GET /images/schools/orindakaratedomap.jpg HTTP/1.1" 200 34167 "http://www.wadokikai.org/" "Mozilla/5.0 (iPhone; CPU iPhone OS 15_4_1 like Mac OS X) AppleWebKit/605.1.15 (KHTML, like Gecko) Version/15.4 Mobile/15E148 Safari/604.1"
::ffff:98.234.215.216 - - [04/Aug/2022:08:01:13 +0000] "GET /images/dragon-trans.png HTTP/1.1" 200 85661 "http://www.wadokikai.org/" "Mozilla/5.0 (iPhone; CPU iPhone OS 15_4_1 like Mac OS X) AppleWebKit/605.1.15 (KHTML, like Gecko) Version/15.4 Mobile/15E148 Safari/604.1"
::ffff:98.234.215.216 - - [04/Aug/2022:08:01:13 +0000] "GET /images/schools/dcakaratedomap.jpg HTTP/1.1" 200 35262 "http://www.wadokikai.org/" "Mozilla/5.0 (iPhone; CPU iPhone OS 15_4_1 like Mac OS X) AppleWebKit/605.1.15 (KHTML, like Gecko) Version/15.4 Mobile/15E148 Safari/604.1"
::ffff:98.234.215.216 - - [04/Aug/2022:08:01:13 +0000] "GET /images/schools/harborbaykaratedomap.jpg HTTP/1.1" 200 37245 "http://www.wadokikai.org/" "Mozilla/5.0 (iPhone; CPU iPhone OS 15_4_1 like Mac OS X) AppleWebKit/605.1.15 (KHTML, like Gecko) Version/15.4 Mobile/15E148 Safari/604.1"
::ffff:98.234.215.216 - - [04/Aug/2022:08:01:13 +0000] "GET /images/schools/earhartkaratedomap.jpg HTTP/1.1" 200 41366 "http://www.wadokikai.org/" "Mozilla/5.0 (iPhone; CPU iPhone OS 15_4_1 like Mac OS X) AppleWebKit/605.1.15 (KHTML, like Gecko) Version/15.4 Mobile/15E148 Safari/604.1"
::ffff:98.234.215.216 - - [04/Aug/2022:08:01:13 +0000] "GET /images/schools/nunleykaratedomap.jpg HTTP/1.1" 200 42667 "http://www.wadokikai.org/" "Mozilla/5.0 (iPhone; CPU iPhone OS 15_4_1 like Mac OS X) AppleWebKit/605.1.15 (KHTML, like Gecko) Version/15.4 Mobile/15E148 Safari/604.1"
::ffff:98.234.215.216 - - [04/Aug/2022:08:01:13 +0000] "GET /images/schools/corpuzkaratedomap.jpg HTTP/1.1" 200 36421 "http://www.wadokikai.org/" "Mozilla/5.0 (iPhone; CPU iPhone OS 15_4_1 like Mac OS X) AppleWebKit/605.1.15 (KHTML, like Gecko) Version/15.4 Mobile/15E148 Safari/604.1"
::ffff:98.234.215.216 - - [04/Aug/2022:08:01:13 +0000] "GET /images/schools/marinkaratedomap.jpg HTTP/1.1" 200 32400 "http://www.wadokikai.org/" "Mozilla/5.0 (iPhone; CPU iPhone OS 15_4_1 like Mac OS X) AppleWebKit/605.1.15 (KHTML, like Gecko) Version/15.4 Mobile/15E148 Safari/604.1"
::ffff:98.234.215.216 - - [04/Aug/2022:08:01:13 +0000] "GET /images/schools/martinezkaratedomap.jpg HTTP/1.1" 200 37724 "http://www.wadokikai.org/" "Mozilla/5.0 (iPhone; CPU iPhone OS 15_4_1 like Mac OS X) AppleWebKit/605.1.15 (KHTML, like Gecko) Version/15.4 Mobile/15E148 Safari/604.1"
::ffff:98.234.215.216 - - [04/Aug/2022:08:01:13 +0000] "GET /images/schools/manzanitakaratedomap.jpg HTTP/1.1" 200 55402 "http://www.wadokikai.org/" "Mozilla/5.0 (iPhone; CPU iPhone OS 15_4_1 like Mac OS X) AppleWebKit/605.1.15 (KHTML, like Gecko) Version/15.4 Mobile/15E148 Safari/604.1"
::ffff:98.234.215.216 - - [04/Aug/2022:08:01:15 +0000] "GET /images/tournaments/NKDTournament.pdf HTTP/1.1" 200 3770165 "http://www.wadokikai.org/" "Mozilla/5.0 (iPhone; CPU iPhone OS 15_4_1 like Mac OS X) AppleWebKit/605.1.15 (KHTML, like Gecko) Version/15.4 Mobile/15E148 Safari/604.1"
::ffff:98.234.215.216 - - [04/Aug/2022:08:01:16 +0000] "GET /images/favicon.ico HTTP/1.1" 200 3638 "http://www.wadokikai.org/" "Mozilla/5.0 (iPhone; CPU iPhone OS 15_4_1 like Mac OS X) AppleWebKit/605.1.15 (KHTML, like Gecko) Version/15.4 Mobile/15E148 Safari/604.1"
::ffff:98.234.215.216 - - [04/Aug/2022:08:01:16 +0000] "GET /images/tiger.bmp HTTP/1.1" 200 311274 "http://www.wadokikai.org/" "Mozilla/5.0 (iPhone; CPU iPhone OS 15_4_1 like Mac OS X) AppleWebKit/605.1.15 (KHTML, like Gecko) Version/15.4 Mobile/15E148 Safari/604.1"
::ffff:98.234.215.216 - - [04/Aug/2022:08:01:20 +0000] "GET /images/wadokikai%20kanji.jpg HTTP/1.1" 200 35066 "http://www.wadokikai.org/" "Mozilla/5.0 (iPhone; CPU iPhone OS 15_4_1 like Mac OS X) AppleWebKit/605.1.15 (KHTML, like Gecko) Version/15.4 Mobile/15E148 Safari/604.1"
::ffff:98.234.215.216 - - [04/Aug/2022:08:01:23 +0000] "GET /images/dragon-trans.png HTTP/1.1" 200 85661 "http://www.wadokikai.org/" "Mozilla/5.0 (iPhone; CPU iPhone OS 15_4_1 like Mac OS X) AppleWebKit/605.1.15 (KHTML, like Gecko) Version/15.4 Mobile/15E148 Safari/604.1"
::ffff:98.234.215.216 - - [04/Aug/2022:08:02:14 +0000] "GET /images/tiger.bmp HTTP/1.1" 200 311274 "http://www.wadokikai.org/" "Mozilla/5.0 (iPhone; CPU iPhone OS 15_4_1 like Mac OS X) AppleWebKit/605.1.15 (KHTML, like Gecko) Version/15.4 Mobile/15E148 Safari/604.1"
::ffff:155.94.222.53 - - [04/Aug/2022:08:04:41 +0000] "GET / HTTP/1.1" 200 58071 "-" "Mozilla/5.0 (Windows NT 10.0; Win64; x64) AppleWebKit/537.36 (KHTML, like Gecko) Chrome/95.0.4638.69 Safari/537.36"
::ffff:155.94.222.53 - - [04/Aug/2022:08:04:41 +0000] "GET /wp-includes/ID3/license.txt HTTP/1.1" 404 166 "-" "Mozilla/5.0 (Windows NT 10.0; Win64; x64) AppleWebKit/537.36 (KHTML, like Gecko) Chrome/95.0.4638.69 Safari/537.36"
::ffff:155.94.222.53 - - [04/Aug/2022:08:04:41 +0000] "GET /feed/ HTTP/1.1" 404 144 "-" "Mozilla/5.0 (Windows NT 10.0; Win64; x64) AppleWebKit/537.36 (KHTML, like Gecko) Chrome/95.0.4638.69 Safari/537.36"
::ffff:155.94.222.53 - - [04/Aug/2022:08:04:41 +0000] "GET /xmlrpc.php?rsd HTTP/1.1" 404 149 "-" "Mozilla/5.0 (Windows NT 10.0; Win64; x64) AppleWebKit/537.36 (KHTML, like Gecko) Chrome/95.0.4638.69 Safari/537.36"
::ffff:155.94.222.53 - - [04/Aug/2022:08:04:42 +0000] "GET /blog/wp-includes/wlwmanifest.xml HTTP/1.1" 404 171 "-" "Mozilla/5.0 (Windows NT 10.0; Win64; x64) AppleWebKit/537.36 (KHTML, like Gecko) Chrome/95.0.4638.69 Safari/537.36"
::ffff:155.94.222.53 - - [04/Aug/2022:08:04:42 +0000] "GET /web/wp-includes/wlwmanifest.xml HTTP/1.1" 404 170 "-" "Mozilla/5.0 (Windows NT 10.0; Win64; x64) AppleWebKit/537.36 (KHTML, like Gecko) Chrome/95.0.4638.69 Safari/537.36"
::ffff:155.94.222.53 - - [04/Aug/2022:08:04:42 +0000] "GET /wordpress/wp-includes/wlwmanifest.xml HTTP/1.1" 404 176 "-" "Mozilla/5.0 (Windows NT 10.0; Win64; x64) AppleWebKit/537.36 (KHTML, like Gecko) Chrome/95.0.4638.69 Safari/537.36"
::ffff:155.94.222.53 - - [04/Aug/2022:08:04:42 +0000] "GET /wp/wp-includes/wlwmanifest.xml HTTP/1.1" 404 169 "-" "Mozilla/5.0 (Windows NT 10.0; Win64; x64) AppleWebKit/537.36 (KHTML, like Gecko) Chrome/95.0.4638.69 Safari/537.36"
::ffff:155.94.222.53 - - [04/Aug/2022:08:04:42 +0000] "GET /2020/wp-includes/wlwmanifest.xml HTTP/1.1" 404 171 "-" "Mozilla/5.0 (Windows NT 10.0; Win64; x64) AppleWebKit/537.36 (KHTML, like Gecko) Chrome/95.0.4638.69 Safari/537.36"
::ffff:155.94.222.53 - - [04/Aug/2022:08:04:42 +0000] "GET /2019/wp-includes/wlwmanifest.xml HTTP/1.1" 404 171 "-" "Mozilla/5.0 (Windows NT 10.0; Win64; x64) AppleWebKit/537.36 (KHTML, like Gecko) Chrome/95.0.4638.69 Safari/537.36"
::ffff:155.94.222.53 - - [04/Aug/2022:08:04:42 +0000] "GET /2021/wp-includes/wlwmanifest.xml HTTP/1.1" 404 171 "-" "Mozilla/5.0 (Windows NT 10.0; Win64; x64) AppleWebKit/537.36 (KHTML, like Gecko) Chrome/95.0.4638.69 Safari/537.36"
::ffff:155.94.222.53 - - [04/Aug/2022:08:04:42 +0000] "GET /shop/wp-includes/wlwmanifest.xml HTTP/1.1" 404 171 "-" "Mozilla/5.0 (Windows NT 10.0; Win64; x64) AppleWebKit/537.36 (KHTML, like Gecko) Chrome/95.0.4638.69 Safari/537.36"
::ffff:155.94.222.53 - - [04/Aug/2022:08:04:42 +0000] "GET /wp1/wp-includes/wlwmanifest.xml HTTP/1.1" 404 170 "-" "Mozilla/5.0 (Windows NT 10.0; Win64; x64) AppleWebKit/537.36 (KHTML, like Gecko) Chrome/95.0.4638.69 Safari/537.36"
::ffff:155.94.222.53 - - [04/Aug/2022:08:04:42 +0000] "GET /test/wp-includes/wlwmanifest.xml HTTP/1.1" 404 171 "-" "Mozilla/5.0 (Windows NT 10.0; Win64; x64) AppleWebKit/537.36 (KHTML, like Gecko) Chrome/95.0.4638.69 Safari/537.36"
::ffff:155.94.222.53 - - [04/Aug/2022:08:04:42 +0000] "GET /site/wp-includes/wlwmanifest.xml HTTP/1.1" 404 171 "-" "Mozilla/5.0 (Windows NT 10.0; Win64; x64) AppleWebKit/537.36 (KHTML, like Gecko) Chrome/95.0.4638.69 Safari/537.36"
::ffff:155.94.222.53 - - [04/Aug/2022:08:04:43 +0000] "GET /cms/wp-includes/wlwmanifest.xml HTTP/1.1" 404 170 "-" "Mozilla/5.0 (Windows NT 10.0; Win64; x64) AppleWebKit/537.36 (KHTML, like Gecko) Chrome/95.0.4638.69 Safari/537.36"
::ffff:157.55.39.33 - - [04/Aug/2022:08:18:41 +0000] "GET /style.html HTTP/1.1" 404 149 "-" "Mozilla/5.0 (compatible; bingbot/2.0; +http://www.bing.com/bingbot.htm)"
::ffff:66.249.79.229 - - [04/Aug/2022:08:21:06 +0000] "GET /robots.txt HTTP/1.1" 404 149 "-" "Mozilla/5.0 (compatible; Googlebot/2.1; +http://www.google.com/bot.html)"
::ffff:66.249.79.231 - - [04/Aug/2022:08:21:06 +0000] "GET /ads.txt HTTP/1.1" 404 146 "-" "Mozilla/5.0 (compatible; Googlebot/2.1; +http://www.google.com/bot.html)"
::ffff:157.55.39.33 - - [04/Aug/2022:08:29:22 +0000] "GET /style.html HTTP/1.1" 404 149 "-" "Mozilla/5.0 (compatible; bingbot/2.0; +http://www.bing.com/bingbot.htm)"
::ffff:209.141.36.112 - - [04/Aug/2022:08:44:12 +0000] "GET / HTTP/1.1" 200 58071 "-" "Mozilla/5.0 (Macintosh; Intel Mac OS X 10_15_7) AppleWebKit/537.36 (KHTML, like Gecko) Chrome/96.0.4664.110 Safari/537.36"
::ffff:209.141.36.112 - - [04/Aug/2022:08:44:13 +0000] "GET /favicon.ico HTTP/1.1" 404 150 "-" "Mozilla/5.0 (Macintosh; Intel Mac OS X 10_15_7) AppleWebKit/537.36 (KHTML, like Gecko) Chrome/96.0.4664.110 Safari/537.36"
::ffff:8.31.2.47 - - [04/Aug/2022:08:44:15 +0000] "GET / HTTP/1.1" 200 58071 "-" "Mozilla/5.0 (Macintosh; Intel Mac OS X 10_15_7) AppleWebKit/537.36 (KHTML, like Gecko) Chrome/96.0.4664.110 Safari/537.36"
::ffff:8.31.2.47 - - [04/Aug/2022:08:44:15 +0000] "GET /favicon.ico HTTP/1.1" 404 150 "-" "Mozilla/5.0 (Macintosh; Intel Mac OS X 10_15_7) AppleWebKit/537.36 (KHTML, like Gecko) Chrome/96.0.4664.110 Safari/537.36"
::ffff:98.234.215.216 - - [04/Aug/2022:08:52:17 +0000] "GET /images/wadokikai%20kanji.jpg HTTP/1.1" 200 35066 "http://www.wadokikai.org/" "Mozilla/5.0 (iPhone; CPU iPhone OS 15_4_1 like Mac OS X) AppleWebKit/605.1.15 (KHTML, like Gecko) Version/15.4 Mobile/15E148 Safari/604.1"
::ffff:35.230.190.91 - - [04/Aug/2022:08:53:12 +0000] "OPTIONS / HTTP/1.0" 200 8 "-" "-"
::ffff:185.254.196.115 - - [04/Aug/2022:09:02:38 +0000] "GET /.env HTTP/1.1" 404 143 "-" "Mozilla/5.0 (X11; Linux x86_64) AppleWebKit/537.36 (KHTML, like Gecko) Chrome/81.0.4044.129 Safari/537.36"
::ffff:185.254.196.115 - - [04/Aug/2022:09:02:38 +0000] "POST / HTTP/1.1" 404 140 "-" "Mozilla/5.0 (X11; Linux x86_64) AppleWebKit/537.36 (KHTML, like Gecko) Chrome/81.0.4044.129 Safari/537.36"
::ffff:135.125.246.189 - - [04/Aug/2022:09:09:08 +0000] "POST / HTTP/1.1" 404 140 "-" "Mozilla/5.0 (X11; Linux x86_64) AppleWebKit/537.36 (KHTML, like Gecko) Chrome/81.0.4044.129 Safari/537.36"
::ffff:135.125.246.189 - - [04/Aug/2022:09:09:08 +0000] "GET /.env HTTP/1.1" 404 143 "-" "Mozilla/5.0 (X11; Linux x86_64) AppleWebKit/537.36 (KHTML, like Gecko) Chrome/81.0.4044.129 Safari/537.36"
::ffff:64.62.197.213 - - [04/Aug/2022:09:29:32 +0000] "GET /favicon.ico HTTP/1.1" 404 150 "-" "Mozilla/5.0 zgrab/0.x"
::ffff:157.55.39.140 - - [04/Aug/2022:09:32:28 +0000] "GET /index.php HTTP/1.1" 404 148 "-" "Mozilla/5.0 (compatible; bingbot/2.0; +http://www.bing.com/bingbot.htm)"
::ffff:157.55.39.140 - - [04/Aug/2022:09:46:39 +0000] "GET /index.php HTTP/1.1" 404 148 "-" "Mozilla/5.0 (compatible; bingbot/2.0; +http://www.bing.com/bingbot.htm)"
::ffff:38.68.41.100 - - [04/Aug/2022:09:51:44 +0000] "GET /.env HTTP/1.1" 404 143 "-" "Mozilla/5.0 (X11; Linux x86_64) AppleWebKit/537.36 (KHTML, like Gecko) Chrome/81.0.4044.129 Safari/537.36"
::ffff:38.68.41.100 - - [04/Aug/2022:09:51:45 +0000] "POST / HTTP/1.1" 404 140 "-" "Mozilla/5.0 (X11; Linux x86_64) AppleWebKit/537.36 (KHTML, like Gecko) Chrome/81.0.4044.129 Safari/537.36"
::ffff:38.68.41.100 - - [04/Aug/2022:09:53:02 +0000] "GET /.env HTTP/1.1" 404 143 "-" "Mozilla/5.0 (X11; Linux x86_64) AppleWebKit/537.36 (KHTML, like Gecko) Chrome/81.0.4044.129 Safari/537.36"
::ffff:38.68.41.100 - - [04/Aug/2022:09:53:03 +0000] "POST / HTTP/1.1" 404 140 "-" "Mozilla/5.0 (X11; Linux x86_64) AppleWebKit/537.36 (KHTML, like Gecko) Chrome/81.0.4044.129 Safari/537.36"
::ffff:18.210.22.33 - - [04/Aug/2022:09:53:52 +0000] "GET /robots.txt HTTP/1.1" 404 149 "-" "Mozilla/5.0 (Windows NT 10.0; Win64; x64) AppleWebKit/537.36 (KHTML, like Gecko) Chrome/103.0.0.0 Safari/537.36"
::ffff:18.210.22.33 - - [04/Aug/2022:09:53:52 +0000] "GET /99vt HTTP/1.1" 404 143 "-" "Mozilla/5.0 (Windows NT 10.0; Win64; x64) AppleWebKit/537.36 (KHTML, like Gecko) Chrome/103.0.0.0 Safari/537.36"
::ffff:18.210.22.33 - - [04/Aug/2022:09:53:52 +0000] "GET /robots.txt HTTP/1.1" 404 149 "-" "Mozilla/5.0 (Windows NT 10.0; Win64; x64) AppleWebKit/537.36 (KHTML, like Gecko) Chrome/103.0.0.0 Safari/537.36"
::ffff:18.210.22.33 - - [04/Aug/2022:09:53:52 +0000] "GET / HTTP/1.1" 200 58071 "-" "Mozilla/5.0 (Windows NT 10.0; Win64; x64) AppleWebKit/537.36 (KHTML, like Gecko) Chrome/103.0.0.0 Safari/537.36"
::ffff:18.210.22.33 - - [04/Aug/2022:09:53:53 +0000] "GET /99vu HTTP/1.1" 404 143 "-" "Mozilla/5.0 (Windows NT 10.0; Win64; x64) AppleWebKit/537.36 (KHTML, like Gecko) Chrome/103.0.0.0 Safari/537.36"
::ffff:54.204.123.23 - - [04/Aug/2022:09:59:08 +0000] "GET /.env HTTP/1.1" 404 143 "-" "Mozilla/5.0 (X11; Linux x86_64) AppleWebKit/537.36 (KHTML, like Gecko) Chrome/81.0.4044.129 Safari/537.36"
::ffff:54.204.123.23 - - [04/Aug/2022:09:59:08 +0000] "GET /public/.env HTTP/1.1" 404 150 "-" "Mozilla/5.0 (X11; Linux x86_64) AppleWebKit/537.36 (KHTML, like Gecko) Chrome/81.0.4044.129 Safari/537.36"
::ffff:54.204.123.23 - - [04/Aug/2022:09:59:08 +0000] "GET /laravel/.env HTTP/1.1" 404 151 "-" "Mozilla/5.0 (X11; Linux x86_64) AppleWebKit/537.36 (KHTML, like Gecko) Chrome/81.0.4044.129 Safari/537.36"
::ffff:54.204.123.23 - - [04/Aug/2022:09:59:08 +0000] "GET /laravel/core/.env HTTP/1.1" 404 156 "-" "Mozilla/5.0 (X11; Linux x86_64) AppleWebKit/537.36 (KHTML, like Gecko) Chrome/81.0.4044.129 Safari/537.36"
::ffff:54.204.123.23 - - [04/Aug/2022:09:59:11 +0000] "GET /beta/.env HTTP/1.1" 404 148 "-" "Mozilla/5.0 (X11; Linux x86_64) AppleWebKit/537.36 (KHTML, like Gecko) Chrome/81.0.4044.129 Safari/537.36"
::ffff:54.204.123.23 - - [04/Aug/2022:09:59:11 +0000] "GET /kyc/.env HTTP/1.1" 404 147 "-" "Mozilla/5.0 (X11; Linux x86_64) AppleWebKit/537.36 (KHTML, like Gecko) Chrome/81.0.4044.129 Safari/537.36"
::ffff:54.204.123.23 - - [04/Aug/2022:09:59:11 +0000] "GET /admin/.env HTTP/1.1" 404 149 "-" "Mozilla/5.0 (X11; Linux x86_64) AppleWebKit/537.36 (KHTML, like Gecko) Chrome/81.0.4044.129 Safari/537.36"
::ffff:54.204.123.23 - - [04/Aug/2022:09:59:12 +0000] "GET /prod/.env HTTP/1.1" 404 148 "-" "Mozilla/5.0 (X11; Linux x86_64) AppleWebKit/537.36 (KHTML, like Gecko) Chrome/81.0.4044.129 Safari/537.36"
::ffff:54.204.123.23 - - [04/Aug/2022:09:59:17 +0000] "POST / HTTP/1.1" 404 140 "-" "Mozilla/5.0 (X11; Linux x86_64) AppleWebKit/537.36 (KHTML, like Gecko) Chrome/81.0.4044.129 Safari/537.36"
::ffff:54.204.123.23 - - [04/Aug/2022:09:59:17 +0000] "GET /_profiler/phpinfo HTTP/1.1" 404 156 "-" "Mozilla/5.0 (X11; Linux x86_64) AppleWebKit/537.36 (KHTML, like Gecko) Chrome/81.0.4044.129 Safari/537.36"
::ffff:54.204.123.23 - - [04/Aug/2022:09:59:17 +0000] "GET /phpinfo.php HTTP/1.1" 404 150 "-" "Mozilla/5.0 (X11; Linux x86_64) AppleWebKit/537.36 (KHTML, like Gecko) Chrome/81.0.4044.129 Safari/537.36"
::ffff:54.204.123.23 - - [04/Aug/2022:09:59:17 +0000] "GET /phpinfo HTTP/1.1" 404 146 "-" "Mozilla/5.0 (X11; Linux x86_64) AppleWebKit/537.36 (KHTML, like Gecko) Chrome/81.0.4044.129 Safari/537.36"
::ffff:54.204.123.23 - - [04/Aug/2022:09:59:18 +0000] "GET /info.php HTTP/1.1" 404 147 "-" "Mozilla/5.0 (X11; Linux x86_64) AppleWebKit/537.36 (KHTML, like Gecko) Chrome/81.0.4044.129 Safari/537.36"
::ffff:167.94.138.45 - - [04/Aug/2022:09:59:56 +0000] "GET / HTTP/1.1" 200 58071 "-" "-"
::ffff:167.94.138.45 - - [04/Aug/2022:09:59:56 +0000] "GET / HTTP/1.1" 200 58071 "-" "Mozilla/5.0 (compatible; CensysInspect/1.1; +https://about.censys.io/)"
::ffff:167.94.138.45 - - [04/Aug/2022:09:59:57 +0000] "PRI * HTTP/2.0" - - "-" "-"
::ffff:137.184.183.24 - - [04/Aug/2022:10:11:37 +0000] "GET / HTTP/1.1" 200 58071 "-" "Mozilla/5.0 (Windows NT 10.0; Win64; x64) AppleWebKit/537.36 (KHTML, like Gecko) Chrome/76.0.3809.132 Safari/537.36"
::ffff:137.184.183.24 - - [04/Aug/2022:10:11:37 +0000] "GET /wp-includes/wlwmanifest.xml HTTP/1.1" 404 166 "-" "Mozilla/5.0 (Windows NT 10.0; Win64; x64) AppleWebKit/537.36 (KHTML, like Gecko) Chrome/76.0.3809.132 Safari/537.36"
::ffff:137.184.183.24 - - [04/Aug/2022:10:11:38 +0000] "GET /xmlrpc.php?rsd HTTP/1.1" 404 149 "-" "Mozilla/5.0 (Windows NT 10.0; Win64; x64) AppleWebKit/537.36 (KHTML, like Gecko) Chrome/76.0.3809.132 Safari/537.36"
::ffff:137.184.183.24 - - [04/Aug/2022:10:11:38 +0000] "GET / HTTP/1.1" 200 58071 "-" "Mozilla/5.0 (Windows NT 10.0; Win64; x64) AppleWebKit/537.36 (KHTML, like Gecko) Chrome/76.0.3809.132 Safari/537.36"
::ffff:137.184.183.24 - - [04/Aug/2022:10:11:38 +0000] "GET /blog/wp-includes/wlwmanifest.xml HTTP/1.1" 404 171 "-" "Mozilla/5.0 (Windows NT 10.0; Win64; x64) AppleWebKit/537.36 (KHTML, like Gecko) Chrome/76.0.3809.132 Safari/537.36"
::ffff:137.184.183.24 - - [04/Aug/2022:10:11:38 +0000] "GET /web/wp-includes/wlwmanifest.xml HTTP/1.1" 404 170 "-" "Mozilla/5.0 (Windows NT 10.0; Win64; x64) AppleWebKit/537.36 (KHTML, like Gecko) Chrome/76.0.3809.132 Safari/537.36"
::ffff:137.184.183.24 - - [04/Aug/2022:10:11:38 +0000] "GET /wordpress/wp-includes/wlwmanifest.xml HTTP/1.1" 404 176 "-" "Mozilla/5.0 (Windows NT 10.0; Win64; x64) AppleWebKit/537.36 (KHTML, like Gecko) Chrome/76.0.3809.132 Safari/537.36"
::ffff:137.184.183.24 - - [04/Aug/2022:10:11:38 +0000] "GET /website/wp-includes/wlwmanifest.xml HTTP/1.1" 404 174 "-" "Mozilla/5.0 (Windows NT 10.0; Win64; x64) AppleWebKit/537.36 (KHTML, like Gecko) Chrome/76.0.3809.132 Safari/537.36"
::ffff:137.184.183.24 - - [04/Aug/2022:10:11:38 +0000] "GET /wp/wp-includes/wlwmanifest.xml HTTP/1.1" 404 169 "-" "Mozilla/5.0 (Windows NT 10.0; Win64; x64) AppleWebKit/537.36 (KHTML, like Gecko) Chrome/76.0.3809.132 Safari/537.36"
::ffff:137.184.183.24 - - [04/Aug/2022:10:11:38 +0000] "GET /news/wp-includes/wlwmanifest.xml HTTP/1.1" 404 171 "-" "Mozilla/5.0 (Windows NT 10.0; Win64; x64) AppleWebKit/537.36 (KHTML, like Gecko) Chrome/76.0.3809.132 Safari/537.36"
::ffff:137.184.183.24 - - [04/Aug/2022:10:11:38 +0000] "GET /2018/wp-includes/wlwmanifest.xml HTTP/1.1" 404 171 "-" "Mozilla/5.0 (Windows NT 10.0; Win64; x64) AppleWebKit/537.36 (KHTML, like Gecko) Chrome/76.0.3809.132 Safari/537.36"
::ffff:137.184.183.24 - - [04/Aug/2022:10:11:38 +0000] "GET /2019/wp-includes/wlwmanifest.xml HTTP/1.1" 404 171 "-" "Mozilla/5.0 (Windows NT 10.0; Win64; x64) AppleWebKit/537.36 (KHTML, like Gecko) Chrome/76.0.3809.132 Safari/537.36"
::ffff:137.184.183.24 - - [04/Aug/2022:10:11:38 +0000] "GET /shop/wp-includes/wlwmanifest.xml HTTP/1.1" 404 171 "-" "Mozilla/5.0 (Windows NT 10.0; Win64; x64) AppleWebKit/537.36 (KHTML, like Gecko) Chrome/76.0.3809.132 Safari/537.36"
::ffff:137.184.183.24 - - [04/Aug/2022:10:11:38 +0000] "GET /wp1/wp-includes/wlwmanifest.xml HTTP/1.1" 404 170 "-" "Mozilla/5.0 (Windows NT 10.0; Win64; x64) AppleWebKit/537.36 (KHTML, like Gecko) Chrome/76.0.3809.132 Safari/537.36"
::ffff:137.184.183.24 - - [04/Aug/2022:10:11:38 +0000] "GET /test/wp-includes/wlwmanifest.xml HTTP/1.1" 404 171 "-" "Mozilla/5.0 (Windows NT 10.0; Win64; x64) AppleWebKit/537.36 (KHTML, like Gecko) Chrome/76.0.3809.132 Safari/537.36"
::ffff:137.184.183.24 - - [04/Aug/2022:10:11:38 +0000] "GET /media/wp-includes/wlwmanifest.xml HTTP/1.1" 404 172 "-" "Mozilla/5.0 (Windows NT 10.0; Win64; x64) AppleWebKit/537.36 (KHTML, like Gecko) Chrome/76.0.3809.132 Safari/537.36"
::ffff:137.184.183.24 - - [04/Aug/2022:10:11:38 +0000] "GET /wp2/wp-includes/wlwmanifest.xml HTTP/1.1" 404 170 "-" "Mozilla/5.0 (Windows NT 10.0; Win64; x64) AppleWebKit/537.36 (KHTML, like Gecko) Chrome/76.0.3809.132 Safari/537.36"
::ffff:137.184.183.24 - - [04/Aug/2022:10:11:38 +0000] "GET /site/wp-includes/wlwmanifest.xml HTTP/1.1" 404 171 "-" "Mozilla/5.0 (Windows NT 10.0; Win64; x64) AppleWebKit/537.36 (KHTML, like Gecko) Chrome/76.0.3809.132 Safari/537.36"
::ffff:137.184.183.24 - - [04/Aug/2022:10:11:38 +0000] "GET /cms/wp-includes/wlwmanifest.xml HTTP/1.1" 404 170 "-" "Mozilla/5.0 (Windows NT 10.0; Win64; x64) AppleWebKit/537.36 (KHTML, like Gecko) Chrome/76.0.3809.132 Safari/537.36"
::ffff:137.184.183.24 - - [04/Aug/2022:10:11:38 +0000] "GET /sito/wp-includes/wlwmanifest.xml HTTP/1.1" 404 171 "-" "Mozilla/5.0 (Windows NT 10.0; Win64; x64) AppleWebKit/537.36 (KHTML, like Gecko) Chrome/76.0.3809.132 Safari/537.36"
::ffff:157.55.39.33 - - [04/Aug/2022:10:19:33 +0000] "GET /style.html HTTP/1.1" 404 149 "-" "Mozilla/5.0 (compatible; bingbot/2.0; +http://www.bing.com/bingbot.htm)"
