::ffff:73.63.133.78 - - [26/Sep/2022:21:08:52 +0000] "GET /images/instructors/don.jpg HTTP/1.1" 200 76210 "https://www.wadokikai.org/schools" "Mozilla/5.0 (Macintosh; Intel Mac OS X 10_15_6) AppleWebKit/605.1.15 (KHTML, like Gecko) Version/15.6,2 Safari/605.1.15"
::ffff:73.63.133.78 - - [26/Sep/2022:21:08:52 +0000] "GET /images/instructors/grant.jpg HTTP/1.1" 200 14249 "https://www.wadokikai.org/schools" "Mozilla/5.0 (Macintosh; Intel Mac OS X 10_15_6) AppleWebKit/605.1.15 (KHTML, like Gecko) Version/15.6,2 Safari/605.1.15"
::ffff:73.63.133.78 - - [26/Sep/2022:21:08:52 +0000] "GET /images/instructors/mlee.jpg HTTP/1.1" 200 65525 "https://www.wadokikai.org/schools" "Mozilla/5.0 (Macintosh; Intel Mac OS X 10_15_6) AppleWebKit/605.1.15 (KHTML, like Gecko) Version/15.6,2 Safari/605.1.15"
::ffff:73.63.133.78 - - [26/Sep/2022:21:08:52 +0000] "GET /images/instructors/acohen.jpg HTTP/1.1" 200 62805 "https://www.wadokikai.org/schools" "Mozilla/5.0 (Macintosh; Intel Mac OS X 10_15_6) AppleWebKit/605.1.15 (KHTML, like Gecko) Version/15.6,2 Safari/605.1.15"
::ffff:73.63.133.78 - - [26/Sep/2022:21:08:52 +0000] "GET /images/instructors/andrea.jpg HTTP/1.1" 200 61330 "https://www.wadokikai.org/schools" "Mozilla/5.0 (Macintosh; Intel Mac OS X 10_15_6) AppleWebKit/605.1.15 (KHTML, like Gecko) Version/15.6,2 Safari/605.1.15"
::ffff:73.63.133.78 - - [26/Sep/2022:21:08:52 +0000] "GET /images/instructors/rodnak.jpg HTTP/1.1" 200 12841 "https://www.wadokikai.org/schools" "Mozilla/5.0 (Macintosh; Intel Mac OS X 10_15_6) AppleWebKit/605.1.15 (KHTML, like Gecko) Version/15.6,2 Safari/605.1.15"
::ffff:73.63.133.78 - - [26/Sep/2022:21:08:52 +0000] "GET /images/instructors/dokeeffe.jpg HTTP/1.1" 200 42708 "https://www.wadokikai.org/schools" "Mozilla/5.0 (Macintosh; Intel Mac OS X 10_15_6) AppleWebKit/605.1.15 (KHTML, like Gecko) Version/15.6,2 Safari/605.1.15"
::ffff:73.63.133.78 - - [26/Sep/2022:21:08:52 +0000] "GET /images/instructors/SenseiLarry.jpg HTTP/1.1" 200 60380 "https://www.wadokikai.org/schools" "Mozilla/5.0 (Macintosh; Intel Mac OS X 10_15_6) AppleWebKit/605.1.15 (KHTML, like Gecko) Version/15.6,2 Safari/605.1.15"
::ffff:73.63.133.78 - - [26/Sep/2022:21:08:52 +0000] "GET /images/instructors/mbrooks.jpg HTTP/1.1" 200 132490 "https://www.wadokikai.org/schools" "Mozilla/5.0 (Macintosh; Intel Mac OS X 10_15_6) AppleWebKit/605.1.15 (KHTML, like Gecko) Version/15.6,2 Safari/605.1.15"
::ffff:73.63.133.78 - - [26/Sep/2022:21:08:52 +0000] "GET /images/instructors/achang.jpg HTTP/1.1" 200 32799 "https://www.wadokikai.org/schools" "Mozilla/5.0 (Macintosh; Intel Mac OS X 10_15_6) AppleWebKit/605.1.15 (KHTML, like Gecko) Version/15.6,2 Safari/605.1.15"
::ffff:73.63.133.78 - - [26/Sep/2022:21:08:52 +0000] "GET /images/instructors/amastroianni.jpg HTTP/1.1" 200 78389 "https://www.wadokikai.org/schools" "Mozilla/5.0 (Macintosh; Intel Mac OS X 10_15_6) AppleWebKit/605.1.15 (KHTML, like Gecko) Version/15.6,2 Safari/605.1.15"
::ffff:73.63.133.78 - - [26/Sep/2022:21:08:52 +0000] "GET /images/instructors/RuPaster.jpg HTTP/1.1" 200 75352 "https://www.wadokikai.org/schools" "Mozilla/5.0 (Macintosh; Intel Mac OS X 10_15_6) AppleWebKit/605.1.15 (KHTML, like Gecko) Version/15.6,2 Safari/605.1.15"
::ffff:73.63.133.78 - - [26/Sep/2022:21:08:52 +0000] "GET /images/instructors/fortiz.jpg HTTP/1.1" 200 82719 "https://www.wadokikai.org/schools" "Mozilla/5.0 (Macintosh; Intel Mac OS X 10_15_6) AppleWebKit/605.1.15 (KHTML, like Gecko) Version/15.6,2 Safari/605.1.15"
::ffff:73.63.133.78 - - [26/Sep/2022:21:08:52 +0000] "GET /images/instructors/amahalatinia.jpg HTTP/1.1" 200 84763 "https://www.wadokikai.org/schools" "Mozilla/5.0 (Macintosh; Intel Mac OS X 10_15_6) AppleWebKit/605.1.15 (KHTML, like Gecko) Version/15.6,2 Safari/605.1.15"
::ffff:73.63.133.78 - - [26/Sep/2022:21:08:52 +0000] "GET /images/instructors/fnavarro.jpg HTTP/1.1" 200 7268 "https://www.wadokikai.org/schools" "Mozilla/5.0 (Macintosh; Intel Mac OS X 10_15_6) AppleWebKit/605.1.15 (KHTML, like Gecko) Version/15.6,2 Safari/605.1.15"
::ffff:73.63.133.78 - - [26/Sep/2022:21:08:52 +0000] "GET /images/instructors/wkklogo.png HTTP/1.1" 200 35114 "https://www.wadokikai.org/schools" "Mozilla/5.0 (Macintosh; Intel Mac OS X 10_15_6) AppleWebKit/605.1.15 (KHTML, like Gecko) Version/15.6,2 Safari/605.1.15"
::ffff:73.63.133.78 - - [26/Sep/2022:21:08:52 +0000] "GET /images/schools/alamedakaratedo.jpg HTTP/1.1" 200 86185 "https://www.wadokikai.org/schools" "Mozilla/5.0 (Macintosh; Intel Mac OS X 10_15_6) AppleWebKit/605.1.15 (KHTML, like Gecko) Version/15.6,2 Safari/605.1.15"
::ffff:73.63.133.78 - - [26/Sep/2022:21:08:52 +0000] "GET /images/instructors/btimlin.jpg HTTP/1.1" 200 378054 "https://www.wadokikai.org/schools" "Mozilla/5.0 (Macintosh; Intel Mac OS X 10_15_6) AppleWebKit/605.1.15 (KHTML, like Gecko) Version/15.6,2 Safari/605.1.15"
::ffff:73.63.133.78 - - [26/Sep/2022:21:08:52 +0000] "GET /images/fbpic.webp HTTP/1.1" 200 986 "https://www.wadokikai.org/schools" "Mozilla/5.0 (Macintosh; Intel Mac OS X 10_15_6) AppleWebKit/605.1.15 (KHTML, like Gecko) Version/15.6,2 Safari/605.1.15"
::ffff:73.63.133.78 - - [26/Sep/2022:21:08:52 +0000] "GET /images/schools/alamedakaratedomap.jpg HTTP/1.1" 200 38311 "https://www.wadokikai.org/schools" "Mozilla/5.0 (Macintosh; Intel Mac OS X 10_15_6) AppleWebKit/605.1.15 (KHTML, like Gecko) Version/15.6,2 Safari/605.1.15"
::ffff:73.63.133.78 - - [26/Sep/2022:21:08:52 +0000] "GET /images/igpic.webp HTTP/1.1" 200 1328 "https://www.wadokikai.org/schools" "Mozilla/5.0 (Macintosh; Intel Mac OS X 10_15_6) AppleWebKit/605.1.15 (KHTML, like Gecko) Version/15.6,2 Safari/605.1.15"
::ffff:73.63.133.78 - - [26/Sep/2022:21:08:52 +0000] "GET /images/schools/orindakaratedo.jpg HTTP/1.1" 200 264927 "https://www.wadokikai.org/schools" "Mozilla/5.0 (Macintosh; Intel Mac OS X 10_15_6) AppleWebKit/605.1.15 (KHTML, like Gecko) Version/15.6,2 Safari/605.1.15"
::ffff:73.63.133.78 - - [26/Sep/2022:21:08:52 +0000] "GET /images/schools/orindakaratedomap.jpg HTTP/1.1" 200 34167 "https://www.wadokikai.org/schools" "Mozilla/5.0 (Macintosh; Intel Mac OS X 10_15_6) AppleWebKit/605.1.15 (KHTML, like Gecko) Version/15.6,2 Safari/605.1.15"
::ffff:73.63.133.78 - - [26/Sep/2022:21:08:52 +0000] "GET /images/schools/dcakaratedomap.jpg HTTP/1.1" 200 35262 "https://www.wadokikai.org/schools" "Mozilla/5.0 (Macintosh; Intel Mac OS X 10_15_6) AppleWebKit/605.1.15 (KHTML, like Gecko) Version/15.6,2 Safari/605.1.15"
::ffff:73.63.133.78 - - [26/Sep/2022:21:08:52 +0000] "GET /images/schools/harborbaykaratedo.jpg HTTP/1.1" 200 77464 "https://www.wadokikai.org/schools" "Mozilla/5.0 (Macintosh; Intel Mac OS X 10_15_6) AppleWebKit/605.1.15 (KHTML, like Gecko) Version/15.6,2 Safari/605.1.15"
::ffff:73.63.133.78 - - [26/Sep/2022:21:08:52 +0000] "GET /images/schools/harborbaykaratedomap.jpg HTTP/1.1" 200 37245 "https://www.wadokikai.org/schools" "Mozilla/5.0 (Macintosh; Intel Mac OS X 10_15_6) AppleWebKit/605.1.15 (KHTML, like Gecko) Version/15.6,2 Safari/605.1.15"
::ffff:73.63.133.78 - - [26/Sep/2022:21:08:52 +0000] "GET /images/schools/corpuzkaratedo.jpg HTTP/1.1" 200 65837 "https://www.wadokikai.org/schools" "Mozilla/5.0 (Macintosh; Intel Mac OS X 10_15_6) AppleWebKit/605.1.15 (KHTML, like Gecko) Version/15.6,2 Safari/605.1.15"
::ffff:73.63.133.78 - - [26/Sep/2022:21:08:52 +0000] "GET /images/schools/dcakaratedo.jpg HTTP/1.1" 200 458708 "https://www.wadokikai.org/schools" "Mozilla/5.0 (Macintosh; Intel Mac OS X 10_15_6) AppleWebKit/605.1.15 (KHTML, like Gecko) Version/15.6,2 Safari/605.1.15"
::ffff:73.63.133.78 - - [26/Sep/2022:21:08:52 +0000] "GET /images/schools/corpuzkaratedomap.jpg HTTP/1.1" 200 36421 "https://www.wadokikai.org/schools" "Mozilla/5.0 (Macintosh; Intel Mac OS X 10_15_6) AppleWebKit/605.1.15 (KHTML, like Gecko) Version/15.6,2 Safari/605.1.15"
::ffff:73.63.133.78 - - [26/Sep/2022:21:08:52 +0000] "GET /images/schools/nunleykaratedo.jpg HTTP/1.1" 200 77040 "https://www.wadokikai.org/schools" "Mozilla/5.0 (Macintosh; Intel Mac OS X 10_15_6) AppleWebKit/605.1.15 (KHTML, like Gecko) Version/15.6,2 Safari/605.1.15"
::ffff:73.63.133.78 - - [26/Sep/2022:21:08:52 +0000] "GET /images/schools/nunleykaratedomap.jpg HTTP/1.1" 200 42667 "https://www.wadokikai.org/schools" "Mozilla/5.0 (Macintosh; Intel Mac OS X 10_15_6) AppleWebKit/605.1.15 (KHTML, like Gecko) Version/15.6,2 Safari/605.1.15"
::ffff:73.63.133.78 - - [26/Sep/2022:21:08:52 +0000] "GET /images/schools/marinkaratedo.jpeg HTTP/1.1" 200 104735 "https://www.wadokikai.org/schools" "Mozilla/5.0 (Macintosh; Intel Mac OS X 10_15_6) AppleWebKit/605.1.15 (KHTML, like Gecko) Version/15.6,2 Safari/605.1.15"
::ffff:73.63.133.78 - - [26/Sep/2022:21:08:52 +0000] "GET /images/schools/marinkaratedomap.jpg HTTP/1.1" 200 32400 "https://www.wadokikai.org/schools" "Mozilla/5.0 (Macintosh; Intel Mac OS X 10_15_6) AppleWebKit/605.1.15 (KHTML, like Gecko) Version/15.6,2 Safari/605.1.15"
::ffff:73.63.133.78 - - [26/Sep/2022:21:08:52 +0000] "GET /images/schools/earhartkaratedo.jpg HTTP/1.1" 200 35835 "https://www.wadokikai.org/schools" "Mozilla/5.0 (Macintosh; Intel Mac OS X 10_15_6) AppleWebKit/605.1.15 (KHTML, like Gecko) Version/15.6,2 Safari/605.1.15"
::ffff:73.63.133.78 - - [26/Sep/2022:21:08:52 +0000] "GET /images/schools/earhartkaratedomap.jpg HTTP/1.1" 200 41366 "https://www.wadokikai.org/schools" "Mozilla/5.0 (Macintosh; Intel Mac OS X 10_15_6) AppleWebKit/605.1.15 (KHTML, like Gecko) Version/15.6,2 Safari/605.1.15"
::ffff:73.63.133.78 - - [26/Sep/2022:21:08:52 +0000] "GET /images/schools/martinezkaratedomap.jpg HTTP/1.1" 200 37724 "https://www.wadokikai.org/schools" "Mozilla/5.0 (Macintosh; Intel Mac OS X 10_15_6) AppleWebKit/605.1.15 (KHTML, like Gecko) Version/15.6,2 Safari/605.1.15"
::ffff:73.63.133.78 - - [26/Sep/2022:21:08:52 +0000] "GET /images/schools/manzanitakaratedomap.jpg HTTP/1.1" 200 55402 "https://www.wadokikai.org/schools" "Mozilla/5.0 (Macintosh; Intel Mac OS X 10_15_6) AppleWebKit/605.1.15 (KHTML, like Gecko) Version/15.6,2 Safari/605.1.15"
::ffff:73.63.133.78 - - [26/Sep/2022:21:08:52 +0000] "GET /images/schools/zoomdonkaratedo.jpg HTTP/1.1" 200 32454 "https://www.wadokikai.org/schools" "Mozilla/5.0 (Macintosh; Intel Mac OS X 10_15_6) AppleWebKit/605.1.15 (KHTML, like Gecko) Version/15.6,2 Safari/605.1.15"
::ffff:73.63.133.78 - - [26/Sep/2022:21:08:52 +0000] "GET /images/schools/zoomsfbakaratedo.jpg HTTP/1.1" 200 259024 "https://www.wadokikai.org/schools" "Mozilla/5.0 (Macintosh; Intel Mac OS X 10_15_6) AppleWebKit/605.1.15 (KHTML, like Gecko) Version/15.6,2 Safari/605.1.15"
::ffff:73.63.133.78 - - [26/Sep/2022:21:08:52 +0000] "GET /images/schools/martinezkaratedo.jpg HTTP/1.1" 200 1754187 "https://www.wadokikai.org/schools" "Mozilla/5.0 (Macintosh; Intel Mac OS X 10_15_6) AppleWebKit/605.1.15 (KHTML, like Gecko) Version/15.6,2 Safari/605.1.15"
::ffff:73.63.133.78 - - [26/Sep/2022:21:08:52 +0000] "GET /images/schools/manzanitakaratedo.jpg HTTP/1.1" 200 1829058 "https://www.wadokikai.org/schools" "Mozilla/5.0 (Macintosh; Intel Mac OS X 10_15_6) AppleWebKit/605.1.15 (KHTML, like Gecko) Version/15.6,2 Safari/605.1.15"
::ffff:73.63.133.78 - - [26/Sep/2022:21:08:53 +0000] "GET /images/favicon.ico HTTP/1.1" 200 3638 "https://www.wadokikai.org/schools" "Mozilla/5.0 (Macintosh; Intel Mac OS X 10_15_6) AppleWebKit/605.1.15 (KHTML, like Gecko) Version/15.6,2 Safari/605.1.15"
::ffff:20.118.171.77 - - [26/Sep/2022:21:08:54 +0000] "GET /priv8.php HTTP/1.1" 404 148 "-" "Mozilla/5.0 (Windows NT 10.0; Win64; x64) AppleWebKit/537.36 (KHTML, like Gecko) Chrome/85.0.4183.102 Safari/537.36"
::ffff:149.28.60.133 - - [26/Sep/2022:21:09:03 +0000] "GET / HTTP/1.1" 200 58140 "-" "Mozilla/5.0 (Macintosh; Intel Mac OS X 10.15; rv:105.0) Gecko/20100101 Firefox/105.0"
::ffff:20.118.171.77 - - [26/Sep/2022:21:09:14 +0000] "GET /public/403.php HTTP/1.1" 404 153 "-" "Mozilla/5.0 (Windows NT 10.0; Win64; x64) AppleWebKit/537.36 (KHTML, like Gecko) Chrome/85.0.4183.102 Safari/537.36"
::ffff:20.118.171.77 - - [26/Sep/2022:21:09:14 +0000] "GET /punisher.php HTTP/1.1" 404 151 "-" "Mozilla/5.0 (Windows NT 10.0; Win64; x64) AppleWebKit/537.36 (KHTML, like Gecko) Chrome/85.0.4183.102 Safari/537.36"
::ffff:20.118.171.77 - - [26/Sep/2022:21:09:27 +0000] "GET /q.php HTTP/1.1" 404 144 "-" "Mozilla/5.0 (Windows NT 10.0; Win64; x64) AppleWebKit/537.36 (KHTML, like Gecko) Chrome/85.0.4183.102 Safari/537.36"
::ffff:54.36.148.175 - - [26/Sep/2022:21:09:39 +0000] "GET /robots.txt HTTP/1.1" 404 149 "-" "Mozilla/5.0 (compatible; AhrefsBot/7.0; +http://ahrefs.com/robot/)"
::ffff:51.222.253.11 - - [26/Sep/2022:21:09:40 +0000] "GET / HTTP/1.1" 200 58140 "-" "Mozilla/5.0 (compatible; AhrefsBot/7.0; +http://ahrefs.com/robot/)"
::ffff:20.118.171.77 - - [26/Sep/2022:21:09:45 +0000] "GET /r.php HTTP/1.1" 404 144 "-" "Mozilla/5.0 (Windows NT 10.0; Win64; x64) AppleWebKit/537.36 (KHTML, like Gecko) Chrome/85.0.4183.102 Safari/537.36"
::ffff:20.118.171.77 - - [26/Sep/2022:21:09:55 +0000] "GET /radio.php HTTP/1.1" 404 148 "-" "Mozilla/5.0 (Windows NT 10.0; Win64; x64) AppleWebKit/537.36 (KHTML, like Gecko) Chrome/85.0.4183.102 Safari/537.36"
::ffff:20.118.171.77 - - [26/Sep/2022:21:10:15 +0000] "GET /root.php HTTP/1.1" 404 147 "-" "Mozilla/5.0 (Windows NT 10.0; Win64; x64) AppleWebKit/537.36 (KHTML, like Gecko) Chrome/85.0.4183.102 Safari/537.36"
::ffff:20.118.171.77 - - [26/Sep/2022:21:10:30 +0000] "GET /rss.php HTTP/1.1" 404 146 "-" "Mozilla/5.0 (Windows NT 10.0; Win64; x64) AppleWebKit/537.36 (KHTML, like Gecko) Chrome/85.0.4183.102 Safari/537.36"
::ffff:20.118.171.77 - - [26/Sep/2022:21:10:54 +0000] "GET /s.php HTTP/1.1" 404 144 "-" "Mozilla/5.0 (Windows NT 10.0; Win64; x64) AppleWebKit/537.36 (KHTML, like Gecko) Chrome/85.0.4183.102 Safari/537.36"
::ffff:20.118.171.77 - - [26/Sep/2022:21:11:07 +0000] "GET /sh.php HTTP/1.1" 404 145 "-" "Mozilla/5.0 (Windows NT 10.0; Win64; x64) AppleWebKit/537.36 (KHTML, like Gecko) Chrome/85.0.4183.102 Safari/537.36"
::ffff:20.118.171.77 - - [26/Sep/2022:21:11:28 +0000] "GET /shell.php HTTP/1.1" 404 148 "-" "Mozilla/5.0 (Windows NT 10.0; Win64; x64) AppleWebKit/537.36 (KHTML, like Gecko) Chrome/85.0.4183.102 Safari/537.36"
::ffff:17.121.113.33 - - [26/Sep/2022:21:11:36 +0000] "GET /robots.txt HTTP/1.1" 404 149 "-" "Mozilla/5.0 (Macintosh; Intel Mac OS X 10_15_5) AppleWebKit/605.1.15 (KHTML, like Gecko) Version/13.1.1 Safari/605.1.15 (Applebot/0.1; +http://www.apple.com/go/applebot)"
::ffff:17.121.113.33 - - [26/Sep/2022:21:11:36 +0000] "GET / HTTP/1.1" 200 58140 "-" "Mozilla/5.0 (Macintosh; Intel Mac OS X 10_15_5) AppleWebKit/605.1.15 (KHTML, like Gecko) Version/13.1.1 Safari/605.1.15 (Applebot/0.1; +http://www.apple.com/go/applebot)"
::ffff:20.118.171.77 - - [26/Sep/2022:21:12:11 +0000] "GET /shx.php HTTP/1.1" 404 146 "-" "Mozilla/5.0 (Windows NT 10.0; Win64; x64) AppleWebKit/537.36 (KHTML, like Gecko) Chrome/85.0.4183.102 Safari/537.36"
::ffff:20.118.171.77 - - [26/Sep/2022:21:12:26 +0000] "GET /small.php HTTP/1.1" 404 148 "-" "Mozilla/5.0 (Windows NT 10.0; Win64; x64) AppleWebKit/537.36 (KHTML, like Gecko) Chrome/85.0.4183.102 Safari/537.36"
::ffff:20.118.171.77 - - [26/Sep/2022:21:12:50 +0000] "GET /templates/beez5/index.php HTTP/1.1" 404 164 "-" "Mozilla/5.0 (Windows NT 10.0; Win64; x64) AppleWebKit/537.36 (KHTML, like Gecko) Chrome/85.0.4183.102 Safari/537.36"
::ffff:135.180.191.228 - - [26/Sep/2022:21:12:53 +0000] "GET /images/tiger.bmp HTTP/1.1" 304 - "http://wadokikai.net/resources" "Mozilla/5.0 (Linux; Android 12; SM-G781U) AppleWebKit/537.36 (KHTML, like Gecko) Chrome/105.0.0.0 Mobile Safari/537.36"
::ffff:135.180.191.228 - - [26/Sep/2022:21:13:05 +0000] "GET /images/dragon-trans.png HTTP/1.1" 304 - "http://wadokikai.net/resources" "Mozilla/5.0 (Linux; Android 12; SM-G781U) AppleWebKit/537.36 (KHTML, like Gecko) Chrome/105.0.0.0 Mobile Safari/537.36"
::ffff:20.118.171.77 - - [26/Sep/2022:21:13:17 +0000] "GET /u.php HTTP/1.1" 404 144 "-" "Mozilla/5.0 (Windows NT 10.0; Win64; x64) AppleWebKit/537.36 (KHTML, like Gecko) Chrome/85.0.4183.102 Safari/537.36"
::ffff:20.118.171.77 - - [26/Sep/2022:21:13:40 +0000] "GET /up.php HTTP/1.1" 404 145 "-" "Mozilla/5.0 (Windows NT 10.0; Win64; x64) AppleWebKit/537.36 (KHTML, like Gecko) Chrome/85.0.4183.102 Safari/537.36"
::ffff:20.118.171.77 - - [26/Sep/2022:21:14:04 +0000] "GET /uploader.php HTTP/1.1" 404 151 "-" "Mozilla/5.0 (Windows NT 10.0; Win64; x64) AppleWebKit/537.36 (KHTML, like Gecko) Chrome/85.0.4183.102 Safari/537.36"
::ffff:20.118.171.77 - - [26/Sep/2022:21:14:13 +0000] "GET /uploads/up.php HTTP/1.1" 404 153 "-" "Mozilla/5.0 (Windows NT 10.0; Win64; x64) AppleWebKit/537.36 (KHTML, like Gecko) Chrome/85.0.4183.102 Safari/537.36"
::ffff:135.180.191.228 - - [26/Sep/2022:21:14:29 +0000] "GET /images/tiger.bmp HTTP/1.1" 304 - "http://wadokikai.net/resources" "Mozilla/5.0 (Linux; Android 12; SM-G781U) AppleWebKit/537.36 (KHTML, like Gecko) Chrome/105.0.0.0 Mobile Safari/537.36"
::ffff:20.118.171.77 - - [26/Sep/2022:21:14:37 +0000] "GET /v.php HTTP/1.1" 404 144 "-" "Mozilla/5.0 (Windows NT 10.0; Win64; x64) AppleWebKit/537.36 (KHTML, like Gecko) Chrome/85.0.4183.102 Safari/537.36"
::ffff:20.118.171.77 - - [26/Sep/2022:21:14:51 +0000] "GET /vuln.php HTTP/1.1" 404 147 "-" "Mozilla/5.0 (Windows NT 10.0; Win64; x64) AppleWebKit/537.36 (KHTML, like Gecko) Chrome/85.0.4183.102 Safari/537.36"
::ffff:20.118.171.77 - - [26/Sep/2022:21:15:17 +0000] "GET /w.php HTTP/1.1" 404 144 "-" "Mozilla/5.0 (Windows NT 10.0; Win64; x64) AppleWebKit/537.36 (KHTML, like Gecko) Chrome/85.0.4183.102 Safari/537.36"
::ffff:20.118.171.77 - - [26/Sep/2022:21:15:17 +0000] "GET /w3llstore.php HTTP/1.1" 404 152 "-" "Mozilla/5.0 (Windows NT 10.0; Win64; x64) AppleWebKit/537.36 (KHTML, like Gecko) Chrome/85.0.4183.102 Safari/537.36"
::ffff:20.118.171.77 - - [26/Sep/2022:21:15:27 +0000] "GET /wikindex.php HTTP/1.1" 404 151 "-" "Mozilla/5.0 (Windows NT 10.0; Win64; x64) AppleWebKit/537.36 (KHTML, like Gecko) Chrome/85.0.4183.102 Safari/537.36"
::ffff:20.118.171.77 - - [26/Sep/2022:21:15:27 +0000] "GET /wp-admin.php HTTP/1.1" 404 151 "-" "Mozilla/5.0 (Windows NT 10.0; Win64; x64) AppleWebKit/537.36 (KHTML, like Gecko) Chrome/85.0.4183.102 Safari/537.36"
::ffff:20.118.171.77 - - [26/Sep/2022:21:15:41 +0000] "GET /wp-admin/css/fw.php HTTP/1.1" 404 158 "-" "Mozilla/5.0 (Windows NT 10.0; Win64; x64) AppleWebKit/537.36 (KHTML, like Gecko) Chrome/85.0.4183.102 Safari/537.36"
::ffff:20.118.171.77 - - [26/Sep/2022:21:15:57 +0000] "GET /wp-admin/fw.php HTTP/1.1" 404 154 "-" "Mozilla/5.0 (Windows NT 10.0; Win64; x64) AppleWebKit/537.36 (KHTML, like Gecko) Chrome/85.0.4183.102 Safari/537.36"
::ffff:20.118.171.77 - - [26/Sep/2022:21:16:03 +0000] "GET /wp-admin/maint/about.php HTTP/1.1" 404 163 "-" "Mozilla/5.0 (Windows NT 10.0; Win64; x64) AppleWebKit/537.36 (KHTML, like Gecko) Chrome/85.0.4183.102 Safari/537.36"
::ffff:20.118.171.77 - - [26/Sep/2022:21:16:51 +0000] "GET /wp-admin/radio.php HTTP/1.1" 404 157 "-" "Mozilla/5.0 (Windows NT 10.0; Win64; x64) AppleWebKit/537.36 (KHTML, like Gecko) Chrome/85.0.4183.102 Safari/537.36"
::ffff:20.118.171.77 - - [26/Sep/2022:21:17:11 +0000] "GET /wp-blog.php HTTP/1.1" 404 150 "-" "Mozilla/5.0 (Windows NT 10.0; Win64; x64) AppleWebKit/537.36 (KHTML, like Gecko) Chrome/85.0.4183.102 Safari/537.36"
::ffff:20.118.171.77 - - [26/Sep/2022:21:17:41 +0000] "GET /wp-class.php HTTP/1.1" 404 151 "-" "Mozilla/5.0 (Windows NT 10.0; Win64; x64) AppleWebKit/537.36 (KHTML, like Gecko) Chrome/85.0.4183.102 Safari/537.36"
::ffff:20.118.171.77 - - [26/Sep/2022:21:17:53 +0000] "GET /wp-content/about.php HTTP/1.1" 404 159 "-" "Mozilla/5.0 (Windows NT 10.0; Win64; x64) AppleWebKit/537.36 (KHTML, like Gecko) Chrome/85.0.4183.102 Safari/537.36"
::ffff:20.118.171.77 - - [26/Sep/2022:21:17:53 +0000] "GET /wp-content/fw.php HTTP/1.1" 404 156 "-" "Mozilla/5.0 (Windows NT 10.0; Win64; x64) AppleWebKit/537.36 (KHTML, like Gecko) Chrome/85.0.4183.102 Safari/537.36"
::ffff:20.118.171.77 - - [26/Sep/2022:21:18:00 +0000] "GET /wp-content/wp.php HTTP/1.1" 404 156 "-" "Mozilla/5.0 (Windows NT 10.0; Win64; x64) AppleWebKit/537.36 (KHTML, like Gecko) Chrome/85.0.4183.102 Safari/537.36"
::ffff:37.49.230.41 - - [26/Sep/2022:21:18:04 +0000] "GET /.env HTTP/1.1" 404 143 "-" "Mozilla/5.0 (X11; Linux x86_64) AppleWebKit/537.36 (KHTML, like Gecko) Chrome/81.0.4044.129 Safari/537.36"
::ffff:37.49.230.41 - - [26/Sep/2022:21:18:05 +0000] "POST / HTTP/1.1" 404 140 "-" "Mozilla/5.0 (X11; Linux x86_64) AppleWebKit/537.36 (KHTML, like Gecko) Chrome/81.0.4044.129 Safari/537.36"
::ffff:20.118.171.77 - - [26/Sep/2022:21:18:26 +0000] "GET /wp-content/x.php HTTP/1.1" 404 155 "-" "Mozilla/5.0 (Windows NT 10.0; Win64; x64) AppleWebKit/537.36 (KHTML, like Gecko) Chrome/85.0.4183.102 Safari/537.36"
::ffff:20.118.171.77 - - [26/Sep/2022:21:18:31 +0000] "GET /wp-file.php HTTP/1.1" 404 150 "-" "Mozilla/5.0 (Windows NT 10.0; Win64; x64) AppleWebKit/537.36 (KHTML, like Gecko) Chrome/85.0.4183.102 Safari/537.36"
::ffff:20.118.171.77 - - [26/Sep/2022:21:18:31 +0000] "GET /wp-includes/991176.php HTTP/1.1" 404 161 "-" "Mozilla/5.0 (Windows NT 10.0; Win64; x64) AppleWebKit/537.36 (KHTML, like Gecko) Chrome/85.0.4183.102 Safari/537.36"
::ffff:20.118.171.77 - - [26/Sep/2022:21:18:43 +0000] "GET /wp-includes/about.php HTTP/1.1" 404 160 "-" "Mozilla/5.0 (Windows NT 10.0; Win64; x64) AppleWebKit/537.36 (KHTML, like Gecko) Chrome/85.0.4183.102 Safari/537.36"
::ffff:20.118.171.77 - - [26/Sep/2022:21:18:47 +0000] "GET /wp-includes/shell20211028.php HTTP/1.1" 404 168 "-" "Mozilla/5.0 (Windows NT 10.0; Win64; x64) AppleWebKit/537.36 (KHTML, like Gecko) Chrome/85.0.4183.102 Safari/537.36"
::ffff:20.118.171.77 - - [26/Sep/2022:21:19:17 +0000] "GET /wp-info.php HTTP/1.1" 404 150 "-" "Mozilla/5.0 (Windows NT 10.0; Win64; x64) AppleWebKit/537.36 (KHTML, like Gecko) Chrome/85.0.4183.102 Safari/537.36"
::ffff:20.118.171.77 - - [26/Sep/2022:21:19:32 +0000] "GET /wp-uploads.php HTTP/1.1" 404 153 "-" "Mozilla/5.0 (Windows NT 10.0; Win64; x64) AppleWebKit/537.36 (KHTML, like Gecko) Chrome/85.0.4183.102 Safari/537.36"
::ffff:207.46.13.135 - - [26/Sep/2022:21:19:36 +0000] "GET /resources/js/common.js HTTP/1.1" 404 161 "-" "Mozilla/5.0 (compatible; MSIE 9.0; Windows NT 6.1; Trident/5.0)"
::ffff:135.180.191.228 - - [26/Sep/2022:21:19:40 +0000] "GET /images/tiger.bmp HTTP/1.1" 304 - "http://wadokikai.net/resources" "Mozilla/5.0 (Linux; Android 12; SM-G781U) AppleWebKit/537.36 (KHTML, like Gecko) Chrome/105.0.0.0 Mobile Safari/537.36"
::ffff:20.118.171.77 - - [26/Sep/2022:21:19:43 +0000] "GET /wp.php HTTP/1.1" 404 145 "-" "Mozilla/5.0 (Windows NT 10.0; Win64; x64) AppleWebKit/537.36 (KHTML, like Gecko) Chrome/85.0.4183.102 Safari/537.36"
::ffff:135.180.191.228 - - [26/Sep/2022:21:19:48 +0000] "GET /images/tiger.bmp HTTP/1.1" 304 - "http://wadokikai.net/resources" "Mozilla/5.0 (Linux; Android 12; SM-G781U) AppleWebKit/537.36 (KHTML, like Gecko) Chrome/105.0.0.0 Mobile Safari/537.36"
::ffff:20.118.171.77 - - [26/Sep/2022:21:20:03 +0000] "GET /wp2.php HTTP/1.1" 404 146 "-" "Mozilla/5.0 (Windows NT 10.0; Win64; x64) AppleWebKit/537.36 (KHTML, like Gecko) Chrome/85.0.4183.102 Safari/537.36"
::ffff:20.118.171.77 - - [26/Sep/2022:21:20:30 +0000] "GET /wp_wrong_datlib.php HTTP/1.1" 404 158 "-" "Mozilla/5.0 (Windows NT 10.0; Win64; x64) AppleWebKit/537.36 (KHTML, like Gecko) Chrome/85.0.4183.102 Safari/537.36"
::ffff:20.118.171.77 - - [26/Sep/2022:21:20:46 +0000] "GET /ws.php HTTP/1.1" 404 145 "-" "Mozilla/5.0 (Windows NT 10.0; Win64; x64) AppleWebKit/537.36 (KHTML, like Gecko) Chrome/85.0.4183.102 Safari/537.36"
::ffff:20.118.171.77 - - [26/Sep/2022:21:21:00 +0000] "GET /wso.php HTTP/1.1" 404 146 "-" "Mozilla/5.0 (Windows NT 10.0; Win64; x64) AppleWebKit/537.36 (KHTML, like Gecko) Chrome/85.0.4183.102 Safari/537.36"
::ffff:20.118.171.77 - - [26/Sep/2022:21:21:30 +0000] "GET /wso1.php HTTP/1.1" 404 147 "-" "Mozilla/5.0 (Windows NT 10.0; Win64; x64) AppleWebKit/537.36 (KHTML, like Gecko) Chrome/85.0.4183.102 Safari/537.36"
::ffff:216.244.66.196 - - [26/Sep/2022:21:21:37 +0000] "GET /robots.txt HTTP/1.1" 404 149 "-" "Mozilla/5.0 (compatible; DotBot/1.2; +https://opensiteexplorer.org/dotbot; help@moz.com)"
::ffff:20.118.171.77 - - [26/Sep/2022:21:21:42 +0000] "GET /wso2.php HTTP/1.1" 404 147 "-" "Mozilla/5.0 (Windows NT 10.0; Win64; x64) AppleWebKit/537.36 (KHTML, like Gecko) Chrome/85.0.4183.102 Safari/537.36"
::ffff:20.118.171.77 - - [26/Sep/2022:21:22:10 +0000] "GET /x.php HTTP/1.1" 404 144 "-" "Mozilla/5.0 (Windows NT 10.0; Win64; x64) AppleWebKit/537.36 (KHTML, like Gecko) Chrome/85.0.4183.102 Safari/537.36"
::ffff:20.118.171.77 - - [26/Sep/2022:21:22:28 +0000] "GET /xl.php HTTP/1.1" 404 145 "-" "Mozilla/5.0 (Windows NT 10.0; Win64; x64) AppleWebKit/537.36 (KHTML, like Gecko) Chrome/85.0.4183.102 Safari/537.36"
::ffff:216.244.66.196 - - [26/Sep/2022:21:23:02 +0000] "GET /contact?s=1&ss=2 HTTP/1.1" 200 9997 "-" "Mozilla/5.0 (compatible; DotBot/1.2; +https://opensiteexplorer.org/dotbot; help@moz.com)"
::ffff:20.118.171.77 - - [26/Sep/2022:21:23:04 +0000] "GET /xleet.php HTTP/1.1" 404 148 "-" "Mozilla/5.0 (Windows NT 10.0; Win64; x64) AppleWebKit/537.36 (KHTML, like Gecko) Chrome/85.0.4183.102 Safari/537.36"
::ffff:20.118.171.77 - - [26/Sep/2022:21:23:08 +0000] "GET /xmlrpc.php HTTP/1.1" 404 149 "-" "Mozilla/5.0 (Windows NT 10.0; Win64; x64) AppleWebKit/537.36 (KHTML, like Gecko) Chrome/85.0.4183.102 Safari/537.36"
::ffff:20.118.171.77 - - [26/Sep/2022:21:23:30 +0000] "GET /xx.php HTTP/1.1" 404 145 "-" "Mozilla/5.0 (Windows NT 10.0; Win64; x64) AppleWebKit/537.36 (KHTML, like Gecko) Chrome/85.0.4183.102 Safari/537.36"
::ffff:20.118.171.77 - - [26/Sep/2022:21:23:31 +0000] "GET /xxx.php HTTP/1.1" 404 146 "-" "Mozilla/5.0 (Windows NT 10.0; Win64; x64) AppleWebKit/537.36 (KHTML, like Gecko) Chrome/85.0.4183.102 Safari/537.36"
::ffff:135.180.191.228 - - [26/Sep/2022:21:24:01 +0000] "GET /images/tiger.bmp HTTP/1.1" 304 - "http://wadokikai.net/resources" "Mozilla/5.0 (Linux; Android 12; SM-G781U) AppleWebKit/537.36 (KHTML, like Gecko) Chrome/105.0.0.0 Mobile Safari/537.36"
::ffff:20.118.171.77 - - [26/Sep/2022:21:24:03 +0000] "GET /y.php HTTP/1.1" 404 144 "-" "Mozilla/5.0 (Windows NT 10.0; Win64; x64) AppleWebKit/537.36 (KHTML, like Gecko) Chrome/85.0.4183.102 Safari/537.36"
::ffff:20.118.171.77 - - [26/Sep/2022:21:24:21 +0000] "GET /z.php HTTP/1.1" 404 144 "-" "Mozilla/5.0 (Windows NT 10.0; Win64; x64) AppleWebKit/537.36 (KHTML, like Gecko) Chrome/85.0.4183.102 Safari/537.36"
::ffff:207.46.13.127 - - [26/Sep/2022:21:29:18 +0000] "GET /images/books/KarateDoZen.jpg HTTP/1.1" 200 2677 "-" "Mozilla/5.0 (compatible; bingbot/2.0; +http://www.bing.com/bingbot.htm)"
::ffff:135.125.246.189 - - [26/Sep/2022:21:29:34 +0000] "POST / HTTP/1.1" 404 140 "-" "Mozilla/5.0 (X11; Linux x86_64) AppleWebKit/537.36 (KHTML, like Gecko) Chrome/81.0.4044.129 Safari/537.36"
::ffff:135.125.246.189 - - [26/Sep/2022:21:29:35 +0000] "GET /.env HTTP/1.1" 404 143 "-" "Mozilla/5.0 (X11; Linux x86_64) AppleWebKit/537.36 (KHTML, like Gecko) Chrome/81.0.4044.129 Safari/537.36"
::ffff:135.180.191.228 - - [26/Sep/2022:21:30:26 +0000] "GET /images/tiger.bmp HTTP/1.1" 304 - "http://wadokikai.net/resources" "Mozilla/5.0 (Linux; Android 12; SM-G781U) AppleWebKit/537.36 (KHTML, like Gecko) Chrome/105.0.0.0 Mobile Safari/537.36"
::ffff:135.180.191.228 - - [26/Sep/2022:21:32:17 +0000] "GET /images/dragon-trans.png HTTP/1.1" 304 - "http://wadokikai.net/resources" "Mozilla/5.0 (Linux; Android 12; SM-G781U) AppleWebKit/537.36 (KHTML, like Gecko) Chrome/105.0.0.0 Mobile Safari/537.36"
::ffff:183.136.225.44 - - [26/Sep/2022:21:35:55 +0000] "GET / HTTP/1.1" 200 58140 "-" "Mozilla/5.0 (Macintosh; Intel Mac OS X 10.11; rv:47.0) Gecko/20100101 Firefox/47.0"
::ffff:100.26.127.17 - - [26/Sep/2022:21:36:09 +0000] "GET /robots.txt HTTP/1.1" 404 149 "-" "Mozilla/5.0 (compatible; Neevabot/1.0; +https://neeva.com/neevabot)"
::ffff:183.136.225.44 - - [26/Sep/2022:21:36:10 +0000] "GET /images/favicon.ico HTTP/1.1" 200 3638 "-" "Mozilla/5.0 (Windows NT 6.1; WOW64) AppleWebKit/537.36 (KHTML, like Gecko) Chrome/63.0.3239.132 Safari/537.36 QIHU 360SE"
::ffff:183.136.225.44 - - [26/Sep/2022:21:36:11 +0000] "GET /robots.txt HTTP/1.1" 404 149 "-" "Mozilla/5.0 (Windows NT 6.1; WOW64) AppleWebKit/537.36 (KHTML, like Gecko) Chrome/63.0.3239.132 Safari/537.36 QIHU 360SE"
::ffff:100.26.127.17 - - [26/Sep/2022:21:36:16 +0000] "GET /contact?s=1&ss=1 HTTP/1.1" 200 9997 "-" "Mozilla/5.0 (compatible; Neevabot/1.0; +https://neeva.com/neevabot)"
::ffff:100.26.127.17 - - [26/Sep/2022:21:36:38 +0000] "GET /contact HTTP/1.1" 200 10017 "-" "Mozilla/5.0 (compatible; Neevabot/1.0; +https://neeva.com/neevabot)"
::ffff:100.26.127.17 - - [26/Sep/2022:21:36:54 +0000] "GET /terminology.php HTTP/1.1" 404 154 "-" "Mozilla/5.0 (compatible; Neevabot/1.0; +https://neeva.com/neevabot)"
::ffff:183.136.225.44 - - [26/Sep/2022:21:37:47 +0000] "GET / HTTP/1.1" 200 58140 "-" "Mozilla/5.0 (Macintosh; Intel Mac OS X 10.11; rv:47.0) Gecko/20100101 Firefox/47.0"
::ffff:183.136.225.44 - - [26/Sep/2022:21:37:56 +0000] "GET /images/favicon.ico HTTP/1.1" 200 3638 "-" "Mozilla/5.0 (Windows NT 6.1; WOW64) AppleWebKit/537.36 (KHTML, like Gecko) Chrome/63.0.3239.132 Safari/537.36 QIHU 360SE"
::ffff:183.136.225.44 - - [26/Sep/2022:21:37:59 +0000] "GET /robots.txt HTTP/1.1" 404 149 "-" "Mozilla/5.0 (Windows NT 6.1; WOW64) AppleWebKit/537.36 (KHTML, like Gecko) Chrome/63.0.3239.132 Safari/537.36 QIHU 360SE"
::ffff:66.249.79.170 - - [26/Sep/2022:21:52:49 +0000] "GET /resources HTTP/1.1" 200 194907 "-" "Mozilla/5.0 (Linux; Android 6.0.1; Nexus 5X Build/MMB29P) AppleWebKit/537.36 (KHTML, like Gecko) Chrome/105.0.5195.125 Mobile Safari/537.36 (compatible; Googlebot/2.1; +http://www.google.com/bot.html)"
::ffff:193.118.53.210 - - [26/Sep/2022:21:57:56 +0000] "GET / HTTP/1.1" 200 58140 "-" "Mozilla/5.0 (Windows NT 10.0; Win64; x64) AppleWebKit/537.36 (KHTML, like Gecko) Chrome/60.0.3112.113 Safari/537.36"
::ffff:193.118.53.210 - - [26/Sep/2022:21:57:56 +0000] "GET /webfig/ HTTP/1.1" 404 146 "-" "Mozilla/5.0 (Windows NT 10.0; Win64; x64) AppleWebKit/537.36 (KHTML, like Gecko) Chrome/60.0.3112.113 Safari/537.36"
::ffff:87.27.237.157 - - [26/Sep/2022:22:00:41 +0000] "GET /images/tiger.bmp HTTP/1.1" 304 - "http://www.wadokikai.net/" "Mozilla/5.0 (iPhone; CPU iPhone OS 15_6_1 like Mac OS X) AppleWebKit/605.1.15 (KHTML, like Gecko) Version/15.6.1 Mobile/15E148 Safari/604.1"
::ffff:87.27.237.157 - - [26/Sep/2022:22:00:43 +0000] "GET /images/wadokikai%20kanji.jpg HTTP/1.1" 304 - "http://www.wadokikai.net/" "Mozilla/5.0 (iPhone; CPU iPhone OS 15_6_1 like Mac OS X) AppleWebKit/605.1.15 (KHTML, like Gecko) Version/15.6.1 Mobile/15E148 Safari/604.1"
::ffff:37.139.53.81 - - [26/Sep/2022:22:07:11 +0000] "GET / HTTP/1.0" 200 58140 "http://wadokikai.net/" "Mozilla/5.0 (Windows NT 10.0; WOW64) AppleWebKit/537.36 (KHTML, like Gecko) Chrome/83.0.4103.61 Safari/537.36"
::ffff:37.139.53.81 - - [26/Sep/2022:22:07:11 +0000] "POST /sendemail HTTP/1.0" 302 40 "http://wadokikai.net/" "Mozilla/5.0 (Windows NT 10.0; WOW64) AppleWebKit/537.36 (KHTML, like Gecko) Chrome/83.0.4103.61 Safari/537.36"
::ffff:37.139.53.81 - - [26/Sep/2022:22:07:12 +0000] "GET /?err=error HTTP/1.0" 200 58692 "http://wadokikai.net/?err=error#signup" "Mozilla/5.0 (Windows NT 10.0; WOW64) AppleWebKit/537.36 (KHTML, like Gecko) Chrome/83.0.4103.61 Safari/537.36"
::ffff:128.14.134.170 - - [26/Sep/2022:22:19:47 +0000] "GET / HTTP/1.1" 200 58140 "-" "Mozilla/5.0 (Windows NT 10.0; Win64; x64) AppleWebKit/537.36 (KHTML, like Gecko) Chrome/60.0.3112.113 Safari/537.36"
::ffff:128.14.134.170 - - [26/Sep/2022:22:20:03 +0000] "GET /webfig/ HTTP/1.1" 404 146 "-" "Mozilla/5.0 (Windows NT 10.0; Win64; x64) AppleWebKit/537.36 (KHTML, like Gecko) Chrome/60.0.3112.113 Safari/537.36"
::ffff:135.125.246.189 - - [26/Sep/2022:22:20:33 +0000] "POST / HTTP/1.1" 404 140 "-" "Mozilla/5.0 (X11; Linux x86_64) AppleWebKit/537.36 (KHTML, like Gecko) Chrome/81.0.4044.129 Safari/537.36"
::ffff:135.125.246.189 - - [26/Sep/2022:22:20:34 +0000] "GET /.env HTTP/1.1" 404 143 "-" "Mozilla/5.0 (X11; Linux x86_64) AppleWebKit/537.36 (KHTML, like Gecko) Chrome/81.0.4044.129 Safari/537.36"
::ffff:27.43.206.2 - - [26/Sep/2022:22:27:14 +0000] "POST /GponForm/diag_Form?images/ HTTP/1.1" 404 158 "-" "Hello, World"
::ffff:51.222.253.11 - - [26/Sep/2022:22:29:43 +0000] "GET /robots.txt HTTP/1.1" 404 149 "-" "Mozilla/5.0 (compatible; AhrefsBot/7.0; +http://ahrefs.com/robot/)"
::ffff:51.222.253.4 - - [26/Sep/2022:22:29:44 +0000] "GET / HTTP/1.1" 200 58140 "-" "Mozilla/5.0 (compatible; AhrefsBot/7.0; +http://ahrefs.com/robot/)"
::ffff:51.222.253.3 - - [26/Sep/2022:22:29:47 +0000] "GET /images/schools/marinkaratedomap.jpg HTTP/1.1" 200 32400 "-" "Mozilla/5.0 (compatible; AhrefsBot/7.0; +http://ahrefs.com/robot/)"
::ffff:51.222.253.7 - - [26/Sep/2022:22:29:47 +0000] "GET /images/schools/nunleykaratedomap.jpg HTTP/1.1" 200 42667 "-" "Mozilla/5.0 (compatible; AhrefsBot/7.0; +http://ahrefs.com/robot/)"
::ffff:51.222.253.16 - - [26/Sep/2022:22:29:48 +0000] "GET /images/schools/alamedakaratedomap.jpg HTTP/1.1" 200 38311 "-" "Mozilla/5.0 (compatible; AhrefsBot/7.0; +http://ahrefs.com/robot/)"
::ffff:51.222.253.11 - - [26/Sep/2022:22:29:49 +0000] "GET /images/schools/dcakaratedomap.jpg HTTP/1.1" 200 35262 "-" "Mozilla/5.0 (compatible; AhrefsBot/7.0; +http://ahrefs.com/robot/)"
::ffff:51.222.253.17 - - [26/Sep/2022:22:29:49 +0000] "GET /images/schools/corpuzkaratedomap.jpg HTTP/1.1" 200 36421 "-" "Mozilla/5.0 (compatible; AhrefsBot/7.0; +http://ahrefs.com/robot/)"
::ffff:51.222.253.7 - - [26/Sep/2022:22:29:50 +0000] "GET /images/wkkpatch22_med.png HTTP/1.1" 200 32301 "-" "Mozilla/5.0 (compatible; AhrefsBot/7.0; +http://ahrefs.com/robot/)"
::ffff:51.222.253.6 - - [26/Sep/2022:22:29:51 +0000] "GET /images/schools/manzanitakaratedomap.jpg HTTP/1.1" 200 55402 "-" "Mozilla/5.0 (compatible; AhrefsBot/7.0; +http://ahrefs.com/robot/)"
::ffff:51.222.253.1 - - [26/Sep/2022:22:29:51 +0000] "GET /images/schools/martinezkaratedomap.jpg HTTP/1.1" 200 37724 "-" "Mozilla/5.0 (compatible; AhrefsBot/7.0; +http://ahrefs.com/robot/)"
::ffff:51.222.253.15 - - [26/Sep/2022:22:29:52 +0000] "GET /images/schools/orindakaratedomap.jpg HTTP/1.1" 200 34167 "-" "Mozilla/5.0 (compatible; AhrefsBot/7.0; +http://ahrefs.com/robot/)"
::ffff:51.222.253.13 - - [26/Sep/2022:22:29:53 +0000] "GET /js/common.js HTTP/1.1" 200 2255 "-" "Mozilla/5.0 (compatible; AhrefsBot/7.0; +http://ahrefs.com/robot/)"
::ffff:51.222.253.17 - - [26/Sep/2022:22:29:53 +0000] "GET /images/schools/harborbaykaratedomap.jpg HTTP/1.1" 200 37245 "-" "Mozilla/5.0 (compatible; AhrefsBot/7.0; +http://ahrefs.com/robot/)"
::ffff:51.222.253.14 - - [26/Sep/2022:22:29:54 +0000] "GET /css/wadokikai.css HTTP/1.1" 200 4337 "-" "Mozilla/5.0 (compatible; AhrefsBot/7.0; +http://ahrefs.com/robot/)"
::ffff:51.222.253.3 - - [26/Sep/2022:22:29:55 +0000] "GET / HTTP/1.1" 200 58140 "-" "Mozilla/5.0 (compatible; AhrefsBot/7.0; +http://ahrefs.com/robot/)"
::ffff:51.222.253.7 - - [26/Sep/2022:22:29:56 +0000] "GET /images/schools/earhartkaratedomap.jpg HTTP/1.1" 200 41366 "-" "Mozilla/5.0 (compatible; AhrefsBot/7.0; +http://ahrefs.com/robot/)"
::ffff:104.28.123.70 - - [26/Sep/2022:22:35:56 +0000] "GET / HTTP/1.1" 200 58140 "https://www.google.com/" "Mozilla/5.0 (iPhone; CPU iPhone OS 15_5 like Mac OS X) AppleWebKit/605.1.15 (KHTML, like Gecko) Version/15.5 Mobile/15E148 Safari/604.1"
::ffff:104.28.123.70 - - [26/Sep/2022:22:35:56 +0000] "GET /css/wadokikai.css HTTP/1.1" 200 4337 "http://wadokikai.org/" "Mozilla/5.0 (iPhone; CPU iPhone OS 15_5 like Mac OS X) AppleWebKit/605.1.15 (KHTML, like Gecko) Version/15.5 Mobile/15E148 Safari/604.1"
::ffff:104.28.123.70 - - [26/Sep/2022:22:35:56 +0000] "GET /js/common.js HTTP/1.1" 200 2255 "http://wadokikai.org/" "Mozilla/5.0 (iPhone; CPU iPhone OS 15_5 like Mac OS X) AppleWebKit/605.1.15 (KHTML, like Gecko) Version/15.5 Mobile/15E148 Safari/604.1"
::ffff:104.28.123.70 - - [26/Sep/2022:22:35:56 +0000] "GET /images/wkkpatch22_med.png HTTP/1.1" 200 32301 "http://wadokikai.org/" "Mozilla/5.0 (iPhone; CPU iPhone OS 15_5 like Mac OS X) AppleWebKit/605.1.15 (KHTML, like Gecko) Version/15.5 Mobile/15E148 Safari/604.1"
::ffff:104.28.123.70 - - [26/Sep/2022:22:35:56 +0000] "GET /images/schools/alamedakaratedomap.jpg HTTP/1.1" 200 38311 "http://wadokikai.org/" "Mozilla/5.0 (iPhone; CPU iPhone OS 15_5 like Mac OS X) AppleWebKit/605.1.15 (KHTML, like Gecko) Version/15.5 Mobile/15E148 Safari/604.1"
::ffff:104.28.123.70 - - [26/Sep/2022:22:35:56 +0000] "GET /images/schools/orindakaratedomap.jpg HTTP/1.1" 200 34167 "http://wadokikai.org/" "Mozilla/5.0 (iPhone; CPU iPhone OS 15_5 like Mac OS X) AppleWebKit/605.1.15 (KHTML, like Gecko) Version/15.5 Mobile/15E148 Safari/604.1"
::ffff:104.28.123.70 - - [26/Sep/2022:22:35:56 +0000] "GET /images/dragon-trans.png HTTP/1.1" 200 85661 "http://wadokikai.org/" "Mozilla/5.0 (iPhone; CPU iPhone OS 15_5 like Mac OS X) AppleWebKit/605.1.15 (KHTML, like Gecko) Version/15.5 Mobile/15E148 Safari/604.1"
::ffff:104.28.123.70 - - [26/Sep/2022:22:35:56 +0000] "GET /images/schools/dcakaratedomap.jpg HTTP/1.1" 200 35262 "http://wadokikai.org/" "Mozilla/5.0 (iPhone; CPU iPhone OS 15_5 like Mac OS X) AppleWebKit/605.1.15 (KHTML, like Gecko) Version/15.5 Mobile/15E148 Safari/604.1"
::ffff:104.28.123.70 - - [26/Sep/2022:22:35:57 +0000] "GET /images/schools/harborbaykaratedomap.jpg HTTP/1.1" 200 37245 "http://wadokikai.org/" "Mozilla/5.0 (iPhone; CPU iPhone OS 15_5 like Mac OS X) AppleWebKit/605.1.15 (KHTML, like Gecko) Version/15.5 Mobile/15E148 Safari/604.1"
::ffff:104.28.123.70 - - [26/Sep/2022:22:35:57 +0000] "GET /images/schools/corpuzkaratedomap.jpg HTTP/1.1" 200 36421 "http://wadokikai.org/" "Mozilla/5.0 (iPhone; CPU iPhone OS 15_5 like Mac OS X) AppleWebKit/605.1.15 (KHTML, like Gecko) Version/15.5 Mobile/15E148 Safari/604.1"
::ffff:104.28.123.70 - - [26/Sep/2022:22:35:57 +0000] "GET /images/schools/martinezkaratedomap.jpg HTTP/1.1" 200 37724 "http://wadokikai.org/" "Mozilla/5.0 (iPhone; CPU iPhone OS 15_5 like Mac OS X) AppleWebKit/605.1.15 (KHTML, like Gecko) Version/15.5 Mobile/15E148 Safari/604.1"
::ffff:104.28.123.70 - - [26/Sep/2022:22:35:57 +0000] "GET /images/schools/manzanitakaratedomap.jpg HTTP/1.1" 200 55402 "http://wadokikai.org/" "Mozilla/5.0 (iPhone; CPU iPhone OS 15_5 like Mac OS X) AppleWebKit/605.1.15 (KHTML, like Gecko) Version/15.5 Mobile/15E148 Safari/604.1"
::ffff:104.28.123.70 - - [26/Sep/2022:22:35:57 +0000] "GET /images/schools/nunleykaratedomap.jpg HTTP/1.1" 200 42667 "http://wadokikai.org/" "Mozilla/5.0 (iPhone; CPU iPhone OS 15_5 like Mac OS X) AppleWebKit/605.1.15 (KHTML, like Gecko) Version/15.5 Mobile/15E148 Safari/604.1"
::ffff:104.28.123.70 - - [26/Sep/2022:22:35:57 +0000] "GET /images/schools/marinkaratedomap.jpg HTTP/1.1" 200 32400 "http://wadokikai.org/" "Mozilla/5.0 (iPhone; CPU iPhone OS 15_5 like Mac OS X) AppleWebKit/605.1.15 (KHTML, like Gecko) Version/15.5 Mobile/15E148 Safari/604.1"
::ffff:104.28.123.70 - - [26/Sep/2022:22:35:57 +0000] "GET /images/schools/earhartkaratedomap.jpg HTTP/1.1" 200 41366 "http://wadokikai.org/" "Mozilla/5.0 (iPhone; CPU iPhone OS 15_5 like Mac OS X) AppleWebKit/605.1.15 (KHTML, like Gecko) Version/15.5 Mobile/15E148 Safari/604.1"
::ffff:104.28.123.70 - - [26/Sep/2022:22:35:57 +0000] "GET /images/promotions/AFSPrelimSchedule.pdf HTTP/1.1" 200 57396 "http://wadokikai.org/" "Mozilla/5.0 (iPhone; CPU iPhone OS 15_5 like Mac OS X) AppleWebKit/605.1.15 (KHTML, like Gecko) Version/15.5 Mobile/15E148 Safari/604.1"
::ffff:104.28.123.70 - - [26/Sep/2022:22:35:57 +0000] "GET /images/favicon.ico HTTP/1.1" 200 3638 "http://wadokikai.org/" "Mozilla/5.0 (iPhone; CPU iPhone OS 15_5 like Mac OS X) AppleWebKit/605.1.15 (KHTML, like Gecko) Version/15.5 Mobile/15E148 Safari/604.1"
::ffff:104.28.123.70 - - [26/Sep/2022:22:36:00 +0000] "GET /images/tiger.bmp HTTP/1.1" 200 311274 "http://wadokikai.org/" "Mozilla/5.0 (iPhone; CPU iPhone OS 15_5 like Mac OS X) AppleWebKit/605.1.15 (KHTML, like Gecko) Version/15.5 Mobile/15E148 Safari/604.1"
::ffff:104.28.123.70 - - [26/Sep/2022:22:36:03 +0000] "GET /images/wadokikai%20kanji.jpg HTTP/1.1" 200 35066 "http://wadokikai.org/" "Mozilla/5.0 (iPhone; CPU iPhone OS 15_5 like Mac OS X) AppleWebKit/605.1.15 (KHTML, like Gecko) Version/15.5 Mobile/15E148 Safari/604.1"
::ffff:198.235.24.161 - - [26/Sep/2022:22:37:11 +0000] "GET / HTTP/1.1" 200 58140 "-" "Expanse, a Palo Alto Networks company, searches across the global IPv4 space multiple times per day to identify customers&#39; presences on the Internet. If you would like to be excluded from our scans, please send IP addresses/domains to: scaninfo@paloaltonetworks.com"
::ffff:104.28.123.70 - - [26/Sep/2022:22:37:15 +0000] "GET /images/wadokikai%20kanji.jpg HTTP/1.1" 200 35066 "http://wadokikai.org/" "Mozilla/5.0 (iPhone; CPU iPhone OS 15_5 like Mac OS X) AppleWebKit/605.1.15 (KHTML, like Gecko) Version/15.5 Mobile/15E148 Safari/604.1"
::ffff:104.28.123.70 - - [26/Sep/2022:22:37:18 +0000] "GET /images/dragon-trans.png HTTP/1.1" 200 85661 "http://wadokikai.org/" "Mozilla/5.0 (iPhone; CPU iPhone OS 15_5 like Mac OS X) AppleWebKit/605.1.15 (KHTML, like Gecko) Version/15.5 Mobile/15E148 Safari/604.1"
::ffff:104.28.123.70 - - [26/Sep/2022:22:37:37 +0000] "GET /contact?s=1&ss=0 HTTP/1.1" 200 9997 "http://wadokikai.org/" "Mozilla/5.0 (iPhone; CPU iPhone OS 15_5 like Mac OS X) AppleWebKit/605.1.15 (KHTML, like Gecko) Version/15.5 Mobile/15E148 Safari/604.1"
::ffff:104.28.123.70 - - [26/Sep/2022:22:37:37 +0000] "GET /css/wadokikai.css HTTP/1.1" 304 - "http://wadokikai.org/contact?s=1&ss=0" "Mozilla/5.0 (iPhone; CPU iPhone OS 15_5 like Mac OS X) AppleWebKit/605.1.15 (KHTML, like Gecko) Version/15.5 Mobile/15E148 Safari/604.1"
::ffff:104.28.123.70 - - [26/Sep/2022:22:37:37 +0000] "GET /js/common.js HTTP/1.1" 304 - "http://wadokikai.org/contact?s=1&ss=0" "Mozilla/5.0 (iPhone; CPU iPhone OS 15_5 like Mac OS X) AppleWebKit/605.1.15 (KHTML, like Gecko) Version/15.5 Mobile/15E148 Safari/604.1"
::ffff:104.28.123.70 - - [26/Sep/2022:22:37:37 +0000] "GET /images/wkkpatch22_med.png HTTP/1.1" 304 - "http://wadokikai.org/contact?s=1&ss=0" "Mozilla/5.0 (iPhone; CPU iPhone OS 15_5 like Mac OS X) AppleWebKit/605.1.15 (KHTML, like Gecko) Version/15.5 Mobile/15E148 Safari/604.1"
::ffff:104.28.123.70 - - [26/Sep/2022:22:37:37 +0000] "GET /images/favicon.ico HTTP/1.1" 200 3638 "http://wadokikai.org/contact?s=1&ss=0" "Mozilla/5.0 (iPhone; CPU iPhone OS 15_5 like Mac OS X) AppleWebKit/605.1.15 (KHTML, like Gecko) Version/15.5 Mobile/15E148 Safari/604.1"
::ffff:66.249.79.172 - - [26/Sep/2022:22:37:49 +0000] "GET /docs/Twenty%20guiding%20principles%20of%20Karate.pdf HTTP/1.1" 304 - "-" "Mozilla/5.0 (Linux; Android 6.0.1; Nexus 5X Build/MMB29P) AppleWebKit/537.36 (KHTML, like Gecko) Chrome/105.0.5195.125 Mobile Safari/537.36 (compatible; Googlebot/2.1; +http://www.google.com/bot.html)"
::ffff:104.28.123.70 - - [26/Sep/2022:22:37:55 +0000] "POST /sendemail HTTP/1.1" 302 78 "http://wadokikai.org/" "Mozilla/5.0 (iPhone; CPU iPhone OS 15_5 like Mac OS X) AppleWebKit/605.1.15 (KHTML, like Gecko) Version/15.5 Mobile/15E148 Safari/604.1"
::ffff:104.28.123.70 - - [26/Sep/2022:22:37:56 +0000] "GET /?msg=sent HTTP/1.1" 200 58540 "http://wadokikai.org/" "Mozilla/5.0 (iPhone; CPU iPhone OS 15_5 like Mac OS X) AppleWebKit/605.1.15 (KHTML, like Gecko) Version/15.5 Mobile/15E148 Safari/604.1"
::ffff:104.28.123.70 - - [26/Sep/2022:22:37:56 +0000] "GET /images/schools/harborbaykaratedomap.jpg HTTP/1.1" 304 - "http://wadokikai.org/?msg=sent" "Mozilla/5.0 (iPhone; CPU iPhone OS 15_5 like Mac OS X) AppleWebKit/605.1.15 (KHTML, like Gecko) Version/15.5 Mobile/15E148 Safari/604.1"
::ffff:104.28.123.70 - - [26/Sep/2022:22:37:56 +0000] "GET /css/wadokikai.css HTTP/1.1" 304 - "http://wadokikai.org/?msg=sent" "Mozilla/5.0 (iPhone; CPU iPhone OS 15_5 like Mac OS X) AppleWebKit/605.1.15 (KHTML, like Gecko) Version/15.5 Mobile/15E148 Safari/604.1"
::ffff:104.28.123.70 - - [26/Sep/2022:22:37:56 +0000] "GET /images/schools/dcakaratedomap.jpg HTTP/1.1" 304 - "http://wadokikai.org/?msg=sent" "Mozilla/5.0 (iPhone; CPU iPhone OS 15_5 like Mac OS X) AppleWebKit/605.1.15 (KHTML, like Gecko) Version/15.5 Mobile/15E148 Safari/604.1"
::ffff:104.28.123.70 - - [26/Sep/2022:22:37:56 +0000] "GET /images/wkkpatch22_med.png HTTP/1.1" 304 - "http://wadokikai.org/?msg=sent" "Mozilla/5.0 (iPhone; CPU iPhone OS 15_5 like Mac OS X) AppleWebKit/605.1.15 (KHTML, like Gecko) Version/15.5 Mobile/15E148 Safari/604.1"
::ffff:104.28.123.70 - - [26/Sep/2022:22:37:56 +0000] "GET /images/schools/orindakaratedomap.jpg HTTP/1.1" 304 - "http://wadokikai.org/?msg=sent" "Mozilla/5.0 (iPhone; CPU iPhone OS 15_5 like Mac OS X) AppleWebKit/605.1.15 (KHTML, like Gecko) Version/15.5 Mobile/15E148 Safari/604.1"
::ffff:104.28.123.70 - - [26/Sep/2022:22:37:56 +0000] "GET /images/schools/alamedakaratedomap.jpg HTTP/1.1" 304 - "http://wadokikai.org/?msg=sent" "Mozilla/5.0 (iPhone; CPU iPhone OS 15_5 like Mac OS X) AppleWebKit/605.1.15 (KHTML, like Gecko) Version/15.5 Mobile/15E148 Safari/604.1"
::ffff:104.28.123.70 - - [26/Sep/2022:22:37:56 +0000] "GET /js/common.js HTTP/1.1" 304 - "http://wadokikai.org/?msg=sent" "Mozilla/5.0 (iPhone; CPU iPhone OS 15_5 like Mac OS X) AppleWebKit/605.1.15 (KHTML, like Gecko) Version/15.5 Mobile/15E148 Safari/604.1"
::ffff:104.28.123.70 - - [26/Sep/2022:22:37:56 +0000] "GET /images/schools/corpuzkaratedomap.jpg HTTP/1.1" 304 - "http://wadokikai.org/?msg=sent" "Mozilla/5.0 (iPhone; CPU iPhone OS 15_5 like Mac OS X) AppleWebKit/605.1.15 (KHTML, like Gecko) Version/15.5 Mobile/15E148 Safari/604.1"
::ffff:104.28.123.70 - - [26/Sep/2022:22:37:56 +0000] "GET /images/schools/nunleykaratedomap.jpg HTTP/1.1" 304 - "http://wadokikai.org/?msg=sent" "Mozilla/5.0 (iPhone; CPU iPhone OS 15_5 like Mac OS X) AppleWebKit/605.1.15 (KHTML, like Gecko) Version/15.5 Mobile/15E148 Safari/604.1"
::ffff:104.28.123.70 - - [26/Sep/2022:22:37:56 +0000] "GET /images/schools/marinkaratedomap.jpg HTTP/1.1" 304 - "http://wadokikai.org/?msg=sent" "Mozilla/5.0 (iPhone; CPU iPhone OS 15_5 like Mac OS X) AppleWebKit/605.1.15 (KHTML, like Gecko) Version/15.5 Mobile/15E148 Safari/604.1"
::ffff:104.28.123.70 - - [26/Sep/2022:22:37:56 +0000] "GET /images/schools/martinezkaratedomap.jpg HTTP/1.1" 304 - "http://wadokikai.org/?msg=sent" "Mozilla/5.0 (iPhone; CPU iPhone OS 15_5 like Mac OS X) AppleWebKit/605.1.15 (KHTML, like Gecko) Version/15.5 Mobile/15E148 Safari/604.1"
::ffff:104.28.123.70 - - [26/Sep/2022:22:37:56 +0000] "GET /images/schools/earhartkaratedomap.jpg HTTP/1.1" 304 - "http://wadokikai.org/?msg=sent" "Mozilla/5.0 (iPhone; CPU iPhone OS 15_5 like Mac OS X) AppleWebKit/605.1.15 (KHTML, like Gecko) Version/15.5 Mobile/15E148 Safari/604.1"
::ffff:104.28.123.70 - - [26/Sep/2022:22:37:56 +0000] "GET /images/schools/manzanitakaratedomap.jpg HTTP/1.1" 304 - "http://wadokikai.org/?msg=sent" "Mozilla/5.0 (iPhone; CPU iPhone OS 15_5 like Mac OS X) AppleWebKit/605.1.15 (KHTML, like Gecko) Version/15.5 Mobile/15E148 Safari/604.1"
::ffff:104.28.123.70 - - [26/Sep/2022:22:37:56 +0000] "GET /images/dragon-trans.png HTTP/1.1" 304 - "http://wadokikai.org/?msg=sent" "Mozilla/5.0 (iPhone; CPU iPhone OS 15_5 like Mac OS X) AppleWebKit/605.1.15 (KHTML, like Gecko) Version/15.5 Mobile/15E148 Safari/604.1"
::ffff:104.28.123.70 - - [26/Sep/2022:22:37:56 +0000] "GET /images/promotions/AFSPrelimSchedule.pdf HTTP/1.1" 304 - "http://wadokikai.org/?msg=sent" "Mozilla/5.0 (iPhone; CPU iPhone OS 15_5 like Mac OS X) AppleWebKit/605.1.15 (KHTML, like Gecko) Version/15.5 Mobile/15E148 Safari/604.1"
::ffff:104.28.123.70 - - [26/Sep/2022:22:37:57 +0000] "GET /images/promotions/AFSPrelimSchedule.pdf HTTP/1.1" 304 - "http://wadokikai.org/?msg=sent" "Mozilla/5.0 (iPhone; CPU iPhone OS 15_5 like Mac OS X) AppleWebKit/605.1.15 (KHTML, like Gecko) Version/15.5 Mobile/15E148 Safari/604.1"
::ffff:104.28.123.70 - - [26/Sep/2022:22:37:58 +0000] "GET /images/promotions/AFSPrelimSchedule.pdf HTTP/1.1" 304 - "http://wadokikai.org/?msg=sent" "Mozilla/5.0 (iPhone; CPU iPhone OS 15_5 like Mac OS X) AppleWebKit/605.1.15 (KHTML, like Gecko) Version/15.5 Mobile/15E148 Safari/604.1"
::ffff:104.28.123.70 - - [26/Sep/2022:22:37:59 +0000] "GET /images/tiger.bmp HTTP/1.1" 304 - "http://wadokikai.org/?msg=sent" "Mozilla/5.0 (iPhone; CPU iPhone OS 15_5 like Mac OS X) AppleWebKit/605.1.15 (KHTML, like Gecko) Version/15.5 Mobile/15E148 Safari/604.1"
::ffff:104.28.123.70 - - [26/Sep/2022:22:37:59 +0000] "GET /images/promotions/AFSPrelimSchedule.pdf HTTP/1.1" 304 - "http://wadokikai.org/?msg=sent" "Mozilla/5.0 (iPhone; CPU iPhone OS 15_5 like Mac OS X) AppleWebKit/605.1.15 (KHTML, like Gecko) Version/15.5 Mobile/15E148 Safari/604.1"
::ffff:104.28.123.70 - - [26/Sep/2022:22:38:03 +0000] "GET /images/promotions/AFSPrelimSchedule.pdf HTTP/1.1" 304 - "http://wadokikai.org/?msg=sent" "Mozilla/5.0 (iPhone; CPU iPhone OS 15_5 like Mac OS X) AppleWebKit/605.1.15 (KHTML, like Gecko) Version/15.5 Mobile/15E148 Safari/604.1"
::ffff:104.28.123.70 - - [26/Sep/2022:22:38:03 +0000] "GET /images/wadokikai%20kanji.jpg HTTP/1.1" 304 - "http://wadokikai.org/?msg=sent" "Mozilla/5.0 (iPhone; CPU iPhone OS 15_5 like Mac OS X) AppleWebKit/605.1.15 (KHTML, like Gecko) Version/15.5 Mobile/15E148 Safari/604.1"
::ffff:104.28.123.70 - - [26/Sep/2022:22:38:03 +0000] "GET /images/promotions/AFSPrelimSchedule.pdf HTTP/1.1" 304 - "http://wadokikai.org/?msg=sent" "Mozilla/5.0 (iPhone; CPU iPhone OS 15_5 like Mac OS X) AppleWebKit/605.1.15 (KHTML, like Gecko) Version/15.5 Mobile/15E148 Safari/604.1"
::ffff:104.28.123.70 - - [26/Sep/2022:22:38:06 +0000] "GET /images/dragon-trans.png HTTP/1.1" 304 - "http://wadokikai.org/?msg=sent" "Mozilla/5.0 (iPhone; CPU iPhone OS 15_5 like Mac OS X) AppleWebKit/605.1.15 (KHTML, like Gecko) Version/15.5 Mobile/15E148 Safari/604.1"
