::ffff:98.33.64.13 - - [09/Aug/2022:04:07:50 +0000] "GET /images/books/MBS2.jpg HTTP/1.1" 200 15317 "http://www.wadokikai.net/resources" "Mozilla/5.0 (iPhone; CPU iPhone OS 15_6 like Mac OS X) AppleWebKit/605.1.15 (KHTML, like Gecko) Version/15.6 Mobile/15E148 Safari/604.1"
::ffff:98.33.64.13 - - [09/Aug/2022:04:07:50 +0000] "GET /images/dragon-trans.png HTTP/1.1" 304 - "http://www.wadokikai.net/resources" "Mozilla/5.0 (iPhone; CPU iPhone OS 15_6 like Mac OS X) AppleWebKit/605.1.15 (KHTML, like Gecko) Version/15.6 Mobile/15E148 Safari/604.1"
::ffff:98.33.64.13 - - [09/Aug/2022:04:07:50 +0000] "GET /images/books/karatebook.jpg HTTP/1.1" 200 7644 "http://www.wadokikai.net/resources" "Mozilla/5.0 (iPhone; CPU iPhone OS 15_6 like Mac OS X) AppleWebKit/605.1.15 (KHTML, like Gecko) Version/15.6 Mobile/15E148 Safari/604.1"
::ffff:98.33.64.13 - - [09/Aug/2022:04:07:50 +0000] "GET /images/books/ZenMeditation.jpg HTTP/1.1" 200 3760 "http://www.wadokikai.net/resources" "Mozilla/5.0 (iPhone; CPU iPhone OS 15_6 like Mac OS X) AppleWebKit/605.1.15 (KHTML, like Gecko) Version/15.6 Mobile/15E148 Safari/604.1"
::ffff:98.33.64.13 - - [09/Aug/2022:04:07:50 +0000] "GET /images/books/KarateDoZen.jpg HTTP/1.1" 200 2677 "http://www.wadokikai.net/resources" "Mozilla/5.0 (iPhone; CPU iPhone OS 15_6 like Mac OS X) AppleWebKit/605.1.15 (KHTML, like Gecko) Version/15.6 Mobile/15E148 Safari/604.1"
::ffff:98.33.64.13 - - [09/Aug/2022:04:07:50 +0000] "GET /images/books/dummies.jpg HTTP/1.1" 200 3631 "http://www.wadokikai.net/resources" "Mozilla/5.0 (iPhone; CPU iPhone OS 15_6 like Mac OS X) AppleWebKit/605.1.15 (KHTML, like Gecko) Version/15.6 Mobile/15E148 Safari/604.1"
::ffff:98.33.64.13 - - [09/Aug/2022:04:07:50 +0000] "GET /images/books/dojoWisdom.jpg HTTP/1.1" 200 2813 "http://www.wadokikai.net/resources" "Mozilla/5.0 (iPhone; CPU iPhone OS 15_6 like Mac OS X) AppleWebKit/605.1.15 (KHTML, like Gecko) Version/15.6 Mobile/15E148 Safari/604.1"
::ffff:98.33.64.13 - - [09/Aug/2022:04:07:50 +0000] "GET /images/books/saibook.jpg HTTP/1.1" 200 3043 "http://www.wadokikai.net/resources" "Mozilla/5.0 (iPhone; CPU iPhone OS 15_6 like Mac OS X) AppleWebKit/605.1.15 (KHTML, like Gecko) Version/15.6 Mobile/15E148 Safari/604.1"
::ffff:98.33.64.13 - - [09/Aug/2022:04:07:50 +0000] "GET /images/books/bobook.gif HTTP/1.1" 200 6919 "http://www.wadokikai.net/resources" "Mozilla/5.0 (iPhone; CPU iPhone OS 15_6 like Mac OS X) AppleWebKit/605.1.15 (KHTML, like Gecko) Version/15.6 Mobile/15E148 Safari/604.1"
::ffff:98.33.64.13 - - [09/Aug/2022:04:07:50 +0000] "GET /images/books/bookoffiverings.jpg HTTP/1.1" 200 2940 "http://www.wadokikai.net/resources" "Mozilla/5.0 (iPhone; CPU iPhone OS 15_6 like Mac OS X) AppleWebKit/605.1.15 (KHTML, like Gecko) Version/15.6 Mobile/15E148 Safari/604.1"
::ffff:98.33.64.13 - - [09/Aug/2022:04:07:50 +0000] "GET /images/books/shotokanSecrets.jpg HTTP/1.1" 200 4046 "http://www.wadokikai.net/resources" "Mozilla/5.0 (iPhone; CPU iPhone OS 15_6 like Mac OS X) AppleWebKit/605.1.15 (KHTML, like Gecko) Version/15.6 Mobile/15E148 Safari/604.1"
::ffff:98.33.64.13 - - [09/Aug/2022:04:07:50 +0000] "GET /images/books/karatedo.jpg HTTP/1.1" 200 3442 "http://www.wadokikai.net/resources" "Mozilla/5.0 (iPhone; CPU iPhone OS 15_6 like Mac OS X) AppleWebKit/605.1.15 (KHTML, like Gecko) Version/15.6 Mobile/15E148 Safari/604.1"
::ffff:98.33.64.13 - - [09/Aug/2022:04:07:50 +0000] "GET /images/books/guide20.jpg HTTP/1.1" 200 1934 "http://www.wadokikai.net/resources" "Mozilla/5.0 (iPhone; CPU iPhone OS 15_6 like Mac OS X) AppleWebKit/605.1.15 (KHTML, like Gecko) Version/15.6 Mobile/15E148 Safari/604.1"
::ffff:98.33.64.13 - - [09/Aug/2022:04:07:50 +0000] "GET /images/books/emptyHand.jpg HTTP/1.1" 200 12021 "http://www.wadokikai.net/resources" "Mozilla/5.0 (iPhone; CPU iPhone OS 15_6 like Mac OS X) AppleWebKit/605.1.15 (KHTML, like Gecko) Version/15.6 Mobile/15E148 Safari/604.1"
::ffff:98.33.64.13 - - [09/Aug/2022:04:07:50 +0000] "GET /images/books/movingzen.jpg HTTP/1.1" 200 3578 "http://www.wadokikai.net/resources" "Mozilla/5.0 (iPhone; CPU iPhone OS 15_6 like Mac OS X) AppleWebKit/605.1.15 (KHTML, like Gecko) Version/15.6 Mobile/15E148 Safari/604.1"
::ffff:98.33.64.13 - - [09/Aug/2022:04:07:50 +0000] "GET /images/books/karatedojo.jpg HTTP/1.1" 200 3457 "http://www.wadokikai.net/resources" "Mozilla/5.0 (iPhone; CPU iPhone OS 15_6 like Mac OS X) AppleWebKit/605.1.15 (KHTML, like Gecko) Version/15.6 Mobile/15E148 Safari/604.1"
::ffff:98.33.64.13 - - [09/Aug/2022:04:07:50 +0000] "GET /images/books/grappingmethod.jpg HTTP/1.1" 200 4025 "http://www.wadokikai.net/resources" "Mozilla/5.0 (iPhone; CPU iPhone OS 15_6 like Mac OS X) AppleWebKit/605.1.15 (KHTML, like Gecko) Version/15.6 Mobile/15E148 Safari/604.1"
::ffff:98.33.64.13 - - [09/Aug/2022:04:07:50 +0000] "GET /images/books/artofwar.jpg HTTP/1.1" 200 22573 "http://www.wadokikai.net/resources" "Mozilla/5.0 (iPhone; CPU iPhone OS 15_6 like Mac OS X) AppleWebKit/605.1.15 (KHTML, like Gecko) Version/15.6 Mobile/15E148 Safari/604.1"
::ffff:98.33.64.13 - - [09/Aug/2022:04:07:53 +0000] "GET /images/tiger.bmp HTTP/1.1" 304 - "http://www.wadokikai.net/resources" "Mozilla/5.0 (iPhone; CPU iPhone OS 15_6 like Mac OS X) AppleWebKit/605.1.15 (KHTML, like Gecko) Version/15.6 Mobile/15E148 Safari/604.1"
::ffff:98.33.64.13 - - [09/Aug/2022:04:07:56 +0000] "GET /schools HTTP/1.1" 200 96626 "http://www.wadokikai.net/resources" "Mozilla/5.0 (iPhone; CPU iPhone OS 15_6 like Mac OS X) AppleWebKit/605.1.15 (KHTML, like Gecko) Version/15.6 Mobile/15E148 Safari/604.1"
::ffff:98.33.64.13 - - [09/Aug/2022:04:07:56 +0000] "GET /images/wkkpatch22_med.png HTTP/1.1" 304 - "http://www.wadokikai.net/schools" "Mozilla/5.0 (iPhone; CPU iPhone OS 15_6 like Mac OS X) AppleWebKit/605.1.15 (KHTML, like Gecko) Version/15.6 Mobile/15E148 Safari/604.1"
::ffff:98.33.64.13 - - [09/Aug/2022:04:07:56 +0000] "GET /images/instructors/JohnPWKK.jpg HTTP/1.1" 200 7574 "http://www.wadokikai.net/schools" "Mozilla/5.0 (iPhone; CPU iPhone OS 15_6 like Mac OS X) AppleWebKit/605.1.15 (KHTML, like Gecko) Version/15.6 Mobile/15E148 Safari/604.1"
::ffff:98.33.64.13 - - [09/Aug/2022:04:07:56 +0000] "GET /css/wadokikai.css HTTP/1.1" 304 - "http://www.wadokikai.net/schools" "Mozilla/5.0 (iPhone; CPU iPhone OS 15_6 like Mac OS X) AppleWebKit/605.1.15 (KHTML, like Gecko) Version/15.6 Mobile/15E148 Safari/604.1"
::ffff:98.33.64.13 - - [09/Aug/2022:04:07:56 +0000] "GET /images/schools/dcakaratedomap.jpg HTTP/1.1" 304 - "http://www.wadokikai.net/schools" "Mozilla/5.0 (iPhone; CPU iPhone OS 15_6 like Mac OS X) AppleWebKit/605.1.15 (KHTML, like Gecko) Version/15.6 Mobile/15E148 Safari/604.1"
::ffff:98.33.64.13 - - [09/Aug/2022:04:07:56 +0000] "GET /images/schools/orindakaratedomap.jpg HTTP/1.1" 304 - "http://www.wadokikai.net/schools" "Mozilla/5.0 (iPhone; CPU iPhone OS 15_6 like Mac OS X) AppleWebKit/605.1.15 (KHTML, like Gecko) Version/15.6 Mobile/15E148 Safari/604.1"
::ffff:98.33.64.13 - - [09/Aug/2022:04:07:56 +0000] "GET /images/schools/alamedakaratedomap.jpg HTTP/1.1" 304 - "http://www.wadokikai.net/schools" "Mozilla/5.0 (iPhone; CPU iPhone OS 15_6 like Mac OS X) AppleWebKit/605.1.15 (KHTML, like Gecko) Version/15.6 Mobile/15E148 Safari/604.1"
::ffff:98.33.64.13 - - [09/Aug/2022:04:07:56 +0000] "GET /images/schools/harborbaykaratedomap.jpg HTTP/1.1" 304 - "http://www.wadokikai.net/schools" "Mozilla/5.0 (iPhone; CPU iPhone OS 15_6 like Mac OS X) AppleWebKit/605.1.15 (KHTML, like Gecko) Version/15.6 Mobile/15E148 Safari/604.1"
::ffff:98.33.64.13 - - [09/Aug/2022:04:07:56 +0000] "GET /images/schools/nunleykaratedomap.jpg HTTP/1.1" 304 - "http://www.wadokikai.net/schools" "Mozilla/5.0 (iPhone; CPU iPhone OS 15_6 like Mac OS X) AppleWebKit/605.1.15 (KHTML, like Gecko) Version/15.6 Mobile/15E148 Safari/604.1"
::ffff:98.33.64.13 - - [09/Aug/2022:04:07:56 +0000] "GET /images/schools/corpuzkaratedomap.jpg HTTP/1.1" 304 - "http://www.wadokikai.net/schools" "Mozilla/5.0 (iPhone; CPU iPhone OS 15_6 like Mac OS X) AppleWebKit/605.1.15 (KHTML, like Gecko) Version/15.6 Mobile/15E148 Safari/604.1"
::ffff:98.33.64.13 - - [09/Aug/2022:04:07:56 +0000] "GET /images/schools/marinkaratedomap.jpg HTTP/1.1" 304 - "http://www.wadokikai.net/schools" "Mozilla/5.0 (iPhone; CPU iPhone OS 15_6 like Mac OS X) AppleWebKit/605.1.15 (KHTML, like Gecko) Version/15.6 Mobile/15E148 Safari/604.1"
::ffff:98.33.64.13 - - [09/Aug/2022:04:07:56 +0000] "GET /images/schools/earhartkaratedomap.jpg HTTP/1.1" 304 - "http://www.wadokikai.net/schools" "Mozilla/5.0 (iPhone; CPU iPhone OS 15_6 like Mac OS X) AppleWebKit/605.1.15 (KHTML, like Gecko) Version/15.6 Mobile/15E148 Safari/604.1"
::ffff:98.33.64.13 - - [09/Aug/2022:04:07:56 +0000] "GET /images/schools/manzanitakaratedomap.jpg HTTP/1.1" 304 - "http://www.wadokikai.net/schools" "Mozilla/5.0 (iPhone; CPU iPhone OS 15_6 like Mac OS X) AppleWebKit/605.1.15 (KHTML, like Gecko) Version/15.6 Mobile/15E148 Safari/604.1"
::ffff:98.33.64.13 - - [09/Aug/2022:04:07:56 +0000] "GET /images/schools/martinezkaratedomap.jpg HTTP/1.1" 304 - "http://www.wadokikai.net/schools" "Mozilla/5.0 (iPhone; CPU iPhone OS 15_6 like Mac OS X) AppleWebKit/605.1.15 (KHTML, like Gecko) Version/15.6 Mobile/15E148 Safari/604.1"
::ffff:98.33.64.13 - - [09/Aug/2022:04:07:56 +0000] "GET /images/instructors/arce.jpg HTTP/1.1" 200 14433 "http://www.wadokikai.net/schools" "Mozilla/5.0 (iPhone; CPU iPhone OS 15_6 like Mac OS X) AppleWebKit/605.1.15 (KHTML, like Gecko) Version/15.6 Mobile/15E148 Safari/604.1"
::ffff:98.33.64.13 - - [09/Aug/2022:04:07:56 +0000] "GET /images/instructors/carlos.jpg HTTP/1.1" 200 21431 "http://www.wadokikai.net/schools" "Mozilla/5.0 (iPhone; CPU iPhone OS 15_6 like Mac OS X) AppleWebKit/605.1.15 (KHTML, like Gecko) Version/15.6 Mobile/15E148 Safari/604.1"
::ffff:98.33.64.13 - - [09/Aug/2022:04:07:56 +0000] "GET /images/instructors/jorge8th.jpg HTTP/1.1" 200 121759 "http://www.wadokikai.net/schools" "Mozilla/5.0 (iPhone; CPU iPhone OS 15_6 like Mac OS X) AppleWebKit/605.1.15 (KHTML, like Gecko) Version/15.6 Mobile/15E148 Safari/604.1"
::ffff:98.33.64.13 - - [09/Aug/2022:04:07:56 +0000] "GET /images/instructors/geoffrey.jpg HTTP/1.1" 200 14922 "http://www.wadokikai.net/schools" "Mozilla/5.0 (iPhone; CPU iPhone OS 15_6 like Mac OS X) AppleWebKit/605.1.15 (KHTML, like Gecko) Version/15.6 Mobile/15E148 Safari/604.1"
::ffff:98.33.64.13 - - [09/Aug/2022:04:07:56 +0000] "GET /images/instructors/anthony.jpg HTTP/1.1" 200 14045 "http://www.wadokikai.net/schools" "Mozilla/5.0 (iPhone; CPU iPhone OS 15_6 like Mac OS X) AppleWebKit/605.1.15 (KHTML, like Gecko) Version/15.6 Mobile/15E148 Safari/604.1"
::ffff:98.33.64.13 - - [09/Aug/2022:04:07:56 +0000] "GET /images/instructors/anunley.jpg HTTP/1.1" 200 32690 "http://www.wadokikai.net/schools" "Mozilla/5.0 (iPhone; CPU iPhone OS 15_6 like Mac OS X) AppleWebKit/605.1.15 (KHTML, like Gecko) Version/15.6 Mobile/15E148 Safari/604.1"
::ffff:98.33.64.13 - - [09/Aug/2022:04:07:56 +0000] "GET /images/instructors/justin.jpg HTTP/1.1" 200 14091 "http://www.wadokikai.net/schools" "Mozilla/5.0 (iPhone; CPU iPhone OS 15_6 like Mac OS X) AppleWebKit/605.1.15 (KHTML, like Gecko) Version/15.6 Mobile/15E148 Safari/604.1"
::ffff:98.33.64.13 - - [09/Aug/2022:04:07:56 +0000] "GET /images/instructors/clarkb.jpeg HTTP/1.1" 200 12183 "http://www.wadokikai.net/schools" "Mozilla/5.0 (iPhone; CPU iPhone OS 15_6 like Mac OS X) AppleWebKit/605.1.15 (KHTML, like Gecko) Version/15.6 Mobile/15E148 Safari/604.1"
::ffff:98.33.64.13 - - [09/Aug/2022:04:07:56 +0000] "GET /images/instructors/herseybaker.jpg HTTP/1.1" 200 13988 "http://www.wadokikai.net/schools" "Mozilla/5.0 (iPhone; CPU iPhone OS 15_6 like Mac OS X) AppleWebKit/605.1.15 (KHTML, like Gecko) Version/15.6 Mobile/15E148 Safari/604.1"
::ffff:98.33.64.13 - - [09/Aug/2022:04:07:56 +0000] "GET /images/instructors/don.jpg HTTP/1.1" 200 76210 "http://www.wadokikai.net/schools" "Mozilla/5.0 (iPhone; CPU iPhone OS 15_6 like Mac OS X) AppleWebKit/605.1.15 (KHTML, like Gecko) Version/15.6 Mobile/15E148 Safari/604.1"
::ffff:98.33.64.13 - - [09/Aug/2022:04:07:56 +0000] "GET /images/instructors/grant.jpg HTTP/1.1" 200 14249 "http://www.wadokikai.net/schools" "Mozilla/5.0 (iPhone; CPU iPhone OS 15_6 like Mac OS X) AppleWebKit/605.1.15 (KHTML, like Gecko) Version/15.6 Mobile/15E148 Safari/604.1"
::ffff:98.33.64.13 - - [09/Aug/2022:04:07:56 +0000] "GET /images/instructors/rodnak.jpg HTTP/1.1" 200 12841 "http://www.wadokikai.net/schools" "Mozilla/5.0 (iPhone; CPU iPhone OS 15_6 like Mac OS X) AppleWebKit/605.1.15 (KHTML, like Gecko) Version/15.6 Mobile/15E148 Safari/604.1"
::ffff:98.33.64.13 - - [09/Aug/2022:04:07:56 +0000] "GET /images/instructors/fortiz.jpg HTTP/1.1" 200 82719 "http://www.wadokikai.net/schools" "Mozilla/5.0 (iPhone; CPU iPhone OS 15_6 like Mac OS X) AppleWebKit/605.1.15 (KHTML, like Gecko) Version/15.6 Mobile/15E148 Safari/604.1"
::ffff:98.33.64.13 - - [09/Aug/2022:04:07:56 +0000] "GET /images/instructors/dokeeffe.jpg HTTP/1.1" 200 42708 "http://www.wadokikai.net/schools" "Mozilla/5.0 (iPhone; CPU iPhone OS 15_6 like Mac OS X) AppleWebKit/605.1.15 (KHTML, like Gecko) Version/15.6 Mobile/15E148 Safari/604.1"
::ffff:98.33.64.13 - - [09/Aug/2022:04:07:56 +0000] "GET /images/instructors/acohen.jpg HTTP/1.1" 200 62805 "http://www.wadokikai.net/schools" "Mozilla/5.0 (iPhone; CPU iPhone OS 15_6 like Mac OS X) AppleWebKit/605.1.15 (KHTML, like Gecko) Version/15.6 Mobile/15E148 Safari/604.1"
::ffff:98.33.64.13 - - [09/Aug/2022:04:07:56 +0000] "GET /images/instructors/mlee.jpg HTTP/1.1" 200 65525 "http://www.wadokikai.net/schools" "Mozilla/5.0 (iPhone; CPU iPhone OS 15_6 like Mac OS X) AppleWebKit/605.1.15 (KHTML, like Gecko) Version/15.6 Mobile/15E148 Safari/604.1"
::ffff:98.33.64.13 - - [09/Aug/2022:04:07:56 +0000] "GET /images/instructors/andrea.jpg HTTP/1.1" 200 61330 "http://www.wadokikai.net/schools" "Mozilla/5.0 (iPhone; CPU iPhone OS 15_6 like Mac OS X) AppleWebKit/605.1.15 (KHTML, like Gecko) Version/15.6 Mobile/15E148 Safari/604.1"
::ffff:98.33.64.13 - - [09/Aug/2022:04:07:56 +0000] "GET /images/instructors/SenseiLarry.jpg HTTP/1.1" 200 60380 "http://www.wadokikai.net/schools" "Mozilla/5.0 (iPhone; CPU iPhone OS 15_6 like Mac OS X) AppleWebKit/605.1.15 (KHTML, like Gecko) Version/15.6 Mobile/15E148 Safari/604.1"
::ffff:98.33.64.13 - - [09/Aug/2022:04:07:56 +0000] "GET /images/instructors/btimlin.jpg HTTP/1.1" 200 378054 "http://www.wadokikai.net/schools" "Mozilla/5.0 (iPhone; CPU iPhone OS 15_6 like Mac OS X) AppleWebKit/605.1.15 (KHTML, like Gecko) Version/15.6 Mobile/15E148 Safari/604.1"
::ffff:98.33.64.13 - - [09/Aug/2022:04:07:56 +0000] "GET /images/instructors/mbrooks.jpg HTTP/1.1" 200 132490 "http://www.wadokikai.net/schools" "Mozilla/5.0 (iPhone; CPU iPhone OS 15_6 like Mac OS X) AppleWebKit/605.1.15 (KHTML, like Gecko) Version/15.6 Mobile/15E148 Safari/604.1"
::ffff:98.33.64.13 - - [09/Aug/2022:04:07:56 +0000] "GET /images/instructors/achang.jpg HTTP/1.1" 200 32799 "http://www.wadokikai.net/schools" "Mozilla/5.0 (iPhone; CPU iPhone OS 15_6 like Mac OS X) AppleWebKit/605.1.15 (KHTML, like Gecko) Version/15.6 Mobile/15E148 Safari/604.1"
::ffff:98.33.64.13 - - [09/Aug/2022:04:07:56 +0000] "GET /images/instructors/RuPaster.jpg HTTP/1.1" 200 75352 "http://www.wadokikai.net/schools" "Mozilla/5.0 (iPhone; CPU iPhone OS 15_6 like Mac OS X) AppleWebKit/605.1.15 (KHTML, like Gecko) Version/15.6 Mobile/15E148 Safari/604.1"
::ffff:98.33.64.13 - - [09/Aug/2022:04:07:56 +0000] "GET /images/instructors/amastroianni.jpg HTTP/1.1" 200 78389 "http://www.wadokikai.net/schools" "Mozilla/5.0 (iPhone; CPU iPhone OS 15_6 like Mac OS X) AppleWebKit/605.1.15 (KHTML, like Gecko) Version/15.6 Mobile/15E148 Safari/604.1"
::ffff:98.33.64.13 - - [09/Aug/2022:04:07:56 +0000] "GET /images/instructors/amahalatinia.jpg HTTP/1.1" 200 84763 "http://www.wadokikai.net/schools" "Mozilla/5.0 (iPhone; CPU iPhone OS 15_6 like Mac OS X) AppleWebKit/605.1.15 (KHTML, like Gecko) Version/15.6 Mobile/15E148 Safari/604.1"
::ffff:98.33.64.13 - - [09/Aug/2022:04:07:56 +0000] "GET /images/instructors/fnavarro.jpg HTTP/1.1" 200 7268 "http://www.wadokikai.net/schools" "Mozilla/5.0 (iPhone; CPU iPhone OS 15_6 like Mac OS X) AppleWebKit/605.1.15 (KHTML, like Gecko) Version/15.6 Mobile/15E148 Safari/604.1"
::ffff:98.33.64.13 - - [09/Aug/2022:04:07:56 +0000] "GET /images/instructors/wkklogo.png HTTP/1.1" 200 35114 "http://www.wadokikai.net/schools" "Mozilla/5.0 (iPhone; CPU iPhone OS 15_6 like Mac OS X) AppleWebKit/605.1.15 (KHTML, like Gecko) Version/15.6 Mobile/15E148 Safari/604.1"
::ffff:98.33.64.13 - - [09/Aug/2022:04:07:56 +0000] "GET /images/fbpic.webp HTTP/1.1" 200 986 "http://www.wadokikai.net/schools" "Mozilla/5.0 (iPhone; CPU iPhone OS 15_6 like Mac OS X) AppleWebKit/605.1.15 (KHTML, like Gecko) Version/15.6 Mobile/15E148 Safari/604.1"
::ffff:98.33.64.13 - - [09/Aug/2022:04:07:56 +0000] "GET /images/schools/alamedakaratedo.jpg HTTP/1.1" 200 86185 "http://www.wadokikai.net/schools" "Mozilla/5.0 (iPhone; CPU iPhone OS 15_6 like Mac OS X) AppleWebKit/605.1.15 (KHTML, like Gecko) Version/15.6 Mobile/15E148 Safari/604.1"
::ffff:98.33.64.13 - - [09/Aug/2022:04:07:56 +0000] "GET /images/igpic.webp HTTP/1.1" 200 1328 "http://www.wadokikai.net/schools" "Mozilla/5.0 (iPhone; CPU iPhone OS 15_6 like Mac OS X) AppleWebKit/605.1.15 (KHTML, like Gecko) Version/15.6 Mobile/15E148 Safari/604.1"
::ffff:98.33.64.13 - - [09/Aug/2022:04:07:56 +0000] "GET /images/schools/orindakaratedo.jpg HTTP/1.1" 200 264927 "http://www.wadokikai.net/schools" "Mozilla/5.0 (iPhone; CPU iPhone OS 15_6 like Mac OS X) AppleWebKit/605.1.15 (KHTML, like Gecko) Version/15.6 Mobile/15E148 Safari/604.1"
::ffff:98.33.64.13 - - [09/Aug/2022:04:07:56 +0000] "GET /images/schools/harborbaykaratedo.jpg HTTP/1.1" 200 77464 "http://www.wadokikai.net/schools" "Mozilla/5.0 (iPhone; CPU iPhone OS 15_6 like Mac OS X) AppleWebKit/605.1.15 (KHTML, like Gecko) Version/15.6 Mobile/15E148 Safari/604.1"
::ffff:98.33.64.13 - - [09/Aug/2022:04:07:56 +0000] "GET /images/schools/corpuzkaratedo.jpg HTTP/1.1" 200 65837 "http://www.wadokikai.net/schools" "Mozilla/5.0 (iPhone; CPU iPhone OS 15_6 like Mac OS X) AppleWebKit/605.1.15 (KHTML, like Gecko) Version/15.6 Mobile/15E148 Safari/604.1"
::ffff:98.33.64.13 - - [09/Aug/2022:04:07:56 +0000] "GET /images/schools/nunleykaratedo.jpg HTTP/1.1" 200 77040 "http://www.wadokikai.net/schools" "Mozilla/5.0 (iPhone; CPU iPhone OS 15_6 like Mac OS X) AppleWebKit/605.1.15 (KHTML, like Gecko) Version/15.6 Mobile/15E148 Safari/604.1"
::ffff:98.33.64.13 - - [09/Aug/2022:04:07:57 +0000] "GET /images/schools/dcakaratedo.jpg HTTP/1.1" 200 458708 "http://www.wadokikai.net/schools" "Mozilla/5.0 (iPhone; CPU iPhone OS 15_6 like Mac OS X) AppleWebKit/605.1.15 (KHTML, like Gecko) Version/15.6 Mobile/15E148 Safari/604.1"
::ffff:98.33.64.13 - - [09/Aug/2022:04:07:57 +0000] "GET /images/schools/marinkaratedo.jpeg HTTP/1.1" 200 104735 "http://www.wadokikai.net/schools" "Mozilla/5.0 (iPhone; CPU iPhone OS 15_6 like Mac OS X) AppleWebKit/605.1.15 (KHTML, like Gecko) Version/15.6 Mobile/15E148 Safari/604.1"
::ffff:98.33.64.13 - - [09/Aug/2022:04:07:57 +0000] "GET /images/schools/earhartkaratedo.jpg HTTP/1.1" 200 35835 "http://www.wadokikai.net/schools" "Mozilla/5.0 (iPhone; CPU iPhone OS 15_6 like Mac OS X) AppleWebKit/605.1.15 (KHTML, like Gecko) Version/15.6 Mobile/15E148 Safari/604.1"
::ffff:98.33.64.13 - - [09/Aug/2022:04:07:57 +0000] "GET /images/schools/zoomdonkaratedo.jpg HTTP/1.1" 200 32454 "http://www.wadokikai.net/schools" "Mozilla/5.0 (iPhone; CPU iPhone OS 15_6 like Mac OS X) AppleWebKit/605.1.15 (KHTML, like Gecko) Version/15.6 Mobile/15E148 Safari/604.1"
::ffff:98.33.64.13 - - [09/Aug/2022:04:07:57 +0000] "GET /images/schools/martinezkaratedo.jpg HTTP/1.1" 200 1754187 "http://www.wadokikai.net/schools" "Mozilla/5.0 (iPhone; CPU iPhone OS 15_6 like Mac OS X) AppleWebKit/605.1.15 (KHTML, like Gecko) Version/15.6 Mobile/15E148 Safari/604.1"
::ffff:98.33.64.13 - - [09/Aug/2022:04:07:57 +0000] "GET /images/schools/zoomsfbakaratedo.jpg HTTP/1.1" 200 259024 "http://www.wadokikai.net/schools" "Mozilla/5.0 (iPhone; CPU iPhone OS 15_6 like Mac OS X) AppleWebKit/605.1.15 (KHTML, like Gecko) Version/15.6 Mobile/15E148 Safari/604.1"
::ffff:98.33.64.13 - - [09/Aug/2022:04:07:57 +0000] "GET /images/schools/manzanitakaratedo.jpg HTTP/1.1" 200 1829058 "http://www.wadokikai.net/schools" "Mozilla/5.0 (iPhone; CPU iPhone OS 15_6 like Mac OS X) AppleWebKit/605.1.15 (KHTML, like Gecko) Version/15.6 Mobile/15E148 Safari/604.1"
::ffff:73.170.237.58 - - [09/Aug/2022:04:20:38 +0000] "GET /images/dragon-trans.png HTTP/1.1" 304 - "http://www.wadokikai.org/resources" "Mozilla/5.0 (Windows NT 10.0; Win64; x64) AppleWebKit/537.36 (KHTML, like Gecko) Chrome/104.0.5112.81 Safari/537.36"
::ffff:178.73.215.171 - - [09/Aug/2022:04:23:43 +0000] "GET / HTTP/1.0" 200 58071 "-" "-"
::ffff:207.46.13.46 - - [09/Aug/2022:04:34:48 +0000] "GET / HTTP/1.1" 200 58071 "-" "Mozilla/5.0 (compatible; bingbot/2.0; +http://www.bing.com/bingbot.htm)"
::ffff:207.46.13.54 - - [09/Aug/2022:04:35:03 +0000] "GET /js/common.js HTTP/1.1" 200 2255 "-" "Mozilla/5.0 (compatible; bingbot/2.0; +http://www.bing.com/bingbot.htm)"
::ffff:207.46.13.197 - - [09/Aug/2022:04:35:07 +0000] "GET /css/wadokikai.css HTTP/1.1" 200 4337 "-" "Mozilla/5.0 (compatible; bingbot/2.0; +http://www.bing.com/bingbot.htm)"
::ffff:185.254.196.115 - - [09/Aug/2022:04:36:07 +0000] "GET /.env HTTP/1.1" 404 143 "-" "Mozilla/5.0 (X11; Linux x86_64) AppleWebKit/537.36 (KHTML, like Gecko) Chrome/81.0.4044.129 Safari/537.36"
::ffff:185.254.196.115 - - [09/Aug/2022:04:36:07 +0000] "POST / HTTP/1.1" 404 140 "-" "Mozilla/5.0 (X11; Linux x86_64) AppleWebKit/537.36 (KHTML, like Gecko) Chrome/81.0.4044.129 Safari/537.36"
::ffff:114.119.152.108 - - [09/Aug/2022:04:50:36 +0000] "GET /contact?s=1&ss=6 HTTP/1.1" 200 9997 "http://www.wadokikai.org/" "Mozilla/5.0 (Linux; Android 7.0;) AppleWebKit/537.36 (KHTML, like Gecko) Mobile Safari/537.36 (compatible; PetalBot;+https://webmaster.petalsearch.com/site/petalbot)"
::ffff:109.237.103.123 - - [09/Aug/2022:04:53:44 +0000] "GET /.env HTTP/1.1" 404 143 "-" "Mozilla/5.0 (X11; Linux x86_64) AppleWebKit/537.36 (KHTML, like Gecko) Chrome/81.0.4044.129 Safari/537.36"
::ffff:185.7.214.104 - - [09/Aug/2022:04:54:44 +0000] "GET /?XDEBUG_SESSION_START=phpstorm HTTP/1.1" 200 58071 "-" "Mozilla/5.0 (Windows NT 10.0; Win64; x64) AppleWebKit/537.36 (KHTML, like Gecko) Chrome/78.0.3904.108 Safari/537.36"
::ffff:185.7.214.104 - - [09/Aug/2022:05:05:10 +0000] "GET /console/ HTTP/1.1" 404 147 "-" "Mozilla/5.0 (Windows NT 10.0; Win64; x64) AppleWebKit/537.36 (KHTML, like Gecko) Chrome/78.0.3904.108 Safari/537.36"
::ffff:135.125.217.54 - - [09/Aug/2022:05:10:54 +0000] "POST / HTTP/1.1" 404 140 "-" "Mozilla/5.0 (X11; Linux x86_64) AppleWebKit/537.36 (KHTML, like Gecko) Chrome/81.0.4044.129 Safari/537.36"
::ffff:135.125.217.54 - - [09/Aug/2022:05:10:55 +0000] "GET /.env HTTP/1.1" 404 143 "-" "Mozilla/5.0 (X11; Linux x86_64) AppleWebKit/537.36 (KHTML, like Gecko) Chrome/81.0.4044.129 Safari/537.36"
::ffff:73.170.237.58 - - [09/Aug/2022:05:16:20 +0000] "GET /images/tiger.bmp HTTP/1.1" 304 - "http://www.wadokikai.org/resources" "Mozilla/5.0 (Windows NT 10.0; Win64; x64) AppleWebKit/537.36 (KHTML, like Gecko) Chrome/104.0.5112.81 Safari/537.36"
::ffff:114.119.145.192 - - [09/Aug/2022:05:18:04 +0000] "GET /events HTTP/1.1" 200 8612 "http://34.212.47.6/contact?s=1&ss=11" "Mozilla/5.0 (Linux; Android 7.0;) AppleWebKit/537.36 (KHTML, like Gecko) Mobile Safari/537.36 (compatible; PetalBot;+https://webmaster.petalsearch.com/site/petalbot)"
::ffff:193.118.53.194 - - [09/Aug/2022:05:20:24 +0000] "GET / HTTP/1.1" 200 58071 "-" "Mozilla/5.0 (Windows NT 10.0; Win64; x64) AppleWebKit/537.36 (KHTML, like Gecko) Chrome/60.0.3112.113 Safari/537.36"
::ffff:207.46.13.232 - - [09/Aug/2022:05:35:40 +0000] "GET /robots.txt HTTP/1.1" 404 149 "-" "Mozilla/5.0 (compatible; bingbot/2.0; +http://www.bing.com/bingbot.htm)"
::ffff:207.46.13.107 - - [09/Aug/2022:05:35:50 +0000] "GET /images/schools/martinezkaratedomap.jpg HTTP/1.1" 200 37724 "-" "Mozilla/5.0 (compatible; bingbot/2.0; +http://www.bing.com/bingbot.htm)"
::ffff:207.46.13.182 - - [09/Aug/2022:05:39:26 +0000] "GET /signup HTTP/1.1" 404 145 "-" "Mozilla/5.0 (compatible; bingbot/2.0; +http://www.bing.com/bingbot.htm)"
::ffff:54.36.148.209 - - [09/Aug/2022:05:41:06 +0000] "GET /robots.txt HTTP/1.1" 404 149 "-" "Mozilla/5.0 (compatible; AhrefsBot/7.0; +http://ahrefs.com/robot/)"
::ffff:51.222.253.1 - - [09/Aug/2022:05:41:07 +0000] "GET / HTTP/1.1" 200 58071 "-" "Mozilla/5.0 (compatible; AhrefsBot/7.0; +http://ahrefs.com/robot/)"
::ffff:114.119.139.103 - - [09/Aug/2022:05:44:45 +0000] "GET /robots.txt HTTP/1.1" 404 149 "-" "Mozilla/5.0 (compatible;PetalBot;+https://webmaster.petalsearch.com/site/petalbot)"
::ffff:207.46.13.46 - - [09/Aug/2022:06:00:17 +0000] "GET / HTTP/1.1" 200 58071 "-" "Mozilla/5.0 (compatible; bingbot/2.0; +http://www.bing.com/bingbot.htm)"
::ffff:66.249.79.229 - - [09/Aug/2022:06:04:55 +0000] "GET /robots.txt HTTP/1.1" 404 149 "-" "Mozilla/5.0 (compatible; Googlebot/2.1; +http://www.google.com/bot.html)"
::ffff:66.249.79.227 - - [09/Aug/2022:06:04:55 +0000] "GET /ads.txt HTTP/1.1" 404 146 "-" "Mozilla/5.0 (compatible; Googlebot/2.1; +http://www.google.com/bot.html)"
::ffff:185.254.196.115 - - [09/Aug/2022:06:05:54 +0000] "GET /.env HTTP/1.1" 404 143 "-" "Mozilla/5.0 (X11; Linux x86_64) AppleWebKit/537.36 (KHTML, like Gecko) Chrome/81.0.4044.129 Safari/537.36"
::ffff:185.254.196.115 - - [09/Aug/2022:06:05:54 +0000] "POST / HTTP/1.1" 404 140 "-" "Mozilla/5.0 (X11; Linux x86_64) AppleWebKit/537.36 (KHTML, like Gecko) Chrome/81.0.4044.129 Safari/537.36"
::ffff:114.119.151.153 - - [09/Aug/2022:06:14:53 +0000] "GET /robots.txt HTTP/1.1" 404 149 "-" "Mozilla/5.0 (compatible;PetalBot;+https://webmaster.petalsearch.com/site/petalbot)"
::ffff:157.55.39.140 - - [09/Aug/2022:06:16:37 +0000] "GET /docs/TwentyGuidingPriciplesOfKarate.pdf HTTP/1.1" 404 178 "-" "Mozilla/5.0 (compatible; bingbot/2.0; +http://www.bing.com/bingbot.htm)"
::ffff:207.46.13.67 - - [09/Aug/2022:06:27:30 +0000] "GET / HTTP/1.1" 200 58071 "-" "Mozilla/5.0 (compatible; bingbot/2.0; +http://www.bing.com/bingbot.htm)"
::ffff:185.7.214.104 - - [09/Aug/2022:06:27:34 +0000] "POST /Autodiscover/Autodiscover.xml HTTP/1.1" 404 169 "-" "Mozilla/5.0 (Windows NT 10.0; Win64; x64) AppleWebKit/537.36 (KHTML, like Gecko) Chrome/78.0.3904.108 Safari/537.36"
::ffff:135.125.244.48 - - [09/Aug/2022:06:29:25 +0000] "POST / HTTP/1.1" 404 140 "-" "Mozilla/5.0 (X11; Linux x86_64) AppleWebKit/537.36 (KHTML, like Gecko) Chrome/81.0.4044.129 Safari/537.36"
::ffff:135.125.244.48 - - [09/Aug/2022:06:29:26 +0000] "GET /.env HTTP/1.1" 404 143 "-" "Mozilla/5.0 (X11; Linux x86_64) AppleWebKit/537.36 (KHTML, like Gecko) Chrome/81.0.4044.129 Safari/537.36"
::ffff:114.119.137.177 - - [09/Aug/2022:06:36:56 +0000] "GET /robots.txt HTTP/1.1" 404 149 "-" "Mozilla/5.0 (compatible;PetalBot;+https://webmaster.petalsearch.com/site/petalbot)"
::ffff:74.82.47.48 - - [09/Aug/2022:06:58:37 +0000] "GET /favicon.ico HTTP/1.1" 404 150 "-" "Mozilla/5.0 (Windows NT 10.0; Win64; x64) AppleWebKit/537.36 (KHTML, like Gecko) Chrome/92.0.4515.131 Safari/537.36"
::ffff:185.7.214.104 - - [09/Aug/2022:07:08:04 +0000] "GET /_ignition/execute-solution HTTP/1.1" 404 165 "-" "Mozilla/5.0 (Windows NT 10.0; Win64; x64) AppleWebKit/537.36 (KHTML, like Gecko) Chrome/78.0.3904.108 Safari/537.36"
::ffff:172.104.138.223 - - [09/Aug/2022:07:11:26 +0000] "GET /fuN3 HTTP/1.0" 404 143 "-" "Mozilla/5.0 (Windows NT 10.0; Win64; x64) AppleWebKit/537.36 (KHTML, like Gecko) Chrome/91.0.4472.77 Safari/537.36"
::ffff:183.136.225.35 - - [09/Aug/2022:07:15:08 +0000] "GET / HTTP/1.1" 200 58071 "-" "Mozilla/5.0 (Macintosh; Intel Mac OS X 10.11; rv:47.0) Gecko/20100101 Firefox/47.0"
::ffff:179.43.155.171 - - [09/Aug/2022:07:18:03 +0000] "GET /?pp=env HTTP/1.1" 200 58071 "-" "Mozilla/5.0 (Windows NT 10.0; Win64; x64) AppleWebKit/537.36 (KHTML, like Gecko) Chrome/99.0.4844.84 Safari/537.36 OPR/85.0.4341.79 (Edition Campaign 76)"
::ffff:185.254.196.115 - - [09/Aug/2022:07:38:35 +0000] "GET /.env HTTP/1.1" 404 143 "-" "Mozilla/5.0 (X11; Linux x86_64) AppleWebKit/537.36 (KHTML, like Gecko) Chrome/81.0.4044.129 Safari/537.36"
::ffff:185.254.196.115 - - [09/Aug/2022:07:38:36 +0000] "POST / HTTP/1.1" 404 140 "-" "Mozilla/5.0 (X11; Linux x86_64) AppleWebKit/537.36 (KHTML, like Gecko) Chrome/81.0.4044.129 Safari/537.36"
::ffff:185.7.214.104 - - [09/Aug/2022:07:52:15 +0000] "GET / HTTP/1.1" 200 58071 "-" "Mozilla/5.0 (Windows NT 10.0; Win64; x64) AppleWebKit/537.36 (KHTML, like Gecko) Chrome/78.0.3904.108 Safari/537.36"
::ffff:185.180.143.11 - - [09/Aug/2022:07:57:24 +0000] "GET / HTTP/1.1" 200 58071 "-" "Mozilla/5.0 (Windows NT 10.0; Win64; x64) AppleWebKit/537.36 (KHTML, like Gecko) Chrome/60.0.3112.113 Safari/537.36"
::ffff:207.46.13.67 - - [09/Aug/2022:07:59:28 +0000] "GET / HTTP/1.1" 200 58071 "-" "Mozilla/5.0 (compatible; bingbot/2.0; +http://www.bing.com/bingbot.htm)"
::ffff:164.92.160.98 - - [09/Aug/2022:08:00:15 +0000] "GET / HTTP/1.1" 200 58071 "-" "Mozilla/5.0 (Windows NT 10.0; Win64; x64; rv:79.0) Gecko/20100101 Firefox/79.0"
::ffff:135.125.244.48 - - [09/Aug/2022:08:04:36 +0000] "POST / HTTP/1.1" 404 140 "-" "Mozilla/5.0 (X11; Linux x86_64) AppleWebKit/537.36 (KHTML, like Gecko) Chrome/81.0.4044.129 Safari/537.36"
::ffff:135.125.244.48 - - [09/Aug/2022:08:04:36 +0000] "GET /.env HTTP/1.1" 404 143 "-" "Mozilla/5.0 (X11; Linux x86_64) AppleWebKit/537.36 (KHTML, like Gecko) Chrome/81.0.4044.129 Safari/537.36"
::ffff:185.7.214.104 - - [09/Aug/2022:08:23:26 +0000] "POST /cgi-bin/.%2e/.%2e/.%2e/.%2e/bin/sh HTTP/1.1" 404 174 "-" "Mozilla/5.0 (Windows NT 10.0; Win64; x64) AppleWebKit/537.36 (KHTML, like Gecko) Chrome/78.0.3904.108 Safari/537.36"
::ffff:185.196.220.70 - - [09/Aug/2022:08:23:28 +0000] "GET / HTTP/1.1" 200 58071 "-" "Linux Gnu (cow)"
::ffff:162.142.125.7 - - [09/Aug/2022:08:41:47 +0000] "GET / HTTP/1.1" 200 58071 "-" "-"
::ffff:162.142.125.7 - - [09/Aug/2022:08:41:49 +0000] "GET / HTTP/1.1" 200 58071 "-" "Mozilla/5.0 (compatible; CensysInspect/1.1; +https://about.censys.io/)"
::ffff:162.142.125.7 - - [09/Aug/2022:08:41:50 +0000] "PRI * HTTP/2.0" - - "-" "-"
::ffff:31.7.58.162 - - [09/Aug/2022:08:55:39 +0000] "GET / HTTP/1.1" 200 58071 "-" "Go-http-client/1.1"
::ffff:185.254.196.115 - - [09/Aug/2022:09:08:01 +0000] "GET /.env HTTP/1.1" 404 143 "-" "Mozilla/5.0 (X11; Linux x86_64) AppleWebKit/537.36 (KHTML, like Gecko) Chrome/81.0.4044.129 Safari/537.36"
::ffff:185.254.196.115 - - [09/Aug/2022:09:08:01 +0000] "POST / HTTP/1.1" 404 140 "-" "Mozilla/5.0 (X11; Linux x86_64) AppleWebKit/537.36 (KHTML, like Gecko) Chrome/81.0.4044.129 Safari/537.36"
::ffff:185.7.214.104 - - [09/Aug/2022:09:14:23 +0000] "GET / HTTP/1.1" 200 58071 "-" "Mozilla/5.0 (Windows NT 10.0; Win64; x64) AppleWebKit/537.36 (KHTML, like Gecko) Chrome/78.0.3904.108 Safari/537.36"
::ffff:54.36.149.56 - - [09/Aug/2022:09:20:46 +0000] "GET /robots.txt HTTP/1.1" 404 149 "-" "Mozilla/5.0 (compatible; AhrefsBot/7.0; +http://ahrefs.com/robot/)"
::ffff:51.222.253.1 - - [09/Aug/2022:09:20:48 +0000] "GET /resources HTTP/1.1" 200 194907 "-" "Mozilla/5.0 (compatible; AhrefsBot/7.0; +http://ahrefs.com/robot/)"
::ffff:51.222.253.12 - - [09/Aug/2022:09:20:50 +0000] "GET /images/books/artofwar.jpg HTTP/1.1" 200 22573 "-" "Mozilla/5.0 (compatible; AhrefsBot/7.0; +http://ahrefs.com/robot/)"
::ffff:51.222.253.5 - - [09/Aug/2022:09:20:51 +0000] "GET /images/books/bookoffiverings.jpg HTTP/1.1" 200 2940 "-" "Mozilla/5.0 (compatible; AhrefsBot/7.0; +http://ahrefs.com/robot/)"
::ffff:51.222.253.1 - - [09/Aug/2022:09:20:51 +0000] "GET /images/books/bobook.gif HTTP/1.1" 200 6919 "-" "Mozilla/5.0 (compatible; AhrefsBot/7.0; +http://ahrefs.com/robot/)"
::ffff:51.222.253.17 - - [09/Aug/2022:09:20:52 +0000] "GET /resources HTTP/1.1" 200 194907 "-" "Mozilla/5.0 (compatible; AhrefsBot/7.0; +http://ahrefs.com/robot/)"
::ffff:51.222.253.1 - - [09/Aug/2022:09:20:52 +0000] "GET /images/JohnArce.jpg HTTP/1.1" 200 13951 "-" "Mozilla/5.0 (compatible; AhrefsBot/7.0; +http://ahrefs.com/robot/)"
::ffff:51.222.253.20 - - [09/Aug/2022:09:20:52 +0000] "GET /images/books/KarateDoZen.jpg HTTP/1.1" 200 2677 "-" "Mozilla/5.0 (compatible; AhrefsBot/7.0; +http://ahrefs.com/robot/)"
::ffff:51.222.253.12 - - [09/Aug/2022:09:20:53 +0000] "GET /images/books/grappingmethod.jpg HTTP/1.1" 200 4025 "-" "Mozilla/5.0 (compatible; AhrefsBot/7.0; +http://ahrefs.com/robot/)"
::ffff:51.222.253.11 - - [09/Aug/2022:09:20:53 +0000] "GET /images/books/dojoWisdom.jpg HTTP/1.1" 200 2813 "-" "Mozilla/5.0 (compatible; AhrefsBot/7.0; +http://ahrefs.com/robot/)"
::ffff:51.222.253.14 - - [09/Aug/2022:09:20:53 +0000] "GET /images/wkkpatch22_med.png HTTP/1.1" 200 32301 "-" "Mozilla/5.0 (compatible; AhrefsBot/7.0; +http://ahrefs.com/robot/)"
::ffff:51.222.253.11 - - [09/Aug/2022:09:20:58 +0000] "GET /images/books/karatebook.jpg HTTP/1.1" 200 7644 "-" "Mozilla/5.0 (compatible; AhrefsBot/7.0; +http://ahrefs.com/robot/)"
::ffff:51.222.253.14 - - [09/Aug/2022:09:20:58 +0000] "GET /images/books/shotokanSecrets.jpg HTTP/1.1" 200 4046 "-" "Mozilla/5.0 (compatible; AhrefsBot/7.0; +http://ahrefs.com/robot/)"
::ffff:51.222.253.9 - - [09/Aug/2022:09:20:59 +0000] "GET /css/wadokikai.css HTTP/1.1" 200 4337 "-" "Mozilla/5.0 (compatible; AhrefsBot/7.0; +http://ahrefs.com/robot/)"
::ffff:51.222.253.8 - - [09/Aug/2022:09:20:59 +0000] "GET /images/books/emptyHand.jpg HTTP/1.1" 200 12021 "-" "Mozilla/5.0 (compatible; AhrefsBot/7.0; +http://ahrefs.com/robot/)"
::ffff:51.222.253.15 - - [09/Aug/2022:09:21:00 +0000] "GET /images/books/ZenMeditation.jpg HTTP/1.1" 200 3760 "-" "Mozilla/5.0 (compatible; AhrefsBot/7.0; +http://ahrefs.com/robot/)"
::ffff:51.222.253.10 - - [09/Aug/2022:09:21:00 +0000] "GET /js/common.js HTTP/1.1" 200 2255 "-" "Mozilla/5.0 (compatible; AhrefsBot/7.0; +http://ahrefs.com/robot/)"
::ffff:51.222.253.19 - - [09/Aug/2022:09:21:00 +0000] "GET /images/books/dummies.jpg HTTP/1.1" 200 3631 "-" "Mozilla/5.0 (compatible; AhrefsBot/7.0; +http://ahrefs.com/robot/)"
::ffff:51.222.253.1 - - [09/Aug/2022:09:21:01 +0000] "GET /images/books/MBS2.jpg HTTP/1.1" 200 15317 "-" "Mozilla/5.0 (compatible; AhrefsBot/7.0; +http://ahrefs.com/robot/)"
::ffff:51.222.253.3 - - [09/Aug/2022:09:21:01 +0000] "GET /images/books/saibook.jpg HTTP/1.1" 200 3043 "-" "Mozilla/5.0 (compatible; AhrefsBot/7.0; +http://ahrefs.com/robot/)"
::ffff:51.222.253.17 - - [09/Aug/2022:09:21:02 +0000] "GET /images/tm.jpg HTTP/1.1" 200 25020 "-" "Mozilla/5.0 (compatible; AhrefsBot/7.0; +http://ahrefs.com/robot/)"
::ffff:51.222.253.13 - - [09/Aug/2022:09:21:02 +0000] "GET /images/books/movingzen.jpg HTTP/1.1" 200 3578 "-" "Mozilla/5.0 (compatible; AhrefsBot/7.0; +http://ahrefs.com/robot/)"
::ffff:51.222.253.12 - - [09/Aug/2022:09:21:03 +0000] "GET /images/books/karatedo.jpg HTTP/1.1" 200 3442 "-" "Mozilla/5.0 (compatible; AhrefsBot/7.0; +http://ahrefs.com/robot/)"
::ffff:51.222.253.20 - - [09/Aug/2022:09:21:03 +0000] "GET /images/books/MBS.gif HTTP/1.1" 200 13195 "-" "Mozilla/5.0 (compatible; AhrefsBot/7.0; +http://ahrefs.com/robot/)"
::ffff:51.222.253.10 - - [09/Aug/2022:09:21:04 +0000] "GET /images/books/guide20.jpg HTTP/1.1" 200 1934 "-" "Mozilla/5.0 (compatible; AhrefsBot/7.0; +http://ahrefs.com/robot/)"
::ffff:114.119.145.194 - - [09/Aug/2022:09:27:02 +0000] "GET /contact?s=1&ss=0 HTTP/1.1" 200 9997 "http://34.212.47.6/schools" "Mozilla/5.0 (Linux; Android 7.0;) AppleWebKit/537.36 (KHTML, like Gecko) Mobile Safari/537.36 (compatible; PetalBot;+https://webmaster.petalsearch.com/site/petalbot)"
::ffff:135.125.244.48 - - [09/Aug/2022:09:34:21 +0000] "POST / HTTP/1.1" 404 140 "-" "Mozilla/5.0 (X11; Linux x86_64) AppleWebKit/537.36 (KHTML, like Gecko) Chrome/81.0.4044.129 Safari/537.36"
::ffff:135.125.244.48 - - [09/Aug/2022:09:34:21 +0000] "GET /.env HTTP/1.1" 404 143 "-" "Mozilla/5.0 (X11; Linux x86_64) AppleWebKit/537.36 (KHTML, like Gecko) Chrome/81.0.4044.129 Safari/537.36"
::ffff:73.170.237.58 - - [09/Aug/2022:09:36:40 +0000] "GET /images/dragon-trans.png HTTP/1.1" 200 85661 "http://www.wadokikai.org/resources" "Mozilla/5.0 (Windows NT 10.0; Win64; x64) AppleWebKit/537.36 (KHTML, like Gecko) Chrome/104.0.5112.81 Safari/537.36"
::ffff:18.191.1.31 - - [09/Aug/2022:09:41:18 +0000] "GET /.well-known/acme-challenge/oQGInxNXT7SptGfQFRIP8X7vcgO5N3kKoR4Rqe0nW_8 HTTP/1.1" 404 209 "-" "Mozilla/5.0 (compatible; Let's Encrypt validation server; +https://www.letsencrypt.org)"
::ffff:18.197.144.183 - - [09/Aug/2022:09:41:19 +0000] "GET /.well-known/acme-challenge/oQGInxNXT7SptGfQFRIP8X7vcgO5N3kKoR4Rqe0nW_8 HTTP/1.1" 404 209 "-" "Mozilla/5.0 (compatible; Let's Encrypt validation server; +https://www.letsencrypt.org)"
::ffff:52.12.201.247 - - [09/Aug/2022:09:41:19 +0000] "GET /.well-known/acme-challenge/oQGInxNXT7SptGfQFRIP8X7vcgO5N3kKoR4Rqe0nW_8 HTTP/1.1" 404 209 "-" "Mozilla/5.0 (compatible; Let's Encrypt validation server; +https://www.letsencrypt.org)"
::ffff:23.178.112.202 - - [09/Aug/2022:09:41:19 +0000] "GET /.well-known/acme-challenge/oQGInxNXT7SptGfQFRIP8X7vcgO5N3kKoR4Rqe0nW_8 HTTP/1.1" 404 209 "-" "Mozilla/5.0 (compatible; Let's Encrypt validation server; +https://www.letsencrypt.org)"
::ffff:92.118.161.17 - - [09/Aug/2022:09:49:34 +0000] "GET / HTTP/1.0" 200 58071 "-" "NetSystemsResearch studies the availability of various services across the internet. Our website is netsystemsresearch.com"
::ffff:185.7.214.104 - - [09/Aug/2022:10:06:22 +0000] "GET /actuator/gateway/routes HTTP/1.1" 404 162 "-" "Mozilla/5.0 (Windows NT 10.0; Win64; x64) AppleWebKit/537.36 (KHTML, like Gecko) Chrome/78.0.3904.108 Safari/537.36"
::ffff:128.14.209.162 - - [09/Aug/2022:10:21:50 +0000] "GET / HTTP/1.1" 200 58071 "-" "Mozilla/5.0 (Windows NT 10.0; Win64; x64) AppleWebKit/537.36 (KHTML, like Gecko) Chrome/60.0.3112.113 Safari/537.36"
::ffff:114.119.151.64 - - [09/Aug/2022:10:22:41 +0000] "GET /robots.txt HTTP/1.1" 404 149 "-" "Mozilla/5.0 (compatible;PetalBot;+https://webmaster.petalsearch.com/site/petalbot)"
::ffff:185.254.196.115 - - [09/Aug/2022:10:37:12 +0000] "GET /.env HTTP/1.1" 404 143 "-" "Mozilla/5.0 (X11; Linux x86_64) AppleWebKit/537.36 (KHTML, like Gecko) Chrome/81.0.4044.129 Safari/537.36"
::ffff:185.254.196.115 - - [09/Aug/2022:10:37:13 +0000] "POST / HTTP/1.1" 404 140 "-" "Mozilla/5.0 (X11; Linux x86_64) AppleWebKit/537.36 (KHTML, like Gecko) Chrome/81.0.4044.129 Safari/537.36"
::ffff:66.249.79.187 - - [09/Aug/2022:10:37:39 +0000] "GET /ads.txt HTTP/1.1" 404 146 "-" "Mozilla/5.0 (compatible; Googlebot/2.1; +http://www.google.com/bot.html)"
::ffff:118.26.110.74 - - [09/Aug/2022:10:40:05 +0000] "GET / HTTP/1.1" 200 58071 "-" "curl/7.29.0"
::ffff:135.125.244.48 - - [09/Aug/2022:11:02:51 +0000] "POST / HTTP/1.1" 404 140 "-" "Mozilla/5.0 (X11; Linux x86_64) AppleWebKit/537.36 (KHTML, like Gecko) Chrome/81.0.4044.129 Safari/537.36"
::ffff:135.125.244.48 - - [09/Aug/2022:11:02:51 +0000] "GET /.env HTTP/1.1" 404 143 "-" "Mozilla/5.0 (X11; Linux x86_64) AppleWebKit/537.36 (KHTML, like Gecko) Chrome/81.0.4044.129 Safari/537.36"
::ffff:114.119.151.82 - - [09/Aug/2022:12:04:21 +0000] "GET /robots.txt HTTP/1.1" 404 149 "-" "Mozilla/5.0 (compatible;PetalBot;+https://webmaster.petalsearch.com/site/petalbot)"
::ffff:185.254.196.115 - - [09/Aug/2022:12:05:57 +0000] "GET /.env HTTP/1.1" 404 143 "-" "Mozilla/5.0 (X11; Linux x86_64) AppleWebKit/537.36 (KHTML, like Gecko) Chrome/81.0.4044.129 Safari/537.36"
::ffff:185.254.196.115 - - [09/Aug/2022:12:05:58 +0000] "POST / HTTP/1.1" 404 140 "-" "Mozilla/5.0 (X11; Linux x86_64) AppleWebKit/537.36 (KHTML, like Gecko) Chrome/81.0.4044.129 Safari/537.36"
::ffff:207.46.13.107 - - [09/Aug/2022:12:14:20 +0000] "GET /instructors.html HTTP/1.1" 404 155 "-" "Mozilla/5.0 (compatible; bingbot/2.0; +http://www.bing.com/bingbot.htm)"
::ffff:103.133.126.29 - - [09/Aug/2022:12:22:18 +0000] "GET / HTTP/1.1" 200 58071 "-" "Mozilla/5.0 (Windows NT 6.1; WOW64) AppleWebKit/537.36 (KHTML, like Gecko) Chrome/52.0.2743.116 Safari/537.36"
::ffff:135.125.244.48 - - [09/Aug/2022:12:31:06 +0000] "POST / HTTP/1.1" 404 140 "-" "Mozilla/5.0 (X11; Linux x86_64) AppleWebKit/537.36 (KHTML, like Gecko) Chrome/81.0.4044.129 Safari/537.36"
::ffff:135.125.244.48 - - [09/Aug/2022:12:31:07 +0000] "GET /.env HTTP/1.1" 404 143 "-" "Mozilla/5.0 (X11; Linux x86_64) AppleWebKit/537.36 (KHTML, like Gecko) Chrome/81.0.4044.129 Safari/537.36"
::ffff:69.171.231.120 - - [09/Aug/2022:12:39:25 +0000] "HEAD / HTTP/1.1" 200 58071 "-" "facebookexternalhit/1.1 (+http://www.facebook.com/externalhit_uatext.php)"
::ffff:69.171.231.119 - - [09/Aug/2022:12:39:25 +0000] "GET / HTTP/1.1" 200 58071 "-" "facebookexternalhit/1.1 (+http://www.facebook.com/externalhit_uatext.php)"
::ffff:51.222.253.15 - - [09/Aug/2022:12:44:39 +0000] "GET / HTTP/1.1" 200 58071 "-" "Mozilla/5.0 (compatible; AhrefsBot/7.0; +http://ahrefs.com/robot/)"
::ffff:108.36.94.132 - - [09/Aug/2022:12:51:22 +0000] "GET /index.php HTTP/1.1" 404 148 "-" "Mozilla/5.0 (Macintosh; Intel Mac OS X 10_15_7) AppleWebKit/605.1.15 (KHTML, like Gecko) Version/15.6 Safari/605.1.15"
::ffff:108.36.94.132 - - [09/Aug/2022:12:51:22 +0000] "GET /apple-touch-icon-precomposed.png HTTP/1.1" 404 171 "-" "Safari/16613.3.9.1.7 CFNetwork/1240.0.4 Darwin/20.6.0"
::ffff:108.36.94.132 - - [09/Aug/2022:12:51:23 +0000] "GET /apple-touch-icon.png HTTP/1.1" 404 159 "-" "Safari/16613.3.9.1.7 CFNetwork/1240.0.4 Darwin/20.6.0"
::ffff:108.36.94.132 - - [09/Aug/2022:12:51:30 +0000] "GET /index.php HTTP/1.1" 404 148 "-" "Mozilla/5.0 (Macintosh; Intel Mac OS X 10_15_7) AppleWebKit/605.1.15 (KHTML, like Gecko) Version/15.6 Safari/605.1.15"
::ffff:49.12.131.247 - - [09/Aug/2022:12:52:39 +0000] "GET /robots.txt HTTP/1.1" 404 149 "-" "Mozilla/5.0 (compatible; BLEXBot/1.0; +http://webmeup-crawler.com/)"
::ffff:49.12.131.247 - - [09/Aug/2022:12:52:42 +0000] "GET /sitemap HTTP/1.1" 404 146 "-" "Mozilla/5.0 (compatible; BLEXBot/1.0; +http://webmeup-crawler.com/)"
::ffff:49.12.131.247 - - [09/Aug/2022:12:52:48 +0000] "GET /sitemap.txt HTTP/1.1" 404 150 "-" "Mozilla/5.0 (compatible; BLEXBot/1.0; +http://webmeup-crawler.com/)"
::ffff:207.46.13.182 - - [09/Aug/2022:13:02:40 +0000] "GET /contact HTTP/1.1" 200 10017 "-" "Mozilla/5.0 (compatible; bingbot/2.0; +http://www.bing.com/bingbot.htm)"
::ffff:42.83.147.34 - - [09/Aug/2022:13:19:32 +0000] "GET / HTTP/1.1" 200 58071 "-" "Mozilla/5.0 (Windows NT 6.1; Win64; x64) AppleWebKit/537.36 (KHTML, like Gecko)Chrome/74.0.3729.169 Safari/537.36"
::ffff:185.254.196.115 - - [09/Aug/2022:13:40:55 +0000] "GET /.env HTTP/1.1" 404 143 "-" "Mozilla/5.0 (X11; Linux x86_64) AppleWebKit/537.36 (KHTML, like Gecko) Chrome/81.0.4044.129 Safari/537.36"
::ffff:185.254.196.115 - - [09/Aug/2022:13:40:58 +0000] "POST / HTTP/1.1" 404 140 "-" "Mozilla/5.0 (X11; Linux x86_64) AppleWebKit/537.36 (KHTML, like Gecko) Chrome/81.0.4044.129 Safari/537.36"
::ffff:40.77.167.41 - - [09/Aug/2022:13:57:53 +0000] "GET /images/fist.jpg HTTP/1.1" 404 154 "-" "Mozilla/5.0 (compatible; bingbot/2.0; +http://www.bing.com/bingbot.htm)"
::ffff:198.235.24.20 - - [09/Aug/2022:13:59:31 +0000] "GET / HTTP/1.1" 200 58071 "-" "Expanse, a Palo Alto Networks company, searches across the global IPv4 space multiple times per day to identify customers&#39; presences on the Internet. If you would like to be excluded from our scans, please send IP addresses/domains to: scaninfo@paloaltonetworks.com"
::ffff:135.125.244.48 - - [09/Aug/2022:13:59:37 +0000] "POST / HTTP/1.1" 404 140 "-" "Mozilla/5.0 (X11; Linux x86_64) AppleWebKit/537.36 (KHTML, like Gecko) Chrome/81.0.4044.129 Safari/537.36"
::ffff:135.125.244.48 - - [09/Aug/2022:13:59:38 +0000] "GET /.env HTTP/1.1" 404 143 "-" "Mozilla/5.0 (X11; Linux x86_64) AppleWebKit/537.36 (KHTML, like Gecko) Chrome/81.0.4044.129 Safari/537.36"
::ffff:154.16.106.103 - - [09/Aug/2022:14:27:09 +0000] "GET /.env HTTP/1.1" 404 143 "-" "Mozilla/5.0 (X11; Linux x86_64) AppleWebKit/537.36 (KHTML, like Gecko) Chrome/81.0.4044.129 Safari/537.36"
::ffff:154.16.106.103 - - [09/Aug/2022:14:27:10 +0000] "POST / HTTP/1.1" 404 140 "-" "Mozilla/5.0 (X11; Linux x86_64) AppleWebKit/537.36 (KHTML, like Gecko) Chrome/81.0.4044.129 Safari/537.36"
::ffff:143.198.97.178 - - [09/Aug/2022:14:39:38 +0000] "GET /.env HTTP/1.1" 404 143 "-" "Mozilla/5.0 (X11; Linux x86_64) AppleWebKit/537.36 (KHTML, like Gecko) Chrome/81.0.4044.129 Safari/537.36"
::ffff:143.198.97.178 - - [09/Aug/2022:14:39:38 +0000] "POST / HTTP/1.1" 404 140 "-" "Mozilla/5.0 (X11; Linux x86_64) AppleWebKit/537.36 (KHTML, like Gecko) Chrome/81.0.4044.129 Safari/537.36"
::ffff:44.201.25.6 - - [09/Aug/2022:14:39:46 +0000] "GET /.git/config HTTP/1.1" 404 150 "-" "python-requests/2.25.1"
::ffff:35.167.82.37 - - [09/Aug/2022:14:40:38 +0000] "GET / HTTP/1.1" 200 58071 "-" "Mozilla/5.0 (X11; Linux x86_64) AppleWebKit/537.36 (KHTML, like Gecko) Chrome/83.0.4103.97 Safari/537.36"
::ffff:35.91.42.9 - - [09/Aug/2022:14:49:15 +0000] "GET /favicon.ico HTTP/1.1" 404 150 "-" "Mozilla/5.0 (X11; Linux x86_64) AppleWebKit/537.36 (KHTML, like Gecko) Chrome/83.0.4103.97 Safari/537.36"
::ffff:35.91.42.9 - - [09/Aug/2022:14:49:17 +0000] "GET / HTTP/1.1" 200 58071 "-" "Mozilla/5.0 (X11; Linux x86_64) AppleWebKit/537.36 (KHTML, like Gecko) Chrome/83.0.4103.97 Safari/537.36"
::ffff:147.182.255.203 - - [09/Aug/2022:14:58:04 +0000] "GET /.env HTTP/1.1" 404 143 "-" "Mozilla/5.0 (X11; Linux x86_64) AppleWebKit/537.36 (KHTML, like Gecko) Chrome/81.0.4044.129 Safari/537.36"
::ffff:147.182.255.203 - - [09/Aug/2022:14:58:04 +0000] "POST / HTTP/1.1" 404 140 "-" "Mozilla/5.0 (X11; Linux x86_64) AppleWebKit/537.36 (KHTML, like Gecko) Chrome/81.0.4044.129 Safari/537.36"
::ffff:185.196.220.70 - - [09/Aug/2022:14:59:37 +0000] "GET / HTTP/1.1" 200 58071 "-" "Linux Gnu (cow)"
::ffff:185.254.196.115 - - [09/Aug/2022:15:07:39 +0000] "GET /.env HTTP/1.1" 404 143 "-" "Mozilla/5.0 (X11; Linux x86_64) AppleWebKit/537.36 (KHTML, like Gecko) Chrome/81.0.4044.129 Safari/537.36"
::ffff:185.254.196.115 - - [09/Aug/2022:15:07:39 +0000] "POST / HTTP/1.1" 404 140 "-" "Mozilla/5.0 (X11; Linux x86_64) AppleWebKit/537.36 (KHTML, like Gecko) Chrome/81.0.4044.129 Safari/537.36"
::ffff:135.125.244.48 - - [09/Aug/2022:15:27:45 +0000] "POST / HTTP/1.1" 404 140 "-" "Mozilla/5.0 (X11; Linux x86_64) AppleWebKit/537.36 (KHTML, like Gecko) Chrome/81.0.4044.129 Safari/537.36"
::ffff:135.125.244.48 - - [09/Aug/2022:15:27:46 +0000] "GET /.env HTTP/1.1" 404 143 "-" "Mozilla/5.0 (X11; Linux x86_64) AppleWebKit/537.36 (KHTML, like Gecko) Chrome/81.0.4044.129 Safari/537.36"
::ffff:31.7.58.162 - - [09/Aug/2022:15:30:34 +0000] "GET / HTTP/1.1" 200 58071 "-" "Go-http-client/1.1"
::ffff:64.62.197.2 - - [09/Aug/2022:15:47:30 +0000] "GET / HTTP/1.1" 200 58071 "-" "-"
::ffff:64.62.197.2 - - [09/Aug/2022:15:51:19 +0000] "GET /favicon.ico HTTP/1.1" 404 150 "-" "Mozilla/5.0 (Windows NT 10.0; Win64; x64) AppleWebKit/537.36 (KHTML, like Gecko) Chrome/92.0.4515.131 Safari/537.36"
::ffff:114.119.147.2 - - [09/Aug/2022:15:55:26 +0000] "GET /contact?s=1&ss=3 HTTP/1.1" 200 9997 "http://www.wadokikai.net/" "Mozilla/5.0 (Linux; Android 7.0;) AppleWebKit/537.36 (KHTML, like Gecko) Mobile Safari/537.36 (compatible; PetalBot;+https://webmaster.petalsearch.com/site/petalbot)"
::ffff:157.90.209.76 - - [09/Aug/2022:16:04:50 +0000] "GET /robots.txt HTTP/1.1" 404 149 "-" "Mozilla/5.0 (compatible; BLEXBot/1.0; +http://webmeup-crawler.com/)"
::ffff:157.90.209.76 - - [09/Aug/2022:16:04:51 +0000] "GET /sitemap HTTP/1.1" 404 146 "-" "Mozilla/5.0 (compatible; BLEXBot/1.0; +http://webmeup-crawler.com/)"
::ffff:157.90.209.76 - - [09/Aug/2022:16:04:54 +0000] "GET /sitemap.txt HTTP/1.1" 404 150 "-" "Mozilla/5.0 (compatible; BLEXBot/1.0; +http://webmeup-crawler.com/)"
::ffff:183.56.232.174 - - [09/Aug/2022:16:16:08 +0000] "GET /wp-login.php HTTP/1.1" 404 151 "-" "Apache-HttpClient/4.5.2 (Java/1.8.0_161)"
::ffff:183.56.232.174 - - [09/Aug/2022:16:16:09 +0000] "GET /?author=1 HTTP/1.1" 200 58071 "-" "Apache-HttpClient/4.5.2 (Java/1.8.0_161)"
::ffff:183.56.232.174 - - [09/Aug/2022:16:16:12 +0000] "GET /?author=2 HTTP/1.1" 200 58071 "-" "Apache-HttpClient/4.5.2 (Java/1.8.0_161)"
::ffff:183.56.232.174 - - [09/Aug/2022:16:16:18 +0000] "GET /?author=3 HTTP/1.1" 200 58071 "-" "Apache-HttpClient/4.5.2 (Java/1.8.0_161)"
::ffff:183.56.232.174 - - [09/Aug/2022:16:16:19 +0000] "GET /?author=4 HTTP/1.1" 200 58071 "-" "Apache-HttpClient/4.5.2 (Java/1.8.0_161)"
::ffff:183.56.232.174 - - [09/Aug/2022:16:16:20 +0000] "GET /?author=5 HTTP/1.1" 200 58071 "-" "Apache-HttpClient/4.5.2 (Java/1.8.0_161)"
::ffff:183.56.232.174 - - [09/Aug/2022:16:16:21 +0000] "GET /?author=6 HTTP/1.1" 200 58071 "-" "Apache-HttpClient/4.5.2 (Java/1.8.0_161)"
::ffff:183.56.232.174 - - [09/Aug/2022:16:16:23 +0000] "GET /?author=7 HTTP/1.1" 200 58071 "-" "Apache-HttpClient/4.5.2 (Java/1.8.0_161)"
::ffff:183.56.232.174 - - [09/Aug/2022:16:16:25 +0000] "GET /?author=8 HTTP/1.1" 200 58071 "-" "Apache-HttpClient/4.5.2 (Java/1.8.0_161)"
::ffff:183.56.232.174 - - [09/Aug/2022:16:16:26 +0000] "GET /?author=9 HTTP/1.1" 200 58071 "-" "Apache-HttpClient/4.5.2 (Java/1.8.0_161)"
::ffff:183.56.232.174 - - [09/Aug/2022:16:16:29 +0000] "GET /?author=10 HTTP/1.1" 200 58071 "-" "Apache-HttpClient/4.5.2 (Java/1.8.0_161)"
::ffff:183.56.232.174 - - [09/Aug/2022:16:16:30 +0000] "GET /?author=11 HTTP/1.1" 200 58071 "-" "Apache-HttpClient/4.5.2 (Java/1.8.0_161)"
::ffff:183.56.232.174 - - [09/Aug/2022:16:16:31 +0000] "GET /?author=12 HTTP/1.1" 200 58071 "-" "Apache-HttpClient/4.5.2 (Java/1.8.0_161)"
::ffff:183.56.232.174 - - [09/Aug/2022:16:16:32 +0000] "GET /?author=13 HTTP/1.1" 200 58071 "-" "Apache-HttpClient/4.5.2 (Java/1.8.0_161)"
::ffff:183.56.232.174 - - [09/Aug/2022:16:16:34 +0000] "GET /?author=14 HTTP/1.1" 200 58071 "-" "Apache-HttpClient/4.5.2 (Java/1.8.0_161)"
