::ffff:73.93.239.132 - - [22/Nov/2022:05:00:58 +0000] "GET /images/wkkpatch22_med.png HTTP/1.1" 200 32301 "http://www.wadokikai.org/" "Mozilla/5.0 (Linux; Android 13; SM-S908U Build/TP1A.220624.014; wv) AppleWebKit/537.36 (KHTML, like Gecko) Version/4.0 Chrome/107.0.5304.105 Mobile Safari/537.36 [FB_IAB/FB4A;FBAV/392.2.0.33.108;]"
::ffff:73.93.239.132 - - [22/Nov/2022:05:00:58 +0000] "GET /images/schools/orindakaratedomap.jpg HTTP/1.1" 200 34167 "http://www.wadokikai.org/" "Mozilla/5.0 (Linux; Android 13; SM-S908U Build/TP1A.220624.014; wv) AppleWebKit/537.36 (KHTML, like Gecko) Version/4.0 Chrome/107.0.5304.105 Mobile Safari/537.36 [FB_IAB/FB4A;FBAV/392.2.0.33.108;]"
::ffff:73.93.239.132 - - [22/Nov/2022:05:00:58 +0000] "GET /images/schools/dcakaratedomap.jpg HTTP/1.1" 200 35262 "http://www.wadokikai.org/" "Mozilla/5.0 (Linux; Android 13; SM-S908U Build/TP1A.220624.014; wv) AppleWebKit/537.36 (KHTML, like Gecko) Version/4.0 Chrome/107.0.5304.105 Mobile Safari/537.36 [FB_IAB/FB4A;FBAV/392.2.0.33.108;]"
::ffff:73.93.239.132 - - [22/Nov/2022:05:00:58 +0000] "GET /images/schools/harborbaykaratedomap.jpg HTTP/1.1" 200 37245 "http://www.wadokikai.org/" "Mozilla/5.0 (Linux; Android 13; SM-S908U Build/TP1A.220624.014; wv) AppleWebKit/537.36 (KHTML, like Gecko) Version/4.0 Chrome/107.0.5304.105 Mobile Safari/537.36 [FB_IAB/FB4A;FBAV/392.2.0.33.108;]"
::ffff:73.93.239.132 - - [22/Nov/2022:05:00:58 +0000] "GET /images/schools/corpuzkaratedomap.jpg HTTP/1.1" 200 36421 "http://www.wadokikai.org/" "Mozilla/5.0 (Linux; Android 13; SM-S908U Build/TP1A.220624.014; wv) AppleWebKit/537.36 (KHTML, like Gecko) Version/4.0 Chrome/107.0.5304.105 Mobile Safari/537.36 [FB_IAB/FB4A;FBAV/392.2.0.33.108;]"
::ffff:73.93.239.132 - - [22/Nov/2022:05:00:58 +0000] "GET /images/schools/nunleykaratedomap.jpg HTTP/1.1" 200 42667 "http://www.wadokikai.org/" "Mozilla/5.0 (Linux; Android 13; SM-S908U Build/TP1A.220624.014; wv) AppleWebKit/537.36 (KHTML, like Gecko) Version/4.0 Chrome/107.0.5304.105 Mobile Safari/537.36 [FB_IAB/FB4A;FBAV/392.2.0.33.108;]"
::ffff:73.93.239.132 - - [22/Nov/2022:05:00:58 +0000] "GET /images/schools/marinkaratedomap.jpg HTTP/1.1" 200 32400 "http://www.wadokikai.org/" "Mozilla/5.0 (Linux; Android 13; SM-S908U Build/TP1A.220624.014; wv) AppleWebKit/537.36 (KHTML, like Gecko) Version/4.0 Chrome/107.0.5304.105 Mobile Safari/537.36 [FB_IAB/FB4A;FBAV/392.2.0.33.108;]"
::ffff:73.93.239.132 - - [22/Nov/2022:05:00:58 +0000] "GET /images/schools/earhartkaratedomap.jpg HTTP/1.1" 200 41366 "http://www.wadokikai.org/" "Mozilla/5.0 (Linux; Android 13; SM-S908U Build/TP1A.220624.014; wv) AppleWebKit/537.36 (KHTML, like Gecko) Version/4.0 Chrome/107.0.5304.105 Mobile Safari/537.36 [FB_IAB/FB4A;FBAV/392.2.0.33.108;]"
::ffff:73.93.239.132 - - [22/Nov/2022:05:00:58 +0000] "GET /images/schools/martinezkaratedomap.jpg HTTP/1.1" 200 37724 "http://www.wadokikai.org/" "Mozilla/5.0 (Linux; Android 13; SM-S908U Build/TP1A.220624.014; wv) AppleWebKit/537.36 (KHTML, like Gecko) Version/4.0 Chrome/107.0.5304.105 Mobile Safari/537.36 [FB_IAB/FB4A;FBAV/392.2.0.33.108;]"
::ffff:73.93.239.132 - - [22/Nov/2022:05:00:58 +0000] "GET /images/schools/manzanitakaratedomap.jpg HTTP/1.1" 200 55402 "http://www.wadokikai.org/" "Mozilla/5.0 (Linux; Android 13; SM-S908U Build/TP1A.220624.014; wv) AppleWebKit/537.36 (KHTML, like Gecko) Version/4.0 Chrome/107.0.5304.105 Mobile Safari/537.36 [FB_IAB/FB4A;FBAV/392.2.0.33.108;]"
::ffff:73.93.239.132 - - [22/Nov/2022:05:00:58 +0000] "GET /images/dragon-trans.png HTTP/1.1" 200 85661 "http://www.wadokikai.org/" "Mozilla/5.0 (Linux; Android 13; SM-S908U Build/TP1A.220624.014; wv) AppleWebKit/537.36 (KHTML, like Gecko) Version/4.0 Chrome/107.0.5304.105 Mobile Safari/537.36 [FB_IAB/FB4A;FBAV/392.2.0.33.108;]"
::ffff:73.93.239.132 - - [22/Nov/2022:05:00:58 +0000] "GET /images/favicon.ico HTTP/1.1" 200 3638 "http://www.wadokikai.org/" "Mozilla/5.0 (Linux; Android 13; SM-S908U Build/TP1A.220624.014; wv) AppleWebKit/537.36 (KHTML, like Gecko) Version/4.0 Chrome/107.0.5304.105 Mobile Safari/537.36 [FB_IAB/FB4A;FBAV/392.2.0.33.108;]"
::ffff:73.93.239.132 - - [22/Nov/2022:05:01:02 +0000] "GET /images/tiger.bmp HTTP/1.1" 200 311274 "http://www.wadokikai.org/" "Mozilla/5.0 (Linux; Android 13; SM-S908U Build/TP1A.220624.014; wv) AppleWebKit/537.36 (KHTML, like Gecko) Version/4.0 Chrome/107.0.5304.105 Mobile Safari/537.36 [FB_IAB/FB4A;FBAV/392.2.0.33.108;]"
::ffff:51.222.253.6 - - [22/Nov/2022:05:01:05 +0000] "GET /style.html HTTP/1.1" 404 149 "-" "Mozilla/5.0 (compatible; AhrefsBot/7.0; +http://ahrefs.com/robot/)"
::ffff:73.93.239.132 - - [22/Nov/2022:05:01:05 +0000] "GET /images/wadokikai%20kanji.jpg HTTP/1.1" 200 35066 "http://www.wadokikai.org/" "Mozilla/5.0 (Linux; Android 13; SM-S908U Build/TP1A.220624.014; wv) AppleWebKit/537.36 (KHTML, like Gecko) Version/4.0 Chrome/107.0.5304.105 Mobile Safari/537.36 [FB_IAB/FB4A;FBAV/392.2.0.33.108;]"
::ffff:73.93.239.132 - - [22/Nov/2022:05:01:09 +0000] "GET /images/dragon-trans.png HTTP/1.1" 304 - "http://www.wadokikai.org/" "Mozilla/5.0 (Linux; Android 13; SM-S908U Build/TP1A.220624.014; wv) AppleWebKit/537.36 (KHTML, like Gecko) Version/4.0 Chrome/107.0.5304.105 Mobile Safari/537.36 [FB_IAB/FB4A;FBAV/392.2.0.33.108;]"
::ffff:73.93.239.132 - - [22/Nov/2022:05:01:12 +0000] "GET /images/tiger.bmp HTTP/1.1" 304 - "http://www.wadokikai.org/" "Mozilla/5.0 (Linux; Android 13; SM-S908U Build/TP1A.220624.014; wv) AppleWebKit/537.36 (KHTML, like Gecko) Version/4.0 Chrome/107.0.5304.105 Mobile Safari/537.36 [FB_IAB/FB4A;FBAV/392.2.0.33.108;]"
::ffff:203.10.99.204 - - [22/Nov/2022:05:01:28 +0000] "GET /images/dragon-trans.png HTTP/1.1" 304 - "http://www.wadokikai.org/" "Mozilla/5.0 (Macintosh; Intel Mac OS X 10_15_7) AppleWebKit/605.1.15 (KHTML, like Gecko) Version/16.1 Safari/605.1.15"
::ffff:203.10.99.204 - - [22/Nov/2022:05:18:08 +0000] "GET /images/wadokikai%20kanji.jpg HTTP/1.1" 304 - "http://www.wadokikai.org/" "Mozilla/5.0 (Macintosh; Intel Mac OS X 10_15_7) AppleWebKit/605.1.15 (KHTML, like Gecko) Version/16.1 Safari/605.1.15"
::ffff:51.222.253.4 - - [22/Nov/2022:05:18:17 +0000] "GET /contact?s=1&ss=9 HTTP/1.1" 200 9997 "-" "Mozilla/5.0 (compatible; AhrefsBot/7.0; +http://ahrefs.com/robot/)"
::ffff:135.125.217.54 - - [22/Nov/2022:05:21:49 +0000] "POST / HTTP/1.1" 404 140 "-" "Mozilla/5.0 (X11; Linux x86_64) AppleWebKit/537.36 (KHTML, like Gecko) Chrome/81.0.4044.129 Safari/537.36"
::ffff:135.125.217.54 - - [22/Nov/2022:05:21:50 +0000] "GET /.env HTTP/1.1" 404 143 "-" "Mozilla/5.0 (X11; Linux x86_64) AppleWebKit/537.36 (KHTML, like Gecko) Chrome/81.0.4044.129 Safari/537.36"
::ffff:24.5.45.66 - - [22/Nov/2022:05:25:05 +0000] "GET /images/tiger.bmp HTTP/1.1" 200 311274 "http://wadokikai.org/resources" "Mozilla/5.0 (Macintosh; Intel Mac OS X 10_15_7) AppleWebKit/537.36 (KHTML, like Gecko) Chrome/106.0.0.0 Safari/537.36"
::ffff:178.62.203.16 - - [22/Nov/2022:05:25:57 +0000] "GET / HTTP/1.1" 200 57378 "-" "Mozilla/5.0 zgrab/0.x"
::ffff:203.10.99.204 - - [22/Nov/2022:05:26:28 +0000] "GET /images/dragon-trans.png HTTP/1.1" 304 - "http://www.wadokikai.org/" "Mozilla/5.0 (Macintosh; Intel Mac OS X 10_15_7) AppleWebKit/605.1.15 (KHTML, like Gecko) Version/16.1 Safari/605.1.15"
::ffff:34.76.96.55 - - [22/Nov/2022:05:28:35 +0000] "GET / HTTP/1.1" 200 57378 "-" "python-requests/2.28.1"
::ffff:108.202.243.61 - - [22/Nov/2022:05:29:53 +0000] "GET /images/tiger.bmp HTTP/1.1" 304 - "http://www.wadokikai.org/" "Mozilla/5.0 (iPhone; CPU iPhone OS 16_0_3 like Mac OS X) AppleWebKit/605.1.15 (KHTML, like Gecko) Version/16.0 Mobile/15E148 Safari/604.1"
::ffff:114.119.145.193 - - [22/Nov/2022:05:37:44 +0000] "GET /schools HTTP/1.1" 200 97308 "http://34.212.47.6/joinemail?type=tournaments" "Mozilla/5.0 (Linux; Android 7.0;) AppleWebKit/537.36 (KHTML, like Gecko) Mobile Safari/537.36 (compatible; PetalBot;+https://webmaster.petalsearch.com/site/petalbot)"
::ffff:51.222.253.3 - - [22/Nov/2022:05:40:06 +0000] "GET /index.php HTTP/1.1" 404 148 "-" "Mozilla/5.0 (compatible; AhrefsBot/7.0; +http://ahrefs.com/robot/)"
::ffff:114.119.145.212 - - [22/Nov/2022:05:42:46 +0000] "GET /images/tournaments/NKDTournament.pdf HTTP/1.1" 200 3770165 "http://34.212.47.6/events" "Mozilla/5.0 (Linux; Android 7.0;) AppleWebKit/537.36 (KHTML, like Gecko) Mobile Safari/537.36 (compatible; PetalBot;+https://webmaster.petalsearch.com/site/petalbot)"
::ffff:203.10.99.204 - - [22/Nov/2022:05:43:08 +0000] "GET /images/wadokikai%20kanji.jpg HTTP/1.1" 304 - "http://www.wadokikai.org/" "Mozilla/5.0 (Macintosh; Intel Mac OS X 10_15_7) AppleWebKit/605.1.15 (KHTML, like Gecko) Version/16.1 Safari/605.1.15"
::ffff:203.10.99.204 - - [22/Nov/2022:05:51:28 +0000] "GET /images/dragon-trans.png HTTP/1.1" 304 - "http://www.wadokikai.org/" "Mozilla/5.0 (Macintosh; Intel Mac OS X 10_15_7) AppleWebKit/605.1.15 (KHTML, like Gecko) Version/16.1 Safari/605.1.15"
::ffff:95.214.235.205 - - [22/Nov/2022:05:56:15 +0000] "GET /.env HTTP/1.1" 404 143 "-" "Mozilla/5.0 (X11; Linux x86_64) AppleWebKit/537.36 (KHTML, like Gecko) Chrome/81.0.4044.129 Safari/537.36"
::ffff:95.214.235.205 - - [22/Nov/2022:05:56:16 +0000] "POST / HTTP/1.1" 404 140 "-" "Mozilla/5.0 (X11; Linux x86_64) AppleWebKit/537.36 (KHTML, like Gecko) Chrome/81.0.4044.129 Safari/537.36"
::ffff:109.237.97.180 - - [22/Nov/2022:05:58:15 +0000] "GET /.env HTTP/1.1" 404 143 "-" "Mozilla/5.0 (X11; Linux x86_64) AppleWebKit/537.36 (KHTML, like Gecko) Chrome/81.0.4044.129 Safari/537.36"
::ffff:69.171.251.21 - - [22/Nov/2022:05:58:43 +0000] "GET /images/wkkpatch22_med.png HTTP/1.1" 200 32301 "-" "facebookexternalhit/1.1 (+http://www.facebook.com/externalhit_uatext.php)"
::ffff:51.222.253.19 - - [22/Nov/2022:06:02:37 +0000] "GET /contact?s=1&ss=8 HTTP/1.1" 200 9997 "-" "Mozilla/5.0 (compatible; AhrefsBot/7.0; +http://ahrefs.com/robot/)"
::ffff:203.10.99.204 - - [22/Nov/2022:06:16:28 +0000] "GET /images/dragon-trans.png HTTP/1.1" 304 - "http://www.wadokikai.org/" "Mozilla/5.0 (Macintosh; Intel Mac OS X 10_15_7) AppleWebKit/605.1.15 (KHTML, like Gecko) Version/16.1 Safari/605.1.15"
::ffff:203.10.99.204 - - [22/Nov/2022:06:24:48 +0000] "GET /images/tiger.bmp HTTP/1.1" 304 - "http://www.wadokikai.org/" "Mozilla/5.0 (Macintosh; Intel Mac OS X 10_15_7) AppleWebKit/605.1.15 (KHTML, like Gecko) Version/16.1 Safari/605.1.15"
::ffff:185.191.171.5 - - [22/Nov/2022:06:25:14 +0000] "GET /robots.txt HTTP/1.1" 404 149 "-" "Mozilla/5.0 (compatible; SemrushBot/7~bl; +http://www.semrush.com/bot.html)"
::ffff:185.191.171.15 - - [22/Nov/2022:06:25:14 +0000] "GET /schools HTTP/1.1" 200 97308 "-" "Mozilla/5.0 (compatible; SemrushBot/7~bl; +http://www.semrush.com/bot.html)"
::ffff:51.222.253.13 - - [22/Nov/2022:06:25:57 +0000] "GET /overview.html HTTP/1.1" 404 152 "-" "Mozilla/5.0 (compatible; AhrefsBot/7.0; +http://ahrefs.com/robot/)"
::ffff:192.241.212.215 - - [22/Nov/2022:06:39:35 +0000] "GET /owa/auth/logon.aspx?url=https%3a%2f%2f1%2fecp%2f HTTP/1.1" 404 158 "-" "Mozilla/5.0 zgrab/0.x"
::ffff:203.10.99.204 - - [22/Nov/2022:06:41:28 +0000] "GET /images/dragon-trans.png HTTP/1.1" 304 - "http://www.wadokikai.org/" "Mozilla/5.0 (Macintosh; Intel Mac OS X 10_15_7) AppleWebKit/605.1.15 (KHTML, like Gecko) Version/16.1 Safari/605.1.15"
::ffff:37.139.53.82 - - [22/Nov/2022:06:44:46 +0000] "GET / HTTP/1.0" 200 57378 "http://wadokikai.org/" "Mozilla/5.0 (Windows NT 10.0; Win64; x64) AppleWebKit/537.36 (KHTML, like Gecko) Chrome/83.0.4103.44 Safari/537.36 OPR/69.0.3686.7 (Edition beta)"
::ffff:37.139.53.82 - - [22/Nov/2022:06:44:47 +0000] "POST /sendemail HTTP/1.0" 302 40 "http://wadokikai.org/" "Mozilla/5.0 (Windows NT 10.0; Win64; x64) AppleWebKit/537.36 (KHTML, like Gecko) Chrome/83.0.4103.44 Safari/537.36 OPR/69.0.3686.7 (Edition beta)"
::ffff:37.139.53.82 - - [22/Nov/2022:06:44:48 +0000] "GET /?err=error HTTP/1.0" 200 57930 "http://wadokikai.org/?err=error#signup" "Mozilla/5.0 (Windows NT 10.0; Win64; x64) AppleWebKit/537.36 (KHTML, like Gecko) Chrome/83.0.4103.44 Safari/537.36 OPR/69.0.3686.7 (Edition beta)"
::ffff:203.10.99.204 - - [22/Nov/2022:06:49:48 +0000] "GET /images/tiger.bmp HTTP/1.1" 304 - "http://www.wadokikai.org/" "Mozilla/5.0 (Macintosh; Intel Mac OS X 10_15_7) AppleWebKit/605.1.15 (KHTML, like Gecko) Version/16.1 Safari/605.1.15"
::ffff:51.222.253.13 - - [22/Nov/2022:06:50:21 +0000] "GET /terminology.php HTTP/1.1" 404 154 "-" "Mozilla/5.0 (compatible; AhrefsBot/7.0; +http://ahrefs.com/robot/)"
::ffff:135.125.246.110 - - [22/Nov/2022:07:04:16 +0000] "POST / HTTP/1.1" 404 140 "-" "Mozilla/5.0 (X11; Linux x86_64) AppleWebKit/537.36 (KHTML, like Gecko) Chrome/81.0.4044.129 Safari/537.36"
::ffff:135.125.246.110 - - [22/Nov/2022:07:04:16 +0000] "GET /.env HTTP/1.1" 404 143 "-" "Mozilla/5.0 (X11; Linux x86_64) AppleWebKit/537.36 (KHTML, like Gecko) Chrome/81.0.4044.129 Safari/537.36"
::ffff:85.9.94.39 - - [22/Nov/2022:07:13:46 +0000] "GET / HTTP/1.1" 200 57378 "-" "Mozilla/5.0 (Windows NT 10.0; WOW64) AppleWebKit/537.36 (KHTML, like Gecko) Chrome/51.0.2704.103 Safari/537.36"
::ffff:203.10.99.204 - - [22/Nov/2022:07:14:48 +0000] "GET /images/tiger.bmp HTTP/1.1" 304 - "http://www.wadokikai.org/" "Mozilla/5.0 (Macintosh; Intel Mac OS X 10_15_7) AppleWebKit/605.1.15 (KHTML, like Gecko) Version/16.1 Safari/605.1.15"
::ffff:51.222.253.14 - - [22/Nov/2022:07:15:55 +0000] "GET /contact?s=1&ss=1 HTTP/1.1" 200 9997 "-" "Mozilla/5.0 (compatible; AhrefsBot/7.0; +http://ahrefs.com/robot/)"
::ffff:66.220.149.117 - - [22/Nov/2022:07:16:59 +0000] "GET /images/wkkpatch22_med.png HTTP/1.1" 200 32301 "-" "facebookexternalhit/1.1 (+http://www.facebook.com/externalhit_uatext.php)"
::ffff:203.10.99.204 - - [22/Nov/2022:07:23:08 +0000] "GET /images/wadokikai%20kanji.jpg HTTP/1.1" 304 - "http://www.wadokikai.org/" "Mozilla/5.0 (Macintosh; Intel Mac OS X 10_15_7) AppleWebKit/605.1.15 (KHTML, like Gecko) Version/16.1 Safari/605.1.15"
::ffff:157.55.39.153 - - [22/Nov/2022:07:26:48 +0000] "GET / HTTP/1.1" 200 57378 "-" "Mozilla/5.0 (compatible; bingbot/2.0; +http://www.bing.com/bingbot.htm)"
::ffff:51.222.253.15 - - [22/Nov/2022:07:37:04 +0000] "GET /instructors.php HTTP/1.1" 404 154 "-" "Mozilla/5.0 (compatible; AhrefsBot/7.0; +http://ahrefs.com/robot/)"
::ffff:167.71.10.10 - - [22/Nov/2022:07:41:16 +0000] "GET / HTTP/1.1" 200 57378 "-" "Mozilla/5.0 (Windows NT 10.0; Win64; x64; rv:79.0) Gecko/20100101 Firefox/79.0"
::ffff:173.252.95.2 - - [22/Nov/2022:07:43:21 +0000] "GET /images/wkkpatch22_med.png HTTP/1.1" 200 32301 "-" "facebookexternalhit/1.1 (+http://www.facebook.com/externalhit_uatext.php)"
::ffff:203.10.99.204 - - [22/Nov/2022:07:48:08 +0000] "GET /images/wadokikai%20kanji.jpg HTTP/1.1" 304 - "http://www.wadokikai.org/" "Mozilla/5.0 (Macintosh; Intel Mac OS X 10_15_7) AppleWebKit/605.1.15 (KHTML, like Gecko) Version/16.1 Safari/605.1.15"
::ffff:20.83.209.255 - - [22/Nov/2022:07:51:07 +0000] "GET /.git/config HTTP/1.1" 404 150 "-" "Mozilla/5.0 (Macintosh; Intel Mac OS X 10.15; rv:77.0) Gecko/20100101 Firefox/77.0"
::ffff:20.83.209.255 - - [22/Nov/2022:07:51:10 +0000] "GET /.git/config HTTP/1.1" 404 150 "-" "Mozilla/5.0 (Macintosh; Intel Mac OS X 10.15; rv:77.0) Gecko/20100101 Firefox/77.0"
::ffff:203.10.99.204 - - [22/Nov/2022:07:56:28 +0000] "GET /images/dragon-trans.png HTTP/1.1" 304 - "http://www.wadokikai.org/" "Mozilla/5.0 (Macintosh; Intel Mac OS X 10_15_7) AppleWebKit/605.1.15 (KHTML, like Gecko) Version/16.1 Safari/605.1.15"
::ffff:51.222.253.6 - - [22/Nov/2022:08:04:06 +0000] "GET /contact?s=1&ss=7 HTTP/1.1" 200 9997 "-" "Mozilla/5.0 (compatible; AhrefsBot/7.0; +http://ahrefs.com/robot/)"
::ffff:185.191.171.21 - - [22/Nov/2022:08:13:01 +0000] "GET /robots.txt HTTP/1.1" 404 149 "-" "Mozilla/5.0 (compatible; SemrushBot/7~bl; +http://www.semrush.com/bot.html)"
::ffff:185.191.171.44 - - [22/Nov/2022:08:13:01 +0000] "GET /contact?s=1&ss=5 HTTP/1.1" 200 9997 "-" "Mozilla/5.0 (compatible; SemrushBot/7~bl; +http://www.semrush.com/bot.html)"
::ffff:203.10.99.204 - - [22/Nov/2022:08:13:08 +0000] "GET /images/wadokikai%20kanji.jpg HTTP/1.1" 304 - "http://www.wadokikai.org/" "Mozilla/5.0 (Macintosh; Intel Mac OS X 10_15_7) AppleWebKit/605.1.15 (KHTML, like Gecko) Version/16.1 Safari/605.1.15"
::ffff:203.10.99.204 - - [22/Nov/2022:08:21:28 +0000] "GET /images/dragon-trans.png HTTP/1.1" 304 - "http://www.wadokikai.org/" "Mozilla/5.0 (Macintosh; Intel Mac OS X 10_15_7) AppleWebKit/605.1.15 (KHTML, like Gecko) Version/16.1 Safari/605.1.15"
::ffff:51.222.253.12 - - [22/Nov/2022:08:34:06 +0000] "GET /signup.html HTTP/1.1" 404 150 "-" "Mozilla/5.0 (compatible; AhrefsBot/7.0; +http://ahrefs.com/robot/)"
::ffff:66.249.79.170 - - [22/Nov/2022:08:43:28 +0000] "GET /robots.txt HTTP/1.1" 404 149 "-" "Mozilla/5.0 (compatible; Googlebot/2.1; +http://www.google.com/bot.html)"
::ffff:66.249.79.180 - - [22/Nov/2022:08:43:28 +0000] "GET /robots.txt HTTP/1.1" 404 149 "-" "Mozilla/5.0 (compatible; Googlebot/2.1; +http://www.google.com/bot.html)"
::ffff:203.10.99.204 - - [22/Nov/2022:08:46:28 +0000] "GET /images/dragon-trans.png HTTP/1.1" 304 - "http://www.wadokikai.org/" "Mozilla/5.0 (Macintosh; Intel Mac OS X 10_15_7) AppleWebKit/605.1.15 (KHTML, like Gecko) Version/16.1 Safari/605.1.15"
::ffff:203.10.99.204 - - [22/Nov/2022:08:54:48 +0000] "GET /images/tiger.bmp HTTP/1.1" 304 - "http://www.wadokikai.org/" "Mozilla/5.0 (Macintosh; Intel Mac OS X 10_15_7) AppleWebKit/605.1.15 (KHTML, like Gecko) Version/16.1 Safari/605.1.15"
::ffff:114.119.145.194 - - [22/Nov/2022:09:00:18 +0000] "GET /images/tournaments/2022LEAGUEDivisions.pdf HTTP/1.1" 200 766218 "http://34.212.47.6/events" "Mozilla/5.0 (Linux; Android 7.0;) AppleWebKit/537.36 (KHTML, like Gecko) Mobile Safari/537.36 (compatible; PetalBot;+https://webmaster.petalsearch.com/site/petalbot)"
::ffff:114.119.145.192 - - [22/Nov/2022:09:05:24 +0000] "GET /contact?s=1&ss=7 HTTP/1.1" 200 9997 "http://34.212.47.6/" "Mozilla/5.0 (Linux; Android 7.0;) AppleWebKit/537.36 (KHTML, like Gecko) Mobile Safari/537.36 (compatible; PetalBot;+https://webmaster.petalsearch.com/site/petalbot)"
::ffff:135.125.246.110 - - [22/Nov/2022:09:07:16 +0000] "POST / HTTP/1.1" 404 140 "-" "Mozilla/5.0 (X11; Linux x86_64) AppleWebKit/537.36 (KHTML, like Gecko) Chrome/81.0.4044.129 Safari/537.36"
::ffff:135.125.246.110 - - [22/Nov/2022:09:07:16 +0000] "GET /.env HTTP/1.1" 404 143 "-" "Mozilla/5.0 (X11; Linux x86_64) AppleWebKit/537.36 (KHTML, like Gecko) Chrome/81.0.4044.129 Safari/537.36"
::ffff:51.222.253.3 - - [22/Nov/2022:09:11:01 +0000] "GET /index.html HTTP/1.1" 404 149 "-" "Mozilla/5.0 (compatible; AhrefsBot/7.0; +http://ahrefs.com/robot/)"
::ffff:66.249.79.165 - - [22/Nov/2022:09:13:28 +0000] "GET /robots.txt HTTP/1.1" 404 149 "-" "Mozilla/5.0 (compatible; Googlebot/2.1; +http://www.google.com/bot.html)"
::ffff:203.10.99.204 - - [22/Nov/2022:09:53:08 +0000] "GET /images/wadokikai%20kanji.jpg HTTP/1.1" 304 - "http://www.wadokikai.org/" "Mozilla/5.0 (Macintosh; Intel Mac OS X 10_15_7) AppleWebKit/605.1.15 (KHTML, like Gecko) Version/16.1 Safari/605.1.15"
::ffff:51.222.253.17 - - [22/Nov/2022:09:58:06 +0000] "GET /contact HTTP/1.1" 200 10017 "-" "Mozilla/5.0 (compatible; AhrefsBot/7.0; +http://ahrefs.com/robot/)"
::ffff:156.239.159.2 - - [22/Nov/2022:10:00:07 +0000] "GET / HTTP/1.1" 200 57378 "http://34.212.47.6:80/left.html" "Mozilla/5.0 (X11; Ubuntu; Linux x86_64; rv:77.0) Gecko/20100101 Firefox/77.0"
::ffff:203.10.99.204 - - [22/Nov/2022:10:01:28 +0000] "GET /images/dragon-trans.png HTTP/1.1" 304 - "http://www.wadokikai.org/" "Mozilla/5.0 (Macintosh; Intel Mac OS X 10_15_7) AppleWebKit/605.1.15 (KHTML, like Gecko) Version/16.1 Safari/605.1.15"
::ffff:203.10.99.204 - - [22/Nov/2022:10:18:08 +0000] "GET /images/wadokikai%20kanji.jpg HTTP/1.1" 304 - "http://www.wadokikai.org/" "Mozilla/5.0 (Macintosh; Intel Mac OS X 10_15_7) AppleWebKit/605.1.15 (KHTML, like Gecko) Version/16.1 Safari/605.1.15"
::ffff:203.10.99.204 - - [22/Nov/2022:10:26:28 +0000] "GET /images/dragon-trans.png HTTP/1.1" 304 - "http://www.wadokikai.org/" "Mozilla/5.0 (Macintosh; Intel Mac OS X 10_15_7) AppleWebKit/605.1.15 (KHTML, like Gecko) Version/16.1 Safari/605.1.15"
::ffff:192.241.209.34 - - [22/Nov/2022:10:36:00 +0000] "GET /manager/text/list HTTP/1.1" 404 156 "-" "Mozilla/5.0 zgrab/0.x"
::ffff:129.146.61.255 - - [22/Nov/2022:10:36:28 +0000] "HEAD / HTTP/1.1" 200 57378 "-" "Mozilla/5.0 (Linux; U; Android 4.4.2; en-US; HM NOTE 1W Build/KOT49H) AppleWebKit/534.30 (KHTML, like Gecko) Version/4.0 UCBrowser/11.0.5.850 U3/0.8.0 Mobile Safari/534.30"
::ffff:129.146.61.255 - - [22/Nov/2022:10:36:28 +0000] "GET /.env HTTP/1.1" 404 143 "-" "Mozilla/5.0 (Linux; U; Android 4.4.2; en-US; HM NOTE 1W Build/KOT49H) AppleWebKit/534.30 (KHTML, like Gecko) Version/4.0 UCBrowser/11.0.5.850 U3/0.8.0 Mobile Safari/534.30"
::ffff:129.146.61.255 - - [22/Nov/2022:10:36:28 +0000] "POST / HTTP/1.1" 404 140 "-" "Mozilla/5.0 (Linux; U; Android 4.4.2; en-US; HM NOTE 1W Build/KOT49H) AppleWebKit/534.30 (KHTML, like Gecko) Version/4.0 UCBrowser/11.0.5.850 U3/0.8.0 Mobile Safari/534.30"
::ffff:129.146.61.255 - - [22/Nov/2022:10:36:28 +0000] "GET /.env HTTP/1.1" 404 143 "-" "Mozilla/5.0 (Linux; U; Android 4.4.2; en-US; HM NOTE 1W Build/KOT49H) AppleWebKit/534.30 (KHTML, like Gecko) Version/4.0 UCBrowser/11.0.5.850 U3/0.8.0 Mobile Safari/534.30"
::ffff:129.146.61.255 - - [22/Nov/2022:10:36:29 +0000] "POST / HTTP/1.1" 404 140 "-" "Mozilla/5.0 (Linux; U; Android 4.4.2; en-US; HM NOTE 1W Build/KOT49H) AppleWebKit/534.30 (KHTML, like Gecko) Version/4.0 UCBrowser/11.0.5.850 U3/0.8.0 Mobile Safari/534.30"
::ffff:129.146.61.255 - - [22/Nov/2022:10:36:31 +0000] "GET /.env HTTP/1.1" 404 143 "-" "Mozilla/5.0 (Linux; U; Android 4.4.2; en-US; HM NOTE 1W Build/KOT49H) AppleWebKit/534.30 (KHTML, like Gecko) Version/4.0 UCBrowser/11.0.5.850 U3/0.8.0 Mobile Safari/534.30"
::ffff:129.146.61.255 - - [22/Nov/2022:10:36:31 +0000] "POST / HTTP/1.1" 404 140 "-" "Mozilla/5.0 (Linux; U; Android 4.4.2; en-US; HM NOTE 1W Build/KOT49H) AppleWebKit/534.30 (KHTML, like Gecko) Version/4.0 UCBrowser/11.0.5.850 U3/0.8.0 Mobile Safari/534.30"
::ffff:95.214.235.205 - - [22/Nov/2022:10:37:56 +0000] "GET /.env HTTP/1.1" 404 143 "-" "Mozilla/5.0 (X11; Linux x86_64) AppleWebKit/537.36 (KHTML, like Gecko) Chrome/81.0.4044.129 Safari/537.36"
::ffff:95.214.235.205 - - [22/Nov/2022:10:37:57 +0000] "POST / HTTP/1.1" 404 140 "-" "Mozilla/5.0 (X11; Linux x86_64) AppleWebKit/537.36 (KHTML, like Gecko) Chrome/81.0.4044.129 Safari/537.36"
::ffff:157.55.39.153 - - [22/Nov/2022:10:40:04 +0000] "GET /images/books/bobook.gif HTTP/1.1" 200 6919 "-" "Mozilla/5.0 AppleWebKit/537.36 (KHTML, like Gecko; compatible; bingbot/2.0; +http://www.bing.com/bingbot.htm) Chrome/103.0.5060.134 Safari/537.36"
::ffff:51.222.253.8 - - [22/Nov/2022:10:44:55 +0000] "GET /schools HTTP/1.1" 200 97308 "-" "Mozilla/5.0 (compatible; AhrefsBot/7.0; +http://ahrefs.com/robot/)"
::ffff:18.210.22.176 - - [22/Nov/2022:10:51:06 +0000] "GET /.aws/credentials HTTP/1.1" 404 155 "-" "Mozilla/5.0 (X11; Linux x86_64) AppleWebKit/537.36 (KHTML, like Gecko) Chrome/81.0.4044.129 Safari/537.36"
::ffff:18.210.22.176 - - [22/Nov/2022:10:51:07 +0000] "GET /ses/credentials HTTP/1.1" 404 154 "-" "Mozilla/5.0 (X11; Linux x86_64) AppleWebKit/537.36 (KHTML, like Gecko) Chrome/81.0.4044.129 Safari/537.36"
::ffff:18.210.22.176 - - [22/Nov/2022:10:51:07 +0000] "GET /env.js HTTP/1.1" 404 145 "-" "Mozilla/5.0 (X11; Linux x86_64) AppleWebKit/537.36 (KHTML, like Gecko) Chrome/81.0.4044.129 Safari/537.36"
::ffff:18.210.22.176 - - [22/Nov/2022:10:51:07 +0000] "GET /env.json HTTP/1.1" 404 147 "-" "Mozilla/5.0 (X11; Linux x86_64) AppleWebKit/537.36 (KHTML, like Gecko) Chrome/81.0.4044.129 Safari/537.36"
::ffff:18.210.22.176 - - [22/Nov/2022:10:51:07 +0000] "GET /env.development.js HTTP/1.1" 404 157 "-" "Mozilla/5.0 (X11; Linux x86_64) AppleWebKit/537.36 (KHTML, like Gecko) Chrome/81.0.4044.129 Safari/537.36"
::ffff:18.210.22.176 - - [22/Nov/2022:10:51:08 +0000] "GET /env.production.js HTTP/1.1" 404 156 "-" "Mozilla/5.0 (X11; Linux x86_64) AppleWebKit/537.36 (KHTML, like Gecko) Chrome/81.0.4044.129 Safari/537.36"
::ffff:18.210.22.176 - - [22/Nov/2022:10:51:08 +0000] "GET /env.test.js HTTP/1.1" 404 150 "-" "Mozilla/5.0 (X11; Linux x86_64) AppleWebKit/537.36 (KHTML, like Gecko) Chrome/81.0.4044.129 Safari/537.36"
::ffff:18.210.22.176 - - [22/Nov/2022:10:51:08 +0000] "GET /env.dev.js HTTP/1.1" 404 149 "-" "Mozilla/5.0 (X11; Linux x86_64) AppleWebKit/537.36 (KHTML, like Gecko) Chrome/81.0.4044.129 Safari/537.36"
::ffff:18.210.22.176 - - [22/Nov/2022:10:51:08 +0000] "GET /env.prod.js HTTP/1.1" 404 150 "-" "Mozilla/5.0 (X11; Linux x86_64) AppleWebKit/537.36 (KHTML, like Gecko) Chrome/81.0.4044.129 Safari/537.36"
::ffff:18.210.22.176 - - [22/Nov/2022:10:51:08 +0000] "GET /server.js HTTP/1.1" 404 148 "-" "Mozilla/5.0 (X11; Linux x86_64) AppleWebKit/537.36 (KHTML, like Gecko) Chrome/81.0.4044.129 Safari/537.36"
::ffff:18.210.22.176 - - [22/Nov/2022:10:51:09 +0000] "GET /environments.json HTTP/1.1" 404 156 "-" "Mozilla/5.0 (X11; Linux x86_64) AppleWebKit/537.36 (KHTML, like Gecko) Chrome/81.0.4044.129 Safari/537.36"
::ffff:18.210.22.176 - - [22/Nov/2022:10:51:09 +0000] "GET /aws-key.yml HTTP/1.1" 404 150 "-" "Mozilla/5.0 (X11; Linux x86_64) AppleWebKit/537.36 (KHTML, like Gecko) Chrome/81.0.4044.129 Safari/537.36"
::ffff:18.210.22.176 - - [22/Nov/2022:10:51:09 +0000] "GET /aws_config.js HTTP/1.1" 404 152 "-" "Mozilla/5.0 (X11; Linux x86_64) AppleWebKit/537.36 (KHTML, like Gecko) Chrome/81.0.4044.129 Safari/537.36"
::ffff:18.210.22.176 - - [22/Nov/2022:10:51:09 +0000] "GET /ses.js HTTP/1.1" 404 145 "-" "Mozilla/5.0 (X11; Linux x86_64) AppleWebKit/537.36 (KHTML, like Gecko) Chrome/81.0.4044.129 Safari/537.36"
::ffff:18.210.22.176 - - [22/Nov/2022:10:51:10 +0000] "GET /aws.yml HTTP/1.1" 404 146 "-" "Mozilla/5.0 (X11; Linux x86_64) AppleWebKit/537.36 (KHTML, like Gecko) Chrome/81.0.4044.129 Safari/537.36"
::ffff:18.210.22.176 - - [22/Nov/2022:10:51:10 +0000] "GET /upload.js HTTP/1.1" 404 148 "-" "Mozilla/5.0 (X11; Linux x86_64) AppleWebKit/537.36 (KHTML, like Gecko) Chrome/81.0.4044.129 Safari/537.36"
::ffff:18.210.22.176 - - [22/Nov/2022:10:51:10 +0000] "GET /index.js HTTP/1.1" 404 147 "-" "Mozilla/5.0 (X11; Linux x86_64) AppleWebKit/537.36 (KHTML, like Gecko) Chrome/81.0.4044.129 Safari/537.36"
::ffff:18.210.22.176 - - [22/Nov/2022:10:51:10 +0000] "GET /index.json HTTP/1.1" 404 149 "-" "Mozilla/5.0 (X11; Linux x86_64) AppleWebKit/537.36 (KHTML, like Gecko) Chrome/81.0.4044.129 Safari/537.36"
::ffff:18.210.22.176 - - [22/Nov/2022:10:51:10 +0000] "GET /test-env.json HTTP/1.1" 404 152 "-" "Mozilla/5.0 (X11; Linux x86_64) AppleWebKit/537.36 (KHTML, like Gecko) Chrome/81.0.4044.129 Safari/537.36"
::ffff:18.210.22.176 - - [22/Nov/2022:10:51:11 +0000] "GET /api.js HTTP/1.1" 404 145 "-" "Mozilla/5.0 (X11; Linux x86_64) AppleWebKit/537.36 (KHTML, like Gecko) Chrome/81.0.4044.129 Safari/537.36"
::ffff:18.210.22.176 - - [22/Nov/2022:10:51:11 +0000] "GET /aws.js HTTP/1.1" 404 145 "-" "Mozilla/5.0 (X11; Linux x86_64) AppleWebKit/537.36 (KHTML, like Gecko) Chrome/81.0.4044.129 Safari/537.36"
::ffff:18.210.22.176 - - [22/Nov/2022:10:51:11 +0000] "GET /admin.js HTTP/1.1" 404 147 "-" "Mozilla/5.0 (X11; Linux x86_64) AppleWebKit/537.36 (KHTML, like Gecko) Chrome/81.0.4044.129 Safari/537.36"
::ffff:18.210.22.176 - - [22/Nov/2022:10:51:11 +0000] "GET /server.js HTTP/1.1" 404 148 "-" "Mozilla/5.0 (X11; Linux x86_64) AppleWebKit/537.36 (KHTML, like Gecko) Chrome/81.0.4044.129 Safari/537.36"
::ffff:18.210.22.176 - - [22/Nov/2022:10:51:11 +0000] "GET /aws_config.js HTTP/1.1" 404 152 "-" "Mozilla/5.0 (X11; Linux x86_64) AppleWebKit/537.36 (KHTML, like Gecko) Chrome/81.0.4044.129 Safari/537.36"
::ffff:18.210.22.176 - - [22/Nov/2022:10:51:12 +0000] "GET /config/aws.js HTTP/1.1" 404 152 "-" "Mozilla/5.0 (X11; Linux x86_64) AppleWebKit/537.36 (KHTML, like Gecko) Chrome/81.0.4044.129 Safari/537.36"
::ffff:18.210.22.176 - - [22/Nov/2022:10:51:12 +0000] "GET /aws_info.env HTTP/1.1" 404 151 "-" "Mozilla/5.0 (X11; Linux x86_64) AppleWebKit/537.36 (KHTML, like Gecko) Chrome/81.0.4044.129 Safari/537.36"
::ffff:18.210.22.176 - - [22/Nov/2022:10:51:12 +0000] "GET /aws.env HTTP/1.1" 404 146 "-" "Mozilla/5.0 (X11; Linux x86_64) AppleWebKit/537.36 (KHTML, like Gecko) Chrome/81.0.4044.129 Safari/537.36"
::ffff:18.210.22.176 - - [22/Nov/2022:10:51:12 +0000] "GET /info.js HTTP/1.1" 404 146 "-" "Mozilla/5.0 (X11; Linux x86_64) AppleWebKit/537.36 (KHTML, like Gecko) Chrome/81.0.4044.129 Safari/537.36"
::ffff:18.210.22.176 - - [22/Nov/2022:10:51:13 +0000] "POST / HTTP/1.1" 404 140 "-" "Mozilla/5.0 (X11; Linux x86_64) AppleWebKit/537.36 (KHTML, like Gecko) Chrome/81.0.4044.129 Safari/537.36"
::ffff:18.210.22.176 - - [22/Nov/2022:10:51:13 +0000] "GET /phpinfo HTTP/1.1" 404 146 "-" "Mozilla/5.0 (X11; Linux x86_64) AppleWebKit/537.36 (KHTML, like Gecko) Chrome/81.0.4044.129 Safari/537.36"
::ffff:18.210.22.176 - - [22/Nov/2022:10:51:13 +0000] "GET /.env.www HTTP/1.1" 404 147 "-" "Mozilla/5.0 (X11; Linux x86_64) AppleWebKit/537.36 (KHTML, like Gecko) Chrome/81.0.4044.129 Safari/537.36"
::ffff:18.210.22.176 - - [22/Nov/2022:10:51:13 +0000] "GET /.env_1 HTTP/1.1" 404 145 "-" "Mozilla/5.0 (X11; Linux x86_64) AppleWebKit/537.36 (KHTML, like Gecko) Chrome/81.0.4044.129 Safari/537.36"
::ffff:18.210.22.176 - - [22/Nov/2022:10:51:13 +0000] "GET /.env_sample HTTP/1.1" 404 150 "-" "Mozilla/5.0 (X11; Linux x86_64) AppleWebKit/537.36 (KHTML, like Gecko) Chrome/81.0.4044.129 Safari/537.36"
::ffff:18.210.22.176 - - [22/Nov/2022:10:51:14 +0000] "GET /.env.%7B%7BDN%7D%7D HTTP/1.1" 404 158 "-" "Mozilla/5.0 (X11; Linux x86_64) AppleWebKit/537.36 (KHTML, like Gecko) Chrome/81.0.4044.129 Safari/537.36"
::ffff:18.210.22.176 - - [22/Nov/2022:10:51:14 +0000] "GET /.env.%7B%7BSD%7D%7D HTTP/1.1" 404 158 "-" "Mozilla/5.0 (X11; Linux x86_64) AppleWebKit/537.36 (KHTML, like Gecko) Chrome/81.0.4044.129 Safari/537.36"
::ffff:18.210.22.176 - - [22/Nov/2022:10:51:14 +0000] "GET /api/.env HTTP/1.1" 404 147 "-" "Mozilla/5.0 (X11; Linux x86_64) AppleWebKit/537.36 (KHTML, like Gecko) Chrome/81.0.4044.129 Safari/537.36"
::ffff:203.10.99.204 - - [22/Nov/2022:10:51:28 +0000] "GET /images/dragon-trans.png HTTP/1.1" 304 - "http://www.wadokikai.org/" "Mozilla/5.0 (Macintosh; Intel Mac OS X 10_15_7) AppleWebKit/605.1.15 (KHTML, like Gecko) Version/16.1 Safari/605.1.15"
::ffff:203.10.99.204 - - [22/Nov/2022:10:59:48 +0000] "GET /images/tiger.bmp HTTP/1.1" 304 - "http://www.wadokikai.org/" "Mozilla/5.0 (Macintosh; Intel Mac OS X 10_15_7) AppleWebKit/605.1.15 (KHTML, like Gecko) Version/16.1 Safari/605.1.15"
::ffff:135.125.246.110 - - [22/Nov/2022:11:00:49 +0000] "POST / HTTP/1.1" 404 140 "-" "Mozilla/5.0 (X11; Linux x86_64) AppleWebKit/537.36 (KHTML, like Gecko) Chrome/81.0.4044.129 Safari/537.36"
::ffff:135.125.246.110 - - [22/Nov/2022:11:00:50 +0000] "GET /.env HTTP/1.1" 404 143 "-" "Mozilla/5.0 (X11; Linux x86_64) AppleWebKit/537.36 (KHTML, like Gecko) Chrome/81.0.4044.129 Safari/537.36"
::ffff:203.10.99.204 - - [22/Nov/2022:11:16:28 +0000] "GET /images/dragon-trans.png HTTP/1.1" 304 - "http://www.wadokikai.org/" "Mozilla/5.0 (Macintosh; Intel Mac OS X 10_15_7) AppleWebKit/605.1.15 (KHTML, like Gecko) Version/16.1 Safari/605.1.15"
::ffff:157.55.39.159 - - [22/Nov/2022:11:20:14 +0000] "GET /schools HTTP/1.1" 200 97308 "-" "Mozilla/5.0 (compatible; bingbot/2.0; +http://www.bing.com/bingbot.htm)"
::ffff:207.46.13.118 - - [22/Nov/2022:11:20:31 +0000] "GET /images/fbpic.webp HTTP/1.1" 200 986 "-" "Mozilla/5.0 (compatible; bingbot/2.0; +http://www.bing.com/bingbot.htm)"
::ffff:207.46.13.118 - - [22/Nov/2022:11:20:31 +0000] "GET /images/igpic.webp HTTP/1.1" 200 1328 "-" "Mozilla/5.0 AppleWebKit/537.36 (KHTML, like Gecko; compatible; bingbot/2.0; +http://www.bing.com/bingbot.htm) Chrome/103.0.5060.134 Safari/537.36"
::ffff:157.55.39.153 - - [22/Nov/2022:11:20:39 +0000] "GET /css/wadokikai.css HTTP/1.1" 200 4337 "-" "Mozilla/5.0 AppleWebKit/537.36 (KHTML, like Gecko; compatible; bingbot/2.0; +http://www.bing.com/bingbot.htm) Chrome/103.0.5060.134 Safari/537.36"
::ffff:185.36.81.21 - - [22/Nov/2022:11:21:16 +0000] "GET /FCKeditor/editor/filemanager/browser/default/connectors/php/connector.php?Command=GetFoldersAndFiles&Type=File&CurrentFolder= HTTP/1.0" 404 212 "-" "Mozilla/5.0 (Windows NT 6.3; Win64; x64) AppleWebKit/537.36 (KHTML, like Gecko) Chrome/75.0.3770.100 Safari/537.36"
::ffff:203.10.99.204 - - [22/Nov/2022:11:24:48 +0000] "GET /images/tiger.bmp HTTP/1.1" 304 - "http://www.wadokikai.org/" "Mozilla/5.0 (Macintosh; Intel Mac OS X 10_15_7) AppleWebKit/605.1.15 (KHTML, like Gecko) Version/16.1 Safari/605.1.15"
::ffff:192.241.212.70 - - [22/Nov/2022:11:29:09 +0000] "GET /manager/html HTTP/1.1" 404 151 "-" "Mozilla/5.0 zgrab/0.x"
::ffff:185.254.196.115 - - [22/Nov/2022:11:33:55 +0000] "GET /.env HTTP/1.1" 404 143 "-" "Mozilla/5.0 (X11; Linux x86_64) AppleWebKit/537.36 (KHTML, like Gecko) Chrome/81.0.4044.129 Safari/537.36"
::ffff:185.254.196.115 - - [22/Nov/2022:11:33:56 +0000] "POST / HTTP/1.1" 404 140 "-" "Mozilla/5.0 (X11; Linux x86_64) AppleWebKit/537.36 (KHTML, like Gecko) Chrome/81.0.4044.129 Safari/537.36"
::ffff:207.46.13.187 - - [22/Nov/2022:11:40:30 +0000] "GET /images/books/grappingmethod.jpg HTTP/1.1" 200 4025 "-" "Mozilla/5.0 (compatible; bingbot/2.0; +http://www.bing.com/bingbot.htm)"
::ffff:51.222.253.5 - - [22/Nov/2022:11:47:14 +0000] "GET /dojoprocedures.html HTTP/1.1" 404 158 "-" "Mozilla/5.0 (compatible; AhrefsBot/7.0; +http://ahrefs.com/robot/)"
::ffff:203.10.99.204 - - [22/Nov/2022:11:49:48 +0000] "GET /images/tiger.bmp HTTP/1.1" 304 - "http://www.wadokikai.org/" "Mozilla/5.0 (Macintosh; Intel Mac OS X 10_15_7) AppleWebKit/605.1.15 (KHTML, like Gecko) Version/16.1 Safari/605.1.15"
::ffff:203.10.99.204 - - [22/Nov/2022:11:58:08 +0000] "GET /images/wadokikai%20kanji.jpg HTTP/1.1" 304 - "http://www.wadokikai.org/" "Mozilla/5.0 (Macintosh; Intel Mac OS X 10_15_7) AppleWebKit/605.1.15 (KHTML, like Gecko) Version/16.1 Safari/605.1.15"
::ffff:135.125.246.110 - - [22/Nov/2022:12:03:23 +0000] "POST / HTTP/1.1" 404 140 "-" "Mozilla/5.0 (X11; Linux x86_64) AppleWebKit/537.36 (KHTML, like Gecko) Chrome/81.0.4044.129 Safari/537.36"
::ffff:135.125.246.110 - - [22/Nov/2022:12:03:24 +0000] "GET /.env HTTP/1.1" 404 143 "-" "Mozilla/5.0 (X11; Linux x86_64) AppleWebKit/537.36 (KHTML, like Gecko) Chrome/81.0.4044.129 Safari/537.36"
::ffff:40.77.167.4 - - [22/Nov/2022:12:08:03 +0000] "GET /images/books/emptyHand.jpg HTTP/1.1" 200 12021 "-" "Mozilla/5.0 (compatible; bingbot/2.0; +http://www.bing.com/bingbot.htm)"
::ffff:203.10.99.204 - - [22/Nov/2022:12:23:08 +0000] "GET /images/wadokikai%20kanji.jpg HTTP/1.1" 304 - "http://www.wadokikai.org/" "Mozilla/5.0 (Macintosh; Intel Mac OS X 10_15_7) AppleWebKit/605.1.15 (KHTML, like Gecko) Version/16.1 Safari/605.1.15"
::ffff:51.222.253.6 - - [22/Nov/2022:12:23:38 +0000] "GET /contact?s=1&ss=0 HTTP/1.1" 200 9997 "-" "Mozilla/5.0 (compatible; AhrefsBot/7.0; +http://ahrefs.com/robot/)"
::ffff:203.10.99.204 - - [22/Nov/2022:12:31:28 +0000] "GET /images/dragon-trans.png HTTP/1.1" 304 - "http://www.wadokikai.org/" "Mozilla/5.0 (Macintosh; Intel Mac OS X 10_15_7) AppleWebKit/605.1.15 (KHTML, like Gecko) Version/16.1 Safari/605.1.15"
::ffff:138.246.253.24 - - [22/Nov/2022:12:33:46 +0000] "GET /robots.txt HTTP/1.1" 404 149 "-" "Mozilla/5.0 (Windows NT 10.0; Win64; x64) AppleWebKit/537.36 (KHTML, like Gecko) Chrome/103.0.5060.134 Safari/537.36"
::ffff:203.10.99.204 - - [22/Nov/2022:12:48:08 +0000] "GET /images/wadokikai%20kanji.jpg HTTP/1.1" 304 - "http://www.wadokikai.org/" "Mozilla/5.0 (Macintosh; Intel Mac OS X 10_15_7) AppleWebKit/605.1.15 (KHTML, like Gecko) Version/16.1 Safari/605.1.15"
::ffff:103.254.56.155 - - [22/Nov/2022:12:56:13 +0000] "GET / HTTP/1.1" 200 57378 "-" "Mozilla/5.0 (Windows NT 6.1; WOW64) AppleWebKit/537.36 (KHTML, like Gecko) Chrome/51.0.2704.103 Safari/537.36"
::ffff:203.10.99.204 - - [22/Nov/2022:12:56:28 +0000] "GET /images/dragon-trans.png HTTP/1.1" 304 - "http://www.wadokikai.org/" "Mozilla/5.0 (Macintosh; Intel Mac OS X 10_15_7) AppleWebKit/605.1.15 (KHTML, like Gecko) Version/16.1 Safari/605.1.15"
::ffff:40.77.167.4 - - [22/Nov/2022:12:58:39 +0000] "GET / HTTP/1.1" 200 57378 "-" "Mozilla/5.0 (compatible; bingbot/2.0; +http://www.bing.com/bingbot.htm)"
::ffff:207.46.13.118 - - [22/Nov/2022:13:05:00 +0000] "GET /sfdojo/index.php?pageId=7 HTTP/1.1" 404 155 "-" "Mozilla/5.0 (compatible; bingbot/2.0; +http://www.bing.com/bingbot.htm)"
::ffff:54.36.148.22 - - [22/Nov/2022:13:05:11 +0000] "GET /robots.txt HTTP/1.1" 404 149 "-" "Mozilla/5.0 (compatible; AhrefsBot/7.0; +http://ahrefs.com/robot/)"
::ffff:51.222.253.5 - - [22/Nov/2022:13:05:12 +0000] "GET /contact?s=1&ss=3 HTTP/1.1" 200 9997 "-" "Mozilla/5.0 (compatible; AhrefsBot/7.0; +http://ahrefs.com/robot/)"
::ffff:37.139.53.82 - - [22/Nov/2022:13:09:57 +0000] "GET / HTTP/1.0" 200 57378 "http://wadokikai.org/" "Mozilla/5.0 (Windows NT 6.1; Win64; x64) AppleWebKit/537.36 (KHTML, like Gecko) Chrome/83.0.4103.61 Safari/537.36"
::ffff:37.139.53.82 - - [22/Nov/2022:13:09:57 +0000] "POST /sendemail HTTP/1.0" 302 40 "http://wadokikai.org/" "Mozilla/5.0 (Windows NT 6.1; Win64; x64) AppleWebKit/537.36 (KHTML, like Gecko) Chrome/83.0.4103.61 Safari/537.36"
::ffff:37.139.53.82 - - [22/Nov/2022:13:09:58 +0000] "GET /?err=error HTTP/1.0" 200 57930 "http://wadokikai.org/?err=error#signup" "Mozilla/5.0 (Windows NT 6.1; Win64; x64) AppleWebKit/537.36 (KHTML, like Gecko) Chrome/83.0.4103.61 Safari/537.36"
::ffff:113.108.9.38 - - [22/Nov/2022:13:12:04 +0000] "GET / HTTP/1.1" 200 57378 "-" "Mozilla/5.0 (iPhone; CPU iPhone OS 13_2_3 like Mac OS X) AppleWebKit/605.1.15 (KHTML, like Gecko) Version/13.0.3 Mobile/15E148 Safari/604.1"
::ffff:44.201.91.145 - - [22/Nov/2022:13:14:37 +0000] "GET /aaaaaaaaaaaaaaaaaaaaaaaaaqr HTTP/1.1" 404 166 "-" "Mozilla/5.0 (Windows NT 10.0; Win64; x64) AppleWebKit/537.36 (KHTML, like Gecko) Chrome/103.0.0.0 Safari/537.36"
::ffff:44.201.91.145 - - [22/Nov/2022:13:14:37 +0000] "GET /99vt HTTP/1.1" 404 143 "-" "Mozilla/5.0 (Windows NT 10.0; Win64; x64) AppleWebKit/537.36 (KHTML, like Gecko) Chrome/103.0.0.0 Safari/537.36"
::ffff:44.201.91.145 - - [22/Nov/2022:13:14:37 +0000] "GET /robots.txt HTTP/1.1" 404 149 "-" "Mozilla/5.0 (Windows NT 10.0; Win64; x64) AppleWebKit/537.36 (KHTML, like Gecko) Chrome/103.0.0.0 Safari/537.36"
::ffff:44.201.91.145 - - [22/Nov/2022:13:14:37 +0000] "GET /robots.txt HTTP/1.1" 404 149 "-" "Mozilla/5.0 (Windows NT 10.0; Win64; x64) AppleWebKit/537.36 (KHTML, like Gecko) Chrome/103.0.0.0 Safari/537.36"
::ffff:44.201.91.145 - - [22/Nov/2022:13:14:37 +0000] "GET / HTTP/1.1" 200 57378 "-" "Mozilla/5.0 (Windows NT 10.0; Win64; x64) AppleWebKit/537.36 (KHTML, like Gecko) Chrome/103.0.0.0 Safari/537.36"
::ffff:44.201.91.145 - - [22/Nov/2022:13:14:37 +0000] "GET /aaaaaaaaaaaaaaaaaaaaaaaaaqr HTTP/1.1" 404 166 "-" "Mozilla/5.0 (Windows NT 10.0; Win64; x64) AppleWebKit/537.36 (KHTML, like Gecko) Chrome/103.0.0.0 Safari/537.36"
::ffff:44.201.91.145 - - [22/Nov/2022:13:14:37 +0000] "GET /robots.txt HTTP/1.1" 404 149 "-" "Mozilla/5.0 (Windows NT 10.0; Win64; x64) AppleWebKit/537.36 (KHTML, like Gecko) Chrome/103.0.0.0 Safari/537.36"
::ffff:44.201.91.145 - - [22/Nov/2022:13:14:37 +0000] "GET / HTTP/1.1" 200 57378 "-" "Mozilla/5.0 (Windows NT 10.0; Win64; x64) AppleWebKit/537.36 (KHTML, like Gecko) Chrome/103.0.0.0 Safari/537.36"
::ffff:44.201.91.145 - - [22/Nov/2022:13:14:37 +0000] "GET /99vu HTTP/1.1" 404 143 "-" "Mozilla/5.0 (Windows NT 10.0; Win64; x64) AppleWebKit/537.36 (KHTML, like Gecko) Chrome/103.0.0.0 Safari/537.36"
::ffff:44.201.91.145 - - [22/Nov/2022:13:14:37 +0000] "GET /robots.txt HTTP/1.1" 404 149 "-" "Mozilla/5.0 (Windows NT 10.0; Win64; x64) AppleWebKit/537.36 (KHTML, like Gecko) Chrome/103.0.0.0 Safari/537.36"
::ffff:44.201.91.145 - - [22/Nov/2022:13:14:37 +0000] "GET /99vt HTTP/1.1" 404 143 "-" "Mozilla/5.0 (Windows NT 10.0; Win64; x64) AppleWebKit/537.36 (KHTML, like Gecko) Chrome/103.0.0.0 Safari/537.36"
::ffff:44.201.91.145 - - [22/Nov/2022:13:14:37 +0000] "GET /99vu HTTP/1.1" 404 143 "-" "Mozilla/5.0 (Windows NT 10.0; Win64; x64) AppleWebKit/537.36 (KHTML, like Gecko) Chrome/103.0.0.0 Safari/537.36"
::ffff:185.254.196.115 - - [22/Nov/2022:13:20:56 +0000] "GET /.env HTTP/1.1" 404 143 "-" "Mozilla/5.0 (X11; Linux x86_64) AppleWebKit/537.36 (KHTML, like Gecko) Chrome/81.0.4044.129 Safari/537.36"
::ffff:185.254.196.115 - - [22/Nov/2022:13:20:57 +0000] "POST / HTTP/1.1" 404 140 "-" "Mozilla/5.0 (X11; Linux x86_64) AppleWebKit/537.36 (KHTML, like Gecko) Chrome/81.0.4044.129 Safari/537.36"
::ffff:203.10.99.204 - - [22/Nov/2022:13:21:28 +0000] "GET /images/dragon-trans.png HTTP/1.1" 304 - "http://www.wadokikai.org/" "Mozilla/5.0 (Macintosh; Intel Mac OS X 10_15_7) AppleWebKit/605.1.15 (KHTML, like Gecko) Version/16.1 Safari/605.1.15"
::ffff:94.102.61.10 - - [22/Nov/2022:13:24:12 +0000] "GET / HTTP/1.1" 200 57378 "-" "Mozilla/5.0 (Windows NT 10.0; Win64; x64) AppleWebKit/537.36 (KHTML, like Gecko) Chrome/88.0.4324.190 Safari/537.36"
::ffff:203.10.99.204 - - [22/Nov/2022:13:29:48 +0000] "GET /images/tiger.bmp HTTP/1.1" 304 - "http://www.wadokikai.org/" "Mozilla/5.0 (Macintosh; Intel Mac OS X 10_15_7) AppleWebKit/605.1.15 (KHTML, like Gecko) Version/16.1 Safari/605.1.15"
::ffff:141.255.166.2 - - [22/Nov/2022:13:35:48 +0000] "GET / HTTP/1.1" 200 57378 "-" "Hello World"
::ffff:109.239.58.107 - - [22/Nov/2022:13:37:58 +0000] "GET / HTTP/1.1" 200 57378 "-" "Mozilla/5.0 (Windows NT 10.0; Win64; x64) AppleWebKit/537.36 (KHTML, like Gecko) Chrome/91.0.4472.114 Safari/537.36 Edg/91.0.864.54"
::ffff:135.125.246.110 - - [22/Nov/2022:13:40:06 +0000] "POST / HTTP/1.1" 404 140 "-" "Mozilla/5.0 (X11; Linux x86_64) AppleWebKit/537.36 (KHTML, like Gecko) Chrome/81.0.4044.129 Safari/537.36"
::ffff:135.125.246.110 - - [22/Nov/2022:13:40:06 +0000] "GET /.env HTTP/1.1" 404 143 "-" "Mozilla/5.0 (X11; Linux x86_64) AppleWebKit/537.36 (KHTML, like Gecko) Chrome/81.0.4044.129 Safari/537.36"
::ffff:203.10.99.204 - - [22/Nov/2022:13:46:28 +0000] "GET /images/dragon-trans.png HTTP/1.1" 304 - "http://www.wadokikai.org/" "Mozilla/5.0 (Macintosh; Intel Mac OS X 10_15_7) AppleWebKit/605.1.15 (KHTML, like Gecko) Version/16.1 Safari/605.1.15"
::ffff:185.180.143.138 - - [22/Nov/2022:13:47:14 +0000] "GET / HTTP/1.1" 200 57378 "-" "Mozilla/5.0 (Windows NT 10.0; Win64; x64) AppleWebKit/537.36 (KHTML, like Gecko) Chrome/60.0.3112.113 Safari/537.36"
::ffff:76.72.172.171 - - [22/Nov/2022:13:50:55 +0000] "GET / HTTP/1.1" 200 57378 "-" "Mozilla/5.0 (Windows NT 10.0; WOW64; rv:40.0) Gecko/20100101 Firefox/40.0"
::ffff:203.10.99.204 - - [22/Nov/2022:13:54:50 +0000] "GET /images/tiger.bmp HTTP/1.1" 304 - "http://www.wadokikai.org/" "Mozilla/5.0 (Macintosh; Intel Mac OS X 10_15_7) AppleWebKit/605.1.15 (KHTML, like Gecko) Version/16.1 Safari/605.1.15"
::ffff:203.10.99.204 - - [22/Nov/2022:14:03:08 +0000] "GET /images/wadokikai%20kanji.jpg HTTP/1.1" 304 - "http://www.wadokikai.org/" "Mozilla/5.0 (Macintosh; Intel Mac OS X 10_15_7) AppleWebKit/605.1.15 (KHTML, like Gecko) Version/16.1 Safari/605.1.15"
::ffff:35.91.67.196 - - [22/Nov/2022:14:06:57 +0000] "GET /.env HTTP/1.1" 404 143 "-" "Mozilla/5.0 (X11; Linux x86_64) AppleWebKit/537.36 (KHTML, like Gecko) Chrome/81.0.4044.129 Safari/537.36"
::ffff:35.91.67.196 - - [22/Nov/2022:14:06:57 +0000] "POST / HTTP/1.1" 404 140 "-" "Mozilla/5.0 (X11; Linux x86_64) AppleWebKit/537.36 (KHTML, like Gecko) Chrome/81.0.4044.129 Safari/537.36"
::ffff:35.86.130.37 - - [22/Nov/2022:14:07:07 +0000] "GET / HTTP/1.1" 200 57378 "-" "Mozilla/5.0 (X11; Linux x86_64) AppleWebKit/537.36 (KHTML, like Gecko) Chrome/83.0.4103.97 Safari/537.36"
::ffff:35.86.130.37 - - [22/Nov/2022:14:07:09 +0000] "GET / HTTP/1.1" 200 57378 "-" "Mozilla/5.0 (X11; Linux x86_64) AppleWebKit/537.36 (KHTML, like Gecko) Chrome/83.0.4103.97 Safari/537.36"
::ffff:34.209.63.226 - - [22/Nov/2022:14:07:37 +0000] "GET /favicon.ico HTTP/1.1" 404 150 "-" "Mozilla/5.0 (X11; Linux x86_64) AppleWebKit/537.36 (KHTML, like Gecko) Chrome/83.0.4103.97 Safari/537.36"
::ffff:34.209.63.226 - - [22/Nov/2022:14:07:38 +0000] "GET / HTTP/1.1" 200 57378 "-" "Mozilla/5.0 (X11; Linux x86_64) AppleWebKit/537.36 (KHTML, like Gecko) Chrome/83.0.4103.97 Safari/537.36"
::ffff:34.211.219.193 - - [22/Nov/2022:14:08:03 +0000] "GET /favicon.ico HTTP/1.1" 404 150 "-" "Mozilla/5.0 (X11; Linux x86_64) AppleWebKit/537.36 (KHTML, like Gecko) Chrome/83.0.4103.97 Safari/537.36"
::ffff:34.211.219.193 - - [22/Nov/2022:14:08:03 +0000] "GET / HTTP/1.1" 200 57378 "-" "Mozilla/5.0 (X11; Linux x86_64) AppleWebKit/537.36 (KHTML, like Gecko) Chrome/83.0.4103.97 Safari/537.36"
::ffff:51.222.253.17 - - [22/Nov/2022:14:08:19 +0000] "GET /robots.txt HTTP/1.1" 404 149 "-" "Mozilla/5.0 (compatible; AhrefsBot/7.0; +http://ahrefs.com/robot/)"
::ffff:51.222.253.3 - - [22/Nov/2022:14:08:20 +0000] "GET /events.html HTTP/1.1" 404 150 "-" "Mozilla/5.0 (compatible; AhrefsBot/7.0; +http://ahrefs.com/robot/)"
::ffff:203.10.99.204 - - [22/Nov/2022:14:11:28 +0000] "GET /images/dragon-trans.png HTTP/1.1" 304 - "http://www.wadokikai.org/" "Mozilla/5.0 (Macintosh; Intel Mac OS X 10_15_7) AppleWebKit/605.1.15 (KHTML, like Gecko) Version/16.1 Safari/605.1.15"
::ffff:157.55.39.153 - - [22/Nov/2022:14:13:45 +0000] "GET / HTTP/1.1" 200 57378 "-" "Mozilla/5.0 (compatible; bingbot/2.0; +http://www.bing.com/bingbot.htm)"
::ffff:35.87.118.230 - - [22/Nov/2022:14:15:10 +0000] "GET /favicon.ico HTTP/1.1" 404 150 "-" "Mozilla/5.0 (X11; Linux x86_64) AppleWebKit/537.36 (KHTML, like Gecko) Chrome/83.0.4103.97 Safari/537.36"
::ffff:35.87.118.230 - - [22/Nov/2022:14:15:12 +0000] "GET / HTTP/1.1" 200 57378 "-" "Mozilla/5.0 (X11; Linux x86_64) AppleWebKit/537.36 (KHTML, like Gecko) Chrome/83.0.4103.97 Safari/537.36"
::ffff:34.220.149.97 - - [22/Nov/2022:14:17:42 +0000] "GET /favicon.ico HTTP/1.1" 404 150 "-" "Mozilla/5.0 (X11; Linux x86_64) AppleWebKit/537.36 (KHTML, like Gecko) Chrome/83.0.4103.97 Safari/537.36"
::ffff:34.220.149.97 - - [22/Nov/2022:14:17:43 +0000] "GET / HTTP/1.1" 200 57378 "-" "Mozilla/5.0 (X11; Linux x86_64) AppleWebKit/537.36 (KHTML, like Gecko) Chrome/83.0.4103.97 Safari/537.36"
::ffff:203.10.99.204 - - [22/Nov/2022:14:19:48 +0000] "GET /images/tiger.bmp HTTP/1.1" 304 - "http://www.wadokikai.org/" "Mozilla/5.0 (Macintosh; Intel Mac OS X 10_15_7) AppleWebKit/605.1.15 (KHTML, like Gecko) Version/16.1 Safari/605.1.15"
::ffff:203.10.99.204 - - [22/Nov/2022:14:28:08 +0000] "GET /images/wadokikai%20kanji.jpg HTTP/1.1" 304 - "http://www.wadokikai.org/" "Mozilla/5.0 (Macintosh; Intel Mac OS X 10_15_7) AppleWebKit/605.1.15 (KHTML, like Gecko) Version/16.1 Safari/605.1.15"
::ffff:203.10.99.204 - - [22/Nov/2022:14:32:16 +0000] "GET /images/dragon-trans.png HTTP/1.1" 304 - "http://www.wadokikai.org/" "Mozilla/5.0 (Macintosh; Intel Mac OS X 10_15_7) AppleWebKit/605.1.15 (KHTML, like Gecko) Version/16.1 Safari/605.1.15"
::ffff:95.214.235.205 - - [22/Nov/2022:14:38:26 +0000] "GET /.env HTTP/1.1" 404 143 "-" "Mozilla/5.0 (X11; Linux x86_64) AppleWebKit/537.36 (KHTML, like Gecko) Chrome/81.0.4044.129 Safari/537.36"
::ffff:95.214.235.205 - - [22/Nov/2022:14:38:28 +0000] "POST / HTTP/1.1" 404 140 "-" "Mozilla/5.0 (X11; Linux x86_64) AppleWebKit/537.36 (KHTML, like Gecko) Chrome/81.0.4044.129 Safari/537.36"
::ffff:135.125.246.110 - - [22/Nov/2022:14:44:39 +0000] "POST / HTTP/1.1" 404 140 "-" "Mozilla/5.0 (X11; Linux x86_64) AppleWebKit/537.36 (KHTML, like Gecko) Chrome/81.0.4044.129 Safari/537.36"
::ffff:135.125.246.110 - - [22/Nov/2022:14:44:39 +0000] "GET /.env HTTP/1.1" 404 143 "-" "Mozilla/5.0 (X11; Linux x86_64) AppleWebKit/537.36 (KHTML, like Gecko) Chrome/81.0.4044.129 Safari/537.36"
::ffff:203.10.99.204 - - [22/Nov/2022:14:52:45 +0000] "GET /images/dragon-trans.png HTTP/1.1" 304 - "http://www.wadokikai.org/" "Mozilla/5.0 (Macintosh; Intel Mac OS X 10_15_7) AppleWebKit/605.1.15 (KHTML, like Gecko) Version/16.1 Safari/605.1.15"
::ffff:51.222.253.15 - - [22/Nov/2022:14:54:02 +0000] "GET /katas.html HTTP/1.1" 404 149 "-" "Mozilla/5.0 (compatible; AhrefsBot/7.0; +http://ahrefs.com/robot/)"
::ffff:203.10.99.204 - - [22/Nov/2022:15:02:24 +0000] "GET /images/tiger.bmp HTTP/1.1" 304 - "http://www.wadokikai.org/" "Mozilla/5.0 (Macintosh; Intel Mac OS X 10_15_7) AppleWebKit/605.1.15 (KHTML, like Gecko) Version/16.1 Safari/605.1.15"
::ffff:107.213.155.213 - - [22/Nov/2022:15:11:23 +0000] "GET /?fbclid=IwAR3ivCJ3V03Gj-T_E5eV4OcB__c5CJ6F2FBgLCeRRPd7bu6Dl_BsairkCaY HTTP/1.1" 200 57378 "http://m.facebook.com" "Mozilla/5.0 (iPhone; CPU iPhone OS 16_0 like Mac OS X) AppleWebKit/605.1.15 (KHTML, like Gecko) Mobile/20A362 [FBAN/FBIOS;FBDV/iPhone13,3;FBMD/iPhone;FBSN/iOS;FBSV/16.0;FBSS/3;FBID/phone;FBLC/en_US;FBOP/5]"
::ffff:107.213.155.213 - - [22/Nov/2022:15:11:23 +0000] "GET /css/wadokikai.css HTTP/1.1" 200 4337 "http://www.wadokikai.org/?fbclid=IwAR3ivCJ3V03Gj-T_E5eV4OcB__c5CJ6F2FBgLCeRRPd7bu6Dl_BsairkCaY" "Mozilla/5.0 (iPhone; CPU iPhone OS 16_0 like Mac OS X) AppleWebKit/605.1.15 (KHTML, like Gecko) Mobile/20A362 [FBAN/FBIOS;FBDV/iPhone13,3;FBMD/iPhone;FBSN/iOS;FBSV/16.0;FBSS/3;FBID/phone;FBLC/en_US;FBOP/5]"
::ffff:107.213.155.213 - - [22/Nov/2022:15:11:23 +0000] "GET /images/schools/alamedakaratedomap.jpg HTTP/1.1" 200 38311 "http://www.wadokikai.org/?fbclid=IwAR3ivCJ3V03Gj-T_E5eV4OcB__c5CJ6F2FBgLCeRRPd7bu6Dl_BsairkCaY" "Mozilla/5.0 (iPhone; CPU iPhone OS 16_0 like Mac OS X) AppleWebKit/605.1.15 (KHTML, like Gecko) Mobile/20A362 [FBAN/FBIOS;FBDV/iPhone13,3;FBMD/iPhone;FBSN/iOS;FBSV/16.0;FBSS/3;FBID/phone;FBLC/en_US;FBOP/5]"
::ffff:107.213.155.213 - - [22/Nov/2022:15:11:23 +0000] "GET /js/common.js HTTP/1.1" 200 2255 "http://www.wadokikai.org/?fbclid=IwAR3ivCJ3V03Gj-T_E5eV4OcB__c5CJ6F2FBgLCeRRPd7bu6Dl_BsairkCaY" "Mozilla/5.0 (iPhone; CPU iPhone OS 16_0 like Mac OS X) AppleWebKit/605.1.15 (KHTML, like Gecko) Mobile/20A362 [FBAN/FBIOS;FBDV/iPhone13,3;FBMD/iPhone;FBSN/iOS;FBSV/16.0;FBSS/3;FBID/phone;FBLC/en_US;FBOP/5]"
