::ffff:3.239.58.148 - - [17/Nov/2022:08:01:59 +0000] "GET /robots.txt HTTP/1.1" 404 149 "-" "Mozilla/5.0 (compatible; DotBot/1.1; http://www.opensiteexplorer.org/dotbot, help@moz.com)"
::ffff:3.239.58.148 - - [17/Nov/2022:08:02:20 +0000] "GET / HTTP/1.1" 200 58140 "-" "Mozilla/5.0 (compatible; DotBot/1.1; http://www.opensiteexplorer.org/dotbot, help@moz.com)"
::ffff:3.239.58.148 - - [17/Nov/2022:08:06:44 +0000] "GET /robots.txt HTTP/1.1" 404 149 "-" "Mozilla/5.0 (compatible; DotBot/1.1; http://www.opensiteexplorer.org/dotbot, help@moz.com)"
::ffff:203.10.99.206 - - [17/Nov/2022:08:06:59 +0000] "GET /images/tiger.bmp HTTP/1.1" 304 - "http://www.wadokikai.org/" "Mozilla/5.0 (Macintosh; Intel Mac OS X 10_15_7) AppleWebKit/605.1.15 (KHTML, like Gecko) Version/16.1 Safari/605.1.15"
::ffff:203.10.99.206 - - [17/Nov/2022:08:14:17 +0000] "GET /images/wadokikai%20kanji.jpg HTTP/1.1" 304 - "http://www.wadokikai.org/" "Mozilla/5.0 (Macintosh; Intel Mac OS X 10_15_7) AppleWebKit/605.1.15 (KHTML, like Gecko) Version/16.1 Safari/605.1.15"
::ffff:47.87.225.110 - - [17/Nov/2022:08:21:03 +0000] "GET / HTTP/1.1" 200 58140 "-" "Mozilla/5.0 (Macintosh; Intel Mac OS X 10_5_0 rv:6.0; en-US) AppleWebKit/532.32.7 (KHTML, like Gecko) Version/5.0 Safari/532.32.7"
::ffff:66.249.65.129 - - [17/Nov/2022:08:31:36 +0000] "GET /robots.txt HTTP/1.1" 404 149 "-" "Mozilla/5.0 (compatible; Googlebot/2.1; +http://www.google.com/bot.html)"
::ffff:66.249.65.129 - - [17/Nov/2022:08:31:36 +0000] "GET /instructors.html HTTP/1.1" 404 155 "-" "Mozilla/5.0 (Linux; Android 6.0.1; Nexus 5X Build/MMB29P) AppleWebKit/537.36 (KHTML, like Gecko) Chrome/107.0.5304.110 Mobile Safari/537.36 (compatible; Googlebot/2.1; +http://www.google.com/bot.html)"
::ffff:95.214.235.205 - - [17/Nov/2022:08:36:01 +0000] "GET /.env HTTP/1.1" 404 143 "-" "Mozilla/5.0 (X11; Linux x86_64) AppleWebKit/537.36 (KHTML, like Gecko) Chrome/81.0.4044.129 Safari/537.36"
::ffff:95.214.235.205 - - [17/Nov/2022:08:36:02 +0000] "POST / HTTP/1.1" 404 140 "-" "Mozilla/5.0 (X11; Linux x86_64) AppleWebKit/537.36 (KHTML, like Gecko) Chrome/81.0.4044.129 Safari/537.36"
::ffff:203.10.99.206 - - [17/Nov/2022:08:36:17 +0000] "GET /images/wadokikai%20kanji.jpg HTTP/1.1" 304 - "http://www.wadokikai.org/" "Mozilla/5.0 (Macintosh; Intel Mac OS X 10_15_7) AppleWebKit/605.1.15 (KHTML, like Gecko) Version/16.1 Safari/605.1.15"
::ffff:203.10.99.206 - - [17/Nov/2022:08:43:38 +0000] "GET /images/dragon-trans.png HTTP/1.1" 304 - "http://www.wadokikai.org/" "Mozilla/5.0 (Macintosh; Intel Mac OS X 10_15_7) AppleWebKit/605.1.15 (KHTML, like Gecko) Version/16.1 Safari/605.1.15"
::ffff:135.125.246.110 - - [17/Nov/2022:08:47:19 +0000] "POST / HTTP/1.1" 404 140 "-" "Mozilla/5.0 (X11; Linux x86_64) AppleWebKit/537.36 (KHTML, like Gecko) Chrome/81.0.4044.129 Safari/537.36"
::ffff:135.125.246.110 - - [17/Nov/2022:08:47:20 +0000] "GET /.env HTTP/1.1" 404 143 "-" "Mozilla/5.0 (X11; Linux x86_64) AppleWebKit/537.36 (KHTML, like Gecko) Chrome/81.0.4044.129 Safari/537.36"
::ffff:165.227.231.149 - - [17/Nov/2022:08:56:25 +0000] "GET / HTTP/1.1" - - "-" "-"
::ffff:165.227.231.149 - - [17/Nov/2022:08:56:26 +0000] "GET /.env HTTP/1.1" 404 143 "-" "Go-http-client/1.1"
::ffff:165.227.231.149 - - [17/Nov/2022:08:56:26 +0000] "GET /.DS_Store HTTP/1.1" 404 148 "-" "Go-http-client/1.1"
::ffff:165.227.231.149 - - [17/Nov/2022:08:56:26 +0000] "GET /ecp/Current/exporttool/microsoft.exchange.ediscovery.exporttool.application HTTP/1.1" 404 214 "-" "Go-http-client/1.1"
::ffff:165.227.231.149 - - [17/Nov/2022:08:56:26 +0000] "GET /info.php HTTP/1.1" 404 147 "-" "Go-http-client/1.1"
::ffff:165.227.231.149 - - [17/Nov/2022:08:56:26 +0000] "PUT /api/v2/cmdb/system/admin/admin HTTP/1.1" 404 169 "-" "Report Runner"
::ffff:165.227.231.149 - - [17/Nov/2022:08:56:26 +0000] "GET /server-status HTTP/1.1" 404 152 "-" "Go-http-client/1.1"
::ffff:165.227.231.149 - - [17/Nov/2022:08:56:26 +0000] "GET /s/63e27343e2231323e24333/_/;/META-INF/maven/com.atlassian.jira/jira-webapp-dist/pom.properties HTTP/1.1" 404 233 "-" "Go-http-client/1.1"
::ffff:165.227.231.149 - - [17/Nov/2022:08:56:26 +0000] "GET /telescope/requests HTTP/1.1" 404 157 "-" "Go-http-client/1.1"
::ffff:165.227.231.149 - - [17/Nov/2022:08:56:26 +0000] "GET /.git/config HTTP/1.1" 404 150 "-" "Go-http-client/1.1"
::ffff:165.227.231.149 - - [17/Nov/2022:08:56:26 +0000] "GET /debug/default/view?panel=config HTTP/1.1" 404 157 "-" "Go-http-client/1.1"
::ffff:165.227.231.149 - - [17/Nov/2022:08:56:26 +0000] "GET /?rest_route=/wp/v2/users/ HTTP/1.1" 200 58140 "-" "Go-http-client/1.1"
::ffff:165.227.231.149 - - [17/Nov/2022:08:56:26 +0000] "GET / HTTP/1.1" 200 58140 "-" "Mozilla/5.0 (Linux; Android 6.0; HTC One M9 Build/MRA34448) AppleWebKit/537.36 (KHTML, like Gecko) Chrome/52.0.5843.98 Mobile Safari/537.3"
::ffff:165.227.231.149 - - [17/Nov/2022:08:56:26 +0000] "GET /login.action HTTP/1.1" 404 151 "-" "Go-http-client/1.1"
::ffff:165.227.231.149 - - [17/Nov/2022:08:56:26 +0000] "GET /config.json HTTP/1.1" 404 150 "-" "Go-http-client/1.1"
::ffff:165.227.231.149 - - [17/Nov/2022:08:56:26 +0000] "GET /v2/_catalog HTTP/1.1" 404 150 "-" "Go-http-client/1.1"
::ffff:165.227.231.149 - - [17/Nov/2022:08:56:26 +0000] "GET /api/search?folderIds=0 HTTP/1.1" 404 149 "-" "Go-http-client/1.1"
::ffff:165.227.231.149 - - [17/Nov/2022:08:56:26 +0000] "GET /about HTTP/1.1" 404 144 "-" "Go-http-client/1.1"
::ffff:192.241.204.237 - - [17/Nov/2022:09:04:13 +0000] "GET /actuator/health HTTP/1.1" 404 154 "-" "Mozilla/5.0 zgrab/0.x"
::ffff:203.10.99.206 - - [17/Nov/2022:09:05:38 +0000] "GET /images/dragon-trans.png HTTP/1.1" 304 - "http://www.wadokikai.org/" "Mozilla/5.0 (Macintosh; Intel Mac OS X 10_15_7) AppleWebKit/605.1.15 (KHTML, like Gecko) Version/16.1 Safari/605.1.15"
::ffff:203.10.99.206 - - [17/Nov/2022:09:12:57 +0000] "GET /images/tiger.bmp HTTP/1.1" 304 - "http://www.wadokikai.org/" "Mozilla/5.0 (Macintosh; Intel Mac OS X 10_15_7) AppleWebKit/605.1.15 (KHTML, like Gecko) Version/16.1 Safari/605.1.15"
::ffff:47.87.225.110 - - [17/Nov/2022:09:21:27 +0000] "GET / HTTP/1.1" 200 58140 "-" "Mozilla/5.0 (Macintosh; Intel Mac OS X 10_5_0 rv:6.0; en-US) AppleWebKit/532.32.7 (KHTML, like Gecko) Version/5.0 Safari/532.32.7"
::ffff:111.207.155.211 - - [17/Nov/2022:09:29:05 +0000] "GET / HTTP/1.1" 200 58140 "-" "Mozilla/5.0 Firefox/35.0"
::ffff:114.119.152.108 - - [17/Nov/2022:09:30:55 +0000] "GET /docs/Twenty%20guiding%20principles%20of%20Karate.pdf HTTP/1.1" 200 49483 "http://www.wadokikai.org/resources" "Mozilla/5.0 (Linux; Android 7.0;) AppleWebKit/537.36 (KHTML, like Gecko) Mobile Safari/537.36 (compatible; PetalBot;+https://webmaster.petalsearch.com/site/petalbot)"
::ffff:203.10.99.206 - - [17/Nov/2022:09:34:57 +0000] "GET /images/tiger.bmp HTTP/1.1" 304 - "http://www.wadokikai.org/" "Mozilla/5.0 (Macintosh; Intel Mac OS X 10_15_7) AppleWebKit/605.1.15 (KHTML, like Gecko) Version/16.1 Safari/605.1.15"
::ffff:203.10.99.206 - - [17/Nov/2022:09:42:17 +0000] "GET /images/wadokikai%20kanji.jpg HTTP/1.1" 304 - "http://www.wadokikai.org/" "Mozilla/5.0 (Macintosh; Intel Mac OS X 10_15_7) AppleWebKit/605.1.15 (KHTML, like Gecko) Version/16.1 Safari/605.1.15"
::ffff:114.119.152.128 - - [17/Nov/2022:09:44:07 +0000] "GET /images/tournaments/NKDTournament.pdf HTTP/1.1" 200 3770165 "http://www.wadokikai.org/events" "Mozilla/5.0 (Linux; Android 7.0;) AppleWebKit/537.36 (KHTML, like Gecko) Mobile Safari/537.36 (compatible; PetalBot;+https://webmaster.petalsearch.com/site/petalbot)"
::ffff:203.10.99.206 - - [17/Nov/2022:10:04:17 +0000] "GET /images/wadokikai%20kanji.jpg HTTP/1.1" 304 - "http://www.wadokikai.org/" "Mozilla/5.0 (Macintosh; Intel Mac OS X 10_15_7) AppleWebKit/605.1.15 (KHTML, like Gecko) Version/16.1 Safari/605.1.15"
::ffff:135.125.246.110 - - [17/Nov/2022:10:09:28 +0000] "POST / HTTP/1.1" 404 140 "-" "Mozilla/5.0 (X11; Linux x86_64) AppleWebKit/537.36 (KHTML, like Gecko) Chrome/81.0.4044.129 Safari/537.36"
::ffff:135.125.246.110 - - [17/Nov/2022:10:09:28 +0000] "GET /.env HTTP/1.1" 404 143 "-" "Mozilla/5.0 (X11; Linux x86_64) AppleWebKit/537.36 (KHTML, like Gecko) Chrome/81.0.4044.129 Safari/537.36"
::ffff:203.10.99.206 - - [17/Nov/2022:10:11:38 +0000] "GET /images/dragon-trans.png HTTP/1.1" 304 - "http://www.wadokikai.org/" "Mozilla/5.0 (Macintosh; Intel Mac OS X 10_15_7) AppleWebKit/605.1.15 (KHTML, like Gecko) Version/16.1 Safari/605.1.15"
::ffff:114.119.152.128 - - [17/Nov/2022:10:26:52 +0000] "GET /contact?s=1&ss=10 HTTP/1.1" 200 9997 "https://wadokikai.org/" "Mozilla/5.0 (Linux; Android 7.0;) AppleWebKit/537.36 (KHTML, like Gecko) Mobile Safari/537.36 (compatible; PetalBot;+https://webmaster.petalsearch.com/site/petalbot)"
::ffff:44.211.92.191 - - [17/Nov/2022:10:34:05 +0000] "POST / HTTP/1.1" 404 140 "-" "Mozilla/5.0 (X11; Linux x86_64) AppleWebKit/537.36 (KHTML, like Gecko) Chrome/81.0.4044.129 Safari/537.36"
::ffff:44.211.92.191 - - [17/Nov/2022:10:34:05 +0000] "GET /.env HTTP/1.1" 404 143 "-" "Mozilla/5.0 (X11; Linux x86_64) AppleWebKit/537.36 (KHTML, like Gecko) Chrome/81.0.4044.129 Safari/537.36"
::ffff:203.10.99.206 - - [17/Nov/2022:10:40:57 +0000] "GET /images/tiger.bmp HTTP/1.1" 304 - "http://www.wadokikai.org/" "Mozilla/5.0 (Macintosh; Intel Mac OS X 10_15_7) AppleWebKit/605.1.15 (KHTML, like Gecko) Version/16.1 Safari/605.1.15"
::ffff:203.10.99.206 - - [17/Nov/2022:10:48:17 +0000] "GET /images/wadokikai%20kanji.jpg HTTP/1.1" 304 - "http://www.wadokikai.org/" "Mozilla/5.0 (Macintosh; Intel Mac OS X 10_15_7) AppleWebKit/605.1.15 (KHTML, like Gecko) Version/16.1 Safari/605.1.15"
::ffff:37.139.53.82 - - [17/Nov/2022:10:49:06 +0000] "GET / HTTP/1.0" 200 58140 "http://wadokikai.org/" "Mozilla/5.0 (Windows NT 10.0; Win64; x64) AppleWebKit/537.36 (KHTML, like Gecko) Chrome/83.0.4100.3 Safari/537.36"
::ffff:37.139.53.82 - - [17/Nov/2022:10:49:07 +0000] "POST /sendemail HTTP/1.0" 302 40 "http://wadokikai.org/" "Mozilla/5.0 (Windows NT 10.0; Win64; x64) AppleWebKit/537.36 (KHTML, like Gecko) Chrome/83.0.4100.3 Safari/537.36"
::ffff:37.139.53.82 - - [17/Nov/2022:10:49:07 +0000] "GET /?err=error HTTP/1.0" 200 58692 "http://wadokikai.org/?err=error#signup" "Mozilla/5.0 (Windows NT 10.0; Win64; x64) AppleWebKit/537.36 (KHTML, like Gecko) Chrome/83.0.4100.3 Safari/537.36"
::ffff:114.119.152.114 - - [17/Nov/2022:10:55:23 +0000] "GET /contact?s=1&ss=9 HTTP/1.1" 200 9997 "http://www.wadokikai.org/" "Mozilla/5.0 (Linux; Android 7.0;) AppleWebKit/537.36 (KHTML, like Gecko) Mobile Safari/537.36 (compatible; PetalBot;+https://webmaster.petalsearch.com/site/petalbot)"
::ffff:135.125.246.110 - - [17/Nov/2022:10:56:29 +0000] "POST / HTTP/1.1" 404 140 "-" "Mozilla/5.0 (X11; Linux x86_64) AppleWebKit/537.36 (KHTML, like Gecko) Chrome/81.0.4044.129 Safari/537.36"
::ffff:135.125.246.110 - - [17/Nov/2022:10:56:30 +0000] "GET /.env HTTP/1.1" 404 143 "-" "Mozilla/5.0 (X11; Linux x86_64) AppleWebKit/537.36 (KHTML, like Gecko) Chrome/81.0.4044.129 Safari/537.36"
::ffff:157.90.209.76 - - [17/Nov/2022:11:02:24 +0000] "GET /robots.txt HTTP/1.1" 404 149 "-" "Mozilla/5.0 (compatible; BLEXBot/1.0; +http://webmeup-crawler.com/)"
::ffff:157.90.209.76 - - [17/Nov/2022:11:02:27 +0000] "GET /sitemap HTTP/1.1" 404 146 "-" "Mozilla/5.0 (compatible; BLEXBot/1.0; +http://webmeup-crawler.com/)"
::ffff:157.90.209.76 - - [17/Nov/2022:11:02:36 +0000] "GET /sitemap.txt HTTP/1.1" 404 150 "-" "Mozilla/5.0 (compatible; BLEXBot/1.0; +http://webmeup-crawler.com/)"
::ffff:157.55.39.159 - - [17/Nov/2022:11:03:14 +0000] "GET /schools HTTP/1.1" 200 97308 "-" "Mozilla/5.0 (compatible; bingbot/2.0; +http://www.bing.com/bingbot.htm)"
::ffff:203.10.99.206 - - [17/Nov/2022:11:10:17 +0000] "GET /images/wadokikai%20kanji.jpg HTTP/1.1" 304 - "http://www.wadokikai.org/" "Mozilla/5.0 (Macintosh; Intel Mac OS X 10_15_7) AppleWebKit/605.1.15 (KHTML, like Gecko) Version/16.1 Safari/605.1.15"
::ffff:66.249.65.147 - - [17/Nov/2022:11:11:24 +0000] "GET /robots.txt HTTP/1.1" 404 149 "-" "Mozilla/5.0 (compatible; Googlebot/2.1; +http://www.google.com/bot.html)"
::ffff:66.249.65.142 - - [17/Nov/2022:11:11:24 +0000] "GET /ads.txt HTTP/1.1" 404 146 "-" "Mozilla/5.0 (compatible; Googlebot/2.1; +http://www.google.com/bot.html)"
::ffff:66.249.65.252 - - [17/Nov/2022:11:11:24 +0000] "GET /ads.txt HTTP/1.1" 404 146 "-" "Mozilla/5.0 (compatible; Googlebot/2.1; +http://www.google.com/bot.html)"
::ffff:66.249.65.231 - - [17/Nov/2022:11:11:24 +0000] "GET /robots.txt HTTP/1.1" 404 149 "-" "Mozilla/5.0 (compatible; Googlebot/2.1; +http://www.google.com/bot.html)"
::ffff:66.249.65.234 - - [17/Nov/2022:11:11:25 +0000] "GET /ads.txt HTTP/1.1" 404 146 "-" "Mozilla/5.0 (compatible; Googlebot/2.1; +http://www.google.com/bot.html)"
::ffff:203.10.99.206 - - [17/Nov/2022:11:17:38 +0000] "GET /images/dragon-trans.png HTTP/1.1" 304 - "http://www.wadokikai.org/" "Mozilla/5.0 (Macintosh; Intel Mac OS X 10_15_7) AppleWebKit/605.1.15 (KHTML, like Gecko) Version/16.1 Safari/605.1.15"
::ffff:95.214.235.205 - - [17/Nov/2022:11:35:59 +0000] "GET /.env HTTP/1.1" 404 143 "-" "Mozilla/5.0 (X11; Linux x86_64) AppleWebKit/537.36 (KHTML, like Gecko) Chrome/81.0.4044.129 Safari/537.36"
::ffff:95.214.235.205 - - [17/Nov/2022:11:35:59 +0000] "POST / HTTP/1.1" 404 140 "-" "Mozilla/5.0 (X11; Linux x86_64) AppleWebKit/537.36 (KHTML, like Gecko) Chrome/81.0.4044.129 Safari/537.36"
::ffff:203.10.99.206 - - [17/Nov/2022:11:39:38 +0000] "GET /images/dragon-trans.png HTTP/1.1" 304 - "http://www.wadokikai.org/" "Mozilla/5.0 (Macintosh; Intel Mac OS X 10_15_7) AppleWebKit/605.1.15 (KHTML, like Gecko) Version/16.1 Safari/605.1.15"
::ffff:114.119.145.194 - - [17/Nov/2022:11:41:03 +0000] "GET /docs/Bushido-code.pdf HTTP/1.1" 200 691794 "http://34.212.47.6/resources" "Mozilla/5.0 (Linux; Android 7.0;) AppleWebKit/537.36 (KHTML, like Gecko) Mobile Safari/537.36 (compatible; PetalBot;+https://webmaster.petalsearch.com/site/petalbot)"
::ffff:66.249.65.129 - - [17/Nov/2022:11:41:24 +0000] "GET /ads.txt HTTP/1.1" 404 146 "-" "Mozilla/5.0 (compatible; Googlebot/2.1; +http://www.google.com/bot.html)"
::ffff:203.10.99.206 - - [17/Nov/2022:11:46:57 +0000] "GET /images/tiger.bmp HTTP/1.1" 304 - "http://www.wadokikai.org/" "Mozilla/5.0 (Macintosh; Intel Mac OS X 10_15_7) AppleWebKit/605.1.15 (KHTML, like Gecko) Version/16.1 Safari/605.1.15"
::ffff:18.130.141.121 - - [17/Nov/2022:11:47:18 +0000] "GET / HTTP/1.0" 200 58140 "-" "'Cloud mapping experiment. Contact research@pdrlabs.net'"
::ffff:23.93.206.140 - - [17/Nov/2022:11:47:32 +0000] "GET /contact?s=1&ss=2 HTTP/1.1" 200 9997 "http://wadokikai.org/" "Mozilla/5.0 (iPhone; CPU iPhone OS 16_1_1 like Mac OS X) AppleWebKit/605.1.15 (KHTML, like Gecko) Version/16.1 Mobile/15E148 Safari/604.1"
::ffff:18.130.141.121 - - [17/Nov/2022:11:50:17 +0000] "GET / HTTP/1.0" 200 58140 "-" "'Cloud mapping experiment. Contact research@pdrlabs.net'"
::ffff:18.130.141.121 - - [17/Nov/2022:11:53:16 +0000] "GET / HTTP/1.0" 200 58140 "-" "'Cloud mapping experiment. Contact research@pdrlabs.net'"
::ffff:77.88.5.11 - - [17/Nov/2022:11:55:58 +0000] "GET /robots.txt HTTP/1.1" 404 149 "-" "Mozilla/5.0 (compatible; YandexBot/3.0; +http://yandex.com/bots)"
::ffff:77.88.5.11 - - [17/Nov/2022:11:56:02 +0000] "GET / HTTP/1.1" 200 58140 "-" "Mozilla/5.0 (compatible; YandexBot/3.0; +http://yandex.com/bots)"
::ffff:93.158.161.56 - - [17/Nov/2022:11:56:05 +0000] "GET /ie7/ie7-standard-p.js HTTP/1.1" 404 160 "-" "Mozilla/5.0 (compatible; YandexBot/3.0; +http://yandex.com/bots)"
::ffff:18.130.141.121 - - [17/Nov/2022:11:56:15 +0000] "GET / HTTP/1.0" 200 58140 "-" "'Cloud mapping experiment. Contact research@pdrlabs.net'"
::ffff:18.130.141.121 - - [17/Nov/2022:11:59:15 +0000] "GET / HTTP/1.0" 200 58140 "-" "'Cloud mapping experiment. Contact research@pdrlabs.net'"
::ffff:18.130.141.121 - - [17/Nov/2022:12:04:13 +0000] "GET /favicon.ico HTTP/1.1" 404 150 "-" "'Cloud mapping experiment. Contact research@pdrlabs.net'"
::ffff:18.130.141.121 - - [17/Nov/2022:12:04:18 +0000] "GET /manage/account/login HTTP/1.1" 404 159 "-" "'Cloud mapping experiment. Contact research@pdrlabs.net'"
::ffff:18.130.141.121 - - [17/Nov/2022:12:04:23 +0000] "GET /admin/index.html HTTP/1.1" 404 155 "-" "'Cloud mapping experiment. Contact research@pdrlabs.net'"
::ffff:18.130.141.121 - - [17/Nov/2022:12:04:28 +0000] "GET /index.html HTTP/1.1" 404 149 "-" "'Cloud mapping experiment. Contact research@pdrlabs.net'"
::ffff:18.130.141.121 - - [17/Nov/2022:12:04:33 +0000] "GET / HTTP/1.1" 200 58140 "-" "'Cloud mapping experiment. Contact research@pdrlabs.net'"
::ffff:18.130.141.121 - - [17/Nov/2022:12:05:02 +0000] "GET /favicon.ico HTTP/1.1" 404 150 "-" "'Cloud mapping experiment. Contact research@pdrlabs.net'"
::ffff:18.130.141.121 - - [17/Nov/2022:12:05:19 +0000] "GET /manage/account/login HTTP/1.1" 404 159 "-" "'Cloud mapping experiment. Contact research@pdrlabs.net'"
::ffff:18.130.141.121 - - [17/Nov/2022:12:05:35 +0000] "GET /admin/index.html HTTP/1.1" 404 155 "-" "'Cloud mapping experiment. Contact research@pdrlabs.net'"
::ffff:114.119.152.114 - - [17/Nov/2022:12:05:47 +0000] "GET /resources HTTP/1.1" 200 194907 "http://www.wadokikai.org/contact?s=1&ss=0" "Mozilla/5.0 (Linux; Android 7.0;) AppleWebKit/537.36 (KHTML, like Gecko) Mobile Safari/537.36 (compatible; PetalBot;+https://webmaster.petalsearch.com/site/petalbot)"
::ffff:18.130.141.121 - - [17/Nov/2022:12:05:51 +0000] "GET /index.html HTTP/1.1" 404 149 "-" "'Cloud mapping experiment. Contact research@pdrlabs.net'"
::ffff:18.130.141.121 - - [17/Nov/2022:12:06:26 +0000] "GET /favicon.ico HTTP/1.1" 404 150 "-" "'Cloud mapping experiment. Contact research@pdrlabs.net'"
::ffff:18.130.141.121 - - [17/Nov/2022:12:06:42 +0000] "GET /manage/account/login HTTP/1.1" 404 159 "-" "'Cloud mapping experiment. Contact research@pdrlabs.net'"
::ffff:18.130.141.121 - - [17/Nov/2022:12:06:58 +0000] "GET /admin/index.html HTTP/1.1" 404 155 "-" "'Cloud mapping experiment. Contact research@pdrlabs.net'"
::ffff:18.130.141.121 - - [17/Nov/2022:12:07:15 +0000] "GET /index.html HTTP/1.1" 404 149 "-" "'Cloud mapping experiment. Contact research@pdrlabs.net'"
::ffff:18.130.141.121 - - [17/Nov/2022:12:07:31 +0000] "GET / HTTP/1.1" 200 58140 "-" "'Cloud mapping experiment. Contact research@pdrlabs.net'"
::ffff:203.10.99.206 - - [17/Nov/2022:12:08:57 +0000] "GET /images/tiger.bmp HTTP/1.1" 304 - "http://www.wadokikai.org/" "Mozilla/5.0 (Macintosh; Intel Mac OS X 10_15_7) AppleWebKit/605.1.15 (KHTML, like Gecko) Version/16.1 Safari/605.1.15"
::ffff:203.10.99.206 - - [17/Nov/2022:12:16:18 +0000] "GET /images/wadokikai%20kanji.jpg HTTP/1.1" 304 - "http://www.wadokikai.org/" "Mozilla/5.0 (Macintosh; Intel Mac OS X 10_15_7) AppleWebKit/605.1.15 (KHTML, like Gecko) Version/16.1 Safari/605.1.15"
::ffff:18.130.141.121 - - [17/Nov/2022:12:23:28 +0000] "GET / HTTP/1.1" 200 58140 "-" "'Cloud mapping experiment. Contact research@pdrlabs.net'"
::ffff:203.10.99.206 - - [17/Nov/2022:12:38:17 +0000] "GET /images/wadokikai%20kanji.jpg HTTP/1.1" 304 - "http://www.wadokikai.org/" "Mozilla/5.0 (Macintosh; Intel Mac OS X 10_15_7) AppleWebKit/605.1.15 (KHTML, like Gecko) Version/16.1 Safari/605.1.15"
::ffff:203.10.99.206 - - [17/Nov/2022:12:45:37 +0000] "GET /images/dragon-trans.png HTTP/1.1" 304 - "http://www.wadokikai.org/" "Mozilla/5.0 (Macintosh; Intel Mac OS X 10_15_7) AppleWebKit/605.1.15 (KHTML, like Gecko) Version/16.1 Safari/605.1.15"
::ffff:203.10.99.206 - - [17/Nov/2022:13:07:38 +0000] "GET /images/dragon-trans.png HTTP/1.1" 304 - "http://www.wadokikai.org/" "Mozilla/5.0 (Macintosh; Intel Mac OS X 10_15_7) AppleWebKit/605.1.15 (KHTML, like Gecko) Version/16.1 Safari/605.1.15"
::ffff:135.125.246.110 - - [17/Nov/2022:13:09:23 +0000] "POST / HTTP/1.1" 404 140 "-" "Mozilla/5.0 (X11; Linux x86_64) AppleWebKit/537.36 (KHTML, like Gecko) Chrome/81.0.4044.129 Safari/537.36"
::ffff:135.125.246.110 - - [17/Nov/2022:13:09:23 +0000] "GET /.env HTTP/1.1" 404 143 "-" "Mozilla/5.0 (X11; Linux x86_64) AppleWebKit/537.36 (KHTML, like Gecko) Chrome/81.0.4044.129 Safari/537.36"
::ffff:45.83.66.98 - - [17/Nov/2022:13:13:31 +0000] "GET / HTTP/1.1" 200 58140 "-" "Mozilla/5.0 (Windows NT 10.0; Win64; x64; rv:65.0) Gecko/20100101 Firefox/65.0"
::ffff:45.83.66.206 - - [17/Nov/2022:13:13:31 +0000] "GET /images/favicon.ico HTTP/1.1" 200 3638 "-" "Mozilla/5.0 (Windows NT 10.0; Win64; x64; rv:65.0) Gecko/20100101 Firefox/65.0"
::ffff:203.10.99.206 - - [17/Nov/2022:13:14:58 +0000] "GET /images/tiger.bmp HTTP/1.1" 304 - "http://www.wadokikai.org/" "Mozilla/5.0 (Macintosh; Intel Mac OS X 10_15_7) AppleWebKit/605.1.15 (KHTML, like Gecko) Version/16.1 Safari/605.1.15"
::ffff:157.55.39.153 - - [17/Nov/2022:13:17:57 +0000] "GET / HTTP/1.1" 200 58140 "-" "Mozilla/5.0 AppleWebKit/537.36 (KHTML, like Gecko; compatible; bingbot/2.0; +http://www.bing.com/bingbot.htm) Chrome/103.0.5060.134 Safari/537.36"
::ffff:203.10.99.206 - - [17/Nov/2022:13:36:57 +0000] "GET /images/tiger.bmp HTTP/1.1" 304 - "http://www.wadokikai.org/" "Mozilla/5.0 (Macintosh; Intel Mac OS X 10_15_7) AppleWebKit/605.1.15 (KHTML, like Gecko) Version/16.1 Safari/605.1.15"
::ffff:203.10.99.206 - - [17/Nov/2022:13:44:17 +0000] "GET /images/wadokikai%20kanji.jpg HTTP/1.1" 304 - "http://www.wadokikai.org/" "Mozilla/5.0 (Macintosh; Intel Mac OS X 10_15_7) AppleWebKit/605.1.15 (KHTML, like Gecko) Version/16.1 Safari/605.1.15"
::ffff:135.125.246.110 - - [17/Nov/2022:13:56:34 +0000] "POST / HTTP/1.1" 404 140 "-" "Mozilla/5.0 (X11; Linux x86_64) AppleWebKit/537.36 (KHTML, like Gecko) Chrome/81.0.4044.129 Safari/537.36"
::ffff:135.125.246.110 - - [17/Nov/2022:13:56:35 +0000] "GET /.env HTTP/1.1" 404 143 "-" "Mozilla/5.0 (X11; Linux x86_64) AppleWebKit/537.36 (KHTML, like Gecko) Chrome/81.0.4044.129 Safari/537.36"
::ffff:203.10.99.206 - - [17/Nov/2022:14:06:17 +0000] "GET /images/wadokikai%20kanji.jpg HTTP/1.1" 304 - "http://www.wadokikai.org/" "Mozilla/5.0 (Macintosh; Intel Mac OS X 10_15_7) AppleWebKit/605.1.15 (KHTML, like Gecko) Version/16.1 Safari/605.1.15"
::ffff:104.152.52.208 - - [17/Nov/2022:14:07:53 +0000] "GET / HTTP/1.0" 200 58140 "-" "masscan/1.3 (https://github.com/robertdavidgraham/masscan)"
::ffff:203.10.99.206 - - [17/Nov/2022:14:13:38 +0000] "GET /images/dragon-trans.png HTTP/1.1" 304 - "http://www.wadokikai.org/" "Mozilla/5.0 (Macintosh; Intel Mac OS X 10_15_7) AppleWebKit/605.1.15 (KHTML, like Gecko) Version/16.1 Safari/605.1.15"
::ffff:34.221.106.12 - - [17/Nov/2022:14:14:50 +0000] "GET / HTTP/1.1" 200 58140 "-" "Mozilla/5.0 (X11; Linux x86_64) AppleWebKit/537.36 (KHTML, like Gecko) Chrome/83.0.4103.97 Safari/537.36"
::ffff:34.209.65.250 - - [17/Nov/2022:14:14:52 +0000] "GET / HTTP/1.1" 200 58140 "-" "Mozilla/5.0 (X11; Linux x86_64) AppleWebKit/537.36 (KHTML, like Gecko) Chrome/83.0.4103.97 Safari/537.36"
::ffff:35.90.26.229 - - [17/Nov/2022:14:14:59 +0000] "GET /favicon.ico HTTP/1.1" 404 150 "-" "Mozilla/5.0 (X11; Linux x86_64) AppleWebKit/537.36 (KHTML, like Gecko) Chrome/83.0.4103.97 Safari/537.36"
::ffff:35.90.26.229 - - [17/Nov/2022:14:15:00 +0000] "GET / HTTP/1.1" 200 58140 "-" "Mozilla/5.0 (X11; Linux x86_64) AppleWebKit/537.36 (KHTML, like Gecko) Chrome/83.0.4103.97 Safari/537.36"
::ffff:35.90.14.167 - - [17/Nov/2022:14:15:15 +0000] "GET /favicon.ico HTTP/1.1" 404 150 "-" "Mozilla/5.0 (X11; Linux x86_64) AppleWebKit/537.36 (KHTML, like Gecko) Chrome/83.0.4103.97 Safari/537.36"
::ffff:35.90.14.167 - - [17/Nov/2022:14:15:17 +0000] "GET / HTTP/1.1" 200 58140 "-" "Mozilla/5.0 (X11; Linux x86_64) AppleWebKit/537.36 (KHTML, like Gecko) Chrome/83.0.4103.97 Safari/537.36"
::ffff:203.10.99.206 - - [17/Nov/2022:14:20:58 +0000] "GET /images/tiger.bmp HTTP/1.1" 304 - "http://www.wadokikai.org/" "Mozilla/5.0 (Macintosh; Intel Mac OS X 10_15_7) AppleWebKit/605.1.15 (KHTML, like Gecko) Version/16.1 Safari/605.1.15"
::ffff:203.10.99.206 - - [17/Nov/2022:14:28:18 +0000] "GET /images/wadokikai%20kanji.jpg HTTP/1.1" 304 - "http://www.wadokikai.org/" "Mozilla/5.0 (Macintosh; Intel Mac OS X 10_15_7) AppleWebKit/605.1.15 (KHTML, like Gecko) Version/16.1 Safari/605.1.15"
::ffff:194.55.186.126 - - [17/Nov/2022:14:28:51 +0000] "GET /explore HTTP/1.1" 404 146 "-" "Mozilla/5.0 (X11; Linux x86_64) AppleWebKit/537.36 (KHTML like Gecko) Chrome/36.0.1985.125 Safari/537.36"
::ffff:128.14.141.34 - - [17/Nov/2022:14:31:19 +0000] "GET / HTTP/1.1" 200 58140 "-" "Mozilla/5.0 (Windows NT 10.0; Win64; x64) AppleWebKit/537.36 (KHTML, like Gecko) Chrome/60.0.3112.113 Safari/537.36"
::ffff:135.125.246.110 - - [17/Nov/2022:14:41:58 +0000] "POST / HTTP/1.1" 404 140 "-" "Mozilla/5.0 (X11; Linux x86_64) AppleWebKit/537.36 (KHTML, like Gecko) Chrome/81.0.4044.129 Safari/537.36"
::ffff:135.125.246.110 - - [17/Nov/2022:14:41:58 +0000] "GET /.env HTTP/1.1" 404 143 "-" "Mozilla/5.0 (X11; Linux x86_64) AppleWebKit/537.36 (KHTML, like Gecko) Chrome/81.0.4044.129 Safari/537.36"
::ffff:203.10.99.206 - - [17/Nov/2022:14:50:17 +0000] "GET /images/wadokikai%20kanji.jpg HTTP/1.1" 304 - "http://www.wadokikai.org/" "Mozilla/5.0 (Macintosh; Intel Mac OS X 10_15_7) AppleWebKit/605.1.15 (KHTML, like Gecko) Version/16.1 Safari/605.1.15"
::ffff:203.10.99.206 - - [17/Nov/2022:14:57:38 +0000] "GET /images/dragon-trans.png HTTP/1.1" 304 - "http://www.wadokikai.org/" "Mozilla/5.0 (Macintosh; Intel Mac OS X 10_15_7) AppleWebKit/605.1.15 (KHTML, like Gecko) Version/16.1 Safari/605.1.15"
::ffff:192.227.173.18 - - [17/Nov/2022:15:06:52 +0000] "GET /.env HTTP/1.1" 404 143 "-" "Python/3.7 aiohttp/3.7.4.post0"
::ffff:192.227.173.18 - - [17/Nov/2022:15:06:52 +0000] "POST / HTTP/1.1" 404 140 "-" "Python/3.7 aiohttp/3.7.4.post0"
::ffff:192.227.173.18 - - [17/Nov/2022:15:06:52 +0000] "POST / HTTP/1.1" 404 140 "-" "Python/3.7 aiohttp/3.7.4.post0"
::ffff:203.10.99.206 - - [17/Nov/2022:15:19:37 +0000] "GET /images/dragon-trans.png HTTP/1.1" 304 - "http://www.wadokikai.org/" "Mozilla/5.0 (Macintosh; Intel Mac OS X 10_15_7) AppleWebKit/605.1.15 (KHTML, like Gecko) Version/16.1 Safari/605.1.15"
::ffff:141.255.166.2 - - [17/Nov/2022:15:22:35 +0000] "GET / HTTP/1.1" 200 58140 "-" "Hello World"
::ffff:203.10.99.206 - - [17/Nov/2022:15:26:57 +0000] "GET /images/tiger.bmp HTTP/1.1" 304 - "http://www.wadokikai.org/" "Mozilla/5.0 (Macintosh; Intel Mac OS X 10_15_7) AppleWebKit/605.1.15 (KHTML, like Gecko) Version/16.1 Safari/605.1.15"
::ffff:185.246.220.165 - - [17/Nov/2022:15:43:17 +0000] "GET /.env HTTP/1.1" 404 143 "-" "python-requests/2.27.1"
::ffff:185.246.220.165 - - [17/Nov/2022:15:43:17 +0000] "POST / HTTP/1.1" 404 140 "-" "Mozilla/5.0 (X11; Linux x86_64) AppleWebKit/537.36 (KHTML, like Gecko) Chrome/81.0.4044.129 Safari/537.36"
::ffff:185.246.220.165 - - [17/Nov/2022:15:43:18 +0000] "POST /core/.env HTTP/1.1" 404 149 "-" "Mozilla/5.0 (X11; Linux x86_64) AppleWebKit/537.36 (KHTML, like Gecko) Chrome/81.0.4044.129 Safari/537.36"
::ffff:185.246.220.165 - - [17/Nov/2022:15:43:18 +0000] "GET /core/.env HTTP/1.1" 404 148 "-" "python-requests/2.27.1"
::ffff:185.246.220.165 - - [17/Nov/2022:15:43:18 +0000] "POST / HTTP/1.1" 404 140 "-" "Mozilla/5.0 (X11; Linux x86_64) AppleWebKit/537.36 (KHTML, like Gecko) Chrome/81.0.4044.129 Safari/537.36"
::ffff:185.246.220.165 - - [17/Nov/2022:15:43:19 +0000] "POST /core/.env HTTP/1.1" 404 149 "-" "Mozilla/5.0 (X11; Linux x86_64) AppleWebKit/537.36 (KHTML, like Gecko) Chrome/81.0.4044.129 Safari/537.36"
::ffff:203.10.99.206 - - [17/Nov/2022:15:48:58 +0000] "GET /images/tiger.bmp HTTP/1.1" 304 - "http://www.wadokikai.org/" "Mozilla/5.0 (Macintosh; Intel Mac OS X 10_15_7) AppleWebKit/605.1.15 (KHTML, like Gecko) Version/16.1 Safari/605.1.15"
::ffff:193.118.53.210 - - [17/Nov/2022:15:49:29 +0000] "GET / HTTP/1.1" 200 58140 "-" "Mozilla/5.0 (Windows NT 10.0; Win64; x64) AppleWebKit/537.36 (KHTML, like Gecko) Chrome/60.0.3112.113 Safari/537.36"
::ffff:203.10.99.206 - - [17/Nov/2022:15:56:17 +0000] "GET /images/wadokikai%20kanji.jpg HTTP/1.1" 304 - "http://www.wadokikai.org/" "Mozilla/5.0 (Macintosh; Intel Mac OS X 10_15_7) AppleWebKit/605.1.15 (KHTML, like Gecko) Version/16.1 Safari/605.1.15"
::ffff:135.125.246.110 - - [17/Nov/2022:16:10:09 +0000] "POST / HTTP/1.1" 404 140 "-" "Mozilla/5.0 (X11; Linux x86_64) AppleWebKit/537.36 (KHTML, like Gecko) Chrome/81.0.4044.129 Safari/537.36"
::ffff:135.125.246.110 - - [17/Nov/2022:16:10:09 +0000] "GET /.env HTTP/1.1" 404 143 "-" "Mozilla/5.0 (X11; Linux x86_64) AppleWebKit/537.36 (KHTML, like Gecko) Chrome/81.0.4044.129 Safari/537.36"
::ffff:203.10.99.206 - - [17/Nov/2022:16:18:17 +0000] "GET /images/wadokikai%20kanji.jpg HTTP/1.1" 304 - "http://www.wadokikai.org/" "Mozilla/5.0 (Macintosh; Intel Mac OS X 10_15_7) AppleWebKit/605.1.15 (KHTML, like Gecko) Version/16.1 Safari/605.1.15"
::ffff:43.135.86.121 - - [17/Nov/2022:16:24:48 +0000] "GET / HTTP/1.1" 200 58140 "-" "'Mozilla/5.0"
::ffff:203.10.99.206 - - [17/Nov/2022:16:25:37 +0000] "GET /images/dragon-trans.png HTTP/1.1" 304 - "http://www.wadokikai.org/" "Mozilla/5.0 (Macintosh; Intel Mac OS X 10_15_7) AppleWebKit/605.1.15 (KHTML, like Gecko) Version/16.1 Safari/605.1.15"
::ffff:114.119.152.119 - - [17/Nov/2022:16:37:38 +0000] "GET /contact?s=1&ss=2 HTTP/1.1" 200 9997 "http://www.wadokikai.org/" "Mozilla/5.0 (Linux; Android 7.0;) AppleWebKit/537.36 (KHTML, like Gecko) Mobile Safari/537.36 (compatible; PetalBot;+https://webmaster.petalsearch.com/site/petalbot)"
::ffff:203.10.99.206 - - [17/Nov/2022:16:40:17 +0000] "GET /images/wadokikai%20kanji.jpg HTTP/1.1" 304 - "http://www.wadokikai.org/" "Mozilla/5.0 (Macintosh; Intel Mac OS X 10_15_7) AppleWebKit/605.1.15 (KHTML, like Gecko) Version/16.1 Safari/605.1.15"
::ffff:95.214.235.205 - - [17/Nov/2022:16:40:25 +0000] "GET /.env HTTP/1.1" 404 143 "-" "Mozilla/5.0 (X11; Linux x86_64) AppleWebKit/537.36 (KHTML, like Gecko) Chrome/81.0.4044.129 Safari/537.36"
::ffff:95.214.235.205 - - [17/Nov/2022:16:40:25 +0000] "POST / HTTP/1.1" 404 140 "-" "Mozilla/5.0 (X11; Linux x86_64) AppleWebKit/537.36 (KHTML, like Gecko) Chrome/81.0.4044.129 Safari/537.36"
::ffff:203.10.99.206 - - [17/Nov/2022:16:41:29 +0000] "GET /images/dragon-trans.png HTTP/1.1" 304 - "http://www.wadokikai.org/" "Mozilla/5.0 (Macintosh; Intel Mac OS X 10_15_7) AppleWebKit/605.1.15 (KHTML, like Gecko) Version/16.1 Safari/605.1.15"
::ffff:109.237.98.226 - - [17/Nov/2022:16:45:08 +0000] "GET /.env HTTP/1.1" 404 143 "-" "Mozilla/5.0 (X11; Linux x86_64) AppleWebKit/537.36 (KHTML, like Gecko) Chrome/81.0.4044.129 Safari/537.36"
::ffff:141.255.166.2 - - [17/Nov/2022:16:55:19 +0000] "GET / HTTP/1.1" 200 58140 "-" "Hello World"
::ffff:114.119.154.252 - - [17/Nov/2022:17:05:46 +0000] "GET /robots.txt HTTP/1.1" 404 149 "-" "Mozilla/5.0 (compatible;PetalBot;+https://webmaster.petalsearch.com/site/petalbot)"
::ffff:203.10.99.206 - - [17/Nov/2022:17:06:40 +0000] "GET /images/tiger.bmp HTTP/1.1" 304 - "http://www.wadokikai.org/" "Mozilla/5.0 (Macintosh; Intel Mac OS X 10_15_7) AppleWebKit/605.1.15 (KHTML, like Gecko) Version/16.1 Safari/605.1.15"
::ffff:203.10.99.206 - - [17/Nov/2022:17:09:13 +0000] "GET /images/wadokikai%20kanji.jpg HTTP/1.1" 304 - "http://www.wadokikai.org/" "Mozilla/5.0 (Macintosh; Intel Mac OS X 10_15_7) AppleWebKit/605.1.15 (KHTML, like Gecko) Version/16.1 Safari/605.1.15"
::ffff:37.139.53.82 - - [17/Nov/2022:17:13:32 +0000] "GET / HTTP/1.0" 200 58140 "http://wadokikai.org/" "Mozilla/5.0 (Windows NT 6.1; Win64; x64) AppleWebKit/537.36 (KHTML, like Gecko) Chrome/83.0.4093.3 Safari/537.36"
::ffff:37.139.53.82 - - [17/Nov/2022:17:13:33 +0000] "POST /sendemail HTTP/1.0" 302 40 "http://wadokikai.org/" "Mozilla/5.0 (Windows NT 6.1; Win64; x64) AppleWebKit/537.36 (KHTML, like Gecko) Chrome/83.0.4093.3 Safari/537.36"
::ffff:37.139.53.82 - - [17/Nov/2022:17:13:33 +0000] "GET /?err=error HTTP/1.0" 200 58692 "http://wadokikai.org/?err=error#signup" "Mozilla/5.0 (Windows NT 6.1; Win64; x64) AppleWebKit/537.36 (KHTML, like Gecko) Chrome/83.0.4093.3 Safari/537.36"
::ffff:207.46.13.187 - - [17/Nov/2022:17:25:50 +0000] "GET /images/schools/dcakaratedomap.jpg HTTP/1.1" 200 35262 "-" "Mozilla/5.0 AppleWebKit/537.36 (KHTML, like Gecko; compatible; bingbot/2.0; +http://www.bing.com/bingbot.htm) Chrome/103.0.5060.134 Safari/537.36"
::ffff:20.241.233.77 - - [17/Nov/2022:17:27:40 +0000] "GET /robots.txt HTTP/1.1" 404 149 "-" "python-requests/2.27.1"
::ffff:20.241.233.77 - - [17/Nov/2022:17:27:50 +0000] "GET /contact HTTP/1.1" 200 10017 "-" "Mozilla/5.0 (Windows NT 10.0; Win64; x64) AppleWebKit/537.36 (KHTML, like Gecko) Chrome/76.0.3809.100 Safari/537.36"
::ffff:23.93.194.123 - - [17/Nov/2022:17:41:17 +0000] "GET /images/wadokikai%20kanji.jpg HTTP/1.1" 304 - "http://www.wadokikai.org/" "Mozilla/5.0 (Macintosh; Intel Mac OS X 10_15_7) AppleWebKit/605.1.15 (KHTML, like Gecko) Version/16.1 Safari/605.1.15"
::ffff:23.93.194.123 - - [17/Nov/2022:17:50:17 +0000] "GET /images/dragon-trans.png HTTP/1.1" 304 - "http://www.wadokikai.org/" "Mozilla/5.0 (Macintosh; Intel Mac OS X 10_15_7) AppleWebKit/605.1.15 (KHTML, like Gecko) Version/16.1 Safari/605.1.15"
::ffff:117.214.217.179 - - [17/Nov/2022:17:52:51 +0000] "GET / HTTP/1.1" 200 58140 "-" "Mozilla/5.0 (Windows NT 10.0; WOW64) AppleWebKit/537.36 (KHTML, like Gecko) Chrome/51.0.2704.103 Safari/537.36"
::ffff:207.46.13.187 - - [17/Nov/2022:17:59:31 +0000] "GET /contact.html HTTP/1.1" 404 151 "-" "Mozilla/5.0 AppleWebKit/537.36 (KHTML, like Gecko; compatible; bingbot/2.0; +http://www.bing.com/bingbot.htm) Chrome/103.0.5060.134 Safari/537.36"
::ffff:203.10.99.204 - - [17/Nov/2022:18:08:18 +0000] "GET /images/wadokikai%20kanji.jpg HTTP/1.1" 304 - "http://www.wadokikai.org/" "Mozilla/5.0 (Macintosh; Intel Mac OS X 10_15_7) AppleWebKit/605.1.15 (KHTML, like Gecko) Version/16.1 Safari/605.1.15"
::ffff:203.10.99.204 - - [17/Nov/2022:18:09:21 +0000] "GET /images/dragon-trans.png HTTP/1.1" 304 - "http://www.wadokikai.org/" "Mozilla/5.0 (Macintosh; Intel Mac OS X 10_15_7) AppleWebKit/605.1.15 (KHTML, like Gecko) Version/16.1 Safari/605.1.15"
::ffff:85.31.44.178 - - [17/Nov/2022:18:13:03 +0000] "GET / HTTP/1.1" 200 58140 "-" "-"
::ffff:114.119.152.130 - - [17/Nov/2022:18:25:24 +0000] "GET /contact?s=1&ss=5 HTTP/1.1" 200 9997 "http://www.wadokikai.org/" "Mozilla/5.0 (Linux; Android 7.0;) AppleWebKit/537.36 (KHTML, like Gecko) Mobile Safari/537.36 (compatible; PetalBot;+https://webmaster.petalsearch.com/site/petalbot)"
::ffff:135.125.246.110 - - [17/Nov/2022:18:28:30 +0000] "POST / HTTP/1.1" 404 140 "-" "Mozilla/5.0 (X11; Linux x86_64) AppleWebKit/537.36 (KHTML, like Gecko) Chrome/81.0.4044.129 Safari/537.36"
::ffff:135.125.246.110 - - [17/Nov/2022:18:28:30 +0000] "GET /.env HTTP/1.1" 404 143 "-" "Mozilla/5.0 (X11; Linux x86_64) AppleWebKit/537.36 (KHTML, like Gecko) Chrome/81.0.4044.129 Safari/537.36"
::ffff:207.46.13.187 - - [17/Nov/2022:18:36:24 +0000] "GET /contact.html HTTP/1.1" 404 151 "-" "Mozilla/5.0 AppleWebKit/537.36 (KHTML, like Gecko; compatible; bingbot/2.0; +http://www.bing.com/bingbot.htm) Chrome/103.0.5060.134 Safari/537.36"
::ffff:203.10.99.204 - - [17/Nov/2022:18:46:41 +0000] "GET /images/tiger.bmp HTTP/1.1" 304 - "http://www.wadokikai.org/" "Mozilla/5.0 (Macintosh; Intel Mac OS X 10_15_7) AppleWebKit/605.1.15 (KHTML, like Gecko) Version/16.1 Safari/605.1.15"
::ffff:203.10.99.204 - - [17/Nov/2022:18:56:01 +0000] "GET /images/wadokikai%20kanji.jpg HTTP/1.1" 304 - "http://www.wadokikai.org/" "Mozilla/5.0 (Macintosh; Intel Mac OS X 10_15_7) AppleWebKit/605.1.15 (KHTML, like Gecko) Version/16.1 Safari/605.1.15"
::ffff:135.125.246.110 - - [17/Nov/2022:19:02:17 +0000] "POST / HTTP/1.1" 404 140 "-" "Mozilla/5.0 (X11; Linux x86_64) AppleWebKit/537.36 (KHTML, like Gecko) Chrome/81.0.4044.129 Safari/537.36"
::ffff:135.125.246.110 - - [17/Nov/2022:19:02:17 +0000] "GET /.env HTTP/1.1" 404 143 "-" "Mozilla/5.0 (X11; Linux x86_64) AppleWebKit/537.36 (KHTML, like Gecko) Chrome/81.0.4044.129 Safari/537.36"
::ffff:95.214.235.205 - - [17/Nov/2022:19:07:29 +0000] "GET /.env HTTP/1.1" 404 143 "-" "Mozilla/5.0 (X11; Linux x86_64) AppleWebKit/537.36 (KHTML, like Gecko) Chrome/81.0.4044.129 Safari/537.36"
::ffff:95.214.235.205 - - [17/Nov/2022:19:07:29 +0000] "POST / HTTP/1.1" 404 140 "-" "Mozilla/5.0 (X11; Linux x86_64) AppleWebKit/537.36 (KHTML, like Gecko) Chrome/81.0.4044.129 Safari/537.36"
::ffff:203.10.99.204 - - [17/Nov/2022:19:14:41 +0000] "GET /images/tiger.bmp HTTP/1.1" 304 - "http://www.wadokikai.org/" "Mozilla/5.0 (Macintosh; Intel Mac OS X 10_15_7) AppleWebKit/605.1.15 (KHTML, like Gecko) Version/16.1 Safari/605.1.15"
::ffff:203.10.99.204 - - [17/Nov/2022:19:24:01 +0000] "GET /images/wadokikai%20kanji.jpg HTTP/1.1" 304 - "http://www.wadokikai.org/" "Mozilla/5.0 (Macintosh; Intel Mac OS X 10_15_7) AppleWebKit/605.1.15 (KHTML, like Gecko) Version/16.1 Safari/605.1.15"
::ffff:35.195.93.98 - - [17/Nov/2022:19:26:44 +0000] "GET / HTTP/1.1" 200 58140 "-" "python-requests/2.28.1"
::ffff:98.234.224.71 - - [17/Nov/2022:19:27:28 +0000] "GET / HTTP/1.1" 304 - "-" "Mozilla/5.0 (Windows NT 10.0; Win64; x64) AppleWebKit/537.36 (KHTML, like Gecko) Chrome/107.0.0.0 Safari/537.36"
::ffff:98.234.224.71 - - [17/Nov/2022:19:27:29 +0000] "GET /css/wadokikai.css HTTP/1.1" 304 - "http://wadokikai.org/" "Mozilla/5.0 (Windows NT 10.0; Win64; x64) AppleWebKit/537.36 (KHTML, like Gecko) Chrome/107.0.0.0 Safari/537.36"
::ffff:98.234.224.71 - - [17/Nov/2022:19:27:29 +0000] "GET /images/wkkpatch22_med.png HTTP/1.1" 304 - "http://wadokikai.org/" "Mozilla/5.0 (Windows NT 10.0; Win64; x64) AppleWebKit/537.36 (KHTML, like Gecko) Chrome/107.0.0.0 Safari/537.36"
::ffff:98.234.224.71 - - [17/Nov/2022:19:27:29 +0000] "GET /js/common.js HTTP/1.1" 304 - "http://wadokikai.org/" "Mozilla/5.0 (Windows NT 10.0; Win64; x64) AppleWebKit/537.36 (KHTML, like Gecko) Chrome/107.0.0.0 Safari/537.36"
::ffff:98.234.224.71 - - [17/Nov/2022:19:27:29 +0000] "GET /images/schools/orindakaratedomap.jpg HTTP/1.1" 304 - "http://wadokikai.org/" "Mozilla/5.0 (Windows NT 10.0; Win64; x64) AppleWebKit/537.36 (KHTML, like Gecko) Chrome/107.0.0.0 Safari/537.36"
::ffff:98.234.224.71 - - [17/Nov/2022:19:27:29 +0000] "GET /images/schools/dcakaratedomap.jpg HTTP/1.1" 304 - "http://wadokikai.org/" "Mozilla/5.0 (Windows NT 10.0; Win64; x64) AppleWebKit/537.36 (KHTML, like Gecko) Chrome/107.0.0.0 Safari/537.36"
::ffff:98.234.224.71 - - [17/Nov/2022:19:27:29 +0000] "GET /images/schools/alamedakaratedomap.jpg HTTP/1.1" 304 - "http://wadokikai.org/" "Mozilla/5.0 (Windows NT 10.0; Win64; x64) AppleWebKit/537.36 (KHTML, like Gecko) Chrome/107.0.0.0 Safari/537.36"
::ffff:98.234.224.71 - - [17/Nov/2022:19:27:29 +0000] "GET /images/schools/harborbaykaratedomap.jpg HTTP/1.1" 304 - "http://wadokikai.org/" "Mozilla/5.0 (Windows NT 10.0; Win64; x64) AppleWebKit/537.36 (KHTML, like Gecko) Chrome/107.0.0.0 Safari/537.36"
::ffff:98.234.224.71 - - [17/Nov/2022:19:27:29 +0000] "GET /images/schools/corpuzkaratedomap.jpg HTTP/1.1" 304 - "http://wadokikai.org/" "Mozilla/5.0 (Windows NT 10.0; Win64; x64) AppleWebKit/537.36 (KHTML, like Gecko) Chrome/107.0.0.0 Safari/537.36"
::ffff:98.234.224.71 - - [17/Nov/2022:19:27:29 +0000] "GET /images/schools/nunleykaratedomap.jpg HTTP/1.1" 304 - "http://wadokikai.org/" "Mozilla/5.0 (Windows NT 10.0; Win64; x64) AppleWebKit/537.36 (KHTML, like Gecko) Chrome/107.0.0.0 Safari/537.36"
::ffff:98.234.224.71 - - [17/Nov/2022:19:27:29 +0000] "GET /images/schools/marinkaratedomap.jpg HTTP/1.1" 304 - "http://wadokikai.org/" "Mozilla/5.0 (Windows NT 10.0; Win64; x64) AppleWebKit/537.36 (KHTML, like Gecko) Chrome/107.0.0.0 Safari/537.36"
::ffff:98.234.224.71 - - [17/Nov/2022:19:27:29 +0000] "GET /images/promotions/AFSPrelimSchedule.pdf HTTP/1.1" 304 - "http://wadokikai.org/" "Mozilla/5.0 (Windows NT 10.0; Win64; x64) AppleWebKit/537.36 (KHTML, like Gecko) Chrome/107.0.0.0 Safari/537.36"
::ffff:98.234.224.71 - - [17/Nov/2022:19:27:29 +0000] "GET /images/schools/earhartkaratedomap.jpg HTTP/1.1" 304 - "http://wadokikai.org/" "Mozilla/5.0 (Windows NT 10.0; Win64; x64) AppleWebKit/537.36 (KHTML, like Gecko) Chrome/107.0.0.0 Safari/537.36"
::ffff:98.234.224.71 - - [17/Nov/2022:19:27:29 +0000] "GET /images/schools/martinezkaratedomap.jpg HTTP/1.1" 304 - "http://wadokikai.org/" "Mozilla/5.0 (Windows NT 10.0; Win64; x64) AppleWebKit/537.36 (KHTML, like Gecko) Chrome/107.0.0.0 Safari/537.36"
::ffff:98.234.224.71 - - [17/Nov/2022:19:27:29 +0000] "GET /images/schools/manzanitakaratedomap.jpg HTTP/1.1" 304 - "http://wadokikai.org/" "Mozilla/5.0 (Windows NT 10.0; Win64; x64) AppleWebKit/537.36 (KHTML, like Gecko) Chrome/107.0.0.0 Safari/537.36"
::ffff:98.234.224.71 - - [17/Nov/2022:19:27:29 +0000] "GET /images/dragon-trans.png HTTP/1.1" 304 - "http://wadokikai.org/" "Mozilla/5.0 (Windows NT 10.0; Win64; x64) AppleWebKit/537.36 (KHTML, like Gecko) Chrome/107.0.0.0 Safari/537.36"
::ffff:98.234.224.71 - - [17/Nov/2022:19:27:33 +0000] "GET /images/tiger.bmp HTTP/1.1" 304 - "http://wadokikai.org/" "Mozilla/5.0 (Windows NT 10.0; Win64; x64) AppleWebKit/537.36 (KHTML, like Gecko) Chrome/107.0.0.0 Safari/537.36"
::ffff:98.234.224.71 - - [17/Nov/2022:19:27:36 +0000] "GET /images/wadokikai%20kanji.jpg HTTP/1.1" 304 - "http://wadokikai.org/" "Mozilla/5.0 (Windows NT 10.0; Win64; x64) AppleWebKit/537.36 (KHTML, like Gecko) Chrome/107.0.0.0 Safari/537.36"
::ffff:98.234.224.71 - - [17/Nov/2022:19:27:40 +0000] "GET /images/dragon-trans.png HTTP/1.1" 304 - "http://wadokikai.org/" "Mozilla/5.0 (Windows NT 10.0; Win64; x64) AppleWebKit/537.36 (KHTML, like Gecko) Chrome/107.0.0.0 Safari/537.36"
::ffff:98.234.224.71 - - [17/Nov/2022:19:27:43 +0000] "GET /images/tiger.bmp HTTP/1.1" 304 - "http://wadokikai.org/" "Mozilla/5.0 (Windows NT 10.0; Win64; x64) AppleWebKit/537.36 (KHTML, like Gecko) Chrome/107.0.0.0 Safari/537.36"
::ffff:98.234.224.71 - - [17/Nov/2022:19:27:45 +0000] "GET /css/wadokikai.css HTTP/1.1" 304 - "http://wadokikai.org/schools" "Mozilla/5.0 (Windows NT 10.0; Win64; x64) AppleWebKit/537.36 (KHTML, like Gecko) Chrome/107.0.0.0 Safari/537.36"
::ffff:98.234.224.71 - - [17/Nov/2022:19:27:45 +0000] "GET /schools HTTP/1.1" 200 97308 "http://wadokikai.org/" "Mozilla/5.0 (Windows NT 10.0; Win64; x64) AppleWebKit/537.36 (KHTML, like Gecko) Chrome/107.0.0.0 Safari/537.36"
::ffff:98.234.224.71 - - [17/Nov/2022:19:27:45 +0000] "GET /images/instructors/JohnPWKK.jpg HTTP/1.1" 200 7574 "http://wadokikai.org/schools" "Mozilla/5.0 (Windows NT 10.0; Win64; x64) AppleWebKit/537.36 (KHTML, like Gecko) Chrome/107.0.0.0 Safari/537.36"
::ffff:98.234.224.71 - - [17/Nov/2022:19:27:45 +0000] "GET /images/wkkpatch22_med.png HTTP/1.1" 304 - "http://wadokikai.org/schools" "Mozilla/5.0 (Windows NT 10.0; Win64; x64) AppleWebKit/537.36 (KHTML, like Gecko) Chrome/107.0.0.0 Safari/537.36"
::ffff:98.234.224.71 - - [17/Nov/2022:19:27:45 +0000] "GET /images/instructors/clarkb.jpeg HTTP/1.1" 200 12183 "http://wadokikai.org/schools" "Mozilla/5.0 (Windows NT 10.0; Win64; x64) AppleWebKit/537.36 (KHTML, like Gecko) Chrome/107.0.0.0 Safari/537.36"
::ffff:98.234.224.71 - - [17/Nov/2022:19:27:45 +0000] "GET /images/instructors/don.jpg HTTP/1.1" 200 76210 "http://wadokikai.org/schools" "Mozilla/5.0 (Windows NT 10.0; Win64; x64) AppleWebKit/537.36 (KHTML, like Gecko) Chrome/107.0.0.0 Safari/537.36"
::ffff:98.234.224.71 - - [17/Nov/2022:19:27:45 +0000] "GET /images/instructors/grant.jpg HTTP/1.1" 200 14249 "http://wadokikai.org/schools" "Mozilla/5.0 (Windows NT 10.0; Win64; x64) AppleWebKit/537.36 (KHTML, like Gecko) Chrome/107.0.0.0 Safari/537.36"
::ffff:98.234.224.71 - - [17/Nov/2022:19:27:45 +0000] "GET /images/instructors/justin.jpg HTTP/1.1" 200 14091 "http://wadokikai.org/schools" "Mozilla/5.0 (Windows NT 10.0; Win64; x64) AppleWebKit/537.36 (KHTML, like Gecko) Chrome/107.0.0.0 Safari/537.36"
::ffff:98.234.224.71 - - [17/Nov/2022:19:27:45 +0000] "GET /images/instructors/herseybaker.jpg HTTP/1.1" 200 13988 "http://wadokikai.org/schools" "Mozilla/5.0 (Windows NT 10.0; Win64; x64) AppleWebKit/537.36 (KHTML, like Gecko) Chrome/107.0.0.0 Safari/537.36"
::ffff:98.234.224.71 - - [17/Nov/2022:19:27:45 +0000] "GET /images/instructors/anthony.jpg HTTP/1.1" 200 14045 "http://wadokikai.org/schools" "Mozilla/5.0 (Windows NT 10.0; Win64; x64) AppleWebKit/537.36 (KHTML, like Gecko) Chrome/107.0.0.0 Safari/537.36"
::ffff:98.234.224.71 - - [17/Nov/2022:19:27:45 +0000] "GET /images/instructors/anunley.jpg HTTP/1.1" 200 32690 "http://wadokikai.org/schools" "Mozilla/5.0 (Windows NT 10.0; Win64; x64) AppleWebKit/537.36 (KHTML, like Gecko) Chrome/107.0.0.0 Safari/537.36"
::ffff:98.234.224.71 - - [17/Nov/2022:19:27:45 +0000] "GET /images/instructors/arce.jpg HTTP/1.1" 200 14433 "http://wadokikai.org/schools" "Mozilla/5.0 (Windows NT 10.0; Win64; x64) AppleWebKit/537.36 (KHTML, like Gecko) Chrome/107.0.0.0 Safari/537.36"
::ffff:98.234.224.71 - - [17/Nov/2022:19:27:45 +0000] "GET /images/instructors/carlos.jpg HTTP/1.1" 200 21431 "http://wadokikai.org/schools" "Mozilla/5.0 (Windows NT 10.0; Win64; x64) AppleWebKit/537.36 (KHTML, like Gecko) Chrome/107.0.0.0 Safari/537.36"
::ffff:98.234.224.71 - - [17/Nov/2022:19:27:45 +0000] "GET /images/instructors/geoffrey.jpg HTTP/1.1" 200 14922 "http://wadokikai.org/schools" "Mozilla/5.0 (Windows NT 10.0; Win64; x64) AppleWebKit/537.36 (KHTML, like Gecko) Chrome/107.0.0.0 Safari/537.36"
::ffff:98.234.224.71 - - [17/Nov/2022:19:27:45 +0000] "GET /images/instructors/rodnak.jpg HTTP/1.1" 200 12841 "http://wadokikai.org/schools" "Mozilla/5.0 (Windows NT 10.0; Win64; x64) AppleWebKit/537.36 (KHTML, like Gecko) Chrome/107.0.0.0 Safari/537.36"
::ffff:98.234.224.71 - - [17/Nov/2022:19:27:45 +0000] "GET /images/instructors/dokeeffe.jpg HTTP/1.1" 200 42708 "http://wadokikai.org/schools" "Mozilla/5.0 (Windows NT 10.0; Win64; x64) AppleWebKit/537.36 (KHTML, like Gecko) Chrome/107.0.0.0 Safari/537.36"
::ffff:98.234.224.71 - - [17/Nov/2022:19:27:45 +0000] "GET /images/instructors/fortiz.jpg HTTP/1.1" 200 82719 "http://wadokikai.org/schools" "Mozilla/5.0 (Windows NT 10.0; Win64; x64) AppleWebKit/537.36 (KHTML, like Gecko) Chrome/107.0.0.0 Safari/537.36"
::ffff:98.234.224.71 - - [17/Nov/2022:19:27:45 +0000] "GET /images/instructors/mlee.jpg HTTP/1.1" 200 65525 "http://wadokikai.org/schools" "Mozilla/5.0 (Windows NT 10.0; Win64; x64) AppleWebKit/537.36 (KHTML, like Gecko) Chrome/107.0.0.0 Safari/537.36"
::ffff:98.234.224.71 - - [17/Nov/2022:19:27:45 +0000] "GET /images/instructors/jorge8th.jpg HTTP/1.1" 200 121759 "http://wadokikai.org/schools" "Mozilla/5.0 (Windows NT 10.0; Win64; x64) AppleWebKit/537.36 (KHTML, like Gecko) Chrome/107.0.0.0 Safari/537.36"
::ffff:98.234.224.71 - - [17/Nov/2022:19:27:45 +0000] "GET /images/instructors/acohen.jpg HTTP/1.1" 200 62805 "http://wadokikai.org/schools" "Mozilla/5.0 (Windows NT 10.0; Win64; x64) AppleWebKit/537.36 (KHTML, like Gecko) Chrome/107.0.0.0 Safari/537.36"
::ffff:98.234.224.71 - - [17/Nov/2022:19:27:45 +0000] "GET /images/instructors/andrea.jpg HTTP/1.1" 200 61330 "http://wadokikai.org/schools" "Mozilla/5.0 (Windows NT 10.0; Win64; x64) AppleWebKit/537.36 (KHTML, like Gecko) Chrome/107.0.0.0 Safari/537.36"
::ffff:98.234.224.71 - - [17/Nov/2022:19:27:45 +0000] "GET /images/instructors/btimlin.jpg HTTP/1.1" 200 378054 "http://wadokikai.org/schools" "Mozilla/5.0 (Windows NT 10.0; Win64; x64) AppleWebKit/537.36 (KHTML, like Gecko) Chrome/107.0.0.0 Safari/537.36"
::ffff:98.234.224.71 - - [17/Nov/2022:19:27:45 +0000] "GET /images/instructors/SenseiLarry.jpg HTTP/1.1" 200 60380 "http://wadokikai.org/schools" "Mozilla/5.0 (Windows NT 10.0; Win64; x64) AppleWebKit/537.36 (KHTML, like Gecko) Chrome/107.0.0.0 Safari/537.36"
::ffff:98.234.224.71 - - [17/Nov/2022:19:27:45 +0000] "GET /images/instructors/RuPaster.jpg HTTP/1.1" 200 75352 "http://wadokikai.org/schools" "Mozilla/5.0 (Windows NT 10.0; Win64; x64) AppleWebKit/537.36 (KHTML, like Gecko) Chrome/107.0.0.0 Safari/537.36"
::ffff:98.234.224.71 - - [17/Nov/2022:19:27:45 +0000] "GET /images/instructors/achang.jpg HTTP/1.1" 200 32799 "http://wadokikai.org/schools" "Mozilla/5.0 (Windows NT 10.0; Win64; x64) AppleWebKit/537.36 (KHTML, like Gecko) Chrome/107.0.0.0 Safari/537.36"
::ffff:98.234.224.71 - - [17/Nov/2022:19:27:45 +0000] "GET /images/instructors/amastroianni.jpg HTTP/1.1" 200 78389 "http://wadokikai.org/schools" "Mozilla/5.0 (Windows NT 10.0; Win64; x64) AppleWebKit/537.36 (KHTML, like Gecko) Chrome/107.0.0.0 Safari/537.36"
::ffff:98.234.224.71 - - [17/Nov/2022:19:27:45 +0000] "GET /images/instructors/amahalatinia.jpg HTTP/1.1" 200 84763 "http://wadokikai.org/schools" "Mozilla/5.0 (Windows NT 10.0; Win64; x64) AppleWebKit/537.36 (KHTML, like Gecko) Chrome/107.0.0.0 Safari/537.36"
::ffff:98.234.224.71 - - [17/Nov/2022:19:27:45 +0000] "GET /images/instructors/fnavarro.jpg HTTP/1.1" 200 7268 "http://wadokikai.org/schools" "Mozilla/5.0 (Windows NT 10.0; Win64; x64) AppleWebKit/537.36 (KHTML, like Gecko) Chrome/107.0.0.0 Safari/537.36"
::ffff:98.234.224.71 - - [17/Nov/2022:19:27:45 +0000] "GET /images/instructors/wkklogo.png HTTP/1.1" 200 35114 "http://wadokikai.org/schools" "Mozilla/5.0 (Windows NT 10.0; Win64; x64) AppleWebKit/537.36 (KHTML, like Gecko) Chrome/107.0.0.0 Safari/537.36"
::ffff:98.234.224.71 - - [17/Nov/2022:19:27:45 +0000] "GET /images/schools/alamedakaratedo.jpg HTTP/1.1" 200 86185 "http://wadokikai.org/schools" "Mozilla/5.0 (Windows NT 10.0; Win64; x64) AppleWebKit/537.36 (KHTML, like Gecko) Chrome/107.0.0.0 Safari/537.36"
::ffff:98.234.224.71 - - [17/Nov/2022:19:27:45 +0000] "GET /images/fbpic.webp HTTP/1.1" 200 986 "http://wadokikai.org/schools" "Mozilla/5.0 (Windows NT 10.0; Win64; x64) AppleWebKit/537.36 (KHTML, like Gecko) Chrome/107.0.0.0 Safari/537.36"
::ffff:98.234.224.71 - - [17/Nov/2022:19:27:45 +0000] "GET /images/schools/alamedakaratedomap.jpg HTTP/1.1" 304 - "http://wadokikai.org/schools" "Mozilla/5.0 (Windows NT 10.0; Win64; x64) AppleWebKit/537.36 (KHTML, like Gecko) Chrome/107.0.0.0 Safari/537.36"
::ffff:98.234.224.71 - - [17/Nov/2022:19:27:45 +0000] "GET /images/instructors/mbrooks.jpg HTTP/1.1" 200 132490 "http://wadokikai.org/schools" "Mozilla/5.0 (Windows NT 10.0; Win64; x64) AppleWebKit/537.36 (KHTML, like Gecko) Chrome/107.0.0.0 Safari/537.36"
