::ffff:98.33.43.127 - - [24/Aug/2022:16:10:19 +0000] "GET /images/books/MBS2.jpg HTTP/1.1" 200 15317 "http://www.wadokikai.org/resources" "Mozilla/5.0 (iPhone; CPU iPhone OS 15_6_1 like Mac OS X) AppleWebKit/605.1.15 (KHTML, like Gecko) Version/15.6.1 Mobile/15E148 Safari/604.1"
::ffff:98.33.43.127 - - [24/Aug/2022:16:10:19 +0000] "GET /images/books/MBS.gif HTTP/1.1" 200 13195 "http://www.wadokikai.org/resources" "Mozilla/5.0 (iPhone; CPU iPhone OS 15_6_1 like Mac OS X) AppleWebKit/605.1.15 (KHTML, like Gecko) Version/15.6.1 Mobile/15E148 Safari/604.1"
::ffff:98.33.43.127 - - [24/Aug/2022:16:10:19 +0000] "GET /images/books/karatebook.jpg HTTP/1.1" 200 7644 "http://www.wadokikai.org/resources" "Mozilla/5.0 (iPhone; CPU iPhone OS 15_6_1 like Mac OS X) AppleWebKit/605.1.15 (KHTML, like Gecko) Version/15.6.1 Mobile/15E148 Safari/604.1"
::ffff:98.33.43.127 - - [24/Aug/2022:16:10:19 +0000] "GET /images/books/ZenMeditation.jpg HTTP/1.1" 200 3760 "http://www.wadokikai.org/resources" "Mozilla/5.0 (iPhone; CPU iPhone OS 15_6_1 like Mac OS X) AppleWebKit/605.1.15 (KHTML, like Gecko) Version/15.6.1 Mobile/15E148 Safari/604.1"
::ffff:98.33.43.127 - - [24/Aug/2022:16:10:19 +0000] "GET /images/books/KarateDoZen.jpg HTTP/1.1" 200 2677 "http://www.wadokikai.org/resources" "Mozilla/5.0 (iPhone; CPU iPhone OS 15_6_1 like Mac OS X) AppleWebKit/605.1.15 (KHTML, like Gecko) Version/15.6.1 Mobile/15E148 Safari/604.1"
::ffff:98.33.43.127 - - [24/Aug/2022:16:10:19 +0000] "GET /images/books/bookoffiverings.jpg HTTP/1.1" 200 2940 "http://www.wadokikai.org/resources" "Mozilla/5.0 (iPhone; CPU iPhone OS 15_6_1 like Mac OS X) AppleWebKit/605.1.15 (KHTML, like Gecko) Version/15.6.1 Mobile/15E148 Safari/604.1"
::ffff:98.33.43.127 - - [24/Aug/2022:16:10:19 +0000] "GET /images/books/shotokanSecrets.jpg HTTP/1.1" 200 4046 "http://www.wadokikai.org/resources" "Mozilla/5.0 (iPhone; CPU iPhone OS 15_6_1 like Mac OS X) AppleWebKit/605.1.15 (KHTML, like Gecko) Version/15.6.1 Mobile/15E148 Safari/604.1"
::ffff:98.33.43.127 - - [24/Aug/2022:16:10:19 +0000] "GET /images/dragon-trans.png HTTP/1.1" 200 85661 "http://www.wadokikai.org/resources" "Mozilla/5.0 (iPhone; CPU iPhone OS 15_6_1 like Mac OS X) AppleWebKit/605.1.15 (KHTML, like Gecko) Version/15.6.1 Mobile/15E148 Safari/604.1"
::ffff:98.33.43.127 - - [24/Aug/2022:16:10:19 +0000] "GET /images/books/dummies.jpg HTTP/1.1" 200 3631 "http://www.wadokikai.org/resources" "Mozilla/5.0 (iPhone; CPU iPhone OS 15_6_1 like Mac OS X) AppleWebKit/605.1.15 (KHTML, like Gecko) Version/15.6.1 Mobile/15E148 Safari/604.1"
::ffff:98.33.43.127 - - [24/Aug/2022:16:10:19 +0000] "GET /images/books/dojoWisdom.jpg HTTP/1.1" 200 2813 "http://www.wadokikai.org/resources" "Mozilla/5.0 (iPhone; CPU iPhone OS 15_6_1 like Mac OS X) AppleWebKit/605.1.15 (KHTML, like Gecko) Version/15.6.1 Mobile/15E148 Safari/604.1"
::ffff:98.33.43.127 - - [24/Aug/2022:16:10:20 +0000] "GET /images/books/saibook.jpg HTTP/1.1" 200 3043 "http://www.wadokikai.org/resources" "Mozilla/5.0 (iPhone; CPU iPhone OS 15_6_1 like Mac OS X) AppleWebKit/605.1.15 (KHTML, like Gecko) Version/15.6.1 Mobile/15E148 Safari/604.1"
::ffff:98.33.43.127 - - [24/Aug/2022:16:10:20 +0000] "GET /images/books/bobook.gif HTTP/1.1" 200 6919 "http://www.wadokikai.org/resources" "Mozilla/5.0 (iPhone; CPU iPhone OS 15_6_1 like Mac OS X) AppleWebKit/605.1.15 (KHTML, like Gecko) Version/15.6.1 Mobile/15E148 Safari/604.1"
::ffff:98.33.43.127 - - [24/Aug/2022:16:10:20 +0000] "GET /images/books/guide20.jpg HTTP/1.1" 200 1934 "http://www.wadokikai.org/resources" "Mozilla/5.0 (iPhone; CPU iPhone OS 15_6_1 like Mac OS X) AppleWebKit/605.1.15 (KHTML, like Gecko) Version/15.6.1 Mobile/15E148 Safari/604.1"
::ffff:98.33.43.127 - - [24/Aug/2022:16:10:20 +0000] "GET /images/books/karatedojo.jpg HTTP/1.1" 200 3457 "http://www.wadokikai.org/resources" "Mozilla/5.0 (iPhone; CPU iPhone OS 15_6_1 like Mac OS X) AppleWebKit/605.1.15 (KHTML, like Gecko) Version/15.6.1 Mobile/15E148 Safari/604.1"
::ffff:98.33.43.127 - - [24/Aug/2022:16:10:20 +0000] "GET /images/books/grappingmethod.jpg HTTP/1.1" 200 4025 "http://www.wadokikai.org/resources" "Mozilla/5.0 (iPhone; CPU iPhone OS 15_6_1 like Mac OS X) AppleWebKit/605.1.15 (KHTML, like Gecko) Version/15.6.1 Mobile/15E148 Safari/604.1"
::ffff:98.33.43.127 - - [24/Aug/2022:16:10:20 +0000] "GET /images/books/artofwar.jpg HTTP/1.1" 200 22573 "http://www.wadokikai.org/resources" "Mozilla/5.0 (iPhone; CPU iPhone OS 15_6_1 like Mac OS X) AppleWebKit/605.1.15 (KHTML, like Gecko) Version/15.6.1 Mobile/15E148 Safari/604.1"
::ffff:98.33.43.127 - - [24/Aug/2022:16:10:20 +0000] "GET /images/books/emptyHand.jpg HTTP/1.1" 200 12021 "http://www.wadokikai.org/resources" "Mozilla/5.0 (iPhone; CPU iPhone OS 15_6_1 like Mac OS X) AppleWebKit/605.1.15 (KHTML, like Gecko) Version/15.6.1 Mobile/15E148 Safari/604.1"
::ffff:98.33.43.127 - - [24/Aug/2022:16:10:20 +0000] "GET /images/books/movingzen.jpg HTTP/1.1" 200 3578 "http://www.wadokikai.org/resources" "Mozilla/5.0 (iPhone; CPU iPhone OS 15_6_1 like Mac OS X) AppleWebKit/605.1.15 (KHTML, like Gecko) Version/15.6.1 Mobile/15E148 Safari/604.1"
::ffff:98.33.43.127 - - [24/Aug/2022:16:10:20 +0000] "GET /images/books/karatedo.jpg HTTP/1.1" 200 3442 "http://www.wadokikai.org/resources" "Mozilla/5.0 (iPhone; CPU iPhone OS 15_6_1 like Mac OS X) AppleWebKit/605.1.15 (KHTML, like Gecko) Version/15.6.1 Mobile/15E148 Safari/604.1"
::ffff:98.33.43.127 - - [24/Aug/2022:16:10:23 +0000] "GET /images/tiger.bmp HTTP/1.1" 200 311274 "http://www.wadokikai.org/resources" "Mozilla/5.0 (iPhone; CPU iPhone OS 15_6_1 like Mac OS X) AppleWebKit/605.1.15 (KHTML, like Gecko) Version/15.6.1 Mobile/15E148 Safari/604.1"
::ffff:98.33.43.127 - - [24/Aug/2022:16:10:27 +0000] "GET /images/dragon-trans.png HTTP/1.1" 304 - "http://www.wadokikai.org/resources" "Mozilla/5.0 (iPhone; CPU iPhone OS 15_6_1 like Mac OS X) AppleWebKit/605.1.15 (KHTML, like Gecko) Version/15.6.1 Mobile/15E148 Safari/604.1"
::ffff:98.33.43.127 - - [24/Aug/2022:16:10:52 +0000] "GET /images/tiger.bmp HTTP/1.1" 304 - "http://www.wadokikai.org/resources" "Mozilla/5.0 (iPhone; CPU iPhone OS 15_6_1 like Mac OS X) AppleWebKit/605.1.15 (KHTML, like Gecko) Version/15.6.1 Mobile/15E148 Safari/604.1"
::ffff:98.33.43.127 - - [24/Aug/2022:16:11:18 +0000] "GET /images/dragon-trans.png HTTP/1.1" 304 - "http://www.wadokikai.org/resources" "Mozilla/5.0 (iPhone; CPU iPhone OS 15_6_1 like Mac OS X) AppleWebKit/605.1.15 (KHTML, like Gecko) Version/15.6.1 Mobile/15E148 Safari/604.1"
::ffff:46.161.11.227 - - [24/Aug/2022:16:23:39 +0000] "GET / HTTP/1.0" 200 58158 "http://wadokikai.net/" "Mozilla/5.0 (Windows NT 10.0; Win64; x64) AppleWebKit/537.36 (KHTML, like Gecko) Chrome/83.0.4087.0 Safari/537.36"
::ffff:46.161.11.227 - - [24/Aug/2022:16:23:40 +0000] "POST /sendemail HTTP/1.0" 302 40 "http://wadokikai.net/" "Mozilla/5.0 (Windows NT 10.0; Win64; x64) AppleWebKit/537.36 (KHTML, like Gecko) Chrome/83.0.4087.0 Safari/537.36"
::ffff:46.161.11.227 - - [24/Aug/2022:16:23:41 +0000] "GET /?err=error HTTP/1.0" 200 58710 "http://wadokikai.net/?err=error#signup" "Mozilla/5.0 (Windows NT 10.0; Win64; x64) AppleWebKit/537.36 (KHTML, like Gecko) Chrome/83.0.4087.0 Safari/537.36"
::ffff:207.46.13.113 - - [24/Aug/2022:16:26:13 +0000] "GET /katas.html HTTP/1.1" 404 149 "-" "Mozilla/5.0 (compatible; bingbot/2.0; +http://www.bing.com/bingbot.htm)"
::ffff:3.85.126.192 - - [24/Aug/2022:16:34:02 +0000] "GET / HTTP/1.1" 200 58158 "-" "Mozilla/5.0 (Windows NT 10.0; WOW64) AppleWebKit/537.36 (KHTML, like Gecko) Chrome/83.0.4103.116 Safari/537.36"
::ffff:207.46.13.113 - - [24/Aug/2022:16:36:15 +0000] "GET /katas.html HTTP/1.1" 404 149 "-" "Mozilla/5.0 (compatible; bingbot/2.0; +http://www.bing.com/bingbot.htm)"
::ffff:185.254.196.115 - - [24/Aug/2022:16:40:18 +0000] "GET /.env HTTP/1.1" 404 143 "-" "Mozilla/5.0 (X11; Linux x86_64) AppleWebKit/537.36 (KHTML, like Gecko) Chrome/81.0.4044.129 Safari/537.36"
::ffff:185.254.196.115 - - [24/Aug/2022:16:40:19 +0000] "POST / HTTP/1.1" 404 140 "-" "Mozilla/5.0 (X11; Linux x86_64) AppleWebKit/537.36 (KHTML, like Gecko) Chrome/81.0.4044.129 Safari/537.36"
::ffff:66.249.66.215 - - [24/Aug/2022:16:49:04 +0000] "GET /robots.txt HTTP/1.1" 404 149 "-" "Mozilla/5.0 (compatible; Googlebot/2.1; +http://www.google.com/bot.html)"
::ffff:66.249.66.131 - - [24/Aug/2022:16:49:04 +0000] "GET /docs/Bushido-code.pdf HTTP/1.1" 304 - "-" "Mozilla/5.0 (Linux; Android 6.0.1; Nexus 5X Build/MMB29P) AppleWebKit/537.36 (KHTML, like Gecko) Chrome/104.0.5112.79 Mobile Safari/537.36 (compatible; Googlebot/2.1; +http://www.google.com/bot.html)"
::ffff:136.24.141.37 - - [24/Aug/2022:17:25:46 +0000] "GET /images/tiger.bmp HTTP/1.1" 200 311274 "https://wadokikai.org/" "Mozilla/5.0 (Macintosh; Intel Mac OS X 10_15_7) AppleWebKit/537.36 (KHTML, like Gecko) Chrome/104.0.0.0 Safari/537.36"
::ffff:136.24.141.37 - - [24/Aug/2022:17:25:50 +0000] "GET /images/wadokikai%20kanji.jpg HTTP/1.1" 304 - "https://wadokikai.org/" "Mozilla/5.0 (Macintosh; Intel Mac OS X 10_15_7) AppleWebKit/537.36 (KHTML, like Gecko) Chrome/104.0.0.0 Safari/537.36"
::ffff:207.46.13.74 - - [24/Aug/2022:17:32:15 +0000] "GET / HTTP/1.1" 200 58158 "-" "Mozilla/5.0 (compatible; bingbot/2.0; +http://www.bing.com/bingbot.htm)"
::ffff:157.55.39.86 - - [24/Aug/2022:17:32:29 +0000] "GET /css/wadokikai.css HTTP/1.1" 200 4337 "-" "Mozilla/5.0 AppleWebKit/537.36 (KHTML, like Gecko; compatible; bingbot/2.0; +http://www.bing.com/bingbot.htm) Chrome/103.0.5060.134 Safari/537.36"
::ffff:207.46.13.113 - - [24/Aug/2022:17:32:30 +0000] "GET /js/common.js HTTP/1.1" 200 2255 "-" "Mozilla/5.0 (compatible; bingbot/2.0; +http://www.bing.com/bingbot.htm)"
::ffff:207.46.13.168 - - [24/Aug/2022:17:41:47 +0000] "GET /index.php HTTP/1.1" 404 148 "-" "Mozilla/5.0 (compatible; bingbot/2.0; +http://www.bing.com/bingbot.htm)"
::ffff:209.232.116.100 - - [24/Aug/2022:17:44:01 +0000] "GET /images/favicon.ico HTTP/1.1" 304 - "http://www.wadokikai.net/schools" "Mozilla/5.0 (iPhone; CPU iPhone OS 15_6_1 like Mac OS X) AppleWebKit/605.1.15 (KHTML, like Gecko) Version/15.6.1 Mobile/15E148 Safari/604.1"
::ffff:207.46.13.168 - - [24/Aug/2022:17:55:30 +0000] "GET /index.php HTTP/1.1" 404 148 "-" "Mozilla/5.0 (compatible; bingbot/2.0; +http://www.bing.com/bingbot.htm)"
::ffff:207.46.13.143 - - [24/Aug/2022:17:57:02 +0000] "GET /contact HTTP/1.1" 200 10017 "-" "Mozilla/5.0 (compatible; bingbot/2.0; +http://www.bing.com/bingbot.htm)"
::ffff:207.46.13.113 - - [24/Aug/2022:17:57:54 +0000] "GET /events HTTP/1.1" 200 9364 "-" "Mozilla/5.0 (compatible; bingbot/2.0; +http://www.bing.com/bingbot.htm)"
::ffff:167.248.133.60 - - [24/Aug/2022:17:59:16 +0000] "GET / HTTP/1.1" 200 58158 "-" "-"
::ffff:167.248.133.60 - - [24/Aug/2022:17:59:16 +0000] "GET / HTTP/1.1" 200 58158 "-" "Mozilla/5.0 (compatible; CensysInspect/1.1; +https://about.censys.io/)"
::ffff:167.248.133.60 - - [24/Aug/2022:17:59:17 +0000] "PRI * HTTP/2.0" - - "-" "-"
::ffff:185.254.196.115 - - [24/Aug/2022:18:10:15 +0000] "GET /.env HTTP/1.1" 404 143 "-" "Mozilla/5.0 (X11; Linux x86_64) AppleWebKit/537.36 (KHTML, like Gecko) Chrome/81.0.4044.129 Safari/537.36"
::ffff:185.254.196.115 - - [24/Aug/2022:18:10:16 +0000] "POST / HTTP/1.1" 404 140 "-" "Mozilla/5.0 (X11; Linux x86_64) AppleWebKit/537.36 (KHTML, like Gecko) Chrome/81.0.4044.129 Safari/537.36"
::ffff:24.5.43.55 - - [24/Aug/2022:18:13:17 +0000] "GET / HTTP/1.1" 200 58158 "-" "Mozilla/5.0 (iPad; CPU OS 15_2 like Mac OS X) AppleWebKit/605.1.15 (KHTML, like Gecko) CriOS/94.0.4606.76 Mobile/15E148 Safari/604.1"
::ffff:24.5.43.55 - - [24/Aug/2022:18:13:17 +0000] "GET /images/schools/alamedakaratedomap.jpg HTTP/1.1" 304 - "http://wadokikai.org/" "Mozilla/5.0 (iPad; CPU OS 15_2 like Mac OS X) AppleWebKit/605.1.15 (KHTML, like Gecko) CriOS/94.0.4606.76 Mobile/15E148 Safari/604.1"
::ffff:24.5.43.55 - - [24/Aug/2022:18:13:17 +0000] "GET /css/wadokikai.css HTTP/1.1" 304 - "http://wadokikai.org/" "Mozilla/5.0 (iPad; CPU OS 15_2 like Mac OS X) AppleWebKit/605.1.15 (KHTML, like Gecko) CriOS/94.0.4606.76 Mobile/15E148 Safari/604.1"
::ffff:24.5.43.55 - - [24/Aug/2022:18:13:17 +0000] "GET /images/wkkpatch22_med.png HTTP/1.1" 304 - "http://wadokikai.org/" "Mozilla/5.0 (iPad; CPU OS 15_2 like Mac OS X) AppleWebKit/605.1.15 (KHTML, like Gecko) CriOS/94.0.4606.76 Mobile/15E148 Safari/604.1"
::ffff:24.5.43.55 - - [24/Aug/2022:18:13:17 +0000] "GET /images/marin5thDan.jpeg HTTP/1.1" 304 - "http://wadokikai.org/" "Mozilla/5.0 (iPad; CPU OS 15_2 like Mac OS X) AppleWebKit/605.1.15 (KHTML, like Gecko) CriOS/94.0.4606.76 Mobile/15E148 Safari/604.1"
::ffff:24.5.43.55 - - [24/Aug/2022:18:13:17 +0000] "GET /js/common.js HTTP/1.1" 304 - "http://wadokikai.org/" "Mozilla/5.0 (iPad; CPU OS 15_2 like Mac OS X) AppleWebKit/605.1.15 (KHTML, like Gecko) CriOS/94.0.4606.76 Mobile/15E148 Safari/604.1"
::ffff:24.5.43.55 - - [24/Aug/2022:18:13:17 +0000] "GET /images/schools/dcakaratedomap.jpg HTTP/1.1" 304 - "http://wadokikai.org/" "Mozilla/5.0 (iPad; CPU OS 15_2 like Mac OS X) AppleWebKit/605.1.15 (KHTML, like Gecko) CriOS/94.0.4606.76 Mobile/15E148 Safari/604.1"
::ffff:24.5.43.55 - - [24/Aug/2022:18:13:17 +0000] "GET /images/schools/orindakaratedomap.jpg HTTP/1.1" 304 - "http://wadokikai.org/" "Mozilla/5.0 (iPad; CPU OS 15_2 like Mac OS X) AppleWebKit/605.1.15 (KHTML, like Gecko) CriOS/94.0.4606.76 Mobile/15E148 Safari/604.1"
::ffff:24.5.43.55 - - [24/Aug/2022:18:13:17 +0000] "GET /images/schools/harborbaykaratedomap.jpg HTTP/1.1" 304 - "http://wadokikai.org/" "Mozilla/5.0 (iPad; CPU OS 15_2 like Mac OS X) AppleWebKit/605.1.15 (KHTML, like Gecko) CriOS/94.0.4606.76 Mobile/15E148 Safari/604.1"
::ffff:24.5.43.55 - - [24/Aug/2022:18:13:17 +0000] "GET /images/schools/corpuzkaratedomap.jpg HTTP/1.1" 304 - "http://wadokikai.org/" "Mozilla/5.0 (iPad; CPU OS 15_2 like Mac OS X) AppleWebKit/605.1.15 (KHTML, like Gecko) CriOS/94.0.4606.76 Mobile/15E148 Safari/604.1"
::ffff:24.5.43.55 - - [24/Aug/2022:18:13:17 +0000] "GET /images/promotions/20220728corpuz.jpg HTTP/1.1" 200 108218 "http://wadokikai.org/" "Mozilla/5.0 (iPad; CPU OS 15_2 like Mac OS X) AppleWebKit/605.1.15 (KHTML, like Gecko) CriOS/94.0.4606.76 Mobile/15E148 Safari/604.1"
::ffff:24.5.43.55 - - [24/Aug/2022:18:13:17 +0000] "GET /images/schools/marinkaratedomap.jpg HTTP/1.1" 304 - "http://wadokikai.org/" "Mozilla/5.0 (iPad; CPU OS 15_2 like Mac OS X) AppleWebKit/605.1.15 (KHTML, like Gecko) CriOS/94.0.4606.76 Mobile/15E148 Safari/604.1"
::ffff:24.5.43.55 - - [24/Aug/2022:18:13:17 +0000] "GET /images/schools/nunleykaratedomap.jpg HTTP/1.1" 304 - "http://wadokikai.org/" "Mozilla/5.0 (iPad; CPU OS 15_2 like Mac OS X) AppleWebKit/605.1.15 (KHTML, like Gecko) CriOS/94.0.4606.76 Mobile/15E148 Safari/604.1"
::ffff:24.5.43.55 - - [24/Aug/2022:18:13:17 +0000] "GET /images/schools/martinezkaratedomap.jpg HTTP/1.1" 304 - "http://wadokikai.org/" "Mozilla/5.0 (iPad; CPU OS 15_2 like Mac OS X) AppleWebKit/605.1.15 (KHTML, like Gecko) CriOS/94.0.4606.76 Mobile/15E148 Safari/604.1"
::ffff:24.5.43.55 - - [24/Aug/2022:18:13:17 +0000] "GET /images/schools/earhartkaratedomap.jpg HTTP/1.1" 304 - "http://wadokikai.org/" "Mozilla/5.0 (iPad; CPU OS 15_2 like Mac OS X) AppleWebKit/605.1.15 (KHTML, like Gecko) CriOS/94.0.4606.76 Mobile/15E148 Safari/604.1"
::ffff:24.5.43.55 - - [24/Aug/2022:18:13:17 +0000] "GET /images/tournaments/NKD8202022.jpg HTTP/1.1" 200 493189 "http://wadokikai.org/" "Mozilla/5.0 (iPad; CPU OS 15_2 like Mac OS X) AppleWebKit/605.1.15 (KHTML, like Gecko) CriOS/94.0.4606.76 Mobile/15E148 Safari/604.1"
::ffff:24.5.43.55 - - [24/Aug/2022:18:13:17 +0000] "GET /images/schools/manzanitakaratedomap.jpg HTTP/1.1" 304 - "http://wadokikai.org/" "Mozilla/5.0 (iPad; CPU OS 15_2 like Mac OS X) AppleWebKit/605.1.15 (KHTML, like Gecko) CriOS/94.0.4606.76 Mobile/15E148 Safari/604.1"
::ffff:24.5.43.55 - - [24/Aug/2022:18:13:17 +0000] "GET /images/dragon-trans.png HTTP/1.1" 304 - "http://wadokikai.org/" "Mozilla/5.0 (iPad; CPU OS 15_2 like Mac OS X) AppleWebKit/605.1.15 (KHTML, like Gecko) CriOS/94.0.4606.76 Mobile/15E148 Safari/604.1"
::ffff:24.5.43.55 - - [24/Aug/2022:18:13:17 +0000] "GET /images/favicon.ico HTTP/1.1" 304 - "-" "Mozilla/5.0 (iPad; CPU OS 15_2 like Mac OS X) AppleWebKit/605.1.15 (KHTML, like Gecko) CriOS/94.0.4606.76 Mobile/15E148 Safari/604.1"
::ffff:24.5.43.55 - - [24/Aug/2022:18:13:21 +0000] "GET /images/tiger.bmp HTTP/1.1" 304 - "http://wadokikai.org/" "Mozilla/5.0 (iPad; CPU OS 15_2 like Mac OS X) AppleWebKit/605.1.15 (KHTML, like Gecko) CriOS/94.0.4606.76 Mobile/15E148 Safari/604.1"
::ffff:24.5.43.55 - - [24/Aug/2022:18:13:24 +0000] "GET /images/wadokikai%20kanji.jpg HTTP/1.1" 304 - "http://wadokikai.org/" "Mozilla/5.0 (iPad; CPU OS 15_2 like Mac OS X) AppleWebKit/605.1.15 (KHTML, like Gecko) CriOS/94.0.4606.76 Mobile/15E148 Safari/604.1"
::ffff:136.24.141.37 - - [24/Aug/2022:18:13:40 +0000] "GET / HTTP/1.1" 200 58158 "-" "Mozilla/5.0 (Macintosh; Intel Mac OS X 10_15_7) AppleWebKit/537.36 (KHTML, like Gecko) Chrome/104.0.0.0 Safari/537.36"
::ffff:136.24.141.37 - - [24/Aug/2022:18:13:40 +0000] "GET /css/wadokikai.css HTTP/1.1" 200 4337 "http://wadokikai.org/" "Mozilla/5.0 (Macintosh; Intel Mac OS X 10_15_7) AppleWebKit/537.36 (KHTML, like Gecko) Chrome/104.0.0.0 Safari/537.36"
::ffff:136.24.141.37 - - [24/Aug/2022:18:13:40 +0000] "GET /js/common.js HTTP/1.1" 200 2255 "http://wadokikai.org/" "Mozilla/5.0 (Macintosh; Intel Mac OS X 10_15_7) AppleWebKit/537.36 (KHTML, like Gecko) Chrome/104.0.0.0 Safari/537.36"
::ffff:136.24.141.37 - - [24/Aug/2022:18:13:40 +0000] "GET /images/wkkpatch22_med.png HTTP/1.1" 200 32301 "http://wadokikai.org/" "Mozilla/5.0 (Macintosh; Intel Mac OS X 10_15_7) AppleWebKit/537.36 (KHTML, like Gecko) Chrome/104.0.0.0 Safari/537.36"
::ffff:136.24.141.37 - - [24/Aug/2022:18:13:40 +0000] "GET /images/promotions/20220728corpuz.jpg HTTP/1.1" 200 108218 "http://wadokikai.org/" "Mozilla/5.0 (Macintosh; Intel Mac OS X 10_15_7) AppleWebKit/537.36 (KHTML, like Gecko) Chrome/104.0.0.0 Safari/537.36"
::ffff:136.24.141.37 - - [24/Aug/2022:18:13:40 +0000] "GET /images/schools/alamedakaratedomap.jpg HTTP/1.1" 200 38311 "http://wadokikai.org/" "Mozilla/5.0 (Macintosh; Intel Mac OS X 10_15_7) AppleWebKit/537.36 (KHTML, like Gecko) Chrome/104.0.0.0 Safari/537.36"
::ffff:136.24.141.37 - - [24/Aug/2022:18:13:40 +0000] "GET /images/schools/dcakaratedomap.jpg HTTP/1.1" 200 35262 "http://wadokikai.org/" "Mozilla/5.0 (Macintosh; Intel Mac OS X 10_15_7) AppleWebKit/537.36 (KHTML, like Gecko) Chrome/104.0.0.0 Safari/537.36"
::ffff:136.24.141.37 - - [24/Aug/2022:18:13:40 +0000] "GET /images/schools/orindakaratedomap.jpg HTTP/1.1" 200 34167 "http://wadokikai.org/" "Mozilla/5.0 (Macintosh; Intel Mac OS X 10_15_7) AppleWebKit/537.36 (KHTML, like Gecko) Chrome/104.0.0.0 Safari/537.36"
::ffff:136.24.141.37 - - [24/Aug/2022:18:13:40 +0000] "GET /images/schools/harborbaykaratedomap.jpg HTTP/1.1" 200 37245 "http://wadokikai.org/" "Mozilla/5.0 (Macintosh; Intel Mac OS X 10_15_7) AppleWebKit/537.36 (KHTML, like Gecko) Chrome/104.0.0.0 Safari/537.36"
::ffff:136.24.141.37 - - [24/Aug/2022:18:13:41 +0000] "GET /images/marin5thDan.jpeg HTTP/1.1" 200 105451 "http://wadokikai.org/" "Mozilla/5.0 (Macintosh; Intel Mac OS X 10_15_7) AppleWebKit/537.36 (KHTML, like Gecko) Chrome/104.0.0.0 Safari/537.36"
::ffff:136.24.141.37 - - [24/Aug/2022:18:13:41 +0000] "GET /images/schools/corpuzkaratedomap.jpg HTTP/1.1" 200 36421 "http://wadokikai.org/" "Mozilla/5.0 (Macintosh; Intel Mac OS X 10_15_7) AppleWebKit/537.36 (KHTML, like Gecko) Chrome/104.0.0.0 Safari/537.36"
::ffff:136.24.141.37 - - [24/Aug/2022:18:13:41 +0000] "GET /images/schools/nunleykaratedomap.jpg HTTP/1.1" 200 42667 "http://wadokikai.org/" "Mozilla/5.0 (Macintosh; Intel Mac OS X 10_15_7) AppleWebKit/537.36 (KHTML, like Gecko) Chrome/104.0.0.0 Safari/537.36"
::ffff:136.24.141.37 - - [24/Aug/2022:18:13:41 +0000] "GET /images/schools/marinkaratedomap.jpg HTTP/1.1" 200 32400 "http://wadokikai.org/" "Mozilla/5.0 (Macintosh; Intel Mac OS X 10_15_7) AppleWebKit/537.36 (KHTML, like Gecko) Chrome/104.0.0.0 Safari/537.36"
::ffff:136.24.141.37 - - [24/Aug/2022:18:13:41 +0000] "GET /images/schools/earhartkaratedomap.jpg HTTP/1.1" 200 41366 "http://wadokikai.org/" "Mozilla/5.0 (Macintosh; Intel Mac OS X 10_15_7) AppleWebKit/537.36 (KHTML, like Gecko) Chrome/104.0.0.0 Safari/537.36"
::ffff:136.24.141.37 - - [24/Aug/2022:18:13:41 +0000] "GET /images/schools/martinezkaratedomap.jpg HTTP/1.1" 200 37724 "http://wadokikai.org/" "Mozilla/5.0 (Macintosh; Intel Mac OS X 10_15_7) AppleWebKit/537.36 (KHTML, like Gecko) Chrome/104.0.0.0 Safari/537.36"
::ffff:136.24.141.37 - - [24/Aug/2022:18:13:41 +0000] "GET /images/tournaments/NKD8202022.jpg HTTP/1.1" 200 493189 "http://wadokikai.org/" "Mozilla/5.0 (Macintosh; Intel Mac OS X 10_15_7) AppleWebKit/537.36 (KHTML, like Gecko) Chrome/104.0.0.0 Safari/537.36"
::ffff:136.24.141.37 - - [24/Aug/2022:18:13:41 +0000] "GET /images/schools/manzanitakaratedomap.jpg HTTP/1.1" 200 55402 "http://wadokikai.org/" "Mozilla/5.0 (Macintosh; Intel Mac OS X 10_15_7) AppleWebKit/537.36 (KHTML, like Gecko) Chrome/104.0.0.0 Safari/537.36"
::ffff:136.24.141.37 - - [24/Aug/2022:18:13:41 +0000] "GET /images/dragon-trans.png HTTP/1.1" 200 85661 "http://wadokikai.org/" "Mozilla/5.0 (Macintosh; Intel Mac OS X 10_15_7) AppleWebKit/537.36 (KHTML, like Gecko) Chrome/104.0.0.0 Safari/537.36"
::ffff:136.24.141.37 - - [24/Aug/2022:18:13:41 +0000] "GET /images/favicon.ico HTTP/1.1" 200 3638 "http://wadokikai.org/" "Mozilla/5.0 (Macintosh; Intel Mac OS X 10_15_7) AppleWebKit/537.36 (KHTML, like Gecko) Chrome/104.0.0.0 Safari/537.36"
::ffff:136.24.141.37 - - [24/Aug/2022:18:13:44 +0000] "GET /images/tiger.bmp HTTP/1.1" 200 311274 "http://wadokikai.org/" "Mozilla/5.0 (Macintosh; Intel Mac OS X 10_15_7) AppleWebKit/537.36 (KHTML, like Gecko) Chrome/104.0.0.0 Safari/537.36"
::ffff:136.24.141.37 - - [24/Aug/2022:18:13:48 +0000] "GET /images/wadokikai%20kanji.jpg HTTP/1.1" 200 35066 "http://wadokikai.org/" "Mozilla/5.0 (Macintosh; Intel Mac OS X 10_15_7) AppleWebKit/537.36 (KHTML, like Gecko) Chrome/104.0.0.0 Safari/537.36"
::ffff:157.55.39.72 - - [24/Aug/2022:18:14:56 +0000] "GET /schools HTTP/1.1" 200 96626 "-" "Mozilla/5.0 (compatible; bingbot/2.0; +http://www.bing.com/bingbot.htm)"
::ffff:66.249.66.25 - - [24/Aug/2022:18:18:50 +0000] "GET /books.php HTTP/1.1" 404 148 "-" "Mozilla/5.0 (Linux; Android 6.0.1; Nexus 5X Build/MMB29P) AppleWebKit/537.36 (KHTML, like Gecko) Chrome/104.0.5112.79 Mobile Safari/537.36 (compatible; Googlebot/2.1; +http://www.google.com/bot.html)"
::ffff:136.24.141.37 - - [24/Aug/2022:18:24:38 +0000] "GET / HTTP/1.1" 200 58158 "-" "Mozilla/5.0 (Macintosh; Intel Mac OS X 10_15_7) AppleWebKit/537.36 (KHTML, like Gecko) Chrome/104.0.0.0 Safari/537.36"
::ffff:136.24.141.37 - - [24/Aug/2022:18:24:38 +0000] "GET /css/wadokikai.css HTTP/1.1" 304 - "https://wadokikai.org/" "Mozilla/5.0 (Macintosh; Intel Mac OS X 10_15_7) AppleWebKit/537.36 (KHTML, like Gecko) Chrome/104.0.0.0 Safari/537.36"
::ffff:136.24.141.37 - - [24/Aug/2022:18:24:38 +0000] "GET /images/wkkpatch22_med.png HTTP/1.1" 200 32301 "https://wadokikai.org/" "Mozilla/5.0 (Macintosh; Intel Mac OS X 10_15_7) AppleWebKit/537.36 (KHTML, like Gecko) Chrome/104.0.0.0 Safari/537.36"
::ffff:136.24.141.37 - - [24/Aug/2022:18:24:38 +0000] "GET /js/common.js HTTP/1.1" 304 - "https://wadokikai.org/" "Mozilla/5.0 (Macintosh; Intel Mac OS X 10_15_7) AppleWebKit/537.36 (KHTML, like Gecko) Chrome/104.0.0.0 Safari/537.36"
::ffff:136.24.141.37 - - [24/Aug/2022:18:24:38 +0000] "GET /images/schools/orindakaratedomap.jpg HTTP/1.1" 200 34167 "https://wadokikai.org/" "Mozilla/5.0 (Macintosh; Intel Mac OS X 10_15_7) AppleWebKit/537.36 (KHTML, like Gecko) Chrome/104.0.0.0 Safari/537.36"
::ffff:136.24.141.37 - - [24/Aug/2022:18:24:38 +0000] "GET /images/schools/dcakaratedomap.jpg HTTP/1.1" 200 35262 "https://wadokikai.org/" "Mozilla/5.0 (Macintosh; Intel Mac OS X 10_15_7) AppleWebKit/537.36 (KHTML, like Gecko) Chrome/104.0.0.0 Safari/537.36"
::ffff:136.24.141.37 - - [24/Aug/2022:18:24:38 +0000] "GET /images/schools/alamedakaratedomap.jpg HTTP/1.1" 200 38311 "https://wadokikai.org/" "Mozilla/5.0 (Macintosh; Intel Mac OS X 10_15_7) AppleWebKit/537.36 (KHTML, like Gecko) Chrome/104.0.0.0 Safari/537.36"
::ffff:136.24.141.37 - - [24/Aug/2022:18:24:38 +0000] "GET /images/tournaments/NKD8202022.jpg HTTP/1.1" 200 493189 "https://wadokikai.org/" "Mozilla/5.0 (Macintosh; Intel Mac OS X 10_15_7) AppleWebKit/537.36 (KHTML, like Gecko) Chrome/104.0.0.0 Safari/537.36"
::ffff:136.24.141.37 - - [24/Aug/2022:18:24:38 +0000] "GET /images/schools/harborbaykaratedomap.jpg HTTP/1.1" 200 37245 "https://wadokikai.org/" "Mozilla/5.0 (Macintosh; Intel Mac OS X 10_15_7) AppleWebKit/537.36 (KHTML, like Gecko) Chrome/104.0.0.0 Safari/537.36"
::ffff:136.24.141.37 - - [24/Aug/2022:18:24:38 +0000] "GET /images/marin5thDan.jpeg HTTP/1.1" 200 105451 "https://wadokikai.org/" "Mozilla/5.0 (Macintosh; Intel Mac OS X 10_15_7) AppleWebKit/537.36 (KHTML, like Gecko) Chrome/104.0.0.0 Safari/537.36"
::ffff:136.24.141.37 - - [24/Aug/2022:18:24:38 +0000] "GET /images/promotions/20220728corpuz.jpg HTTP/1.1" 200 108218 "https://wadokikai.org/" "Mozilla/5.0 (Macintosh; Intel Mac OS X 10_15_7) AppleWebKit/537.36 (KHTML, like Gecko) Chrome/104.0.0.0 Safari/537.36"
::ffff:136.24.141.37 - - [24/Aug/2022:18:24:38 +0000] "GET /images/schools/corpuzkaratedomap.jpg HTTP/1.1" 200 36421 "https://wadokikai.org/" "Mozilla/5.0 (Macintosh; Intel Mac OS X 10_15_7) AppleWebKit/537.36 (KHTML, like Gecko) Chrome/104.0.0.0 Safari/537.36"
::ffff:136.24.141.37 - - [24/Aug/2022:18:24:38 +0000] "GET /images/schools/nunleykaratedomap.jpg HTTP/1.1" 200 42667 "https://wadokikai.org/" "Mozilla/5.0 (Macintosh; Intel Mac OS X 10_15_7) AppleWebKit/537.36 (KHTML, like Gecko) Chrome/104.0.0.0 Safari/537.36"
::ffff:136.24.141.37 - - [24/Aug/2022:18:24:38 +0000] "GET /images/schools/marinkaratedomap.jpg HTTP/1.1" 200 32400 "https://wadokikai.org/" "Mozilla/5.0 (Macintosh; Intel Mac OS X 10_15_7) AppleWebKit/537.36 (KHTML, like Gecko) Chrome/104.0.0.0 Safari/537.36"
::ffff:136.24.141.37 - - [24/Aug/2022:18:24:38 +0000] "GET /images/schools/earhartkaratedomap.jpg HTTP/1.1" 200 41366 "https://wadokikai.org/" "Mozilla/5.0 (Macintosh; Intel Mac OS X 10_15_7) AppleWebKit/537.36 (KHTML, like Gecko) Chrome/104.0.0.0 Safari/537.36"
::ffff:136.24.141.37 - - [24/Aug/2022:18:24:38 +0000] "GET /images/schools/martinezkaratedomap.jpg HTTP/1.1" 200 37724 "https://wadokikai.org/" "Mozilla/5.0 (Macintosh; Intel Mac OS X 10_15_7) AppleWebKit/537.36 (KHTML, like Gecko) Chrome/104.0.0.0 Safari/537.36"
::ffff:136.24.141.37 - - [24/Aug/2022:18:24:38 +0000] "GET /images/schools/manzanitakaratedomap.jpg HTTP/1.1" 200 55402 "https://wadokikai.org/" "Mozilla/5.0 (Macintosh; Intel Mac OS X 10_15_7) AppleWebKit/537.36 (KHTML, like Gecko) Chrome/104.0.0.0 Safari/537.36"
::ffff:136.24.141.37 - - [24/Aug/2022:18:24:38 +0000] "GET /images/dragon-trans.png HTTP/1.1" 200 85661 "https://wadokikai.org/" "Mozilla/5.0 (Macintosh; Intel Mac OS X 10_15_7) AppleWebKit/537.36 (KHTML, like Gecko) Chrome/104.0.0.0 Safari/537.36"
::ffff:136.24.141.37 - - [24/Aug/2022:18:24:41 +0000] "GET /images/tiger.bmp HTTP/1.1" 304 - "https://wadokikai.org/" "Mozilla/5.0 (Macintosh; Intel Mac OS X 10_15_7) AppleWebKit/537.36 (KHTML, like Gecko) Chrome/104.0.0.0 Safari/537.36"
::ffff:136.24.141.37 - - [24/Aug/2022:18:24:45 +0000] "GET /images/wadokikai%20kanji.jpg HTTP/1.1" 304 - "https://wadokikai.org/" "Mozilla/5.0 (Macintosh; Intel Mac OS X 10_15_7) AppleWebKit/537.36 (KHTML, like Gecko) Chrome/104.0.0.0 Safari/537.36"
::ffff:207.46.13.113 - - [24/Aug/2022:18:26:25 +0000] "GET /katas.html HTTP/1.1" 404 149 "-" "Mozilla/5.0 (compatible; bingbot/2.0; +http://www.bing.com/bingbot.htm)"
::ffff:120.41.45.194 - - [24/Aug/2022:18:27:42 +0000] "GET / HTTP/1.1" 200 58158 "-" "Mozilla/5.0 (iPhone; CPU iPhone OS 13_2_3 like Mac OS X) AppleWebKit/605.1.15 (KHTML, like Gecko) Version/13.0.3 Mobile/15E148 Safari/604.1"
::ffff:136.24.141.37 - - [24/Aug/2022:18:28:03 +0000] "GET /images/wadokikai%20kanji.jpg HTTP/1.1" 304 - "https://wadokikai.org/" "Mozilla/5.0 (Macintosh; Intel Mac OS X 10_15_7) AppleWebKit/537.36 (KHTML, like Gecko) Chrome/104.0.0.0 Safari/537.36"
::ffff:136.24.141.37 - - [24/Aug/2022:18:28:07 +0000] "GET /images/dragon-trans.png HTTP/1.1" 304 - "https://wadokikai.org/" "Mozilla/5.0 (Macintosh; Intel Mac OS X 10_15_7) AppleWebKit/537.36 (KHTML, like Gecko) Chrome/104.0.0.0 Safari/537.36"
::ffff:185.180.143.18 - - [24/Aug/2022:18:34:57 +0000] "GET / HTTP/1.1" 200 58158 "-" "Mozilla/5.0 (Windows NT 10.0; Win64; x64) AppleWebKit/537.36 (KHTML, like Gecko) Chrome/60.0.3112.113 Safari/537.36"
::ffff:207.46.13.113 - - [24/Aug/2022:18:39:56 +0000] "GET /katas.html HTTP/1.1" 404 149 "-" "Mozilla/5.0 (compatible; bingbot/2.0; +http://www.bing.com/bingbot.htm)"
::ffff:50.112.68.88 - - [24/Aug/2022:18:41:55 +0000] "GET /schools HTTP/1.1" 200 96626 "-" "AHC/2.1"
::ffff:207.46.13.74 - - [24/Aug/2022:18:45:42 +0000] "GET /katas.html HTTP/1.1" 404 149 "-" "Mozilla/5.0 (compatible; bingbot/2.0; +http://www.bing.com/bingbot.htm)"
::ffff:141.95.33.140 - - [24/Aug/2022:18:49:00 +0000] "GET /contact.html HTTP/1.1" 404 151 "https://wadokikai.org/" "Mozilla/5.0 (Windows NT 10.0; WOW64) AppleWebKit/537.36 (KHTML, like Gecko) Chrome/103.0.0.0 Safari/537.36"
::ffff:141.95.33.140 - - [24/Aug/2022:18:49:01 +0000] "GET / HTTP/1.1" 200 58158 "https://wadokikai.org" "Mozilla/5.0 (Windows NT 10.0; WOW64) AppleWebKit/537.36 (KHTML, like Gecko) Chrome/103.0.0.0 Safari/537.36"
::ffff:157.55.39.86 - - [24/Aug/2022:19:02:09 +0000] "GET /resources HTTP/1.1" 200 194906 "-" "Mozilla/5.0 (compatible; bingbot/2.0; +http://www.bing.com/bingbot.htm)"
::ffff:45.95.147.51 - - [24/Aug/2022:19:13:33 +0000] "GET / HTTP/1.1" 200 58158 "-" "Mozilla/5.0 (Macintosh; Intel Mac OS X 10_15_3) AppleWebKit/537.36 (KHTML, like Gecko) Chrome/80.0.3987.106 Safari/537.36"
::ffff:45.95.147.51 - - [24/Aug/2022:19:13:34 +0000] "GET /sssss HTTP/1.1" 404 144 "-" "Mozilla/5.0 (Macintosh; Intel Mac OS X 10_15_3) AppleWebKit/537.36 (KHTML, like Gecko) Chrome/80.0.3987.106 Safari/537.36"
::ffff:207.46.13.188 - - [24/Aug/2022:19:15:18 +0000] "GET /resources HTTP/1.1" 200 194906 "-" "Mozilla/5.0 (compatible; bingbot/2.0; +http://www.bing.com/bingbot.htm)"
::ffff:144.91.106.14 - - [24/Aug/2022:19:18:50 +0000] "GET / HTTP/1.1" 200 58158 "-" "Mozilla/5.0 (X11; Linux x86_64) AppleWebKit/537.36 (KHTML, like Gecko) Chrome/89.0.4389.82 Safari/537.36"
::ffff:144.91.106.14 - - [24/Aug/2022:19:19:03 +0000] "GET /js/common.js HTTP/1.1" 200 2255 "-" "Mozilla/5.0 (X11; Linux x86_64) AppleWebKit/537.36 (KHTML, like Gecko) Chrome/89.0.4389.82 Safari/537.36"
::ffff:144.91.106.14 - - [24/Aug/2022:19:19:03 +0000] "GET / HTTP/1.1" 200 58158 "-" "Mozilla/5.0 (X11; Linux x86_64) AppleWebKit/537.36 (KHTML, like Gecko) Chrome/89.0.4389.82 Safari/537.36"
::ffff:144.91.106.14 - - [24/Aug/2022:19:19:16 +0000] "GET /js/common.js HTTP/1.1" 200 2255 "-" "Mozilla/5.0 (X11; Linux x86_64) AppleWebKit/537.36 (KHTML, like Gecko) Chrome/89.0.4389.82 Safari/537.36"
::ffff:185.254.196.115 - - [24/Aug/2022:19:37:31 +0000] "GET /.env HTTP/1.1" 404 143 "-" "Mozilla/5.0 (X11; Linux x86_64) AppleWebKit/537.36 (KHTML, like Gecko) Chrome/81.0.4044.129 Safari/537.36"
::ffff:185.254.196.115 - - [24/Aug/2022:19:37:31 +0000] "POST / HTTP/1.1" 404 140 "-" "Mozilla/5.0 (X11; Linux x86_64) AppleWebKit/537.36 (KHTML, like Gecko) Chrome/81.0.4044.129 Safari/537.36"
::ffff:185.180.143.143 - - [24/Aug/2022:19:39:37 +0000] "GET / HTTP/1.1" 200 58158 "-" "Mozilla/5.0 (Windows NT 10.0; WOW64) AppleWebKit/537.36 (KHTML, like Gecko) Chrome/66.0.3359.117 Safari/537.36"
::ffff:157.55.39.86 - - [24/Aug/2022:19:44:13 +0000] "GET / HTTP/1.1" 200 58158 "-" "Mozilla/5.0 (compatible; bingbot/2.0; +http://www.bing.com/bingbot.htm)"
::ffff:207.46.13.168 - - [24/Aug/2022:19:45:47 +0000] "GET /index.php HTTP/1.1" 404 148 "-" "Mozilla/5.0 (compatible; bingbot/2.0; +http://www.bing.com/bingbot.htm)"
::ffff:168.8.214.171 - - [24/Aug/2022:19:47:30 +0000] "GET /favicon.ico HTTP/1.1" 404 150 "http://www.wadokikai.org/docs/Bushido-code.pdf" "Mozilla/5.0 (Windows NT 10.0; Win64; x64) AppleWebKit/537.36 (KHTML, like Gecko) Chrome/104.0.0.0 Safari/537.36"
::ffff:168.8.214.170 - - [24/Aug/2022:19:47:33 +0000] "GET /docs/Bushido-code.pdf HTTP/1.1" 200 691794 "https://www.google.com/" "Mozilla/5.0 (Windows NT 10.0; Win64; x64) AppleWebKit/537.36 (KHTML, like Gecko) Chrome/104.0.0.0 Safari/537.36"
::ffff:207.46.13.168 - - [24/Aug/2022:19:57:18 +0000] "GET /index.php HTTP/1.1" 404 148 "-" "Mozilla/5.0 (compatible; bingbot/2.0; +http://www.bing.com/bingbot.htm)"
::ffff:207.46.13.74 - - [24/Aug/2022:19:57:50 +0000] "GET /Naha-Line.html HTTP/1.1" 404 153 "-" "Mozilla/5.0 (compatible; bingbot/2.0; +http://www.bing.com/bingbot.htm)"
::ffff:136.24.141.37 - - [24/Aug/2022:20:03:03 +0000] "GET /images/wadokikai%20kanji.jpg HTTP/1.1" 304 - "https://wadokikai.org/" "Mozilla/5.0 (Macintosh; Intel Mac OS X 10_15_7) AppleWebKit/537.36 (KHTML, like Gecko) Chrome/104.0.0.0 Safari/537.36"
::ffff:136.24.141.37 - - [24/Aug/2022:20:03:07 +0000] "GET /images/dragon-trans.png HTTP/1.1" 304 - "https://wadokikai.org/" "Mozilla/5.0 (Macintosh; Intel Mac OS X 10_15_7) AppleWebKit/537.36 (KHTML, like Gecko) Chrome/104.0.0.0 Safari/537.36"
::ffff:114.119.152.108 - - [24/Aug/2022:20:09:22 +0000] "GET /contact?s=1&ss=1 HTTP/1.1" 200 9997 "http://www.wadokikai.org/schools" "Mozilla/5.0 (Linux; Android 7.0;) AppleWebKit/537.36 (KHTML, like Gecko) Mobile Safari/537.36 (compatible; PetalBot;+https://webmaster.petalsearch.com/site/petalbot)"
::ffff:183.136.225.35 - - [24/Aug/2022:20:13:06 +0000] "GET / HTTP/1.1" 200 58158 "-" "Mozilla/5.0 (Macintosh; Intel Mac OS X 10.11; rv:47.0) Gecko/20100101 Firefox/47.0"
::ffff:183.136.225.35 - - [24/Aug/2022:20:14:49 +0000] "GET /robots.txt HTTP/1.1" 404 149 "-" "Mozilla/5.0 (Windows NT 6.1; WOW64) AppleWebKit/537.36 (KHTML, like Gecko) Chrome/63.0.3239.132 Safari/537.36 QIHU 360SE"
::ffff:40.88.21.235 - - [24/Aug/2022:20:27:45 +0000] "GET / HTTP/1.1" 200 58158 "http://wadokikai.org/" "Mozilla/5.0 (compatible; DuckDuckGo-Favicons-Bot/1.0; +http://duckduckgo.com)"
::ffff:40.88.21.235 - - [24/Aug/2022:20:27:45 +0000] "GET /images/favicon.ico HTTP/1.1" 200 3638 "http://wadokikai.org/images/favicon.ico" "Mozilla/5.0 (compatible; DuckDuckGo-Favicons-Bot/1.0; +http://duckduckgo.com)"
::ffff:40.88.21.235 - - [24/Aug/2022:20:27:45 +0000] "GET / HTTP/1.1" 200 58158 "http://www.wadokikai.org/" "Mozilla/5.0 (compatible; DuckDuckGo-Favicons-Bot/1.0; +http://duckduckgo.com)"
::ffff:40.88.21.235 - - [24/Aug/2022:20:27:46 +0000] "GET /images/favicon.ico HTTP/1.1" 200 3638 "http://www.wadokikai.org/images/favicon.ico" "Mozilla/5.0 (compatible; DuckDuckGo-Favicons-Bot/1.0; +http://duckduckgo.com)"
::ffff:207.46.13.113 - - [24/Aug/2022:20:30:07 +0000] "GET /katas.html HTTP/1.1" 404 149 "-" "Mozilla/5.0 (compatible; bingbot/2.0; +http://www.bing.com/bingbot.htm)"
::ffff:66.249.66.87 - - [24/Aug/2022:20:40:16 +0000] "GET /robots.txt HTTP/1.1" 404 149 "-" "Mozilla/5.0 (compatible; Googlebot/2.1; +http://www.google.com/bot.html)"
::ffff:66.249.66.20 - - [24/Aug/2022:20:40:17 +0000] "GET /images/books/karatedojo.jpg HTTP/1.1" 200 3457 "-" "Googlebot-Image/1.0"
::ffff:139.59.37.168 - - [24/Aug/2022:20:43:24 +0000] "HEAD / HTTP/1.0" 200 58158 "-" "-"
::ffff:139.59.37.168 - - [24/Aug/2022:20:43:24 +0000] "GET /system_api.php HTTP/1.1" 404 153 "-" "Mozilla/5.0 (Windows NT 10.0; Win64; x64) AppleWebKit/537.36 (KHTML, like Gecko) Chrome/74.0.3729.169 Safari/537.36"
::ffff:139.59.37.168 - - [24/Aug/2022:20:43:25 +0000] "GET /c/version.js HTTP/1.1" 404 151 "-" "Mozilla/5.0 (Windows NT 10.0; Win64; x64) AppleWebKit/537.36 (KHTML, like Gecko) Chrome/74.0.3729.169 Safari/537.36"
::ffff:139.59.37.168 - - [24/Aug/2022:20:43:25 +0000] "GET /streaming/clients_live.php HTTP/1.1" 404 165 "-" "Mozilla/5.0 (Windows NT 10.0; Win64; x64) AppleWebKit/537.36 (KHTML, like Gecko) Chrome/74.0.3729.169 Safari/537.36"
::ffff:139.59.37.168 - - [24/Aug/2022:20:43:26 +0000] "GET /stalker_portal/c/version.js HTTP/1.1" 404 166 "-" "Mozilla/5.0 (Windows NT 10.0; Win64; x64) AppleWebKit/537.36 (KHTML, like Gecko) Chrome/74.0.3729.169 Safari/537.36"
::ffff:34.77.127.183 - - [24/Aug/2022:20:43:26 +0000] "GET / HTTP/1.1" 200 58158 "-" "python-requests/2.28.1"
::ffff:139.59.37.168 - - [24/Aug/2022:20:43:26 +0000] "GET /stream/live.php HTTP/1.1" 404 154 "-" "AlexaMediaPlayer/2.1.4676.0 (Linux;Android 5.1.1) ExoPlayerLib/1.5.9"
::ffff:139.59.37.168 - - [24/Aug/2022:20:43:27 +0000] "GET /flu/403.html HTTP/1.1" 404 151 "-" "Mozilla/5.0 (Windows NT 10.0; Win64; x64) AppleWebKit/537.36 (KHTML, like Gecko) Chrome/74.0.3729.169 Safari/537.36"
::ffff:139.59.37.168 - - [24/Aug/2022:20:43:28 +0000] "GET / HTTP/1.1" 200 58158 "-" "Mozilla/5.0 (Windows NT 10.0; Win64; x64) AppleWebKit/537.36 (KHTML, like Gecko) Chrome/74.0.3729.169 Safari/537.36"
::ffff:66.249.66.144 - - [24/Aug/2022:20:45:54 +0000] "GET /images/books/shotokanSecrets.jpg HTTP/1.1" 200 4046 "-" "Googlebot-Image/1.0"
::ffff:170.187.155.78 - - [24/Aug/2022:20:47:27 +0000] "GET / HTTP/1.0" 200 58158 "-" "-"
::ffff:170.187.155.78 - - [24/Aug/2022:20:47:28 +0000] "OPTIONS / HTTP/1.0" 200 8 "-" "-"
::ffff:170.187.155.78 - - [24/Aug/2022:20:47:28 +0000] "GET /nice%20ports%2C/Tri%6Eity.txt%2ebak HTTP/1.0" 404 174 "-" "-"
::ffff:66.249.66.216 - - [24/Aug/2022:20:47:29 +0000] "GET /contact?s=1&ss=8 HTTP/1.1" 200 9997 "-" "Mozilla/5.0 (Linux; Android 6.0.1; Nexus 5X Build/MMB29P) AppleWebKit/537.36 (KHTML, like Gecko) Chrome/104.0.5112.79 Mobile Safari/537.36 (compatible; Googlebot/2.1; +http://www.google.com/bot.html)"
::ffff:66.249.66.27 - - [24/Aug/2022:20:51:31 +0000] "GET /images/schools/corpuzkaratedomap.jpg HTTP/1.1" 304 - "-" "Googlebot-Image/1.0"
::ffff:66.249.66.148 - - [24/Aug/2022:20:57:09 +0000] "GET /images/books/karatebook.jpg HTTP/1.1" 200 7644 "-" "Googlebot-Image/1.0"
::ffff:170.187.155.78 - - [24/Aug/2022:21:01:33 +0000] "GET /nmaplowercheck1661374893 HTTP/1.1" 404 163 "-" ""Mozilla/5.0"
::ffff:170.187.155.78 - - [24/Aug/2022:21:01:34 +0000] "GET /evox/about HTTP/1.1" 404 149 "-" ""Mozilla/5.0"
::ffff:170.187.155.78 - - [24/Aug/2022:21:01:44 +0000] "HEAD / HTTP/1.1" 200 58158 "-" "Mozilla/5.0 (X11; U; Linux i686; en-US; rv:1.9a3pre) Gecko/20070330"
::ffff:170.187.155.78 - - [24/Aug/2022:21:02:16 +0000] "GET / HTTP/1.0" 200 58158 "-" "-"
::ffff:170.187.155.78 - - [24/Aug/2022:21:02:17 +0000] "GET / HTTP/1.1" 200 58158 "-" "-"
::ffff:170.187.155.78 - - [24/Aug/2022:21:02:19 +0000] "HEAD / HTTP/1.1" 200 58158 "-" ""Mozilla/5.0"
::ffff:66.249.66.148 - - [24/Aug/2022:21:02:46 +0000] "GET /images/books/emptyHand.jpg HTTP/1.1" 200 12021 "-" "Googlebot-Image/1.0"
::ffff:207.46.13.113 - - [24/Aug/2022:21:07:21 +0000] "GET /katas.html HTTP/1.1" 404 149 "-" "Mozilla/5.0 (compatible; bingbot/2.0; +http://www.bing.com/bingbot.htm)"
::ffff:185.254.196.115 - - [24/Aug/2022:21:07:42 +0000] "GET /.env HTTP/1.1" 404 143 "-" "Mozilla/5.0 (X11; Linux x86_64) AppleWebKit/537.36 (KHTML, like Gecko) Chrome/81.0.4044.129 Safari/537.36"
::ffff:185.254.196.115 - - [24/Aug/2022:21:07:43 +0000] "POST / HTTP/1.1" 404 140 "-" "Mozilla/5.0 (X11; Linux x86_64) AppleWebKit/537.36 (KHTML, like Gecko) Chrome/81.0.4044.129 Safari/537.36"
::ffff:66.249.66.131 - - [24/Aug/2022:21:08:24 +0000] "GET /favicon.ico HTTP/1.1" 404 150 "-" "Googlebot-Image/1.0"
::ffff:114.119.140.50 - - [24/Aug/2022:21:09:48 +0000] "GET /robots.txt HTTP/1.1" 404 149 "-" "Mozilla/5.0 (compatible;PetalBot;+https://webmaster.petalsearch.com/site/petalbot)"
::ffff:66.249.66.20 - - [24/Aug/2022:21:14:01 +0000] "GET /images/books/dojoWisdom.jpg HTTP/1.1" 200 2813 "-" "Googlebot-Image/1.0"
::ffff:207.46.13.113 - - [24/Aug/2022:21:17:02 +0000] "GET /events HTTP/1.1" 200 9364 "-" "Mozilla/5.0 (compatible; bingbot/2.0; +http://www.bing.com/bingbot.htm)"
::ffff:66.249.66.20 - - [24/Aug/2022:21:25:16 +0000] "GET /images/books/MBS2.jpg HTTP/1.1" 200 15317 "-" "Googlebot-Image/1.0"
::ffff:114.119.135.193 - - [24/Aug/2022:21:27:50 +0000] "GET /contact?s=1&ss=10 HTTP/1.1" 200 9997 "http://www.wadokikai.net/schools" "Mozilla/5.0 (Linux; Android 7.0;) AppleWebKit/537.36 (KHTML, like Gecko) Mobile Safari/537.36 (compatible; PetalBot;+https://webmaster.petalsearch.com/site/petalbot)"
::ffff:20.119.165.74 - - [24/Aug/2022:21:29:28 +0000] "GET / HTTP/1.1" 200 58158 "-" "Mozilla/5.0 (Windows NT 10.0; Win64; x64) AppleWebKit/537.36 (KHTML, like Gecko) Chrome/95.0.4638.69 Safari/537.36"
::ffff:20.119.165.74 - - [24/Aug/2022:21:29:28 +0000] "GET /wp-includes/ID3/license.txt HTTP/1.1" 404 166 "-" "Mozilla/5.0 (Windows NT 10.0; Win64; x64) AppleWebKit/537.36 (KHTML, like Gecko) Chrome/95.0.4638.69 Safari/537.36"
::ffff:20.119.165.74 - - [24/Aug/2022:21:29:28 +0000] "GET /feed/ HTTP/1.1" 404 144 "-" "Mozilla/5.0 (Windows NT 10.0; Win64; x64) AppleWebKit/537.36 (KHTML, like Gecko) Chrome/95.0.4638.69 Safari/537.36"
::ffff:20.119.165.74 - - [24/Aug/2022:21:29:28 +0000] "GET /xmlrpc.php?rsd HTTP/1.1" 404 149 "-" "Mozilla/5.0 (Windows NT 10.0; Win64; x64) AppleWebKit/537.36 (KHTML, like Gecko) Chrome/95.0.4638.69 Safari/537.36"
::ffff:20.119.165.74 - - [24/Aug/2022:21:29:28 +0000] "GET /blog/wp-includes/wlwmanifest.xml HTTP/1.1" 404 171 "-" "Mozilla/5.0 (Windows NT 10.0; Win64; x64) AppleWebKit/537.36 (KHTML, like Gecko) Chrome/95.0.4638.69 Safari/537.36"
::ffff:20.119.165.74 - - [24/Aug/2022:21:29:29 +0000] "GET /web/wp-includes/wlwmanifest.xml HTTP/1.1" 404 170 "-" "Mozilla/5.0 (Windows NT 10.0; Win64; x64) AppleWebKit/537.36 (KHTML, like Gecko) Chrome/95.0.4638.69 Safari/537.36"
::ffff:20.119.165.74 - - [24/Aug/2022:21:29:29 +0000] "GET /wordpress/wp-includes/wlwmanifest.xml HTTP/1.1" 404 176 "-" "Mozilla/5.0 (Windows NT 10.0; Win64; x64) AppleWebKit/537.36 (KHTML, like Gecko) Chrome/95.0.4638.69 Safari/537.36"
::ffff:20.119.165.74 - - [24/Aug/2022:21:29:29 +0000] "GET /wp/wp-includes/wlwmanifest.xml HTTP/1.1" 404 169 "-" "Mozilla/5.0 (Windows NT 10.0; Win64; x64) AppleWebKit/537.36 (KHTML, like Gecko) Chrome/95.0.4638.69 Safari/537.36"
::ffff:20.119.165.74 - - [24/Aug/2022:21:29:29 +0000] "GET /2020/wp-includes/wlwmanifest.xml HTTP/1.1" 404 171 "-" "Mozilla/5.0 (Windows NT 10.0; Win64; x64) AppleWebKit/537.36 (KHTML, like Gecko) Chrome/95.0.4638.69 Safari/537.36"
::ffff:20.119.165.74 - - [24/Aug/2022:21:29:29 +0000] "GET /2019/wp-includes/wlwmanifest.xml HTTP/1.1" 404 171 "-" "Mozilla/5.0 (Windows NT 10.0; Win64; x64) AppleWebKit/537.36 (KHTML, like Gecko) Chrome/95.0.4638.69 Safari/537.36"
::ffff:20.119.165.74 - - [24/Aug/2022:21:29:29 +0000] "GET /2021/wp-includes/wlwmanifest.xml HTTP/1.1" 404 171 "-" "Mozilla/5.0 (Windows NT 10.0; Win64; x64) AppleWebKit/537.36 (KHTML, like Gecko) Chrome/95.0.4638.69 Safari/537.36"
::ffff:20.119.165.74 - - [24/Aug/2022:21:29:29 +0000] "GET /shop/wp-includes/wlwmanifest.xml HTTP/1.1" 404 171 "-" "Mozilla/5.0 (Windows NT 10.0; Win64; x64) AppleWebKit/537.36 (KHTML, like Gecko) Chrome/95.0.4638.69 Safari/537.36"
::ffff:20.119.165.74 - - [24/Aug/2022:21:29:29 +0000] "GET /wp1/wp-includes/wlwmanifest.xml HTTP/1.1" 404 170 "-" "Mozilla/5.0 (Windows NT 10.0; Win64; x64) AppleWebKit/537.36 (KHTML, like Gecko) Chrome/95.0.4638.69 Safari/537.36"
::ffff:20.119.165.74 - - [24/Aug/2022:21:29:29 +0000] "GET /test/wp-includes/wlwmanifest.xml HTTP/1.1" 404 171 "-" "Mozilla/5.0 (Windows NT 10.0; Win64; x64) AppleWebKit/537.36 (KHTML, like Gecko) Chrome/95.0.4638.69 Safari/537.36"
::ffff:20.119.165.74 - - [24/Aug/2022:21:29:29 +0000] "GET /site/wp-includes/wlwmanifest.xml HTTP/1.1" 404 171 "-" "Mozilla/5.0 (Windows NT 10.0; Win64; x64) AppleWebKit/537.36 (KHTML, like Gecko) Chrome/95.0.4638.69 Safari/537.36"
::ffff:20.119.165.74 - - [24/Aug/2022:21:29:29 +0000] "GET /cms/wp-includes/wlwmanifest.xml HTTP/1.1" 404 170 "-" "Mozilla/5.0 (Windows NT 10.0; Win64; x64) AppleWebKit/537.36 (KHTML, like Gecko) Chrome/95.0.4638.69 Safari/537.36"
::ffff:157.245.222.40 - - [24/Aug/2022:21:31:47 +0000] "GET /nginx-status HTTP/1.1" 404 151 "-" "Mozilla/5.0 (Macintosh; Intel Mac OS X 10_9_3) AppleWebKit/537.36 (KHTML, like Gecko) Chrome/35.0.1916.47 Safari/537.36"
::ffff:157.245.222.40 - - [24/Aug/2022:21:31:47 +0000] "GET /nginx HTTP/1.1" 404 144 "-" "Mozilla/5.0 (Windows NT 6.1; WOW64) AppleWebKit/537.36 (KHTML, like Gecko) Chrome/41.0.2227.0 Safari/537.36"
::ffff:66.249.66.195 - - [24/Aug/2022:21:32:29 +0000] "GET /docs/Bushido-code.pdf HTTP/1.1" 200 691794 "-" "Mozilla/5.0 (Linux; Android 6.0.1; Nexus 5X Build/MMB29P) AppleWebKit/537.36 (KHTML, like Gecko) Chrome/104.0.5112.79 Mobile Safari/537.36 (compatible; Googlebot/2.1; +http://www.google.com/bot.html)"
::ffff:66.249.66.88 - - [24/Aug/2022:21:36:31 +0000] "GET /images/books/artofwar.jpg HTTP/1.1" 200 22573 "-" "Googlebot-Image/1.0"
::ffff:94.102.61.8 - - [24/Aug/2022:21:42:45 +0000] "GET /images/favicon.ico HTTP/1.1" 200 3638 "-" "python-requests/2.26.0"
::ffff:94.102.61.8 - - [24/Aug/2022:21:42:46 +0000] "GET / HTTP/1.1" 200 58158 "-" "python-requests/2.26.0"
::ffff:94.102.61.8 - - [24/Aug/2022:21:44:57 +0000] "GET /images/favicon.ico HTTP/1.1" 200 3638 "-" "python-requests/2.26.0"
::ffff:94.102.61.8 - - [24/Aug/2022:21:44:58 +0000] "GET / HTTP/1.1" 200 58158 "-" "python-requests/2.26.0"
::ffff:207.46.13.168 - - [24/Aug/2022:21:47:30 +0000] "GET /index.php HTTP/1.1" 404 148 "-" "Mozilla/5.0 (compatible; bingbot/2.0; +http://www.bing.com/bingbot.htm)"
::ffff:66.249.66.52 - - [24/Aug/2022:21:47:46 +0000] "GET /images/books/movingzen.jpg HTTP/1.1" 200 3578 "-" "Googlebot-Image/1.0"
::ffff:45.148.10.193 - - [24/Aug/2022:21:49:50 +0000] "GET / HTTP/1.1" 200 58158 "-" "Mozilla/5.0 (compatible, MSIE 10.0, Windows NT, DigExt)"
::ffff:24.5.43.55 - - [24/Aug/2022:21:54:53 +0000] "GET /images/tiger.bmp HTTP/1.1" 304 - "http://wadokikai.org/" "Mozilla/5.0 (iPad; CPU OS 15_2 like Mac OS X) AppleWebKit/605.1.15 (KHTML, like Gecko) CriOS/94.0.4606.76 Mobile/15E148 Safari/604.1"
::ffff:94.102.61.10 - - [24/Aug/2022:21:56:45 +0000] "GET / HTTP/1.1" 200 58158 "-" "Mozilla/5.0 (Windows NT 10.0; Win64; x64) AppleWebKit/537.36 (KHTML, like Gecko) Chrome/88.0.4324.190 Safari/537.36"
::ffff:207.46.13.168 - - [24/Aug/2022:21:58:01 +0000] "GET /index.php HTTP/1.1" 404 148 "-" "Mozilla/5.0 (compatible; bingbot/2.0; +http://www.bing.com/bingbot.htm)"
::ffff:66.249.66.54 - - [24/Aug/2022:21:59:01 +0000] "GET /images/books/KarateDoZen.jpg HTTP/1.1" 200 2677 "-" "Googlebot-Image/1.0"
::ffff:207.46.13.113 - - [24/Aug/2022:22:08:28 +0000] "GET /locations.php HTTP/1.1" 404 152 "-" "Mozilla/5.0 (compatible; bingbot/2.0; +http://www.bing.com/bingbot.htm)"
::ffff:66.249.66.148 - - [24/Aug/2022:22:10:16 +0000] "GET /images/books/ZenMeditation.jpg HTTP/1.1" 200 3760 "-" "Googlebot-Image/1.0"
::ffff:34.236.255.24 - - [24/Aug/2022:22:13:55 +0000] "POST / HTTP/1.1" 404 140 "-" "Mozilla/5.0 (X11; Linux x86_64) AppleWebKit/537.36 (KHTML, like Gecko) Chrome/81.0.4044.129 Safari/537.36"
::ffff:34.236.255.24 - - [24/Aug/2022:22:13:55 +0000] "GET /.env HTTP/1.1" 404 143 "-" "Mozilla/5.0 (X11; Linux x86_64) AppleWebKit/537.36 (KHTML, like Gecko) Chrome/81.0.4044.129 Safari/537.36"
::ffff:114.119.146.219 - - [24/Aug/2022:22:13:59 +0000] "GET /robots.txt HTTP/1.1" 404 149 "-" "Mozilla/5.0 (compatible;PetalBot;+https://webmaster.petalsearch.com/site/petalbot)"
::ffff:66.249.66.87 - - [24/Aug/2022:22:21:31 +0000] "GET /images/books/karatedo.jpg HTTP/1.1" 200 3442 "-" "Googlebot-Image/1.0"
::ffff:193.118.53.210 - - [24/Aug/2022:22:24:12 +0000] "GET / HTTP/1.1" 200 58158 "-" "Mozilla/5.0 (Windows NT 10.0; Win64; x64) AppleWebKit/537.36 (KHTML, like Gecko) Chrome/60.0.3112.113 Safari/537.36"
::ffff:136.62.2.38 - - [24/Aug/2022:22:29:54 +0000] "GET /favicon.ico HTTP/1.1" 404 150 "-" "Mozilla/5.0 (iPhone; CPU iPhone OS 15_6 like Mac OS X) AppleWebKit/605.1.15 (KHTML, like Gecko) CriOS/104.0.5112.99 Mobile/15E148 Safari/604.1"
::ffff:66.249.66.56 - - [24/Aug/2022:22:32:46 +0000] "GET /images/books/bobook.gif HTTP/1.1" 200 6919 "-" "Googlebot-Image/1.0"
::ffff:40.77.167.22 - - [24/Aug/2022:22:35:41 +0000] "GET /ie7/ie7-standard-p.js HTTP/1.1" 404 160 "-" "Mozilla/5.0 (compatible; MSIE 9.0; Windows NT 6.1; Trident/5.0)"
::ffff:185.254.196.115 - - [24/Aug/2022:22:37:42 +0000] "GET /.env HTTP/1.1" 404 143 "-" "Mozilla/5.0 (X11; Linux x86_64) AppleWebKit/537.36 (KHTML, like Gecko) Chrome/81.0.4044.129 Safari/537.36"
::ffff:185.254.196.115 - - [24/Aug/2022:22:37:43 +0000] "POST / HTTP/1.1" 404 140 "-" "Mozilla/5.0 (X11; Linux x86_64) AppleWebKit/537.36 (KHTML, like Gecko) Chrome/81.0.4044.129 Safari/537.36"
::ffff:114.119.141.79 - - [24/Aug/2022:22:39:18 +0000] "GET /robots.txt HTTP/1.1" 404 149 "-" "Mozilla/5.0 (compatible;PetalBot;+https://webmaster.petalsearch.com/site/petalbot)"
::ffff:157.55.39.245 - - [24/Aug/2022:22:42:13 +0000] "GET / HTTP/1.1" 200 58158 "-" "Mozilla/5.0 (compatible; bingbot/2.0; +http://www.bing.com/bingbot.htm)"
::ffff:45.119.210.86 - - [24/Aug/2022:22:42:47 +0000] "GET / HTTP/1.1" 200 58158 "-" "Mozilla/5.0 (X11; U; Linux x86_64; en-US; rv:1.9.0.3) Gecko/2008092814 (Debian-3.0.1-1)"
::ffff:45.119.210.86 - - [24/Aug/2022:22:42:48 +0000] "GET / HTTP/1.1" 200 58158 "-" "Mozilla/5.0 (X11; Linux x86_64) AppleWebKit/537.36 (KHTML, like Gecko) Chrome/96.0.4664.110 Safari/537.36"
::ffff:66.249.66.95 - - [24/Aug/2022:22:44:01 +0000] "GET /images/schools/earhartkaratedomap.jpg HTTP/1.1" 304 - "-" "Googlebot-Image/1.0"
::ffff:66.249.66.95 - - [24/Aug/2022:22:48:50 +0000] "GET /contact.html HTTP/1.1" 404 151 "-" "Mozilla/5.0 (Linux; Android 6.0.1; Nexus 5X Build/MMB29P) AppleWebKit/537.36 (KHTML, like Gecko) Chrome/104.0.5112.79 Mobile Safari/537.36 (compatible; Googlebot/2.1; +http://www.google.com/bot.html)"
::ffff:66.249.66.65 - - [24/Aug/2022:22:48:50 +0000] "GET /robots.txt HTTP/1.1" 404 149 "-" "Mozilla/5.0 (compatible; Googlebot/2.1; +http://www.google.com/bot.html)"
