::ffff:161.35.49.62 - - [03/Dec/2022:03:22:06 +0000] "GET /private/.env HTTP/1.1" 404 151 "-" "Mozilla/5.0 (Macintosh; Intel Mac OS X 10.15; rv:77.0) Gecko/20100101 Firefox/77.0"
::ffff:161.35.49.62 - - [03/Dec/2022:03:22:06 +0000] "POST /private/.env HTTP/1.1" 404 152 "-" "Mozilla/5.0 (Macintosh; Intel Mac OS X 10.15; rv:77.0) Gecko/20100101 Firefox/77.0"
::ffff:161.35.49.62 - - [03/Dec/2022:03:22:07 +0000] "GET /.env.save HTTP/1.1" 404 148 "-" "Mozilla/5.0 (Macintosh; Intel Mac OS X 10.15; rv:77.0) Gecko/20100101 Firefox/77.0"
::ffff:161.35.49.62 - - [03/Dec/2022:03:22:07 +0000] "POST /.env.save HTTP/1.1" 404 149 "-" "Mozilla/5.0 (Macintosh; Intel Mac OS X 10.15; rv:77.0) Gecko/20100101 Firefox/77.0"
::ffff:161.35.49.62 - - [03/Dec/2022:03:22:07 +0000] "GET /.env.production HTTP/1.1" 404 154 "-" "Mozilla/5.0 (Macintosh; Intel Mac OS X 10.15; rv:77.0) Gecko/20100101 Firefox/77.0"
::ffff:161.35.49.62 - - [03/Dec/2022:03:22:07 +0000] "POST /.env.production HTTP/1.1" 404 155 "-" "Mozilla/5.0 (Macintosh; Intel Mac OS X 10.15; rv:77.0) Gecko/20100101 Firefox/77.0"
::ffff:161.35.49.62 - - [03/Dec/2022:03:22:07 +0000] "GET /.env.project HTTP/1.1" 404 151 "-" "Mozilla/5.0 (Macintosh; Intel Mac OS X 10.15; rv:77.0) Gecko/20100101 Firefox/77.0"
::ffff:161.35.49.62 - - [03/Dec/2022:03:22:08 +0000] "POST /.env.project HTTP/1.1" 404 152 "-" "Mozilla/5.0 (Macintosh; Intel Mac OS X 10.15; rv:77.0) Gecko/20100101 Firefox/77.0"
::ffff:161.35.49.62 - - [03/Dec/2022:03:22:08 +0000] "GET /.env.prod HTTP/1.1" 404 148 "-" "Mozilla/5.0 (Macintosh; Intel Mac OS X 10.15; rv:77.0) Gecko/20100101 Firefox/77.0"
::ffff:161.35.49.62 - - [03/Dec/2022:03:22:08 +0000] "POST /.env.prod HTTP/1.1" 404 149 "-" "Mozilla/5.0 (Macintosh; Intel Mac OS X 10.15; rv:77.0) Gecko/20100101 Firefox/77.0"
::ffff:161.35.49.62 - - [03/Dec/2022:03:22:08 +0000] "GET /laravel/.env HTTP/1.1" 404 151 "-" "Mozilla/5.0 (Macintosh; Intel Mac OS X 10.15; rv:77.0) Gecko/20100101 Firefox/77.0"
::ffff:161.35.49.62 - - [03/Dec/2022:03:22:08 +0000] "POST /laravel/.env HTTP/1.1" 404 152 "-" "Mozilla/5.0 (Macintosh; Intel Mac OS X 10.15; rv:77.0) Gecko/20100101 Firefox/77.0"
::ffff:161.35.49.62 - - [03/Dec/2022:03:22:09 +0000] "GET /admin-app/.env HTTP/1.1" 404 153 "-" "Mozilla/5.0 (Macintosh; Intel Mac OS X 10.15; rv:77.0) Gecko/20100101 Firefox/77.0"
::ffff:161.35.49.62 - - [03/Dec/2022:03:22:09 +0000] "POST /admin-app/.env HTTP/1.1" 404 154 "-" "Mozilla/5.0 (Macintosh; Intel Mac OS X 10.15; rv:77.0) Gecko/20100101 Firefox/77.0"
::ffff:161.35.49.62 - - [03/Dec/2022:03:22:09 +0000] "GET /apps/.env HTTP/1.1" 404 148 "-" "Mozilla/5.0 (Macintosh; Intel Mac OS X 10.15; rv:77.0) Gecko/20100101 Firefox/77.0"
::ffff:161.35.49.62 - - [03/Dec/2022:03:22:09 +0000] "POST /apps/.env HTTP/1.1" 404 149 "-" "Mozilla/5.0 (Macintosh; Intel Mac OS X 10.15; rv:77.0) Gecko/20100101 Firefox/77.0"
::ffff:161.35.49.62 - - [03/Dec/2022:03:22:09 +0000] "GET /.env HTTP/1.1" 404 143 "-" "Mozilla/5.0 (Macintosh; Intel Mac OS X 10.15; rv:77.0) Gecko/20100101 Firefox/77.0"
::ffff:161.35.49.62 - - [03/Dec/2022:03:22:10 +0000] "POST /.env HTTP/1.1" 404 144 "-" "Mozilla/5.0 (Macintosh; Intel Mac OS X 10.15; rv:77.0) Gecko/20100101 Firefox/77.0"
::ffff:161.35.49.62 - - [03/Dec/2022:03:22:10 +0000] "GET /api/.env HTTP/1.1" 404 147 "-" "Mozilla/5.0 (Macintosh; Intel Mac OS X 10.15; rv:77.0) Gecko/20100101 Firefox/77.0"
::ffff:161.35.49.62 - - [03/Dec/2022:03:22:10 +0000] "POST /api/.env HTTP/1.1" 404 148 "-" "Mozilla/5.0 (Macintosh; Intel Mac OS X 10.15; rv:77.0) Gecko/20100101 Firefox/77.0"
::ffff:161.35.49.62 - - [03/Dec/2022:03:22:10 +0000] "GET /cp/.env HTTP/1.1" 404 146 "-" "Mozilla/5.0 (Macintosh; Intel Mac OS X 10.15; rv:77.0) Gecko/20100101 Firefox/77.0"
::ffff:161.35.49.62 - - [03/Dec/2022:03:22:10 +0000] "POST /cp/.env HTTP/1.1" 404 147 "-" "Mozilla/5.0 (Macintosh; Intel Mac OS X 10.15; rv:77.0) Gecko/20100101 Firefox/77.0"
::ffff:161.35.49.62 - - [03/Dec/2022:03:22:11 +0000] "GET /script/.env HTTP/1.1" 404 150 "-" "Mozilla/5.0 (Macintosh; Intel Mac OS X 10.15; rv:77.0) Gecko/20100101 Firefox/77.0"
::ffff:161.35.49.62 - - [03/Dec/2022:03:22:11 +0000] "POST /script/.env HTTP/1.1" 404 151 "-" "Mozilla/5.0 (Macintosh; Intel Mac OS X 10.15; rv:77.0) Gecko/20100101 Firefox/77.0"
::ffff:161.35.49.62 - - [03/Dec/2022:03:22:11 +0000] "GET /frontend_dev.php/$ HTTP/1.1" 404 157 "-" "Mozilla/5.0 (Macintosh; Intel Mac OS X 10.15; rv:77.0) Gecko/20100101 Firefox/77.0"
::ffff:161.35.49.62 - - [03/Dec/2022:03:22:11 +0000] "GET /debug/default/view?panel=config HTTP/1.1" 404 157 "-" "Mozilla/5.0 (Macintosh; Intel Mac OS X 10.15; rv:77.0) Gecko/20100101 Firefox/77.0"
::ffff:161.35.49.62 - - [03/Dec/2022:03:22:12 +0000] "GET /config.json HTTP/1.1" 404 150 "-" "Mozilla/5.0 (Macintosh; Intel Mac OS X 10.15; rv:77.0) Gecko/20100101 Firefox/77.0"
::ffff:161.35.49.62 - - [03/Dec/2022:03:22:12 +0000] "GET /.json HTTP/1.1" 404 144 "-" "Mozilla/5.0 (Macintosh; Intel Mac OS X 10.15; rv:77.0) Gecko/20100101 Firefox/77.0"
::ffff:161.35.49.62 - - [03/Dec/2022:03:22:12 +0000] "GET /?phpinfo=1 HTTP/1.1" 200 57378 "-" "Mozilla/5.0 (Macintosh; Intel Mac OS X 10.15; rv:77.0) Gecko/20100101 Firefox/77.0"
::ffff:161.35.49.62 - - [03/Dec/2022:03:22:12 +0000] "GET /info.php HTTP/1.1" 404 147 "-" "Mozilla/5.0 (Macintosh; Intel Mac OS X 10.15; rv:77.0) Gecko/20100101 Firefox/77.0"
::ffff:161.35.49.62 - - [03/Dec/2022:03:22:13 +0000] "GET /phpinfo.php HTTP/1.1" 404 150 "-" "Mozilla/5.0 (Macintosh; Intel Mac OS X 10.15; rv:77.0) Gecko/20100101 Firefox/77.0"
::ffff:161.35.49.62 - - [03/Dec/2022:03:22:13 +0000] "GET /_profiler/phpinfo HTTP/1.1" 404 156 "-" "Mozilla/5.0 (Macintosh; Intel Mac OS X 10.15; rv:77.0) Gecko/20100101 Firefox/77.0"
::ffff:54.173.144.231 - - [03/Dec/2022:03:25:46 +0000] "GET / HTTP/1.1" 200 57378 "-" "Mozilla/5.0 (Macintosh; Intel Mac OS X 10_10_0) AppleWebKit/537.36 (KHTML, like Gecko) Chrome/39.0.2171.95 Safari/537.36"
::ffff:34.77.127.183 - - [03/Dec/2022:03:32:42 +0000] "GET / HTTP/1.1" 200 57378 "-" "python-requests/2.28.1"
::ffff:207.46.13.118 - - [03/Dec/2022:03:34:47 +0000] "GET /images/schools/manzanitakaratedomap.jpg HTTP/1.1" 200 55402 "-" "Mozilla/5.0 AppleWebKit/537.36 (KHTML, like Gecko; compatible; bingbot/2.0; +http://www.bing.com/bingbot.htm) Chrome/103.0.5060.134 Safari/537.36"
::ffff:114.119.156.142 - - [03/Dec/2022:03:43:44 +0000] "GET /joinemail?type=blackbeltclasses HTTP/1.1" 200 8998 "http://www.wadokikai.org/events" "Mozilla/5.0 (Linux; Android 7.0;) AppleWebKit/537.36 (KHTML, like Gecko) Mobile Safari/537.36 (compatible; PetalBot;+https://webmaster.petalsearch.com/site/petalbot)"
::ffff:66.249.65.129 - - [03/Dec/2022:03:45:21 +0000] "GET /ads.txt HTTP/1.1" 404 146 "-" "Mozilla/5.0 (compatible; Googlebot/2.1; +http://www.google.com/bot.html)"
::ffff:54.159.180.116 - - [03/Dec/2022:04:00:36 +0000] "POST / HTTP/1.1" 404 140 "-" "Mozilla/5.0 (X11; Linux x86_64) AppleWebKit/537.36 (KHTML, like Gecko) Chrome/81.0.4044.129 Safari/537.36"
::ffff:54.159.180.116 - - [03/Dec/2022:04:00:37 +0000] "GET /.env HTTP/1.1" 404 143 "-" "Mozilla/5.0 (X11; Linux x86_64) AppleWebKit/537.36 (KHTML, like Gecko) Chrome/81.0.4044.129 Safari/537.36"
::ffff:192.241.194.138 - - [03/Dec/2022:04:11:47 +0000] "GET / HTTP/1.1" 200 57378 "-" "Mozilla/5.0 zgrab/0.x"
::ffff:37.139.53.82 - - [03/Dec/2022:04:12:32 +0000] "GET / HTTP/1.0" 200 57378 "http://wadokikai.org/" "Mozilla/5.0 (Windows NT 6.1; WOW64) AppleWebKit/537.36 (KHTML, like Gecko) Chrome/83.0.4103.61 Safari/537.36"
::ffff:37.139.53.82 - - [03/Dec/2022:04:12:33 +0000] "POST /sendemail HTTP/1.0" 302 40 "http://wadokikai.org/" "Mozilla/5.0 (Windows NT 6.1; WOW64) AppleWebKit/537.36 (KHTML, like Gecko) Chrome/83.0.4103.61 Safari/537.36"
::ffff:37.139.53.82 - - [03/Dec/2022:04:12:33 +0000] "GET /?err=error HTTP/1.0" 200 57930 "http://wadokikai.org/?err=error#signup" "Mozilla/5.0 (Windows NT 6.1; WOW64) AppleWebKit/537.36 (KHTML, like Gecko) Chrome/83.0.4103.61 Safari/537.36"
::ffff:40.77.167.4 - - [03/Dec/2022:04:23:05 +0000] "GET / HTTP/1.1" 200 57378 "-" "Mozilla/5.0 AppleWebKit/537.36 (KHTML, like Gecko; compatible; bingbot/2.0; +http://www.bing.com/bingbot.htm) Chrome/103.0.5060.134 Safari/537.36"
::ffff:128.1.248.26 - - [03/Dec/2022:04:33:16 +0000] "GET / HTTP/1.1" 200 57378 "-" "Mozilla/5.0 (Windows NT 10.0; Win64; x64) AppleWebKit/537.36 (KHTML, like Gecko) Chrome/60.0.3112.113 Safari/537.36"
::ffff:128.14.133.58 - - [03/Dec/2022:04:57:01 +0000] "GET / HTTP/1.1" 200 57378 "-" "Mozilla/5.0 (Windows NT 10.0; Win64; x64) AppleWebKit/537.36 (KHTML, like Gecko) Chrome/60.0.3112.113 Safari/537.36"
::ffff:54.159.180.116 - - [03/Dec/2022:05:01:05 +0000] "POST / HTTP/1.1" 404 140 "-" "Mozilla/5.0 (X11; Linux x86_64) AppleWebKit/537.36 (KHTML, like Gecko) Chrome/81.0.4044.129 Safari/537.36"
::ffff:54.159.180.116 - - [03/Dec/2022:05:01:05 +0000] "GET /.env HTTP/1.1" 404 143 "-" "Mozilla/5.0 (X11; Linux x86_64) AppleWebKit/537.36 (KHTML, like Gecko) Chrome/81.0.4044.129 Safari/537.36"
::ffff:192.241.207.111 - - [03/Dec/2022:05:02:00 +0000] "GET /actuator/health HTTP/1.1" 404 154 "-" "Mozilla/5.0 zgrab/0.x"
::ffff:141.255.166.2 - - [03/Dec/2022:05:08:02 +0000] "GET / HTTP/1.1" 200 57378 "-" "Hello World"
::ffff:54.159.180.116 - - [03/Dec/2022:05:09:42 +0000] "POST / HTTP/1.1" 404 140 "-" "Mozilla/5.0 (X11; Linux x86_64) AppleWebKit/537.36 (KHTML, like Gecko) Chrome/81.0.4044.129 Safari/537.36"
::ffff:54.159.180.116 - - [03/Dec/2022:05:09:42 +0000] "GET /.env HTTP/1.1" 404 143 "-" "Mozilla/5.0 (X11; Linux x86_64) AppleWebKit/537.36 (KHTML, like Gecko) Chrome/81.0.4044.129 Safari/537.36"
::ffff:135.125.246.110 - - [03/Dec/2022:05:16:14 +0000] "POST / HTTP/1.1" 404 140 "-" "Mozilla/5.0 (X11; Linux x86_64) AppleWebKit/537.36 (KHTML, like Gecko) Chrome/81.0.4044.129 Safari/537.36"
::ffff:135.125.246.110 - - [03/Dec/2022:05:16:15 +0000] "GET /.env HTTP/1.1" 404 143 "-" "Mozilla/5.0 (X11; Linux x86_64) AppleWebKit/537.36 (KHTML, like Gecko) Chrome/81.0.4044.129 Safari/537.36"
::ffff:165.227.116.25 - - [03/Dec/2022:05:17:05 +0000] "GET / HTTP/1.1" 200 57378 "-" "Mozilla/5.0 (X11; Linux x86_64; rv:73.0) Gecko/20100101 Firefox/73.0"
::ffff:165.227.116.25 - - [03/Dec/2022:05:17:05 +0000] "GET /images/favicon.ico HTTP/1.1" 200 3638 "https://34.212.47.6/" "Mozilla/5.0 (X11; Linux x86_64; rv:73.0) Gecko/20100101 Firefox/73.0"
::ffff:114.119.138.210 - - [03/Dec/2022:05:23:03 +0000] "GET /robots.txt HTTP/1.1" 404 149 "-" "Mozilla/5.0 (compatible;PetalBot;+https://webmaster.petalsearch.com/site/petalbot)"
::ffff:114.119.152.46 - - [03/Dec/2022:05:39:43 +0000] "GET /contact?s=1&ss=6 HTTP/1.1" 200 9997 "http://34.212.47.6/" "Mozilla/5.0 (Linux; Android 7.0;) AppleWebKit/537.36 (KHTML, like Gecko) Mobile Safari/537.36 (compatible; PetalBot;+https://webmaster.petalsearch.com/site/petalbot)"
::ffff:71.14.141.214 - - [03/Dec/2022:05:53:18 +0000] "GET / HTTP/1.1" 200 57378 "https://www.bing.com/" "Mozilla/5.0 (Windows NT 10.0; Win64; x64) AppleWebKit/537.36 (KHTML, like Gecko) Chrome/107.0.0.0 Safari/537.36 Edg/107.0.1418.62"
::ffff:71.14.141.214 - - [03/Dec/2022:05:53:18 +0000] "GET /css/wadokikai.css HTTP/1.1" 200 4337 "http://wadokikai.org/" "Mozilla/5.0 (Windows NT 10.0; Win64; x64) AppleWebKit/537.36 (KHTML, like Gecko) Chrome/107.0.0.0 Safari/537.36 Edg/107.0.1418.62"
::ffff:71.14.141.214 - - [03/Dec/2022:05:53:18 +0000] "GET /js/common.js HTTP/1.1" 200 2255 "http://wadokikai.org/" "Mozilla/5.0 (Windows NT 10.0; Win64; x64) AppleWebKit/537.36 (KHTML, like Gecko) Chrome/107.0.0.0 Safari/537.36 Edg/107.0.1418.62"
::ffff:71.14.141.214 - - [03/Dec/2022:05:53:18 +0000] "GET /images/wkkpatch22_med.png HTTP/1.1" 200 32301 "http://wadokikai.org/" "Mozilla/5.0 (Windows NT 10.0; Win64; x64) AppleWebKit/537.36 (KHTML, like Gecko) Chrome/107.0.0.0 Safari/537.36 Edg/107.0.1418.62"
::ffff:71.14.141.214 - - [03/Dec/2022:05:53:18 +0000] "GET /images/schools/alamedakaratedomap.jpg HTTP/1.1" 200 38311 "http://wadokikai.org/" "Mozilla/5.0 (Windows NT 10.0; Win64; x64) AppleWebKit/537.36 (KHTML, like Gecko) Chrome/107.0.0.0 Safari/537.36 Edg/107.0.1418.62"
::ffff:71.14.141.214 - - [03/Dec/2022:05:53:18 +0000] "GET /images/schools/orindakaratedomap.jpg HTTP/1.1" 200 34167 "http://wadokikai.org/" "Mozilla/5.0 (Windows NT 10.0; Win64; x64) AppleWebKit/537.36 (KHTML, like Gecko) Chrome/107.0.0.0 Safari/537.36 Edg/107.0.1418.62"
::ffff:71.14.141.214 - - [03/Dec/2022:05:53:18 +0000] "GET /images/schools/dcakaratedomap.jpg HTTP/1.1" 200 35262 "http://wadokikai.org/" "Mozilla/5.0 (Windows NT 10.0; Win64; x64) AppleWebKit/537.36 (KHTML, like Gecko) Chrome/107.0.0.0 Safari/537.36 Edg/107.0.1418.62"
::ffff:71.14.141.214 - - [03/Dec/2022:05:53:18 +0000] "GET /images/schools/harborbaykaratedomap.jpg HTTP/1.1" 200 37245 "http://wadokikai.org/" "Mozilla/5.0 (Windows NT 10.0; Win64; x64) AppleWebKit/537.36 (KHTML, like Gecko) Chrome/107.0.0.0 Safari/537.36 Edg/107.0.1418.62"
::ffff:71.14.141.214 - - [03/Dec/2022:05:53:18 +0000] "GET /images/schools/corpuzkaratedomap.jpg HTTP/1.1" 200 36421 "http://wadokikai.org/" "Mozilla/5.0 (Windows NT 10.0; Win64; x64) AppleWebKit/537.36 (KHTML, like Gecko) Chrome/107.0.0.0 Safari/537.36 Edg/107.0.1418.62"
::ffff:71.14.141.214 - - [03/Dec/2022:05:53:18 +0000] "GET /images/schools/nunleykaratedomap.jpg HTTP/1.1" 200 42667 "http://wadokikai.org/" "Mozilla/5.0 (Windows NT 10.0; Win64; x64) AppleWebKit/537.36 (KHTML, like Gecko) Chrome/107.0.0.0 Safari/537.36 Edg/107.0.1418.62"
::ffff:71.14.141.214 - - [03/Dec/2022:05:53:18 +0000] "GET /images/schools/marinkaratedomap.jpg HTTP/1.1" 200 32400 "http://wadokikai.org/" "Mozilla/5.0 (Windows NT 10.0; Win64; x64) AppleWebKit/537.36 (KHTML, like Gecko) Chrome/107.0.0.0 Safari/537.36 Edg/107.0.1418.62"
::ffff:71.14.141.214 - - [03/Dec/2022:05:53:18 +0000] "GET /images/schools/earhartkaratedomap.jpg HTTP/1.1" 200 41366 "http://wadokikai.org/" "Mozilla/5.0 (Windows NT 10.0; Win64; x64) AppleWebKit/537.36 (KHTML, like Gecko) Chrome/107.0.0.0 Safari/537.36 Edg/107.0.1418.62"
::ffff:71.14.141.214 - - [03/Dec/2022:05:53:19 +0000] "GET /images/schools/martinezkaratedomap.jpg HTTP/1.1" 200 37724 "http://wadokikai.org/" "Mozilla/5.0 (Windows NT 10.0; Win64; x64) AppleWebKit/537.36 (KHTML, like Gecko) Chrome/107.0.0.0 Safari/537.36 Edg/107.0.1418.62"
::ffff:71.14.141.214 - - [03/Dec/2022:05:53:19 +0000] "GET /images/schools/manzanitakaratedomap.jpg HTTP/1.1" 200 55402 "http://wadokikai.org/" "Mozilla/5.0 (Windows NT 10.0; Win64; x64) AppleWebKit/537.36 (KHTML, like Gecko) Chrome/107.0.0.0 Safari/537.36 Edg/107.0.1418.62"
::ffff:71.14.141.214 - - [03/Dec/2022:05:53:19 +0000] "GET /images/dragon-trans.png HTTP/1.1" 200 85661 "http://wadokikai.org/" "Mozilla/5.0 (Windows NT 10.0; Win64; x64) AppleWebKit/537.36 (KHTML, like Gecko) Chrome/107.0.0.0 Safari/537.36 Edg/107.0.1418.62"
::ffff:71.14.141.214 - - [03/Dec/2022:05:53:19 +0000] "GET /images/favicon.ico HTTP/1.1" 200 3638 "http://wadokikai.org/" "Mozilla/5.0 (Windows NT 10.0; Win64; x64) AppleWebKit/537.36 (KHTML, like Gecko) Chrome/107.0.0.0 Safari/537.36 Edg/107.0.1418.62"
::ffff:71.14.141.214 - - [03/Dec/2022:05:53:22 +0000] "GET /images/tiger.bmp HTTP/1.1" 200 311274 "http://wadokikai.org/" "Mozilla/5.0 (Windows NT 10.0; Win64; x64) AppleWebKit/537.36 (KHTML, like Gecko) Chrome/107.0.0.0 Safari/537.36 Edg/107.0.1418.62"
::ffff:54.159.180.116 - - [03/Dec/2022:06:09:41 +0000] "POST / HTTP/1.1" 404 140 "-" "Mozilla/5.0 (X11; Linux x86_64) AppleWebKit/537.36 (KHTML, like Gecko) Chrome/81.0.4044.129 Safari/537.36"
::ffff:54.159.180.116 - - [03/Dec/2022:06:09:42 +0000] "GET /.env HTTP/1.1" 404 143 "-" "Mozilla/5.0 (X11; Linux x86_64) AppleWebKit/537.36 (KHTML, like Gecko) Chrome/81.0.4044.129 Safari/537.36"
::ffff:94.102.61.10 - - [03/Dec/2022:06:27:11 +0000] "GET /images/favicon.ico HTTP/1.1" 200 3638 "-" "python-requests/2.26.0"
::ffff:94.102.61.10 - - [03/Dec/2022:06:27:11 +0000] "GET / HTTP/1.1" 200 57378 "-" "python-requests/2.26.0"
::ffff:135.125.246.110 - - [03/Dec/2022:06:28:36 +0000] "POST / HTTP/1.1" 404 140 "-" "Mozilla/5.0 (X11; Linux x86_64) AppleWebKit/537.36 (KHTML, like Gecko) Chrome/81.0.4044.129 Safari/537.36"
::ffff:135.125.246.110 - - [03/Dec/2022:06:28:37 +0000] "GET /.env HTTP/1.1" 404 143 "-" "Mozilla/5.0 (X11; Linux x86_64) AppleWebKit/537.36 (KHTML, like Gecko) Chrome/81.0.4044.129 Safari/537.36"
::ffff:135.125.246.110 - - [03/Dec/2022:06:56:02 +0000] "POST / HTTP/1.1" 404 140 "-" "Mozilla/5.0 (X11; Linux x86_64) AppleWebKit/537.36 (KHTML, like Gecko) Chrome/81.0.4044.129 Safari/537.36"
::ffff:135.125.246.110 - - [03/Dec/2022:06:56:02 +0000] "GET /.env HTTP/1.1" 404 143 "-" "Mozilla/5.0 (X11; Linux x86_64) AppleWebKit/537.36 (KHTML, like Gecko) Chrome/81.0.4044.129 Safari/537.36"
::ffff:95.214.235.205 - - [03/Dec/2022:07:05:21 +0000] "GET /.env HTTP/1.1" 404 143 "-" "Mozilla/5.0 (X11; Linux x86_64) AppleWebKit/537.36 (KHTML, like Gecko) Chrome/81.0.4044.129 Safari/537.36"
::ffff:95.214.235.205 - - [03/Dec/2022:07:05:21 +0000] "POST / HTTP/1.1" 404 140 "-" "Mozilla/5.0 (X11; Linux x86_64) AppleWebKit/537.36 (KHTML, like Gecko) Chrome/81.0.4044.129 Safari/537.36"
::ffff:68.134.206.209 - - [03/Dec/2022:07:20:07 +0000] "GET / HTTP/1.1" 200 57378 "-" "Mozilla/5.0 (Macintosh; Intel Mac OS X 12_5) AppleWebKit/537.36 (KHTML, like Gecko) Chrome/103.0.0.0 Safari/537.36 Vivaldi/5.3.2679.68"
::ffff:68.134.206.209 - - [03/Dec/2022:07:20:08 +0000] "GET /contact?s=1&ss=5 HTTP/1.1" 200 9997 "https://wadokikai.org" "Mozilla/5.0 (Macintosh; Intel Mac OS X 12_5) AppleWebKit/537.36 (KHTML, like Gecko) Chrome/103.0.0.0 Safari/537.36 Vivaldi/5.3.2679.68"
::ffff:68.134.206.209 - - [03/Dec/2022:07:20:10 +0000] "GET /contact?s=1&ss=4 HTTP/1.1" 200 9997 "https://wadokikai.org" "Mozilla/5.0 (Macintosh; Intel Mac OS X 12_5) AppleWebKit/537.36 (KHTML, like Gecko) Chrome/103.0.0.0 Safari/537.36 Vivaldi/5.3.2679.68"
::ffff:68.134.206.209 - - [03/Dec/2022:07:20:12 +0000] "GET /contact?s=1&ss=3 HTTP/1.1" 200 9997 "https://wadokikai.org" "Mozilla/5.0 (Macintosh; Intel Mac OS X 12_5) AppleWebKit/537.36 (KHTML, like Gecko) Chrome/103.0.0.0 Safari/537.36 Vivaldi/5.3.2679.68"
::ffff:68.134.206.209 - - [03/Dec/2022:07:20:13 +0000] "GET /contact?s=1&ss=6 HTTP/1.1" 200 9997 "https://wadokikai.org" "Mozilla/5.0 (Macintosh; Intel Mac OS X 12_5) AppleWebKit/537.36 (KHTML, like Gecko) Chrome/103.0.0.0 Safari/537.36 Vivaldi/5.3.2679.68"
::ffff:68.134.206.209 - - [03/Dec/2022:07:20:15 +0000] "GET /contact?s=1&ss=9 HTTP/1.1" 200 9997 "https://wadokikai.org" "Mozilla/5.0 (Macintosh; Intel Mac OS X 12_5) AppleWebKit/537.36 (KHTML, like Gecko) Chrome/103.0.0.0 Safari/537.36 Vivaldi/5.3.2679.68"
::ffff:68.134.206.209 - - [03/Dec/2022:07:20:16 +0000] "GET /contact?s=1&ss=8 HTTP/1.1" 200 9997 "https://wadokikai.org" "Mozilla/5.0 (Macintosh; Intel Mac OS X 12_5) AppleWebKit/537.36 (KHTML, like Gecko) Chrome/103.0.0.0 Safari/537.36 Vivaldi/5.3.2679.68"
::ffff:68.134.206.209 - - [03/Dec/2022:07:20:18 +0000] "GET /contact?s=1&ss=7 HTTP/1.1" 200 9997 "https://wadokikai.org" "Mozilla/5.0 (Macintosh; Intel Mac OS X 12_5) AppleWebKit/537.36 (KHTML, like Gecko) Chrome/103.0.0.0 Safari/537.36 Vivaldi/5.3.2679.68"
::ffff:68.134.206.209 - - [03/Dec/2022:07:20:18 +0000] "GET /contact?s=1&ss=1 HTTP/1.1" 200 9997 "https://wadokikai.org" "Mozilla/5.0 (Macintosh; Intel Mac OS X 12_5) AppleWebKit/537.36 (KHTML, like Gecko) Chrome/103.0.0.0 Safari/537.36 Vivaldi/5.3.2679.68"
::ffff:68.134.206.209 - - [03/Dec/2022:07:20:21 +0000] "GET /contact?s=1&ss=0 HTTP/1.1" 200 9997 "https://wadokikai.org" "Mozilla/5.0 (Macintosh; Intel Mac OS X 12_5) AppleWebKit/537.36 (KHTML, like Gecko) Chrome/103.0.0.0 Safari/537.36 Vivaldi/5.3.2679.68"
::ffff:68.134.206.209 - - [03/Dec/2022:07:20:22 +0000] "GET /contact HTTP/1.1" 200 10017 "https://wadokikai.org" "Mozilla/5.0 (Macintosh; Intel Mac OS X 12_5) AppleWebKit/537.36 (KHTML, like Gecko) Chrome/103.0.0.0 Safari/537.36 Vivaldi/5.3.2679.68"
::ffff:54.159.180.116 - - [03/Dec/2022:07:40:37 +0000] "POST / HTTP/1.1" 404 140 "-" "Mozilla/5.0 (X11; Linux x86_64) AppleWebKit/537.36 (KHTML, like Gecko) Chrome/81.0.4044.129 Safari/537.36"
::ffff:54.159.180.116 - - [03/Dec/2022:07:40:37 +0000] "GET /.env HTTP/1.1" 404 143 "-" "Mozilla/5.0 (X11; Linux x86_64) AppleWebKit/537.36 (KHTML, like Gecko) Chrome/81.0.4044.129 Safari/537.36"
::ffff:157.55.39.153 - - [03/Dec/2022:07:58:52 +0000] "GET / HTTP/1.1" 200 57378 "-" "Mozilla/5.0 (compatible; bingbot/2.0; +http://www.bing.com/bingbot.htm)"
::ffff:54.159.180.116 - - [03/Dec/2022:08:10:24 +0000] "POST / HTTP/1.1" 404 140 "-" "Mozilla/5.0 (X11; Linux x86_64) AppleWebKit/537.36 (KHTML, like Gecko) Chrome/81.0.4044.129 Safari/537.36"
::ffff:54.159.180.116 - - [03/Dec/2022:08:10:25 +0000] "GET /.env HTTP/1.1" 404 143 "-" "Mozilla/5.0 (X11; Linux x86_64) AppleWebKit/537.36 (KHTML, like Gecko) Chrome/81.0.4044.129 Safari/537.36"
::ffff:114.119.162.33 - - [03/Dec/2022:08:49:33 +0000] "GET /robots.txt HTTP/1.1" 404 149 "-" "Mozilla/5.0 (compatible;PetalBot;+https://webmaster.petalsearch.com/site/petalbot)"
::ffff:135.125.246.110 - - [03/Dec/2022:09:06:30 +0000] "POST / HTTP/1.1" 404 140 "-" "Mozilla/5.0 (X11; Linux x86_64) AppleWebKit/537.36 (KHTML, like Gecko) Chrome/81.0.4044.129 Safari/537.36"
::ffff:135.125.246.110 - - [03/Dec/2022:09:06:30 +0000] "GET /.env HTTP/1.1" 404 143 "-" "Mozilla/5.0 (X11; Linux x86_64) AppleWebKit/537.36 (KHTML, like Gecko) Chrome/81.0.4044.129 Safari/537.36"
::ffff:217.113.194.211 - - [03/Dec/2022:09:09:13 +0000] "GET /robots.txt HTTP/1.1" 404 149 "-" "Mozilla/5.0 (compatible; Barkrowler/0.9; +https://babbar.tech/crawler)"
::ffff:217.113.194.233 - - [03/Dec/2022:09:09:29 +0000] "GET /contact?s=1&ss=1 HTTP/1.1" 200 9997 "-" "Mozilla/5.0 (compatible; Barkrowler/0.9; +https://babbar.tech/crawler)"
::ffff:157.55.39.214 - - [03/Dec/2022:09:13:09 +0000] "GET /overview.html HTTP/1.1" 404 152 "-" "Mozilla/5.0 (compatible; bingbot/2.0; +http://www.bing.com/bingbot.htm)"
::ffff:54.159.180.116 - - [03/Dec/2022:09:34:11 +0000] "POST / HTTP/1.1" 404 140 "-" "Mozilla/5.0 (X11; Linux x86_64) AppleWebKit/537.36 (KHTML, like Gecko) Chrome/81.0.4044.129 Safari/537.36"
::ffff:54.159.180.116 - - [03/Dec/2022:09:34:12 +0000] "GET /.env HTTP/1.1" 404 143 "-" "Mozilla/5.0 (X11; Linux x86_64) AppleWebKit/537.36 (KHTML, like Gecko) Chrome/81.0.4044.129 Safari/537.36"
::ffff:54.159.180.116 - - [03/Dec/2022:09:55:37 +0000] "POST / HTTP/1.1" 404 140 "-" "Mozilla/5.0 (X11; Linux x86_64) AppleWebKit/537.36 (KHTML, like Gecko) Chrome/81.0.4044.129 Safari/537.36"
::ffff:54.159.180.116 - - [03/Dec/2022:09:55:37 +0000] "GET /.env HTTP/1.1" 404 143 "-" "Mozilla/5.0 (X11; Linux x86_64) AppleWebKit/537.36 (KHTML, like Gecko) Chrome/81.0.4044.129 Safari/537.36"
::ffff:38.242.219.189 - - [03/Dec/2022:10:06:22 +0000] "GET / HTTP/1.1" 200 57378 "-" "Mozilla/5.0 (X11; Linux x86_64) AppleWebKit/537.36 (KHTML, like Gecko) Chrome/96.0.4664.45 Safari/537.36"
::ffff:3.90.0.49 - - [03/Dec/2022:10:10:43 +0000] "HEAD / HTTP/1.1" 200 57378 "-" "Mozilla/5.0 (X11; Ubuntu; Linux x86_64; rv:96.0) Gecko/20100101 Firefox/96.0"
::ffff:3.90.0.49 - - [03/Dec/2022:10:10:44 +0000] "POST / HTTP/1.1" 404 140 "-" "Mozilla/5.0 (X11; Ubuntu; Linux x86_64; rv:96.0) Gecko/20100101 Firefox/96.0"
::ffff:3.90.0.49 - - [03/Dec/2022:10:10:44 +0000] "GET /.aws/credentials HTTP/1.1" 404 155 "-" "Mozilla/5.0 (X11; Ubuntu; Linux x86_64; rv:96.0) Gecko/20100101 Firefox/96.0"
::ffff:3.90.0.49 - - [03/Dec/2022:10:10:44 +0000] "GET /.env HTTP/1.1" 404 143 "-" "Mozilla/5.0 (X11; Ubuntu; Linux x86_64; rv:96.0) Gecko/20100101 Firefox/96.0"
::ffff:3.90.0.49 - - [03/Dec/2022:10:10:45 +0000] "GET /.env.bak HTTP/1.1" 404 147 "-" "Mozilla/5.0 (X11; Ubuntu; Linux x86_64; rv:96.0) Gecko/20100101 Firefox/96.0"
::ffff:3.90.0.49 - - [03/Dec/2022:10:10:45 +0000] "GET //dashboard/phpinfo.php HTTP/1.1" 404 161 "-" "Mozilla/5.0 (X11; Ubuntu; Linux x86_64; rv:96.0) Gecko/20100101 Firefox/96.0"
::ffff:3.90.0.49 - - [03/Dec/2022:10:10:45 +0000] "GET /_profiler/phpinfo HTTP/1.1" 404 156 "-" "Mozilla/5.0 (X11; Ubuntu; Linux x86_64; rv:96.0) Gecko/20100101 Firefox/96.0"
::ffff:3.90.0.49 - - [03/Dec/2022:10:10:46 +0000] "GET /_wpeprivate/config.json HTTP/1.1" 404 162 "-" "Mozilla/5.0 (X11; Ubuntu; Linux x86_64; rv:96.0) Gecko/20100101 Firefox/96.0"
::ffff:3.90.0.49 - - [03/Dec/2022:10:10:46 +0000] "GET /admin/.env HTTP/1.1" 404 149 "-" "Mozilla/5.0 (X11; Ubuntu; Linux x86_64; rv:96.0) Gecko/20100101 Firefox/96.0"
::ffff:3.90.0.49 - - [03/Dec/2022:10:10:46 +0000] "GET /api/.env HTTP/1.1" 404 147 "-" "Mozilla/5.0 (X11; Ubuntu; Linux x86_64; rv:96.0) Gecko/20100101 Firefox/96.0"
::ffff:3.90.0.49 - - [03/Dec/2022:10:10:47 +0000] "GET /aws.yml HTTP/1.1" 404 146 "-" "Mozilla/5.0 (X11; Ubuntu; Linux x86_64; rv:96.0) Gecko/20100101 Firefox/96.0"
::ffff:3.90.0.49 - - [03/Dec/2022:10:10:47 +0000] "GET /config.js HTTP/1.1" 404 148 "-" "Mozilla/5.0 (X11; Ubuntu; Linux x86_64; rv:96.0) Gecko/20100101 Firefox/96.0"
::ffff:3.90.0.49 - - [03/Dec/2022:10:10:47 +0000] "GET /config/aws.yml HTTP/1.1" 404 153 "-" "Mozilla/5.0 (X11; Ubuntu; Linux x86_64; rv:96.0) Gecko/20100101 Firefox/96.0"
::ffff:3.90.0.49 - - [03/Dec/2022:10:10:48 +0000] "GET /info.json HTTP/1.1" 404 148 "-" "Mozilla/5.0 (X11; Ubuntu; Linux x86_64; rv:96.0) Gecko/20100101 Firefox/96.0"
::ffff:3.90.0.49 - - [03/Dec/2022:10:10:48 +0000] "GET /info.php HTTP/1.1" 404 147 "-" "Mozilla/5.0 (X11; Ubuntu; Linux x86_64; rv:96.0) Gecko/20100101 Firefox/96.0"
::ffff:3.90.0.49 - - [03/Dec/2022:10:10:48 +0000] "GET /laravel/.env HTTP/1.1" 404 151 "-" "Mozilla/5.0 (X11; Ubuntu; Linux x86_64; rv:96.0) Gecko/20100101 Firefox/96.0"
::ffff:3.90.0.49 - - [03/Dec/2022:10:10:49 +0000] "GET /php-info HTTP/1.1" 404 147 "-" "Mozilla/5.0 (X11; Ubuntu; Linux x86_64; rv:96.0) Gecko/20100101 Firefox/96.0"
::ffff:3.90.0.49 - - [03/Dec/2022:10:10:49 +0000] "GET /phpinfo HTTP/1.1" 404 146 "-" "Mozilla/5.0 (X11; Ubuntu; Linux x86_64; rv:96.0) Gecko/20100101 Firefox/96.0"
::ffff:3.90.0.49 - - [03/Dec/2022:10:10:50 +0000] "GET /phpinfo.php HTTP/1.1" 404 150 "-" "Mozilla/5.0 (X11; Ubuntu; Linux x86_64; rv:96.0) Gecko/20100101 Firefox/96.0"
::ffff:3.90.0.49 - - [03/Dec/2022:10:10:50 +0000] "GET /test.php HTTP/1.1" 404 147 "-" "Mozilla/5.0 (X11; Ubuntu; Linux x86_64; rv:96.0) Gecko/20100101 Firefox/96.0"
::ffff:66.249.66.58 - - [03/Dec/2022:10:16:10 +0000] "GET /robots.txt HTTP/1.1" 404 149 "-" "Mozilla/5.0 (compatible; Googlebot/2.1; +http://www.google.com/bot.html)"
::ffff:66.249.66.58 - - [03/Dec/2022:10:16:11 +0000] "GET /overview HTTP/1.1" 404 147 "-" "Mozilla/5.0 (Linux; Android 6.0.1; Nexus 5X Build/MMB29P) AppleWebKit/537.36 (KHTML, like Gecko) Chrome/107.0.5304.110 Mobile Safari/537.36 (compatible; Googlebot/2.1; +http://www.google.com/bot.html)"
::ffff:205.169.39.63 - - [03/Dec/2022:10:35:50 +0000] "GET / HTTP/1.1" 200 57378 "-" "Mozilla/5.0 (Windows NT 10.0) AppleWebKit/537.36 (KHTML, like Gecko) Chrome/106.0.0.0 Safari/537.36"
::ffff:37.139.53.82 - - [03/Dec/2022:10:39:39 +0000] "GET / HTTP/1.0" 200 57378 "http://wadokikai.org/" "Mozilla/5.0 (Windows NT 6.3; ) AppleWebKit/537.36 (KHTML, like Gecko) Chrome/83.0.4103.61 Safari/537.36"
::ffff:37.139.53.82 - - [03/Dec/2022:10:39:40 +0000] "POST /sendemail HTTP/1.0" 302 40 "http://wadokikai.org/" "Mozilla/5.0 (Windows NT 6.3; ) AppleWebKit/537.36 (KHTML, like Gecko) Chrome/83.0.4103.61 Safari/537.36"
::ffff:37.139.53.82 - - [03/Dec/2022:10:39:41 +0000] "GET /?err=error HTTP/1.0" 200 57930 "http://wadokikai.org/?err=error#signup" "Mozilla/5.0 (Windows NT 6.3; ) AppleWebKit/537.36 (KHTML, like Gecko) Chrome/83.0.4103.61 Safari/537.36"
::ffff:95.214.235.205 - - [03/Dec/2022:10:42:29 +0000] "GET /.env HTTP/1.1" 404 143 "-" "Mozilla/5.0 (X11; Linux x86_64) AppleWebKit/537.36 (KHTML, like Gecko) Chrome/81.0.4044.129 Safari/537.36"
::ffff:95.214.235.205 - - [03/Dec/2022:10:42:30 +0000] "POST / HTTP/1.1" 404 140 "-" "Mozilla/5.0 (X11; Linux x86_64) AppleWebKit/537.36 (KHTML, like Gecko) Chrome/81.0.4044.129 Safari/537.36"
::ffff:114.119.158.142 - - [03/Dec/2022:10:46:16 +0000] "GET /robots.txt HTTP/1.1" 404 149 "-" "Mozilla/5.0 (compatible;PetalBot;+https://webmaster.petalsearch.com/site/petalbot)"
::ffff:114.119.137.143 - - [03/Dec/2022:11:00:10 +0000] "GET /contact?s=1&ss=5 HTTP/1.1" 200 9997 "https://wadokikai.org/" "Mozilla/5.0 (Linux; Android 7.0;) AppleWebKit/537.36 (KHTML, like Gecko) Mobile Safari/537.36 (compatible; PetalBot;+https://webmaster.petalsearch.com/site/petalbot)"
::ffff:114.119.135.169 - - [03/Dec/2022:11:00:50 +0000] "GET / HTTP/1.1" 200 57378 "http://www.wadokikai.org/contact?s=1&ss=3" "Mozilla/5.0 (Linux; Android 7.0;) AppleWebKit/537.36 (KHTML, like Gecko) Mobile Safari/537.36 (compatible; PetalBot;+https://webmaster.petalsearch.com/site/petalbot)"
::ffff:72.81.255.89 - - [03/Dec/2022:11:04:44 +0000] "GET / HTTP/1.1" 200 57378 "-" "-"
::ffff:135.125.246.110 - - [03/Dec/2022:11:05:31 +0000] "POST / HTTP/1.1" 404 140 "-" "Mozilla/5.0 (X11; Linux x86_64) AppleWebKit/537.36 (KHTML, like Gecko) Chrome/81.0.4044.129 Safari/537.36"
::ffff:135.125.246.110 - - [03/Dec/2022:11:05:31 +0000] "GET /.env HTTP/1.1" 404 143 "-" "Mozilla/5.0 (X11; Linux x86_64) AppleWebKit/537.36 (KHTML, like Gecko) Chrome/81.0.4044.129 Safari/537.36"
::ffff:194.38.20.161 - - [03/Dec/2022:11:05:55 +0000] "GET /elfinder/php/connector.minimal.php HTTP/1.1" 404 173 "-" "ALittle Client"
::ffff:178.176.209.226 - - [03/Dec/2022:11:22:39 +0000] "GET /Electron/download/windows/%5CProgram%20Files%5C3CX%20Phone%20System%5CData%5CDB%5Cbase%5C16384%5C16393 HTTP/1.1" 404 241 "-" "Mozilla/5.0 zgrab/0.x"
::ffff:54.159.180.116 - - [03/Dec/2022:11:23:18 +0000] "POST / HTTP/1.1" 404 140 "-" "Mozilla/5.0 (X11; Linux x86_64) AppleWebKit/537.36 (KHTML, like Gecko) Chrome/81.0.4044.129 Safari/537.36"
::ffff:54.159.180.116 - - [03/Dec/2022:11:23:19 +0000] "GET /.env HTTP/1.1" 404 143 "-" "Mozilla/5.0 (X11; Linux x86_64) AppleWebKit/537.36 (KHTML, like Gecko) Chrome/81.0.4044.129 Safari/537.36"
::ffff:84.21.172.128 - - [03/Dec/2022:11:37:36 +0000] "GET / HTTP/1.1" 200 57378 "-" "Mozilla/5.0 (X11; Ubuntu; Linux x86_64; rv:76.0) Gecko/20100101 Firefox/76.0"
::ffff:92.118.39.78 - - [03/Dec/2022:11:43:50 +0000] "GET / HTTP/1.1" 200 57378 "-" "-"
::ffff:109.237.97.180 - - [03/Dec/2022:11:44:36 +0000] "GET /.env HTTP/1.1" 404 143 "-" "Mozilla/5.0 (X11; Linux x86_64) AppleWebKit/537.36 (KHTML, like Gecko) Chrome/81.0.4044.129 Safari/537.36"
::ffff:114.119.134.146 - - [03/Dec/2022:12:01:53 +0000] "GET /schools HTTP/1.1" 200 97308 "http://34.212.47.6/joinemail?type=tournaments" "Mozilla/5.0 (Linux; Android 7.0;) AppleWebKit/537.36 (KHTML, like Gecko) Mobile Safari/537.36 (compatible; PetalBot;+https://webmaster.petalsearch.com/site/petalbot)"
::ffff:54.159.180.116 - - [03/Dec/2022:12:06:56 +0000] "POST / HTTP/1.1" 404 140 "-" "Mozilla/5.0 (X11; Linux x86_64) AppleWebKit/537.36 (KHTML, like Gecko) Chrome/81.0.4044.129 Safari/537.36"
::ffff:54.159.180.116 - - [03/Dec/2022:12:06:57 +0000] "GET /.env HTTP/1.1" 404 143 "-" "Mozilla/5.0 (X11; Linux x86_64) AppleWebKit/537.36 (KHTML, like Gecko) Chrome/81.0.4044.129 Safari/537.36"
::ffff:18.202.179.69 - - [03/Dec/2022:12:24:56 +0000] "HEAD / HTTP/1.1" 200 57378 "https://www.netcraft.com/survey/" "Mozilla/4.0 (compatible; Netcraft Web Server Survey)"
::ffff:135.125.246.110 - - [03/Dec/2022:12:38:15 +0000] "POST / HTTP/1.1" 404 140 "-" "Mozilla/5.0 (X11; Linux x86_64) AppleWebKit/537.36 (KHTML, like Gecko) Chrome/81.0.4044.129 Safari/537.36"
::ffff:135.125.246.110 - - [03/Dec/2022:12:38:15 +0000] "GET /.env HTTP/1.1" 404 143 "-" "Mozilla/5.0 (X11; Linux x86_64) AppleWebKit/537.36 (KHTML, like Gecko) Chrome/81.0.4044.129 Safari/537.36"
::ffff:18.202.179.69 - - [03/Dec/2022:12:44:16 +0000] "GET / HTTP/1.1" 200 57378 "https://www.netcraft.com/survey/" "Mozilla/4.0 (compatible; Netcraft Web Server Survey)"
::ffff:18.202.179.69 - - [03/Dec/2022:12:59:00 +0000] "GET / HTTP/1.1" 200 57378 "https://www.netcraft.com/survey/" "Mozilla/4.0 (compatible; Netcraft Web Server Survey)"
::ffff:54.159.180.116 - - [03/Dec/2022:13:03:27 +0000] "POST / HTTP/1.1" 404 140 "-" "Mozilla/5.0 (X11; Linux x86_64) AppleWebKit/537.36 (KHTML, like Gecko) Chrome/81.0.4044.129 Safari/537.36"
::ffff:54.159.180.116 - - [03/Dec/2022:13:03:27 +0000] "GET /.env HTTP/1.1" 404 143 "-" "Mozilla/5.0 (X11; Linux x86_64) AppleWebKit/537.36 (KHTML, like Gecko) Chrome/81.0.4044.129 Safari/537.36"
::ffff:54.72.246.115 - - [03/Dec/2022:13:05:10 +0000] "HEAD / HTTP/1.1" 200 57378 "https://www.netcraft.com/survey/" "Mozilla/4.0 (compatible; Netcraft Web Server Survey)"
::ffff:135.125.246.110 - - [03/Dec/2022:13:09:06 +0000] "POST / HTTP/1.1" 404 140 "-" "Mozilla/5.0 (X11; Linux x86_64) AppleWebKit/537.36 (KHTML, like Gecko) Chrome/81.0.4044.129 Safari/537.36"
::ffff:135.125.246.110 - - [03/Dec/2022:13:09:07 +0000] "GET /.env HTTP/1.1" 404 143 "-" "Mozilla/5.0 (X11; Linux x86_64) AppleWebKit/537.36 (KHTML, like Gecko) Chrome/81.0.4044.129 Safari/537.36"
::ffff:95.214.235.205 - - [03/Dec/2022:13:11:09 +0000] "GET /.env HTTP/1.1" 404 143 "-" "Mozilla/5.0 (X11; Linux x86_64) AppleWebKit/537.36 (KHTML, like Gecko) Chrome/81.0.4044.129 Safari/537.36"
::ffff:95.214.235.205 - - [03/Dec/2022:13:11:10 +0000] "POST / HTTP/1.1" 404 140 "-" "Mozilla/5.0 (X11; Linux x86_64) AppleWebKit/537.36 (KHTML, like Gecko) Chrome/81.0.4044.129 Safari/537.36"
::ffff:18.202.179.69 - - [03/Dec/2022:13:13:10 +0000] "GET /index.htm HTTP/1.0" 404 148 "https://www.netcraft.com/survey/" "Mozilla/4.0 (compatible; Netcraft Web Server Survey)"
::ffff:40.88.21.235 - - [03/Dec/2022:13:15:13 +0000] "GET / HTTP/1.1" 200 57378 "http://wadokikai.org/" "Mozilla/5.0 (compatible; DuckDuckGo-Favicons-Bot/1.0; +http://duckduckgo.com)"
::ffff:40.88.21.235 - - [03/Dec/2022:13:15:13 +0000] "GET /images/favicon.ico HTTP/1.1" 200 3638 "http://wadokikai.org/images/favicon.ico" "Mozilla/5.0 (compatible; DuckDuckGo-Favicons-Bot/1.0; +http://duckduckgo.com)"
::ffff:54.72.246.115 - - [03/Dec/2022:13:27:48 +0000] "GET / HTTP/1.1" 200 57378 "https://www.netcraft.com/survey/" "Mozilla/4.0 (compatible; Netcraft Web Server Survey)"
::ffff:54.159.180.116 - - [03/Dec/2022:13:35:04 +0000] "POST / HTTP/1.1" 404 140 "-" "Mozilla/5.0 (X11; Linux x86_64) AppleWebKit/537.36 (KHTML, like Gecko) Chrome/81.0.4044.129 Safari/537.36"
::ffff:54.159.180.116 - - [03/Dec/2022:13:35:04 +0000] "GET /.env HTTP/1.1" 404 143 "-" "Mozilla/5.0 (X11; Linux x86_64) AppleWebKit/537.36 (KHTML, like Gecko) Chrome/81.0.4044.129 Safari/537.36"
::ffff:40.77.167.4 - - [03/Dec/2022:13:40:07 +0000] "GET / HTTP/1.1" 200 57378 "-" "Mozilla/5.0 AppleWebKit/537.36 (KHTML, like Gecko; compatible; bingbot/2.0; +http://www.bing.com/bingbot.htm) Chrome/103.0.5060.134 Safari/537.36"
::ffff:195.62.53.183 - - [03/Dec/2022:13:40:12 +0000] "GET /.git/config HTTP/1.1" 404 150 "-" "Mozilla/5.0 (X11; Linux x86_64) AppleWebKit/537.36 (KHTML, like Gecko) Chrome/100.0.4896.88 Safari/537.36"
::ffff:54.72.246.115 - - [03/Dec/2022:13:42:51 +0000] "GET / HTTP/1.1" 200 57378 "https://www.netcraft.com/survey/" "Mozilla/4.0 (compatible; Netcraft Web Server Survey)"
::ffff:54.72.246.115 - - [03/Dec/2022:13:57:49 +0000] "GET /index.htm HTTP/1.0" 404 148 "https://www.netcraft.com/survey/" "Mozilla/4.0 (compatible; Netcraft Web Server Survey)"
::ffff:40.77.167.4 - - [03/Dec/2022:14:08:50 +0000] "GET / HTTP/1.1" 200 57378 "-" "Mozilla/5.0 (compatible; bingbot/2.0; +http://www.bing.com/bingbot.htm)"
::ffff:52.34.250.42 - - [03/Dec/2022:14:16:38 +0000] "GET / HTTP/1.1" 200 57378 "-" "Mozilla/5.0 (X11; Linux x86_64) AppleWebKit/537.36 (KHTML, like Gecko) Chrome/83.0.4103.97 Safari/537.36"
::ffff:34.210.112.118 - - [03/Dec/2022:14:16:39 +0000] "GET / HTTP/1.1" 200 57378 "-" "Mozilla/5.0 (X11; Linux x86_64) AppleWebKit/537.36 (KHTML, like Gecko) Chrome/83.0.4103.97 Safari/537.36"
::ffff:35.91.55.165 - - [03/Dec/2022:14:17:09 +0000] "GET /favicon.ico HTTP/1.1" 404 150 "-" "Mozilla/5.0 (X11; Linux x86_64) AppleWebKit/537.36 (KHTML, like Gecko) Chrome/83.0.4103.97 Safari/537.36"
::ffff:35.91.55.165 - - [03/Dec/2022:14:17:09 +0000] "GET / HTTP/1.1" 200 57378 "-" "Mozilla/5.0 (X11; Linux x86_64) AppleWebKit/537.36 (KHTML, like Gecko) Chrome/83.0.4103.97 Safari/537.36"
::ffff:35.93.59.162 - - [03/Dec/2022:14:17:15 +0000] "GET / HTTP/1.1" 200 57378 "-" "Mozilla/5.0 (X11; Linux x86_64) AppleWebKit/537.36 (KHTML, like Gecko) Chrome/83.0.4103.97 Safari/537.36"
::ffff:34.211.147.192 - - [03/Dec/2022:14:17:19 +0000] "GET /favicon.ico HTTP/1.1" 404 150 "-" "Mozilla/5.0 (X11; Linux x86_64) AppleWebKit/537.36 (KHTML, like Gecko) Chrome/83.0.4103.97 Safari/537.36"
::ffff:34.211.147.192 - - [03/Dec/2022:14:17:23 +0000] "GET / HTTP/1.1" 200 57378 "-" "Mozilla/5.0 (X11; Linux x86_64) AppleWebKit/537.36 (KHTML, like Gecko) Chrome/83.0.4103.97 Safari/537.36"
::ffff:35.86.138.191 - - [03/Dec/2022:14:17:43 +0000] "GET /favicon.ico HTTP/1.1" 404 150 "-" "Mozilla/5.0 (X11; Linux x86_64) AppleWebKit/537.36 (KHTML, like Gecko) Chrome/83.0.4103.97 Safari/537.36"
::ffff:35.86.138.191 - - [03/Dec/2022:14:17:45 +0000] "GET / HTTP/1.1" 200 57378 "-" "Mozilla/5.0 (X11; Linux x86_64) AppleWebKit/537.36 (KHTML, like Gecko) Chrome/83.0.4103.97 Safari/537.36"
::ffff:35.88.208.113 - - [03/Dec/2022:14:18:54 +0000] "GET /favicon.ico HTTP/1.1" 404 150 "-" "Mozilla/5.0 (X11; Linux x86_64) AppleWebKit/537.36 (KHTML, like Gecko) Chrome/83.0.4103.97 Safari/537.36"
::ffff:35.88.208.113 - - [03/Dec/2022:14:18:54 +0000] "GET / HTTP/1.1" 200 57378 "-" "Mozilla/5.0 (X11; Linux x86_64) AppleWebKit/537.36 (KHTML, like Gecko) Chrome/83.0.4103.97 Safari/537.36"
::ffff:54.160.132.136 - - [03/Dec/2022:14:46:12 +0000] "GET /.git/config HTTP/1.1" 404 150 "-" "python-requests/2.28.1"
::ffff:92.118.39.78 - - [03/Dec/2022:14:48:27 +0000] "GET / HTTP/1.1" 200 57378 "-" "-"
::ffff:157.55.39.153 - - [03/Dec/2022:14:54:41 +0000] "GET / HTTP/1.1" 200 57378 "-" "Mozilla/5.0 AppleWebKit/537.36 (KHTML, like Gecko; compatible; bingbot/2.0; +http://www.bing.com/bingbot.htm) Chrome/103.0.5060.134 Safari/537.36"
::ffff:52.14.228.235 - - [03/Dec/2022:14:57:41 +0000] "GET / HTTP/1.1" 200 57378 "-" "Mozilla/5.0 (Linux; Android 7.1.1; Coolpad 3632A Build/NMF26F) AppleWebKit/537.36 (KHTML, like Gecko) Chrome/59.0.3071.125 Mobile Safari/537.36"
::ffff:135.125.246.189 - - [03/Dec/2022:15:01:09 +0000] "POST / HTTP/1.1" 404 140 "-" "Mozilla/5.0 (X11; Linux x86_64) AppleWebKit/537.36 (KHTML, like Gecko) Chrome/81.0.4044.129 Safari/537.36"
::ffff:135.125.246.189 - - [03/Dec/2022:15:01:09 +0000] "GET /.env HTTP/1.1" 404 143 "-" "Mozilla/5.0 (X11; Linux x86_64) AppleWebKit/537.36 (KHTML, like Gecko) Chrome/81.0.4044.129 Safari/537.36"
::ffff:52.14.228.235 - - [03/Dec/2022:15:04:01 +0000] "GET /ie7/ie7-standard-p.js HTTP/1.1" 404 160 "-" "Mozilla/5.0 (compatible; MSIE 9.0; Windows NT 6.1; Trident/5.0; XBLWP7; ZuneWP7) UCBrowser/2.9.0.263"
::ffff:52.14.228.235 - - [03/Dec/2022:15:04:01 +0000] "GET //cdnjs.cloudflare.com/ajax/libs/popper.js/1.12.9/umd/popper.min.js HTTP/1.1" 404 205 "-" "Mozilla/5.0 (Windows NT 10.0; Win64; x64) AppleWebKit/537.36 (KHTML, like Gecko) Chrome/101.0.4951.54 Safari/537.36"
::ffff:52.14.228.235 - - [03/Dec/2022:15:04:01 +0000] "GET //code.jquery.com/jquery-3.2.1.slim.min.js HTTP/1.1" 404 180 "-" "Mozilla/5.0 (Linux; Android 8.1.0; TECNO KA7O Build/O11019; wv) AppleWebKit/537.36 (KHTML, like Gecko) Version/4.0 Chrome/91.0.4472.120 Mobile Safari/537.36"
::ffff:52.14.228.235 - - [03/Dec/2022:15:04:01 +0000] "GET /common.js HTTP/1.1" 404 148 "-" "POLARIS/6.01(BREW 3.1.5;U;en-us;LG;LX265;POLARIS/6.01/WAP;)MMP/2.0 profile/MIDP-201 Configuration /CLDC-1.1"
::ffff:52.14.228.235 - - [03/Dec/2022:15:04:01 +0000] "GET /dist/js/bootstrap.bundle.min.js HTTP/1.1" 404 170 "-" "Mozilla/5.0 (Linux; Android 12; SM-N9860) AppleWebKit/537.36 (KHTML, like Gecko) Chrome/101.0.4951.41 Mobile Safari/537.36"
::ffff:52.14.228.235 - - [03/Dec/2022:15:04:01 +0000] "GET //code.jquery.com/jquery-3.2.1.min.js HTTP/1.1" 404 175 "-" "Mozilla/5.0 (Linux; Android 7.1.1; BBB100-1 Build/NMF26F) AppleWebKit/537.36 (KHTML, like Gecko) Chrome/59.0.3071.125 Mobile Safari/537.36"
::ffff:52.14.228.235 - - [03/Dec/2022:15:04:02 +0000] "GET //maxcdn.bootstrapcdn.com/bootstrap/4.0.0/js/bootstrap.min.js HTTP/1.1" 404 199 "-" "Opera/9.80 (Macintosh; Intel Mac OS X 10.4.11; U; en) Presto/2.7.62 Version/11.00"
::ffff:52.14.228.235 - - [03/Dec/2022:15:04:02 +0000] "GET //cdn.js HTTP/1.1" 404 146 "-" "Mozilla/5.0 (Windows NT 5.2; rv:10.0.1) Gecko/20100101 Firefox/10.0.1 SeaMonkey/2.7.1"
::ffff:52.14.228.235 - - [03/Dec/2022:15:14:46 +0000] "GET //maxcdn.bootstrapcdn.com/bootstrap/4.0.0/js/bootstrap.min.js HTTP/1.1" 404 199 "-" "SEC-SGHE900/1.0 NetFront/3.2 Profile/MIDP-2.0 Configuration/CLDC-1.1 Opera/8.01 (J2ME/MIDP; Opera Mini/2.0.4509/1378; nl; U; ssr)"
::ffff:52.14.228.235 - - [03/Dec/2022:15:14:46 +0000] "GET //code.jquery.com/jquery-3.2.1.min.js HTTP/1.1" 404 175 "-" "Mozilla/5.0 (Windows NT 10.0; Win64; x64) AppleWebKit/537.36 (KHTML, like Gecko) Chrome/100.0.4896.147 Safari/537.36"
::ffff:52.14.228.235 - - [03/Dec/2022:15:14:46 +0000] "GET /ie7/ie7-standard-p.js HTTP/1.1" 404 160 "-" "Mozilla/5.0 (X11; Linux x86_64) AppleWebKit/537.36 (KHTML, like Gecko) Chrome/101.0.4951.54 Safari/537.36 Edg/101.0.1210.39"
::ffff:52.14.228.235 - - [03/Dec/2022:15:14:46 +0000] "GET /dist/js/bootstrap.bundle.min.js HTTP/1.1" 404 170 "-" "Mozilla/5.0 (iPhone; CPU iPhone OS 13_1 like Mac OS X) AppleWebKit/605.1.15 (KHTML, like Gecko) CriOS/91.0.4472.80 Mobile/15E148 Safari/604.1"
::ffff:52.14.228.235 - - [03/Dec/2022:15:14:59 +0000] "GET /common.js HTTP/1.1" 404 148 "-" "Mozilla/5.0 (X11; U; Linux i686; en-gb) AppleWebKit/534.35 (KHTML, like Gecko) Chrome/11.0.696.65 Safari/534.35 Puffin/2.0.5603M"
::ffff:52.14.228.235 - - [03/Dec/2022:15:15:01 +0000] "GET //code.jquery.com/jquery-3.2.1.slim.min.js HTTP/1.1" 404 180 "-" "Mozilla/5.0 (X11; Linux x86_64) AppleWebKit/537.36 (KHTML, like Gecko) Chrome/72.0.3626.96 Safari/537.36"
::ffff:52.14.228.235 - - [03/Dec/2022:15:15:01 +0000] "GET //cdnjs.cloudflare.com/ajax/libs/popper.js/1.12.9/umd/popper.min.js HTTP/1.1" 404 205 "-" "Mozilla/5.0 (compatible; MSIE 9.0; Windows NT 6.1; Trident/5.0; XBLWP7; ZuneWP7) UCBrowser/2.9.0.263"
::ffff:114.119.150.203 - - [03/Dec/2022:15:22:48 +0000] "GET /robots.txt HTTP/1.1" 404 149 "-" "Mozilla/5.0 (compatible;PetalBot;+https://webmaster.petalsearch.com/site/petalbot)"
::ffff:167.94.146.60 - - [03/Dec/2022:15:28:21 +0000] "GET / HTTP/1.1" 200 57378 "-" "-"
::ffff:167.94.146.60 - - [03/Dec/2022:15:28:21 +0000] "GET / HTTP/1.1" 200 57378 "-" "Mozilla/5.0 (compatible; CensysInspect/1.1; +https://about.censys.io/)"
::ffff:167.94.146.60 - - [03/Dec/2022:15:28:22 +0000] "PRI * HTTP/2.0" - - "-" "-"
::ffff:167.94.146.60 - - [03/Dec/2022:15:28:22 +0000] "GET /images/favicon.ico HTTP/1.1" 200 3638 "-" "Mozilla/5.0 (compatible; CensysInspect/1.1; +https://about.censys.io/)"
::ffff:167.94.146.60 - - [03/Dec/2022:15:28:23 +0000] "GET /favicon.ico HTTP/1.1" 404 150 "-" "Mozilla/5.0 (compatible; CensysInspect/1.1; +https://about.censys.io/)"
::ffff:54.36.148.155 - - [03/Dec/2022:15:43:04 +0000] "GET /robots.txt HTTP/1.1" 404 149 "-" "Mozilla/5.0 (compatible; AhrefsBot/7.0; +http://ahrefs.com/robot/)"
::ffff:51.222.253.17 - - [03/Dec/2022:15:43:05 +0000] "GET / HTTP/1.1" 200 57378 "-" "Mozilla/5.0 (compatible; AhrefsBot/7.0; +http://ahrefs.com/robot/)"
::ffff:141.255.166.2 - - [03/Dec/2022:15:50:35 +0000] "GET / HTTP/1.1" 200 57378 "-" "Hello World"
::ffff:31.172.80.137 - - [03/Dec/2022:15:54:50 +0000] "GET /wp-login.php HTTP/1.1" 404 151 "-" "Mozilla/5.0 (Windows NT 10.0; Win64; x64; rv:96.0) Gecko/20100101 Firefox/96"
::ffff:91.121.59.189 - - [03/Dec/2022:16:00:26 +0000] "GET /.env HTTP/1.1" 404 143 "-" "python-requests/2.27.1"
::ffff:91.121.59.189 - - [03/Dec/2022:16:00:27 +0000] "POST / HTTP/1.1" 404 140 "-" "Mozilla/5.0 (X11; Linux x86_64) AppleWebKit/537.36 (KHTML, like Gecko) Chrome/81.0.4044.129 Safari/537.36"
::ffff:91.121.59.189 - - [03/Dec/2022:16:00:27 +0000] "POST /core/.env HTTP/1.1" 404 149 "-" "Mozilla/5.0 (X11; Linux x86_64) AppleWebKit/537.36 (KHTML, like Gecko) Chrome/81.0.4044.129 Safari/537.36"
::ffff:91.121.59.189 - - [03/Dec/2022:16:00:27 +0000] "GET /core/.env HTTP/1.1" 404 148 "-" "python-requests/2.27.1"
::ffff:91.121.59.189 - - [03/Dec/2022:16:00:28 +0000] "POST / HTTP/1.1" 404 140 "-" "Mozilla/5.0 (X11; Linux x86_64) AppleWebKit/537.36 (KHTML, like Gecko) Chrome/81.0.4044.129 Safari/537.36"
::ffff:91.121.59.189 - - [03/Dec/2022:16:00:28 +0000] "POST /core/.env HTTP/1.1" 404 149 "-" "Mozilla/5.0 (X11; Linux x86_64) AppleWebKit/537.36 (KHTML, like Gecko) Chrome/81.0.4044.129 Safari/537.36"
::ffff:92.126.230.58 - - [03/Dec/2022:16:06:18 +0000] "GET / HTTP/1.1" 200 57378 "-" "Mozilla/5.0 (Windows NT 6.1; WOW64) AppleWebKit/537.36 (KHTML, like Gecko) Chrome/52.0.2743.116 Safari/537.36"
::ffff:192.241.208.58 - - [03/Dec/2022:16:09:51 +0000] "GET /autodiscover/autodiscover.json?@zdi/Powershell HTTP/1.1" 404 169 "-" "Mozilla/5.0 zgrab/0.x"
::ffff:66.249.65.147 - - [03/Dec/2022:16:17:47 +0000] "GET /robots.txt HTTP/1.1" 404 149 "-" "Mozilla/5.0 (compatible; Googlebot/2.1; +http://www.google.com/bot.html)"
::ffff:66.249.65.142 - - [03/Dec/2022:16:17:48 +0000] "GET /contact2.html HTTP/1.1" 404 152 "-" "Mozilla/5.0 (compatible; Googlebot/2.1; +http://www.google.com/bot.html)"
::ffff:104.152.52.105 - - [03/Dec/2022:16:26:11 +0000] "GET / HTTP/1.0" 200 57378 "-" "masscan/1.3 (https://github.com/robertdavidgraham/masscan)"
::ffff:95.214.235.205 - - [03/Dec/2022:16:34:31 +0000] "GET /.env HTTP/1.1" 404 143 "-" "Mozilla/5.0 (X11; Linux x86_64) AppleWebKit/537.36 (KHTML, like Gecko) Chrome/81.0.4044.129 Safari/537.36"
::ffff:95.214.235.205 - - [03/Dec/2022:16:34:33 +0000] "POST / HTTP/1.1" 404 140 "-" "Mozilla/5.0 (X11; Linux x86_64) AppleWebKit/537.36 (KHTML, like Gecko) Chrome/81.0.4044.129 Safari/537.36"
::ffff:66.249.65.137 - - [03/Dec/2022:16:47:47 +0000] "GET /contact?s=1&ss=9 HTTP/1.1" 200 9997 "-" "Mozilla/5.0 (Linux; Android 6.0.1; Nexus 5X Build/MMB29P) AppleWebKit/537.36 (KHTML, like Gecko) Chrome/107.0.5304.115 Mobile Safari/537.36 (compatible; Googlebot/2.1; +http://www.google.com/bot.html)"
::ffff:54.159.180.116 - - [03/Dec/2022:16:59:44 +0000] "POST / HTTP/1.1" 404 140 "-" "Mozilla/5.0 (X11; Linux x86_64) AppleWebKit/537.36 (KHTML, like Gecko) Chrome/81.0.4044.129 Safari/537.36"
::ffff:54.159.180.116 - - [03/Dec/2022:16:59:44 +0000] "GET /.env HTTP/1.1" 404 143 "-" "Mozilla/5.0 (X11; Linux x86_64) AppleWebKit/537.36 (KHTML, like Gecko) Chrome/81.0.4044.129 Safari/537.36"
::ffff:54.159.180.116 - - [03/Dec/2022:17:07:51 +0000] "POST / HTTP/1.1" 404 140 "-" "Mozilla/5.0 (X11; Linux x86_64) AppleWebKit/537.36 (KHTML, like Gecko) Chrome/81.0.4044.129 Safari/537.36"
::ffff:54.159.180.116 - - [03/Dec/2022:17:07:52 +0000] "GET /.env HTTP/1.1" 404 143 "-" "Mozilla/5.0 (X11; Linux x86_64) AppleWebKit/537.36 (KHTML, like Gecko) Chrome/81.0.4044.129 Safari/537.36"
::ffff:135.125.246.189 - - [03/Dec/2022:17:17:32 +0000] "POST / HTTP/1.1" 404 140 "-" "Mozilla/5.0 (X11; Linux x86_64) AppleWebKit/537.36 (KHTML, like Gecko) Chrome/81.0.4044.129 Safari/537.36"
::ffff:135.125.246.189 - - [03/Dec/2022:17:17:32 +0000] "GET /.env HTTP/1.1" 404 143 "-" "Mozilla/5.0 (X11; Linux x86_64) AppleWebKit/537.36 (KHTML, like Gecko) Chrome/81.0.4044.129 Safari/537.36"
::ffff:37.139.53.82 - - [03/Dec/2022:17:17:55 +0000] "GET / HTTP/1.0" 200 57378 "http://wadokikai.org/" "Mozilla/5.0 (Windows NT 10.0; Win64; x64) AppleWebKit/537.36 (KHTML, like Gecko) Chrome/83.0.4100.3 Safari/537.36"
::ffff:37.139.53.82 - - [03/Dec/2022:17:17:56 +0000] "POST /sendemail HTTP/1.0" 302 40 "http://wadokikai.org/" "Mozilla/5.0 (Windows NT 10.0; Win64; x64) AppleWebKit/537.36 (KHTML, like Gecko) Chrome/83.0.4100.3 Safari/537.36"
::ffff:37.139.53.82 - - [03/Dec/2022:17:17:57 +0000] "GET /?err=error HTTP/1.0" 200 57930 "http://wadokikai.org/?err=error#signup" "Mozilla/5.0 (Windows NT 10.0; Win64; x64) AppleWebKit/537.36 (KHTML, like Gecko) Chrome/83.0.4100.3 Safari/537.36"
::ffff:157.55.39.153 - - [03/Dec/2022:17:20:45 +0000] "GET / HTTP/1.1" 200 57378 "-" "Mozilla/5.0 AppleWebKit/537.36 (KHTML, like Gecko; compatible; bingbot/2.0; +http://www.bing.com/bingbot.htm) Chrome/103.0.5060.134 Safari/537.36"
::ffff:157.55.39.159 - - [03/Dec/2022:17:21:08 +0000] "GET /css/wadokikai.css HTTP/1.1" 200 4337 "-" "Mozilla/5.0 (compatible; bingbot/2.0; +http://www.bing.com/bingbot.htm)"
::ffff:157.55.39.159 - - [03/Dec/2022:17:21:08 +0000] "GET /js/common.js HTTP/1.1" 200 2255 "-" "Mozilla/5.0 AppleWebKit/537.36 (KHTML, like Gecko; compatible; bingbot/2.0; +http://www.bing.com/bingbot.htm) Chrome/103.0.5060.134 Safari/537.36"
::ffff:141.255.166.2 - - [03/Dec/2022:17:28:10 +0000] "GET / HTTP/1.1" 200 57378 "-" "Hello World"
::ffff:34.140.248.32 - - [03/Dec/2022:17:31:08 +0000] "GET / HTTP/1.1" 200 57378 "-" "python-requests/2.28.1"
::ffff:36.40.66.38 - - [03/Dec/2022:17:41:58 +0000] "GET / HTTP/1.1" 200 57378 "-" "Mozilla/5.0 (iPhone; CPU iPhone OS 13_2_3 like Mac OS X) AppleWebKit/605.1.15 (KHTML, like Gecko) Version/13.0.3 Mobile/15E148 Safari/604.1"
::ffff:114.119.133.119 - - [03/Dec/2022:17:42:38 +0000] "GET /schools HTTP/1.1" 200 97308 "https://wadokikai.org/contact?s=1&ss=3" "Mozilla/5.0 (Linux; Android 7.0;) AppleWebKit/537.36 (KHTML, like Gecko) Mobile Safari/537.36 (compatible; PetalBot;+https://webmaster.petalsearch.com/site/petalbot)"
::ffff:114.119.136.32 - - [03/Dec/2022:17:44:12 +0000] "GET /events HTTP/1.1" 200 5867 "http://www.wadokikai.org/contact?s=1&ss=3" "Mozilla/5.0 (Linux; Android 7.0;) AppleWebKit/537.36 (KHTML, like Gecko) Mobile Safari/537.36 (compatible; PetalBot;+https://webmaster.petalsearch.com/site/petalbot)"
