::ffff:208.67.105.236 - - [15/Aug/2022:04:44:10 +0000] "POST //%63%67%69%2D%62%69%6E/%70%68%70?%2D%64+%61%6C%6C%6F%77%5F%75%72%6C%5F%69%6E%63%6C%75%64%65%3D%6F%6E+%2D%64+%73%61%66%65%5F%6D%6F%64%65%3D%6F%66%66+%2D%64+%73%75%68%6F%73%69%6E%2E%73%69%6D%75%6C%61%74%69%6F%6E%3D%6F%6E+%2D%64+%64%69%73%61%62%6C%65%5F%66%75%6E%63%74%69%6F%6E%73%3D%22%22+%2D%64+%6F%70%65%6E%5F%62%61%73%65%64%69%72%3D%6E%6F%6E%65+%2D%64+%61%75%74%6F%5F%70%72%65%70%65%6E%64%5F%66%69%6C%65%3D%70%68%70%3A%2F%2F%69%6E%70%75%74+%2D%64+%63%67%69%2E%66%6F%72%63%65%5F%72%65%64%69%72%65%63%74%3D%30+%2D%64+%63%67%69%2E%72%65%64%69%72%65%63%74%5F%73%74%61%74%75%73%5F%65%6E%76%3D%30+%2D%64+%61%75%74%6F%5F%70%72%65%70%65%6E%64%5F%66%69%6C%65%3D%70%68%70%3A%2F%2F%69%6E%70%75%74+%2D%6E HTTP/1.1" 404 172 "-" "-"
::ffff:157.55.39.81 - - [15/Aug/2022:04:46:34 +0000] "GET /style.html HTTP/1.1" 404 149 "-" "Mozilla/5.0 (compatible; bingbot/2.0; +http://www.bing.com/bingbot.htm)"
::ffff:51.107.208.105 - - [15/Aug/2022:04:51:19 +0000] "GET / HTTP/1.1" 200 58071 "-" "Mozilla/5.0 (Windows NT 10.0; Win64; x64) AppleWebKit/537.36 (KHTML, like Gecko) Chrome/89.0.4389.114 Safari/537.36"
::ffff:51.107.208.105 - - [15/Aug/2022:04:51:20 +0000] "GET / HTTP/1.1" 200 58071 "-" "Mozilla/5.0 (Windows NT 10.0; Win64; x64) AppleWebKit/537.36 (KHTML, like Gecko) Chrome/89.0.4389.114 Safari/537.36"
::ffff:51.107.208.105 - - [15/Aug/2022:04:51:20 +0000] "GET /wp-includes/wlwmanifest.xml HTTP/1.1" 404 166 "-" "Mozilla/5.0 (Windows NT 10.0; Win64; x64) AppleWebKit/537.36 (KHTML, like Gecko) Chrome/89.0.4389.114 Safari/537.36"
::ffff:51.107.208.105 - - [15/Aug/2022:04:51:20 +0000] "GET /xmlrpc.php?rsd HTTP/1.1" 404 149 "-" "Mozilla/5.0 (Windows NT 10.0; Win64; x64) AppleWebKit/537.36 (KHTML, like Gecko) Chrome/89.0.4389.114 Safari/537.36"
::ffff:51.107.208.105 - - [15/Aug/2022:04:51:20 +0000] "GET / HTTP/1.1" 200 58071 "-" "Mozilla/5.0 (Windows NT 10.0; Win64; x64) AppleWebKit/537.36 (KHTML, like Gecko) Chrome/89.0.4389.114 Safari/537.36"
::ffff:51.107.208.105 - - [15/Aug/2022:04:51:20 +0000] "GET /blog/wp-includes/wlwmanifest.xml HTTP/1.1" 404 171 "-" "Mozilla/5.0 (Windows NT 10.0; Win64; x64) AppleWebKit/537.36 (KHTML, like Gecko) Chrome/89.0.4389.114 Safari/537.36"
::ffff:51.107.208.105 - - [15/Aug/2022:04:51:21 +0000] "GET /web/wp-includes/wlwmanifest.xml HTTP/1.1" 404 170 "-" "Mozilla/5.0 (Windows NT 10.0; Win64; x64) AppleWebKit/537.36 (KHTML, like Gecko) Chrome/89.0.4389.114 Safari/537.36"
::ffff:51.107.208.105 - - [15/Aug/2022:04:51:21 +0000] "GET /wordpress/wp-includes/wlwmanifest.xml HTTP/1.1" 404 176 "-" "Mozilla/5.0 (Windows NT 10.0; Win64; x64) AppleWebKit/537.36 (KHTML, like Gecko) Chrome/89.0.4389.114 Safari/537.36"
::ffff:51.107.208.105 - - [15/Aug/2022:04:51:21 +0000] "GET /website/wp-includes/wlwmanifest.xml HTTP/1.1" 404 174 "-" "Mozilla/5.0 (Windows NT 10.0; Win64; x64) AppleWebKit/537.36 (KHTML, like Gecko) Chrome/89.0.4389.114 Safari/537.36"
::ffff:51.107.208.105 - - [15/Aug/2022:04:51:21 +0000] "GET /wp/wp-includes/wlwmanifest.xml HTTP/1.1" 404 169 "-" "Mozilla/5.0 (Windows NT 10.0; Win64; x64) AppleWebKit/537.36 (KHTML, like Gecko) Chrome/89.0.4389.114 Safari/537.36"
::ffff:51.107.208.105 - - [15/Aug/2022:04:51:21 +0000] "GET /news/wp-includes/wlwmanifest.xml HTTP/1.1" 404 171 "-" "Mozilla/5.0 (Windows NT 10.0; Win64; x64) AppleWebKit/537.36 (KHTML, like Gecko) Chrome/89.0.4389.114 Safari/537.36"
::ffff:51.107.208.105 - - [15/Aug/2022:04:51:21 +0000] "GET /2020/wp-includes/wlwmanifest.xml HTTP/1.1" 404 171 "-" "Mozilla/5.0 (Windows NT 10.0; Win64; x64) AppleWebKit/537.36 (KHTML, like Gecko) Chrome/89.0.4389.114 Safari/537.36"
::ffff:51.107.208.105 - - [15/Aug/2022:04:51:22 +0000] "GET /2019/wp-includes/wlwmanifest.xml HTTP/1.1" 404 171 "-" "Mozilla/5.0 (Windows NT 10.0; Win64; x64) AppleWebKit/537.36 (KHTML, like Gecko) Chrome/89.0.4389.114 Safari/537.36"
::ffff:51.107.208.105 - - [15/Aug/2022:04:51:22 +0000] "GET /shop/wp-includes/wlwmanifest.xml HTTP/1.1" 404 171 "-" "Mozilla/5.0 (Windows NT 10.0; Win64; x64) AppleWebKit/537.36 (KHTML, like Gecko) Chrome/89.0.4389.114 Safari/537.36"
::ffff:51.107.208.105 - - [15/Aug/2022:04:51:22 +0000] "GET /wp1/wp-includes/wlwmanifest.xml HTTP/1.1" 404 170 "-" "Mozilla/5.0 (Windows NT 10.0; Win64; x64) AppleWebKit/537.36 (KHTML, like Gecko) Chrome/89.0.4389.114 Safari/537.36"
::ffff:51.107.208.105 - - [15/Aug/2022:04:51:22 +0000] "GET /test/wp-includes/wlwmanifest.xml HTTP/1.1" 404 171 "-" "Mozilla/5.0 (Windows NT 10.0; Win64; x64) AppleWebKit/537.36 (KHTML, like Gecko) Chrome/89.0.4389.114 Safari/537.36"
::ffff:51.107.208.105 - - [15/Aug/2022:04:51:22 +0000] "GET /wp2/wp-includes/wlwmanifest.xml HTTP/1.1" 404 170 "-" "Mozilla/5.0 (Windows NT 10.0; Win64; x64) AppleWebKit/537.36 (KHTML, like Gecko) Chrome/89.0.4389.114 Safari/537.36"
::ffff:51.107.208.105 - - [15/Aug/2022:04:51:23 +0000] "GET /site/wp-includes/wlwmanifest.xml HTTP/1.1" 404 171 "-" "Mozilla/5.0 (Windows NT 10.0; Win64; x64) AppleWebKit/537.36 (KHTML, like Gecko) Chrome/89.0.4389.114 Safari/537.36"
::ffff:51.107.208.105 - - [15/Aug/2022:04:51:23 +0000] "GET /cms/wp-includes/wlwmanifest.xml HTTP/1.1" 404 170 "-" "Mozilla/5.0 (Windows NT 10.0; Win64; x64) AppleWebKit/537.36 (KHTML, like Gecko) Chrome/89.0.4389.114 Safari/537.36"
::ffff:51.107.208.105 - - [15/Aug/2022:04:51:23 +0000] "GET /sito/wp-includes/wlwmanifest.xml HTTP/1.1" 404 171 "-" "Mozilla/5.0 (Windows NT 10.0; Win64; x64) AppleWebKit/537.36 (KHTML, like Gecko) Chrome/89.0.4389.114 Safari/537.36"
::ffff:135.125.246.189 - - [15/Aug/2022:05:13:41 +0000] "POST / HTTP/1.1" 404 140 "-" "Mozilla/5.0 (X11; Linux x86_64) AppleWebKit/537.36 (KHTML, like Gecko) Chrome/81.0.4044.129 Safari/537.36"
::ffff:135.125.246.189 - - [15/Aug/2022:05:13:41 +0000] "GET /.env HTTP/1.1" 404 143 "-" "Mozilla/5.0 (X11; Linux x86_64) AppleWebKit/537.36 (KHTML, like Gecko) Chrome/81.0.4044.129 Safari/537.36"
::ffff:66.249.66.28 - - [15/Aug/2022:05:14:19 +0000] "GET / HTTP/1.1" 200 58071 "-" "Mozilla/5.0 (compatible; Googlebot/2.1; +http://www.google.com/bot.html)"
::ffff:66.249.66.28 - - [15/Aug/2022:05:14:20 +0000] "GET / HTTP/1.1" 200 58071 "-" "Mozilla/5.0 (Linux; Android 6.0.1; Nexus 5X Build/MMB29P) AppleWebKit/537.36 (KHTML, like Gecko) Chrome/99.0.4844.84 Mobile Safari/537.36 (compatible; Googlebot/2.1; +http://www.google.com/bot.html)"
::ffff:147.124.222.183 - - [15/Aug/2022:05:23:10 +0000] "GET / HTTP/1.1" 200 58071 "http://34.212.47.6:80/left.html" "Mozilla/5.0 (X11; Ubuntu; Linux x86_64; rv:77.0) Gecko/20100101 Firefox/77.0"
::ffff:207.46.13.67 - - [15/Aug/2022:05:23:19 +0000] "GET / HTTP/1.1" 200 58071 "-" "Mozilla/5.0 (compatible; bingbot/2.0; +http://www.bing.com/bingbot.htm)"
::ffff:157.55.39.115 - - [15/Aug/2022:05:28:51 +0000] "GET /images/instructors/don.jpg HTTP/1.1" 200 76210 "-" "Mozilla/5.0 AppleWebKit/537.36 (KHTML, like Gecko; compatible; bingbot/2.0; +http://www.bing.com/bingbot.htm) Chrome/103.0.5060.134 Safari/537.36"
::ffff:186.211.214.27 - - [15/Aug/2022:05:29:14 +0000] "GET / HTTP/1.1" 200 58071 "-" "Mozilla/5.0 (Windows NT 10.0; WOW64) AppleWebKit/537.36 (KHTML, like Gecko) Chrome/52.0.2743.116 Safari/537.36"
::ffff:40.77.167.106 - - [15/Aug/2022:05:30:08 +0000] "GET /robots.txt HTTP/1.1" 404 149 "-" "Mozilla/5.0 (compatible; bingbot/2.0; +http://www.bing.com/bingbot.htm)"
::ffff:207.46.13.46 - - [15/Aug/2022:05:30:14 +0000] "GET / HTTP/1.1" 200 58071 "-" "Mozilla/5.0 (compatible; bingbot/2.0; +http://www.bing.com/bingbot.htm)"
::ffff:45.133.158.12 - - [15/Aug/2022:05:37:39 +0000] "GET /.env HTTP/1.1" 404 143 "-" "Mozilla/5.0 (X11; Linux x86_64) AppleWebKit/537.36 (KHTML, like Gecko) Chrome/81.0.4044.129 Safari/537.36"
::ffff:45.133.158.12 - - [15/Aug/2022:05:37:40 +0000] "POST / HTTP/1.1" 404 140 "-" "Mozilla/5.0 (X11; Linux x86_64) AppleWebKit/537.36 (KHTML, like Gecko) Chrome/81.0.4044.129 Safari/537.36"
::ffff:120.224.157.8 - - [15/Aug/2022:05:41:24 +0000] "GET / HTTP/1.1" 200 58071 "-" "-"
::ffff:157.55.39.81 - - [15/Aug/2022:05:42:10 +0000] "GET /sdinforeg.php HTTP/1.1" 404 152 "-" "Mozilla/5.0 AppleWebKit/537.36 (KHTML, like Gecko; compatible; bingbot/2.0; +http://www.bing.com/bingbot.htm) Chrome/103.0.5060.134 Safari/537.36"
::ffff:157.55.39.81 - - [15/Aug/2022:05:53:11 +0000] "GET /sdinforeg.php HTTP/1.1" 404 152 "-" "Mozilla/5.0 (compatible; bingbot/2.0; +http://www.bing.com/bingbot.htm)"
::ffff:157.55.39.140 - - [15/Aug/2022:05:55:50 +0000] "GET /index.php HTTP/1.1" 404 148 "-" "Mozilla/5.0 (compatible; bingbot/2.0; +http://www.bing.com/bingbot.htm)"
::ffff:207.46.13.54 - - [15/Aug/2022:05:59:51 +0000] "GET /instructors.php HTTP/1.1" 404 154 "-" "Mozilla/5.0 (compatible; bingbot/2.0; +http://www.bing.com/bingbot.htm)"
::ffff:51.222.253.2 - - [15/Aug/2022:06:01:15 +0000] "GET /robots.txt HTTP/1.1" 404 149 "-" "Mozilla/5.0 (compatible; AhrefsBot/7.0; +http://ahrefs.com/robot/)"
::ffff:51.222.253.14 - - [15/Aug/2022:06:01:17 +0000] "GET /schools HTTP/1.1" 200 96626 "-" "Mozilla/5.0 (compatible; AhrefsBot/7.0; +http://ahrefs.com/robot/)"
::ffff:107.182.129.239 - - [15/Aug/2022:06:02:05 +0000] "POST /boaform/admin/formLogin HTTP/1.1" 404 163 "http://34.212.47.6:80/admin/login.asp" "Mozilla/5.0 (X11; Ubuntu; Linux x86_64; rv:71.0) Gecko/20100101 Firefox/71.0"
::ffff:167.94.138.44 - - [15/Aug/2022:06:02:29 +0000] "GET / HTTP/1.1" 200 58071 "-" "-"
::ffff:167.94.138.44 - - [15/Aug/2022:06:02:29 +0000] "GET / HTTP/1.1" 200 58071 "-" "Mozilla/5.0 (compatible; CensysInspect/1.1; +https://about.censys.io/)"
::ffff:167.94.138.44 - - [15/Aug/2022:06:02:29 +0000] "PRI * HTTP/2.0" - - "-" "-"
::ffff:185.254.196.115 - - [15/Aug/2022:06:03:17 +0000] "GET /.env HTTP/1.1" 404 143 "-" "Mozilla/5.0 (X11; Linux x86_64) AppleWebKit/537.36 (KHTML, like Gecko) Chrome/81.0.4044.129 Safari/537.36"
::ffff:185.254.196.115 - - [15/Aug/2022:06:03:22 +0000] "POST / HTTP/1.1" 404 140 "-" "Mozilla/5.0 (X11; Linux x86_64) AppleWebKit/537.36 (KHTML, like Gecko) Chrome/81.0.4044.129 Safari/537.36"
::ffff:157.55.39.140 - - [15/Aug/2022:06:09:53 +0000] "GET /index.php HTTP/1.1" 404 148 "-" "Mozilla/5.0 (compatible; bingbot/2.0; +http://www.bing.com/bingbot.htm)"
::ffff:74.208.2.225 - - [15/Aug/2022:06:11:15 +0000] "GET /robots.txt HTTP/1.1" 404 149 "-" "IonCrawl (https://www.ionos.de/terms-gtc/faq-crawler-en/)"
::ffff:74.208.2.225 - - [15/Aug/2022:06:13:52 +0000] "GET /sitemap.xml HTTP/1.1" 404 150 "-" "IonCrawl (https://www.ionos.de/terms-gtc/faq-crawler-en/)"
::ffff:74.208.2.225 - - [15/Aug/2022:06:13:54 +0000] "GET / HTTP/1.1" 200 58071 "-" "IonCrawl (https://www.ionos.de/terms-gtc/faq-crawler-en/)"
::ffff:74.208.2.225 - - [15/Aug/2022:06:13:55 +0000] "GET /wp-admin/admin-ajax.php HTTP/1.1" 404 162 "-" "IonCrawl (https://www.ionos.de/terms-gtc/faq-crawler-en/)"
::ffff:74.208.2.195 - - [15/Aug/2022:06:16:33 +0000] "GET /contact?s=1&ss=7 HTTP/1.1" 200 9997 "-" "IonCrawl (https://www.ionos.de/terms-gtc/faq-crawler-en/)"
::ffff:74.208.2.195 - - [15/Aug/2022:06:16:34 +0000] "GET /contact?s=1&ss=6 HTTP/1.1" 200 9997 "-" "IonCrawl (https://www.ionos.de/terms-gtc/faq-crawler-en/)"
::ffff:74.208.2.205 - - [15/Aug/2022:06:16:34 +0000] "GET /contact?s=1&ss=2 HTTP/1.1" 200 9997 "-" "IonCrawl (https://www.ionos.de/terms-gtc/faq-crawler-en/)"
::ffff:74.208.2.185 - - [15/Aug/2022:06:16:34 +0000] "GET /contact?s=1&ss=9 HTTP/1.1" 200 9997 "-" "IonCrawl (https://www.ionos.de/terms-gtc/faq-crawler-en/)"
::ffff:74.208.2.205 - - [15/Aug/2022:06:16:36 +0000] "GET /contact?s=1&ss=3 HTTP/1.1" 200 9997 "-" "IonCrawl (https://www.ionos.de/terms-gtc/faq-crawler-en/)"
::ffff:74.208.2.185 - - [15/Aug/2022:06:16:36 +0000] "GET /contact?s=1&ss=10 HTTP/1.1" 200 9997 "-" "IonCrawl (https://www.ionos.de/terms-gtc/faq-crawler-en/)"
::ffff:74.208.2.205 - - [15/Aug/2022:06:16:37 +0000] "GET /contact HTTP/1.1" 200 10017 "-" "IonCrawl (https://www.ionos.de/terms-gtc/faq-crawler-en/)"
::ffff:74.208.2.225 - - [15/Aug/2022:06:16:38 +0000] "GET /contact?s=1&ss=8 HTTP/1.1" 200 9997 "-" "IonCrawl (https://www.ionos.de/terms-gtc/faq-crawler-en/)"
::ffff:74.208.2.205 - - [15/Aug/2022:06:16:41 +0000] "GET /contact?s=1&ss=11 HTTP/1.1" 200 9997 "-" "IonCrawl (https://www.ionos.de/terms-gtc/faq-crawler-en/)"
::ffff:74.208.2.205 - - [15/Aug/2022:06:16:43 +0000] "GET /contact?s=1&ss=4 HTTP/1.1" 200 9997 "-" "IonCrawl (https://www.ionos.de/terms-gtc/faq-crawler-en/)"
::ffff:74.208.2.195 - - [15/Aug/2022:06:16:45 +0000] "GET /contact?s=1&ss=0 HTTP/1.1" 200 9997 "-" "IonCrawl (https://www.ionos.de/terms-gtc/faq-crawler-en/)"
::ffff:74.208.2.215 - - [15/Aug/2022:06:16:45 +0000] "GET /contact?s=1&ss=1 HTTP/1.1" 200 9997 "-" "IonCrawl (https://www.ionos.de/terms-gtc/faq-crawler-en/)"
::ffff:74.208.2.205 - - [15/Aug/2022:06:16:46 +0000] "GET /contact?s=1&ss=5 HTTP/1.1" 200 9997 "-" "IonCrawl (https://www.ionos.de/terms-gtc/faq-crawler-en/)"
::ffff:114.119.128.181 - - [15/Aug/2022:06:20:08 +0000] "GET /robots.txt HTTP/1.1" 404 149 "-" "Mozilla/5.0 (compatible;PetalBot;+https://webmaster.petalsearch.com/site/petalbot)"
::ffff:74.208.2.205 - - [15/Aug/2022:06:20:32 +0000] "GET /events HTTP/1.1" 200 8612 "-" "IonCrawl (https://www.ionos.de/terms-gtc/faq-crawler-en/)"
::ffff:74.208.2.215 - - [15/Aug/2022:06:20:38 +0000] "GET /resources HTTP/1.1" 200 194907 "-" "IonCrawl (https://www.ionos.de/terms-gtc/faq-crawler-en/)"
::ffff:74.208.2.185 - - [15/Aug/2022:06:20:43 +0000] "GET /schools HTTP/1.1" 200 96626 "-" "IonCrawl (https://www.ionos.de/terms-gtc/faq-crawler-en/)"
::ffff:135.125.246.110 - - [15/Aug/2022:06:34:39 +0000] "POST / HTTP/1.1" 404 140 "-" "Mozilla/5.0 (X11; Linux x86_64) AppleWebKit/537.36 (KHTML, like Gecko) Chrome/81.0.4044.129 Safari/537.36"
::ffff:135.125.246.110 - - [15/Aug/2022:06:34:39 +0000] "GET /.env HTTP/1.1" 404 143 "-" "Mozilla/5.0 (X11; Linux x86_64) AppleWebKit/537.36 (KHTML, like Gecko) Chrome/81.0.4044.129 Safari/537.36"
::ffff:157.55.39.81 - - [15/Aug/2022:06:36:45 +0000] "GET /style.html HTTP/1.1" 404 149 "-" "Mozilla/5.0 (compatible; bingbot/2.0; +http://www.bing.com/bingbot.htm)"
::ffff:193.56.29.140 - - [15/Aug/2022:06:38:01 +0000] "GET /.env HTTP/1.1" 404 143 "-" "Mozilla/5.0 (X11; Linux x86_64) AppleWebKit/537.36 (KHTML, like Gecko) Chrome/81.0.4044.129 Safari/537.36"
::ffff:193.56.29.140 - - [15/Aug/2022:06:38:01 +0000] "POST / HTTP/1.1" 404 140 "-" "Mozilla/5.0 (X11; Linux x86_64) AppleWebKit/537.36 (KHTML, like Gecko) Chrome/81.0.4044.129 Safari/537.36"
::ffff:74.208.2.185 - - [15/Aug/2022:06:39:32 +0000] "GET /joinemail?type=promotions HTTP/1.1" 200 8841 "-" "IonCrawl (https://www.ionos.de/terms-gtc/faq-crawler-en/)"
::ffff:74.208.2.205 - - [15/Aug/2022:06:39:33 +0000] "GET /joinemail?type=tournaments HTTP/1.1" 200 8829 "-" "IonCrawl (https://www.ionos.de/terms-gtc/faq-crawler-en/)"
::ffff:157.55.39.115 - - [15/Aug/2022:06:50:08 +0000] "GET /images/instructors/BobFeb2020.jpg HTTP/1.1" 404 172 "-" "Mozilla/5.0 (compatible; bingbot/2.0; +http://www.bing.com/bingbot.htm)"
::ffff:157.55.39.81 - - [15/Aug/2022:06:50:17 +0000] "GET /style.html HTTP/1.1" 404 149 "-" "Mozilla/5.0 (compatible; bingbot/2.0; +http://www.bing.com/bingbot.htm)"
::ffff:205.210.31.140 - - [15/Aug/2022:06:57:03 +0000] "GET / HTTP/1.1" 200 58071 "-" "Expanse, a Palo Alto Networks company, searches across the global IPv4 space multiple times per day to identify customers&#39; presences on the Internet. If you would like to be excluded from our scans, please send IP addresses/domains to: scaninfo@paloaltonetworks.com"
::ffff:40.88.21.235 - - [15/Aug/2022:07:07:57 +0000] "GET / HTTP/1.1" 200 58071 "http://wadokikai.org/" "Mozilla/5.0 (compatible; DuckDuckGo-Favicons-Bot/1.0; +http://duckduckgo.com)"
::ffff:40.88.21.235 - - [15/Aug/2022:07:07:57 +0000] "GET /images/favicon.ico HTTP/1.1" 200 3638 "http://wadokikai.org/images/favicon.ico" "Mozilla/5.0 (compatible; DuckDuckGo-Favicons-Bot/1.0; +http://duckduckgo.com)"
::ffff:185.254.196.115 - - [15/Aug/2022:07:35:18 +0000] "GET /.env HTTP/1.1" 404 143 "-" "Mozilla/5.0 (X11; Linux x86_64) AppleWebKit/537.36 (KHTML, like Gecko) Chrome/81.0.4044.129 Safari/537.36"
::ffff:185.254.196.115 - - [15/Aug/2022:07:35:18 +0000] "POST / HTTP/1.1" 404 140 "-" "Mozilla/5.0 (X11; Linux x86_64) AppleWebKit/537.36 (KHTML, like Gecko) Chrome/81.0.4044.129 Safari/537.36"
::ffff:157.55.39.81 - - [15/Aug/2022:07:43:22 +0000] "GET /sdinforeg.php HTTP/1.1" 404 152 "-" "Mozilla/5.0 (compatible; bingbot/2.0; +http://www.bing.com/bingbot.htm)"
::ffff:192.241.214.247 - - [15/Aug/2022:07:55:56 +0000] "GET /manager/html HTTP/1.1" 404 151 "-" "Mozilla/5.0 zgrab/0.x"
::ffff:157.55.39.81 - - [15/Aug/2022:07:57:54 +0000] "GET /sdinforeg.php HTTP/1.1" 404 152 "-" "Mozilla/5.0 (compatible; bingbot/2.0; +http://www.bing.com/bingbot.htm)"
::ffff:157.55.39.140 - - [15/Aug/2022:08:00:06 +0000] "GET /index.php HTTP/1.1" 404 148 "-" "Mozilla/5.0 (compatible; bingbot/2.0; +http://www.bing.com/bingbot.htm)"
::ffff:108.64.87.12 - - [15/Aug/2022:08:04:46 +0000] "GET /docs/Bushido-code.pdf HTTP/1.1" 200 691794 "-" "Dalvik/2.1.0 (Linux; U; Android 8.0.0; SM-G935V Build/R16NW)"
::ffff:74.82.47.31 - - [15/Aug/2022:08:09:44 +0000] "GET /favicon.ico HTTP/1.1" 404 150 "-" "Mozilla/5.0 (Windows NT 10.0; Win64; x64) AppleWebKit/537.36 (KHTML, like Gecko) Chrome/92.0.4515.131 Safari/537.36"
::ffff:135.125.246.110 - - [15/Aug/2022:08:09:46 +0000] "POST / HTTP/1.1" 404 140 "-" "Mozilla/5.0 (X11; Linux x86_64) AppleWebKit/537.36 (KHTML, like Gecko) Chrome/81.0.4044.129 Safari/537.36"
::ffff:135.125.246.110 - - [15/Aug/2022:08:09:47 +0000] "GET /.env HTTP/1.1" 404 143 "-" "Mozilla/5.0 (X11; Linux x86_64) AppleWebKit/537.36 (KHTML, like Gecko) Chrome/81.0.4044.129 Safari/537.36"
::ffff:157.55.39.140 - - [15/Aug/2022:08:10:08 +0000] "GET /index.php HTTP/1.1" 404 148 "-" "Mozilla/5.0 (compatible; bingbot/2.0; +http://www.bing.com/bingbot.htm)"
::ffff:51.222.253.3 - - [15/Aug/2022:08:14:00 +0000] "GET / HTTP/1.1" 200 58071 "-" "Mozilla/5.0 (compatible; AhrefsBot/7.0; +http://ahrefs.com/robot/)"
::ffff:66.249.64.73 - - [15/Aug/2022:08:27:06 +0000] "GET /ads.txt HTTP/1.1" 404 146 "-" "Mozilla/5.0 (compatible; Googlebot/2.1; +http://www.google.com/bot.html)"
::ffff:66.249.70.55 - - [15/Aug/2022:08:27:06 +0000] "GET /robots.txt HTTP/1.1" 404 149 "-" "Mozilla/5.0 (compatible; Googlebot/2.1; +http://www.google.com/bot.html)"
::ffff:66.249.70.53 - - [15/Aug/2022:08:27:06 +0000] "GET /ads.txt HTTP/1.1" 404 146 "-" "Mozilla/5.0 (compatible; Googlebot/2.1; +http://www.google.com/bot.html)"
::ffff:157.55.39.81 - - [15/Aug/2022:08:29:56 +0000] "GET /images/Promo-20220522-Group-Photo.jpg HTTP/1.1" 404 176 "-" "Mozilla/5.0 (compatible; bingbot/2.0; +http://www.bing.com/bingbot.htm)"
::ffff:157.55.39.81 - - [15/Aug/2022:08:40:27 +0000] "GET /style.html HTTP/1.1" 404 149 "-" "Mozilla/5.0 (compatible; bingbot/2.0; +http://www.bing.com/bingbot.htm)"
::ffff:83.68.241.117 - - [15/Aug/2022:08:47:45 +0000] "GET / HTTP/1.1" 200 58071 "-" "Mozilla/5.0 (Windows NT 10.0; WOW64) AppleWebKit/537.36 (KHTML, like Gecko) Chrome/51.0.2704.103 Safari/537.36"
::ffff:51.222.253.11 - - [15/Aug/2022:08:50:41 +0000] "GET /robots.txt HTTP/1.1" 404 149 "-" "Mozilla/5.0 (compatible; AhrefsBot/7.0; +http://ahrefs.com/robot/)"
::ffff:51.222.253.1 - - [15/Aug/2022:08:50:42 +0000] "GET / HTTP/1.1" 200 58071 "-" "Mozilla/5.0 (compatible; AhrefsBot/7.0; +http://ahrefs.com/robot/)"
::ffff:157.55.39.81 - - [15/Aug/2022:08:54:29 +0000] "GET /style.html HTTP/1.1" 404 149 "-" "Mozilla/5.0 (compatible; bingbot/2.0; +http://www.bing.com/bingbot.htm)"
::ffff:185.254.196.115 - - [15/Aug/2022:09:08:28 +0000] "GET /.env HTTP/1.1" 404 143 "-" "Mozilla/5.0 (X11; Linux x86_64) AppleWebKit/537.36 (KHTML, like Gecko) Chrome/81.0.4044.129 Safari/537.36"
::ffff:185.254.196.115 - - [15/Aug/2022:09:08:28 +0000] "POST / HTTP/1.1" 404 140 "-" "Mozilla/5.0 (X11; Linux x86_64) AppleWebKit/537.36 (KHTML, like Gecko) Chrome/81.0.4044.129 Safari/537.36"
::ffff:157.55.39.81 - - [15/Aug/2022:09:09:40 +0000] "GET /images/schools/martinezkaratedomap.jpg HTTP/1.1" 200 37724 "-" "Mozilla/5.0 (compatible; bingbot/2.0; +http://www.bing.com/bingbot.htm)"
::ffff:50.19.141.39 - - [15/Aug/2022:09:15:22 +0000] "GET /.git/config HTTP/1.1" 404 150 "-" "python-requests/2.25.1"
::ffff:115.98.214.171 - - [15/Aug/2022:09:38:02 +0000] "GET /boaform/admin/formLogin?username=adminisp&psd=adminisp HTTP/1.0" 404 162 "-" "-"
::ffff:135.125.246.110 - - [15/Aug/2022:09:39:46 +0000] "POST / HTTP/1.1" 404 140 "-" "Mozilla/5.0 (X11; Linux x86_64) AppleWebKit/537.36 (KHTML, like Gecko) Chrome/81.0.4044.129 Safari/537.36"
::ffff:135.125.246.110 - - [15/Aug/2022:09:39:46 +0000] "GET /.env HTTP/1.1" 404 143 "-" "Mozilla/5.0 (X11; Linux x86_64) AppleWebKit/537.36 (KHTML, like Gecko) Chrome/81.0.4044.129 Safari/537.36"
::ffff:177.67.12.68 - - [15/Aug/2022:09:41:52 +0000] "GET / HTTP/1.1" 200 58071 "-" "Mozilla/5.0 (Macintosh; Intel Mac OS X 10_11_6) AppleWebKit/601.7.7 (KHTML, like Gecko) Version/9.1.2 Safari/601.7.7"
::ffff:157.55.39.81 - - [15/Aug/2022:09:48:04 +0000] "GET /sdinforeg.php HTTP/1.1" 404 152 "-" "Mozilla/5.0 (compatible; bingbot/2.0; +http://www.bing.com/bingbot.htm)"
::ffff:66.249.66.26 - - [15/Aug/2022:09:56:14 +0000] "GET /robots.txt HTTP/1.1" 404 149 "-" "Mozilla/5.0 (compatible; Googlebot/2.1; +http://www.google.com/bot.html)"
::ffff:66.249.66.28 - - [15/Aug/2022:09:56:14 +0000] "GET /images/instructors/JohnPWKK.jpg HTTP/1.1" 200 7574 "-" "Googlebot-Image/1.0"
::ffff:157.55.39.81 - - [15/Aug/2022:09:59:05 +0000] "GET /sdinforeg.php HTTP/1.1" 404 152 "-" "Mozilla/5.0 (compatible; bingbot/2.0; +http://www.bing.com/bingbot.htm)"
::ffff:157.55.39.140 - - [15/Aug/2022:10:00:19 +0000] "GET /index.php HTTP/1.1" 404 148 "-" "Mozilla/5.0 (compatible; bingbot/2.0; +http://www.bing.com/bingbot.htm)"
::ffff:157.55.39.140 - - [15/Aug/2022:10:12:21 +0000] "GET /index.php HTTP/1.1" 404 148 "-" "Mozilla/5.0 (compatible; bingbot/2.0; +http://www.bing.com/bingbot.htm)"
::ffff:54.145.40.26 - - [15/Aug/2022:10:17:56 +0000] "GET /.git/config HTTP/1.1" 404 150 "-" "python-requests/2.25.1"
::ffff:185.254.196.115 - - [15/Aug/2022:10:39:09 +0000] "GET /.env HTTP/1.1" 404 143 "-" "Mozilla/5.0 (X11; Linux x86_64) AppleWebKit/537.36 (KHTML, like Gecko) Chrome/81.0.4044.129 Safari/537.36"
::ffff:185.254.196.115 - - [15/Aug/2022:10:39:10 +0000] "POST / HTTP/1.1" 404 140 "-" "Mozilla/5.0 (X11; Linux x86_64) AppleWebKit/537.36 (KHTML, like Gecko) Chrome/81.0.4044.129 Safari/537.36"
::ffff:157.55.39.81 - - [15/Aug/2022:10:44:39 +0000] "GET /style.html HTTP/1.1" 404 149 "-" "Mozilla/5.0 (compatible; bingbot/2.0; +http://www.bing.com/bingbot.htm)"
::ffff:157.55.39.81 - - [15/Aug/2022:10:58:41 +0000] "GET /style.html HTTP/1.1" 404 149 "-" "Mozilla/5.0 (compatible; bingbot/2.0; +http://www.bing.com/bingbot.htm)"
::ffff:14.153.202.234 - - [15/Aug/2022:11:01:59 +0000] "GET /boaform/admin/formLogin?username=user&psd=user HTTP/1.0" 404 162 "-" "-"
::ffff:135.125.246.110 - - [15/Aug/2022:11:09:06 +0000] "POST / HTTP/1.1" 404 140 "-" "Mozilla/5.0 (X11; Linux x86_64) AppleWebKit/537.36 (KHTML, like Gecko) Chrome/81.0.4044.129 Safari/537.36"
::ffff:135.125.246.110 - - [15/Aug/2022:11:09:06 +0000] "GET /.env HTTP/1.1" 404 143 "-" "Mozilla/5.0 (X11; Linux x86_64) AppleWebKit/537.36 (KHTML, like Gecko) Chrome/81.0.4044.129 Safari/537.36"
::ffff:66.249.79.174 - - [15/Aug/2022:11:35:14 +0000] "GET /joinemail?type=tournaments HTTP/1.1" 200 8829 "-" "Mozilla/5.0 (Linux; Android 6.0.1; Nexus 5X Build/MMB29P) AppleWebKit/537.36 (KHTML, like Gecko) Chrome/104.0.5112.79 Mobile Safari/537.36 (compatible; Googlebot/2.1; +http://www.google.com/bot.html)"
::ffff:179.49.191.71 - - [15/Aug/2022:11:41:27 +0000] "GET / HTTP/1.1" 200 58071 "-" "Mozilla/5.0 (Windows NT 6.1; WOW64) AppleWebKit/537.36 (KHTML, like Gecko) Chrome/52.0.2743.116 Safari/537.36"
::ffff:80.94.92.52 - - [15/Aug/2022:11:45:28 +0000] "GET / HTTP/1.1" 200 58071 "-" "Mozilla/5.0 (compatible, MSIE 10.0, Windows NT, DigExt)"
::ffff:157.55.39.81 - - [15/Aug/2022:11:49:16 +0000] "GET /sdinforeg.php HTTP/1.1" 404 152 "-" "Mozilla/5.0 (compatible; bingbot/2.0; +http://www.bing.com/bingbot.htm)"
::ffff:208.67.107.247 - - [15/Aug/2022:11:59:55 +0000] "POST /boaform/admin/formLogin HTTP/1.1" 404 163 "http://34.212.47.6:80/admin/login.asp" "Mozilla/5.0 (X11; Ubuntu; Linux x86_64; rv:71.0) Gecko/20100101 Firefox/71.0"
::ffff:157.55.39.81 - - [15/Aug/2022:11:59:57 +0000] "GET /sdinforeg.php HTTP/1.1" 404 152 "-" "Mozilla/5.0 (compatible; bingbot/2.0; +http://www.bing.com/bingbot.htm)"
::ffff:207.46.13.232 - - [15/Aug/2022:12:02:30 +0000] "GET /robots.txt HTTP/1.1" 404 149 "-" "Mozilla/5.0 AppleWebKit/537.36 (KHTML, like Gecko; compatible; bingbot/2.0; +http://www.bing.com/bingbot.htm) Chrome/103.0.5060.134 Safari/537.36"
::ffff:157.55.39.140 - - [15/Aug/2022:12:02:31 +0000] "GET /index.php HTTP/1.1" 404 148 "-" "Mozilla/5.0 (compatible; bingbot/2.0; +http://www.bing.com/bingbot.htm)"
::ffff:185.254.196.115 - - [15/Aug/2022:12:04:49 +0000] "GET /.env HTTP/1.1" 404 143 "-" "Mozilla/5.0 (X11; Linux x86_64) AppleWebKit/537.36 (KHTML, like Gecko) Chrome/81.0.4044.129 Safari/537.36"
::ffff:185.254.196.115 - - [15/Aug/2022:12:04:50 +0000] "POST / HTTP/1.1" 404 140 "-" "Mozilla/5.0 (X11; Linux x86_64) AppleWebKit/537.36 (KHTML, like Gecko) Chrome/81.0.4044.129 Safari/537.36"
::ffff:157.55.39.140 - - [15/Aug/2022:12:12:23 +0000] "GET /index.php HTTP/1.1" 404 148 "-" "Mozilla/5.0 (compatible; bingbot/2.0; +http://www.bing.com/bingbot.htm)"
::ffff:66.249.79.176 - - [15/Aug/2022:12:16:16 +0000] "GET /images/favicon.ico HTTP/1.1" 304 - "-" "Googlebot-Image/1.0"
::ffff:66.249.79.227 - - [15/Aug/2022:12:20:14 +0000] "GET / HTTP/1.1" 200 58071 "-" "Mozilla/5.0 (compatible; Googlebot/2.1; +http://www.google.com/bot.html)"
::ffff:66.249.79.227 - - [15/Aug/2022:12:20:18 +0000] "GET /css/wadokikai.css HTTP/1.1" 200 4337 "http://wadokikai.net/" "Mozilla/5.0 AppleWebKit/537.36 (KHTML, like Gecko; compatible; Googlebot/2.1; +http://www.google.com/bot.html) Chrome/104.0.5112.79 Safari/537.36"
::ffff:103.209.252.101 - - [15/Aug/2022:12:20:26 +0000] "GET /wsu.php HTTP/1.1" 404 146 "-" "python-requests/2.27.1"
::ffff:135.125.246.110 - - [15/Aug/2022:12:25:14 +0000] "POST / HTTP/1.1" 404 140 "-" "Mozilla/5.0 (X11; Linux x86_64) AppleWebKit/537.36 (KHTML, like Gecko) Chrome/81.0.4044.129 Safari/537.36"
::ffff:135.125.246.110 - - [15/Aug/2022:12:25:15 +0000] "GET /.env HTTP/1.1" 404 143 "-" "Mozilla/5.0 (X11; Linux x86_64) AppleWebKit/537.36 (KHTML, like Gecko) Chrome/81.0.4044.129 Safari/537.36"
::ffff:66.249.79.176 - - [15/Aug/2022:12:27:20 +0000] "GET /images/instructors/clarkb.jpeg HTTP/1.1" 200 12183 "-" "Googlebot-Image/1.0"
::ffff:207.46.13.67 - - [15/Aug/2022:12:27:31 +0000] "GET / HTTP/1.1" 200 58071 "-" "Mozilla/5.0 (compatible; bingbot/2.0; +http://www.bing.com/bingbot.htm)"
::ffff:114.119.135.193 - - [15/Aug/2022:12:33:15 +0000] "GET /contact?s=1&ss=0 HTTP/1.1" 200 9997 "http://www.wadokikai.net/" "Mozilla/5.0 (Linux; Android 7.0;) AppleWebKit/537.36 (KHTML, like Gecko) Mobile Safari/537.36 (compatible; PetalBot;+https://webmaster.petalsearch.com/site/petalbot)"
::ffff:114.119.135.186 - - [15/Aug/2022:12:41:30 +0000] "GET /resources HTTP/1.1" 200 194907 "http://www.wadokikai.net/contact?s=1&ss=3" "Mozilla/5.0 (Linux; Android 7.0;) AppleWebKit/537.36 (KHTML, like Gecko) Mobile Safari/537.36 (compatible; PetalBot;+https://webmaster.petalsearch.com/site/petalbot)"
::ffff:46.0.132.47 - - [15/Aug/2022:12:47:11 +0000] "GET / HTTP/1.1" 200 58071 "-" "Mozilla/5.0 (Windows NT 10.0; WOW64) AppleWebKit/537.36 (KHTML, like Gecko) Chrome/51.0.2704.103 Safari/537.36"
::ffff:207.46.13.232 - - [15/Aug/2022:12:48:45 +0000] "GET /robots.txt HTTP/1.1" 404 149 "-" "Mozilla/5.0 (compatible; bingbot/2.0; +http://www.bing.com/bingbot.htm)"
::ffff:157.55.39.81 - - [15/Aug/2022:12:48:51 +0000] "GET /style.html HTTP/1.1" 404 149 "-" "Mozilla/5.0 (compatible; bingbot/2.0; +http://www.bing.com/bingbot.htm)"
::ffff:66.249.79.172 - - [15/Aug/2022:13:05:14 +0000] "GET /events HTTP/1.1" 200 8612 "-" "Mozilla/5.0 (Linux; Android 6.0.1; Nexus 5X Build/MMB29P) AppleWebKit/537.36 (KHTML, like Gecko) Chrome/104.0.5112.79 Mobile Safari/537.36 (compatible; Googlebot/2.1; +http://www.google.com/bot.html)"
::ffff:208.67.107.247 - - [15/Aug/2022:13:12:28 +0000] "POST /boaform/admin/formLogin HTTP/1.1" 404 163 "http://34.212.47.6:80/admin/login.asp" "Mozilla/5.0 (X11; Ubuntu; Linux x86_64; rv:71.0) Gecko/20100101 Firefox/71.0"
::ffff:207.46.13.54 - - [15/Aug/2022:13:12:33 +0000] "GET /style HTTP/1.1" 404 144 "-" "Mozilla/5.0 (compatible; bingbot/2.0; +http://www.bing.com/bingbot.htm)"
::ffff:89.248.171.23 - - [15/Aug/2022:13:15:32 +0000] "GET /css/wadokikai.css HTTP/1.1" 200 4337 "http://34.212.47.6/" "Mozilla/5.0 (Windows NT 10.0; Win64; x64) AppleWebKit/537.36 (KHTML, like Gecko) Chrome/104.0.0.0 Safari/537.36"
::ffff:89.248.171.23 - - [15/Aug/2022:13:15:32 +0000] "GET /images/wkkpatch22_med.png HTTP/1.1" 200 32301 "http://34.212.47.6/" "Mozilla/5.0 (Windows NT 10.0; Win64; x64) AppleWebKit/537.36 (KHTML, like Gecko) Chrome/104.0.0.0 Safari/537.36"
::ffff:89.248.171.23 - - [15/Aug/2022:13:15:32 +0000] "GET /images/schools/alamedakaratedomap.jpg HTTP/1.1" 200 38311 "http://34.212.47.6/" "Mozilla/5.0 (Windows NT 10.0; Win64; x64) AppleWebKit/537.36 (KHTML, like Gecko) Chrome/104.0.0.0 Safari/537.36"
::ffff:89.248.171.23 - - [15/Aug/2022:13:15:32 +0000] "GET / HTTP/1.1" 200 58071 "-" "Mozilla/5.0 (Windows NT 10.0; Win64; x64) AppleWebKit/537.36 (KHTML, like Gecko) Chrome/104.0.0.0 Safari/537.36"
::ffff:89.248.171.23 - - [15/Aug/2022:13:15:32 +0000] "GET /images/schools/orindakaratedomap.jpg HTTP/1.1" 200 34167 "http://34.212.47.6/" "Mozilla/5.0 (Windows NT 10.0; Win64; x64) AppleWebKit/537.36 (KHTML, like Gecko) Chrome/104.0.0.0 Safari/537.36"
::ffff:89.248.171.23 - - [15/Aug/2022:13:15:32 +0000] "GET /images/schools/dcakaratedomap.jpg HTTP/1.1" 200 35262 "http://34.212.47.6/" "Mozilla/5.0 (Windows NT 10.0; Win64; x64) AppleWebKit/537.36 (KHTML, like Gecko) Chrome/104.0.0.0 Safari/537.36"
::ffff:89.248.171.23 - - [15/Aug/2022:13:15:32 +0000] "GET /images/promotions/20220728corpuz.jpg HTTP/1.1" 200 108218 "http://34.212.47.6/" "Mozilla/5.0 (Windows NT 10.0; Win64; x64) AppleWebKit/537.36 (KHTML, like Gecko) Chrome/104.0.0.0 Safari/537.36"
::ffff:89.248.171.23 - - [15/Aug/2022:13:15:32 +0000] "GET /js/common.js HTTP/1.1" 200 2255 "http://34.212.47.6/" "Mozilla/5.0 (Windows NT 10.0; Win64; x64) AppleWebKit/537.36 (KHTML, like Gecko) Chrome/104.0.0.0 Safari/537.36"
::ffff:89.248.171.23 - - [15/Aug/2022:13:15:32 +0000] "GET /images/marin5thDan.jpeg HTTP/1.1" 200 105451 "http://34.212.47.6/" "Mozilla/5.0 (Windows NT 10.0; Win64; x64) AppleWebKit/537.36 (KHTML, like Gecko) Chrome/104.0.0.0 Safari/537.36"
::ffff:89.248.171.23 - - [15/Aug/2022:13:15:32 +0000] "GET /images/schools/harborbaykaratedomap.jpg HTTP/1.1" 200 37245 "http://34.212.47.6/" "Mozilla/5.0 (Windows NT 10.0; Win64; x64) AppleWebKit/537.36 (KHTML, like Gecko) Chrome/104.0.0.0 Safari/537.36"
::ffff:89.248.171.23 - - [15/Aug/2022:13:15:32 +0000] "GET /images/schools/corpuzkaratedomap.jpg HTTP/1.1" 200 36421 "http://34.212.47.6/" "Mozilla/5.0 (Windows NT 10.0; Win64; x64) AppleWebKit/537.36 (KHTML, like Gecko) Chrome/104.0.0.0 Safari/537.36"
::ffff:89.248.171.23 - - [15/Aug/2022:13:15:32 +0000] "GET /images/schools/nunleykaratedomap.jpg HTTP/1.1" 200 42667 "http://34.212.47.6/" "Mozilla/5.0 (Windows NT 10.0; Win64; x64) AppleWebKit/537.36 (KHTML, like Gecko) Chrome/104.0.0.0 Safari/537.36"
::ffff:89.248.171.23 - - [15/Aug/2022:13:15:32 +0000] "GET /images/schools/marinkaratedomap.jpg HTTP/1.1" 200 32400 "http://34.212.47.6/" "Mozilla/5.0 (Windows NT 10.0; Win64; x64) AppleWebKit/537.36 (KHTML, like Gecko) Chrome/104.0.0.0 Safari/537.36"
::ffff:89.248.171.23 - - [15/Aug/2022:13:15:33 +0000] "GET /images/schools/martinezkaratedomap.jpg HTTP/1.1" 200 37724 "http://34.212.47.6/" "Mozilla/5.0 (Windows NT 10.0; Win64; x64) AppleWebKit/537.36 (KHTML, like Gecko) Chrome/104.0.0.0 Safari/537.36"
::ffff:89.248.171.23 - - [15/Aug/2022:13:15:33 +0000] "GET /images/schools/earhartkaratedomap.jpg HTTP/1.1" 200 41366 "http://34.212.47.6/" "Mozilla/5.0 (Windows NT 10.0; Win64; x64) AppleWebKit/537.36 (KHTML, like Gecko) Chrome/104.0.0.0 Safari/537.36"
::ffff:89.248.171.23 - - [15/Aug/2022:13:15:33 +0000] "GET /images/schools/manzanitakaratedomap.jpg HTTP/1.1" 200 55402 "http://34.212.47.6/" "Mozilla/5.0 (Windows NT 10.0; Win64; x64) AppleWebKit/537.36 (KHTML, like Gecko) Chrome/104.0.0.0 Safari/537.36"
::ffff:89.248.171.23 - - [15/Aug/2022:13:15:33 +0000] "GET /images/dragon-trans.png HTTP/1.1" 200 85661 "http://34.212.47.6/" "Mozilla/5.0 (Windows NT 10.0; Win64; x64) AppleWebKit/537.36 (KHTML, like Gecko) Chrome/104.0.0.0 Safari/537.36"
::ffff:89.248.171.23 - - [15/Aug/2022:13:15:37 +0000] "GET /images/tiger.bmp HTTP/1.1" 200 311274 "http://34.212.47.6/" "Mozilla/5.0 (Windows NT 10.0; Win64; x64) AppleWebKit/537.36 (KHTML, like Gecko) Chrome/104.0.0.0 Safari/537.36"
::ffff:89.248.171.23 - - [15/Aug/2022:13:15:39 +0000] "GET /images/wadokikai%20kanji.jpg HTTP/1.1" 200 35066 "http://34.212.47.6/" "Mozilla/5.0 (Windows NT 10.0; Win64; x64) AppleWebKit/537.36 (KHTML, like Gecko) Chrome/104.0.0.0 Safari/537.36"
::ffff:89.248.171.23 - - [15/Aug/2022:13:15:43 +0000] "GET /images/dragon-trans.png HTTP/1.1" 200 85661 "http://34.212.47.6/" "Mozilla/5.0 (Windows NT 10.0; Win64; x64) AppleWebKit/537.36 (KHTML, like Gecko) Chrome/104.0.0.0 Safari/537.36"
::ffff:93.174.93.114 - - [15/Aug/2022:13:15:44 +0000] "GET /images/favicon.ico HTTP/1.1" 200 3638 "http://34.212.47.6/" "Mozilla/5.0 (Windows NT 10.0; Win64; x64) AppleWebKit/537.36 (KHTML, like Gecko) Chrome/104.0.0.0 Safari/537.36"
::ffff:157.55.39.160 - - [15/Aug/2022:13:22:22 +0000] "GET /images/igpic.webp HTTP/1.1" 200 1328 "-" "Mozilla/5.0 (compatible; bingbot/2.0; +http://www.bing.com/bingbot.htm)"
::ffff:40.88.21.235 - - [15/Aug/2022:13:23:07 +0000] "GET / HTTP/1.1" 200 58071 "http://wadokikai.net/" "Mozilla/5.0 (compatible; DuckDuckGo-Favicons-Bot/1.0; +http://duckduckgo.com)"
::ffff:40.88.21.235 - - [15/Aug/2022:13:23:07 +0000] "GET /images/favicon.ico HTTP/1.1" 200 3638 "http://wadokikai.net/images/favicon.ico" "Mozilla/5.0 (compatible; DuckDuckGo-Favicons-Bot/1.0; +http://duckduckgo.com)"
::ffff:194.38.20.161 - - [15/Aug/2022:13:23:11 +0000] "GET /wp-content/plugins/formcraft/file-upload/server/php/index.php?file=tf2rghf.jpg HTTP/1.1" 404 200 "-" "ALittle Client"
::ffff:185.254.196.115 - - [15/Aug/2022:13:34:09 +0000] "GET /.env HTTP/1.1" 404 143 "-" "Mozilla/5.0 (X11; Linux x86_64) AppleWebKit/537.36 (KHTML, like Gecko) Chrome/81.0.4044.129 Safari/537.36"
::ffff:185.254.196.115 - - [15/Aug/2022:13:34:09 +0000] "POST / HTTP/1.1" 404 140 "-" "Mozilla/5.0 (X11; Linux x86_64) AppleWebKit/537.36 (KHTML, like Gecko) Chrome/81.0.4044.129 Safari/537.36"
::ffff:135.125.246.110 - - [15/Aug/2022:13:36:50 +0000] "POST / HTTP/1.1" 404 140 "-" "Mozilla/5.0 (X11; Linux x86_64) AppleWebKit/537.36 (KHTML, like Gecko) Chrome/81.0.4044.129 Safari/537.36"
::ffff:135.125.246.110 - - [15/Aug/2022:13:36:50 +0000] "GET /.env HTTP/1.1" 404 143 "-" "Mozilla/5.0 (X11; Linux x86_64) AppleWebKit/537.36 (KHTML, like Gecko) Chrome/81.0.4044.129 Safari/537.36"
::ffff:114.119.152.12 - - [15/Aug/2022:13:41:23 +0000] "GET /contact?s=1&ss=11 HTTP/1.1" 200 9997 "http://www.wadokikai.org/" "Mozilla/5.0 (Linux; Android 7.0;) AppleWebKit/537.36 (KHTML, like Gecko) Mobile Safari/537.36 (compatible; PetalBot;+https://webmaster.petalsearch.com/site/petalbot)"
::ffff:66.249.79.174 - - [15/Aug/2022:13:50:14 +0000] "GET /events HTTP/1.1" 200 8612 "-" "Mozilla/5.0 (compatible; Googlebot/2.1; +http://www.google.com/bot.html)"
::ffff:49.12.131.247 - - [15/Aug/2022:13:50:15 +0000] "GET /robots.txt HTTP/1.1" 404 149 "-" "Mozilla/5.0 (compatible; BLEXBot/1.0; +http://webmeup-crawler.com/)"
::ffff:49.12.131.247 - - [15/Aug/2022:13:50:18 +0000] "GET /sitemap HTTP/1.1" 404 146 "-" "Mozilla/5.0 (compatible; BLEXBot/1.0; +http://webmeup-crawler.com/)"
::ffff:49.12.131.247 - - [15/Aug/2022:13:50:21 +0000] "GET /sitemap.txt HTTP/1.1" 404 150 "-" "Mozilla/5.0 (compatible; BLEXBot/1.0; +http://webmeup-crawler.com/)"
::ffff:157.55.39.81 - - [15/Aug/2022:13:50:27 +0000] "GET /sdinforeg.php HTTP/1.1" 404 152 "-" "Mozilla/5.0 (compatible; bingbot/2.0; +http://www.bing.com/bingbot.htm)"
::ffff:164.92.159.155 - - [15/Aug/2022:13:58:18 +0000] "GET / HTTP/1.0" 200 58071 "-" "-"
::ffff:157.55.39.140 - - [15/Aug/2022:14:02:35 +0000] "GET /index.php HTTP/1.1" 404 148 "-" "Mozilla/5.0 (compatible; bingbot/2.0; +http://www.bing.com/bingbot.htm)"
::ffff:157.55.39.81 - - [15/Aug/2022:14:04:09 +0000] "GET /sdinforeg.php HTTP/1.1" 404 152 "-" "Mozilla/5.0 (compatible; bingbot/2.0; +http://www.bing.com/bingbot.htm)"
::ffff:45.140.141.234 - - [15/Aug/2022:14:07:25 +0000] "GET / HTTP/1.1" 200 58071 "-" "Linux Gnu (cow)"
::ffff:157.55.39.140 - - [15/Aug/2022:14:16:37 +0000] "GET /index.php HTTP/1.1" 404 148 "-" "Mozilla/5.0 (compatible; bingbot/2.0; +http://www.bing.com/bingbot.htm)"
::ffff:54.212.202.149 - - [15/Aug/2022:14:28:39 +0000] "GET / HTTP/1.1" 200 58071 "-" "Mozilla/5.0 (X11; Linux x86_64) AppleWebKit/537.36 (KHTML, like Gecko) Chrome/83.0.4103.97 Safari/537.36"
::ffff:34.209.67.28 - - [15/Aug/2022:14:29:15 +0000] "GET /favicon.ico HTTP/1.1" 404 150 "-" "Mozilla/5.0 (X11; Linux x86_64) AppleWebKit/537.36 (KHTML, like Gecko) Chrome/83.0.4103.97 Safari/537.36"
::ffff:34.209.67.28 - - [15/Aug/2022:14:29:17 +0000] "GET / HTTP/1.1" 200 58071 "-" "Mozilla/5.0 (X11; Linux x86_64) AppleWebKit/537.36 (KHTML, like Gecko) Chrome/83.0.4103.97 Safari/537.36"
::ffff:135.125.246.110 - - [15/Aug/2022:14:36:58 +0000] "POST / HTTP/1.1" 404 140 "-" "Mozilla/5.0 (X11; Linux x86_64) AppleWebKit/537.36 (KHTML, like Gecko) Chrome/81.0.4044.129 Safari/537.36"
::ffff:135.125.246.110 - - [15/Aug/2022:14:36:58 +0000] "GET /.env HTTP/1.1" 404 143 "-" "Mozilla/5.0 (X11; Linux x86_64) AppleWebKit/537.36 (KHTML, like Gecko) Chrome/81.0.4044.129 Safari/537.36"
::ffff:185.191.171.23 - - [15/Aug/2022:14:43:09 +0000] "GET /robots.txt HTTP/1.1" 404 149 "-" "Mozilla/5.0 (compatible; SemrushBot/7~bl; +http://www.semrush.com/bot.html)"
::ffff:185.191.171.45 - - [15/Aug/2022:14:43:10 +0000] "GET /events.html HTTP/1.1" 404 150 "-" "Mozilla/5.0 (compatible; SemrushBot/7~bl; +http://www.semrush.com/bot.html)"
::ffff:104.37.168.43 - - [15/Aug/2022:14:46:12 +0000] "GET / HTTP/1.1" 200 58071 "-" "python-requests/2.22.0"
::ffff:104.37.168.43 - - [15/Aug/2022:14:46:13 +0000] "GET / HTTP/1.1" 200 58071 "-" "python-requests/2.22.0"
::ffff:157.55.39.115 - - [15/Aug/2022:14:51:06 +0000] "GET /images/schools/harborbaykaratedomap.jpg HTTP/1.1" 200 37245 "-" "Mozilla/5.0 (compatible; bingbot/2.0; +http://www.bing.com/bingbot.htm)"
::ffff:185.254.196.115 - - [15/Aug/2022:15:06:04 +0000] "GET /.env HTTP/1.1" 404 143 "-" "Mozilla/5.0 (X11; Linux x86_64) AppleWebKit/537.36 (KHTML, like Gecko) Chrome/81.0.4044.129 Safari/537.36"
::ffff:185.254.196.115 - - [15/Aug/2022:15:06:04 +0000] "POST / HTTP/1.1" 404 140 "-" "Mozilla/5.0 (X11; Linux x86_64) AppleWebKit/537.36 (KHTML, like Gecko) Chrome/81.0.4044.129 Safari/537.36"
::ffff:135.125.246.110 - - [15/Aug/2022:15:31:16 +0000] "POST / HTTP/1.1" 404 140 "-" "Mozilla/5.0 (X11; Linux x86_64) AppleWebKit/537.36 (KHTML, like Gecko) Chrome/81.0.4044.129 Safari/537.36"
::ffff:135.125.246.110 - - [15/Aug/2022:15:31:16 +0000] "GET /.env HTTP/1.1" 404 143 "-" "Mozilla/5.0 (X11; Linux x86_64) AppleWebKit/537.36 (KHTML, like Gecko) Chrome/81.0.4044.129 Safari/537.36"
::ffff:169.199.80.102 - - [15/Aug/2022:15:37:22 +0000] "GET /images/dragon-trans.png HTTP/1.1" 304 - "http://www.wadokikai.net/" "Mozilla/5.0 (X11; CrOS x86_64 14816.99.0) AppleWebKit/537.36 (KHTML, like Gecko) Chrome/103.0.0.0 Safari/537.36"
::ffff:23.100.232.233 - - [15/Aug/2022:15:38:18 +0000] "GET /overview.html HTTP/1.1" 404 152 "-" "Mozilla/5.0 (compatible; MSIE 9.0; Windows NT 6.0; Trident/5.0;  Trident/5.0)"
::ffff:169.199.80.102 - - [15/Aug/2022:15:39:20 +0000] "GET /images/tiger.bmp HTTP/1.1" 200 311274 "http://www.wadokikai.net/" "Mozilla/5.0 (X11; CrOS x86_64 14816.99.0) AppleWebKit/537.36 (KHTML, like Gecko) Chrome/103.0.0.0 Safari/537.36"
::ffff:169.199.80.102 - - [15/Aug/2022:15:40:57 +0000] "GET /images/wadokikai%20kanji.jpg HTTP/1.1" 200 35066 "http://www.wadokikai.net/" "Mozilla/5.0 (X11; CrOS x86_64 14816.99.0) AppleWebKit/537.36 (KHTML, like Gecko) Chrome/103.0.0.0 Safari/537.36"
::ffff:114.119.145.205 - - [15/Aug/2022:15:50:36 +0000] "GET /resources HTTP/1.1" 200 194907 "http://34.212.47.6/contact?s=1&ss=1" "Mozilla/5.0 (Linux; Android 7.0;) AppleWebKit/537.36 (KHTML, like Gecko) Mobile Safari/537.36 (compatible; PetalBot;+https://webmaster.petalsearch.com/site/petalbot)"
::ffff:169.199.80.100 - - [15/Aug/2022:15:54:19 +0000] "GET /images/dragon-trans.png HTTP/1.1" 304 - "http://www.wadokikai.net/" "Mozilla/5.0 (X11; CrOS x86_64 14816.99.0) AppleWebKit/537.36 (KHTML, like Gecko) Chrome/103.0.0.0 Safari/537.36"
::ffff:157.55.39.81 - - [15/Aug/2022:15:54:20 +0000] "GET /sdinforeg.php HTTP/1.1" 404 152 "-" "Mozilla/5.0 (compatible; bingbot/2.0; +http://www.bing.com/bingbot.htm)"
::ffff:157.55.39.81 - - [15/Aug/2022:16:06:01 +0000] "GET /sdinforeg.php HTTP/1.1" 404 152 "-" "Mozilla/5.0 (compatible; bingbot/2.0; +http://www.bing.com/bingbot.htm)"
::ffff:157.55.39.140 - - [15/Aug/2022:16:06:47 +0000] "GET /index.php HTTP/1.1" 404 148 "-" "Mozilla/5.0 (compatible; bingbot/2.0; +http://www.bing.com/bingbot.htm)"
::ffff:64.62.197.137 - - [15/Aug/2022:16:07:29 +0000] "GET / HTTP/1.1" 200 58071 "-" "-"
::ffff:103.209.252.101 - - [15/Aug/2022:16:08:12 +0000] "GET /config.js HTTP/1.1" 404 148 "-" "python-requests/2.28.1"
::ffff:103.209.252.101 - - [15/Aug/2022:16:08:13 +0000] "GET /config.json HTTP/1.1" 404 150 "-" "python-requests/2.28.1"
::ffff:103.209.252.101 - - [15/Aug/2022:16:08:13 +0000] "GET /_profiler/phpinfo HTTP/1.1" 404 156 "-" "Mozila/5.0"
::ffff:103.209.252.101 - - [15/Aug/2022:16:08:14 +0000] "POST / HTTP/1.1" 404 140 "-" "python-requests/2.28.1"
::ffff:103.209.252.101 - - [15/Aug/2022:16:08:14 +0000] "GET /.env HTTP/1.1" 404 143 "-" "Mozila/5.0"
::ffff:103.209.252.101 - - [15/Aug/2022:16:08:15 +0000] "POST / HTTP/1.1" 404 140 "-" "python-requests/2.28.1"
::ffff:103.209.252.101 - - [15/Aug/2022:16:08:15 +0000] "GET /laravel/.env HTTP/1.1" 404 151 "-" "Mozila/5.0"
::ffff:103.209.252.101 - - [15/Aug/2022:16:08:16 +0000] "POST / HTTP/1.1" 404 140 "-" "python-requests/2.28.1"
::ffff:103.209.252.101 - - [15/Aug/2022:16:08:16 +0000] "GET /.env.save HTTP/1.1" 404 148 "-" "Mozila/5.0"
::ffff:103.209.252.101 - - [15/Aug/2022:16:08:17 +0000] "POST / HTTP/1.1" 404 140 "-" "python-requests/2.28.1"
::ffff:103.209.252.101 - - [15/Aug/2022:16:08:17 +0000] "GET /.env.bak HTTP/1.1" 404 147 "-" "Mozila/5.0"
::ffff:103.209.252.101 - - [15/Aug/2022:16:08:18 +0000] "POST / HTTP/1.1" 404 140 "-" "python-requests/2.28.1"
::ffff:103.209.252.101 - - [15/Aug/2022:16:08:18 +0000] "GET /frontend_dev.php/$ HTTP/1.1" 404 157 "-" "Mozila/5.0"
::ffff:103.209.252.101 - - [15/Aug/2022:16:08:19 +0000] "POST / HTTP/1.1" 404 140 "-" "python-requests/2.28.1"
::ffff:64.62.197.151 - - [15/Aug/2022:16:11:04 +0000] "GET /favicon.ico HTTP/1.1" 404 150 "-" "Mozilla/5.0 (Windows NT 10.0; Win64; x64) AppleWebKit/537.36 (KHTML, like Gecko) Chrome/92.0.4515.131 Safari/537.36"
::ffff:157.55.39.140 - - [15/Aug/2022:16:16:58 +0000] "GET /index.php HTTP/1.1" 404 148 "-" "Mozilla/5.0 (compatible; bingbot/2.0; +http://www.bing.com/bingbot.htm)"
::ffff:71.6.232.6 - - [15/Aug/2022:16:20:57 +0000] "GET / HTTP/1.1" 200 58071 "-" "Mozilla/5.0 (Windows NT 10.0; Win64; x64) AppleWebKit/537.36 (KHTML, like Gecko) Chrome/74.0.3729.131 Safari/537.36"
::ffff:135.125.246.110 - - [15/Aug/2022:16:23:15 +0000] "POST / HTTP/1.1" 404 140 "-" "Mozilla/5.0 (X11; Linux x86_64) AppleWebKit/537.36 (KHTML, like Gecko) Chrome/81.0.4044.129 Safari/537.36"
::ffff:135.125.246.110 - - [15/Aug/2022:16:23:15 +0000] "GET /.env HTTP/1.1" 404 143 "-" "Mozilla/5.0 (X11; Linux x86_64) AppleWebKit/537.36 (KHTML, like Gecko) Chrome/81.0.4044.129 Safari/537.36"
::ffff:154.54.249.206 - - [15/Aug/2022:16:23:39 +0000] "GET /robots.txt HTTP/1.1" 404 149 "-" "Mozilla/5.0 (compatible; Barkrowler/0.9; +https://babbar.tech/crawler)"
::ffff:154.54.249.206 - - [15/Aug/2022:16:24:47 +0000] "GET /robots.txt HTTP/1.1" 404 149 "-" "Mozilla/5.0 (compatible; Barkrowler/0.9; +https://babbar.tech/crawler)"
::ffff:154.54.249.206 - - [15/Aug/2022:16:25:15 +0000] "GET /gallery HTTP/1.1" 404 146 "-" "Mozilla/5.0 (compatible; Barkrowler/0.9; +https://babbar.tech/crawler)"
::ffff:154.54.249.206 - - [15/Aug/2022:16:26:20 +0000] "GET / HTTP/1.1" 200 58071 "-" "Mozilla/5.0 (compatible; Barkrowler/0.9; +https://babbar.tech/crawler)"
::ffff:154.54.249.206 - - [15/Aug/2022:16:26:50 +0000] "GET /videos.html HTTP/1.1" 404 150 "-" "Mozilla/5.0 (compatible; Barkrowler/0.9; +https://babbar.tech/crawler)"
::ffff:154.54.249.206 - - [15/Aug/2022:16:27:47 +0000] "GET /katas.html HTTP/1.1" 404 149 "-" "Mozilla/5.0 (compatible; Barkrowler/0.9; +https://babbar.tech/crawler)"
::ffff:154.54.249.206 - - [15/Aug/2022:16:28:20 +0000] "GET /videos.php HTTP/1.1" 404 149 "-" "Mozilla/5.0 (compatible; Barkrowler/0.9; +https://babbar.tech/crawler)"
::ffff:103.138.4.127 - - [15/Aug/2022:16:28:41 +0000] "GET / HTTP/1.1" 200 58071 "-" "Mozilla/5.0 (Macintosh; Intel Mac OS X 10_11_6) AppleWebKit/601.7.7 (KHTML, like Gecko) Version/9.1.2 Safari/601.7.7"
::ffff:154.54.249.206 - - [15/Aug/2022:16:29:22 +0000] "GET /list/?p=subscribe HTTP/1.1" 404 144 "-" "Mozilla/5.0 (compatible; Barkrowler/0.9; +https://babbar.tech/crawler)"
::ffff:154.54.249.206 - - [15/Aug/2022:16:29:55 +0000] "GET /photo/index.php HTTP/1.1" 404 154 "-" "Mozilla/5.0 (compatible; Barkrowler/0.9; +https://babbar.tech/crawler)"
::ffff:154.54.249.206 - - [15/Aug/2022:16:30:56 +0000] "GET /contact?s=1&ss=5 HTTP/1.1" 200 9997 "-" "Mozilla/5.0 (compatible; Barkrowler/0.9; +https://babbar.tech/crawler)"
::ffff:185.254.196.115 - - [15/Aug/2022:16:35:52 +0000] "GET /.env HTTP/1.1" 404 143 "-" "Mozilla/5.0 (X11; Linux x86_64) AppleWebKit/537.36 (KHTML, like Gecko) Chrome/81.0.4044.129 Safari/537.36"
::ffff:185.254.196.115 - - [15/Aug/2022:16:35:53 +0000] "POST / HTTP/1.1" 404 140 "-" "Mozilla/5.0 (X11; Linux x86_64) AppleWebKit/537.36 (KHTML, like Gecko) Chrome/81.0.4044.129 Safari/537.36"
::ffff:98.234.224.71 - - [15/Aug/2022:16:37:27 +0000] "GET /images/tiger.bmp HTTP/1.1" 304 - "http://wadokikai.org/resources" "Mozilla/5.0 (Windows NT 10.0; Win64; x64) AppleWebKit/537.36 (KHTML, like Gecko) Chrome/104.0.0.0 Safari/537.36"
::ffff:98.234.224.71 - - [15/Aug/2022:16:37:27 +0000] "GET /images/tiger.bmp HTTP/1.1" 304 - "http://wadokikai.org/resources" "Mozilla/5.0 (Windows NT 10.0; Win64; x64) AppleWebKit/537.36 (KHTML, like Gecko) Chrome/104.0.0.0 Safari/537.36"
::ffff:207.46.13.67 - - [15/Aug/2022:16:38:05 +0000] "GET / HTTP/1.1" 200 58071 "-" "Mozilla/5.0 (compatible; bingbot/2.0; +http://www.bing.com/bingbot.htm)"
::ffff:107.182.129.239 - - [15/Aug/2022:16:38:53 +0000] "POST /boaform/admin/formLogin HTTP/1.1" 404 163 "http://34.212.47.6:80/admin/login.asp" "Mozilla/5.0 (X11; Ubuntu; Linux x86_64; rv:71.0) Gecko/20100101 Firefox/71.0"
::ffff:207.46.13.67 - - [15/Aug/2022:16:54:17 +0000] "GET / HTTP/1.1" 200 58071 "-" "Mozilla/5.0 (compatible; bingbot/2.0; +http://www.bing.com/bingbot.htm)"
::ffff:169.199.80.100 - - [15/Aug/2022:16:58:53 +0000] "GET /images/wadokikai%20kanji.jpg HTTP/1.1" 200 35066 "http://www.wadokikai.net/" "Mozilla/5.0 (X11; CrOS x86_64 14816.99.0) AppleWebKit/537.36 (KHTML, like Gecko) Chrome/103.0.0.0 Safari/537.36"
::ffff:169.199.80.100 - - [15/Aug/2022:16:59:00 +0000] "GET /images/tiger.bmp HTTP/1.1" 200 311274 "http://www.wadokikai.net/" "Mozilla/5.0 (X11; CrOS x86_64 14816.99.0) AppleWebKit/537.36 (KHTML, like Gecko) Chrome/103.0.0.0 Safari/537.36"
::ffff:169.199.80.100 - - [15/Aug/2022:17:00:54 +0000] "GET /images/wkkpatch22_med.png HTTP/1.1" 200 32301 "http://www.wadokikai.net/" "Mozilla/5.0 (X11; CrOS x86_64 14816.99.0) AppleWebKit/537.36 (KHTML, like Gecko) Chrome/103.0.0.0 Safari/537.36"
::ffff:169.199.80.100 - - [15/Aug/2022:17:00:55 +0000] "GET /favicon.ico HTTP/1.1" 404 150 "http://www.wadokikai.net/images/wkkpatch22_med.png" "Mozilla/5.0 (X11; CrOS x86_64 14816.99.0) AppleWebKit/537.36 (KHTML, like Gecko) Chrome/103.0.0.0 Safari/537.36"
::ffff:40.77.167.106 - - [15/Aug/2022:17:01:15 +0000] "GET /robots.txt HTTP/1.1" 404 149 "-" "Mozilla/5.0 (compatible; bingbot/2.0; +http://www.bing.com/bingbot.htm)"
::ffff:207.46.13.46 - - [15/Aug/2022:17:01:21 +0000] "GET / HTTP/1.1" 200 58071 "-" "Mozilla/5.0 (compatible; bingbot/2.0; +http://www.bing.com/bingbot.htm)"
::ffff:157.90.209.76 - - [15/Aug/2022:17:03:36 +0000] "GET /robots.txt HTTP/1.1" 404 149 "-" "Mozilla/5.0 (compatible; BLEXBot/1.0; +http://webmeup-crawler.com/)"
::ffff:157.90.209.76 - - [15/Aug/2022:17:03:38 +0000] "GET /sitemap HTTP/1.1" 404 146 "-" "Mozilla/5.0 (compatible; BLEXBot/1.0; +http://webmeup-crawler.com/)"
::ffff:157.90.209.76 - - [15/Aug/2022:17:03:43 +0000] "GET /sitemap.txt HTTP/1.1" 404 150 "-" "Mozilla/5.0 (compatible; BLEXBot/1.0; +http://webmeup-crawler.com/)"
::ffff:169.199.80.102 - - [15/Aug/2022:17:04:04 +0000] "GET /images/dragon-trans.png HTTP/1.1" 304 - "http://www.wadokikai.net/" "Mozilla/5.0 (X11; CrOS x86_64 14816.99.0) AppleWebKit/537.36 (KHTML, like Gecko) Chrome/103.0.0.0 Safari/537.36"
::ffff:169.199.80.102 - - [15/Aug/2022:17:04:13 +0000] "GET /images/wadokikai%20kanji.jpg HTTP/1.1" 200 35066 "http://www.wadokikai.net/" "Mozilla/5.0 (X11; CrOS x86_64 14816.99.0) AppleWebKit/537.36 (KHTML, like Gecko) Chrome/103.0.0.0 Safari/537.36"
::ffff:46.161.11.238 - - [15/Aug/2022:17:15:27 +0000] "GET / HTTP/1.0" 200 58071 "http://wadokikai.net/" "Mozilla/5.0 (Windows NT 10.0; Win64; x64) AppleWebKit/537.36 (KHTML, like Gecko) Chrome/83.0.4098.0 Safari/537.36"
