::ffff:205.155.145.14 - - [01/Sep/2022:01:21:25 +0000] "GET /images/dragon-trans.png HTTP/1.1" 304 - "http://wadokikai.org/resources" "Mozilla/5.0 (iPhone; CPU iPhone OS 15_4 like Mac OS X) AppleWebKit/605.1.15 (KHTML, like Gecko) EdgiOS/104.0.1293.58 Version/15.0 Mobile/15E148 Safari/604.1"
::ffff:205.155.145.14 - - [01/Sep/2022:01:21:28 +0000] "GET /images/tiger.bmp HTTP/1.1" 304 - "http://wadokikai.org/resources" "Mozilla/5.0 (iPhone; CPU iPhone OS 15_4 like Mac OS X) AppleWebKit/605.1.15 (KHTML, like Gecko) EdgiOS/104.0.1293.58 Version/15.0 Mobile/15E148 Safari/604.1"
::ffff:205.155.145.14 - - [01/Sep/2022:01:21:32 +0000] "GET /images/dragon-trans.png HTTP/1.1" 304 - "http://wadokikai.org/resources" "Mozilla/5.0 (iPhone; CPU iPhone OS 15_4 like Mac OS X) AppleWebKit/605.1.15 (KHTML, like Gecko) EdgiOS/104.0.1293.58 Version/15.0 Mobile/15E148 Safari/604.1"
::ffff:205.155.145.14 - - [01/Sep/2022:01:21:35 +0000] "GET /images/tiger.bmp HTTP/1.1" 304 - "http://wadokikai.org/resources" "Mozilla/5.0 (iPhone; CPU iPhone OS 15_4 like Mac OS X) AppleWebKit/605.1.15 (KHTML, like Gecko) EdgiOS/104.0.1293.58 Version/15.0 Mobile/15E148 Safari/604.1"
::ffff:205.155.145.14 - - [01/Sep/2022:01:21:39 +0000] "GET /images/dragon-trans.png HTTP/1.1" 304 - "http://wadokikai.org/resources" "Mozilla/5.0 (iPhone; CPU iPhone OS 15_4 like Mac OS X) AppleWebKit/605.1.15 (KHTML, like Gecko) EdgiOS/104.0.1293.58 Version/15.0 Mobile/15E148 Safari/604.1"
::ffff:205.155.145.14 - - [01/Sep/2022:01:21:42 +0000] "GET /images/tiger.bmp HTTP/1.1" 304 - "http://wadokikai.org/resources" "Mozilla/5.0 (iPhone; CPU iPhone OS 15_4 like Mac OS X) AppleWebKit/605.1.15 (KHTML, like Gecko) EdgiOS/104.0.1293.58 Version/15.0 Mobile/15E148 Safari/604.1"
::ffff:205.155.145.14 - - [01/Sep/2022:01:21:46 +0000] "GET /images/dragon-trans.png HTTP/1.1" 304 - "http://wadokikai.org/resources" "Mozilla/5.0 (iPhone; CPU iPhone OS 15_4 like Mac OS X) AppleWebKit/605.1.15 (KHTML, like Gecko) EdgiOS/104.0.1293.58 Version/15.0 Mobile/15E148 Safari/604.1"
::ffff:205.155.145.14 - - [01/Sep/2022:01:21:49 +0000] "GET /images/tiger.bmp HTTP/1.1" 304 - "http://wadokikai.org/resources" "Mozilla/5.0 (iPhone; CPU iPhone OS 15_4 like Mac OS X) AppleWebKit/605.1.15 (KHTML, like Gecko) EdgiOS/104.0.1293.58 Version/15.0 Mobile/15E148 Safari/604.1"
::ffff:205.155.145.14 - - [01/Sep/2022:01:21:53 +0000] "GET /images/dragon-trans.png HTTP/1.1" 304 - "http://wadokikai.org/resources" "Mozilla/5.0 (iPhone; CPU iPhone OS 15_4 like Mac OS X) AppleWebKit/605.1.15 (KHTML, like Gecko) EdgiOS/104.0.1293.58 Version/15.0 Mobile/15E148 Safari/604.1"
::ffff:205.155.145.14 - - [01/Sep/2022:01:21:56 +0000] "GET /images/tiger.bmp HTTP/1.1" 304 - "http://wadokikai.org/resources" "Mozilla/5.0 (iPhone; CPU iPhone OS 15_4 like Mac OS X) AppleWebKit/605.1.15 (KHTML, like Gecko) EdgiOS/104.0.1293.58 Version/15.0 Mobile/15E148 Safari/604.1"
::ffff:205.155.145.14 - - [01/Sep/2022:01:22:00 +0000] "GET /images/dragon-trans.png HTTP/1.1" 304 - "http://wadokikai.org/resources" "Mozilla/5.0 (iPhone; CPU iPhone OS 15_4 like Mac OS X) AppleWebKit/605.1.15 (KHTML, like Gecko) EdgiOS/104.0.1293.58 Version/15.0 Mobile/15E148 Safari/604.1"
::ffff:205.155.145.14 - - [01/Sep/2022:01:22:03 +0000] "GET /images/tiger.bmp HTTP/1.1" 304 - "http://wadokikai.org/resources" "Mozilla/5.0 (iPhone; CPU iPhone OS 15_4 like Mac OS X) AppleWebKit/605.1.15 (KHTML, like Gecko) EdgiOS/104.0.1293.58 Version/15.0 Mobile/15E148 Safari/604.1"
::ffff:205.155.145.14 - - [01/Sep/2022:01:22:07 +0000] "GET /images/dragon-trans.png HTTP/1.1" 304 - "http://wadokikai.org/resources" "Mozilla/5.0 (iPhone; CPU iPhone OS 15_4 like Mac OS X) AppleWebKit/605.1.15 (KHTML, like Gecko) EdgiOS/104.0.1293.58 Version/15.0 Mobile/15E148 Safari/604.1"
::ffff:205.155.145.14 - - [01/Sep/2022:01:22:10 +0000] "GET /images/tiger.bmp HTTP/1.1" 304 - "http://wadokikai.org/resources" "Mozilla/5.0 (iPhone; CPU iPhone OS 15_4 like Mac OS X) AppleWebKit/605.1.15 (KHTML, like Gecko) EdgiOS/104.0.1293.58 Version/15.0 Mobile/15E148 Safari/604.1"
::ffff:205.155.145.14 - - [01/Sep/2022:01:22:14 +0000] "GET /images/dragon-trans.png HTTP/1.1" 304 - "http://wadokikai.org/resources" "Mozilla/5.0 (iPhone; CPU iPhone OS 15_4 like Mac OS X) AppleWebKit/605.1.15 (KHTML, like Gecko) EdgiOS/104.0.1293.58 Version/15.0 Mobile/15E148 Safari/604.1"
::ffff:205.155.145.14 - - [01/Sep/2022:01:22:17 +0000] "GET /images/tiger.bmp HTTP/1.1" 304 - "http://wadokikai.org/resources" "Mozilla/5.0 (iPhone; CPU iPhone OS 15_4 like Mac OS X) AppleWebKit/605.1.15 (KHTML, like Gecko) EdgiOS/104.0.1293.58 Version/15.0 Mobile/15E148 Safari/604.1"
::ffff:205.155.145.14 - - [01/Sep/2022:01:22:21 +0000] "GET /images/dragon-trans.png HTTP/1.1" 304 - "http://wadokikai.org/resources" "Mozilla/5.0 (iPhone; CPU iPhone OS 15_4 like Mac OS X) AppleWebKit/605.1.15 (KHTML, like Gecko) EdgiOS/104.0.1293.58 Version/15.0 Mobile/15E148 Safari/604.1"
::ffff:205.155.145.14 - - [01/Sep/2022:01:22:24 +0000] "GET /images/tiger.bmp HTTP/1.1" 304 - "http://wadokikai.org/resources" "Mozilla/5.0 (iPhone; CPU iPhone OS 15_4 like Mac OS X) AppleWebKit/605.1.15 (KHTML, like Gecko) EdgiOS/104.0.1293.58 Version/15.0 Mobile/15E148 Safari/604.1"
::ffff:135.125.244.48 - - [01/Sep/2022:01:25:45 +0000] "POST / HTTP/1.1" 404 140 "-" "Mozilla/5.0 (X11; Linux x86_64) AppleWebKit/537.36 (KHTML, like Gecko) Chrome/81.0.4044.129 Safari/537.36"
::ffff:135.125.244.48 - - [01/Sep/2022:01:25:46 +0000] "GET /.env HTTP/1.1" 404 143 "-" "Mozilla/5.0 (X11; Linux x86_64) AppleWebKit/537.36 (KHTML, like Gecko) Chrome/81.0.4044.129 Safari/537.36"
::ffff:18.144.24.10 - - [01/Sep/2022:01:28:48 +0000] "OPTIONS / HTTP/1.1" 200 8 "-" "Mozilla/5.0 (Macintosh; Intel Mac OS X 10_11_5) AppleWebKit/537.36 (KHTML, like Gecko) Chrome/50.0.2661.102 Safari/537.36"
::ffff:162.255.116.17 - - [01/Sep/2022:01:30:36 +0000] "GET /remote/fgt_lang?lang=/../../../..//////////dev/cmdb/sslvpn_websession HTTP/1.1" 404 154 "-" "Python-urllib/3.8"
::ffff:40.77.167.34 - - [01/Sep/2022:01:49:11 +0000] "GET /images/tournaments/NKD8202022.jpg HTTP/1.1" 200 493189 "-" "Mozilla/5.0 (compatible; bingbot/2.0; +http://www.bing.com/bingbot.htm)"
::ffff:185.254.196.115 - - [01/Sep/2022:01:51:00 +0000] "GET /.env HTTP/1.1" 404 143 "-" "Mozilla/5.0 (X11; Linux x86_64) AppleWebKit/537.36 (KHTML, like Gecko) Chrome/81.0.4044.129 Safari/537.36"
::ffff:185.254.196.115 - - [01/Sep/2022:01:51:01 +0000] "POST / HTTP/1.1" 404 140 "-" "Mozilla/5.0 (X11; Linux x86_64) AppleWebKit/537.36 (KHTML, like Gecko) Chrome/81.0.4044.129 Safari/537.36"
::ffff:35.84.195.216 - - [01/Sep/2022:02:15:21 +0000] "GET /owa/auth/logon.aspx HTTP/1.1" 404 158 "-" "Mozilla/5.0 (Macintosh; Intel Mac OS X 10_11_5) AppleWebKit/537.36 (KHTML, like Gecko) Chrome/50.0.2661.102 Safari/537.36"
::ffff:135.125.244.48 - - [01/Sep/2022:02:16:43 +0000] "POST / HTTP/1.1" 404 140 "-" "Mozilla/5.0 (X11; Linux x86_64) AppleWebKit/537.36 (KHTML, like Gecko) Chrome/81.0.4044.129 Safari/537.36"
::ffff:135.125.244.48 - - [01/Sep/2022:02:16:44 +0000] "GET /.env HTTP/1.1" 404 143 "-" "Mozilla/5.0 (X11; Linux x86_64) AppleWebKit/537.36 (KHTML, like Gecko) Chrome/81.0.4044.129 Safari/537.36"
::ffff:66.249.79.229 - - [01/Sep/2022:02:27:21 +0000] "GET /robots.txt HTTP/1.1" 404 149 "-" "Mozilla/5.0 (compatible; Googlebot/2.1; +http://www.google.com/bot.html)"
::ffff:66.249.79.232 - - [01/Sep/2022:02:27:21 +0000] "GET /robots.txt HTTP/1.1" 404 149 "-" "Mozilla/5.0 (compatible; Googlebot/2.1; +http://www.google.com/bot.html)"
::ffff:66.249.79.231 - - [01/Sep/2022:02:27:21 +0000] "GET /ads.txt HTTP/1.1" 404 146 "-" "Mozilla/5.0 (compatible; Googlebot/2.1; +http://www.google.com/bot.html)"
::ffff:66.249.79.234 - - [01/Sep/2022:02:27:22 +0000] "GET /ads.txt HTTP/1.1" 404 146 "-" "Mozilla/5.0 (compatible; Googlebot/2.1; +http://www.google.com/bot.html)"
::ffff:207.46.13.173 - - [01/Sep/2022:02:39:14 +0000] "GET / HTTP/1.1" 200 57721 "-" "Mozilla/5.0 (compatible; bingbot/2.0; +http://www.bing.com/bingbot.htm)"
::ffff:103.170.254.159 - - [01/Sep/2022:02:45:59 +0000] "GET /.env HTTP/1.1" 404 143 "-" "Mozilla/5.0 (X11; Linux x86_64) AppleWebKit/537.36 (KHTML, like Gecko) Chrome/81.0.4044.129 Safari/537.36"
::ffff:103.170.254.159 - - [01/Sep/2022:02:46:00 +0000] "POST / HTTP/1.1" 404 140 "-" "Mozilla/5.0 (X11; Linux x86_64) AppleWebKit/537.36 (KHTML, like Gecko) Chrome/81.0.4044.129 Safari/537.36"
::ffff:98.35.57.65 - - [01/Sep/2022:03:01:56 +0000] "GET / HTTP/1.1" 200 57721 "-" "Mozilla/5.0 (iPhone; CPU iPhone OS 15_6_1 like Mac OS X) AppleWebKit/605.1.15 (KHTML, like Gecko) Version/15.6.1 Mobile/15E148 Safari/604.1"
::ffff:98.35.57.65 - - [01/Sep/2022:03:01:57 +0000] "GET /images/dragon-trans.png HTTP/1.1" 304 - "https://wadokikai.org/" "Mozilla/5.0 (iPhone; CPU iPhone OS 15_6_1 like Mac OS X) AppleWebKit/605.1.15 (KHTML, like Gecko) Version/15.6.1 Mobile/15E148 Safari/604.1"
::ffff:177.124.51.74 - - [01/Sep/2022:03:05:52 +0000] "GET / HTTP/1.1" 200 57721 "-" "Mozilla/5.0 (Windows NT 6.1; WOW64) AppleWebKit/537.36 (KHTML, like Gecko) Chrome/52.0.2743.116 Safari/537.36"
::ffff:207.46.13.74 - - [01/Sep/2022:03:06:26 +0000] "GET / HTTP/1.1" 200 57721 "-" "Mozilla/5.0 (compatible; bingbot/2.0; +http://www.bing.com/bingbot.htm)"
::ffff:192.241.220.94 - - [01/Sep/2022:03:12:01 +0000] "GET /owa/auth/logon.aspx?url=https%3a%2f%2f1%2fecp%2f HTTP/1.1" 404 158 "-" "Mozilla/5.0 zgrab/0.x"
::ffff:185.254.196.115 - - [01/Sep/2022:03:18:45 +0000] "GET /.env HTTP/1.1" 404 143 "-" "Mozilla/5.0 (X11; Linux x86_64) AppleWebKit/537.36 (KHTML, like Gecko) Chrome/81.0.4044.129 Safari/537.36"
::ffff:185.254.196.115 - - [01/Sep/2022:03:18:46 +0000] "POST / HTTP/1.1" 404 140 "-" "Mozilla/5.0 (X11; Linux x86_64) AppleWebKit/537.36 (KHTML, like Gecko) Chrome/81.0.4044.129 Safari/537.36"
::ffff:40.77.167.34 - - [01/Sep/2022:03:21:18 +0000] "GET /images/schools/nunleykaratedomap.jpg HTTP/1.1" 200 42667 "-" "Mozilla/5.0 (compatible; bingbot/2.0; +http://www.bing.com/bingbot.htm)"
::ffff:207.46.13.188 - - [01/Sep/2022:03:23:26 +0000] "GET / HTTP/1.1" 200 57721 "-" "Mozilla/5.0 (compatible; bingbot/2.0; +http://www.bing.com/bingbot.htm)"
::ffff:67.160.201.88 - - [01/Sep/2022:03:29:24 +0000] "GET /favicon.ico HTTP/1.1" 404 150 "-" "Mozilla/5.0 (iPhone; CPU iPhone OS 15_6_1 like Mac OS X) AppleWebKit/605.1.15 (KHTML, like Gecko) FxiOS/40.2  Mobile/15E148 Safari/605.1.15"
::ffff:67.160.201.88 - - [01/Sep/2022:03:29:26 +0000] "GET /favicon.ico HTTP/1.1" 404 150 "-" "Mozilla/5.0 (iPhone; CPU iPhone OS 15_6_1 like Mac OS X) AppleWebKit/605.1.15 (KHTML, like Gecko) FxiOS/40.2  Mobile/15E148 Safari/605.1.15"
::ffff:67.160.201.88 - - [01/Sep/2022:03:29:27 +0000] "GET /favicon.ico HTTP/1.1" 404 150 "-" "Mozilla/5.0 (iPhone; CPU iPhone OS 15_6_1 like Mac OS X) AppleWebKit/605.1.15 (KHTML, like Gecko) FxiOS/40.2  Mobile/15E148 Safari/605.1.15"
::ffff:67.160.201.88 - - [01/Sep/2022:03:29:27 +0000] "GET /favicon.ico HTTP/1.1" 404 150 "-" "Mozilla/5.0 (iPhone; CPU iPhone OS 15_6_1 like Mac OS X) AppleWebKit/605.1.15 (KHTML, like Gecko) FxiOS/40.2  Mobile/15E148 Safari/605.1.15"
::ffff:67.160.201.88 - - [01/Sep/2022:03:29:28 +0000] "GET /favicon.ico HTTP/1.1" 404 150 "-" "Mozilla/5.0 (iPhone; CPU iPhone OS 15_6_1 like Mac OS X) AppleWebKit/605.1.15 (KHTML, like Gecko) FxiOS/40.2  Mobile/15E148 Safari/605.1.15"
::ffff:67.160.201.88 - - [01/Sep/2022:03:29:28 +0000] "GET /favicon.ico HTTP/1.1" 404 150 "-" "Mozilla/5.0 (iPhone; CPU iPhone OS 15_6_1 like Mac OS X) AppleWebKit/605.1.15 (KHTML, like Gecko) FxiOS/40.2  Mobile/15E148 Safari/605.1.15"
::ffff:67.160.201.88 - - [01/Sep/2022:03:29:28 +0000] "GET /favicon.ico HTTP/1.1" 404 150 "-" "Mozilla/5.0 (iPhone; CPU iPhone OS 15_6_1 like Mac OS X) AppleWebKit/605.1.15 (KHTML, like Gecko) FxiOS/40.2  Mobile/15E148 Safari/605.1.15"
::ffff:67.160.201.88 - - [01/Sep/2022:03:29:29 +0000] "GET /favicon.ico HTTP/1.1" 404 150 "-" "Mozilla/5.0 (iPhone; CPU iPhone OS 15_6_1 like Mac OS X) AppleWebKit/605.1.15 (KHTML, like Gecko) FxiOS/40.2  Mobile/15E148 Safari/605.1.15"
::ffff:109.237.103.123 - - [01/Sep/2022:03:31:48 +0000] "GET /.env HTTP/1.1" 404 143 "-" "Mozilla/5.0 (X11; Linux x86_64) AppleWebKit/537.36 (KHTML, like Gecko) Chrome/81.0.4044.129 Safari/537.36"
::ffff:114.119.137.249 - - [01/Sep/2022:03:36:01 +0000] "GET /robots.txt HTTP/1.1" 404 149 "-" "Mozilla/5.0 (compatible;PetalBot;+https://webmaster.petalsearch.com/site/petalbot)"
::ffff:45.79.171.66 - - [01/Sep/2022:03:36:40 +0000] "GET /service.php?token=1819&action=11 HTTP/1.0" 404 150 "-" "-"
::ffff:192.241.208.101 - - [01/Sep/2022:03:46:07 +0000] "GET / HTTP/1.1" 200 57721 "-" "Mozilla/5.0 zgrab/0.x"
::ffff:109.237.100.22 - - [01/Sep/2022:03:49:25 +0000] "GET /.env HTTP/1.1" 404 143 "-" "Mozilla/5.0 (X11; Linux x86_64) AppleWebKit/537.36 (KHTML, like Gecko) Chrome/81.0.4044.129 Safari/537.36"
::ffff:109.237.100.22 - - [01/Sep/2022:03:49:26 +0000] "GET /.env HTTP/1.1" 404 143 "-" "Mozilla/5.0 (X11; Linux x86_64) AppleWebKit/537.36 (KHTML, like Gecko) Chrome/81.0.4044.129 Safari/537.36"
::ffff:198.199.94.204 - - [01/Sep/2022:03:52:45 +0000] "GET / HTTP/1.1" 200 57721 "-" "Mozilla/5.0 zgrab/0.x"
::ffff:66.249.79.176 - - [01/Sep/2022:03:56:09 +0000] "GET / HTTP/1.1" 200 57721 "-" "Mozilla/5.0 (Linux; Android 6.0.1; Nexus 5X Build/MMB29P) AppleWebKit/537.36 (KHTML, like Gecko) Chrome/104.0.5112.79 Mobile Safari/537.36 (compatible; Googlebot/2.1; +http://www.google.com/bot.html)"
::ffff:45.148.154.22 - - [01/Sep/2022:04:11:37 +0000] "GET /.git/config HTTP/1.1" 404 150 "-" "Go-http-client/1.1"
::ffff:45.148.154.157 - - [01/Sep/2022:04:11:38 +0000] "GET /.git/config HTTP/1.1" 404 150 "-" "Go-http-client/1.1"
::ffff:157.55.39.117 - - [01/Sep/2022:04:12:55 +0000] "GET /images/arce.jpg HTTP/1.1" 404 154 "-" "Mozilla/5.0 (compatible; bingbot/2.0; +http://www.bing.com/bingbot.htm)"
::ffff:34.76.96.55 - - [01/Sep/2022:04:16:24 +0000] "GET / HTTP/1.1" 200 57721 "-" "python-requests/2.28.1"
::ffff:157.55.39.86 - - [01/Sep/2022:04:18:26 +0000] "GET / HTTP/1.1" 200 57721 "-" "Mozilla/5.0 (compatible; bingbot/2.0; +http://www.bing.com/bingbot.htm)"
::ffff:20.125.150.225 - - [01/Sep/2022:04:19:02 +0000] "GET /.env HTTP/1.1" 404 143 "-" "Mozilla/5.0 (Macintosh; Intel Mac OS X 10.15; rv:77.0) Gecko/20100101 Firefox/77.0"
::ffff:20.125.150.225 - - [01/Sep/2022:04:19:02 +0000] "GET /wp-content/ HTTP/1.1" 404 150 "-" "Mozilla/5.0 (Macintosh; Intel Mac OS X 10.15; rv:77.0) Gecko/20100101 Firefox/77.0"
::ffff:54.36.148.13 - - [01/Sep/2022:04:30:32 +0000] "GET /robots.txt HTTP/1.1" 404 149 "-" "Mozilla/5.0 (compatible; AhrefsBot/7.0; +http://ahrefs.com/robot/)"
::ffff:51.222.253.2 - - [01/Sep/2022:04:30:33 +0000] "GET / HTTP/1.1" 200 57721 "-" "Mozilla/5.0 (compatible; AhrefsBot/7.0; +http://ahrefs.com/robot/)"
::ffff:135.125.244.48 - - [01/Sep/2022:04:31:37 +0000] "POST / HTTP/1.1" 404 140 "-" "Mozilla/5.0 (X11; Linux x86_64) AppleWebKit/537.36 (KHTML, like Gecko) Chrome/81.0.4044.129 Safari/537.36"
::ffff:135.125.244.48 - - [01/Sep/2022:04:31:37 +0000] "GET /.env HTTP/1.1" 404 143 "-" "Mozilla/5.0 (X11; Linux x86_64) AppleWebKit/537.36 (KHTML, like Gecko) Chrome/81.0.4044.129 Safari/537.36"
::ffff:35.87.52.33 - - [01/Sep/2022:04:35:16 +0000] "HEAD /epa/scripts/win/nsepa_setup.exe HTTP/1.1" 404 171 "-" "Mozilla/5.0 (Macintosh; Intel Mac OS X 10_11_5) AppleWebKit/537.36 (KHTML, like Gecko) Chrome/50.0.2661.102 Safari/537.36"
::ffff:207.46.13.188 - - [01/Sep/2022:04:40:35 +0000] "GET / HTTP/1.1" 200 57721 "-" "Mozilla/5.0 (compatible; bingbot/2.0; +http://www.bing.com/bingbot.htm)"
::ffff:66.249.79.172 - - [01/Sep/2022:04:41:09 +0000] "GET / HTTP/1.1" 200 57721 "-" "Mozilla/5.0 (compatible; Googlebot/2.1; +http://www.google.com/bot.html)"
::ffff:192.241.201.234 - - [01/Sep/2022:04:42:26 +0000] "GET /actuator/health HTTP/1.1" 404 154 "-" "Mozilla/5.0 zgrab/0.x"
::ffff:114.119.140.174 - - [01/Sep/2022:04:47:27 +0000] "GET /robots.txt HTTP/1.1" 404 149 "-" "Mozilla/5.0 (compatible;PetalBot;+https://webmaster.petalsearch.com/site/petalbot)"
::ffff:207.46.13.168 - - [01/Sep/2022:04:49:33 +0000] "GET /images/wkkpatch22_med.png HTTP/1.1" 200 32301 "-" "Mozilla/5.0 (compatible; bingbot/2.0; +http://www.bing.com/bingbot.htm)"
::ffff:185.254.196.115 - - [01/Sep/2022:04:49:39 +0000] "GET /.env HTTP/1.1" 404 143 "-" "Mozilla/5.0 (X11; Linux x86_64) AppleWebKit/537.36 (KHTML, like Gecko) Chrome/81.0.4044.129 Safari/537.36"
::ffff:185.254.196.115 - - [01/Sep/2022:04:49:41 +0000] "POST / HTTP/1.1" 404 140 "-" "Mozilla/5.0 (X11; Linux x86_64) AppleWebKit/537.36 (KHTML, like Gecko) Chrome/81.0.4044.129 Safari/537.36"
::ffff:152.32.245.19 - - [01/Sep/2022:04:56:24 +0000] "GET / HTTP/1.1" 200 57721 "-" "curl/7.29.0"
::ffff:118.26.104.39 - - [01/Sep/2022:04:58:44 +0000] "GET / HTTP/1.1" 200 57721 "-" "curl/7.29.0"
::ffff:65.108.107.102 - - [01/Sep/2022:05:04:14 +0000] "GET /wp-commentin.php HTTP/1.1" 404 155 "www.google.com" "Mozlila/5.0 (Linux; Android 7.0; SM-G892A Bulid/NRD90M; wv) AppleWebKit/537.36 (KHTML, like Gecko) Version/4.0 Chrome/60.0.3112.107 Moblie Safari/537.36"
::ffff:65.108.107.102 - - [01/Sep/2022:05:04:25 +0000] "GET /wp-commentin.php HTTP/1.1" 404 155 "www.google.com" "Mozlila/5.0 (Linux; Android 7.0; SM-G892A Bulid/NRD90M; wv) AppleWebKit/537.36 (KHTML, like Gecko) Version/4.0 Chrome/60.0.3112.107 Moblie Safari/537.36"
::ffff:120.92.147.164 - - [01/Sep/2022:05:06:31 +0000] "GET /TP/public/index.php HTTP/1.1" 404 158 "-" "Mozilla/5.0 (Windows; U; Windows NT 6.0;en-US; rv:1.9.2) Gecko/20100115 Firefox/3.6)"
::ffff:120.92.147.164 - - [01/Sep/2022:05:06:32 +0000] "GET /TP/index.php HTTP/1.1" 404 151 "-" "Mozilla/5.0 (Windows; U; Windows NT 6.0;en-US; rv:1.9.2) Gecko/20100115 Firefox/3.6)"
::ffff:120.92.147.164 - - [01/Sep/2022:05:06:32 +0000] "GET /thinkphp/html/public/index.php HTTP/1.1" 404 169 "-" "Mozilla/5.0 (Windows; U; Windows NT 6.0;en-US; rv:1.9.2) Gecko/20100115 Firefox/3.6)"
::ffff:120.92.147.164 - - [01/Sep/2022:05:06:33 +0000] "GET /html/public/index.php HTTP/1.1" 404 160 "-" "Mozilla/5.0 (Windows; U; Windows NT 6.0;en-US; rv:1.9.2) Gecko/20100115 Firefox/3.6)"
::ffff:120.92.147.164 - - [01/Sep/2022:05:06:33 +0000] "GET /public/index.php HTTP/1.1" 404 155 "-" "Mozilla/5.0 (Windows; U; Windows NT 6.0;en-US; rv:1.9.2) Gecko/20100115 Firefox/3.6)"
::ffff:120.92.147.164 - - [01/Sep/2022:05:06:33 +0000] "GET /TP/html/public/index.php HTTP/1.1" 404 163 "-" "Mozilla/5.0 (Windows; U; Windows NT 6.0;en-US; rv:1.9.2) Gecko/20100115 Firefox/3.6)"
::ffff:120.92.147.164 - - [01/Sep/2022:05:06:34 +0000] "GET /elrekt.php HTTP/1.1" 404 149 "-" "Mozilla/5.0 (Windows; U; Windows NT 6.0;en-US; rv:1.9.2) Gecko/20100115 Firefox/3.6)"
::ffff:120.92.147.164 - - [01/Sep/2022:05:06:34 +0000] "GET /index.php HTTP/1.1" 404 148 "-" "Mozilla/5.0 (Windows; U; Windows NT 6.0;en-US; rv:1.9.2) Gecko/20100115 Firefox/3.6)"
::ffff:120.92.147.164 - - [01/Sep/2022:05:06:35 +0000] "GET / HTTP/1.1" 200 57721 "-" "Mozilla/5.0 (Windows; U; Windows NT 6.0;en-US; rv:1.9.2) Gecko/20100115 Firefox/3.6)"
::ffff:167.248.133.47 - - [01/Sep/2022:05:07:46 +0000] "GET / HTTP/1.1" 200 57721 "-" "-"
::ffff:167.248.133.47 - - [01/Sep/2022:05:07:46 +0000] "GET / HTTP/1.1" 200 57721 "-" "Mozilla/5.0 (compatible; CensysInspect/1.1; +https://about.censys.io/)"
::ffff:167.248.133.47 - - [01/Sep/2022:05:07:46 +0000] "PRI * HTTP/2.0" - - "-" "-"
::ffff:167.248.133.47 - - [01/Sep/2022:05:07:46 +0000] "GET /images/favicon.ico HTTP/1.1" 200 3638 "-" "Go-http-client/1.1"
::ffff:167.248.133.47 - - [01/Sep/2022:05:07:46 +0000] "GET /favicon.ico HTTP/1.1" 404 150 "-" "Go-http-client/1.1"
::ffff:45.119.210.86 - - [01/Sep/2022:05:13:37 +0000] "GET /oam/server/opensso/sessionservice HTTP/1.1" 404 172 "-" "Mozilla/5.0 (Windows NT 5.1) AppleWebKit/537.36 (KHTML, like Gecko) Chrome/35.0.2117.157 Safari/537.36"
::ffff:192.241.194.29 - - [01/Sep/2022:05:14:20 +0000] "GET /owa/auth/x.js HTTP/1.1" 404 152 "-" "Mozilla/5.0 zgrab/0.x"
::ffff:192.241.210.211 - - [01/Sep/2022:05:14:42 +0000] "GET /owa/auth/logon.aspx HTTP/1.1" 404 158 "-" "Mozilla/5.0 zgrab/0.x"
::ffff:207.46.13.143 - - [01/Sep/2022:05:17:52 +0000] "GET /resources HTTP/1.1" 200 194906 "-" "Mozilla/5.0 (compatible; bingbot/2.0; +http://www.bing.com/bingbot.htm)"
::ffff:192.241.218.79 - - [01/Sep/2022:05:18:58 +0000] "GET /ecp/Current/exporttool/microsoft.exchange.ediscovery.exporttool.application HTTP/1.1" 404 214 "-" "Mozilla/5.0 zgrab/0.x"
::ffff:66.249.79.174 - - [01/Sep/2022:05:26:09 +0000] "GET / HTTP/1.1" 200 57721 "-" "Mozilla/5.0 (compatible; Googlebot/2.1; +http://www.google.com/bot.html)"
::ffff:207.46.13.74 - - [01/Sep/2022:05:28:10 +0000] "GET / HTTP/1.1" 200 57721 "-" "Mozilla/5.0 (compatible; bingbot/2.0; +http://www.bing.com/bingbot.htm)"
::ffff:135.125.246.189 - - [01/Sep/2022:05:32:31 +0000] "POST / HTTP/1.1" 404 140 "-" "Mozilla/5.0 (X11; Linux x86_64) AppleWebKit/537.36 (KHTML, like Gecko) Chrome/81.0.4044.129 Safari/537.36"
::ffff:135.125.246.189 - - [01/Sep/2022:05:32:31 +0000] "GET /.env HTTP/1.1" 404 143 "-" "Mozilla/5.0 (X11; Linux x86_64) AppleWebKit/537.36 (KHTML, like Gecko) Chrome/81.0.4044.129 Safari/537.36"
::ffff:40.77.167.96 - - [01/Sep/2022:05:35:13 +0000] "GET /robots.txt HTTP/1.1" 404 149 "-" "Mozilla/5.0 AppleWebKit/537.36 (KHTML, like Gecko; compatible; bingbot/2.0; +http://www.bing.com/bingbot.htm) Chrome/103.0.5060.134 Safari/537.36"
::ffff:207.46.13.173 - - [01/Sep/2022:05:35:21 +0000] "GET / HTTP/1.1" 200 57721 "-" "Mozilla/5.0 (compatible; bingbot/2.0; +http://www.bing.com/bingbot.htm)"
::ffff:135.125.244.48 - - [01/Sep/2022:05:43:07 +0000] "POST / HTTP/1.1" 404 140 "-" "Mozilla/5.0 (X11; Linux x86_64) AppleWebKit/537.36 (KHTML, like Gecko) Chrome/81.0.4044.129 Safari/537.36"
::ffff:135.125.244.48 - - [01/Sep/2022:05:43:07 +0000] "GET /.env HTTP/1.1" 404 143 "-" "Mozilla/5.0 (X11; Linux x86_64) AppleWebKit/537.36 (KHTML, like Gecko) Chrome/81.0.4044.129 Safari/537.36"
::ffff:67.160.201.88 - - [01/Sep/2022:05:55:43 +0000] "GET /favicon.ico HTTP/1.1" 404 150 "-" "Mozilla/5.0 (iPhone; CPU iPhone OS 15_6_1 like Mac OS X) AppleWebKit/605.1.15 (KHTML, like Gecko) FxiOS/40.2  Mobile/15E148 Safari/605.1.15"
::ffff:66.249.66.63 - - [01/Sep/2022:05:59:40 +0000] "GET /robots.txt HTTP/1.1" 404 149 "-" "Mozilla/5.0 (compatible; Googlebot/2.1; +http://www.google.com/bot.html)"
::ffff:66.249.66.63 - - [01/Sep/2022:05:59:40 +0000] "GET / HTTP/1.1" 200 57721 "-" "Mozilla/5.0 (Linux; Android 6.0.1; Nexus 5X Build/MMB29P) AppleWebKit/537.36 (KHTML, like Gecko) Chrome/104.0.5112.101 Mobile Safari/537.36 (compatible; Googlebot/2.1; +http://www.google.com/bot.html)"
::ffff:20.150.151.99 - - [01/Sep/2022:06:07:44 +0000] "GET /wp-load.php HTTP/1.1" 404 150 "www.bing.com" "wp_is_mobile"
::ffff:20.150.151.99 - - [01/Sep/2022:06:07:44 +0000] "GET /style.php HTTP/1.1" 404 148 "www.bing.com" "wp_is_mobile"
::ffff:20.150.151.99 - - [01/Sep/2022:06:07:45 +0000] "GET /wp-admin/style.php HTTP/1.1" 404 157 "www.bing.com" "wp_is_mobile"
::ffff:20.150.151.99 - - [01/Sep/2022:06:07:45 +0000] "GET /s_e.php HTTP/1.1" 404 146 "www.bing.com" "wp_is_mobile"
::ffff:20.150.151.99 - - [01/Sep/2022:06:07:45 +0000] "GET /s_ne.php HTTP/1.1" 404 147 "www.bing.com" "wp_is_mobile"
::ffff:20.150.151.99 - - [01/Sep/2022:06:07:46 +0000] "GET /1index.php HTTP/1.1" 404 149 "www.bing.com" "Mozilla/5.0 (Windows NT 10.0; Win64; x64) AppleWebKit/537.36 (KHTML, like Gecko) Chrome/90.0.4430.85 Safari/537.36"
::ffff:20.150.151.99 - - [01/Sep/2022:06:07:46 +0000] "GET /radio.php HTTP/1.1" 404 148 "www.bing.com" "wp_is_mobile"
::ffff:20.150.151.99 - - [01/Sep/2022:06:07:47 +0000] "GET /doc.php HTTP/1.1" 404 146 "www.bing.com" "wp_is_mobile"
::ffff:20.150.151.99 - - [01/Sep/2022:06:07:48 +0000] "GET /wp_wrong_datlib.php HTTP/1.1" 404 158 "www.bing.com" "Mozilla/5.0 (Windows NT 10.0; Win64; x64) AppleWebKit/537.36 (KHTML, like Gecko) Chrome/90.0.4430.85 Safari/537.36"
::ffff:20.150.151.99 - - [01/Sep/2022:06:07:48 +0000] "GET /beence.php HTTP/1.1" 404 149 "www.bing.com" "Mozilla/5.0 (Windows NT 10.0; Win64; x64) AppleWebKit/537.36 (KHTML, like Gecko) Chrome/90.0.4430.85 Safari/537.36"
::ffff:20.150.151.99 - - [01/Sep/2022:06:07:49 +0000] "GET /ups.php HTTP/1.1" 404 146 "www.bing.com" "wp_is_mobile"
::ffff:20.150.151.99 - - [01/Sep/2022:06:07:49 +0000] "GET /wp-signin.php?dizo&ping HTTP/1.1" 404 152 "www.bing.com" "wp_is_mobile"
::ffff:20.150.151.99 - - [01/Sep/2022:06:07:53 +0000] "GET /media-admin.php HTTP/1.1" 404 154 "www.bing.com" "wp_is_mobile"
::ffff:20.150.151.99 - - [01/Sep/2022:06:07:54 +0000] "GET /export.php HTTP/1.1" 404 149 "www.bing.com" "Mozilla/5.0 (Windows NT 10.0; Win64; x64) AppleWebKit/537.36 (KHTML, like Gecko) Chrome/90.0.4430.85 Safari/537.36"
::ffff:20.150.151.99 - - [01/Sep/2022:06:07:55 +0000] "GET /wp-content/export.php HTTP/1.1" 404 160 "www.bing.com" "Mozilla/5.0 (Windows NT 10.0; Win64; x64) AppleWebKit/537.36 (KHTML, like Gecko) Chrome/90.0.4430.85 Safari/537.36"
::ffff:20.150.151.99 - - [01/Sep/2022:06:08:00 +0000] "GET /wp-includes/wp-class.php HTTP/1.1" 404 163 "www.bing.com" "wp_is_mobile"
::ffff:20.150.151.99 - - [01/Sep/2022:06:08:05 +0000] "GET /wp-includes/wp-atom.php HTTP/1.1" 404 162 "www.bing.com" "Mozilla/5.0 (Windows NT 10.0; Win64; x64) AppleWebKit/537.36 (KHTML, like Gecko) Chrome/90.0.4430.85 Safari/537.36"
::ffff:20.150.151.99 - - [01/Sep/2022:06:08:06 +0000] "GET /wp-includes/images/css.php HTTP/1.1" 404 165 "www.bing.com" "Mozilla/5.0 (Windows NT 10.0; Win64; x64) AppleWebKit/537.36 (KHTML, like Gecko) Chrome/90.0.4430.85 Safari/537.36"
::ffff:20.150.151.99 - - [01/Sep/2022:06:08:07 +0000] "GET /wp-includes/css/css.php HTTP/1.1" 404 162 "www.bing.com" "Mozilla/5.0 (Windows NT 10.0; Win64; x64) AppleWebKit/537.36 (KHTML, like Gecko) Chrome/90.0.4430.85 Safari/537.36"
::ffff:20.150.151.99 - - [01/Sep/2022:06:08:07 +0000] "GET /defau1t.php HTTP/1.1" 404 150 "www.bing.com" "Mozilla/5.0 (Windows NT 10.0; Win64; x64) AppleWebKit/537.36 (KHTML, like Gecko) Chrome/90.0.4430.85 Safari/537.36"
::ffff:20.150.151.99 - - [01/Sep/2022:06:08:11 +0000] "GET /moduless.php HTTP/1.1" 404 151 "www.bing.com" "Mozilla/5.0 (Windows NT 10.0; Win64; x64) AppleWebKit/537.36 (KHTML, like Gecko) Chrome/90.0.4430.85 Safari/537.36"
::ffff:20.150.151.99 - - [01/Sep/2022:06:08:12 +0000] "GET /wp-booking.php HTTP/1.1" 404 153 "www.bing.com" "wp_is_mobile"
::ffff:20.150.151.99 - - [01/Sep/2022:06:08:15 +0000] "GET /wp-content/plugins/backup_index.php HTTP/1.1" 404 174 "www.bing.com" "wp_is_mobile"
::ffff:20.150.151.99 - - [01/Sep/2022:06:08:16 +0000] "GET /wp-content/mu-plugins/db-safe-mode.php HTTP/1.1" 404 177 "www.bing.com" "wp_is_mobile"
::ffff:40.77.167.96 - - [01/Sep/2022:06:08:16 +0000] "GET /robots.txt HTTP/1.1" 404 149 "-" "Mozilla/5.0 (compatible; bingbot/2.0; +http://www.bing.com/bingbot.htm)"
::ffff:40.77.167.96 - - [01/Sep/2022:06:08:17 +0000] "GET /robots.txt HTTP/1.1" 404 149 "-" "Mozilla/5.0 (compatible; bingbot/2.0; +http://www.bing.com/bingbot.htm)"
::ffff:20.150.151.99 - - [01/Sep/2022:06:08:20 +0000] "GET /wp-includes/css/wp-config.php HTTP/1.1" 404 168 "www.bing.com" "wp_is_mobile"
::ffff:20.150.151.99 - - [01/Sep/2022:06:08:20 +0000] "GET /config.bak.php HTTP/1.1" 404 153 "www.bing.com" "wp_is_mobile"
::ffff:20.150.151.99 - - [01/Sep/2022:06:08:21 +0000] "GET /wp-content/themes/config.bak.php HTTP/1.1" 404 171 "www.bing.com" "wp_is_mobile"
::ffff:207.46.13.188 - - [01/Sep/2022:06:08:23 +0000] "GET / HTTP/1.1" 200 57721 "-" "Mozilla/5.0 (compatible; bingbot/2.0; +http://www.bing.com/bingbot.htm)"
::ffff:20.150.151.99 - - [01/Sep/2022:06:08:24 +0000] "GET /legion.php HTTP/1.1" 404 149 "www.bing.com" "wp_is_mobile"
::ffff:20.150.151.99 - - [01/Sep/2022:06:08:25 +0000] "GET /wp-content/plugins/wpconfig.bak.php?act=sf HTTP/1.1" 404 174 "www.bing.com" "Mozilla/5.0 (Windows NT 10.0; Win64; x64) AppleWebKit/537.36 (KHTML, like Gecko) Chrome/90.0.4430.85 Safari/537.36"
::ffff:20.150.151.99 - - [01/Sep/2022:06:08:29 +0000] "GET /wp-plugins.php HTTP/1.1" 404 153 "www.bing.com" "wp_is_mobile"
::ffff:20.150.151.99 - - [01/Sep/2022:06:08:34 +0000] "GET /gank.php.PhP HTTP/1.1" 404 151 "www.bing.com" "wp_is_mobile"
::ffff:20.150.151.99 - - [01/Sep/2022:06:08:34 +0000] "GET /wp-content/db-cache.php HTTP/1.1" 404 162 "www.bing.com" "wp_is_mobile"
::ffff:20.150.151.99 - - [01/Sep/2022:06:08:38 +0000] "GET /archives.php HTTP/1.1" 404 151 "www.bing.com" "Mozilla/5.0 (Windows NT 10.0; Win64; x64) AppleWebKit/537.36 (KHTML, like Gecko) Chrome/90.0.4430.85 Safari/537.36"
::ffff:20.150.151.99 - - [01/Sep/2022:06:08:42 +0000] "GET /defau11.php HTTP/1.1" 404 150 "www.bing.com" "Mozilla/5.0 (Windows NT 10.0; Win64; x64) AppleWebKit/537.36 (KHTML, like Gecko) Chrome/90.0.4430.85 Safari/537.36"
::ffff:20.150.151.99 - - [01/Sep/2022:06:08:43 +0000] "GET /wp-content/outcms.php?up HTTP/1.1" 404 160 "www.bing.com" "wp_is_mobile"
::ffff:207.46.13.173 - - [01/Sep/2022:06:08:44 +0000] "GET /css/wadokikai.css HTTP/1.1" 200 4337 "-" "Mozilla/5.0 (compatible; bingbot/2.0; +http://www.bing.com/bingbot.htm)"
::ffff:20.150.151.99 - - [01/Sep/2022:06:08:47 +0000] "GET /system_log.php?bala=up HTTP/1.1" 404 153 "www.bing.com" "wp_is_mobile"
::ffff:20.150.151.99 - - [01/Sep/2022:06:08:48 +0000] "GET /wp-backup-sql-302.php HTTP/1.1" 404 160 "www.bing.com" "wp_is_mobile"
::ffff:40.77.167.22 - - [01/Sep/2022:06:08:48 +0000] "GET /js/common.js HTTP/1.1" 200 2255 "-" "Mozilla/5.0 (compatible; bingbot/2.0; +http://www.bing.com/bingbot.htm)"
::ffff:20.150.151.99 - - [01/Sep/2022:06:08:52 +0000] "GET /error.php?phpshells HTTP/1.1" 404 148 "www.bing.com" "wp_is_mobile"
::ffff:20.150.151.99 - - [01/Sep/2022:06:08:53 +0000] "GET /ALFA_DATA HTTP/1.1" 404 148 "www.bing.com" "wp_is_mobile"
::ffff:20.150.151.99 - - [01/Sep/2022:06:08:53 +0000] "GET /alfacgiapi HTTP/1.1" 404 149 "www.bing.com" "wp_is_mobile"
::ffff:20.150.151.99 - - [01/Sep/2022:06:08:57 +0000] "GET /cgialfa HTTP/1.1" 404 146 "www.bing.com" "wp_is_mobile"
::ffff:20.150.151.99 - - [01/Sep/2022:06:09:02 +0000] "GET /.well-known/ALFA_DATA HTTP/1.1" 404 160 "www.bing.com" "wp_is_mobile"
::ffff:20.150.151.99 - - [01/Sep/2022:06:09:03 +0000] "GET /.well-known/alfacgiapi HTTP/1.1" 404 161 "www.bing.com" "wp_is_mobile"
::ffff:20.150.151.99 - - [01/Sep/2022:06:09:04 +0000] "GET /.well-known/cgialfa HTTP/1.1" 404 158 "www.bing.com" "wp_is_mobile"
::ffff:20.150.151.99 - - [01/Sep/2022:06:09:06 +0000] "GET /wp-content/uploads/ALFA_DATA HTTP/1.1" 404 167 "www.bing.com" "wp_is_mobile"
::ffff:20.150.151.99 - - [01/Sep/2022:06:09:07 +0000] "GET /wp-content/uploads/alfacgiapi HTTP/1.1" 404 168 "www.bing.com" "wp_is_mobile"
::ffff:20.150.151.99 - - [01/Sep/2022:06:09:08 +0000] "GET /wp-content/uploads/cgialfa HTTP/1.1" 404 165 "www.bing.com" "wp_is_mobile"
::ffff:20.150.151.99 - - [01/Sep/2022:06:09:09 +0000] "GET /wp-includes/ALFA_DATA HTTP/1.1" 404 160 "www.bing.com" "wp_is_mobile"
::ffff:20.150.151.99 - - [01/Sep/2022:06:09:10 +0000] "GET /wp-includes/alfacgiapi HTTP/1.1" 404 161 "www.bing.com" "wp_is_mobile"
::ffff:20.150.151.99 - - [01/Sep/2022:06:09:11 +0000] "GET /wp-includes/cgialfa HTTP/1.1" 404 158 "www.bing.com" "wp_is_mobile"
::ffff:20.150.151.99 - - [01/Sep/2022:06:09:13 +0000] "GET /wp-admin/ALFA_DATA HTTP/1.1" 404 157 "www.bing.com" "wp_is_mobile"
::ffff:20.150.151.99 - - [01/Sep/2022:06:09:14 +0000] "GET /wp-admin/alfacgiapi HTTP/1.1" 404 158 "www.bing.com" "wp_is_mobile"
::ffff:20.150.151.99 - - [01/Sep/2022:06:09:14 +0000] "GET /wp-admin/cgialfa HTTP/1.1" 404 155 "www.bing.com" "wp_is_mobile"
::ffff:20.150.151.99 - - [01/Sep/2022:06:09:16 +0000] "GET /wp-content/ALFA_DATA HTTP/1.1" 404 159 "www.bing.com" "wp_is_mobile"
::ffff:20.150.151.99 - - [01/Sep/2022:06:09:17 +0000] "GET /wp-content/alfacgiapi HTTP/1.1" 404 160 "www.bing.com" "wp_is_mobile"
::ffff:20.150.151.99 - - [01/Sep/2022:06:09:18 +0000] "GET /wp-content/cgialfa HTTP/1.1" 404 157 "www.bing.com" "wp_is_mobile"
::ffff:20.150.151.99 - - [01/Sep/2022:06:09:19 +0000] "GET /templates/beez3/ALFA_DATA HTTP/1.1" 404 164 "www.bing.com" "wp_is_mobile"
::ffff:20.150.151.99 - - [01/Sep/2022:06:09:20 +0000] "GET /templates/beez3/alfacgiapi HTTP/1.1" 404 165 "www.bing.com" "wp_is_mobile"
::ffff:20.150.151.99 - - [01/Sep/2022:06:09:20 +0000] "GET /templates/beez3/cgialfa HTTP/1.1" 404 162 "www.bing.com" "wp_is_mobile"
::ffff:20.150.151.99 - - [01/Sep/2022:06:09:21 +0000] "GET /sites/default/files/ALFA_DATA HTTP/1.1" 404 168 "www.bing.com" "wp_is_mobile"
::ffff:20.150.151.99 - - [01/Sep/2022:06:09:22 +0000] "GET /sites/default/files/alfacgiapi HTTP/1.1" 404 169 "www.bing.com" "wp_is_mobile"
::ffff:20.150.151.99 - - [01/Sep/2022:06:09:24 +0000] "GET /sites/default/files/cgialfa HTTP/1.1" 404 166 "www.bing.com" "wp_is_mobile"
::ffff:20.150.151.99 - - [01/Sep/2022:06:09:25 +0000] "GET /admin/controller/extension/extension/ALFA_DATA HTTP/1.1" 404 185 "www.bing.com" "wp_is_mobile"
::ffff:20.150.151.99 - - [01/Sep/2022:06:09:26 +0000] "GET /admin/controller/extension/extension/alfacgiapi HTTP/1.1" 404 186 "www.bing.com" "wp_is_mobile"
::ffff:20.150.151.99 - - [01/Sep/2022:06:09:27 +0000] "GET /admin/controller/extension/extension/cgialfa HTTP/1.1" 404 183 "www.bing.com" "wp_is_mobile"
::ffff:20.150.151.99 - - [01/Sep/2022:06:09:28 +0000] "GET /wp-content/plugins/ubh/up.php HTTP/1.1" 404 168 "www.bing.com" "wp_is_mobile"
::ffff:20.150.151.99 - - [01/Sep/2022:06:09:29 +0000] "GET /index.php?3x=3x HTTP/1.1" 404 148 "www.bing.com" "wp_is_mobile"
::ffff:20.150.151.99 - - [01/Sep/2022:06:09:30 +0000] "GET /olux.php HTTP/1.1" 404 147 "www.bing.com" "wp_is_mobile"
::ffff:20.150.151.99 - - [01/Sep/2022:06:09:30 +0000] "GET /xleet.php HTTP/1.1" 404 148 "www.bing.com" "wp_is_mobile"
::ffff:20.150.151.99 - - [01/Sep/2022:06:09:31 +0000] "GET /wso.php HTTP/1.1" 404 146 "www.bing.com" "wp_is_mobile"
::ffff:20.150.151.99 - - [01/Sep/2022:06:09:32 +0000] "GET /shell.php HTTP/1.1" 404 148 "www.bing.com" "wp_is_mobile"
::ffff:20.150.151.99 - - [01/Sep/2022:06:09:32 +0000] "GET /up.php HTTP/1.1" 404 145 "www.bing.com" "wp_is_mobile"
::ffff:20.150.151.99 - - [01/Sep/2022:06:09:33 +0000] "GET /upload.php HTTP/1.1" 404 149 "www.bing.com" "wp_is_mobile"
::ffff:20.150.151.99 - - [01/Sep/2022:06:09:33 +0000] "GET /1.php HTTP/1.1" 404 144 "www.bing.com" "wp_is_mobile"
::ffff:20.150.151.99 - - [01/Sep/2022:06:09:33 +0000] "GET /x.php HTTP/1.1" 404 144 "www.bing.com" "wp_is_mobile"
::ffff:20.150.151.99 - - [01/Sep/2022:06:09:34 +0000] "GET /z.php HTTP/1.1" 404 144 "www.bing.com" "wp_is_mobile"
::ffff:20.150.151.99 - - [01/Sep/2022:06:09:35 +0000] "GET /a.php HTTP/1.1" 404 144 "www.bing.com" "wp_is_mobile"
::ffff:20.150.151.99 - - [01/Sep/2022:06:09:36 +0000] "GET /test.php HTTP/1.1" 404 147 "www.bing.com" "wp_is_mobile"
::ffff:20.150.151.99 - - [01/Sep/2022:06:09:36 +0000] "GET /wp.php HTTP/1.1" 404 145 "www.bing.com" "wp_is_mobile"
::ffff:20.150.151.99 - - [01/Sep/2022:06:09:36 +0000] "GET /alfa.php HTTP/1.1" 404 147 "www.bing.com" "wp_is_mobile"
::ffff:20.150.151.99 - - [01/Sep/2022:06:09:37 +0000] "GET /config.php HTTP/1.1" 404 149 "www.bing.com" "wp_is_mobile"
::ffff:20.150.151.99 - - [01/Sep/2022:06:09:37 +0000] "GET /templates/beez3/index.php HTTP/1.1" 404 164 "www.bing.com" "wp_is_mobile"
::ffff:20.150.151.99 - - [01/Sep/2022:06:09:37 +0000] "GET /about.php HTTP/1.1" 404 148 "www.bing.com" "wp_is_mobile"
::ffff:20.150.151.99 - - [01/Sep/2022:06:09:38 +0000] "GET /shells.php HTTP/1.1" 404 149 "www.bing.com" "wp_is_mobile"
::ffff:185.254.196.115 - - [01/Sep/2022:06:16:33 +0000] "GET /.env HTTP/1.1" 404 143 "-" "Mozilla/5.0 (X11; Linux x86_64) AppleWebKit/537.36 (KHTML, like Gecko) Chrome/81.0.4044.129 Safari/537.36"
::ffff:185.254.196.115 - - [01/Sep/2022:06:16:33 +0000] "POST / HTTP/1.1" 404 140 "-" "Mozilla/5.0 (X11; Linux x86_64) AppleWebKit/537.36 (KHTML, like Gecko) Chrome/81.0.4044.129 Safari/537.36"
::ffff:66.249.79.165 - - [01/Sep/2022:06:25:04 +0000] "GET /robots.txt HTTP/1.1" 404 149 "-" "Mozilla/5.0 (compatible; Googlebot/2.1; +http://www.google.com/bot.html)"
::ffff:66.249.79.165 - - [01/Sep/2022:06:25:04 +0000] "GET /ads.txt HTTP/1.1" 404 146 "-" "Mozilla/5.0 (compatible; Googlebot/2.1; +http://www.google.com/bot.html)"
::ffff:66.249.79.180 - - [01/Sep/2022:06:25:04 +0000] "GET /robots.txt HTTP/1.1" 404 149 "-" "Mozilla/5.0 (compatible; Googlebot/2.1; +http://www.google.com/bot.html)"
::ffff:66.249.79.172 - - [01/Sep/2022:06:25:04 +0000] "GET /robots.txt HTTP/1.1" 404 149 "-" "Mozilla/5.0 (compatible; Googlebot/2.1; +http://www.google.com/bot.html)"
::ffff:66.249.79.187 - - [01/Sep/2022:06:25:04 +0000] "GET /robots.txt HTTP/1.1" 404 149 "-" "Mozilla/5.0 (compatible; Googlebot/2.1; +http://www.google.com/bot.html)"
::ffff:66.249.79.184 - - [01/Sep/2022:06:25:04 +0000] "GET /ads.txt HTTP/1.1" 404 146 "-" "Mozilla/5.0 (compatible; Googlebot/2.1; +http://www.google.com/bot.html)"
::ffff:66.249.79.174 - - [01/Sep/2022:06:25:04 +0000] "GET /ads.txt HTTP/1.1" 404 146 "-" "Mozilla/5.0 (compatible; Googlebot/2.1; +http://www.google.com/bot.html)"
::ffff:66.249.79.191 - - [01/Sep/2022:06:25:04 +0000] "GET /ads.txt HTTP/1.1" 404 146 "-" "Mozilla/5.0 (compatible; Googlebot/2.1; +http://www.google.com/bot.html)"
::ffff:80.87.206.250 - - [01/Sep/2022:06:26:02 +0000] "GET / HTTP/1.1" 200 57721 "-" "Mozilla/5.0 (Linux; Android 10; LIO-AN00 Build/HUAWEILIO-AN00; wv) AppleWebKit/537.36 (KHTML, like Gecko) Chrome/103.0.5060.114 Mobile Safari/537.36"
::ffff:80.87.206.250 - - [01/Sep/2022:06:26:02 +0000] "GET /Public/home/js/check.js HTTP/1.1" 404 162 "-" "Mozilla/5.0 (Linux; Android 10; LIO-AN00 Build/HUAWEILIO-AN00; wv) AppleWebKit/537.36 (KHTML, like Gecko) Chrome/103.0.5060.114 Mobile Safari/537.36"
::ffff:80.87.206.250 - - [01/Sep/2022:06:26:02 +0000] "GET /static/admin/javascript/hetong.js HTTP/1.1" 404 172 "-" "Mozilla/5.0 (Linux; Android 10; LIO-AN00 Build/HUAWEILIO-AN00; wv) AppleWebKit/537.36 (KHTML, like Gecko) Chrome/103.0.5060.114 Mobile Safari/537.36"
::ffff:162.255.116.17 - - [01/Sep/2022:06:29:57 +0000] "GET /remote/fgt_lang?lang=/../../../..//////////dev/cmdb/sslvpn_websession HTTP/1.1" 404 154 "-" "Python-urllib/3.8"
::ffff:40.77.167.22 - - [01/Sep/2022:06:43:08 +0000] "GET /images/andrea.jpg HTTP/1.1" 404 156 "-" "Mozilla/5.0 (compatible; bingbot/2.0; +http://www.bing.com/bingbot.htm)"
::ffff:20.191.45.212 - - [01/Sep/2022:06:50:27 +0000] "GET / HTTP/1.1" 200 57721 "http://wadokikai.org/" "Mozilla/5.0 (compatible; DuckDuckGo-Favicons-Bot/1.0; +http://duckduckgo.com)"
::ffff:20.191.45.212 - - [01/Sep/2022:06:50:27 +0000] "GET /images/favicon.ico HTTP/1.1" 200 3638 "http://wadokikai.org/images/favicon.ico" "Mozilla/5.0 (compatible; DuckDuckGo-Favicons-Bot/1.0; +http://duckduckgo.com)"
::ffff:40.77.167.34 - - [01/Sep/2022:07:15:22 +0000] "GET /images/schools/alamedakaratedomap.jpg HTTP/1.1" 200 38311 "-" "Mozilla/5.0 (compatible; bingbot/2.0; +http://www.bing.com/bingbot.htm)"
::ffff:86.104.135.113 - - [01/Sep/2022:07:16:31 +0000] "GET / HTTP/1.1" 200 57721 "-" "Mozilla/5.0 (Windows NT 6.1; WOW64) AppleWebKit/537.36 (KHTML, like Gecko) Chrome/52.0.2743.116 Safari/537.36"
::ffff:171.22.30.251 - - [01/Sep/2022:07:18:11 +0000] "GET /cpanel HTTP/1.1" 404 145 "-" "Mozilla/5.0 (Macintosh; Intel Mac OS X 10_10_1) AppleWebKit/537.36 (KHTML, like Gecko) Chrome/39.0.2171.95 Safari/537.36"
::ffff:171.22.30.251 - - [01/Sep/2022:07:19:18 +0000] "GET /cpanel HTTP/1.1" 404 145 "-" "Mozilla/5.0 (Macintosh; Intel Mac OS X 10_10_1) AppleWebKit/537.36 (KHTML, like Gecko) Chrome/39.0.2171.95 Safari/537.36"
::ffff:91.232.193.238 - - [01/Sep/2022:07:31:20 +0000] "GET / HTTP/1.1" 200 57721 "-" "Mozilla/5.0 (Windows NT 10.0; WOW64) AppleWebKit/537.36 (KHTML, like Gecko) Chrome/52.0.2743.116 Safari/537.36"
::ffff:157.55.39.54 - - [01/Sep/2022:07:34:05 +0000] "GET /robots.txt HTTP/1.1" 404 149 "-" "Mozilla/5.0 (compatible; bingbot/2.0; +http://www.bing.com/bingbot.htm)"
::ffff:157.55.39.86 - - [01/Sep/2022:07:34:15 +0000] "GET / HTTP/1.1" 200 57721 "-" "Mozilla/5.0 (compatible; bingbot/2.0; +http://www.bing.com/bingbot.htm)"
::ffff:185.254.196.115 - - [01/Sep/2022:07:50:23 +0000] "GET /.env HTTP/1.1" 404 143 "-" "Mozilla/5.0 (X11; Linux x86_64) AppleWebKit/537.36 (KHTML, like Gecko) Chrome/81.0.4044.129 Safari/537.36"
::ffff:185.254.196.115 - - [01/Sep/2022:07:50:24 +0000] "POST / HTTP/1.1" 404 140 "-" "Mozilla/5.0 (X11; Linux x86_64) AppleWebKit/537.36 (KHTML, like Gecko) Chrome/81.0.4044.129 Safari/537.36"
::ffff:135.125.246.189 - - [01/Sep/2022:07:52:22 +0000] "POST / HTTP/1.1" 404 140 "-" "Mozilla/5.0 (X11; Linux x86_64) AppleWebKit/537.36 (KHTML, like Gecko) Chrome/81.0.4044.129 Safari/537.36"
::ffff:135.125.246.189 - - [01/Sep/2022:07:52:22 +0000] "GET /.env HTTP/1.1" 404 143 "-" "Mozilla/5.0 (X11; Linux x86_64) AppleWebKit/537.36 (KHTML, like Gecko) Chrome/81.0.4044.129 Safari/537.36"
::ffff:157.55.39.54 - - [01/Sep/2022:08:12:03 +0000] "GET /robots.txt HTTP/1.1" 404 149 "-" "Mozilla/5.0 (compatible; bingbot/2.0; +http://www.bing.com/bingbot.htm)"
::ffff:207.46.13.74 - - [01/Sep/2022:08:12:14 +0000] "GET /sfdojo/images/wkkpatch.jpg HTTP/1.1" 404 165 "-" "Mozilla/5.0 (compatible; bingbot/2.0; +http://www.bing.com/bingbot.htm)"
::ffff:207.46.13.173 - - [01/Sep/2022:08:12:25 +0000] "GET /instructors HTTP/1.1" 404 150 "-" "Mozilla/5.0 (compatible; bingbot/2.0; +http://www.bing.com/bingbot.htm)"
::ffff:154.209.125.67 - - [01/Sep/2022:08:14:32 +0000] "GET / HTTP/1.1" 200 57721 "-" "Mozilla/5.0 (Macintosh; Intel Mac OS X 10.11; rv:47.0) Gecko/20100101 Firefox/47.0"
::ffff:167.172.229.121 - - [01/Sep/2022:08:15:09 +0000] "HEAD / HTTP/1.0" 200 57721 "-" "-"
::ffff:167.172.229.121 - - [01/Sep/2022:08:15:09 +0000] "GET /system_api.php HTTP/1.1" 404 153 "-" "Mozilla/5.0 (Windows NT 10.0; Win64; x64) AppleWebKit/537.36 (KHTML, like Gecko) Chrome/74.0.3729.169 Safari/537.36"
::ffff:167.172.229.121 - - [01/Sep/2022:08:15:09 +0000] "GET /c/version.js HTTP/1.1" 404 151 "-" "Mozilla/5.0 (Windows NT 10.0; Win64; x64) AppleWebKit/537.36 (KHTML, like Gecko) Chrome/74.0.3729.169 Safari/537.36"
::ffff:167.172.229.121 - - [01/Sep/2022:08:15:10 +0000] "GET /streaming/clients_live.php HTTP/1.1" 404 165 "-" "Mozilla/5.0 (Windows NT 10.0; Win64; x64) AppleWebKit/537.36 (KHTML, like Gecko) Chrome/74.0.3729.169 Safari/537.36"
::ffff:167.172.229.121 - - [01/Sep/2022:08:15:10 +0000] "GET /stalker_portal/c/version.js HTTP/1.1" 404 166 "-" "Mozilla/5.0 (Windows NT 10.0; Win64; x64) AppleWebKit/537.36 (KHTML, like Gecko) Chrome/74.0.3729.169 Safari/537.36"
::ffff:167.172.229.121 - - [01/Sep/2022:08:15:10 +0000] "GET /stream/live.php HTTP/1.1" 404 154 "-" "Mozilla/5.0 (Windows NT 6.1; WOW64) AppleWebKit/537.36 (KHTML, like Gecko) Spotify / 1.1.39.612 Safari / 537.36"
::ffff:167.172.229.121 - - [01/Sep/2022:08:15:11 +0000] "GET /flu/403.html HTTP/1.1" 404 151 "-" "Mozilla/5.0 (Windows NT 10.0; Win64; x64) AppleWebKit/537.36 (KHTML, like Gecko) Chrome/74.0.3729.169 Safari/537.36"
::ffff:167.172.229.121 - - [01/Sep/2022:08:15:11 +0000] "GET / HTTP/1.1" 200 57721 "-" "Mozilla/5.0 (Windows NT 10.0; Win64; x64) AppleWebKit/537.36 (KHTML, like Gecko) Chrome/74.0.3729.169 Safari/537.36"
::ffff:114.119.130.210 - - [01/Sep/2022:08:25:33 +0000] "GET /robots.txt HTTP/1.1" 404 149 "-" "Mozilla/5.0 (compatible;PetalBot;+https://webmaster.petalsearch.com/site/petalbot)"
::ffff:192.3.101.119 - - [01/Sep/2022:08:40:29 +0000] "GET /.env HTTP/1.1" 404 143 "-" "Python/3.7 aiohttp/3.7.4.post0"
::ffff:192.3.101.119 - - [01/Sep/2022:08:40:29 +0000] "POST / HTTP/1.1" 404 140 "-" "Python/3.7 aiohttp/3.7.4.post0"
::ffff:192.3.101.119 - - [01/Sep/2022:08:40:29 +0000] "POST / HTTP/1.1" 404 140 "-" "Python/3.7 aiohttp/3.7.4.post0"
::ffff:42.83.147.34 - - [01/Sep/2022:08:54:50 +0000] "GET / HTTP/1.1" 200 57721 "-" "Mozilla/5.0 (Windows NT 6.1; Win64; x64) AppleWebKit/537.36 (KHTML, like Gecko)Chrome/74.0.3729.169 Safari/537.36"
::ffff:114.119.152.12 - - [01/Sep/2022:09:01:40 +0000] "GET /images/tournaments/2022LEAGUEDivisions.pdf HTTP/1.1" 200 766218 "http://www.wadokikai.org/events" "Mozilla/5.0 (Linux; Android 7.0;) AppleWebKit/537.36 (KHTML, like Gecko) Mobile Safari/537.36 (compatible; PetalBot;+https://webmaster.petalsearch.com/site/petalbot)"
::ffff:114.119.145.198 - - [01/Sep/2022:09:02:38 +0000] "GET /contact?s=1&ss=1 HTTP/1.1" 200 9997 "http://34.212.47.6/" "Mozilla/5.0 (Linux; Android 7.0;) AppleWebKit/537.36 (KHTML, like Gecko) Mobile Safari/537.36 (compatible; PetalBot;+https://webmaster.petalsearch.com/site/petalbot)"
::ffff:45.79.171.66 - - [01/Sep/2022:09:13:02 +0000] "GET /service.php?token=1819&action=11 HTTP/1.0" 404 150 "-" "-"
::ffff:114.119.152.12 - - [01/Sep/2022:09:18:41 +0000] "GET /contact?s=1&ss=7 HTTP/1.1" 200 9997 "http://www.wadokikai.org/schools" "Mozilla/5.0 (Linux; Android 7.0;) AppleWebKit/537.36 (KHTML, like Gecko) Mobile Safari/537.36 (compatible; PetalBot;+https://webmaster.petalsearch.com/site/petalbot)"
::ffff:135.125.246.189 - - [01/Sep/2022:09:21:52 +0000] "POST / HTTP/1.1" 404 140 "-" "Mozilla/5.0 (X11; Linux x86_64) AppleWebKit/537.36 (KHTML, like Gecko) Chrome/81.0.4044.129 Safari/537.36"
::ffff:135.125.246.189 - - [01/Sep/2022:09:21:52 +0000] "GET /.env HTTP/1.1" 404 143 "-" "Mozilla/5.0 (X11; Linux x86_64) AppleWebKit/537.36 (KHTML, like Gecko) Chrome/81.0.4044.129 Safari/537.36"
::ffff:185.254.196.115 - - [01/Sep/2022:09:23:39 +0000] "GET /.env HTTP/1.1" 404 143 "-" "Mozilla/5.0 (X11; Linux x86_64) AppleWebKit/537.36 (KHTML, like Gecko) Chrome/81.0.4044.129 Safari/537.36"
::ffff:185.254.196.115 - - [01/Sep/2022:09:23:45 +0000] "POST / HTTP/1.1" 404 140 "-" "Mozilla/5.0 (X11; Linux x86_64) AppleWebKit/537.36 (KHTML, like Gecko) Chrome/81.0.4044.129 Safari/537.36"
::ffff:114.119.152.12 - - [01/Sep/2022:09:29:49 +0000] "GET /index2.php/docs/docs/docs/TwentyGuidingPriciplesOfKarate.pdf HTTP/1.1" 404 199 "http://www.wadokikai.org/index2.php/docs/docs/index.php" "Mozilla/5.0 (Linux; Android 7.0;) AppleWebKit/537.36 (KHTML, like Gecko) Mobile Safari/537.36 (compatible; PetalBot;+https://webmaster.petalsearch.com/site/petalbot)"
::ffff:157.55.39.86 - - [01/Sep/2022:09:31:36 +0000] "GET / HTTP/1.1" 200 57721 "-" "Mozilla/5.0 (compatible; bingbot/2.0; +http://www.bing.com/bingbot.htm)"
::ffff:92.118.39.88 - - [01/Sep/2022:09:40:04 +0000] "GET / HTTP/1.1" 200 57721 "-" "Mozilla/5.0 (Windows NT 10.0; Win64; x64) AppleWebKit/537.36 (KHTML, like Gecko) Chrome/90.0.4430.85 Safari/537.36 Edg/90.0.818.46"
::ffff:114.119.152.108 - - [01/Sep/2022:09:41:07 +0000] "GET / HTTP/1.1" 200 57721 "http://www.wadokikai.org/joinemail?type=blackbeltclasses" "Mozilla/5.0 (Linux; Android 7.0;) AppleWebKit/537.36 (KHTML, like Gecko) Mobile Safari/537.36 (compatible; PetalBot;+https://webmaster.petalsearch.com/site/petalbot)"
::ffff:209.97.150.34 - - [01/Sep/2022:09:43:02 +0000] "GET / HTTP/1.1" 200 57721 "-" "Mozilla/5.0 (X11; Linux x86_64; rv:73.0) Gecko/20100101 Firefox/73.0"
::ffff:209.97.150.34 - - [01/Sep/2022:09:43:02 +0000] "GET /images/favicon.ico HTTP/1.1" 200 3638 "https://34.212.47.6/" "Mozilla/5.0 (X11; Linux x86_64; rv:73.0) Gecko/20100101 Firefox/73.0"
::ffff:192.3.101.119 - - [01/Sep/2022:09:45:30 +0000] "GET / HTTP/1.1" 200 57721 "-" "python-requests/2.28.1"
::ffff:192.3.101.119 - - [01/Sep/2022:09:45:30 +0000] "GET /.env HTTP/1.1" 404 143 "-" "Mozilla/5.0 (Linux; U; Android 4.4.2; en-US; HM NOTE 1W Build/KOT49H) AppleWebKit/534.30 (KHTML, like Gecko) Version/4.0 UCBrowser/11.0.5.850 U3/0.8.0 Mobile Safari/534.30"
::ffff:192.3.101.119 - - [01/Sep/2022:09:45:30 +0000] "POST / HTTP/1.1" 404 140 "-" "Mozilla/5.0 (Linux; U; Android 4.4.2; en-US; HM NOTE 1W Build/KOT49H) AppleWebKit/534.30 (KHTML, like Gecko) Version/4.0 UCBrowser/11.0.5.850 U3/0.8.0 Mobile Safari/534.30"
::ffff:40.77.167.96 - - [01/Sep/2022:09:45:33 +0000] "GET /robots.txt HTTP/1.1" 404 149 "-" "Mozilla/5.0 (compatible; bingbot/2.0; +http://www.bing.com/bingbot.htm)"
::ffff:40.77.167.96 - - [01/Sep/2022:09:45:33 +0000] "GET /robots.txt HTTP/1.1" 404 149 "-" "Mozilla/5.0 (compatible; bingbot/2.0; +http://www.bing.com/bingbot.htm)"
::ffff:40.77.167.34 - - [01/Sep/2022:09:45:41 +0000] "GET /images/schools/marinkaratedomap.jpg HTTP/1.1" 200 32400 "-" "Mozilla/5.0 (compatible; bingbot/2.0; +http://www.bing.com/bingbot.htm)"
::ffff:40.77.167.34 - - [01/Sep/2022:09:48:01 +0000] "GET /images/schools/earhartkaratedomap.jpg HTTP/1.1" 200 41366 "-" "Mozilla/5.0 (compatible; bingbot/2.0; +http://www.bing.com/bingbot.htm)"
::ffff:207.46.13.143 - - [01/Sep/2022:09:57:00 +0000] "GET /images/tournaments/NKD8202022.jpg HTTP/1.1" 200 493189 "-" "Mozilla/5.0 (compatible; bingbot/2.0; +http://www.bing.com/bingbot.htm)"
::ffff:135.125.246.189 - - [01/Sep/2022:09:59:12 +0000] "POST / HTTP/1.1" 404 140 "-" "Mozilla/5.0 (X11; Linux x86_64) AppleWebKit/537.36 (KHTML, like Gecko) Chrome/81.0.4044.129 Safari/537.36"
::ffff:135.125.246.189 - - [01/Sep/2022:09:59:13 +0000] "GET /.env HTTP/1.1" 404 143 "-" "Mozilla/5.0 (X11; Linux x86_64) AppleWebKit/537.36 (KHTML, like Gecko) Chrome/81.0.4044.129 Safari/537.36"
::ffff:20.254.107.77 - - [01/Sep/2022:10:00:56 +0000] "GET / HTTP/1.1" 200 57721 "-" "Go-http-client/1.1"
::ffff:20.254.107.77 - - [01/Sep/2022:10:00:56 +0000] "GET /wp-includes/css/buttons.css HTTP/1.1" 404 166 "-" "Go-http-client/1.1"
::ffff:20.254.107.77 - - [01/Sep/2022:10:00:57 +0000] "GET /media/system/js/core.js HTTP/1.1" 404 162 "-" "Go-http-client/1.1"
::ffff:3.109.114.192 - - [01/Sep/2022:10:07:21 +0000] "GET / HTTP/1.1" 200 57721 "-" "Mozilla/5.0 (Windows NT 10.0; Win64; x64) AppleWebKit/537.36 (KHTML, like Gecko) Chrome/59.0.3071.115 Safari/537.36"
::ffff:111.75.223.17 - - [01/Sep/2022:10:16:36 +0000] "GET / HTTP/1.1" 200 57721 "-" "Mozilla/5.0 (Windows NT 10.0; Win64; x64) AppleWebKit/537.36 (KHTML, like Gecko) Chrome/85.0.4183.121 Safari/537.36"
::ffff:111.75.223.17 - - [01/Sep/2022:10:16:39 +0000] "POST /sendemail HTTP/1.1" 302 82 "-" "Mozilla/5.0 (Windows NT 10.0; Win64; x64) AppleWebKit/537.36 (KHTML, like Gecko) Chrome/85.0.4183.121 Safari/537.36"
