::ffff:67.188.136.111 - - [11/Nov/2022:15:48:49 +0000] "GET /images/dragon-trans.png HTTP/1.1" 304 - "https://www.wadokikai.org/resources" "Mozilla/5.0 (iPhone; CPU iPhone OS 15_6_1 like Mac OS X) AppleWebKit/605.1.15 (KHTML, like Gecko) Version/15.6.1 Mobile/15E148 Safari/604.1"
::ffff:67.188.136.111 - - [11/Nov/2022:15:48:52 +0000] "GET /images/tiger.bmp HTTP/1.1" 304 - "https://www.wadokikai.org/resources" "Mozilla/5.0 (iPhone; CPU iPhone OS 15_6_1 like Mac OS X) AppleWebKit/605.1.15 (KHTML, like Gecko) Version/15.6.1 Mobile/15E148 Safari/604.1"
::ffff:67.188.136.111 - - [11/Nov/2022:15:48:56 +0000] "GET /images/dragon-trans.png HTTP/1.1" 304 - "https://www.wadokikai.org/resources" "Mozilla/5.0 (iPhone; CPU iPhone OS 15_6_1 like Mac OS X) AppleWebKit/605.1.15 (KHTML, like Gecko) Version/15.6.1 Mobile/15E148 Safari/604.1"
::ffff:67.188.136.111 - - [11/Nov/2022:15:48:59 +0000] "GET /images/tiger.bmp HTTP/1.1" 304 - "https://www.wadokikai.org/resources" "Mozilla/5.0 (iPhone; CPU iPhone OS 15_6_1 like Mac OS X) AppleWebKit/605.1.15 (KHTML, like Gecko) Version/15.6.1 Mobile/15E148 Safari/604.1"
::ffff:67.188.136.111 - - [11/Nov/2022:15:49:03 +0000] "GET /images/dragon-trans.png HTTP/1.1" 304 - "https://www.wadokikai.org/resources" "Mozilla/5.0 (iPhone; CPU iPhone OS 15_6_1 like Mac OS X) AppleWebKit/605.1.15 (KHTML, like Gecko) Version/15.6.1 Mobile/15E148 Safari/604.1"
::ffff:67.188.136.111 - - [11/Nov/2022:15:49:06 +0000] "GET /images/tiger.bmp HTTP/1.1" 304 - "https://www.wadokikai.org/resources" "Mozilla/5.0 (iPhone; CPU iPhone OS 15_6_1 like Mac OS X) AppleWebKit/605.1.15 (KHTML, like Gecko) Version/15.6.1 Mobile/15E148 Safari/604.1"
::ffff:67.188.136.111 - - [11/Nov/2022:15:49:10 +0000] "GET /images/dragon-trans.png HTTP/1.1" 304 - "https://www.wadokikai.org/resources" "Mozilla/5.0 (iPhone; CPU iPhone OS 15_6_1 like Mac OS X) AppleWebKit/605.1.15 (KHTML, like Gecko) Version/15.6.1 Mobile/15E148 Safari/604.1"
::ffff:67.188.136.111 - - [11/Nov/2022:15:49:13 +0000] "GET /images/tiger.bmp HTTP/1.1" 304 - "https://www.wadokikai.org/resources" "Mozilla/5.0 (iPhone; CPU iPhone OS 15_6_1 like Mac OS X) AppleWebKit/605.1.15 (KHTML, like Gecko) Version/15.6.1 Mobile/15E148 Safari/604.1"
::ffff:67.188.136.111 - - [11/Nov/2022:15:49:17 +0000] "GET /images/dragon-trans.png HTTP/1.1" 304 - "https://www.wadokikai.org/resources" "Mozilla/5.0 (iPhone; CPU iPhone OS 15_6_1 like Mac OS X) AppleWebKit/605.1.15 (KHTML, like Gecko) Version/15.6.1 Mobile/15E148 Safari/604.1"
::ffff:67.188.136.111 - - [11/Nov/2022:15:49:20 +0000] "GET /images/tiger.bmp HTTP/1.1" 304 - "https://www.wadokikai.org/resources" "Mozilla/5.0 (iPhone; CPU iPhone OS 15_6_1 like Mac OS X) AppleWebKit/605.1.15 (KHTML, like Gecko) Version/15.6.1 Mobile/15E148 Safari/604.1"
::ffff:67.188.136.111 - - [11/Nov/2022:15:49:24 +0000] "GET /images/dragon-trans.png HTTP/1.1" 304 - "https://www.wadokikai.org/resources" "Mozilla/5.0 (iPhone; CPU iPhone OS 15_6_1 like Mac OS X) AppleWebKit/605.1.15 (KHTML, like Gecko) Version/15.6.1 Mobile/15E148 Safari/604.1"
::ffff:67.188.136.111 - - [11/Nov/2022:15:49:27 +0000] "GET /images/tiger.bmp HTTP/1.1" 304 - "https://www.wadokikai.org/resources" "Mozilla/5.0 (iPhone; CPU iPhone OS 15_6_1 like Mac OS X) AppleWebKit/605.1.15 (KHTML, like Gecko) Version/15.6.1 Mobile/15E148 Safari/604.1"
::ffff:67.188.136.111 - - [11/Nov/2022:15:49:31 +0000] "GET /images/dragon-trans.png HTTP/1.1" 304 - "https://www.wadokikai.org/resources" "Mozilla/5.0 (iPhone; CPU iPhone OS 15_6_1 like Mac OS X) AppleWebKit/605.1.15 (KHTML, like Gecko) Version/15.6.1 Mobile/15E148 Safari/604.1"
::ffff:67.188.136.111 - - [11/Nov/2022:15:49:34 +0000] "GET /images/tiger.bmp HTTP/1.1" 304 - "https://www.wadokikai.org/resources" "Mozilla/5.0 (iPhone; CPU iPhone OS 15_6_1 like Mac OS X) AppleWebKit/605.1.15 (KHTML, like Gecko) Version/15.6.1 Mobile/15E148 Safari/604.1"
::ffff:67.188.136.111 - - [11/Nov/2022:15:49:38 +0000] "GET /images/dragon-trans.png HTTP/1.1" 304 - "https://www.wadokikai.org/resources" "Mozilla/5.0 (iPhone; CPU iPhone OS 15_6_1 like Mac OS X) AppleWebKit/605.1.15 (KHTML, like Gecko) Version/15.6.1 Mobile/15E148 Safari/604.1"
::ffff:67.188.136.111 - - [11/Nov/2022:15:49:41 +0000] "GET /images/tiger.bmp HTTP/1.1" 304 - "https://www.wadokikai.org/resources" "Mozilla/5.0 (iPhone; CPU iPhone OS 15_6_1 like Mac OS X) AppleWebKit/605.1.15 (KHTML, like Gecko) Version/15.6.1 Mobile/15E148 Safari/604.1"
::ffff:67.188.136.111 - - [11/Nov/2022:15:49:45 +0000] "GET /images/dragon-trans.png HTTP/1.1" 304 - "https://www.wadokikai.org/resources" "Mozilla/5.0 (iPhone; CPU iPhone OS 15_6_1 like Mac OS X) AppleWebKit/605.1.15 (KHTML, like Gecko) Version/15.6.1 Mobile/15E148 Safari/604.1"
::ffff:67.188.136.111 - - [11/Nov/2022:15:49:48 +0000] "GET /images/tiger.bmp HTTP/1.1" 304 - "https://www.wadokikai.org/resources" "Mozilla/5.0 (iPhone; CPU iPhone OS 15_6_1 like Mac OS X) AppleWebKit/605.1.15 (KHTML, like Gecko) Version/15.6.1 Mobile/15E148 Safari/604.1"
::ffff:67.188.136.111 - - [11/Nov/2022:15:49:52 +0000] "GET /images/dragon-trans.png HTTP/1.1" 304 - "https://www.wadokikai.org/resources" "Mozilla/5.0 (iPhone; CPU iPhone OS 15_6_1 like Mac OS X) AppleWebKit/605.1.15 (KHTML, like Gecko) Version/15.6.1 Mobile/15E148 Safari/604.1"
::ffff:67.188.136.111 - - [11/Nov/2022:15:49:55 +0000] "GET /images/tiger.bmp HTTP/1.1" 304 - "https://www.wadokikai.org/resources" "Mozilla/5.0 (iPhone; CPU iPhone OS 15_6_1 like Mac OS X) AppleWebKit/605.1.15 (KHTML, like Gecko) Version/15.6.1 Mobile/15E148 Safari/604.1"
::ffff:67.188.136.111 - - [11/Nov/2022:15:49:59 +0000] "GET /images/dragon-trans.png HTTP/1.1" 304 - "https://www.wadokikai.org/resources" "Mozilla/5.0 (iPhone; CPU iPhone OS 15_6_1 like Mac OS X) AppleWebKit/605.1.15 (KHTML, like Gecko) Version/15.6.1 Mobile/15E148 Safari/604.1"
::ffff:67.188.136.111 - - [11/Nov/2022:15:50:02 +0000] "GET /images/tiger.bmp HTTP/1.1" 304 - "https://www.wadokikai.org/resources" "Mozilla/5.0 (iPhone; CPU iPhone OS 15_6_1 like Mac OS X) AppleWebKit/605.1.15 (KHTML, like Gecko) Version/15.6.1 Mobile/15E148 Safari/604.1"
::ffff:67.188.136.111 - - [11/Nov/2022:15:50:06 +0000] "GET /images/dragon-trans.png HTTP/1.1" 304 - "https://www.wadokikai.org/resources" "Mozilla/5.0 (iPhone; CPU iPhone OS 15_6_1 like Mac OS X) AppleWebKit/605.1.15 (KHTML, like Gecko) Version/15.6.1 Mobile/15E148 Safari/604.1"
::ffff:98.234.224.71 - - [11/Nov/2022:15:50:21 +0000] "GET /images/dragon-trans.png HTTP/1.1" 304 - "http://wadokikai.org/?msg=sent" "Mozilla/5.0 (Windows NT 10.0; Win64; x64) AppleWebKit/537.36 (KHTML, like Gecko) Chrome/107.0.0.0 Safari/537.36"
::ffff:98.234.224.71 - - [11/Nov/2022:15:50:25 +0000] "GET /images/tiger.bmp HTTP/1.1" 304 - "http://wadokikai.org/?msg=sent" "Mozilla/5.0 (Windows NT 10.0; Win64; x64) AppleWebKit/537.36 (KHTML, like Gecko) Chrome/107.0.0.0 Safari/537.36"
::ffff:36.93.204.241 - - [11/Nov/2022:15:50:28 +0000] "GET / HTTP/1.1" 200 58140 "-" "Mozilla/5.0 (Macintosh; Intel Mac OS X 10_11_6) AppleWebKit/601.7.7 (KHTML, like Gecko) Version/9.1.2 Safari/601.7.7"
::ffff:67.188.136.111 - - [11/Nov/2022:15:52:09 +0000] "GET /images/tiger.bmp HTTP/1.1" 304 - "https://www.wadokikai.org/resources" "Mozilla/5.0 (iPhone; CPU iPhone OS 15_6_1 like Mac OS X) AppleWebKit/605.1.15 (KHTML, like Gecko) Version/15.6.1 Mobile/15E148 Safari/604.1"
::ffff:67.188.136.111 - - [11/Nov/2022:15:52:13 +0000] "GET /images/dragon-trans.png HTTP/1.1" 304 - "https://www.wadokikai.org/resources" "Mozilla/5.0 (iPhone; CPU iPhone OS 15_6_1 like Mac OS X) AppleWebKit/605.1.15 (KHTML, like Gecko) Version/15.6.1 Mobile/15E148 Safari/604.1"
::ffff:67.188.136.111 - - [11/Nov/2022:15:52:16 +0000] "GET /images/tiger.bmp HTTP/1.1" 304 - "https://www.wadokikai.org/resources" "Mozilla/5.0 (iPhone; CPU iPhone OS 15_6_1 like Mac OS X) AppleWebKit/605.1.15 (KHTML, like Gecko) Version/15.6.1 Mobile/15E148 Safari/604.1"
::ffff:67.188.136.111 - - [11/Nov/2022:15:52:20 +0000] "GET /images/dragon-trans.png HTTP/1.1" 304 - "https://www.wadokikai.org/resources" "Mozilla/5.0 (iPhone; CPU iPhone OS 15_6_1 like Mac OS X) AppleWebKit/605.1.15 (KHTML, like Gecko) Version/15.6.1 Mobile/15E148 Safari/604.1"
::ffff:67.188.136.111 - - [11/Nov/2022:15:52:23 +0000] "GET /images/tiger.bmp HTTP/1.1" 304 - "https://www.wadokikai.org/resources" "Mozilla/5.0 (iPhone; CPU iPhone OS 15_6_1 like Mac OS X) AppleWebKit/605.1.15 (KHTML, like Gecko) Version/15.6.1 Mobile/15E148 Safari/604.1"
::ffff:98.234.224.71 - - [11/Nov/2022:15:52:25 +0000] "GET /?msg=sent HTTP/1.1" 304 - "http://wadokikai.org/" "Mozilla/5.0 (Windows NT 10.0; Win64; x64) AppleWebKit/537.36 (KHTML, like Gecko) Chrome/107.0.0.0 Safari/537.36"
::ffff:98.234.224.71 - - [11/Nov/2022:15:52:25 +0000] "GET /css/wadokikai.css HTTP/1.1" 304 - "http://wadokikai.org/?msg=sent" "Mozilla/5.0 (Windows NT 10.0; Win64; x64) AppleWebKit/537.36 (KHTML, like Gecko) Chrome/107.0.0.0 Safari/537.36"
::ffff:98.234.224.71 - - [11/Nov/2022:15:52:25 +0000] "GET /js/common.js HTTP/1.1" 304 - "http://wadokikai.org/?msg=sent" "Mozilla/5.0 (Windows NT 10.0; Win64; x64) AppleWebKit/537.36 (KHTML, like Gecko) Chrome/107.0.0.0 Safari/537.36"
::ffff:98.234.224.71 - - [11/Nov/2022:15:52:25 +0000] "GET /images/wkkpatch22_med.png HTTP/1.1" 304 - "http://wadokikai.org/?msg=sent" "Mozilla/5.0 (Windows NT 10.0; Win64; x64) AppleWebKit/537.36 (KHTML, like Gecko) Chrome/107.0.0.0 Safari/537.36"
::ffff:98.234.224.71 - - [11/Nov/2022:15:52:25 +0000] "GET /images/schools/alamedakaratedomap.jpg HTTP/1.1" 304 - "http://wadokikai.org/?msg=sent" "Mozilla/5.0 (Windows NT 10.0; Win64; x64) AppleWebKit/537.36 (KHTML, like Gecko) Chrome/107.0.0.0 Safari/537.36"
::ffff:98.234.224.71 - - [11/Nov/2022:15:52:25 +0000] "GET /images/schools/orindakaratedomap.jpg HTTP/1.1" 304 - "http://wadokikai.org/?msg=sent" "Mozilla/5.0 (Windows NT 10.0; Win64; x64) AppleWebKit/537.36 (KHTML, like Gecko) Chrome/107.0.0.0 Safari/537.36"
::ffff:98.234.224.71 - - [11/Nov/2022:15:52:25 +0000] "GET /images/schools/dcakaratedomap.jpg HTTP/1.1" 304 - "http://wadokikai.org/?msg=sent" "Mozilla/5.0 (Windows NT 10.0; Win64; x64) AppleWebKit/537.36 (KHTML, like Gecko) Chrome/107.0.0.0 Safari/537.36"
::ffff:98.234.224.71 - - [11/Nov/2022:15:52:25 +0000] "GET /images/schools/harborbaykaratedomap.jpg HTTP/1.1" 304 - "http://wadokikai.org/?msg=sent" "Mozilla/5.0 (Windows NT 10.0; Win64; x64) AppleWebKit/537.36 (KHTML, like Gecko) Chrome/107.0.0.0 Safari/537.36"
::ffff:98.234.224.71 - - [11/Nov/2022:15:52:25 +0000] "GET /images/schools/corpuzkaratedomap.jpg HTTP/1.1" 304 - "http://wadokikai.org/?msg=sent" "Mozilla/5.0 (Windows NT 10.0; Win64; x64) AppleWebKit/537.36 (KHTML, like Gecko) Chrome/107.0.0.0 Safari/537.36"
::ffff:98.234.224.71 - - [11/Nov/2022:15:52:25 +0000] "GET /images/promotions/AFSPrelimSchedule.pdf HTTP/1.1" 304 - "http://wadokikai.org/?msg=sent" "Mozilla/5.0 (Windows NT 10.0; Win64; x64) AppleWebKit/537.36 (KHTML, like Gecko) Chrome/107.0.0.0 Safari/537.36"
::ffff:98.234.224.71 - - [11/Nov/2022:15:52:25 +0000] "GET /images/schools/nunleykaratedomap.jpg HTTP/1.1" 304 - "http://wadokikai.org/?msg=sent" "Mozilla/5.0 (Windows NT 10.0; Win64; x64) AppleWebKit/537.36 (KHTML, like Gecko) Chrome/107.0.0.0 Safari/537.36"
::ffff:98.234.224.71 - - [11/Nov/2022:15:52:25 +0000] "GET /images/schools/marinkaratedomap.jpg HTTP/1.1" 304 - "http://wadokikai.org/?msg=sent" "Mozilla/5.0 (Windows NT 10.0; Win64; x64) AppleWebKit/537.36 (KHTML, like Gecko) Chrome/107.0.0.0 Safari/537.36"
::ffff:98.234.224.71 - - [11/Nov/2022:15:52:25 +0000] "GET /images/schools/earhartkaratedomap.jpg HTTP/1.1" 304 - "http://wadokikai.org/?msg=sent" "Mozilla/5.0 (Windows NT 10.0; Win64; x64) AppleWebKit/537.36 (KHTML, like Gecko) Chrome/107.0.0.0 Safari/537.36"
::ffff:98.234.224.71 - - [11/Nov/2022:15:52:25 +0000] "GET /images/schools/manzanitakaratedomap.jpg HTTP/1.1" 304 - "http://wadokikai.org/?msg=sent" "Mozilla/5.0 (Windows NT 10.0; Win64; x64) AppleWebKit/537.36 (KHTML, like Gecko) Chrome/107.0.0.0 Safari/537.36"
::ffff:98.234.224.71 - - [11/Nov/2022:15:52:25 +0000] "GET /images/schools/martinezkaratedomap.jpg HTTP/1.1" 304 - "http://wadokikai.org/?msg=sent" "Mozilla/5.0 (Windows NT 10.0; Win64; x64) AppleWebKit/537.36 (KHTML, like Gecko) Chrome/107.0.0.0 Safari/537.36"
::ffff:98.234.224.71 - - [11/Nov/2022:15:52:25 +0000] "GET /images/dragon-trans.png HTTP/1.1" 304 - "http://wadokikai.org/?msg=sent" "Mozilla/5.0 (Windows NT 10.0; Win64; x64) AppleWebKit/537.36 (KHTML, like Gecko) Chrome/107.0.0.0 Safari/537.36"
::ffff:98.234.224.71 - - [11/Nov/2022:15:52:25 +0000] "GET /images/favicon.ico HTTP/1.1" 304 - "http://wadokikai.org/?msg=sent" "Mozilla/5.0 (Windows NT 10.0; Win64; x64) AppleWebKit/537.36 (KHTML, like Gecko) Chrome/107.0.0.0 Safari/537.36"
::ffff:67.188.136.111 - - [11/Nov/2022:15:52:27 +0000] "GET /images/dragon-trans.png HTTP/1.1" 304 - "https://www.wadokikai.org/resources" "Mozilla/5.0 (iPhone; CPU iPhone OS 15_6_1 like Mac OS X) AppleWebKit/605.1.15 (KHTML, like Gecko) Version/15.6.1 Mobile/15E148 Safari/604.1"
::ffff:98.234.224.71 - - [11/Nov/2022:15:52:28 +0000] "GET /images/tiger.bmp HTTP/1.1" 304 - "http://wadokikai.org/?msg=sent" "Mozilla/5.0 (Windows NT 10.0; Win64; x64) AppleWebKit/537.36 (KHTML, like Gecko) Chrome/107.0.0.0 Safari/537.36"
::ffff:67.188.136.111 - - [11/Nov/2022:15:52:30 +0000] "GET /images/tiger.bmp HTTP/1.1" 304 - "https://www.wadokikai.org/resources" "Mozilla/5.0 (iPhone; CPU iPhone OS 15_6_1 like Mac OS X) AppleWebKit/605.1.15 (KHTML, like Gecko) Version/15.6.1 Mobile/15E148 Safari/604.1"
::ffff:98.234.224.71 - - [11/Nov/2022:15:52:32 +0000] "GET /images/wadokikai%20kanji.jpg HTTP/1.1" 304 - "http://wadokikai.org/?msg=sent" "Mozilla/5.0 (Windows NT 10.0; Win64; x64) AppleWebKit/537.36 (KHTML, like Gecko) Chrome/107.0.0.0 Safari/537.36"
::ffff:67.188.136.111 - - [11/Nov/2022:15:52:34 +0000] "GET /images/dragon-trans.png HTTP/1.1" 304 - "https://www.wadokikai.org/resources" "Mozilla/5.0 (iPhone; CPU iPhone OS 15_6_1 like Mac OS X) AppleWebKit/605.1.15 (KHTML, like Gecko) Version/15.6.1 Mobile/15E148 Safari/604.1"
::ffff:67.188.136.111 - - [11/Nov/2022:15:52:37 +0000] "GET /images/tiger.bmp HTTP/1.1" 304 - "https://www.wadokikai.org/resources" "Mozilla/5.0 (iPhone; CPU iPhone OS 15_6_1 like Mac OS X) AppleWebKit/605.1.15 (KHTML, like Gecko) Version/15.6.1 Mobile/15E148 Safari/604.1"
::ffff:67.188.136.111 - - [11/Nov/2022:15:52:41 +0000] "GET /images/dragon-trans.png HTTP/1.1" 304 - "https://www.wadokikai.org/resources" "Mozilla/5.0 (iPhone; CPU iPhone OS 15_6_1 like Mac OS X) AppleWebKit/605.1.15 (KHTML, like Gecko) Version/15.6.1 Mobile/15E148 Safari/604.1"
::ffff:98.234.224.71 - - [11/Nov/2022:15:52:42 +0000] "GET /images/wadokikai%20kanji.jpg HTTP/1.1" 304 - "http://wadokikai.org/?msg=sent" "Mozilla/5.0 (Windows NT 10.0; Win64; x64) AppleWebKit/537.36 (KHTML, like Gecko) Chrome/107.0.0.0 Safari/537.36"
::ffff:67.188.136.111 - - [11/Nov/2022:15:52:44 +0000] "GET /images/tiger.bmp HTTP/1.1" 304 - "https://www.wadokikai.org/resources" "Mozilla/5.0 (iPhone; CPU iPhone OS 15_6_1 like Mac OS X) AppleWebKit/605.1.15 (KHTML, like Gecko) Version/15.6.1 Mobile/15E148 Safari/604.1"
::ffff:98.234.224.71 - - [11/Nov/2022:15:52:46 +0000] "GET /images/dragon-trans.png HTTP/1.1" 304 - "http://wadokikai.org/?msg=sent" "Mozilla/5.0 (Windows NT 10.0; Win64; x64) AppleWebKit/537.36 (KHTML, like Gecko) Chrome/107.0.0.0 Safari/537.36"
::ffff:67.188.136.111 - - [11/Nov/2022:15:52:48 +0000] "GET /images/dragon-trans.png HTTP/1.1" 304 - "https://www.wadokikai.org/resources" "Mozilla/5.0 (iPhone; CPU iPhone OS 15_6_1 like Mac OS X) AppleWebKit/605.1.15 (KHTML, like Gecko) Version/15.6.1 Mobile/15E148 Safari/604.1"
::ffff:67.188.136.111 - - [11/Nov/2022:15:52:51 +0000] "GET /images/tiger.bmp HTTP/1.1" 304 - "https://www.wadokikai.org/resources" "Mozilla/5.0 (iPhone; CPU iPhone OS 15_6_1 like Mac OS X) AppleWebKit/605.1.15 (KHTML, like Gecko) Version/15.6.1 Mobile/15E148 Safari/604.1"
::ffff:67.188.136.111 - - [11/Nov/2022:15:52:55 +0000] "GET /images/dragon-trans.png HTTP/1.1" 304 - "https://www.wadokikai.org/resources" "Mozilla/5.0 (iPhone; CPU iPhone OS 15_6_1 like Mac OS X) AppleWebKit/605.1.15 (KHTML, like Gecko) Version/15.6.1 Mobile/15E148 Safari/604.1"
::ffff:67.188.136.111 - - [11/Nov/2022:15:52:58 +0000] "GET /images/tiger.bmp HTTP/1.1" 304 - "https://www.wadokikai.org/resources" "Mozilla/5.0 (iPhone; CPU iPhone OS 15_6_1 like Mac OS X) AppleWebKit/605.1.15 (KHTML, like Gecko) Version/15.6.1 Mobile/15E148 Safari/604.1"
::ffff:67.188.136.111 - - [11/Nov/2022:15:53:02 +0000] "GET /images/dragon-trans.png HTTP/1.1" 304 - "https://www.wadokikai.org/resources" "Mozilla/5.0 (iPhone; CPU iPhone OS 15_6_1 like Mac OS X) AppleWebKit/605.1.15 (KHTML, like Gecko) Version/15.6.1 Mobile/15E148 Safari/604.1"
::ffff:98.234.224.71 - - [11/Nov/2022:15:53:02 +0000] "POST /sendemail HTTP/1.1" 302 78 "http://wadokikai.org/?msg=sent" "Mozilla/5.0 (Windows NT 10.0; Win64; x64) AppleWebKit/537.36 (KHTML, like Gecko) Chrome/107.0.0.0 Safari/537.36"
::ffff:98.234.224.71 - - [11/Nov/2022:15:53:02 +0000] "GET /?msg=sent HTTP/1.1" 304 - "http://wadokikai.org/?msg=sent" "Mozilla/5.0 (Windows NT 10.0; Win64; x64) AppleWebKit/537.36 (KHTML, like Gecko) Chrome/107.0.0.0 Safari/537.36"
::ffff:98.234.224.71 - - [11/Nov/2022:15:53:02 +0000] "GET /css/wadokikai.css HTTP/1.1" 304 - "http://wadokikai.org/?msg=sent" "Mozilla/5.0 (Windows NT 10.0; Win64; x64) AppleWebKit/537.36 (KHTML, like Gecko) Chrome/107.0.0.0 Safari/537.36"
::ffff:98.234.224.71 - - [11/Nov/2022:15:53:02 +0000] "GET /js/common.js HTTP/1.1" 304 - "http://wadokikai.org/?msg=sent" "Mozilla/5.0 (Windows NT 10.0; Win64; x64) AppleWebKit/537.36 (KHTML, like Gecko) Chrome/107.0.0.0 Safari/537.36"
::ffff:98.234.224.71 - - [11/Nov/2022:15:53:02 +0000] "GET /images/wkkpatch22_med.png HTTP/1.1" 304 - "http://wadokikai.org/?msg=sent" "Mozilla/5.0 (Windows NT 10.0; Win64; x64) AppleWebKit/537.36 (KHTML, like Gecko) Chrome/107.0.0.0 Safari/537.36"
::ffff:98.234.224.71 - - [11/Nov/2022:15:53:02 +0000] "GET /images/schools/alamedakaratedomap.jpg HTTP/1.1" 304 - "http://wadokikai.org/?msg=sent" "Mozilla/5.0 (Windows NT 10.0; Win64; x64) AppleWebKit/537.36 (KHTML, like Gecko) Chrome/107.0.0.0 Safari/537.36"
::ffff:98.234.224.71 - - [11/Nov/2022:15:53:02 +0000] "GET /images/schools/orindakaratedomap.jpg HTTP/1.1" 304 - "http://wadokikai.org/?msg=sent" "Mozilla/5.0 (Windows NT 10.0; Win64; x64) AppleWebKit/537.36 (KHTML, like Gecko) Chrome/107.0.0.0 Safari/537.36"
::ffff:98.234.224.71 - - [11/Nov/2022:15:53:02 +0000] "GET /images/schools/dcakaratedomap.jpg HTTP/1.1" 304 - "http://wadokikai.org/?msg=sent" "Mozilla/5.0 (Windows NT 10.0; Win64; x64) AppleWebKit/537.36 (KHTML, like Gecko) Chrome/107.0.0.0 Safari/537.36"
::ffff:98.234.224.71 - - [11/Nov/2022:15:53:02 +0000] "GET /images/schools/harborbaykaratedomap.jpg HTTP/1.1" 304 - "http://wadokikai.org/?msg=sent" "Mozilla/5.0 (Windows NT 10.0; Win64; x64) AppleWebKit/537.36 (KHTML, like Gecko) Chrome/107.0.0.0 Safari/537.36"
::ffff:98.234.224.71 - - [11/Nov/2022:15:53:02 +0000] "GET /images/schools/corpuzkaratedomap.jpg HTTP/1.1" 304 - "http://wadokikai.org/?msg=sent" "Mozilla/5.0 (Windows NT 10.0; Win64; x64) AppleWebKit/537.36 (KHTML, like Gecko) Chrome/107.0.0.0 Safari/537.36"
::ffff:98.234.224.71 - - [11/Nov/2022:15:53:02 +0000] "GET /images/promotions/AFSPrelimSchedule.pdf HTTP/1.1" 304 - "http://wadokikai.org/?msg=sent" "Mozilla/5.0 (Windows NT 10.0; Win64; x64) AppleWebKit/537.36 (KHTML, like Gecko) Chrome/107.0.0.0 Safari/537.36"
::ffff:98.234.224.71 - - [11/Nov/2022:15:53:02 +0000] "GET /images/schools/nunleykaratedomap.jpg HTTP/1.1" 304 - "http://wadokikai.org/?msg=sent" "Mozilla/5.0 (Windows NT 10.0; Win64; x64) AppleWebKit/537.36 (KHTML, like Gecko) Chrome/107.0.0.0 Safari/537.36"
::ffff:98.234.224.71 - - [11/Nov/2022:15:53:02 +0000] "GET /images/schools/marinkaratedomap.jpg HTTP/1.1" 304 - "http://wadokikai.org/?msg=sent" "Mozilla/5.0 (Windows NT 10.0; Win64; x64) AppleWebKit/537.36 (KHTML, like Gecko) Chrome/107.0.0.0 Safari/537.36"
::ffff:98.234.224.71 - - [11/Nov/2022:15:53:02 +0000] "GET /images/schools/earhartkaratedomap.jpg HTTP/1.1" 304 - "http://wadokikai.org/?msg=sent" "Mozilla/5.0 (Windows NT 10.0; Win64; x64) AppleWebKit/537.36 (KHTML, like Gecko) Chrome/107.0.0.0 Safari/537.36"
::ffff:98.234.224.71 - - [11/Nov/2022:15:53:02 +0000] "GET /images/schools/martinezkaratedomap.jpg HTTP/1.1" 304 - "http://wadokikai.org/?msg=sent" "Mozilla/5.0 (Windows NT 10.0; Win64; x64) AppleWebKit/537.36 (KHTML, like Gecko) Chrome/107.0.0.0 Safari/537.36"
::ffff:98.234.224.71 - - [11/Nov/2022:15:53:02 +0000] "GET /images/schools/manzanitakaratedomap.jpg HTTP/1.1" 304 - "http://wadokikai.org/?msg=sent" "Mozilla/5.0 (Windows NT 10.0; Win64; x64) AppleWebKit/537.36 (KHTML, like Gecko) Chrome/107.0.0.0 Safari/537.36"
::ffff:98.234.224.71 - - [11/Nov/2022:15:53:02 +0000] "GET /images/dragon-trans.png HTTP/1.1" 304 - "http://wadokikai.org/?msg=sent" "Mozilla/5.0 (Windows NT 10.0; Win64; x64) AppleWebKit/537.36 (KHTML, like Gecko) Chrome/107.0.0.0 Safari/537.36"
::ffff:67.188.136.111 - - [11/Nov/2022:15:53:05 +0000] "GET /images/tiger.bmp HTTP/1.1" 304 - "https://www.wadokikai.org/resources" "Mozilla/5.0 (iPhone; CPU iPhone OS 15_6_1 like Mac OS X) AppleWebKit/605.1.15 (KHTML, like Gecko) Version/15.6.1 Mobile/15E148 Safari/604.1"
::ffff:98.234.224.71 - - [11/Nov/2022:15:53:06 +0000] "GET /images/tiger.bmp HTTP/1.1" 304 - "http://wadokikai.org/?msg=sent" "Mozilla/5.0 (Windows NT 10.0; Win64; x64) AppleWebKit/537.36 (KHTML, like Gecko) Chrome/107.0.0.0 Safari/537.36"
::ffff:67.188.136.111 - - [11/Nov/2022:15:53:09 +0000] "GET /images/dragon-trans.png HTTP/1.1" 304 - "https://www.wadokikai.org/resources" "Mozilla/5.0 (iPhone; CPU iPhone OS 15_6_1 like Mac OS X) AppleWebKit/605.1.15 (KHTML, like Gecko) Version/15.6.1 Mobile/15E148 Safari/604.1"
::ffff:98.234.224.71 - - [11/Nov/2022:15:53:09 +0000] "GET /images/wadokikai%20kanji.jpg HTTP/1.1" 304 - "http://wadokikai.org/?msg=sent" "Mozilla/5.0 (Windows NT 10.0; Win64; x64) AppleWebKit/537.36 (KHTML, like Gecko) Chrome/107.0.0.0 Safari/537.36"
::ffff:67.188.136.111 - - [11/Nov/2022:15:53:12 +0000] "GET /images/tiger.bmp HTTP/1.1" 304 - "https://www.wadokikai.org/resources" "Mozilla/5.0 (iPhone; CPU iPhone OS 15_6_1 like Mac OS X) AppleWebKit/605.1.15 (KHTML, like Gecko) Version/15.6.1 Mobile/15E148 Safari/604.1"
::ffff:98.234.224.71 - - [11/Nov/2022:15:53:13 +0000] "GET /images/dragon-trans.png HTTP/1.1" 304 - "http://wadokikai.org/?msg=sent" "Mozilla/5.0 (Windows NT 10.0; Win64; x64) AppleWebKit/537.36 (KHTML, like Gecko) Chrome/107.0.0.0 Safari/537.36"
::ffff:67.188.136.111 - - [11/Nov/2022:15:53:16 +0000] "GET /images/dragon-trans.png HTTP/1.1" 304 - "https://www.wadokikai.org/resources" "Mozilla/5.0 (iPhone; CPU iPhone OS 15_6_1 like Mac OS X) AppleWebKit/605.1.15 (KHTML, like Gecko) Version/15.6.1 Mobile/15E148 Safari/604.1"
::ffff:98.234.224.71 - - [11/Nov/2022:15:53:16 +0000] "GET /images/tiger.bmp HTTP/1.1" 304 - "http://wadokikai.org/?msg=sent" "Mozilla/5.0 (Windows NT 10.0; Win64; x64) AppleWebKit/537.36 (KHTML, like Gecko) Chrome/107.0.0.0 Safari/537.36"
::ffff:67.188.136.111 - - [11/Nov/2022:15:53:19 +0000] "GET /images/tiger.bmp HTTP/1.1" 304 - "https://www.wadokikai.org/resources" "Mozilla/5.0 (iPhone; CPU iPhone OS 15_6_1 like Mac OS X) AppleWebKit/605.1.15 (KHTML, like Gecko) Version/15.6.1 Mobile/15E148 Safari/604.1"
::ffff:67.188.136.111 - - [11/Nov/2022:15:53:23 +0000] "GET /images/dragon-trans.png HTTP/1.1" 304 - "https://www.wadokikai.org/resources" "Mozilla/5.0 (iPhone; CPU iPhone OS 15_6_1 like Mac OS X) AppleWebKit/605.1.15 (KHTML, like Gecko) Version/15.6.1 Mobile/15E148 Safari/604.1"
::ffff:67.188.136.111 - - [11/Nov/2022:15:53:26 +0000] "GET /images/tiger.bmp HTTP/1.1" 304 - "https://www.wadokikai.org/resources" "Mozilla/5.0 (iPhone; CPU iPhone OS 15_6_1 like Mac OS X) AppleWebKit/605.1.15 (KHTML, like Gecko) Version/15.6.1 Mobile/15E148 Safari/604.1"
::ffff:67.188.136.111 - - [11/Nov/2022:15:53:30 +0000] "GET /images/dragon-trans.png HTTP/1.1" 304 - "https://www.wadokikai.org/resources" "Mozilla/5.0 (iPhone; CPU iPhone OS 15_6_1 like Mac OS X) AppleWebKit/605.1.15 (KHTML, like Gecko) Version/15.6.1 Mobile/15E148 Safari/604.1"
::ffff:67.188.136.111 - - [11/Nov/2022:15:53:33 +0000] "GET /images/tiger.bmp HTTP/1.1" 304 - "https://www.wadokikai.org/resources" "Mozilla/5.0 (iPhone; CPU iPhone OS 15_6_1 like Mac OS X) AppleWebKit/605.1.15 (KHTML, like Gecko) Version/15.6.1 Mobile/15E148 Safari/604.1"
::ffff:67.188.136.111 - - [11/Nov/2022:15:54:35 +0000] "GET /images/dragon-trans.png HTTP/1.1" 304 - "https://www.wadokikai.org/resources" "Mozilla/5.0 (iPhone; CPU iPhone OS 15_6_1 like Mac OS X) AppleWebKit/605.1.15 (KHTML, like Gecko) Version/15.6.1 Mobile/15E148 Safari/604.1"
::ffff:67.188.136.111 - - [11/Nov/2022:15:54:38 +0000] "GET /images/tiger.bmp HTTP/1.1" 304 - "https://www.wadokikai.org/resources" "Mozilla/5.0 (iPhone; CPU iPhone OS 15_6_1 like Mac OS X) AppleWebKit/605.1.15 (KHTML, like Gecko) Version/15.6.1 Mobile/15E148 Safari/604.1"
::ffff:67.188.136.111 - - [11/Nov/2022:15:54:45 +0000] "GET /images/tiger.bmp HTTP/1.1" 304 - "https://www.wadokikai.org/resources" "Mozilla/5.0 (iPhone; CPU iPhone OS 15_6_1 like Mac OS X) AppleWebKit/605.1.15 (KHTML, like Gecko) Version/15.6.1 Mobile/15E148 Safari/604.1"
::ffff:67.188.136.111 - - [11/Nov/2022:15:54:52 +0000] "GET /images/tiger.bmp HTTP/1.1" 304 - "https://www.wadokikai.org/resources" "Mozilla/5.0 (iPhone; CPU iPhone OS 15_6_1 like Mac OS X) AppleWebKit/605.1.15 (KHTML, like Gecko) Version/15.6.1 Mobile/15E148 Safari/604.1"
::ffff:67.188.136.111 - - [11/Nov/2022:15:54:59 +0000] "GET /images/tiger.bmp HTTP/1.1" 304 - "https://www.wadokikai.org/resources" "Mozilla/5.0 (iPhone; CPU iPhone OS 15_6_1 like Mac OS X) AppleWebKit/605.1.15 (KHTML, like Gecko) Version/15.6.1 Mobile/15E148 Safari/604.1"
::ffff:67.188.136.111 - - [11/Nov/2022:15:55:06 +0000] "GET /images/tiger.bmp HTTP/1.1" 304 - "https://www.wadokikai.org/resources" "Mozilla/5.0 (iPhone; CPU iPhone OS 15_6_1 like Mac OS X) AppleWebKit/605.1.15 (KHTML, like Gecko) Version/15.6.1 Mobile/15E148 Safari/604.1"
::ffff:67.188.136.111 - - [11/Nov/2022:15:55:13 +0000] "GET /images/tiger.bmp HTTP/1.1" 304 - "https://www.wadokikai.org/resources" "Mozilla/5.0 (iPhone; CPU iPhone OS 15_6_1 like Mac OS X) AppleWebKit/605.1.15 (KHTML, like Gecko) Version/15.6.1 Mobile/15E148 Safari/604.1"
::ffff:67.188.136.111 - - [11/Nov/2022:15:55:20 +0000] "GET /images/tiger.bmp HTTP/1.1" 304 - "https://www.wadokikai.org/resources" "Mozilla/5.0 (iPhone; CPU iPhone OS 15_6_1 like Mac OS X) AppleWebKit/605.1.15 (KHTML, like Gecko) Version/15.6.1 Mobile/15E148 Safari/604.1"
::ffff:67.188.136.111 - - [11/Nov/2022:15:55:27 +0000] "GET /images/tiger.bmp HTTP/1.1" 304 - "https://www.wadokikai.org/resources" "Mozilla/5.0 (iPhone; CPU iPhone OS 15_6_1 like Mac OS X) AppleWebKit/605.1.15 (KHTML, like Gecko) Version/15.6.1 Mobile/15E148 Safari/604.1"
::ffff:98.234.224.71 - - [11/Nov/2022:15:55:28 +0000] "GET /images/tiger.bmp HTTP/1.1" 304 - "http://wadokikai.org/?msg=sent" "Mozilla/5.0 (Windows NT 10.0; Win64; x64) AppleWebKit/537.36 (KHTML, like Gecko) Chrome/107.0.0.0 Safari/537.36"
::ffff:98.234.224.71 - - [11/Nov/2022:15:55:32 +0000] "GET /images/wadokikai%20kanji.jpg HTTP/1.1" 304 - "http://wadokikai.org/?msg=sent" "Mozilla/5.0 (Windows NT 10.0; Win64; x64) AppleWebKit/537.36 (KHTML, like Gecko) Chrome/107.0.0.0 Safari/537.36"
::ffff:67.188.136.111 - - [11/Nov/2022:15:55:34 +0000] "GET /images/tiger.bmp HTTP/1.1" 304 - "https://www.wadokikai.org/resources" "Mozilla/5.0 (iPhone; CPU iPhone OS 15_6_1 like Mac OS X) AppleWebKit/605.1.15 (KHTML, like Gecko) Version/15.6.1 Mobile/15E148 Safari/604.1"
::ffff:67.188.136.111 - - [11/Nov/2022:15:55:41 +0000] "GET /images/tiger.bmp HTTP/1.1" 304 - "https://www.wadokikai.org/resources" "Mozilla/5.0 (iPhone; CPU iPhone OS 15_6_1 like Mac OS X) AppleWebKit/605.1.15 (KHTML, like Gecko) Version/15.6.1 Mobile/15E148 Safari/604.1"
::ffff:67.188.136.111 - - [11/Nov/2022:15:55:48 +0000] "GET /images/tiger.bmp HTTP/1.1" 304 - "https://www.wadokikai.org/resources" "Mozilla/5.0 (iPhone; CPU iPhone OS 15_6_1 like Mac OS X) AppleWebKit/605.1.15 (KHTML, like Gecko) Version/15.6.1 Mobile/15E148 Safari/604.1"
::ffff:67.188.136.111 - - [11/Nov/2022:15:55:55 +0000] "GET /images/tiger.bmp HTTP/1.1" 304 - "https://www.wadokikai.org/resources" "Mozilla/5.0 (iPhone; CPU iPhone OS 15_6_1 like Mac OS X) AppleWebKit/605.1.15 (KHTML, like Gecko) Version/15.6.1 Mobile/15E148 Safari/604.1"
::ffff:67.188.136.111 - - [11/Nov/2022:15:56:02 +0000] "GET /images/tiger.bmp HTTP/1.1" 304 - "https://www.wadokikai.org/resources" "Mozilla/5.0 (iPhone; CPU iPhone OS 15_6_1 like Mac OS X) AppleWebKit/605.1.15 (KHTML, like Gecko) Version/15.6.1 Mobile/15E148 Safari/604.1"
::ffff:67.188.136.111 - - [11/Nov/2022:15:56:09 +0000] "GET /images/tiger.bmp HTTP/1.1" 304 - "https://www.wadokikai.org/resources" "Mozilla/5.0 (iPhone; CPU iPhone OS 15_6_1 like Mac OS X) AppleWebKit/605.1.15 (KHTML, like Gecko) Version/15.6.1 Mobile/15E148 Safari/604.1"
::ffff:67.188.136.111 - - [11/Nov/2022:15:56:16 +0000] "GET /images/tiger.bmp HTTP/1.1" 304 - "https://www.wadokikai.org/resources" "Mozilla/5.0 (iPhone; CPU iPhone OS 15_6_1 like Mac OS X) AppleWebKit/605.1.15 (KHTML, like Gecko) Version/15.6.1 Mobile/15E148 Safari/604.1"
::ffff:67.188.136.111 - - [11/Nov/2022:15:56:23 +0000] "GET /images/tiger.bmp HTTP/1.1" 304 - "https://www.wadokikai.org/resources" "Mozilla/5.0 (iPhone; CPU iPhone OS 15_6_1 like Mac OS X) AppleWebKit/605.1.15 (KHTML, like Gecko) Version/15.6.1 Mobile/15E148 Safari/604.1"
::ffff:67.188.136.111 - - [11/Nov/2022:15:56:30 +0000] "GET /images/tiger.bmp HTTP/1.1" 304 - "https://www.wadokikai.org/resources" "Mozilla/5.0 (iPhone; CPU iPhone OS 15_6_1 like Mac OS X) AppleWebKit/605.1.15 (KHTML, like Gecko) Version/15.6.1 Mobile/15E148 Safari/604.1"
::ffff:67.188.136.111 - - [11/Nov/2022:15:56:37 +0000] "GET /images/tiger.bmp HTTP/1.1" 304 - "https://www.wadokikai.org/resources" "Mozilla/5.0 (iPhone; CPU iPhone OS 15_6_1 like Mac OS X) AppleWebKit/605.1.15 (KHTML, like Gecko) Version/15.6.1 Mobile/15E148 Safari/604.1"
::ffff:67.188.136.111 - - [11/Nov/2022:15:56:44 +0000] "GET /images/tiger.bmp HTTP/1.1" 304 - "https://www.wadokikai.org/resources" "Mozilla/5.0 (iPhone; CPU iPhone OS 15_6_1 like Mac OS X) AppleWebKit/605.1.15 (KHTML, like Gecko) Version/15.6.1 Mobile/15E148 Safari/604.1"
::ffff:67.188.136.111 - - [11/Nov/2022:15:56:51 +0000] "GET /images/tiger.bmp HTTP/1.1" 304 - "https://www.wadokikai.org/resources" "Mozilla/5.0 (iPhone; CPU iPhone OS 15_6_1 like Mac OS X) AppleWebKit/605.1.15 (KHTML, like Gecko) Version/15.6.1 Mobile/15E148 Safari/604.1"
::ffff:67.188.136.111 - - [11/Nov/2022:15:56:58 +0000] "GET /images/tiger.bmp HTTP/1.1" 304 - "https://www.wadokikai.org/resources" "Mozilla/5.0 (iPhone; CPU iPhone OS 15_6_1 like Mac OS X) AppleWebKit/605.1.15 (KHTML, like Gecko) Version/15.6.1 Mobile/15E148 Safari/604.1"
::ffff:67.188.136.111 - - [11/Nov/2022:15:57:05 +0000] "GET /images/tiger.bmp HTTP/1.1" 304 - "https://www.wadokikai.org/resources" "Mozilla/5.0 (iPhone; CPU iPhone OS 15_6_1 like Mac OS X) AppleWebKit/605.1.15 (KHTML, like Gecko) Version/15.6.1 Mobile/15E148 Safari/604.1"
::ffff:67.188.136.111 - - [11/Nov/2022:15:57:12 +0000] "GET /images/tiger.bmp HTTP/1.1" 304 - "https://www.wadokikai.org/resources" "Mozilla/5.0 (iPhone; CPU iPhone OS 15_6_1 like Mac OS X) AppleWebKit/605.1.15 (KHTML, like Gecko) Version/15.6.1 Mobile/15E148 Safari/604.1"
::ffff:67.188.136.111 - - [11/Nov/2022:15:57:19 +0000] "GET /images/tiger.bmp HTTP/1.1" 304 - "https://www.wadokikai.org/resources" "Mozilla/5.0 (iPhone; CPU iPhone OS 15_6_1 like Mac OS X) AppleWebKit/605.1.15 (KHTML, like Gecko) Version/15.6.1 Mobile/15E148 Safari/604.1"
::ffff:67.188.136.111 - - [11/Nov/2022:15:57:26 +0000] "GET /images/tiger.bmp HTTP/1.1" 304 - "https://www.wadokikai.org/resources" "Mozilla/5.0 (iPhone; CPU iPhone OS 15_6_1 like Mac OS X) AppleWebKit/605.1.15 (KHTML, like Gecko) Version/15.6.1 Mobile/15E148 Safari/604.1"
::ffff:67.188.136.111 - - [11/Nov/2022:15:57:33 +0000] "GET /images/tiger.bmp HTTP/1.1" 304 - "https://www.wadokikai.org/resources" "Mozilla/5.0 (iPhone; CPU iPhone OS 15_6_1 like Mac OS X) AppleWebKit/605.1.15 (KHTML, like Gecko) Version/15.6.1 Mobile/15E148 Safari/604.1"
::ffff:67.188.136.111 - - [11/Nov/2022:15:57:40 +0000] "GET /images/tiger.bmp HTTP/1.1" 304 - "https://www.wadokikai.org/resources" "Mozilla/5.0 (iPhone; CPU iPhone OS 15_6_1 like Mac OS X) AppleWebKit/605.1.15 (KHTML, like Gecko) Version/15.6.1 Mobile/15E148 Safari/604.1"
::ffff:67.188.136.111 - - [11/Nov/2022:15:57:47 +0000] "GET /images/tiger.bmp HTTP/1.1" 304 - "https://www.wadokikai.org/resources" "Mozilla/5.0 (iPhone; CPU iPhone OS 15_6_1 like Mac OS X) AppleWebKit/605.1.15 (KHTML, like Gecko) Version/15.6.1 Mobile/15E148 Safari/604.1"
::ffff:67.188.136.111 - - [11/Nov/2022:15:57:54 +0000] "GET /images/tiger.bmp HTTP/1.1" 304 - "https://www.wadokikai.org/resources" "Mozilla/5.0 (iPhone; CPU iPhone OS 15_6_1 like Mac OS X) AppleWebKit/605.1.15 (KHTML, like Gecko) Version/15.6.1 Mobile/15E148 Safari/604.1"
::ffff:67.188.136.111 - - [11/Nov/2022:15:58:01 +0000] "GET /images/tiger.bmp HTTP/1.1" 304 - "https://www.wadokikai.org/resources" "Mozilla/5.0 (iPhone; CPU iPhone OS 15_6_1 like Mac OS X) AppleWebKit/605.1.15 (KHTML, like Gecko) Version/15.6.1 Mobile/15E148 Safari/604.1"
::ffff:67.188.136.111 - - [11/Nov/2022:15:58:08 +0000] "GET /images/tiger.bmp HTTP/1.1" 304 - "https://www.wadokikai.org/resources" "Mozilla/5.0 (iPhone; CPU iPhone OS 15_6_1 like Mac OS X) AppleWebKit/605.1.15 (KHTML, like Gecko) Version/15.6.1 Mobile/15E148 Safari/604.1"
::ffff:67.188.136.111 - - [11/Nov/2022:15:58:15 +0000] "GET /images/tiger.bmp HTTP/1.1" 304 - "https://www.wadokikai.org/resources" "Mozilla/5.0 (iPhone; CPU iPhone OS 15_6_1 like Mac OS X) AppleWebKit/605.1.15 (KHTML, like Gecko) Version/15.6.1 Mobile/15E148 Safari/604.1"
::ffff:67.188.136.111 - - [11/Nov/2022:15:58:22 +0000] "GET /images/tiger.bmp HTTP/1.1" 304 - "https://www.wadokikai.org/resources" "Mozilla/5.0 (iPhone; CPU iPhone OS 15_6_1 like Mac OS X) AppleWebKit/605.1.15 (KHTML, like Gecko) Version/15.6.1 Mobile/15E148 Safari/604.1"
::ffff:67.188.136.111 - - [11/Nov/2022:15:59:04 +0000] "GET /images/tiger.bmp HTTP/1.1" 304 - "https://www.wadokikai.org/resources" "Mozilla/5.0 (iPhone; CPU iPhone OS 15_6_1 like Mac OS X) AppleWebKit/605.1.15 (KHTML, like Gecko) Version/15.6.1 Mobile/15E148 Safari/604.1"
::ffff:98.234.224.71 - - [11/Nov/2022:15:59:19 +0000] "GET /?msg=sent HTTP/1.1" 304 - "http://wadokikai.org/?msg=sent" "Mozilla/5.0 (Windows NT 10.0; Win64; x64) AppleWebKit/537.36 (KHTML, like Gecko) Chrome/107.0.0.0 Safari/537.36"
::ffff:98.234.224.71 - - [11/Nov/2022:15:59:20 +0000] "GET /css/wadokikai.css HTTP/1.1" 304 - "http://wadokikai.org/?msg=sent" "Mozilla/5.0 (Windows NT 10.0; Win64; x64) AppleWebKit/537.36 (KHTML, like Gecko) Chrome/107.0.0.0 Safari/537.36"
::ffff:98.234.224.71 - - [11/Nov/2022:15:59:20 +0000] "GET /js/common.js HTTP/1.1" 304 - "http://wadokikai.org/?msg=sent" "Mozilla/5.0 (Windows NT 10.0; Win64; x64) AppleWebKit/537.36 (KHTML, like Gecko) Chrome/107.0.0.0 Safari/537.36"
::ffff:98.234.224.71 - - [11/Nov/2022:15:59:20 +0000] "GET /images/wkkpatch22_med.png HTTP/1.1" 304 - "http://wadokikai.org/?msg=sent" "Mozilla/5.0 (Windows NT 10.0; Win64; x64) AppleWebKit/537.36 (KHTML, like Gecko) Chrome/107.0.0.0 Safari/537.36"
::ffff:98.234.224.71 - - [11/Nov/2022:15:59:20 +0000] "GET /images/schools/alamedakaratedomap.jpg HTTP/1.1" 304 - "http://wadokikai.org/?msg=sent" "Mozilla/5.0 (Windows NT 10.0; Win64; x64) AppleWebKit/537.36 (KHTML, like Gecko) Chrome/107.0.0.0 Safari/537.36"
::ffff:98.234.224.71 - - [11/Nov/2022:15:59:20 +0000] "GET /images/schools/orindakaratedomap.jpg HTTP/1.1" 304 - "http://wadokikai.org/?msg=sent" "Mozilla/5.0 (Windows NT 10.0; Win64; x64) AppleWebKit/537.36 (KHTML, like Gecko) Chrome/107.0.0.0 Safari/537.36"
::ffff:98.234.224.71 - - [11/Nov/2022:15:59:20 +0000] "GET /images/schools/dcakaratedomap.jpg HTTP/1.1" 304 - "http://wadokikai.org/?msg=sent" "Mozilla/5.0 (Windows NT 10.0; Win64; x64) AppleWebKit/537.36 (KHTML, like Gecko) Chrome/107.0.0.0 Safari/537.36"
::ffff:98.234.224.71 - - [11/Nov/2022:15:59:20 +0000] "GET /images/schools/harborbaykaratedomap.jpg HTTP/1.1" 304 - "http://wadokikai.org/?msg=sent" "Mozilla/5.0 (Windows NT 10.0; Win64; x64) AppleWebKit/537.36 (KHTML, like Gecko) Chrome/107.0.0.0 Safari/537.36"
::ffff:98.234.224.71 - - [11/Nov/2022:15:59:20 +0000] "GET /images/schools/corpuzkaratedomap.jpg HTTP/1.1" 304 - "http://wadokikai.org/?msg=sent" "Mozilla/5.0 (Windows NT 10.0; Win64; x64) AppleWebKit/537.36 (KHTML, like Gecko) Chrome/107.0.0.0 Safari/537.36"
::ffff:98.234.224.71 - - [11/Nov/2022:15:59:20 +0000] "GET /images/promotions/AFSPrelimSchedule.pdf HTTP/1.1" 304 - "http://wadokikai.org/?msg=sent" "Mozilla/5.0 (Windows NT 10.0; Win64; x64) AppleWebKit/537.36 (KHTML, like Gecko) Chrome/107.0.0.0 Safari/537.36"
::ffff:98.234.224.71 - - [11/Nov/2022:15:59:20 +0000] "GET /images/schools/nunleykaratedomap.jpg HTTP/1.1" 304 - "http://wadokikai.org/?msg=sent" "Mozilla/5.0 (Windows NT 10.0; Win64; x64) AppleWebKit/537.36 (KHTML, like Gecko) Chrome/107.0.0.0 Safari/537.36"
::ffff:98.234.224.71 - - [11/Nov/2022:15:59:20 +0000] "GET /images/schools/marinkaratedomap.jpg HTTP/1.1" 304 - "http://wadokikai.org/?msg=sent" "Mozilla/5.0 (Windows NT 10.0; Win64; x64) AppleWebKit/537.36 (KHTML, like Gecko) Chrome/107.0.0.0 Safari/537.36"
::ffff:98.234.224.71 - - [11/Nov/2022:15:59:20 +0000] "GET /images/schools/earhartkaratedomap.jpg HTTP/1.1" 304 - "http://wadokikai.org/?msg=sent" "Mozilla/5.0 (Windows NT 10.0; Win64; x64) AppleWebKit/537.36 (KHTML, like Gecko) Chrome/107.0.0.0 Safari/537.36"
::ffff:98.234.224.71 - - [11/Nov/2022:15:59:20 +0000] "GET /images/schools/martinezkaratedomap.jpg HTTP/1.1" 304 - "http://wadokikai.org/?msg=sent" "Mozilla/5.0 (Windows NT 10.0; Win64; x64) AppleWebKit/537.36 (KHTML, like Gecko) Chrome/107.0.0.0 Safari/537.36"
::ffff:98.234.224.71 - - [11/Nov/2022:15:59:20 +0000] "GET /images/schools/manzanitakaratedomap.jpg HTTP/1.1" 304 - "http://wadokikai.org/?msg=sent" "Mozilla/5.0 (Windows NT 10.0; Win64; x64) AppleWebKit/537.36 (KHTML, like Gecko) Chrome/107.0.0.0 Safari/537.36"
::ffff:98.234.224.71 - - [11/Nov/2022:15:59:20 +0000] "GET /images/dragon-trans.png HTTP/1.1" 304 - "http://wadokikai.org/?msg=sent" "Mozilla/5.0 (Windows NT 10.0; Win64; x64) AppleWebKit/537.36 (KHTML, like Gecko) Chrome/107.0.0.0 Safari/537.36"
::ffff:98.234.224.71 - - [11/Nov/2022:15:59:20 +0000] "GET /images/favicon.ico HTTP/1.1" 304 - "http://wadokikai.org/?msg=sent" "Mozilla/5.0 (Windows NT 10.0; Win64; x64) AppleWebKit/537.36 (KHTML, like Gecko) Chrome/107.0.0.0 Safari/537.36"
::ffff:98.234.224.71 - - [11/Nov/2022:15:59:23 +0000] "GET / HTTP/1.1" 304 - "-" "Mozilla/5.0 (Windows NT 10.0; Win64; x64) AppleWebKit/537.36 (KHTML, like Gecko) Chrome/107.0.0.0 Safari/537.36"
::ffff:98.234.224.71 - - [11/Nov/2022:15:59:23 +0000] "GET /css/wadokikai.css HTTP/1.1" 304 - "http://wadokikai.org/" "Mozilla/5.0 (Windows NT 10.0; Win64; x64) AppleWebKit/537.36 (KHTML, like Gecko) Chrome/107.0.0.0 Safari/537.36"
::ffff:98.234.224.71 - - [11/Nov/2022:15:59:23 +0000] "GET /js/common.js HTTP/1.1" 304 - "http://wadokikai.org/" "Mozilla/5.0 (Windows NT 10.0; Win64; x64) AppleWebKit/537.36 (KHTML, like Gecko) Chrome/107.0.0.0 Safari/537.36"
::ffff:98.234.224.71 - - [11/Nov/2022:15:59:23 +0000] "GET /images/wkkpatch22_med.png HTTP/1.1" 304 - "http://wadokikai.org/" "Mozilla/5.0 (Windows NT 10.0; Win64; x64) AppleWebKit/537.36 (KHTML, like Gecko) Chrome/107.0.0.0 Safari/537.36"
::ffff:98.234.224.71 - - [11/Nov/2022:15:59:23 +0000] "GET /images/schools/dcakaratedomap.jpg HTTP/1.1" 304 - "http://wadokikai.org/" "Mozilla/5.0 (Windows NT 10.0; Win64; x64) AppleWebKit/537.36 (KHTML, like Gecko) Chrome/107.0.0.0 Safari/537.36"
::ffff:98.234.224.71 - - [11/Nov/2022:15:59:23 +0000] "GET /images/schools/orindakaratedomap.jpg HTTP/1.1" 304 - "http://wadokikai.org/" "Mozilla/5.0 (Windows NT 10.0; Win64; x64) AppleWebKit/537.36 (KHTML, like Gecko) Chrome/107.0.0.0 Safari/537.36"
::ffff:98.234.224.71 - - [11/Nov/2022:15:59:23 +0000] "GET /images/schools/alamedakaratedomap.jpg HTTP/1.1" 304 - "http://wadokikai.org/" "Mozilla/5.0 (Windows NT 10.0; Win64; x64) AppleWebKit/537.36 (KHTML, like Gecko) Chrome/107.0.0.0 Safari/537.36"
::ffff:98.234.224.71 - - [11/Nov/2022:15:59:23 +0000] "GET /images/schools/harborbaykaratedomap.jpg HTTP/1.1" 304 - "http://wadokikai.org/" "Mozilla/5.0 (Windows NT 10.0; Win64; x64) AppleWebKit/537.36 (KHTML, like Gecko) Chrome/107.0.0.0 Safari/537.36"
::ffff:98.234.224.71 - - [11/Nov/2022:15:59:23 +0000] "GET /images/schools/corpuzkaratedomap.jpg HTTP/1.1" 304 - "http://wadokikai.org/" "Mozilla/5.0 (Windows NT 10.0; Win64; x64) AppleWebKit/537.36 (KHTML, like Gecko) Chrome/107.0.0.0 Safari/537.36"
::ffff:98.234.224.71 - - [11/Nov/2022:15:59:23 +0000] "GET /images/schools/nunleykaratedomap.jpg HTTP/1.1" 304 - "http://wadokikai.org/" "Mozilla/5.0 (Windows NT 10.0; Win64; x64) AppleWebKit/537.36 (KHTML, like Gecko) Chrome/107.0.0.0 Safari/537.36"
::ffff:98.234.224.71 - - [11/Nov/2022:15:59:23 +0000] "GET /images/schools/earhartkaratedomap.jpg HTTP/1.1" 304 - "http://wadokikai.org/" "Mozilla/5.0 (Windows NT 10.0; Win64; x64) AppleWebKit/537.36 (KHTML, like Gecko) Chrome/107.0.0.0 Safari/537.36"
::ffff:98.234.224.71 - - [11/Nov/2022:15:59:23 +0000] "GET /images/schools/marinkaratedomap.jpg HTTP/1.1" 304 - "http://wadokikai.org/" "Mozilla/5.0 (Windows NT 10.0; Win64; x64) AppleWebKit/537.36 (KHTML, like Gecko) Chrome/107.0.0.0 Safari/537.36"
::ffff:98.234.224.71 - - [11/Nov/2022:15:59:23 +0000] "GET /images/schools/martinezkaratedomap.jpg HTTP/1.1" 304 - "http://wadokikai.org/" "Mozilla/5.0 (Windows NT 10.0; Win64; x64) AppleWebKit/537.36 (KHTML, like Gecko) Chrome/107.0.0.0 Safari/537.36"
::ffff:98.234.224.71 - - [11/Nov/2022:15:59:23 +0000] "GET /images/promotions/AFSPrelimSchedule.pdf HTTP/1.1" 304 - "http://wadokikai.org/" "Mozilla/5.0 (Windows NT 10.0; Win64; x64) AppleWebKit/537.36 (KHTML, like Gecko) Chrome/107.0.0.0 Safari/537.36"
::ffff:98.234.224.71 - - [11/Nov/2022:15:59:23 +0000] "GET /images/schools/manzanitakaratedomap.jpg HTTP/1.1" 304 - "http://wadokikai.org/" "Mozilla/5.0 (Windows NT 10.0; Win64; x64) AppleWebKit/537.36 (KHTML, like Gecko) Chrome/107.0.0.0 Safari/537.36"
::ffff:98.234.224.71 - - [11/Nov/2022:15:59:23 +0000] "GET /images/dragon-trans.png HTTP/1.1" 304 - "http://wadokikai.org/" "Mozilla/5.0 (Windows NT 10.0; Win64; x64) AppleWebKit/537.36 (KHTML, like Gecko) Chrome/107.0.0.0 Safari/537.36"
::ffff:98.234.224.71 - - [11/Nov/2022:15:59:27 +0000] "GET /images/tiger.bmp HTTP/1.1" 304 - "http://wadokikai.org/" "Mozilla/5.0 (Windows NT 10.0; Win64; x64) AppleWebKit/537.36 (KHTML, like Gecko) Chrome/107.0.0.0 Safari/537.36"
::ffff:98.234.224.71 - - [11/Nov/2022:15:59:30 +0000] "GET /images/wadokikai%20kanji.jpg HTTP/1.1" 304 - "http://wadokikai.org/" "Mozilla/5.0 (Windows NT 10.0; Win64; x64) AppleWebKit/537.36 (KHTML, like Gecko) Chrome/107.0.0.0 Safari/537.36"
::ffff:98.234.224.71 - - [11/Nov/2022:15:59:34 +0000] "GET /images/dragon-trans.png HTTP/1.1" 304 - "http://wadokikai.org/" "Mozilla/5.0 (Windows NT 10.0; Win64; x64) AppleWebKit/537.36 (KHTML, like Gecko) Chrome/107.0.0.0 Safari/537.36"
::ffff:98.234.224.71 - - [11/Nov/2022:15:59:37 +0000] "GET /images/tiger.bmp HTTP/1.1" 304 - "http://wadokikai.org/" "Mozilla/5.0 (Windows NT 10.0; Win64; x64) AppleWebKit/537.36 (KHTML, like Gecko) Chrome/107.0.0.0 Safari/537.36"
::ffff:98.234.224.71 - - [11/Nov/2022:15:59:42 +0000] "POST /sendemail HTTP/1.1" 302 78 "http://wadokikai.org/" "Mozilla/5.0 (Windows NT 10.0; Win64; x64) AppleWebKit/537.36 (KHTML, like Gecko) Chrome/107.0.0.0 Safari/537.36"
::ffff:98.234.224.71 - - [11/Nov/2022:15:59:43 +0000] "GET /?msg=sent HTTP/1.1" 304 - "http://wadokikai.org/" "Mozilla/5.0 (Windows NT 10.0; Win64; x64) AppleWebKit/537.36 (KHTML, like Gecko) Chrome/107.0.0.0 Safari/537.36"
::ffff:98.234.224.71 - - [11/Nov/2022:15:59:43 +0000] "GET /css/wadokikai.css HTTP/1.1" 304 - "http://wadokikai.org/?msg=sent" "Mozilla/5.0 (Windows NT 10.0; Win64; x64) AppleWebKit/537.36 (KHTML, like Gecko) Chrome/107.0.0.0 Safari/537.36"
::ffff:98.234.224.71 - - [11/Nov/2022:15:59:43 +0000] "GET /js/common.js HTTP/1.1" 304 - "http://wadokikai.org/?msg=sent" "Mozilla/5.0 (Windows NT 10.0; Win64; x64) AppleWebKit/537.36 (KHTML, like Gecko) Chrome/107.0.0.0 Safari/537.36"
::ffff:98.234.224.71 - - [11/Nov/2022:15:59:43 +0000] "GET /images/wkkpatch22_med.png HTTP/1.1" 304 - "http://wadokikai.org/?msg=sent" "Mozilla/5.0 (Windows NT 10.0; Win64; x64) AppleWebKit/537.36 (KHTML, like Gecko) Chrome/107.0.0.0 Safari/537.36"
::ffff:98.234.224.71 - - [11/Nov/2022:15:59:43 +0000] "GET /images/schools/alamedakaratedomap.jpg HTTP/1.1" 304 - "http://wadokikai.org/?msg=sent" "Mozilla/5.0 (Windows NT 10.0; Win64; x64) AppleWebKit/537.36 (KHTML, like Gecko) Chrome/107.0.0.0 Safari/537.36"
::ffff:98.234.224.71 - - [11/Nov/2022:15:59:43 +0000] "GET /images/schools/dcakaratedomap.jpg HTTP/1.1" 304 - "http://wadokikai.org/?msg=sent" "Mozilla/5.0 (Windows NT 10.0; Win64; x64) AppleWebKit/537.36 (KHTML, like Gecko) Chrome/107.0.0.0 Safari/537.36"
::ffff:98.234.224.71 - - [11/Nov/2022:15:59:43 +0000] "GET /images/schools/orindakaratedomap.jpg HTTP/1.1" 304 - "http://wadokikai.org/?msg=sent" "Mozilla/5.0 (Windows NT 10.0; Win64; x64) AppleWebKit/537.36 (KHTML, like Gecko) Chrome/107.0.0.0 Safari/537.36"
::ffff:98.234.224.71 - - [11/Nov/2022:15:59:43 +0000] "GET /images/schools/harborbaykaratedomap.jpg HTTP/1.1" 304 - "http://wadokikai.org/?msg=sent" "Mozilla/5.0 (Windows NT 10.0; Win64; x64) AppleWebKit/537.36 (KHTML, like Gecko) Chrome/107.0.0.0 Safari/537.36"
::ffff:98.234.224.71 - - [11/Nov/2022:15:59:43 +0000] "GET /images/schools/corpuzkaratedomap.jpg HTTP/1.1" 304 - "http://wadokikai.org/?msg=sent" "Mozilla/5.0 (Windows NT 10.0; Win64; x64) AppleWebKit/537.36 (KHTML, like Gecko) Chrome/107.0.0.0 Safari/537.36"
::ffff:98.234.224.71 - - [11/Nov/2022:15:59:43 +0000] "GET /images/promotions/AFSPrelimSchedule.pdf HTTP/1.1" 304 - "http://wadokikai.org/?msg=sent" "Mozilla/5.0 (Windows NT 10.0; Win64; x64) AppleWebKit/537.36 (KHTML, like Gecko) Chrome/107.0.0.0 Safari/537.36"
::ffff:98.234.224.71 - - [11/Nov/2022:15:59:43 +0000] "GET /images/schools/marinkaratedomap.jpg HTTP/1.1" 304 - "http://wadokikai.org/?msg=sent" "Mozilla/5.0 (Windows NT 10.0; Win64; x64) AppleWebKit/537.36 (KHTML, like Gecko) Chrome/107.0.0.0 Safari/537.36"
::ffff:98.234.224.71 - - [11/Nov/2022:15:59:43 +0000] "GET /images/schools/nunleykaratedomap.jpg HTTP/1.1" 304 - "http://wadokikai.org/?msg=sent" "Mozilla/5.0 (Windows NT 10.0; Win64; x64) AppleWebKit/537.36 (KHTML, like Gecko) Chrome/107.0.0.0 Safari/537.36"
::ffff:98.234.224.71 - - [11/Nov/2022:15:59:43 +0000] "GET /images/schools/earhartkaratedomap.jpg HTTP/1.1" 304 - "http://wadokikai.org/?msg=sent" "Mozilla/5.0 (Windows NT 10.0; Win64; x64) AppleWebKit/537.36 (KHTML, like Gecko) Chrome/107.0.0.0 Safari/537.36"
::ffff:98.234.224.71 - - [11/Nov/2022:15:59:43 +0000] "GET /images/schools/martinezkaratedomap.jpg HTTP/1.1" 304 - "http://wadokikai.org/?msg=sent" "Mozilla/5.0 (Windows NT 10.0; Win64; x64) AppleWebKit/537.36 (KHTML, like Gecko) Chrome/107.0.0.0 Safari/537.36"
::ffff:98.234.224.71 - - [11/Nov/2022:15:59:43 +0000] "GET /images/schools/manzanitakaratedomap.jpg HTTP/1.1" 304 - "http://wadokikai.org/?msg=sent" "Mozilla/5.0 (Windows NT 10.0; Win64; x64) AppleWebKit/537.36 (KHTML, like Gecko) Chrome/107.0.0.0 Safari/537.36"
::ffff:98.234.224.71 - - [11/Nov/2022:15:59:43 +0000] "GET /images/dragon-trans.png HTTP/1.1" 304 - "http://wadokikai.org/?msg=sent" "Mozilla/5.0 (Windows NT 10.0; Win64; x64) AppleWebKit/537.36 (KHTML, like Gecko) Chrome/107.0.0.0 Safari/537.36"
::ffff:98.234.224.71 - - [11/Nov/2022:15:59:46 +0000] "GET /images/tiger.bmp HTTP/1.1" 304 - "http://wadokikai.org/?msg=sent" "Mozilla/5.0 (Windows NT 10.0; Win64; x64) AppleWebKit/537.36 (KHTML, like Gecko) Chrome/107.0.0.0 Safari/537.36"
::ffff:98.234.224.71 - - [11/Nov/2022:15:59:50 +0000] "GET /images/wadokikai%20kanji.jpg HTTP/1.1" 304 - "http://wadokikai.org/?msg=sent" "Mozilla/5.0 (Windows NT 10.0; Win64; x64) AppleWebKit/537.36 (KHTML, like Gecko) Chrome/107.0.0.0 Safari/537.36"
::ffff:98.234.224.71 - - [11/Nov/2022:15:59:53 +0000] "GET /images/dragon-trans.png HTTP/1.1" 304 - "http://wadokikai.org/?msg=sent" "Mozilla/5.0 (Windows NT 10.0; Win64; x64) AppleWebKit/537.36 (KHTML, like Gecko) Chrome/107.0.0.0 Safari/537.36"
::ffff:98.234.224.71 - - [11/Nov/2022:15:59:57 +0000] "GET /images/tiger.bmp HTTP/1.1" 304 - "http://wadokikai.org/?msg=sent" "Mozilla/5.0 (Windows NT 10.0; Win64; x64) AppleWebKit/537.36 (KHTML, like Gecko) Chrome/107.0.0.0 Safari/537.36"
::ffff:98.234.224.71 - - [11/Nov/2022:16:03:58 +0000] "GET /images/tiger.bmp HTTP/1.1" 304 - "http://wadokikai.org/?msg=sent" "Mozilla/5.0 (Windows NT 10.0; Win64; x64) AppleWebKit/537.36 (KHTML, like Gecko) Chrome/107.0.0.0 Safari/537.36"
::ffff:98.234.224.71 - - [11/Nov/2022:16:04:02 +0000] "GET /images/wadokikai%20kanji.jpg HTTP/1.1" 304 - "http://wadokikai.org/?msg=sent" "Mozilla/5.0 (Windows NT 10.0; Win64; x64) AppleWebKit/537.36 (KHTML, like Gecko) Chrome/107.0.0.0 Safari/537.36"
::ffff:135.125.246.189 - - [11/Nov/2022:16:05:34 +0000] "POST / HTTP/1.1" 404 140 "-" "Mozilla/5.0 (X11; Linux x86_64) AppleWebKit/537.36 (KHTML, like Gecko) Chrome/81.0.4044.129 Safari/537.36"
