::ffff:185.191.171.43 - - [25/Nov/2022:00:10:09 +0000] "GET /robots.txt HTTP/1.1" 404 149 "-" "Mozilla/5.0 (compatible; SemrushBot/7~bl; +http://www.semrush.com/bot.html)"
::ffff:185.191.171.3 - - [25/Nov/2022:00:10:09 +0000] "GET /contact?s=1&ss=0 HTTP/1.1" 200 9997 "-" "Mozilla/5.0 (compatible; SemrushBot/7~bl; +http://www.semrush.com/bot.html)"
::ffff:52.23.207.65 - - [25/Nov/2022:00:16:15 +0000] "POST / HTTP/1.1" 404 140 "-" "Mozilla/5.0 (X11; Linux x86_64) AppleWebKit/537.36 (KHTML, like Gecko) Chrome/81.0.4044.129 Safari/537.36"
::ffff:52.23.207.65 - - [25/Nov/2022:00:16:15 +0000] "GET /.env HTTP/1.1" 404 143 "-" "Mozilla/5.0 (X11; Linux x86_64) AppleWebKit/537.36 (KHTML, like Gecko) Chrome/81.0.4044.129 Safari/537.36"
::ffff:162.221.197.232 - - [25/Nov/2022:00:21:01 +0000] "GET /robots.txt HTTP/1.1" 404 149 "-" "Mozilla/5.0 (Macintosh; Intel Mac OS X 10_9_4) AppleWebKit/537.36 (KHTML, like Gecko) Chrome/36.0.1985.125 Safari/537.36"
::ffff:162.221.197.232 - - [25/Nov/2022:00:21:02 +0000] "GET / HTTP/1.1" 200 57378 "-" "Mozilla/5.0 (Macintosh; Intel Mac OS X 10_9_4) AppleWebKit/537.36 (KHTML, like Gecko) Chrome/36.0.1985.125 Safari/537.36"
::ffff:162.221.197.232 - - [25/Nov/2022:00:21:04 +0000] "GET /test_404_page/ HTTP/1.1" 404 153 "-" "Mozilla/5.0 (Macintosh; Intel Mac OS X 10_9_4) AppleWebKit/537.36 (KHTML, like Gecko) Chrome/36.0.1985.125 Safari/537.36"
::ffff:162.221.197.232 - - [25/Nov/2022:00:21:25 +0000] "GET //images/favicon.ico HTTP/1.1" 200 3638 "-" "python-requests/2.23.0"
::ffff:148.153.85.4 - - [25/Nov/2022:00:29:50 +0000] "GET /robots.txt HTTP/1.1" 404 149 "-" "Mozilla/5.0 (Macintosh; Intel Mac OS X 10_9_4) AppleWebKit/537.36 (KHTML, like Gecko) Chrome/36.0.1985.125 Safari/537.36"
::ffff:148.153.85.4 - - [25/Nov/2022:00:29:52 +0000] "GET / HTTP/1.1" 200 57378 "-" "Mozilla/5.0 (Macintosh; Intel Mac OS X 10_9_4) AppleWebKit/537.36 (KHTML, like Gecko) Chrome/36.0.1985.125 Safari/537.36"
::ffff:148.153.85.4 - - [25/Nov/2022:00:29:54 +0000] "GET /test_404_page/ HTTP/1.1" 404 153 "-" "Mozilla/5.0 (Macintosh; Intel Mac OS X 10_9_4) AppleWebKit/537.36 (KHTML, like Gecko) Chrome/36.0.1985.125 Safari/537.36"
::ffff:148.153.85.4 - - [25/Nov/2022:00:30:44 +0000] "GET //images/favicon.ico HTTP/1.1" 200 3638 "-" "python-requests/2.23.0"
::ffff:162.221.197.232 - - [25/Nov/2022:00:31:28 +0000] "GET /robots.txt HTTP/1.1" 404 149 "-" "Mozilla/5.0 (Macintosh; Intel Mac OS X 10_9_4) AppleWebKit/537.36 (KHTML, like Gecko) Chrome/36.0.1985.125 Safari/537.36"
::ffff:162.221.197.232 - - [25/Nov/2022:00:31:29 +0000] "GET / HTTP/1.1" 200 57378 "-" "Mozilla/5.0 (Macintosh; Intel Mac OS X 10_9_4) AppleWebKit/537.36 (KHTML, like Gecko) Chrome/36.0.1985.125 Safari/537.36"
::ffff:162.221.197.232 - - [25/Nov/2022:00:31:30 +0000] "GET /test_404_page/ HTTP/1.1" 404 153 "-" "Mozilla/5.0 (Macintosh; Intel Mac OS X 10_9_4) AppleWebKit/537.36 (KHTML, like Gecko) Chrome/36.0.1985.125 Safari/537.36"
::ffff:162.221.197.232 - - [25/Nov/2022:00:32:05 +0000] "GET //images/favicon.ico HTTP/1.1" 200 3638 "-" "python-requests/2.23.0"
::ffff:52.23.207.65 - - [25/Nov/2022:00:39:57 +0000] "POST / HTTP/1.1" 404 140 "-" "Mozilla/5.0 (X11; Linux x86_64) AppleWebKit/537.36 (KHTML, like Gecko) Chrome/81.0.4044.129 Safari/537.36"
::ffff:52.23.207.65 - - [25/Nov/2022:00:39:58 +0000] "GET /.env HTTP/1.1" 404 143 "-" "Mozilla/5.0 (X11; Linux x86_64) AppleWebKit/537.36 (KHTML, like Gecko) Chrome/81.0.4044.129 Safari/537.36"
::ffff:35.236.99.124 - - [25/Nov/2022:00:42:10 +0000] "GET / HTTP/1.1" 200 57378 "-" "Mozilla/5.0 zgrab/0.x"
::ffff:205.210.31.132 - - [25/Nov/2022:00:57:01 +0000] "GET / HTTP/1.1" 200 57378 "-" "Expanse, a Palo Alto Networks company, searches across the global IPv4 space multiple times per day to identify customers&#39; presences on the Internet. If you would like to be excluded from our scans, please send IP addresses/domains to: scaninfo@paloaltonetworks.com"
::ffff:95.214.235.205 - - [25/Nov/2022:01:02:36 +0000] "GET /.env HTTP/1.1" 404 143 "-" "Mozilla/5.0 (X11; Linux x86_64) AppleWebKit/537.36 (KHTML, like Gecko) Chrome/81.0.4044.129 Safari/537.36"
::ffff:95.214.235.205 - - [25/Nov/2022:01:02:37 +0000] "POST / HTTP/1.1" 404 140 "-" "Mozilla/5.0 (X11; Linux x86_64) AppleWebKit/537.36 (KHTML, like Gecko) Chrome/81.0.4044.129 Safari/537.36"
::ffff:35.236.99.124 - - [25/Nov/2022:01:12:39 +0000] "GET / HTTP/1.1" 200 57378 "-" "Mozilla/5.0 zgrab/0.x"
::ffff:52.23.207.65 - - [25/Nov/2022:01:18:34 +0000] "POST / HTTP/1.1" 404 140 "-" "Mozilla/5.0 (X11; Linux x86_64) AppleWebKit/537.36 (KHTML, like Gecko) Chrome/81.0.4044.129 Safari/537.36"
::ffff:52.23.207.65 - - [25/Nov/2022:01:18:34 +0000] "GET /.env HTTP/1.1" 404 143 "-" "Mozilla/5.0 (X11; Linux x86_64) AppleWebKit/537.36 (KHTML, like Gecko) Chrome/81.0.4044.129 Safari/537.36"
::ffff:135.125.246.189 - - [25/Nov/2022:01:22:52 +0000] "POST / HTTP/1.1" 404 140 "-" "Mozilla/5.0 (X11; Linux x86_64) AppleWebKit/537.36 (KHTML, like Gecko) Chrome/81.0.4044.129 Safari/537.36"
::ffff:135.125.246.189 - - [25/Nov/2022:01:22:52 +0000] "GET /.env HTTP/1.1" 404 143 "-" "Mozilla/5.0 (X11; Linux x86_64) AppleWebKit/537.36 (KHTML, like Gecko) Chrome/81.0.4044.129 Safari/537.36"
::ffff:114.119.156.181 - - [25/Nov/2022:02:02:52 +0000] "GET /contact HTTP/1.1" 200 10017 "http://34.212.47.6/contact?s=1&ss=3" "Mozilla/5.0 (Linux; Android 7.0;) AppleWebKit/537.36 (KHTML, like Gecko) Mobile Safari/537.36 (compatible; PetalBot;+https://webmaster.petalsearch.com/site/petalbot)"
::ffff:109.237.98.226 - - [25/Nov/2022:02:05:20 +0000] "GET /.env HTTP/1.1" 404 143 "-" "Mozilla/5.0 (X11; Linux x86_64) AppleWebKit/537.36 (KHTML, like Gecko) Chrome/81.0.4044.129 Safari/537.36"
::ffff:52.23.207.65 - - [25/Nov/2022:02:07:47 +0000] "POST / HTTP/1.1" 404 140 "-" "Mozilla/5.0 (X11; Linux x86_64) AppleWebKit/537.36 (KHTML, like Gecko) Chrome/81.0.4044.129 Safari/537.36"
::ffff:52.23.207.65 - - [25/Nov/2022:02:07:48 +0000] "GET /.env HTTP/1.1" 404 143 "-" "Mozilla/5.0 (X11; Linux x86_64) AppleWebKit/537.36 (KHTML, like Gecko) Chrome/81.0.4044.129 Safari/537.36"
::ffff:114.119.143.172 - - [25/Nov/2022:02:07:51 +0000] "GET /docs/Twenty%20guiding%20principles%20of%20Karate.pdf HTTP/1.1" 200 49483 "http://34.212.47.6/resources" "Mozilla/5.0 (Linux; Android 7.0;) AppleWebKit/537.36 (KHTML, like Gecko) Mobile Safari/537.36 (compatible; PetalBot;+https://webmaster.petalsearch.com/site/petalbot)"
::ffff:67.169.170.163 - - [25/Nov/2022:02:08:59 +0000] "GET /images/tiger.bmp HTTP/1.1" 304 - "http://wadokikai.org/resources" "Mozilla/5.0 (Macintosh; Intel Mac OS X 10_15_7) AppleWebKit/537.36 (KHTML, like Gecko) Chrome/106.0.0.0 Safari/537.36"
::ffff:35.236.99.124 - - [25/Nov/2022:02:46:35 +0000] "GET / HTTP/1.1" 200 57378 "-" "Mozilla/5.0 zgrab/0.x"
::ffff:196.196.31.194 - - [25/Nov/2022:02:47:25 +0000] "GET /contact?s=1&ss=7 HTTP/1.1" 200 9997 "-" "Mozilla/5.0 (X11; Linux x86_64) AppleWebKit/537.36 (KHTML, like Gecko) Chrome/103.0.0.0 Safari/537.36 OPR/89.0.4447.51"
::ffff:196.196.31.194 - - [25/Nov/2022:02:47:26 +0000] "POST /sendemail HTTP/1.1" 302 96 "http://wadokikai.org/contact?s=1&ss=7" "Mozilla/5.0 (X11; Linux x86_64) AppleWebKit/537.36 (KHTML, like Gecko) Chrome/103.0.0.0 Safari/537.36 OPR/89.0.4447.51"
::ffff:196.196.31.194 - - [25/Nov/2022:02:47:27 +0000] "GET /contact/?msg=sent&s=1 HTTP/1.1" 200 10400 "http://wadokikai.org/sendemail" "Mozilla/5.0 (X11; Linux x86_64) AppleWebKit/537.36 (KHTML, like Gecko) Chrome/103.0.0.0 Safari/537.36 OPR/89.0.4447.51"
::ffff:40.77.167.4 - - [25/Nov/2022:02:50:27 +0000] "GET / HTTP/1.1" 200 57378 "-" "Mozilla/5.0 AppleWebKit/537.36 (KHTML, like Gecko; compatible; bingbot/2.0; +http://www.bing.com/bingbot.htm) Chrome/103.0.5060.134 Safari/537.36"
::ffff:35.236.99.124 - - [25/Nov/2022:02:53:57 +0000] "GET / HTTP/1.1" 200 57378 "-" "Mozilla/5.0 zgrab/0.x"
::ffff:35.236.99.124 - - [25/Nov/2022:02:58:09 +0000] "GET / HTTP/1.1" 200 57378 "-" "Mozilla/5.0 zgrab/0.x"
::ffff:66.249.77.22 - - [25/Nov/2022:03:14:05 +0000] "GET /robots.txt HTTP/1.1" 404 149 "-" "Mozilla/5.0 (compatible; Googlebot/2.1; +http://www.google.com/bot.html)"
::ffff:66.249.77.22 - - [25/Nov/2022:03:14:05 +0000] "GET / HTTP/1.1" 200 57378 "-" "Mozilla/5.0 (Linux; Android 6.0.1; Nexus 5X Build/MMB29P) AppleWebKit/537.36 (KHTML, like Gecko) Chrome/107.0.5304.110 Mobile Safari/537.36 (compatible; Googlebot/2.1; +http://www.google.com/bot.html)"
::ffff:35.236.99.124 - - [25/Nov/2022:03:24:16 +0000] "GET / HTTP/1.1" 200 57378 "-" "Mozilla/5.0 zgrab/0.x"
::ffff:35.236.99.124 - - [25/Nov/2022:03:24:37 +0000] "GET / HTTP/1.1" 200 57378 "-" "Mozilla/5.0 zgrab/0.x"
::ffff:223.240.99.104 - - [25/Nov/2022:03:29:25 +0000] "GET / HTTP/1.1" 200 57378 "-" "Mozilla/5.0 (iPhone; CPU iPhone OS 13_2_3 like Mac OS X) AppleWebKit/605.1.15 (KHTML, like Gecko) Version/13.0.3 Mobile/15E148 Safari/604.1"
::ffff:72.251.235.148 - - [25/Nov/2022:03:33:08 +0000] "GET /html/admin/config.php HTTP/1.0" 404 160 "-" "xfa1"
::ffff:35.236.99.124 - - [25/Nov/2022:03:40:48 +0000] "GET / HTTP/1.1" 200 57378 "-" "Mozilla/5.0 zgrab/0.x"
::ffff:52.23.207.65 - - [25/Nov/2022:03:40:52 +0000] "POST / HTTP/1.1" 404 140 "-" "Mozilla/5.0 (X11; Linux x86_64) AppleWebKit/537.36 (KHTML, like Gecko) Chrome/81.0.4044.129 Safari/537.36"
::ffff:52.23.207.65 - - [25/Nov/2022:03:40:53 +0000] "GET /.env HTTP/1.1" 404 143 "-" "Mozilla/5.0 (X11; Linux x86_64) AppleWebKit/537.36 (KHTML, like Gecko) Chrome/81.0.4044.129 Safari/537.36"
::ffff:35.236.99.124 - - [25/Nov/2022:03:51:38 +0000] "GET / HTTP/1.1" 200 57378 "-" "Mozilla/5.0 zgrab/0.x"
::ffff:192.241.210.170 - - [25/Nov/2022:03:52:36 +0000] "GET / HTTP/1.1" 200 57378 "-" "Mozilla/5.0 zgrab/0.x"
::ffff:164.92.205.100 - - [25/Nov/2022:03:53:01 +0000] "GET /w00tw00t.at.blackhats.romanian.anti-sec:) HTTP/1.1" 404 180 "-" "ZmEu"
::ffff:164.92.205.100 - - [25/Nov/2022:03:53:01 +0000] "GET /phpMyAdmin/scripts/setup.php HTTP/1.1" 404 167 "-" "ZmEu"
::ffff:164.92.205.100 - - [25/Nov/2022:03:53:01 +0000] "GET /phpmyadmin/scripts/setup.php HTTP/1.1" 404 167 "-" "ZmEu"
::ffff:164.92.205.100 - - [25/Nov/2022:03:53:02 +0000] "GET /pma/scripts/setup.php HTTP/1.1" 404 160 "-" "ZmEu"
::ffff:164.92.205.100 - - [25/Nov/2022:03:53:02 +0000] "GET /myadmin/scripts/setup.php HTTP/1.1" 404 164 "-" "ZmEu"
::ffff:164.92.205.100 - - [25/Nov/2022:03:53:02 +0000] "GET /MyAdmin/scripts/setup.php HTTP/1.1" 404 164 "-" "ZmEu"
::ffff:35.236.99.124 - - [25/Nov/2022:03:55:48 +0000] "GET / HTTP/1.1" 200 57378 "-" "Mozilla/5.0 zgrab/0.x"
::ffff:66.249.75.92 - - [25/Nov/2022:03:59:05 +0000] "GET /schools HTTP/1.1" 200 97308 "-" "Mozilla/5.0 (compatible; Googlebot/2.1; +http://www.google.com/bot.html)"
::ffff:157.55.39.153 - - [25/Nov/2022:04:00:50 +0000] "GET / HTTP/1.1" 200 57378 "-" "Mozilla/5.0 AppleWebKit/537.36 (KHTML, like Gecko; compatible; bingbot/2.0; +http://www.bing.com/bingbot.htm) Chrome/103.0.5060.134 Safari/537.36"
::ffff:52.23.207.65 - - [25/Nov/2022:04:12:48 +0000] "POST / HTTP/1.1" 404 140 "-" "Mozilla/5.0 (X11; Linux x86_64) AppleWebKit/537.36 (KHTML, like Gecko) Chrome/81.0.4044.129 Safari/537.36"
::ffff:52.23.207.65 - - [25/Nov/2022:04:12:48 +0000] "GET /.env HTTP/1.1" 404 143 "-" "Mozilla/5.0 (X11; Linux x86_64) AppleWebKit/537.36 (KHTML, like Gecko) Chrome/81.0.4044.129 Safari/537.36"
::ffff:198.235.24.10 - - [25/Nov/2022:04:16:27 +0000] "GET / HTTP/1.0" 200 57378 "-" "Expanse, a Palo Alto Networks company, searches across the global IPv4 space multiple times per day to identify customers&#39; presences on the Internet. If you would like to be excluded from our scans, please send IP addresses/domains to: scaninfo@paloaltonetworks.com"
::ffff:35.236.99.124 - - [25/Nov/2022:04:25:40 +0000] "GET / HTTP/1.1" 200 57378 "-" "Mozilla/5.0 zgrab/0.x"
::ffff:167.94.138.62 - - [25/Nov/2022:04:30:33 +0000] "GET / HTTP/1.1" 200 57378 "-" "-"
::ffff:167.94.138.62 - - [25/Nov/2022:04:30:34 +0000] "GET / HTTP/1.1" 200 57378 "-" "Mozilla/5.0 (compatible; CensysInspect/1.1; +https://about.censys.io/)"
::ffff:167.94.138.62 - - [25/Nov/2022:04:30:34 +0000] "PRI * HTTP/2.0" - - "-" "-"
::ffff:167.94.138.62 - - [25/Nov/2022:04:30:34 +0000] "GET /images/favicon.ico HTTP/1.1" 200 3638 "-" "Mozilla/5.0 (compatible; CensysInspect/1.1; +https://about.censys.io/)"
::ffff:167.94.138.62 - - [25/Nov/2022:04:30:34 +0000] "GET /favicon.ico HTTP/1.1" 404 150 "-" "Mozilla/5.0 (compatible; CensysInspect/1.1; +https://about.censys.io/)"
::ffff:185.191.171.21 - - [25/Nov/2022:04:32:46 +0000] "GET /robots.txt HTTP/1.1" 404 149 "-" "Mozilla/5.0 (compatible; SemrushBot/7~bl; +http://www.semrush.com/bot.html)"
::ffff:185.191.171.24 - - [25/Nov/2022:04:32:47 +0000] "GET /contact?s=1&ss=1 HTTP/1.1" 200 9997 "-" "Mozilla/5.0 (compatible; SemrushBot/7~bl; +http://www.semrush.com/bot.html)"
::ffff:66.249.75.92 - - [25/Nov/2022:04:44:05 +0000] "GET /resources HTTP/1.1" 200 194907 "-" "Mozilla/5.0 (Linux; Android 6.0.1; Nexus 5X Build/MMB29P) AppleWebKit/537.36 (KHTML, like Gecko) Chrome/107.0.5304.110 Mobile Safari/537.36 (compatible; Googlebot/2.1; +http://www.google.com/bot.html)"
::ffff:185.191.171.6 - - [25/Nov/2022:04:45:23 +0000] "GET /contact?s=1&ss=3 HTTP/1.1" 200 9997 "-" "Mozilla/5.0 (compatible; SemrushBot/7~bl; +http://www.semrush.com/bot.html)"
::ffff:95.214.235.205 - - [25/Nov/2022:04:46:17 +0000] "GET /.env HTTP/1.1" 404 143 "-" "Mozilla/5.0 (X11; Linux x86_64) AppleWebKit/537.36 (KHTML, like Gecko) Chrome/81.0.4044.129 Safari/537.36"
::ffff:35.236.99.124 - - [25/Nov/2022:04:47:55 +0000] "GET / HTTP/1.1" 200 57378 "-" "Mozilla/5.0 zgrab/0.x"
::ffff:64.62.197.229 - - [25/Nov/2022:04:49:47 +0000] "GET / HTTP/1.1" 200 57378 "-" "Mozilla/5.0 (Macintosh; Intel Mac OS X 10_15_7) AppleWebKit/605.1.15 (KHTML, like Gecko) Version/15.5 Safari/605.1.15"
::ffff:64.62.197.235 - - [25/Nov/2022:04:58:05 +0000] "GET /favicon.ico HTTP/1.1" 404 150 "-" "Mozilla/5.0 (Macintosh; Intel Mac OS X 10_15_2) AppleWebKit/537.36 (KHTML, like Gecko) Chrome/79.0.3945.88 Safari/537.36"
::ffff:34.77.127.183 - - [25/Nov/2022:05:06:23 +0000] "GET / HTTP/1.1" 200 57378 "-" "python-requests/2.28.1"
::ffff:40.77.167.96 - - [25/Nov/2022:05:09:50 +0000] "GET /robots.txt HTTP/1.1" 404 149 "-" "Mozilla/5.0 AppleWebKit/537.36 (KHTML, like Gecko; compatible; bingbot/2.0; +http://www.bing.com/bingbot.htm) Chrome/103.0.5060.134 Safari/537.36"
::ffff:157.55.39.214 - - [25/Nov/2022:05:10:03 +0000] "GET /images/PromoMay2021-GroupPic.jpg HTTP/1.1" 404 171 "-" "Mozilla/5.0 AppleWebKit/537.36 (KHTML, like Gecko; compatible; bingbot/2.0; +http://www.bing.com/bingbot.htm) Chrome/103.0.5060.134 Safari/537.36"
::ffff:40.77.167.4 - - [25/Nov/2022:05:14:01 +0000] "GET / HTTP/1.1" 200 57378 "-" "Mozilla/5.0 AppleWebKit/537.36 (KHTML, like Gecko; compatible; bingbot/2.0; +http://www.bing.com/bingbot.htm) Chrome/103.0.5060.134 Safari/537.36"
::ffff:141.255.166.2 - - [25/Nov/2022:05:21:55 +0000] "GET / HTTP/1.1" 200 57378 "-" "Hello World"
::ffff:66.249.75.88 - - [25/Nov/2022:05:29:05 +0000] "GET /robots.txt HTTP/1.1" 404 149 "-" "Mozilla/5.0 (compatible; Googlebot/2.1; +http://www.google.com/bot.html)"
::ffff:66.249.75.89 - - [25/Nov/2022:05:29:05 +0000] "GET /videos.php HTTP/1.1" 404 149 "-" "Mozilla/5.0 (Linux; Android 6.0.1; Nexus 5X Build/MMB29P) AppleWebKit/537.36 (KHTML, like Gecko) Chrome/107.0.5304.110 Mobile Safari/537.36 (compatible; Googlebot/2.1; +http://www.google.com/bot.html)"
::ffff:52.23.207.65 - - [25/Nov/2022:05:29:16 +0000] "POST / HTTP/1.1" 404 140 "-" "Mozilla/5.0 (X11; Linux x86_64) AppleWebKit/537.36 (KHTML, like Gecko) Chrome/81.0.4044.129 Safari/537.36"
::ffff:52.23.207.65 - - [25/Nov/2022:05:29:17 +0000] "GET /.env HTTP/1.1" 404 143 "-" "Mozilla/5.0 (X11; Linux x86_64) AppleWebKit/537.36 (KHTML, like Gecko) Chrome/81.0.4044.129 Safari/537.36"
::ffff:43.230.158.205 - - [25/Nov/2022:05:30:52 +0000] "GET / HTTP/1.1" 200 57378 "-" "Mozilla/5.0 (Windows NT 6.1; WOW64) AppleWebKit/537.36 (KHTML, like Gecko) Chrome/51.0.2704.103 Safari/537.36"
::ffff:135.125.246.189 - - [25/Nov/2022:05:35:41 +0000] "POST / HTTP/1.1" 404 140 "-" "Mozilla/5.0 (X11; Linux x86_64) AppleWebKit/537.36 (KHTML, like Gecko) Chrome/81.0.4044.129 Safari/537.36"
::ffff:135.125.246.189 - - [25/Nov/2022:05:35:41 +0000] "GET /.env HTTP/1.1" 404 143 "-" "Mozilla/5.0 (X11; Linux x86_64) AppleWebKit/537.36 (KHTML, like Gecko) Chrome/81.0.4044.129 Safari/537.36"
::ffff:66.249.66.60 - - [25/Nov/2022:05:51:21 +0000] "GET / HTTP/1.1" 200 57378 "-" "Mozilla/5.0 (compatible; Googlebot/2.1; +http://www.google.com/bot.html)"
::ffff:95.214.235.205 - - [25/Nov/2022:06:03:39 +0000] "GET /.env HTTP/1.1" 404 143 "-" "Mozilla/5.0 (X11; Linux x86_64) AppleWebKit/537.36 (KHTML, like Gecko) Chrome/81.0.4044.129 Safari/537.36"
::ffff:95.214.235.205 - - [25/Nov/2022:06:03:39 +0000] "POST / HTTP/1.1" 404 140 "-" "Mozilla/5.0 (X11; Linux x86_64) AppleWebKit/537.36 (KHTML, like Gecko) Chrome/81.0.4044.129 Safari/537.36"
::ffff:37.139.53.82 - - [25/Nov/2022:06:06:31 +0000] "GET / HTTP/1.0" 200 57378 "http://wadokikai.org/" "Mozilla/5.0 (Windows NT 10.0; Win64; x64) AppleWebKit/537.36 (KHTML, like Gecko) Chrome/83.0.4103.14 Safari/537.36"
::ffff:37.139.53.82 - - [25/Nov/2022:06:06:32 +0000] "POST /sendemail HTTP/1.0" 302 40 "http://wadokikai.org/" "Mozilla/5.0 (Windows NT 10.0; Win64; x64) AppleWebKit/537.36 (KHTML, like Gecko) Chrome/83.0.4103.14 Safari/537.36"
::ffff:37.139.53.82 - - [25/Nov/2022:06:06:32 +0000] "GET /?err=error HTTP/1.0" 200 57930 "http://wadokikai.org/?err=error#signup" "Mozilla/5.0 (Windows NT 10.0; Win64; x64) AppleWebKit/537.36 (KHTML, like Gecko) Chrome/83.0.4103.14 Safari/537.36"
::ffff:66.249.77.22 - - [25/Nov/2022:06:14:05 +0000] "GET / HTTP/1.1" 200 57378 "-" "Mozilla/5.0 (compatible; Googlebot/2.1; +http://www.google.com/bot.html)"
::ffff:135.125.246.110 - - [25/Nov/2022:06:15:55 +0000] "POST / HTTP/1.1" 404 140 "-" "Mozilla/5.0 (X11; Linux x86_64) AppleWebKit/537.36 (KHTML, like Gecko) Chrome/81.0.4044.129 Safari/537.36"
::ffff:135.125.246.110 - - [25/Nov/2022:06:15:55 +0000] "GET /.env HTTP/1.1" 404 143 "-" "Mozilla/5.0 (X11; Linux x86_64) AppleWebKit/537.36 (KHTML, like Gecko) Chrome/81.0.4044.129 Safari/537.36"
::ffff:52.23.207.65 - - [25/Nov/2022:06:21:17 +0000] "POST / HTTP/1.1" 404 140 "-" "Mozilla/5.0 (X11; Linux x86_64) AppleWebKit/537.36 (KHTML, like Gecko) Chrome/81.0.4044.129 Safari/537.36"
::ffff:52.23.207.65 - - [25/Nov/2022:06:21:17 +0000] "GET /.env HTTP/1.1" 404 143 "-" "Mozilla/5.0 (X11; Linux x86_64) AppleWebKit/537.36 (KHTML, like Gecko) Chrome/81.0.4044.129 Safari/537.36"
::ffff:167.94.145.57 - - [25/Nov/2022:06:35:01 +0000] "GET / HTTP/1.1" 200 57378 "-" "-"
::ffff:167.94.145.57 - - [25/Nov/2022:06:35:01 +0000] "GET / HTTP/1.1" 200 57378 "-" "Mozilla/5.0 (compatible; CensysInspect/1.1; +https://about.censys.io/)"
::ffff:167.94.145.57 - - [25/Nov/2022:06:35:02 +0000] "PRI * HTTP/2.0" - - "-" "-"
::ffff:167.94.145.57 - - [25/Nov/2022:06:35:03 +0000] "GET /images/favicon.ico HTTP/1.1" 200 3638 "-" "Mozilla/5.0 (compatible; CensysInspect/1.1; +https://about.censys.io/)"
::ffff:167.94.145.57 - - [25/Nov/2022:06:35:03 +0000] "GET /favicon.ico HTTP/1.1" 404 150 "-" "Mozilla/5.0 (compatible; CensysInspect/1.1; +https://about.censys.io/)"
::ffff:35.236.99.124 - - [25/Nov/2022:06:46:08 +0000] "GET / HTTP/1.1" 200 57378 "-" "Mozilla/5.0 zgrab/0.x"
::ffff:192.241.212.52 - - [25/Nov/2022:06:51:08 +0000] "GET /owa/auth/logon.aspx?url=https%3a%2f%2f1%2fecp%2f HTTP/1.1" 404 158 "-" "Mozilla/5.0 zgrab/0.x"
::ffff:35.236.99.124 - - [25/Nov/2022:07:10:43 +0000] "GET / HTTP/1.1" 200 57378 "-" "Mozilla/5.0 zgrab/0.x"
::ffff:66.249.75.88 - - [25/Nov/2022:07:14:07 +0000] "GET /ads.txt HTTP/1.1" 404 146 "-" "Mozilla/5.0 (compatible; Googlebot/2.1; +http://www.google.com/bot.html)"
::ffff:66.249.75.91 - - [25/Nov/2022:07:14:07 +0000] "GET /ads.txt HTTP/1.1" 404 146 "-" "Mozilla/5.0 (compatible; Googlebot/2.1; +http://www.google.com/bot.html)"
::ffff:66.249.77.24 - - [25/Nov/2022:07:14:07 +0000] "GET /ads.txt HTTP/1.1" 404 146 "-" "Mozilla/5.0 (compatible; Googlebot/2.1; +http://www.google.com/bot.html)"
::ffff:52.23.207.65 - - [25/Nov/2022:07:23:10 +0000] "POST / HTTP/1.1" 404 140 "-" "Mozilla/5.0 (X11; Linux x86_64) AppleWebKit/537.36 (KHTML, like Gecko) Chrome/81.0.4044.129 Safari/537.36"
::ffff:52.23.207.65 - - [25/Nov/2022:07:23:11 +0000] "GET /.env HTTP/1.1" 404 143 "-" "Mozilla/5.0 (X11; Linux x86_64) AppleWebKit/537.36 (KHTML, like Gecko) Chrome/81.0.4044.129 Safari/537.36"
::ffff:52.23.207.65 - - [25/Nov/2022:07:33:09 +0000] "POST / HTTP/1.1" 404 140 "-" "Mozilla/5.0 (X11; Linux x86_64) AppleWebKit/537.36 (KHTML, like Gecko) Chrome/81.0.4044.129 Safari/537.36"
::ffff:52.23.207.65 - - [25/Nov/2022:07:33:10 +0000] "GET /.env HTTP/1.1" 404 143 "-" "Mozilla/5.0 (X11; Linux x86_64) AppleWebKit/537.36 (KHTML, like Gecko) Chrome/81.0.4044.129 Safari/537.36"
::ffff:66.249.77.31 - - [25/Nov/2022:07:44:09 +0000] "GET /robots.txt HTTP/1.1" 404 149 "-" "Mozilla/5.0 (compatible; Googlebot/2.1; +http://www.google.com/bot.html)"
::ffff:66.249.77.6 - - [25/Nov/2022:07:44:10 +0000] "GET /ads.txt HTTP/1.1" 404 146 "-" "Mozilla/5.0 (compatible; Googlebot/2.1; +http://www.google.com/bot.html)"
::ffff:35.236.99.124 - - [25/Nov/2022:08:05:17 +0000] "GET / HTTP/1.1" 200 57378 "-" "Mozilla/5.0 zgrab/0.x"
::ffff:20.228.194.134 - - [25/Nov/2022:08:27:56 +0000] "GET /.env HTTP/1.1" 404 143 "-" "Mozilla/5.0 (Linux; U; Android 4.4.2; en-US; HM NOTE 1W Build/KOT49H) AppleWebKit/534.30 (KHTML, like Gecko) Version/4.0 UCBrowser/11.0.5.850 U3/0.8.0 Mobile Safari/534.30"
::ffff:20.228.194.134 - - [25/Nov/2022:08:27:57 +0000] "POST / HTTP/1.1" 404 140 "-" "Mozilla/5.0 (Linux; U; Android 4.4.2; en-US; HM NOTE 1W Build/KOT49H) AppleWebKit/534.30 (KHTML, like Gecko) Version/4.0 UCBrowser/11.0.5.850 U3/0.8.0 Mobile Safari/534.30"
::ffff:20.228.194.134 - - [25/Nov/2022:08:27:57 +0000] "GET /.env HTTP/1.1" 404 143 "-" "Mozilla/5.0 (Linux; U; Android 4.4.2; en-US; HM NOTE 1W Build/KOT49H) AppleWebKit/534.30 (KHTML, like Gecko) Version/4.0 UCBrowser/11.0.5.850 U3/0.8.0 Mobile Safari/534.30"
::ffff:20.228.194.134 - - [25/Nov/2022:08:27:57 +0000] "POST / HTTP/1.1" 404 140 "-" "Mozilla/5.0 (Linux; U; Android 4.4.2; en-US; HM NOTE 1W Build/KOT49H) AppleWebKit/534.30 (KHTML, like Gecko) Version/4.0 UCBrowser/11.0.5.850 U3/0.8.0 Mobile Safari/534.30"
::ffff:185.191.171.9 - - [25/Nov/2022:08:28:54 +0000] "GET /robots.txt HTTP/1.1" 404 149 "-" "Mozilla/5.0 (compatible; SemrushBot/7~bl; +http://www.semrush.com/bot.html)"
::ffff:185.191.171.43 - - [25/Nov/2022:08:28:54 +0000] "GET /contact?s=1&ss=9 HTTP/1.1" 200 9997 "-" "Mozilla/5.0 (compatible; SemrushBot/7~bl; +http://www.semrush.com/bot.html)"
::ffff:192.241.206.229 - - [25/Nov/2022:08:35:21 +0000] "GET /actuator/health HTTP/1.1" 404 154 "-" "Mozilla/5.0 zgrab/0.x"
::ffff:185.106.122.182 - - [25/Nov/2022:08:41:34 +0000] "POST /boaform/admin/formLogin HTTP/1.1" 404 163 "http://34.212.47.6:80/admin/login.asp" "Mozilla/5.0 (X11; Ubuntu; Linux x86_64; rv:71.0) Gecko/20100101 Firefox/71.0"
::ffff:135.125.246.110 - - [25/Nov/2022:08:50:58 +0000] "POST / HTTP/1.1" 404 140 "-" "Mozilla/5.0 (X11; Linux x86_64) AppleWebKit/537.36 (KHTML, like Gecko) Chrome/81.0.4044.129 Safari/537.36"
::ffff:135.125.246.110 - - [25/Nov/2022:08:50:58 +0000] "GET /.env HTTP/1.1" 404 143 "-" "Mozilla/5.0 (X11; Linux x86_64) AppleWebKit/537.36 (KHTML, like Gecko) Chrome/81.0.4044.129 Safari/537.36"
::ffff:52.23.207.65 - - [25/Nov/2022:09:05:56 +0000] "POST / HTTP/1.1" 404 140 "-" "Mozilla/5.0 (X11; Linux x86_64) AppleWebKit/537.36 (KHTML, like Gecko) Chrome/81.0.4044.129 Safari/537.36"
::ffff:52.23.207.65 - - [25/Nov/2022:09:05:56 +0000] "GET /.env HTTP/1.1" 404 143 "-" "Mozilla/5.0 (X11; Linux x86_64) AppleWebKit/537.36 (KHTML, like Gecko) Chrome/81.0.4044.129 Safari/537.36"
::ffff:113.125.51.198 - - [25/Nov/2022:09:11:57 +0000] "GET /865952/ HTTP/1.1" 404 146 "-" "Mozilla/5.0 (iPhone; CPU iPhone OS 13_2_3 like Mac OS X) AppleWebKit/605.1.15 (KHTML, like Gecko) Version/13.0.3 Mobile/15E148 Safari/604.1"
::ffff:141.255.166.2 - - [25/Nov/2022:09:19:29 +0000] "GET / HTTP/1.1" 200 57378 "-" "Hello World"
::ffff:24.199.83.167 - - [25/Nov/2022:09:23:16 +0000] "GET / HTTP/1.1" 200 57378 "-" "Mozilla/5.0 (Windows NT 10.0; Win64; x64; rv:79.0) Gecko/20100101 Firefox/79.0"
::ffff:135.125.246.110 - - [25/Nov/2022:09:29:22 +0000] "POST / HTTP/1.1" 404 140 "-" "Mozilla/5.0 (X11; Linux x86_64) AppleWebKit/537.36 (KHTML, like Gecko) Chrome/81.0.4044.129 Safari/537.36"
::ffff:135.125.246.110 - - [25/Nov/2022:09:29:22 +0000] "GET /.env HTTP/1.1" 404 143 "-" "Mozilla/5.0 (X11; Linux x86_64) AppleWebKit/537.36 (KHTML, like Gecko) Chrome/81.0.4044.129 Safari/537.36"
::ffff:51.222.253.3 - - [25/Nov/2022:09:31:40 +0000] "GET /robots.txt HTTP/1.1" 404 149 "-" "Mozilla/5.0 (compatible; AhrefsBot/7.0; +http://ahrefs.com/robot/)"
::ffff:51.222.253.20 - - [25/Nov/2022:09:31:41 +0000] "GET / HTTP/1.1" 200 57378 "-" "Mozilla/5.0 (compatible; AhrefsBot/7.0; +http://ahrefs.com/robot/)"
::ffff:157.55.39.153 - - [25/Nov/2022:09:38:32 +0000] "GET / HTTP/1.1" 200 57378 "-" "Mozilla/5.0 AppleWebKit/537.36 (KHTML, like Gecko; compatible; bingbot/2.0; +http://www.bing.com/bingbot.htm) Chrome/103.0.5060.134 Safari/537.36"
::ffff:52.23.207.65 - - [25/Nov/2022:09:41:09 +0000] "POST / HTTP/1.1" 404 140 "-" "Mozilla/5.0 (X11; Linux x86_64) AppleWebKit/537.36 (KHTML, like Gecko) Chrome/81.0.4044.129 Safari/537.36"
::ffff:52.23.207.65 - - [25/Nov/2022:09:41:10 +0000] "GET /.env HTTP/1.1" 404 143 "-" "Mozilla/5.0 (X11; Linux x86_64) AppleWebKit/537.36 (KHTML, like Gecko) Chrome/81.0.4044.129 Safari/537.36"
::ffff:114.119.142.99 - - [25/Nov/2022:10:03:40 +0000] "GET /contact?s=1&ss=9 HTTP/1.1" 200 9997 "http://www.wadokikai.org/" "Mozilla/5.0 (Linux; Android 7.0;) AppleWebKit/537.36 (KHTML, like Gecko) Mobile Safari/537.36 (compatible; PetalBot;+https://webmaster.petalsearch.com/site/petalbot)"
::ffff:114.119.146.251 - - [25/Nov/2022:10:08:43 +0000] "GET /joinemail?type=promotions HTTP/1.1" 200 8841 "https://wadokikai.org/events" "Mozilla/5.0 (Linux; Android 7.0;) AppleWebKit/537.36 (KHTML, like Gecko) Mobile Safari/537.36 (compatible; PetalBot;+https://webmaster.petalsearch.com/site/petalbot)"
::ffff:114.119.152.148 - - [25/Nov/2022:10:21:29 +0000] "GET /resources HTTP/1.1" 200 194907 "http://34.212.47.6/joinemail?type=blackbeltclasses" "Mozilla/5.0 (Linux; Android 7.0;) AppleWebKit/537.36 (KHTML, like Gecko) Mobile Safari/537.36 (compatible; PetalBot;+https://webmaster.petalsearch.com/site/petalbot)"
::ffff:141.255.166.2 - - [25/Nov/2022:10:26:26 +0000] "GET / HTTP/1.1" 200 57378 "-" "Hello World"
::ffff:35.236.99.124 - - [25/Nov/2022:10:26:42 +0000] "GET / HTTP/1.1" 200 57378 "-" "Mozilla/5.0 zgrab/0.x"
::ffff:95.214.235.205 - - [25/Nov/2022:10:41:31 +0000] "GET /.env HTTP/1.1" 404 143 "-" "Mozilla/5.0 (X11; Linux x86_64) AppleWebKit/537.36 (KHTML, like Gecko) Chrome/81.0.4044.129 Safari/537.36"
::ffff:95.214.235.205 - - [25/Nov/2022:10:41:34 +0000] "POST / HTTP/1.1" 404 140 "-" "Mozilla/5.0 (X11; Linux x86_64) AppleWebKit/537.36 (KHTML, like Gecko) Chrome/81.0.4044.129 Safari/537.36"
::ffff:183.136.225.32 - - [25/Nov/2022:10:42:21 +0000] "GET / HTTP/1.1" 200 57378 "-" "Mozilla/5.0 (Macintosh; Intel Mac OS X 10.11; rv:47.0) Gecko/20100101 Firefox/47.0"
::ffff:183.136.225.32 - - [25/Nov/2022:10:42:44 +0000] "GET /images/favicon.ico HTTP/1.1" 200 3638 "-" "Mozilla/5.0 (Windows NT 6.1; WOW64) AppleWebKit/537.36 (KHTML, like Gecko) Chrome/63.0.3239.132 Safari/537.36 QIHU 360SE"
::ffff:183.136.225.32 - - [25/Nov/2022:10:42:47 +0000] "GET /robots.txt HTTP/1.1" 404 149 "-" "Mozilla/5.0 (Windows NT 6.1; WOW64) AppleWebKit/537.36 (KHTML, like Gecko) Chrome/63.0.3239.132 Safari/537.36 QIHU 360SE"
::ffff:183.136.225.32 - - [25/Nov/2022:10:42:48 +0000] "GET /ie7/ie7-standard-p.js HTTP/1.1" 404 160 "-" "Mozilla/5.0 (Windows NT 6.1; WOW64) AppleWebKit/537.36 (KHTML, like Gecko) Chrome/63.0.3239.132 Safari/537.36 QIHU 360SE"
::ffff:183.136.225.32 - - [25/Nov/2022:10:43:26 +0000] "GET /js/common.js HTTP/1.1" 200 2255 "-" "Mozilla/5.0 (Windows NT 6.1; WOW64) AppleWebKit/537.36 (KHTML, like Gecko) Chrome/63.0.3239.132 Safari/537.36 QIHU 360SE"
::ffff:137.226.113.44 - - [25/Nov/2022:10:44:19 +0000] "GET / HTTP/1.1" 200 57378 "-" "Mozilla/5.0 zgrab/0.x (compatible; Researchscan/http; +http://researchscan.comsys.rwth-aachen.de)"
::ffff:52.23.207.65 - - [25/Nov/2022:10:48:40 +0000] "POST / HTTP/1.1" 404 140 "-" "Mozilla/5.0 (X11; Linux x86_64) AppleWebKit/537.36 (KHTML, like Gecko) Chrome/81.0.4044.129 Safari/537.36"
::ffff:52.23.207.65 - - [25/Nov/2022:10:48:41 +0000] "GET /.env HTTP/1.1" 404 143 "-" "Mozilla/5.0 (X11; Linux x86_64) AppleWebKit/537.36 (KHTML, like Gecko) Chrome/81.0.4044.129 Safari/537.36"
::ffff:109.237.97.180 - - [25/Nov/2022:10:48:56 +0000] "GET /.env HTTP/1.1" 404 143 "-" "Mozilla/5.0 (X11; Linux x86_64) AppleWebKit/537.36 (KHTML, like Gecko) Chrome/81.0.4044.129 Safari/537.36"
::ffff:135.125.246.110 - - [25/Nov/2022:10:50:56 +0000] "POST / HTTP/1.1" 404 140 "-" "Mozilla/5.0 (X11; Linux x86_64) AppleWebKit/537.36 (KHTML, like Gecko) Chrome/81.0.4044.129 Safari/537.36"
::ffff:135.125.246.110 - - [25/Nov/2022:10:50:56 +0000] "GET /.env HTTP/1.1" 404 143 "-" "Mozilla/5.0 (X11; Linux x86_64) AppleWebKit/537.36 (KHTML, like Gecko) Chrome/81.0.4044.129 Safari/537.36"
::ffff:5.188.62.26 - - [25/Nov/2022:11:01:49 +0000] "GET / HTTP/1.1" 200 57378 "-" "Mozilla/5.0 (Windows NT 6.1; WOW64) AppleWebKit/537.36 (KHTML, like Gecko) Chrome/99.0.4844.84 Safari/537.36"
::ffff:35.236.99.124 - - [25/Nov/2022:11:06:03 +0000] "GET / HTTP/1.1" 200 57378 "-" "Mozilla/5.0 zgrab/0.x"
::ffff:51.222.253.5 - - [25/Nov/2022:11:06:51 +0000] "GET /robots.txt HTTP/1.1" 404 149 "-" "Mozilla/5.0 (compatible; AhrefsBot/7.0; +http://ahrefs.com/robot/)"
::ffff:51.222.253.16 - - [25/Nov/2022:11:06:52 +0000] "GET / HTTP/1.1" 200 57378 "-" "Mozilla/5.0 (compatible; AhrefsBot/7.0; +http://ahrefs.com/robot/)"
::ffff:35.236.99.124 - - [25/Nov/2022:11:18:20 +0000] "GET / HTTP/1.1" 200 57378 "-" "Mozilla/5.0 zgrab/0.x"
::ffff:43.128.225.120 - - [25/Nov/2022:11:19:37 +0000] "GET / HTTP/1.1" 200 57378 "-" "'Mozilla/5.0"
::ffff:93.174.95.106 - - [25/Nov/2022:11:23:03 +0000] "GET / HTTP/1.1" 200 57378 "-" "Mozilla/5.0 (X11; Linux x86_64) AppleWebKit/537.36 (KHTML, like Gecko) Chrome/98.0.4758.102 Safari/537.36"
::ffff:93.174.95.106 - - [25/Nov/2022:11:23:15 +0000] "GET /robots.txt HTTP/1.1" 404 149 "-" "-"
::ffff:93.174.95.106 - - [25/Nov/2022:11:23:17 +0000] "GET /sitemap.xml HTTP/1.1" 404 150 "-" "-"
::ffff:93.174.95.106 - - [25/Nov/2022:11:23:17 +0000] "GET /.well-known/security.txt HTTP/1.1" 404 163 "-" "-"
::ffff:93.174.95.106 - - [25/Nov/2022:11:23:18 +0000] "GET /images/favicon.ico HTTP/1.1" 200 3638 "-" "Mozilla/5.0 (Macintosh; Intel Mac OS X 10.15; rv:80.0) Gecko/20100101 Firefox/80.0"
::ffff:52.23.207.65 - - [25/Nov/2022:11:24:00 +0000] "POST / HTTP/1.1" 404 140 "-" "Mozilla/5.0 (X11; Linux x86_64) AppleWebKit/537.36 (KHTML, like Gecko) Chrome/81.0.4044.129 Safari/537.36"
::ffff:52.23.207.65 - - [25/Nov/2022:11:24:01 +0000] "GET /.env HTTP/1.1" 404 143 "-" "Mozilla/5.0 (X11; Linux x86_64) AppleWebKit/537.36 (KHTML, like Gecko) Chrome/81.0.4044.129 Safari/537.36"
::ffff:5.188.62.26 - - [25/Nov/2022:11:28:19 +0000] "GET / HTTP/1.1" 200 57378 "http://wadokikai.org/" "Mozilla/5.0 (Windows NT 10.0; Win64; x64) AppleWebKit/537.36 (KHTML, like Gecko) Chrome/99.0.4844.84 Safari/537.36"
::ffff:5.188.62.26 - - [25/Nov/2022:11:28:25 +0000] "GET /admin HTTP/1.1" 404 144 "http://wadokikai.org/" "Mozilla/5.0 (Windows NT 10.0; Win64; x64) AppleWebKit/537.36 (KHTML, like Gecko) Chrome/99.0.4844.84 Safari/537.36"
::ffff:35.236.99.124 - - [25/Nov/2022:11:31:50 +0000] "GET / HTTP/1.1" 200 57378 "-" "Mozilla/5.0 zgrab/0.x"
::ffff:35.236.99.124 - - [25/Nov/2022:11:42:59 +0000] "GET / HTTP/1.1" 200 57378 "-" "Mozilla/5.0 zgrab/0.x"
::ffff:35.236.99.124 - - [25/Nov/2022:11:43:00 +0000] "GET / HTTP/1.1" 200 57378 "-" "Mozilla/5.0 zgrab/0.x"
::ffff:94.199.126.12 - - [25/Nov/2022:12:13:38 +0000] "GET / HTTP/1.1" 200 57378 "-" "Mozilla/5.0 (Macintosh; Intel Mac OS X 10_15_7) AppleWebKit/537.36 (KHTML, like Gecko) Chrome/107.0.0.0 Safari/537.36"
::ffff:94.199.126.12 - - [25/Nov/2022:12:13:39 +0000] "GET /css/wadokikai.css HTTP/1.1" 200 4337 "https://wadokikai.org/" "Mozilla/5.0 (Macintosh; Intel Mac OS X 10_15_7) AppleWebKit/537.36 (KHTML, like Gecko) Chrome/107.0.0.0 Safari/537.36"
::ffff:94.199.126.12 - - [25/Nov/2022:12:13:39 +0000] "GET /images/wkkpatch22_med.png HTTP/1.1" 200 32301 "https://wadokikai.org/" "Mozilla/5.0 (Macintosh; Intel Mac OS X 10_15_7) AppleWebKit/537.36 (KHTML, like Gecko) Chrome/107.0.0.0 Safari/537.36"
::ffff:94.199.126.12 - - [25/Nov/2022:12:13:39 +0000] "GET /js/common.js HTTP/1.1" 200 2255 "https://wadokikai.org/" "Mozilla/5.0 (Macintosh; Intel Mac OS X 10_15_7) AppleWebKit/537.36 (KHTML, like Gecko) Chrome/107.0.0.0 Safari/537.36"
::ffff:94.199.126.12 - - [25/Nov/2022:12:13:39 +0000] "GET /images/schools/alamedakaratedomap.jpg HTTP/1.1" 200 38311 "https://wadokikai.org/" "Mozilla/5.0 (Macintosh; Intel Mac OS X 10_15_7) AppleWebKit/537.36 (KHTML, like Gecko) Chrome/107.0.0.0 Safari/537.36"
::ffff:94.199.126.12 - - [25/Nov/2022:12:13:39 +0000] "GET /images/schools/dcakaratedomap.jpg HTTP/1.1" 200 35262 "https://wadokikai.org/" "Mozilla/5.0 (Macintosh; Intel Mac OS X 10_15_7) AppleWebKit/537.36 (KHTML, like Gecko) Chrome/107.0.0.0 Safari/537.36"
::ffff:94.199.126.12 - - [25/Nov/2022:12:13:39 +0000] "GET /images/schools/orindakaratedomap.jpg HTTP/1.1" 200 34167 "https://wadokikai.org/" "Mozilla/5.0 (Macintosh; Intel Mac OS X 10_15_7) AppleWebKit/537.36 (KHTML, like Gecko) Chrome/107.0.0.0 Safari/537.36"
::ffff:94.199.126.12 - - [25/Nov/2022:12:13:39 +0000] "GET /images/schools/harborbaykaratedomap.jpg HTTP/1.1" 200 37245 "https://wadokikai.org/" "Mozilla/5.0 (Macintosh; Intel Mac OS X 10_15_7) AppleWebKit/537.36 (KHTML, like Gecko) Chrome/107.0.0.0 Safari/537.36"
::ffff:94.199.126.12 - - [25/Nov/2022:12:13:39 +0000] "GET /images/schools/corpuzkaratedomap.jpg HTTP/1.1" 200 36421 "https://wadokikai.org/" "Mozilla/5.0 (Macintosh; Intel Mac OS X 10_15_7) AppleWebKit/537.36 (KHTML, like Gecko) Chrome/107.0.0.0 Safari/537.36"
::ffff:94.199.126.12 - - [25/Nov/2022:12:13:40 +0000] "GET /images/schools/nunleykaratedomap.jpg HTTP/1.1" 200 42667 "https://wadokikai.org/" "Mozilla/5.0 (Macintosh; Intel Mac OS X 10_15_7) AppleWebKit/537.36 (KHTML, like Gecko) Chrome/107.0.0.0 Safari/537.36"
::ffff:94.199.126.12 - - [25/Nov/2022:12:13:40 +0000] "GET /images/schools/marinkaratedomap.jpg HTTP/1.1" 200 32400 "https://wadokikai.org/" "Mozilla/5.0 (Macintosh; Intel Mac OS X 10_15_7) AppleWebKit/537.36 (KHTML, like Gecko) Chrome/107.0.0.0 Safari/537.36"
::ffff:94.199.126.12 - - [25/Nov/2022:12:13:40 +0000] "GET /images/schools/earhartkaratedomap.jpg HTTP/1.1" 200 41366 "https://wadokikai.org/" "Mozilla/5.0 (Macintosh; Intel Mac OS X 10_15_7) AppleWebKit/537.36 (KHTML, like Gecko) Chrome/107.0.0.0 Safari/537.36"
::ffff:94.199.126.12 - - [25/Nov/2022:12:13:40 +0000] "GET /images/schools/martinezkaratedomap.jpg HTTP/1.1" 200 37724 "https://wadokikai.org/" "Mozilla/5.0 (Macintosh; Intel Mac OS X 10_15_7) AppleWebKit/537.36 (KHTML, like Gecko) Chrome/107.0.0.0 Safari/537.36"
::ffff:94.199.126.12 - - [25/Nov/2022:12:13:40 +0000] "GET /images/schools/manzanitakaratedomap.jpg HTTP/1.1" 200 55402 "https://wadokikai.org/" "Mozilla/5.0 (Macintosh; Intel Mac OS X 10_15_7) AppleWebKit/537.36 (KHTML, like Gecko) Chrome/107.0.0.0 Safari/537.36"
::ffff:94.199.126.12 - - [25/Nov/2022:12:13:40 +0000] "GET /images/dragon-trans.png HTTP/1.1" 200 85661 "https://wadokikai.org/" "Mozilla/5.0 (Macintosh; Intel Mac OS X 10_15_7) AppleWebKit/537.36 (KHTML, like Gecko) Chrome/107.0.0.0 Safari/537.36"
::ffff:94.199.126.12 - - [25/Nov/2022:12:13:44 +0000] "GET /images/tiger.bmp HTTP/1.1" 200 311274 "https://wadokikai.org/" "Mozilla/5.0 (Macintosh; Intel Mac OS X 10_15_7) AppleWebKit/537.36 (KHTML, like Gecko) Chrome/107.0.0.0 Safari/537.36"
::ffff:94.199.126.12 - - [25/Nov/2022:12:13:46 +0000] "GET /events HTTP/1.1" 200 7135 "https://wadokikai.org/" "Mozilla/5.0 (Macintosh; Intel Mac OS X 10_15_7) AppleWebKit/537.36 (KHTML, like Gecko) Chrome/107.0.0.0 Safari/537.36"
::ffff:94.199.126.12 - - [25/Nov/2022:12:13:46 +0000] "GET /css/wadokikai.css HTTP/1.1" 304 - "https://wadokikai.org/events" "Mozilla/5.0 (Macintosh; Intel Mac OS X 10_15_7) AppleWebKit/537.36 (KHTML, like Gecko) Chrome/107.0.0.0 Safari/537.36"
::ffff:94.199.126.12 - - [25/Nov/2022:12:13:46 +0000] "GET /js/common.js HTTP/1.1" 304 - "https://wadokikai.org/events" "Mozilla/5.0 (Macintosh; Intel Mac OS X 10_15_7) AppleWebKit/537.36 (KHTML, like Gecko) Chrome/107.0.0.0 Safari/537.36"
::ffff:94.199.126.12 - - [25/Nov/2022:12:13:47 +0000] "GET /images/wkkpatch22_med.png HTTP/1.1" 304 - "https://wadokikai.org/events" "Mozilla/5.0 (Macintosh; Intel Mac OS X 10_15_7) AppleWebKit/537.36 (KHTML, like Gecko) Chrome/107.0.0.0 Safari/537.36"
::ffff:94.199.126.12 - - [25/Nov/2022:12:13:50 +0000] "GET / HTTP/1.1" 200 57378 "https://wadokikai.org/events" "Mozilla/5.0 (Macintosh; Intel Mac OS X 10_15_7) AppleWebKit/537.36 (KHTML, like Gecko) Chrome/107.0.0.0 Safari/537.36"
::ffff:94.199.126.12 - - [25/Nov/2022:12:13:51 +0000] "GET /css/wadokikai.css HTTP/1.1" 304 - "https://wadokikai.org/" "Mozilla/5.0 (Macintosh; Intel Mac OS X 10_15_7) AppleWebKit/537.36 (KHTML, like Gecko) Chrome/107.0.0.0 Safari/537.36"
::ffff:94.199.126.12 - - [25/Nov/2022:12:13:51 +0000] "GET /images/schools/alamedakaratedomap.jpg HTTP/1.1" 304 - "https://wadokikai.org/" "Mozilla/5.0 (Macintosh; Intel Mac OS X 10_15_7) AppleWebKit/537.36 (KHTML, like Gecko) Chrome/107.0.0.0 Safari/537.36"
::ffff:94.199.126.12 - - [25/Nov/2022:12:13:51 +0000] "GET /images/wkkpatch22_med.png HTTP/1.1" 304 - "https://wadokikai.org/" "Mozilla/5.0 (Macintosh; Intel Mac OS X 10_15_7) AppleWebKit/537.36 (KHTML, like Gecko) Chrome/107.0.0.0 Safari/537.36"
::ffff:94.199.126.12 - - [25/Nov/2022:12:13:51 +0000] "GET /js/common.js HTTP/1.1" 304 - "https://wadokikai.org/" "Mozilla/5.0 (Macintosh; Intel Mac OS X 10_15_7) AppleWebKit/537.36 (KHTML, like Gecko) Chrome/107.0.0.0 Safari/537.36"
::ffff:94.199.126.12 - - [25/Nov/2022:12:13:51 +0000] "GET /images/schools/orindakaratedomap.jpg HTTP/1.1" 304 - "https://wadokikai.org/" "Mozilla/5.0 (Macintosh; Intel Mac OS X 10_15_7) AppleWebKit/537.36 (KHTML, like Gecko) Chrome/107.0.0.0 Safari/537.36"
::ffff:94.199.126.12 - - [25/Nov/2022:12:13:51 +0000] "GET /images/schools/dcakaratedomap.jpg HTTP/1.1" 304 - "https://wadokikai.org/" "Mozilla/5.0 (Macintosh; Intel Mac OS X 10_15_7) AppleWebKit/537.36 (KHTML, like Gecko) Chrome/107.0.0.0 Safari/537.36"
::ffff:94.199.126.12 - - [25/Nov/2022:12:13:51 +0000] "GET /images/schools/harborbaykaratedomap.jpg HTTP/1.1" 304 - "https://wadokikai.org/" "Mozilla/5.0 (Macintosh; Intel Mac OS X 10_15_7) AppleWebKit/537.36 (KHTML, like Gecko) Chrome/107.0.0.0 Safari/537.36"
::ffff:94.199.126.12 - - [25/Nov/2022:12:13:51 +0000] "GET /images/schools/corpuzkaratedomap.jpg HTTP/1.1" 304 - "https://wadokikai.org/" "Mozilla/5.0 (Macintosh; Intel Mac OS X 10_15_7) AppleWebKit/537.36 (KHTML, like Gecko) Chrome/107.0.0.0 Safari/537.36"
::ffff:94.199.126.12 - - [25/Nov/2022:12:13:51 +0000] "GET /images/schools/nunleykaratedomap.jpg HTTP/1.1" 304 - "https://wadokikai.org/" "Mozilla/5.0 (Macintosh; Intel Mac OS X 10_15_7) AppleWebKit/537.36 (KHTML, like Gecko) Chrome/107.0.0.0 Safari/537.36"
::ffff:94.199.126.12 - - [25/Nov/2022:12:13:51 +0000] "GET /images/schools/marinkaratedomap.jpg HTTP/1.1" 304 - "https://wadokikai.org/" "Mozilla/5.0 (Macintosh; Intel Mac OS X 10_15_7) AppleWebKit/537.36 (KHTML, like Gecko) Chrome/107.0.0.0 Safari/537.36"
::ffff:94.199.126.12 - - [25/Nov/2022:12:13:51 +0000] "GET /images/schools/martinezkaratedomap.jpg HTTP/1.1" 304 - "https://wadokikai.org/" "Mozilla/5.0 (Macintosh; Intel Mac OS X 10_15_7) AppleWebKit/537.36 (KHTML, like Gecko) Chrome/107.0.0.0 Safari/537.36"
::ffff:94.199.126.12 - - [25/Nov/2022:12:13:51 +0000] "GET /images/schools/earhartkaratedomap.jpg HTTP/1.1" 304 - "https://wadokikai.org/" "Mozilla/5.0 (Macintosh; Intel Mac OS X 10_15_7) AppleWebKit/537.36 (KHTML, like Gecko) Chrome/107.0.0.0 Safari/537.36"
::ffff:94.199.126.12 - - [25/Nov/2022:12:13:52 +0000] "GET /images/schools/manzanitakaratedomap.jpg HTTP/1.1" 304 - "https://wadokikai.org/" "Mozilla/5.0 (Macintosh; Intel Mac OS X 10_15_7) AppleWebKit/537.36 (KHTML, like Gecko) Chrome/107.0.0.0 Safari/537.36"
::ffff:94.199.126.12 - - [25/Nov/2022:12:13:52 +0000] "GET /images/dragon-trans.png HTTP/1.1" 304 - "https://wadokikai.org/" "Mozilla/5.0 (Macintosh; Intel Mac OS X 10_15_7) AppleWebKit/537.36 (KHTML, like Gecko) Chrome/107.0.0.0 Safari/537.36"
::ffff:94.199.126.12 - - [25/Nov/2022:12:13:55 +0000] "GET /images/tiger.bmp HTTP/1.1" 304 - "https://wadokikai.org/" "Mozilla/5.0 (Macintosh; Intel Mac OS X 10_15_7) AppleWebKit/537.36 (KHTML, like Gecko) Chrome/107.0.0.0 Safari/537.36"
::ffff:94.199.126.12 - - [25/Nov/2022:12:13:58 +0000] "GET /images/wadokikai%20kanji.jpg HTTP/1.1" 200 35066 "https://wadokikai.org/" "Mozilla/5.0 (Macintosh; Intel Mac OS X 10_15_7) AppleWebKit/537.36 (KHTML, like Gecko) Chrome/107.0.0.0 Safari/537.36"
::ffff:94.199.126.12 - - [25/Nov/2022:12:14:02 +0000] "GET /images/dragon-trans.png HTTP/1.1" 200 85661 "https://wadokikai.org/" "Mozilla/5.0 (Macintosh; Intel Mac OS X 10_15_7) AppleWebKit/537.36 (KHTML, like Gecko) Chrome/107.0.0.0 Safari/537.36"
::ffff:94.199.126.12 - - [25/Nov/2022:12:16:06 +0000] "GET /images/wadokikai%20kanji.jpg HTTP/1.1" 200 35066 "https://wadokikai.org/" "Mozilla/5.0 (Macintosh; Intel Mac OS X 10_15_7) AppleWebKit/537.36 (KHTML, like Gecko) Chrome/107.0.0.0 Safari/537.36"
::ffff:94.199.126.12 - - [25/Nov/2022:12:16:10 +0000] "GET /images/dragon-trans.png HTTP/1.1" 200 85661 "https://wadokikai.org/" "Mozilla/5.0 (Macintosh; Intel Mac OS X 10_15_7) AppleWebKit/537.36 (KHTML, like Gecko) Chrome/107.0.0.0 Safari/537.36"
::ffff:135.125.246.110 - - [25/Nov/2022:12:16:26 +0000] "POST / HTTP/1.1" 404 140 "-" "Mozilla/5.0 (X11; Linux x86_64) AppleWebKit/537.36 (KHTML, like Gecko) Chrome/81.0.4044.129 Safari/537.36"
::ffff:135.125.246.110 - - [25/Nov/2022:12:16:26 +0000] "GET /.env HTTP/1.1" 404 143 "-" "Mozilla/5.0 (X11; Linux x86_64) AppleWebKit/537.36 (KHTML, like Gecko) Chrome/81.0.4044.129 Safari/537.36"
::ffff:138.246.253.24 - - [25/Nov/2022:12:17:42 +0000] "GET /robots.txt HTTP/1.1" 404 149 "-" "Mozilla/5.0 (Windows NT 10.0; Win64; x64) AppleWebKit/537.36 (KHTML, like Gecko) Chrome/103.0.5060.134 Safari/537.36"
::ffff:94.199.126.12 - - [25/Nov/2022:12:23:57 +0000] "GET /images/tiger.bmp HTTP/1.1" 200 311274 "https://wadokikai.org/" "Mozilla/5.0 (Macintosh; Intel Mac OS X 10_15_7) AppleWebKit/537.36 (KHTML, like Gecko) Chrome/107.0.0.0 Safari/537.36"
::ffff:94.199.126.12 - - [25/Nov/2022:12:24:56 +0000] "GET /images/wadokikai%20kanji.jpg HTTP/1.1" 200 35066 "https://wadokikai.org/" "Mozilla/5.0 (Macintosh; Intel Mac OS X 10_15_7) AppleWebKit/537.36 (KHTML, like Gecko) Chrome/107.0.0.0 Safari/537.36"
::ffff:37.139.53.82 - - [25/Nov/2022:12:29:53 +0000] "GET / HTTP/1.0" 200 57378 "http://wadokikai.org/" "Mozilla/5.0 (Windows NT 6.3; WOW64) AppleWebKit/537.36 (KHTML, like Gecko) Chrome/83.0.4103.61 Safari/537.36"
::ffff:37.139.53.82 - - [25/Nov/2022:12:29:54 +0000] "POST /sendemail HTTP/1.0" 302 40 "http://wadokikai.org/" "Mozilla/5.0 (Windows NT 6.3; WOW64) AppleWebKit/537.36 (KHTML, like Gecko) Chrome/83.0.4103.61 Safari/537.36"
::ffff:37.139.53.82 - - [25/Nov/2022:12:29:54 +0000] "GET /?err=error HTTP/1.0" 200 57930 "http://wadokikai.org/?err=error#signup" "Mozilla/5.0 (Windows NT 6.3; WOW64) AppleWebKit/537.36 (KHTML, like Gecko) Chrome/83.0.4103.61 Safari/537.36"
::ffff:66.249.77.22 - - [25/Nov/2022:12:31:47 +0000] "GET /contact2.html HTTP/1.1" 404 152 "-" "Mozilla/5.0 (compatible; Googlebot/2.1; +http://www.google.com/bot.html)"
::ffff:141.255.166.2 - - [25/Nov/2022:12:34:28 +0000] "GET / HTTP/1.1" 200 57378 "-" "Hello World"
::ffff:66.249.66.33 - - [25/Nov/2022:12:43:21 +0000] "GET /robots.txt HTTP/1.1" 404 149 "-" "Mozilla/5.0 (compatible; Googlebot/2.1; +http://www.google.com/bot.html)"
::ffff:66.249.66.61 - - [25/Nov/2022:12:43:21 +0000] "GET /events HTTP/1.1" 200 7135 "-" "Mozilla/5.0 (Linux; Android 6.0.1; Nexus 5X Build/MMB29P) AppleWebKit/537.36 (KHTML, like Gecko) Chrome/107.0.5304.110 Mobile Safari/537.36 (compatible; Googlebot/2.1; +http://www.google.com/bot.html)"
::ffff:52.23.207.65 - - [25/Nov/2022:12:47:23 +0000] "POST / HTTP/1.1" 404 140 "-" "Mozilla/5.0 (X11; Linux x86_64) AppleWebKit/537.36 (KHTML, like Gecko) Chrome/81.0.4044.129 Safari/537.36"
::ffff:52.23.207.65 - - [25/Nov/2022:12:47:24 +0000] "GET /.env HTTP/1.1" 404 143 "-" "Mozilla/5.0 (X11; Linux x86_64) AppleWebKit/537.36 (KHTML, like Gecko) Chrome/81.0.4044.129 Safari/537.36"
::ffff:185.191.171.33 - - [25/Nov/2022:13:06:23 +0000] "GET /robots.txt HTTP/1.1" 404 149 "-" "Mozilla/5.0 (compatible; SemrushBot/7~bl; +http://www.semrush.com/bot.html)"
::ffff:185.191.171.37 - - [25/Nov/2022:13:06:23 +0000] "GET /contact?s=1&ss=11 HTTP/1.1" 200 9997 "-" "Mozilla/5.0 (compatible; SemrushBot/7~bl; +http://www.semrush.com/bot.html)"
::ffff:52.23.207.65 - - [25/Nov/2022:13:07:28 +0000] "POST / HTTP/1.1" 404 140 "-" "Mozilla/5.0 (X11; Linux x86_64) AppleWebKit/537.36 (KHTML, like Gecko) Chrome/81.0.4044.129 Safari/537.36"
::ffff:52.23.207.65 - - [25/Nov/2022:13:07:28 +0000] "GET /.env HTTP/1.1" 404 143 "-" "Mozilla/5.0 (X11; Linux x86_64) AppleWebKit/537.36 (KHTML, like Gecko) Chrome/81.0.4044.129 Safari/537.36"
::ffff:205.210.31.18 - - [25/Nov/2022:13:10:05 +0000] "GET / HTTP/1.0" 200 57378 "-" "Expanse, a Palo Alto Networks company, searches across the global IPv4 space multiple times per day to identify customers&#39; presences on the Internet. If you would like to be excluded from our scans, please send IP addresses/domains to: scaninfo@paloaltonetworks.com"
::ffff:103.149.192.117 - - [25/Nov/2022:13:25:01 +0000] "GET / HTTP/1.1" 200 57378 "-" "Mozilla/5.0 (Windows NT 10.0; Win64; x64) AppleWebKit/537.36 (KHTML, like Gecko) Chrome/79.0.3945.130 Safari/537.36"
::ffff:167.248.133.60 - - [25/Nov/2022:13:30:43 +0000] "GET / HTTP/1.1" 200 57378 "-" "-"
::ffff:167.248.133.60 - - [25/Nov/2022:13:30:44 +0000] "GET / HTTP/1.1" 200 57378 "-" "Mozilla/5.0 (compatible; CensysInspect/1.1; +https://about.censys.io/)"
::ffff:167.248.133.60 - - [25/Nov/2022:13:30:44 +0000] "PRI * HTTP/2.0" - - "-" "-"
::ffff:167.248.133.60 - - [25/Nov/2022:13:30:44 +0000] "GET /images/favicon.ico HTTP/1.1" 200 3638 "-" "Mozilla/5.0 (compatible; CensysInspect/1.1; +https://about.censys.io/)"
::ffff:167.248.133.60 - - [25/Nov/2022:13:30:45 +0000] "GET /favicon.ico HTTP/1.1" 404 150 "-" "Mozilla/5.0 (compatible; CensysInspect/1.1; +https://about.censys.io/)"
::ffff:17.121.115.86 - - [25/Nov/2022:13:35:55 +0000] "GET /robots.txt HTTP/1.1" 404 149 "-" "Mozilla/5.0 (Macintosh; Intel Mac OS X 10_15_5) AppleWebKit/605.1.15 (KHTML, like Gecko) Version/13.1.1 Safari/605.1.15 (Applebot/0.1; +http://www.apple.com/go/applebot)"
::ffff:17.121.115.86 - - [25/Nov/2022:13:35:55 +0000] "GET / HTTP/1.1" 200 57378 "-" "Mozilla/5.0 (Macintosh; Intel Mac OS X 10_15_5) AppleWebKit/605.1.15 (KHTML, like Gecko) Version/13.1.1 Safari/605.1.15 (Applebot/0.1; +http://www.apple.com/go/applebot)"
::ffff:64.62.197.150 - - [25/Nov/2022:13:37:07 +0000] "GET / HTTP/1.1" 200 57378 "-" "Mozilla/5.0 (Windows NT 10.0; Win64; x64; rv:103.0) Gecko/20100101 Firefox/103.0"
::ffff:64.62.197.150 - - [25/Nov/2022:13:39:48 +0000] "GET /favicon.ico HTTP/1.1" 404 150 "-" "Mozilla/5.0 (X11; Linux x86_64; rv:102.0) Gecko/20100101 Firefox/102.0"
::ffff:141.255.166.2 - - [25/Nov/2022:13:43:53 +0000] "GET / HTTP/1.1" 200 57378 "-" "Hello World"
::ffff:135.125.246.110 - - [25/Nov/2022:13:46:04 +0000] "POST / HTTP/1.1" 404 140 "-" "Mozilla/5.0 (X11; Linux x86_64) AppleWebKit/537.36 (KHTML, like Gecko) Chrome/81.0.4044.129 Safari/537.36"
::ffff:135.125.246.110 - - [25/Nov/2022:13:46:04 +0000] "GET /.env HTTP/1.1" 404 143 "-" "Mozilla/5.0 (X11; Linux x86_64) AppleWebKit/537.36 (KHTML, like Gecko) Chrome/81.0.4044.129 Safari/537.36"
::ffff:185.246.221.138 - - [25/Nov/2022:13:46:28 +0000] "POST /boaform/admin/formLogin HTTP/1.1" 404 163 "http://34.212.47.6:80/admin/login.asp" "Mozilla/5.0 (X11; Ubuntu; Linux x86_64; rv:71.0) Gecko/20100101 Firefox/71.0"
::ffff:18.216.238.160 - - [25/Nov/2022:13:49:14 +0000] "GET /.env HTTP/1.1" 404 143 "-" "Mozilla/5.0 (X11; Linux x86_64) AppleWebKit/537.36 (KHTML, like Gecko) Chrome/81.0.4044.129 Safari/537.36"
::ffff:18.216.238.160 - - [25/Nov/2022:13:49:17 +0000] "POST / HTTP/1.1" 404 140 "-" "Mozilla/5.0 (X11; Linux x86_64) AppleWebKit/537.36 (KHTML, like Gecko) Chrome/81.0.4044.129 Safari/537.36"
::ffff:212.32.207.2 - - [25/Nov/2022:13:49:28 +0000] "GET / HTTP/1.1" 200 57378 "-" "Mozilla/5.0 (Windows NT 10.0; WOW64) AppleWebKit/537.36 (KHTML, like Gecko) Chrome/51.0.2704.103 Safari/537.36"
::ffff:54.36.149.49 - - [25/Nov/2022:13:52:28 +0000] "GET /robots.txt HTTP/1.1" 404 149 "-" "Mozilla/5.0 (compatible; AhrefsBot/7.0; +http://ahrefs.com/robot/)"
::ffff:51.222.253.16 - - [25/Nov/2022:13:52:30 +0000] "GET / HTTP/1.1" 200 57378 "-" "Mozilla/5.0 (compatible; AhrefsBot/7.0; +http://ahrefs.com/robot/)"
::ffff:66.249.66.56 - - [25/Nov/2022:14:13:20 +0000] "GET /robots.txt HTTP/1.1" 404 149 "-" "Mozilla/5.0 (compatible; Googlebot/2.1; +http://www.google.com/bot.html)"
::ffff:66.249.66.58 - - [25/Nov/2022:14:13:21 +0000] "GET /overview HTTP/1.1" 404 147 "-" "Mozilla/5.0 (Linux; Android 6.0.1; Nexus 5X Build/MMB29P) AppleWebKit/537.36 (KHTML, like Gecko) Chrome/107.0.5304.110 Mobile Safari/537.36 (compatible; Googlebot/2.1; +http://www.google.com/bot.html)"
