::ffff:98.234.224.71 - - [20/Jul/2022:19:45:40 +0000] "GET / HTTP/1.1" 200 58132 "-" "Mozilla/5.0 (Windows NT 10.0; Win64; x64) AppleWebKit/537.36 (KHTML, like Gecko) Chrome/103.0.0.0 Safari/537.36"
::ffff:98.234.224.71 - - [20/Jul/2022:19:45:40 +0000] "GET /css/wadokikai.css HTTP/1.1" 304 - "http://wadokikai.org/" "Mozilla/5.0 (Windows NT 10.0; Win64; x64) AppleWebKit/537.36 (KHTML, like Gecko) Chrome/103.0.0.0 Safari/537.36"
::ffff:98.234.224.71 - - [20/Jul/2022:19:45:40 +0000] "GET /images/wkkpatch22_med.png HTTP/1.1" 304 - "http://wadokikai.org/" "Mozilla/5.0 (Windows NT 10.0; Win64; x64) AppleWebKit/537.36 (KHTML, like Gecko) Chrome/103.0.0.0 Safari/537.36"
::ffff:98.234.224.71 - - [20/Jul/2022:19:45:40 +0000] "GET /images/marin5thDan.jpeg HTTP/1.1" 304 - "http://wadokikai.org/" "Mozilla/5.0 (Windows NT 10.0; Win64; x64) AppleWebKit/537.36 (KHTML, like Gecko) Chrome/103.0.0.0 Safari/537.36"
::ffff:98.234.224.71 - - [20/Jul/2022:19:45:40 +0000] "GET /js/common.js HTTP/1.1" 304 - "http://wadokikai.org/" "Mozilla/5.0 (Windows NT 10.0; Win64; x64) AppleWebKit/537.36 (KHTML, like Gecko) Chrome/103.0.0.0 Safari/537.36"
::ffff:98.234.224.71 - - [20/Jul/2022:19:45:40 +0000] "GET /images/schools/alamedakaratedomap.jpg HTTP/1.1" 304 - "http://wadokikai.org/" "Mozilla/5.0 (Windows NT 10.0; Win64; x64) AppleWebKit/537.36 (KHTML, like Gecko) Chrome/103.0.0.0 Safari/537.36"
::ffff:98.234.224.71 - - [20/Jul/2022:19:45:40 +0000] "GET /images/schools/orindakaratedomap.jpg HTTP/1.1" 304 - "http://wadokikai.org/" "Mozilla/5.0 (Windows NT 10.0; Win64; x64) AppleWebKit/537.36 (KHTML, like Gecko) Chrome/103.0.0.0 Safari/537.36"
::ffff:98.234.224.71 - - [20/Jul/2022:19:45:40 +0000] "GET /images/schools/dcakaratedomap.jpg HTTP/1.1" 304 - "http://wadokikai.org/" "Mozilla/5.0 (Windows NT 10.0; Win64; x64) AppleWebKit/537.36 (KHTML, like Gecko) Chrome/103.0.0.0 Safari/537.36"
::ffff:98.234.224.71 - - [20/Jul/2022:19:45:40 +0000] "GET /images/schools/corpuzkaratedomap.jpg HTTP/1.1" 304 - "http://wadokikai.org/" "Mozilla/5.0 (Windows NT 10.0; Win64; x64) AppleWebKit/537.36 (KHTML, like Gecko) Chrome/103.0.0.0 Safari/537.36"
::ffff:98.234.224.71 - - [20/Jul/2022:19:45:40 +0000] "GET /images/schools/harborbaykaratedomap.jpg HTTP/1.1" 304 - "http://wadokikai.org/" "Mozilla/5.0 (Windows NT 10.0; Win64; x64) AppleWebKit/537.36 (KHTML, like Gecko) Chrome/103.0.0.0 Safari/537.36"
::ffff:98.234.224.71 - - [20/Jul/2022:19:45:40 +0000] "GET /images/schools/nunleykaratedomap.jpg HTTP/1.1" 304 - "http://wadokikai.org/" "Mozilla/5.0 (Windows NT 10.0; Win64; x64) AppleWebKit/537.36 (KHTML, like Gecko) Chrome/103.0.0.0 Safari/537.36"
::ffff:98.234.224.71 - - [20/Jul/2022:19:45:40 +0000] "GET /images/tournaments/NKDTournament.pdf HTTP/1.1" 304 - "http://wadokikai.org/" "Mozilla/5.0 (Windows NT 10.0; Win64; x64) AppleWebKit/537.36 (KHTML, like Gecko) Chrome/103.0.0.0 Safari/537.36"
::ffff:98.234.224.71 - - [20/Jul/2022:19:45:40 +0000] "GET /images/schools/marinkaratedomap.jpg HTTP/1.1" 304 - "http://wadokikai.org/" "Mozilla/5.0 (Windows NT 10.0; Win64; x64) AppleWebKit/537.36 (KHTML, like Gecko) Chrome/103.0.0.0 Safari/537.36"
::ffff:98.234.224.71 - - [20/Jul/2022:19:45:40 +0000] "GET /images/schools/earhartkaratedomap.jpg HTTP/1.1" 304 - "http://wadokikai.org/" "Mozilla/5.0 (Windows NT 10.0; Win64; x64) AppleWebKit/537.36 (KHTML, like Gecko) Chrome/103.0.0.0 Safari/537.36"
::ffff:98.234.224.71 - - [20/Jul/2022:19:45:40 +0000] "GET /images/schools/martinezkaratedomap.jpg HTTP/1.1" 304 - "http://wadokikai.org/" "Mozilla/5.0 (Windows NT 10.0; Win64; x64) AppleWebKit/537.36 (KHTML, like Gecko) Chrome/103.0.0.0 Safari/537.36"
::ffff:98.234.224.71 - - [20/Jul/2022:19:45:40 +0000] "GET /images/dragon-trans.png HTTP/1.1" 304 - "http://wadokikai.org/" "Mozilla/5.0 (Windows NT 10.0; Win64; x64) AppleWebKit/537.36 (KHTML, like Gecko) Chrome/103.0.0.0 Safari/537.36"
::ffff:98.234.224.71 - - [20/Jul/2022:19:45:40 +0000] "GET /images/schools/manzanitakaratedomap.jpg HTTP/1.1" 304 - "http://wadokikai.org/" "Mozilla/5.0 (Windows NT 10.0; Win64; x64) AppleWebKit/537.36 (KHTML, like Gecko) Chrome/103.0.0.0 Safari/537.36"
::ffff:98.234.224.71 - - [20/Jul/2022:19:45:40 +0000] "GET /images/favicon.ico HTTP/1.1" 200 3638 "http://wadokikai.org/" "Mozilla/5.0 (Windows NT 10.0; Win64; x64) AppleWebKit/537.36 (KHTML, like Gecko) Chrome/103.0.0.0 Safari/537.36"
::ffff:98.234.224.71 - - [20/Jul/2022:19:45:43 +0000] "GET /images/tiger.bmp HTTP/1.1" 304 - "http://wadokikai.org/" "Mozilla/5.0 (Windows NT 10.0; Win64; x64) AppleWebKit/537.36 (KHTML, like Gecko) Chrome/103.0.0.0 Safari/537.36"
::ffff:98.234.224.71 - - [20/Jul/2022:19:45:47 +0000] "GET /images/wadokikai%20kanji.jpg HTTP/1.1" 404 167 "http://wadokikai.org/" "Mozilla/5.0 (Windows NT 10.0; Win64; x64) AppleWebKit/537.36 (KHTML, like Gecko) Chrome/103.0.0.0 Safari/537.36"
::ffff:98.234.224.71 - - [20/Jul/2022:19:45:58 +0000] "GET /images/wadokikai%20kanji.jpg HTTP/1.1" 404 167 "http://wadokikai.org/" "Mozilla/5.0 (Windows NT 10.0; Win64; x64) AppleWebKit/537.36 (KHTML, like Gecko) Chrome/103.0.0.0 Safari/537.36"
::ffff:98.234.224.71 - - [20/Jul/2022:19:46:01 +0000] "GET /images/dragon-trans.png HTTP/1.1" 304 - "http://wadokikai.org/" "Mozilla/5.0 (Windows NT 10.0; Win64; x64) AppleWebKit/537.36 (KHTML, like Gecko) Chrome/103.0.0.0 Safari/537.36"
::ffff:98.234.224.71 - - [20/Jul/2022:19:46:08 +0000] "GET /images/wadokikai%20kanji.jpg HTTP/1.1" 404 167 "http://wadokikai.org/" "Mozilla/5.0 (Windows NT 10.0; Win64; x64) AppleWebKit/537.36 (KHTML, like Gecko) Chrome/103.0.0.0 Safari/537.36"
::ffff:98.234.224.71 - - [20/Jul/2022:19:46:19 +0000] "GET /images/wadokikai%20kanji.jpg HTTP/1.1" 404 167 "http://wadokikai.org/" "Mozilla/5.0 (Windows NT 10.0; Win64; x64) AppleWebKit/537.36 (KHTML, like Gecko) Chrome/103.0.0.0 Safari/537.36"
::ffff:98.234.224.71 - - [20/Jul/2022:19:46:29 +0000] "GET /images/wadokikai%20kanji.jpg HTTP/1.1" 404 167 "http://wadokikai.org/" "Mozilla/5.0 (Windows NT 10.0; Win64; x64) AppleWebKit/537.36 (KHTML, like Gecko) Chrome/103.0.0.0 Safari/537.36"
::ffff:98.234.224.71 - - [20/Jul/2022:19:46:40 +0000] "GET /images/wadokikai%20kanji.jpg HTTP/1.1" 404 167 "http://wadokikai.org/" "Mozilla/5.0 (Windows NT 10.0; Win64; x64) AppleWebKit/537.36 (KHTML, like Gecko) Chrome/103.0.0.0 Safari/537.36"
::ffff:98.234.224.71 - - [20/Jul/2022:19:46:50 +0000] "GET /images/wadokikai%20kanji.jpg HTTP/1.1" 404 167 "http://wadokikai.org/" "Mozilla/5.0 (Windows NT 10.0; Win64; x64) AppleWebKit/537.36 (KHTML, like Gecko) Chrome/103.0.0.0 Safari/537.36"
::ffff:98.234.224.71 - - [20/Jul/2022:19:47:01 +0000] "GET /images/wadokikai%20kanji.jpg HTTP/1.1" 404 167 "http://wadokikai.org/" "Mozilla/5.0 (Windows NT 10.0; Win64; x64) AppleWebKit/537.36 (KHTML, like Gecko) Chrome/103.0.0.0 Safari/537.36"
::ffff:98.234.224.71 - - [20/Jul/2022:19:47:11 +0000] "GET /images/wadokikai%20kanji.jpg HTTP/1.1" 404 167 "http://wadokikai.org/" "Mozilla/5.0 (Windows NT 10.0; Win64; x64) AppleWebKit/537.36 (KHTML, like Gecko) Chrome/103.0.0.0 Safari/537.36"
::ffff:98.234.224.71 - - [20/Jul/2022:19:47:22 +0000] "GET /images/wadokikai%20kanji.jpg HTTP/1.1" 404 167 "http://wadokikai.org/" "Mozilla/5.0 (Windows NT 10.0; Win64; x64) AppleWebKit/537.36 (KHTML, like Gecko) Chrome/103.0.0.0 Safari/537.36"
::ffff:98.234.224.71 - - [20/Jul/2022:19:47:32 +0000] "GET /images/wadokikai%20kanji.jpg HTTP/1.1" 404 167 "http://wadokikai.org/" "Mozilla/5.0 (Windows NT 10.0; Win64; x64) AppleWebKit/537.36 (KHTML, like Gecko) Chrome/103.0.0.0 Safari/537.36"
::ffff:98.234.224.71 - - [20/Jul/2022:19:47:36 +0000] "GET /images/dragon-trans.png HTTP/1.1" 304 - "http://wadokikai.org/" "Mozilla/5.0 (Windows NT 10.0; Win64; x64) AppleWebKit/537.36 (KHTML, like Gecko) Chrome/103.0.0.0 Safari/537.36"
::ffff:98.234.224.71 - - [20/Jul/2022:19:47:39 +0000] "POST /sendemail HTTP/1.1" 302 78 "http://wadokikai.org/" "Mozilla/5.0 (Windows NT 10.0; Win64; x64) AppleWebKit/537.36 (KHTML, like Gecko) Chrome/103.0.0.0 Safari/537.36"
::ffff:98.234.224.71 - - [20/Jul/2022:19:47:39 +0000] "GET /images/tiger.bmp HTTP/1.1" 304 - "http://wadokikai.org/" "Mozilla/5.0 (Windows NT 10.0; Win64; x64) AppleWebKit/537.36 (KHTML, like Gecko) Chrome/103.0.0.0 Safari/537.36"
::ffff:98.234.224.71 - - [20/Jul/2022:19:47:39 +0000] "GET /?msg=sent HTTP/1.1" 200 58532 "http://wadokikai.org/" "Mozilla/5.0 (Windows NT 10.0; Win64; x64) AppleWebKit/537.36 (KHTML, like Gecko) Chrome/103.0.0.0 Safari/537.36"
::ffff:98.234.224.71 - - [20/Jul/2022:19:47:39 +0000] "GET /css/wadokikai.css HTTP/1.1" 304 - "http://wadokikai.org/?msg=sent" "Mozilla/5.0 (Windows NT 10.0; Win64; x64) AppleWebKit/537.36 (KHTML, like Gecko) Chrome/103.0.0.0 Safari/537.36"
::ffff:98.234.224.71 - - [20/Jul/2022:19:47:39 +0000] "GET /images/wkkpatch22_med.png HTTP/1.1" 304 - "http://wadokikai.org/?msg=sent" "Mozilla/5.0 (Windows NT 10.0; Win64; x64) AppleWebKit/537.36 (KHTML, like Gecko) Chrome/103.0.0.0 Safari/537.36"
::ffff:98.234.224.71 - - [20/Jul/2022:19:47:39 +0000] "GET /images/marin5thDan.jpeg HTTP/1.1" 304 - "http://wadokikai.org/?msg=sent" "Mozilla/5.0 (Windows NT 10.0; Win64; x64) AppleWebKit/537.36 (KHTML, like Gecko) Chrome/103.0.0.0 Safari/537.36"
::ffff:98.234.224.71 - - [20/Jul/2022:19:47:40 +0000] "GET /js/common.js HTTP/1.1" 304 - "http://wadokikai.org/?msg=sent" "Mozilla/5.0 (Windows NT 10.0; Win64; x64) AppleWebKit/537.36 (KHTML, like Gecko) Chrome/103.0.0.0 Safari/537.36"
::ffff:98.234.224.71 - - [20/Jul/2022:19:47:40 +0000] "GET /images/schools/alamedakaratedomap.jpg HTTP/1.1" 304 - "http://wadokikai.org/?msg=sent" "Mozilla/5.0 (Windows NT 10.0; Win64; x64) AppleWebKit/537.36 (KHTML, like Gecko) Chrome/103.0.0.0 Safari/537.36"
::ffff:98.234.224.71 - - [20/Jul/2022:19:47:40 +0000] "GET /images/schools/orindakaratedomap.jpg HTTP/1.1" 304 - "http://wadokikai.org/?msg=sent" "Mozilla/5.0 (Windows NT 10.0; Win64; x64) AppleWebKit/537.36 (KHTML, like Gecko) Chrome/103.0.0.0 Safari/537.36"
::ffff:98.234.224.71 - - [20/Jul/2022:19:47:40 +0000] "GET /images/schools/dcakaratedomap.jpg HTTP/1.1" 304 - "http://wadokikai.org/?msg=sent" "Mozilla/5.0 (Windows NT 10.0; Win64; x64) AppleWebKit/537.36 (KHTML, like Gecko) Chrome/103.0.0.0 Safari/537.36"
::ffff:98.234.224.71 - - [20/Jul/2022:19:47:40 +0000] "GET /images/schools/harborbaykaratedomap.jpg HTTP/1.1" 304 - "http://wadokikai.org/?msg=sent" "Mozilla/5.0 (Windows NT 10.0; Win64; x64) AppleWebKit/537.36 (KHTML, like Gecko) Chrome/103.0.0.0 Safari/537.36"
::ffff:98.234.224.71 - - [20/Jul/2022:19:47:40 +0000] "GET /images/schools/corpuzkaratedomap.jpg HTTP/1.1" 304 - "http://wadokikai.org/?msg=sent" "Mozilla/5.0 (Windows NT 10.0; Win64; x64) AppleWebKit/537.36 (KHTML, like Gecko) Chrome/103.0.0.0 Safari/537.36"
::ffff:98.234.224.71 - - [20/Jul/2022:19:47:40 +0000] "GET /images/tournaments/NKDTournament.pdf HTTP/1.1" 304 - "http://wadokikai.org/?msg=sent" "Mozilla/5.0 (Windows NT 10.0; Win64; x64) AppleWebKit/537.36 (KHTML, like Gecko) Chrome/103.0.0.0 Safari/537.36"
::ffff:98.234.224.71 - - [20/Jul/2022:19:47:40 +0000] "GET /images/schools/nunleykaratedomap.jpg HTTP/1.1" 304 - "http://wadokikai.org/?msg=sent" "Mozilla/5.0 (Windows NT 10.0; Win64; x64) AppleWebKit/537.36 (KHTML, like Gecko) Chrome/103.0.0.0 Safari/537.36"
::ffff:98.234.224.71 - - [20/Jul/2022:19:47:40 +0000] "GET /images/schools/marinkaratedomap.jpg HTTP/1.1" 304 - "http://wadokikai.org/?msg=sent" "Mozilla/5.0 (Windows NT 10.0; Win64; x64) AppleWebKit/537.36 (KHTML, like Gecko) Chrome/103.0.0.0 Safari/537.36"
::ffff:98.234.224.71 - - [20/Jul/2022:19:47:40 +0000] "GET /images/schools/earhartkaratedomap.jpg HTTP/1.1" 304 - "http://wadokikai.org/?msg=sent" "Mozilla/5.0 (Windows NT 10.0; Win64; x64) AppleWebKit/537.36 (KHTML, like Gecko) Chrome/103.0.0.0 Safari/537.36"
::ffff:98.234.224.71 - - [20/Jul/2022:19:47:40 +0000] "GET /images/schools/martinezkaratedomap.jpg HTTP/1.1" 304 - "http://wadokikai.org/?msg=sent" "Mozilla/5.0 (Windows NT 10.0; Win64; x64) AppleWebKit/537.36 (KHTML, like Gecko) Chrome/103.0.0.0 Safari/537.36"
::ffff:98.234.224.71 - - [20/Jul/2022:19:47:40 +0000] "GET /images/schools/manzanitakaratedomap.jpg HTTP/1.1" 304 - "http://wadokikai.org/?msg=sent" "Mozilla/5.0 (Windows NT 10.0; Win64; x64) AppleWebKit/537.36 (KHTML, like Gecko) Chrome/103.0.0.0 Safari/537.36"
::ffff:98.234.224.71 - - [20/Jul/2022:19:47:40 +0000] "GET /images/dragon-trans.png HTTP/1.1" 304 - "http://wadokikai.org/?msg=sent" "Mozilla/5.0 (Windows NT 10.0; Win64; x64) AppleWebKit/537.36 (KHTML, like Gecko) Chrome/103.0.0.0 Safari/537.36"
::ffff:98.234.224.71 - - [20/Jul/2022:19:47:43 +0000] "GET /images/tiger.bmp HTTP/1.1" 304 - "http://wadokikai.org/?msg=sent" "Mozilla/5.0 (Windows NT 10.0; Win64; x64) AppleWebKit/537.36 (KHTML, like Gecko) Chrome/103.0.0.0 Safari/537.36"
::ffff:98.234.224.71 - - [20/Jul/2022:19:47:47 +0000] "GET /images/wadokikai%20kanji.jpg HTTP/1.1" 404 167 "http://wadokikai.org/?msg=sent" "Mozilla/5.0 (Windows NT 10.0; Win64; x64) AppleWebKit/537.36 (KHTML, like Gecko) Chrome/103.0.0.0 Safari/537.36"
::ffff:98.234.224.71 - - [20/Jul/2022:19:47:57 +0000] "GET /images/wadokikai%20kanji.jpg HTTP/1.1" 404 167 "http://wadokikai.org/?msg=sent" "Mozilla/5.0 (Windows NT 10.0; Win64; x64) AppleWebKit/537.36 (KHTML, like Gecko) Chrome/103.0.0.0 Safari/537.36"
::ffff:98.234.224.71 - - [20/Jul/2022:19:48:01 +0000] "GET /images/dragon-trans.png HTTP/1.1" 304 - "http://wadokikai.org/?msg=sent" "Mozilla/5.0 (Windows NT 10.0; Win64; x64) AppleWebKit/537.36 (KHTML, like Gecko) Chrome/103.0.0.0 Safari/537.36"
::ffff:98.234.224.71 - - [20/Jul/2022:19:48:08 +0000] "GET /images/wadokikai%20kanji.jpg HTTP/1.1" 404 167 "http://wadokikai.org/?msg=sent" "Mozilla/5.0 (Windows NT 10.0; Win64; x64) AppleWebKit/537.36 (KHTML, like Gecko) Chrome/103.0.0.0 Safari/537.36"
::ffff:98.234.224.71 - - [20/Jul/2022:19:48:18 +0000] "GET /images/wadokikai%20kanji.jpg HTTP/1.1" 404 167 "http://wadokikai.org/?msg=sent" "Mozilla/5.0 (Windows NT 10.0; Win64; x64) AppleWebKit/537.36 (KHTML, like Gecko) Chrome/103.0.0.0 Safari/537.36"
::ffff:98.234.224.71 - - [20/Jul/2022:19:48:29 +0000] "GET /images/wadokikai%20kanji.jpg HTTP/1.1" 404 167 "http://wadokikai.org/?msg=sent" "Mozilla/5.0 (Windows NT 10.0; Win64; x64) AppleWebKit/537.36 (KHTML, like Gecko) Chrome/103.0.0.0 Safari/537.36"
::ffff:98.234.224.71 - - [20/Jul/2022:19:48:39 +0000] "GET /images/wadokikai%20kanji.jpg HTTP/1.1" 404 167 "http://wadokikai.org/?msg=sent" "Mozilla/5.0 (Windows NT 10.0; Win64; x64) AppleWebKit/537.36 (KHTML, like Gecko) Chrome/103.0.0.0 Safari/537.36"
::ffff:98.234.224.71 - - [20/Jul/2022:19:48:50 +0000] "GET /images/wadokikai%20kanji.jpg HTTP/1.1" 404 167 "http://wadokikai.org/?msg=sent" "Mozilla/5.0 (Windows NT 10.0; Win64; x64) AppleWebKit/537.36 (KHTML, like Gecko) Chrome/103.0.0.0 Safari/537.36"
::ffff:98.234.224.71 - - [20/Jul/2022:19:49:00 +0000] "GET /images/wadokikai%20kanji.jpg HTTP/1.1" 404 167 "http://wadokikai.org/?msg=sent" "Mozilla/5.0 (Windows NT 10.0; Win64; x64) AppleWebKit/537.36 (KHTML, like Gecko) Chrome/103.0.0.0 Safari/537.36"
::ffff:98.234.224.71 - - [20/Jul/2022:19:49:11 +0000] "GET /images/wadokikai%20kanji.jpg HTTP/1.1" 404 167 "http://wadokikai.org/?msg=sent" "Mozilla/5.0 (Windows NT 10.0; Win64; x64) AppleWebKit/537.36 (KHTML, like Gecko) Chrome/103.0.0.0 Safari/537.36"
::ffff:98.234.224.71 - - [20/Jul/2022:19:49:21 +0000] "GET /images/wadokikai%20kanji.jpg HTTP/1.1" 404 167 "http://wadokikai.org/?msg=sent" "Mozilla/5.0 (Windows NT 10.0; Win64; x64) AppleWebKit/537.36 (KHTML, like Gecko) Chrome/103.0.0.0 Safari/537.36"
::ffff:98.234.224.71 - - [20/Jul/2022:19:49:32 +0000] "GET /images/wadokikai%20kanji.jpg HTTP/1.1" 404 167 "http://wadokikai.org/?msg=sent" "Mozilla/5.0 (Windows NT 10.0; Win64; x64) AppleWebKit/537.36 (KHTML, like Gecko) Chrome/103.0.0.0 Safari/537.36"
::ffff:98.234.224.71 - - [20/Jul/2022:19:49:43 +0000] "GET /images/wadokikai%20kanji.jpg HTTP/1.1" 404 167 "http://wadokikai.org/?msg=sent" "Mozilla/5.0 (Windows NT 10.0; Win64; x64) AppleWebKit/537.36 (KHTML, like Gecko) Chrome/103.0.0.0 Safari/537.36"
::ffff:98.234.224.71 - - [20/Jul/2022:19:49:55 +0000] "GET /images/wadokikai%20kanji.jpg HTTP/1.1" 404 167 "http://wadokikai.org/?msg=sent" "Mozilla/5.0 (Windows NT 10.0; Win64; x64) AppleWebKit/537.36 (KHTML, like Gecko) Chrome/103.0.0.0 Safari/537.36"
::ffff:98.234.224.71 - - [20/Jul/2022:19:50:08 +0000] "GET /images/wadokikai%20kanji.jpg HTTP/1.1" 404 167 "http://wadokikai.org/?msg=sent" "Mozilla/5.0 (Windows NT 10.0; Win64; x64) AppleWebKit/537.36 (KHTML, like Gecko) Chrome/103.0.0.0 Safari/537.36"
::ffff:98.234.224.71 - - [20/Jul/2022:19:50:20 +0000] "GET /images/wadokikai%20kanji.jpg HTTP/1.1" 404 167 "http://wadokikai.org/?msg=sent" "Mozilla/5.0 (Windows NT 10.0; Win64; x64) AppleWebKit/537.36 (KHTML, like Gecko) Chrome/103.0.0.0 Safari/537.36"
::ffff:135.125.244.48 - - [20/Jul/2022:19:50:25 +0000] "POST / HTTP/1.1" 404 140 "-" "Mozilla/5.0 (X11; Linux x86_64) AppleWebKit/537.36 (KHTML, like Gecko) Chrome/81.0.4044.129 Safari/537.36"
::ffff:135.125.244.48 - - [20/Jul/2022:19:50:25 +0000] "GET /.env HTTP/1.1" 404 143 "-" "Mozilla/5.0 (X11; Linux x86_64) AppleWebKit/537.36 (KHTML, like Gecko) Chrome/81.0.4044.129 Safari/537.36"
::ffff:98.234.224.71 - - [20/Jul/2022:19:50:32 +0000] "GET /images/wadokikai%20kanji.jpg HTTP/1.1" 404 167 "http://wadokikai.org/?msg=sent" "Mozilla/5.0 (Windows NT 10.0; Win64; x64) AppleWebKit/537.36 (KHTML, like Gecko) Chrome/103.0.0.0 Safari/537.36"
::ffff:98.234.224.71 - - [20/Jul/2022:19:50:44 +0000] "GET /images/wadokikai%20kanji.jpg HTTP/1.1" 404 167 "http://wadokikai.org/?msg=sent" "Mozilla/5.0 (Windows NT 10.0; Win64; x64) AppleWebKit/537.36 (KHTML, like Gecko) Chrome/103.0.0.0 Safari/537.36"
::ffff:175.107.0.38 - - [20/Jul/2022:19:50:47 +0000] "GET /boaform/admin/formLogin?username=ec8&psd=ec8 HTTP/1.0" 404 162 "-" "-"
::ffff:98.234.224.71 - - [20/Jul/2022:19:50:56 +0000] "GET /images/wadokikai%20kanji.jpg HTTP/1.1" 404 167 "http://wadokikai.org/?msg=sent" "Mozilla/5.0 (Windows NT 10.0; Win64; x64) AppleWebKit/537.36 (KHTML, like Gecko) Chrome/103.0.0.0 Safari/537.36"
::ffff:98.234.224.71 - - [20/Jul/2022:19:51:00 +0000] "GET /images/dragon-trans.png HTTP/1.1" 304 - "http://wadokikai.org/?msg=sent" "Mozilla/5.0 (Windows NT 10.0; Win64; x64) AppleWebKit/537.36 (KHTML, like Gecko) Chrome/103.0.0.0 Safari/537.36"
::ffff:98.234.224.71 - - [20/Jul/2022:19:51:04 +0000] "GET /images/tiger.bmp HTTP/1.1" 304 - "http://wadokikai.org/?msg=sent" "Mozilla/5.0 (Windows NT 10.0; Win64; x64) AppleWebKit/537.36 (KHTML, like Gecko) Chrome/103.0.0.0 Safari/537.36"
::ffff:98.234.224.71 - - [20/Jul/2022:19:51:08 +0000] "GET /images/wadokikai%20kanji.jpg HTTP/1.1" 404 167 "http://wadokikai.org/?msg=sent" "Mozilla/5.0 (Windows NT 10.0; Win64; x64) AppleWebKit/537.36 (KHTML, like Gecko) Chrome/103.0.0.0 Safari/537.36"
::ffff:98.234.224.71 - - [20/Jul/2022:19:51:20 +0000] "GET /images/wadokikai%20kanji.jpg HTTP/1.1" 404 167 "http://wadokikai.org/?msg=sent" "Mozilla/5.0 (Windows NT 10.0; Win64; x64) AppleWebKit/537.36 (KHTML, like Gecko) Chrome/103.0.0.0 Safari/537.36"
::ffff:98.234.224.71 - - [20/Jul/2022:19:51:32 +0000] "GET /images/wadokikai%20kanji.jpg HTTP/1.1" 404 167 "http://wadokikai.org/?msg=sent" "Mozilla/5.0 (Windows NT 10.0; Win64; x64) AppleWebKit/537.36 (KHTML, like Gecko) Chrome/103.0.0.0 Safari/537.36"
::ffff:98.234.224.71 - - [20/Jul/2022:19:51:44 +0000] "GET /images/wadokikai%20kanji.jpg HTTP/1.1" 404 167 "http://wadokikai.org/?msg=sent" "Mozilla/5.0 (Windows NT 10.0; Win64; x64) AppleWebKit/537.36 (KHTML, like Gecko) Chrome/103.0.0.0 Safari/537.36"
::ffff:205.210.31.34 - - [20/Jul/2022:19:51:52 +0000] "GET / HTTP/1.1" 200 58132 "-" "Expanse, a Palo Alto Networks company, searches across the global IPv4 space multiple times per day to identify customers&#39; presences on the Internet. If you would like to be excluded from our scans, please send IP addresses/domains to: scaninfo@paloaltonetworks.com"
::ffff:98.234.224.71 - - [20/Jul/2022:19:51:56 +0000] "GET /images/wadokikai%20kanji.jpg HTTP/1.1" 404 167 "http://wadokikai.org/?msg=sent" "Mozilla/5.0 (Windows NT 10.0; Win64; x64) AppleWebKit/537.36 (KHTML, like Gecko) Chrome/103.0.0.0 Safari/537.36"
::ffff:98.234.224.71 - - [20/Jul/2022:19:52:08 +0000] "GET /images/wadokikai%20kanji.jpg HTTP/1.1" 404 167 "http://wadokikai.org/?msg=sent" "Mozilla/5.0 (Windows NT 10.0; Win64; x64) AppleWebKit/537.36 (KHTML, like Gecko) Chrome/103.0.0.0 Safari/537.36"
::ffff:98.234.224.71 - - [20/Jul/2022:19:52:20 +0000] "GET /images/wadokikai%20kanji.jpg HTTP/1.1" 404 167 "http://wadokikai.org/?msg=sent" "Mozilla/5.0 (Windows NT 10.0; Win64; x64) AppleWebKit/537.36 (KHTML, like Gecko) Chrome/103.0.0.0 Safari/537.36"
::ffff:98.234.224.71 - - [20/Jul/2022:19:52:32 +0000] "GET /images/wadokikai%20kanji.jpg HTTP/1.1" 404 167 "http://wadokikai.org/?msg=sent" "Mozilla/5.0 (Windows NT 10.0; Win64; x64) AppleWebKit/537.36 (KHTML, like Gecko) Chrome/103.0.0.0 Safari/537.36"
::ffff:98.234.224.71 - - [20/Jul/2022:19:52:44 +0000] "GET /images/wadokikai%20kanji.jpg HTTP/1.1" 404 167 "http://wadokikai.org/?msg=sent" "Mozilla/5.0 (Windows NT 10.0; Win64; x64) AppleWebKit/537.36 (KHTML, like Gecko) Chrome/103.0.0.0 Safari/537.36"
::ffff:98.234.224.71 - - [20/Jul/2022:19:52:56 +0000] "GET /images/wadokikai%20kanji.jpg HTTP/1.1" 404 167 "http://wadokikai.org/?msg=sent" "Mozilla/5.0 (Windows NT 10.0; Win64; x64) AppleWebKit/537.36 (KHTML, like Gecko) Chrome/103.0.0.0 Safari/537.36"
::ffff:98.234.224.71 - - [20/Jul/2022:19:53:08 +0000] "GET /images/wadokikai%20kanji.jpg HTTP/1.1" 404 167 "http://wadokikai.org/?msg=sent" "Mozilla/5.0 (Windows NT 10.0; Win64; x64) AppleWebKit/537.36 (KHTML, like Gecko) Chrome/103.0.0.0 Safari/537.36"
::ffff:5.188.62.76 - - [20/Jul/2022:19:53:17 +0000] "GET / HTTP/1.1" 200 58132 "http://wadokikai.net/" "Mozilla/5.0 (Windows NT 10.0; Win64; x64) AppleWebKit/537.36 (KHTML, like Gecko) Chrome/101.0.4951.67 Safari/537.36"
::ffff:98.234.224.71 - - [20/Jul/2022:19:53:20 +0000] "GET /images/wadokikai%20kanji.jpg HTTP/1.1" 404 167 "http://wadokikai.org/?msg=sent" "Mozilla/5.0 (Windows NT 10.0; Win64; x64) AppleWebKit/537.36 (KHTML, like Gecko) Chrome/103.0.0.0 Safari/537.36"
::ffff:5.188.62.76 - - [20/Jul/2022:19:53:20 +0000] "GET /admin HTTP/1.1" 404 144 "http://wadokikai.net/" "Mozilla/5.0 (Windows NT 10.0; Win64; x64) AppleWebKit/537.36 (KHTML, like Gecko) Chrome/101.0.4951.67 Safari/537.36"
::ffff:5.188.62.76 - - [20/Jul/2022:19:53:24 +0000] "GET /admin/login.php HTTP/1.1" 404 154 "http://wadokikai.net/" "Mozilla/5.0 (Windows NT 10.0; Win64; x64) AppleWebKit/537.36 (KHTML, like Gecko) Chrome/101.0.4951.67 Safari/537.36"
::ffff:5.188.62.76 - - [20/Jul/2022:19:53:27 +0000] "GET /admin/login HTTP/1.1" 404 150 "http://wadokikai.net/" "Mozilla/5.0 (Windows NT 10.0; Win64; x64) AppleWebKit/537.36 (KHTML, like Gecko) Chrome/101.0.4951.67 Safari/537.36"
::ffff:5.188.62.76 - - [20/Jul/2022:19:53:30 +0000] "GET /login HTTP/1.1" 404 144 "http://wadokikai.net/" "Mozilla/5.0 (Windows NT 10.0; Win64; x64) AppleWebKit/537.36 (KHTML, like Gecko) Chrome/101.0.4951.67 Safari/537.36"
::ffff:98.234.224.71 - - [20/Jul/2022:19:53:32 +0000] "GET /images/wadokikai%20kanji.jpg HTTP/1.1" 404 167 "http://wadokikai.org/?msg=sent" "Mozilla/5.0 (Windows NT 10.0; Win64; x64) AppleWebKit/537.36 (KHTML, like Gecko) Chrome/103.0.0.0 Safari/537.36"
::ffff:5.188.62.76 - - [20/Jul/2022:19:53:33 +0000] "GET /login.php HTTP/1.1" 404 148 "http://wadokikai.net/" "Mozilla/5.0 (Windows NT 10.0; Win64; x64) AppleWebKit/537.36 (KHTML, like Gecko) Chrome/101.0.4951.67 Safari/537.36"
::ffff:5.188.62.76 - - [20/Jul/2022:19:53:37 +0000] "GET /login.aspx HTTP/1.1" 404 149 "http://wadokikai.net/" "Mozilla/5.0 (Windows NT 10.0; Win64; x64) AppleWebKit/537.36 (KHTML, like Gecko) Chrome/101.0.4951.67 Safari/537.36"
::ffff:5.188.62.76 - - [20/Jul/2022:19:53:40 +0000] "GET / HTTP/1.1" 200 58132 "http://wadokikai.net/" "Mozilla/5.0 (Windows NT 10.0; Win64; x64) AppleWebKit/537.36 (KHTML, like Gecko) Chrome/101.0.4951.67 Safari/537.36"
::ffff:98.234.224.71 - - [20/Jul/2022:19:53:44 +0000] "GET /images/wadokikai%20kanji.jpg HTTP/1.1" 404 167 "http://wadokikai.org/?msg=sent" "Mozilla/5.0 (Windows NT 10.0; Win64; x64) AppleWebKit/537.36 (KHTML, like Gecko) Chrome/103.0.0.0 Safari/537.36"
::ffff:98.234.224.71 - - [20/Jul/2022:19:53:56 +0000] "GET /images/wadokikai%20kanji.jpg HTTP/1.1" 404 167 "http://wadokikai.org/?msg=sent" "Mozilla/5.0 (Windows NT 10.0; Win64; x64) AppleWebKit/537.36 (KHTML, like Gecko) Chrome/103.0.0.0 Safari/537.36"
::ffff:98.234.224.71 - - [20/Jul/2022:19:54:08 +0000] "GET /images/wadokikai%20kanji.jpg HTTP/1.1" 404 167 "http://wadokikai.org/?msg=sent" "Mozilla/5.0 (Windows NT 10.0; Win64; x64) AppleWebKit/537.36 (KHTML, like Gecko) Chrome/103.0.0.0 Safari/537.36"
::ffff:98.234.224.71 - - [20/Jul/2022:19:54:20 +0000] "GET /images/wadokikai%20kanji.jpg HTTP/1.1" 404 167 "http://wadokikai.org/?msg=sent" "Mozilla/5.0 (Windows NT 10.0; Win64; x64) AppleWebKit/537.36 (KHTML, like Gecko) Chrome/103.0.0.0 Safari/537.36"
::ffff:98.234.224.71 - - [20/Jul/2022:19:54:32 +0000] "GET /images/wadokikai%20kanji.jpg HTTP/1.1" 404 167 "http://wadokikai.org/?msg=sent" "Mozilla/5.0 (Windows NT 10.0; Win64; x64) AppleWebKit/537.36 (KHTML, like Gecko) Chrome/103.0.0.0 Safari/537.36"
::ffff:98.234.224.71 - - [20/Jul/2022:19:54:44 +0000] "GET /images/wadokikai%20kanji.jpg HTTP/1.1" 404 167 "http://wadokikai.org/?msg=sent" "Mozilla/5.0 (Windows NT 10.0; Win64; x64) AppleWebKit/537.36 (KHTML, like Gecko) Chrome/103.0.0.0 Safari/537.36"
::ffff:40.77.167.36 - - [20/Jul/2022:19:56:58 +0000] "GET /events HTTP/1.1" 200 9974 "-" "Mozilla/5.0 (compatible; bingbot/2.0; +http://www.bing.com/bingbot.htm)"
::ffff:98.234.224.71 - - [20/Jul/2022:19:57:03 +0000] "GET /images/wadokikai%20kanji.jpg HTTP/1.1" 404 167 "http://wadokikai.org/?msg=sent" "Mozilla/5.0 (Windows NT 10.0; Win64; x64) AppleWebKit/537.36 (KHTML, like Gecko) Chrome/103.0.0.0 Safari/537.36"
::ffff:207.46.13.144 - - [20/Jul/2022:19:57:13 +0000] "GET /css/wadokikai.css HTTP/1.1" 200 4337 "-" "Mozilla/5.0 (compatible; bingbot/2.0; +http://www.bing.com/bingbot.htm)"
::ffff:98.234.224.71 - - [20/Jul/2022:19:57:15 +0000] "GET /images/wadokikai%20kanji.jpg HTTP/1.1" 404 167 "http://wadokikai.org/?msg=sent" "Mozilla/5.0 (Windows NT 10.0; Win64; x64) AppleWebKit/537.36 (KHTML, like Gecko) Chrome/103.0.0.0 Safari/537.36"
::ffff:207.46.13.144 - - [20/Jul/2022:19:57:15 +0000] "GET /css/wadokikai.css HTTP/1.1" 200 4337 "-" "Mozilla/5.0 (compatible; bingbot/2.0; +http://www.bing.com/bingbot.htm)"
::ffff:207.46.13.144 - - [20/Jul/2022:19:57:18 +0000] "GET /css/wadokikai.css HTTP/1.1" 200 4337 "-" "Mozilla/5.0 (compatible; bingbot/2.0; +http://www.bing.com/bingbot.htm)"
::ffff:98.234.224.71 - - [20/Jul/2022:19:57:27 +0000] "GET /images/wadokikai%20kanji.jpg HTTP/1.1" 404 167 "http://wadokikai.org/?msg=sent" "Mozilla/5.0 (Windows NT 10.0; Win64; x64) AppleWebKit/537.36 (KHTML, like Gecko) Chrome/103.0.0.0 Safari/537.36"
::ffff:98.234.224.71 - - [20/Jul/2022:19:57:39 +0000] "GET /images/wadokikai%20kanji.jpg HTTP/1.1" 404 167 "http://wadokikai.org/?msg=sent" "Mozilla/5.0 (Windows NT 10.0; Win64; x64) AppleWebKit/537.36 (KHTML, like Gecko) Chrome/103.0.0.0 Safari/537.36"
::ffff:98.234.224.71 - - [20/Jul/2022:19:57:51 +0000] "GET /images/wadokikai%20kanji.jpg HTTP/1.1" 404 167 "http://wadokikai.org/?msg=sent" "Mozilla/5.0 (Windows NT 10.0; Win64; x64) AppleWebKit/537.36 (KHTML, like Gecko) Chrome/103.0.0.0 Safari/537.36"
::ffff:98.234.224.71 - - [20/Jul/2022:19:58:03 +0000] "GET /images/wadokikai%20kanji.jpg HTTP/1.1" 404 167 "http://wadokikai.org/?msg=sent" "Mozilla/5.0 (Windows NT 10.0; Win64; x64) AppleWebKit/537.36 (KHTML, like Gecko) Chrome/103.0.0.0 Safari/537.36"
::ffff:98.234.224.71 - - [20/Jul/2022:19:58:15 +0000] "GET /images/wadokikai%20kanji.jpg HTTP/1.1" 404 167 "http://wadokikai.org/?msg=sent" "Mozilla/5.0 (Windows NT 10.0; Win64; x64) AppleWebKit/537.36 (KHTML, like Gecko) Chrome/103.0.0.0 Safari/537.36"
::ffff:98.234.224.71 - - [20/Jul/2022:19:58:27 +0000] "GET /images/wadokikai%20kanji.jpg HTTP/1.1" 404 167 "http://wadokikai.org/?msg=sent" "Mozilla/5.0 (Windows NT 10.0; Win64; x64) AppleWebKit/537.36 (KHTML, like Gecko) Chrome/103.0.0.0 Safari/537.36"
::ffff:98.234.224.71 - - [20/Jul/2022:19:58:39 +0000] "GET /images/wadokikai%20kanji.jpg HTTP/1.1" 404 167 "http://wadokikai.org/?msg=sent" "Mozilla/5.0 (Windows NT 10.0; Win64; x64) AppleWebKit/537.36 (KHTML, like Gecko) Chrome/103.0.0.0 Safari/537.36"
::ffff:98.234.224.71 - - [20/Jul/2022:19:58:51 +0000] "GET /images/wadokikai%20kanji.jpg HTTP/1.1" 404 167 "http://wadokikai.org/?msg=sent" "Mozilla/5.0 (Windows NT 10.0; Win64; x64) AppleWebKit/537.36 (KHTML, like Gecko) Chrome/103.0.0.0 Safari/537.36"
::ffff:98.234.224.71 - - [20/Jul/2022:19:59:03 +0000] "GET /images/wadokikai%20kanji.jpg HTTP/1.1" 404 167 "http://wadokikai.org/?msg=sent" "Mozilla/5.0 (Windows NT 10.0; Win64; x64) AppleWebKit/537.36 (KHTML, like Gecko) Chrome/103.0.0.0 Safari/537.36"
::ffff:98.234.224.71 - - [20/Jul/2022:19:59:15 +0000] "GET /images/wadokikai%20kanji.jpg HTTP/1.1" 404 167 "http://wadokikai.org/?msg=sent" "Mozilla/5.0 (Windows NT 10.0; Win64; x64) AppleWebKit/537.36 (KHTML, like Gecko) Chrome/103.0.0.0 Safari/537.36"
::ffff:98.234.224.71 - - [20/Jul/2022:19:59:27 +0000] "GET /images/wadokikai%20kanji.jpg HTTP/1.1" 404 167 "http://wadokikai.org/?msg=sent" "Mozilla/5.0 (Windows NT 10.0; Win64; x64) AppleWebKit/537.36 (KHTML, like Gecko) Chrome/103.0.0.0 Safari/537.36"
::ffff:98.234.224.71 - - [20/Jul/2022:19:59:40 +0000] "GET /images/wadokikai%20kanji.jpg HTTP/1.1" 404 167 "http://wadokikai.org/?msg=sent" "Mozilla/5.0 (Windows NT 10.0; Win64; x64) AppleWebKit/537.36 (KHTML, like Gecko) Chrome/103.0.0.0 Safari/537.36"
::ffff:98.234.224.71 - - [20/Jul/2022:19:59:52 +0000] "GET /images/wadokikai%20kanji.jpg HTTP/1.1" 404 167 "http://wadokikai.org/?msg=sent" "Mozilla/5.0 (Windows NT 10.0; Win64; x64) AppleWebKit/537.36 (KHTML, like Gecko) Chrome/103.0.0.0 Safari/537.36"
::ffff:98.234.224.71 - - [20/Jul/2022:20:00:05 +0000] "GET /images/wadokikai%20kanji.jpg HTTP/1.1" 404 167 "http://wadokikai.org/?msg=sent" "Mozilla/5.0 (Windows NT 10.0; Win64; x64) AppleWebKit/537.36 (KHTML, like Gecko) Chrome/103.0.0.0 Safari/537.36"
::ffff:98.234.224.71 - - [20/Jul/2022:20:00:17 +0000] "GET /images/wadokikai%20kanji.jpg HTTP/1.1" 404 167 "http://wadokikai.org/?msg=sent" "Mozilla/5.0 (Windows NT 10.0; Win64; x64) AppleWebKit/537.36 (KHTML, like Gecko) Chrome/103.0.0.0 Safari/537.36"
::ffff:98.234.224.71 - - [20/Jul/2022:20:00:29 +0000] "GET /images/wadokikai%20kanji.jpg HTTP/1.1" 404 167 "http://wadokikai.org/?msg=sent" "Mozilla/5.0 (Windows NT 10.0; Win64; x64) AppleWebKit/537.36 (KHTML, like Gecko) Chrome/103.0.0.0 Safari/537.36"
::ffff:98.234.224.71 - - [20/Jul/2022:20:00:33 +0000] "GET /images/dragon-trans.png HTTP/1.1" 304 - "http://wadokikai.org/?msg=sent" "Mozilla/5.0 (Windows NT 10.0; Win64; x64) AppleWebKit/537.36 (KHTML, like Gecko) Chrome/103.0.0.0 Safari/537.36"
::ffff:98.234.224.71 - - [20/Jul/2022:20:00:41 +0000] "GET /images/wadokikai%20kanji.jpg HTTP/1.1" 404 167 "http://wadokikai.org/?msg=sent" "Mozilla/5.0 (Windows NT 10.0; Win64; x64) AppleWebKit/537.36 (KHTML, like Gecko) Chrome/103.0.0.0 Safari/537.36"
::ffff:98.234.224.71 - - [20/Jul/2022:20:00:53 +0000] "GET /images/wadokikai%20kanji.jpg HTTP/1.1" 404 167 "http://wadokikai.org/?msg=sent" "Mozilla/5.0 (Windows NT 10.0; Win64; x64) AppleWebKit/537.36 (KHTML, like Gecko) Chrome/103.0.0.0 Safari/537.36"
::ffff:98.234.224.71 - - [20/Jul/2022:20:01:05 +0000] "GET /images/wadokikai%20kanji.jpg HTTP/1.1" 404 167 "http://wadokikai.org/?msg=sent" "Mozilla/5.0 (Windows NT 10.0; Win64; x64) AppleWebKit/537.36 (KHTML, like Gecko) Chrome/103.0.0.0 Safari/537.36"
::ffff:98.234.224.71 - - [20/Jul/2022:20:01:17 +0000] "GET /images/wadokikai%20kanji.jpg HTTP/1.1" 404 167 "http://wadokikai.org/?msg=sent" "Mozilla/5.0 (Windows NT 10.0; Win64; x64) AppleWebKit/537.36 (KHTML, like Gecko) Chrome/103.0.0.0 Safari/537.36"
::ffff:98.234.224.71 - - [20/Jul/2022:20:01:29 +0000] "GET /images/wadokikai%20kanji.jpg HTTP/1.1" 404 167 "http://wadokikai.org/?msg=sent" "Mozilla/5.0 (Windows NT 10.0; Win64; x64) AppleWebKit/537.36 (KHTML, like Gecko) Chrome/103.0.0.0 Safari/537.36"
::ffff:98.234.224.71 - - [20/Jul/2022:20:01:41 +0000] "GET /images/wadokikai%20kanji.jpg HTTP/1.1" 404 167 "http://wadokikai.org/?msg=sent" "Mozilla/5.0 (Windows NT 10.0; Win64; x64) AppleWebKit/537.36 (KHTML, like Gecko) Chrome/103.0.0.0 Safari/537.36"
::ffff:98.234.224.71 - - [20/Jul/2022:20:01:53 +0000] "GET /images/wadokikai%20kanji.jpg HTTP/1.1" 404 167 "http://wadokikai.org/?msg=sent" "Mozilla/5.0 (Windows NT 10.0; Win64; x64) AppleWebKit/537.36 (KHTML, like Gecko) Chrome/103.0.0.0 Safari/537.36"
::ffff:98.234.224.71 - - [20/Jul/2022:20:02:05 +0000] "GET /images/wadokikai%20kanji.jpg HTTP/1.1" 404 167 "http://wadokikai.org/?msg=sent" "Mozilla/5.0 (Windows NT 10.0; Win64; x64) AppleWebKit/537.36 (KHTML, like Gecko) Chrome/103.0.0.0 Safari/537.36"
::ffff:114.119.135.172 - - [20/Jul/2022:20:04:17 +0000] "GET /contact?s=1&ss=11 HTTP/1.1" 200 9997 "http://www.wadokikai.net/schools" "Mozilla/5.0 (Linux; Android 7.0;) AppleWebKit/537.36 (KHTML, like Gecko) Mobile Safari/537.36 (compatible; PetalBot;+https://webmaster.petalsearch.com/site/petalbot)"
::ffff:98.234.224.71 - - [20/Jul/2022:20:04:18 +0000] "GET /images/wadokikai%20kanji.jpg HTTP/1.1" 404 167 "http://wadokikai.org/?msg=sent" "Mozilla/5.0 (Windows NT 10.0; Win64; x64) AppleWebKit/537.36 (KHTML, like Gecko) Chrome/103.0.0.0 Safari/537.36"
::ffff:98.234.224.71 - - [20/Jul/2022:20:07:18 +0000] "GET /images/wadokikai%20kanji.jpg HTTP/1.1" 404 167 "http://wadokikai.org/?msg=sent" "Mozilla/5.0 (Windows NT 10.0; Win64; x64) AppleWebKit/537.36 (KHTML, like Gecko) Chrome/103.0.0.0 Safari/537.36"
::ffff:98.234.224.71 - - [20/Jul/2022:20:10:18 +0000] "GET /images/wadokikai%20kanji.jpg HTTP/1.1" 404 167 "http://wadokikai.org/?msg=sent" "Mozilla/5.0 (Windows NT 10.0; Win64; x64) AppleWebKit/537.36 (KHTML, like Gecko) Chrome/103.0.0.0 Safari/537.36"
::ffff:114.119.151.9 - - [20/Jul/2022:20:12:17 +0000] "GET /images/wkkpatch22_med.png HTTP/1.1" 200 32301 "http://www.wadokikai.org/contact" "Mozilla/5.0 (Linux; Android 7.0;) AppleWebKit/537.36 (KHTML, like Gecko) Mobile Safari/537.36 (compatible; PetalBot;+https://webmaster.petalsearch.com/site/petalbot)"
::ffff:98.234.224.71 - - [20/Jul/2022:20:13:18 +0000] "GET /images/wadokikai%20kanji.jpg HTTP/1.1" 404 167 "http://wadokikai.org/?msg=sent" "Mozilla/5.0 (Windows NT 10.0; Win64; x64) AppleWebKit/537.36 (KHTML, like Gecko) Chrome/103.0.0.0 Safari/537.36"
::ffff:20.25.162.66 - - [20/Jul/2022:20:15:00 +0000] "GET / HTTP/1.1" 200 58132 "-" "Mozilla/5.0 (Macintosh; U; Intel Mac OS X 10_6_8; en-us) AppleWebKit/534.50 (KHTML, like Gecko) Version/5.1 Safari/534.50"
::ffff:98.234.224.71 - - [20/Jul/2022:20:16:18 +0000] "GET /images/wadokikai%20kanji.jpg HTTP/1.1" 404 167 "http://wadokikai.org/?msg=sent" "Mozilla/5.0 (Windows NT 10.0; Win64; x64) AppleWebKit/537.36 (KHTML, like Gecko) Chrome/103.0.0.0 Safari/537.36"
::ffff:54.36.149.64 - - [20/Jul/2022:20:16:44 +0000] "GET /robots.txt HTTP/1.1" 404 149 "-" "Mozilla/5.0 (compatible; AhrefsBot/7.0; +http://ahrefs.com/robot/)"
::ffff:51.222.253.15 - - [20/Jul/2022:20:16:46 +0000] "GET / HTTP/1.1" 200 58132 "-" "Mozilla/5.0 (compatible; AhrefsBot/7.0; +http://ahrefs.com/robot/)"
::ffff:163.123.143.71 - - [20/Jul/2022:20:16:54 +0000] "POST /boaform/admin/formLogin HTTP/1.1" 404 163 "http://34.212.47.6:80/admin/login.asp" "Mozilla/5.0 (X11; Ubuntu; Linux x86_64; rv:71.0) Gecko/20100101 Firefox/71.0"
::ffff:114.119.152.12 - - [20/Jul/2022:20:18:00 +0000] "GET /login.php?sessionId=4 HTTP/1.1" 404 148 "http://wadokikai.org/schoolsandschedules.php" "Mozilla/5.0 (Linux; Android 7.0;) AppleWebKit/537.36 (KHTML, like Gecko) Mobile Safari/537.36 (compatible; PetalBot;+https://webmaster.petalsearch.com/site/petalbot)"
::ffff:98.234.224.71 - - [20/Jul/2022:20:19:18 +0000] "GET /images/wadokikai%20kanji.jpg HTTP/1.1" 404 167 "http://wadokikai.org/?msg=sent" "Mozilla/5.0 (Windows NT 10.0; Win64; x64) AppleWebKit/537.36 (KHTML, like Gecko) Chrome/103.0.0.0 Safari/537.36"
::ffff:98.234.224.71 - - [20/Jul/2022:20:22:18 +0000] "GET /images/wadokikai%20kanji.jpg HTTP/1.1" 404 167 "http://wadokikai.org/?msg=sent" "Mozilla/5.0 (Windows NT 10.0; Win64; x64) AppleWebKit/537.36 (KHTML, like Gecko) Chrome/103.0.0.0 Safari/537.36"
::ffff:114.119.152.114 - - [20/Jul/2022:20:24:33 +0000] "GET /index2.php/docs/docs/docs/docs/index.php HTTP/1.1" 404 179 "http://www.wadokikai.org/index2.php/docs/docs/docs/docs/TwentyGuidingPriciplesOfKarate.pdf" "Mozilla/5.0 (Linux; Android 7.0;) AppleWebKit/537.36 (KHTML, like Gecko) Mobile Safari/537.36 (compatible; PetalBot;+https://webmaster.petalsearch.com/site/petalbot)"
::ffff:98.234.224.71 - - [20/Jul/2022:20:25:18 +0000] "GET /images/wadokikai%20kanji.jpg HTTP/1.1" 404 167 "http://wadokikai.org/?msg=sent" "Mozilla/5.0 (Windows NT 10.0; Win64; x64) AppleWebKit/537.36 (KHTML, like Gecko) Chrome/103.0.0.0 Safari/537.36"
::ffff:167.71.111.34 - - [20/Jul/2022:20:26:23 +0000] "GET / HTTP/1.0" 200 58132 "-" "Mozilla/5.0 (X11; Linux x86_64; rv:73.0) Gecko/20100101 Firefox/73.0"
::ffff:45.61.186.139 - - [20/Jul/2022:20:27:10 +0000] "GET /config/getuser?index=0 HTTP/1.1" 404 153 "-" "Mozilla/5.0 (X11; Ubuntu; Linux x86_64; rv:76.0) Gecko/20100101 Firefox/76.0"
::ffff:98.234.224.71 - - [20/Jul/2022:20:28:18 +0000] "GET /images/wadokikai%20kanji.jpg HTTP/1.1" 404 167 "http://wadokikai.org/?msg=sent" "Mozilla/5.0 (Windows NT 10.0; Win64; x64) AppleWebKit/537.36 (KHTML, like Gecko) Chrome/103.0.0.0 Safari/537.36"
::ffff:51.222.253.7 - - [20/Jul/2022:20:30:05 +0000] "GET /resources HTTP/1.1" 200 194907 "-" "Mozilla/5.0 (compatible; AhrefsBot/7.0; +http://ahrefs.com/robot/)"
::ffff:114.119.152.12 - - [20/Jul/2022:20:30:24 +0000] "GET /contact?s=1&ss=1 HTTP/1.1" 200 9997 "http://www.wadokikai.org/" "Mozilla/5.0 (Linux; Android 7.0;) AppleWebKit/537.36 (KHTML, like Gecko) Mobile Safari/537.36 (compatible; PetalBot;+https://webmaster.petalsearch.com/site/petalbot)"
::ffff:98.234.224.71 - - [20/Jul/2022:20:31:18 +0000] "GET /images/wadokikai%20kanji.jpg HTTP/1.1" 404 167 "http://wadokikai.org/?msg=sent" "Mozilla/5.0 (Windows NT 10.0; Win64; x64) AppleWebKit/537.36 (KHTML, like Gecko) Chrome/103.0.0.0 Safari/537.36"
::ffff:98.234.224.71 - - [20/Jul/2022:20:34:18 +0000] "GET /images/wadokikai%20kanji.jpg HTTP/1.1" 404 167 "http://wadokikai.org/?msg=sent" "Mozilla/5.0 (Windows NT 10.0; Win64; x64) AppleWebKit/537.36 (KHTML, like Gecko) Chrome/103.0.0.0 Safari/537.36"
::ffff:98.234.224.71 - - [20/Jul/2022:20:37:18 +0000] "GET /images/wadokikai%20kanji.jpg HTTP/1.1" 404 167 "http://wadokikai.org/?msg=sent" "Mozilla/5.0 (Windows NT 10.0; Win64; x64) AppleWebKit/537.36 (KHTML, like Gecko) Chrome/103.0.0.0 Safari/537.36"
::ffff:161.35.142.105 - - [20/Jul/2022:20:37:40 +0000] "GET /.env HTTP/1.1" 404 143 "-" "Mozilla/5.0 (X11; Linux x86_64) AppleWebKit/537.36 (KHTML, like Gecko) Chrome/81.0.4044.129 Safari/537.36"
::ffff:161.35.142.105 - - [20/Jul/2022:20:37:40 +0000] "POST / HTTP/1.1" 404 140 "-" "Mozilla/5.0 (X11; Linux x86_64) AppleWebKit/537.36 (KHTML, like Gecko) Chrome/81.0.4044.129 Safari/537.36"
::ffff:98.234.224.71 - - [20/Jul/2022:20:40:18 +0000] "GET /images/wadokikai%20kanji.jpg HTTP/1.1" 404 167 "http://wadokikai.org/?msg=sent" "Mozilla/5.0 (Windows NT 10.0; Win64; x64) AppleWebKit/537.36 (KHTML, like Gecko) Chrome/103.0.0.0 Safari/537.36"
::ffff:114.119.152.119 - - [20/Jul/2022:20:51:36 +0000] "GET /contact?s=1&ss=0 HTTP/1.1" 200 9997 "http://www.wadokikai.org/" "Mozilla/5.0 (Linux; Android 7.0;) AppleWebKit/537.36 (KHTML, like Gecko) Mobile Safari/537.36 (compatible; PetalBot;+https://webmaster.petalsearch.com/site/petalbot)"
::ffff:163.123.143.71 - - [20/Jul/2022:20:59:47 +0000] "POST /boaform/admin/formLogin HTTP/1.1" 404 163 "http://34.212.47.6:80/admin/login.asp" "Mozilla/5.0 (X11; Ubuntu; Linux x86_64; rv:71.0) Gecko/20100101 Firefox/71.0"
::ffff:167.71.111.34 - - [20/Jul/2022:21:00:08 +0000] "GET / HTTP/1.1" 200 58132 "-" "Mozilla/5.0 (X11; Linux x86_64; rv:73.0) Gecko/20100101 Firefox/73.0"
::ffff:167.71.111.34 - - [20/Jul/2022:21:00:08 +0000] "GET /images/favicon.ico HTTP/1.1" 200 3638 "http://34.212.47.6/" "Mozilla/5.0 (X11; Linux x86_64; rv:73.0) Gecko/20100101 Firefox/73.0"
::ffff:198.251.73.71 - - [20/Jul/2022:21:00:45 +0000] "GET /robots.txt HTTP/1.1" 404 149 "-" "IonCrawl (https://www.ionos.de/terms-gtc/faq-crawler-en/)"
::ffff:198.251.73.71 - - [20/Jul/2022:21:03:36 +0000] "GET /sitemap.xml HTTP/1.1" 404 150 "-" "IonCrawl (https://www.ionos.de/terms-gtc/faq-crawler-en/)"
::ffff:198.251.73.71 - - [20/Jul/2022:21:03:37 +0000] "GET / HTTP/1.1" 200 58132 "-" "IonCrawl (https://www.ionos.de/terms-gtc/faq-crawler-en/)"
::ffff:198.251.73.71 - - [20/Jul/2022:21:03:38 +0000] "GET /wp-admin/admin-ajax.php HTTP/1.1" 404 162 "-" "IonCrawl (https://www.ionos.de/terms-gtc/faq-crawler-en/)"
::ffff:185.254.196.115 - - [20/Jul/2022:21:03:41 +0000] "GET /.env HTTP/1.1" 404 143 "-" "Mozilla/5.0 (X11; Linux x86_64) AppleWebKit/537.36 (KHTML, like Gecko) Chrome/81.0.4044.129 Safari/537.36"
::ffff:185.254.196.115 - - [20/Jul/2022:21:03:42 +0000] "POST / HTTP/1.1" 404 140 "-" "Mozilla/5.0 (X11; Linux x86_64) AppleWebKit/537.36 (KHTML, like Gecko) Chrome/81.0.4044.129 Safari/537.36"
::ffff:114.119.145.194 - - [20/Jul/2022:21:04:08 +0000] "GET /contact?s=1&ss=3 HTTP/1.1" 200 9997 "http://34.212.47.6/schools" "Mozilla/5.0 (Linux; Android 7.0;) AppleWebKit/537.36 (KHTML, like Gecko) Mobile Safari/537.36 (compatible; PetalBot;+https://webmaster.petalsearch.com/site/petalbot)"
::ffff:114.119.135.187 - - [20/Jul/2022:21:05:43 +0000] "GET /contact?s=1&ss=0 HTTP/1.1" 200 9997 "http://www.wadokikai.net/schools" "Mozilla/5.0 (Linux; Android 7.0;) AppleWebKit/537.36 (KHTML, like Gecko) Mobile Safari/537.36 (compatible; PetalBot;+https://webmaster.petalsearch.com/site/petalbot)"
::ffff:198.251.73.101 - - [20/Jul/2022:21:06:48 +0000] "GET /contact?s=1&ss=1 HTTP/1.1" 200 9997 "-" "IonCrawl (https://www.ionos.de/terms-gtc/faq-crawler-en/)"
::ffff:198.251.73.101 - - [20/Jul/2022:21:06:51 +0000] "GET /contact?s=1&ss=7 HTTP/1.1" 200 9997 "-" "IonCrawl (https://www.ionos.de/terms-gtc/faq-crawler-en/)"
::ffff:198.251.73.81 - - [20/Jul/2022:21:06:54 +0000] "GET /contact?s=1&ss=0 HTTP/1.1" 200 9997 "-" "IonCrawl (https://www.ionos.de/terms-gtc/faq-crawler-en/)"
::ffff:198.251.73.81 - - [20/Jul/2022:21:06:58 +0000] "GET /contact?s=1&ss=8 HTTP/1.1" 200 9997 "-" "IonCrawl (https://www.ionos.de/terms-gtc/faq-crawler-en/)"
::ffff:198.251.73.71 - - [20/Jul/2022:21:07:05 +0000] "GET /contact?s=1&ss=6 HTTP/1.1" 200 9997 "-" "IonCrawl (https://www.ionos.de/terms-gtc/faq-crawler-en/)"
::ffff:198.251.73.71 - - [20/Jul/2022:21:07:06 +0000] "GET /contact?s=1&ss=10 HTTP/1.1" 200 9997 "-" "IonCrawl (https://www.ionos.de/terms-gtc/faq-crawler-en/)"
::ffff:198.251.73.101 - - [20/Jul/2022:21:07:07 +0000] "GET /contact?s=1&ss=4 HTTP/1.1" 200 9997 "-" "IonCrawl (https://www.ionos.de/terms-gtc/faq-crawler-en/)"
::ffff:198.251.73.101 - - [20/Jul/2022:21:07:11 +0000] "GET /contact?s=1&ss=5 HTTP/1.1" 200 9997 "-" "IonCrawl (https://www.ionos.de/terms-gtc/faq-crawler-en/)"
::ffff:198.251.73.101 - - [20/Jul/2022:21:07:14 +0000] "GET /contact?s=1&ss=3 HTTP/1.1" 200 9997 "-" "IonCrawl (https://www.ionos.de/terms-gtc/faq-crawler-en/)"
::ffff:198.251.73.81 - - [20/Jul/2022:21:07:19 +0000] "GET /contact HTTP/1.1" 200 10017 "-" "IonCrawl (https://www.ionos.de/terms-gtc/faq-crawler-en/)"
::ffff:198.251.73.91 - - [20/Jul/2022:21:07:21 +0000] "GET /contact?s=1&ss=9 HTTP/1.1" 200 9997 "-" "IonCrawl (https://www.ionos.de/terms-gtc/faq-crawler-en/)"
::ffff:198.251.73.91 - - [20/Jul/2022:21:07:21 +0000] "GET /contact?s=1&ss=11 HTTP/1.1" 200 9997 "-" "IonCrawl (https://www.ionos.de/terms-gtc/faq-crawler-en/)"
::ffff:198.251.73.71 - - [20/Jul/2022:21:07:22 +0000] "GET /contact?s=1&ss=2 HTTP/1.1" 200 9997 "-" "IonCrawl (https://www.ionos.de/terms-gtc/faq-crawler-en/)"
::ffff:198.251.73.101 - - [20/Jul/2022:21:07:34 +0000] "GET /events HTTP/1.1" 200 9974 "-" "IonCrawl (https://www.ionos.de/terms-gtc/faq-crawler-en/)"
::ffff:198.251.73.71 - - [20/Jul/2022:21:07:36 +0000] "GET /schools HTTP/1.1" 200 96626 "-" "IonCrawl (https://www.ionos.de/terms-gtc/faq-crawler-en/)"
::ffff:198.251.73.91 - - [20/Jul/2022:21:07:36 +0000] "GET /resources HTTP/1.1" 200 194907 "-" "IonCrawl (https://www.ionos.de/terms-gtc/faq-crawler-en/)"
::ffff:205.210.31.29 - - [20/Jul/2022:21:10:47 +0000] "GET / HTTP/1.1" 200 58132 "-" "Expanse, a Palo Alto Networks company, searches across the global IPv4 space multiple times per day to identify customers&#39; presences on the Internet. If you would like to be excluded from our scans, please send IP addresses/domains to: scaninfo@paloaltonetworks.com"
::ffff:198.251.73.81 - - [20/Jul/2022:21:10:57 +0000] "GET /joinemail?type=tournaments HTTP/1.1" 200 8829 "-" "IonCrawl (https://www.ionos.de/terms-gtc/faq-crawler-en/)"
::ffff:198.251.73.101 - - [20/Jul/2022:21:11:01 +0000] "GET /joinemail?type=promotions HTTP/1.1" 200 8841 "-" "IonCrawl (https://www.ionos.de/terms-gtc/faq-crawler-en/)"
::ffff:198.251.73.91 - - [20/Jul/2022:21:11:07 +0000] "GET /joinemail?type=blackbeltclasses HTTP/1.1" 200 8998 "-" "IonCrawl (https://www.ionos.de/terms-gtc/faq-crawler-en/)"
::ffff:198.251.73.101 - - [20/Jul/2022:21:11:17 +0000] "GET /joinemail?type=specialclasses HTTP/1.1" 200 8958 "-" "IonCrawl (https://www.ionos.de/terms-gtc/faq-crawler-en/)"
::ffff:207.46.13.46 - - [20/Jul/2022:21:24:03 +0000] "GET /instructors HTTP/1.1" 404 150 "-" "Mozilla/5.0 (compatible; bingbot/2.0; +http://www.bing.com/bingbot.htm)"
::ffff:73.93.250.89 - - [20/Jul/2022:21:25:39 +0000] "GET / HTTP/1.1" 200 58132 "https://www.google.com/" "Mozilla/5.0 (X11; CrOS x86_64 14816.82.0) AppleWebKit/537.36 (KHTML, like Gecko) Chrome/103.0.0.0 Safari/537.36"
::ffff:73.93.250.89 - - [20/Jul/2022:21:25:39 +0000] "GET /css/wadokikai.css HTTP/1.1" 200 4337 "http://www.wadokikai.org/" "Mozilla/5.0 (X11; CrOS x86_64 14816.82.0) AppleWebKit/537.36 (KHTML, like Gecko) Chrome/103.0.0.0 Safari/537.36"
::ffff:73.93.250.89 - - [20/Jul/2022:21:25:40 +0000] "GET /js/common.js HTTP/1.1" 200 2255 "http://www.wadokikai.org/" "Mozilla/5.0 (X11; CrOS x86_64 14816.82.0) AppleWebKit/537.36 (KHTML, like Gecko) Chrome/103.0.0.0 Safari/537.36"
::ffff:73.93.250.89 - - [20/Jul/2022:21:25:40 +0000] "GET /images/wkkpatch22_med.png HTTP/1.1" 200 32301 "http://www.wadokikai.org/" "Mozilla/5.0 (X11; CrOS x86_64 14816.82.0) AppleWebKit/537.36 (KHTML, like Gecko) Chrome/103.0.0.0 Safari/537.36"
::ffff:73.93.250.89 - - [20/Jul/2022:21:25:40 +0000] "GET /images/schools/alamedakaratedomap.jpg HTTP/1.1" 200 38311 "http://www.wadokikai.org/" "Mozilla/5.0 (X11; CrOS x86_64 14816.82.0) AppleWebKit/537.36 (KHTML, like Gecko) Chrome/103.0.0.0 Safari/537.36"
::ffff:73.93.250.89 - - [20/Jul/2022:21:25:40 +0000] "GET /images/schools/orindakaratedomap.jpg HTTP/1.1" 200 34167 "http://www.wadokikai.org/" "Mozilla/5.0 (X11; CrOS x86_64 14816.82.0) AppleWebKit/537.36 (KHTML, like Gecko) Chrome/103.0.0.0 Safari/537.36"
::ffff:73.93.250.89 - - [20/Jul/2022:21:25:40 +0000] "GET /images/schools/dcakaratedomap.jpg HTTP/1.1" 200 35262 "http://www.wadokikai.org/" "Mozilla/5.0 (X11; CrOS x86_64 14816.82.0) AppleWebKit/537.36 (KHTML, like Gecko) Chrome/103.0.0.0 Safari/537.36"
::ffff:73.93.250.89 - - [20/Jul/2022:21:25:40 +0000] "GET /images/schools/harborbaykaratedomap.jpg HTTP/1.1" 200 37245 "http://www.wadokikai.org/" "Mozilla/5.0 (X11; CrOS x86_64 14816.82.0) AppleWebKit/537.36 (KHTML, like Gecko) Chrome/103.0.0.0 Safari/537.36"
::ffff:73.93.250.89 - - [20/Jul/2022:21:25:40 +0000] "GET /images/schools/corpuzkaratedomap.jpg HTTP/1.1" 200 36421 "http://www.wadokikai.org/" "Mozilla/5.0 (X11; CrOS x86_64 14816.82.0) AppleWebKit/537.36 (KHTML, like Gecko) Chrome/103.0.0.0 Safari/537.36"
::ffff:73.93.250.89 - - [20/Jul/2022:21:25:40 +0000] "GET /images/marin5thDan.jpeg HTTP/1.1" 200 105451 "http://www.wadokikai.org/" "Mozilla/5.0 (X11; CrOS x86_64 14816.82.0) AppleWebKit/537.36 (KHTML, like Gecko) Chrome/103.0.0.0 Safari/537.36"
::ffff:73.93.250.89 - - [20/Jul/2022:21:25:40 +0000] "GET /images/schools/nunleykaratedomap.jpg HTTP/1.1" 200 42667 "http://www.wadokikai.org/" "Mozilla/5.0 (X11; CrOS x86_64 14816.82.0) AppleWebKit/537.36 (KHTML, like Gecko) Chrome/103.0.0.0 Safari/537.36"
::ffff:73.93.250.89 - - [20/Jul/2022:21:25:40 +0000] "GET /images/schools/marinkaratedomap.jpg HTTP/1.1" 200 32400 "http://www.wadokikai.org/" "Mozilla/5.0 (X11; CrOS x86_64 14816.82.0) AppleWebKit/537.36 (KHTML, like Gecko) Chrome/103.0.0.0 Safari/537.36"
::ffff:73.93.250.89 - - [20/Jul/2022:21:25:40 +0000] "GET /images/schools/earhartkaratedomap.jpg HTTP/1.1" 200 41366 "http://www.wadokikai.org/" "Mozilla/5.0 (X11; CrOS x86_64 14816.82.0) AppleWebKit/537.36 (KHTML, like Gecko) Chrome/103.0.0.0 Safari/537.36"
::ffff:73.93.250.89 - - [20/Jul/2022:21:25:40 +0000] "GET /images/schools/martinezkaratedomap.jpg HTTP/1.1" 200 37724 "http://www.wadokikai.org/" "Mozilla/5.0 (X11; CrOS x86_64 14816.82.0) AppleWebKit/537.36 (KHTML, like Gecko) Chrome/103.0.0.0 Safari/537.36"
::ffff:73.93.250.89 - - [20/Jul/2022:21:25:40 +0000] "GET /images/schools/manzanitakaratedomap.jpg HTTP/1.1" 200 55402 "http://www.wadokikai.org/" "Mozilla/5.0 (X11; CrOS x86_64 14816.82.0) AppleWebKit/537.36 (KHTML, like Gecko) Chrome/103.0.0.0 Safari/537.36"
::ffff:73.93.250.89 - - [20/Jul/2022:21:25:40 +0000] "GET /images/tournaments/NKDTournament.pdf HTTP/1.1" 200 3770165 "http://www.wadokikai.org/" "Mozilla/5.0 (X11; CrOS x86_64 14816.82.0) AppleWebKit/537.36 (KHTML, like Gecko) Chrome/103.0.0.0 Safari/537.36"
