::ffff:136.24.141.37 - - [02/Aug/2022:18:58:00 +0000] "GET /images/schools/corpuzkaratedomap.jpg HTTP/1.1" 304 - "http://wadokikai.org/schools" "Mozilla/5.0 (Macintosh; Intel Mac OS X 10_15_7) AppleWebKit/537.36 (KHTML, like Gecko) Chrome/103.0.0.0 Safari/537.36"
::ffff:136.24.141.37 - - [02/Aug/2022:18:58:00 +0000] "GET /images/schools/marinkaratedomap.jpg HTTP/1.1" 304 - "http://wadokikai.org/schools" "Mozilla/5.0 (Macintosh; Intel Mac OS X 10_15_7) AppleWebKit/537.36 (KHTML, like Gecko) Chrome/103.0.0.0 Safari/537.36"
::ffff:136.24.141.37 - - [02/Aug/2022:18:58:00 +0000] "GET /images/schools/nunleykaratedomap.jpg HTTP/1.1" 304 - "http://wadokikai.org/schools" "Mozilla/5.0 (Macintosh; Intel Mac OS X 10_15_7) AppleWebKit/537.36 (KHTML, like Gecko) Chrome/103.0.0.0 Safari/537.36"
::ffff:136.24.141.37 - - [02/Aug/2022:18:58:00 +0000] "GET /images/schools/earhartkaratedomap.jpg HTTP/1.1" 304 - "http://wadokikai.org/schools" "Mozilla/5.0 (Macintosh; Intel Mac OS X 10_15_7) AppleWebKit/537.36 (KHTML, like Gecko) Chrome/103.0.0.0 Safari/537.36"
::ffff:136.24.141.37 - - [02/Aug/2022:18:58:00 +0000] "GET /images/schools/harborbaykaratedo.jpg HTTP/1.1" 200 77464 "http://wadokikai.org/schools" "Mozilla/5.0 (Macintosh; Intel Mac OS X 10_15_7) AppleWebKit/537.36 (KHTML, like Gecko) Chrome/103.0.0.0 Safari/537.36"
::ffff:136.24.141.37 - - [02/Aug/2022:18:58:00 +0000] "GET /images/schools/corpuzkaratedo.jpg HTTP/1.1" 200 65837 "http://wadokikai.org/schools" "Mozilla/5.0 (Macintosh; Intel Mac OS X 10_15_7) AppleWebKit/537.36 (KHTML, like Gecko) Chrome/103.0.0.0 Safari/537.36"
::ffff:136.24.141.37 - - [02/Aug/2022:18:58:00 +0000] "GET /images/schools/nunleykaratedo.jpg HTTP/1.1" 200 77040 "http://wadokikai.org/schools" "Mozilla/5.0 (Macintosh; Intel Mac OS X 10_15_7) AppleWebKit/537.36 (KHTML, like Gecko) Chrome/103.0.0.0 Safari/537.36"
::ffff:136.24.141.37 - - [02/Aug/2022:18:58:00 +0000] "GET /images/schools/earhartkaratedo.jpg HTTP/1.1" 200 35835 "http://wadokikai.org/schools" "Mozilla/5.0 (Macintosh; Intel Mac OS X 10_15_7) AppleWebKit/537.36 (KHTML, like Gecko) Chrome/103.0.0.0 Safari/537.36"
::ffff:136.24.141.37 - - [02/Aug/2022:18:58:00 +0000] "GET /images/schools/marinkaratedo.jpeg HTTP/1.1" 200 104735 "http://wadokikai.org/schools" "Mozilla/5.0 (Macintosh; Intel Mac OS X 10_15_7) AppleWebKit/537.36 (KHTML, like Gecko) Chrome/103.0.0.0 Safari/537.36"
::ffff:136.24.141.37 - - [02/Aug/2022:18:58:00 +0000] "GET /images/schools/martinezkaratedomap.jpg HTTP/1.1" 304 - "http://wadokikai.org/schools" "Mozilla/5.0 (Macintosh; Intel Mac OS X 10_15_7) AppleWebKit/537.36 (KHTML, like Gecko) Chrome/103.0.0.0 Safari/537.36"
::ffff:136.24.141.37 - - [02/Aug/2022:18:58:00 +0000] "GET /images/schools/manzanitakaratedomap.jpg HTTP/1.1" 304 - "http://wadokikai.org/schools" "Mozilla/5.0 (Macintosh; Intel Mac OS X 10_15_7) AppleWebKit/537.36 (KHTML, like Gecko) Chrome/103.0.0.0 Safari/537.36"
::ffff:136.24.141.37 - - [02/Aug/2022:18:58:00 +0000] "GET /images/schools/zoomdonkaratedo.jpg HTTP/1.1" 200 32454 "http://wadokikai.org/schools" "Mozilla/5.0 (Macintosh; Intel Mac OS X 10_15_7) AppleWebKit/537.36 (KHTML, like Gecko) Chrome/103.0.0.0 Safari/537.36"
::ffff:136.24.141.37 - - [02/Aug/2022:18:58:00 +0000] "GET /images/schools/zoomsfbakaratedo.jpg HTTP/1.1" 200 259024 "http://wadokikai.org/schools" "Mozilla/5.0 (Macintosh; Intel Mac OS X 10_15_7) AppleWebKit/537.36 (KHTML, like Gecko) Chrome/103.0.0.0 Safari/537.36"
::ffff:136.24.141.37 - - [02/Aug/2022:18:58:00 +0000] "GET /images/schools/martinezkaratedo.jpg HTTP/1.1" 200 1754187 "http://wadokikai.org/schools" "Mozilla/5.0 (Macintosh; Intel Mac OS X 10_15_7) AppleWebKit/537.36 (KHTML, like Gecko) Chrome/103.0.0.0 Safari/537.36"
::ffff:136.24.141.37 - - [02/Aug/2022:18:58:00 +0000] "GET /images/schools/manzanitakaratedo.jpg HTTP/1.1" 200 1829058 "http://wadokikai.org/schools" "Mozilla/5.0 (Macintosh; Intel Mac OS X 10_15_7) AppleWebKit/537.36 (KHTML, like Gecko) Chrome/103.0.0.0 Safari/537.36"
::ffff:185.7.214.104 - - [02/Aug/2022:18:58:51 +0000] "GET /solr/admin/info/system?wt=json HTTP/1.1" 404 161 "-" "Mozilla/5.0 (Windows NT 10.0; Win64; x64) AppleWebKit/537.36 (KHTML, like Gecko) Chrome/78.0.3904.108 Safari/537.36"
::ffff:51.222.253.7 - - [02/Aug/2022:19:01:10 +0000] "GET /contact?s=1&ss=6 HTTP/1.1" 200 9997 "-" "Mozilla/5.0 (compatible; AhrefsBot/7.0; +http://ahrefs.com/robot/)"
::ffff:135.125.244.48 - - [02/Aug/2022:19:02:21 +0000] "POST / HTTP/1.1" 404 140 "-" "Mozilla/5.0 (X11; Linux x86_64) AppleWebKit/537.36 (KHTML, like Gecko) Chrome/81.0.4044.129 Safari/537.36"
::ffff:135.125.244.48 - - [02/Aug/2022:19:02:22 +0000] "GET /.env HTTP/1.1" 404 143 "-" "Mozilla/5.0 (X11; Linux x86_64) AppleWebKit/537.36 (KHTML, like Gecko) Chrome/81.0.4044.129 Safari/537.36"
::ffff:162.142.125.220 - - [02/Aug/2022:19:04:23 +0000] "GET / HTTP/1.1" 200 58071 "-" "-"
::ffff:162.142.125.220 - - [02/Aug/2022:19:04:23 +0000] "GET / HTTP/1.1" 200 58071 "-" "Mozilla/5.0 (compatible; CensysInspect/1.1; +https://about.censys.io/)"
::ffff:162.142.125.220 - - [02/Aug/2022:19:04:23 +0000] "PRI * HTTP/2.0" - - "-" "-"
::ffff:180.149.125.172 - - [02/Aug/2022:19:06:53 +0000] "GET / HTTP/1.1" 200 58071 "-" "Mozilla/5.0 (Windows NT 5.1; Win64; x64) AppleWebKit/537.36 (KHTML, like Gecko) Chrome/60.0.3112.90 Safari/537.36"
::ffff:66.249.66.197 - - [02/Aug/2022:19:07:36 +0000] "GET /images/index.jpg HTTP/1.1" 404 155 "-" "Googlebot-Image/1.0"
::ffff:139.162.207.84 - - [02/Aug/2022:19:11:55 +0000] "GET / HTTP/1.1" 200 58071 "-" "Mozilla/5.0 (Windows NT 10.0; Win64; x64) AppleWebKit/537.36 (KHTML, like Gecko) Chrome/60.0.3112.113 Safari/537.36"
::ffff:84.148.237.181 - - [02/Aug/2022:19:12:49 +0000] "GET /favicon.ico HTTP/1.1" 404 150 "http://www.wadokikai.org/docs/Bushido-code.pdf" "Mozilla/5.0 (Windows NT 10.0; Win64; x64) AppleWebKit/537.36 (KHTML, like Gecko) Chrome/103.0.0.0 Safari/537.36"
::ffff:84.148.237.181 - - [02/Aug/2022:19:12:49 +0000] "GET /docs/Bushido-code.pdf HTTP/1.1" 200 691794 "https://www.google.com/" "Mozilla/5.0 (Windows NT 10.0; Win64; x64) AppleWebKit/537.36 (KHTML, like Gecko) Chrome/103.0.0.0 Safari/537.36"
::ffff:24.4.186.45 - - [02/Aug/2022:19:15:47 +0000] "GET /css/wadokikai.css HTTP/1.1" 304 - "http://wadokikai.net/resources" "Mozilla/5.0 (X11; Linux x86_64) AppleWebKit/537.36 (KHTML, like Gecko) Chrome/103.0.5060.134 Safari/537.36 Edg/103.0.1264.77"
::ffff:24.4.186.45 - - [02/Aug/2022:19:15:47 +0000] "GET /js/common.js HTTP/1.1" 304 - "http://wadokikai.net/resources" "Mozilla/5.0 (X11; Linux x86_64) AppleWebKit/537.36 (KHTML, like Gecko) Chrome/103.0.5060.134 Safari/537.36 Edg/103.0.1264.77"
::ffff:24.4.186.45 - - [02/Aug/2022:19:15:47 +0000] "GET /images/wkkpatch22_med.png HTTP/1.1" 304 - "http://wadokikai.net/resources" "Mozilla/5.0 (X11; Linux x86_64) AppleWebKit/537.36 (KHTML, like Gecko) Chrome/103.0.5060.134 Safari/537.36 Edg/103.0.1264.77"
::ffff:24.4.186.45 - - [02/Aug/2022:19:15:47 +0000] "GET /images/JohnArce.jpg HTTP/1.1" 304 - "http://wadokikai.net/resources" "Mozilla/5.0 (X11; Linux x86_64) AppleWebKit/537.36 (KHTML, like Gecko) Chrome/103.0.5060.134 Safari/537.36 Edg/103.0.1264.77"
::ffff:24.4.186.45 - - [02/Aug/2022:19:15:47 +0000] "GET /images/tm.jpg HTTP/1.1" 304 - "http://wadokikai.net/resources" "Mozilla/5.0 (X11; Linux x86_64) AppleWebKit/537.36 (KHTML, like Gecko) Chrome/103.0.5060.134 Safari/537.36 Edg/103.0.1264.77"
::ffff:24.4.186.45 - - [02/Aug/2022:19:15:47 +0000] "GET /images/books/MBS.gif HTTP/1.1" 304 - "http://wadokikai.net/resources" "Mozilla/5.0 (X11; Linux x86_64) AppleWebKit/537.36 (KHTML, like Gecko) Chrome/103.0.5060.134 Safari/537.36 Edg/103.0.1264.77"
::ffff:24.4.186.45 - - [02/Aug/2022:19:15:47 +0000] "GET /images/books/MBS2.jpg HTTP/1.1" 304 - "http://wadokikai.net/resources" "Mozilla/5.0 (X11; Linux x86_64) AppleWebKit/537.36 (KHTML, like Gecko) Chrome/103.0.5060.134 Safari/537.36 Edg/103.0.1264.77"
::ffff:24.4.186.45 - - [02/Aug/2022:19:15:47 +0000] "GET /images/books/ZenMeditation.jpg HTTP/1.1" 304 - "http://wadokikai.net/resources" "Mozilla/5.0 (X11; Linux x86_64) AppleWebKit/537.36 (KHTML, like Gecko) Chrome/103.0.5060.134 Safari/537.36 Edg/103.0.1264.77"
::ffff:24.4.186.45 - - [02/Aug/2022:19:15:47 +0000] "GET /images/books/karatebook.jpg HTTP/1.1" 304 - "http://wadokikai.net/resources" "Mozilla/5.0 (X11; Linux x86_64) AppleWebKit/537.36 (KHTML, like Gecko) Chrome/103.0.5060.134 Safari/537.36 Edg/103.0.1264.77"
::ffff:24.4.186.45 - - [02/Aug/2022:19:15:47 +0000] "GET /images/books/KarateDoZen.jpg HTTP/1.1" 304 - "http://wadokikai.net/resources" "Mozilla/5.0 (X11; Linux x86_64) AppleWebKit/537.36 (KHTML, like Gecko) Chrome/103.0.5060.134 Safari/537.36 Edg/103.0.1264.77"
::ffff:24.4.186.45 - - [02/Aug/2022:19:15:48 +0000] "GET /images/books/bookoffiverings.jpg HTTP/1.1" 304 - "http://wadokikai.net/resources" "Mozilla/5.0 (X11; Linux x86_64) AppleWebKit/537.36 (KHTML, like Gecko) Chrome/103.0.5060.134 Safari/537.36 Edg/103.0.1264.77"
::ffff:24.4.186.45 - - [02/Aug/2022:19:15:48 +0000] "GET /images/books/shotokanSecrets.jpg HTTP/1.1" 304 - "http://wadokikai.net/resources" "Mozilla/5.0 (X11; Linux x86_64) AppleWebKit/537.36 (KHTML, like Gecko) Chrome/103.0.5060.134 Safari/537.36 Edg/103.0.1264.77"
::ffff:24.4.186.45 - - [02/Aug/2022:19:15:48 +0000] "GET /images/books/dummies.jpg HTTP/1.1" 304 - "http://wadokikai.net/resources" "Mozilla/5.0 (X11; Linux x86_64) AppleWebKit/537.36 (KHTML, like Gecko) Chrome/103.0.5060.134 Safari/537.36 Edg/103.0.1264.77"
::ffff:24.4.186.45 - - [02/Aug/2022:19:15:48 +0000] "GET /images/books/bobook.gif HTTP/1.1" 304 - "http://wadokikai.net/resources" "Mozilla/5.0 (X11; Linux x86_64) AppleWebKit/537.36 (KHTML, like Gecko) Chrome/103.0.5060.134 Safari/537.36 Edg/103.0.1264.77"
::ffff:24.4.186.45 - - [02/Aug/2022:19:15:48 +0000] "GET /images/books/saibook.jpg HTTP/1.1" 304 - "http://wadokikai.net/resources" "Mozilla/5.0 (X11; Linux x86_64) AppleWebKit/537.36 (KHTML, like Gecko) Chrome/103.0.5060.134 Safari/537.36 Edg/103.0.1264.77"
::ffff:24.4.186.45 - - [02/Aug/2022:19:15:48 +0000] "GET /images/books/dojoWisdom.jpg HTTP/1.1" 304 - "http://wadokikai.net/resources" "Mozilla/5.0 (X11; Linux x86_64) AppleWebKit/537.36 (KHTML, like Gecko) Chrome/103.0.5060.134 Safari/537.36 Edg/103.0.1264.77"
::ffff:24.4.186.45 - - [02/Aug/2022:19:15:48 +0000] "GET /images/books/guide20.jpg HTTP/1.1" 304 - "http://wadokikai.net/resources" "Mozilla/5.0 (X11; Linux x86_64) AppleWebKit/537.36 (KHTML, like Gecko) Chrome/103.0.5060.134 Safari/537.36 Edg/103.0.1264.77"
::ffff:24.4.186.45 - - [02/Aug/2022:19:15:48 +0000] "GET /images/books/emptyHand.jpg HTTP/1.1" 304 - "http://wadokikai.net/resources" "Mozilla/5.0 (X11; Linux x86_64) AppleWebKit/537.36 (KHTML, like Gecko) Chrome/103.0.5060.134 Safari/537.36 Edg/103.0.1264.77"
::ffff:24.4.186.45 - - [02/Aug/2022:19:15:48 +0000] "GET /images/books/karatedo.jpg HTTP/1.1" 304 - "http://wadokikai.net/resources" "Mozilla/5.0 (X11; Linux x86_64) AppleWebKit/537.36 (KHTML, like Gecko) Chrome/103.0.5060.134 Safari/537.36 Edg/103.0.1264.77"
::ffff:24.4.186.45 - - [02/Aug/2022:19:15:48 +0000] "GET /images/books/karatedojo.jpg HTTP/1.1" 304 - "http://wadokikai.net/resources" "Mozilla/5.0 (X11; Linux x86_64) AppleWebKit/537.36 (KHTML, like Gecko) Chrome/103.0.5060.134 Safari/537.36 Edg/103.0.1264.77"
::ffff:24.4.186.45 - - [02/Aug/2022:19:15:48 +0000] "GET /images/books/grappingmethod.jpg HTTP/1.1" 304 - "http://wadokikai.net/resources" "Mozilla/5.0 (X11; Linux x86_64) AppleWebKit/537.36 (KHTML, like Gecko) Chrome/103.0.5060.134 Safari/537.36 Edg/103.0.1264.77"
::ffff:24.4.186.45 - - [02/Aug/2022:19:15:48 +0000] "GET /images/books/movingzen.jpg HTTP/1.1" 304 - "http://wadokikai.net/resources" "Mozilla/5.0 (X11; Linux x86_64) AppleWebKit/537.36 (KHTML, like Gecko) Chrome/103.0.5060.134 Safari/537.36 Edg/103.0.1264.77"
::ffff:24.4.186.45 - - [02/Aug/2022:19:15:48 +0000] "GET /images/books/artofwar.jpg HTTP/1.1" 304 - "http://wadokikai.net/resources" "Mozilla/5.0 (X11; Linux x86_64) AppleWebKit/537.36 (KHTML, like Gecko) Chrome/103.0.5060.134 Safari/537.36 Edg/103.0.1264.77"
::ffff:24.4.186.45 - - [02/Aug/2022:19:15:48 +0000] "GET /images/dragon-trans.png HTTP/1.1" 304 - "http://wadokikai.net/resources" "Mozilla/5.0 (X11; Linux x86_64) AppleWebKit/537.36 (KHTML, like Gecko) Chrome/103.0.5060.134 Safari/537.36 Edg/103.0.1264.77"
::ffff:24.4.186.45 - - [02/Aug/2022:19:15:52 +0000] "GET /images/tiger.bmp HTTP/1.1" 304 - "http://wadokikai.net/resources" "Mozilla/5.0 (X11; Linux x86_64) AppleWebKit/537.36 (KHTML, like Gecko) Chrome/103.0.5060.134 Safari/537.36 Edg/103.0.1264.77"
::ffff:51.222.253.12 - - [02/Aug/2022:19:16:47 +0000] "GET /contact?s=1&ss=8 HTTP/1.1" 200 9997 "-" "Mozilla/5.0 (compatible; AhrefsBot/7.0; +http://ahrefs.com/robot/)"
::ffff:185.7.214.104 - - [02/Aug/2022:19:27:08 +0000] "GET /index.php?s=/Index/\think\app/invokefunction&function=call_user_func_array&vars[0]=md5&vars[1][]=HelloThinkPHP21 HTTP/1.1" 404 148 "-" "Mozilla/5.0 (Windows NT 10.0; Win64; x64) AppleWebKit/537.36 (KHTML, like Gecko) Chrome/78.0.3904.108 Safari/537.36"
::ffff:185.254.196.115 - - [02/Aug/2022:19:34:46 +0000] "GET /.env HTTP/1.1" 404 143 "-" "Mozilla/5.0 (X11; Linux x86_64) AppleWebKit/537.36 (KHTML, like Gecko) Chrome/81.0.4044.129 Safari/537.36"
::ffff:185.254.196.115 - - [02/Aug/2022:19:34:46 +0000] "POST / HTTP/1.1" 404 140 "-" "Mozilla/5.0 (X11; Linux x86_64) AppleWebKit/537.36 (KHTML, like Gecko) Chrome/81.0.4044.129 Safari/537.36"
::ffff:40.77.167.66 - - [02/Aug/2022:19:50:10 +0000] "GET /locations.php HTTP/1.1" 404 152 "-" "Mozilla/5.0 (compatible; bingbot/2.0; +http://www.bing.com/bingbot.htm)"
::ffff:51.222.253.1 - - [02/Aug/2022:20:05:22 +0000] "GET /robots.txt HTTP/1.1" 404 149 "-" "Mozilla/5.0 (compatible; AhrefsBot/7.0; +http://ahrefs.com/robot/)"
::ffff:51.222.253.1 - - [02/Aug/2022:20:05:23 +0000] "GET /contact HTTP/1.1" 200 10017 "-" "Mozilla/5.0 (compatible; AhrefsBot/7.0; +http://ahrefs.com/robot/)"
::ffff:51.222.253.4 - - [02/Aug/2022:20:07:21 +0000] "GET /instructors.html HTTP/1.1" 404 155 "-" "Mozilla/5.0 (compatible; AhrefsBot/7.0; +http://ahrefs.com/robot/)"
::ffff:51.222.253.1 - - [02/Aug/2022:20:08:57 +0000] "GET /contact?s=1&ss=9 HTTP/1.1" 200 9997 "-" "Mozilla/5.0 (compatible; AhrefsBot/7.0; +http://ahrefs.com/robot/)"
::ffff:98.234.224.71 - - [02/Aug/2022:20:11:33 +0000] "GET /images/dragon-trans.png HTTP/1.1" 304 - "http://wadokikai.org/resources" "Mozilla/5.0 (Windows NT 10.0; Win64; x64) AppleWebKit/537.36 (KHTML, like Gecko) Chrome/103.0.0.0 Safari/537.36"
::ffff:181.214.218.69 - - [02/Aug/2022:20:29:09 +0000] "POST /29369674 HTTP/1.1" 404 148 "-" "Mozilla/5.0 (Microsoft Windows NT 6.2.9200.0); rv:22.0) Gecko/20130405 Firefox/22.0"
::ffff:135.125.244.48 - - [02/Aug/2022:20:30:59 +0000] "POST / HTTP/1.1" 404 140 "-" "Mozilla/5.0 (X11; Linux x86_64) AppleWebKit/537.36 (KHTML, like Gecko) Chrome/81.0.4044.129 Safari/537.36"
::ffff:135.125.244.48 - - [02/Aug/2022:20:30:59 +0000] "GET /.env HTTP/1.1" 404 143 "-" "Mozilla/5.0 (X11; Linux x86_64) AppleWebKit/537.36 (KHTML, like Gecko) Chrome/81.0.4044.129 Safari/537.36"
::ffff:207.46.13.117 - - [02/Aug/2022:20:31:29 +0000] "GET /katas.html HTTP/1.1" 404 149 "-" "Mozilla/5.0 (compatible; bingbot/2.0; +http://www.bing.com/bingbot.htm)"
::ffff:88.119.36.44 - - [02/Aug/2022:20:33:38 +0000] "GET / HTTP/1.1" 200 58071 "http://www.wadokikai.org" "Mozilla/5.0 (Windows NT 10.0; Win64; x64) AppleWebKit/537.36 (KHTML, like Gecko) Chrome/80.0.3987.132 Safari/537.36"
::ffff:66.249.66.59 - - [02/Aug/2022:20:37:47 +0000] "GET /katas.html HTTP/1.1" 404 149 "-" "Mozilla/5.0 (compatible; Googlebot/2.1; +http://www.google.com/bot.html)"
::ffff:98.234.224.71 - - [02/Aug/2022:20:38:14 +0000] "GET /images/dragon-trans.png HTTP/1.1" 304 - "http://wadokikai.org/resources" "Mozilla/5.0 (Windows NT 10.0; Win64; x64) AppleWebKit/537.36 (KHTML, like Gecko) Chrome/103.0.0.0 Safari/537.36"
::ffff:185.7.214.104 - - [02/Aug/2022:20:39:23 +0000] "GET /?a=fetch&content=<php>die(@md5(HelloThinkCMF))</php> HTTP/1.1" 200 58071 "-" "Mozilla/5.0 (Windows NT 10.0; Win64; x64) AppleWebKit/537.36 (KHTML, like Gecko) Chrome/78.0.3904.108 Safari/537.36"
::ffff:207.46.13.117 - - [02/Aug/2022:20:44:01 +0000] "GET /katas.html HTTP/1.1" 404 149 "-" "Mozilla/5.0 (compatible; bingbot/2.0; +http://www.bing.com/bingbot.htm)"
::ffff:179.43.155.171 - - [02/Aug/2022:20:45:28 +0000] "GET /Dockerrun.aws.json HTTP/1.1" 404 157 "-" "Mozilla/5.0 (Windows NT 6.1) AppleWebKit/537.36 (KHTML, like Gecko) Chrome/98.0.4758.141 YaBrowser/22.3.3.855 Yowser/2.5 Safari/537.36"
::ffff:198.235.24.151 - - [02/Aug/2022:20:48:44 +0000] "GET / HTTP/1.1" 200 58071 "-" "Expanse, a Palo Alto Networks company, searches across the global IPv4 space multiple times per day to identify customers&#39; presences on the Internet. If you would like to be excluded from our scans, please send IP addresses/domains to: scaninfo@paloaltonetworks.com"
::ffff:157.55.39.140 - - [02/Aug/2022:20:53:17 +0000] "GET /index.php HTTP/1.1" 404 148 "-" "Mozilla/5.0 (compatible; bingbot/2.0; +http://www.bing.com/bingbot.htm)"
::ffff:185.254.196.115 - - [02/Aug/2022:21:01:09 +0000] "GET /.env HTTP/1.1" 404 143 "-" "Mozilla/5.0 (X11; Linux x86_64) AppleWebKit/537.36 (KHTML, like Gecko) Chrome/81.0.4044.129 Safari/537.36"
::ffff:185.254.196.115 - - [02/Aug/2022:21:01:09 +0000] "POST / HTTP/1.1" 404 140 "-" "Mozilla/5.0 (X11; Linux x86_64) AppleWebKit/537.36 (KHTML, like Gecko) Chrome/81.0.4044.129 Safari/537.36"
::ffff:185.196.220.70 - - [02/Aug/2022:21:01:12 +0000] "GET / HTTP/1.1" 200 58071 "-" "Linux Gnu (cow)"
::ffff:185.7.214.104 - - [02/Aug/2022:21:09:22 +0000] "GET /?XDEBUG_SESSION_START=phpstorm HTTP/1.1" 200 58071 "-" "Mozilla/5.0 (Windows NT 10.0; Win64; x64) AppleWebKit/537.36 (KHTML, like Gecko) Chrome/78.0.3904.108 Safari/537.36"
::ffff:68.183.150.193 - - [02/Aug/2022:21:15:07 +0000] "GET / HTTP/1.0" 200 58071 "-" "Mozilla/5.0 (compatible; NetcraftSurveyAgent/1.0; +info@netcraft.com)"
::ffff:69.171.231.117 - - [02/Aug/2022:21:16:16 +0000] "GET /sdinforeg.php HTTP/1.1" 404 152 "-" "facebookexternalhit/1.1 (+http://www.facebook.com/externalhit_uatext.php)"
::ffff:173.252.79.24 - - [02/Aug/2022:21:16:17 +0000] "GET /images/karatebook.jpg HTTP/1.1" 404 160 "-" "facebookexternalhit/1.1 (+http://www.facebook.com/externalhit_uatext.php)"
::ffff:157.90.209.76 - - [02/Aug/2022:21:18:19 +0000] "GET /robots.txt HTTP/1.1" 404 149 "-" "Mozilla/5.0 (compatible; BLEXBot/1.0; +http://webmeup-crawler.com/)"
::ffff:157.90.209.76 - - [02/Aug/2022:21:18:22 +0000] "GET /sitemap HTTP/1.1" 404 146 "-" "Mozilla/5.0 (compatible; BLEXBot/1.0; +http://webmeup-crawler.com/)"
::ffff:157.90.209.76 - - [02/Aug/2022:21:18:26 +0000] "GET /sitemap.txt HTTP/1.1" 404 150 "-" "Mozilla/5.0 (compatible; BLEXBot/1.0; +http://webmeup-crawler.com/)"
::ffff:51.222.253.15 - - [02/Aug/2022:21:20:50 +0000] "GET /contact?s=1&ss=7 HTTP/1.1" 200 9997 "-" "Mozilla/5.0 (compatible; AhrefsBot/7.0; +http://ahrefs.com/robot/)"
::ffff:52.35.20.1 - - [02/Aug/2022:21:21:10 +0000] "GET /robots.txt HTTP/1.1" 404 149 "-" "YelpBot (https://www.yelp.com/)"
::ffff:52.35.20.1 - - [02/Aug/2022:21:21:14 +0000] "GET / HTTP/1.1" 200 58071 "-" "YelpBot (https://www.yelp.com/)"
::ffff:52.35.20.1 - - [02/Aug/2022:21:21:18 +0000] "GET /contact?s=1&ss=4 HTTP/1.1" 200 9997 "http://www.wadokikai.org" "YelpBot (https://www.yelp.com/)"
::ffff:52.35.20.1 - - [02/Aug/2022:21:21:22 +0000] "GET /contact?s=1&ss=1 HTTP/1.1" 200 9997 "http://www.wadokikai.org" "YelpBot (https://www.yelp.com/)"
::ffff:52.35.20.1 - - [02/Aug/2022:21:21:24 +0000] "GET /contact?s=1&ss=3 HTTP/1.1" 200 9997 "http://www.wadokikai.org" "YelpBot (https://www.yelp.com/)"
::ffff:52.35.20.1 - - [02/Aug/2022:21:21:29 +0000] "GET /contact?s=1&ss=11 HTTP/1.1" 200 9997 "http://www.wadokikai.org" "YelpBot (https://www.yelp.com/)"
::ffff:52.35.20.1 - - [02/Aug/2022:21:21:33 +0000] "GET /schools HTTP/1.1" 200 96626 "http://www.wadokikai.org" "YelpBot (https://www.yelp.com/)"
::ffff:52.35.20.1 - - [02/Aug/2022:21:21:37 +0000] "GET /contact?s=1&ss=2 HTTP/1.1" 200 9997 "http://www.wadokikai.org" "YelpBot (https://www.yelp.com/)"
::ffff:52.35.20.1 - - [02/Aug/2022:21:21:42 +0000] "GET /contact?s=1&ss=8 HTTP/1.1" 200 9997 "http://www.wadokikai.org" "YelpBot (https://www.yelp.com/)"
::ffff:52.35.20.1 - - [02/Aug/2022:21:21:46 +0000] "GET /contact?s=1&ss=6 HTTP/1.1" 200 9997 "http://www.wadokikai.org" "YelpBot (https://www.yelp.com/)"
::ffff:52.35.20.1 - - [02/Aug/2022:21:21:50 +0000] "GET /contact?s=1&ss=9 HTTP/1.1" 200 9997 "http://www.wadokikai.org" "YelpBot (https://www.yelp.com/)"
::ffff:52.35.20.1 - - [02/Aug/2022:21:21:54 +0000] "GET /contact?s=1&ss=0 HTTP/1.1" 200 9997 "http://www.wadokikai.org" "YelpBot (https://www.yelp.com/)"
::ffff:52.35.20.1 - - [02/Aug/2022:21:21:56 +0000] "GET /contact HTTP/1.1" 200 10017 "http://www.wadokikai.org" "YelpBot (https://www.yelp.com/)"
::ffff:52.35.20.1 - - [02/Aug/2022:21:22:01 +0000] "GET /events HTTP/1.1" 200 9770 "http://www.wadokikai.org" "YelpBot (https://www.yelp.com/)"
::ffff:52.35.20.1 - - [02/Aug/2022:21:22:04 +0000] "GET /resources HTTP/1.1" 200 194907 "http://www.wadokikai.org" "YelpBot (https://www.yelp.com/)"
::ffff:52.35.20.1 - - [02/Aug/2022:21:22:08 +0000] "GET /contact?s=1&ss=10 HTTP/1.1" 200 9997 "http://www.wadokikai.org" "YelpBot (https://www.yelp.com/)"
::ffff:52.35.20.1 - - [02/Aug/2022:21:22:10 +0000] "GET /contact?s=1&ss=7 HTTP/1.1" 200 9997 "http://www.wadokikai.org" "YelpBot (https://www.yelp.com/)"
::ffff:40.77.167.66 - - [02/Aug/2022:21:40:20 +0000] "GET /locations.php HTTP/1.1" 404 152 "-" "Mozilla/5.0 (compatible; bingbot/2.0; +http://www.bing.com/bingbot.htm)"
::ffff:143.198.129.219 - - [02/Aug/2022:21:47:46 +0000] "GET /.env HTTP/1.1" 404 143 "-" "Mozilla/5.0 (X11; Linux x86_64) AppleWebKit/537.36 (KHTML, like Gecko) Chrome/81.0.4044.129 Safari/537.36"
::ffff:143.198.129.219 - - [02/Aug/2022:21:47:46 +0000] "POST / HTTP/1.1" 404 140 "-" "Mozilla/5.0 (X11; Linux x86_64) AppleWebKit/537.36 (KHTML, like Gecko) Chrome/81.0.4044.129 Safari/537.36"
::ffff:40.77.167.66 - - [02/Aug/2022:21:53:22 +0000] "GET /locations.php HTTP/1.1" 404 152 "-" "Mozilla/5.0 AppleWebKit/537.36 (KHTML, like Gecko; compatible; bingbot/2.0; +http://www.bing.com/bingbot.htm) Chrome/103.0.5060.134 Safari/537.36"
::ffff:185.7.214.104 - - [02/Aug/2022:21:53:49 +0000] "GET /console/ HTTP/1.1" 404 147 "-" "Mozilla/5.0 (Windows NT 10.0; Win64; x64) AppleWebKit/537.36 (KHTML, like Gecko) Chrome/78.0.3904.108 Safari/537.36"
::ffff:135.125.244.48 - - [02/Aug/2022:21:58:38 +0000] "POST / HTTP/1.1" 404 140 "-" "Mozilla/5.0 (X11; Linux x86_64) AppleWebKit/537.36 (KHTML, like Gecko) Chrome/81.0.4044.129 Safari/537.36"
::ffff:135.125.244.48 - - [02/Aug/2022:21:58:39 +0000] "GET /.env HTTP/1.1" 404 143 "-" "Mozilla/5.0 (X11; Linux x86_64) AppleWebKit/537.36 (KHTML, like Gecko) Chrome/81.0.4044.129 Safari/537.36"
::ffff:40.88.21.235 - - [02/Aug/2022:22:04:05 +0000] "GET / HTTP/1.1" 200 58071 "http://wadokikai.org/" "Mozilla/5.0 (compatible; DuckDuckGo-Favicons-Bot/1.0; +http://duckduckgo.com)"
::ffff:40.88.21.235 - - [02/Aug/2022:22:04:06 +0000] "GET /images/favicon.ico HTTP/1.1" 200 3638 "http://wadokikai.org/images/favicon.ico" "Mozilla/5.0 (compatible; DuckDuckGo-Favicons-Bot/1.0; +http://duckduckgo.com)"
::ffff:114.119.134.35 - - [02/Aug/2022:22:10:51 +0000] "GET /robots.txt HTTP/1.1" 404 149 "-" "Mozilla/5.0 (compatible;PetalBot;+https://webmaster.petalsearch.com/site/petalbot)"
::ffff:207.46.13.46 - - [02/Aug/2022:22:21:40 +0000] "GET / HTTP/1.1" 200 58071 "-" "Mozilla/5.0 (compatible; bingbot/2.0; +http://www.bing.com/bingbot.htm)"
::ffff:98.234.224.71 - - [02/Aug/2022:22:21:56 +0000] "GET /images/tiger.bmp HTTP/1.1" 304 - "http://wadokikai.org/resources" "Mozilla/5.0 (Windows NT 10.0; Win64; x64) AppleWebKit/537.36 (KHTML, like Gecko) Chrome/103.0.0.0 Safari/537.36"
::ffff:185.7.214.104 - - [02/Aug/2022:22:23:43 +0000] "POST /Autodiscover/Autodiscover.xml HTTP/1.1" 404 169 "-" "Mozilla/5.0 (Windows NT 10.0; Win64; x64) AppleWebKit/537.36 (KHTML, like Gecko) Chrome/78.0.3904.108 Safari/537.36"
::ffff:207.46.13.117 - - [02/Aug/2022:22:34:22 +0000] "GET /katas.html HTTP/1.1" 404 149 "-" "Mozilla/5.0 (compatible; bingbot/2.0; +http://www.bing.com/bingbot.htm)"
::ffff:185.254.196.115 - - [02/Aug/2022:22:34:33 +0000] "GET /.env HTTP/1.1" 404 143 "-" "Mozilla/5.0 (X11; Linux x86_64) AppleWebKit/537.36 (KHTML, like Gecko) Chrome/81.0.4044.129 Safari/537.36"
::ffff:185.254.196.115 - - [02/Aug/2022:22:34:34 +0000] "POST / HTTP/1.1" 404 140 "-" "Mozilla/5.0 (X11; Linux x86_64) AppleWebKit/537.36 (KHTML, like Gecko) Chrome/81.0.4044.129 Safari/537.36"
::ffff:207.46.13.117 - - [02/Aug/2022:22:48:33 +0000] "GET /katas.html HTTP/1.1" 404 149 "-" "Mozilla/5.0 (compatible; bingbot/2.0; +http://www.bing.com/bingbot.htm)"
::ffff:207.46.13.117 - - [02/Aug/2022:22:49:13 +0000] "GET / HTTP/1.1" 200 58071 "-" "Mozilla/5.0 (compatible; bingbot/2.0; +http://www.bing.com/bingbot.htm)"
::ffff:137.184.88.136 - - [02/Aug/2022:22:52:27 +0000] "GET /.env HTTP/1.1" 404 143 "-" "Mozilla/5.0 (X11; Linux x86_64) AppleWebKit/537.36 (KHTML, like Gecko) Chrome/81.0.4044.129 Safari/537.36"
::ffff:137.184.88.136 - - [02/Aug/2022:22:52:28 +0000] "POST / HTTP/1.1" 404 140 "-" "Mozilla/5.0 (X11; Linux x86_64) AppleWebKit/537.36 (KHTML, like Gecko) Chrome/81.0.4044.129 Safari/537.36"
::ffff:51.222.253.11 - - [02/Aug/2022:22:58:48 +0000] "GET /resources HTTP/1.1" 200 194907 "-" "Mozilla/5.0 (compatible; AhrefsBot/7.0; +http://ahrefs.com/robot/)"
::ffff:66.249.66.129 - - [02/Aug/2022:23:11:09 +0000] "GET /locations.php HTTP/1.1" 404 152 "-" "Mozilla/5.0 (compatible; Googlebot/2.1; +http://www.google.com/bot.html)"
::ffff:114.119.152.119 - - [02/Aug/2022:23:13:31 +0000] "GET /contact?s=1&ss=9 HTTP/1.1" 200 9997 "http://www.wadokikai.org/schools" "Mozilla/5.0 (Linux; Android 7.0;) AppleWebKit/537.36 (KHTML, like Gecko) Mobile Safari/537.36 (compatible; PetalBot;+https://webmaster.petalsearch.com/site/petalbot)"
::ffff:185.7.214.104 - - [02/Aug/2022:23:17:28 +0000] "GET /_ignition/execute-solution HTTP/1.1" 404 165 "-" "Mozilla/5.0 (Windows NT 10.0; Win64; x64) AppleWebKit/537.36 (KHTML, like Gecko) Chrome/78.0.3904.108 Safari/537.36"
::ffff:40.77.167.98 - - [02/Aug/2022:23:25:10 +0000] "GET /robots.txt HTTP/1.1" 404 149 "-" "Mozilla/5.0 (compatible; bingbot/2.0; +http://www.bing.com/bingbot.htm)"
::ffff:207.46.13.42 - - [02/Aug/2022:23:25:17 +0000] "GET /images/marin5thDan.jpeg HTTP/1.1" 200 105451 "-" "Mozilla/5.0 (compatible; bingbot/2.0; +http://www.bing.com/bingbot.htm)"
::ffff:135.125.244.48 - - [02/Aug/2022:23:25:22 +0000] "POST / HTTP/1.1" 404 140 "-" "Mozilla/5.0 (X11; Linux x86_64) AppleWebKit/537.36 (KHTML, like Gecko) Chrome/81.0.4044.129 Safari/537.36"
::ffff:135.125.244.48 - - [02/Aug/2022:23:25:22 +0000] "GET /.env HTTP/1.1" 404 143 "-" "Mozilla/5.0 (X11; Linux x86_64) AppleWebKit/537.36 (KHTML, like Gecko) Chrome/81.0.4044.129 Safari/537.36"
::ffff:89.248.171.23 - - [02/Aug/2022:23:27:42 +0000] "GET / HTTP/1.1" 200 58071 "-" "Mozilla/5.0 (Windows NT 10.0; Win64; x64) AppleWebKit/537.36 (KHTML, like Gecko) Chrome/89.0.4389.90 Safari/537.36"
::ffff:89.248.171.23 - - [02/Aug/2022:23:27:42 +0000] "GET /css/wadokikai.css HTTP/1.1" 200 4337 "http://34.212.47.6/" "Mozilla/5.0 (Windows NT 10.0; Win64; x64) AppleWebKit/537.36 (KHTML, like Gecko) Chrome/89.0.4389.90 Safari/537.36"
::ffff:89.248.171.23 - - [02/Aug/2022:23:27:42 +0000] "GET /images/wkkpatch22_med.png HTTP/1.1" 200 32301 "http://34.212.47.6/" "Mozilla/5.0 (Windows NT 10.0; Win64; x64) AppleWebKit/537.36 (KHTML, like Gecko) Chrome/89.0.4389.90 Safari/537.36"
::ffff:89.248.171.23 - - [02/Aug/2022:23:27:42 +0000] "GET /images/schools/alamedakaratedomap.jpg HTTP/1.1" 200 38311 "http://34.212.47.6/" "Mozilla/5.0 (Windows NT 10.0; Win64; x64) AppleWebKit/537.36 (KHTML, like Gecko) Chrome/89.0.4389.90 Safari/537.36"
::ffff:89.248.171.23 - - [02/Aug/2022:23:27:42 +0000] "GET /images/schools/orindakaratedomap.jpg HTTP/1.1" 200 34167 "http://34.212.47.6/" "Mozilla/5.0 (Windows NT 10.0; Win64; x64) AppleWebKit/537.36 (KHTML, like Gecko) Chrome/89.0.4389.90 Safari/537.36"
::ffff:89.248.171.23 - - [02/Aug/2022:23:27:42 +0000] "GET /js/common.js HTTP/1.1" 200 2255 "http://34.212.47.6/" "Mozilla/5.0 (Windows NT 10.0; Win64; x64) AppleWebKit/537.36 (KHTML, like Gecko) Chrome/89.0.4389.90 Safari/537.36"
::ffff:89.248.171.23 - - [02/Aug/2022:23:27:42 +0000] "GET /images/schools/dcakaratedomap.jpg HTTP/1.1" 200 35262 "http://34.212.47.6/" "Mozilla/5.0 (Windows NT 10.0; Win64; x64) AppleWebKit/537.36 (KHTML, like Gecko) Chrome/89.0.4389.90 Safari/537.36"
::ffff:89.248.171.23 - - [02/Aug/2022:23:27:42 +0000] "GET /images/promotions/20220728corpuz.jpg HTTP/1.1" 200 108218 "http://34.212.47.6/" "Mozilla/5.0 (Windows NT 10.0; Win64; x64) AppleWebKit/537.36 (KHTML, like Gecko) Chrome/89.0.4389.90 Safari/537.36"
::ffff:89.248.171.23 - - [02/Aug/2022:23:27:42 +0000] "GET /images/schools/harborbaykaratedomap.jpg HTTP/1.1" 200 37245 "http://34.212.47.6/" "Mozilla/5.0 (Windows NT 10.0; Win64; x64) AppleWebKit/537.36 (KHTML, like Gecko) Chrome/89.0.4389.90 Safari/537.36"
::ffff:89.248.171.23 - - [02/Aug/2022:23:27:42 +0000] "GET /images/schools/corpuzkaratedomap.jpg HTTP/1.1" 200 36421 "http://34.212.47.6/" "Mozilla/5.0 (Windows NT 10.0; Win64; x64) AppleWebKit/537.36 (KHTML, like Gecko) Chrome/89.0.4389.90 Safari/537.36"
::ffff:89.248.171.23 - - [02/Aug/2022:23:27:42 +0000] "GET /images/marin5thDan.jpeg HTTP/1.1" 200 105451 "http://34.212.47.6/" "Mozilla/5.0 (Windows NT 10.0; Win64; x64) AppleWebKit/537.36 (KHTML, like Gecko) Chrome/89.0.4389.90 Safari/537.36"
::ffff:89.248.171.23 - - [02/Aug/2022:23:27:42 +0000] "GET /images/schools/nunleykaratedomap.jpg HTTP/1.1" 200 42667 "http://34.212.47.6/" "Mozilla/5.0 (Windows NT 10.0; Win64; x64) AppleWebKit/537.36 (KHTML, like Gecko) Chrome/89.0.4389.90 Safari/537.36"
::ffff:89.248.171.23 - - [02/Aug/2022:23:27:42 +0000] "GET /images/schools/marinkaratedomap.jpg HTTP/1.1" 200 32400 "http://34.212.47.6/" "Mozilla/5.0 (Windows NT 10.0; Win64; x64) AppleWebKit/537.36 (KHTML, like Gecko) Chrome/89.0.4389.90 Safari/537.36"
::ffff:89.248.171.23 - - [02/Aug/2022:23:27:42 +0000] "GET /images/schools/earhartkaratedomap.jpg HTTP/1.1" 200 41366 "http://34.212.47.6/" "Mozilla/5.0 (Windows NT 10.0; Win64; x64) AppleWebKit/537.36 (KHTML, like Gecko) Chrome/89.0.4389.90 Safari/537.36"
::ffff:89.248.171.23 - - [02/Aug/2022:23:27:42 +0000] "GET /images/schools/martinezkaratedomap.jpg HTTP/1.1" 200 37724 "http://34.212.47.6/" "Mozilla/5.0 (Windows NT 10.0; Win64; x64) AppleWebKit/537.36 (KHTML, like Gecko) Chrome/89.0.4389.90 Safari/537.36"
::ffff:89.248.171.23 - - [02/Aug/2022:23:27:42 +0000] "GET /images/schools/manzanitakaratedomap.jpg HTTP/1.1" 200 55402 "http://34.212.47.6/" "Mozilla/5.0 (Windows NT 10.0; Win64; x64) AppleWebKit/537.36 (KHTML, like Gecko) Chrome/89.0.4389.90 Safari/537.36"
::ffff:89.248.171.23 - - [02/Aug/2022:23:27:42 +0000] "GET /images/dragon-trans.png HTTP/1.1" 200 85661 "http://34.212.47.6/" "Mozilla/5.0 (Windows NT 10.0; Win64; x64) AppleWebKit/537.36 (KHTML, like Gecko) Chrome/89.0.4389.90 Safari/537.36"
::ffff:89.248.171.23 - - [02/Aug/2022:23:27:46 +0000] "GET /images/tiger.bmp HTTP/1.1" 200 311274 "http://34.212.47.6/" "Mozilla/5.0 (Windows NT 10.0; Win64; x64) AppleWebKit/537.36 (KHTML, like Gecko) Chrome/89.0.4389.90 Safari/537.36"
::ffff:89.248.171.23 - - [02/Aug/2022:23:27:49 +0000] "GET /images/wadokikai%20kanji.jpg HTTP/1.1" 200 35066 "http://34.212.47.6/" "Mozilla/5.0 (Windows NT 10.0; Win64; x64) AppleWebKit/537.36 (KHTML, like Gecko) Chrome/89.0.4389.90 Safari/537.36"
::ffff:89.248.171.23 - - [02/Aug/2022:23:27:53 +0000] "GET /images/dragon-trans.png HTTP/1.1" 200 85661 "http://34.212.47.6/" "Mozilla/5.0 (Windows NT 10.0; Win64; x64) AppleWebKit/537.36 (KHTML, like Gecko) Chrome/89.0.4389.90 Safari/537.36"
::ffff:94.102.63.27 - - [02/Aug/2022:23:27:55 +0000] "GET /images/favicon.ico HTTP/1.1" 200 3638 "http://34.212.47.6/" "Mozilla/5.0 (Windows NT 10.0; Win64; x64) AppleWebKit/537.36 (KHTML, like Gecko) Chrome/89.0.4389.90 Safari/537.36"
::ffff:172.56.81.225 - - [02/Aug/2022:23:50:56 +0000] "GET /katas.html HTTP/1.1" 404 149 "http://www.wadokikai.org/" "Mozilla/5.0 (iPhone; CPU iPhone OS 15_5 like Mac OS X) AppleWebKit/605.1.15 (KHTML, like Gecko) Version/15.5 Mobile/15E148 Safari/604.1"
::ffff:173.252.107.119 - - [02/Aug/2022:23:54:49 +0000] "GET /images/karatebook.jpg HTTP/1.1" 404 160 "-" "facebookexternalhit/1.1 (+http://www.facebook.com/externalhit_uatext.php)"
