::ffff:40.77.167.13 - - [13/Dec/2022:00:01:28 +0000] "GET / HTTP/1.1" 200 57378 "-" "Mozilla/5.0 AppleWebKit/537.36 (KHTML, like Gecko; compatible; bingbot/2.0; +http://www.bing.com/bingbot.htm) Chrome/103.0.5060.134 Safari/537.36"
::ffff:167.94.138.118 - - [13/Dec/2022:00:14:29 +0000] "GET / HTTP/1.1" 200 57378 "-" "-"
::ffff:167.94.138.118 - - [13/Dec/2022:00:14:29 +0000] "GET / HTTP/1.1" 200 57378 "-" "Mozilla/5.0 (compatible; CensysInspect/1.1; +https://about.censys.io/)"
::ffff:167.94.138.118 - - [13/Dec/2022:00:14:30 +0000] "PRI * HTTP/2.0" - - "-" "-"
::ffff:167.94.138.118 - - [13/Dec/2022:00:14:30 +0000] "GET /images/favicon.ico HTTP/1.1" 200 3638 "-" "Mozilla/5.0 (compatible; CensysInspect/1.1; +https://about.censys.io/)"
::ffff:167.94.138.118 - - [13/Dec/2022:00:14:30 +0000] "GET /favicon.ico HTTP/1.1" 404 150 "-" "Mozilla/5.0 (compatible; CensysInspect/1.1; +https://about.censys.io/)"
::ffff:66.249.64.100 - - [13/Dec/2022:00:21:29 +0000] "GET / HTTP/1.1" 200 57378 "-" "Mozilla/5.0 (Linux; Android 6.0.1; Nexus 5X Build/MMB29P) AppleWebKit/537.36 (KHTML, like Gecko) Chrome/107.0.5304.115 Mobile Safari/537.36 (compatible; Googlebot/2.1; +http://www.google.com/bot.html)"
::ffff:185.191.171.5 - - [13/Dec/2022:00:27:54 +0000] "GET /robots.txt HTTP/1.1" 404 149 "-" "Mozilla/5.0 (compatible; SemrushBot/7~bl; +http://www.semrush.com/bot.html)"
::ffff:185.191.171.39 - - [13/Dec/2022:00:27:55 +0000] "GET /contact HTTP/1.1" 200 10017 "-" "Mozilla/5.0 (compatible; SemrushBot/7~bl; +http://www.semrush.com/bot.html)"
::ffff:114.119.146.61 - - [13/Dec/2022:00:33:40 +0000] "GET /robots.txt HTTP/1.1" 404 149 "-" "Mozilla/5.0 (compatible;PetalBot;+https://webmaster.petalsearch.com/site/petalbot)"
::ffff:66.249.64.74 - - [13/Dec/2022:00:48:33 +0000] "GET /robots.txt HTTP/1.1" 404 149 "-" "Mozilla/5.0 (compatible; Googlebot/2.1; +http://www.google.com/bot.html)"
::ffff:66.249.64.76 - - [13/Dec/2022:00:48:34 +0000] "GET /contact?s=1&ss=1 HTTP/1.1" 200 9997 "-" "Mozilla/5.0 (Linux; Android 6.0.1; Nexus 5X Build/MMB29P) AppleWebKit/537.36 (KHTML, like Gecko) Chrome/107.0.5304.115 Mobile Safari/537.36 (compatible; Googlebot/2.1; +http://www.google.com/bot.html)"
::ffff:95.108.213.51 - - [13/Dec/2022:00:53:24 +0000] "GET /robots.txt HTTP/1.1" 404 149 "-" "Mozilla/5.0 (compatible; YandexBot/3.0; +http://yandex.com/bots)"
::ffff:95.108.213.35 - - [13/Dec/2022:00:53:25 +0000] "GET /robots.txt HTTP/1.1" 404 149 "-" "Mozilla/5.0 (compatible; YandexBot/3.0; +http://yandex.com/bots)"
::ffff:95.108.213.35 - - [13/Dec/2022:00:53:25 +0000] "GET /robots.txt HTTP/1.1" 404 149 "-" "Mozilla/5.0 (compatible; YandexBot/3.0; +http://yandex.com/bots)"
::ffff:95.108.213.35 - - [13/Dec/2022:00:53:25 +0000] "GET /robots.txt HTTP/1.1" 404 149 "-" "Mozilla/5.0 (compatible; YandexBot/3.0; +http://yandex.com/bots)"
::ffff:95.108.213.35 - - [13/Dec/2022:00:53:28 +0000] "GET / HTTP/1.1" 200 57378 "-" "Mozilla/5.0 (compatible; YandexBot/3.0; +http://yandex.com/bots)"
::ffff:95.108.213.51 - - [13/Dec/2022:00:53:28 +0000] "GET / HTTP/1.1" 200 57378 "-" "Mozilla/5.0 (compatible; YandexBot/3.0; +http://yandex.com/bots)"
::ffff:95.108.213.35 - - [13/Dec/2022:00:53:28 +0000] "GET / HTTP/1.1" 200 57378 "-" "Mozilla/5.0 (compatible; YandexBot/3.0; +http://yandex.com/bots)"
::ffff:95.108.213.51 - - [13/Dec/2022:00:53:29 +0000] "GET / HTTP/1.1" 200 57378 "-" "Mozilla/5.0 (compatible; YandexBot/3.0; +http://yandex.com/bots)"
::ffff:185.180.143.77 - - [13/Dec/2022:00:56:19 +0000] "GET / HTTP/1.1" 200 57378 "-" "Mozilla/5.0 (Windows NT 10.0; WOW64) AppleWebKit/537.36 (KHTML, like Gecko) Chrome/66.0.3359.117 Safari/537.36"
::ffff:192.241.212.19 - - [13/Dec/2022:00:59:55 +0000] "GET /actuator/health HTTP/1.1" 404 154 "-" "Mozilla/5.0 zgrab/0.x"
::ffff:174.138.30.90 - - [13/Dec/2022:00:59:57 +0000] "GET / HTTP/1.1" 200 57378 "-" "Mozilla/5.0 (Windows NT 10.0; Win64; x64) AppleWebKit/537.36 (KHTML, like Gecko) Chrome/108.0.0.0 Safari/537.36"
::ffff:114.119.134.207 - - [13/Dec/2022:01:00:51 +0000] "GET /events HTTP/1.1" 200 5867 "https://wadokikai.org/contact?s=1&ss=4" "Mozilla/5.0 (Linux; Android 7.0;) AppleWebKit/537.36 (KHTML, like Gecko) Mobile Safari/537.36 (compatible; PetalBot;+https://webmaster.petalsearch.com/site/petalbot)"
::ffff:73.93.253.46 - - [13/Dec/2022:01:01:33 +0000] "GET /images/tiger.bmp HTTP/1.1" 304 - "https://wadokikai.org/resources" "Mozilla/5.0 (Macintosh; Intel Mac OS X 10_15_7) AppleWebKit/605.1.15 (KHTML, like Gecko) Version/15.6.1 Safari/605.1.15"
::ffff:135.125.246.189 - - [13/Dec/2022:01:02:26 +0000] "GET /.env HTTP/1.1" 404 143 "-" "Mozilla/5.0 (X11; Linux x86_64) AppleWebKit/537.36 (KHTML, like Gecko) Chrome/81.0.4044.129 Safari/537.36"
::ffff:135.125.246.189 - - [13/Dec/2022:01:02:26 +0000] "POST / HTTP/1.1" 404 140 "-" "Mozilla/5.0 (X11; Linux x86_64) AppleWebKit/537.36 (KHTML, like Gecko) Chrome/81.0.4044.129 Safari/537.36"
::ffff:109.237.98.226 - - [13/Dec/2022:01:11:25 +0000] "GET /.env HTTP/1.1" 404 143 "-" "Mozilla/5.0 (X11; Linux x86_64) AppleWebKit/537.36 (KHTML, like Gecko) Chrome/81.0.4044.129 Safari/537.36"
::ffff:193.118.53.210 - - [13/Dec/2022:01:14:39 +0000] "GET /Telerik.Web.UI.WebResource.axd?type=rau HTTP/1.1" 404 169 "-" "Mozilla/5.0 (Windows NT 10.0; Win64; x64) AppleWebKit/537.36 (KHTML, like Gecko) Chrome/60.0.3112.113 Safari/537.36"
::ffff:73.93.253.46 - - [13/Dec/2022:01:26:12 +0000] "GET /images/tiger.bmp HTTP/1.1" 304 - "https://wadokikai.org/resources" "Mozilla/5.0 (Macintosh; Intel Mac OS X 10_15_7) AppleWebKit/605.1.15 (KHTML, like Gecko) Version/15.6.1 Safari/605.1.15"
::ffff:92.118.39.29 - - [13/Dec/2022:01:32:59 +0000] "GET / HTTP/1.1" 200 57378 "-" "-"
::ffff:192.145.118.24 - - [13/Dec/2022:01:34:13 +0000] "GET / HTTP/1.1" 200 57378 "-" "Mozilla/5.0 (Windows NT 10.0; Win64; x64) AppleWebKit/537.36 (KHTML, like Gecko) Chrome/86.0.4240.111 Safari/537.36"
::ffff:192.145.118.24 - - [13/Dec/2022:01:34:16 +0000] "GET /contact HTTP/1.1" 200 10017 "-" "Mozilla/5.0 (Windows NT 10.0; Win64; x64) AppleWebKit/537.36 (KHTML, like Gecko) Chrome/86.0.4240.111 Safari/537.36"
::ffff:192.145.118.24 - - [13/Dec/2022:01:34:18 +0000] "GET /schools HTTP/1.1" 200 97308 "-" "Mozilla/5.0 (Windows NT 10.0; Win64; x64) AppleWebKit/537.36 (KHTML, like Gecko) Chrome/86.0.4240.111 Safari/537.36"
::ffff:192.145.118.24 - - [13/Dec/2022:01:34:19 +0000] "GET /resources HTTP/1.1" 200 194907 "-" "Mozilla/5.0 (Windows NT 10.0; Win64; x64) AppleWebKit/537.36 (KHTML, like Gecko) Chrome/86.0.4240.111 Safari/537.36"
::ffff:192.145.118.24 - - [13/Dec/2022:01:34:20 +0000] "GET /events HTTP/1.1" 200 5867 "-" "Mozilla/5.0 (Windows NT 10.0; Win64; x64) AppleWebKit/537.36 (KHTML, like Gecko) Chrome/86.0.4240.111 Safari/537.36"
::ffff:192.145.118.24 - - [13/Dec/2022:01:34:21 +0000] "GET / HTTP/1.1" 200 57378 "-" "Mozilla/5.0 (Windows NT 10.0; Win64; x64) AppleWebKit/537.36 (KHTML, like Gecko) Chrome/86.0.4240.111 Safari/537.36"
::ffff:95.214.235.205 - - [13/Dec/2022:01:39:07 +0000] "GET /.env HTTP/1.1" 404 143 "-" "Mozilla/5.0 (X11; Linux x86_64) AppleWebKit/537.36 (KHTML, like Gecko) Chrome/81.0.4044.129 Safari/537.36"
::ffff:95.214.235.205 - - [13/Dec/2022:01:39:08 +0000] "POST / HTTP/1.1" 404 140 "-" "Mozilla/5.0 (X11; Linux x86_64) AppleWebKit/537.36 (KHTML, like Gecko) Chrome/81.0.4044.129 Safari/537.36"
::ffff:73.93.253.46 - - [13/Dec/2022:01:50:52 +0000] "GET /images/tiger.bmp HTTP/1.1" 304 - "https://wadokikai.org/resources" "Mozilla/5.0 (Macintosh; Intel Mac OS X 10_15_7) AppleWebKit/605.1.15 (KHTML, like Gecko) Version/15.6.1 Safari/605.1.15"
::ffff:66.249.64.72 - - [13/Dec/2022:01:51:29 +0000] "GET / HTTP/1.1" 200 57378 "-" "Mozilla/5.0 (Linux; Android 6.0.1; Nexus 5X Build/MMB29P) AppleWebKit/537.36 (KHTML, like Gecko) Chrome/107.0.5304.115 Mobile Safari/537.36 (compatible; Googlebot/2.1; +http://www.google.com/bot.html)"
::ffff:54.36.148.255 - - [13/Dec/2022:01:54:57 +0000] "GET /robots.txt HTTP/1.1" 404 149 "-" "Mozilla/5.0 (compatible; AhrefsBot/7.0; +http://ahrefs.com/robot/)"
::ffff:51.222.253.3 - - [13/Dec/2022:01:55:05 +0000] "GET / HTTP/1.1" 200 57378 "-" "Mozilla/5.0 (compatible; AhrefsBot/7.0; +http://ahrefs.com/robot/)"
::ffff:51.222.253.18 - - [13/Dec/2022:01:55:14 +0000] "GET /images/schools/martinezkaratedomap.jpg HTTP/1.1" 200 37724 "-" "Mozilla/5.0 (compatible; AhrefsBot/7.0; +http://ahrefs.com/robot/)"
::ffff:51.222.253.3 - - [13/Dec/2022:01:55:20 +0000] "GET /images/schools/corpuzkaratedomap.jpg HTTP/1.1" 200 36421 "-" "Mozilla/5.0 (compatible; AhrefsBot/7.0; +http://ahrefs.com/robot/)"
::ffff:51.222.253.8 - - [13/Dec/2022:01:55:26 +0000] "GET /images/schools/nunleykaratedomap.jpg HTTP/1.1" 200 42667 "-" "Mozilla/5.0 (compatible; AhrefsBot/7.0; +http://ahrefs.com/robot/)"
::ffff:51.222.253.4 - - [13/Dec/2022:01:55:32 +0000] "GET /images/schools/harborbaykaratedomap.jpg HTTP/1.1" 200 37245 "-" "Mozilla/5.0 (compatible; AhrefsBot/7.0; +http://ahrefs.com/robot/)"
::ffff:51.222.253.16 - - [13/Dec/2022:01:55:38 +0000] "GET /css/wadokikai.css HTTP/1.1" 200 4337 "-" "Mozilla/5.0 (compatible; AhrefsBot/7.0; +http://ahrefs.com/robot/)"
::ffff:51.222.253.4 - - [13/Dec/2022:01:55:43 +0000] "GET /images/schools/alamedakaratedomap.jpg HTTP/1.1" 200 38311 "-" "Mozilla/5.0 (compatible; AhrefsBot/7.0; +http://ahrefs.com/robot/)"
::ffff:51.222.253.19 - - [13/Dec/2022:01:55:49 +0000] "GET /images/schools/dcakaratedomap.jpg HTTP/1.1" 200 35262 "-" "Mozilla/5.0 (compatible; AhrefsBot/7.0; +http://ahrefs.com/robot/)"
::ffff:51.222.253.17 - - [13/Dec/2022:01:55:55 +0000] "GET / HTTP/1.1" 200 57378 "-" "Mozilla/5.0 (compatible; AhrefsBot/7.0; +http://ahrefs.com/robot/)"
::ffff:51.222.253.6 - - [13/Dec/2022:01:56:01 +0000] "GET /images/schools/orindakaratedomap.jpg HTTP/1.1" 200 34167 "-" "Mozilla/5.0 (compatible; AhrefsBot/7.0; +http://ahrefs.com/robot/)"
::ffff:51.222.253.15 - - [13/Dec/2022:01:56:06 +0000] "GET /images/wkkpatch22_med.png HTTP/1.1" 200 32301 "-" "Mozilla/5.0 (compatible; AhrefsBot/7.0; +http://ahrefs.com/robot/)"
::ffff:51.222.253.3 - - [13/Dec/2022:01:56:12 +0000] "GET /images/schools/manzanitakaratedomap.jpg HTTP/1.1" 200 55402 "-" "Mozilla/5.0 (compatible; AhrefsBot/7.0; +http://ahrefs.com/robot/)"
::ffff:51.222.253.13 - - [13/Dec/2022:01:56:19 +0000] "GET /images/schools/earhartkaratedomap.jpg HTTP/1.1" 200 41366 "-" "Mozilla/5.0 (compatible; AhrefsBot/7.0; +http://ahrefs.com/robot/)"
::ffff:51.222.253.4 - - [13/Dec/2022:01:56:25 +0000] "GET /js/common.js HTTP/1.1" 200 2255 "-" "Mozilla/5.0 (compatible; AhrefsBot/7.0; +http://ahrefs.com/robot/)"
::ffff:34.78.6.216 - - [13/Dec/2022:01:57:45 +0000] "GET / HTTP/1.1" 200 57378 "-" "python-requests/2.28.1"
::ffff:167.94.145.58 - - [13/Dec/2022:02:41:23 +0000] "GET / HTTP/1.1" 200 57378 "-" "-"
::ffff:114.119.148.33 - - [13/Dec/2022:02:41:24 +0000] "GET /resources HTTP/1.1" 200 194907 "https://wadokikai.org/contact?s=1&ss=4" "Mozilla/5.0 (Linux; Android 7.0;) AppleWebKit/537.36 (KHTML, like Gecko) Mobile Safari/537.36 (compatible; PetalBot;+https://webmaster.petalsearch.com/site/petalbot)"
::ffff:167.94.145.58 - - [13/Dec/2022:02:41:24 +0000] "GET / HTTP/1.1" 200 57378 "-" "Mozilla/5.0 (compatible; CensysInspect/1.1; +https://about.censys.io/)"
::ffff:167.94.145.58 - - [13/Dec/2022:02:41:25 +0000] "PRI * HTTP/2.0" - - "-" "-"
::ffff:167.94.145.58 - - [13/Dec/2022:02:41:25 +0000] "GET /images/favicon.ico HTTP/1.1" 200 3638 "-" "Mozilla/5.0 (compatible; CensysInspect/1.1; +https://about.censys.io/)"
::ffff:167.94.145.58 - - [13/Dec/2022:02:41:26 +0000] "GET /favicon.ico HTTP/1.1" 404 150 "-" "Mozilla/5.0 (compatible; CensysInspect/1.1; +https://about.censys.io/)"
::ffff:66.249.64.72 - - [13/Dec/2022:02:49:33 +0000] "GET /contact2.html HTTP/1.1" 404 152 "-" "Mozilla/5.0 (compatible; Googlebot/2.1; +http://www.google.com/bot.html)"
::ffff:185.191.171.19 - - [13/Dec/2022:02:59:05 +0000] "GET /robots.txt HTTP/1.1" 404 149 "-" "Mozilla/5.0 (compatible; SemrushBot/7~bl; +http://www.semrush.com/bot.html)"
::ffff:185.191.171.43 - - [13/Dec/2022:02:59:05 +0000] "GET /joinemail?type=promotions HTTP/1.1" 200 8841 "-" "Mozilla/5.0 (compatible; SemrushBot/7~bl; +http://www.semrush.com/bot.html)"
::ffff:51.222.253.20 - - [13/Dec/2022:03:07:37 +0000] "GET /robots.txt HTTP/1.1" 404 149 "-" "Mozilla/5.0 (compatible; AhrefsBot/7.0; +http://ahrefs.com/robot/)"
::ffff:51.222.253.5 - - [13/Dec/2022:03:07:39 +0000] "GET / HTTP/1.1" 200 57378 "-" "Mozilla/5.0 (compatible; AhrefsBot/7.0; +http://ahrefs.com/robot/)"
::ffff:101.32.209.199 - - [13/Dec/2022:03:10:04 +0000] "HEAD /Core/Skin/Login.aspx HTTP/1.1" 404 160 "-" "Mozilla/5.0 (Windows NT 10.0; Win64; x64) AppleWebKit/537.36 (KHTML, like Gecko) Chrome/106.0.0.0 Safari/537.36"
::ffff:114.119.141.249 - - [13/Dec/2022:03:12:45 +0000] "GET /robots.txt HTTP/1.1" 404 149 "-" "Mozilla/5.0 (compatible;PetalBot;+https://webmaster.petalsearch.com/site/petalbot)"
::ffff:198.235.24.168 - - [13/Dec/2022:03:13:24 +0000] "GET / HTTP/1.1" 200 57378 "-" "Expanse, a Palo Alto Networks company, searches across the global IPv4 space multiple times per day to identify customers&#39; presences on the Internet. If you would like to be excluded from our scans, please send IP addresses/domains to: scaninfo@paloaltonetworks.com"
::ffff:157.55.39.153 - - [13/Dec/2022:03:19:56 +0000] "GET / HTTP/1.1" 200 57378 "-" "Mozilla/5.0 AppleWebKit/537.36 (KHTML, like Gecko; compatible; bingbot/2.0; +http://www.bing.com/bingbot.htm) Chrome/103.0.5060.134 Safari/537.36"
::ffff:135.125.246.189 - - [13/Dec/2022:03:25:58 +0000] "GET /.env HTTP/1.1" 404 143 "-" "Mozilla/5.0 (X11; Linux x86_64) AppleWebKit/537.36 (KHTML, like Gecko) Chrome/81.0.4044.129 Safari/537.36"
::ffff:135.125.246.189 - - [13/Dec/2022:03:25:58 +0000] "POST / HTTP/1.1" 404 140 "-" "Mozilla/5.0 (X11; Linux x86_64) AppleWebKit/537.36 (KHTML, like Gecko) Chrome/81.0.4044.129 Safari/537.36"
::ffff:34.249.134.161 - - [13/Dec/2022:03:26:03 +0000] "GET / HTTP/1.1" 200 57378 "-" "Mozilla/5.0 (X11; Linux x86_64) AppleWebKit/602.1 (KHTML, like Gecko) splash Version/10.0 Safari/602.1"
::ffff:34.249.134.161 - - [13/Dec/2022:03:26:03 +0000] "GET /css/wadokikai.css HTTP/1.1" 200 4337 "http://34.212.47.6/" "Mozilla/5.0 (X11; Linux x86_64) AppleWebKit/602.1 (KHTML, like Gecko) splash Version/10.0 Safari/602.1"
::ffff:54.194.118.172 - - [13/Dec/2022:03:26:03 +0000] "GET / HTTP/1.1" 200 57378 "-" "Mozilla/5.0 (X11; Linux x86_64) AppleWebKit/602.1 (KHTML, like Gecko) splash Version/10.0 Safari/602.1"
::ffff:34.249.134.161 - - [13/Dec/2022:03:26:03 +0000] "GET /images/wkkpatch22_med.png HTTP/1.1" 200 32301 "http://34.212.47.6/" "Mozilla/5.0 (X11; Linux x86_64) AppleWebKit/602.1 (KHTML, like Gecko) splash Version/10.0 Safari/602.1"
::ffff:34.249.134.161 - - [13/Dec/2022:03:26:03 +0000] "GET /images/schools/dcakaratedomap.jpg HTTP/1.1" 200 35262 "http://34.212.47.6/" "Mozilla/5.0 (X11; Linux x86_64) AppleWebKit/602.1 (KHTML, like Gecko) splash Version/10.0 Safari/602.1"
::ffff:34.249.134.161 - - [13/Dec/2022:03:26:03 +0000] "GET /images/schools/alamedakaratedomap.jpg HTTP/1.1" 200 38311 "http://34.212.47.6/" "Mozilla/5.0 (X11; Linux x86_64) AppleWebKit/602.1 (KHTML, like Gecko) splash Version/10.0 Safari/602.1"
::ffff:34.249.134.161 - - [13/Dec/2022:03:26:03 +0000] "GET /images/schools/orindakaratedomap.jpg HTTP/1.1" 200 34167 "http://34.212.47.6/" "Mozilla/5.0 (X11; Linux x86_64) AppleWebKit/602.1 (KHTML, like Gecko) splash Version/10.0 Safari/602.1"
::ffff:34.249.134.161 - - [13/Dec/2022:03:26:03 +0000] "GET /images/schools/harborbaykaratedomap.jpg HTTP/1.1" 200 37245 "http://34.212.47.6/" "Mozilla/5.0 (X11; Linux x86_64) AppleWebKit/602.1 (KHTML, like Gecko) splash Version/10.0 Safari/602.1"
::ffff:34.249.134.161 - - [13/Dec/2022:03:26:03 +0000] "GET /images/schools/corpuzkaratedomap.jpg HTTP/1.1" 200 36421 "http://34.212.47.6/" "Mozilla/5.0 (X11; Linux x86_64) AppleWebKit/602.1 (KHTML, like Gecko) splash Version/10.0 Safari/602.1"
::ffff:34.249.134.161 - - [13/Dec/2022:03:26:03 +0000] "GET /images/schools/nunleykaratedomap.jpg HTTP/1.1" 200 42667 "http://34.212.47.6/" "Mozilla/5.0 (X11; Linux x86_64) AppleWebKit/602.1 (KHTML, like Gecko) splash Version/10.0 Safari/602.1"
::ffff:34.249.134.161 - - [13/Dec/2022:03:26:03 +0000] "GET /images/schools/marinkaratedomap.jpg HTTP/1.1" 200 32400 "http://34.212.47.6/" "Mozilla/5.0 (X11; Linux x86_64) AppleWebKit/602.1 (KHTML, like Gecko) splash Version/10.0 Safari/602.1"
::ffff:54.194.118.172 - - [13/Dec/2022:03:26:03 +0000] "GET /css/wadokikai.css HTTP/1.1" 200 4337 "https://34.212.47.6/" "Mozilla/5.0 (X11; Linux x86_64) AppleWebKit/602.1 (KHTML, like Gecko) splash Version/10.0 Safari/602.1"
::ffff:34.249.134.161 - - [13/Dec/2022:03:26:03 +0000] "GET /images/schools/earhartkaratedomap.jpg HTTP/1.1" 200 41366 "http://34.212.47.6/" "Mozilla/5.0 (X11; Linux x86_64) AppleWebKit/602.1 (KHTML, like Gecko) splash Version/10.0 Safari/602.1"
::ffff:34.249.134.161 - - [13/Dec/2022:03:26:03 +0000] "GET /images/schools/martinezkaratedomap.jpg HTTP/1.1" 200 37724 "http://34.212.47.6/" "Mozilla/5.0 (X11; Linux x86_64) AppleWebKit/602.1 (KHTML, like Gecko) splash Version/10.0 Safari/602.1"
::ffff:34.249.134.161 - - [13/Dec/2022:03:26:03 +0000] "GET /images/schools/manzanitakaratedomap.jpg HTTP/1.1" 200 55402 "http://34.212.47.6/" "Mozilla/5.0 (X11; Linux x86_64) AppleWebKit/602.1 (KHTML, like Gecko) splash Version/10.0 Safari/602.1"
::ffff:34.249.134.161 - - [13/Dec/2022:03:26:03 +0000] "GET /js/common.js HTTP/1.1" 200 2255 "http://34.212.47.6/" "Mozilla/5.0 (X11; Linux x86_64) AppleWebKit/602.1 (KHTML, like Gecko) splash Version/10.0 Safari/602.1"
::ffff:54.194.118.172 - - [13/Dec/2022:03:26:04 +0000] "GET /images/wkkpatch22_med.png HTTP/1.1" 200 32301 "https://34.212.47.6/" "Mozilla/5.0 (X11; Linux x86_64) AppleWebKit/602.1 (KHTML, like Gecko) splash Version/10.0 Safari/602.1"
::ffff:34.249.134.161 - - [13/Dec/2022:03:26:04 +0000] "GET /images/dragon-trans.png HTTP/1.1" 200 85661 "http://34.212.47.6/" "Mozilla/5.0 (X11; Linux x86_64) AppleWebKit/602.1 (KHTML, like Gecko) splash Version/10.0 Safari/602.1"
::ffff:54.194.118.172 - - [13/Dec/2022:03:26:04 +0000] "GET /images/schools/orindakaratedomap.jpg HTTP/1.1" 200 34167 "https://34.212.47.6/" "Mozilla/5.0 (X11; Linux x86_64) AppleWebKit/602.1 (KHTML, like Gecko) splash Version/10.0 Safari/602.1"
::ffff:54.194.118.172 - - [13/Dec/2022:03:26:04 +0000] "GET /images/schools/dcakaratedomap.jpg HTTP/1.1" 200 35262 "https://34.212.47.6/" "Mozilla/5.0 (X11; Linux x86_64) AppleWebKit/602.1 (KHTML, like Gecko) splash Version/10.0 Safari/602.1"
::ffff:54.194.118.172 - - [13/Dec/2022:03:26:04 +0000] "GET /images/schools/harborbaykaratedomap.jpg HTTP/1.1" 200 37245 "https://34.212.47.6/" "Mozilla/5.0 (X11; Linux x86_64) AppleWebKit/602.1 (KHTML, like Gecko) splash Version/10.0 Safari/602.1"
::ffff:54.194.118.172 - - [13/Dec/2022:03:26:04 +0000] "GET /images/schools/alamedakaratedomap.jpg HTTP/1.1" 200 38311 "https://34.212.47.6/" "Mozilla/5.0 (X11; Linux x86_64) AppleWebKit/602.1 (KHTML, like Gecko) splash Version/10.0 Safari/602.1"
::ffff:54.194.118.172 - - [13/Dec/2022:03:26:04 +0000] "GET /images/schools/corpuzkaratedomap.jpg HTTP/1.1" 200 36421 "https://34.212.47.6/" "Mozilla/5.0 (X11; Linux x86_64) AppleWebKit/602.1 (KHTML, like Gecko) splash Version/10.0 Safari/602.1"
::ffff:54.194.118.172 - - [13/Dec/2022:03:26:04 +0000] "GET /images/schools/nunleykaratedomap.jpg HTTP/1.1" 200 42667 "https://34.212.47.6/" "Mozilla/5.0 (X11; Linux x86_64) AppleWebKit/602.1 (KHTML, like Gecko) splash Version/10.0 Safari/602.1"
::ffff:54.194.118.172 - - [13/Dec/2022:03:26:04 +0000] "GET /images/schools/marinkaratedomap.jpg HTTP/1.1" 200 32400 "https://34.212.47.6/" "Mozilla/5.0 (X11; Linux x86_64) AppleWebKit/602.1 (KHTML, like Gecko) splash Version/10.0 Safari/602.1"
::ffff:54.194.118.172 - - [13/Dec/2022:03:26:04 +0000] "GET /js/common.js HTTP/1.1" 200 2255 "https://34.212.47.6/" "Mozilla/5.0 (X11; Linux x86_64) AppleWebKit/602.1 (KHTML, like Gecko) splash Version/10.0 Safari/602.1"
::ffff:54.194.118.172 - - [13/Dec/2022:03:26:04 +0000] "GET /images/schools/earhartkaratedomap.jpg HTTP/1.1" 200 41366 "https://34.212.47.6/" "Mozilla/5.0 (X11; Linux x86_64) AppleWebKit/602.1 (KHTML, like Gecko) splash Version/10.0 Safari/602.1"
::ffff:54.194.118.172 - - [13/Dec/2022:03:26:04 +0000] "GET /images/schools/martinezkaratedomap.jpg HTTP/1.1" 200 37724 "https://34.212.47.6/" "Mozilla/5.0 (X11; Linux x86_64) AppleWebKit/602.1 (KHTML, like Gecko) splash Version/10.0 Safari/602.1"
::ffff:54.194.118.172 - - [13/Dec/2022:03:26:04 +0000] "GET /images/schools/manzanitakaratedomap.jpg HTTP/1.1" 200 55402 "https://34.212.47.6/" "Mozilla/5.0 (X11; Linux x86_64) AppleWebKit/602.1 (KHTML, like Gecko) splash Version/10.0 Safari/602.1"
::ffff:54.194.118.172 - - [13/Dec/2022:03:26:04 +0000] "GET /images/dragon-trans.png HTTP/1.1" 200 85661 "https://34.212.47.6/" "Mozilla/5.0 (X11; Linux x86_64) AppleWebKit/602.1 (KHTML, like Gecko) splash Version/10.0 Safari/602.1"
::ffff:34.249.134.161 - - [13/Dec/2022:03:26:07 +0000] "GET /images/tiger.bmp HTTP/1.1" 200 311274 "http://34.212.47.6/" "Mozilla/5.0 (X11; Linux x86_64) AppleWebKit/602.1 (KHTML, like Gecko) splash Version/10.0 Safari/602.1"
::ffff:54.194.118.172 - - [13/Dec/2022:03:26:08 +0000] "GET /images/tiger.bmp HTTP/1.1" 200 311274 "https://34.212.47.6/" "Mozilla/5.0 (X11; Linux x86_64) AppleWebKit/602.1 (KHTML, like Gecko) splash Version/10.0 Safari/602.1"
::ffff:34.249.134.161 - - [13/Dec/2022:03:26:11 +0000] "GET /images/wadokikai%20kanji.jpg HTTP/1.1" 200 35066 "http://34.212.47.6/" "Mozilla/5.0 (X11; Linux x86_64) AppleWebKit/602.1 (KHTML, like Gecko) splash Version/10.0 Safari/602.1"
::ffff:54.194.118.172 - - [13/Dec/2022:03:26:11 +0000] "GET /images/wadokikai%20kanji.jpg HTTP/1.1" 200 35066 "https://34.212.47.6/" "Mozilla/5.0 (X11; Linux x86_64) AppleWebKit/602.1 (KHTML, like Gecko) splash Version/10.0 Safari/602.1"
::ffff:34.249.134.161 - - [13/Dec/2022:03:26:14 +0000] "GET /images/dragon-trans.png HTTP/1.1" 200 85661 "http://34.212.47.6/" "Mozilla/5.0 (X11; Linux x86_64) AppleWebKit/602.1 (KHTML, like Gecko) splash Version/10.0 Safari/602.1"
::ffff:54.194.118.172 - - [13/Dec/2022:03:26:15 +0000] "GET /images/dragon-trans.png HTTP/1.1" 200 85661 "https://34.212.47.6/" "Mozilla/5.0 (X11; Linux x86_64) AppleWebKit/602.1 (KHTML, like Gecko) splash Version/10.0 Safari/602.1"
::ffff:34.249.134.161 - - [13/Dec/2022:03:26:18 +0000] "GET /images/tiger.bmp HTTP/1.1" 200 311274 "http://34.212.47.6/" "Mozilla/5.0 (X11; Linux x86_64) AppleWebKit/602.1 (KHTML, like Gecko) splash Version/10.0 Safari/602.1"
::ffff:54.194.118.172 - - [13/Dec/2022:03:26:18 +0000] "GET /images/tiger.bmp HTTP/1.1" 200 311274 "https://34.212.47.6/" "Mozilla/5.0 (X11; Linux x86_64) AppleWebKit/602.1 (KHTML, like Gecko) splash Version/10.0 Safari/602.1"
::ffff:73.93.253.46 - - [13/Dec/2022:03:26:38 +0000] "GET /images/dragon-trans.png HTTP/1.1" 304 - "https://wadokikai.org/resources" "Mozilla/5.0 (Macintosh; Intel Mac OS X 10_15_7) AppleWebKit/605.1.15 (KHTML, like Gecko) Version/15.6.1 Safari/605.1.15"
::ffff:51.222.253.1 - - [13/Dec/2022:03:40:56 +0000] "GET /contact?s=1&ss=7 HTTP/1.1" 200 9997 "-" "Mozilla/5.0 (compatible; AhrefsBot/7.0; +http://ahrefs.com/robot/)"
::ffff:51.222.253.1 - - [13/Dec/2022:03:41:07 +0000] "GET /images/wkkpatch22_med.png HTTP/1.1" 200 32301 "-" "Mozilla/5.0 (compatible; AhrefsBot/7.0; +http://ahrefs.com/robot/)"
::ffff:51.222.253.14 - - [13/Dec/2022:03:41:07 +0000] "GET /js/common.js HTTP/1.1" 200 2255 "-" "Mozilla/5.0 (compatible; AhrefsBot/7.0; +http://ahrefs.com/robot/)"
::ffff:128.14.141.34 - - [13/Dec/2022:03:44:50 +0000] "GET /remote/login HTTP/1.1" 404 151 "-" "Mozilla/5.0 (Windows NT 10.0; Win64; x64) AppleWebKit/537.36 (KHTML, like Gecko) Chrome/60.0.3112.113 Safari/537.36"
::ffff:223.247.178.167 - - [13/Dec/2022:03:45:43 +0000] "GET / HTTP/1.1" 200 57378 "-" "Mozilla/5.0 (iPhone; CPU iPhone OS 13_2_3 like Mac OS X) AppleWebKit/605.1.15 (KHTML, like Gecko) Version/13.0.3 Mobile/15E148 Safari/604.1"
::ffff:73.93.253.46 - - [13/Dec/2022:03:51:18 +0000] "GET /images/dragon-trans.png HTTP/1.1" 304 - "https://wadokikai.org/resources" "Mozilla/5.0 (Macintosh; Intel Mac OS X 10_15_7) AppleWebKit/605.1.15 (KHTML, like Gecko) Version/15.6.1 Safari/605.1.15"
::ffff:84.21.172.205 - - [13/Dec/2022:03:51:27 +0000] "POST /boaform/admin/formLogin HTTP/1.1" 404 163 "http://34.212.47.6:80/admin/login.asp" "Mozilla/5.0 (X11; Ubuntu; Linux x86_64; rv:71.0) Gecko/20100101 Firefox/71.0"
::ffff:66.249.64.125 - - [13/Dec/2022:03:51:29 +0000] "GET /contact?s=1&ss=0 HTTP/1.1" 200 9997 "-" "Mozilla/5.0 (Linux; Android 6.0.1; Nexus 5X Build/MMB29P) AppleWebKit/537.36 (KHTML, like Gecko) Chrome/107.0.5304.115 Mobile Safari/537.36 (compatible; Googlebot/2.1; +http://www.google.com/bot.html)"
::ffff:37.139.53.82 - - [13/Dec/2022:03:53:52 +0000] "GET / HTTP/1.0" 200 57378 "http://wadokikai.org/" "Mozilla/5.0 (Windows NT 10.0; Win64; x64) AppleWebKit/537.36 (KHTML, like Gecko) Chrome/83.0.4100.3 Safari/537.36"
::ffff:37.139.53.82 - - [13/Dec/2022:03:53:53 +0000] "POST /sendemail HTTP/1.0" 302 40 "http://wadokikai.org/" "Mozilla/5.0 (Windows NT 10.0; Win64; x64) AppleWebKit/537.36 (KHTML, like Gecko) Chrome/83.0.4100.3 Safari/537.36"
::ffff:37.139.53.82 - - [13/Dec/2022:03:53:54 +0000] "GET /?err=error HTTP/1.0" 200 57930 "http://wadokikai.org/?err=error#signup" "Mozilla/5.0 (Windows NT 10.0; Win64; x64) AppleWebKit/537.36 (KHTML, like Gecko) Chrome/83.0.4100.3 Safari/537.36"
::ffff:54.174.168.185 - - [13/Dec/2022:03:56:38 +0000] "HEAD / HTTP/1.1" 200 57378 "-" "Mozilla/5.0 (X11; Ubuntu; Linux x86_64; rv:96.0) Gecko/20100101 Firefox/96.0"
::ffff:54.174.168.185 - - [13/Dec/2022:03:56:40 +0000] "POST / HTTP/1.1" 404 140 "-" "Mozilla/5.0 (X11; Ubuntu; Linux x86_64; rv:96.0) Gecko/20100101 Firefox/96.0"
::ffff:54.174.168.185 - - [13/Dec/2022:03:56:41 +0000] "GET /.aws/credentials HTTP/1.1" 404 155 "-" "Mozilla/5.0 (X11; Ubuntu; Linux x86_64; rv:96.0) Gecko/20100101 Firefox/96.0"
::ffff:54.174.168.185 - - [13/Dec/2022:03:56:42 +0000] "GET /.env HTTP/1.1" 404 143 "-" "Mozilla/5.0 (X11; Ubuntu; Linux x86_64; rv:96.0) Gecko/20100101 Firefox/96.0"
::ffff:54.174.168.185 - - [13/Dec/2022:03:56:43 +0000] "GET /.env.bak HTTP/1.1" 404 147 "-" "Mozilla/5.0 (X11; Ubuntu; Linux x86_64; rv:96.0) Gecko/20100101 Firefox/96.0"
::ffff:54.174.168.185 - - [13/Dec/2022:03:56:44 +0000] "GET //dashboard/phpinfo.php HTTP/1.1" 404 161 "-" "Mozilla/5.0 (X11; Ubuntu; Linux x86_64; rv:96.0) Gecko/20100101 Firefox/96.0"
::ffff:54.174.168.185 - - [13/Dec/2022:03:56:45 +0000] "GET /_profiler/phpinfo HTTP/1.1" 404 156 "-" "Mozilla/5.0 (X11; Ubuntu; Linux x86_64; rv:96.0) Gecko/20100101 Firefox/96.0"
::ffff:54.174.168.185 - - [13/Dec/2022:03:56:46 +0000] "GET /_wpeprivate/config.json HTTP/1.1" 404 162 "-" "Mozilla/5.0 (X11; Ubuntu; Linux x86_64; rv:96.0) Gecko/20100101 Firefox/96.0"
::ffff:54.174.168.185 - - [13/Dec/2022:03:56:47 +0000] "GET /admin/.env HTTP/1.1" 404 149 "-" "Mozilla/5.0 (X11; Ubuntu; Linux x86_64; rv:96.0) Gecko/20100101 Firefox/96.0"
::ffff:54.174.168.185 - - [13/Dec/2022:03:56:49 +0000] "GET /api/.env HTTP/1.1" 404 147 "-" "Mozilla/5.0 (X11; Ubuntu; Linux x86_64; rv:96.0) Gecko/20100101 Firefox/96.0"
::ffff:54.174.168.185 - - [13/Dec/2022:03:56:50 +0000] "GET /aws.yml HTTP/1.1" 404 146 "-" "Mozilla/5.0 (X11; Ubuntu; Linux x86_64; rv:96.0) Gecko/20100101 Firefox/96.0"
::ffff:54.174.168.185 - - [13/Dec/2022:03:56:51 +0000] "GET /config.js HTTP/1.1" 404 148 "-" "Mozilla/5.0 (X11; Ubuntu; Linux x86_64; rv:96.0) Gecko/20100101 Firefox/96.0"
::ffff:54.174.168.185 - - [13/Dec/2022:03:56:51 +0000] "GET /config/aws.yml HTTP/1.1" 404 153 "-" "Mozilla/5.0 (X11; Ubuntu; Linux x86_64; rv:96.0) Gecko/20100101 Firefox/96.0"
::ffff:54.174.168.185 - - [13/Dec/2022:03:56:53 +0000] "GET /info.json HTTP/1.1" 404 148 "-" "Mozilla/5.0 (X11; Ubuntu; Linux x86_64; rv:96.0) Gecko/20100101 Firefox/96.0"
::ffff:54.174.168.185 - - [13/Dec/2022:03:56:54 +0000] "GET /info.php HTTP/1.1" 404 147 "-" "Mozilla/5.0 (X11; Ubuntu; Linux x86_64; rv:96.0) Gecko/20100101 Firefox/96.0"
::ffff:54.174.168.185 - - [13/Dec/2022:03:56:55 +0000] "GET /laravel/.env HTTP/1.1" 404 151 "-" "Mozilla/5.0 (X11; Ubuntu; Linux x86_64; rv:96.0) Gecko/20100101 Firefox/96.0"
::ffff:54.174.168.185 - - [13/Dec/2022:03:56:56 +0000] "GET /php-info HTTP/1.1" 404 147 "-" "Mozilla/5.0 (X11; Ubuntu; Linux x86_64; rv:96.0) Gecko/20100101 Firefox/96.0"
::ffff:54.174.168.185 - - [13/Dec/2022:03:56:58 +0000] "GET /phpinfo HTTP/1.1" 404 146 "-" "Mozilla/5.0 (X11; Ubuntu; Linux x86_64; rv:96.0) Gecko/20100101 Firefox/96.0"
::ffff:54.174.168.185 - - [13/Dec/2022:03:56:58 +0000] "GET /phpinfo.php HTTP/1.1" 404 150 "-" "Mozilla/5.0 (X11; Ubuntu; Linux x86_64; rv:96.0) Gecko/20100101 Firefox/96.0"
::ffff:54.174.168.185 - - [13/Dec/2022:03:56:59 +0000] "GET /test.php HTTP/1.1" 404 147 "-" "Mozilla/5.0 (X11; Ubuntu; Linux x86_64; rv:96.0) Gecko/20100101 Firefox/96.0"
::ffff:192.241.209.77 - - [13/Dec/2022:04:05:22 +0000] "GET / HTTP/1.1" 200 57378 "-" "Mozilla/5.0 zgrab/0.x"
::ffff:51.222.253.4 - - [13/Dec/2022:04:05:48 +0000] "GET /contact?s=1&ss=6 HTTP/1.1" 200 9997 "-" "Mozilla/5.0 (compatible; AhrefsBot/7.0; +http://ahrefs.com/robot/)"
::ffff:185.180.143.7 - - [13/Dec/2022:04:10:23 +0000] "GET / HTTP/1.1" 200 57378 "-" "Mozilla/5.0 (Windows NT 10.0; Win64; x64) AppleWebKit/537.36 (KHTML, like Gecko) Chrome/60.0.3112.113 Safari/537.36"
::ffff:95.214.235.205 - - [13/Dec/2022:04:14:17 +0000] "GET /.env HTTP/1.1" 404 143 "-" "Mozilla/5.0 (X11; Linux x86_64) AppleWebKit/537.36 (KHTML, like Gecko) Chrome/81.0.4044.129 Safari/537.36"
::ffff:95.214.235.205 - - [13/Dec/2022:04:14:18 +0000] "POST / HTTP/1.1" 404 140 "-" "Mozilla/5.0 (X11; Linux x86_64) AppleWebKit/537.36 (KHTML, like Gecko) Chrome/81.0.4044.129 Safari/537.36"
::ffff:135.125.246.189 - - [13/Dec/2022:04:18:14 +0000] "GET /.env HTTP/1.1" 404 143 "-" "Mozilla/5.0 (X11; Linux x86_64) AppleWebKit/537.36 (KHTML, like Gecko) Chrome/81.0.4044.129 Safari/537.36"
::ffff:135.125.246.189 - - [13/Dec/2022:04:18:14 +0000] "POST / HTTP/1.1" 404 140 "-" "Mozilla/5.0 (X11; Linux x86_64) AppleWebKit/537.36 (KHTML, like Gecko) Chrome/81.0.4044.129 Safari/537.36"
::ffff:51.222.253.15 - - [13/Dec/2022:04:20:21 +0000] "GET /contact?s=1&ss=10 HTTP/1.1" 200 9997 "-" "Mozilla/5.0 (compatible; AhrefsBot/7.0; +http://ahrefs.com/robot/)"
::ffff:114.119.143.59 - - [13/Dec/2022:04:29:54 +0000] "GET /images/promotions/AFSPrelimSchedule.pdf HTTP/1.1" 200 57396 "http://34.212.47.6/" "Mozilla/5.0 (Linux; Android 7.0;) AppleWebKit/537.36 (KHTML, like Gecko) Mobile Safari/537.36 (compatible; PetalBot;+https://webmaster.petalsearch.com/site/petalbot)"
::ffff:51.222.253.5 - - [13/Dec/2022:04:32:04 +0000] "GET /contact?s=1&ss=0 HTTP/1.1" 200 9997 "-" "Mozilla/5.0 (compatible; AhrefsBot/7.0; +http://ahrefs.com/robot/)"
::ffff:159.65.83.42 - - [13/Dec/2022:04:33:00 +0000] "GET /nginx-status HTTP/1.1" 404 151 "-" "'GoogleBot'"
::ffff:192.241.195.138 - - [13/Dec/2022:04:33:57 +0000] "GET / HTTP/1.1" 200 57378 "-" "Mozilla/5.0 zgrab/0.x"
::ffff:51.222.253.10 - - [13/Dec/2022:04:45:24 +0000] "GET /events HTTP/1.1" 200 5867 "-" "Mozilla/5.0 (compatible; AhrefsBot/7.0; +http://ahrefs.com/robot/)"
::ffff:54.36.112.44 - - [13/Dec/2022:04:46:51 +0000] "GET /.env HTTP/1.1" 404 143 "-" "Mozilla/5.0 (X11; Linux x86_64) AppleWebKit/537.36 (KHTML, like Gecko) Chrome/81.0.4044.129 Safari/537.36"
::ffff:54.36.112.44 - - [13/Dec/2022:04:46:52 +0000] "POST / HTTP/1.1" 404 140 "-" "Mozilla/5.0 (X11; Linux x86_64) AppleWebKit/537.36 (KHTML, like Gecko) Chrome/81.0.4044.129 Safari/537.36"
::ffff:114.119.144.72 - - [13/Dec/2022:04:48:00 +0000] "GET /contact?s=1&ss=7 HTTP/1.1" 200 9997 "https://wadokikai.org/schools" "Mozilla/5.0 (Linux; Android 7.0;) AppleWebKit/537.36 (KHTML, like Gecko) Mobile Safari/537.36 (compatible; PetalBot;+https://webmaster.petalsearch.com/site/petalbot)"
::ffff:114.119.159.234 - - [13/Dec/2022:04:50:45 +0000] "GET /contact?s=1&ss=5 HTTP/1.1" 200 9997 "http://www.wadokikai.org/" "Mozilla/5.0 (Linux; Android 7.0;) AppleWebKit/537.36 (KHTML, like Gecko) Mobile Safari/537.36 (compatible; PetalBot;+https://webmaster.petalsearch.com/site/petalbot)"
::ffff:66.249.64.72 - - [13/Dec/2022:04:51:29 +0000] "GET / HTTP/1.1" 200 57378 "-" "Mozilla/5.0 (compatible; Googlebot/2.1; +http://www.google.com/bot.html)"
::ffff:206.189.170.136 - - [13/Dec/2022:04:53:05 +0000] "GET / HTTP/1.0" 200 57378 "-" "masscan/1.0 (https://github.com/robertdavidgraham/masscan)"
::ffff:34.140.248.32 - - [13/Dec/2022:04:58:02 +0000] "GET / HTTP/1.1" 200 57378 "-" "python-requests/2.28.1"
::ffff:51.222.253.18 - - [13/Dec/2022:04:58:06 +0000] "GET /contact?s=1&ss=4 HTTP/1.1" 200 9997 "-" "Mozilla/5.0 (compatible; AhrefsBot/7.0; +http://ahrefs.com/robot/)"
::ffff:114.119.132.43 - - [13/Dec/2022:05:06:46 +0000] "GET /contact?s=1&ss=1 HTTP/1.1" 200 9997 "http://www.wadokikai.org/" "Mozilla/5.0 (Linux; Android 7.0;) AppleWebKit/537.36 (KHTML, like Gecko) Mobile Safari/537.36 (compatible; PetalBot;+https://webmaster.petalsearch.com/site/petalbot)"
::ffff:51.222.253.7 - - [13/Dec/2022:05:09:24 +0000] "GET /contact?s=1&ss=9 HTTP/1.1" 200 9997 "-" "Mozilla/5.0 (compatible; AhrefsBot/7.0; +http://ahrefs.com/robot/)"
::ffff:73.93.253.46 - - [13/Dec/2022:05:11:59 +0000] "GET /images/tiger.bmp HTTP/1.1" 304 - "https://wadokikai.org/resources" "Mozilla/5.0 (Macintosh; Intel Mac OS X 10_15_7) AppleWebKit/605.1.15 (KHTML, like Gecko) Version/15.6.1 Safari/605.1.15"
::ffff:31.220.3.140 - - [13/Dec/2022:05:13:47 +0000] "GET / HTTP/1.1" 200 57378 "-" "-"
::ffff:128.14.209.162 - - [13/Dec/2022:05:16:47 +0000] "GET / HTTP/1.1" 200 57378 "-" "Mozilla/5.0 (Windows NT 10.0; Win64; x64) AppleWebKit/537.36 (KHTML, like Gecko) Chrome/60.0.3112.113 Safari/537.36"
::ffff:51.222.253.20 - - [13/Dec/2022:05:21:24 +0000] "GET /schools HTTP/1.1" 200 97308 "-" "Mozilla/5.0 (compatible; AhrefsBot/7.0; +http://ahrefs.com/robot/)"
::ffff:51.222.253.16 - - [13/Dec/2022:05:21:33 +0000] "GET /images/instructors/RuPaster.jpg HTTP/1.1" 200 75352 "-" "Mozilla/5.0 (compatible; AhrefsBot/7.0; +http://ahrefs.com/robot/)"
::ffff:51.222.253.3 - - [13/Dec/2022:05:21:39 +0000] "GET /images/schools/zoomdonkaratedo.jpg HTTP/1.1" 200 32454 "-" "Mozilla/5.0 (compatible; AhrefsBot/7.0; +http://ahrefs.com/robot/)"
::ffff:51.222.253.4 - - [13/Dec/2022:05:21:45 +0000] "GET /images/instructors/mbrooks.jpg HTTP/1.1" 200 132490 "-" "Mozilla/5.0 (compatible; AhrefsBot/7.0; +http://ahrefs.com/robot/)"
::ffff:51.222.253.8 - - [13/Dec/2022:05:21:52 +0000] "GET /images/schools/harborbaykaratedo.jpg HTTP/1.1" 200 77464 "-" "Mozilla/5.0 (compatible; AhrefsBot/7.0; +http://ahrefs.com/robot/)"
::ffff:51.222.253.16 - - [13/Dec/2022:05:21:59 +0000] "GET /images/instructors/wkklogo.png HTTP/1.1" 200 35114 "-" "Mozilla/5.0 (compatible; AhrefsBot/7.0; +http://ahrefs.com/robot/)"
::ffff:51.222.253.7 - - [13/Dec/2022:05:22:05 +0000] "GET /images/schools/harborbaykaratedomap.jpg HTTP/1.1" 200 37245 "-" "Mozilla/5.0 (compatible; AhrefsBot/7.0; +http://ahrefs.com/robot/)"
::ffff:51.222.253.20 - - [13/Dec/2022:05:22:12 +0000] "GET /images/instructors/arce.jpg HTTP/1.1" 200 14433 "-" "Mozilla/5.0 (compatible; AhrefsBot/7.0; +http://ahrefs.com/robot/)"
::ffff:51.222.253.5 - - [13/Dec/2022:05:22:18 +0000] "GET /images/instructors/clarkb.jpeg HTTP/1.1" 200 12183 "-" "Mozilla/5.0 (compatible; AhrefsBot/7.0; +http://ahrefs.com/robot/)"
::ffff:51.222.253.7 - - [13/Dec/2022:05:22:23 +0000] "GET /images/schools/zoomsfbakaratedo.jpg HTTP/1.1" 200 259024 "-" "Mozilla/5.0 (compatible; AhrefsBot/7.0; +http://ahrefs.com/robot/)"
::ffff:51.222.253.20 - - [13/Dec/2022:05:22:31 +0000] "GET /images/schools/earhartkaratedo.jpg HTTP/1.1" 200 35835 "-" "Mozilla/5.0 (compatible; AhrefsBot/7.0; +http://ahrefs.com/robot/)"
::ffff:51.222.253.1 - - [13/Dec/2022:05:22:37 +0000] "GET /images/instructors/andrea.jpg HTTP/1.1" 200 61330 "-" "Mozilla/5.0 (compatible; AhrefsBot/7.0; +http://ahrefs.com/robot/)"
::ffff:51.222.253.20 - - [13/Dec/2022:05:22:44 +0000] "GET /images/schools/nunleykaratedo.jpg HTTP/1.1" 200 77040 "-" "Mozilla/5.0 (compatible; AhrefsBot/7.0; +http://ahrefs.com/robot/)"
::ffff:51.222.253.1 - - [13/Dec/2022:05:22:50 +0000] "GET /images/schools/corpuzkaratedomap.jpg HTTP/1.1" 200 36421 "-" "Mozilla/5.0 (compatible; AhrefsBot/7.0; +http://ahrefs.com/robot/)"
::ffff:51.222.253.20 - - [13/Dec/2022:05:22:56 +0000] "GET /images/instructors/fortiz.jpg HTTP/1.1" 200 82719 "-" "Mozilla/5.0 (compatible; AhrefsBot/7.0; +http://ahrefs.com/robot/)"
::ffff:51.222.253.3 - - [13/Dec/2022:05:23:02 +0000] "GET /images/instructors/mlee.jpg HTTP/1.1" 200 65525 "-" "Mozilla/5.0 (compatible; AhrefsBot/7.0; +http://ahrefs.com/robot/)"
::ffff:51.222.253.4 - - [13/Dec/2022:05:23:02 +0000] "GET /images/schools/alamedakaratedo.jpg HTTP/1.1" 200 86185 "-" "Mozilla/5.0 (compatible; AhrefsBot/7.0; +http://ahrefs.com/robot/)"
::ffff:51.222.253.20 - - [13/Dec/2022:05:23:09 +0000] "GET /images/schools/dcakaratedo.jpg HTTP/1.1" 200 458708 "-" "Mozilla/5.0 (compatible; AhrefsBot/7.0; +http://ahrefs.com/robot/)"
::ffff:51.222.253.4 - - [13/Dec/2022:05:23:17 +0000] "GET /images/instructors/carlos.jpg HTTP/1.1" 200 21431 "-" "Mozilla/5.0 (compatible; AhrefsBot/7.0; +http://ahrefs.com/robot/)"
::ffff:51.222.253.9 - - [13/Dec/2022:05:23:23 +0000] "GET /images/schools/martinezkaratedo.jpg HTTP/1.1" 200 1754187 "-" "Mozilla/5.0 (compatible; AhrefsBot/7.0; +http://ahrefs.com/robot/)"
::ffff:31.220.1.83 - - [13/Dec/2022:05:23:24 +0000] "GET / HTTP/1.1" 200 57378 "-" "-"
::ffff:51.222.253.9 - - [13/Dec/2022:05:23:42 +0000] "GET /images/schools/orindakaratedomap.jpg HTTP/1.1" 200 34167 "-" "Mozilla/5.0 (compatible; AhrefsBot/7.0; +http://ahrefs.com/robot/)"
::ffff:51.222.253.19 - - [13/Dec/2022:05:23:48 +0000] "GET /images/schools/orindakaratedo.jpg HTTP/1.1" 200 264927 "-" "Mozilla/5.0 (compatible; AhrefsBot/7.0; +http://ahrefs.com/robot/)"
::ffff:51.222.253.6 - - [13/Dec/2022:05:23:56 +0000] "GET /images/igpic.webp HTTP/1.1" 200 1328 "-" "Mozilla/5.0 (compatible; AhrefsBot/7.0; +http://ahrefs.com/robot/)"
::ffff:51.222.253.10 - - [13/Dec/2022:05:24:01 +0000] "GET /images/instructors/jorge8th.jpg HTTP/1.1" 200 26779 "-" "Mozilla/5.0 (compatible; AhrefsBot/7.0; +http://ahrefs.com/robot/)"
::ffff:51.222.253.1 - - [13/Dec/2022:05:24:07 +0000] "GET /images/fbpic.webp HTTP/1.1" 200 986 "-" "Mozilla/5.0 (compatible; AhrefsBot/7.0; +http://ahrefs.com/robot/)"
::ffff:51.222.253.9 - - [13/Dec/2022:05:24:12 +0000] "GET /images/instructors/fnavarro.jpg HTTP/1.1" 200 7268 "-" "Mozilla/5.0 (compatible; AhrefsBot/7.0; +http://ahrefs.com/robot/)"
::ffff:51.222.253.9 - - [13/Dec/2022:05:24:17 +0000] "GET /images/schools/earhartkaratedomap.jpg HTTP/1.1" 200 41366 "-" "Mozilla/5.0 (compatible; AhrefsBot/7.0; +http://ahrefs.com/robot/)"
::ffff:51.222.253.15 - - [13/Dec/2022:05:24:23 +0000] "GET /images/instructors/achang.jpg HTTP/1.1" 200 32799 "-" "Mozilla/5.0 (compatible; AhrefsBot/7.0; +http://ahrefs.com/robot/)"
::ffff:51.222.253.6 - - [13/Dec/2022:05:24:30 +0000] "GET /images/instructors/herseybaker.jpg HTTP/1.1" 200 13988 "-" "Mozilla/5.0 (compatible; AhrefsBot/7.0; +http://ahrefs.com/robot/)"
::ffff:51.222.253.8 - - [13/Dec/2022:05:24:36 +0000] "GET /images/schools/corpuzkaratedo.jpg HTTP/1.1" 200 65837 "-" "Mozilla/5.0 (compatible; AhrefsBot/7.0; +http://ahrefs.com/robot/)"
::ffff:51.222.253.15 - - [13/Dec/2022:05:24:43 +0000] "GET /images/instructors/amastroianni.jpg HTTP/1.1" 200 78389 "-" "Mozilla/5.0 (compatible; AhrefsBot/7.0; +http://ahrefs.com/robot/)"
::ffff:51.222.253.14 - - [13/Dec/2022:05:24:49 +0000] "GET /images/schools/martinezkaratedomap.jpg HTTP/1.1" 200 37724 "-" "Mozilla/5.0 (compatible; AhrefsBot/7.0; +http://ahrefs.com/robot/)"
::ffff:51.222.253.20 - - [13/Dec/2022:05:24:55 +0000] "GET /images/schools/marinkaratedo.jpeg HTTP/1.1" 200 104735 "-" "Mozilla/5.0 (compatible; AhrefsBot/7.0; +http://ahrefs.com/robot/)"
::ffff:51.222.253.16 - - [13/Dec/2022:05:25:01 +0000] "GET /images/schools/marinkaratedomap.jpg HTTP/1.1" 200 32400 "-" "Mozilla/5.0 (compatible; AhrefsBot/7.0; +http://ahrefs.com/robot/)"
::ffff:51.222.253.5 - - [13/Dec/2022:05:25:09 +0000] "GET /images/instructors/anunley.jpg HTTP/1.1" 200 32690 "-" "Mozilla/5.0 (compatible; AhrefsBot/7.0; +http://ahrefs.com/robot/)"
::ffff:51.222.253.11 - - [13/Dec/2022:05:25:15 +0000] "GET /images/instructors/geoffrey.jpg HTTP/1.1" 200 14922 "-" "Mozilla/5.0 (compatible; AhrefsBot/7.0; +http://ahrefs.com/robot/)"
::ffff:51.222.253.8 - - [13/Dec/2022:05:25:20 +0000] "GET /images/schools/manzanitakaratedomap.jpg HTTP/1.1" 200 55402 "-" "Mozilla/5.0 (compatible; AhrefsBot/7.0; +http://ahrefs.com/robot/)"
::ffff:51.222.253.12 - - [13/Dec/2022:05:25:27 +0000] "GET /images/instructors/acohen.jpg HTTP/1.1" 200 62805 "-" "Mozilla/5.0 (compatible; AhrefsBot/7.0; +http://ahrefs.com/robot/)"
::ffff:51.222.253.20 - - [13/Dec/2022:05:25:33 +0000] "GET /images/instructors/amahalatinia.jpg HTTP/1.1" 200 84763 "-" "Mozilla/5.0 (compatible; AhrefsBot/7.0; +http://ahrefs.com/robot/)"
::ffff:51.222.253.4 - - [13/Dec/2022:05:25:39 +0000] "GET /images/instructors/grant.jpg HTTP/1.1" 200 14249 "-" "Mozilla/5.0 (compatible; AhrefsBot/7.0; +http://ahrefs.com/robot/)"
::ffff:51.222.253.11 - - [13/Dec/2022:05:25:45 +0000] "GET /images/instructors/JohnPWKK.jpg HTTP/1.1" 200 7574 "-" "Mozilla/5.0 (compatible; AhrefsBot/7.0; +http://ahrefs.com/robot/)"
::ffff:51.222.253.16 - - [13/Dec/2022:05:25:51 +0000] "GET /images/instructors/btimlin.jpg HTTP/1.1" 200 378054 "-" "Mozilla/5.0 (compatible; AhrefsBot/7.0; +http://ahrefs.com/robot/)"
::ffff:51.222.253.10 - - [13/Dec/2022:05:25:59 +0000] "GET /images/instructors/anthony.jpg HTTP/1.1" 200 14045 "-" "Mozilla/5.0 (compatible; AhrefsBot/7.0; +http://ahrefs.com/robot/)"
::ffff:51.222.253.13 - - [13/Dec/2022:05:26:01 +0000] "GET /images/instructors/rodnak.jpg HTTP/1.1" 200 12841 "-" "Mozilla/5.0 (compatible; AhrefsBot/7.0; +http://ahrefs.com/robot/)"
::ffff:51.222.253.8 - - [13/Dec/2022:05:26:06 +0000] "GET /images/instructors/justin.jpg HTTP/1.1" 200 14091 "-" "Mozilla/5.0 (compatible; AhrefsBot/7.0; +http://ahrefs.com/robot/)"
::ffff:51.222.253.19 - - [13/Dec/2022:05:26:11 +0000] "GET /images/schools/dcakaratedomap.jpg HTTP/1.1" 200 35262 "-" "Mozilla/5.0 (compatible; AhrefsBot/7.0; +http://ahrefs.com/robot/)"
::ffff:51.222.253.4 - - [13/Dec/2022:05:26:18 +0000] "GET /images/schools/manzanitakaratedo.jpg HTTP/1.1" 200 1829058 "-" "Mozilla/5.0 (compatible; AhrefsBot/7.0; +http://ahrefs.com/robot/)"
::ffff:51.222.253.1 - - [13/Dec/2022:05:26:30 +0000] "GET /images/instructors/SenseiLarry.jpg HTTP/1.1" 200 60380 "-" "Mozilla/5.0 (compatible; AhrefsBot/7.0; +http://ahrefs.com/robot/)"
::ffff:51.222.253.8 - - [13/Dec/2022:05:31:49 +0000] "GET /contact HTTP/1.1" 200 10017 "-" "Mozilla/5.0 (compatible; AhrefsBot/7.0; +http://ahrefs.com/robot/)"
::ffff:73.93.253.46 - - [13/Dec/2022:05:36:38 +0000] "GET /images/tiger.bmp HTTP/1.1" 304 - "https://wadokikai.org/resources" "Mozilla/5.0 (Macintosh; Intel Mac OS X 10_15_7) AppleWebKit/605.1.15 (KHTML, like Gecko) Version/15.6.1 Safari/605.1.15"
::ffff:185.254.196.115 - - [13/Dec/2022:05:39:45 +0000] "GET /.env HTTP/1.1" 404 143 "-" "Mozilla/5.0 (X11; Linux x86_64) AppleWebKit/537.36 (KHTML, like Gecko) Chrome/81.0.4044.129 Safari/537.36"
::ffff:185.254.196.115 - - [13/Dec/2022:05:39:46 +0000] "POST / HTTP/1.1" 404 140 "-" "Mozilla/5.0 (X11; Linux x86_64) AppleWebKit/537.36 (KHTML, like Gecko) Chrome/81.0.4044.129 Safari/537.36"
::ffff:124.156.223.178 - - [13/Dec/2022:05:41:34 +0000] "GET / HTTP/1.1" 200 57378 "-" "'Mozilla/5.0 (Windows NT 10.0; Win64; x64; rv:101.0) Gecko/20100101 Firefox/101.0'"
::ffff:51.222.253.13 - - [13/Dec/2022:05:43:07 +0000] "GET /robots.txt HTTP/1.1" 404 149 "-" "Mozilla/5.0 (compatible; AhrefsBot/7.0; +http://ahrefs.com/robot/)"
::ffff:51.222.253.14 - - [13/Dec/2022:05:43:08 +0000] "GET / HTTP/1.1" 200 57378 "-" "Mozilla/5.0 (compatible; AhrefsBot/7.0; +http://ahrefs.com/robot/)"
::ffff:135.125.246.189 - - [13/Dec/2022:06:00:08 +0000] "GET /.env HTTP/1.1" 404 143 "-" "Mozilla/5.0 (X11; Linux x86_64) AppleWebKit/537.36 (KHTML, like Gecko) Chrome/81.0.4044.129 Safari/537.36"
::ffff:135.125.246.189 - - [13/Dec/2022:06:00:08 +0000] "POST / HTTP/1.1" 404 140 "-" "Mozilla/5.0 (X11; Linux x86_64) AppleWebKit/537.36 (KHTML, like Gecko) Chrome/81.0.4044.129 Safari/537.36"
::ffff:205.210.31.143 - - [13/Dec/2022:06:03:48 +0000] "GET / HTTP/1.0" 200 57378 "-" "Expanse, a Palo Alto Networks company, searches across the global IPv4 space multiple times per day to identify customers&#39; presences on the Internet. If you would like to be excluded from our scans, please send IP addresses/domains to: scaninfo@paloaltonetworks.com"
::ffff:40.77.167.49 - - [13/Dec/2022:06:10:38 +0000] "GET /images/tm.jpg HTTP/1.1" 200 25020 "-" "Mozilla/5.0 AppleWebKit/537.36 (KHTML, like Gecko; compatible; bingbot/2.0; +http://www.bing.com/bingbot.htm) Chrome/103.0.5060.134 Safari/537.36"
::ffff:51.222.253.13 - - [13/Dec/2022:06:12:24 +0000] "GET /contact?s=1&ss=3 HTTP/1.1" 200 9997 "-" "Mozilla/5.0 (compatible; AhrefsBot/7.0; +http://ahrefs.com/robot/)"
::ffff:73.93.253.46 - - [13/Dec/2022:06:13:38 +0000] "GET /images/dragon-trans.png HTTP/1.1" 304 - "https://wadokikai.org/resources" "Mozilla/5.0 (Macintosh; Intel Mac OS X 10_15_7) AppleWebKit/605.1.15 (KHTML, like Gecko) Version/15.6.1 Safari/605.1.15"
::ffff:66.249.64.125 - - [13/Dec/2022:06:21:29 +0000] "GET /docs/Bushido-code.pdf HTTP/1.1" 200 691794 "-" "Mozilla/5.0 (compatible; Googlebot/2.1; +http://www.google.com/bot.html)"
::ffff:198.235.24.134 - - [13/Dec/2022:06:29:46 +0000] "GET / HTTP/1.1" 200 57378 "-" "Expanse, a Palo Alto Networks company, searches across the global IPv4 space multiple times per day to identify customers&#39; presences on the Internet. If you would like to be excluded from our scans, please send IP addresses/domains to: scaninfo@paloaltonetworks.com"
::ffff:185.191.171.5 - - [13/Dec/2022:06:35:30 +0000] "GET /robots.txt HTTP/1.1" 404 149 "-" "Mozilla/5.0 (compatible; SemrushBot/7~bl; +http://www.semrush.com/bot.html)"
::ffff:185.191.171.3 - - [13/Dec/2022:06:35:31 +0000] "GET /joinemail?type=blackbeltclasses HTTP/1.1" 200 8998 "-" "Mozilla/5.0 (compatible; SemrushBot/7~bl; +http://www.semrush.com/bot.html)"
::ffff:73.93.253.46 - - [13/Dec/2022:06:38:18 +0000] "GET /images/dragon-trans.png HTTP/1.1" 304 - "https://wadokikai.org/resources" "Mozilla/5.0 (Macintosh; Intel Mac OS X 10_15_7) AppleWebKit/605.1.15 (KHTML, like Gecko) Version/15.6.1 Safari/605.1.15"
::ffff:51.222.253.4 - - [13/Dec/2022:06:43:22 +0000] "GET /contact?s=1&ss=11 HTTP/1.1" 200 9997 "-" "Mozilla/5.0 (compatible; AhrefsBot/7.0; +http://ahrefs.com/robot/)"
::ffff:40.77.167.13 - - [13/Dec/2022:06:48:10 +0000] "GET / HTTP/1.1" 200 57378 "-" "Mozilla/5.0 (compatible; bingbot/2.0; +http://www.bing.com/bingbot.htm)"
::ffff:167.94.138.60 - - [13/Dec/2022:06:51:09 +0000] "GET / HTTP/1.1" 200 57378 "-" "-"
::ffff:167.94.138.60 - - [13/Dec/2022:06:51:09 +0000] "GET / HTTP/1.1" 200 57378 "-" "Mozilla/5.0 (compatible; CensysInspect/1.1; +https://about.censys.io/)"
::ffff:167.94.138.60 - - [13/Dec/2022:06:51:09 +0000] "PRI * HTTP/2.0" - - "-" "-"
::ffff:167.94.138.60 - - [13/Dec/2022:06:51:10 +0000] "GET /images/favicon.ico HTTP/1.1" 200 3638 "-" "Mozilla/5.0 (compatible; CensysInspect/1.1; +https://about.censys.io/)"
::ffff:167.94.138.60 - - [13/Dec/2022:06:51:10 +0000] "GET /favicon.ico HTTP/1.1" 404 150 "-" "Mozilla/5.0 (compatible; CensysInspect/1.1; +https://about.censys.io/)"
::ffff:185.191.171.16 - - [13/Dec/2022:06:51:43 +0000] "GET /contact?s=1&ss=9 HTTP/1.1" 200 9997 "-" "Mozilla/5.0 (compatible; SemrushBot/7~bl; +http://www.semrush.com/bot.html)"
::ffff:185.180.143.71 - - [13/Dec/2022:06:57:51 +0000] "GET /admin/ HTTP/1.1" 404 145 "-" "Mozilla/5.0 (Windows NT 10.0; Win64; x64) AppleWebKit/537.36 (KHTML, like Gecko) Chrome/60.0.3112.113 Safari/537.36"
::ffff:73.93.253.46 - - [13/Dec/2022:07:02:58 +0000] "GET /images/dragon-trans.png HTTP/1.1" 304 - "https://wadokikai.org/resources" "Mozilla/5.0 (Macintosh; Intel Mac OS X 10_15_7) AppleWebKit/605.1.15 (KHTML, like Gecko) Version/15.6.1 Safari/605.1.15"
::ffff:51.222.253.1 - - [13/Dec/2022:07:09:04 +0000] "GET /contact?s=1&ss=8 HTTP/1.1" 200 9997 "-" "Mozilla/5.0 (compatible; AhrefsBot/7.0; +http://ahrefs.com/robot/)"
::ffff:51.222.253.13 - - [13/Dec/2022:07:37:36 +0000] "GET /contact?s=1&ss=5 HTTP/1.1" 200 9997 "-" "Mozilla/5.0 (compatible; AhrefsBot/7.0; +http://ahrefs.com/robot/)"
::ffff:54.36.112.44 - - [13/Dec/2022:07:43:48 +0000] "GET /.env HTTP/1.1" 404 143 "-" "Mozilla/5.0 (X11; Linux x86_64) AppleWebKit/537.36 (KHTML, like Gecko) Chrome/81.0.4044.129 Safari/537.36"
::ffff:54.36.112.44 - - [13/Dec/2022:07:43:49 +0000] "POST / HTTP/1.1" 404 140 "-" "Mozilla/5.0 (X11; Linux x86_64) AppleWebKit/537.36 (KHTML, like Gecko) Chrome/81.0.4044.129 Safari/537.36"
::ffff:66.249.64.74 - - [13/Dec/2022:07:49:32 +0000] "GET /books.php HTTP/1.1" 404 148 "-" "Mozilla/5.0 (Linux; Android 6.0.1; Nexus 5X Build/MMB29P) AppleWebKit/537.36 (KHTML, like Gecko) Chrome/107.0.5304.115 Mobile Safari/537.36 (compatible; Googlebot/2.1; +http://www.google.com/bot.html)"
::ffff:40.77.167.97 - - [13/Dec/2022:07:58:48 +0000] "GET /robots.txt HTTP/1.1" 404 149 "-" "Mozilla/5.0 (compatible; bingbot/2.0; +http://www.bing.com/bingbot.htm)"
::ffff:40.77.167.97 - - [13/Dec/2022:07:58:48 +0000] "GET /robots.txt HTTP/1.1" 404 149 "-" "Mozilla/5.0 (compatible; bingbot/2.0; +http://www.bing.com/bingbot.htm)"
::ffff:157.55.39.153 - - [13/Dec/2022:07:58:53 +0000] "GET / HTTP/1.1" 200 57378 "-" "Mozilla/5.0 (compatible; bingbot/2.0; +http://www.bing.com/bingbot.htm)"
::ffff:128.14.141.34 - - [13/Dec/2022:07:59:52 +0000] "GET / HTTP/1.1" 200 57378 "-" "Mozilla/5.0 (Windows NT 10.0; Win64; x64) AppleWebKit/537.36 (KHTML, like Gecko) Chrome/60.0.3112.113 Safari/537.36"
