::ffff:73.206.34.173 - - [23/Apr/2023:14:54:23 +0000] "POST /sendemail HTTP/1.1" 302 40 "http://wadokikai.org/" "curl/7.54.0"
::ffff:73.206.34.173 - - [23/Apr/2023:14:54:24 +0000] "GET /?err=error HTTP/1.1" 200 58698 "http://wadokikai.org/" "curl/7.54.0"
::ffff:34.214.189.245 - - [23/Apr/2023:14:54:37 +0000] "GET / HTTP/1.1" 200 58146 "-" "Mozilla/5.0 (X11; Linux x86_64) AppleWebKit/537.36 (KHTML, like Gecko) Chrome/83.0.4103.97 Safari/537.36"
::ffff:54.185.54.123 - - [23/Apr/2023:14:54:39 +0000] "GET / HTTP/1.1" 200 58146 "-" "Mozilla/5.0 (X11; Linux x86_64) AppleWebKit/537.36 (KHTML, like Gecko) Chrome/83.0.4103.97 Safari/537.36"
::ffff:34.217.96.201 - - [23/Apr/2023:14:54:56 +0000] "GET /favicon.ico HTTP/1.1" 404 150 "-" "Mozilla/5.0 (X11; Linux x86_64) AppleWebKit/537.36 (KHTML, like Gecko) Chrome/83.0.4103.97 Safari/537.36"
::ffff:54.202.43.19 - - [23/Apr/2023:14:54:56 +0000] "GET /favicon.ico HTTP/1.1" 404 150 "-" "Mozilla/5.0 (X11; Linux x86_64) AppleWebKit/537.36 (KHTML, like Gecko) Chrome/83.0.4103.97 Safari/537.36"
::ffff:34.217.96.201 - - [23/Apr/2023:14:54:57 +0000] "GET / HTTP/1.1" 200 58146 "-" "Mozilla/5.0 (X11; Linux x86_64) AppleWebKit/537.36 (KHTML, like Gecko) Chrome/83.0.4103.97 Safari/537.36"
::ffff:54.202.43.19 - - [23/Apr/2023:14:55:00 +0000] "GET / HTTP/1.1" 200 58146 "-" "Mozilla/5.0 (X11; Linux x86_64) AppleWebKit/537.36 (KHTML, like Gecko) Chrome/83.0.4103.97 Safari/537.36"
::ffff:52.167.144.168 - - [23/Apr/2023:15:05:01 +0000] "GET / HTTP/1.1" 200 58146 "-" "Mozilla/5.0 AppleWebKit/537.36 (KHTML, like Gecko; compatible; bingbot/2.0; +http://www.bing.com/bingbot.htm) Chrome/103.0.5060.134 Safari/537.36"
::ffff:45.79.171.66 - - [23/Apr/2023:15:09:15 +0000] "GET /service.php?token=1819&action=11 HTTP/1.0" 404 150 "-" "-"
::ffff:45.79.171.66 - - [23/Apr/2023:15:12:22 +0000] "GET /service.php?token=1819&action=11 HTTP/1.0" 404 150 "-" "-"
::ffff:45.79.171.66 - - [23/Apr/2023:15:26:51 +0000] "GET /service.php?token=1819&action=11 HTTP/1.0" 404 150 "-" "-"
::ffff:208.67.105.145 - - [23/Apr/2023:15:48:09 +0000] "POST //%63%67%69%2d%62%69%6e/%70%68%70?%2d%64+%61%6c%6c%6f%77%5f%75%72%6c%5f%69%6e%63%6c%75%64%65%3d%6f%6e+%2d%64+%73%61%66%65%5f%6d%6f%64%65%3d%6f%66%66+%2d%64+%73%75%68%6f%73%69%6e%2e%73%69%6d%75%6c%61%74%69%6f%6e%3d%6f%6e+%2d%64+%64%69%73%61%62%6c%65%5f%66%75%6e%63%74%69%6f%6e%73%3d%22%22+%2d%64+%6f%70%65%6e%5f%62%61%73%65%64%69%72%3d%6e%6f%6e%65+%2d%64+%61%75%74%6f%5f%70%72%65%70%65%6e%64%5f%66%69%6c%65%3d%70%68%70%3a%2f%2f%69%6e%70%75%74+%2d%64+%63%67%69%2e%66%6f%72%63%65%5f%72%65%64%69%72%65%63%74%3d%30+%2d%64+%63%67%69%2e%72%65%64%69%72%65%63%74%5f%73%74%61%74%75%73%5f%65%6e%76%3d%30+%2d%64+%61%75%74%6f%5f%70%72%65%70%65%6e%64%5f%66%69%6c%65%3d%70%68%70%3a%2f%2f%69%6e%70%75%74+%2d%6e HTTP/1.1" 404 172 "-" "-"
::ffff:43.155.118.219 - - [23/Apr/2023:16:05:52 +0000] "HEAD /Core/Skin/Login.aspx HTTP/1.1" 404 160 "-" "Mozilla/5.0 (Windows NT 10.0; Win64; x64) AppleWebKit/537.36 (KHTML, like Gecko) Chrome/106.0.0.0 Safari/537.36"
::ffff:135.125.244.48 - - [23/Apr/2023:16:10:06 +0000] "GET /.env HTTP/1.1" 404 143 "-" "Mozilla/5.0 (X11; Linux x86_64) AppleWebKit/537.36 (KHTML, like Gecko) Chrome/81.0.4044.129 Safari/537.36"
::ffff:135.125.244.48 - - [23/Apr/2023:16:10:06 +0000] "POST / HTTP/1.1" 404 140 "-" "Mozilla/5.0 (X11; Linux x86_64) AppleWebKit/537.36 (KHTML, like Gecko) Chrome/81.0.4044.129 Safari/537.36"
::ffff:52.167.144.98 - - [23/Apr/2023:16:14:16 +0000] "GET /images/instructors/clarkb.jpeg HTTP/1.1" 200 12183 "-" "Mozilla/5.0 AppleWebKit/537.36 (KHTML, like Gecko; compatible; bingbot/2.0; +http://www.bing.com/bingbot.htm) Chrome/103.0.5060.134 Safari/537.36"
::ffff:45.79.171.66 - - [23/Apr/2023:16:40:48 +0000] "GET /service.php?token=1819&action=11 HTTP/1.0" 404 150 "-" "-"
::ffff:109.237.97.180 - - [23/Apr/2023:16:44:32 +0000] "GET /.env HTTP/1.1" 404 143 "-" "Mozilla/5.0 (X11; Linux x86_64) AppleWebKit/537.36 (KHTML, like Gecko) Chrome/81.0.4044.129 Safari/537.36"
::ffff:66.249.79.183 - - [23/Apr/2023:16:47:32 +0000] "GET /robots.txt HTTP/1.1" 404 149 "-" "Mozilla/5.0 (compatible; Googlebot/2.1; +http://www.google.com/bot.html)"
::ffff:66.249.79.183 - - [23/Apr/2023:16:47:32 +0000] "GET /contact HTTP/1.1" 200 10017 "-" "Mozilla/5.0 (Linux; Android 6.0.1; Nexus 5X Build/MMB29P) AppleWebKit/537.36 (KHTML, like Gecko) Chrome/112.0.5615.142 Mobile Safari/537.36 (compatible; Googlebot/2.1; +http://www.google.com/bot.html)"
::ffff:193.32.162.159 - - [23/Apr/2023:16:47:44 +0000] "GET / HTTP/1.1" 200 58146 "-" "Mozilla/5.0 (Windows NT 10.0; Win64; x64) AppleWebKit/537.36 (KHTML, like Gecko) Chrome/90.0.4430.85 Safari/537.36 Edg/90.0.818.46"
::ffff:193.32.162.159 - - [23/Apr/2023:16:47:49 +0000] "GET /dispatch.asp HTTP/1.1" 404 151 "-" "Mozilla/5.0 (Windows NT 10.0; Win64; x64) AppleWebKit/537.36 (KHTML, like Gecko) Chrome/90.0.4430.85 Safari/537.36 Edg/90.0.818.46"
::ffff:35.205.195.201 - - [23/Apr/2023:16:52:52 +0000] "GET / HTTP/1.1" 200 58146 "-" "python-requests/2.28.2"
::ffff:54.36.112.44 - - [23/Apr/2023:16:59:21 +0000] "GET /.env HTTP/1.1" 404 143 "-" "Mozilla/5.0 (X11; Linux x86_64) AppleWebKit/537.36 (KHTML, like Gecko) Chrome/81.0.4044.129 Safari/537.36"
::ffff:54.36.112.44 - - [23/Apr/2023:16:59:21 +0000] "POST / HTTP/1.1" 404 140 "-" "Mozilla/5.0 (X11; Linux x86_64) AppleWebKit/537.36 (KHTML, like Gecko) Chrome/81.0.4044.129 Safari/537.36"
::ffff:171.233.225.81 - - [23/Apr/2023:17:09:08 +0000] "POST /HNAP1/ HTTP/1.0" - - "-" "-"
::ffff:162.216.149.21 - - [23/Apr/2023:17:12:02 +0000] "GET / HTTP/1.1" 200 58146 "-" "Expanse, a Palo Alto Networks company, searches across the global IPv4 space multiple times per day to identify customers&#39; presences on the Internet. If you would like to be excluded from our scans, please send IP addresses/domains to: scaninfo@paloaltonetworks.com"
::ffff:45.79.171.66 - - [23/Apr/2023:17:13:47 +0000] "GET /service.php?token=1819&action=11 HTTP/1.0" 404 150 "-" "-"
::ffff:45.79.171.66 - - [23/Apr/2023:17:20:06 +0000] "GET /service.php?token=1819&action=11 HTTP/1.0" 404 150 "-" "-"
::ffff:162.214.71.92 - - [23/Apr/2023:17:20:11 +0000] "GET / HTTP/1.1" 200 58146 "-" "curl/7.29.0"
::ffff:43.155.118.219 - - [23/Apr/2023:17:26:08 +0000] "HEAD /Core/Skin/Login.aspx HTTP/1.1" 404 160 "-" "Mozilla/5.0 (Windows NT 10.0; Win64; x64) AppleWebKit/537.36 (KHTML, like Gecko) Chrome/106.0.0.0 Safari/537.36"
::ffff:135.125.244.48 - - [23/Apr/2023:17:40:22 +0000] "GET /.env HTTP/1.1" 404 143 "-" "Mozilla/5.0 (X11; Linux x86_64) AppleWebKit/537.36 (KHTML, like Gecko) Chrome/81.0.4044.129 Safari/537.36"
::ffff:135.125.244.48 - - [23/Apr/2023:17:40:23 +0000] "POST / HTTP/1.1" 404 140 "-" "Mozilla/5.0 (X11; Linux x86_64) AppleWebKit/537.36 (KHTML, like Gecko) Chrome/81.0.4044.129 Safari/537.36"
::ffff:66.249.79.183 - - [23/Apr/2023:17:47:33 +0000] "GET /contact HTTP/1.1" 200 10017 "-" "Mozilla/5.0 (Linux; Android 6.0.1; Nexus 5X Build/MMB29P) AppleWebKit/537.36 (KHTML, like Gecko) Chrome/112.0.5615.142 Mobile Safari/537.36 (compatible; Googlebot/2.1; +http://www.google.com/bot.html)"
::ffff:66.249.79.183 - - [23/Apr/2023:17:47:36 +0000] "GET /js/common.js HTTP/1.1" 200 2255 "http://wadokikai.org/contact" "Mozilla/5.0 (Linux; Android 6.0.1; Nexus 5X Build/MMB29P) AppleWebKit/537.36 (KHTML, like Gecko) Chrome/112.0.5615.142 Mobile Safari/537.36 (compatible; Googlebot/2.1; +http://www.google.com/bot.html)"
::ffff:134.122.135.178 - - [23/Apr/2023:17:48:13 +0000] "GET /voddetail/45112.html HTTP/1.1" 404 159 "/voddetail/45112.html" "Mozilla/5.0 (iPhone; CPU iPhone OS 13_2_3 like Mac OS X) AppleWebKit/605.1.15 (KHTML, like Gecko) Version/13.0.3 Mobile/15E148 Safari/604.1"
::ffff:54.36.112.44 - - [23/Apr/2023:18:14:28 +0000] "GET /.env HTTP/1.1" 404 143 "-" "Mozilla/5.0 (X11; Linux x86_64) AppleWebKit/537.36 (KHTML, like Gecko) Chrome/81.0.4044.129 Safari/537.36"
::ffff:54.36.112.44 - - [23/Apr/2023:18:14:28 +0000] "POST / HTTP/1.1" 404 140 "-" "Mozilla/5.0 (X11; Linux x86_64) AppleWebKit/537.36 (KHTML, like Gecko) Chrome/81.0.4044.129 Safari/537.36"
::ffff:114.119.132.68 - - [23/Apr/2023:18:16:55 +0000] "GET /robots.txt HTTP/1.1" 404 149 "-" "Mozilla/5.0 (compatible;PetalBot;+https://webmaster.petalsearch.com/site/petalbot)"
::ffff:20.100.200.205 - - [23/Apr/2023:18:18:09 +0000] "GET /.git/config HTTP/1.1" 404 150 "-" "python-requests/2.28.1"
::ffff:20.100.200.205 - - [23/Apr/2023:18:18:10 +0000] "GET /sources/.env HTTP/1.1" 404 151 "-" "Mozilla/5.0 (Macintosh; Intel Mac OS X 10.15; rv:77.0) Gecko/20100101 Firefox/77.0"
::ffff:20.100.200.205 - - [23/Apr/2023:18:18:10 +0000] "POST /sources/.env HTTP/1.1" 404 152 "-" "Mozilla/5.0 (Macintosh; Intel Mac OS X 10.15; rv:77.0) Gecko/20100101 Firefox/77.0"
::ffff:20.100.200.205 - - [23/Apr/2023:18:18:13 +0000] "GET /back/.env HTTP/1.1" 404 148 "-" "Mozilla/5.0 (Macintosh; Intel Mac OS X 10.15; rv:77.0) Gecko/20100101 Firefox/77.0"
::ffff:20.100.200.205 - - [23/Apr/2023:18:18:13 +0000] "POST /back/.env HTTP/1.1" 404 149 "-" "Mozilla/5.0 (Macintosh; Intel Mac OS X 10.15; rv:77.0) Gecko/20100101 Firefox/77.0"
::ffff:20.100.200.205 - - [23/Apr/2023:18:18:15 +0000] "GET /core/.env HTTP/1.1" 404 148 "-" "Mozilla/5.0 (Macintosh; Intel Mac OS X 10.15; rv:77.0) Gecko/20100101 Firefox/77.0"
::ffff:20.100.200.205 - - [23/Apr/2023:18:18:16 +0000] "POST /core/.env HTTP/1.1" 404 149 "-" "Mozilla/5.0 (Macintosh; Intel Mac OS X 10.15; rv:77.0) Gecko/20100101 Firefox/77.0"
::ffff:20.100.200.205 - - [23/Apr/2023:18:18:18 +0000] "GET /.env.save HTTP/1.1" 404 148 "-" "Mozilla/5.0 (Macintosh; Intel Mac OS X 10.15; rv:77.0) Gecko/20100101 Firefox/77.0"
::ffff:20.100.200.205 - - [23/Apr/2023:18:18:18 +0000] "POST /.env.save HTTP/1.1" 404 149 "-" "Mozilla/5.0 (Macintosh; Intel Mac OS X 10.15; rv:77.0) Gecko/20100101 Firefox/77.0"
::ffff:20.100.200.205 - - [23/Apr/2023:18:18:20 +0000] "GET /development/.env HTTP/1.1" 404 155 "-" "Mozilla/5.0 (Macintosh; Intel Mac OS X 10.15; rv:77.0) Gecko/20100101 Firefox/77.0"
::ffff:20.100.200.205 - - [23/Apr/2023:18:18:21 +0000] "POST /development/.env HTTP/1.1" 404 156 "-" "Mozilla/5.0 (Macintosh; Intel Mac OS X 10.15; rv:77.0) Gecko/20100101 Firefox/77.0"
::ffff:20.100.200.205 - - [23/Apr/2023:18:18:24 +0000] "GET /.env.production HTTP/1.1" 404 154 "-" "Mozilla/5.0 (Macintosh; Intel Mac OS X 10.15; rv:77.0) Gecko/20100101 Firefox/77.0"
::ffff:20.100.200.205 - - [23/Apr/2023:18:18:24 +0000] "POST /.env.production HTTP/1.1" 404 155 "-" "Mozilla/5.0 (Macintosh; Intel Mac OS X 10.15; rv:77.0) Gecko/20100101 Firefox/77.0"
::ffff:20.100.200.205 - - [23/Apr/2023:18:18:27 +0000] "GET /system/.env HTTP/1.1" 404 150 "-" "Mozilla/5.0 (Macintosh; Intel Mac OS X 10.15; rv:77.0) Gecko/20100101 Firefox/77.0"
::ffff:20.100.200.205 - - [23/Apr/2023:18:18:28 +0000] "POST /system/.env HTTP/1.1" 404 151 "-" "Mozilla/5.0 (Macintosh; Intel Mac OS X 10.15; rv:77.0) Gecko/20100101 Firefox/77.0"
::ffff:20.100.200.205 - - [23/Apr/2023:18:18:31 +0000] "GET /.env.prod HTTP/1.1" 404 148 "-" "Mozilla/5.0 (Macintosh; Intel Mac OS X 10.15; rv:77.0) Gecko/20100101 Firefox/77.0"
::ffff:20.100.200.205 - - [23/Apr/2023:18:18:32 +0000] "POST /.env.prod HTTP/1.1" 404 149 "-" "Mozilla/5.0 (Macintosh; Intel Mac OS X 10.15; rv:77.0) Gecko/20100101 Firefox/77.0"
::ffff:20.100.200.205 - - [23/Apr/2023:18:18:36 +0000] "GET /app/.env HTTP/1.1" 404 147 "-" "Mozilla/5.0 (Macintosh; Intel Mac OS X 10.15; rv:77.0) Gecko/20100101 Firefox/77.0"
::ffff:20.100.200.205 - - [23/Apr/2023:18:18:36 +0000] "POST /app/.env HTTP/1.1" 404 148 "-" "Mozilla/5.0 (Macintosh; Intel Mac OS X 10.15; rv:77.0) Gecko/20100101 Firefox/77.0"
::ffff:20.100.200.205 - - [23/Apr/2023:18:18:38 +0000] "GET /private/.env HTTP/1.1" 404 151 "-" "Mozilla/5.0 (Macintosh; Intel Mac OS X 10.15; rv:77.0) Gecko/20100101 Firefox/77.0"
::ffff:20.100.200.205 - - [23/Apr/2023:18:18:39 +0000] "POST /private/.env HTTP/1.1" 404 152 "-" "Mozilla/5.0 (Macintosh; Intel Mac OS X 10.15; rv:77.0) Gecko/20100101 Firefox/77.0"
::ffff:20.100.200.205 - - [23/Apr/2023:18:18:43 +0000] "GET /enviroments/.env HTTP/1.1" 404 155 "-" "Mozilla/5.0 (Macintosh; Intel Mac OS X 10.15; rv:77.0) Gecko/20100101 Firefox/77.0"
::ffff:20.100.200.205 - - [23/Apr/2023:18:18:44 +0000] "POST /enviroments/.env HTTP/1.1" 404 156 "-" "Mozilla/5.0 (Macintosh; Intel Mac OS X 10.15; rv:77.0) Gecko/20100101 Firefox/77.0"
::ffff:20.100.200.205 - - [23/Apr/2023:18:18:48 +0000] "GET /.env.dist HTTP/1.1" 404 148 "-" "Mozilla/5.0 (Macintosh; Intel Mac OS X 10.15; rv:77.0) Gecko/20100101 Firefox/77.0"
::ffff:20.100.200.205 - - [23/Apr/2023:18:18:48 +0000] "POST /.env.dist HTTP/1.1" 404 149 "-" "Mozilla/5.0 (Macintosh; Intel Mac OS X 10.15; rv:77.0) Gecko/20100101 Firefox/77.0"
::ffff:20.100.200.205 - - [23/Apr/2023:18:18:50 +0000] "GET /shared/.env HTTP/1.1" 404 150 "-" "Mozilla/5.0 (Macintosh; Intel Mac OS X 10.15; rv:77.0) Gecko/20100101 Firefox/77.0"
::ffff:20.100.200.205 - - [23/Apr/2023:18:18:51 +0000] "POST /shared/.env HTTP/1.1" 404 151 "-" "Mozilla/5.0 (Macintosh; Intel Mac OS X 10.15; rv:77.0) Gecko/20100101 Firefox/77.0"
::ffff:20.100.200.205 - - [23/Apr/2023:18:18:52 +0000] "GET /fedex/.env HTTP/1.1" 404 149 "-" "Mozilla/5.0 (Macintosh; Intel Mac OS X 10.15; rv:77.0) Gecko/20100101 Firefox/77.0"
::ffff:20.100.200.205 - - [23/Apr/2023:18:18:53 +0000] "POST /fedex/.env HTTP/1.1" 404 150 "-" "Mozilla/5.0 (Macintosh; Intel Mac OS X 10.15; rv:77.0) Gecko/20100101 Firefox/77.0"
::ffff:20.100.200.205 - - [23/Apr/2023:18:18:54 +0000] "GET /.env.development HTTP/1.1" 404 155 "-" "Mozilla/5.0 (Macintosh; Intel Mac OS X 10.15; rv:77.0) Gecko/20100101 Firefox/77.0"
::ffff:20.100.200.205 - - [23/Apr/2023:18:18:55 +0000] "POST /.env.development HTTP/1.1" 404 156 "-" "Mozilla/5.0 (Macintosh; Intel Mac OS X 10.15; rv:77.0) Gecko/20100101 Firefox/77.0"
::ffff:20.100.200.205 - - [23/Apr/2023:18:18:57 +0000] "GET /script/.env HTTP/1.1" 404 150 "-" "Mozilla/5.0 (Macintosh; Intel Mac OS X 10.15; rv:77.0) Gecko/20100101 Firefox/77.0"
::ffff:20.100.200.205 - - [23/Apr/2023:18:18:57 +0000] "POST /script/.env HTTP/1.1" 404 151 "-" "Mozilla/5.0 (Macintosh; Intel Mac OS X 10.15; rv:77.0) Gecko/20100101 Firefox/77.0"
::ffff:20.100.200.205 - - [23/Apr/2023:18:18:59 +0000] "GET /live_env HTTP/1.1" 404 147 "-" "Mozilla/5.0 (Macintosh; Intel Mac OS X 10.15; rv:77.0) Gecko/20100101 Firefox/77.0"
::ffff:20.100.200.205 - - [23/Apr/2023:18:18:59 +0000] "POST /live_env HTTP/1.1" 404 148 "-" "Mozilla/5.0 (Macintosh; Intel Mac OS X 10.15; rv:77.0) Gecko/20100101 Firefox/77.0"
::ffff:20.100.200.205 - - [23/Apr/2023:18:19:01 +0000] "GET /.env HTTP/1.1" 404 143 "-" "Mozilla/5.0 (Macintosh; Intel Mac OS X 10.15; rv:77.0) Gecko/20100101 Firefox/77.0"
::ffff:20.100.200.205 - - [23/Apr/2023:18:19:01 +0000] "POST /.env HTTP/1.1" 404 144 "-" "Mozilla/5.0 (Macintosh; Intel Mac OS X 10.15; rv:77.0) Gecko/20100101 Firefox/77.0"
::ffff:20.100.200.205 - - [23/Apr/2023:18:19:03 +0000] "GET /admin-app/.env HTTP/1.1" 404 153 "-" "Mozilla/5.0 (Macintosh; Intel Mac OS X 10.15; rv:77.0) Gecko/20100101 Firefox/77.0"
::ffff:20.100.200.205 - - [23/Apr/2023:18:19:04 +0000] "POST /admin-app/.env HTTP/1.1" 404 154 "-" "Mozilla/5.0 (Macintosh; Intel Mac OS X 10.15; rv:77.0) Gecko/20100101 Firefox/77.0"
::ffff:20.100.200.205 - - [23/Apr/2023:18:19:07 +0000] "GET /apps/.env HTTP/1.1" 404 148 "-" "Mozilla/5.0 (Macintosh; Intel Mac OS X 10.15; rv:77.0) Gecko/20100101 Firefox/77.0"
::ffff:20.100.200.205 - - [23/Apr/2023:18:19:07 +0000] "POST /apps/.env HTTP/1.1" 404 149 "-" "Mozilla/5.0 (Macintosh; Intel Mac OS X 10.15; rv:77.0) Gecko/20100101 Firefox/77.0"
::ffff:20.100.200.205 - - [23/Apr/2023:18:19:10 +0000] "GET /rest/.env HTTP/1.1" 404 148 "-" "Mozilla/5.0 (Macintosh; Intel Mac OS X 10.15; rv:77.0) Gecko/20100101 Firefox/77.0"
::ffff:20.100.200.205 - - [23/Apr/2023:18:19:11 +0000] "POST /rest/.env HTTP/1.1" 404 149 "-" "Mozilla/5.0 (Macintosh; Intel Mac OS X 10.15; rv:77.0) Gecko/20100101 Firefox/77.0"
::ffff:20.100.200.205 - - [23/Apr/2023:18:19:15 +0000] "GET /.env.project HTTP/1.1" 404 151 "-" "Mozilla/5.0 (Macintosh; Intel Mac OS X 10.15; rv:77.0) Gecko/20100101 Firefox/77.0"
::ffff:20.100.200.205 - - [23/Apr/2023:18:19:16 +0000] "POST /.env.project HTTP/1.1" 404 152 "-" "Mozilla/5.0 (Macintosh; Intel Mac OS X 10.15; rv:77.0) Gecko/20100101 Firefox/77.0"
::ffff:20.100.200.205 - - [23/Apr/2023:18:19:20 +0000] "GET /enviroments/.env.production HTTP/1.1" 404 166 "-" "Mozilla/5.0 (Macintosh; Intel Mac OS X 10.15; rv:77.0) Gecko/20100101 Firefox/77.0"
::ffff:20.100.200.205 - - [23/Apr/2023:18:19:21 +0000] "POST /enviroments/.env.production HTTP/1.1" 404 167 "-" "Mozilla/5.0 (Macintosh; Intel Mac OS X 10.15; rv:77.0) Gecko/20100101 Firefox/77.0"
::ffff:20.100.200.205 - - [23/Apr/2023:18:19:22 +0000] "GET /local/.env HTTP/1.1" 404 149 "-" "Mozilla/5.0 (Macintosh; Intel Mac OS X 10.15; rv:77.0) Gecko/20100101 Firefox/77.0"
::ffff:20.100.200.205 - - [23/Apr/2023:18:19:23 +0000] "POST /local/.env HTTP/1.1" 404 150 "-" "Mozilla/5.0 (Macintosh; Intel Mac OS X 10.15; rv:77.0) Gecko/20100101 Firefox/77.0"
::ffff:20.100.200.205 - - [23/Apr/2023:18:19:24 +0000] "GET /application/.env HTTP/1.1" 404 155 "-" "Mozilla/5.0 (Macintosh; Intel Mac OS X 10.15; rv:77.0) Gecko/20100101 Firefox/77.0"
::ffff:20.100.200.205 - - [23/Apr/2023:18:19:25 +0000] "POST /application/.env HTTP/1.1" 404 156 "-" "Mozilla/5.0 (Macintosh; Intel Mac OS X 10.15; rv:77.0) Gecko/20100101 Firefox/77.0"
::ffff:20.100.200.205 - - [23/Apr/2023:18:19:27 +0000] "GET /docker/.env HTTP/1.1" 404 150 "-" "Mozilla/5.0 (Macintosh; Intel Mac OS X 10.15; rv:77.0) Gecko/20100101 Firefox/77.0"
::ffff:20.100.200.205 - - [23/Apr/2023:18:19:27 +0000] "POST /docker/.env HTTP/1.1" 404 151 "-" "Mozilla/5.0 (Macintosh; Intel Mac OS X 10.15; rv:77.0) Gecko/20100101 Firefox/77.0"
::ffff:20.100.200.205 - - [23/Apr/2023:18:19:29 +0000] "GET /cp/.env HTTP/1.1" 404 146 "-" "Mozilla/5.0 (Macintosh; Intel Mac OS X 10.15; rv:77.0) Gecko/20100101 Firefox/77.0"
::ffff:20.100.200.205 - - [23/Apr/2023:18:19:29 +0000] "POST /cp/.env HTTP/1.1" 404 147 "-" "Mozilla/5.0 (Macintosh; Intel Mac OS X 10.15; rv:77.0) Gecko/20100101 Firefox/77.0"
::ffff:20.100.200.205 - - [23/Apr/2023:18:19:31 +0000] "GET /.env.old HTTP/1.1" 404 147 "-" "Mozilla/5.0 (Macintosh; Intel Mac OS X 10.15; rv:77.0) Gecko/20100101 Firefox/77.0"
::ffff:20.100.200.205 - - [23/Apr/2023:18:19:31 +0000] "POST /.env.old HTTP/1.1" 404 148 "-" "Mozilla/5.0 (Macintosh; Intel Mac OS X 10.15; rv:77.0) Gecko/20100101 Firefox/77.0"
::ffff:20.100.200.205 - - [23/Apr/2023:18:19:36 +0000] "GET /api/.env HTTP/1.1" 404 147 "-" "Mozilla/5.0 (Macintosh; Intel Mac OS X 10.15; rv:77.0) Gecko/20100101 Firefox/77.0"
::ffff:20.100.200.205 - - [23/Apr/2023:18:19:36 +0000] "POST /api/.env HTTP/1.1" 404 148 "-" "Mozilla/5.0 (Macintosh; Intel Mac OS X 10.15; rv:77.0) Gecko/20100101 Firefox/77.0"
::ffff:20.100.200.205 - - [23/Apr/2023:18:19:38 +0000] "GET /laravel/.env HTTP/1.1" 404 151 "-" "Mozilla/5.0 (Macintosh; Intel Mac OS X 10.15; rv:77.0) Gecko/20100101 Firefox/77.0"
::ffff:20.100.200.205 - - [23/Apr/2023:18:19:39 +0000] "POST /laravel/.env HTTP/1.1" 404 152 "-" "Mozilla/5.0 (Macintosh; Intel Mac OS X 10.15; rv:77.0) Gecko/20100101 Firefox/77.0"
::ffff:20.100.200.205 - - [23/Apr/2023:18:19:45 +0000] "GET /cms/.env HTTP/1.1" 404 147 "-" "Mozilla/5.0 (Macintosh; Intel Mac OS X 10.15; rv:77.0) Gecko/20100101 Firefox/77.0"
::ffff:20.100.200.205 - - [23/Apr/2023:18:19:45 +0000] "POST /cms/.env HTTP/1.1" 404 148 "-" "Mozilla/5.0 (Macintosh; Intel Mac OS X 10.15; rv:77.0) Gecko/20100101 Firefox/77.0"
::ffff:20.100.200.205 - - [23/Apr/2023:18:19:47 +0000] "GET /frontend_dev.php/$ HTTP/1.1" 404 157 "-" "Mozilla/5.0 (Macintosh; Intel Mac OS X 10.15; rv:77.0) Gecko/20100101 Firefox/77.0"
::ffff:20.100.200.205 - - [23/Apr/2023:18:19:49 +0000] "GET /debug/default/view?panel=config HTTP/1.1" 404 157 "-" "Mozilla/5.0 (Macintosh; Intel Mac OS X 10.15; rv:77.0) Gecko/20100101 Firefox/77.0"
::ffff:20.100.200.205 - - [23/Apr/2023:18:19:51 +0000] "GET /config.json HTTP/1.1" 404 150 "-" "Mozilla/5.0 (Macintosh; Intel Mac OS X 10.15; rv:77.0) Gecko/20100101 Firefox/77.0"
::ffff:20.100.200.205 - - [23/Apr/2023:18:19:52 +0000] "GET /.json HTTP/1.1" 404 144 "-" "Mozilla/5.0 (Macintosh; Intel Mac OS X 10.15; rv:77.0) Gecko/20100101 Firefox/77.0"
::ffff:20.100.200.205 - - [23/Apr/2023:18:19:57 +0000] "GET /?phpinfo=1 HTTP/1.1" 200 58146 "-" "Mozilla/5.0 (Macintosh; Intel Mac OS X 10.15; rv:77.0) Gecko/20100101 Firefox/77.0"
::ffff:20.100.200.205 - - [23/Apr/2023:18:20:01 +0000] "GET /phpinfo.php HTTP/1.1" 404 150 "-" "Mozilla/5.0 (Macintosh; Intel Mac OS X 10.15; rv:77.0) Gecko/20100101 Firefox/77.0"
::ffff:20.100.200.205 - - [23/Apr/2023:18:20:06 +0000] "GET /info.php HTTP/1.1" 404 147 "-" "Mozilla/5.0 (Macintosh; Intel Mac OS X 10.15; rv:77.0) Gecko/20100101 Firefox/77.0"
::ffff:20.100.200.205 - - [23/Apr/2023:18:20:09 +0000] "GET /_profiler/phpinfo HTTP/1.1" 404 156 "-" "Mozilla/5.0 (Macintosh; Intel Mac OS X 10.15; rv:77.0) Gecko/20100101 Firefox/77.0"
::ffff:54.36.148.32 - - [23/Apr/2023:18:28:07 +0000] "GET /robots.txt HTTP/1.1" 404 149 "-" "Mozilla/5.0 (compatible; AhrefsBot/7.0; +http://ahrefs.com/robot/)"
::ffff:51.222.253.2 - - [23/Apr/2023:18:28:08 +0000] "GET /contact?s=1&ss=4 HTTP/1.1" 200 9997 "-" "Mozilla/5.0 (compatible; AhrefsBot/7.0; +http://ahrefs.com/robot/)"
::ffff:223.240.101.111 - - [23/Apr/2023:18:30:41 +0000] "GET / HTTP/1.1" 200 58146 "-" "Mozilla/5.0 (iPhone; CPU iPhone OS 13_2_3 like Mac OS X) AppleWebKit/605.1.15 (KHTML, like Gecko) Version/13.0.3 Mobile/15E148 Safari/604.1"
::ffff:139.99.9.160 - - [23/Apr/2023:18:40:27 +0000] "GET / HTTP/1.1" 200 58146 "-" "Mozilla/5.0 (X11; Ubuntu; Linux x86_64; rv:58.0) Gecko/20100101 Firefox/58.0"
::ffff:178.212.53.15 - - [23/Apr/2023:18:41:57 +0000] "GET / HTTP/1.1" 200 58146 "-" "Mozilla/5.0 (Windows NT 6.1; WOW64) AppleWebKit/537.36 (KHTML, like Gecko) Chrome/52.0.2743.116 Safari/537.36"
::ffff:43.155.118.219 - - [23/Apr/2023:18:44:50 +0000] "HEAD /Core/Skin/Login.aspx HTTP/1.1" 404 160 "-" "Mozilla/5.0 (Windows NT 10.0; Win64; x64) AppleWebKit/537.36 (KHTML, like Gecko) Chrome/106.0.0.0 Safari/537.36"
::ffff:195.191.219.131 - - [23/Apr/2023:18:50:53 +0000] "GET /robots.txt HTTP/1.1" 404 149 "-" "Mozilla/5.0 (compatible; MJ12bot/v1.4.8; http://mj12bot.com/)"
::ffff:195.191.219.131 - - [23/Apr/2023:18:50:55 +0000] "GET / HTTP/1.1" 200 58146 "-" "Mozilla/5.0 (compatible; MJ12bot/v1.4.8; http://mj12bot.com/)"
::ffff:195.191.219.131 - - [23/Apr/2023:18:50:57 +0000] "GET /robots.txt HTTP/1.1" 404 149 "-" "Mozilla/5.0 (compatible; MJ12bot/v1.4.8; http://mj12bot.com/)"
::ffff:195.191.219.131 - - [23/Apr/2023:18:50:59 +0000] "GET / HTTP/1.1" 200 58146 "-" "Mozilla/5.0 (compatible; MJ12bot/v1.4.8; http://mj12bot.com/)"
::ffff:40.77.167.122 - - [23/Apr/2023:19:09:53 +0000] "GET / HTTP/1.1" 200 58146 "-" "Mozilla/5.0 AppleWebKit/537.36 (KHTML, like Gecko; compatible; bingbot/2.0; +http://www.bing.com/bingbot.htm) Chrome/103.0.5060.134 Safari/537.36"
::ffff:45.234.233.194 - - [23/Apr/2023:19:19:01 +0000] "GET /images/dragon-trans.png HTTP/1.1" 304 - "http://wadokikai.org/resources" "Mozilla/5.0 (Macintosh; Intel Mac OS X 10_15_7) AppleWebKit/605.1.15 (KHTML, like Gecko) Version/16.3 Safari/605.1.15"
::ffff:45.234.233.194 - - [23/Apr/2023:19:19:06 +0000] "GET /images/tiger.bmp HTTP/1.1" 304 - "http://wadokikai.org/resources" "Mozilla/5.0 (Macintosh; Intel Mac OS X 10_15_7) AppleWebKit/605.1.15 (KHTML, like Gecko) Version/16.3 Safari/605.1.15"
::ffff:135.125.244.48 - - [23/Apr/2023:19:22:37 +0000] "GET /.env HTTP/1.1" 404 143 "-" "Mozilla/5.0 (X11; Linux x86_64) AppleWebKit/537.36 (KHTML, like Gecko) Chrome/81.0.4044.129 Safari/537.36"
::ffff:135.125.244.48 - - [23/Apr/2023:19:22:38 +0000] "POST / HTTP/1.1" 404 140 "-" "Mozilla/5.0 (X11; Linux x86_64) AppleWebKit/537.36 (KHTML, like Gecko) Chrome/81.0.4044.129 Safari/537.36"
::ffff:45.234.233.194 - - [23/Apr/2023:19:24:35 +0000] "GET /images/tiger.bmp HTTP/1.1" 304 - "http://wadokikai.org/resources" "Mozilla/5.0 (Macintosh; Intel Mac OS X 10_15_7) AppleWebKit/605.1.15 (KHTML, like Gecko) Version/16.3 Safari/605.1.15"
::ffff:45.234.233.194 - - [23/Apr/2023:19:26:20 +0000] "GET /images/tiger.bmp HTTP/1.1" 304 - "http://wadokikai.org/resources" "Mozilla/5.0 (Macintosh; Intel Mac OS X 10_15_7) AppleWebKit/605.1.15 (KHTML, like Gecko) Version/16.3 Safari/605.1.15"
::ffff:135.125.244.48 - - [23/Apr/2023:19:27:59 +0000] "GET /.env HTTP/1.1" 404 143 "-" "Mozilla/5.0 (X11; Linux x86_64) AppleWebKit/537.36 (KHTML, like Gecko) Chrome/81.0.4044.129 Safari/537.36"
::ffff:135.125.244.48 - - [23/Apr/2023:19:27:59 +0000] "POST / HTTP/1.1" 404 140 "-" "Mozilla/5.0 (X11; Linux x86_64) AppleWebKit/537.36 (KHTML, like Gecko) Chrome/81.0.4044.129 Safari/537.36"
::ffff:45.234.233.194 - - [23/Apr/2023:19:30:24 +0000] "GET /images/dragon-trans.png HTTP/1.1" 304 - "http://wadokikai.org/resources" "Mozilla/5.0 (Macintosh; Intel Mac OS X 10_15_7) AppleWebKit/605.1.15 (KHTML, like Gecko) Version/16.3 Safari/605.1.15"
::ffff:45.234.233.194 - - [23/Apr/2023:19:30:48 +0000] "GET /images/dragon-trans.png HTTP/1.1" 304 - "http://wadokikai.org/resources" "Mozilla/5.0 (Macintosh; Intel Mac OS X 10_15_7) AppleWebKit/605.1.15 (KHTML, like Gecko) Version/16.3 Safari/605.1.15"
::ffff:54.36.112.44 - - [23/Apr/2023:19:31:15 +0000] "GET /.env HTTP/1.1" 404 143 "-" "Mozilla/5.0 (X11; Linux x86_64) AppleWebKit/537.36 (KHTML, like Gecko) Chrome/81.0.4044.129 Safari/537.36"
::ffff:54.36.112.44 - - [23/Apr/2023:19:31:16 +0000] "POST / HTTP/1.1" 404 140 "-" "Mozilla/5.0 (X11; Linux x86_64) AppleWebKit/537.36 (KHTML, like Gecko) Chrome/81.0.4044.129 Safari/537.36"
::ffff:45.234.233.194 - - [23/Apr/2023:19:31:24 +0000] "GET /images/tiger.bmp HTTP/1.1" 304 - "http://wadokikai.org/resources" "Mozilla/5.0 (Macintosh; Intel Mac OS X 10_15_7) AppleWebKit/605.1.15 (KHTML, like Gecko) Version/16.3 Safari/605.1.15"
::ffff:45.234.233.194 - - [23/Apr/2023:19:33:24 +0000] "GET /images/tiger.bmp HTTP/1.1" 304 - "http://wadokikai.org/resources" "Mozilla/5.0 (Macintosh; Intel Mac OS X 10_15_7) AppleWebKit/605.1.15 (KHTML, like Gecko) Version/16.3 Safari/605.1.15"
::ffff:185.191.171.2 - - [23/Apr/2023:19:40:31 +0000] "GET /robots.txt HTTP/1.1" 404 149 "-" "Mozilla/5.0 (compatible; SemrushBot/7~bl; +http://www.semrush.com/bot.html)"
::ffff:185.191.171.12 - - [23/Apr/2023:19:40:31 +0000] "GET /contact?s=1&ss=6 HTTP/1.1" 200 9997 "-" "Mozilla/5.0 (compatible; SemrushBot/7~bl; +http://www.semrush.com/bot.html)"
::ffff:170.187.204.38 - - [23/Apr/2023:19:42:06 +0000] "GET /.git/config HTTP/1.1" 404 150 "-" "Mozilla/5.0 (Windows; U; Windows NT 5.2; en-US) AppleWebKit/537.36 (KHTML, like Gecko) Chrome/57.0.2987.108 Safari/537.36 UCBrowser/12.13.0.1207"
::ffff:43.155.118.219 - - [23/Apr/2023:20:03:25 +0000] "HEAD /Core/Skin/Login.aspx HTTP/1.1" 404 160 "-" "Mozilla/5.0 (Windows NT 10.0; Win64; x64) AppleWebKit/537.36 (KHTML, like Gecko) Chrome/106.0.0.0 Safari/537.36"
::ffff:185.191.171.13 - - [23/Apr/2023:20:16:59 +0000] "GET /contact?s=1&ss=4 HTTP/1.1" 200 9997 "-" "Mozilla/5.0 (compatible; SemrushBot/7~bl; +http://www.semrush.com/bot.html)"
::ffff:114.119.149.23 - - [23/Apr/2023:20:22:13 +0000] "GET /robots.txt HTTP/1.1" 404 149 "-" "Mozilla/5.0 (compatible;PetalBot;+https://webmaster.petalsearch.com/site/petalbot)"
::ffff:185.191.171.2 - - [23/Apr/2023:20:36:11 +0000] "GET /robots.txt HTTP/1.1" 404 149 "-" "Mozilla/5.0 (compatible; SemrushBot/7~bl; +http://www.semrush.com/bot.html)"
::ffff:185.191.171.9 - - [23/Apr/2023:20:36:13 +0000] "GET / HTTP/1.1" 200 58146 "-" "Mozilla/5.0 (compatible; SemrushBot/7~bl; +http://www.semrush.com/bot.html)"
::ffff:34.67.136.168 - - [23/Apr/2023:20:43:28 +0000] "GET / HTTP/1.1" 200 58146 "-" "Mozilla/5.0 (compatible; tchelebi/1.0; +http://tchelebi.io)"
::ffff:114.119.157.245 - - [23/Apr/2023:20:51:46 +0000] "GET /robots.txt HTTP/1.1" 404 149 "-" "Mozilla/5.0 (compatible;PetalBot;+https://webmaster.petalsearch.com/site/petalbot)"
::ffff:185.191.171.5 - - [23/Apr/2023:21:01:36 +0000] "GET /robots.txt HTTP/1.1" 404 149 "-" "Mozilla/5.0 (compatible; SemrushBot/7~bl; +http://www.semrush.com/bot.html)"
::ffff:185.191.171.37 - - [23/Apr/2023:21:01:38 +0000] "GET /contact?s=1&ss=8 HTTP/1.1" 200 9997 "-" "Mozilla/5.0 (compatible; SemrushBot/7~bl; +http://www.semrush.com/bot.html)"
::ffff:135.125.244.48 - - [23/Apr/2023:21:07:55 +0000] "GET /.env HTTP/1.1" 404 143 "-" "Mozilla/5.0 (X11; Linux x86_64) AppleWebKit/537.36 (KHTML, like Gecko) Chrome/81.0.4044.129 Safari/537.36"
::ffff:135.125.244.48 - - [23/Apr/2023:21:07:56 +0000] "POST / HTTP/1.1" 404 140 "-" "Mozilla/5.0 (X11; Linux x86_64) AppleWebKit/537.36 (KHTML, like Gecko) Chrome/81.0.4044.129 Safari/537.36"
::ffff:51.254.49.110 - - [23/Apr/2023:21:08:24 +0000] "GET / HTTP/1.1" 200 58146 "-" "Mozilla/5.0 (X11; Ubuntu; Linux x86_64; rv:58.0) Gecko/20100101 Firefox/58.0"
::ffff:66.249.79.183 - - [23/Apr/2023:21:16:34 +0000] "GET / HTTP/1.1" 200 58146 "-" "Mozilla/5.0 (compatible; Googlebot/2.1; +http://www.google.com/bot.html)"
::ffff:43.155.118.219 - - [23/Apr/2023:21:21:55 +0000] "HEAD /Core/Skin/Login.aspx HTTP/1.1" 404 160 "-" "Mozilla/5.0 (Windows NT 10.0; Win64; x64) AppleWebKit/537.36 (KHTML, like Gecko) Chrome/106.0.0.0 Safari/537.36"
::ffff:66.249.79.187 - - [23/Apr/2023:21:22:02 +0000] "GET /favicon.ico HTTP/1.1" 404 150 "-" "Googlebot-Image/1.0"
::ffff:193.32.162.159 - - [23/Apr/2023:21:22:27 +0000] "GET / HTTP/1.1" 200 58146 "-" "Mozilla/5.0 (Windows NT 10.0; Win64; x64) AppleWebKit/537.36 (KHTML, like Gecko) Chrome/90.0.4430.85 Safari/537.36 Edg/90.0.818.46"
::ffff:193.32.162.159 - - [23/Apr/2023:21:22:32 +0000] "GET /dispatch.asp HTTP/1.1" 404 151 "-" "Mozilla/5.0 (Windows NT 10.0; Win64; x64) AppleWebKit/537.36 (KHTML, like Gecko) Chrome/90.0.4430.85 Safari/537.36 Edg/90.0.818.46"
::ffff:45.79.171.66 - - [23/Apr/2023:21:52:40 +0000] "GET /service.php?token=1819&action=11 HTTP/1.0" 404 150 "-" "-"
::ffff:52.167.144.98 - - [23/Apr/2023:21:53:40 +0000] "GET / HTTP/1.1" 200 58146 "-" "Mozilla/5.0 AppleWebKit/537.36 (KHTML, like Gecko; compatible; bingbot/2.0; +http://www.bing.com/bingbot.htm) Chrome/103.0.5060.134 Safari/537.36"
::ffff:193.32.162.159 - - [23/Apr/2023:21:54:25 +0000] "GET / HTTP/1.1" 200 58146 "-" "Mozilla/5.0 (Windows NT 10.0; Win64; x64) AppleWebKit/537.36 (KHTML, like Gecko) Chrome/90.0.4430.85 Safari/537.36 Edg/90.0.818.46"
::ffff:193.32.162.159 - - [23/Apr/2023:21:54:31 +0000] "GET /dispatch.asp HTTP/1.1" 404 151 "-" "Mozilla/5.0 (Windows NT 10.0; Win64; x64) AppleWebKit/537.36 (KHTML, like Gecko) Chrome/90.0.4430.85 Safari/537.36 Edg/90.0.818.46"
::ffff:138.68.208.10 - - [23/Apr/2023:21:58:27 +0000] "GET /owa/auth/logon.aspx?url=https%3a%2f%2f1%2fecp%2f HTTP/1.1" 404 158 "-" "Mozilla/5.0 zgrab/0.x"
::ffff:114.119.136.160 - - [23/Apr/2023:22:05:06 +0000] "GET /joinemail?type=blackbeltclasses HTTP/1.1" 200 8998 "http://www.wadokikai.org/events" "Mozilla/5.0 (Linux; Android 7.0;) AppleWebKit/537.36 (KHTML, like Gecko) Mobile Safari/537.36 (compatible; PetalBot;+https://webmaster.petalsearch.com/site/petalbot)"
::ffff:69.181.28.82 - - [23/Apr/2023:22:21:27 +0000] "GET / HTTP/1.1" 200 58146 "https://www.google.com/" "Mozilla/5.0 (iPhone; CPU iPhone OS 16_0_2 like Mac OS X) AppleWebKit/605.1.15 (KHTML, like Gecko) Version/16.0 Mobile/15E148 Safari/604.1"
::ffff:69.181.28.82 - - [23/Apr/2023:22:21:27 +0000] "GET /images/wkkpatch22_med.png HTTP/1.1" 200 32301 "http://wadokikai.org/" "Mozilla/5.0 (iPhone; CPU iPhone OS 16_0_2 like Mac OS X) AppleWebKit/605.1.15 (KHTML, like Gecko) Version/16.0 Mobile/15E148 Safari/604.1"
::ffff:69.181.28.82 - - [23/Apr/2023:22:21:27 +0000] "GET /css/wadokikai.css HTTP/1.1" 200 4337 "http://wadokikai.org/" "Mozilla/5.0 (iPhone; CPU iPhone OS 16_0_2 like Mac OS X) AppleWebKit/605.1.15 (KHTML, like Gecko) Version/16.0 Mobile/15E148 Safari/604.1"
::ffff:69.181.28.82 - - [23/Apr/2023:22:21:27 +0000] "GET /js/common.js HTTP/1.1" 200 2255 "http://wadokikai.org/" "Mozilla/5.0 (iPhone; CPU iPhone OS 16_0_2 like Mac OS X) AppleWebKit/605.1.15 (KHTML, like Gecko) Version/16.0 Mobile/15E148 Safari/604.1"
::ffff:69.181.28.82 - - [23/Apr/2023:22:21:27 +0000] "GET /images/schools/alamedakaratedomap.jpg HTTP/1.1" 200 38311 "http://wadokikai.org/" "Mozilla/5.0 (iPhone; CPU iPhone OS 16_0_2 like Mac OS X) AppleWebKit/605.1.15 (KHTML, like Gecko) Version/16.0 Mobile/15E148 Safari/604.1"
::ffff:69.181.28.82 - - [23/Apr/2023:22:21:27 +0000] "GET /images/schools/orindakaratedomap.jpg HTTP/1.1" 200 34167 "http://wadokikai.org/" "Mozilla/5.0 (iPhone; CPU iPhone OS 16_0_2 like Mac OS X) AppleWebKit/605.1.15 (KHTML, like Gecko) Version/16.0 Mobile/15E148 Safari/604.1"
::ffff:69.181.28.82 - - [23/Apr/2023:22:21:27 +0000] "GET /images/schools/dcakaratedomap.jpg HTTP/1.1" 200 35262 "http://wadokikai.org/" "Mozilla/5.0 (iPhone; CPU iPhone OS 16_0_2 like Mac OS X) AppleWebKit/605.1.15 (KHTML, like Gecko) Version/16.0 Mobile/15E148 Safari/604.1"
::ffff:69.181.28.82 - - [23/Apr/2023:22:21:27 +0000] "GET /images/schools/harborbaykaratedomap.jpg HTTP/1.1" 200 37245 "http://wadokikai.org/" "Mozilla/5.0 (iPhone; CPU iPhone OS 16_0_2 like Mac OS X) AppleWebKit/605.1.15 (KHTML, like Gecko) Version/16.0 Mobile/15E148 Safari/604.1"
::ffff:69.181.28.82 - - [23/Apr/2023:22:21:27 +0000] "GET /images/schools/nunleykaratedomap.jpg HTTP/1.1" 200 42667 "http://wadokikai.org/" "Mozilla/5.0 (iPhone; CPU iPhone OS 16_0_2 like Mac OS X) AppleWebKit/605.1.15 (KHTML, like Gecko) Version/16.0 Mobile/15E148 Safari/604.1"
::ffff:69.181.28.82 - - [23/Apr/2023:22:21:27 +0000] "GET /images/schools/corpuzkaratedomap.jpg HTTP/1.1" 200 36421 "http://wadokikai.org/" "Mozilla/5.0 (iPhone; CPU iPhone OS 16_0_2 like Mac OS X) AppleWebKit/605.1.15 (KHTML, like Gecko) Version/16.0 Mobile/15E148 Safari/604.1"
::ffff:69.181.28.82 - - [23/Apr/2023:22:21:27 +0000] "GET /images/schools/marinkaratedomap.jpg HTTP/1.1" 200 32400 "http://wadokikai.org/" "Mozilla/5.0 (iPhone; CPU iPhone OS 16_0_2 like Mac OS X) AppleWebKit/605.1.15 (KHTML, like Gecko) Version/16.0 Mobile/15E148 Safari/604.1"
::ffff:69.181.28.82 - - [23/Apr/2023:22:21:27 +0000] "GET /images/schools/earhartkaratedomap.jpg HTTP/1.1" 200 41366 "http://wadokikai.org/" "Mozilla/5.0 (iPhone; CPU iPhone OS 16_0_2 like Mac OS X) AppleWebKit/605.1.15 (KHTML, like Gecko) Version/16.0 Mobile/15E148 Safari/604.1"
::ffff:69.181.28.82 - - [23/Apr/2023:22:21:27 +0000] "GET /images/dragon-trans.png HTTP/1.1" 200 85661 "http://wadokikai.org/" "Mozilla/5.0 (iPhone; CPU iPhone OS 16_0_2 like Mac OS X) AppleWebKit/605.1.15 (KHTML, like Gecko) Version/16.0 Mobile/15E148 Safari/604.1"
::ffff:69.181.28.82 - - [23/Apr/2023:22:21:27 +0000] "GET /images/schools/martinezkaratedomap.jpg HTTP/1.1" 200 37724 "http://wadokikai.org/" "Mozilla/5.0 (iPhone; CPU iPhone OS 16_0_2 like Mac OS X) AppleWebKit/605.1.15 (KHTML, like Gecko) Version/16.0 Mobile/15E148 Safari/604.1"
::ffff:69.181.28.82 - - [23/Apr/2023:22:21:27 +0000] "GET /images/schools/manzanitakaratedomap.jpg HTTP/1.1" 200 55402 "http://wadokikai.org/" "Mozilla/5.0 (iPhone; CPU iPhone OS 16_0_2 like Mac OS X) AppleWebKit/605.1.15 (KHTML, like Gecko) Version/16.0 Mobile/15E148 Safari/604.1"
::ffff:69.181.28.82 - - [23/Apr/2023:22:21:27 +0000] "GET /images/promotions/AFSPrelimSchedule.pdf HTTP/1.1" 200 59642 "http://wadokikai.org/" "Mozilla/5.0 (iPhone; CPU iPhone OS 16_0_2 like Mac OS X) AppleWebKit/605.1.15 (KHTML, like Gecko) Version/16.0 Mobile/15E148 Safari/604.1"
::ffff:69.181.28.82 - - [23/Apr/2023:22:21:27 +0000] "GET /images/favicon.ico HTTP/1.1" 200 3638 "http://wadokikai.org/" "Mozilla/5.0 (iPhone; CPU iPhone OS 16_0_2 like Mac OS X) AppleWebKit/605.1.15 (KHTML, like Gecko) Version/16.0 Mobile/15E148 Safari/604.1"
::ffff:69.181.28.82 - - [23/Apr/2023:22:21:31 +0000] "GET /images/tiger.bmp HTTP/1.1" 200 311274 "http://wadokikai.org/" "Mozilla/5.0 (iPhone; CPU iPhone OS 16_0_2 like Mac OS X) AppleWebKit/605.1.15 (KHTML, like Gecko) Version/16.0 Mobile/15E148 Safari/604.1"
::ffff:69.181.28.82 - - [23/Apr/2023:22:21:34 +0000] "GET /images/wadokikai%20kanji.jpg HTTP/1.1" 200 35066 "http://wadokikai.org/" "Mozilla/5.0 (iPhone; CPU iPhone OS 16_0_2 like Mac OS X) AppleWebKit/605.1.15 (KHTML, like Gecko) Version/16.0 Mobile/15E148 Safari/604.1"
::ffff:45.79.171.66 - - [23/Apr/2023:22:21:38 +0000] "GET /service.php?token=1819&action=11 HTTP/1.0" 404 150 "-" "-"
::ffff:109.237.98.226 - - [23/Apr/2023:22:24:05 +0000] "GET /.env HTTP/1.1" 404 143 "-" "Mozilla/5.0 (X11; Linux x86_64) AppleWebKit/537.36 (KHTML, like Gecko) Chrome/81.0.4044.129 Safari/537.36"
::ffff:114.119.157.139 - - [23/Apr/2023:22:39:33 +0000] "GET /contact?s=1&ss=10 HTTP/1.1" 200 9997 "https://wadokikai.org/" "Mozilla/5.0 (Linux; Android 7.0;) AppleWebKit/537.36 (KHTML, like Gecko) Mobile Safari/537.36 (compatible; PetalBot;+https://webmaster.petalsearch.com/site/petalbot)"
::ffff:43.155.118.219 - - [23/Apr/2023:22:40:27 +0000] "HEAD /Core/Skin/Login.aspx HTTP/1.1" 404 160 "-" "Mozilla/5.0 (Windows NT 10.0; Win64; x64) AppleWebKit/537.36 (KHTML, like Gecko) Chrome/106.0.0.0 Safari/537.36"
::ffff:114.119.131.52 - - [23/Apr/2023:22:42:01 +0000] "GET /resources HTTP/1.1" 200 194907 "http://www.wadokikai.org/joinemail?type=specialclasses" "Mozilla/5.0 (Linux; Android 7.0;) AppleWebKit/537.36 (KHTML, like Gecko) Mobile Safari/537.36 (compatible; PetalBot;+https://webmaster.petalsearch.com/site/petalbot)"
::ffff:51.195.145.74 - - [23/Apr/2023:22:45:06 +0000] "GET /.env HTTP/1.1" 404 143 "-" "Mozilla/5.0 (X11; Linux x86_64) AppleWebKit/537.36 (KHTML, like Gecko) Chrome/81.0.4044.129 Safari/537.36"
::ffff:51.195.145.74 - - [23/Apr/2023:22:45:06 +0000] "POST / HTTP/1.1" 404 140 "-" "Mozilla/5.0 (X11; Linux x86_64) AppleWebKit/537.36 (KHTML, like Gecko) Chrome/81.0.4044.129 Safari/537.36"
::ffff:185.191.171.6 - - [23/Apr/2023:22:48:19 +0000] "GET /robots.txt HTTP/1.1" 404 149 "-" "Mozilla/5.0 (compatible; SemrushBot/7~bl; +http://www.semrush.com/bot.html)"
::ffff:185.191.171.14 - - [23/Apr/2023:22:48:20 +0000] "GET /contact?s=1&ss=0 HTTP/1.1" 200 9997 "-" "Mozilla/5.0 (compatible; SemrushBot/7~bl; +http://www.semrush.com/bot.html)"
::ffff:205.210.31.10 - - [23/Apr/2023:22:51:10 +0000] "GET / HTTP/1.1" 200 58146 "-" "Expanse, a Palo Alto Networks company, searches across the global IPv4 space multiple times per day to identify customers&#39; presences on the Internet. If you would like to be excluded from our scans, please send IP addresses/domains to: scaninfo@paloaltonetworks.com"
::ffff:79.110.62.233 - - [23/Apr/2023:22:59:59 +0000] "GET / HTTP/1.1" 200 58146 "-" "Linux Gnu (cow)"
::ffff:54.36.112.44 - - [23/Apr/2023:23:04:24 +0000] "GET /.env HTTP/1.1" 404 143 "-" "Mozilla/5.0 (X11; Linux x86_64) AppleWebKit/537.36 (KHTML, like Gecko) Chrome/81.0.4044.129 Safari/537.36"
::ffff:54.36.112.44 - - [23/Apr/2023:23:04:24 +0000] "POST / HTTP/1.1" 404 140 "-" "Mozilla/5.0 (X11; Linux x86_64) AppleWebKit/537.36 (KHTML, like Gecko) Chrome/81.0.4044.129 Safari/537.36"
::ffff:45.154.98.26 - - [23/Apr/2023:23:04:27 +0000] "GET /.env HTTP/1.1" 404 143 "-" "Mozilla/5.0 (Macintosh; Intel Mac OS X 10.15; rv:77.0) Gecko/20100101 Firefox/77.0"
::ffff:114.119.129.147 - - [23/Apr/2023:23:14:43 +0000] "GET /contact?s=1&ss=1 HTTP/1.1" 200 9997 "https://wadokikai.org/" "Mozilla/5.0 (Linux; Android 7.0;) AppleWebKit/537.36 (KHTML, like Gecko) Mobile Safari/537.36 (compatible; PetalBot;+https://webmaster.petalsearch.com/site/petalbot)"
::ffff:54.36.148.206 - - [23/Apr/2023:23:21:44 +0000] "GET /robots.txt HTTP/1.1" 404 149 "-" "Mozilla/5.0 (compatible; AhrefsBot/7.0; +http://ahrefs.com/robot/)"
::ffff:51.222.253.10 - - [23/Apr/2023:23:21:45 +0000] "GET / HTTP/1.1" 200 58146 "-" "Mozilla/5.0 (compatible; AhrefsBot/7.0; +http://ahrefs.com/robot/)"
::ffff:51.222.253.2 - - [23/Apr/2023:23:21:47 +0000] "GET /images/schools/harborbaykaratedomap.jpg HTTP/1.1" 200 37245 "-" "Mozilla/5.0 (compatible; AhrefsBot/7.0; +http://ahrefs.com/robot/)"
::ffff:51.222.253.12 - - [23/Apr/2023:23:21:48 +0000] "GET /images/schools/corpuzkaratedomap.jpg HTTP/1.1" 200 36421 "-" "Mozilla/5.0 (compatible; AhrefsBot/7.0; +http://ahrefs.com/robot/)"
::ffff:51.222.253.5 - - [23/Apr/2023:23:21:48 +0000] "GET /images/wkkpatch22_med.png HTTP/1.1" 200 32301 "-" "Mozilla/5.0 (compatible; AhrefsBot/7.0; +http://ahrefs.com/robot/)"
::ffff:51.222.253.10 - - [23/Apr/2023:23:21:49 +0000] "GET /images/schools/orindakaratedomap.jpg HTTP/1.1" 200 34167 "-" "Mozilla/5.0 (compatible; AhrefsBot/7.0; +http://ahrefs.com/robot/)"
::ffff:51.222.253.13 - - [23/Apr/2023:23:21:50 +0000] "GET /css/wadokikai.css HTTP/1.1" 200 4337 "-" "Mozilla/5.0 (compatible; AhrefsBot/7.0; +http://ahrefs.com/robot/)"
::ffff:51.222.253.16 - - [23/Apr/2023:23:21:50 +0000] "GET /images/schools/earhartkaratedomap.jpg HTTP/1.1" 200 41366 "-" "Mozilla/5.0 (compatible; AhrefsBot/7.0; +http://ahrefs.com/robot/)"
::ffff:51.222.253.11 - - [23/Apr/2023:23:21:51 +0000] "GET /js/common.js HTTP/1.1" 200 2255 "-" "Mozilla/5.0 (compatible; AhrefsBot/7.0; +http://ahrefs.com/robot/)"
::ffff:51.222.253.16 - - [23/Apr/2023:23:21:52 +0000] "GET /images/schools/martinezkaratedomap.jpg HTTP/1.1" 200 37724 "-" "Mozilla/5.0 (compatible; AhrefsBot/7.0; +http://ahrefs.com/robot/)"
::ffff:51.222.253.17 - - [23/Apr/2023:23:21:52 +0000] "GET /images/schools/marinkaratedomap.jpg HTTP/1.1" 200 32400 "-" "Mozilla/5.0 (compatible; AhrefsBot/7.0; +http://ahrefs.com/robot/)"
::ffff:51.222.253.15 - - [23/Apr/2023:23:21:53 +0000] "GET /images/schools/manzanitakaratedomap.jpg HTTP/1.1" 200 55402 "-" "Mozilla/5.0 (compatible; AhrefsBot/7.0; +http://ahrefs.com/robot/)"
::ffff:51.222.253.10 - - [23/Apr/2023:23:21:54 +0000] "GET /images/schools/dcakaratedomap.jpg HTTP/1.1" 200 35262 "-" "Mozilla/5.0 (compatible; AhrefsBot/7.0; +http://ahrefs.com/robot/)"
::ffff:51.222.253.8 - - [23/Apr/2023:23:21:54 +0000] "GET /images/schools/nunleykaratedomap.jpg HTTP/1.1" 200 42667 "-" "Mozilla/5.0 (compatible; AhrefsBot/7.0; +http://ahrefs.com/robot/)"
::ffff:51.222.253.6 - - [23/Apr/2023:23:21:55 +0000] "GET /images/schools/alamedakaratedomap.jpg HTTP/1.1" 200 38311 "-" "Mozilla/5.0 (compatible; AhrefsBot/7.0; +http://ahrefs.com/robot/)"
::ffff:182.43.148.98 - - [23/Apr/2023:23:30:51 +0000] "GET / HTTP/1.1" 200 58146 "-" "Mozilla/5.0 (iPhone; CPU iPhone OS 13_2_3 like Mac OS X) AppleWebKit/605.1.15 (KHTML, like Gecko) Version/13.0.3 Mobile/15E148 Safari/604.1"
::ffff:135.125.244.48 - - [23/Apr/2023:23:34:26 +0000] "GET /.env HTTP/1.1" 404 143 "-" "Mozilla/5.0 (X11; Linux x86_64) AppleWebKit/537.36 (KHTML, like Gecko) Chrome/81.0.4044.129 Safari/537.36"
::ffff:135.125.244.48 - - [23/Apr/2023:23:34:27 +0000] "POST / HTTP/1.1" 404 140 "-" "Mozilla/5.0 (X11; Linux x86_64) AppleWebKit/537.36 (KHTML, like Gecko) Chrome/81.0.4044.129 Safari/537.36"
::ffff:43.155.118.219 - - [23/Apr/2023:23:58:54 +0000] "HEAD /Core/Skin/Login.aspx HTTP/1.1" 404 160 "-" "Mozilla/5.0 (Windows NT 10.0; Win64; x64) AppleWebKit/537.36 (KHTML, like Gecko) Chrome/106.0.0.0 Safari/537.36"
