::ffff:135.125.217.54 - - [15/Feb/2023:15:02:07 +0000] "POST / HTTP/1.1" 404 140 "-" "Mozilla/5.0 (X11; Linux x86_64) AppleWebKit/537.36 (KHTML, like Gecko) Chrome/81.0.4044.129 Safari/537.36"
::ffff:66.249.79.187 - - [15/Feb/2023:15:04:23 +0000] "GET /robots.txt HTTP/1.1" 404 149 "-" "Mozilla/5.0 (compatible; Googlebot/2.1; +http://www.google.com/bot.html)"
::ffff:66.249.79.191 - - [15/Feb/2023:15:04:23 +0000] "GET /robots.txt HTTP/1.1" 404 149 "-" "Mozilla/5.0 (compatible; Googlebot/2.1; +http://www.google.com/bot.html)"
::ffff:54.184.48.215 - - [15/Feb/2023:15:12:28 +0000] "GET / HTTP/1.1" 200 57378 "-" "Mozilla/5.0 (X11; Linux x86_64) AppleWebKit/537.36 (KHTML, like Gecko) Chrome/83.0.4103.97 Safari/537.36"
::ffff:18.236.66.117 - - [15/Feb/2023:15:13:44 +0000] "GET / HTTP/1.1" 200 57378 "-" "Mozilla/5.0 (X11; Linux x86_64) AppleWebKit/537.36 (KHTML, like Gecko) Chrome/83.0.4103.97 Safari/537.36"
::ffff:54.245.199.66 - - [15/Feb/2023:15:14:44 +0000] "GET /favicon.ico HTTP/1.1" 404 150 "-" "Mozilla/5.0 (X11; Linux x86_64) AppleWebKit/537.36 (KHTML, like Gecko) Chrome/83.0.4103.97 Safari/537.36"
::ffff:54.245.199.66 - - [15/Feb/2023:15:14:44 +0000] "GET / HTTP/1.1" 200 57378 "-" "Mozilla/5.0 (X11; Linux x86_64) AppleWebKit/537.36 (KHTML, like Gecko) Chrome/83.0.4103.97 Safari/537.36"
::ffff:34.220.76.192 - - [15/Feb/2023:15:18:25 +0000] "GET /favicon.ico HTTP/1.1" 404 150 "-" "Mozilla/5.0 (X11; Linux x86_64) AppleWebKit/537.36 (KHTML, like Gecko) Chrome/83.0.4103.97 Safari/537.36"
::ffff:136.62.6.142 - - [15/Feb/2023:15:19:05 +0000] "GET /resources HTTP/1.1" 200 194907 "-" "Mozilla/5.0 (Macintosh; Intel Mac OS X 10_15_7) AppleWebKit/537.36 (KHTML, like Gecko) Chrome/109.0.0.0 Safari/537.36"
::ffff:136.62.6.142 - - [15/Feb/2023:15:19:06 +0000] "GET /css/wadokikai.css HTTP/1.1" 200 4337 "http://www.wadokikai.org/resources" "Mozilla/5.0 (Macintosh; Intel Mac OS X 10_15_7) AppleWebKit/537.36 (KHTML, like Gecko) Chrome/109.0.0.0 Safari/537.36"
::ffff:136.62.6.142 - - [15/Feb/2023:15:19:07 +0000] "GET /js/common.js HTTP/1.1" 304 - "http://www.wadokikai.org/resources" "Mozilla/5.0 (Macintosh; Intel Mac OS X 10_15_7) AppleWebKit/537.36 (KHTML, like Gecko) Chrome/109.0.0.0 Safari/537.36"
::ffff:136.62.6.142 - - [15/Feb/2023:15:19:07 +0000] "GET /images/wkkpatch22_med.png HTTP/1.1" 200 32301 "http://www.wadokikai.org/resources" "Mozilla/5.0 (Macintosh; Intel Mac OS X 10_15_7) AppleWebKit/537.36 (KHTML, like Gecko) Chrome/109.0.0.0 Safari/537.36"
::ffff:136.62.6.142 - - [15/Feb/2023:15:19:07 +0000] "GET /images/JohnArce.jpg HTTP/1.1" 200 13951 "http://www.wadokikai.org/resources" "Mozilla/5.0 (Macintosh; Intel Mac OS X 10_15_7) AppleWebKit/537.36 (KHTML, like Gecko) Chrome/109.0.0.0 Safari/537.36"
::ffff:136.62.6.142 - - [15/Feb/2023:15:19:07 +0000] "GET /images/tm.jpg HTTP/1.1" 200 25020 "http://www.wadokikai.org/resources" "Mozilla/5.0 (Macintosh; Intel Mac OS X 10_15_7) AppleWebKit/537.36 (KHTML, like Gecko) Chrome/109.0.0.0 Safari/537.36"
::ffff:136.62.6.142 - - [15/Feb/2023:15:19:07 +0000] "GET /images/books/MBS2.jpg HTTP/1.1" 200 15317 "http://www.wadokikai.org/resources" "Mozilla/5.0 (Macintosh; Intel Mac OS X 10_15_7) AppleWebKit/537.36 (KHTML, like Gecko) Chrome/109.0.0.0 Safari/537.36"
::ffff:136.62.6.142 - - [15/Feb/2023:15:19:07 +0000] "GET /images/books/MBS.gif HTTP/1.1" 200 13195 "http://www.wadokikai.org/resources" "Mozilla/5.0 (Macintosh; Intel Mac OS X 10_15_7) AppleWebKit/537.36 (KHTML, like Gecko) Chrome/109.0.0.0 Safari/537.36"
::ffff:136.62.6.142 - - [15/Feb/2023:15:19:08 +0000] "GET /images/books/ZenMeditation.jpg HTTP/1.1" 200 3760 "http://www.wadokikai.org/resources" "Mozilla/5.0 (Macintosh; Intel Mac OS X 10_15_7) AppleWebKit/537.36 (KHTML, like Gecko) Chrome/109.0.0.0 Safari/537.36"
::ffff:136.62.6.142 - - [15/Feb/2023:15:19:08 +0000] "GET /images/books/shotokanSecrets.jpg HTTP/1.1" 200 4046 "http://www.wadokikai.org/resources" "Mozilla/5.0 (Macintosh; Intel Mac OS X 10_15_7) AppleWebKit/537.36 (KHTML, like Gecko) Chrome/109.0.0.0 Safari/537.36"
::ffff:136.62.6.142 - - [15/Feb/2023:15:19:08 +0000] "GET /images/books/karatebook.jpg HTTP/1.1" 200 7644 "http://www.wadokikai.org/resources" "Mozilla/5.0 (Macintosh; Intel Mac OS X 10_15_7) AppleWebKit/537.36 (KHTML, like Gecko) Chrome/109.0.0.0 Safari/537.36"
::ffff:136.62.6.142 - - [15/Feb/2023:15:19:08 +0000] "GET /images/books/dummies.jpg HTTP/1.1" 200 3631 "http://www.wadokikai.org/resources" "Mozilla/5.0 (Macintosh; Intel Mac OS X 10_15_7) AppleWebKit/537.36 (KHTML, like Gecko) Chrome/109.0.0.0 Safari/537.36"
::ffff:136.62.6.142 - - [15/Feb/2023:15:19:08 +0000] "GET /images/books/KarateDoZen.jpg HTTP/1.1" 200 2677 "http://www.wadokikai.org/resources" "Mozilla/5.0 (Macintosh; Intel Mac OS X 10_15_7) AppleWebKit/537.36 (KHTML, like Gecko) Chrome/109.0.0.0 Safari/537.36"
::ffff:136.62.6.142 - - [15/Feb/2023:15:19:08 +0000] "GET /images/books/bookoffiverings.jpg HTTP/1.1" 200 2940 "http://www.wadokikai.org/resources" "Mozilla/5.0 (Macintosh; Intel Mac OS X 10_15_7) AppleWebKit/537.36 (KHTML, like Gecko) Chrome/109.0.0.0 Safari/537.36"
::ffff:136.62.6.142 - - [15/Feb/2023:15:19:08 +0000] "GET /images/books/dojoWisdom.jpg HTTP/1.1" 200 2813 "http://www.wadokikai.org/resources" "Mozilla/5.0 (Macintosh; Intel Mac OS X 10_15_7) AppleWebKit/537.36 (KHTML, like Gecko) Chrome/109.0.0.0 Safari/537.36"
::ffff:136.62.6.142 - - [15/Feb/2023:15:19:08 +0000] "GET /images/books/saibook.jpg HTTP/1.1" 200 3043 "http://www.wadokikai.org/resources" "Mozilla/5.0 (Macintosh; Intel Mac OS X 10_15_7) AppleWebKit/537.36 (KHTML, like Gecko) Chrome/109.0.0.0 Safari/537.36"
::ffff:136.62.6.142 - - [15/Feb/2023:15:19:08 +0000] "GET /images/books/guide20.jpg HTTP/1.1" 304 - "http://www.wadokikai.org/resources" "Mozilla/5.0 (Macintosh; Intel Mac OS X 10_15_7) AppleWebKit/537.36 (KHTML, like Gecko) Chrome/109.0.0.0 Safari/537.36"
::ffff:136.62.6.142 - - [15/Feb/2023:15:19:08 +0000] "GET /images/books/bobook.gif HTTP/1.1" 200 6919 "http://www.wadokikai.org/resources" "Mozilla/5.0 (Macintosh; Intel Mac OS X 10_15_7) AppleWebKit/537.36 (KHTML, like Gecko) Chrome/109.0.0.0 Safari/537.36"
::ffff:136.62.6.142 - - [15/Feb/2023:15:19:08 +0000] "GET /images/books/karatedo.jpg HTTP/1.1" 200 3442 "http://www.wadokikai.org/resources" "Mozilla/5.0 (Macintosh; Intel Mac OS X 10_15_7) AppleWebKit/537.36 (KHTML, like Gecko) Chrome/109.0.0.0 Safari/537.36"
::ffff:136.62.6.142 - - [15/Feb/2023:15:19:08 +0000] "GET /images/books/emptyHand.jpg HTTP/1.1" 200 12021 "http://www.wadokikai.org/resources" "Mozilla/5.0 (Macintosh; Intel Mac OS X 10_15_7) AppleWebKit/537.36 (KHTML, like Gecko) Chrome/109.0.0.0 Safari/537.36"
::ffff:136.62.6.142 - - [15/Feb/2023:15:19:08 +0000] "GET /images/books/movingzen.jpg HTTP/1.1" 200 3578 "http://www.wadokikai.org/resources" "Mozilla/5.0 (Macintosh; Intel Mac OS X 10_15_7) AppleWebKit/537.36 (KHTML, like Gecko) Chrome/109.0.0.0 Safari/537.36"
::ffff:136.62.6.142 - - [15/Feb/2023:15:19:08 +0000] "GET /images/books/karatedojo.jpg HTTP/1.1" 200 3457 "http://www.wadokikai.org/resources" "Mozilla/5.0 (Macintosh; Intel Mac OS X 10_15_7) AppleWebKit/537.36 (KHTML, like Gecko) Chrome/109.0.0.0 Safari/537.36"
::ffff:136.62.6.142 - - [15/Feb/2023:15:19:08 +0000] "GET /images/books/grappingmethod.jpg HTTP/1.1" 200 4025 "http://www.wadokikai.org/resources" "Mozilla/5.0 (Macintosh; Intel Mac OS X 10_15_7) AppleWebKit/537.36 (KHTML, like Gecko) Chrome/109.0.0.0 Safari/537.36"
::ffff:136.62.6.142 - - [15/Feb/2023:15:19:08 +0000] "GET /images/books/artofwar.jpg HTTP/1.1" 200 22573 "http://www.wadokikai.org/resources" "Mozilla/5.0 (Macintosh; Intel Mac OS X 10_15_7) AppleWebKit/537.36 (KHTML, like Gecko) Chrome/109.0.0.0 Safari/537.36"
::ffff:136.62.6.142 - - [15/Feb/2023:15:19:08 +0000] "GET /images/dragon-trans.png HTTP/1.1" 200 85661 "http://www.wadokikai.org/resources" "Mozilla/5.0 (Macintosh; Intel Mac OS X 10_15_7) AppleWebKit/537.36 (KHTML, like Gecko) Chrome/109.0.0.0 Safari/537.36"
::ffff:136.62.6.142 - - [15/Feb/2023:15:19:09 +0000] "GET /images/favicon.ico HTTP/1.1" 200 3638 "http://www.wadokikai.org/resources" "Mozilla/5.0 (Macintosh; Intel Mac OS X 10_15_7) AppleWebKit/537.36 (KHTML, like Gecko) Chrome/109.0.0.0 Safari/537.36"
::ffff:136.62.6.142 - - [15/Feb/2023:15:19:11 +0000] "GET /images/tiger.bmp HTTP/1.1" 200 311274 "http://www.wadokikai.org/resources" "Mozilla/5.0 (Macintosh; Intel Mac OS X 10_15_7) AppleWebKit/537.36 (KHTML, like Gecko) Chrome/109.0.0.0 Safari/537.36"
::ffff:136.62.6.142 - - [15/Feb/2023:15:19:18 +0000] "GET /images/favicon.ico HTTP/1.1" 304 - "http://www.wadokikai.org/resources" "Mozilla/5.0 (Macintosh; Intel Mac OS X 10_15_7) AppleWebKit/537.36 (KHTML, like Gecko) Chrome/109.0.0.0 Safari/537.36"
::ffff:35.162.32.205 - - [15/Feb/2023:15:19:19 +0000] "GET / HTTP/1.1" 200 57378 "-" "Mozilla/5.0 (X11; Linux x86_64) AppleWebKit/537.36 (KHTML, like Gecko) Chrome/83.0.4103.97 Safari/537.36"
::ffff:35.88.63.245 - - [15/Feb/2023:15:19:33 +0000] "GET /favicon.ico HTTP/1.1" 404 150 "-" "Mozilla/5.0 (X11; Linux x86_64) AppleWebKit/537.36 (KHTML, like Gecko) Chrome/83.0.4103.97 Safari/537.36"
::ffff:35.88.63.245 - - [15/Feb/2023:15:19:38 +0000] "GET / HTTP/1.1" 200 57378 "-" "Mozilla/5.0 (X11; Linux x86_64) AppleWebKit/537.36 (KHTML, like Gecko) Chrome/83.0.4103.97 Safari/537.36"
::ffff:136.62.6.142 - - [15/Feb/2023:15:19:39 +0000] "GET /images/tiger.bmp HTTP/1.1" 304 - "http://www.wadokikai.org/resources" "Mozilla/5.0 (Macintosh; Intel Mac OS X 10_15_7) AppleWebKit/537.36 (KHTML, like Gecko) Chrome/109.0.0.0 Safari/537.36"
::ffff:167.94.138.62 - - [15/Feb/2023:15:21:11 +0000] "GET / HTTP/1.1" 200 57378 "-" "-"
::ffff:167.94.138.62 - - [15/Feb/2023:15:21:13 +0000] "GET / HTTP/1.1" 200 57378 "-" "Mozilla/5.0 (compatible; CensysInspect/1.1; +https://about.censys.io/)"
::ffff:167.94.138.62 - - [15/Feb/2023:15:21:14 +0000] "GET / HTTP/1.1" 200 57378 "-" "-"
::ffff:167.94.138.62 - - [15/Feb/2023:15:21:14 +0000] "PRI * HTTP/2.0" - - "-" "-"
::ffff:167.94.138.62 - - [15/Feb/2023:15:21:14 +0000] "GET /images/favicon.ico HTTP/1.1" 200 3638 "-" "Mozilla/5.0 (compatible; CensysInspect/1.1; +https://about.censys.io/)"
::ffff:167.94.138.62 - - [15/Feb/2023:15:21:15 +0000] "GET /favicon.ico HTTP/1.1" 404 150 "-" "Mozilla/5.0 (compatible; CensysInspect/1.1; +https://about.censys.io/)"
::ffff:167.94.138.62 - - [15/Feb/2023:15:21:15 +0000] "GET / HTTP/1.1" 200 57378 "-" "Mozilla/5.0 (compatible; CensysInspect/1.1; +https://about.censys.io/)"
::ffff:167.94.138.62 - - [15/Feb/2023:15:21:16 +0000] "PRI * HTTP/2.0" - - "-" "-"
::ffff:167.94.138.62 - - [15/Feb/2023:15:21:16 +0000] "GET /images/favicon.ico HTTP/1.1" 200 3638 "-" "Mozilla/5.0 (compatible; CensysInspect/1.1; +https://about.censys.io/)"
::ffff:167.94.138.62 - - [15/Feb/2023:15:21:17 +0000] "GET /favicon.ico HTTP/1.1" 404 150 "-" "Mozilla/5.0 (compatible; CensysInspect/1.1; +https://about.censys.io/)"
::ffff:167.94.138.47 - - [15/Feb/2023:15:21:31 +0000] "GET / HTTP/1.1" 200 57378 "-" "-"
::ffff:167.94.138.47 - - [15/Feb/2023:15:21:32 +0000] "GET / HTTP/1.1" 200 57378 "-" "Mozilla/5.0 (compatible; CensysInspect/1.1; +https://about.censys.io/)"
::ffff:167.94.138.47 - - [15/Feb/2023:15:21:33 +0000] "PRI * HTTP/2.0" - - "-" "-"
::ffff:167.94.138.47 - - [15/Feb/2023:15:21:33 +0000] "GET / HTTP/1.1" 200 57378 "-" "-"
::ffff:167.94.138.47 - - [15/Feb/2023:15:21:34 +0000] "GET /images/favicon.ico HTTP/1.1" 200 3638 "-" "Mozilla/5.0 (compatible; CensysInspect/1.1; +https://about.censys.io/)"
::ffff:167.94.138.47 - - [15/Feb/2023:15:21:34 +0000] "GET / HTTP/1.1" 200 57378 "-" "Mozilla/5.0 (compatible; CensysInspect/1.1; +https://about.censys.io/)"
::ffff:167.94.138.47 - - [15/Feb/2023:15:21:35 +0000] "GET /favicon.ico HTTP/1.1" 404 150 "-" "Mozilla/5.0 (compatible; CensysInspect/1.1; +https://about.censys.io/)"
::ffff:167.94.138.47 - - [15/Feb/2023:15:21:35 +0000] "PRI * HTTP/2.0" - - "-" "-"
::ffff:167.94.138.47 - - [15/Feb/2023:15:21:37 +0000] "GET /images/favicon.ico HTTP/1.1" 200 3638 "-" "Mozilla/5.0 (compatible; CensysInspect/1.1; +https://about.censys.io/)"
::ffff:167.94.138.47 - - [15/Feb/2023:15:21:38 +0000] "GET /favicon.ico HTTP/1.1" 404 150 "-" "Mozilla/5.0 (compatible; CensysInspect/1.1; +https://about.censys.io/)"
::ffff:34.212.21.53 - - [15/Feb/2023:15:22:41 +0000] "GET /favicon.ico HTTP/1.1" 404 150 "-" "Mozilla/5.0 (X11; Linux x86_64) AppleWebKit/537.36 (KHTML, like Gecko) Chrome/83.0.4103.97 Safari/537.36"
::ffff:34.212.21.53 - - [15/Feb/2023:15:22:41 +0000] "GET / HTTP/1.1" 200 57378 "-" "Mozilla/5.0 (X11; Linux x86_64) AppleWebKit/537.36 (KHTML, like Gecko) Chrome/83.0.4103.97 Safari/537.36"
::ffff:143.244.41.219 - - [15/Feb/2023:15:23:33 +0000] "HEAD / HTTP/1.1" 200 57378 "-" "Opera/9.80 (Windows NT 6.0; U; en) Presto/2.8.99 Version/11.10"
::ffff:35.91.99.36 - - [15/Feb/2023:15:25:13 +0000] "GET /favicon.ico HTTP/1.1" 404 150 "-" "Mozilla/5.0 (X11; Linux x86_64) AppleWebKit/537.36 (KHTML, like Gecko) Chrome/83.0.4103.97 Safari/537.36"
::ffff:35.91.99.36 - - [15/Feb/2023:15:25:14 +0000] "GET / HTTP/1.1" 200 57378 "-" "Mozilla/5.0 (X11; Linux x86_64) AppleWebKit/537.36 (KHTML, like Gecko) Chrome/83.0.4103.97 Safari/537.36"
::ffff:114.119.146.179 - - [15/Feb/2023:15:30:26 +0000] "GET /robots.txt HTTP/1.1" 404 149 "-" "Mozilla/5.0 (compatible;PetalBot;+https://webmaster.petalsearch.com/site/petalbot)"
::ffff:180.149.125.170 - - [15/Feb/2023:15:30:41 +0000] "GET / HTTP/1.1" 200 57378 "-" "Mozilla/5.0 (Windows NT 5.1; Win64; x64) AppleWebKit/537.36 (KHTML, like Gecko) Chrome/60.0.3112.90 Safari/537.36"
::ffff:136.62.6.142 - - [15/Feb/2023:15:31:49 +0000] "GET /images/tiger.bmp HTTP/1.1" 304 - "http://www.wadokikai.org/resources" "Mozilla/5.0 (Macintosh; Intel Mac OS X 10_15_7) AppleWebKit/537.36 (KHTML, like Gecko) Chrome/109.0.0.0 Safari/537.36"
::ffff:136.62.6.142 - - [15/Feb/2023:15:34:06 +0000] "GET /images/dragon-trans.png HTTP/1.1" 304 - "http://www.wadokikai.org/resources" "Mozilla/5.0 (Macintosh; Intel Mac OS X 10_15_7) AppleWebKit/537.36 (KHTML, like Gecko) Chrome/109.0.0.0 Safari/537.36"
::ffff:167.94.145.59 - - [15/Feb/2023:15:35:09 +0000] "GET / HTTP/1.1" 200 57378 "-" "-"
::ffff:167.94.145.59 - - [15/Feb/2023:15:35:10 +0000] "GET / HTTP/1.1" 200 57378 "-" "Mozilla/5.0 (compatible; CensysInspect/1.1; +https://about.censys.io/)"
::ffff:167.94.145.59 - - [15/Feb/2023:15:35:10 +0000] "PRI * HTTP/2.0" - - "-" "-"
::ffff:167.94.145.59 - - [15/Feb/2023:15:35:11 +0000] "GET /images/favicon.ico HTTP/1.1" 200 3638 "-" "Mozilla/5.0 (compatible; CensysInspect/1.1; +https://about.censys.io/)"
::ffff:167.94.145.59 - - [15/Feb/2023:15:35:11 +0000] "GET /favicon.ico HTTP/1.1" 404 150 "-" "Mozilla/5.0 (compatible; CensysInspect/1.1; +https://about.censys.io/)"
::ffff:167.94.145.59 - - [15/Feb/2023:15:35:12 +0000] "GET / HTTP/1.1" 200 57378 "-" "-"
::ffff:167.94.145.59 - - [15/Feb/2023:15:35:13 +0000] "GET / HTTP/1.1" 200 57378 "-" "Mozilla/5.0 (compatible; CensysInspect/1.1; +https://about.censys.io/)"
::ffff:167.94.145.59 - - [15/Feb/2023:15:35:13 +0000] "PRI * HTTP/2.0" - - "-" "-"
::ffff:167.94.145.59 - - [15/Feb/2023:15:35:14 +0000] "GET /favicon.ico HTTP/1.1" 404 150 "-" "Mozilla/5.0 (compatible; CensysInspect/1.1; +https://about.censys.io/)"
::ffff:52.167.144.57 - - [15/Feb/2023:15:37:30 +0000] "GET /robots.txt HTTP/1.1" 404 149 "-" "Mozilla/5.0 AppleWebKit/537.36 (KHTML, like Gecko; compatible; bingbot/2.0; +http://www.bing.com/bingbot.htm) Chrome/103.0.5060.134 Safari/537.36"
::ffff:52.167.144.57 - - [15/Feb/2023:15:37:30 +0000] "GET /robots.txt HTTP/1.1" 404 149 "-" "Mozilla/5.0 AppleWebKit/537.36 (KHTML, like Gecko; compatible; bingbot/2.0; +http://www.bing.com/bingbot.htm) Chrome/103.0.5060.134 Safari/537.36"
::ffff:40.77.167.242 - - [15/Feb/2023:15:37:36 +0000] "GET / HTTP/1.1" 200 57378 "-" "Mozilla/5.0 AppleWebKit/537.36 (KHTML, like Gecko; compatible; bingbot/2.0; +http://www.bing.com/bingbot.htm) Chrome/103.0.5060.134 Safari/537.36"
::ffff:161.35.213.124 - - [15/Feb/2023:15:49:16 +0000] "GET / HTTP/1.1" 200 57378 "-" "Mozilla/5.0 (Windows NT 10.0; Win64; x64) AppleWebKit/537.36 (KHTML, like Gecko) Chrome/68.0.3440.106 Safari/537.36"
::ffff:161.35.213.124 - - [15/Feb/2023:15:49:16 +0000] "GET /favicon.ico HTTP/1.1" 404 150 "-" "Mozilla/5.0 (Windows NT 10.0; Win64; x64) AppleWebKit/537.36 (KHTML, like Gecko) Chrome/68.0.3440.106 Safari/537.36"
::ffff:161.35.213.124 - - [15/Feb/2023:15:55:18 +0000] "GET /HNAP1 HTTP/1.1" 404 144 "https://34.212.47.6:443/" "Mozilla/5.0 (Windows NT 10.0; Win64; x64) AppleWebKit/537.36 (KHTML, like Gecko) Chrome/78.0.3904.108 Safari/537.36"
::ffff:161.35.213.124 - - [15/Feb/2023:15:55:19 +0000] "POST /onvif/device_service HTTP/1.1" 404 160 "https://34.212.47.6:443/" "Mozilla/5.0 (Windows NT 10.0; Win64; x64) AppleWebKit/537.36 (KHTML, like Gecko) Chrome/78.0.3904.108 Safari/537.36"
::ffff:161.35.213.124 - - [15/Feb/2023:15:55:20 +0000] "GET /PSIA/index HTTP/1.1" 404 149 "https://34.212.47.6:443/" "Mozilla/5.0 (Windows NT 10.0; Win64; x64) AppleWebKit/537.36 (KHTML, like Gecko) Chrome/78.0.3904.108 Safari/537.36"
::ffff:52.167.144.47 - - [15/Feb/2023:15:56:19 +0000] "GET /sitemap_index.xml HTTP/1.1" 404 156 "-" "Mozilla/5.0 AppleWebKit/537.36 (KHTML, like Gecko; compatible; bingbot/2.0; +http://www.bing.com/bingbot.htm) Chrome/103.0.5060.134 Safari/537.36"
::ffff:136.62.6.142 - - [15/Feb/2023:15:56:39 +0000] "GET /images/tiger.bmp HTTP/1.1" 304 - "http://www.wadokikai.org/resources" "Mozilla/5.0 (Macintosh; Intel Mac OS X 10_15_7) AppleWebKit/537.36 (KHTML, like Gecko) Chrome/109.0.0.0 Safari/537.36"
::ffff:117.201.66.37 - - [15/Feb/2023:15:58:49 +0000] "GET / HTTP/1.1" 200 57378 "-" "Mozilla/5.0 (Macintosh; Intel Mac OS X 10_11_6) AppleWebKit/601.7.7 (KHTML, like Gecko) Version/9.1.2 Safari/601.7.7"
::ffff:136.62.6.142 - - [15/Feb/2023:16:01:28 +0000] "GET /images/dragon-trans.png HTTP/1.1" 304 - "http://www.wadokikai.org/resources" "Mozilla/5.0 (Macintosh; Intel Mac OS X 10_15_7) AppleWebKit/537.36 (KHTML, like Gecko) Chrome/109.0.0.0 Safari/537.36"
::ffff:45.43.33.218 - - [15/Feb/2023:16:02:42 +0000] "GET / HTTP/1.1" 200 57378 "-" "Mozilla/5.0 (X11; Ubuntu; Linux x86_64; rv:58.0) Gecko/20100101 Firefox/58.0"
::ffff:193.32.162.159 - - [15/Feb/2023:16:06:19 +0000] "GET / HTTP/1.1" 200 57378 "-" "Mozilla/5.0 (Windows NT 10.0; Win64; x64) AppleWebKit/537.36 (KHTML, like Gecko) Chrome/90.0.4430.85 Safari/537.36 Edg/90.0.818.46"
::ffff:185.254.196.115 - - [15/Feb/2023:16:13:15 +0000] "GET /.env HTTP/1.1" 404 143 "-" "Mozilla/5.0 (X11; Linux x86_64) AppleWebKit/537.36 (KHTML, like Gecko) Chrome/81.0.4044.129 Safari/537.36"
::ffff:185.254.196.115 - - [15/Feb/2023:16:13:17 +0000] "POST / HTTP/1.1" 404 140 "-" "Mozilla/5.0 (X11; Linux x86_64) AppleWebKit/537.36 (KHTML, like Gecko) Chrome/81.0.4044.129 Safari/537.36"
::ffff:114.119.148.33 - - [15/Feb/2023:16:13:55 +0000] "GET /images/tournaments/NKDTournament.pdf HTTP/1.1" 200 3770165 "http://34.212.47.6/events" "Mozilla/5.0 (Linux; Android 7.0;) AppleWebKit/537.36 (KHTML, like Gecko) Mobile Safari/537.36 (compatible; PetalBot;+https://webmaster.petalsearch.com/site/petalbot)"
::ffff:157.55.39.13 - - [15/Feb/2023:16:14:54 +0000] "GET /robots.txt HTTP/1.1" 404 149 "-" "Mozilla/5.0 AppleWebKit/537.36 (KHTML, like Gecko; compatible; bingbot/2.0; +http://www.bing.com/bingbot.htm) Chrome/103.0.5060.134 Safari/537.36"
::ffff:207.46.13.26 - - [15/Feb/2023:16:14:55 +0000] "GET / HTTP/1.1" 200 57378 "-" "Mozilla/5.0 AppleWebKit/537.36 (KHTML, like Gecko; compatible; bingbot/2.0; +http://www.bing.com/bingbot.htm) Chrome/103.0.5060.134 Safari/537.36"
::ffff:114.119.147.248 - - [15/Feb/2023:16:15:17 +0000] "GET /images/favicon.ico HTTP/1.1" 200 3638 "-" "Mozilla/5.0 (Linux; Android 7.0;) AppleWebKit/537.36 (KHTML, like Gecko) Mobile Safari/537.36 (compatible; PetalBot;+https://webmaster.petalsearch.com/site/petalbot)"
::ffff:40.77.167.242 - - [15/Feb/2023:16:15:19 +0000] "GET /css/wadokikai.css HTTP/1.1" 200 4337 "-" "Mozilla/5.0 AppleWebKit/537.36 (KHTML, like Gecko; compatible; bingbot/2.0; +http://www.bing.com/bingbot.htm) Chrome/103.0.5060.134 Safari/537.36"
::ffff:114.119.136.113 - - [15/Feb/2023:16:16:44 +0000] "GET /images/tournaments/2022LEAGUEDivisions.pdf HTTP/1.1" 200 766218 "http://34.212.47.6/events" "Mozilla/5.0 (Linux; Android 7.0;) AppleWebKit/537.36 (KHTML, like Gecko) Mobile Safari/537.36 (compatible; PetalBot;+https://webmaster.petalsearch.com/site/petalbot)"
::ffff:114.119.154.59 - - [15/Feb/2023:16:17:55 +0000] "GET /contact?s=1&ss=0 HTTP/1.1" 200 9997 "http://34.212.47.6/schools" "Mozilla/5.0 (Linux; Android 7.0;) AppleWebKit/537.36 (KHTML, like Gecko) Mobile Safari/537.36 (compatible; PetalBot;+https://webmaster.petalsearch.com/site/petalbot)"
::ffff:114.119.143.82 - - [15/Feb/2023:16:19:17 +0000] "GET /contact HTTP/1.1" 200 10017 "http://34.212.47.6/schools" "Mozilla/5.0 (Linux; Android 7.0;) AppleWebKit/537.36 (KHTML, like Gecko) Mobile Safari/537.36 (compatible; PetalBot;+https://webmaster.petalsearch.com/site/petalbot)"
::ffff:141.95.74.78 - - [15/Feb/2023:16:19:32 +0000] "GET /.env HTTP/1.1" 404 143 "-" "Mozilla/5.0 (X11; Linux x86_64) AppleWebKit/537.36 (KHTML, like Gecko) Chrome/81.0.4044.129 Safari/537.36"
::ffff:141.95.74.78 - - [15/Feb/2023:16:19:33 +0000] "POST / HTTP/1.1" 404 140 "-" "Mozilla/5.0 (X11; Linux x86_64) AppleWebKit/537.36 (KHTML, like Gecko) Chrome/81.0.4044.129 Safari/537.36"
::ffff:136.62.6.142 - - [15/Feb/2023:16:20:00 +0000] "GET /images/dragon-trans.png HTTP/1.1" 304 - "http://www.wadokikai.org/resources" "Mozilla/5.0 (Macintosh; Intel Mac OS X 10_15_7) AppleWebKit/537.36 (KHTML, like Gecko) Chrome/109.0.0.0 Safari/537.36"
::ffff:135.125.217.54 - - [15/Feb/2023:16:22:44 +0000] "GET /.env HTTP/1.1" 404 143 "-" "Mozilla/5.0 (X11; Linux x86_64) AppleWebKit/537.36 (KHTML, like Gecko) Chrome/81.0.4044.129 Safari/537.36"
::ffff:135.125.217.54 - - [15/Feb/2023:16:22:44 +0000] "POST / HTTP/1.1" 404 140 "-" "Mozilla/5.0 (X11; Linux x86_64) AppleWebKit/537.36 (KHTML, like Gecko) Chrome/81.0.4044.129 Safari/537.36"
::ffff:77.91.78.56 - - [15/Feb/2023:16:24:37 +0000] "GET /laravel/vendor/phpunit/phpunit/src/Util/PHP/eval-stdin.php HTTP/1.1" 404 197 "-" "Mozilla/5.0 (Windows NT 6.1; WOW64) AppleWebKit/537.36 (KHTML, like Gecko) Chrome/74.0.3729.169 Safari/537.36"
::ffff:52.167.144.47 - - [15/Feb/2023:16:26:40 +0000] "GET /js/common.js HTTP/1.1" 200 2255 "-" "Mozilla/5.0 AppleWebKit/537.36 (KHTML, like Gecko; compatible; bingbot/2.0; +http://www.bing.com/bingbot.htm) Chrome/103.0.5060.134 Safari/537.36"
::ffff:52.167.144.47 - - [15/Feb/2023:16:26:40 +0000] "GET /sitemap_index.xml HTTP/1.1" 404 156 "-" "Mozilla/5.0 AppleWebKit/537.36 (KHTML, like Gecko; compatible; bingbot/2.0; +http://www.bing.com/bingbot.htm) Chrome/103.0.5060.134 Safari/537.36"
::ffff:109.237.98.226 - - [15/Feb/2023:16:30:16 +0000] "GET /.env HTTP/1.1" 404 143 "-" "Mozilla/5.0 (X11; Linux x86_64) AppleWebKit/537.36 (KHTML, like Gecko) Chrome/81.0.4044.129 Safari/537.36"
::ffff:216.218.206.67 - - [15/Feb/2023:16:31:21 +0000] "GET / HTTP/1.1" 200 57378 "-" "Mozilla/5.0 (Macintosh; Intel Mac OS X 10_15_7) AppleWebKit/605.1.15 (KHTML, like Gecko) Version/15.6 Safari/605.1.15"
::ffff:216.218.206.67 - - [15/Feb/2023:16:33:20 +0000] "GET /favicon.ico HTTP/1.1" 404 150 "-" "Mozilla/5.0 (Macintosh; Intel Mac OS X 10_15_7) AppleWebKit/605.1.15 (KHTML, like Gecko) Version/15.6 Safari/605.1.15"
::ffff:193.235.141.90 - - [15/Feb/2023:16:40:33 +0000] "GET / HTTP/1.1" 200 57378 "-" "Mozilla/5.0 (Windows NT 10.0; Win64; x64) AppleWebKit/537.36 (KHTML, like Gecko) Chrome/105.0.0.0 Safari/537.36"
::ffff:193.235.141.90 - - [15/Feb/2023:16:40:33 +0000] "GET /images/favicon.ico HTTP/1.1" 200 3638 "-" "Mozilla/5.0 (Windows NT 10.0; Win64; x64) AppleWebKit/537.36 (KHTML, like Gecko) Chrome/105.0.0.0 Safari/537.36"
::ffff:180.149.125.169 - - [15/Feb/2023:17:03:39 +0000] "GET / HTTP/1.1" 200 57378 "-" "Mozilla/5.0 (Windows NT 5.1; Win64; x64) AppleWebKit/537.36 (KHTML, like Gecko) Chrome/60.0.3112.90 Safari/537.36"
::ffff:194.38.20.161 - - [15/Feb/2023:17:07:36 +0000] "GET /components/com_creativecontactform/fileupload/index.php?file=trg3hf.jpg HTTP/1.1" 404 194 "-" "ALittle Client"
::ffff:17.241.75.207 - - [15/Feb/2023:17:17:40 +0000] "GET / HTTP/1.1" 200 57378 "-" "Mozilla/5.0 (Macintosh; Intel Mac OS X 10_15_5) AppleWebKit/605.1.15 (KHTML, like Gecko) Version/13.1.1 Safari/605.1.15 (Applebot/0.1; +http://www.apple.com/go/applebot)"
::ffff:207.46.13.26 - - [15/Feb/2023:17:25:34 +0000] "GET / HTTP/1.1" 200 57378 "-" "Mozilla/5.0 AppleWebKit/537.36 (KHTML, like Gecko; compatible; bingbot/2.0; +http://www.bing.com/bingbot.htm) Chrome/103.0.5060.134 Safari/537.36"
::ffff:185.221.219.172 - - [15/Feb/2023:17:28:47 +0000] "GET /.git/config HTTP/1.1" 404 150 "-" "Mozilla/5.0 (Macintosh; Intel Mac OS X 10_13_6) AppleWebKit/537.36 (KHTML, like Gecko) Chrome/78.0.3880.4 Safari/537.36"
::ffff:67.169.171.230 - - [15/Feb/2023:17:45:38 +0000] "GET /images/tiger.bmp HTTP/1.1" 304 - "http://wadokikai.org/resources" "Mozilla/5.0 (Macintosh; Intel Mac OS X 10_15_7) AppleWebKit/537.36 (KHTML, like Gecko) Chrome/109.0.0.0 Safari/537.36"
::ffff:136.62.6.142 - - [15/Feb/2023:17:49:36 +0000] "GET /images/tiger.bmp HTTP/1.1" 304 - "http://www.wadokikai.org/resources" "Mozilla/5.0 (Macintosh; Intel Mac OS X 10_15_7) AppleWebKit/537.36 (KHTML, like Gecko) Chrome/109.0.0.0 Safari/537.36"
::ffff:95.214.235.205 - - [15/Feb/2023:18:05:24 +0000] "GET /.env HTTP/1.1" 404 143 "-" "Mozilla/5.0 (X11; Linux x86_64) AppleWebKit/537.36 (KHTML, like Gecko) Chrome/81.0.4044.129 Safari/537.36"
::ffff:95.214.235.205 - - [15/Feb/2023:18:05:24 +0000] "POST / HTTP/1.1" 404 140 "-" "Mozilla/5.0 (X11; Linux x86_64) AppleWebKit/537.36 (KHTML, like Gecko) Chrome/81.0.4044.129 Safari/537.36"
::ffff:173.249.8.100 - - [15/Feb/2023:18:09:34 +0000] "GET /api/v2/cmdb/system/admin/admin HTTP/1.0" 404 169 "-" "Report Runner"
::ffff:54.36.149.26 - - [15/Feb/2023:18:17:46 +0000] "GET /robots.txt HTTP/1.1" 404 149 "-" "Mozilla/5.0 (compatible; AhrefsBot/7.0; +http://ahrefs.com/robot/)"
::ffff:51.222.253.6 - - [15/Feb/2023:18:17:49 +0000] "GET / HTTP/1.1" 200 57378 "-" "Mozilla/5.0 (compatible; AhrefsBot/7.0; +http://ahrefs.com/robot/)"
::ffff:51.222.253.16 - - [15/Feb/2023:18:17:52 +0000] "GET /images/schools/harborbaykaratedomap.jpg HTTP/1.1" 200 37245 "-" "Mozilla/5.0 (compatible; AhrefsBot/7.0; +http://ahrefs.com/robot/)"
::ffff:51.222.253.3 - - [15/Feb/2023:18:17:52 +0000] "GET /images/schools/corpuzkaratedomap.jpg HTTP/1.1" 200 36421 "-" "Mozilla/5.0 (compatible; AhrefsBot/7.0; +http://ahrefs.com/robot/)"
::ffff:51.222.253.20 - - [15/Feb/2023:18:17:53 +0000] "GET /images/schools/orindakaratedomap.jpg HTTP/1.1" 200 34167 "-" "Mozilla/5.0 (compatible; AhrefsBot/7.0; +http://ahrefs.com/robot/)"
::ffff:51.222.253.14 - - [15/Feb/2023:18:17:53 +0000] "GET /images/schools/earhartkaratedomap.jpg HTTP/1.1" 200 41366 "-" "Mozilla/5.0 (compatible; AhrefsBot/7.0; +http://ahrefs.com/robot/)"
::ffff:51.222.253.19 - - [15/Feb/2023:18:17:54 +0000] "GET /images/schools/martinezkaratedomap.jpg HTTP/1.1" 200 37724 "-" "Mozilla/5.0 (compatible; AhrefsBot/7.0; +http://ahrefs.com/robot/)"
::ffff:51.222.253.9 - - [15/Feb/2023:18:17:54 +0000] "GET /images/schools/marinkaratedomap.jpg HTTP/1.1" 200 32400 "-" "Mozilla/5.0 (compatible; AhrefsBot/7.0; +http://ahrefs.com/robot/)"
::ffff:51.222.253.19 - - [15/Feb/2023:18:17:55 +0000] "GET /images/schools/manzanitakaratedomap.jpg HTTP/1.1" 200 55402 "-" "Mozilla/5.0 (compatible; AhrefsBot/7.0; +http://ahrefs.com/robot/)"
::ffff:51.222.253.4 - - [15/Feb/2023:18:17:56 +0000] "GET /images/schools/dcakaratedomap.jpg HTTP/1.1" 200 35262 "-" "Mozilla/5.0 (compatible; AhrefsBot/7.0; +http://ahrefs.com/robot/)"
::ffff:51.222.253.11 - - [15/Feb/2023:18:17:57 +0000] "GET /images/schools/nunleykaratedomap.jpg HTTP/1.1" 200 42667 "-" "Mozilla/5.0 (compatible; AhrefsBot/7.0; +http://ahrefs.com/robot/)"
::ffff:51.222.253.16 - - [15/Feb/2023:18:17:58 +0000] "GET /images/schools/alamedakaratedomap.jpg HTTP/1.1" 200 38311 "-" "Mozilla/5.0 (compatible; AhrefsBot/7.0; +http://ahrefs.com/robot/)"
::ffff:209.141.48.150 - - [15/Feb/2023:18:24:53 +0000] "POST /boaform/admin/formLogin HTTP/1.1" 404 163 "http://34.212.47.6:80/admin/login.asp" "Mozilla/5.0 (X11; Ubuntu; Linux x86_64; rv:71.0) Gecko/20100101 Firefox/71.0"
::ffff:167.248.133.63 - - [15/Feb/2023:18:28:29 +0000] "GET / HTTP/1.1" 200 57378 "-" "Mozilla/5.0 (compatible; CensysInspect/1.1; +https://about.censys.io/)"
::ffff:167.248.133.63 - - [15/Feb/2023:18:28:39 +0000] "PRI * HTTP/2.0" - - "-" "-"
::ffff:167.248.133.63 - - [15/Feb/2023:18:28:39 +0000] "GET /images/favicon.ico HTTP/1.1" 200 3638 "-" "Mozilla/5.0 (compatible; CensysInspect/1.1; +https://about.censys.io/)"
::ffff:167.248.133.63 - - [15/Feb/2023:18:28:39 +0000] "GET /favicon.ico HTTP/1.1" 404 150 "-" "Mozilla/5.0 (compatible; CensysInspect/1.1; +https://about.censys.io/)"
::ffff:192.241.213.57 - - [15/Feb/2023:18:35:37 +0000] "GET /owa/auth/logon.aspx?url=https%3a%2f%2f1%2fecp%2f HTTP/1.1" 404 158 "-" "Mozilla/5.0 zgrab/0.x"
::ffff:162.214.71.92 - - [15/Feb/2023:18:36:21 +0000] "GET / HTTP/1.1" 200 57378 "-" "curl/7.29.0"
::ffff:205.210.31.158 - - [15/Feb/2023:18:36:33 +0000] "GET / HTTP/1.1" 200 57378 "-" "Expanse, a Palo Alto Networks company, searches across the global IPv4 space multiple times per day to identify customers&#39; presences on the Internet. If you would like to be excluded from our scans, please send IP addresses/domains to: scaninfo@paloaltonetworks.com"
::ffff:141.95.74.78 - - [15/Feb/2023:18:38:34 +0000] "GET /.env HTTP/1.1" 404 143 "-" "Mozilla/5.0 (X11; Linux x86_64) AppleWebKit/537.36 (KHTML, like Gecko) Chrome/81.0.4044.129 Safari/537.36"
::ffff:141.95.74.78 - - [15/Feb/2023:18:38:35 +0000] "POST / HTTP/1.1" 404 140 "-" "Mozilla/5.0 (X11; Linux x86_64) AppleWebKit/537.36 (KHTML, like Gecko) Chrome/81.0.4044.129 Safari/537.36"
::ffff:47.89.193.239 - - [15/Feb/2023:18:38:54 +0000] "GET / HTTP/1.1" 200 57378 "-" "Mozilla/5.0 (Linux; Android 11; M2004J15SC) AppleWebKit/537.36 (KHTML, like Gecko) Chrome/103.0.5060.114 Mobile Safari/537.36"
::ffff:47.254.16.187 - - [15/Feb/2023:18:38:55 +0000] "GET /Public/home/js/check.js HTTP/1.1" 404 162 "-" "Mozilla/5.0 (Linux; Android 11; M2004J15SC) AppleWebKit/537.36 (KHTML, like Gecko) Chrome/103.0.5060.114 Mobile Safari/537.36"
::ffff:47.89.193.162 - - [15/Feb/2023:18:38:56 +0000] "GET /static/admin/javascript/hetong.js HTTP/1.1" 404 172 "-" "Mozilla/5.0 (Linux; Android 11; M2004J15SC) AppleWebKit/537.36 (KHTML, like Gecko) Chrome/103.0.5060.114 Mobile Safari/537.36"
::ffff:104.133.8.80 - - [15/Feb/2023:18:57:27 +0000] "GET / HTTP/1.1" 200 57378 "https://www.google.com/" "Mozilla/5.0 (Macintosh; Intel Mac OS X 10_15_7) AppleWebKit/537.36 (KHTML, like Gecko) Chrome/109.0.0.0 Safari/537.36"
::ffff:104.133.8.80 - - [15/Feb/2023:18:57:27 +0000] "GET /css/wadokikai.css HTTP/1.1" 200 4337 "http://wadokikai.org/" "Mozilla/5.0 (Macintosh; Intel Mac OS X 10_15_7) AppleWebKit/537.36 (KHTML, like Gecko) Chrome/109.0.0.0 Safari/537.36"
::ffff:104.133.8.80 - - [15/Feb/2023:18:57:27 +0000] "GET /js/common.js HTTP/1.1" 200 2255 "http://wadokikai.org/" "Mozilla/5.0 (Macintosh; Intel Mac OS X 10_15_7) AppleWebKit/537.36 (KHTML, like Gecko) Chrome/109.0.0.0 Safari/537.36"
::ffff:104.133.8.80 - - [15/Feb/2023:18:57:27 +0000] "GET /images/wkkpatch22_med.png HTTP/1.1" 200 32301 "http://wadokikai.org/" "Mozilla/5.0 (Macintosh; Intel Mac OS X 10_15_7) AppleWebKit/537.36 (KHTML, like Gecko) Chrome/109.0.0.0 Safari/537.36"
::ffff:104.133.8.80 - - [15/Feb/2023:18:57:27 +0000] "GET /images/schools/alamedakaratedomap.jpg HTTP/1.1" 200 38311 "http://wadokikai.org/" "Mozilla/5.0 (Macintosh; Intel Mac OS X 10_15_7) AppleWebKit/537.36 (KHTML, like Gecko) Chrome/109.0.0.0 Safari/537.36"
::ffff:104.133.8.80 - - [15/Feb/2023:18:57:27 +0000] "GET /images/schools/dcakaratedomap.jpg HTTP/1.1" 200 35262 "http://wadokikai.org/" "Mozilla/5.0 (Macintosh; Intel Mac OS X 10_15_7) AppleWebKit/537.36 (KHTML, like Gecko) Chrome/109.0.0.0 Safari/537.36"
::ffff:104.133.8.80 - - [15/Feb/2023:18:57:27 +0000] "GET /images/schools/harborbaykaratedomap.jpg HTTP/1.1" 200 37245 "http://wadokikai.org/" "Mozilla/5.0 (Macintosh; Intel Mac OS X 10_15_7) AppleWebKit/537.36 (KHTML, like Gecko) Chrome/109.0.0.0 Safari/537.36"
::ffff:104.133.8.80 - - [15/Feb/2023:18:57:27 +0000] "GET /images/schools/corpuzkaratedomap.jpg HTTP/1.1" 200 36421 "http://wadokikai.org/" "Mozilla/5.0 (Macintosh; Intel Mac OS X 10_15_7) AppleWebKit/537.36 (KHTML, like Gecko) Chrome/109.0.0.0 Safari/537.36"
::ffff:104.133.8.80 - - [15/Feb/2023:18:57:27 +0000] "GET /images/schools/orindakaratedomap.jpg HTTP/1.1" 200 34167 "http://wadokikai.org/" "Mozilla/5.0 (Macintosh; Intel Mac OS X 10_15_7) AppleWebKit/537.36 (KHTML, like Gecko) Chrome/109.0.0.0 Safari/537.36"
::ffff:104.133.8.80 - - [15/Feb/2023:18:57:27 +0000] "GET /images/schools/nunleykaratedomap.jpg HTTP/1.1" 200 42667 "http://wadokikai.org/" "Mozilla/5.0 (Macintosh; Intel Mac OS X 10_15_7) AppleWebKit/537.36 (KHTML, like Gecko) Chrome/109.0.0.0 Safari/537.36"
::ffff:104.133.8.80 - - [15/Feb/2023:18:57:27 +0000] "GET /images/schools/marinkaratedomap.jpg HTTP/1.1" 200 32400 "http://wadokikai.org/" "Mozilla/5.0 (Macintosh; Intel Mac OS X 10_15_7) AppleWebKit/537.36 (KHTML, like Gecko) Chrome/109.0.0.0 Safari/537.36"
::ffff:104.133.8.80 - - [15/Feb/2023:18:57:27 +0000] "GET /images/schools/earhartkaratedomap.jpg HTTP/1.1" 200 41366 "http://wadokikai.org/" "Mozilla/5.0 (Macintosh; Intel Mac OS X 10_15_7) AppleWebKit/537.36 (KHTML, like Gecko) Chrome/109.0.0.0 Safari/537.36"
::ffff:104.133.8.80 - - [15/Feb/2023:18:57:27 +0000] "GET /images/schools/manzanitakaratedomap.jpg HTTP/1.1" 200 55402 "http://wadokikai.org/" "Mozilla/5.0 (Macintosh; Intel Mac OS X 10_15_7) AppleWebKit/537.36 (KHTML, like Gecko) Chrome/109.0.0.0 Safari/537.36"
::ffff:104.133.8.80 - - [15/Feb/2023:18:57:27 +0000] "GET /images/schools/martinezkaratedomap.jpg HTTP/1.1" 200 37724 "http://wadokikai.org/" "Mozilla/5.0 (Macintosh; Intel Mac OS X 10_15_7) AppleWebKit/537.36 (KHTML, like Gecko) Chrome/109.0.0.0 Safari/537.36"
::ffff:104.133.8.80 - - [15/Feb/2023:18:57:27 +0000] "GET /images/dragon-trans.png HTTP/1.1" 200 85661 "http://wadokikai.org/" "Mozilla/5.0 (Macintosh; Intel Mac OS X 10_15_7) AppleWebKit/537.36 (KHTML, like Gecko) Chrome/109.0.0.0 Safari/537.36"
::ffff:104.133.8.80 - - [15/Feb/2023:18:57:31 +0000] "GET /images/tiger.bmp HTTP/1.1" 200 311274 "http://wadokikai.org/" "Mozilla/5.0 (Macintosh; Intel Mac OS X 10_15_7) AppleWebKit/537.36 (KHTML, like Gecko) Chrome/109.0.0.0 Safari/537.36"
::ffff:104.133.8.80 - - [15/Feb/2023:18:57:34 +0000] "GET /images/wadokikai%20kanji.jpg HTTP/1.1" 200 35066 "http://wadokikai.org/" "Mozilla/5.0 (Macintosh; Intel Mac OS X 10_15_7) AppleWebKit/537.36 (KHTML, like Gecko) Chrome/109.0.0.0 Safari/537.36"
::ffff:136.62.6.142 - - [15/Feb/2023:19:01:02 +0000] "GET /images/tiger.bmp HTTP/1.1" 304 - "http://www.wadokikai.org/resources" "Mozilla/5.0 (Macintosh; Intel Mac OS X 10_15_7) AppleWebKit/537.36 (KHTML, like Gecko) Chrome/109.0.0.0 Safari/537.36"
::ffff:66.249.79.191 - - [15/Feb/2023:19:01:32 +0000] "GET / HTTP/1.1" 200 57378 "-" "Mozilla/5.0 (Linux; Android 6.0.1; Nexus 5X Build/MMB29P) AppleWebKit/537.36 (KHTML, like Gecko) Chrome/110.0.5481.77 Mobile Safari/537.36 (compatible; Googlebot/2.1; +http://www.google.com/bot.html)"
::ffff:136.62.6.142 - - [15/Feb/2023:19:02:02 +0000] "GET /images/dragon-trans.png HTTP/1.1" 304 - "http://www.wadokikai.org/resources" "Mozilla/5.0 (Macintosh; Intel Mac OS X 10_15_7) AppleWebKit/537.36 (KHTML, like Gecko) Chrome/109.0.0.0 Safari/537.36"
::ffff:143.244.50.172 - - [15/Feb/2023:19:09:52 +0000] "GET /config/getuser?index=0 HTTP/1.1" 404 153 "-" "Mozilla/5.0 (X11; Ubuntu; Linux x86_64; rv:76.0) Gecko/20100101 Firefox/76.0"
::ffff:135.125.217.54 - - [15/Feb/2023:19:11:39 +0000] "GET /.env HTTP/1.1" 404 143 "-" "Mozilla/5.0 (X11; Linux x86_64) AppleWebKit/537.36 (KHTML, like Gecko) Chrome/81.0.4044.129 Safari/537.36"
::ffff:135.125.217.54 - - [15/Feb/2023:19:11:39 +0000] "POST / HTTP/1.1" 404 140 "-" "Mozilla/5.0 (X11; Linux x86_64) AppleWebKit/537.36 (KHTML, like Gecko) Chrome/81.0.4044.129 Safari/537.36"
::ffff:135.125.217.54 - - [15/Feb/2023:19:23:41 +0000] "GET /.env HTTP/1.1" 404 143 "-" "Mozilla/5.0 (X11; Linux x86_64) AppleWebKit/537.36 (KHTML, like Gecko) Chrome/81.0.4044.129 Safari/537.36"
::ffff:135.125.217.54 - - [15/Feb/2023:19:23:42 +0000] "POST / HTTP/1.1" 404 140 "-" "Mozilla/5.0 (X11; Linux x86_64) AppleWebKit/537.36 (KHTML, like Gecko) Chrome/81.0.4044.129 Safari/537.36"
::ffff:193.32.162.159 - - [15/Feb/2023:19:38:13 +0000] "GET / HTTP/1.1" 200 57378 "-" "Mozilla/5.0 (Windows NT 10.0; Win64; x64) AppleWebKit/537.36 (KHTML, like Gecko) Chrome/90.0.4430.85 Safari/537.36 Edg/90.0.818.46"
::ffff:45.134.140.181 - - [15/Feb/2023:19:40:37 +0000] "GET /apis/apps/v1/namespaces/kube-system/daemonsets HTTP/1.1" 404 185 "-" "Mozilla/5.0 (Macintosh; Intel Mac OS X 10.15; rv:107.0) Gecko/20100101 Firefox/107.0"
::ffff:66.249.79.191 - - [15/Feb/2023:19:46:33 +0000] "GET /docs/Bushido-code.pdf HTTP/1.1" 304 - "-" "Mozilla/5.0 (Linux; Android 6.0.1; Nexus 5X Build/MMB29P) AppleWebKit/537.36 (KHTML, like Gecko) Chrome/110.0.5481.77 Mobile Safari/537.36 (compatible; Googlebot/2.1; +http://www.google.com/bot.html)"
::ffff:80.85.241.15 - - [15/Feb/2023:20:06:23 +0000] "GET /lib/vendor/phpunit/phpunit/src/Util/PHP/eval-stdin.php HTTP/1.1" 404 193 "-" "Mozilla/5.0 (X11; U; Linux i686; en-US; rv:1.9a3pre) Gecko/20070330"
::ffff:159.89.33.255 - - [15/Feb/2023:20:19:36 +0000] "GET / HTTP/1.0" 200 57378 "-" "Mozilla/5.0 (X11; Linux x86_64; rv:73.0) Gecko/20100101 Firefox/73.0"
::ffff:167.94.146.58 - - [15/Feb/2023:20:21:26 +0000] "GET / HTTP/1.1" 200 57378 "-" "-"
::ffff:167.94.146.58 - - [15/Feb/2023:20:21:26 +0000] "GET / HTTP/1.1" 200 57378 "-" "Mozilla/5.0 (compatible; CensysInspect/1.1; +https://about.censys.io/)"
::ffff:167.94.146.58 - - [15/Feb/2023:20:21:26 +0000] "PRI * HTTP/2.0" - - "-" "-"
::ffff:167.94.146.58 - - [15/Feb/2023:20:21:27 +0000] "GET /images/favicon.ico HTTP/1.1" 200 3638 "-" "Mozilla/5.0 (compatible; CensysInspect/1.1; +https://about.censys.io/)"
::ffff:167.94.146.58 - - [15/Feb/2023:20:21:27 +0000] "GET /favicon.ico HTTP/1.1" 404 150 "-" "Mozilla/5.0 (compatible; CensysInspect/1.1; +https://about.censys.io/)"
::ffff:159.89.33.255 - - [15/Feb/2023:20:23:36 +0000] "GET / HTTP/1.1" 200 57378 "-" "Mozilla/5.0 (X11; Linux x86_64; rv:73.0) Gecko/20100101 Firefox/73.0"
::ffff:159.89.33.255 - - [15/Feb/2023:20:23:37 +0000] "GET /images/favicon.ico HTTP/1.1" 200 3638 "http://34.212.47.6/" "Mozilla/5.0 (X11; Linux x86_64; rv:73.0) Gecko/20100101 Firefox/73.0"
::ffff:198.235.24.26 - - [15/Feb/2023:20:24:57 +0000] "GET / HTTP/1.0" 200 57378 "-" "Expanse, a Palo Alto Networks company, searches across the global IPv4 space multiple times per day to identify customers&#39; presences on the Internet. If you would like to be excluded from our scans, please send IP addresses/domains to: scaninfo@paloaltonetworks.com"
::ffff:66.249.79.184 - - [15/Feb/2023:20:31:32 +0000] "GET / HTTP/1.1" 200 57378 "-" "Mozilla/5.0 (compatible; Googlebot/2.1; +http://www.google.com/bot.html)"
::ffff:141.95.74.78 - - [15/Feb/2023:20:43:49 +0000] "GET /.env HTTP/1.1" 404 143 "-" "Mozilla/5.0 (X11; Linux x86_64) AppleWebKit/537.36 (KHTML, like Gecko) Chrome/81.0.4044.129 Safari/537.36"
::ffff:141.95.74.78 - - [15/Feb/2023:20:43:50 +0000] "POST / HTTP/1.1" 404 140 "-" "Mozilla/5.0 (X11; Linux x86_64) AppleWebKit/537.36 (KHTML, like Gecko) Chrome/81.0.4044.129 Safari/537.36"
::ffff:34.27.219.149 - - [15/Feb/2023:20:44:48 +0000] "POST / HTTP/1.1" 404 140 "-" "python-requests/2.28.2"
::ffff:95.214.235.205 - - [15/Feb/2023:20:54:08 +0000] "GET /.env HTTP/1.1" 404 143 "-" "Mozilla/5.0 (X11; Linux x86_64) AppleWebKit/537.36 (KHTML, like Gecko) Chrome/81.0.4044.129 Safari/537.36"
::ffff:95.214.235.205 - - [15/Feb/2023:20:54:08 +0000] "POST / HTTP/1.1" 404 140 "-" "Mozilla/5.0 (X11; Linux x86_64) AppleWebKit/537.36 (KHTML, like Gecko) Chrome/81.0.4044.129 Safari/537.36"
::ffff:135.125.217.54 - - [15/Feb/2023:21:01:25 +0000] "GET /.env HTTP/1.1" 404 143 "-" "Mozilla/5.0 (X11; Linux x86_64) AppleWebKit/537.36 (KHTML, like Gecko) Chrome/81.0.4044.129 Safari/537.36"
::ffff:135.125.217.54 - - [15/Feb/2023:21:01:26 +0000] "POST / HTTP/1.1" 404 140 "-" "Mozilla/5.0 (X11; Linux x86_64) AppleWebKit/537.36 (KHTML, like Gecko) Chrome/81.0.4044.129 Safari/537.36"
::ffff:52.167.144.57 - - [15/Feb/2023:21:03:54 +0000] "GET /robots.txt HTTP/1.1" 404 149 "-" "Mozilla/5.0 AppleWebKit/537.36 (KHTML, like Gecko; compatible; bingbot/2.0; +http://www.bing.com/bingbot.htm) Chrome/103.0.5060.134 Safari/537.36"
::ffff:52.167.144.57 - - [15/Feb/2023:21:03:54 +0000] "GET /robots.txt HTTP/1.1" 404 149 "-" "Mozilla/5.0 AppleWebKit/537.36 (KHTML, like Gecko; compatible; bingbot/2.0; +http://www.bing.com/bingbot.htm) Chrome/103.0.5060.134 Safari/537.36"
::ffff:40.77.167.248 - - [15/Feb/2023:21:03:58 +0000] "GET /sitemap_index.xml HTTP/1.1" 404 156 "-" "Mozilla/5.0 AppleWebKit/537.36 (KHTML, like Gecko; compatible; bingbot/2.0; +http://www.bing.com/bingbot.htm) Chrome/103.0.5060.134 Safari/537.36"
::ffff:40.77.167.248 - - [15/Feb/2023:21:03:58 +0000] "GET /sitemap_index.xml HTTP/1.1" 404 156 "-" "Mozilla/5.0 AppleWebKit/537.36 (KHTML, like Gecko; compatible; bingbot/2.0; +http://www.bing.com/bingbot.htm) Chrome/103.0.5060.134 Safari/537.36"
::ffff:165.227.0.21 - - [15/Feb/2023:21:04:48 +0000] "GET / HTTP/1.0" 200 57378 "-" "Mozilla/5.0 (X11; Linux x86_64; rv:98.0) Gecko/20100101 Firefox/98.0"
::ffff:143.244.50.172 - - [15/Feb/2023:21:07:11 +0000] "GET /config/getuser?index=0 HTTP/1.1" 404 153 "-" "Mozilla/5.0 (X11; Ubuntu; Linux x86_64; rv:76.0) Gecko/20100101 Firefox/76.0"
::ffff:66.249.79.189 - - [15/Feb/2023:21:16:32 +0000] "GET / HTTP/1.1" 200 57378 "-" "Mozilla/5.0 (compatible; Googlebot/2.1; +http://www.google.com/bot.html)"
::ffff:40.77.167.242 - - [15/Feb/2023:21:24:49 +0000] "GET / HTTP/1.1" 200 57378 "-" "Mozilla/5.0 AppleWebKit/537.36 (KHTML, like Gecko; compatible; bingbot/2.0; +http://www.bing.com/bingbot.htm) Chrome/103.0.5060.134 Safari/537.36"
::ffff:24.130.250.90 - - [15/Feb/2023:21:25:50 +0000] "GET / HTTP/1.1" 304 - "-" "Mozilla/5.0 (iPhone; CPU iPhone OS 16_2 like Mac OS X) AppleWebKit/605.1.15 (KHTML, like Gecko) EdgiOS/109.0.1518.80 Version/16.0 Mobile/15E148 Safari/604.1"
::ffff:24.130.250.90 - - [15/Feb/2023:21:25:50 +0000] "GET /css/wadokikai.css HTTP/1.1" 304 - "http://wadokikai.org/" "Mozilla/5.0 (iPhone; CPU iPhone OS 16_2 like Mac OS X) AppleWebKit/605.1.15 (KHTML, like Gecko) EdgiOS/109.0.1518.80 Version/16.0 Mobile/15E148 Safari/604.1"
::ffff:24.130.250.90 - - [15/Feb/2023:21:25:50 +0000] "GET /images/wkkpatch22_med.png HTTP/1.1" 304 - "http://wadokikai.org/" "Mozilla/5.0 (iPhone; CPU iPhone OS 16_2 like Mac OS X) AppleWebKit/605.1.15 (KHTML, like Gecko) EdgiOS/109.0.1518.80 Version/16.0 Mobile/15E148 Safari/604.1"
::ffff:24.130.250.90 - - [15/Feb/2023:21:25:50 +0000] "GET /images/schools/harborbaykaratedomap.jpg HTTP/1.1" 304 - "http://wadokikai.org/" "Mozilla/5.0 (iPhone; CPU iPhone OS 16_2 like Mac OS X) AppleWebKit/605.1.15 (KHTML, like Gecko) EdgiOS/109.0.1518.80 Version/16.0 Mobile/15E148 Safari/604.1"
::ffff:24.130.250.90 - - [15/Feb/2023:21:25:50 +0000] "GET /images/schools/nunleykaratedomap.jpg HTTP/1.1" 304 - "http://wadokikai.org/" "Mozilla/5.0 (iPhone; CPU iPhone OS 16_2 like Mac OS X) AppleWebKit/605.1.15 (KHTML, like Gecko) EdgiOS/109.0.1518.80 Version/16.0 Mobile/15E148 Safari/604.1"
::ffff:24.130.250.90 - - [15/Feb/2023:21:25:50 +0000] "GET /js/common.js HTTP/1.1" 304 - "http://wadokikai.org/" "Mozilla/5.0 (iPhone; CPU iPhone OS 16_2 like Mac OS X) AppleWebKit/605.1.15 (KHTML, like Gecko) EdgiOS/109.0.1518.80 Version/16.0 Mobile/15E148 Safari/604.1"
::ffff:24.130.250.90 - - [15/Feb/2023:21:25:50 +0000] "GET /images/schools/alamedakaratedomap.jpg HTTP/1.1" 304 - "http://wadokikai.org/" "Mozilla/5.0 (iPhone; CPU iPhone OS 16_2 like Mac OS X) AppleWebKit/605.1.15 (KHTML, like Gecko) EdgiOS/109.0.1518.80 Version/16.0 Mobile/15E148 Safari/604.1"
::ffff:24.130.250.90 - - [15/Feb/2023:21:25:50 +0000] "GET /images/schools/orindakaratedomap.jpg HTTP/1.1" 304 - "http://wadokikai.org/" "Mozilla/5.0 (iPhone; CPU iPhone OS 16_2 like Mac OS X) AppleWebKit/605.1.15 (KHTML, like Gecko) EdgiOS/109.0.1518.80 Version/16.0 Mobile/15E148 Safari/604.1"
::ffff:24.130.250.90 - - [15/Feb/2023:21:25:50 +0000] "GET /images/schools/dcakaratedomap.jpg HTTP/1.1" 304 - "http://wadokikai.org/" "Mozilla/5.0 (iPhone; CPU iPhone OS 16_2 like Mac OS X) AppleWebKit/605.1.15 (KHTML, like Gecko) EdgiOS/109.0.1518.80 Version/16.0 Mobile/15E148 Safari/604.1"
::ffff:24.130.250.90 - - [15/Feb/2023:21:25:50 +0000] "GET /images/schools/corpuzkaratedomap.jpg HTTP/1.1" 304 - "http://wadokikai.org/" "Mozilla/5.0 (iPhone; CPU iPhone OS 16_2 like Mac OS X) AppleWebKit/605.1.15 (KHTML, like Gecko) EdgiOS/109.0.1518.80 Version/16.0 Mobile/15E148 Safari/604.1"
::ffff:24.130.250.90 - - [15/Feb/2023:21:25:50 +0000] "GET /images/schools/earhartkaratedomap.jpg HTTP/1.1" 304 - "http://wadokikai.org/" "Mozilla/5.0 (iPhone; CPU iPhone OS 16_2 like Mac OS X) AppleWebKit/605.1.15 (KHTML, like Gecko) EdgiOS/109.0.1518.80 Version/16.0 Mobile/15E148 Safari/604.1"
::ffff:24.130.250.90 - - [15/Feb/2023:21:25:50 +0000] "GET /images/schools/marinkaratedomap.jpg HTTP/1.1" 304 - "http://wadokikai.org/" "Mozilla/5.0 (iPhone; CPU iPhone OS 16_2 like Mac OS X) AppleWebKit/605.1.15 (KHTML, like Gecko) EdgiOS/109.0.1518.80 Version/16.0 Mobile/15E148 Safari/604.1"
::ffff:24.130.250.90 - - [15/Feb/2023:21:25:50 +0000] "GET /images/schools/martinezkaratedomap.jpg HTTP/1.1" 304 - "http://wadokikai.org/" "Mozilla/5.0 (iPhone; CPU iPhone OS 16_2 like Mac OS X) AppleWebKit/605.1.15 (KHTML, like Gecko) EdgiOS/109.0.1518.80 Version/16.0 Mobile/15E148 Safari/604.1"
::ffff:24.130.250.90 - - [15/Feb/2023:21:25:50 +0000] "GET /images/schools/manzanitakaratedomap.jpg HTTP/1.1" 304 - "http://wadokikai.org/" "Mozilla/5.0 (iPhone; CPU iPhone OS 16_2 like Mac OS X) AppleWebKit/605.1.15 (KHTML, like Gecko) EdgiOS/109.0.1518.80 Version/16.0 Mobile/15E148 Safari/604.1"
::ffff:24.130.250.90 - - [15/Feb/2023:21:25:50 +0000] "GET /images/dragon-trans.png HTTP/1.1" 304 - "http://wadokikai.org/" "Mozilla/5.0 (iPhone; CPU iPhone OS 16_2 like Mac OS X) AppleWebKit/605.1.15 (KHTML, like Gecko) EdgiOS/109.0.1518.80 Version/16.0 Mobile/15E148 Safari/604.1"
::ffff:24.130.250.90 - - [15/Feb/2023:21:25:54 +0000] "GET / HTTP/1.1" 304 - "-" "Mozilla/5.0 (iPhone; CPU iPhone OS 16_2 like Mac OS X) AppleWebKit/605.1.15 (KHTML, like Gecko) EdgiOS/109.0.1518.80 Version/16.0 Mobile/15E148 Safari/604.1"
::ffff:24.130.250.90 - - [15/Feb/2023:21:25:54 +0000] "GET /css/wadokikai.css HTTP/1.1" 304 - "http://wadokikai.org/" "Mozilla/5.0 (iPhone; CPU iPhone OS 16_2 like Mac OS X) AppleWebKit/605.1.15 (KHTML, like Gecko) EdgiOS/109.0.1518.80 Version/16.0 Mobile/15E148 Safari/604.1"
::ffff:24.130.250.90 - - [15/Feb/2023:21:25:54 +0000] "GET /images/schools/dcakaratedomap.jpg HTTP/1.1" 304 - "http://wadokikai.org/" "Mozilla/5.0 (iPhone; CPU iPhone OS 16_2 like Mac OS X) AppleWebKit/605.1.15 (KHTML, like Gecko) EdgiOS/109.0.1518.80 Version/16.0 Mobile/15E148 Safari/604.1"
::ffff:24.130.250.90 - - [15/Feb/2023:21:25:54 +0000] "GET /images/schools/orindakaratedomap.jpg HTTP/1.1" 304 - "http://wadokikai.org/" "Mozilla/5.0 (iPhone; CPU iPhone OS 16_2 like Mac OS X) AppleWebKit/605.1.15 (KHTML, like Gecko) EdgiOS/109.0.1518.80 Version/16.0 Mobile/15E148 Safari/604.1"
::ffff:24.130.250.90 - - [15/Feb/2023:21:25:54 +0000] "GET /images/schools/alamedakaratedomap.jpg HTTP/1.1" 304 - "http://wadokikai.org/" "Mozilla/5.0 (iPhone; CPU iPhone OS 16_2 like Mac OS X) AppleWebKit/605.1.15 (KHTML, like Gecko) EdgiOS/109.0.1518.80 Version/16.0 Mobile/15E148 Safari/604.1"
::ffff:24.130.250.90 - - [15/Feb/2023:21:25:54 +0000] "GET /js/common.js HTTP/1.1" 304 - "http://wadokikai.org/" "Mozilla/5.0 (iPhone; CPU iPhone OS 16_2 like Mac OS X) AppleWebKit/605.1.15 (KHTML, like Gecko) EdgiOS/109.0.1518.80 Version/16.0 Mobile/15E148 Safari/604.1"
::ffff:24.130.250.90 - - [15/Feb/2023:21:25:54 +0000] "GET /images/wkkpatch22_med.png HTTP/1.1" 304 - "http://wadokikai.org/" "Mozilla/5.0 (iPhone; CPU iPhone OS 16_2 like Mac OS X) AppleWebKit/605.1.15 (KHTML, like Gecko) EdgiOS/109.0.1518.80 Version/16.0 Mobile/15E148 Safari/604.1"
::ffff:24.130.250.90 - - [15/Feb/2023:21:25:54 +0000] "GET /images/schools/harborbaykaratedomap.jpg HTTP/1.1" 304 - "http://wadokikai.org/" "Mozilla/5.0 (iPhone; CPU iPhone OS 16_2 like Mac OS X) AppleWebKit/605.1.15 (KHTML, like Gecko) EdgiOS/109.0.1518.80 Version/16.0 Mobile/15E148 Safari/604.1"
::ffff:24.130.250.90 - - [15/Feb/2023:21:25:54 +0000] "GET /images/schools/corpuzkaratedomap.jpg HTTP/1.1" 304 - "http://wadokikai.org/" "Mozilla/5.0 (iPhone; CPU iPhone OS 16_2 like Mac OS X) AppleWebKit/605.1.15 (KHTML, like Gecko) EdgiOS/109.0.1518.80 Version/16.0 Mobile/15E148 Safari/604.1"
::ffff:24.130.250.90 - - [15/Feb/2023:21:25:54 +0000] "GET /images/schools/nunleykaratedomap.jpg HTTP/1.1" 304 - "http://wadokikai.org/" "Mozilla/5.0 (iPhone; CPU iPhone OS 16_2 like Mac OS X) AppleWebKit/605.1.15 (KHTML, like Gecko) EdgiOS/109.0.1518.80 Version/16.0 Mobile/15E148 Safari/604.1"
::ffff:24.130.250.90 - - [15/Feb/2023:21:25:54 +0000] "GET /images/schools/marinkaratedomap.jpg HTTP/1.1" 304 - "http://wadokikai.org/" "Mozilla/5.0 (iPhone; CPU iPhone OS 16_2 like Mac OS X) AppleWebKit/605.1.15 (KHTML, like Gecko) EdgiOS/109.0.1518.80 Version/16.0 Mobile/15E148 Safari/604.1"
