::ffff:110.235.237.42 - - [01/May/2023:16:23:34 +0000] "GET /images/promotions/AFSPrelimSchedule.pdf HTTP/1.1" 304 - "http://wadokikai.org/" "Mozilla/5.0 (Windows NT 10.0; Win64; x64) AppleWebKit/537.36 (KHTML, like Gecko) Chrome/112.0.0.0 Safari/537.36"
::ffff:110.235.237.42 - - [01/May/2023:16:23:34 +0000] "GET /images/schools/nunleykaratedomap.jpg HTTP/1.1" 304 - "http://wadokikai.org/" "Mozilla/5.0 (Windows NT 10.0; Win64; x64) AppleWebKit/537.36 (KHTML, like Gecko) Chrome/112.0.0.0 Safari/537.36"
::ffff:110.235.237.42 - - [01/May/2023:16:23:34 +0000] "GET /images/schools/marinkaratedomap.jpg HTTP/1.1" 304 - "http://wadokikai.org/" "Mozilla/5.0 (Windows NT 10.0; Win64; x64) AppleWebKit/537.36 (KHTML, like Gecko) Chrome/112.0.0.0 Safari/537.36"
::ffff:110.235.237.42 - - [01/May/2023:16:23:34 +0000] "GET /images/schools/earhartkaratedomap.jpg HTTP/1.1" 304 - "http://wadokikai.org/" "Mozilla/5.0 (Windows NT 10.0; Win64; x64) AppleWebKit/537.36 (KHTML, like Gecko) Chrome/112.0.0.0 Safari/537.36"
::ffff:110.235.237.42 - - [01/May/2023:16:23:34 +0000] "GET /images/schools/martinezkaratedomap.jpg HTTP/1.1" 304 - "http://wadokikai.org/" "Mozilla/5.0 (Windows NT 10.0; Win64; x64) AppleWebKit/537.36 (KHTML, like Gecko) Chrome/112.0.0.0 Safari/537.36"
::ffff:110.235.237.42 - - [01/May/2023:16:23:34 +0000] "GET /images/schools/manzanitakaratedomap.jpg HTTP/1.1" 304 - "http://wadokikai.org/" "Mozilla/5.0 (Windows NT 10.0; Win64; x64) AppleWebKit/537.36 (KHTML, like Gecko) Chrome/112.0.0.0 Safari/537.36"
::ffff:110.235.237.42 - - [01/May/2023:16:23:34 +0000] "GET /js/common.js HTTP/1.1" 304 - "-" "Mozilla/5.0 (Windows NT 10.0; Win64; x64) AppleWebKit/537.36 (KHTML, like Gecko) Chrome/112.0.0.0 Safari/537.36"
::ffff:110.235.237.42 - - [01/May/2023:16:23:34 +0000] "GET /images/dragon-trans.png HTTP/1.1" 304 - "http://wadokikai.org/" "Mozilla/5.0 (Windows NT 10.0; Win64; x64) AppleWebKit/537.36 (KHTML, like Gecko) Chrome/112.0.0.0 Safari/537.36"
::ffff:110.235.237.42 - - [01/May/2023:16:23:37 +0000] "GET /images/tiger.bmp HTTP/1.1" 304 - "http://wadokikai.org/" "Mozilla/5.0 (Windows NT 10.0; Win64; x64) AppleWebKit/537.36 (KHTML, like Gecko) Chrome/112.0.0.0 Safari/537.36"
::ffff:110.235.237.42 - - [01/May/2023:16:23:41 +0000] "GET /images/wadokikai%20kanji.jpg HTTP/1.1" 304 - "http://wadokikai.org/" "Mozilla/5.0 (Windows NT 10.0; Win64; x64) AppleWebKit/537.36 (KHTML, like Gecko) Chrome/112.0.0.0 Safari/537.36"
::ffff:110.235.237.42 - - [01/May/2023:16:24:05 +0000] "GET /images/wadokikai%20kanji.jpg HTTP/1.1" 304 - "http://wadokikai.org/" "Mozilla/5.0 (Windows NT 10.0; Win64; x64) AppleWebKit/537.36 (KHTML, like Gecko) Chrome/112.0.0.0 Safari/537.36"
::ffff:110.235.237.42 - - [01/May/2023:16:24:09 +0000] "GET /images/dragon-trans.png HTTP/1.1" 304 - "http://wadokikai.org/" "Mozilla/5.0 (Windows NT 10.0; Win64; x64) AppleWebKit/537.36 (KHTML, like Gecko) Chrome/112.0.0.0 Safari/537.36"
::ffff:54.74.41.166 - - [01/May/2023:16:24:26 +0000] "GET / HTTP/1.1" 200 58146 "https://www.netcraft.com/survey/" "Mozilla/4.0 (compatible; Netcraft Web Server Survey)"
::ffff:110.235.237.42 - - [01/May/2023:16:26:38 +0000] "GET /images/dragon-trans.png HTTP/1.1" 304 - "http://wadokikai.org/" "Mozilla/5.0 (Windows NT 10.0; Win64; x64) AppleWebKit/537.36 (KHTML, like Gecko) Chrome/112.0.0.0 Safari/537.36"
::ffff:43.155.118.219 - - [01/May/2023:16:26:45 +0000] "HEAD /Core/Skin/Login.aspx HTTP/1.1" 404 160 "-" "Mozilla/5.0 (Windows NT 10.0; Win64; x64) AppleWebKit/537.36 (KHTML, like Gecko) Chrome/106.0.0.0 Safari/537.36"
::ffff:110.235.237.42 - - [01/May/2023:16:27:38 +0000] "GET /images/tiger.bmp HTTP/1.1" 304 - "http://wadokikai.org/" "Mozilla/5.0 (Windows NT 10.0; Win64; x64) AppleWebKit/537.36 (KHTML, like Gecko) Chrome/112.0.0.0 Safari/537.36"
::ffff:110.235.237.42 - - [01/May/2023:16:29:38 +0000] "GET /images/dragon-trans.png HTTP/1.1" 304 - "http://wadokikai.org/" "Mozilla/5.0 (Windows NT 10.0; Win64; x64) AppleWebKit/537.36 (KHTML, like Gecko) Chrome/112.0.0.0 Safari/537.36"
::ffff:110.235.237.42 - - [01/May/2023:16:30:38 +0000] "GET /images/tiger.bmp HTTP/1.1" 304 - "http://wadokikai.org/" "Mozilla/5.0 (Windows NT 10.0; Win64; x64) AppleWebKit/537.36 (KHTML, like Gecko) Chrome/112.0.0.0 Safari/537.36"
::ffff:110.235.237.42 - - [01/May/2023:16:31:38 +0000] "GET /images/wadokikai%20kanji.jpg HTTP/1.1" 304 - "http://wadokikai.org/" "Mozilla/5.0 (Windows NT 10.0; Win64; x64) AppleWebKit/537.36 (KHTML, like Gecko) Chrome/112.0.0.0 Safari/537.36"
::ffff:54.36.148.111 - - [01/May/2023:16:32:37 +0000] "GET /robots.txt HTTP/1.1" 404 149 "-" "Mozilla/5.0 (compatible; AhrefsBot/7.0; +http://ahrefs.com/robot/)"
::ffff:51.222.253.12 - - [01/May/2023:16:32:38 +0000] "GET / HTTP/1.1" 200 58146 "-" "Mozilla/5.0 (compatible; AhrefsBot/7.0; +http://ahrefs.com/robot/)"
::ffff:191.101.61.74 - - [01/May/2023:16:35:23 +0000] "GET / HTTP/1.1" 200 58146 "-" "Mozilla/5.0 (Windows NT 10.0; Win64; x64; rv:102.0) Gecko/20100101 Firefox/102.0"
::ffff:191.101.61.74 - - [01/May/2023:16:35:24 +0000] "GET /contact?s=1&ss=5 HTTP/1.1" 200 9997 "http://wadokikai.org/" "Mozilla/5.0 (Windows NT 10.0; Win64; x64; rv:102.0) Gecko/20100101 Firefox/102.0"
::ffff:191.101.61.74 - - [01/May/2023:16:35:25 +0000] "GET /contact?s=1&ss=4 HTTP/1.1" 200 9997 "http://wadokikai.org/" "Mozilla/5.0 (Windows NT 10.0; Win64; x64; rv:102.0) Gecko/20100101 Firefox/102.0"
::ffff:191.101.61.74 - - [01/May/2023:16:35:26 +0000] "GET /contact?s=1&ss=3 HTTP/1.1" 200 9997 "http://wadokikai.org/" "Mozilla/5.0 (Windows NT 10.0; Win64; x64; rv:102.0) Gecko/20100101 Firefox/102.0"
::ffff:191.101.61.74 - - [01/May/2023:16:35:26 +0000] "GET /contact?s=1&ss=6 HTTP/1.1" 200 9997 "http://wadokikai.org/" "Mozilla/5.0 (Windows NT 10.0; Win64; x64; rv:102.0) Gecko/20100101 Firefox/102.0"
::ffff:191.101.61.74 - - [01/May/2023:16:35:27 +0000] "GET /contact?s=1&ss=9 HTTP/1.1" 200 9997 "http://wadokikai.org/" "Mozilla/5.0 (Windows NT 10.0; Win64; x64; rv:102.0) Gecko/20100101 Firefox/102.0"
::ffff:191.101.61.74 - - [01/May/2023:16:35:28 +0000] "GET /contact?s=1&ss=8 HTTP/1.1" 200 9997 "http://wadokikai.org/" "Mozilla/5.0 (Windows NT 10.0; Win64; x64; rv:102.0) Gecko/20100101 Firefox/102.0"
::ffff:191.101.61.74 - - [01/May/2023:16:35:29 +0000] "GET /contact?s=1&ss=7 HTTP/1.1" 200 9997 "http://wadokikai.org/" "Mozilla/5.0 (Windows NT 10.0; Win64; x64; rv:102.0) Gecko/20100101 Firefox/102.0"
::ffff:191.101.61.74 - - [01/May/2023:16:35:29 +0000] "GET /contact?s=1&ss=1 HTTP/1.1" 200 9997 "http://wadokikai.org/" "Mozilla/5.0 (Windows NT 10.0; Win64; x64; rv:102.0) Gecko/20100101 Firefox/102.0"
::ffff:191.101.61.74 - - [01/May/2023:16:35:30 +0000] "GET /contact?s=1&ss=0 HTTP/1.1" 200 9997 "http://wadokikai.org/" "Mozilla/5.0 (Windows NT 10.0; Win64; x64; rv:102.0) Gecko/20100101 Firefox/102.0"
::ffff:191.101.61.74 - - [01/May/2023:16:35:31 +0000] "GET /contact HTTP/1.1" 200 10017 "http://wadokikai.org/" "Mozilla/5.0 (Windows NT 10.0; Win64; x64; rv:102.0) Gecko/20100101 Firefox/102.0"
::ffff:191.101.61.74 - - [01/May/2023:16:35:35 +0000] "POST /sendemail HTTP/1.1" 302 96 "http://wadokikai.org/contact?s=1&ss=7" "Mozilla/5.0 (Windows NT 10.0; Win64; x64; rv:102.0) Gecko/20100101 Firefox/102.0"
::ffff:191.101.61.74 - - [01/May/2023:16:35:35 +0000] "GET /contact/?msg=sent&s=1 HTTP/1.1" 200 10400 "http://wadokikai.org/sendemail" "Mozilla/5.0 (Windows NT 10.0; Win64; x64; rv:102.0) Gecko/20100101 Firefox/102.0"
::ffff:40.77.167.107 - - [01/May/2023:16:36:38 +0000] "GET / HTTP/1.1" 200 58146 "-" "Mozilla/5.0 AppleWebKit/537.36 (KHTML, like Gecko; compatible; bingbot/2.0; +http://www.bing.com/bingbot.htm) Chrome/103.0.5060.134 Safari/537.36"
::ffff:54.74.41.166 - - [01/May/2023:16:40:35 +0000] "GET / HTTP/1.1" 200 58146 "https://www.netcraft.com/survey/" "Mozilla/4.0 (compatible; Netcraft Web Server Survey)"
::ffff:45.79.171.66 - - [01/May/2023:16:44:06 +0000] "GET /service.php?token=1819&action=11 HTTP/1.0" 404 150 "-" "-"
::ffff:54.74.41.166 - - [01/May/2023:16:56:06 +0000] "GET /index.htm HTTP/1.0" 404 148 "https://www.netcraft.com/survey/" "Mozilla/4.0 (compatible; Netcraft Web Server Survey)"
::ffff:66.249.65.154 - - [01/May/2023:17:18:43 +0000] "GET /robots.txt HTTP/1.1" 404 149 "-" "Mozilla/5.0 (compatible; Googlebot/2.1; +http://www.google.com/bot.html)"
::ffff:66.249.65.150 - - [01/May/2023:17:18:43 +0000] "GET /events.html HTTP/1.1" 404 150 "-" "Mozilla/5.0 (Linux; Android 6.0.1; Nexus 5X Build/MMB29P) AppleWebKit/537.36 (KHTML, like Gecko) Chrome/112.0.5615.142 Mobile Safari/537.36 (compatible; Googlebot/2.1; +http://www.google.com/bot.html)"
::ffff:24.4.186.45 - - [01/May/2023:17:18:46 +0000] "GET /css/wadokikai.css HTTP/1.1" 304 - "https://wadokikai.org/resources" "Mozilla/5.0 (Linux; Android 13; KB2005) AppleWebKit/537.36 (KHTML, like Gecko) Chrome/112.0.0.0 Mobile Safari/537.36 EdgA/112.0.1722.59"
::ffff:24.4.186.45 - - [01/May/2023:17:18:47 +0000] "GET /js/common.js HTTP/1.1" 304 - "https://wadokikai.org/resources" "Mozilla/5.0 (Linux; Android 13; KB2005) AppleWebKit/537.36 (KHTML, like Gecko) Chrome/112.0.0.0 Mobile Safari/537.36 EdgA/112.0.1722.59"
::ffff:24.4.186.45 - - [01/May/2023:17:18:47 +0000] "GET /images/wkkpatch22_med.png HTTP/1.1" 304 - "https://wadokikai.org/resources" "Mozilla/5.0 (Linux; Android 13; KB2005) AppleWebKit/537.36 (KHTML, like Gecko) Chrome/112.0.0.0 Mobile Safari/537.36 EdgA/112.0.1722.59"
::ffff:24.4.186.45 - - [01/May/2023:17:18:47 +0000] "GET /images/JohnArce.jpg HTTP/1.1" 304 - "https://wadokikai.org/resources" "Mozilla/5.0 (Linux; Android 13; KB2005) AppleWebKit/537.36 (KHTML, like Gecko) Chrome/112.0.0.0 Mobile Safari/537.36 EdgA/112.0.1722.59"
::ffff:24.4.186.45 - - [01/May/2023:17:18:47 +0000] "GET /images/tm.jpg HTTP/1.1" 304 - "https://wadokikai.org/resources" "Mozilla/5.0 (Linux; Android 13; KB2005) AppleWebKit/537.36 (KHTML, like Gecko) Chrome/112.0.0.0 Mobile Safari/537.36 EdgA/112.0.1722.59"
::ffff:24.4.186.45 - - [01/May/2023:17:18:47 +0000] "GET /images/books/MBS2.jpg HTTP/1.1" 304 - "https://wadokikai.org/resources" "Mozilla/5.0 (Linux; Android 13; KB2005) AppleWebKit/537.36 (KHTML, like Gecko) Chrome/112.0.0.0 Mobile Safari/537.36 EdgA/112.0.1722.59"
::ffff:24.4.186.45 - - [01/May/2023:17:18:47 +0000] "GET /images/books/MBS.gif HTTP/1.1" 304 - "https://wadokikai.org/resources" "Mozilla/5.0 (Linux; Android 13; KB2005) AppleWebKit/537.36 (KHTML, like Gecko) Chrome/112.0.0.0 Mobile Safari/537.36 EdgA/112.0.1722.59"
::ffff:24.4.186.45 - - [01/May/2023:17:18:47 +0000] "GET /images/books/ZenMeditation.jpg HTTP/1.1" 304 - "https://wadokikai.org/resources" "Mozilla/5.0 (Linux; Android 13; KB2005) AppleWebKit/537.36 (KHTML, like Gecko) Chrome/112.0.0.0 Mobile Safari/537.36 EdgA/112.0.1722.59"
::ffff:24.4.186.45 - - [01/May/2023:17:18:47 +0000] "GET /images/books/karatebook.jpg HTTP/1.1" 304 - "https://wadokikai.org/resources" "Mozilla/5.0 (Linux; Android 13; KB2005) AppleWebKit/537.36 (KHTML, like Gecko) Chrome/112.0.0.0 Mobile Safari/537.36 EdgA/112.0.1722.59"
::ffff:24.4.186.45 - - [01/May/2023:17:18:47 +0000] "GET /images/books/KarateDoZen.jpg HTTP/1.1" 304 - "https://wadokikai.org/resources" "Mozilla/5.0 (Linux; Android 13; KB2005) AppleWebKit/537.36 (KHTML, like Gecko) Chrome/112.0.0.0 Mobile Safari/537.36 EdgA/112.0.1722.59"
::ffff:24.4.186.45 - - [01/May/2023:17:18:47 +0000] "GET /images/books/bookoffiverings.jpg HTTP/1.1" 304 - "https://wadokikai.org/resources" "Mozilla/5.0 (Linux; Android 13; KB2005) AppleWebKit/537.36 (KHTML, like Gecko) Chrome/112.0.0.0 Mobile Safari/537.36 EdgA/112.0.1722.59"
::ffff:24.4.186.45 - - [01/May/2023:17:18:47 +0000] "GET /images/books/shotokanSecrets.jpg HTTP/1.1" 304 - "https://wadokikai.org/resources" "Mozilla/5.0 (Linux; Android 13; KB2005) AppleWebKit/537.36 (KHTML, like Gecko) Chrome/112.0.0.0 Mobile Safari/537.36 EdgA/112.0.1722.59"
::ffff:24.4.186.45 - - [01/May/2023:17:18:47 +0000] "GET /images/books/dummies.jpg HTTP/1.1" 304 - "https://wadokikai.org/resources" "Mozilla/5.0 (Linux; Android 13; KB2005) AppleWebKit/537.36 (KHTML, like Gecko) Chrome/112.0.0.0 Mobile Safari/537.36 EdgA/112.0.1722.59"
::ffff:24.4.186.45 - - [01/May/2023:17:18:47 +0000] "GET /images/books/dojoWisdom.jpg HTTP/1.1" 304 - "https://wadokikai.org/resources" "Mozilla/5.0 (Linux; Android 13; KB2005) AppleWebKit/537.36 (KHTML, like Gecko) Chrome/112.0.0.0 Mobile Safari/537.36 EdgA/112.0.1722.59"
::ffff:24.4.186.45 - - [01/May/2023:17:18:47 +0000] "GET /images/books/saibook.jpg HTTP/1.1" 304 - "https://wadokikai.org/resources" "Mozilla/5.0 (Linux; Android 13; KB2005) AppleWebKit/537.36 (KHTML, like Gecko) Chrome/112.0.0.0 Mobile Safari/537.36 EdgA/112.0.1722.59"
::ffff:24.4.186.45 - - [01/May/2023:17:18:47 +0000] "GET /images/books/guide20.jpg HTTP/1.1" 304 - "https://wadokikai.org/resources" "Mozilla/5.0 (Linux; Android 13; KB2005) AppleWebKit/537.36 (KHTML, like Gecko) Chrome/112.0.0.0 Mobile Safari/537.36 EdgA/112.0.1722.59"
::ffff:24.4.186.45 - - [01/May/2023:17:18:47 +0000] "GET /images/books/bobook.gif HTTP/1.1" 304 - "https://wadokikai.org/resources" "Mozilla/5.0 (Linux; Android 13; KB2005) AppleWebKit/537.36 (KHTML, like Gecko) Chrome/112.0.0.0 Mobile Safari/537.36 EdgA/112.0.1722.59"
::ffff:24.4.186.45 - - [01/May/2023:17:18:47 +0000] "GET /images/books/karatedo.jpg HTTP/1.1" 304 - "https://wadokikai.org/resources" "Mozilla/5.0 (Linux; Android 13; KB2005) AppleWebKit/537.36 (KHTML, like Gecko) Chrome/112.0.0.0 Mobile Safari/537.36 EdgA/112.0.1722.59"
::ffff:24.4.186.45 - - [01/May/2023:17:18:47 +0000] "GET /images/books/movingzen.jpg HTTP/1.1" 304 - "https://wadokikai.org/resources" "Mozilla/5.0 (Linux; Android 13; KB2005) AppleWebKit/537.36 (KHTML, like Gecko) Chrome/112.0.0.0 Mobile Safari/537.36 EdgA/112.0.1722.59"
::ffff:24.4.186.45 - - [01/May/2023:17:18:47 +0000] "GET /images/books/emptyHand.jpg HTTP/1.1" 304 - "https://wadokikai.org/resources" "Mozilla/5.0 (Linux; Android 13; KB2005) AppleWebKit/537.36 (KHTML, like Gecko) Chrome/112.0.0.0 Mobile Safari/537.36 EdgA/112.0.1722.59"
::ffff:24.4.186.45 - - [01/May/2023:17:18:47 +0000] "GET /images/books/karatedojo.jpg HTTP/1.1" 304 - "https://wadokikai.org/resources" "Mozilla/5.0 (Linux; Android 13; KB2005) AppleWebKit/537.36 (KHTML, like Gecko) Chrome/112.0.0.0 Mobile Safari/537.36 EdgA/112.0.1722.59"
::ffff:24.4.186.45 - - [01/May/2023:17:18:47 +0000] "GET /images/books/artofwar.jpg HTTP/1.1" 304 - "https://wadokikai.org/resources" "Mozilla/5.0 (Linux; Android 13; KB2005) AppleWebKit/537.36 (KHTML, like Gecko) Chrome/112.0.0.0 Mobile Safari/537.36 EdgA/112.0.1722.59"
::ffff:24.4.186.45 - - [01/May/2023:17:18:47 +0000] "GET /images/books/grappingmethod.jpg HTTP/1.1" 304 - "https://wadokikai.org/resources" "Mozilla/5.0 (Linux; Android 13; KB2005) AppleWebKit/537.36 (KHTML, like Gecko) Chrome/112.0.0.0 Mobile Safari/537.36 EdgA/112.0.1722.59"
::ffff:24.4.186.45 - - [01/May/2023:17:18:47 +0000] "GET /images/dragon-trans.png HTTP/1.1" 304 - "https://wadokikai.org/resources" "Mozilla/5.0 (Linux; Android 13; KB2005) AppleWebKit/537.36 (KHTML, like Gecko) Chrome/112.0.0.0 Mobile Safari/537.36 EdgA/112.0.1722.59"
::ffff:24.4.186.45 - - [01/May/2023:17:18:50 +0000] "GET /images/tiger.bmp HTTP/1.1" 304 - "https://wadokikai.org/resources" "Mozilla/5.0 (Linux; Android 13; KB2005) AppleWebKit/537.36 (KHTML, like Gecko) Chrome/112.0.0.0 Mobile Safari/537.36 EdgA/112.0.1722.59"
::ffff:24.4.186.45 - - [01/May/2023:17:19:27 +0000] "GET /images/dragon-trans.png HTTP/1.1" 304 - "https://wadokikai.org/resources" "Mozilla/5.0 (Linux; Android 13; KB2005) AppleWebKit/537.36 (KHTML, like Gecko) Chrome/112.0.0.0 Mobile Safari/537.36 EdgA/112.0.1722.59"
::ffff:24.4.186.45 - - [01/May/2023:17:23:24 +0000] "GET /images/dragon-trans.png HTTP/1.1" 304 - "https://wadokikai.org/resources" "Mozilla/5.0 (Linux; Android 13; KB2005) AppleWebKit/537.36 (KHTML, like Gecko) Chrome/112.0.0.0 Mobile Safari/537.36 EdgA/112.0.1722.59"
::ffff:167.248.133.50 - - [01/May/2023:17:28:34 +0000] "GET / HTTP/1.1" 200 58146 "-" "-"
::ffff:167.248.133.50 - - [01/May/2023:17:28:34 +0000] "GET / HTTP/1.1" 200 58146 "-" "Mozilla/5.0 (compatible; CensysInspect/1.1; +https://about.censys.io/)"
::ffff:167.248.133.50 - - [01/May/2023:17:28:35 +0000] "PRI * HTTP/2.0" - - "-" "-"
::ffff:167.248.133.50 - - [01/May/2023:17:28:35 +0000] "GET /images/favicon.ico HTTP/1.1" 200 3638 "-" "Mozilla/5.0 (compatible; CensysInspect/1.1; +https://about.censys.io/)"
::ffff:167.248.133.50 - - [01/May/2023:17:28:35 +0000] "GET /favicon.ico HTTP/1.1" 404 150 "-" "Mozilla/5.0 (compatible; CensysInspect/1.1; +https://about.censys.io/)"
::ffff:47.88.31.213 - - [01/May/2023:17:44:11 +0000] "GET /dns-query?dns=ZgcBAAABAAAAAAAAA3d3dwZnb29nbGUDY29tAAABAAE HTTP/1.1" 404 148 "-" "python-httpx/0.23.3"
::ffff:47.88.31.213 - - [01/May/2023:17:44:11 +0000] "POST /dns-query HTTP/1.1" 404 149 "-" "python-httpx/0.23.3"
::ffff:43.155.118.219 - - [01/May/2023:17:46:38 +0000] "HEAD /Core/Skin/Login.aspx HTTP/1.1" 404 160 "-" "Mozilla/5.0 (Windows NT 10.0; Win64; x64) AppleWebKit/537.36 (KHTML, like Gecko) Chrome/106.0.0.0 Safari/537.36"
::ffff:172.177.60.51 - - [01/May/2023:17:49:27 +0000] "GET /.env HTTP/1.1" 404 143 "-" "Mozilla/5.0 (Linux; U; Android 4.4.2; en-US; HM NOTE 1W Build/KOT49H) AppleWebKit/534.30 (KHTML, like Gecko) Version/4.0 UCBrowser/11.0.5.850 U3/0.8.0 Mobile Safari/534.30"
::ffff:172.177.60.51 - - [01/May/2023:17:49:27 +0000] "POST / HTTP/1.1" 404 140 "-" "Mozilla/5.0 (Linux; U; Android 4.4.2; en-US; HM NOTE 1W Build/KOT49H) AppleWebKit/534.30 (KHTML, like Gecko) Version/4.0 UCBrowser/11.0.5.850 U3/0.8.0 Mobile Safari/534.30"
::ffff:172.177.60.51 - - [01/May/2023:17:49:27 +0000] "GET /.env HTTP/1.1" 404 143 "-" "Mozilla/5.0 (Linux; U; Android 4.4.2; en-US; HM NOTE 1W Build/KOT49H) AppleWebKit/534.30 (KHTML, like Gecko) Version/4.0 UCBrowser/11.0.5.850 U3/0.8.0 Mobile Safari/534.30"
::ffff:172.177.60.51 - - [01/May/2023:17:49:28 +0000] "POST / HTTP/1.1" 404 140 "-" "Mozilla/5.0 (Linux; U; Android 4.4.2; en-US; HM NOTE 1W Build/KOT49H) AppleWebKit/534.30 (KHTML, like Gecko) Version/4.0 UCBrowser/11.0.5.850 U3/0.8.0 Mobile Safari/534.30"
::ffff:89.189.183.111 - - [01/May/2023:17:50:01 +0000] "GET / HTTP/1.1" 200 58146 "-" "-"
::ffff:89.189.183.111 - admin [01/May/2023:17:50:02 +0000] "GET /manager/html HTTP/1.1" 404 151 "-" "-"
::ffff:162.243.145.23 - - [01/May/2023:17:55:31 +0000] "GET /actuator/health HTTP/1.1" 404 154 "-" "Mozilla/5.0 zgrab/0.x"
::ffff:51.15.233.64 - - [01/May/2023:17:57:48 +0000] "GET /images/favicon.ico HTTP/1.1" 200 3638 "-" "Mozilla/5.0 (Macintosh; Intel Mac OS X 10_15_7) AppleWebKit/537.36 (KHTML, like Gecko) Chrome/105.0.0.0 Safari/537.36"
::ffff:45.79.171.66 - - [01/May/2023:17:58:47 +0000] "GET /service.php?token=1819&action=11 HTTP/1.0" 404 150 "-" "-"
::ffff:140.246.136.252 - - [01/May/2023:18:20:08 +0000] "GET / HTTP/1.1" 200 58146 "-" "Mozilla/5.0 (iPhone; CPU iPhone OS 13_2_3 like Mac OS X) AppleWebKit/605.1.15 (KHTML, like Gecko) Version/13.0.3 Mobile/15E148 Safari/604.1"
::ffff:135.125.217.54 - - [01/May/2023:18:21:29 +0000] "GET /.env HTTP/1.1" 404 143 "-" "Mozilla/5.0 (X11; Linux x86_64) AppleWebKit/537.36 (KHTML, like Gecko) Chrome/81.0.4044.129 Safari/537.36"
::ffff:135.125.217.54 - - [01/May/2023:18:21:29 +0000] "POST / HTTP/1.1" 404 140 "-" "Mozilla/5.0 (X11; Linux x86_64) AppleWebKit/537.36 (KHTML, like Gecko) Chrome/81.0.4044.129 Safari/537.36"
::ffff:45.79.171.66 - - [01/May/2023:18:32:25 +0000] "GET /service.php?token=1819&action=11 HTTP/1.0" 404 150 "-" "-"
::ffff:141.95.74.78 - - [01/May/2023:18:38:18 +0000] "GET /.env HTTP/1.1" 404 143 "-" "Mozilla/5.0 (X11; Linux x86_64) AppleWebKit/537.36 (KHTML, like Gecko) Chrome/81.0.4044.129 Safari/537.36"
::ffff:141.95.74.78 - - [01/May/2023:18:38:18 +0000] "POST / HTTP/1.1" 404 140 "-" "Mozilla/5.0 (X11; Linux x86_64) AppleWebKit/537.36 (KHTML, like Gecko) Chrome/81.0.4044.129 Safari/537.36"
::ffff:45.79.171.66 - - [01/May/2023:18:53:14 +0000] "GET /service.php?token=1819&action=11 HTTP/1.0" 404 150 "-" "-"
::ffff:212.224.93.195 - - [01/May/2023:19:01:35 +0000] "GET /sendgrid.env HTTP/1.1" 404 151 "-" "Mozilla/5.0 (OS/2; U; OS/2; en-US) AppleWebKit/533.3 (KHTML, like Gecko) QupZilla/1.3.1 Safari/533.3"
::ffff:43.155.118.219 - - [01/May/2023:19:07:25 +0000] "HEAD /Core/Skin/Login.aspx HTTP/1.1" 404 160 "-" "Mozilla/5.0 (Windows NT 10.0; Win64; x64) AppleWebKit/537.36 (KHTML, like Gecko) Chrome/106.0.0.0 Safari/537.36"
::ffff:54.36.148.106 - - [01/May/2023:19:16:26 +0000] "GET /robots.txt HTTP/1.1" 404 149 "-" "Mozilla/5.0 (compatible; AhrefsBot/7.0; +http://ahrefs.com/robot/)"
::ffff:51.222.253.17 - - [01/May/2023:19:16:28 +0000] "GET / HTTP/1.1" 200 58146 "-" "Mozilla/5.0 (compatible; AhrefsBot/7.0; +http://ahrefs.com/robot/)"
::ffff:51.222.253.8 - - [01/May/2023:19:16:29 +0000] "GET /images/schools/harborbaykaratedomap.jpg HTTP/1.1" 200 37245 "-" "Mozilla/5.0 (compatible; AhrefsBot/7.0; +http://ahrefs.com/robot/)"
::ffff:51.222.253.20 - - [01/May/2023:19:16:30 +0000] "GET /images/schools/corpuzkaratedomap.jpg HTTP/1.1" 200 36421 "-" "Mozilla/5.0 (compatible; AhrefsBot/7.0; +http://ahrefs.com/robot/)"
::ffff:51.222.253.12 - - [01/May/2023:19:16:30 +0000] "GET /images/wkkpatch22_med.png HTTP/1.1" 200 32301 "-" "Mozilla/5.0 (compatible; AhrefsBot/7.0; +http://ahrefs.com/robot/)"
::ffff:51.222.253.10 - - [01/May/2023:19:16:31 +0000] "GET /images/schools/orindakaratedomap.jpg HTTP/1.1" 200 34167 "-" "Mozilla/5.0 (compatible; AhrefsBot/7.0; +http://ahrefs.com/robot/)"
::ffff:51.222.253.18 - - [01/May/2023:19:16:31 +0000] "GET /css/wadokikai.css HTTP/1.1" 200 4337 "-" "Mozilla/5.0 (compatible; AhrefsBot/7.0; +http://ahrefs.com/robot/)"
::ffff:51.222.253.3 - - [01/May/2023:19:16:32 +0000] "GET /images/schools/earhartkaratedomap.jpg HTTP/1.1" 200 41366 "-" "Mozilla/5.0 (compatible; AhrefsBot/7.0; +http://ahrefs.com/robot/)"
::ffff:51.222.253.6 - - [01/May/2023:19:16:32 +0000] "GET /js/common.js HTTP/1.1" 200 2255 "-" "Mozilla/5.0 (compatible; AhrefsBot/7.0; +http://ahrefs.com/robot/)"
::ffff:51.222.253.16 - - [01/May/2023:19:16:33 +0000] "GET /images/schools/martinezkaratedomap.jpg HTTP/1.1" 200 37724 "-" "Mozilla/5.0 (compatible; AhrefsBot/7.0; +http://ahrefs.com/robot/)"
::ffff:51.222.253.19 - - [01/May/2023:19:16:33 +0000] "GET /images/schools/marinkaratedomap.jpg HTTP/1.1" 200 32400 "-" "Mozilla/5.0 (compatible; AhrefsBot/7.0; +http://ahrefs.com/robot/)"
::ffff:51.222.253.6 - - [01/May/2023:19:16:34 +0000] "GET /images/schools/manzanitakaratedomap.jpg HTTP/1.1" 200 55402 "-" "Mozilla/5.0 (compatible; AhrefsBot/7.0; +http://ahrefs.com/robot/)"
::ffff:51.222.253.3 - - [01/May/2023:19:16:34 +0000] "GET /images/schools/dcakaratedomap.jpg HTTP/1.1" 200 35262 "-" "Mozilla/5.0 (compatible; AhrefsBot/7.0; +http://ahrefs.com/robot/)"
::ffff:51.222.253.12 - - [01/May/2023:19:16:35 +0000] "GET /images/schools/nunleykaratedomap.jpg HTTP/1.1" 200 42667 "-" "Mozilla/5.0 (compatible; AhrefsBot/7.0; +http://ahrefs.com/robot/)"
::ffff:51.222.253.6 - - [01/May/2023:19:16:36 +0000] "GET /images/schools/alamedakaratedomap.jpg HTTP/1.1" 200 38311 "-" "Mozilla/5.0 (compatible; AhrefsBot/7.0; +http://ahrefs.com/robot/)"
::ffff:193.32.162.159 - - [01/May/2023:19:26:10 +0000] "GET / HTTP/1.1" 200 58146 "-" "Mozilla/5.0 (Windows NT 10.0; Win64; x64) AppleWebKit/537.36 (KHTML, like Gecko) Chrome/90.0.4430.85 Safari/537.36 Edg/90.0.818.46"
::ffff:193.32.162.159 - - [01/May/2023:19:26:15 +0000] "GET /dispatch.asp HTTP/1.1" 404 151 "-" "Mozilla/5.0 (Windows NT 10.0; Win64; x64) AppleWebKit/537.36 (KHTML, like Gecko) Chrome/90.0.4430.85 Safari/537.36 Edg/90.0.818.46"
::ffff:109.205.213.30 - - [01/May/2023:19:30:42 +0000] "GET / HTTP/1.1" 200 58146 "-" "-"
::ffff:162.142.125.12 - - [01/May/2023:19:30:45 +0000] "GET / HTTP/1.1" 200 58146 "-" "-"
::ffff:162.142.125.12 - - [01/May/2023:19:30:45 +0000] "GET / HTTP/1.1" 200 58146 "-" "Mozilla/5.0 (compatible; CensysInspect/1.1; +https://about.censys.io/)"
::ffff:162.142.125.12 - - [01/May/2023:19:30:45 +0000] "PRI * HTTP/2.0" - - "-" "-"
::ffff:162.142.125.12 - - [01/May/2023:19:30:45 +0000] "GET /images/favicon.ico HTTP/1.1" 200 3638 "-" "Mozilla/5.0 (compatible; CensysInspect/1.1; +https://about.censys.io/)"
::ffff:162.142.125.12 - - [01/May/2023:19:30:45 +0000] "GET /favicon.ico HTTP/1.1" 404 150 "-" "Mozilla/5.0 (compatible; CensysInspect/1.1; +https://about.censys.io/)"
::ffff:135.125.217.54 - - [01/May/2023:19:38:44 +0000] "GET /.env HTTP/1.1" 404 143 "-" "Mozilla/5.0 (X11; Linux x86_64) AppleWebKit/537.36 (KHTML, like Gecko) Chrome/81.0.4044.129 Safari/537.36"
::ffff:135.125.217.54 - - [01/May/2023:19:38:44 +0000] "POST / HTTP/1.1" 404 140 "-" "Mozilla/5.0 (X11; Linux x86_64) AppleWebKit/537.36 (KHTML, like Gecko) Chrome/81.0.4044.129 Safari/537.36"
::ffff:66.249.65.168 - - [01/May/2023:19:40:41 +0000] "GET /robots.txt HTTP/1.1" 404 149 "-" "Mozilla/5.0 (compatible; Googlebot/2.1; +http://www.google.com/bot.html)"
::ffff:66.249.65.170 - - [01/May/2023:19:40:42 +0000] "GET /images/Naha-lineage.jpg HTTP/1.1" 200 212379 "-" "Googlebot-Image/1.0"
::ffff:87.236.176.210 - - [01/May/2023:19:53:13 +0000] "GET / HTTP/1.1" 200 58146 "-" "Mozilla/5.0 (compatible; InternetMeasurement/1.0; +https://internet-measurement.com/)"
::ffff:87.236.176.135 - - [01/May/2023:19:53:16 +0000] "GET /images/favicon.ico HTTP/1.1" 200 3638 "-" "Mozilla/5.0 (compatible; InternetMeasurement/1.0; +https://internet-measurement.com/)"
::ffff:52.149.28.18 - - [01/May/2023:20:14:59 +0000] "GET / HTTP/1.1" 200 58146 "-" "Mozilla/5.0 (iPhone; CPU iPhone OS 13_3 like Mac OS X) AppleWebKit/605.1.15 (KHTML%2C like Gecko) Mobile/15E148"
::ffff:52.167.144.59 - - [01/May/2023:20:21:05 +0000] "GET /robots.txt HTTP/1.1" 404 149 "-" "Mozilla/5.0 AppleWebKit/537.36 (KHTML, like Gecko; compatible; bingbot/2.0; +http://www.bing.com/bingbot.htm) Chrome/103.0.5060.134 Safari/537.36"
::ffff:40.77.167.107 - - [01/May/2023:20:21:07 +0000] "GET / HTTP/1.1" 200 58146 "-" "Mozilla/5.0 AppleWebKit/537.36 (KHTML, like Gecko; compatible; bingbot/2.0; +http://www.bing.com/bingbot.htm) Chrome/103.0.5060.134 Safari/537.36"
::ffff:43.155.118.219 - - [01/May/2023:20:27:29 +0000] "HEAD /Core/Skin/Login.aspx HTTP/1.1" 404 160 "-" "Mozilla/5.0 (Windows NT 10.0; Win64; x64) AppleWebKit/537.36 (KHTML, like Gecko) Chrome/106.0.0.0 Safari/537.36"
::ffff:141.95.74.78 - - [01/May/2023:20:32:05 +0000] "GET /.env HTTP/1.1" 404 143 "-" "Mozilla/5.0 (X11; Linux x86_64) AppleWebKit/537.36 (KHTML, like Gecko) Chrome/81.0.4044.129 Safari/537.36"
::ffff:141.95.74.78 - - [01/May/2023:20:32:06 +0000] "POST / HTTP/1.1" 404 140 "-" "Mozilla/5.0 (X11; Linux x86_64) AppleWebKit/537.36 (KHTML, like Gecko) Chrome/81.0.4044.129 Safari/537.36"
::ffff:135.125.217.54 - - [01/May/2023:20:42:06 +0000] "GET /.env HTTP/1.1" 404 143 "-" "Mozilla/5.0 (X11; Linux x86_64) AppleWebKit/537.36 (KHTML, like Gecko) Chrome/81.0.4044.129 Safari/537.36"
::ffff:135.125.217.54 - - [01/May/2023:20:42:07 +0000] "POST / HTTP/1.1" 404 140 "-" "Mozilla/5.0 (X11; Linux x86_64) AppleWebKit/537.36 (KHTML, like Gecko) Chrome/81.0.4044.129 Safari/537.36"
::ffff:54.200.31.27 - - [01/May/2023:20:51:34 +0000] "GET / HTTP/1.1" 200 58146 "-" "Mozilla/5.0 (Macintosh; Intel Mac OS X 10_8_3) AppleWebKit/537.31 (KHTML, like Gecko) Chrome/26.0.1410.65 Safari/537.31"
::ffff:45.79.171.66 - - [01/May/2023:20:51:34 +0000] "GET /service.php?token=1819&action=11 HTTP/1.0" 404 150 "-" "-"
::ffff:45.79.171.66 - - [01/May/2023:21:00:18 +0000] "GET /service.php?token=1819&action=11 HTTP/1.0" 404 150 "-" "-"
::ffff:193.32.162.159 - - [01/May/2023:21:07:52 +0000] "GET / HTTP/1.1" 200 58146 "-" "Mozilla/5.0 (Windows NT 10.0; Win64; x64) AppleWebKit/537.36 (KHTML, like Gecko) Chrome/90.0.4430.85 Safari/537.36 Edg/90.0.818.46"
::ffff:193.32.162.159 - - [01/May/2023:21:07:58 +0000] "GET /dispatch.asp HTTP/1.1" 404 151 "-" "Mozilla/5.0 (Windows NT 10.0; Win64; x64) AppleWebKit/537.36 (KHTML, like Gecko) Chrome/90.0.4430.85 Safari/537.36 Edg/90.0.818.46"
::ffff:68.183.128.165 - - [01/May/2023:21:28:28 +0000] "GET / HTTP/1.1" 200 58146 "-" "Mozilla/5.0 (Linux; Android 6.0; Nexus 5X Build/MDB08L) AppleWebKit/537.36 (KHTML, like Gecko) Chrome/53.0.2785.124 Mobile Safari/537.36"
::ffff:43.155.118.219 - - [01/May/2023:21:46:09 +0000] "HEAD /Core/Skin/Login.aspx HTTP/1.1" 404 160 "-" "Mozilla/5.0 (Windows NT 10.0; Win64; x64) AppleWebKit/537.36 (KHTML, like Gecko) Chrome/106.0.0.0 Safari/537.36"
::ffff:66.249.65.144 - - [01/May/2023:21:49:42 +0000] "GET /robots.txt HTTP/1.1" 404 149 "-" "Mozilla/5.0 (compatible; Googlebot/2.1; +http://www.google.com/bot.html)"
::ffff:66.249.65.139 - - [01/May/2023:21:49:42 +0000] "GET /images/schools/manzanitakaratedomap.jpg HTTP/1.1" 304 - "-" "Googlebot-Image/1.0"
::ffff:198.235.24.57 - - [01/May/2023:21:50:55 +0000] "GET / HTTP/1.0" 200 58146 "-" "Expanse, a Palo Alto Networks company, searches across the global IPv4 space multiple times per day to identify customers&#39; presences on the Internet. If you would like to be excluded from our scans, please send IP addresses/domains to: scaninfo@paloaltonetworks.com"
::ffff:135.125.217.54 - - [01/May/2023:22:09:56 +0000] "GET /.env HTTP/1.1" 404 143 "-" "Mozilla/5.0 (X11; Linux x86_64) AppleWebKit/537.36 (KHTML, like Gecko) Chrome/81.0.4044.129 Safari/537.36"
::ffff:135.125.217.54 - - [01/May/2023:22:09:57 +0000] "POST / HTTP/1.1" 404 140 "-" "Mozilla/5.0 (X11; Linux x86_64) AppleWebKit/537.36 (KHTML, like Gecko) Chrome/81.0.4044.129 Safari/537.36"
::ffff:193.32.162.159 - - [01/May/2023:22:10:25 +0000] "GET / HTTP/1.1" 200 58146 "-" "Mozilla/5.0 (Windows NT 10.0; Win64; x64) AppleWebKit/537.36 (KHTML, like Gecko) Chrome/90.0.4430.85 Safari/537.36 Edg/90.0.818.46"
::ffff:193.32.162.159 - - [01/May/2023:22:10:31 +0000] "GET /dispatch.asp HTTP/1.1" 404 151 "-" "Mozilla/5.0 (Windows NT 10.0; Win64; x64) AppleWebKit/537.36 (KHTML, like Gecko) Chrome/90.0.4430.85 Safari/537.36 Edg/90.0.818.46"
::ffff:198.199.119.63 - - [01/May/2023:22:13:13 +0000] "GET /owa/auth/logon.aspx?url=https%3a%2f%2f1%2fecp%2f HTTP/1.1" 404 158 "-" "Mozilla/5.0 zgrab/0.x"
::ffff:165.232.74.149 - - [01/May/2023:22:16:30 +0000] "GET /api/v1 HTTP/1.1" 404 145 "-" "python-urllib3/2.0.0a3"
::ffff:206.189.7.250 - - [01/May/2023:22:16:41 +0000] "HEAD / HTTP/1.1" 200 58146 "-" "Mozilla/5.0 (Windows NT 10.0; Win64; x64) AppleWebKit/537.36 (KHTML, like Gecko) Chrome/83.0.4103.61 Safari/537.36"
::ffff:206.189.7.250 - - [01/May/2023:22:16:55 +0000] "GET / HTTP/1.1" 200 58146 "-" "Mozilla/5.0 (Windows NT 10.0; Win64; x64) AppleWebKit/537.36 (KHTML, like Gecko) Chrome/83.0.4103.61 Safari/537.36"
::ffff:206.189.7.250 - - [01/May/2023:22:17:04 +0000] "GET /js/common.js HTTP/1.1" 200 2255 "https://34.212.47.6/" "Mozilla/5.0 (Windows NT 10.0; Win64; x64) AppleWebKit/537.36 (KHTML, like Gecko) Chrome/83.0.4103.61 Safari/537.36"
::ffff:185.254.196.173 - - [01/May/2023:22:20:29 +0000] "GET /.env HTTP/1.1" 404 143 "-" "Mozilla/5.0 (X11; Linux x86_64) AppleWebKit/537.36 (KHTML, like Gecko) Chrome/81.0.4044.129 Safari/537.36"
::ffff:206.189.7.250 - - [01/May/2023:22:21:06 +0000] "GET / HTTP/1.1" 200 58146 "-" "Mozilla/5.0 (Windows NT 10.0; Win64; x64) AppleWebKit/537.36 (KHTML, like Gecko) Chrome/83.0.4103.61 Safari/537.36"
::ffff:206.189.7.250 - - [01/May/2023:22:21:07 +0000] "GET /favicon.ico HTTP/1.1" 404 150 "-" "Mozilla/5.0 (Windows NT 10.0; Win64; x64) AppleWebKit/537.36 (KHTML, like Gecko) Chrome/83.0.4103.61 Safari/537.36"
::ffff:206.189.7.250 - - [01/May/2023:22:21:07 +0000] "GET /images/favicon.ico HTTP/1.1" 200 3638 "-" "Mozilla/5.0 (Windows NT 10.0; Win64; x64) AppleWebKit/537.36 (KHTML, like Gecko) Chrome/83.0.4103.61 Safari/537.36"
::ffff:167.172.67.61 - - [01/May/2023:22:29:32 +0000] "GET / HTTP/1.0" 200 58146 "-" "-"
::ffff:51.222.253.14 - - [01/May/2023:22:39:47 +0000] "GET /events HTTP/1.1" 200 5867 "-" "Mozilla/5.0 (compatible; AhrefsBot/7.0; +http://ahrefs.com/robot/)"
::ffff:205.210.31.20 - - [01/May/2023:22:39:59 +0000] "GET / HTTP/1.0" 200 58146 "-" "Expanse, a Palo Alto Networks company, searches across the global IPv4 space multiple times per day to identify customers&#39; presences on the Internet. If you would like to be excluded from our scans, please send IP addresses/domains to: scaninfo@paloaltonetworks.com"
::ffff:141.95.74.78 - - [01/May/2023:22:45:58 +0000] "GET /.env HTTP/1.1" 404 143 "-" "Mozilla/5.0 (X11; Linux x86_64) AppleWebKit/537.36 (KHTML, like Gecko) Chrome/81.0.4044.129 Safari/537.36"
::ffff:141.95.74.78 - - [01/May/2023:22:45:59 +0000] "POST / HTTP/1.1" 404 140 "-" "Mozilla/5.0 (X11; Linux x86_64) AppleWebKit/537.36 (KHTML, like Gecko) Chrome/81.0.4044.129 Safari/537.36"
::ffff:43.155.118.219 - - [01/May/2023:23:04:39 +0000] "HEAD /Core/Skin/Login.aspx HTTP/1.1" 404 160 "-" "Mozilla/5.0 (Windows NT 10.0; Win64; x64) AppleWebKit/537.36 (KHTML, like Gecko) Chrome/106.0.0.0 Safari/537.36"
::ffff:36.40.66.38 - - [01/May/2023:23:06:59 +0000] "GET / HTTP/1.1" 200 58146 "-" "Mozilla/5.0 (iPhone; CPU iPhone OS 13_2_3 like Mac OS X) AppleWebKit/605.1.15 (KHTML, like Gecko) Version/13.0.3 Mobile/15E148 Safari/604.1"
::ffff:45.79.171.66 - - [01/May/2023:23:15:50 +0000] "GET /service.php?token=1819&action=11 HTTP/1.0" 404 150 "-" "-"
::ffff:104.248.206.169 - - [01/May/2023:23:16:40 +0000] "GET / HTTP/1.1" 200 58146 "-" "Mozilla/5.0 (Windows NT 10.0; Win64; x64) AppleWebKit/537.36 (KHTML, like Gecko) Chrome/108.0.0.0 Safari/537.36"
::ffff:104.248.206.169 - - [01/May/2023:23:16:40 +0000] "GET /client/get_targets HTTP/1.1" 404 157 "-" "Mozilla/5.0 (Windows NT 10.0; Win64; x64) AppleWebKit/537.36 (KHTML, like Gecko) Chrome/108.0.0.0 Safari/537.36"
::ffff:104.248.206.169 - - [01/May/2023:23:16:40 +0000] "GET /upl.php HTTP/1.1" 404 146 "-" "Mozilla/5.0"
::ffff:104.248.206.169 - - [01/May/2023:23:16:41 +0000] "GET /geoip/ HTTP/1.1" 404 145 "-" "Mozilla/5.0 (Windows NT 10.0; Win64; x64) AppleWebKit/537.36 (KHTML, like Gecko) Chrome/108.0.0.0 Safari/537.36"
::ffff:104.248.206.169 - - [01/May/2023:23:16:42 +0000] "GET / HTTP/1.1" 200 58146 "-" "Mozilla/5.0 (iPhone; CPU iPhone OS 13_3_1 like Mac OS X) AppleWebKit/605.1.15 (KHTML, like Gecko) Version/13.0.5 Mobile/15E148 Snapchat/10.77.0.54 (like Safari/604.1)"
::ffff:104.248.206.169 - - [01/May/2023:23:16:42 +0000] "GET /favicon.ico HTTP/1.1" 404 150 "-" "Mozilla/5.0 (Windows NT 10.0; Win64; x64) AppleWebKit/537.36 (KHTML, like Gecko) Chrome/108.0.0.0 Safari/537.36"
::ffff:161.35.101.247 - - [01/May/2023:23:21:50 +0000] "GET / HTTP/1.1" 200 58146 "-" "Mozilla/5.0 (Linux; U; Android 2.2; en-us; Droid Build/FRG22D) AppleWebKit/533.1 (KHTML, like Gecko) Version/4.0 Mobile Safari/533.1"
::ffff:27.215.126.126 - - [01/May/2023:23:26:45 +0000] "GET /boaform/admin/formLogin?username=user&psd=user HTTP/1.0" 404 162 "-" "-"
::ffff:185.254.196.173 - - [01/May/2023:23:36:21 +0000] "GET /.env HTTP/1.1" 404 143 "-" "Mozilla/5.0 (X11; Linux x86_64) AppleWebKit/537.36 (KHTML, like Gecko) Chrome/81.0.4044.129 Safari/537.36"
::ffff:185.254.196.173 - - [01/May/2023:23:36:22 +0000] "POST / HTTP/1.1" 404 140 "-" "Mozilla/5.0 (X11; Linux x86_64) AppleWebKit/537.36 (KHTML, like Gecko) Chrome/81.0.4044.129 Safari/537.36"
::ffff:40.77.167.107 - - [01/May/2023:23:43:01 +0000] "GET / HTTP/1.1" 200 58146 "-" "Mozilla/5.0 AppleWebKit/537.36 (KHTML, like Gecko; compatible; bingbot/2.0; +http://www.bing.com/bingbot.htm) Chrome/103.0.5060.134 Safari/537.36"
::ffff:193.118.53.210 - - [01/May/2023:23:52:20 +0000] "GET /Telerik.Web.UI.WebResource.axd?type=rau HTTP/1.1" 404 169 "-" "Mozilla/5.0 (Windows NT 10.0; Win64; x64) AppleWebKit/537.36 (KHTML, like Gecko) Chrome/60.0.3112.113 Safari/537.36"
