::ffff:199.244.88.229 - - [13/Feb/2023:21:39:05 +0000] "GET / HTTP/1.1" 200 57378 "-" "Mozilla/5.0 (X11; Linux x86_64) AppleWebKit/537.36 (KHTML, like Gecko) Chrome/105.0.0.0 Safari/537.36"
::ffff:99.92.93.12 - - [13/Feb/2023:21:39:06 +0000] "GET /images/dragon-trans.png HTTP/1.1" 304 - "http://wadokikai.org/resources" "Mozilla/5.0 (Macintosh; Intel Mac OS X 10_15_7) AppleWebKit/605.1.15 (KHTML, like Gecko) Version/15.6.1 Safari/605.1.15"
::ffff:99.92.93.12 - - [13/Feb/2023:21:39:09 +0000] "GET /images/tiger.bmp HTTP/1.1" 304 - "http://wadokikai.org/resources" "Mozilla/5.0 (Macintosh; Intel Mac OS X 10_15_7) AppleWebKit/605.1.15 (KHTML, like Gecko) Version/15.6.1 Safari/605.1.15"
::ffff:99.92.93.12 - - [13/Feb/2023:21:39:13 +0000] "GET /images/dragon-trans.png HTTP/1.1" 304 - "http://wadokikai.org/resources" "Mozilla/5.0 (Macintosh; Intel Mac OS X 10_15_7) AppleWebKit/605.1.15 (KHTML, like Gecko) Version/15.6.1 Safari/605.1.15"
::ffff:99.92.93.12 - - [13/Feb/2023:21:39:16 +0000] "GET /images/tiger.bmp HTTP/1.1" 304 - "http://wadokikai.org/resources" "Mozilla/5.0 (Macintosh; Intel Mac OS X 10_15_7) AppleWebKit/605.1.15 (KHTML, like Gecko) Version/15.6.1 Safari/605.1.15"
::ffff:99.92.93.12 - - [13/Feb/2023:21:39:20 +0000] "GET /images/dragon-trans.png HTTP/1.1" 304 - "http://wadokikai.org/resources" "Mozilla/5.0 (Macintosh; Intel Mac OS X 10_15_7) AppleWebKit/605.1.15 (KHTML, like Gecko) Version/15.6.1 Safari/605.1.15"
::ffff:99.92.93.12 - - [13/Feb/2023:21:39:23 +0000] "GET /images/tiger.bmp HTTP/1.1" 304 - "http://wadokikai.org/resources" "Mozilla/5.0 (Macintosh; Intel Mac OS X 10_15_7) AppleWebKit/605.1.15 (KHTML, like Gecko) Version/15.6.1 Safari/605.1.15"
::ffff:99.92.93.12 - - [13/Feb/2023:21:39:27 +0000] "GET /images/dragon-trans.png HTTP/1.1" 304 - "http://wadokikai.org/resources" "Mozilla/5.0 (Macintosh; Intel Mac OS X 10_15_7) AppleWebKit/605.1.15 (KHTML, like Gecko) Version/15.6.1 Safari/605.1.15"
::ffff:99.92.93.12 - - [13/Feb/2023:21:39:30 +0000] "GET /images/tiger.bmp HTTP/1.1" 304 - "http://wadokikai.org/resources" "Mozilla/5.0 (Macintosh; Intel Mac OS X 10_15_7) AppleWebKit/605.1.15 (KHTML, like Gecko) Version/15.6.1 Safari/605.1.15"
::ffff:99.92.93.12 - - [13/Feb/2023:21:39:34 +0000] "GET /images/dragon-trans.png HTTP/1.1" 304 - "http://wadokikai.org/resources" "Mozilla/5.0 (Macintosh; Intel Mac OS X 10_15_7) AppleWebKit/605.1.15 (KHTML, like Gecko) Version/15.6.1 Safari/605.1.15"
::ffff:99.92.93.12 - - [13/Feb/2023:21:39:37 +0000] "GET /images/tiger.bmp HTTP/1.1" 304 - "http://wadokikai.org/resources" "Mozilla/5.0 (Macintosh; Intel Mac OS X 10_15_7) AppleWebKit/605.1.15 (KHTML, like Gecko) Version/15.6.1 Safari/605.1.15"
::ffff:99.92.93.12 - - [13/Feb/2023:21:39:41 +0000] "GET /images/dragon-trans.png HTTP/1.1" 304 - "http://wadokikai.org/resources" "Mozilla/5.0 (Macintosh; Intel Mac OS X 10_15_7) AppleWebKit/605.1.15 (KHTML, like Gecko) Version/15.6.1 Safari/605.1.15"
::ffff:99.92.93.12 - - [13/Feb/2023:21:39:44 +0000] "GET /images/tiger.bmp HTTP/1.1" 304 - "http://wadokikai.org/resources" "Mozilla/5.0 (Macintosh; Intel Mac OS X 10_15_7) AppleWebKit/605.1.15 (KHTML, like Gecko) Version/15.6.1 Safari/605.1.15"
::ffff:99.92.93.12 - - [13/Feb/2023:21:39:48 +0000] "GET /images/dragon-trans.png HTTP/1.1" 304 - "http://wadokikai.org/resources" "Mozilla/5.0 (Macintosh; Intel Mac OS X 10_15_7) AppleWebKit/605.1.15 (KHTML, like Gecko) Version/15.6.1 Safari/605.1.15"
::ffff:99.92.93.12 - - [13/Feb/2023:21:39:51 +0000] "GET /images/tiger.bmp HTTP/1.1" 304 - "http://wadokikai.org/resources" "Mozilla/5.0 (Macintosh; Intel Mac OS X 10_15_7) AppleWebKit/605.1.15 (KHTML, like Gecko) Version/15.6.1 Safari/605.1.15"
::ffff:99.92.93.12 - - [13/Feb/2023:21:39:55 +0000] "GET /images/dragon-trans.png HTTP/1.1" 304 - "http://wadokikai.org/resources" "Mozilla/5.0 (Macintosh; Intel Mac OS X 10_15_7) AppleWebKit/605.1.15 (KHTML, like Gecko) Version/15.6.1 Safari/605.1.15"
::ffff:99.92.93.12 - - [13/Feb/2023:21:39:58 +0000] "GET /images/tiger.bmp HTTP/1.1" 304 - "http://wadokikai.org/resources" "Mozilla/5.0 (Macintosh; Intel Mac OS X 10_15_7) AppleWebKit/605.1.15 (KHTML, like Gecko) Version/15.6.1 Safari/605.1.15"
::ffff:99.92.93.12 - - [13/Feb/2023:21:40:02 +0000] "GET /images/dragon-trans.png HTTP/1.1" 304 - "http://wadokikai.org/resources" "Mozilla/5.0 (Macintosh; Intel Mac OS X 10_15_7) AppleWebKit/605.1.15 (KHTML, like Gecko) Version/15.6.1 Safari/605.1.15"
::ffff:73.162.163.15 - - [13/Feb/2023:21:40:03 +0000] "GET /images/wadokikai%20kanji.jpg HTTP/1.1" 200 35066 "https://wadokikai.org/" "Mozilla/5.0 (Windows NT 10.0; Win64; x64) AppleWebKit/537.36 (KHTML, like Gecko) Chrome/109.0.0.0 Safari/537.36"
::ffff:99.92.93.12 - - [13/Feb/2023:21:40:05 +0000] "GET /images/tiger.bmp HTTP/1.1" 304 - "http://wadokikai.org/resources" "Mozilla/5.0 (Macintosh; Intel Mac OS X 10_15_7) AppleWebKit/605.1.15 (KHTML, like Gecko) Version/15.6.1 Safari/605.1.15"
::ffff:99.92.93.12 - - [13/Feb/2023:21:40:09 +0000] "GET /images/dragon-trans.png HTTP/1.1" 304 - "http://wadokikai.org/resources" "Mozilla/5.0 (Macintosh; Intel Mac OS X 10_15_7) AppleWebKit/605.1.15 (KHTML, like Gecko) Version/15.6.1 Safari/605.1.15"
::ffff:99.92.93.12 - - [13/Feb/2023:21:40:12 +0000] "GET /images/tiger.bmp HTTP/1.1" 304 - "http://wadokikai.org/resources" "Mozilla/5.0 (Macintosh; Intel Mac OS X 10_15_7) AppleWebKit/605.1.15 (KHTML, like Gecko) Version/15.6.1 Safari/605.1.15"
::ffff:99.92.93.12 - - [13/Feb/2023:21:40:16 +0000] "GET /images/dragon-trans.png HTTP/1.1" 304 - "http://wadokikai.org/resources" "Mozilla/5.0 (Macintosh; Intel Mac OS X 10_15_7) AppleWebKit/605.1.15 (KHTML, like Gecko) Version/15.6.1 Safari/605.1.15"
::ffff:99.92.93.12 - - [13/Feb/2023:21:40:19 +0000] "GET /images/tiger.bmp HTTP/1.1" 304 - "http://wadokikai.org/resources" "Mozilla/5.0 (Macintosh; Intel Mac OS X 10_15_7) AppleWebKit/605.1.15 (KHTML, like Gecko) Version/15.6.1 Safari/605.1.15"
::ffff:99.92.93.12 - - [13/Feb/2023:21:40:23 +0000] "GET /images/dragon-trans.png HTTP/1.1" 304 - "http://wadokikai.org/resources" "Mozilla/5.0 (Macintosh; Intel Mac OS X 10_15_7) AppleWebKit/605.1.15 (KHTML, like Gecko) Version/15.6.1 Safari/605.1.15"
::ffff:99.92.93.12 - - [13/Feb/2023:21:40:26 +0000] "GET /images/tiger.bmp HTTP/1.1" 304 - "http://wadokikai.org/resources" "Mozilla/5.0 (Macintosh; Intel Mac OS X 10_15_7) AppleWebKit/605.1.15 (KHTML, like Gecko) Version/15.6.1 Safari/605.1.15"
::ffff:99.92.93.12 - - [13/Feb/2023:21:40:30 +0000] "GET /images/dragon-trans.png HTTP/1.1" 304 - "http://wadokikai.org/resources" "Mozilla/5.0 (Macintosh; Intel Mac OS X 10_15_7) AppleWebKit/605.1.15 (KHTML, like Gecko) Version/15.6.1 Safari/605.1.15"
::ffff:99.92.93.12 - - [13/Feb/2023:21:40:33 +0000] "GET /images/tiger.bmp HTTP/1.1" 304 - "http://wadokikai.org/resources" "Mozilla/5.0 (Macintosh; Intel Mac OS X 10_15_7) AppleWebKit/605.1.15 (KHTML, like Gecko) Version/15.6.1 Safari/605.1.15"
::ffff:99.92.93.12 - - [13/Feb/2023:21:40:37 +0000] "GET /images/dragon-trans.png HTTP/1.1" 304 - "http://wadokikai.org/resources" "Mozilla/5.0 (Macintosh; Intel Mac OS X 10_15_7) AppleWebKit/605.1.15 (KHTML, like Gecko) Version/15.6.1 Safari/605.1.15"
::ffff:99.92.93.12 - - [13/Feb/2023:21:40:40 +0000] "GET /images/tiger.bmp HTTP/1.1" 304 - "http://wadokikai.org/resources" "Mozilla/5.0 (Macintosh; Intel Mac OS X 10_15_7) AppleWebKit/605.1.15 (KHTML, like Gecko) Version/15.6.1 Safari/605.1.15"
::ffff:99.92.93.12 - - [13/Feb/2023:21:40:44 +0000] "GET /images/dragon-trans.png HTTP/1.1" 304 - "http://wadokikai.org/resources" "Mozilla/5.0 (Macintosh; Intel Mac OS X 10_15_7) AppleWebKit/605.1.15 (KHTML, like Gecko) Version/15.6.1 Safari/605.1.15"
::ffff:99.92.93.12 - - [13/Feb/2023:21:40:47 +0000] "GET /images/tiger.bmp HTTP/1.1" 304 - "http://wadokikai.org/resources" "Mozilla/5.0 (Macintosh; Intel Mac OS X 10_15_7) AppleWebKit/605.1.15 (KHTML, like Gecko) Version/15.6.1 Safari/605.1.15"
::ffff:99.92.93.12 - - [13/Feb/2023:21:40:51 +0000] "GET /images/dragon-trans.png HTTP/1.1" 304 - "http://wadokikai.org/resources" "Mozilla/5.0 (Macintosh; Intel Mac OS X 10_15_7) AppleWebKit/605.1.15 (KHTML, like Gecko) Version/15.6.1 Safari/605.1.15"
::ffff:99.92.93.12 - - [13/Feb/2023:21:40:54 +0000] "GET /images/tiger.bmp HTTP/1.1" 304 - "http://wadokikai.org/resources" "Mozilla/5.0 (Macintosh; Intel Mac OS X 10_15_7) AppleWebKit/605.1.15 (KHTML, like Gecko) Version/15.6.1 Safari/605.1.15"
::ffff:99.92.93.12 - - [13/Feb/2023:21:40:58 +0000] "GET /images/dragon-trans.png HTTP/1.1" 304 - "http://wadokikai.org/resources" "Mozilla/5.0 (Macintosh; Intel Mac OS X 10_15_7) AppleWebKit/605.1.15 (KHTML, like Gecko) Version/15.6.1 Safari/605.1.15"
::ffff:99.92.93.12 - - [13/Feb/2023:21:41:01 +0000] "GET /images/tiger.bmp HTTP/1.1" 304 - "http://wadokikai.org/resources" "Mozilla/5.0 (Macintosh; Intel Mac OS X 10_15_7) AppleWebKit/605.1.15 (KHTML, like Gecko) Version/15.6.1 Safari/605.1.15"
::ffff:73.162.163.15 - - [13/Feb/2023:21:41:03 +0000] "GET /images/dragon-trans.png HTTP/1.1" 200 85661 "https://wadokikai.org/" "Mozilla/5.0 (Windows NT 10.0; Win64; x64) AppleWebKit/537.36 (KHTML, like Gecko) Chrome/109.0.0.0 Safari/537.36"
::ffff:99.92.93.12 - - [13/Feb/2023:21:41:05 +0000] "GET /images/dragon-trans.png HTTP/1.1" 304 - "http://wadokikai.org/resources" "Mozilla/5.0 (Macintosh; Intel Mac OS X 10_15_7) AppleWebKit/605.1.15 (KHTML, like Gecko) Version/15.6.1 Safari/605.1.15"
::ffff:99.92.93.12 - - [13/Feb/2023:21:41:08 +0000] "GET /images/tiger.bmp HTTP/1.1" 304 - "http://wadokikai.org/resources" "Mozilla/5.0 (Macintosh; Intel Mac OS X 10_15_7) AppleWebKit/605.1.15 (KHTML, like Gecko) Version/15.6.1 Safari/605.1.15"
::ffff:99.92.93.12 - - [13/Feb/2023:21:41:12 +0000] "GET /images/dragon-trans.png HTTP/1.1" 304 - "http://wadokikai.org/resources" "Mozilla/5.0 (Macintosh; Intel Mac OS X 10_15_7) AppleWebKit/605.1.15 (KHTML, like Gecko) Version/15.6.1 Safari/605.1.15"
::ffff:99.92.93.12 - - [13/Feb/2023:21:41:15 +0000] "GET /images/tiger.bmp HTTP/1.1" 304 - "http://wadokikai.org/resources" "Mozilla/5.0 (Macintosh; Intel Mac OS X 10_15_7) AppleWebKit/605.1.15 (KHTML, like Gecko) Version/15.6.1 Safari/605.1.15"
::ffff:99.92.93.12 - - [13/Feb/2023:21:41:19 +0000] "GET /images/dragon-trans.png HTTP/1.1" 304 - "http://wadokikai.org/resources" "Mozilla/5.0 (Macintosh; Intel Mac OS X 10_15_7) AppleWebKit/605.1.15 (KHTML, like Gecko) Version/15.6.1 Safari/605.1.15"
::ffff:99.92.93.12 - - [13/Feb/2023:21:41:22 +0000] "GET /images/tiger.bmp HTTP/1.1" 304 - "http://wadokikai.org/resources" "Mozilla/5.0 (Macintosh; Intel Mac OS X 10_15_7) AppleWebKit/605.1.15 (KHTML, like Gecko) Version/15.6.1 Safari/605.1.15"
::ffff:99.92.93.12 - - [13/Feb/2023:21:41:26 +0000] "GET /images/dragon-trans.png HTTP/1.1" 304 - "http://wadokikai.org/resources" "Mozilla/5.0 (Macintosh; Intel Mac OS X 10_15_7) AppleWebKit/605.1.15 (KHTML, like Gecko) Version/15.6.1 Safari/605.1.15"
::ffff:99.92.93.12 - - [13/Feb/2023:21:41:29 +0000] "GET /images/tiger.bmp HTTP/1.1" 304 - "http://wadokikai.org/resources" "Mozilla/5.0 (Macintosh; Intel Mac OS X 10_15_7) AppleWebKit/605.1.15 (KHTML, like Gecko) Version/15.6.1 Safari/605.1.15"
::ffff:99.92.93.12 - - [13/Feb/2023:21:41:33 +0000] "GET /images/dragon-trans.png HTTP/1.1" 304 - "http://wadokikai.org/resources" "Mozilla/5.0 (Macintosh; Intel Mac OS X 10_15_7) AppleWebKit/605.1.15 (KHTML, like Gecko) Version/15.6.1 Safari/605.1.15"
::ffff:99.92.93.12 - - [13/Feb/2023:21:41:51 +0000] "GET /images/tiger.bmp HTTP/1.1" 304 - "http://wadokikai.org/resources" "Mozilla/5.0 (Macintosh; Intel Mac OS X 10_15_7) AppleWebKit/605.1.15 (KHTML, like Gecko) Version/15.6.1 Safari/605.1.15"
::ffff:99.92.93.12 - - [13/Feb/2023:21:42:11 +0000] "GET /images/dragon-trans.png HTTP/1.1" 304 - "http://wadokikai.org/resources" "Mozilla/5.0 (Macintosh; Intel Mac OS X 10_15_7) AppleWebKit/605.1.15 (KHTML, like Gecko) Version/15.6.1 Safari/605.1.15"
::ffff:99.92.93.12 - - [13/Feb/2023:21:42:21 +0000] "GET /images/tiger.bmp HTTP/1.1" 304 - "http://wadokikai.org/resources" "Mozilla/5.0 (Macintosh; Intel Mac OS X 10_15_7) AppleWebKit/605.1.15 (KHTML, like Gecko) Version/15.6.1 Safari/605.1.15"
::ffff:99.92.93.12 - - [13/Feb/2023:21:42:42 +0000] "GET /images/dragon-trans.png HTTP/1.1" 304 - "http://wadokikai.org/resources" "Mozilla/5.0 (Macintosh; Intel Mac OS X 10_15_7) AppleWebKit/605.1.15 (KHTML, like Gecko) Version/15.6.1 Safari/605.1.15"
::ffff:99.92.93.12 - - [13/Feb/2023:21:42:51 +0000] "GET /images/tiger.bmp HTTP/1.1" 304 - "http://wadokikai.org/resources" "Mozilla/5.0 (Macintosh; Intel Mac OS X 10_15_7) AppleWebKit/605.1.15 (KHTML, like Gecko) Version/15.6.1 Safari/605.1.15"
::ffff:114.119.134.106 - - [13/Feb/2023:21:42:52 +0000] "GET /robots.txt HTTP/1.1" 404 149 "-" "Mozilla/5.0 (compatible;PetalBot;+https://webmaster.petalsearch.com/site/petalbot)"
::ffff:99.92.93.12 - - [13/Feb/2023:21:43:12 +0000] "GET /images/dragon-trans.png HTTP/1.1" 304 - "http://wadokikai.org/resources" "Mozilla/5.0 (Macintosh; Intel Mac OS X 10_15_7) AppleWebKit/605.1.15 (KHTML, like Gecko) Version/15.6.1 Safari/605.1.15"
::ffff:99.92.93.12 - - [13/Feb/2023:21:43:21 +0000] "GET /images/tiger.bmp HTTP/1.1" 304 - "http://wadokikai.org/resources" "Mozilla/5.0 (Macintosh; Intel Mac OS X 10_15_7) AppleWebKit/605.1.15 (KHTML, like Gecko) Version/15.6.1 Safari/605.1.15"
::ffff:99.92.93.12 - - [13/Feb/2023:21:43:41 +0000] "GET /images/dragon-trans.png HTTP/1.1" 304 - "http://wadokikai.org/resources" "Mozilla/5.0 (Macintosh; Intel Mac OS X 10_15_7) AppleWebKit/605.1.15 (KHTML, like Gecko) Version/15.6.1 Safari/605.1.15"
::ffff:99.92.93.12 - - [13/Feb/2023:21:43:51 +0000] "GET /images/tiger.bmp HTTP/1.1" 304 - "http://wadokikai.org/resources" "Mozilla/5.0 (Macintosh; Intel Mac OS X 10_15_7) AppleWebKit/605.1.15 (KHTML, like Gecko) Version/15.6.1 Safari/605.1.15"
::ffff:99.92.93.12 - - [13/Feb/2023:21:44:12 +0000] "GET /images/dragon-trans.png HTTP/1.1" 304 - "http://wadokikai.org/resources" "Mozilla/5.0 (Macintosh; Intel Mac OS X 10_15_7) AppleWebKit/605.1.15 (KHTML, like Gecko) Version/15.6.1 Safari/605.1.15"
::ffff:99.92.93.12 - - [13/Feb/2023:21:44:21 +0000] "GET /images/tiger.bmp HTTP/1.1" 304 - "http://wadokikai.org/resources" "Mozilla/5.0 (Macintosh; Intel Mac OS X 10_15_7) AppleWebKit/605.1.15 (KHTML, like Gecko) Version/15.6.1 Safari/605.1.15"
::ffff:99.92.93.12 - - [13/Feb/2023:21:44:42 +0000] "GET /images/dragon-trans.png HTTP/1.1" 304 - "http://wadokikai.org/resources" "Mozilla/5.0 (Macintosh; Intel Mac OS X 10_15_7) AppleWebKit/605.1.15 (KHTML, like Gecko) Version/15.6.1 Safari/605.1.15"
::ffff:99.92.93.12 - - [13/Feb/2023:21:44:51 +0000] "GET /images/tiger.bmp HTTP/1.1" 304 - "http://wadokikai.org/resources" "Mozilla/5.0 (Macintosh; Intel Mac OS X 10_15_7) AppleWebKit/605.1.15 (KHTML, like Gecko) Version/15.6.1 Safari/605.1.15"
::ffff:99.92.93.12 - - [13/Feb/2023:21:45:12 +0000] "GET /images/dragon-trans.png HTTP/1.1" 304 - "http://wadokikai.org/resources" "Mozilla/5.0 (Macintosh; Intel Mac OS X 10_15_7) AppleWebKit/605.1.15 (KHTML, like Gecko) Version/15.6.1 Safari/605.1.15"
::ffff:99.92.93.12 - - [13/Feb/2023:21:45:21 +0000] "GET /images/tiger.bmp HTTP/1.1" 304 - "http://wadokikai.org/resources" "Mozilla/5.0 (Macintosh; Intel Mac OS X 10_15_7) AppleWebKit/605.1.15 (KHTML, like Gecko) Version/15.6.1 Safari/605.1.15"
::ffff:99.92.93.12 - - [13/Feb/2023:21:45:42 +0000] "GET /images/dragon-trans.png HTTP/1.1" 304 - "http://wadokikai.org/resources" "Mozilla/5.0 (Macintosh; Intel Mac OS X 10_15_7) AppleWebKit/605.1.15 (KHTML, like Gecko) Version/15.6.1 Safari/605.1.15"
::ffff:172.58.19.72 - - [13/Feb/2023:21:45:48 +0000] "GET /images/tiger.bmp HTTP/1.1" 304 - "http://wadokikai.org/resources" "Mozilla/5.0 (Macintosh; Intel Mac OS X 10_15_6) AppleWebKit/605.1.15 (KHTML, like Gecko) Version/15.6,2 Safari/605.1.15"
::ffff:99.92.93.12 - - [13/Feb/2023:21:45:51 +0000] "GET /images/tiger.bmp HTTP/1.1" 304 - "http://wadokikai.org/resources" "Mozilla/5.0 (Macintosh; Intel Mac OS X 10_15_7) AppleWebKit/605.1.15 (KHTML, like Gecko) Version/15.6.1 Safari/605.1.15"
::ffff:172.58.19.94 - - [13/Feb/2023:21:45:56 +0000] "GET /images/tiger.bmp HTTP/1.1" 304 - "http://wadokikai.org/resources" "Mozilla/5.0 (Macintosh; Intel Mac OS X 10_15_6) AppleWebKit/605.1.15 (KHTML, like Gecko) Version/15.6,2 Safari/605.1.15"
::ffff:172.58.19.94 - - [13/Feb/2023:21:45:59 +0000] "GET /images/tiger.bmp HTTP/1.1" 304 - "http://wadokikai.org/resources" "Mozilla/5.0 (Macintosh; Intel Mac OS X 10_15_6) AppleWebKit/605.1.15 (KHTML, like Gecko) Version/15.6,2 Safari/605.1.15"
::ffff:99.92.93.12 - - [13/Feb/2023:21:46:12 +0000] "GET /images/dragon-trans.png HTTP/1.1" 304 - "http://wadokikai.org/resources" "Mozilla/5.0 (Macintosh; Intel Mac OS X 10_15_7) AppleWebKit/605.1.15 (KHTML, like Gecko) Version/15.6.1 Safari/605.1.15"
::ffff:99.92.93.12 - - [13/Feb/2023:21:46:21 +0000] "GET /images/tiger.bmp HTTP/1.1" 304 - "http://wadokikai.org/resources" "Mozilla/5.0 (Macintosh; Intel Mac OS X 10_15_7) AppleWebKit/605.1.15 (KHTML, like Gecko) Version/15.6.1 Safari/605.1.15"
::ffff:99.92.93.12 - - [13/Feb/2023:21:46:42 +0000] "GET /images/dragon-trans.png HTTP/1.1" 304 - "http://wadokikai.org/resources" "Mozilla/5.0 (Macintosh; Intel Mac OS X 10_15_7) AppleWebKit/605.1.15 (KHTML, like Gecko) Version/15.6.1 Safari/605.1.15"
::ffff:99.92.93.12 - - [13/Feb/2023:21:46:51 +0000] "GET /images/tiger.bmp HTTP/1.1" 304 - "http://wadokikai.org/resources" "Mozilla/5.0 (Macintosh; Intel Mac OS X 10_15_7) AppleWebKit/605.1.15 (KHTML, like Gecko) Version/15.6.1 Safari/605.1.15"
::ffff:99.92.93.12 - - [13/Feb/2023:21:47:12 +0000] "GET /images/dragon-trans.png HTTP/1.1" 304 - "http://wadokikai.org/resources" "Mozilla/5.0 (Macintosh; Intel Mac OS X 10_15_7) AppleWebKit/605.1.15 (KHTML, like Gecko) Version/15.6.1 Safari/605.1.15"
::ffff:99.92.93.12 - - [13/Feb/2023:21:47:21 +0000] "GET /images/tiger.bmp HTTP/1.1" 304 - "http://wadokikai.org/resources" "Mozilla/5.0 (Macintosh; Intel Mac OS X 10_15_7) AppleWebKit/605.1.15 (KHTML, like Gecko) Version/15.6.1 Safari/605.1.15"
::ffff:99.92.93.12 - - [13/Feb/2023:21:47:42 +0000] "GET /images/dragon-trans.png HTTP/1.1" 304 - "http://wadokikai.org/resources" "Mozilla/5.0 (Macintosh; Intel Mac OS X 10_15_7) AppleWebKit/605.1.15 (KHTML, like Gecko) Version/15.6.1 Safari/605.1.15"
::ffff:99.92.93.12 - - [13/Feb/2023:21:47:51 +0000] "GET /images/tiger.bmp HTTP/1.1" 304 - "http://wadokikai.org/resources" "Mozilla/5.0 (Macintosh; Intel Mac OS X 10_15_7) AppleWebKit/605.1.15 (KHTML, like Gecko) Version/15.6.1 Safari/605.1.15"
::ffff:99.92.93.12 - - [13/Feb/2023:21:48:12 +0000] "GET /images/dragon-trans.png HTTP/1.1" 304 - "http://wadokikai.org/resources" "Mozilla/5.0 (Macintosh; Intel Mac OS X 10_15_7) AppleWebKit/605.1.15 (KHTML, like Gecko) Version/15.6.1 Safari/605.1.15"
::ffff:99.92.93.12 - - [13/Feb/2023:21:48:21 +0000] "GET /images/tiger.bmp HTTP/1.1" 304 - "http://wadokikai.org/resources" "Mozilla/5.0 (Macintosh; Intel Mac OS X 10_15_7) AppleWebKit/605.1.15 (KHTML, like Gecko) Version/15.6.1 Safari/605.1.15"
::ffff:99.92.93.12 - - [13/Feb/2023:21:48:42 +0000] "GET /images/dragon-trans.png HTTP/1.1" 304 - "http://wadokikai.org/resources" "Mozilla/5.0 (Macintosh; Intel Mac OS X 10_15_7) AppleWebKit/605.1.15 (KHTML, like Gecko) Version/15.6.1 Safari/605.1.15"
::ffff:99.92.93.12 - - [13/Feb/2023:21:48:51 +0000] "GET /images/tiger.bmp HTTP/1.1" 304 - "http://wadokikai.org/resources" "Mozilla/5.0 (Macintosh; Intel Mac OS X 10_15_7) AppleWebKit/605.1.15 (KHTML, like Gecko) Version/15.6.1 Safari/605.1.15"
::ffff:99.92.93.12 - - [13/Feb/2023:21:49:11 +0000] "GET /images/dragon-trans.png HTTP/1.1" 304 - "http://wadokikai.org/resources" "Mozilla/5.0 (Macintosh; Intel Mac OS X 10_15_7) AppleWebKit/605.1.15 (KHTML, like Gecko) Version/15.6.1 Safari/605.1.15"
::ffff:99.92.93.12 - - [13/Feb/2023:21:49:21 +0000] "GET /images/tiger.bmp HTTP/1.1" 304 - "http://wadokikai.org/resources" "Mozilla/5.0 (Macintosh; Intel Mac OS X 10_15_7) AppleWebKit/605.1.15 (KHTML, like Gecko) Version/15.6.1 Safari/605.1.15"
::ffff:99.92.93.12 - - [13/Feb/2023:21:49:42 +0000] "GET /images/dragon-trans.png HTTP/1.1" 304 - "http://wadokikai.org/resources" "Mozilla/5.0 (Macintosh; Intel Mac OS X 10_15_7) AppleWebKit/605.1.15 (KHTML, like Gecko) Version/15.6.1 Safari/605.1.15"
::ffff:99.92.93.12 - - [13/Feb/2023:21:49:51 +0000] "GET /images/tiger.bmp HTTP/1.1" 304 - "http://wadokikai.org/resources" "Mozilla/5.0 (Macintosh; Intel Mac OS X 10_15_7) AppleWebKit/605.1.15 (KHTML, like Gecko) Version/15.6.1 Safari/605.1.15"
::ffff:99.92.93.12 - - [13/Feb/2023:21:50:12 +0000] "GET /images/dragon-trans.png HTTP/1.1" 304 - "http://wadokikai.org/resources" "Mozilla/5.0 (Macintosh; Intel Mac OS X 10_15_7) AppleWebKit/605.1.15 (KHTML, like Gecko) Version/15.6.1 Safari/605.1.15"
::ffff:99.92.93.12 - - [13/Feb/2023:21:50:21 +0000] "GET /images/tiger.bmp HTTP/1.1" 304 - "http://wadokikai.org/resources" "Mozilla/5.0 (Macintosh; Intel Mac OS X 10_15_7) AppleWebKit/605.1.15 (KHTML, like Gecko) Version/15.6.1 Safari/605.1.15"
::ffff:99.92.93.12 - - [13/Feb/2023:21:50:41 +0000] "GET /images/dragon-trans.png HTTP/1.1" 304 - "http://wadokikai.org/resources" "Mozilla/5.0 (Macintosh; Intel Mac OS X 10_15_7) AppleWebKit/605.1.15 (KHTML, like Gecko) Version/15.6.1 Safari/605.1.15"
::ffff:99.92.93.12 - - [13/Feb/2023:21:50:51 +0000] "GET /images/tiger.bmp HTTP/1.1" 304 - "http://wadokikai.org/resources" "Mozilla/5.0 (Macintosh; Intel Mac OS X 10_15_7) AppleWebKit/605.1.15 (KHTML, like Gecko) Version/15.6.1 Safari/605.1.15"
::ffff:99.92.93.12 - - [13/Feb/2023:21:51:12 +0000] "GET /images/dragon-trans.png HTTP/1.1" 304 - "http://wadokikai.org/resources" "Mozilla/5.0 (Macintosh; Intel Mac OS X 10_15_7) AppleWebKit/605.1.15 (KHTML, like Gecko) Version/15.6.1 Safari/605.1.15"
::ffff:99.92.93.12 - - [13/Feb/2023:21:51:21 +0000] "GET /images/tiger.bmp HTTP/1.1" 304 - "http://wadokikai.org/resources" "Mozilla/5.0 (Macintosh; Intel Mac OS X 10_15_7) AppleWebKit/605.1.15 (KHTML, like Gecko) Version/15.6.1 Safari/605.1.15"
::ffff:99.92.93.12 - - [13/Feb/2023:21:51:42 +0000] "GET /images/dragon-trans.png HTTP/1.1" 304 - "http://wadokikai.org/resources" "Mozilla/5.0 (Macintosh; Intel Mac OS X 10_15_7) AppleWebKit/605.1.15 (KHTML, like Gecko) Version/15.6.1 Safari/605.1.15"
::ffff:99.92.93.12 - - [13/Feb/2023:21:51:51 +0000] "GET /images/tiger.bmp HTTP/1.1" 304 - "http://wadokikai.org/resources" "Mozilla/5.0 (Macintosh; Intel Mac OS X 10_15_7) AppleWebKit/605.1.15 (KHTML, like Gecko) Version/15.6.1 Safari/605.1.15"
::ffff:99.92.93.12 - - [13/Feb/2023:21:52:11 +0000] "GET /images/dragon-trans.png HTTP/1.1" 304 - "http://wadokikai.org/resources" "Mozilla/5.0 (Macintosh; Intel Mac OS X 10_15_7) AppleWebKit/605.1.15 (KHTML, like Gecko) Version/15.6.1 Safari/605.1.15"
::ffff:99.92.93.12 - - [13/Feb/2023:21:52:21 +0000] "GET /images/tiger.bmp HTTP/1.1" 304 - "http://wadokikai.org/resources" "Mozilla/5.0 (Macintosh; Intel Mac OS X 10_15_7) AppleWebKit/605.1.15 (KHTML, like Gecko) Version/15.6.1 Safari/605.1.15"
::ffff:99.92.93.12 - - [13/Feb/2023:21:52:41 +0000] "GET /images/dragon-trans.png HTTP/1.1" 304 - "http://wadokikai.org/resources" "Mozilla/5.0 (Macintosh; Intel Mac OS X 10_15_7) AppleWebKit/605.1.15 (KHTML, like Gecko) Version/15.6.1 Safari/605.1.15"
::ffff:99.92.93.12 - - [13/Feb/2023:21:52:48 +0000] "GET /images/tiger.bmp HTTP/1.1" 304 - "http://wadokikai.org/resources" "Mozilla/5.0 (Macintosh; Intel Mac OS X 10_15_7) AppleWebKit/605.1.15 (KHTML, like Gecko) Version/15.6.1 Safari/605.1.15"
::ffff:99.92.93.12 - - [13/Feb/2023:21:52:52 +0000] "GET /images/dragon-trans.png HTTP/1.1" 304 - "http://wadokikai.org/resources" "Mozilla/5.0 (Macintosh; Intel Mac OS X 10_15_7) AppleWebKit/605.1.15 (KHTML, like Gecko) Version/15.6.1 Safari/605.1.15"
::ffff:99.92.93.12 - - [13/Feb/2023:21:53:01 +0000] "GET /images/tiger.bmp HTTP/1.1" 304 - "http://wadokikai.org/resources" "Mozilla/5.0 (Macintosh; Intel Mac OS X 10_15_7) AppleWebKit/605.1.15 (KHTML, like Gecko) Version/15.6.1 Safari/605.1.15"
::ffff:47.136.194.102 - - [13/Feb/2023:21:53:03 +0000] "GET /images/tiger.bmp HTTP/1.1" 304 - "http://wadokikai.org/resources" "Mozilla/5.0 (Macintosh; Intel Mac OS X 10_15_6) AppleWebKit/605.1.15 (KHTML, like Gecko) Version/15.6,2 Safari/605.1.15"
::ffff:99.92.93.12 - - [13/Feb/2023:21:53:21 +0000] "GET /images/dragon-trans.png HTTP/1.1" 304 - "http://wadokikai.org/resources" "Mozilla/5.0 (Macintosh; Intel Mac OS X 10_15_7) AppleWebKit/605.1.15 (KHTML, like Gecko) Version/15.6.1 Safari/605.1.15"
::ffff:114.119.134.35 - - [13/Feb/2023:21:53:26 +0000] "GET /robots.txt HTTP/1.1" 404 149 "-" "Mozilla/5.0 (compatible;PetalBot;+https://webmaster.petalsearch.com/site/petalbot)"
::ffff:99.92.93.12 - - [13/Feb/2023:21:53:42 +0000] "GET /images/tiger.bmp HTTP/1.1" 304 - "http://wadokikai.org/resources" "Mozilla/5.0 (Macintosh; Intel Mac OS X 10_15_7) AppleWebKit/605.1.15 (KHTML, like Gecko) Version/15.6.1 Safari/605.1.15"
::ffff:99.92.93.12 - - [13/Feb/2023:21:53:51 +0000] "GET /images/dragon-trans.png HTTP/1.1" 304 - "http://wadokikai.org/resources" "Mozilla/5.0 (Macintosh; Intel Mac OS X 10_15_7) AppleWebKit/605.1.15 (KHTML, like Gecko) Version/15.6.1 Safari/605.1.15"
::ffff:99.92.93.12 - - [13/Feb/2023:21:54:11 +0000] "GET /images/tiger.bmp HTTP/1.1" 304 - "http://wadokikai.org/resources" "Mozilla/5.0 (Macintosh; Intel Mac OS X 10_15_7) AppleWebKit/605.1.15 (KHTML, like Gecko) Version/15.6.1 Safari/605.1.15"
::ffff:99.92.93.12 - - [13/Feb/2023:21:54:21 +0000] "GET /images/dragon-trans.png HTTP/1.1" 304 - "http://wadokikai.org/resources" "Mozilla/5.0 (Macintosh; Intel Mac OS X 10_15_7) AppleWebKit/605.1.15 (KHTML, like Gecko) Version/15.6.1 Safari/605.1.15"
::ffff:99.92.93.12 - - [13/Feb/2023:21:54:42 +0000] "GET /images/tiger.bmp HTTP/1.1" 304 - "http://wadokikai.org/resources" "Mozilla/5.0 (Macintosh; Intel Mac OS X 10_15_7) AppleWebKit/605.1.15 (KHTML, like Gecko) Version/15.6.1 Safari/605.1.15"
::ffff:99.92.93.12 - - [13/Feb/2023:21:54:51 +0000] "GET /images/dragon-trans.png HTTP/1.1" 304 - "http://wadokikai.org/resources" "Mozilla/5.0 (Macintosh; Intel Mac OS X 10_15_7) AppleWebKit/605.1.15 (KHTML, like Gecko) Version/15.6.1 Safari/605.1.15"
::ffff:99.92.93.12 - - [13/Feb/2023:21:55:12 +0000] "GET /images/tiger.bmp HTTP/1.1" 304 - "http://wadokikai.org/resources" "Mozilla/5.0 (Macintosh; Intel Mac OS X 10_15_7) AppleWebKit/605.1.15 (KHTML, like Gecko) Version/15.6.1 Safari/605.1.15"
::ffff:99.92.93.12 - - [13/Feb/2023:21:55:21 +0000] "GET /images/dragon-trans.png HTTP/1.1" 304 - "http://wadokikai.org/resources" "Mozilla/5.0 (Macintosh; Intel Mac OS X 10_15_7) AppleWebKit/605.1.15 (KHTML, like Gecko) Version/15.6.1 Safari/605.1.15"
::ffff:99.92.93.12 - - [13/Feb/2023:21:55:42 +0000] "GET /images/tiger.bmp HTTP/1.1" 304 - "http://wadokikai.org/resources" "Mozilla/5.0 (Macintosh; Intel Mac OS X 10_15_7) AppleWebKit/605.1.15 (KHTML, like Gecko) Version/15.6.1 Safari/605.1.15"
::ffff:99.92.93.12 - - [13/Feb/2023:21:55:51 +0000] "GET /images/dragon-trans.png HTTP/1.1" 304 - "http://wadokikai.org/resources" "Mozilla/5.0 (Macintosh; Intel Mac OS X 10_15_7) AppleWebKit/605.1.15 (KHTML, like Gecko) Version/15.6.1 Safari/605.1.15"
::ffff:99.92.93.12 - - [13/Feb/2023:21:56:07 +0000] "GET /images/tiger.bmp HTTP/1.1" 304 - "http://wadokikai.org/resources" "Mozilla/5.0 (Macintosh; Intel Mac OS X 10_15_7) AppleWebKit/605.1.15 (KHTML, like Gecko) Version/15.6.1 Safari/605.1.15"
::ffff:99.92.93.12 - - [13/Feb/2023:21:56:13 +0000] "GET /images/dragon-trans.png HTTP/1.1" 304 - "http://wadokikai.org/resources" "Mozilla/5.0 (Macintosh; Intel Mac OS X 10_15_7) AppleWebKit/605.1.15 (KHTML, like Gecko) Version/15.6.1 Safari/605.1.15"
::ffff:87.250.224.115 - - [13/Feb/2023:21:56:17 +0000] "GET /robots.txt HTTP/1.1" 404 149 "-" "Mozilla/5.0 (compatible; YandexBot/3.0; +http://yandex.com/bots)"
::ffff:99.92.93.12 - - [13/Feb/2023:21:56:18 +0000] "GET /images/tiger.bmp HTTP/1.1" 304 - "http://wadokikai.org/resources" "Mozilla/5.0 (Macintosh; Intel Mac OS X 10_15_7) AppleWebKit/605.1.15 (KHTML, like Gecko) Version/15.6.1 Safari/605.1.15"
::ffff:87.250.224.115 - - [13/Feb/2023:21:56:20 +0000] "GET /favicon.ico HTTP/1.1" 404 150 "-" "Mozilla/5.0 (compatible; YandexFavicons/1.0; +http://yandex.com/bots)"
::ffff:99.92.93.12 - - [13/Feb/2023:21:56:23 +0000] "GET /images/dragon-trans.png HTTP/1.1" 304 - "http://wadokikai.org/resources" "Mozilla/5.0 (Macintosh; Intel Mac OS X 10_15_7) AppleWebKit/605.1.15 (KHTML, like Gecko) Version/15.6.1 Safari/605.1.15"
::ffff:99.92.93.12 - - [13/Feb/2023:21:56:27 +0000] "GET /images/tiger.bmp HTTP/1.1" 304 - "http://wadokikai.org/resources" "Mozilla/5.0 (Macintosh; Intel Mac OS X 10_15_7) AppleWebKit/605.1.15 (KHTML, like Gecko) Version/15.6.1 Safari/605.1.15"
::ffff:99.92.93.12 - - [13/Feb/2023:21:56:30 +0000] "GET /images/dragon-trans.png HTTP/1.1" 304 - "http://wadokikai.org/resources" "Mozilla/5.0 (Macintosh; Intel Mac OS X 10_15_7) AppleWebKit/605.1.15 (KHTML, like Gecko) Version/15.6.1 Safari/605.1.15"
::ffff:99.92.93.12 - - [13/Feb/2023:21:56:34 +0000] "GET /images/tiger.bmp HTTP/1.1" 304 - "http://wadokikai.org/resources" "Mozilla/5.0 (Macintosh; Intel Mac OS X 10_15_7) AppleWebKit/605.1.15 (KHTML, like Gecko) Version/15.6.1 Safari/605.1.15"
::ffff:99.92.93.12 - - [13/Feb/2023:21:56:37 +0000] "GET /images/dragon-trans.png HTTP/1.1" 304 - "http://wadokikai.org/resources" "Mozilla/5.0 (Macintosh; Intel Mac OS X 10_15_7) AppleWebKit/605.1.15 (KHTML, like Gecko) Version/15.6.1 Safari/605.1.15"
::ffff:99.92.93.12 - - [13/Feb/2023:21:56:41 +0000] "GET /images/tiger.bmp HTTP/1.1" 304 - "http://wadokikai.org/resources" "Mozilla/5.0 (Macintosh; Intel Mac OS X 10_15_7) AppleWebKit/605.1.15 (KHTML, like Gecko) Version/15.6.1 Safari/605.1.15"
::ffff:99.92.93.12 - - [13/Feb/2023:21:56:45 +0000] "GET /images/dragon-trans.png HTTP/1.1" 304 - "http://wadokikai.org/resources" "Mozilla/5.0 (Macintosh; Intel Mac OS X 10_15_7) AppleWebKit/605.1.15 (KHTML, like Gecko) Version/15.6.1 Safari/605.1.15"
::ffff:99.92.93.12 - - [13/Feb/2023:21:56:52 +0000] "GET /images/tiger.bmp HTTP/1.1" 304 - "http://wadokikai.org/resources" "Mozilla/5.0 (Macintosh; Intel Mac OS X 10_15_7) AppleWebKit/605.1.15 (KHTML, like Gecko) Version/15.6.1 Safari/605.1.15"
::ffff:99.92.93.12 - - [13/Feb/2023:21:57:00 +0000] "GET /images/dragon-trans.png HTTP/1.1" 304 - "http://wadokikai.org/resources" "Mozilla/5.0 (Macintosh; Intel Mac OS X 10_15_7) AppleWebKit/605.1.15 (KHTML, like Gecko) Version/15.6.1 Safari/605.1.15"
::ffff:99.92.93.12 - - [13/Feb/2023:21:57:04 +0000] "GET /images/tiger.bmp HTTP/1.1" 304 - "http://wadokikai.org/resources" "Mozilla/5.0 (Macintosh; Intel Mac OS X 10_15_7) AppleWebKit/605.1.15 (KHTML, like Gecko) Version/15.6.1 Safari/605.1.15"
::ffff:99.92.93.12 - - [13/Feb/2023:21:57:20 +0000] "GET /images/dragon-trans.png HTTP/1.1" 304 - "http://wadokikai.org/resources" "Mozilla/5.0 (Macintosh; Intel Mac OS X 10_15_7) AppleWebKit/605.1.15 (KHTML, like Gecko) Version/15.6.1 Safari/605.1.15"
::ffff:99.92.93.12 - - [13/Feb/2023:21:57:48 +0000] "GET /images/tiger.bmp HTTP/1.1" 304 - "http://wadokikai.org/resources" "Mozilla/5.0 (Macintosh; Intel Mac OS X 10_15_7) AppleWebKit/605.1.15 (KHTML, like Gecko) Version/15.6.1 Safari/605.1.15"
::ffff:99.92.93.12 - - [13/Feb/2023:21:58:37 +0000] "GET /images/dragon-trans.png HTTP/1.1" 304 - "http://wadokikai.org/resources" "Mozilla/5.0 (Macintosh; Intel Mac OS X 10_15_7) AppleWebKit/605.1.15 (KHTML, like Gecko) Version/15.6.1 Safari/605.1.15"
::ffff:195.37.190.89 - - [13/Feb/2023:21:59:14 +0000] "GET /sockjs/244/ewogzjot/websocket HTTP/1.1" 404 168 "-" "Mozilla/5.0 zgrab/0.x"
::ffff:47.136.194.102 - - [13/Feb/2023:21:59:23 +0000] "GET /images/dragon-trans.png HTTP/1.1" 304 - "http://wadokikai.org/resources" "Mozilla/5.0 (Macintosh; Intel Mac OS X 10_15_6) AppleWebKit/605.1.15 (KHTML, like Gecko) Version/15.6,2 Safari/605.1.15"
::ffff:99.92.93.12 - - [13/Feb/2023:21:59:41 +0000] "GET /images/tiger.bmp HTTP/1.1" 200 311274 "http://wadokikai.org/resources" "Mozilla/5.0 (Macintosh; Intel Mac OS X 10_15_7) AppleWebKit/605.1.15 (KHTML, like Gecko) Version/15.6.1 Safari/605.1.15"
::ffff:73.162.163.15 - - [13/Feb/2023:21:59:50 +0000] "GET / HTTP/1.1" 304 - "-" "Mozilla/5.0 (Windows NT 10.0; Win64; x64) AppleWebKit/537.36 (KHTML, like Gecko) Chrome/109.0.0.0 Safari/537.36"
::ffff:73.162.163.15 - - [13/Feb/2023:21:59:51 +0000] "GET /css/wadokikai.css HTTP/1.1" 304 - "http://wadokikai.org/" "Mozilla/5.0 (Windows NT 10.0; Win64; x64) AppleWebKit/537.36 (KHTML, like Gecko) Chrome/109.0.0.0 Safari/537.36"
::ffff:73.162.163.15 - - [13/Feb/2023:21:59:51 +0000] "GET /js/common.js HTTP/1.1" 304 - "http://wadokikai.org/" "Mozilla/5.0 (Windows NT 10.0; Win64; x64) AppleWebKit/537.36 (KHTML, like Gecko) Chrome/109.0.0.0 Safari/537.36"
::ffff:73.162.163.15 - - [13/Feb/2023:21:59:51 +0000] "GET /images/wkkpatch22_med.png HTTP/1.1" 304 - "http://wadokikai.org/" "Mozilla/5.0 (Windows NT 10.0; Win64; x64) AppleWebKit/537.36 (KHTML, like Gecko) Chrome/109.0.0.0 Safari/537.36"
::ffff:73.162.163.15 - - [13/Feb/2023:21:59:51 +0000] "GET /images/schools/alamedakaratedomap.jpg HTTP/1.1" 304 - "http://wadokikai.org/" "Mozilla/5.0 (Windows NT 10.0; Win64; x64) AppleWebKit/537.36 (KHTML, like Gecko) Chrome/109.0.0.0 Safari/537.36"
::ffff:73.162.163.15 - - [13/Feb/2023:21:59:51 +0000] "GET /images/schools/orindakaratedomap.jpg HTTP/1.1" 304 - "http://wadokikai.org/" "Mozilla/5.0 (Windows NT 10.0; Win64; x64) AppleWebKit/537.36 (KHTML, like Gecko) Chrome/109.0.0.0 Safari/537.36"
::ffff:73.162.163.15 - - [13/Feb/2023:21:59:51 +0000] "GET /images/schools/dcakaratedomap.jpg HTTP/1.1" 304 - "http://wadokikai.org/" "Mozilla/5.0 (Windows NT 10.0; Win64; x64) AppleWebKit/537.36 (KHTML, like Gecko) Chrome/109.0.0.0 Safari/537.36"
::ffff:73.162.163.15 - - [13/Feb/2023:21:59:51 +0000] "GET /images/schools/harborbaykaratedomap.jpg HTTP/1.1" 304 - "http://wadokikai.org/" "Mozilla/5.0 (Windows NT 10.0; Win64; x64) AppleWebKit/537.36 (KHTML, like Gecko) Chrome/109.0.0.0 Safari/537.36"
::ffff:73.162.163.15 - - [13/Feb/2023:21:59:51 +0000] "GET /images/schools/corpuzkaratedomap.jpg HTTP/1.1" 304 - "http://wadokikai.org/" "Mozilla/5.0 (Windows NT 10.0; Win64; x64) AppleWebKit/537.36 (KHTML, like Gecko) Chrome/109.0.0.0 Safari/537.36"
::ffff:73.162.163.15 - - [13/Feb/2023:21:59:51 +0000] "GET /images/schools/marinkaratedomap.jpg HTTP/1.1" 304 - "http://wadokikai.org/" "Mozilla/5.0 (Windows NT 10.0; Win64; x64) AppleWebKit/537.36 (KHTML, like Gecko) Chrome/109.0.0.0 Safari/537.36"
::ffff:73.162.163.15 - - [13/Feb/2023:21:59:51 +0000] "GET /images/schools/nunleykaratedomap.jpg HTTP/1.1" 304 - "http://wadokikai.org/" "Mozilla/5.0 (Windows NT 10.0; Win64; x64) AppleWebKit/537.36 (KHTML, like Gecko) Chrome/109.0.0.0 Safari/537.36"
::ffff:73.162.163.15 - - [13/Feb/2023:21:59:52 +0000] "GET /images/schools/martinezkaratedomap.jpg HTTP/1.1" 304 - "http://wadokikai.org/" "Mozilla/5.0 (Windows NT 10.0; Win64; x64) AppleWebKit/537.36 (KHTML, like Gecko) Chrome/109.0.0.0 Safari/537.36"
::ffff:73.162.163.15 - - [13/Feb/2023:21:59:52 +0000] "GET /images/schools/earhartkaratedomap.jpg HTTP/1.1" 304 - "http://wadokikai.org/" "Mozilla/5.0 (Windows NT 10.0; Win64; x64) AppleWebKit/537.36 (KHTML, like Gecko) Chrome/109.0.0.0 Safari/537.36"
::ffff:73.162.163.15 - - [13/Feb/2023:21:59:52 +0000] "GET /images/schools/manzanitakaratedomap.jpg HTTP/1.1" 304 - "http://wadokikai.org/" "Mozilla/5.0 (Windows NT 10.0; Win64; x64) AppleWebKit/537.36 (KHTML, like Gecko) Chrome/109.0.0.0 Safari/537.36"
::ffff:73.162.163.15 - - [13/Feb/2023:21:59:52 +0000] "GET /images/dragon-trans.png HTTP/1.1" 304 - "http://wadokikai.org/" "Mozilla/5.0 (Windows NT 10.0; Win64; x64) AppleWebKit/537.36 (KHTML, like Gecko) Chrome/109.0.0.0 Safari/537.36"
::ffff:73.162.163.15 - - [13/Feb/2023:21:59:55 +0000] "GET /images/tiger.bmp HTTP/1.1" 304 - "http://wadokikai.org/" "Mozilla/5.0 (Windows NT 10.0; Win64; x64) AppleWebKit/537.36 (KHTML, like Gecko) Chrome/109.0.0.0 Safari/537.36"
::ffff:73.162.163.15 - - [13/Feb/2023:21:59:57 +0000] "GET /css/wadokikai.css HTTP/1.1" 304 - "http://wadokikai.org/resources" "Mozilla/5.0 (Windows NT 10.0; Win64; x64) AppleWebKit/537.36 (KHTML, like Gecko) Chrome/109.0.0.0 Safari/537.36"
::ffff:73.162.163.15 - - [13/Feb/2023:21:59:57 +0000] "GET /images/wkkpatch22_med.png HTTP/1.1" 304 - "http://wadokikai.org/resources" "Mozilla/5.0 (Windows NT 10.0; Win64; x64) AppleWebKit/537.36 (KHTML, like Gecko) Chrome/109.0.0.0 Safari/537.36"
::ffff:73.162.163.15 - - [13/Feb/2023:21:59:57 +0000] "GET /images/JohnArce.jpg HTTP/1.1" 200 13951 "http://wadokikai.org/resources" "Mozilla/5.0 (Windows NT 10.0; Win64; x64) AppleWebKit/537.36 (KHTML, like Gecko) Chrome/109.0.0.0 Safari/537.36"
::ffff:73.162.163.15 - - [13/Feb/2023:21:59:57 +0000] "GET /images/tm.jpg HTTP/1.1" 200 25020 "http://wadokikai.org/resources" "Mozilla/5.0 (Windows NT 10.0; Win64; x64) AppleWebKit/537.36 (KHTML, like Gecko) Chrome/109.0.0.0 Safari/537.36"
::ffff:73.162.163.15 - - [13/Feb/2023:21:59:57 +0000] "GET /images/books/MBS2.jpg HTTP/1.1" 200 15317 "http://wadokikai.org/resources" "Mozilla/5.0 (Windows NT 10.0; Win64; x64) AppleWebKit/537.36 (KHTML, like Gecko) Chrome/109.0.0.0 Safari/537.36"
::ffff:73.162.163.15 - - [13/Feb/2023:21:59:57 +0000] "GET /images/books/karatebook.jpg HTTP/1.1" 200 7644 "http://wadokikai.org/resources" "Mozilla/5.0 (Windows NT 10.0; Win64; x64) AppleWebKit/537.36 (KHTML, like Gecko) Chrome/109.0.0.0 Safari/537.36"
::ffff:73.162.163.15 - - [13/Feb/2023:21:59:57 +0000] "GET /images/books/MBS.gif HTTP/1.1" 200 13195 "http://wadokikai.org/resources" "Mozilla/5.0 (Windows NT 10.0; Win64; x64) AppleWebKit/537.36 (KHTML, like Gecko) Chrome/109.0.0.0 Safari/537.36"
::ffff:73.162.163.15 - - [13/Feb/2023:21:59:57 +0000] "GET /images/books/ZenMeditation.jpg HTTP/1.1" 200 3760 "http://wadokikai.org/resources" "Mozilla/5.0 (Windows NT 10.0; Win64; x64) AppleWebKit/537.36 (KHTML, like Gecko) Chrome/109.0.0.0 Safari/537.36"
::ffff:73.162.163.15 - - [13/Feb/2023:21:59:57 +0000] "GET /resources HTTP/1.1" 200 194907 "http://wadokikai.org/" "Mozilla/5.0 (Windows NT 10.0; Win64; x64) AppleWebKit/537.36 (KHTML, like Gecko) Chrome/109.0.0.0 Safari/537.36"
::ffff:73.162.163.15 - - [13/Feb/2023:21:59:57 +0000] "GET /images/books/KarateDoZen.jpg HTTP/1.1" 200 2677 "http://wadokikai.org/resources" "Mozilla/5.0 (Windows NT 10.0; Win64; x64) AppleWebKit/537.36 (KHTML, like Gecko) Chrome/109.0.0.0 Safari/537.36"
::ffff:73.162.163.15 - - [13/Feb/2023:21:59:57 +0000] "GET /images/books/bookoffiverings.jpg HTTP/1.1" 200 2940 "http://wadokikai.org/resources" "Mozilla/5.0 (Windows NT 10.0; Win64; x64) AppleWebKit/537.36 (KHTML, like Gecko) Chrome/109.0.0.0 Safari/537.36"
::ffff:73.162.163.15 - - [13/Feb/2023:21:59:57 +0000] "GET /images/books/shotokanSecrets.jpg HTTP/1.1" 200 4046 "http://wadokikai.org/resources" "Mozilla/5.0 (Windows NT 10.0; Win64; x64) AppleWebKit/537.36 (KHTML, like Gecko) Chrome/109.0.0.0 Safari/537.36"
::ffff:73.162.163.15 - - [13/Feb/2023:21:59:57 +0000] "GET /images/books/dummies.jpg HTTP/1.1" 200 3631 "http://wadokikai.org/resources" "Mozilla/5.0 (Windows NT 10.0; Win64; x64) AppleWebKit/537.36 (KHTML, like Gecko) Chrome/109.0.0.0 Safari/537.36"
::ffff:73.162.163.15 - - [13/Feb/2023:21:59:57 +0000] "GET /js/common.js HTTP/1.1" 304 - "http://wadokikai.org/resources" "Mozilla/5.0 (Windows NT 10.0; Win64; x64) AppleWebKit/537.36 (KHTML, like Gecko) Chrome/109.0.0.0 Safari/537.36"
::ffff:73.162.163.15 - - [13/Feb/2023:21:59:57 +0000] "GET /images/books/saibook.jpg HTTP/1.1" 200 3043 "http://wadokikai.org/resources" "Mozilla/5.0 (Windows NT 10.0; Win64; x64) AppleWebKit/537.36 (KHTML, like Gecko) Chrome/109.0.0.0 Safari/537.36"
::ffff:73.162.163.15 - - [13/Feb/2023:21:59:57 +0000] "GET /images/books/dojoWisdom.jpg HTTP/1.1" 200 2813 "http://wadokikai.org/resources" "Mozilla/5.0 (Windows NT 10.0; Win64; x64) AppleWebKit/537.36 (KHTML, like Gecko) Chrome/109.0.0.0 Safari/537.36"
::ffff:73.162.163.15 - - [13/Feb/2023:21:59:57 +0000] "GET /images/books/bobook.gif HTTP/1.1" 200 6919 "http://wadokikai.org/resources" "Mozilla/5.0 (Windows NT 10.0; Win64; x64) AppleWebKit/537.36 (KHTML, like Gecko) Chrome/109.0.0.0 Safari/537.36"
::ffff:73.162.163.15 - - [13/Feb/2023:21:59:57 +0000] "GET /images/books/emptyHand.jpg HTTP/1.1" 200 12021 "http://wadokikai.org/resources" "Mozilla/5.0 (Windows NT 10.0; Win64; x64) AppleWebKit/537.36 (KHTML, like Gecko) Chrome/109.0.0.0 Safari/537.36"
::ffff:73.162.163.15 - - [13/Feb/2023:21:59:57 +0000] "GET /images/books/guide20.jpg HTTP/1.1" 200 1934 "http://wadokikai.org/resources" "Mozilla/5.0 (Windows NT 10.0; Win64; x64) AppleWebKit/537.36 (KHTML, like Gecko) Chrome/109.0.0.0 Safari/537.36"
::ffff:73.162.163.15 - - [13/Feb/2023:21:59:57 +0000] "GET /images/books/karatedo.jpg HTTP/1.1" 200 3442 "http://wadokikai.org/resources" "Mozilla/5.0 (Windows NT 10.0; Win64; x64) AppleWebKit/537.36 (KHTML, like Gecko) Chrome/109.0.0.0 Safari/537.36"
::ffff:73.162.163.15 - - [13/Feb/2023:21:59:57 +0000] "GET /images/books/movingzen.jpg HTTP/1.1" 200 3578 "http://wadokikai.org/resources" "Mozilla/5.0 (Windows NT 10.0; Win64; x64) AppleWebKit/537.36 (KHTML, like Gecko) Chrome/109.0.0.0 Safari/537.36"
::ffff:73.162.163.15 - - [13/Feb/2023:21:59:57 +0000] "GET /images/books/karatedojo.jpg HTTP/1.1" 200 3457 "http://wadokikai.org/resources" "Mozilla/5.0 (Windows NT 10.0; Win64; x64) AppleWebKit/537.36 (KHTML, like Gecko) Chrome/109.0.0.0 Safari/537.36"
::ffff:73.162.163.15 - - [13/Feb/2023:21:59:57 +0000] "GET /images/books/grappingmethod.jpg HTTP/1.1" 200 4025 "http://wadokikai.org/resources" "Mozilla/5.0 (Windows NT 10.0; Win64; x64) AppleWebKit/537.36 (KHTML, like Gecko) Chrome/109.0.0.0 Safari/537.36"
::ffff:73.162.163.15 - - [13/Feb/2023:21:59:57 +0000] "GET /images/dragon-trans.png HTTP/1.1" 304 - "http://wadokikai.org/resources" "Mozilla/5.0 (Windows NT 10.0; Win64; x64) AppleWebKit/537.36 (KHTML, like Gecko) Chrome/109.0.0.0 Safari/537.36"
::ffff:73.162.163.15 - - [13/Feb/2023:21:59:57 +0000] "GET /images/books/artofwar.jpg HTTP/1.1" 200 22573 "http://wadokikai.org/resources" "Mozilla/5.0 (Windows NT 10.0; Win64; x64) AppleWebKit/537.36 (KHTML, like Gecko) Chrome/109.0.0.0 Safari/537.36"
::ffff:73.162.163.15 - - [13/Feb/2023:22:00:01 +0000] "GET /images/tiger.bmp HTTP/1.1" 304 - "http://wadokikai.org/resources" "Mozilla/5.0 (Windows NT 10.0; Win64; x64) AppleWebKit/537.36 (KHTML, like Gecko) Chrome/109.0.0.0 Safari/537.36"
::ffff:73.162.163.15 - - [13/Feb/2023:22:00:03 +0000] "GET /images/dragon-trans.png HTTP/1.1" 304 - "http://wadokikai.org/" "Mozilla/5.0 (Windows NT 10.0; Win64; x64) AppleWebKit/537.36 (KHTML, like Gecko) Chrome/109.0.0.0 Safari/537.36"
::ffff:73.162.163.15 - - [13/Feb/2023:22:00:18 +0000] "GET /images/favicon.ico HTTP/1.1" 304 - "http://wadokikai.org/resources" "Mozilla/5.0 (Windows NT 10.0; Win64; x64) AppleWebKit/537.36 (KHTML, like Gecko) Chrome/109.0.0.0 Safari/537.36"
::ffff:47.136.194.102 - - [13/Feb/2023:22:00:32 +0000] "GET /images/tiger.bmp HTTP/1.1" 304 - "http://wadokikai.org/resources" "Mozilla/5.0 (Macintosh; Intel Mac OS X 10_15_6) AppleWebKit/605.1.15 (KHTML, like Gecko) Version/15.6,2 Safari/605.1.15"
::ffff:47.136.194.102 - - [13/Feb/2023:22:00:50 +0000] "GET /images/tiger.bmp HTTP/1.1" 304 - "http://wadokikai.org/resources" "Mozilla/5.0 (Macintosh; Intel Mac OS X 10_15_6) AppleWebKit/605.1.15 (KHTML, like Gecko) Version/15.6,2 Safari/605.1.15"
::ffff:73.162.163.15 - - [13/Feb/2023:22:01:03 +0000] "GET /images/tiger.bmp HTTP/1.1" 304 - "http://wadokikai.org/" "Mozilla/5.0 (Windows NT 10.0; Win64; x64) AppleWebKit/537.36 (KHTML, like Gecko) Chrome/109.0.0.0 Safari/537.36"
::ffff:99.92.93.12 - - [13/Feb/2023:22:01:26 +0000] "GET /images/dragon-trans.png HTTP/1.1" 304 - "http://wadokikai.org/resources" "Mozilla/5.0 (Macintosh; Intel Mac OS X 10_15_7) AppleWebKit/605.1.15 (KHTML, like Gecko) Version/15.6.1 Safari/605.1.15"
::ffff:73.162.163.15 - - [13/Feb/2023:22:02:03 +0000] "GET /images/wadokikai%20kanji.jpg HTTP/1.1" 304 - "http://wadokikai.org/" "Mozilla/5.0 (Windows NT 10.0; Win64; x64) AppleWebKit/537.36 (KHTML, like Gecko) Chrome/109.0.0.0 Safari/537.36"
::ffff:73.162.163.15 - - [13/Feb/2023:22:05:03 +0000] "GET /images/wadokikai%20kanji.jpg HTTP/1.1" 304 - "http://wadokikai.org/" "Mozilla/5.0 (Windows NT 10.0; Win64; x64) AppleWebKit/537.36 (KHTML, like Gecko) Chrome/109.0.0.0 Safari/537.36"
::ffff:47.136.194.102 - - [13/Feb/2023:22:05:30 +0000] "GET /images/tiger.bmp HTTP/1.1" 304 - "http://wadokikai.org/resources" "Mozilla/5.0 (Macintosh; Intel Mac OS X 10_15_6) AppleWebKit/605.1.15 (KHTML, like Gecko) Version/15.6,2 Safari/605.1.15"
::ffff:99.92.93.12 - - [13/Feb/2023:22:06:53 +0000] "GET /images/dragon-trans.png HTTP/1.1" 304 - "http://wadokikai.org/resources" "Mozilla/5.0 (Macintosh; Intel Mac OS X 10_15_7) AppleWebKit/605.1.15 (KHTML, like Gecko) Version/15.6.1 Safari/605.1.15"
::ffff:73.162.163.15 - - [13/Feb/2023:22:14:26 +0000] "GET /images/tiger.bmp HTTP/1.1" 304 - "http://wadokikai.org/resources" "Mozilla/5.0 (Windows NT 10.0; Win64; x64) AppleWebKit/537.36 (KHTML, like Gecko) Chrome/109.0.0.0 Safari/537.36"
::ffff:73.162.163.15 - - [13/Feb/2023:22:16:03 +0000] "GET /images/tiger.bmp HTTP/1.1" 304 - "http://wadokikai.org/" "Mozilla/5.0 (Windows NT 10.0; Win64; x64) AppleWebKit/537.36 (KHTML, like Gecko) Chrome/109.0.0.0 Safari/537.36"
::ffff:95.214.235.205 - - [13/Feb/2023:22:25:32 +0000] "GET /.env HTTP/1.1" 404 143 "-" "Mozilla/5.0 (X11; Linux x86_64) AppleWebKit/537.36 (KHTML, like Gecko) Chrome/81.0.4044.129 Safari/537.36"
::ffff:95.214.235.205 - - [13/Feb/2023:22:25:33 +0000] "POST / HTTP/1.1" 404 140 "-" "Mozilla/5.0 (X11; Linux x86_64) AppleWebKit/537.36 (KHTML, like Gecko) Chrome/81.0.4044.129 Safari/537.36"
::ffff:54.246.252.212 - - [13/Feb/2023:22:33:48 +0000] "GET /robots.txt HTTP/1.1" 404 149 "-" "webprosbot/2.0 (+mailto:abuse-6337@webpros.com)"
::ffff:54.246.252.212 - - [13/Feb/2023:22:33:49 +0000] "GET / HTTP/1.1" 200 57378 "-" "webprosbot/2.0 (+mailto:abuse-6337@webpros.com)"
::ffff:185.191.171.26 - - [13/Feb/2023:22:33:59 +0000] "GET /robots.txt HTTP/1.1" 404 149 "-" "Mozilla/5.0 (compatible; SemrushBot/7~bl; +http://www.semrush.com/bot.html)"
::ffff:185.191.171.25 - - [13/Feb/2023:22:34:00 +0000] "GET /resources HTTP/1.1" 200 194907 "-" "Mozilla/5.0 (compatible; SemrushBot/7~bl; +http://www.semrush.com/bot.html)"
::ffff:114.119.148.56 - - [13/Feb/2023:22:34:58 +0000] "GET /robots.txt HTTP/1.1" 404 149 "-" "Mozilla/5.0 (compatible;PetalBot;+https://webmaster.petalsearch.com/site/petalbot)"
::ffff:51.222.253.10 - - [13/Feb/2023:22:57:26 +0000] "GET /contact?s=1&ss=6 HTTP/1.1" 200 9997 "-" "Mozilla/5.0 (compatible; AhrefsBot/7.0; +http://ahrefs.com/robot/)"
::ffff:73.162.163.15 - - [13/Feb/2023:22:59:03 +0000] "GET /images/wadokikai%20kanji.jpg HTTP/1.1" 304 - "http://wadokikai.org/" "Mozilla/5.0 (Windows NT 10.0; Win64; x64) AppleWebKit/537.36 (KHTML, like Gecko) Chrome/109.0.0.0 Safari/537.36"
::ffff:20.165.130.216 - - [13/Feb/2023:23:08:39 +0000] "GET /.env HTTP/1.1" 404 143 "-" "Mozilla/5.0 (X11; Linux x86_64) AppleWebKit/537.36 (KHTML, like Gecko) Chrome/81.0.4044.129 Safari/537.36"
::ffff:20.165.130.216 - - [13/Feb/2023:23:08:40 +0000] "POST / HTTP/1.1" 404 140 "-" "Mozilla/5.0 (X11; Linux x86_64) AppleWebKit/537.36 (KHTML, like Gecko) Chrome/81.0.4044.129 Safari/537.36"
::ffff:40.77.167.242 - - [13/Feb/2023:23:24:40 +0000] "GET / HTTP/1.1" 200 57378 "-" "Mozilla/5.0 AppleWebKit/537.36 (KHTML, like Gecko; compatible; bingbot/2.0; +http://www.bing.com/bingbot.htm) Chrome/103.0.5060.134 Safari/537.36"
::ffff:5.188.62.76 - - [13/Feb/2023:23:26:34 +0000] "GET / HTTP/1.1" 200 57378 "-" "Mozilla/5.0 (Windows NT 10.0; Win64; x64) AppleWebKit/537.36 (KHTML, like Gecko) Chrome/101.0.4951.67 Safari/537.36"
::ffff:23.93.98.61 - - [13/Feb/2023:23:47:50 +0000] "GET / HTTP/1.1" 200 57378 "https://www.google.com/" "Mozilla/5.0 (Macintosh; Intel Mac OS X 10.15; rv:109.0) Gecko/20100101 Firefox/109.0"
::ffff:23.93.98.61 - - [13/Feb/2023:23:47:50 +0000] "GET /js/common.js HTTP/1.1" 200 2255 "http://wadokikai.org/" "Mozilla/5.0 (Macintosh; Intel Mac OS X 10.15; rv:109.0) Gecko/20100101 Firefox/109.0"
::ffff:23.93.98.61 - - [13/Feb/2023:23:47:50 +0000] "GET /css/wadokikai.css HTTP/1.1" 200 4337 "http://wadokikai.org/" "Mozilla/5.0 (Macintosh; Intel Mac OS X 10.15; rv:109.0) Gecko/20100101 Firefox/109.0"
::ffff:23.93.98.61 - - [13/Feb/2023:23:47:50 +0000] "GET /images/schools/nunleykaratedomap.jpg HTTP/1.1" 200 42667 "http://wadokikai.org/" "Mozilla/5.0 (Macintosh; Intel Mac OS X 10.15; rv:109.0) Gecko/20100101 Firefox/109.0"
::ffff:23.93.98.61 - - [13/Feb/2023:23:47:50 +0000] "GET /images/schools/alamedakaratedomap.jpg HTTP/1.1" 200 38311 "http://wadokikai.org/" "Mozilla/5.0 (Macintosh; Intel Mac OS X 10.15; rv:109.0) Gecko/20100101 Firefox/109.0"
::ffff:23.93.98.61 - - [13/Feb/2023:23:47:50 +0000] "GET /images/schools/earhartkaratedomap.jpg HTTP/1.1" 200 41366 "http://wadokikai.org/" "Mozilla/5.0 (Macintosh; Intel Mac OS X 10.15; rv:109.0) Gecko/20100101 Firefox/109.0"
::ffff:23.93.98.61 - - [13/Feb/2023:23:47:50 +0000] "GET /images/schools/martinezkaratedomap.jpg HTTP/1.1" 200 37724 "http://wadokikai.org/" "Mozilla/5.0 (Macintosh; Intel Mac OS X 10.15; rv:109.0) Gecko/20100101 Firefox/109.0"
::ffff:23.93.98.61 - - [13/Feb/2023:23:47:50 +0000] "GET /images/schools/dcakaratedomap.jpg HTTP/1.1" 200 35262 "http://wadokikai.org/" "Mozilla/5.0 (Macintosh; Intel Mac OS X 10.15; rv:109.0) Gecko/20100101 Firefox/109.0"
::ffff:23.93.98.61 - - [13/Feb/2023:23:47:50 +0000] "GET /images/schools/manzanitakaratedomap.jpg HTTP/1.1" 200 55402 "http://wadokikai.org/" "Mozilla/5.0 (Macintosh; Intel Mac OS X 10.15; rv:109.0) Gecko/20100101 Firefox/109.0"
