::ffff:135.125.246.189 - - [15/Mar/2023:00:04:33 +0000] "GET /.env HTTP/1.1" 404 143 "-" "Mozilla/5.0 (X11; Linux x86_64) AppleWebKit/537.36 (KHTML, like Gecko) Chrome/81.0.4044.129 Safari/537.36"
::ffff:135.125.246.189 - - [15/Mar/2023:00:04:34 +0000] "POST / HTTP/1.1" 404 140 "-" "Mozilla/5.0 (X11; Linux x86_64) AppleWebKit/537.36 (KHTML, like Gecko) Chrome/81.0.4044.129 Safari/537.36"
::ffff:91.193.7.26 - - [15/Mar/2023:00:05:23 +0000] "POST / HTTP/1.1" 404 140 "-" "Mozilla/5.0 zgrab/0.x"
::ffff:40.77.167.250 - - [15/Mar/2023:00:22:50 +0000] "GET / HTTP/1.1" 200 57378 "-" "Mozilla/5.0 AppleWebKit/537.36 (KHTML, like Gecko; compatible; bingbot/2.0; +http://www.bing.com/bingbot.htm) Chrome/103.0.5060.134 Safari/537.36"
::ffff:45.79.226.211 - - [15/Mar/2023:00:41:44 +0000] "GET /.git/config HTTP/1.1" 404 150 "-" "Mozilla/5.0 (X11; Linux x86_64) AppleWebKit/537.36 (KHTML, like Gecko) Chrome/81.0.4044.129 Safari/537.36"
::ffff:45.79.226.211 - - [15/Mar/2023:00:41:44 +0000] "GET /.git/config HTTP/1.1" 404 150 "-" "Mozilla/5.0 (X11; Linux x86_64) AppleWebKit/537.36 (KHTML, like Gecko) Chrome/81.0.4044.129 Safari/537.36"
::ffff:68.224.72.205 - - [15/Mar/2023:00:50:17 +0000] "GET / HTTP/1.1" 304 - "-" "Mozilla/5.0 (Windows NT 10.0; Win64; x64) AppleWebKit/537.36 (KHTML, like Gecko) Chrome/111.0.0.0 Safari/537.36"
::ffff:68.224.72.205 - - [15/Mar/2023:00:50:18 +0000] "GET /css/wadokikai.css HTTP/1.1" 304 - "http://wadokikai.org/" "Mozilla/5.0 (Windows NT 10.0; Win64; x64) AppleWebKit/537.36 (KHTML, like Gecko) Chrome/111.0.0.0 Safari/537.36"
::ffff:68.224.72.205 - - [15/Mar/2023:00:50:18 +0000] "GET /js/common.js HTTP/1.1" 304 - "http://wadokikai.org/" "Mozilla/5.0 (Windows NT 10.0; Win64; x64) AppleWebKit/537.36 (KHTML, like Gecko) Chrome/111.0.0.0 Safari/537.36"
::ffff:68.224.72.205 - - [15/Mar/2023:00:50:18 +0000] "GET /images/wkkpatch22_med.png HTTP/1.1" 304 - "http://wadokikai.org/" "Mozilla/5.0 (Windows NT 10.0; Win64; x64) AppleWebKit/537.36 (KHTML, like Gecko) Chrome/111.0.0.0 Safari/537.36"
::ffff:68.224.72.205 - - [15/Mar/2023:00:50:18 +0000] "GET /images/schools/orindakaratedomap.jpg HTTP/1.1" 304 - "http://wadokikai.org/" "Mozilla/5.0 (Windows NT 10.0; Win64; x64) AppleWebKit/537.36 (KHTML, like Gecko) Chrome/111.0.0.0 Safari/537.36"
::ffff:68.224.72.205 - - [15/Mar/2023:00:50:18 +0000] "GET /images/schools/alamedakaratedomap.jpg HTTP/1.1" 304 - "http://wadokikai.org/" "Mozilla/5.0 (Windows NT 10.0; Win64; x64) AppleWebKit/537.36 (KHTML, like Gecko) Chrome/111.0.0.0 Safari/537.36"
::ffff:68.224.72.205 - - [15/Mar/2023:00:50:18 +0000] "GET /images/schools/dcakaratedomap.jpg HTTP/1.1" 304 - "http://wadokikai.org/" "Mozilla/5.0 (Windows NT 10.0; Win64; x64) AppleWebKit/537.36 (KHTML, like Gecko) Chrome/111.0.0.0 Safari/537.36"
::ffff:68.224.72.205 - - [15/Mar/2023:00:50:18 +0000] "GET /images/schools/corpuzkaratedomap.jpg HTTP/1.1" 304 - "http://wadokikai.org/" "Mozilla/5.0 (Windows NT 10.0; Win64; x64) AppleWebKit/537.36 (KHTML, like Gecko) Chrome/111.0.0.0 Safari/537.36"
::ffff:68.224.72.205 - - [15/Mar/2023:00:50:18 +0000] "GET /images/schools/harborbaykaratedomap.jpg HTTP/1.1" 304 - "http://wadokikai.org/" "Mozilla/5.0 (Windows NT 10.0; Win64; x64) AppleWebKit/537.36 (KHTML, like Gecko) Chrome/111.0.0.0 Safari/537.36"
::ffff:68.224.72.205 - - [15/Mar/2023:00:50:18 +0000] "GET /images/schools/nunleykaratedomap.jpg HTTP/1.1" 304 - "http://wadokikai.org/" "Mozilla/5.0 (Windows NT 10.0; Win64; x64) AppleWebKit/537.36 (KHTML, like Gecko) Chrome/111.0.0.0 Safari/537.36"
::ffff:68.224.72.205 - - [15/Mar/2023:00:50:18 +0000] "GET /images/schools/earhartkaratedomap.jpg HTTP/1.1" 304 - "http://wadokikai.org/" "Mozilla/5.0 (Windows NT 10.0; Win64; x64) AppleWebKit/537.36 (KHTML, like Gecko) Chrome/111.0.0.0 Safari/537.36"
::ffff:68.224.72.205 - - [15/Mar/2023:00:50:18 +0000] "GET /images/dragon-trans.png HTTP/1.1" 304 - "http://wadokikai.org/" "Mozilla/5.0 (Windows NT 10.0; Win64; x64) AppleWebKit/537.36 (KHTML, like Gecko) Chrome/111.0.0.0 Safari/537.36"
::ffff:68.224.72.205 - - [15/Mar/2023:00:50:18 +0000] "GET /images/schools/marinkaratedomap.jpg HTTP/1.1" 304 - "http://wadokikai.org/" "Mozilla/5.0 (Windows NT 10.0; Win64; x64) AppleWebKit/537.36 (KHTML, like Gecko) Chrome/111.0.0.0 Safari/537.36"
::ffff:68.224.72.205 - - [15/Mar/2023:00:50:18 +0000] "GET /images/schools/manzanitakaratedomap.jpg HTTP/1.1" 304 - "http://wadokikai.org/" "Mozilla/5.0 (Windows NT 10.0; Win64; x64) AppleWebKit/537.36 (KHTML, like Gecko) Chrome/111.0.0.0 Safari/537.36"
::ffff:68.224.72.205 - - [15/Mar/2023:00:50:18 +0000] "GET /images/schools/martinezkaratedomap.jpg HTTP/1.1" 304 - "http://wadokikai.org/" "Mozilla/5.0 (Windows NT 10.0; Win64; x64) AppleWebKit/537.36 (KHTML, like Gecko) Chrome/111.0.0.0 Safari/537.36"
::ffff:68.224.72.205 - - [15/Mar/2023:00:50:21 +0000] "GET /events HTTP/1.1" 200 5867 "http://wadokikai.org/" "Mozilla/5.0 (Windows NT 10.0; Win64; x64) AppleWebKit/537.36 (KHTML, like Gecko) Chrome/111.0.0.0 Safari/537.36"
::ffff:68.224.72.205 - - [15/Mar/2023:00:50:21 +0000] "GET /css/wadokikai.css HTTP/1.1" 304 - "http://wadokikai.org/events" "Mozilla/5.0 (Windows NT 10.0; Win64; x64) AppleWebKit/537.36 (KHTML, like Gecko) Chrome/111.0.0.0 Safari/537.36"
::ffff:68.224.72.205 - - [15/Mar/2023:00:50:21 +0000] "GET /images/wkkpatch22_med.png HTTP/1.1" 304 - "http://wadokikai.org/events" "Mozilla/5.0 (Windows NT 10.0; Win64; x64) AppleWebKit/537.36 (KHTML, like Gecko) Chrome/111.0.0.0 Safari/537.36"
::ffff:68.224.72.205 - - [15/Mar/2023:00:50:21 +0000] "GET /js/common.js HTTP/1.1" 304 - "http://wadokikai.org/events" "Mozilla/5.0 (Windows NT 10.0; Win64; x64) AppleWebKit/537.36 (KHTML, like Gecko) Chrome/111.0.0.0 Safari/537.36"
::ffff:68.224.72.205 - - [15/Mar/2023:00:50:23 +0000] "GET /images/tiger.bmp HTTP/1.1" 304 - "http://wadokikai.org/" "Mozilla/5.0 (Windows NT 10.0; Win64; x64) AppleWebKit/537.36 (KHTML, like Gecko) Chrome/111.0.0.0 Safari/537.36"
::ffff:68.224.72.205 - - [15/Mar/2023:00:50:27 +0000] "GET /images/wadokikai%20kanji.jpg HTTP/1.1" 304 - "http://wadokikai.org/" "Mozilla/5.0 (Windows NT 10.0; Win64; x64) AppleWebKit/537.36 (KHTML, like Gecko) Chrome/111.0.0.0 Safari/537.36"
::ffff:68.224.72.205 - - [15/Mar/2023:00:50:53 +0000] "GET /images/dragon-trans.png HTTP/1.1" 304 - "http://wadokikai.org/" "Mozilla/5.0 (Windows NT 10.0; Win64; x64) AppleWebKit/537.36 (KHTML, like Gecko) Chrome/111.0.0.0 Safari/537.36"
::ffff:68.224.72.205 - - [15/Mar/2023:00:50:57 +0000] "GET /images/tiger.bmp HTTP/1.1" 304 - "http://wadokikai.org/" "Mozilla/5.0 (Windows NT 10.0; Win64; x64) AppleWebKit/537.36 (KHTML, like Gecko) Chrome/111.0.0.0 Safari/537.36"
::ffff:185.254.196.173 - - [15/Mar/2023:01:10:22 +0000] "GET /.env HTTP/1.1" 404 143 "-" "Mozilla/5.0 (X11; Linux x86_64) AppleWebKit/537.36 (KHTML, like Gecko) Chrome/81.0.4044.129 Safari/537.36"
::ffff:185.254.196.173 - - [15/Mar/2023:01:10:25 +0000] "POST / HTTP/1.1" 404 140 "-" "Mozilla/5.0 (X11; Linux x86_64) AppleWebKit/537.36 (KHTML, like Gecko) Chrome/81.0.4044.129 Safari/537.36"
::ffff:66.249.79.182 - - [15/Mar/2023:01:10:31 +0000] "GET /ads.txt HTTP/1.1" 404 146 "-" "Mozilla/5.0 (compatible; Googlebot/2.1; +http://www.google.com/bot.html)"
::ffff:43.155.118.219 - - [15/Mar/2023:01:13:56 +0000] "HEAD /Core/Skin/Login.aspx HTTP/1.1" 404 160 "-" "Mozilla/5.0 (Windows NT 10.0; Win64; x64) AppleWebKit/537.36 (KHTML, like Gecko) Chrome/106.0.0.0 Safari/537.36"
::ffff:114.119.145.93 - - [15/Mar/2023:01:21:28 +0000] "GET /robots.txt HTTP/1.1" 404 149 "-" "Mozilla/5.0 (compatible;PetalBot;+https://webmaster.petalsearch.com/site/petalbot)"
::ffff:198.235.24.28 - - [15/Mar/2023:01:26:22 +0000] "GET / HTTP/1.1" 200 57378 "-" "Expanse, a Palo Alto Networks company, searches across the global IPv4 space multiple times per day to identify customers&#39; presences on the Internet. If you would like to be excluded from our scans, please send IP addresses/domains to: scaninfo@paloaltonetworks.com"
::ffff:175.178.87.223 - - [15/Mar/2023:01:32:47 +0000] "GET /xmlrpc.php HTTP/1.1" 404 149 "-" "Mozilla/5.0 (Windows NT 6.1; WOW64; rv:45.0) Gecko/20100101 Firefox/45.0"
::ffff:207.46.13.219 - - [15/Mar/2023:01:32:54 +0000] "GET / HTTP/1.1" 200 57378 "-" "Mozilla/5.0 AppleWebKit/537.36 (KHTML, like Gecko; compatible; bingbot/2.0; +http://www.bing.com/bingbot.htm) Chrome/103.0.5060.134 Safari/537.36"
::ffff:135.125.218.67 - - [15/Mar/2023:01:36:54 +0000] "GET /.env HTTP/1.1" 404 143 "-" "Mozilla/5.0 (X11; Linux x86_64) AppleWebKit/537.36 (KHTML, like Gecko) Chrome/81.0.4044.129 Safari/537.36"
::ffff:135.125.218.67 - - [15/Mar/2023:01:36:55 +0000] "POST / HTTP/1.1" 404 140 "-" "Mozilla/5.0 (X11; Linux x86_64) AppleWebKit/537.36 (KHTML, like Gecko) Chrome/81.0.4044.129 Safari/537.36"
::ffff:135.125.246.189 - - [15/Mar/2023:01:41:38 +0000] "GET /.env HTTP/1.1" 404 143 "-" "Mozilla/5.0 (X11; Linux x86_64) AppleWebKit/537.36 (KHTML, like Gecko) Chrome/81.0.4044.129 Safari/537.36"
::ffff:135.125.246.189 - - [15/Mar/2023:01:41:38 +0000] "POST / HTTP/1.1" 404 140 "-" "Mozilla/5.0 (X11; Linux x86_64) AppleWebKit/537.36 (KHTML, like Gecko) Chrome/81.0.4044.129 Safari/537.36"
::ffff:54.162.246.31 - - [15/Mar/2023:01:47:04 +0000] "GET / HTTP/1.1" 200 57378 "-" "Mozilla/5.0 (Macintosh; Intel Mac OS X 10_10_0) AppleWebKit/537.36 (KHTML, like Gecko) Chrome/39.0.2171.95 Safari/537.36"
::ffff:45.134.140.161 - - [15/Mar/2023:01:54:44 +0000] "GET /apis/apps/v1/namespaces/kube-system/daemonsets HTTP/1.1" 404 185 "-" "Mozilla/5.0 (X11; Linux x86_64) AppleWebKit/537.36 (KHTML, like Gecko) Chrome/107.0.0.0 Safari/537.36"
::ffff:66.249.79.191 - - [15/Mar/2023:02:10:31 +0000] "GET /ads.txt HTTP/1.1" 404 146 "-" "Mozilla/5.0 (compatible; Googlebot/2.1; +http://www.google.com/bot.html)"
::ffff:66.249.68.32 - - [15/Mar/2023:02:10:32 +0000] "GET /ads.txt HTTP/1.1" 404 146 "-" "Mozilla/5.0 (compatible; Googlebot/2.1; +http://www.google.com/bot.html)"
::ffff:109.206.243.235 - - [15/Mar/2023:02:13:54 +0000] "GET /.env HTTP/1.1" 404 143 "-" "Mozilla/5.0 (Linux; U; Android 4.4.2; en-US; HM NOTE 1W Build/KOT49H) AppleWebKit/534.30 (KHTML, like Gecko) Version/4.0 UCBrowser/11.0.5.850 U3/0.8.0 Mobile Safari/534.30"
::ffff:109.206.243.235 - - [15/Mar/2023:02:13:54 +0000] "POST / HTTP/1.1" 404 140 "-" "Mozilla/5.0 (Linux; U; Android 4.4.2; en-US; HM NOTE 1W Build/KOT49H) AppleWebKit/534.30 (KHTML, like Gecko) Version/4.0 UCBrowser/11.0.5.850 U3/0.8.0 Mobile Safari/534.30"
::ffff:205.210.31.132 - - [15/Mar/2023:02:19:20 +0000] "GET / HTTP/1.0" 200 57378 "-" "Expanse, a Palo Alto Networks company, searches across the global IPv4 space multiple times per day to identify customers&#39; presences on the Internet. If you would like to be excluded from our scans, please send IP addresses/domains to: scaninfo@paloaltonetworks.com"
::ffff:43.155.118.219 - - [15/Mar/2023:02:34:21 +0000] "HEAD /Core/Skin/Login.aspx HTTP/1.1" 404 160 "-" "Mozilla/5.0 (Windows NT 10.0; Win64; x64) AppleWebKit/537.36 (KHTML, like Gecko) Chrome/106.0.0.0 Safari/537.36"
::ffff:66.220.149.21 - - [15/Mar/2023:02:37:05 +0000] "GET /sdinforeg.php HTTP/1.1" 404 152 "-" "facebookexternalhit/1.1 (+http://www.facebook.com/externalhit_uatext.php)"
::ffff:173.252.83.17 - - [15/Mar/2023:02:37:07 +0000] "GET /images/karatebook.jpg HTTP/1.1" 404 160 "-" "facebookexternalhit/1.1 (+http://www.facebook.com/externalhit_uatext.php)"
::ffff:66.220.149.19 - - [15/Mar/2023:02:37:14 +0000] "GET /images/karatebook.jpg HTTP/1.1" 404 160 "-" "facebookexternalhit/1.1 (+http://www.facebook.com/externalhit_uatext.php)"
::ffff:66.249.68.36 - - [15/Mar/2023:02:40:32 +0000] "GET /robots.txt HTTP/1.1" 404 149 "-" "Mozilla/5.0 (compatible; Googlebot/2.1; +http://www.google.com/bot.html)"
::ffff:66.249.68.33 - - [15/Mar/2023:02:40:32 +0000] "GET /ads.txt HTTP/1.1" 404 146 "-" "Mozilla/5.0 (compatible; Googlebot/2.1; +http://www.google.com/bot.html)"
::ffff:185.254.196.173 - - [15/Mar/2023:02:41:04 +0000] "GET /.env HTTP/1.1" 404 143 "-" "Mozilla/5.0 (X11; Linux x86_64) AppleWebKit/537.36 (KHTML, like Gecko) Chrome/81.0.4044.129 Safari/537.36"
::ffff:185.254.196.173 - - [15/Mar/2023:02:41:05 +0000] "POST / HTTP/1.1" 404 140 "-" "Mozilla/5.0 (X11; Linux x86_64) AppleWebKit/537.36 (KHTML, like Gecko) Chrome/81.0.4044.129 Safari/537.36"
::ffff:135.125.218.67 - - [15/Mar/2023:02:47:11 +0000] "GET /.env HTTP/1.1" 404 143 "-" "Mozilla/5.0 (X11; Linux x86_64) AppleWebKit/537.36 (KHTML, like Gecko) Chrome/81.0.4044.129 Safari/537.36"
::ffff:135.125.218.67 - - [15/Mar/2023:02:47:12 +0000] "POST / HTTP/1.1" 404 140 "-" "Mozilla/5.0 (X11; Linux x86_64) AppleWebKit/537.36 (KHTML, like Gecko) Chrome/81.0.4044.129 Safari/537.36"
::ffff:135.125.246.189 - - [15/Mar/2023:02:49:08 +0000] "GET /.env HTTP/1.1" 404 143 "-" "Mozilla/5.0 (X11; Linux x86_64) AppleWebKit/537.36 (KHTML, like Gecko) Chrome/81.0.4044.129 Safari/537.36"
::ffff:135.125.246.189 - - [15/Mar/2023:02:49:09 +0000] "POST / HTTP/1.1" 404 140 "-" "Mozilla/5.0 (X11; Linux x86_64) AppleWebKit/537.36 (KHTML, like Gecko) Chrome/81.0.4044.129 Safari/537.36"
::ffff:114.119.154.87 - - [15/Mar/2023:02:58:41 +0000] "GET /robots.txt HTTP/1.1" 404 149 "-" "Mozilla/5.0 (compatible;PetalBot;+https://webmaster.petalsearch.com/site/petalbot)"
::ffff:185.191.171.16 - - [15/Mar/2023:02:59:32 +0000] "GET /robots.txt HTTP/1.1" 404 149 "-" "Mozilla/5.0 (compatible; SemrushBot/7~bl; +http://www.semrush.com/bot.html)"
::ffff:185.191.171.13 - - [15/Mar/2023:02:59:36 +0000] "GET /contact?s=1&ss=11 HTTP/1.1" 200 9997 "-" "Mozilla/5.0 (compatible; SemrushBot/7~bl; +http://www.semrush.com/bot.html)"
::ffff:103.149.192.95 - - [15/Mar/2023:03:03:49 +0000] "GET / HTTP/1.1" 200 57378 "-" "Mozilla/5.0 (Windows NT 10.0; Win64; x64) AppleWebKit/537.36 (KHTML, like Gecko) Chrome/79.0.3945.130 Safari/537.36"
::ffff:51.222.253.8 - - [15/Mar/2023:03:12:20 +0000] "GET /contact?s=1&ss=6 HTTP/1.1" 200 9997 "-" "Mozilla/5.0 (compatible; AhrefsBot/7.0; +http://ahrefs.com/robot/)"
::ffff:95.108.213.142 - - [15/Mar/2023:03:29:40 +0000] "GET /robots.txt HTTP/1.1" 404 149 "-" "Mozilla/5.0 (compatible; YandexBot/3.0; +http://yandex.com/bots)"
::ffff:95.108.213.134 - - [15/Mar/2023:03:29:40 +0000] "GET /contact?s=1&ss=9 HTTP/1.1" 200 9997 "-" "Mozilla/5.0 (compatible; YandexBot/3.0; +http://yandex.com/bots)"
::ffff:135.125.246.189 - - [15/Mar/2023:03:31:06 +0000] "GET /.env HTTP/1.1" 404 143 "-" "Mozilla/5.0 (X11; Linux x86_64) AppleWebKit/537.36 (KHTML, like Gecko) Chrome/81.0.4044.129 Safari/537.36"
::ffff:135.125.246.189 - - [15/Mar/2023:03:31:06 +0000] "POST / HTTP/1.1" 404 140 "-" "Mozilla/5.0 (X11; Linux x86_64) AppleWebKit/537.36 (KHTML, like Gecko) Chrome/81.0.4044.129 Safari/537.36"
::ffff:195.191.219.132 - - [15/Mar/2023:03:38:41 +0000] "GET /robots.txt HTTP/1.1" 404 149 "-" "Mozilla/5.0 (compatible; MJ12bot/v1.4.8; http://mj12bot.com/)"
::ffff:195.191.219.132 - - [15/Mar/2023:03:38:44 +0000] "GET / HTTP/1.1" 200 57378 "-" "Mozilla/5.0 (compatible; MJ12bot/v1.4.8; http://mj12bot.com/)"
::ffff:43.155.118.219 - - [15/Mar/2023:03:55:21 +0000] "HEAD /Core/Skin/Login.aspx HTTP/1.1" 404 160 "-" "Mozilla/5.0 (Windows NT 10.0; Win64; x64) AppleWebKit/537.36 (KHTML, like Gecko) Chrome/106.0.0.0 Safari/537.36"
::ffff:114.119.140.50 - - [15/Mar/2023:03:55:40 +0000] "GET /joinemail?type=promotions HTTP/1.1" 200 8841 "https://wadokikai.org/events" "Mozilla/5.0 (Linux; Android 7.0;) AppleWebKit/537.36 (KHTML, like Gecko) Mobile Safari/537.36 (compatible; PetalBot;+https://webmaster.petalsearch.com/site/petalbot)"
::ffff:194.169.175.92 - - [15/Mar/2023:04:00:37 +0000] "GET /wp-content/plugins/TOPXOH/OH.php HTTP/1.1" 404 171 "www.google.com" "Mozlila/5.0 (Linux; Android 7.0; SM-G892A Bulid/NRD90M; wv) AppleWebKit/537.36 (KHTML, like Gecko) Version/4.0 Chrome/60.0.3112.107 Moblie Safari/537.36"
::ffff:194.169.175.92 - - [15/Mar/2023:04:00:53 +0000] "GET /wp-content/plugins/w0rdpr3ssnew/wp-login.php HTTP/1.1" 404 183 "www.google.com" "Mozlila/5.0 (Linux; Android 7.0; SM-G892A Bulid/NRD90M; wv) AppleWebKit/537.36 (KHTML, like Gecko) Version/4.0 Chrome/60.0.3112.107 Moblie Safari/537.36"
::ffff:194.169.175.92 - - [15/Mar/2023:04:01:05 +0000] "GET /wp-content/plugins/TOPXOH/wDR.php HTTP/1.1" 404 172 "www.google.com" "Mozlila/5.0 (Linux; Android 7.0; SM-G892A Bulid/NRD90M; wv) AppleWebKit/537.36 (KHTML, like Gecko) Version/4.0 Chrome/60.0.3112.107 Moblie Safari/537.36"
::ffff:194.169.175.92 - - [15/Mar/2023:04:01:25 +0000] "GET /wp-content/updates.php HTTP/1.1" 404 161 "www.google.com" "Mozlila/5.0 (Linux; Android 7.0; SM-G892A Bulid/NRD90M; wv) AppleWebKit/537.36 (KHTML, like Gecko) Version/4.0 Chrome/60.0.3112.107 Moblie Safari/537.36"
::ffff:174.194.199.255 - - [15/Mar/2023:04:19:05 +0000] "GET /resources HTTP/1.1" 200 194907 "-" "Mozilla/5.0 (iPhone; CPU iPhone OS 15_6 like Mac OS X) AppleWebKit/605.1.15 (KHTML, like Gecko) CriOS/107.0.5304.66 Mobile/15E148 Safari/604.1"
::ffff:174.194.199.255 - - [15/Mar/2023:04:19:05 +0000] "GET /images/tm.jpg HTTP/1.1" 200 25020 "http://wadokikai.org/resources" "Mozilla/5.0 (iPhone; CPU iPhone OS 15_6 like Mac OS X) AppleWebKit/605.1.15 (KHTML, like Gecko) CriOS/107.0.5304.66 Mobile/15E148 Safari/604.1"
::ffff:174.194.199.255 - - [15/Mar/2023:04:19:05 +0000] "GET /js/common.js HTTP/1.1" 200 2255 "http://wadokikai.org/resources" "Mozilla/5.0 (iPhone; CPU iPhone OS 15_6 like Mac OS X) AppleWebKit/605.1.15 (KHTML, like Gecko) CriOS/107.0.5304.66 Mobile/15E148 Safari/604.1"
::ffff:174.194.199.255 - - [15/Mar/2023:04:19:05 +0000] "GET /images/books/dummies.jpg HTTP/1.1" 200 3631 "http://wadokikai.org/resources" "Mozilla/5.0 (iPhone; CPU iPhone OS 15_6 like Mac OS X) AppleWebKit/605.1.15 (KHTML, like Gecko) CriOS/107.0.5304.66 Mobile/15E148 Safari/604.1"
::ffff:174.194.199.255 - - [15/Mar/2023:04:19:05 +0000] "GET /images/books/guide20.jpg HTTP/1.1" 200 1934 "http://wadokikai.org/resources" "Mozilla/5.0 (iPhone; CPU iPhone OS 15_6 like Mac OS X) AppleWebKit/605.1.15 (KHTML, like Gecko) CriOS/107.0.5304.66 Mobile/15E148 Safari/604.1"
::ffff:174.194.199.255 - - [15/Mar/2023:04:19:05 +0000] "GET /images/dragon-trans.png HTTP/1.1" 200 85661 "http://wadokikai.org/resources" "Mozilla/5.0 (iPhone; CPU iPhone OS 15_6 like Mac OS X) AppleWebKit/605.1.15 (KHTML, like Gecko) CriOS/107.0.5304.66 Mobile/15E148 Safari/604.1"
::ffff:174.194.199.255 - - [15/Mar/2023:04:19:09 +0000] "GET /images/tiger.bmp HTTP/1.1" 200 311274 "http://wadokikai.org/resources" "Mozilla/5.0 (iPhone; CPU iPhone OS 15_6 like Mac OS X) AppleWebKit/605.1.15 (KHTML, like Gecko) CriOS/107.0.5304.66 Mobile/15E148 Safari/604.1"
::ffff:174.194.199.255 - - [15/Mar/2023:04:19:12 +0000] "GET /images/dragon-trans.png HTTP/1.1" 304 - "http://wadokikai.org/resources" "Mozilla/5.0 (iPhone; CPU iPhone OS 15_6 like Mac OS X) AppleWebKit/605.1.15 (KHTML, like Gecko) CriOS/107.0.5304.66 Mobile/15E148 Safari/604.1"
::ffff:107.170.252.8 - - [15/Mar/2023:04:22:19 +0000] "GET /ecp/Current/exporttool/microsoft.exchange.ediscovery.exporttool.application HTTP/1.1" 404 214 "-" "Mozilla/5.0 zgrab/0.x"
::ffff:14.116.150.68 - - [15/Mar/2023:04:29:52 +0000] "GET / HTTP/1.1" 200 57378 "-" "Mozilla/5.0 (iPhone; CPU iPhone OS 13_2_3 like Mac OS X) AppleWebKit/605.1.15 (KHTML, like Gecko) Version/13.0.3 Mobile/15E148 Safari/604.1"
::ffff:162.243.147.28 - - [15/Mar/2023:04:30:37 +0000] "GET /owa/auth/logon.aspx HTTP/1.1" 404 158 "-" "Mozilla/5.0 zgrab/0.x"
::ffff:107.170.192.16 - - [15/Mar/2023:04:35:37 +0000] "GET /owa/auth/x.js HTTP/1.1" 404 152 "-" "Mozilla/5.0 zgrab/0.x"
::ffff:135.125.218.67 - - [15/Mar/2023:05:03:05 +0000] "GET /.env HTTP/1.1" 404 143 "-" "Mozilla/5.0 (X11; Linux x86_64) AppleWebKit/537.36 (KHTML, like Gecko) Chrome/81.0.4044.129 Safari/537.36"
::ffff:135.125.218.67 - - [15/Mar/2023:05:03:05 +0000] "POST / HTTP/1.1" 404 140 "-" "Mozilla/5.0 (X11; Linux x86_64) AppleWebKit/537.36 (KHTML, like Gecko) Chrome/81.0.4044.129 Safari/537.36"
::ffff:103.84.241.192 - - [15/Mar/2023:05:04:26 +0000] "POST /GponForm/diag_Form?images/ HTTP/1.1" 404 158 "-" "Hello, World"
::ffff:40.77.167.250 - - [15/Mar/2023:05:11:38 +0000] "GET / HTTP/1.1" 200 57378 "-" "Mozilla/5.0 AppleWebKit/537.36 (KHTML, like Gecko; compatible; bingbot/2.0; +http://www.bing.com/bingbot.htm) Chrome/103.0.5060.134 Safari/537.36"
::ffff:193.32.162.159 - - [15/Mar/2023:05:12:10 +0000] "GET / HTTP/1.1" 200 57378 "-" "Mozilla/5.0 (Windows NT 10.0; Win64; x64) AppleWebKit/537.36 (KHTML, like Gecko) Chrome/90.0.4430.85 Safari/537.36 Edg/90.0.818.46"
::ffff:193.32.162.159 - - [15/Mar/2023:05:12:15 +0000] "GET /dispatch.asp HTTP/1.1" 404 151 "-" "Mozilla/5.0 (Windows NT 10.0; Win64; x64) AppleWebKit/537.36 (KHTML, like Gecko) Chrome/90.0.4430.85 Safari/537.36 Edg/90.0.818.46"
::ffff:43.155.118.219 - - [15/Mar/2023:05:17:13 +0000] "HEAD /Core/Skin/Login.aspx HTTP/1.1" 404 160 "-" "Mozilla/5.0 (Windows NT 10.0; Win64; x64) AppleWebKit/537.36 (KHTML, like Gecko) Chrome/106.0.0.0 Safari/537.36"
::ffff:135.125.246.189 - - [15/Mar/2023:05:21:32 +0000] "GET /.env HTTP/1.1" 404 143 "-" "Mozilla/5.0 (X11; Linux x86_64) AppleWebKit/537.36 (KHTML, like Gecko) Chrome/81.0.4044.129 Safari/537.36"
::ffff:135.125.246.189 - - [15/Mar/2023:05:21:32 +0000] "POST / HTTP/1.1" 404 140 "-" "Mozilla/5.0 (X11; Linux x86_64) AppleWebKit/537.36 (KHTML, like Gecko) Chrome/81.0.4044.129 Safari/537.36"
::ffff:178.128.121.148 - - [15/Mar/2023:05:25:52 +0000] "GET / HTTP/1.1" 200 57378 "-" "Mozilla/5.0 (Windows NT 10.0; Win64; x64) AppleWebKit/537.36 (KHTML, like Gecko) Chrome/108.0.0.0 Safari/537.36"
::ffff:178.128.121.148 - - [15/Mar/2023:05:25:52 +0000] "GET /client/get_targets HTTP/1.1" 404 157 "-" "Mozilla/5.0 (Windows NT 10.0; Win64; x64) AppleWebKit/537.36 (KHTML, like Gecko) Chrome/108.0.0.0 Safari/537.36"
::ffff:178.128.121.148 - - [15/Mar/2023:05:25:52 +0000] "GET /upl.php HTTP/1.1" 404 146 "-" "Mozilla/5.0"
::ffff:178.128.121.148 - - [15/Mar/2023:05:25:53 +0000] "GET /t4 HTTP/1.1" 404 141 "-" "Mozilla/5.0"
::ffff:179.43.177.242 - - [15/Mar/2023:05:46:08 +0000] "GET / HTTP/1.1" 200 57378 "-" "Hello World"
::ffff:23.127.166.154 - - [15/Mar/2023:05:59:52 +0000] "GET /css/wadokikai.css HTTP/1.1" 200 4337 "http://wadokikai.org/resources" "Mozilla/5.0 (Windows NT 10.0; Win64; x64) AppleWebKit/537.36 (KHTML, like Gecko) Chrome/110.0.0.0 Safari/537.36"
::ffff:23.127.166.154 - - [15/Mar/2023:05:59:52 +0000] "GET /resources HTTP/1.1" 200 194907 "http://wadokikai.org/" "Mozilla/5.0 (Windows NT 10.0; Win64; x64) AppleWebKit/537.36 (KHTML, like Gecko) Chrome/110.0.0.0 Safari/537.36"
::ffff:23.127.166.154 - - [15/Mar/2023:05:59:52 +0000] "GET /js/common.js HTTP/1.1" 200 2255 "http://wadokikai.org/resources" "Mozilla/5.0 (Windows NT 10.0; Win64; x64) AppleWebKit/537.36 (KHTML, like Gecko) Chrome/110.0.0.0 Safari/537.36"
::ffff:23.127.166.154 - - [15/Mar/2023:05:59:52 +0000] "GET /images/wkkpatch22_med.png HTTP/1.1" 200 32301 "http://wadokikai.org/resources" "Mozilla/5.0 (Windows NT 10.0; Win64; x64) AppleWebKit/537.36 (KHTML, like Gecko) Chrome/110.0.0.0 Safari/537.36"
::ffff:23.127.166.154 - - [15/Mar/2023:05:59:52 +0000] "GET /images/JohnArce.jpg HTTP/1.1" 200 13951 "http://wadokikai.org/resources" "Mozilla/5.0 (Windows NT 10.0; Win64; x64) AppleWebKit/537.36 (KHTML, like Gecko) Chrome/110.0.0.0 Safari/537.36"
::ffff:23.127.166.154 - - [15/Mar/2023:05:59:52 +0000] "GET /images/tm.jpg HTTP/1.1" 200 25020 "http://wadokikai.org/resources" "Mozilla/5.0 (Windows NT 10.0; Win64; x64) AppleWebKit/537.36 (KHTML, like Gecko) Chrome/110.0.0.0 Safari/537.36"
::ffff:23.127.166.154 - - [15/Mar/2023:05:59:52 +0000] "GET /images/books/MBS2.jpg HTTP/1.1" 200 15317 "http://wadokikai.org/resources" "Mozilla/5.0 (Windows NT 10.0; Win64; x64) AppleWebKit/537.36 (KHTML, like Gecko) Chrome/110.0.0.0 Safari/537.36"
::ffff:23.127.166.154 - - [15/Mar/2023:05:59:52 +0000] "GET /images/books/karatebook.jpg HTTP/1.1" 200 7644 "http://wadokikai.org/resources" "Mozilla/5.0 (Windows NT 10.0; Win64; x64) AppleWebKit/537.36 (KHTML, like Gecko) Chrome/110.0.0.0 Safari/537.36"
::ffff:23.127.166.154 - - [15/Mar/2023:05:59:52 +0000] "GET /images/books/MBS.gif HTTP/1.1" 200 13195 "http://wadokikai.org/resources" "Mozilla/5.0 (Windows NT 10.0; Win64; x64) AppleWebKit/537.36 (KHTML, like Gecko) Chrome/110.0.0.0 Safari/537.36"
::ffff:23.127.166.154 - - [15/Mar/2023:05:59:52 +0000] "GET /images/books/ZenMeditation.jpg HTTP/1.1" 200 3760 "http://wadokikai.org/resources" "Mozilla/5.0 (Windows NT 10.0; Win64; x64) AppleWebKit/537.36 (KHTML, like Gecko) Chrome/110.0.0.0 Safari/537.36"
::ffff:23.127.166.154 - - [15/Mar/2023:05:59:52 +0000] "GET /images/books/KarateDoZen.jpg HTTP/1.1" 200 2677 "http://wadokikai.org/resources" "Mozilla/5.0 (Windows NT 10.0; Win64; x64) AppleWebKit/537.36 (KHTML, like Gecko) Chrome/110.0.0.0 Safari/537.36"
::ffff:23.127.166.154 - - [15/Mar/2023:05:59:52 +0000] "GET /images/books/dummies.jpg HTTP/1.1" 200 3631 "http://wadokikai.org/resources" "Mozilla/5.0 (Windows NT 10.0; Win64; x64) AppleWebKit/537.36 (KHTML, like Gecko) Chrome/110.0.0.0 Safari/537.36"
::ffff:23.127.166.154 - - [15/Mar/2023:05:59:52 +0000] "GET /images/books/shotokanSecrets.jpg HTTP/1.1" 200 4046 "http://wadokikai.org/resources" "Mozilla/5.0 (Windows NT 10.0; Win64; x64) AppleWebKit/537.36 (KHTML, like Gecko) Chrome/110.0.0.0 Safari/537.36"
::ffff:23.127.166.154 - - [15/Mar/2023:05:59:52 +0000] "GET /images/books/bookoffiverings.jpg HTTP/1.1" 200 2940 "http://wadokikai.org/resources" "Mozilla/5.0 (Windows NT 10.0; Win64; x64) AppleWebKit/537.36 (KHTML, like Gecko) Chrome/110.0.0.0 Safari/537.36"
::ffff:23.127.166.154 - - [15/Mar/2023:05:59:52 +0000] "GET /images/books/dojoWisdom.jpg HTTP/1.1" 200 2813 "http://wadokikai.org/resources" "Mozilla/5.0 (Windows NT 10.0; Win64; x64) AppleWebKit/537.36 (KHTML, like Gecko) Chrome/110.0.0.0 Safari/537.36"
::ffff:23.127.166.154 - - [15/Mar/2023:05:59:52 +0000] "GET /images/books/saibook.jpg HTTP/1.1" 200 3043 "http://wadokikai.org/resources" "Mozilla/5.0 (Windows NT 10.0; Win64; x64) AppleWebKit/537.36 (KHTML, like Gecko) Chrome/110.0.0.0 Safari/537.36"
::ffff:23.127.166.154 - - [15/Mar/2023:05:59:52 +0000] "GET /images/books/bobook.gif HTTP/1.1" 200 6919 "http://wadokikai.org/resources" "Mozilla/5.0 (Windows NT 10.0; Win64; x64) AppleWebKit/537.36 (KHTML, like Gecko) Chrome/110.0.0.0 Safari/537.36"
::ffff:23.127.166.154 - - [15/Mar/2023:05:59:52 +0000] "GET /images/books/guide20.jpg HTTP/1.1" 200 1934 "http://wadokikai.org/resources" "Mozilla/5.0 (Windows NT 10.0; Win64; x64) AppleWebKit/537.36 (KHTML, like Gecko) Chrome/110.0.0.0 Safari/537.36"
::ffff:23.127.166.154 - - [15/Mar/2023:05:59:52 +0000] "GET /images/books/karatedo.jpg HTTP/1.1" 200 3442 "http://wadokikai.org/resources" "Mozilla/5.0 (Windows NT 10.0; Win64; x64) AppleWebKit/537.36 (KHTML, like Gecko) Chrome/110.0.0.0 Safari/537.36"
::ffff:23.127.166.154 - - [15/Mar/2023:05:59:52 +0000] "GET /images/books/emptyHand.jpg HTTP/1.1" 200 12021 "http://wadokikai.org/resources" "Mozilla/5.0 (Windows NT 10.0; Win64; x64) AppleWebKit/537.36 (KHTML, like Gecko) Chrome/110.0.0.0 Safari/537.36"
::ffff:23.127.166.154 - - [15/Mar/2023:05:59:52 +0000] "GET /images/books/movingzen.jpg HTTP/1.1" 200 3578 "http://wadokikai.org/resources" "Mozilla/5.0 (Windows NT 10.0; Win64; x64) AppleWebKit/537.36 (KHTML, like Gecko) Chrome/110.0.0.0 Safari/537.36"
::ffff:23.127.166.154 - - [15/Mar/2023:05:59:52 +0000] "GET /images/books/karatedojo.jpg HTTP/1.1" 200 3457 "http://wadokikai.org/resources" "Mozilla/5.0 (Windows NT 10.0; Win64; x64) AppleWebKit/537.36 (KHTML, like Gecko) Chrome/110.0.0.0 Safari/537.36"
::ffff:23.127.166.154 - - [15/Mar/2023:05:59:52 +0000] "GET /images/books/grappingmethod.jpg HTTP/1.1" 200 4025 "http://wadokikai.org/resources" "Mozilla/5.0 (Windows NT 10.0; Win64; x64) AppleWebKit/537.36 (KHTML, like Gecko) Chrome/110.0.0.0 Safari/537.36"
::ffff:23.127.166.154 - - [15/Mar/2023:05:59:52 +0000] "GET /images/books/artofwar.jpg HTTP/1.1" 200 22573 "http://wadokikai.org/resources" "Mozilla/5.0 (Windows NT 10.0; Win64; x64) AppleWebKit/537.36 (KHTML, like Gecko) Chrome/110.0.0.0 Safari/537.36"
::ffff:23.127.166.154 - - [15/Mar/2023:05:59:52 +0000] "GET /images/dragon-trans.png HTTP/1.1" 200 85661 "http://wadokikai.org/resources" "Mozilla/5.0 (Windows NT 10.0; Win64; x64) AppleWebKit/537.36 (KHTML, like Gecko) Chrome/110.0.0.0 Safari/537.36"
::ffff:54.175.234.96 - - [15/Mar/2023:06:17:18 +0000] "GET /_profiler/phpinfo HTTP/1.1" 404 156 "-" "Mozilla/5.0 (X11; Linux x86_64) AppleWebKit/537.36 (KHTML, like Gecko) Chrome/81.0.4044.129 Safari/537.36"
::ffff:54.175.234.96 - - [15/Mar/2023:06:17:18 +0000] "GET /yuuki?pp=env HTTP/1.1" 404 144 "-" "Mozilla/5.0 (Windows NT 10.0; Win64; x64) AppleWebKit/537.36 (KHTML, like Gecko) Chrome/94.0.4606.81 Safari/537.36"
::ffff:54.175.234.96 - - [15/Mar/2023:06:17:19 +0000] "GET /.env HTTP/1.1" 404 143 "-" "Mozilla/5.0 (X11; Linux x86_64) AppleWebKit/537.36 (KHTML, like Gecko) Chrome/81.0.4044.129 Safari/537.36"
::ffff:54.175.234.96 - - [15/Mar/2023:06:17:20 +0000] "POST / HTTP/1.1" 404 140 "-" "Mozilla/5.0 (X11; Linux x86_64) AppleWebKit/537.36 (KHTML, like Gecko) Chrome/81.0.4044.129 Safari/537.36"
::ffff:37.139.128.91 - - [15/Mar/2023:06:24:04 +0000] "HEAD / HTTP/1.1" 200 57378 "-" "Mozilla/5.0 (Linux; U; Android 4.4.2; en-US; HM NOTE 1W Build/KOT49H) AppleWebKit/534.30 (KHTML, like Gecko) Version/4.0 UCBrowser/11.0.5.850 U3/0.8.0 Mobile Safari/534.30"
::ffff:37.139.128.91 - - [15/Mar/2023:06:24:04 +0000] "GET /info.php HTTP/1.1" 404 147 "-" "Mozilla/5.0 (Linux; U; Android 4.4.2; en-US; HM NOTE 1W Build/KOT49H) AppleWebKit/534.30 (KHTML, like Gecko) Version/4.0 UCBrowser/11.0.5.850 U3/0.8.0 Mobile Safari/534.30"
::ffff:37.139.128.91 - - [15/Mar/2023:06:24:05 +0000] "GET /phpinfo.php HTTP/1.1" 404 150 "-" "Mozilla/5.0 (Linux; U; Android 4.4.2; en-US; HM NOTE 1W Build/KOT49H) AppleWebKit/534.30 (KHTML, like Gecko) Version/4.0 UCBrowser/11.0.5.850 U3/0.8.0 Mobile Safari/534.30"
::ffff:37.139.128.91 - - [15/Mar/2023:06:24:05 +0000] "GET /_profiler/phpinfo HTTP/1.1" 404 156 "-" "Mozilla/5.0 (Linux; U; Android 4.4.2; en-US; HM NOTE 1W Build/KOT49H) AppleWebKit/534.30 (KHTML, like Gecko) Version/4.0 UCBrowser/11.0.5.850 U3/0.8.0 Mobile Safari/534.30"
::ffff:37.139.128.91 - - [15/Mar/2023:06:24:06 +0000] "GET /debug/default/view?panel=config HTTP/1.1" 404 157 "-" "Mozilla/5.0 (Linux; U; Android 4.4.2; en-US; HM NOTE 1W Build/KOT49H) AppleWebKit/534.30 (KHTML, like Gecko) Version/4.0 UCBrowser/11.0.5.850 U3/0.8.0 Mobile Safari/534.30"
::ffff:51.222.253.16 - - [15/Mar/2023:06:30:24 +0000] "GET /contact?s=1&ss=11 HTTP/1.1" 200 9997 "-" "Mozilla/5.0 (compatible; AhrefsBot/7.0; +http://ahrefs.com/robot/)"
::ffff:185.180.143.81 - - [15/Mar/2023:06:34:09 +0000] "GET / HTTP/1.1" 200 57378 "-" "Mozilla/5.0 (Windows NT 10.0; Win64; x64) AppleWebKit/537.36 (KHTML, like Gecko) Chrome/60.0.3112.113 Safari/537.36"
::ffff:43.155.118.219 - - [15/Mar/2023:06:39:43 +0000] "HEAD /Core/Skin/Login.aspx HTTP/1.1" 404 160 "-" "Mozilla/5.0 (Windows NT 10.0; Win64; x64) AppleWebKit/537.36 (KHTML, like Gecko) Chrome/106.0.0.0 Safari/537.36"
::ffff:135.125.246.189 - - [15/Mar/2023:06:42:36 +0000] "GET /.env HTTP/1.1" 404 143 "-" "Mozilla/5.0 (X11; Linux x86_64) AppleWebKit/537.36 (KHTML, like Gecko) Chrome/81.0.4044.129 Safari/537.36"
::ffff:135.125.246.189 - - [15/Mar/2023:06:42:37 +0000] "POST / HTTP/1.1" 404 140 "-" "Mozilla/5.0 (X11; Linux x86_64) AppleWebKit/537.36 (KHTML, like Gecko) Chrome/81.0.4044.129 Safari/537.36"
::ffff:185.180.143.140 - - [15/Mar/2023:06:50:12 +0000] "GET / HTTP/1.1" 200 57378 "-" "Mozilla/5.0 (Windows NT 10.0; Win64; x64) AppleWebKit/537.36 (KHTML, like Gecko) Chrome/60.0.3112.113 Safari/537.36"
::ffff:35.233.62.116 - - [15/Mar/2023:07:04:21 +0000] "GET / HTTP/1.1" 200 57378 "-" "python-requests/2.28.2"
::ffff:40.77.167.139 - - [15/Mar/2023:07:05:48 +0000] "GET /style.html HTTP/1.1" 404 149 "-" "Mozilla/5.0 AppleWebKit/537.36 (KHTML, like Gecko; compatible; bingbot/2.0; +http://www.bing.com/bingbot.htm) Chrome/103.0.5060.134 Safari/537.36"
::ffff:192.241.232.30 - - [15/Mar/2023:07:09:28 +0000] "GET /owa/auth/logon.aspx?url=https%3a%2f%2f1%2fecp%2f HTTP/1.1" 404 158 "-" "Mozilla/5.0 zgrab/0.x"
::ffff:76.77.185.222 - - [15/Mar/2023:07:14:14 +0000] "GET / HTTP/1.1" 200 57378 "https://www.google.com/" "Mozilla/5.0 (iPhone; CPU iPhone OS 16_3_1 like Mac OS X) AppleWebKit/605.1.15 (KHTML, like Gecko) Version/16.3 Mobile/15E148 Safari/604.1"
::ffff:76.77.185.222 - - [15/Mar/2023:07:14:14 +0000] "GET /css/wadokikai.css HTTP/1.1" 200 4337 "http://wadokikai.org/" "Mozilla/5.0 (iPhone; CPU iPhone OS 16_3_1 like Mac OS X) AppleWebKit/605.1.15 (KHTML, like Gecko) Version/16.3 Mobile/15E148 Safari/604.1"
::ffff:76.77.185.222 - - [15/Mar/2023:07:14:14 +0000] "GET /js/common.js HTTP/1.1" 200 2255 "http://wadokikai.org/" "Mozilla/5.0 (iPhone; CPU iPhone OS 16_3_1 like Mac OS X) AppleWebKit/605.1.15 (KHTML, like Gecko) Version/16.3 Mobile/15E148 Safari/604.1"
::ffff:76.77.185.222 - - [15/Mar/2023:07:14:15 +0000] "GET /images/wkkpatch22_med.png HTTP/1.1" 200 32301 "http://wadokikai.org/" "Mozilla/5.0 (iPhone; CPU iPhone OS 16_3_1 like Mac OS X) AppleWebKit/605.1.15 (KHTML, like Gecko) Version/16.3 Mobile/15E148 Safari/604.1"
::ffff:76.77.185.222 - - [15/Mar/2023:07:14:15 +0000] "GET /images/schools/alamedakaratedomap.jpg HTTP/1.1" 200 38311 "http://wadokikai.org/" "Mozilla/5.0 (iPhone; CPU iPhone OS 16_3_1 like Mac OS X) AppleWebKit/605.1.15 (KHTML, like Gecko) Version/16.3 Mobile/15E148 Safari/604.1"
::ffff:76.77.185.222 - - [15/Mar/2023:07:14:15 +0000] "GET /images/schools/orindakaratedomap.jpg HTTP/1.1" 200 34167 "http://wadokikai.org/" "Mozilla/5.0 (iPhone; CPU iPhone OS 16_3_1 like Mac OS X) AppleWebKit/605.1.15 (KHTML, like Gecko) Version/16.3 Mobile/15E148 Safari/604.1"
::ffff:76.77.185.222 - - [15/Mar/2023:07:14:15 +0000] "GET /images/schools/dcakaratedomap.jpg HTTP/1.1" 200 35262 "http://wadokikai.org/" "Mozilla/5.0 (iPhone; CPU iPhone OS 16_3_1 like Mac OS X) AppleWebKit/605.1.15 (KHTML, like Gecko) Version/16.3 Mobile/15E148 Safari/604.1"
::ffff:76.77.185.222 - - [15/Mar/2023:07:14:15 +0000] "GET /images/schools/corpuzkaratedomap.jpg HTTP/1.1" 200 36421 "http://wadokikai.org/" "Mozilla/5.0 (iPhone; CPU iPhone OS 16_3_1 like Mac OS X) AppleWebKit/605.1.15 (KHTML, like Gecko) Version/16.3 Mobile/15E148 Safari/604.1"
::ffff:76.77.185.222 - - [15/Mar/2023:07:14:15 +0000] "GET /images/schools/harborbaykaratedomap.jpg HTTP/1.1" 200 37245 "http://wadokikai.org/" "Mozilla/5.0 (iPhone; CPU iPhone OS 16_3_1 like Mac OS X) AppleWebKit/605.1.15 (KHTML, like Gecko) Version/16.3 Mobile/15E148 Safari/604.1"
::ffff:76.77.185.222 - - [15/Mar/2023:07:14:15 +0000] "GET /images/schools/nunleykaratedomap.jpg HTTP/1.1" 200 42667 "http://wadokikai.org/" "Mozilla/5.0 (iPhone; CPU iPhone OS 16_3_1 like Mac OS X) AppleWebKit/605.1.15 (KHTML, like Gecko) Version/16.3 Mobile/15E148 Safari/604.1"
::ffff:76.77.185.222 - - [15/Mar/2023:07:14:15 +0000] "GET /images/dragon-trans.png HTTP/1.1" 200 85661 "http://wadokikai.org/" "Mozilla/5.0 (iPhone; CPU iPhone OS 16_3_1 like Mac OS X) AppleWebKit/605.1.15 (KHTML, like Gecko) Version/16.3 Mobile/15E148 Safari/604.1"
::ffff:76.77.185.222 - - [15/Mar/2023:07:14:15 +0000] "GET /images/schools/marinkaratedomap.jpg HTTP/1.1" 200 32400 "http://wadokikai.org/" "Mozilla/5.0 (iPhone; CPU iPhone OS 16_3_1 like Mac OS X) AppleWebKit/605.1.15 (KHTML, like Gecko) Version/16.3 Mobile/15E148 Safari/604.1"
::ffff:76.77.185.222 - - [15/Mar/2023:07:14:15 +0000] "GET /images/schools/earhartkaratedomap.jpg HTTP/1.1" 200 41366 "http://wadokikai.org/" "Mozilla/5.0 (iPhone; CPU iPhone OS 16_3_1 like Mac OS X) AppleWebKit/605.1.15 (KHTML, like Gecko) Version/16.3 Mobile/15E148 Safari/604.1"
::ffff:76.77.185.222 - - [15/Mar/2023:07:14:15 +0000] "GET /images/schools/martinezkaratedomap.jpg HTTP/1.1" 200 37724 "http://wadokikai.org/" "Mozilla/5.0 (iPhone; CPU iPhone OS 16_3_1 like Mac OS X) AppleWebKit/605.1.15 (KHTML, like Gecko) Version/16.3 Mobile/15E148 Safari/604.1"
::ffff:76.77.185.222 - - [15/Mar/2023:07:14:15 +0000] "GET /images/schools/manzanitakaratedomap.jpg HTTP/1.1" 200 55402 "http://wadokikai.org/" "Mozilla/5.0 (iPhone; CPU iPhone OS 16_3_1 like Mac OS X) AppleWebKit/605.1.15 (KHTML, like Gecko) Version/16.3 Mobile/15E148 Safari/604.1"
::ffff:76.77.185.222 - - [15/Mar/2023:07:14:15 +0000] "GET /images/favicon.ico HTTP/1.1" 200 3638 "http://wadokikai.org/" "Mozilla/5.0 (iPhone; CPU iPhone OS 16_3_1 like Mac OS X) AppleWebKit/605.1.15 (KHTML, like Gecko) Version/16.3 Mobile/15E148 Safari/604.1"
::ffff:76.77.185.222 - - [15/Mar/2023:07:14:18 +0000] "GET /images/tiger.bmp HTTP/1.1" 200 311274 "http://wadokikai.org/" "Mozilla/5.0 (iPhone; CPU iPhone OS 16_3_1 like Mac OS X) AppleWebKit/605.1.15 (KHTML, like Gecko) Version/16.3 Mobile/15E148 Safari/604.1"
::ffff:76.77.185.222 - - [15/Mar/2023:07:14:22 +0000] "GET /images/wadokikai%20kanji.jpg HTTP/1.1" 200 35066 "http://wadokikai.org/" "Mozilla/5.0 (iPhone; CPU iPhone OS 16_3_1 like Mac OS X) AppleWebKit/605.1.15 (KHTML, like Gecko) Version/16.3 Mobile/15E148 Safari/604.1"
::ffff:193.32.162.159 - - [15/Mar/2023:07:21:12 +0000] "GET / HTTP/1.1" 200 57378 "-" "Mozilla/5.0 (Windows NT 10.0; Win64; x64) AppleWebKit/537.36 (KHTML, like Gecko) Chrome/90.0.4430.85 Safari/537.36 Edg/90.0.818.46"
::ffff:193.32.162.159 - - [15/Mar/2023:07:21:17 +0000] "GET /dispatch.asp HTTP/1.1" 404 151 "-" "Mozilla/5.0 (Windows NT 10.0; Win64; x64) AppleWebKit/537.36 (KHTML, like Gecko) Chrome/90.0.4430.85 Safari/537.36 Edg/90.0.818.46"
::ffff:185.254.196.173 - - [15/Mar/2023:07:22:03 +0000] "GET /.env HTTP/1.1" 404 143 "-" "Mozilla/5.0 (X11; Linux x86_64) AppleWebKit/537.36 (KHTML, like Gecko) Chrome/81.0.4044.129 Safari/537.36"
::ffff:185.254.196.173 - - [15/Mar/2023:07:22:06 +0000] "POST / HTTP/1.1" 404 140 "-" "Mozilla/5.0 (X11; Linux x86_64) AppleWebKit/537.36 (KHTML, like Gecko) Chrome/81.0.4044.129 Safari/537.36"
::ffff:94.102.51.9 - - [15/Mar/2023:07:31:40 +0000] "GET / HTTP/1.0" 200 57378 "-" "masscan/1.3 (https://github.com/robertdavidgraham/masscan)"
::ffff:162.243.143.22 - - [15/Mar/2023:07:57:34 +0000] "GET / HTTP/1.1" 200 57378 "-" "Mozilla/5.0 zgrab/0.x"
::ffff:43.155.118.219 - - [15/Mar/2023:08:02:26 +0000] "HEAD /Core/Skin/Login.aspx HTTP/1.1" 404 160 "-" "Mozilla/5.0 (Windows NT 10.0; Win64; x64) AppleWebKit/537.36 (KHTML, like Gecko) Chrome/106.0.0.0 Safari/537.36"
::ffff:45.83.64.178 - - [15/Mar/2023:08:08:03 +0000] "GET / HTTP/1.1" 200 57378 "-" "Mozilla/5.0 (Windows NT 10.0; Win64; x64; rv:65.0) Gecko/20100101 Firefox/65.0"
::ffff:45.83.65.72 - - [15/Mar/2023:08:08:04 +0000] "GET /images/favicon.ico HTTP/1.1" 200 3638 "-" "Mozilla/5.0 (Windows NT 10.0; Win64; x64; rv:65.0) Gecko/20100101 Firefox/65.0"
::ffff:194.38.23.196 - - [15/Mar/2023:08:15:21 +0000] "GET /assets/admin/plugins/jquery-file-upload/server/php/index.php?file=tf2rghf.jpg HTTP/1.1" 404 199 "-" "ALittle Client"
::ffff:45.79.156.135 - - [15/Mar/2023:08:26:39 +0000] "GET / HTTP/1.1" 200 57378 "-" "Mozilla/5.0 (X11; Linux x86_64) Chrome/98.0.4758.132 Safari/537.36"
::ffff:193.32.162.159 - - [15/Mar/2023:08:42:45 +0000] "GET / HTTP/1.1" 200 57378 "-" "Mozilla/5.0 (Windows NT 10.0; Win64; x64) AppleWebKit/537.36 (KHTML, like Gecko) Chrome/90.0.4430.85 Safari/537.36 Edg/90.0.818.46"
::ffff:193.32.162.159 - - [15/Mar/2023:08:42:50 +0000] "GET /dispatch.asp HTTP/1.1" 404 151 "-" "Mozilla/5.0 (Windows NT 10.0; Win64; x64) AppleWebKit/537.36 (KHTML, like Gecko) Chrome/90.0.4430.85 Safari/537.36 Edg/90.0.818.46"
::ffff:207.46.13.219 - - [15/Mar/2023:08:53:07 +0000] "GET / HTTP/1.1" 200 57378 "-" "Mozilla/5.0 AppleWebKit/537.36 (KHTML, like Gecko; compatible; bingbot/2.0; +http://www.bing.com/bingbot.htm) Chrome/103.0.5060.134 Safari/537.36"
::ffff:94.102.51.9 - - [15/Mar/2023:09:02:16 +0000] "GET / HTTP/1.0" 200 57378 "-" "masscan/1.3 (https://github.com/robertdavidgraham/masscan)"
::ffff:135.125.246.189 - - [15/Mar/2023:09:20:26 +0000] "GET /.env HTTP/1.1" 404 143 "-" "Mozilla/5.0 (X11; Linux x86_64) AppleWebKit/537.36 (KHTML, like Gecko) Chrome/81.0.4044.129 Safari/537.36"
::ffff:135.125.246.189 - - [15/Mar/2023:09:20:27 +0000] "POST / HTTP/1.1" 404 140 "-" "Mozilla/5.0 (X11; Linux x86_64) AppleWebKit/537.36 (KHTML, like Gecko) Chrome/81.0.4044.129 Safari/537.36"
::ffff:65.49.20.66 - - [15/Mar/2023:09:22:00 +0000] "GET / HTTP/1.1" 200 57378 "-" "Mozilla/5.0 (Windows NT 10.0; Win64; x64) AppleWebKit/537.36 (KHTML, like Gecko) Chrome/110.0.0.0 Safari/537.36 Edg/110.0.1587.41"
::ffff:65.49.20.66 - - [15/Mar/2023:09:23:53 +0000] "GET /favicon.ico HTTP/1.1" 404 150 "-" "Mozilla/5.0 (Macintosh; Intel Mac OS X 10.15; rv:109.0) Gecko/20100101 Firefox/109.0"
::ffff:34.77.127.183 - - [15/Mar/2023:09:24:29 +0000] "GET / HTTP/1.1" 200 57378 "-" "python-requests/2.28.2"
::ffff:65.49.20.66 - - [15/Mar/2023:09:26:03 +0000] "GET /geoserver/web/ HTTP/1.1" 404 153 "-" "Mozilla/5.0 (Windows NT 10.0; Win64; x64) AppleWebKit/537.36 (KHTML, like Gecko) Chrome/110.0.0.0 Safari/537.36 Edg/110.0.1587.41"
::ffff:43.155.118.219 - - [15/Mar/2023:09:27:59 +0000] "HEAD /Core/Skin/Login.aspx HTTP/1.1" 404 160 "-" "Mozilla/5.0 (Windows NT 10.0; Win64; x64) AppleWebKit/537.36 (KHTML, like Gecko) Chrome/106.0.0.0 Safari/537.36"
::ffff:94.102.51.9 - - [15/Mar/2023:09:41:04 +0000] "GET / HTTP/1.0" 200 57378 "-" "masscan/1.3 (https://github.com/robertdavidgraham/masscan)"
::ffff:14.29.216.170 - - [15/Mar/2023:09:52:06 +0000] "GET / HTTP/1.1" 200 57378 "-" "Mozilla/5.0 (iPhone; CPU iPhone OS 13_2_3 like Mac OS X) AppleWebKit/605.1.15 (KHTML, like Gecko) Version/13.0.3 Mobile/15E148 Safari/604.1"
::ffff:77.91.171.6 - - [15/Mar/2023:09:53:55 +0000] "GET / HTTP/1.1" 200 57378 "-" "Mozilla/5.0 (Windows NT 10.0; WOW64) AppleWebKit/537.36 (KHTML, like Gecko) Chrome/51.0.2704.103 Safari/537.36"
::ffff:77.91.171.6 - - [15/Mar/2023:09:53:55 +0000] "GET / HTTP/1.1" 200 57378 "-" "Mozilla/5.0 (Windows NT 6.1; WOW64) AppleWebKit/537.36 (KHTML, like Gecko) Chrome/51.0.2704.103 Safari/537.36"
::ffff:77.91.171.6 - - [15/Mar/2023:09:53:55 +0000] "GET / HTTP/1.1" 200 57378 "-" "Mozilla/5.0 (Windows NT 6.1; WOW64) AppleWebKit/537.36 (KHTML, like Gecko) Chrome/51.0.2704.103 Safari/537.36"
::ffff:77.91.171.6 - - [15/Mar/2023:09:53:55 +0000] "GET / HTTP/1.1" 200 57378 "-" "Mozilla/5.0 (Windows NT 10.0; WOW64) AppleWebKit/537.36 (KHTML, like Gecko) Chrome/51.0.2704.103 Safari/537.36"
::ffff:77.91.171.6 - - [15/Mar/2023:09:53:56 +0000] "GET / HTTP/1.1" 200 57378 "-" "Mozilla/5.0 (Windows NT 6.1; WOW64) AppleWebKit/537.36 (KHTML, like Gecko) Chrome/51.0.2704.103 Safari/537.36"
::ffff:66.249.79.191 - - [15/Mar/2023:09:55:18 +0000] "GET /robots.txt HTTP/1.1" 404 149 "-" "Mozilla/5.0 (compatible; Googlebot/2.1; +http://www.google.com/bot.html)"
::ffff:66.249.79.189 - - [15/Mar/2023:09:55:18 +0000] "GET /docs/Bushido-code.pdf HTTP/1.1" 304 - "-" "Mozilla/5.0 (Linux; Android 6.0.1; Nexus 5X Build/MMB29P) AppleWebKit/537.36 (KHTML, like Gecko) Chrome/111.0.5563.64 Mobile Safari/537.36 (compatible; Googlebot/2.1; +http://www.google.com/bot.html)"
::ffff:135.125.218.67 - - [15/Mar/2023:10:04:44 +0000] "GET /.env HTTP/1.1" 404 143 "-" "Mozilla/5.0 (X11; Linux x86_64) AppleWebKit/537.36 (KHTML, like Gecko) Chrome/81.0.4044.129 Safari/537.36"
::ffff:135.125.218.67 - - [15/Mar/2023:10:04:44 +0000] "POST / HTTP/1.1" 404 140 "-" "Mozilla/5.0 (X11; Linux x86_64) AppleWebKit/537.36 (KHTML, like Gecko) Chrome/81.0.4044.129 Safari/537.36"
::ffff:185.254.196.173 - - [15/Mar/2023:10:11:44 +0000] "GET /.env HTTP/1.1" 404 143 "-" "Mozilla/5.0 (X11; Linux x86_64) AppleWebKit/537.36 (KHTML, like Gecko) Chrome/81.0.4044.129 Safari/537.36"
::ffff:45.56.108.128 - - [15/Mar/2023:10:22:24 +0000] "GET /systembc/password.php HTTP/1.0" 404 160 "-" "Mozilla/5.0 (Macintosh; Intel Mac OS X 10_15_7) AppleWebKit/537.36 (KHTML, like Gecko) Chrome/107.0.0.0 Safari/537.36"
::ffff:208.100.26.231 - - [15/Mar/2023:10:36:04 +0000] "GET / HTTP/1.0" 200 57378 "-" "-"
::ffff:208.100.26.231 - - [15/Mar/2023:10:38:02 +0000] "GET /nmaplowercheck1678876681 HTTP/1.1" 404 163 "-" "Mozilla/5.0 (iPad; CPU OS 12_1_1 like Mac OS X) AppleWebKit/605.1.15 (KHTML, like Gecko) Mobile/16C50 Safari/605.1.15 Version/12.2.0.0.1"
::ffff:208.100.26.231 - - [15/Mar/2023:10:38:02 +0000] "GET /HNAP1 HTTP/1.1" 404 144 "-" "Mozilla/5.0 (iPad; CPU OS 12_1_1 like Mac OS X) AppleWebKit/605.1.15 (KHTML, like Gecko) Mobile/16C50 Safari/605.1.15 Version/12.2.0.0.1"
::ffff:208.100.26.231 - - [15/Mar/2023:10:38:02 +0000] "GET / HTTP/1.0" 200 57378 "-" "-"
::ffff:208.100.26.231 - - [15/Mar/2023:10:38:02 +0000] "GET / HTTP/1.1" 200 57378 "-" "-"
::ffff:208.100.26.231 - - [15/Mar/2023:10:38:02 +0000] "POST /sdk HTTP/1.1" 404 143 "-" "Mozilla/5.0 (iPad; CPU OS 12_1_1 like Mac OS X) AppleWebKit/605.1.15 (KHTML, like Gecko) Mobile/16C50 Safari/605.1.15 Version/12.2.0.0.1"
::ffff:208.100.26.231 - - [15/Mar/2023:10:38:02 +0000] "HEAD / HTTP/1.1" 200 57378 "-" "Mozilla/5.0 (iPad; CPU OS 12_1_1 like Mac OS X) AppleWebKit/605.1.15 (KHTML, like Gecko) Mobile/16C50 Safari/605.1.15 Version/12.2.0.0.1"
::ffff:208.100.26.231 - - [15/Mar/2023:10:38:03 +0000] "GET /evox/about HTTP/1.1" 404 149 "-" "Mozilla/5.0 (iPad; CPU OS 12_1_1 like Mac OS X) AppleWebKit/605.1.15 (KHTML, like Gecko) Mobile/16C50 Safari/605.1.15 Version/12.2.0.0.1"
::ffff:52.167.144.133 - - [15/Mar/2023:10:38:59 +0000] "GET /robots.txt HTTP/1.1" 404 149 "-" "Mozilla/5.0 AppleWebKit/537.36 (KHTML, like Gecko; compatible; bingbot/2.0; +http://www.bing.com/bingbot.htm) Chrome/103.0.5060.134 Safari/537.36"
::ffff:52.167.144.133 - - [15/Mar/2023:10:38:59 +0000] "GET /robots.txt HTTP/1.1" 404 149 "-" "Mozilla/5.0 AppleWebKit/537.36 (KHTML, like Gecko; compatible; bingbot/2.0; +http://www.bing.com/bingbot.htm) Chrome/103.0.5060.134 Safari/537.36"
::ffff:40.77.167.250 - - [15/Mar/2023:10:39:10 +0000] "GET / HTTP/1.1" 200 57378 "-" "Mozilla/5.0 AppleWebKit/537.36 (KHTML, like Gecko; compatible; bingbot/2.0; +http://www.bing.com/bingbot.htm) Chrome/103.0.5060.134 Safari/537.36"
::ffff:135.125.246.189 - - [15/Mar/2023:10:40:16 +0000] "GET /.env HTTP/1.1" 404 143 "-" "Mozilla/5.0 (X11; Linux x86_64) AppleWebKit/537.36 (KHTML, like Gecko) Chrome/81.0.4044.129 Safari/537.36"
::ffff:135.125.246.189 - - [15/Mar/2023:10:40:16 +0000] "POST / HTTP/1.1" 404 140 "-" "Mozilla/5.0 (X11; Linux x86_64) AppleWebKit/537.36 (KHTML, like Gecko) Chrome/81.0.4044.129 Safari/537.36"
::ffff:40.77.167.250 - - [15/Mar/2023:10:45:30 +0000] "GET /images/books/MBS.gif HTTP/1.1" 200 13195 "-" "Mozilla/5.0 AppleWebKit/537.36 (KHTML, like Gecko; compatible; bingbot/2.0; +http://www.bing.com/bingbot.htm) Chrome/103.0.5060.134 Safari/537.36"
::ffff:135.125.218.67 - - [15/Mar/2023:10:46:05 +0000] "GET /.env HTTP/1.1" 404 143 "-" "Mozilla/5.0 (X11; Linux x86_64) AppleWebKit/537.36 (KHTML, like Gecko) Chrome/81.0.4044.129 Safari/537.36"
::ffff:135.125.218.67 - - [15/Mar/2023:10:46:05 +0000] "POST / HTTP/1.1" 404 140 "-" "Mozilla/5.0 (X11; Linux x86_64) AppleWebKit/537.36 (KHTML, like Gecko) Chrome/81.0.4044.129 Safari/537.36"
::ffff:43.155.118.219 - - [15/Mar/2023:10:53:27 +0000] "HEAD /Core/Skin/Login.aspx HTTP/1.1" 404 160 "-" "Mozilla/5.0 (Windows NT 10.0; Win64; x64) AppleWebKit/537.36 (KHTML, like Gecko) Chrome/106.0.0.0 Safari/537.36"
::ffff:66.249.79.188 - - [15/Mar/2023:10:59:14 +0000] "GET /robots.txt HTTP/1.1" 404 149 "-" "Mozilla/5.0 (compatible; Googlebot/2.1; +http://www.google.com/bot.html)"
::ffff:66.249.79.186 - - [15/Mar/2023:10:59:14 +0000] "GET / HTTP/1.1" 200 57378 "-" "Mozilla/5.0 (Linux; Android 6.0.1; Nexus 5X Build/MMB29P) AppleWebKit/537.36 (KHTML, like Gecko) Chrome/111.0.5563.64 Mobile Safari/537.36 (compatible; Googlebot/2.1; +http://www.google.com/bot.html)"
::ffff:66.249.79.186 - - [15/Mar/2023:10:59:22 +0000] "GET /css/wadokikai.css HTTP/1.1" 200 4337 "http://34.212.47.6/" "Mozilla/5.0 (Linux; Android 6.0.1; Nexus 5X Build/MMB29P) AppleWebKit/537.36 (KHTML, like Gecko) Chrome/110.0.5481.177 Mobile Safari/537.36 (compatible; Googlebot/2.1; +http://www.google.com/bot.html)"
::ffff:66.249.79.184 - - [15/Mar/2023:10:59:22 +0000] "GET /js/common.js HTTP/1.1" 200 2255 "http://34.212.47.6/" "Mozilla/5.0 (Linux; Android 6.0.1; Nexus 5X Build/MMB29P) AppleWebKit/537.36 (KHTML, like Gecko) Chrome/110.0.5481.177 Mobile Safari/537.36 (compatible; Googlebot/2.1; +http://www.google.com/bot.html)"
::ffff:193.32.162.159 - - [15/Mar/2023:10:59:30 +0000] "GET / HTTP/1.1" 200 57378 "-" "Mozilla/5.0 (Windows NT 10.0; Win64; x64) AppleWebKit/537.36 (KHTML, like Gecko) Chrome/90.0.4430.85 Safari/537.36 Edg/90.0.818.46"
::ffff:193.32.162.159 - - [15/Mar/2023:10:59:35 +0000] "GET /dispatch.asp HTTP/1.1" 404 151 "-" "Mozilla/5.0 (Windows NT 10.0; Win64; x64) AppleWebKit/537.36 (KHTML, like Gecko) Chrome/90.0.4430.85 Safari/537.36 Edg/90.0.818.46"
::ffff:185.191.171.17 - - [15/Mar/2023:11:02:06 +0000] "GET /robots.txt HTTP/1.1" 404 149 "-" "Mozilla/5.0 (compatible; SemrushBot/7~bl; +http://www.semrush.com/bot.html)"
::ffff:185.191.171.19 - - [15/Mar/2023:11:02:06 +0000] "GET /contact?s=1&ss=5 HTTP/1.1" 200 9997 "-" "Mozilla/5.0 (compatible; SemrushBot/7~bl; +http://www.semrush.com/bot.html)"
::ffff:66.249.79.191 - - [15/Mar/2023:11:02:48 +0000] "GET /events HTTP/1.1" 200 5867 "-" "Mozilla/5.0 (Linux; Android 6.0.1; Nexus 5X Build/MMB29P) AppleWebKit/537.36 (KHTML, like Gecko) Chrome/111.0.5563.64 Mobile Safari/537.36 (compatible; Googlebot/2.1; +http://www.google.com/bot.html)"
::ffff:139.59.58.138 - - [15/Mar/2023:11:11:01 +0000] "GET / HTTP/1.1" 200 57378 "-" "Mozilla/5.0 (Windows NT 10.0; Win64; x64) AppleWebKit/537.36 (KHTML, like Gecko) Chrome/108.0.0.0 Safari/537.36"
::ffff:139.59.58.138 - - [15/Mar/2023:11:11:01 +0000] "GET /client/get_targets HTTP/1.1" 404 157 "-" "Mozilla/5.0 (Windows NT 10.0; Win64; x64) AppleWebKit/537.36 (KHTML, like Gecko) Chrome/108.0.0.0 Safari/537.36"
::ffff:139.59.58.138 - - [15/Mar/2023:11:11:02 +0000] "GET /upl.php HTTP/1.1" 404 146 "-" "Mozilla/5.0"
