::ffff:66.249.77.4 - - [12/Jun/2023:19:01:38 +0000] "GET /robots.txt HTTP/1.1" 404 149 "-" "Mozilla/5.0 (compatible; Googlebot/2.1; +http://www.google.com/bot.html)"
::ffff:66.249.77.5 - - [12/Jun/2023:19:01:38 +0000] "GET / HTTP/1.1" 200 57394 "-" "Mozilla/5.0 (Linux; Android 6.0.1; Nexus 5X Build/MMB29P) AppleWebKit/537.36 (KHTML, like Gecko) Chrome/114.0.5735.90 Mobile Safari/537.36 (compatible; Googlebot/2.1; +http://www.google.com/bot.html)"
::ffff:185.254.196.186 - - [12/Jun/2023:19:03:45 +0000] "GET /.env HTTP/1.1" 404 143 "-" "Mozilla/5.0 (X11; Linux x86_64) AppleWebKit/537.36 (KHTML, like Gecko) Chrome/81.0.4044.129 Safari/537.36"
::ffff:185.254.196.186 - - [12/Jun/2023:19:03:46 +0000] "POST / HTTP/1.1" 404 140 "-" "Mozilla/5.0 (X11; Linux x86_64) AppleWebKit/537.36 (KHTML, like Gecko) Chrome/81.0.4044.129 Safari/537.36"
::ffff:43.155.118.219 - - [12/Jun/2023:19:09:29 +0000] "HEAD /Core/Skin/Login.aspx HTTP/1.1" 404 160 "-" "Mozilla/5.0 (Windows NT 10.0; Win64; x64) AppleWebKit/537.36 (KHTML, like Gecko) Chrome/106.0.0.0 Safari/537.36"
::ffff:83.97.73.89 - - [12/Jun/2023:19:15:51 +0000] "POST /mifs/.;/services/LogService HTTP/1.1" 404 167 "https://34.212.47.6:443" "Mozilla/5.0 (Windows NT 10.0; Win64; x64) AppleWebKit/537.36 (KHTML, like Gecko) Chrome/78.0.3904.108 Safari/537.36"
::ffff:192.241.225.20 - - [12/Jun/2023:19:42:35 +0000] "GET /actuator/health HTTP/1.1" 404 154 "-" "Mozilla/5.0 zgrab/0.x"
::ffff:66.249.77.5 - - [12/Jun/2023:19:43:38 +0000] "GET / HTTP/1.1" 200 57394 "-" "Mozilla/5.0 (compatible; Googlebot/2.1; +http://www.google.com/bot.html)"
::ffff:179.43.177.244 - - [12/Jun/2023:19:51:02 +0000] "GET / HTTP/1.1" 200 57394 "-" "Hello World"
::ffff:66.249.77.4 - - [12/Jun/2023:19:58:12 +0000] "GET /js/common.js HTTP/1.1" 200 2255 "https://wadokikai.org/" "Mozilla/5.0 AppleWebKit/537.36 (KHTML, like Gecko; compatible; Googlebot/2.1; +http://www.google.com/bot.html) Chrome/112.0.5615.142 Safari/537.36"
::ffff:66.249.75.72 - - [12/Jun/2023:19:59:28 +0000] "GET / HTTP/1.1" 200 57394 "-" "Mozilla/5.0 (compatible; Googlebot/2.1; +http://www.google.com/bot.html)"
::ffff:73.92.37.181 - - [12/Jun/2023:20:01:58 +0000] "GET /images/dragon-trans.png HTTP/1.1" 304 - "http://wadokikai.org/resources" "Mozilla/5.0 (Macintosh; Intel Mac OS X 10_15_7) AppleWebKit/537.36 (KHTML, like Gecko) Chrome/113.0.0.0 Safari/537.36"
::ffff:66.249.75.71 - - [12/Jun/2023:20:02:36 +0000] "GET /favicon.ico HTTP/1.1" 404 150 "-" "Googlebot-Image/1.0"
::ffff:114.119.128.172 - - [12/Jun/2023:20:03:20 +0000] "GET /robots.txt HTTP/1.1" 404 149 "-" "Mozilla/5.0 (compatible;PetalBot;+https://webmaster.petalsearch.com/site/petalbot)"
::ffff:209.58.135.80 - - [12/Jun/2023:20:04:10 +0000] "GET / HTTP/1.1" 200 57394 "-" "Mozilla/5.0 (Linux x86_64; rv:102.0) Gecko/20100101 Firefox/102.0"
::ffff:51.89.5.185 - - [12/Jun/2023:20:06:43 +0000] "GET /.env HTTP/1.1" 404 143 "-" "Mozilla/5.0 (X11; Linux x86_64) AppleWebKit/537.36 (KHTML, like Gecko) Chrome/81.0.4044.129 Safari/537.36"
::ffff:51.89.5.185 - - [12/Jun/2023:20:06:44 +0000] "POST / HTTP/1.1" 404 140 "-" "Mozilla/5.0 (X11; Linux x86_64) AppleWebKit/537.36 (KHTML, like Gecko) Chrome/81.0.4044.129 Safari/537.36"
::ffff:107.3.134.170 - - [12/Jun/2023:20:07:00 +0000] "GET / HTTP/1.1" 200 57394 "-" "Mozilla/5.0 (iPad; CPU OS 16_5 like Mac OS X) AppleWebKit/605.1.15 (KHTML, like Gecko) CriOS/111.0.5563.101 Mobile/15E148 Safari/604.1"
::ffff:107.3.134.170 - - [12/Jun/2023:20:07:00 +0000] "GET /css/wadokikai.css HTTP/1.1" 200 4337 "http://wadokikai.org/" "Mozilla/5.0 (iPad; CPU OS 16_5 like Mac OS X) AppleWebKit/605.1.15 (KHTML, like Gecko) CriOS/111.0.5563.101 Mobile/15E148 Safari/604.1"
::ffff:107.3.134.170 - - [12/Jun/2023:20:07:00 +0000] "GET /images/wkkpatch22_med.png HTTP/1.1" 200 32301 "http://wadokikai.org/" "Mozilla/5.0 (iPad; CPU OS 16_5 like Mac OS X) AppleWebKit/605.1.15 (KHTML, like Gecko) CriOS/111.0.5563.101 Mobile/15E148 Safari/604.1"
::ffff:107.3.134.170 - - [12/Jun/2023:20:07:00 +0000] "GET /js/common.js HTTP/1.1" 200 2255 "http://wadokikai.org/" "Mozilla/5.0 (iPad; CPU OS 16_5 like Mac OS X) AppleWebKit/605.1.15 (KHTML, like Gecko) CriOS/111.0.5563.101 Mobile/15E148 Safari/604.1"
::ffff:107.3.134.170 - - [12/Jun/2023:20:07:01 +0000] "GET /images/schools/orindakaratedomap.jpg HTTP/1.1" 200 34167 "http://wadokikai.org/" "Mozilla/5.0 (iPad; CPU OS 16_5 like Mac OS X) AppleWebKit/605.1.15 (KHTML, like Gecko) CriOS/111.0.5563.101 Mobile/15E148 Safari/604.1"
::ffff:107.3.134.170 - - [12/Jun/2023:20:07:01 +0000] "GET /images/schools/alamedakaratedomap.jpg HTTP/1.1" 200 38311 "http://wadokikai.org/" "Mozilla/5.0 (iPad; CPU OS 16_5 like Mac OS X) AppleWebKit/605.1.15 (KHTML, like Gecko) CriOS/111.0.5563.101 Mobile/15E148 Safari/604.1"
::ffff:107.3.134.170 - - [12/Jun/2023:20:07:01 +0000] "GET /images/schools/dcakaratedomap.jpg HTTP/1.1" 200 35262 "http://wadokikai.org/" "Mozilla/5.0 (iPad; CPU OS 16_5 like Mac OS X) AppleWebKit/605.1.15 (KHTML, like Gecko) CriOS/111.0.5563.101 Mobile/15E148 Safari/604.1"
::ffff:107.3.134.170 - - [12/Jun/2023:20:07:01 +0000] "GET /images/schools/harborbaykaratedomap.jpg HTTP/1.1" 200 37245 "http://wadokikai.org/" "Mozilla/5.0 (iPad; CPU OS 16_5 like Mac OS X) AppleWebKit/605.1.15 (KHTML, like Gecko) CriOS/111.0.5563.101 Mobile/15E148 Safari/604.1"
::ffff:107.3.134.170 - - [12/Jun/2023:20:07:01 +0000] "GET /images/schools/corpuzkaratedomap.jpg HTTP/1.1" 200 36421 "http://wadokikai.org/" "Mozilla/5.0 (iPad; CPU OS 16_5 like Mac OS X) AppleWebKit/605.1.15 (KHTML, like Gecko) CriOS/111.0.5563.101 Mobile/15E148 Safari/604.1"
::ffff:107.3.134.170 - - [12/Jun/2023:20:07:02 +0000] "GET /images/schools/nunleykaratedomap.jpg HTTP/1.1" 200 42667 "http://wadokikai.org/" "Mozilla/5.0 (iPad; CPU OS 16_5 like Mac OS X) AppleWebKit/605.1.15 (KHTML, like Gecko) CriOS/111.0.5563.101 Mobile/15E148 Safari/604.1"
::ffff:107.3.134.170 - - [12/Jun/2023:20:07:02 +0000] "GET /images/schools/marinkaratedomap.jpg HTTP/1.1" 200 32400 "http://wadokikai.org/" "Mozilla/5.0 (iPad; CPU OS 16_5 like Mac OS X) AppleWebKit/605.1.15 (KHTML, like Gecko) CriOS/111.0.5563.101 Mobile/15E148 Safari/604.1"
::ffff:107.3.134.170 - - [12/Jun/2023:20:07:02 +0000] "GET /images/favicon.ico HTTP/1.1" 304 - "-" "Mozilla/5.0 (iPad; CPU OS 16_5 like Mac OS X) AppleWebKit/605.1.15 (KHTML, like Gecko) CriOS/111.0.5563.101 Mobile/15E148 Safari/604.1"
::ffff:107.3.134.170 - - [12/Jun/2023:20:07:02 +0000] "GET /images/schools/earhartkaratedomap.jpg HTTP/1.1" 200 41366 "http://wadokikai.org/" "Mozilla/5.0 (iPad; CPU OS 16_5 like Mac OS X) AppleWebKit/605.1.15 (KHTML, like Gecko) CriOS/111.0.5563.101 Mobile/15E148 Safari/604.1"
::ffff:107.3.134.170 - - [12/Jun/2023:20:07:02 +0000] "GET /images/dragon-trans.png HTTP/1.1" 200 85661 "http://wadokikai.org/" "Mozilla/5.0 (iPad; CPU OS 16_5 like Mac OS X) AppleWebKit/605.1.15 (KHTML, like Gecko) CriOS/111.0.5563.101 Mobile/15E148 Safari/604.1"
::ffff:107.3.134.170 - - [12/Jun/2023:20:07:03 +0000] "GET /images/schools/martinezkaratedomap.jpg HTTP/1.1" 200 37724 "http://wadokikai.org/" "Mozilla/5.0 (iPad; CPU OS 16_5 like Mac OS X) AppleWebKit/605.1.15 (KHTML, like Gecko) CriOS/111.0.5563.101 Mobile/15E148 Safari/604.1"
::ffff:107.3.134.170 - - [12/Jun/2023:20:07:03 +0000] "GET /images/schools/manzanitakaratedomap.jpg HTTP/1.1" 200 55402 "http://wadokikai.org/" "Mozilla/5.0 (iPad; CPU OS 16_5 like Mac OS X) AppleWebKit/605.1.15 (KHTML, like Gecko) CriOS/111.0.5563.101 Mobile/15E148 Safari/604.1"
::ffff:107.3.134.170 - - [12/Jun/2023:20:07:05 +0000] "GET /images/tiger.bmp HTTP/1.1" 304 - "http://wadokikai.org/" "Mozilla/5.0 (iPad; CPU OS 16_5 like Mac OS X) AppleWebKit/605.1.15 (KHTML, like Gecko) CriOS/111.0.5563.101 Mobile/15E148 Safari/604.1"
::ffff:107.3.134.170 - - [12/Jun/2023:20:07:09 +0000] "GET /images/wadokikai%20kanji.jpg HTTP/1.1" 304 - "http://wadokikai.org/" "Mozilla/5.0 (iPad; CPU OS 16_5 like Mac OS X) AppleWebKit/605.1.15 (KHTML, like Gecko) CriOS/111.0.5563.101 Mobile/15E148 Safari/604.1"
::ffff:107.3.134.170 - - [12/Jun/2023:20:07:13 +0000] "GET /images/dragon-trans.png HTTP/1.1" 304 - "http://wadokikai.org/" "Mozilla/5.0 (iPad; CPU OS 16_5 like Mac OS X) AppleWebKit/605.1.15 (KHTML, like Gecko) CriOS/111.0.5563.101 Mobile/15E148 Safari/604.1"
::ffff:135.125.218.67 - - [12/Jun/2023:20:08:33 +0000] "GET /.env HTTP/1.1" 404 143 "-" "Mozilla/5.0 (X11; Linux x86_64) AppleWebKit/537.36 (KHTML, like Gecko) Chrome/81.0.4044.129 Safari/537.36"
::ffff:135.125.218.67 - - [12/Jun/2023:20:08:34 +0000] "POST / HTTP/1.1" 404 140 "-" "Mozilla/5.0 (X11; Linux x86_64) AppleWebKit/537.36 (KHTML, like Gecko) Chrome/81.0.4044.129 Safari/537.36"
::ffff:135.125.246.110 - - [12/Jun/2023:20:11:17 +0000] "POST / HTTP/1.1" 404 140 "-" "Mozilla/5.0 (X11; Linux x86_64) AppleWebKit/537.36 (KHTML, like Gecko) Chrome/81.0.4044.129 Safari/537.36"
::ffff:135.125.246.110 - - [12/Jun/2023:20:11:17 +0000] "GET /.env HTTP/1.1" 404 143 "-" "Mozilla/5.0 (X11; Linux x86_64) AppleWebKit/537.36 (KHTML, like Gecko) Chrome/81.0.4044.129 Safari/537.36"
::ffff:194.38.21.45 - - [12/Jun/2023:20:13:26 +0000] "GET /plugins/uploadify/uploadify.css HTTP/1.1" 404 170 "-" "ALittle Client"
::ffff:66.249.75.72 - - [12/Jun/2023:20:15:19 +0000] "GET / HTTP/1.1" 200 57394 "-" "Mozilla/5.0 (Linux; Android 6.0.1; Nexus 5X Build/MMB29P) AppleWebKit/537.36 (KHTML, like Gecko) Chrome/114.0.5735.90 Mobile Safari/537.36 (compatible; Googlebot/2.1; +http://www.google.com/bot.html)"
::ffff:43.134.114.126 - - [12/Jun/2023:20:16:49 +0000] "GET /.env HTTP/1.1" 404 143 "-" "Mozilla/5.0 (X11; Linux x86_64) AppleWebKit/537.36 (KHTML, like Gecko) Chrome/81.0.4044.129 Safari/537.36"
::ffff:43.134.114.126 - - [12/Jun/2023:20:17:22 +0000] "POST / HTTP/1.1" 404 140 "-" "Mozilla/5.0 (X11; Linux x86_64) AppleWebKit/537.36 (KHTML, like Gecko) Chrome/81.0.4044.129 Safari/537.36"
::ffff:66.249.75.70 - - [12/Jun/2023:20:18:42 +0000] "GET /js/common.js HTTP/1.1" 200 2255 "https://www.wadokikai.org/" "Mozilla/5.0 (Linux; Android 6.0.1; Nexus 5X Build/MMB29P) AppleWebKit/537.36 (KHTML, like Gecko) Chrome/112.0.5615.142 Mobile Safari/537.36 (compatible; Googlebot/2.1; +http://www.google.com/bot.html)"
::ffff:66.249.75.71 - - [12/Jun/2023:20:18:42 +0000] "GET /robots.txt HTTP/1.1" 404 149 "-" "Mozilla/5.0 (compatible; Googlebot/2.1; +http://www.google.com/bot.html)"
::ffff:43.155.118.219 - - [12/Jun/2023:20:27:49 +0000] "HEAD /Core/Skin/Login.aspx HTTP/1.1" 404 160 "-" "Mozilla/5.0 (Windows NT 10.0; Win64; x64) AppleWebKit/537.36 (KHTML, like Gecko) Chrome/106.0.0.0 Safari/537.36"
::ffff:185.254.196.173 - - [12/Jun/2023:20:40:17 +0000] "GET /.env HTTP/1.1" 404 143 "-" "Mozilla/5.0 (X11; Linux x86_64) AppleWebKit/537.36 (KHTML, like Gecko) Chrome/81.0.4044.129 Safari/537.36"
::ffff:185.254.196.173 - - [12/Jun/2023:20:40:17 +0000] "POST / HTTP/1.1" 404 140 "-" "Mozilla/5.0 (X11; Linux x86_64) AppleWebKit/537.36 (KHTML, like Gecko) Chrome/81.0.4044.129 Safari/537.36"
::ffff:194.26.135.118 - - [12/Jun/2023:20:40:52 +0000] "GET / HTTP/1.0" 200 57394 "-" "masscan/1.0 (https://github.com/robertdavidgraham/masscan)"
::ffff:45.79.171.66 - - [12/Jun/2023:20:45:19 +0000] "GET /service.php?token=1819&action=11 HTTP/1.0" 404 150 "-" "-"
::ffff:83.97.73.89 - - [12/Jun/2023:20:49:48 +0000] "GET /console/ HTTP/1.1" 404 147 "-" "Mozilla/5.0 (Windows NT 10.0; Win64; x64) AppleWebKit/537.36 (KHTML, like Gecko) Chrome/78.0.3904.108 Safari/537.36"
::ffff:104.2.28.209 - - [12/Jun/2023:21:06:14 +0000] "GET /images/dragon-trans.png HTTP/1.1" 200 85661 "https://www.wadokikai.org/resources" "Mozilla/5.0 (Macintosh; Intel Mac OS X 10_15_7) AppleWebKit/537.36 (KHTML, like Gecko) Chrome/114.0.0.0 Safari/537.36"
::ffff:135.125.218.67 - - [12/Jun/2023:21:06:15 +0000] "GET /.env HTTP/1.1" 404 143 "-" "Mozilla/5.0 (X11; Linux x86_64) AppleWebKit/537.36 (KHTML, like Gecko) Chrome/81.0.4044.129 Safari/537.36"
::ffff:135.125.218.67 - - [12/Jun/2023:21:06:15 +0000] "POST / HTTP/1.1" 404 140 "-" "Mozilla/5.0 (X11; Linux x86_64) AppleWebKit/537.36 (KHTML, like Gecko) Chrome/81.0.4044.129 Safari/537.36"
::ffff:104.2.28.209 - - [12/Jun/2023:21:07:13 +0000] "GET /images/tiger.bmp HTTP/1.1" 200 311274 "https://www.wadokikai.org/resources" "Mozilla/5.0 (Macintosh; Intel Mac OS X 10_15_7) AppleWebKit/537.36 (KHTML, like Gecko) Chrome/114.0.0.0 Safari/537.36"
::ffff:67.180.129.108 - - [12/Jun/2023:21:12:10 +0000] "GET /images/instructors/anunley.jpg HTTP/1.1" 200 32690 "https://www.google.com/" "Mozilla/5.0 (Macintosh; Intel Mac OS X 10_15_7) AppleWebKit/605.1.15 (KHTML, like Gecko) Version/16.2 Safari/605.1.15"
::ffff:83.97.73.89 - - [12/Jun/2023:21:22:34 +0000] "GET /_ignition/execute-solution HTTP/1.1" 404 165 "-" "Mozilla/5.0 (Windows NT 10.0; Win64; x64) AppleWebKit/537.36 (KHTML, like Gecko) Chrome/78.0.3904.108 Safari/537.36"
::ffff:167.94.138.125 - - [12/Jun/2023:21:26:09 +0000] "GET / HTTP/1.1" 200 57394 "-" "-"
::ffff:167.94.138.125 - - [12/Jun/2023:21:26:09 +0000] "GET / HTTP/1.1" 200 57394 "-" "Mozilla/5.0 (compatible; CensysInspect/1.1; +https://about.censys.io/)"
::ffff:167.94.138.125 - - [12/Jun/2023:21:26:09 +0000] "PRI * HTTP/2.0" - - "-" "-"
::ffff:167.94.138.125 - - [12/Jun/2023:21:26:10 +0000] "GET /images/favicon.ico HTTP/1.1" 200 3638 "-" "Mozilla/5.0 (compatible; CensysInspect/1.1; +https://about.censys.io/)"
::ffff:167.94.138.125 - - [12/Jun/2023:21:26:10 +0000] "GET /favicon.ico HTTP/1.1" 404 150 "-" "Mozilla/5.0 (compatible; CensysInspect/1.1; +https://about.censys.io/)"
::ffff:62.122.184.194 - - [12/Jun/2023:21:27:10 +0000] "GET / HTTP/1.0" 200 57394 "http://wadokikai.org/" "Mozilla/5.0 (Windows NT 6.1; WOW64) AppleWebKit/537.36 (KHTML, like Gecko) Chrome/103.0.0.0 Safari/537.36"
::ffff:62.122.184.194 - - [12/Jun/2023:21:27:11 +0000] "POST /sendemail HTTP/1.0" 302 40 "http://wadokikai.org/" "Mozilla/5.0 (Windows NT 6.1; WOW64) AppleWebKit/537.36 (KHTML, like Gecko) Chrome/103.0.0.0 Safari/537.36"
::ffff:62.122.184.194 - - [12/Jun/2023:21:27:11 +0000] "GET /?err=error HTTP/1.0" 200 57946 "http://wadokikai.org/?err=error#signup" "Mozilla/5.0 (Windows NT 6.1; WOW64) AppleWebKit/537.36 (KHTML, like Gecko) Chrome/103.0.0.0 Safari/537.36"
::ffff:135.125.246.110 - - [12/Jun/2023:21:32:01 +0000] "POST / HTTP/1.1" 404 140 "-" "Mozilla/5.0 (X11; Linux x86_64) AppleWebKit/537.36 (KHTML, like Gecko) Chrome/81.0.4044.129 Safari/537.36"
::ffff:135.125.246.110 - - [12/Jun/2023:21:32:01 +0000] "GET /.env HTTP/1.1" 404 143 "-" "Mozilla/5.0 (X11; Linux x86_64) AppleWebKit/537.36 (KHTML, like Gecko) Chrome/81.0.4044.129 Safari/537.36"
::ffff:43.155.118.219 - - [12/Jun/2023:21:46:09 +0000] "HEAD /Core/Skin/Login.aspx HTTP/1.1" 404 160 "-" "Mozilla/5.0 (Windows NT 10.0; Win64; x64) AppleWebKit/537.36 (KHTML, like Gecko) Chrome/106.0.0.0 Safari/537.36"
::ffff:76.248.92.171 - - [12/Jun/2023:21:55:06 +0000] "GET / HTTP/1.1" 200 57394 "-" "Mozilla/5.0 (Windows NT 10.0; Win64; x64) AppleWebKit/537.36 (KHTML, like Gecko) Chrome/60.0.3112.113 Safari/537.36"
::ffff:76.248.92.171 - - [12/Jun/2023:21:55:12 +0000] "GET /contact?s=1&ss=11 HTTP/1.1" 200 9997 "-" "Mozilla/5.0 (Windows NT 6.1; WOW64; rv:52.0) Gecko/20100101 Firefox/52.0"
::ffff:76.248.92.171 - - [12/Jun/2023:21:55:13 +0000] "GET /contact?s=1&ss=10 HTTP/1.1" 200 9997 "-" "Mozilla/5.0 (Windows NT 6.2; WOW64; Trident/7.0; rv:11.0) like Gecko"
::ffff:76.248.92.171 - - [12/Jun/2023:21:55:15 +0000] "GET /contact?s=1&ss=9 HTTP/1.1" 200 9997 "-" "Mozilla/5.0 (Windows NT 10.0; Win64; x64) AppleWebKit/537.36 (KHTML, like Gecko) Chrome/51.0.2704.79 Safari/537.36 Edge/14.14393"
::ffff:76.248.92.171 - - [12/Jun/2023:21:55:15 +0000] "GET /contact?s=1&ss=8 HTTP/1.1" 200 9997 "-" "Mozilla/5.0 (Windows NT 10.0; Win64; x64) AppleWebKit/537.36 (KHTML, like Gecko) Chrome/51.0.2704.79 Safari/537.36 Edge/14.14393"
::ffff:76.248.92.171 - - [12/Jun/2023:21:55:15 +0000] "GET /contact?s=1&ss=7 HTTP/1.1" 200 9997 "-" "Mozilla/5.0 (Windows NT 10.0; Win64; x64) AppleWebKit/537.36 (KHTML, like Gecko) Chrome/51.0.2704.79 Safari/537.36 Edge/14.14393"
::ffff:76.248.92.171 - - [12/Jun/2023:21:55:17 +0000] "GET /contact?s=1&ss=6 HTTP/1.1" 200 9997 "-" "Mozilla/5.0 (Windows NT 5.1; Win64; x64) AppleWebKit/537.36 (KHTML, like Gecko) Chrome/60.0.3112.90 Safari/537.36"
::ffff:76.248.92.171 - - [12/Jun/2023:21:55:19 +0000] "GET /contact?s=1&ss=5 HTTP/1.1" 200 9997 "-" "Mozilla/5.0 (Windows NT 6.3; WOW64; Trident/7.0; rv:11.0) like Gecko"
::ffff:76.248.92.171 - - [12/Jun/2023:21:55:19 +0000] "GET /contact?s=1&ss=4 HTTP/1.1" 200 9997 "-" "Mozilla/5.0 (Windows NT 6.1; WOW64; rv:40.0) Gecko/20100101 Firefox/40.1"
::ffff:76.248.92.171 - - [12/Jun/2023:21:55:19 +0000] "GET /contact?s=1&ss=3 HTTP/1.1" 200 9997 "-" "Mozilla/5.0 (Windows NT 6.1; WOW64; rv:40.0) Gecko/20100101 Firefox/40.1"
::ffff:76.248.92.171 - - [12/Jun/2023:21:55:21 +0000] "GET /contact?s=1&ss=1 HTTP/1.1" 200 9997 "-" "Mozilla/5.0 (Windows NT 10.0; Win64; x64) AppleWebKit/537.36 (KHTML, like Gecko) Chrome/55.0.2883.87 Safari/537.36"
::ffff:76.248.92.171 - - [12/Jun/2023:21:55:21 +0000] "GET /contact?s=1&ss=2 HTTP/1.1" 200 9997 "-" "Mozilla/5.0 (Windows NT 10.0; Win64; x64) AppleWebKit/537.36 (KHTML, like Gecko) Chrome/55.0.2883.87 Safari/537.36"
::ffff:76.248.92.171 - - [12/Jun/2023:21:55:23 +0000] "GET /contact?s=1&ss=0 HTTP/1.1" 200 9997 "-" "Mozilla/5.0 (Windows NT 10.0; WOW64; rv:50.0) Gecko/20100101 Firefox/50.0"
::ffff:76.248.92.171 - - [12/Jun/2023:21:55:23 +0000] "GET /contact HTTP/1.1" 200 10017 "-" "Mozilla/5.0 (Windows NT 10.0; WOW64; rv:50.0) Gecko/20100101 Firefox/50.0"
::ffff:76.248.92.171 - - [12/Jun/2023:21:55:23 +0000] "GET / HTTP/1.1" 200 57394 "-" "Mozilla/5.0 (Windows NT 10.0; WOW64; Trident/7.0; rv:11.0) like Gecko"
::ffff:76.248.92.171 - - [12/Jun/2023:21:55:27 +0000] "GET /schools HTTP/1.1" 200 97308 "-" "Mozilla/5.0 (Windows NT 5.1; rv:7.0.1) Gecko/20100101 Firefox/7.0.1"
::ffff:76.248.92.171 - - [12/Jun/2023:21:55:28 +0000] "GET /resources HTTP/1.1" 200 194907 "-" "Mozilla/5.0 (Windows NT 5.1; rv:7.0.1) Gecko/20100101 Firefox/7.0.1"
::ffff:76.248.92.171 - - [12/Jun/2023:21:55:28 +0000] "GET /events HTTP/1.1" 200 5867 "-" "Mozilla/5.0 (Windows NT 5.1; rv:7.0.1) Gecko/20100101 Firefox/7.0.1"
::ffff:135.125.246.110 - - [12/Jun/2023:22:02:40 +0000] "POST / HTTP/1.1" 404 140 "-" "Mozilla/5.0 (X11; Linux x86_64) AppleWebKit/537.36 (KHTML, like Gecko) Chrome/81.0.4044.129 Safari/537.36"
::ffff:135.125.246.110 - - [12/Jun/2023:22:02:41 +0000] "GET /.env HTTP/1.1" 404 143 "-" "Mozilla/5.0 (X11; Linux x86_64) AppleWebKit/537.36 (KHTML, like Gecko) Chrome/81.0.4044.129 Safari/537.36"
::ffff:35.203.210.61 - - [12/Jun/2023:22:15:50 +0000] "GET / HTTP/1.1" 200 57394 "-" "Expanse, a Palo Alto Networks company, searches across the global IPv4 space multiple times per day to identify customers&#39; presences on the Internet. If you would like to be excluded from our scans, please send IP addresses/domains to: scaninfo@paloaltonetworks.com"
::ffff:51.89.5.185 - - [12/Jun/2023:22:43:15 +0000] "GET /.env HTTP/1.1" 404 143 "-" "Mozilla/5.0 (X11; Linux x86_64) AppleWebKit/537.36 (KHTML, like Gecko) Chrome/81.0.4044.129 Safari/537.36"
::ffff:51.89.5.185 - - [12/Jun/2023:22:43:15 +0000] "POST / HTTP/1.1" 404 140 "-" "Mozilla/5.0 (X11; Linux x86_64) AppleWebKit/537.36 (KHTML, like Gecko) Chrome/81.0.4044.129 Safari/537.36"
::ffff:194.113.235.171 - - [12/Jun/2023:22:44:50 +0000] "GET /w.php HTTP/1.1" 404 144 "http://wadokikai.org/w.php" "Mozilla/4.0 (compatible; MSIE 6.0; Windows NT 5.1; SV1)"
::ffff:194.113.235.171 - - [12/Jun/2023:22:45:10 +0000] "GET /applicazione.php HTTP/1.1" 404 155 "http://wadokikai.org/applicazione.php" "Mozilla/4.0 (compatible; MSIE 6.0; Windows NT 5.1; SV1)"
::ffff:23.98.191.47 - - [12/Jun/2023:22:47:05 +0000] "GET /.env HTTP/1.1" 404 143 "-" "Mozilla/5.0 (X11; Linux x86_64) AppleWebKit/537.36 (KHTML, like Gecko) Chrome/81.0.4044.129 Safari/537.36"
::ffff:23.98.191.47 - - [12/Jun/2023:22:47:06 +0000] "POST / HTTP/1.1" 404 140 "-" "Mozilla/5.0 (X11; Linux x86_64) AppleWebKit/537.36 (KHTML, like Gecko) Chrome/81.0.4044.129 Safari/537.36"
::ffff:128.14.134.134 - - [12/Jun/2023:22:53:46 +0000] "GET /Telerik.Web.UI.WebResource.axd?type=rau HTTP/1.1" 404 169 "-" "Mozilla/5.0 (Windows NT 10.0; Win64; x64) AppleWebKit/537.36 (KHTML, like Gecko) Chrome/60.0.3112.113 Safari/537.36"
::ffff:43.155.118.219 - - [12/Jun/2023:23:04:23 +0000] "HEAD /Core/Skin/Login.aspx HTTP/1.1" 404 160 "-" "Mozilla/5.0 (Windows NT 10.0; Win64; x64) AppleWebKit/537.36 (KHTML, like Gecko) Chrome/106.0.0.0 Safari/537.36"
::ffff:135.125.218.67 - - [12/Jun/2023:23:09:37 +0000] "GET /.env HTTP/1.1" 404 143 "-" "Mozilla/5.0 (X11; Linux x86_64) AppleWebKit/537.36 (KHTML, like Gecko) Chrome/81.0.4044.129 Safari/537.36"
::ffff:135.125.218.67 - - [12/Jun/2023:23:09:38 +0000] "POST / HTTP/1.1" 404 140 "-" "Mozilla/5.0 (X11; Linux x86_64) AppleWebKit/537.36 (KHTML, like Gecko) Chrome/81.0.4044.129 Safari/537.36"
::ffff:182.43.148.98 - - [12/Jun/2023:23:12:31 +0000] "GET / HTTP/1.1" 200 57394 "-" "Mozilla/5.0 (iPhone; CPU iPhone OS 13_2_3 like Mac OS X) AppleWebKit/605.1.15 (KHTML, like Gecko) Version/13.0.3 Mobile/15E148 Safari/604.1"
::ffff:135.125.246.110 - - [12/Jun/2023:23:19:35 +0000] "POST / HTTP/1.1" 404 140 "-" "Mozilla/5.0 (X11; Linux x86_64) AppleWebKit/537.36 (KHTML, like Gecko) Chrome/81.0.4044.129 Safari/537.36"
::ffff:135.125.246.110 - - [12/Jun/2023:23:19:35 +0000] "GET /.env HTTP/1.1" 404 143 "-" "Mozilla/5.0 (X11; Linux x86_64) AppleWebKit/537.36 (KHTML, like Gecko) Chrome/81.0.4044.129 Safari/537.36"
::ffff:66.240.236.109 - - [12/Jun/2023:23:24:58 +0000] "GET / HTTP/1.1" 200 57394 "-" "Mozilla/5.0 zgrab/0.x"
::ffff:68.183.203.70 - - [12/Jun/2023:23:38:36 +0000] "GET / HTTP/1.1" 200 57394 "-" "Mozilla/5.0 (Windows NT 10.0; Win64; x64) AppleWebKit/537.36 (KHTML, like Gecko) Chrome/108.0.0.0 Safari/537.36"
::ffff:68.183.203.70 - - [12/Jun/2023:23:38:37 +0000] "GET /client/get_targets HTTP/1.1" 404 157 "-" "Mozilla/5.0 (Windows NT 10.0; Win64; x64) AppleWebKit/537.36 (KHTML, like Gecko) Chrome/108.0.0.0 Safari/537.36"
::ffff:68.183.203.70 - - [12/Jun/2023:23:38:37 +0000] "GET /upl.php HTTP/1.1" 404 146 "-" "Mozilla/5.0"
::ffff:68.183.203.70 - - [12/Jun/2023:23:38:37 +0000] "GET /geoip/ HTTP/1.1" 404 145 "-" "Mozilla/5.0 (Windows NT 10.0; Win64; x64) AppleWebKit/537.36 (KHTML, like Gecko) Chrome/108.0.0.0 Safari/537.36"
::ffff:68.183.203.70 - - [12/Jun/2023:23:38:38 +0000] "GET / HTTP/1.1" 200 57394 "-" "Mozilla/5.0 (iPhone; CPU iPhone OS 13_3_1 like Mac OS X) AppleWebKit/605.1.15 (KHTML, like Gecko) Version/13.0.5 Mobile/15E148 Snapchat/10.77.0.54 (like Safari/604.1)"
::ffff:68.183.203.70 - - [12/Jun/2023:23:38:38 +0000] "GET /favicon.ico HTTP/1.1" 404 150 "-" "Mozilla/5.0 (Windows NT 10.0; Win64; x64) AppleWebKit/537.36 (KHTML, like Gecko) Chrome/108.0.0.0 Safari/537.36"
::ffff:68.183.203.70 - - [12/Jun/2023:23:38:38 +0000] "GET /1.php HTTP/1.1" 404 144 "-" "Mozilla/5.0 (Windows NT 10.0; Win64; x64) AppleWebKit/537.36 (KHTML, like Gecko) Chrome/108.0.0.0 Safari/537.36"
::ffff:68.183.203.70 - - [12/Jun/2023:23:38:39 +0000] "GET /bundle.js HTTP/1.1" 404 148 "-" "Mozilla/5.0 (Windows NT 10.0; Win64; x64) AppleWebKit/537.36 (KHTML, like Gecko) Chrome/108.0.0.0 Safari/537.36"
::ffff:68.183.203.70 - - [12/Jun/2023:23:38:39 +0000] "GET /files/ HTTP/1.1" 404 145 "-" "Mozilla/5.0 (Windows NT 10.0; Win64; x64) AppleWebKit/537.36 (KHTML, like Gecko) Chrome/108.0.0.0 Safari/537.36"
::ffff:193.35.18.52 - - [12/Jun/2023:23:40:37 +0000] "POST /boaform/admin/formLogin HTTP/1.1" 404 163 "http://34.212.47.6:80/admin/login.asp" "Mozilla/5.0 (X11; Ubuntu; Linux x86_64; rv:71.0) Gecko/20100101 Firefox/71.0"
::ffff:34.76.96.55 - - [12/Jun/2023:23:45:36 +0000] "GET / HTTP/1.1" 200 57394 "-" "python-requests/2.28.2"
::ffff:45.79.171.66 - - [12/Jun/2023:23:48:43 +0000] "GET /service.php?token=1819&action=11 HTTP/1.0" 404 150 "-" "-"
::ffff:83.97.73.89 - - [12/Jun/2023:23:53:08 +0000] "GET / HTTP/1.1" 200 57394 "-" "Mozilla/5.0 (Windows NT 10.0; Win64; x64) AppleWebKit/537.36 (KHTML, like Gecko) Chrome/78.0.3904.108 Safari/537.36"
::ffff:45.79.171.66 - - [12/Jun/2023:23:55:24 +0000] "GET /service.php?token=1819&action=11 HTTP/1.0" 404 150 "-" "-"
