::ffff:179.43.191.194 - - [20/Aug/2023:00:06:56 +0000] "GET / HTTP/1.1" 200 57490 "-" "Hello World"
::ffff:205.210.31.30 - - [20/Aug/2023:00:17:16 +0000] "GET / HTTP/1.1" 200 57490 "-" "Expanse, a Palo Alto Networks company, searches across the global IPv4 space multiple times per day to identify customers&#39; presences on the Internet. If you would like to be excluded from our scans, please send IP addresses/domains to: scaninfo@paloaltonetworks.com"
::ffff:66.249.66.193 - - [20/Aug/2023:00:32:11 +0000] "GET / HTTP/1.1" 304 - "-" "Mozilla/5.0 (compatible; Googlebot/2.1; +http://www.google.com/bot.html)"
::ffff:66.249.66.193 - - [20/Aug/2023:00:32:14 +0000] "GET /js/common.js HTTP/1.1" 200 2255 "http://wadokikai.org/" "Mozilla/5.0 AppleWebKit/537.36 (KHTML, like Gecko; compatible; Googlebot/2.1; +http://www.google.com/bot.html) Chrome/116.0.5845.96 Safari/537.36"
::ffff:38.68.52.51 - - [20/Aug/2023:00:41:01 +0000] "GET /.env HTTP/1.1" 404 143 "-" "Mozilla/5.0 (X11; Linux x86_64) AppleWebKit/537.36 (KHTML, like Gecko) Chrome/81.0.4044.129 Safari/537.36"
::ffff:38.68.52.51 - - [20/Aug/2023:00:41:01 +0000] "POST / HTTP/1.1" 404 140 "-" "Mozilla/5.0 (X11; Linux x86_64) AppleWebKit/537.36 (KHTML, like Gecko) Chrome/81.0.4044.129 Safari/537.36"
::ffff:114.119.155.170 - - [20/Aug/2023:00:56:49 +0000] "GET /events HTTP/1.1" 200 5867 "https://wadokikai.org/contact?s=1&ss=1" "Mozilla/5.0 (Linux; Android 7.0;) AppleWebKit/537.36 (KHTML, like Gecko) Mobile Safari/537.36 (compatible; PetalBot;+https://webmaster.petalsearch.com/site/petalbot)"
::ffff:135.125.246.110 - - [20/Aug/2023:01:02:46 +0000] "POST / HTTP/1.1" 404 140 "-" "Mozilla/5.0 (X11; Linux x86_64) AppleWebKit/537.36 (KHTML, like Gecko) Chrome/81.0.4044.129 Safari/537.36"
::ffff:135.125.246.110 - - [20/Aug/2023:01:02:46 +0000] "GET /.env HTTP/1.1" 404 143 "-" "Mozilla/5.0 (X11; Linux x86_64) AppleWebKit/537.36 (KHTML, like Gecko) Chrome/81.0.4044.129 Safari/537.36"
::ffff:43.155.118.219 - - [20/Aug/2023:01:08:37 +0000] "HEAD /Core/Skin/Login.aspx HTTP/1.1" 404 160 "-" "Mozilla/5.0 (Windows NT 10.0; Win64; x64) AppleWebKit/537.36 (KHTML, like Gecko) Chrome/106.0.0.0 Safari/537.36"
::ffff:51.222.253.16 - - [20/Aug/2023:01:26:46 +0000] "GET /events HTTP/1.1" 200 5867 "-" "Mozilla/5.0 (compatible; AhrefsBot/7.0; +http://ahrefs.com/robot/)"
::ffff:51.89.5.185 - - [20/Aug/2023:01:40:15 +0000] "GET /.env HTTP/1.1" 404 143 "-" "Mozilla/5.0 (X11; Linux x86_64) AppleWebKit/537.36 (KHTML, like Gecko) Chrome/81.0.4044.129 Safari/537.36"
::ffff:51.89.5.185 - - [20/Aug/2023:01:40:16 +0000] "POST / HTTP/1.1" 404 140 "-" "Mozilla/5.0 (X11; Linux x86_64) AppleWebKit/537.36 (KHTML, like Gecko) Chrome/81.0.4044.129 Safari/537.36"
::ffff:87.236.176.252 - - [20/Aug/2023:01:45:30 +0000] "GET / HTTP/1.1" 200 57490 "-" "Mozilla/5.0 (compatible; InternetMeasurement/1.0; +https://internet-measurement.com/)"
::ffff:87.236.176.118 - - [20/Aug/2023:01:45:31 +0000] "GET /images/favicon.ico HTTP/1.1" 200 3638 "-" "Mozilla/5.0 (compatible; InternetMeasurement/1.0; +https://internet-measurement.com/)"
::ffff:135.125.246.110 - - [20/Aug/2023:01:57:53 +0000] "POST / HTTP/1.1" 404 140 "-" "Mozilla/5.0 (X11; Linux x86_64) AppleWebKit/537.36 (KHTML, like Gecko) Chrome/81.0.4044.129 Safari/537.36"
::ffff:135.125.246.110 - - [20/Aug/2023:01:57:54 +0000] "GET /.env HTTP/1.1" 404 143 "-" "Mozilla/5.0 (X11; Linux x86_64) AppleWebKit/537.36 (KHTML, like Gecko) Chrome/81.0.4044.129 Safari/537.36"
::ffff:179.43.191.194 - - [20/Aug/2023:02:06:47 +0000] "GET / HTTP/1.1" 200 57490 "-" "Hello World"
::ffff:141.98.11.60 - - [20/Aug/2023:02:11:46 +0000] "GET / HTTP/1.1" 200 57490 "-" "Mozilla/5.0 (Windows NT 10.0; Win64; x64) AppleWebKit/537.36 (KHTML, like Gecko) Chrome/90.0.4430.85 Safari/537.36 Edg/90.0.818.46"
::ffff:107.173.209.92 - - [20/Aug/2023:02:20:31 +0000] "GET /contact.html HTTP/1.1" 404 151 "-" "Mozilla/5.0 (Macintosh; Intel Mac OS X 12_5) AppleWebKit/537.36 (KHTML, like Gecko) Chrome/114.0.0.0 YaBrowser/22.7.0 Yowser/2.5 Safari/537.36"
::ffff:107.173.209.92 - - [20/Aug/2023:02:20:31 +0000] "GET / HTTP/1.1" 200 57490 "-" "Mozilla/5.0 (Macintosh; Intel Mac OS X 12_5) AppleWebKit/537.36 (KHTML, like Gecko) Chrome/114.0.0.0 YaBrowser/22.7.0 Yowser/2.5 Safari/537.36"
::ffff:107.173.209.92 - - [20/Aug/2023:02:20:32 +0000] "GET /contact?s=1&ss=5 HTTP/1.1" 200 9997 "http://wadokikai.org/contact.html" "Mozilla/5.0 (Macintosh; Intel Mac OS X 12_5) AppleWebKit/537.36 (KHTML, like Gecko) Chrome/114.0.0.0 YaBrowser/22.7.0 Yowser/2.5 Safari/537.36"
::ffff:107.173.209.92 - - [20/Aug/2023:02:20:32 +0000] "GET /contact?s=1&ss=4 HTTP/1.1" 200 9997 "http://wadokikai.org/contact.html" "Mozilla/5.0 (Macintosh; Intel Mac OS X 12_5) AppleWebKit/537.36 (KHTML, like Gecko) Chrome/114.0.0.0 YaBrowser/22.7.0 Yowser/2.5 Safari/537.36"
::ffff:107.173.209.92 - - [20/Aug/2023:02:20:33 +0000] "GET /contact?s=1&ss=3 HTTP/1.1" 200 9997 "http://wadokikai.org/contact.html" "Mozilla/5.0 (Macintosh; Intel Mac OS X 12_5) AppleWebKit/537.36 (KHTML, like Gecko) Chrome/114.0.0.0 YaBrowser/22.7.0 Yowser/2.5 Safari/537.36"
::ffff:107.173.209.92 - - [20/Aug/2023:02:20:34 +0000] "GET /contact?s=1&ss=6 HTTP/1.1" 200 9997 "http://wadokikai.org/contact.html" "Mozilla/5.0 (Macintosh; Intel Mac OS X 12_5) AppleWebKit/537.36 (KHTML, like Gecko) Chrome/114.0.0.0 YaBrowser/22.7.0 Yowser/2.5 Safari/537.36"
::ffff:107.173.209.92 - - [20/Aug/2023:02:20:35 +0000] "GET /contact?s=1&ss=9 HTTP/1.1" 200 9997 "http://wadokikai.org/contact.html" "Mozilla/5.0 (Macintosh; Intel Mac OS X 12_5) AppleWebKit/537.36 (KHTML, like Gecko) Chrome/114.0.0.0 YaBrowser/22.7.0 Yowser/2.5 Safari/537.36"
::ffff:107.173.209.92 - - [20/Aug/2023:02:20:36 +0000] "GET /contact?s=1&ss=8 HTTP/1.1" 200 9997 "http://wadokikai.org/contact.html" "Mozilla/5.0 (Macintosh; Intel Mac OS X 12_5) AppleWebKit/537.36 (KHTML, like Gecko) Chrome/114.0.0.0 YaBrowser/22.7.0 Yowser/2.5 Safari/537.36"
::ffff:107.173.209.92 - - [20/Aug/2023:02:20:36 +0000] "GET /contact?s=1&ss=7 HTTP/1.1" 200 9997 "http://wadokikai.org/contact.html" "Mozilla/5.0 (Macintosh; Intel Mac OS X 12_5) AppleWebKit/537.36 (KHTML, like Gecko) Chrome/114.0.0.0 YaBrowser/22.7.0 Yowser/2.5 Safari/537.36"
::ffff:107.173.209.92 - - [20/Aug/2023:02:20:37 +0000] "GET /contact?s=1&ss=1 HTTP/1.1" 200 9997 "http://wadokikai.org/contact.html" "Mozilla/5.0 (Macintosh; Intel Mac OS X 12_5) AppleWebKit/537.36 (KHTML, like Gecko) Chrome/114.0.0.0 YaBrowser/22.7.0 Yowser/2.5 Safari/537.36"
::ffff:107.173.209.92 - - [20/Aug/2023:02:20:38 +0000] "GET /contact?s=1&ss=0 HTTP/1.1" 200 9997 "http://wadokikai.org/contact.html" "Mozilla/5.0 (Macintosh; Intel Mac OS X 12_5) AppleWebKit/537.36 (KHTML, like Gecko) Chrome/114.0.0.0 YaBrowser/22.7.0 Yowser/2.5 Safari/537.36"
::ffff:107.173.209.92 - - [20/Aug/2023:02:20:38 +0000] "GET /contact HTTP/1.1" 200 10017 "http://wadokikai.org/contact.html" "Mozilla/5.0 (Macintosh; Intel Mac OS X 12_5) AppleWebKit/537.36 (KHTML, like Gecko) Chrome/114.0.0.0 YaBrowser/22.7.0 Yowser/2.5 Safari/537.36"
::ffff:107.173.209.92 - - [20/Aug/2023:02:20:39 +0000] "POST /sendemail HTTP/1.1" 302 96 "http://wadokikai.org/contact?s=1&ss=7" "Mozilla/5.0 (Macintosh; Intel Mac OS X 12_5) AppleWebKit/537.36 (KHTML, like Gecko) Chrome/114.0.0.0 YaBrowser/22.7.0 Yowser/2.5 Safari/537.36"
::ffff:107.173.209.92 - - [20/Aug/2023:02:20:40 +0000] "GET /contact/?msg=sent&s=1 HTTP/1.1" 200 10400 "http://wadokikai.org/sendemail" "Mozilla/5.0 (Macintosh; Intel Mac OS X 12_5) AppleWebKit/537.36 (KHTML, like Gecko) Chrome/114.0.0.0 YaBrowser/22.7.0 Yowser/2.5 Safari/537.36"
::ffff:35.92.250.184 - - [20/Aug/2023:02:38:27 +0000] "GET /.well-known/acme-challenge/83UWoAABsFo-7KhmVaaJfM23hVtM0eDB5D5cwnZDdhQ HTTP/1.1" 404 209 "-" "Mozilla/5.0 (compatible; Let's Encrypt validation server; +https://www.letsencrypt.org)"
::ffff:13.58.26.141 - - [20/Aug/2023:02:38:27 +0000] "GET /.well-known/acme-challenge/83UWoAABsFo-7KhmVaaJfM23hVtM0eDB5D5cwnZDdhQ HTTP/1.1" 404 209 "-" "Mozilla/5.0 (compatible; Let's Encrypt validation server; +https://www.letsencrypt.org)"
::ffff:23.178.112.202 - - [20/Aug/2023:02:38:27 +0000] "GET /.well-known/acme-challenge/83UWoAABsFo-7KhmVaaJfM23hVtM0eDB5D5cwnZDdhQ HTTP/1.1" 404 209 "-" "Mozilla/5.0 (compatible; Let's Encrypt validation server; +https://www.letsencrypt.org)"
::ffff:54.149.76.18 - - [20/Aug/2023:02:38:34 +0000] "GET /.well-known/acme-challenge/gVlGN5YOLkkIAP3vuWLL1WZT260tMPj7DdyF-_ySwoA HTTP/1.1" 404 209 "-" "Mozilla/5.0 (compatible; Let's Encrypt validation server; +https://www.letsencrypt.org)"
::ffff:3.141.192.5 - - [20/Aug/2023:02:38:34 +0000] "GET /.well-known/acme-challenge/gVlGN5YOLkkIAP3vuWLL1WZT260tMPj7DdyF-_ySwoA HTTP/1.1" 404 209 "-" "Mozilla/5.0 (compatible; Let's Encrypt validation server; +https://www.letsencrypt.org)"
::ffff:23.178.112.200 - - [20/Aug/2023:02:38:35 +0000] "GET /.well-known/acme-challenge/gVlGN5YOLkkIAP3vuWLL1WZT260tMPj7DdyF-_ySwoA HTTP/1.1" 404 209 "-" "Mozilla/5.0 (compatible; Let's Encrypt validation server; +https://www.letsencrypt.org)"
::ffff:43.155.118.219 - - [20/Aug/2023:02:42:04 +0000] "HEAD /Core/Skin/Login.aspx HTTP/1.1" 404 160 "-" "Mozilla/5.0 (Windows NT 10.0; Win64; x64) AppleWebKit/537.36 (KHTML, like Gecko) Chrome/106.0.0.0 Safari/537.36"
::ffff:85.239.33.6 - - [20/Aug/2023:02:44:08 +0000] "GET / HTTP/1.1" 200 57490 "-" "Mozilla/5.0 (iPhone; CPU iPhone OS 15_0_2 like Mac OS X) AppleWebKit/605.1.15 (KHTML, like Gecko) Version/15.0 Mobile/15E148 Safari/604.1"
::ffff:85.239.33.6 - - [20/Aug/2023:02:46:02 +0000] "GET /.env HTTP/1.1" 404 143 "-" "Mozilla/5.0 (Windows NT 10.0; Win64; x64) AppleWebKit/537.36 (KHTML, like Gecko) Chrome/58.0.3029.110 Safari/537.36"
::ffff:198.235.24.100 - - [20/Aug/2023:02:55:00 +0000] "GET / HTTP/1.0" 200 57490 "-" "Expanse, a Palo Alto Networks company, searches across the global IPv4 space multiple times per day to identify customers&#39; presences on the Internet. If you would like to be excluded from our scans, please send IP addresses/domains to: scaninfo@paloaltonetworks.com"
::ffff:54.171.118.229 - - [20/Aug/2023:03:11:21 +0000] "GET /robots.txt HTTP/1.1" 404 149 "-" "webprosbot/2.0 (+mailto:abuse-6337@webpros.com)"
::ffff:54.171.118.229 - - [20/Aug/2023:03:11:22 +0000] "GET / HTTP/1.1" 200 57490 "-" "webprosbot/2.0 (+mailto:abuse-6337@webpros.com)"
::ffff:106.75.21.80 - - [20/Aug/2023:03:23:10 +0000] "GET / HTTP/1.1" 200 57490 "-" "-"
::ffff:185.254.196.186 - - [20/Aug/2023:04:00:56 +0000] "GET /.env HTTP/1.1" 404 143 "-" "Mozilla/5.0 (X11; Linux x86_64) AppleWebKit/537.36 (KHTML, like Gecko) Chrome/81.0.4044.129 Safari/537.36"
::ffff:185.254.196.186 - - [20/Aug/2023:04:00:59 +0000] "POST / HTTP/1.1" 404 140 "-" "Mozilla/5.0 (X11; Linux x86_64) AppleWebKit/537.36 (KHTML, like Gecko) Chrome/81.0.4044.129 Safari/537.36"
::ffff:135.125.246.110 - - [20/Aug/2023:04:04:57 +0000] "POST / HTTP/1.1" 404 140 "-" "Mozilla/5.0 (X11; Linux x86_64) AppleWebKit/537.36 (KHTML, like Gecko) Chrome/81.0.4044.129 Safari/537.36"
::ffff:135.125.246.110 - - [20/Aug/2023:04:04:57 +0000] "GET /.env HTTP/1.1" 404 143 "-" "Mozilla/5.0 (X11; Linux x86_64) AppleWebKit/537.36 (KHTML, like Gecko) Chrome/81.0.4044.129 Safari/537.36"
::ffff:43.155.118.219 - - [20/Aug/2023:04:15:32 +0000] "HEAD /Core/Skin/Login.aspx HTTP/1.1" 404 160 "-" "Mozilla/5.0 (Windows NT 10.0; Win64; x64) AppleWebKit/537.36 (KHTML, like Gecko) Chrome/106.0.0.0 Safari/537.36"
::ffff:118.193.59.15 - - [20/Aug/2023:04:29:10 +0000] "GET / HTTP/1.1" 200 57490 "-" "curl/7.29.0"
::ffff:118.194.250.129 - - [20/Aug/2023:04:29:54 +0000] "GET / HTTP/1.1" 200 57490 "-" "Mozilla/5.0 (Macintosh; Intel Mac OS X 8_2) AppleWebKit/549.39 (KHTML, like Gecko) Chrome/86.0.2551 Safari/537.36"
::ffff:118.194.250.129 - - [20/Aug/2023:04:29:55 +0000] "GET /images/favicon.ico HTTP/1.1" 200 3638 "-" "Mozilla/5.0 (Macintosh; Intel Mac OS X 8_2_1) AppleWebKit/579.50 (KHTML, like Gecko) Chrome/85.0.2706 Safari/537.36"
::ffff:118.194.250.129 - - [20/Aug/2023:04:29:55 +0000] "GET /robots.txt HTTP/1.1" 404 149 "-" "Mozilla/5.0 (Windows NT 8_1_1; Win64; x64) AppleWebKit/591.43 (KHTML, like Gecko) Chrome/96.0.872 Safari/537.36"
::ffff:118.194.250.129 - - [20/Aug/2023:04:29:55 +0000] "GET /sitemap.xml HTTP/1.1" 404 150 "-" "Mozilla/5.0 (Windows NT 8_2; Win64; x64) AppleWebKit/540.55 (KHTML, like Gecko) Chrome/81.0.260 Safari/537.36"
::ffff:92.118.39.83 - - [20/Aug/2023:04:41:58 +0000] "GET /.env HTTP/1.1" 404 143 "-" "Mozilla/5.0 (X11; Linux x86_64) AppleWebKit/537.36 (KHTML, like Gecko) Chrome/81.0.4044.129 Safari/537.36"
::ffff:92.118.39.83 - - [20/Aug/2023:04:41:58 +0000] "POST / HTTP/1.1" 404 140 "-" "Mozilla/5.0 (X11; Linux x86_64) AppleWebKit/537.36 (KHTML, like Gecko) Chrome/81.0.4044.129 Safari/537.36"
::ffff:192.241.195.48 - - [20/Aug/2023:04:42:36 +0000] "GET /owa/auth/x.js HTTP/1.1" 404 152 "-" "Mozilla/5.0 zgrab/0.x"
::ffff:185.180.143.6 - - [20/Aug/2023:04:44:15 +0000] "GET / HTTP/1.1" 200 57490 "-" "Mozilla/5.0 (Windows NT 10.0; Win64; x64) AppleWebKit/537.36 (KHTML, like Gecko) Chrome/60.0.3112.113 Safari/537.36"
::ffff:205.210.31.13 - - [20/Aug/2023:04:45:38 +0000] "GET / HTTP/1.1" 200 57490 "-" "Expanse, a Palo Alto Networks company, searches across the global IPv4 space multiple times per day to identify customers&#39; presences on the Internet. If you would like to be excluded from our scans, please send IP addresses/domains to: scaninfo@paloaltonetworks.com"
::ffff:45.91.168.9 - - [20/Aug/2023:04:51:09 +0000] "GET /.env HTTP/1.1" 404 143 "-" "Mozilla/5.0 (X11; Linux x86_64) AppleWebKit/537.36 (KHTML, like Gecko) Chrome/81.0.4044.129 Safari/537.36"
::ffff:45.91.168.9 - - [20/Aug/2023:04:51:10 +0000] "POST / HTTP/1.1" 404 140 "-" "Mozilla/5.0 (X11; Linux x86_64) AppleWebKit/537.36 (KHTML, like Gecko) Chrome/81.0.4044.129 Safari/537.36"
::ffff:45.91.168.9 - - [20/Aug/2023:04:51:11 +0000] "GET /.env HTTP/1.1" 404 143 "-" "Mozilla/5.0 (X11; Linux x86_64) AppleWebKit/537.36 (KHTML, like Gecko) Chrome/81.0.4044.129 Safari/537.36"
::ffff:45.91.168.9 - - [20/Aug/2023:04:51:12 +0000] "POST / HTTP/1.1" 404 140 "-" "Mozilla/5.0 (X11; Linux x86_64) AppleWebKit/537.36 (KHTML, like Gecko) Chrome/81.0.4044.129 Safari/537.36"
::ffff:66.249.66.195 - - [20/Aug/2023:04:53:42 +0000] "GET /robots.txt HTTP/1.1" 404 149 "-" "Mozilla/5.0 (compatible; Googlebot/2.1; +http://www.google.com/bot.html)"
::ffff:66.249.66.197 - - [20/Aug/2023:04:53:42 +0000] "GET / HTTP/1.1" 304 - "-" "Mozilla/5.0 (compatible; Googlebot/2.1; +http://www.google.com/bot.html)"
::ffff:66.249.66.195 - - [20/Aug/2023:04:53:43 +0000] "GET /css/wadokikai.css HTTP/1.1" 200 4337 "http://wadokikai.org/" "Mozilla/5.0 AppleWebKit/537.36 (KHTML, like Gecko; compatible; Googlebot/2.1; +http://www.google.com/bot.html) Chrome/116.0.5845.96 Safari/537.36"
::ffff:66.249.66.196 - - [20/Aug/2023:04:53:44 +0000] "GET /js/common.js HTTP/1.1" 200 2255 "http://wadokikai.org/" "Mozilla/5.0 AppleWebKit/537.36 (KHTML, like Gecko; compatible; Googlebot/2.1; +http://www.google.com/bot.html) Chrome/116.0.5845.96 Safari/537.36"
::ffff:94.102.61.7 - - [20/Aug/2023:04:54:31 +0000] "GET / HTTP/1.1" 200 57490 "-" "Mozilla/5.0 (Windows NT 10.0; Win64; x64) AppleWebKit/537.36 (KHTML, like Gecko) Chrome/88.0.4324.190 Safari/537.36"
::ffff:114.119.140.13 - - [20/Aug/2023:05:04:22 +0000] "GET /contact?s=1&ss=1 HTTP/1.1" 200 9997 "http://www.wadokikai.org/" "Mozilla/5.0 (Linux; Android 7.0;) AppleWebKit/537.36 (KHTML, like Gecko) Mobile Safari/537.36 (compatible; PetalBot;+https://webmaster.petalsearch.com/site/petalbot)"
::ffff:135.125.246.110 - - [20/Aug/2023:05:09:52 +0000] "POST / HTTP/1.1" 404 140 "-" "Mozilla/5.0 (X11; Linux x86_64) AppleWebKit/537.36 (KHTML, like Gecko) Chrome/81.0.4044.129 Safari/537.36"
::ffff:135.125.246.110 - - [20/Aug/2023:05:09:52 +0000] "GET /.env HTTP/1.1" 404 143 "-" "Mozilla/5.0 (X11; Linux x86_64) AppleWebKit/537.36 (KHTML, like Gecko) Chrome/81.0.4044.129 Safari/537.36"
::ffff:17.241.75.17 - - [20/Aug/2023:05:20:36 +0000] "GET /robots.txt HTTP/1.1" 404 149 "-" "Mozilla/5.0 (Macintosh; Intel Mac OS X 10_15_5) AppleWebKit/605.1.15 (KHTML, like Gecko) Version/13.1.1 Safari/605.1.15 (Applebot/0.1; +http://www.apple.com/go/applebot)"
::ffff:17.241.75.17 - - [20/Aug/2023:05:20:36 +0000] "GET / HTTP/1.1" 200 57490 "-" "Mozilla/5.0 (Macintosh; Intel Mac OS X 10_15_5) AppleWebKit/605.1.15 (KHTML, like Gecko) Version/13.1.1 Safari/605.1.15 (Applebot/0.1; +http://www.apple.com/go/applebot)"
::ffff:185.254.196.186 - - [20/Aug/2023:05:31:14 +0000] "GET /.env HTTP/1.1" 404 143 "-" "Mozilla/5.0 (X11; Linux x86_64) AppleWebKit/537.36 (KHTML, like Gecko) Chrome/81.0.4044.129 Safari/537.36"
::ffff:185.254.196.186 - - [20/Aug/2023:05:31:15 +0000] "POST / HTTP/1.1" 404 140 "-" "Mozilla/5.0 (X11; Linux x86_64) AppleWebKit/537.36 (KHTML, like Gecko) Chrome/81.0.4044.129 Safari/537.36"
::ffff:43.155.118.219 - - [20/Aug/2023:05:48:58 +0000] "HEAD /Core/Skin/Login.aspx HTTP/1.1" 404 160 "-" "Mozilla/5.0 (Windows NT 10.0; Win64; x64) AppleWebKit/537.36 (KHTML, like Gecko) Chrome/106.0.0.0 Safari/537.36"
::ffff:54.36.148.188 - - [20/Aug/2023:06:02:37 +0000] "GET /robots.txt HTTP/1.1" 404 149 "-" "Mozilla/5.0 (compatible; AhrefsBot/7.0; +http://ahrefs.com/robot/)"
::ffff:51.222.253.12 - - [20/Aug/2023:06:02:40 +0000] "GET / HTTP/1.1" 200 57490 "-" "Mozilla/5.0 (compatible; AhrefsBot/7.0; +http://ahrefs.com/robot/)"
::ffff:114.119.150.16 - - [20/Aug/2023:06:11:06 +0000] "GET /contact?s=1&ss=5 HTTP/1.1" 200 9997 "http://www.wadokikai.org/" "Mozilla/5.0 (Linux; Android 7.0;) AppleWebKit/537.36 (KHTML, like Gecko) Mobile Safari/537.36 (compatible; PetalBot;+https://webmaster.petalsearch.com/site/petalbot)"
::ffff:45.92.1.155 - - [20/Aug/2023:06:13:23 +0000] "GET /.env HTTP/1.1" 404 143 "-" "Mozilla/5.0 (Linux; U; Android 4.4.2; en-US; HM NOTE 1W Build/KOT49H) AppleWebKit/534.30 (KHTML, like Gecko) Version/4.0 UCBrowser/11.0.5.850 U3/0.8.0 Mobile Safari/534.30"
::ffff:45.92.1.155 - - [20/Aug/2023:06:13:23 +0000] "POST / HTTP/1.1" 404 140 "-" "Mozilla/5.0 (Linux; U; Android 4.4.2; en-US; HM NOTE 1W Build/KOT49H) AppleWebKit/534.30 (KHTML, like Gecko) Version/4.0 UCBrowser/11.0.5.850 U3/0.8.0 Mobile Safari/534.30"
::ffff:45.92.1.155 - - [20/Aug/2023:06:13:24 +0000] "GET /.env HTTP/1.1" 404 143 "-" "Mozilla/5.0 (Linux; U; Android 4.4.2; en-US; HM NOTE 1W Build/KOT49H) AppleWebKit/534.30 (KHTML, like Gecko) Version/4.0 UCBrowser/11.0.5.850 U3/0.8.0 Mobile Safari/534.30"
::ffff:45.92.1.155 - - [20/Aug/2023:06:13:25 +0000] "POST / HTTP/1.1" 404 140 "-" "Mozilla/5.0 (Linux; U; Android 4.4.2; en-US; HM NOTE 1W Build/KOT49H) AppleWebKit/534.30 (KHTML, like Gecko) Version/4.0 UCBrowser/11.0.5.850 U3/0.8.0 Mobile Safari/534.30"
::ffff:198.199.118.127 - - [20/Aug/2023:06:15:17 +0000] "GET /druid/index.html HTTP/1.1" 404 155 "-" "Mozilla/5.0 zgrab/0.x"
::ffff:94.156.102.113 - - [20/Aug/2023:06:27:17 +0000] "GET /.git/config HTTP/1.1" 404 150 "-" "Mozilla/5.0 (Windows NT 10.0; Win64; x64) AppleWebKit/537.36 (KHTML, like Gecko) Chrome/71.0.3578.98 Safari/537.36"
::ffff:51.89.5.185 - - [20/Aug/2023:06:30:31 +0000] "GET /.env HTTP/1.1" 404 143 "-" "Mozilla/5.0 (X11; Linux x86_64) AppleWebKit/537.36 (KHTML, like Gecko) Chrome/81.0.4044.129 Safari/537.36"
::ffff:51.89.5.185 - - [20/Aug/2023:06:30:32 +0000] "POST / HTTP/1.1" 404 140 "-" "Mozilla/5.0 (X11; Linux x86_64) AppleWebKit/537.36 (KHTML, like Gecko) Chrome/81.0.4044.129 Safari/537.36"
::ffff:162.142.125.223 - - [20/Aug/2023:06:34:51 +0000] "GET / HTTP/1.1" 200 57490 "-" "-"
::ffff:162.142.125.223 - - [20/Aug/2023:06:34:51 +0000] "GET / HTTP/1.1" 200 57490 "-" "Mozilla/5.0 (compatible; CensysInspect/1.1; +https://about.censys.io/)"
::ffff:162.142.125.223 - - [20/Aug/2023:06:34:51 +0000] "PRI * HTTP/2.0" - - "-" "-"
::ffff:162.142.125.223 - - [20/Aug/2023:06:34:51 +0000] "GET /images/favicon.ico HTTP/1.1" 200 3638 "-" "Mozilla/5.0 (compatible; CensysInspect/1.1; +https://about.censys.io/)"
::ffff:162.142.125.223 - - [20/Aug/2023:06:34:51 +0000] "GET /favicon.ico HTTP/1.1" 404 150 "-" "Mozilla/5.0 (compatible; CensysInspect/1.1; +https://about.censys.io/)"
::ffff:94.156.102.113 - - [20/Aug/2023:06:46:26 +0000] "GET /.git/config HTTP/1.1" 404 150 "-" "Mozilla/5.0 (Linux; Android 9; ONEPLUS A6003) AppleWebKit/537.36 (KHTML, like Gecko) Chrome/76.0.3809.89 Mobile Safari/537.36"
::ffff:103.113.107.155 - - [20/Aug/2023:07:03:59 +0000] "GET / HTTP/1.1" 200 57490 "-" "Mozilla/5.0 (Windows NT 10.0; WOW64) AppleWebKit/537.36 (KHTML, like Gecko) Chrome/52.0.2743.116 Safari/537.36"
::ffff:114.119.128.58 - - [20/Aug/2023:07:17:32 +0000] "GET /robots.txt HTTP/1.1" 404 149 "-" "Mozilla/5.0 (compatible;PetalBot;+https://webmaster.petalsearch.com/site/petalbot)"
::ffff:135.125.246.110 - - [20/Aug/2023:07:18:11 +0000] "POST / HTTP/1.1" 404 140 "-" "Mozilla/5.0 (X11; Linux x86_64) AppleWebKit/537.36 (KHTML, like Gecko) Chrome/81.0.4044.129 Safari/537.36"
::ffff:135.125.246.110 - - [20/Aug/2023:07:18:12 +0000] "GET /.env HTTP/1.1" 404 143 "-" "Mozilla/5.0 (X11; Linux x86_64) AppleWebKit/537.36 (KHTML, like Gecko) Chrome/81.0.4044.129 Safari/537.36"
::ffff:43.155.118.219 - - [20/Aug/2023:07:22:36 +0000] "HEAD /Core/Skin/Login.aspx HTTP/1.1" 404 160 "-" "Mozilla/5.0 (Windows NT 10.0; Win64; x64) AppleWebKit/537.36 (KHTML, like Gecko) Chrome/106.0.0.0 Safari/537.36"
::ffff:194.38.22.71 - - [20/Aug/2023:07:29:09 +0000] "GET /wp-content/plugins/html5avmanager/lib/uploadify/uploadify.css HTTP/1.1" 404 200 "-" "ALittle Client"
::ffff:198.54.114.14 - - [20/Aug/2023:07:32:35 +0000] "GET /wp-login.php HTTP/1.1" 404 151 "-" "Mozilla/5.0 (X11; Fedora; Linux x86_64; rv:94.0) Gecko/20100101 Firefox/95.0"
::ffff:114.119.154.89 - - [20/Aug/2023:07:39:27 +0000] "GET /contact?s=1&ss=0 HTTP/1.1" 200 9997 "https://wadokikai.org/" "Mozilla/5.0 (Linux; Android 7.0;) AppleWebKit/537.36 (KHTML, like Gecko) Mobile Safari/537.36 (compatible; PetalBot;+https://webmaster.petalsearch.com/site/petalbot)"
::ffff:51.222.253.7 - - [20/Aug/2023:08:12:04 +0000] "GET /robots.txt HTTP/1.1" 404 149 "-" "Mozilla/5.0 (compatible; AhrefsBot/7.0; +http://ahrefs.com/robot/)"
::ffff:51.222.253.8 - - [20/Aug/2023:08:12:06 +0000] "GET /contact?s=1&ss=2 HTTP/1.1" 200 9997 "-" "Mozilla/5.0 (compatible; AhrefsBot/7.0; +http://ahrefs.com/robot/)"
::ffff:51.89.5.185 - - [20/Aug/2023:08:12:30 +0000] "GET /.env HTTP/1.1" 404 143 "-" "Mozilla/5.0 (X11; Linux x86_64) AppleWebKit/537.36 (KHTML, like Gecko) Chrome/81.0.4044.129 Safari/537.36"
::ffff:51.89.5.185 - - [20/Aug/2023:08:12:31 +0000] "POST / HTTP/1.1" 404 140 "-" "Mozilla/5.0 (X11; Linux x86_64) AppleWebKit/537.36 (KHTML, like Gecko) Chrome/81.0.4044.129 Safari/537.36"
::ffff:198.199.97.39 - - [20/Aug/2023:08:15:03 +0000] "GET / HTTP/1.1" 200 57490 "-" "Mozilla/5.0 zgrab/0.x"
::ffff:114.119.128.5 - - [20/Aug/2023:08:24:57 +0000] "GET /contact?s=1&ss=11 HTTP/1.1" 200 9997 "http://www.wadokikai.org/" "Mozilla/5.0 (Linux; Android 7.0;) AppleWebKit/537.36 (KHTML, like Gecko) Mobile Safari/537.36 (compatible; PetalBot;+https://webmaster.petalsearch.com/site/petalbot)"
::ffff:154.16.20.238 - - [20/Aug/2023:08:25:51 +0000] "GET /contact?s=1&ss=7 HTTP/1.1" 200 9997 "-" "Mozilla/5.0 (Macintosh; Intel Mac OS X 12_5) AppleWebKit/537.36 (KHTML, like Gecko) Chrome/114.0.0.0 YaBrowser/22.7.0 Yowser/2.5 Safari/537.36"
::ffff:154.16.20.238 - - [20/Aug/2023:08:25:55 +0000] "POST /sendemail HTTP/1.1" 302 96 "http://wadokikai.org/contact?s=1&ss=7" "Mozilla/5.0 (Macintosh; Intel Mac OS X 12_5) AppleWebKit/537.36 (KHTML, like Gecko) Chrome/114.0.0.0 YaBrowser/22.7.0 Yowser/2.5 Safari/537.36"
::ffff:154.16.20.238 - - [20/Aug/2023:08:25:56 +0000] "GET /contact/?msg=sent&s=1 HTTP/1.1" 200 10400 "http://wadokikai.org/sendemail" "Mozilla/5.0 (Macintosh; Intel Mac OS X 12_5) AppleWebKit/537.36 (KHTML, like Gecko) Chrome/114.0.0.0 YaBrowser/22.7.0 Yowser/2.5 Safari/537.36"
::ffff:31.7.60.114 - - [20/Aug/2023:08:28:08 +0000] "GET / HTTP/1.1" 200 57490 "-" "Linux Gnu (cow)"
::ffff:114.119.151.233 - - [20/Aug/2023:08:28:21 +0000] "GET /images/Naha-lineage.jpg HTTP/1.1" 200 212379 "https://wadokikai.org/Naha-Line.html" "Mozilla/5.0 (Linux; Android 7.0;) AppleWebKit/537.36 (KHTML, like Gecko) Mobile Safari/537.36 (compatible; PetalBot;+https://webmaster.petalsearch.com/site/petalbot)"
::ffff:135.125.246.110 - - [20/Aug/2023:08:44:34 +0000] "POST / HTTP/1.1" 404 140 "-" "Mozilla/5.0 (X11; Linux x86_64) AppleWebKit/537.36 (KHTML, like Gecko) Chrome/81.0.4044.129 Safari/537.36"
::ffff:135.125.246.110 - - [20/Aug/2023:08:44:34 +0000] "GET /.env HTTP/1.1" 404 143 "-" "Mozilla/5.0 (X11; Linux x86_64) AppleWebKit/537.36 (KHTML, like Gecko) Chrome/81.0.4044.129 Safari/537.36"
::ffff:162.216.149.126 - - [20/Aug/2023:08:53:28 +0000] "GET / HTTP/1.1" 200 57490 "-" "Expanse, a Palo Alto Networks company, searches across the global IPv4 space multiple times per day to identify customers&#39; presences on the Internet. If you would like to be excluded from our scans, please send IP addresses/domains to: scaninfo@paloaltonetworks.com"
::ffff:43.155.118.219 - - [20/Aug/2023:08:56:21 +0000] "HEAD /Core/Skin/Login.aspx HTTP/1.1" 404 160 "-" "Mozilla/5.0 (Windows NT 10.0; Win64; x64) AppleWebKit/537.36 (KHTML, like Gecko) Chrome/106.0.0.0 Safari/537.36"
::ffff:185.254.196.173 - - [20/Aug/2023:08:57:51 +0000] "GET /.env HTTP/1.1" 404 143 "-" "Mozilla/5.0 (X11; Linux x86_64) AppleWebKit/537.36 (KHTML, like Gecko) Chrome/81.0.4044.129 Safari/537.36"
::ffff:185.254.196.173 - - [20/Aug/2023:08:57:53 +0000] "POST / HTTP/1.1" 404 140 "-" "Mozilla/5.0 (X11; Linux x86_64) AppleWebKit/537.36 (KHTML, like Gecko) Chrome/81.0.4044.129 Safari/537.36"
::ffff:192.241.239.4 - - [20/Aug/2023:09:06:31 +0000] "GET /autodiscover/autodiscover.json?@zdi/Powershell HTTP/1.1" 404 169 "-" "Mozilla/5.0 zgrab/0.x"
::ffff:162.243.147.7 - - [20/Aug/2023:09:22:30 +0000] "GET / HTTP/1.1" 200 57490 "-" "Mozilla/5.0 zgrab/0.x"
::ffff:34.138.75.222 - - [20/Aug/2023:09:23:17 +0000] "GET /robots.txt HTTP/1.0" 404 149 "-" "ZoominfoBot (zoominfobot at zoominfo dot com)"
::ffff:34.138.75.222 - - [20/Aug/2023:09:23:17 +0000] "GET / HTTP/1.0" 200 57490 "-" "ZoominfoBot (zoominfobot at zoominfo dot com)"
::ffff:34.138.75.222 - - [20/Aug/2023:09:24:29 +0000] "GET /robots.txt HTTP/1.0" 404 149 "-" "ZoominfoBot (zoominfobot at zoominfo dot com)"
::ffff:34.138.75.222 - - [20/Aug/2023:09:24:30 +0000] "GET / HTTP/1.0" 200 57490 "-" "ZoominfoBot (zoominfobot at zoominfo dot com)"
::ffff:34.138.75.222 - - [20/Aug/2023:09:35:57 +0000] "GET /robots.txt HTTP/1.0" 404 149 "-" "ZoominfoBot (zoominfobot at zoominfo dot com)"
::ffff:34.138.75.222 - - [20/Aug/2023:09:35:57 +0000] "GET /contact?s=1&ss=0 HTTP/1.0" 200 9997 "-" "ZoominfoBot (zoominfobot at zoominfo dot com)"
::ffff:34.138.75.222 - - [20/Aug/2023:09:35:58 +0000] "GET /contact?s=1&ss=8 HTTP/1.0" 200 9997 "-" "ZoominfoBot (zoominfobot at zoominfo dot com)"
::ffff:34.138.75.222 - - [20/Aug/2023:09:35:59 +0000] "GET /contact?s=1&ss=3 HTTP/1.0" 200 9997 "-" "ZoominfoBot (zoominfobot at zoominfo dot com)"
::ffff:34.138.75.222 - - [20/Aug/2023:09:36:00 +0000] "GET /events HTTP/1.0" 200 5867 "-" "ZoominfoBot (zoominfobot at zoominfo dot com)"
::ffff:34.138.75.222 - - [20/Aug/2023:09:36:09 +0000] "GET /contact?s=1&ss=6 HTTP/1.0" 200 9997 "-" "ZoominfoBot (zoominfobot at zoominfo dot com)"
::ffff:34.138.75.222 - - [20/Aug/2023:09:36:23 +0000] "GET /robots.txt HTTP/1.0" 404 149 "-" "ZoominfoBot (zoominfobot at zoominfo dot com)"
::ffff:34.138.75.222 - - [20/Aug/2023:09:36:23 +0000] "GET /contact?s=1&ss=0 HTTP/1.0" 200 9997 "-" "ZoominfoBot (zoominfobot at zoominfo dot com)"
::ffff:34.138.75.222 - - [20/Aug/2023:09:36:24 +0000] "GET /contact?s=1&ss=1 HTTP/1.0" 200 9997 "-" "ZoominfoBot (zoominfobot at zoominfo dot com)"
::ffff:34.138.75.222 - - [20/Aug/2023:09:36:26 +0000] "GET /contact?s=1&ss=2 HTTP/1.0" 200 9997 "-" "ZoominfoBot (zoominfobot at zoominfo dot com)"
::ffff:34.138.75.222 - - [20/Aug/2023:09:36:27 +0000] "GET /contact?s=1&ss=3 HTTP/1.0" 200 9997 "-" "ZoominfoBot (zoominfobot at zoominfo dot com)"
::ffff:34.138.75.222 - - [20/Aug/2023:09:36:29 +0000] "GET /contact?s=1&ss=4 HTTP/1.0" 200 9997 "-" "ZoominfoBot (zoominfobot at zoominfo dot com)"
::ffff:34.138.75.222 - - [20/Aug/2023:09:36:30 +0000] "GET /contact?s=1&ss=5 HTTP/1.0" 200 9997 "-" "ZoominfoBot (zoominfobot at zoominfo dot com)"
::ffff:34.138.75.222 - - [20/Aug/2023:09:36:31 +0000] "GET /contact?s=1&ss=6 HTTP/1.0" 200 9997 "-" "ZoominfoBot (zoominfobot at zoominfo dot com)"
::ffff:34.138.75.222 - - [20/Aug/2023:09:36:33 +0000] "GET /contact?s=1&ss=7 HTTP/1.0" 200 9997 "-" "ZoominfoBot (zoominfobot at zoominfo dot com)"
::ffff:34.138.75.222 - - [20/Aug/2023:09:36:34 +0000] "GET /contact?s=1&ss=8 HTTP/1.0" 200 9997 "-" "ZoominfoBot (zoominfobot at zoominfo dot com)"
::ffff:34.138.75.222 - - [20/Aug/2023:09:36:35 +0000] "GET /contact?s=1&ss=9 HTTP/1.0" 200 9997 "-" "ZoominfoBot (zoominfobot at zoominfo dot com)"
::ffff:34.138.75.222 - - [20/Aug/2023:09:36:42 +0000] "GET /contact?s=1&ss=1 HTTP/1.0" 200 9997 "-" "ZoominfoBot (zoominfobot at zoominfo dot com)"
::ffff:34.138.75.222 - - [20/Aug/2023:09:36:51 +0000] "GET /contact?s=1&ss=11 HTTP/1.0" 200 9997 "-" "ZoominfoBot (zoominfobot at zoominfo dot com)"
::ffff:34.138.75.222 - - [20/Aug/2023:09:36:55 +0000] "GET /contact?s=1&ss=9 HTTP/1.0" 200 9997 "-" "ZoominfoBot (zoominfobot at zoominfo dot com)"
::ffff:34.138.75.222 - - [20/Aug/2023:09:37:11 +0000] "GET /resources HTTP/1.0" 200 194907 "-" "ZoominfoBot (zoominfobot at zoominfo dot com)"
::ffff:34.138.75.222 - - [20/Aug/2023:09:37:26 +0000] "GET /contact?s=1&ss=4 HTTP/1.0" 200 9997 "-" "ZoominfoBot (zoominfobot at zoominfo dot com)"
::ffff:34.138.75.222 - - [20/Aug/2023:09:37:57 +0000] "GET /contact?s=1&ss=10 HTTP/1.0" 200 9997 "-" "ZoominfoBot (zoominfobot at zoominfo dot com)"
::ffff:134.122.101.235 - - [20/Aug/2023:09:38:06 +0000] "GET / HTTP/1.1" 200 57490 "-" "Mozilla/5.0 (Windows NT 10.0; Win64; x64) AppleWebKit/537.36 (KHTML, like Gecko) Chrome/108.0.0.0 Safari/537.36"
::ffff:134.122.101.235 - - [20/Aug/2023:09:38:06 +0000] "GET /client/get_targets HTTP/1.1" 404 157 "-" "Mozilla/5.0 (Windows NT 10.0; Win64; x64) AppleWebKit/537.36 (KHTML, like Gecko) Chrome/108.0.0.0 Safari/537.36"
::ffff:134.122.101.235 - - [20/Aug/2023:09:38:06 +0000] "GET /upl.php HTTP/1.1" 404 146 "-" "Mozilla/5.0"
::ffff:134.122.101.235 - - [20/Aug/2023:09:38:07 +0000] "GET /geoip/ HTTP/1.1" 404 145 "-" "Mozilla/5.0 (Windows NT 10.0; Win64; x64) AppleWebKit/537.36 (KHTML, like Gecko) Chrome/108.0.0.0 Safari/537.36"
::ffff:134.122.101.235 - - [20/Aug/2023:09:38:07 +0000] "GET / HTTP/1.1" 200 57490 "-" "Mozilla/5.0 (iPhone; CPU iPhone OS 13_3_1 like Mac OS X) AppleWebKit/605.1.15 (KHTML, like Gecko) Version/13.0.5 Mobile/15E148 Snapchat/10.77.0.54 (like Safari/604.1)"
::ffff:134.122.101.235 - - [20/Aug/2023:09:38:08 +0000] "GET /favicon.ico HTTP/1.1" 404 150 "-" "Mozilla/5.0 (Windows NT 10.0; Win64; x64) AppleWebKit/537.36 (KHTML, like Gecko) Chrome/108.0.0.0 Safari/537.36"
::ffff:134.122.101.235 - - [20/Aug/2023:09:38:08 +0000] "GET /1.php HTTP/1.1" 404 144 "-" "Mozilla/5.0 (Windows NT 10.0; Win64; x64) AppleWebKit/537.36 (KHTML, like Gecko) Chrome/108.0.0.0 Safari/537.36"
::ffff:134.122.101.235 - - [20/Aug/2023:09:38:08 +0000] "GET /bundle.js HTTP/1.1" 404 148 "-" "Mozilla/5.0 (Windows NT 10.0; Win64; x64) AppleWebKit/537.36 (KHTML, like Gecko) Chrome/108.0.0.0 Safari/537.36"
::ffff:134.122.101.235 - - [20/Aug/2023:09:38:09 +0000] "GET /files/ HTTP/1.1" 404 145 "-" "Mozilla/5.0 (Windows NT 10.0; Win64; x64) AppleWebKit/537.36 (KHTML, like Gecko) Chrome/108.0.0.0 Safari/537.36"
::ffff:34.138.75.222 - - [20/Aug/2023:09:38:09 +0000] "GET /contact?s=1&ss=7 HTTP/1.0" 200 9997 "-" "ZoominfoBot (zoominfobot at zoominfo dot com)"
::ffff:134.122.101.235 - - [20/Aug/2023:09:38:09 +0000] "GET /systembc/password.php HTTP/1.1" 404 160 "-" "Mozilla/5.0 (Windows NT 10.0; Win64; x64) AppleWebKit/537.36 (KHTML, like Gecko) Chrome/108.0.0.0 Safari/537.36"
::ffff:34.138.75.222 - - [20/Aug/2023:09:38:18 +0000] "GET /schools HTTP/1.0" 200 97308 "-" "ZoominfoBot (zoominfobot at zoominfo dot com)"
::ffff:34.138.75.222 - - [20/Aug/2023:09:38:20 +0000] "GET /contact HTTP/1.0" 200 10017 "-" "ZoominfoBot (zoominfobot at zoominfo dot com)"
::ffff:34.138.75.222 - - [20/Aug/2023:09:38:41 +0000] "GET /contact?s=1&ss=2 HTTP/1.0" 200 9997 "-" "ZoominfoBot (zoominfobot at zoominfo dot com)"
::ffff:34.138.75.222 - - [20/Aug/2023:09:38:47 +0000] "GET /resources HTTP/1.0" 200 194907 "-" "ZoominfoBot (zoominfobot at zoominfo dot com)"
::ffff:34.138.75.222 - - [20/Aug/2023:09:38:51 +0000] "GET /events HTTP/1.0" 200 5867 "-" "ZoominfoBot (zoominfobot at zoominfo dot com)"
::ffff:34.138.75.222 - - [20/Aug/2023:09:39:00 +0000] "GET /schools HTTP/1.0" 200 97308 "-" "ZoominfoBot (zoominfobot at zoominfo dot com)"
::ffff:34.138.75.222 - - [20/Aug/2023:09:39:06 +0000] "GET /contact?s=1&ss=11 HTTP/1.0" 200 9997 "-" "ZoominfoBot (zoominfobot at zoominfo dot com)"
::ffff:34.138.75.222 - - [20/Aug/2023:09:39:26 +0000] "GET /contact?s=1&ss=5 HTTP/1.0" 200 9997 "-" "ZoominfoBot (zoominfobot at zoominfo dot com)"
::ffff:34.138.75.222 - - [20/Aug/2023:09:39:38 +0000] "GET /contact HTTP/1.0" 200 10017 "-" "ZoominfoBot (zoominfobot at zoominfo dot com)"
::ffff:34.138.75.222 - - [20/Aug/2023:09:39:43 +0000] "GET /contact?s=1&ss=10 HTTP/1.0" 200 9997 "-" "ZoominfoBot (zoominfobot at zoominfo dot com)"
::ffff:66.249.66.195 - - [20/Aug/2023:09:45:07 +0000] "GET / HTTP/1.1" 200 57490 "-" "Mozilla/5.0 (compatible; Googlebot/2.1; +http://www.google.com/bot.html)"
::ffff:66.249.66.196 - - [20/Aug/2023:09:45:09 +0000] "GET /css/wadokikai.css HTTP/1.1" 200 4337 "http://wadokikai.org/" "Mozilla/5.0 AppleWebKit/537.36 (KHTML, like Gecko; compatible; Googlebot/2.1; +http://www.google.com/bot.html) Chrome/116.0.5845.96 Safari/537.36"
::ffff:66.249.66.197 - - [20/Aug/2023:09:45:09 +0000] "GET /js/common.js HTTP/1.1" 200 2255 "http://wadokikai.org/" "Mozilla/5.0 AppleWebKit/537.36 (KHTML, like Gecko; compatible; Googlebot/2.1; +http://www.google.com/bot.html) Chrome/116.0.5845.96 Safari/537.36"
::ffff:94.102.61.10 - - [20/Aug/2023:09:45:25 +0000] "GET /images/favicon.ico HTTP/1.1" 200 3638 "-" "python-requests/2.26.0"
::ffff:94.102.61.10 - - [20/Aug/2023:09:45:25 +0000] "GET / HTTP/1.1" 200 57490 "-" "python-requests/2.26.0"
::ffff:185.254.196.173 - - [20/Aug/2023:10:14:45 +0000] "GET /.env HTTP/1.1" 404 143 "-" "Mozilla/5.0 (X11; Linux x86_64) AppleWebKit/537.36 (KHTML, like Gecko) Chrome/81.0.4044.129 Safari/537.36"
::ffff:185.254.196.173 - - [20/Aug/2023:10:14:46 +0000] "POST / HTTP/1.1" 404 140 "-" "Mozilla/5.0 (X11; Linux x86_64) AppleWebKit/537.36 (KHTML, like Gecko) Chrome/81.0.4044.129 Safari/537.36"
::ffff:34.75.137.229 - - [20/Aug/2023:10:29:58 +0000] "GET /robots.txt HTTP/1.0" 404 149 "-" "ZoominfoBot (zoominfobot at zoominfo dot com)"
::ffff:34.75.137.229 - - [20/Aug/2023:10:29:59 +0000] "GET /images/fbpic.webp HTTP/1.0" 200 986 "-" "ZoominfoBot (zoominfobot at zoominfo dot com)"
::ffff:43.155.118.219 - - [20/Aug/2023:10:30:00 +0000] "HEAD /Core/Skin/Login.aspx HTTP/1.1" 404 160 "-" "Mozilla/5.0 (Windows NT 10.0; Win64; x64) AppleWebKit/537.36 (KHTML, like Gecko) Chrome/106.0.0.0 Safari/537.36"
::ffff:34.75.137.229 - - [20/Aug/2023:10:30:12 +0000] "GET /robots.txt HTTP/1.0" 404 149 "-" "ZoominfoBot (zoominfobot at zoominfo dot com)"
::ffff:34.75.137.229 - - [20/Aug/2023:10:30:12 +0000] "GET /images/fbpic.webp HTTP/1.0" 200 986 "-" "ZoominfoBot (zoominfobot at zoominfo dot com)"
::ffff:34.75.137.229 - - [20/Aug/2023:10:32:02 +0000] "GET /images/igpic.webp HTTP/1.0" 200 1328 "-" "ZoominfoBot (zoominfobot at zoominfo dot com)"
::ffff:34.75.137.229 - - [20/Aug/2023:10:32:37 +0000] "GET /images/igpic.webp HTTP/1.0" 200 1328 "-" "ZoominfoBot (zoominfobot at zoominfo dot com)"
::ffff:94.102.61.7 - - [20/Aug/2023:10:35:46 +0000] "GET /images/favicon.ico HTTP/1.1" 200 3638 "-" "python-requests/2.26.0"
::ffff:94.102.61.7 - - [20/Aug/2023:10:35:47 +0000] "GET / HTTP/1.1" 200 57490 "-" "python-requests/2.26.0"
::ffff:94.102.61.10 - - [20/Aug/2023:10:45:22 +0000] "GET /images/favicon.ico HTTP/1.1" 200 3638 "-" "python-requests/2.26.0"
::ffff:94.102.61.10 - - [20/Aug/2023:10:45:22 +0000] "GET / HTTP/1.1" 200 57490 "-" "python-requests/2.26.0"
::ffff:135.125.246.110 - - [20/Aug/2023:10:48:50 +0000] "POST / HTTP/1.1" 404 140 "-" "Mozilla/5.0 (X11; Linux x86_64) AppleWebKit/537.36 (KHTML, like Gecko) Chrome/81.0.4044.129 Safari/537.36"
::ffff:135.125.246.110 - - [20/Aug/2023:10:48:50 +0000] "GET /.env HTTP/1.1" 404 143 "-" "Mozilla/5.0 (X11; Linux x86_64) AppleWebKit/537.36 (KHTML, like Gecko) Chrome/81.0.4044.129 Safari/537.36"
::ffff:51.222.253.16 - - [20/Aug/2023:10:50:04 +0000] "GET / HTTP/1.1" 200 57490 "-" "Mozilla/5.0 (compatible; AhrefsBot/7.0; +http://ahrefs.com/robot/)"
::ffff:198.199.76.233 - - [20/Aug/2023:11:03:50 +0000] "GET / HTTP/1.1" 200 57490 "-" "Mozilla/5.0 (Windows NT 10.0; Win64; x64; rv:79.0) Gecko/20100101 Firefox/79.0"
::ffff:34.203.33.82 - - [20/Aug/2023:11:16:38 +0000] "GET /vod_installer/.env HTTP/1.1" 404 157 "-" "Mozilla/5.0 (Windows NT 10.0; Win64; x64; rv:73.0) Gecko/20100101 Firefox/73.0"
::ffff:34.203.33.82 - - [20/Aug/2023:11:16:38 +0000] "GET /login/.env HTTP/1.1" 404 149 "-" "Mozilla/5.0 (Windows NT 10.0; Win64; x64; rv:73.0) Gecko/20100101 Firefox/73.0"
::ffff:34.203.33.82 - - [20/Aug/2023:11:16:38 +0000] "GET /apps/.env HTTP/1.1" 404 148 "-" "Mozilla/5.0 (Windows NT 10.0; Win64; x64; rv:73.0) Gecko/20100101 Firefox/73.0"
::ffff:34.203.33.82 - - [20/Aug/2023:11:16:38 +0000] "GET /docker/.env HTTP/1.1" 404 150 "-" "Mozilla/5.0 (Windows NT 10.0; Win64; x64; rv:73.0) Gecko/20100101 Firefox/73.0"
::ffff:34.203.33.82 - - [20/Aug/2023:11:16:38 +0000] "GET /engine/.env HTTP/1.1" 404 150 "-" "Mozilla/5.0 (Windows NT 10.0; Win64; x64; rv:73.0) Gecko/20100101 Firefox/73.0"
::ffff:34.203.33.82 - - [20/Aug/2023:11:16:38 +0000] "GET /vue/.env HTTP/1.1" 404 147 "-" "Mozilla/5.0 (Windows NT 10.0; Win64; x64; rv:73.0) Gecko/20100101 Firefox/73.0"
::ffff:34.203.33.82 - - [20/Aug/2023:11:16:38 +0000] "GET /development/.env HTTP/1.1" 404 155 "-" "Mozilla/5.0 (Windows NT 10.0; Win64; x64; rv:73.0) Gecko/20100101 Firefox/73.0"
::ffff:34.203.33.82 - - [20/Aug/2023:11:16:39 +0000] "GET /system/.env HTTP/1.1" 404 150 "-" "Mozilla/5.0 (Windows NT 10.0; Win64; x64; rv:73.0) Gecko/20100101 Firefox/73.0"
::ffff:34.203.33.82 - - [20/Aug/2023:11:16:39 +0000] "GET /admin/.env HTTP/1.1" 404 149 "-" "Mozilla/5.0 (Windows NT 10.0; Win64; x64; rv:73.0) Gecko/20100101 Firefox/73.0"
::ffff:34.203.33.82 - - [20/Aug/2023:11:16:39 +0000] "GET /deployment/.env HTTP/1.1" 404 154 "-" "Mozilla/5.0 (Windows NT 10.0; Win64; x64; rv:73.0) Gecko/20100101 Firefox/73.0"
::ffff:34.203.33.82 - - [20/Aug/2023:11:16:39 +0000] "GET /app/.env HTTP/1.1" 404 147 "-" "Mozilla/5.0 (Windows NT 10.0; Win64; x64; rv:73.0) Gecko/20100101 Firefox/73.0"
::ffff:34.203.33.82 - - [20/Aug/2023:11:16:39 +0000] "GET /backend/.env HTTP/1.1" 404 151 "-" "Mozilla/5.0 (Windows NT 10.0; Win64; x64; rv:73.0) Gecko/20100101 Firefox/73.0"
::ffff:34.203.33.82 - - [20/Aug/2023:11:16:39 +0000] "GET /dependencies/.env HTTP/1.1" 404 156 "-" "Mozilla/5.0 (Windows NT 10.0; Win64; x64; rv:73.0) Gecko/20100101 Firefox/73.0"
::ffff:34.203.33.82 - - [20/Aug/2023:11:16:40 +0000] "GET /laravel/.env HTTP/1.1" 404 151 "-" "Mozilla/5.0 (Windows NT 10.0; Win64; x64; rv:73.0) Gecko/20100101 Firefox/73.0"
::ffff:34.203.33.82 - - [20/Aug/2023:11:16:40 +0000] "GET /auth/.env HTTP/1.1" 404 148 "-" "Mozilla/5.0 (Windows NT 10.0; Win64; x64; rv:73.0) Gecko/20100101 Firefox/73.0"
::ffff:34.203.33.82 - - [20/Aug/2023:11:16:40 +0000] "GET /personal/.env HTTP/1.1" 404 152 "-" "Mozilla/5.0 (Windows NT 10.0; Win64; x64; rv:73.0) Gecko/20100101 Firefox/73.0"
::ffff:34.203.33.82 - - [20/Aug/2023:11:16:40 +0000] "GET /framework/.env HTTP/1.1" 404 153 "-" "Mozilla/5.0 (Windows NT 10.0; Win64; x64; rv:73.0) Gecko/20100101 Firefox/73.0"
::ffff:34.203.33.82 - - [20/Aug/2023:11:16:40 +0000] "GET /cp/.env HTTP/1.1" 404 146 "-" "Mozilla/5.0 (Windows NT 10.0; Win64; x64; rv:73.0) Gecko/20100101 Firefox/73.0"
::ffff:34.203.33.82 - - [20/Aug/2023:11:16:40 +0000] "GET /shared/.env HTTP/1.1" 404 150 "-" "Mozilla/5.0 (Windows NT 10.0; Win64; x64; rv:73.0) Gecko/20100101 Firefox/73.0"
::ffff:34.203.33.82 - - [20/Aug/2023:11:16:40 +0000] "GET /server/.env HTTP/1.1" 404 150 "-" "Mozilla/5.0 (Windows NT 10.0; Win64; x64; rv:73.0) Gecko/20100101 Firefox/73.0"
::ffff:34.203.33.82 - - [20/Aug/2023:11:16:40 +0000] "GET /local/.env HTTP/1.1" 404 149 "-" "Mozilla/5.0 (Windows NT 10.0; Win64; x64; rv:73.0) Gecko/20100101 Firefox/73.0"
::ffff:34.203.33.82 - - [20/Aug/2023:11:16:41 +0000] "GET /private/.env HTTP/1.1" 404 151 "-" "Mozilla/5.0 (Windows NT 10.0; Win64; x64; rv:73.0) Gecko/20100101 Firefox/73.0"
::ffff:34.203.33.82 - - [20/Aug/2023:11:16:41 +0000] "GET /web/.env HTTP/1.1" 404 147 "-" "Mozilla/5.0 (Windows NT 10.0; Win64; x64; rv:73.0) Gecko/20100101 Firefox/73.0"
::ffff:34.203.33.82 - - [20/Aug/2023:11:16:41 +0000] "GET /search/.env HTTP/1.1" 404 150 "-" "Mozilla/5.0 (Windows NT 10.0; Win64; x64; rv:73.0) Gecko/20100101 Firefox/73.0"
::ffff:34.203.33.82 - - [20/Aug/2023:11:16:41 +0000] "GET /document/.env HTTP/1.1" 404 152 "-" "Mozilla/5.0 (Windows NT 10.0; Win64; x64; rv:73.0) Gecko/20100101 Firefox/73.0"
::ffff:34.203.33.82 - - [20/Aug/2023:11:16:41 +0000] "GET /src/.env HTTP/1.1" 404 147 "-" "Mozilla/5.0 (Windows NT 10.0; Win64; x64; rv:73.0) Gecko/20100101 Firefox/73.0"
::ffff:34.203.33.82 - - [20/Aug/2023:11:16:41 +0000] "GET /master/.env HTTP/1.1" 404 150 "-" "Mozilla/5.0 (Windows NT 10.0; Win64; x64; rv:73.0) Gecko/20100101 Firefox/73.0"
::ffff:34.203.33.82 - - [20/Aug/2023:11:16:41 +0000] "GET /application/.env HTTP/1.1" 404 155 "-" "Mozilla/5.0 (Windows NT 10.0; Win64; x64; rv:73.0) Gecko/20100101 Firefox/73.0"
::ffff:34.203.33.82 - - [20/Aug/2023:11:16:42 +0000] "GET /frontend/.env HTTP/1.1" 404 152 "-" "Mozilla/5.0 (Windows NT 10.0; Win64; x64; rv:73.0) Gecko/20100101 Firefox/73.0"
::ffff:34.203.33.82 - - [20/Aug/2023:11:16:42 +0000] "GET /project/.env HTTP/1.1" 404 151 "-" "Mozilla/5.0 (Windows NT 10.0; Win64; x64; rv:73.0) Gecko/20100101 Firefox/73.0"
::ffff:34.203.33.82 - - [20/Aug/2023:11:16:42 +0000] "GET /rest/.env HTTP/1.1" 404 148 "-" "Mozilla/5.0 (Windows NT 10.0; Win64; x64; rv:73.0) Gecko/20100101 Firefox/73.0"
::ffff:34.203.33.82 - - [20/Aug/2023:11:16:42 +0000] "GET /protected/.env HTTP/1.1" 404 153 "-" "Mozilla/5.0 (Windows NT 10.0; Win64; x64; rv:73.0) Gecko/20100101 Firefox/73.0"
::ffff:34.203.33.82 - - [20/Aug/2023:11:16:42 +0000] "GET /dev/.env HTTP/1.1" 404 147 "-" "Mozilla/5.0 (Windows NT 10.0; Win64; x64; rv:73.0) Gecko/20100101 Firefox/73.0"
::ffff:34.203.33.82 - - [20/Aug/2023:11:16:42 +0000] "GET /site/.env HTTP/1.1" 404 148 "-" "Mozilla/5.0 (Windows NT 10.0; Win64; x64; rv:73.0) Gecko/20100101 Firefox/73.0"
::ffff:34.203.33.82 - - [20/Aug/2023:11:16:42 +0000] "GET /back/.env HTTP/1.1" 404 148 "-" "Mozilla/5.0 (Windows NT 10.0; Win64; x64; rv:73.0) Gecko/20100101 Firefox/73.0"
::ffff:34.203.33.82 - - [20/Aug/2023:11:16:42 +0000] "GET /api/.env HTTP/1.1" 404 147 "-" "Mozilla/5.0 (Windows NT 10.0; Win64; x64; rv:73.0) Gecko/20100101 Firefox/73.0"
::ffff:34.203.33.82 - - [20/Aug/2023:11:16:43 +0000] "GET /laravel-artisa/.env HTTP/1.1" 404 158 "-" "Mozilla/5.0 (Windows NT 10.0; Win64; x64; rv:73.0) Gecko/20100101 Firefox/73.0"
::ffff:34.203.33.82 - - [20/Aug/2023:11:16:43 +0000] "GET /config/.env HTTP/1.1" 404 150 "-" "Mozilla/5.0 (Windows NT 10.0; Win64; x64; rv:73.0) Gecko/20100101 Firefox/73.0"
::ffff:34.203.33.82 - - [20/Aug/2023:11:16:43 +0000] "GET /cli/.env HTTP/1.1" 404 147 "-" "Mozilla/5.0 (Windows NT 10.0; Win64; x64; rv:73.0) Gecko/20100101 Firefox/73.0"
::ffff:34.203.33.82 - - [20/Aug/2023:11:16:43 +0000] "GET /core/.env HTTP/1.1" 404 148 "-" "Mozilla/5.0 (Windows NT 10.0; Win64; x64; rv:73.0) Gecko/20100101 Firefox/73.0"
::ffff:14.116.184.240 - - [20/Aug/2023:11:35:41 +0000] "GET / HTTP/1.1" 200 57490 "-" "Mozilla/5.0 (iPhone; CPU iPhone OS 13_2_3 like Mac OS X) AppleWebKit/605.1.15 (KHTML, like Gecko) Version/13.0.3 Mobile/15E148 Safari/604.1"
::ffff:51.89.5.185 - - [20/Aug/2023:11:49:27 +0000] "GET /.env HTTP/1.1" 404 143 "-" "Mozilla/5.0 (X11; Linux x86_64) AppleWebKit/537.36 (KHTML, like Gecko) Chrome/81.0.4044.129 Safari/537.36"
::ffff:51.89.5.185 - - [20/Aug/2023:11:49:28 +0000] "POST / HTTP/1.1" 404 140 "-" "Mozilla/5.0 (X11; Linux x86_64) AppleWebKit/537.36 (KHTML, like Gecko) Chrome/81.0.4044.129 Safari/537.36"
::ffff:185.254.196.173 - - [20/Aug/2023:12:02:18 +0000] "GET /.env HTTP/1.1" 404 143 "-" "Mozilla/5.0 (X11; Linux x86_64) AppleWebKit/537.36 (KHTML, like Gecko) Chrome/81.0.4044.129 Safari/537.36"
::ffff:185.254.196.173 - - [20/Aug/2023:12:02:18 +0000] "POST / HTTP/1.1" 404 140 "-" "Mozilla/5.0 (X11; Linux x86_64) AppleWebKit/537.36 (KHTML, like Gecko) Chrome/81.0.4044.129 Safari/537.36"
::ffff:43.155.118.219 - - [20/Aug/2023:12:03:42 +0000] "HEAD /Core/Skin/Login.aspx HTTP/1.1" 404 160 "-" "Mozilla/5.0 (Windows NT 10.0; Win64; x64) AppleWebKit/537.36 (KHTML, like Gecko) Chrome/106.0.0.0 Safari/537.36"
::ffff:162.216.149.119 - - [20/Aug/2023:12:12:58 +0000] "GET / HTTP/1.1" 200 57490 "-" "Expanse, a Palo Alto Networks company, searches across the global IPv4 space multiple times per day to identify customers&#39; presences on the Internet. If you would like to be excluded from our scans, please send IP addresses/domains to: scaninfo@paloaltonetworks.com"
::ffff:35.233.62.116 - - [20/Aug/2023:12:18:06 +0000] "GET / HTTP/1.1" 200 57490 "-" "python-requests/2.31.0"
::ffff:167.248.133.125 - - [20/Aug/2023:12:22:19 +0000] "GET / HTTP/1.1" 200 57490 "-" "-"
::ffff:167.248.133.125 - - [20/Aug/2023:12:22:19 +0000] "GET / HTTP/1.1" 200 57490 "-" "Mozilla/5.0 (compatible; CensysInspect/1.1; +https://about.censys.io/)"
::ffff:167.248.133.125 - - [20/Aug/2023:12:22:19 +0000] "PRI * HTTP/2.0" - - "-" "-"
::ffff:167.248.133.125 - - [20/Aug/2023:12:22:20 +0000] "GET /images/favicon.ico HTTP/1.1" 200 3638 "-" "Mozilla/5.0 (compatible; CensysInspect/1.1; +https://about.censys.io/)"
::ffff:167.248.133.125 - - [20/Aug/2023:12:22:20 +0000] "GET /favicon.ico HTTP/1.1" 404 150 "-" "Mozilla/5.0 (compatible; CensysInspect/1.1; +https://about.censys.io/)"
::ffff:138.199.43.66 - - [20/Aug/2023:12:37:40 +0000] "POST /owa/auth.owa HTTP/1.1" 404 152 "-" "python-requests/2.31.0"
::ffff:138.199.43.66 - - [20/Aug/2023:12:37:41 +0000] "GET /ecp/muhammad.js HTTP/1.1" 404 154 "-" "Mozilla/5.0 (Windows NT 6.1; Win64; x64) AppleWebKit/537.36 (KHTML, like Gecko) Chrome/70.0.3538.102 Safari/537.36"
::ffff:185.195.233.193 - - [20/Aug/2023:12:37:44 +0000] "GET /rpc/ HTTP/1.1" 404 143 "-" "Mozilla/5.0 (Windows NT 6.1; Win64; x64) AppleWebKit/537.36 (KHTML, like Gecko) Chrome/70.0.3538.102 Safari/537.36"
::ffff:135.125.246.110 - - [20/Aug/2023:12:39:29 +0000] "POST / HTTP/1.1" 404 140 "-" "Mozilla/5.0 (X11; Linux x86_64) AppleWebKit/537.36 (KHTML, like Gecko) Chrome/81.0.4044.129 Safari/537.36"
::ffff:135.125.246.110 - - [20/Aug/2023:12:39:30 +0000] "GET /.env HTTP/1.1" 404 143 "-" "Mozilla/5.0 (X11; Linux x86_64) AppleWebKit/537.36 (KHTML, like Gecko) Chrome/81.0.4044.129 Safari/537.36"
::ffff:135.125.246.110 - - [20/Aug/2023:12:41:29 +0000] "POST / HTTP/1.1" 404 140 "-" "Mozilla/5.0 (X11; Linux x86_64) AppleWebKit/537.36 (KHTML, like Gecko) Chrome/81.0.4044.129 Safari/537.36"
::ffff:135.125.246.110 - - [20/Aug/2023:12:41:29 +0000] "GET /.env HTTP/1.1" 404 143 "-" "Mozilla/5.0 (X11; Linux x86_64) AppleWebKit/537.36 (KHTML, like Gecko) Chrome/81.0.4044.129 Safari/537.36"
::ffff:184.105.247.194 - - [20/Aug/2023:12:43:10 +0000] "GET / HTTP/1.1" 200 57490 "-" "Mozilla/5.0 (Macintosh; Intel Mac OS X 10_15_7) AppleWebKit/537.36 (KHTML, like Gecko) Chrome/109.0.0.0 Safari/537.36"
::ffff:184.105.247.194 - - [20/Aug/2023:12:45:02 +0000] "GET /favicon.ico HTTP/1.1" 404 150 "-" "Mozilla/5.0 (Windows NT 6.1; Win64; x64) AppleWebKit/537.36 (KHTML, like Gecko) Chrome/109.0.0.0 Safari/537.36"
::ffff:184.105.247.194 - - [20/Aug/2023:12:46:15 +0000] "GET /geoserver/web/ HTTP/1.1" 404 153 "-" "Mozilla/5.0 (Macintosh; Intel Mac OS X 10_15_7) AppleWebKit/537.36 (KHTML, like Gecko) Chrome/109.0.0.0 Safari/537.36"
::ffff:185.254.196.173 - - [20/Aug/2023:13:05:15 +0000] "GET /.env HTTP/1.1" 404 143 "-" "Mozilla/5.0 (X11; Linux x86_64) AppleWebKit/537.36 (KHTML, like Gecko) Chrome/81.0.4044.129 Safari/537.36"
::ffff:185.254.196.173 - - [20/Aug/2023:13:05:16 +0000] "POST / HTTP/1.1" 404 140 "-" "Mozilla/5.0 (X11; Linux x86_64) AppleWebKit/537.36 (KHTML, like Gecko) Chrome/81.0.4044.129 Safari/537.36"
::ffff:51.222.253.2 - - [20/Aug/2023:13:20:36 +0000] "GET /robots.txt HTTP/1.1" 404 149 "-" "Mozilla/5.0 (compatible; AhrefsBot/7.0; +http://ahrefs.com/robot/)"
::ffff:51.222.253.13 - - [20/Aug/2023:13:20:38 +0000] "GET /contact?s=1&ss=2 HTTP/1.1" 200 9997 "-" "Mozilla/5.0 (compatible; AhrefsBot/7.0; +http://ahrefs.com/robot/)"
::ffff:43.155.118.219 - - [20/Aug/2023:13:37:32 +0000] "HEAD /Core/Skin/Login.aspx HTTP/1.1" 404 160 "-" "Mozilla/5.0 (Windows NT 10.0; Win64; x64) AppleWebKit/537.36 (KHTML, like Gecko) Chrome/106.0.0.0 Safari/537.36"
::ffff:137.184.238.229 - - [20/Aug/2023:13:59:22 +0000] "GET / HTTP/1.1" 200 57490 "-" "Mozilla/5.0 (X11; Linux x86_64) AppleWebKit/537.36 (KHTML, like Gecko) Chrome/108.0.0.0 Safari/537.36"
::ffff:137.184.238.229 - - [20/Aug/2023:13:59:22 +0000] "GET / HTTP/1.1" 200 57490 "-" "Mozilla/5.0 (X11; Linux x86_64) AppleWebKit/537.36 (KHTML, like Gecko) Chrome/108.0.0.0 Safari/537.36"
::ffff:154.47.19.130 - - [20/Aug/2023:14:04:18 +0000] "HEAD /http%3A%2F%2Fgolem.com HTTP/1.1" 404 162 "-" "Mozilla/5.0 (Macintosh; Intel Mac OS X 10_15_7) AppleWebKit/537.36 (KHTML, like Gecko) Chrome/108.0.5359.94 Safari/537.36"
