::ffff:98.248.130.32 - - [16/Apr/2023:05:03:53 +0000] "GET /css/wadokikai.css HTTP/1.1" 304 - "https://wadokikai.org/" "Mozilla/5.0 (iPhone; CPU iPhone OS 16_2 like Mac OS X) AppleWebKit/605.1.15 (KHTML, like Gecko) Version/16.2 Mobile/15E148 Safari/604.1"
::ffff:98.248.130.32 - - [16/Apr/2023:05:03:53 +0000] "GET /images/schools/alamedakaratedomap.jpg HTTP/1.1" 304 - "https://wadokikai.org/" "Mozilla/5.0 (iPhone; CPU iPhone OS 16_2 like Mac OS X) AppleWebKit/605.1.15 (KHTML, like Gecko) Version/16.2 Mobile/15E148 Safari/604.1"
::ffff:98.248.130.32 - - [16/Apr/2023:05:03:53 +0000] "GET /images/schools/orindakaratedomap.jpg HTTP/1.1" 304 - "https://wadokikai.org/" "Mozilla/5.0 (iPhone; CPU iPhone OS 16_2 like Mac OS X) AppleWebKit/605.1.15 (KHTML, like Gecko) Version/16.2 Mobile/15E148 Safari/604.1"
::ffff:98.248.130.32 - - [16/Apr/2023:05:03:53 +0000] "GET /images/schools/dcakaratedomap.jpg HTTP/1.1" 304 - "https://wadokikai.org/" "Mozilla/5.0 (iPhone; CPU iPhone OS 16_2 like Mac OS X) AppleWebKit/605.1.15 (KHTML, like Gecko) Version/16.2 Mobile/15E148 Safari/604.1"
::ffff:98.248.130.32 - - [16/Apr/2023:05:03:53 +0000] "GET /images/schools/harborbaykaratedomap.jpg HTTP/1.1" 304 - "https://wadokikai.org/" "Mozilla/5.0 (iPhone; CPU iPhone OS 16_2 like Mac OS X) AppleWebKit/605.1.15 (KHTML, like Gecko) Version/16.2 Mobile/15E148 Safari/604.1"
::ffff:98.248.130.32 - - [16/Apr/2023:05:03:53 +0000] "GET /images/schools/marinkaratedomap.jpg HTTP/1.1" 304 - "https://wadokikai.org/" "Mozilla/5.0 (iPhone; CPU iPhone OS 16_2 like Mac OS X) AppleWebKit/605.1.15 (KHTML, like Gecko) Version/16.2 Mobile/15E148 Safari/604.1"
::ffff:98.248.130.32 - - [16/Apr/2023:05:03:53 +0000] "GET /images/schools/corpuzkaratedomap.jpg HTTP/1.1" 304 - "https://wadokikai.org/" "Mozilla/5.0 (iPhone; CPU iPhone OS 16_2 like Mac OS X) AppleWebKit/605.1.15 (KHTML, like Gecko) Version/16.2 Mobile/15E148 Safari/604.1"
::ffff:98.248.130.32 - - [16/Apr/2023:05:03:53 +0000] "GET /images/schools/nunleykaratedomap.jpg HTTP/1.1" 304 - "https://wadokikai.org/" "Mozilla/5.0 (iPhone; CPU iPhone OS 16_2 like Mac OS X) AppleWebKit/605.1.15 (KHTML, like Gecko) Version/16.2 Mobile/15E148 Safari/604.1"
::ffff:98.248.130.32 - - [16/Apr/2023:05:03:53 +0000] "GET /images/schools/earhartkaratedomap.jpg HTTP/1.1" 304 - "https://wadokikai.org/" "Mozilla/5.0 (iPhone; CPU iPhone OS 16_2 like Mac OS X) AppleWebKit/605.1.15 (KHTML, like Gecko) Version/16.2 Mobile/15E148 Safari/604.1"
::ffff:98.248.130.32 - - [16/Apr/2023:05:03:53 +0000] "GET /images/schools/martinezkaratedomap.jpg HTTP/1.1" 304 - "https://wadokikai.org/" "Mozilla/5.0 (iPhone; CPU iPhone OS 16_2 like Mac OS X) AppleWebKit/605.1.15 (KHTML, like Gecko) Version/16.2 Mobile/15E148 Safari/604.1"
::ffff:98.248.130.32 - - [16/Apr/2023:05:03:53 +0000] "GET /images/promotions/AFSPrelimSchedule.pdf HTTP/1.1" 304 - "https://wadokikai.org/" "Mozilla/5.0 (iPhone; CPU iPhone OS 16_2 like Mac OS X) AppleWebKit/605.1.15 (KHTML, like Gecko) Version/16.2 Mobile/15E148 Safari/604.1"
::ffff:98.248.130.32 - - [16/Apr/2023:05:03:53 +0000] "GET /images/schools/manzanitakaratedomap.jpg HTTP/1.1" 304 - "https://wadokikai.org/" "Mozilla/5.0 (iPhone; CPU iPhone OS 16_2 like Mac OS X) AppleWebKit/605.1.15 (KHTML, like Gecko) Version/16.2 Mobile/15E148 Safari/604.1"
::ffff:98.248.130.32 - - [16/Apr/2023:05:03:53 +0000] "GET /images/dragon-trans.png HTTP/1.1" 304 - "https://wadokikai.org/" "Mozilla/5.0 (iPhone; CPU iPhone OS 16_2 like Mac OS X) AppleWebKit/605.1.15 (KHTML, like Gecko) Version/16.2 Mobile/15E148 Safari/604.1"
::ffff:98.248.130.32 - - [16/Apr/2023:05:03:53 +0000] "GET /images/wadokikai%20kanji.jpg HTTP/1.1" 304 - "https://wadokikai.org/" "Mozilla/5.0 (iPhone; CPU iPhone OS 16_2 like Mac OS X) AppleWebKit/605.1.15 (KHTML, like Gecko) Version/16.2 Mobile/15E148 Safari/604.1"
::ffff:98.248.130.32 - - [16/Apr/2023:05:03:53 +0000] "GET /images/tiger.bmp HTTP/1.1" 304 - "https://wadokikai.org/" "Mozilla/5.0 (iPhone; CPU iPhone OS 16_2 like Mac OS X) AppleWebKit/605.1.15 (KHTML, like Gecko) Version/16.2 Mobile/15E148 Safari/604.1"
::ffff:64.62.197.30 - - [16/Apr/2023:05:08:06 +0000] "GET / HTTP/1.1" 200 58146 "-" "Mozilla/5.0 (Windows NT 10.0; Win64; x64) AppleWebKit/537.36 (KHTML, like Gecko) Chrome/109.0.0.0 Safari/537.36 Edg/109.0.1518.78"
::ffff:64.62.197.29 - - [16/Apr/2023:05:09:46 +0000] "GET /favicon.ico HTTP/1.1" 404 150 "-" "Mozilla/5.0 (Windows NT 10.0; Win64; x64; rv:107.0) Gecko/20100101 Firefox/107.0"
::ffff:64.62.197.27 - - [16/Apr/2023:05:10:22 +0000] "GET /geoserver/web/ HTTP/1.1" 404 153 "-" "Mozilla/5.0 (Windows NT 10.0; Win64; x64) AppleWebKit/537.36 (KHTML, like Gecko) Chrome/109.0.0.0 Safari/537.36 Edg/109.0.1518.78"
::ffff:114.119.130.183 - - [16/Apr/2023:05:10:57 +0000] "GET /contact?s=1&ss=1 HTTP/1.1" 200 9997 "https://wadokikai.org/schools" "Mozilla/5.0 (Linux; Android 7.0;) AppleWebKit/537.36 (KHTML, like Gecko) Mobile Safari/537.36 (compatible; PetalBot;+https://webmaster.petalsearch.com/site/petalbot)"
::ffff:193.32.162.159 - - [16/Apr/2023:05:11:54 +0000] "GET / HTTP/1.1" 200 58146 "-" "Mozilla/5.0 (Windows NT 10.0; Win64; x64) AppleWebKit/537.36 (KHTML, like Gecko) Chrome/90.0.4430.85 Safari/537.36 Edg/90.0.818.46"
::ffff:193.32.162.159 - - [16/Apr/2023:05:11:59 +0000] "GET /dispatch.asp HTTP/1.1" 404 151 "-" "Mozilla/5.0 (Windows NT 10.0; Win64; x64) AppleWebKit/537.36 (KHTML, like Gecko) Chrome/90.0.4430.85 Safari/537.36 Edg/90.0.818.46"
::ffff:79.124.59.166 - - [16/Apr/2023:05:15:48 +0000] "GET / HTTP/1.0" 200 58146 "-" "masscan/1.3 (https://github.com/robertdavidgraham/masscan)"
::ffff:66.249.69.231 - - [16/Apr/2023:05:25:44 +0000] "GET / HTTP/1.1" 200 58146 "-" "Mozilla/5.0 (Linux; Android 6.0.1; Nexus 5X Build/MMB29P) AppleWebKit/537.36 (KHTML, like Gecko) Chrome/112.0.5615.49 Mobile Safari/537.36 (compatible; Googlebot/2.1; +http://www.google.com/bot.html)"
::ffff:66.249.69.233 - - [16/Apr/2023:05:25:47 +0000] "GET /js/common.js HTTP/1.1" 200 2255 "http://www.wadokikai.org/" "Mozilla/5.0 (Linux; Android 6.0.1; Nexus 5X Build/MMB29P) AppleWebKit/537.36 (KHTML, like Gecko) Chrome/112.0.5615.49 Mobile Safari/537.36 (compatible; Googlebot/2.1; +http://www.google.com/bot.html)"
::ffff:65.20.72.108 - - [16/Apr/2023:05:26:17 +0000] "GET /.git/config HTTP/1.1" 404 150 "-" "Mozilla/5.0 (Windows NT 10.0; Win64; x64) AppleWebKit/537.36 (KHTML, like Gecko) Chrome/101.0.4951.64 Safari/537.36"
::ffff:66.249.72.22 - - [16/Apr/2023:05:26:38 +0000] "GET /images/books/karatebook.jpg HTTP/1.1" 304 - "-" "Googlebot-Image/1.0"
::ffff:162.243.136.24 - - [16/Apr/2023:05:26:39 +0000] "GET /autodiscover/autodiscover.json?@zdi/Powershell HTTP/1.1" 404 169 "-" "Mozilla/5.0 zgrab/0.x"
::ffff:45.79.171.66 - - [16/Apr/2023:05:28:50 +0000] "GET /service.php?token=1819&action=11 HTTP/1.0" 404 150 "-" "-"
::ffff:79.124.59.166 - - [16/Apr/2023:05:36:48 +0000] "GET / HTTP/1.0" 200 58146 "-" "masscan/1.3 (https://github.com/robertdavidgraham/masscan)"
::ffff:18.170.86.48 - - [16/Apr/2023:05:39:08 +0000] "GET /favicon.ico HTTP/1.1" 404 150 "-" "'Cloud mapping experiment. Contact research@pdrlabs.net'"
::ffff:18.170.86.48 - - [16/Apr/2023:05:40:05 +0000] "GET /manage/account/login HTTP/1.1" 404 159 "-" "'Cloud mapping experiment. Contact research@pdrlabs.net'"
::ffff:18.170.86.48 - - [16/Apr/2023:05:41:53 +0000] "GET /admin/index.html HTTP/1.1" 404 155 "-" "'Cloud mapping experiment. Contact research@pdrlabs.net'"
::ffff:61.239.174.132 - - [16/Apr/2023:05:42:56 +0000] "GET / HTTP/1.1" 200 58146 "-" "Mozilla/5.0 (Windows NT 10.0; Win64; x64) AppleWebKit/537.36 (KHTML, like Gecko) Chrome/60.0.3112.113 Safari/537.36"
::ffff:18.170.86.48 - - [16/Apr/2023:05:43:46 +0000] "GET /index.html HTTP/1.1" 404 149 "-" "'Cloud mapping experiment. Contact research@pdrlabs.net'"
::ffff:43.155.118.219 - - [16/Apr/2023:05:44:38 +0000] "HEAD /Core/Skin/Login.aspx HTTP/1.1" 404 160 "-" "Mozilla/5.0 (Windows NT 10.0; Win64; x64) AppleWebKit/537.36 (KHTML, like Gecko) Chrome/106.0.0.0 Safari/537.36"
::ffff:114.119.139.94 - - [16/Apr/2023:05:45:26 +0000] "GET /robots.txt HTTP/1.1" 404 149 "-" "Mozilla/5.0 (compatible;PetalBot;+https://webmaster.petalsearch.com/site/petalbot)"
::ffff:18.170.86.48 - - [16/Apr/2023:05:45:49 +0000] "GET /+CSCOE+/logon.html HTTP/1.1" 404 157 "-" "'Cloud mapping experiment. Contact research@pdrlabs.net'"
::ffff:66.249.69.235 - - [16/Apr/2023:05:46:38 +0000] "GET /images/instructors/carlos.jpg HTTP/1.1" 304 - "-" "Googlebot-Image/1.0"
::ffff:18.170.86.48 - - [16/Apr/2023:05:47:42 +0000] "GET / HTTP/1.1" 200 58146 "-" "'Cloud mapping experiment. Contact research@pdrlabs.net'"
::ffff:79.124.59.166 - - [16/Apr/2023:05:59:11 +0000] "GET / HTTP/1.0" 200 58146 "-" "masscan/1.3 (https://github.com/robertdavidgraham/masscan)"
::ffff:17.241.75.40 - - [16/Apr/2023:06:09:04 +0000] "GET / HTTP/1.1" 200 58146 "-" "Mozilla/5.0 (Macintosh; Intel Mac OS X 10_15_5) AppleWebKit/605.1.15 (KHTML, like Gecko) Version/13.1.1 Safari/605.1.15 (Applebot/0.1; +http://www.apple.com/go/applebot)"
::ffff:66.249.72.22 - - [16/Apr/2023:06:16:39 +0000] "GET /images/books/dummies.jpg HTTP/1.1" 304 - "-" "Googlebot-Image/1.0"
::ffff:147.78.47.249 - - [16/Apr/2023:06:26:43 +0000] "GET /_ignition/health-check/ HTTP/1.1" 404 162 "-" "Mozilla/5.0 (Windows NT 10.0; Win64; x64) AppleWebKit/537.36 (KHTML, like Gecko) Chrome/109.0.0.0 Safari/537.36"
::ffff:147.78.47.249 - - [16/Apr/2023:06:26:45 +0000] "GET /public/_ignition/health-check/ HTTP/1.1" 404 169 "-" "Mozilla/5.0 (Windows NT 10.0; Win64; x64) AppleWebKit/537.36 (KHTML, like Gecko) Chrome/109.0.0.0 Safari/537.36"
::ffff:147.78.47.249 - - [16/Apr/2023:06:26:48 +0000] "GET /wp-includes/wlwmanifest.xml HTTP/1.1" 404 166 "-" "Mozilla/5.0 (Windows NT 10.0; Win64; x64) AppleWebKit/537.36 (KHTML, like Gecko) Chrome/109.0.0.0 Safari/537.36"
::ffff:135.125.246.189 - - [16/Apr/2023:06:33:36 +0000] "GET /.env HTTP/1.1" 404 143 "-" "Mozilla/5.0 (X11; Linux x86_64) AppleWebKit/537.36 (KHTML, like Gecko) Chrome/81.0.4044.129 Safari/537.36"
::ffff:135.125.246.189 - - [16/Apr/2023:06:33:37 +0000] "POST / HTTP/1.1" 404 140 "-" "Mozilla/5.0 (X11; Linux x86_64) AppleWebKit/537.36 (KHTML, like Gecko) Chrome/81.0.4044.129 Safari/537.36"
::ffff:45.79.171.66 - - [16/Apr/2023:06:33:39 +0000] "GET /service.php?token=1819&action=11 HTTP/1.0" 404 150 "-" "-"
::ffff:66.249.69.231 - - [16/Apr/2023:06:40:40 +0000] "GET /images/instructors/fortiz.jpg HTTP/1.1" 304 - "-" "Googlebot-Image/1.0"
::ffff:45.79.171.66 - - [16/Apr/2023:06:44:08 +0000] "GET /service.php?token=1819&action=11 HTTP/1.0" 404 150 "-" "-"
::ffff:79.124.59.166 - - [16/Apr/2023:06:54:10 +0000] "GET / HTTP/1.0" 200 58146 "-" "masscan/1.3 (https://github.com/robertdavidgraham/masscan)"
::ffff:185.254.196.173 - - [16/Apr/2023:06:55:45 +0000] "GET /.env HTTP/1.1" 404 143 "-" "Mozilla/5.0 (X11; Linux x86_64) AppleWebKit/537.36 (KHTML, like Gecko) Chrome/81.0.4044.129 Safari/537.36"
::ffff:185.254.196.173 - - [16/Apr/2023:06:55:46 +0000] "POST / HTTP/1.1" 404 140 "-" "Mozilla/5.0 (X11; Linux x86_64) AppleWebKit/537.36 (KHTML, like Gecko) Chrome/81.0.4044.129 Safari/537.36"
::ffff:43.155.118.219 - - [16/Apr/2023:07:02:57 +0000] "HEAD /Core/Skin/Login.aspx HTTP/1.1" 404 160 "-" "Mozilla/5.0 (Windows NT 10.0; Win64; x64) AppleWebKit/537.36 (KHTML, like Gecko) Chrome/106.0.0.0 Safari/537.36"
::ffff:95.211.230.179 - - [16/Apr/2023:07:07:36 +0000] "GET /.env HTTP/1.1" 404 143 "-" "Mozilla/5.0 (X11; Linux x86_64) AppleWebKit/537.36 (KHTML, like Gecko) Chrome/81.0.4044.129 Safari/537.36"
::ffff:95.211.230.179 - - [16/Apr/2023:07:07:37 +0000] "POST / HTTP/1.1" 404 140 "-" "Mozilla/5.0 (X11; Linux x86_64) AppleWebKit/537.36 (KHTML, like Gecko) Chrome/81.0.4044.129 Safari/537.36"
::ffff:66.249.69.231 - - [16/Apr/2023:07:14:35 +0000] "GET /images/instructors/wkklogo.png HTTP/1.1" 304 - "-" "Googlebot-Image/1.0"
::ffff:135.125.218.67 - - [16/Apr/2023:07:23:15 +0000] "GET /.env HTTP/1.1" 404 143 "-" "Mozilla/5.0 (X11; Linux x86_64) AppleWebKit/537.36 (KHTML, like Gecko) Chrome/81.0.4044.129 Safari/537.36"
::ffff:135.125.218.67 - - [16/Apr/2023:07:23:16 +0000] "POST / HTTP/1.1" 404 140 "-" "Mozilla/5.0 (X11; Linux x86_64) AppleWebKit/537.36 (KHTML, like Gecko) Chrome/81.0.4044.129 Safari/537.36"
::ffff:45.79.171.66 - - [16/Apr/2023:07:23:41 +0000] "GET /service.php?token=1819&action=11 HTTP/1.0" 404 150 "-" "-"
::ffff:79.124.59.166 - - [16/Apr/2023:07:28:28 +0000] "GET / HTTP/1.0" 200 58146 "-" "masscan/1.3 (https://github.com/robertdavidgraham/masscan)"
::ffff:45.56.110.40 - - [16/Apr/2023:07:31:35 +0000] "GET /wp-login.php HTTP/1.1" 404 151 "-" "Mozilla/5.0 (X11; Ubuntu; Linux x86_64; rv:62.0) Gecko/20100101 Firefox/62.0"
::ffff:141.95.89.88 - - [16/Apr/2023:07:39:10 +0000] "GET /.env HTTP/1.1" 404 143 "-" "Mozilla/5.0 (Macintosh; Intel Mac OS X 10.15; rv:77.0) Gecko/20100101 Firefox/77.0"
::ffff:141.95.89.88 - - [16/Apr/2023:07:39:11 +0000] "GET /wp-content/ HTTP/1.1" 404 150 "-" "Mozilla/5.0 (Macintosh; Intel Mac OS X 10.15; rv:77.0) Gecko/20100101 Firefox/77.0"
::ffff:193.32.162.159 - - [16/Apr/2023:07:39:19 +0000] "GET / HTTP/1.1" 200 58146 "-" "Mozilla/5.0 (Windows NT 10.0; Win64; x64) AppleWebKit/537.36 (KHTML, like Gecko) Chrome/90.0.4430.85 Safari/537.36 Edg/90.0.818.46"
::ffff:193.32.162.159 - - [16/Apr/2023:07:39:25 +0000] "GET /dispatch.asp HTTP/1.1" 404 151 "-" "Mozilla/5.0 (Windows NT 10.0; Win64; x64) AppleWebKit/537.36 (KHTML, like Gecko) Chrome/90.0.4430.85 Safari/537.36 Edg/90.0.818.46"
::ffff:79.124.59.166 - - [16/Apr/2023:07:45:39 +0000] "GET / HTTP/1.0" 200 58146 "-" "masscan/1.3 (https://github.com/robertdavidgraham/masscan)"
::ffff:73.122.249.193 - - [16/Apr/2023:07:48:56 +0000] "GET /docs/Bushido-code.pdf HTTP/1.1" 200 691794 "https://www.google.com/" "Mozilla/5.0 (Macintosh; Intel Mac OS X 10_15_7) AppleWebKit/605.1.15 (KHTML, like Gecko) Version/16.4 Safari/605.1.15"
::ffff:73.122.249.193 - - [16/Apr/2023:07:48:56 +0000] "GET /favicon.ico HTTP/1.1" 404 150 "http://wadokikai.org/docs/Bushido-code.pdf" "Mozilla/5.0 (Macintosh; Intel Mac OS X 10_15_7) AppleWebKit/605.1.15 (KHTML, like Gecko) Version/16.4 Safari/605.1.15"
::ffff:66.249.69.228 - - [16/Apr/2023:07:53:39 +0000] "GET /schools HTTP/1.1" 200 97308 "-" "Mozilla/5.0 (Linux; Android 6.0.1; Nexus 5X Build/MMB29P) AppleWebKit/537.36 (KHTML, like Gecko) Chrome/112.0.5615.49 Mobile Safari/537.36 (compatible; Googlebot/2.1; +http://www.google.com/bot.html)"
::ffff:66.249.69.226 - - [16/Apr/2023:07:53:42 +0000] "GET /css/wadokikai.css HTTP/1.1" 200 4337 "https://www.wadokikai.org/schools" "Mozilla/5.0 (Linux; Android 6.0.1; Nexus 5X Build/MMB29P) AppleWebKit/537.36 (KHTML, like Gecko) Chrome/112.0.5615.49 Mobile Safari/537.36 (compatible; Googlebot/2.1; +http://www.google.com/bot.html)"
::ffff:79.124.59.166 - - [16/Apr/2023:07:54:56 +0000] "GET / HTTP/1.0" 200 58146 "-" "masscan/1.3 (https://github.com/robertdavidgraham/masscan)"
::ffff:167.71.38.185 - - [16/Apr/2023:08:03:55 +0000] "GET / HTTP/1.1" 200 58146 "-" "Mozilla/5.0 (Windows NT 10.0; Win64; x64; rv:79.0) Gecko/20100101 Firefox/79.0"
::ffff:79.124.59.166 - - [16/Apr/2023:08:04:23 +0000] "GET / HTTP/1.0" 200 58146 "-" "masscan/1.3 (https://github.com/robertdavidgraham/masscan)"
::ffff:135.125.217.54 - - [16/Apr/2023:08:07:20 +0000] "GET /.env HTTP/1.1" 404 143 "-" "Mozilla/5.0 (X11; Linux x86_64) AppleWebKit/537.36 (KHTML, like Gecko) Chrome/81.0.4044.129 Safari/537.36"
::ffff:135.125.217.54 - - [16/Apr/2023:08:07:21 +0000] "POST / HTTP/1.1" 404 140 "-" "Mozilla/5.0 (X11; Linux x86_64) AppleWebKit/537.36 (KHTML, like Gecko) Chrome/81.0.4044.129 Safari/537.36"
::ffff:40.77.167.181 - - [16/Apr/2023:08:13:10 +0000] "GET /robots.txt HTTP/1.1" 404 149 "-" "Mozilla/5.0 AppleWebKit/537.36 (KHTML, like Gecko; compatible; bingbot/2.0; +http://www.bing.com/bingbot.htm) Chrome/103.0.5060.134 Safari/537.36"
::ffff:52.167.144.98 - - [16/Apr/2023:08:13:18 +0000] "GET / HTTP/1.1" 200 58146 "-" "Mozilla/5.0 AppleWebKit/537.36 (KHTML, like Gecko; compatible; bingbot/2.0; +http://www.bing.com/bingbot.htm) Chrome/103.0.5060.134 Safari/537.36"
::ffff:79.124.59.166 - - [16/Apr/2023:08:20:06 +0000] "GET / HTTP/1.0" 200 58146 "-" "masscan/1.3 (https://github.com/robertdavidgraham/masscan)"
::ffff:43.155.118.219 - - [16/Apr/2023:08:21:32 +0000] "HEAD /Core/Skin/Login.aspx HTTP/1.1" 404 160 "-" "Mozilla/5.0 (Windows NT 10.0; Win64; x64) AppleWebKit/537.36 (KHTML, like Gecko) Chrome/106.0.0.0 Safari/537.36"
::ffff:213.180.203.69 - - [16/Apr/2023:08:22:09 +0000] "GET /robots.txt HTTP/1.1" 404 149 "-" "Mozilla/5.0 (compatible; YandexBot/3.0; +http://yandex.com/bots)"
::ffff:5.255.231.44 - - [16/Apr/2023:08:22:10 +0000] "GET /schoolsandschedules.html HTTP/1.1" 404 163 "-" "Mozilla/5.0 (compatible; YandexBot/3.0; +http://yandex.com/bots)"
::ffff:79.124.59.166 - - [16/Apr/2023:08:33:01 +0000] "GET / HTTP/1.0" 200 58146 "-" "masscan/1.3 (https://github.com/robertdavidgraham/masscan)"
::ffff:45.79.171.66 - - [16/Apr/2023:08:34:15 +0000] "GET /service.php?token=1819&action=11 HTTP/1.0" 404 150 "-" "-"
::ffff:66.249.69.235 - - [16/Apr/2023:08:38:39 +0000] "GET / HTTP/1.1" 200 58146 "-" "Mozilla/5.0 (compatible; Googlebot/2.1; +http://www.google.com/bot.html)"
::ffff:79.124.59.166 - - [16/Apr/2023:08:43:48 +0000] "GET / HTTP/1.0" 200 58146 "-" "masscan/1.3 (https://github.com/robertdavidgraham/masscan)"
::ffff:162.243.136.28 - - [16/Apr/2023:08:44:35 +0000] "GET / HTTP/1.1" 200 58146 "-" "Mozilla/5.0 zgrab/0.x"
::ffff:79.124.59.166 - - [16/Apr/2023:08:51:07 +0000] "GET / HTTP/1.0" 200 58146 "-" "masscan/1.3 (https://github.com/robertdavidgraham/masscan)"
::ffff:117.201.67.148 - - [16/Apr/2023:08:54:48 +0000] "GET / HTTP/1.1" 200 58146 "-" "Mozilla/5.0 (Windows NT 6.1; WOW64) AppleWebKit/537.36 (KHTML, like Gecko) Chrome/52.0.2743.116 Safari/537.36"
::ffff:117.201.67.148 - - [16/Apr/2023:08:54:48 +0000] "GET / HTTP/1.1" 200 58146 "-" "Mozilla/5.0 (Windows NT 6.1; WOW64) AppleWebKit/537.36 (KHTML, like Gecko) Chrome/52.0.2743.116 Safari/537.36"
::ffff:194.163.34.76 - - [16/Apr/2023:08:58:39 +0000] "GET /wp-login.php HTTP/1.1" 404 151 "-" "Mozilla/5.0 (X11; Ubuntu; Linux x86_64; rv:62.0) Gecko/20100101 Firefox/62.0"
::ffff:66.249.72.23 - - [16/Apr/2023:09:16:40 +0000] "GET /robots.txt HTTP/1.1" 404 149 "-" "Mozilla/5.0 (compatible; Googlebot/2.1; +http://www.google.com/bot.html)"
::ffff:66.249.72.27 - - [16/Apr/2023:09:16:41 +0000] "GET /ads.txt HTTP/1.1" 404 146 "-" "Mozilla/5.0 (compatible; Googlebot/2.1; +http://www.google.com/bot.html)"
::ffff:66.249.69.226 - - [16/Apr/2023:09:16:49 +0000] "GET /images/favicon.ico HTTP/1.1" 200 3638 "-" "Googlebot-Image/1.0"
::ffff:66.249.69.228 - - [16/Apr/2023:09:16:49 +0000] "GET /favicon.ico HTTP/1.1" 404 150 "-" "Googlebot-Image/1.0"
::ffff:66.249.69.233 - - [16/Apr/2023:09:21:10 +0000] "GET /images/instructors/geoffrey.jpg HTTP/1.1" 304 - "-" "Googlebot-Image/1.0"
::ffff:66.249.69.231 - - [16/Apr/2023:09:23:39 +0000] "GET /docs/Bushido-code.pdf HTTP/1.1" 200 691794 "-" "Mozilla/5.0 (Linux; Android 6.0.1; Nexus 5X Build/MMB29P) AppleWebKit/537.36 (KHTML, like Gecko) Chrome/112.0.5615.49 Mobile Safari/537.36 (compatible; Googlebot/2.1; +http://www.google.com/bot.html)"
::ffff:45.79.171.66 - - [16/Apr/2023:09:32:58 +0000] "GET /service.php?token=1819&action=11 HTTP/1.0" 404 150 "-" "-"
::ffff:43.155.118.219 - - [16/Apr/2023:09:39:56 +0000] "HEAD /Core/Skin/Login.aspx HTTP/1.1" 404 160 "-" "Mozilla/5.0 (Windows NT 10.0; Win64; x64) AppleWebKit/537.36 (KHTML, like Gecko) Chrome/106.0.0.0 Safari/537.36"
::ffff:79.124.59.166 - - [16/Apr/2023:09:43:23 +0000] "GET / HTTP/1.0" 200 58146 "-" "masscan/1.3 (https://github.com/robertdavidgraham/masscan)"
::ffff:79.124.59.166 - - [16/Apr/2023:09:45:55 +0000] "GET / HTTP/1.0" 200 58146 "-" "masscan/1.3 (https://github.com/robertdavidgraham/masscan)"
::ffff:104.152.52.237 - - [16/Apr/2023:09:52:47 +0000] "GET / HTTP/1.0" 200 58146 "-" "masscan/1.3 (https://github.com/robertdavidgraham/masscan)"
::ffff:141.95.74.78 - - [16/Apr/2023:09:55:13 +0000] "GET /.env HTTP/1.1" 404 143 "-" "Mozilla/5.0 (X11; Linux x86_64) AppleWebKit/537.36 (KHTML, like Gecko) Chrome/81.0.4044.129 Safari/537.36"
::ffff:141.95.74.78 - - [16/Apr/2023:09:55:13 +0000] "POST / HTTP/1.1" 404 140 "-" "Mozilla/5.0 (X11; Linux x86_64) AppleWebKit/537.36 (KHTML, like Gecko) Chrome/81.0.4044.129 Safari/537.36"
::ffff:135.125.217.54 - - [16/Apr/2023:09:55:44 +0000] "GET /.env HTTP/1.1" 404 143 "-" "Mozilla/5.0 (X11; Linux x86_64) AppleWebKit/537.36 (KHTML, like Gecko) Chrome/81.0.4044.129 Safari/537.36"
::ffff:135.125.217.54 - - [16/Apr/2023:09:55:44 +0000] "POST / HTTP/1.1" 404 140 "-" "Mozilla/5.0 (X11; Linux x86_64) AppleWebKit/537.36 (KHTML, like Gecko) Chrome/81.0.4044.129 Safari/537.36"
::ffff:79.124.59.166 - - [16/Apr/2023:09:57:57 +0000] "GET / HTTP/1.0" 200 58146 "-" "masscan/1.3 (https://github.com/robertdavidgraham/masscan)"
::ffff:79.124.59.166 - - [16/Apr/2023:09:58:01 +0000] "GET / HTTP/1.0" 200 58146 "-" "masscan/1.3 (https://github.com/robertdavidgraham/masscan)"
::ffff:79.124.59.166 - - [16/Apr/2023:09:58:13 +0000] "GET / HTTP/1.0" 200 58146 "-" "masscan/1.3 (https://github.com/robertdavidgraham/masscan)"
::ffff:18.234.134.171 - - [16/Apr/2023:10:00:25 +0000] "GET /_profiler/phpinfo HTTP/1.1" 404 156 "-" "Mozilla/5.0 (X11; Linux x86_64) AppleWebKit/537.36 (KHTML, like Gecko) Chrome/81.0.4044.129 Safari/537.36"
::ffff:18.234.134.171 - - [16/Apr/2023:10:00:27 +0000] "GET /yuuki?pp=env HTTP/1.1" 404 144 "-" "Mozilla/5.0 (Windows NT 10.0; Win64; x64) AppleWebKit/537.36 (KHTML, like Gecko) Chrome/94.0.4606.81 Safari/537.36"
::ffff:18.234.134.171 - - [16/Apr/2023:10:00:29 +0000] "GET /.env HTTP/1.1" 404 143 "-" "Mozilla/5.0 (X11; Linux x86_64) AppleWebKit/537.36 (KHTML, like Gecko) Chrome/81.0.4044.129 Safari/537.36"
::ffff:18.234.134.171 - - [16/Apr/2023:10:00:32 +0000] "POST / HTTP/1.1" 404 140 "-" "Mozilla/5.0 (X11; Linux x86_64) AppleWebKit/537.36 (KHTML, like Gecko) Chrome/81.0.4044.129 Safari/537.36"
::ffff:45.79.171.66 - - [16/Apr/2023:10:00:57 +0000] "GET /service.php?token=1819&action=11 HTTP/1.0" 404 150 "-" "-"
::ffff:45.79.171.66 - - [16/Apr/2023:10:01:05 +0000] "GET /service.php?token=1819&action=11 HTTP/1.0" 404 150 "-" "-"
::ffff:114.119.159.177 - - [16/Apr/2023:10:02:19 +0000] "GET /robots.txt HTTP/1.1" 404 149 "-" "Mozilla/5.0 (compatible;PetalBot;+https://webmaster.petalsearch.com/site/petalbot)"
::ffff:79.124.59.166 - - [16/Apr/2023:10:03:52 +0000] "GET / HTTP/1.0" 200 58146 "-" "masscan/1.3 (https://github.com/robertdavidgraham/masscan)"
::ffff:79.124.59.166 - - [16/Apr/2023:10:04:00 +0000] "GET / HTTP/1.0" 200 58146 "-" "masscan/1.3 (https://github.com/robertdavidgraham/masscan)"
::ffff:79.124.59.166 - - [16/Apr/2023:10:04:07 +0000] "GET / HTTP/1.0" 200 58146 "-" "masscan/1.3 (https://github.com/robertdavidgraham/masscan)"
::ffff:66.249.72.29 - - [16/Apr/2023:10:08:39 +0000] "GET /index.html HTTP/1.1" 404 149 "-" "Mozilla/5.0 (Linux; Android 6.0.1; Nexus 5X Build/MMB29P) AppleWebKit/537.36 (KHTML, like Gecko) Chrome/112.0.5615.49 Mobile Safari/537.36 (compatible; Googlebot/2.1; +http://www.google.com/bot.html)"
::ffff:79.124.59.166 - - [16/Apr/2023:10:09:42 +0000] "GET / HTTP/1.0" 200 58146 "-" "masscan/1.3 (https://github.com/robertdavidgraham/masscan)"
::ffff:79.124.59.166 - - [16/Apr/2023:10:09:46 +0000] "GET / HTTP/1.0" 200 58146 "-" "masscan/1.3 (https://github.com/robertdavidgraham/masscan)"
::ffff:79.124.59.166 - - [16/Apr/2023:10:09:55 +0000] "GET / HTTP/1.0" 200 58146 "-" "masscan/1.3 (https://github.com/robertdavidgraham/masscan)"
::ffff:66.249.72.18 - - [16/Apr/2023:10:16:40 +0000] "GET /ads.txt HTTP/1.1" 404 146 "-" "Mozilla/5.0 (compatible; Googlebot/2.1; +http://www.google.com/bot.html)"
::ffff:45.56.108.128 - - [16/Apr/2023:10:28:01 +0000] "GET /systembc/password.php HTTP/1.0" 404 160 "-" "Mozilla/5.0 (Macintosh; Intel Mac OS X 10_15_7) AppleWebKit/537.36 (KHTML, like Gecko) Chrome/107.0.0.0 Safari/537.36"
::ffff:45.79.171.66 - - [16/Apr/2023:10:28:40 +0000] "GET /service.php?token=1819&action=11 HTTP/1.0" 404 150 "-" "-"
::ffff:193.32.162.159 - - [16/Apr/2023:10:42:05 +0000] "GET / HTTP/1.1" 200 58146 "-" "Mozilla/5.0 (Windows NT 10.0; Win64; x64) AppleWebKit/537.36 (KHTML, like Gecko) Chrome/90.0.4430.85 Safari/537.36 Edg/90.0.818.46"
::ffff:193.32.162.159 - - [16/Apr/2023:10:42:10 +0000] "GET /dispatch.asp HTTP/1.1" 404 151 "-" "Mozilla/5.0 (Windows NT 10.0; Win64; x64) AppleWebKit/537.36 (KHTML, like Gecko) Chrome/90.0.4430.85 Safari/537.36 Edg/90.0.818.46"
::ffff:66.249.72.14 - - [16/Apr/2023:10:53:39 +0000] "GET /docs/Bushido-code.pdf HTTP/1.1" 304 - "-" "Mozilla/5.0 (compatible; Googlebot/2.1; +http://www.google.com/bot.html)"
::ffff:43.155.118.219 - - [16/Apr/2023:10:58:06 +0000] "HEAD /Core/Skin/Login.aspx HTTP/1.1" 404 160 "-" "Mozilla/5.0 (Windows NT 10.0; Win64; x64) AppleWebKit/537.36 (KHTML, like Gecko) Chrome/106.0.0.0 Safari/537.36"
::ffff:143.244.41.219 - - [16/Apr/2023:11:13:30 +0000] "HEAD / HTTP/1.1" 200 58146 "-" "Mozilla/5.0 (X11; OpenBSD i386) AppleWebKit/537.36 (KHTML, like Gecko) Chrome/36.0.1985.125 Safari/537.36"
::ffff:135.125.217.54 - - [16/Apr/2023:11:17:38 +0000] "GET /.env HTTP/1.1" 404 143 "-" "Mozilla/5.0 (X11; Linux x86_64) AppleWebKit/537.36 (KHTML, like Gecko) Chrome/81.0.4044.129 Safari/537.36"
::ffff:135.125.217.54 - - [16/Apr/2023:11:17:38 +0000] "POST / HTTP/1.1" 404 140 "-" "Mozilla/5.0 (X11; Linux x86_64) AppleWebKit/537.36 (KHTML, like Gecko) Chrome/81.0.4044.129 Safari/537.36"
::ffff:79.124.59.170 - - [16/Apr/2023:11:20:32 +0000] "GET / HTTP/1.0" 200 58146 "-" "masscan/1.3 (https://github.com/robertdavidgraham/masscan)"
::ffff:45.79.171.66 - - [16/Apr/2023:11:22:08 +0000] "GET /service.php?token=1819&action=11 HTTP/1.0" 404 150 "-" "-"
::ffff:31.220.1.83 - - [16/Apr/2023:11:24:39 +0000] "GET / HTTP/1.1" 200 58146 "-" "Mozilla/5.0 (compatible; CensysInspect/1.1; +https://about.censys.io/)"
::ffff:66.249.69.231 - - [16/Apr/2023:11:26:33 +0000] "GET /images/instructors/rodnak.jpg HTTP/1.1" 304 - "-" "Googlebot-Image/1.0"
::ffff:74.82.47.2 - - [16/Apr/2023:11:32:28 +0000] "GET / HTTP/1.1" 200 58146 "-" "Mozilla/5.0 (Macintosh; Intel Mac OS X 10.15; rv:109.0) Gecko/20100101 Firefox/110.0"
::ffff:185.254.196.173 - - [16/Apr/2023:11:37:32 +0000] "GET /.env HTTP/1.1" 404 143 "-" "Mozilla/5.0 (X11; Linux x86_64) AppleWebKit/537.36 (KHTML, like Gecko) Chrome/81.0.4044.129 Safari/537.36"
::ffff:66.249.72.27 - - [16/Apr/2023:11:38:39 +0000] "GET /events HTTP/1.1" 200 5867 "-" "Mozilla/5.0 (Linux; Android 6.0.1; Nexus 5X Build/MMB29P) AppleWebKit/537.36 (KHTML, like Gecko) Chrome/112.0.5615.49 Mobile Safari/537.36 (compatible; Googlebot/2.1; +http://www.google.com/bot.html)"
::ffff:74.82.47.2 - - [16/Apr/2023:11:40:03 +0000] "GET /favicon.ico HTTP/1.1" 404 150 "-" "Mozilla/5.0 (Windows NT 10.0; Win64; x64) AppleWebKit/537.36 (KHTML, like Gecko) Chrome/110.0.0.0 Safari/537.36 Edg/110.0.1587.41"
::ffff:74.82.47.2 - - [16/Apr/2023:11:42:11 +0000] "GET / HTTP/1.1" 200 58146 "-" "Mozilla/5.0 (Macintosh; Intel Mac OS X 10.15; rv:109.0) Gecko/20100101 Firefox/110.0"
::ffff:74.82.47.2 - - [16/Apr/2023:11:43:55 +0000] "GET /api/v2/static/not.found HTTP/1.1" 404 162 "-" "Mozilla/5.0 (Macintosh; Intel Mac OS X 10.15; rv:109.0) Gecko/20100101 Firefox/110.0"
::ffff:74.82.47.2 - - [16/Apr/2023:11:45:13 +0000] "GET /geoserver/web/ HTTP/1.1" 404 153 "-" "Mozilla/5.0 (Macintosh; Intel Mac OS X 10_15_7) AppleWebKit/605.1.15 (KHTML, like Gecko) Version/15.4 Safari/605.1.15"
::ffff:66.249.69.231 - - [16/Apr/2023:11:46:40 +0000] "GET /ads.txt HTTP/1.1" 404 146 "-" "Mozilla/5.0 (compatible; Googlebot/2.1; +http://www.google.com/bot.html)"
::ffff:66.249.69.228 - - [16/Apr/2023:11:46:41 +0000] "GET /ads.txt HTTP/1.1" 404 146 "-" "Mozilla/5.0 (compatible; Googlebot/2.1; +http://www.google.com/bot.html)"
::ffff:134.122.135.54 - - [16/Apr/2023:12:10:24 +0000] "GET /ju/74336.html HTTP/1.1" 404 152 "/ju/74336.html" "Mozilla/5.0 (iPhone; CPU iPhone OS 13_2_3 like Mac OS X) AppleWebKit/605.1.15 (KHTML, like Gecko) Version/13.0.3 Mobile/15E148 Safari/604.1"
::ffff:52.167.144.55 - - [16/Apr/2023:12:11:04 +0000] "GET /robots.txt HTTP/1.1" 404 149 "-" "Mozilla/5.0 AppleWebKit/537.36 (KHTML, like Gecko; compatible; bingbot/2.0; +http://www.bing.com/bingbot.htm) Chrome/103.0.5060.134 Safari/537.36"
::ffff:157.55.39.218 - - [16/Apr/2023:12:11:16 +0000] "GET / HTTP/1.1" 200 58146 "-" "Mozilla/5.0 AppleWebKit/537.36 (KHTML, like Gecko; compatible; bingbot/2.0; +http://www.bing.com/bingbot.htm) Chrome/103.0.5060.134 Safari/537.36"
::ffff:43.155.118.219 - - [16/Apr/2023:12:16:25 +0000] "HEAD /Core/Skin/Login.aspx HTTP/1.1" 404 160 "-" "Mozilla/5.0 (Windows NT 10.0; Win64; x64) AppleWebKit/537.36 (KHTML, like Gecko) Chrome/106.0.0.0 Safari/537.36"
::ffff:135.125.217.54 - - [16/Apr/2023:12:20:16 +0000] "GET /.env HTTP/1.1" 404 143 "-" "Mozilla/5.0 (X11; Linux x86_64) AppleWebKit/537.36 (KHTML, like Gecko) Chrome/81.0.4044.129 Safari/537.36"
::ffff:135.125.217.54 - - [16/Apr/2023:12:20:16 +0000] "POST / HTTP/1.1" 404 140 "-" "Mozilla/5.0 (X11; Linux x86_64) AppleWebKit/537.36 (KHTML, like Gecko) Chrome/81.0.4044.129 Safari/537.36"
::ffff:45.79.171.66 - - [16/Apr/2023:12:21:09 +0000] "GET /service.php?token=1819&action=11 HTTP/1.0" 404 150 "-" "-"
::ffff:141.95.74.78 - - [16/Apr/2023:12:22:29 +0000] "GET /.env HTTP/1.1" 404 143 "-" "Mozilla/5.0 (X11; Linux x86_64) AppleWebKit/537.36 (KHTML, like Gecko) Chrome/81.0.4044.129 Safari/537.36"
::ffff:141.95.74.78 - - [16/Apr/2023:12:22:30 +0000] "POST / HTTP/1.1" 404 140 "-" "Mozilla/5.0 (X11; Linux x86_64) AppleWebKit/537.36 (KHTML, like Gecko) Chrome/81.0.4044.129 Safari/537.36"
::ffff:45.79.171.66 - - [16/Apr/2023:12:29:54 +0000] "GET /service.php?token=1819&action=11 HTTP/1.0" 404 150 "-" "-"
::ffff:192.9.249.141 - - [16/Apr/2023:12:41:24 +0000] "HEAD / HTTP/1.1" 200 58146 "-" "Mozilla/5.0 (Linux; U; Android 4.4.2; en-US; HM NOTE 1W Build/KOT49H) AppleWebKit/534.30 (KHTML, like Gecko) Version/4.0 UCBrowser/11.0.5.850 U3/0.8.0 Mobile Safari/534.30"
::ffff:192.9.249.141 - - [16/Apr/2023:12:41:24 +0000] "GET /.env HTTP/1.1" 404 143 "-" "Mozilla/5.0 (Linux; U; Android 4.4.2; en-US; HM NOTE 1W Build/KOT49H) AppleWebKit/534.30 (KHTML, like Gecko) Version/4.0 UCBrowser/11.0.5.850 U3/0.8.0 Mobile Safari/534.30"
::ffff:192.9.249.141 - - [16/Apr/2023:12:41:24 +0000] "POST / HTTP/1.1" 404 140 "-" "Mozilla/5.0 (Linux; U; Android 4.4.2; en-US; HM NOTE 1W Build/KOT49H) AppleWebKit/534.30 (KHTML, like Gecko) Version/4.0 UCBrowser/11.0.5.850 U3/0.8.0 Mobile Safari/534.30"
::ffff:192.9.249.141 - - [16/Apr/2023:12:41:24 +0000] "GET /.env HTTP/1.1" 404 143 "-" "Mozilla/5.0 (Linux; U; Android 4.4.2; en-US; HM NOTE 1W Build/KOT49H) AppleWebKit/534.30 (KHTML, like Gecko) Version/4.0 UCBrowser/11.0.5.850 U3/0.8.0 Mobile Safari/534.30"
::ffff:192.9.249.141 - - [16/Apr/2023:12:41:24 +0000] "POST / HTTP/1.1" 404 140 "-" "Mozilla/5.0 (Linux; U; Android 4.4.2; en-US; HM NOTE 1W Build/KOT49H) AppleWebKit/534.30 (KHTML, like Gecko) Version/4.0 UCBrowser/11.0.5.850 U3/0.8.0 Mobile Safari/534.30"
::ffff:192.9.249.141 - - [16/Apr/2023:12:41:27 +0000] "GET /.env HTTP/1.1" 404 143 "-" "Mozilla/5.0 (Linux; U; Android 4.4.2; en-US; HM NOTE 1W Build/KOT49H) AppleWebKit/534.30 (KHTML, like Gecko) Version/4.0 UCBrowser/11.0.5.850 U3/0.8.0 Mobile Safari/534.30"
::ffff:192.9.249.141 - - [16/Apr/2023:12:41:27 +0000] "POST / HTTP/1.1" 404 140 "-" "Mozilla/5.0 (Linux; U; Android 4.4.2; en-US; HM NOTE 1W Build/KOT49H) AppleWebKit/534.30 (KHTML, like Gecko) Version/4.0 UCBrowser/11.0.5.850 U3/0.8.0 Mobile Safari/534.30"
::ffff:114.119.131.232 - - [16/Apr/2023:12:47:28 +0000] "GET /robots.txt HTTP/1.1" 404 149 "-" "Mozilla/5.0 (compatible;PetalBot;+https://webmaster.petalsearch.com/site/petalbot)"
::ffff:62.210.207.17 - - [16/Apr/2023:12:49:07 +0000] "GET /index/about/index.html HTTP/1.1" 404 161 "-" "Mozilla/5.0 (Windows NT 10.0; WOW64) AppleWebKit/537.36 (KHTML, like Gecko) Chrome/92.0.4515.131 Safari/537.36 SLBrowser/8.0.0.3161 SLBChan/10"
::ffff:135.125.217.54 - - [16/Apr/2023:13:13:00 +0000] "GET /.env HTTP/1.1" 404 143 "-" "Mozilla/5.0 (X11; Linux x86_64) AppleWebKit/537.36 (KHTML, like Gecko) Chrome/81.0.4044.129 Safari/537.36"
::ffff:135.125.217.54 - - [16/Apr/2023:13:13:00 +0000] "POST / HTTP/1.1" 404 140 "-" "Mozilla/5.0 (X11; Linux x86_64) AppleWebKit/537.36 (KHTML, like Gecko) Chrome/81.0.4044.129 Safari/537.36"
::ffff:45.79.171.66 - - [16/Apr/2023:13:28:02 +0000] "GET /service.php?token=1819&action=11 HTTP/1.0" 404 150 "-" "-"
::ffff:45.79.171.66 - - [16/Apr/2023:13:28:02 +0000] "GET /service.php?token=1819&action=11 HTTP/1.0" 404 150 "-" "-"
::ffff:52.167.144.98 - - [16/Apr/2023:13:28:49 +0000] "GET / HTTP/1.1" 200 58146 "-" "Mozilla/5.0 AppleWebKit/537.36 (KHTML, like Gecko; compatible; bingbot/2.0; +http://www.bing.com/bingbot.htm) Chrome/103.0.5060.134 Safari/537.36"
::ffff:31.57.4.194 - - [16/Apr/2023:13:32:11 +0000] "GET / HTTP/1.1" 200 58146 "-" "Mozilla/5.0 (Windows NT 10.0; WOW64) AppleWebKit/537.36 (KHTML, like Gecko) Chrome/51.0.2704.103 Safari/537.36"
::ffff:43.155.118.219 - - [16/Apr/2023:13:35:44 +0000] "HEAD /Core/Skin/Login.aspx HTTP/1.1" 404 160 "-" "Mozilla/5.0 (Windows NT 10.0; Win64; x64) AppleWebKit/537.36 (KHTML, like Gecko) Chrome/106.0.0.0 Safari/537.36"
::ffff:141.95.74.78 - - [16/Apr/2023:13:36:51 +0000] "GET /.env HTTP/1.1" 404 143 "-" "Mozilla/5.0 (X11; Linux x86_64) AppleWebKit/537.36 (KHTML, like Gecko) Chrome/81.0.4044.129 Safari/537.36"
::ffff:141.95.74.78 - - [16/Apr/2023:13:36:52 +0000] "POST / HTTP/1.1" 404 140 "-" "Mozilla/5.0 (X11; Linux x86_64) AppleWebKit/537.36 (KHTML, like Gecko) Chrome/81.0.4044.129 Safari/537.36"
::ffff:174.194.131.44 - - [16/Apr/2023:13:39:03 +0000] "GET /css/wadokikai.css HTTP/1.1" 304 - "https://wadokikai.org/" "Mozilla/5.0 (Linux; Android 10; K) AppleWebKit/537.36 (KHTML, like Gecko) Chrome/112.0.0.0 Mobile Safari/537.36"
::ffff:174.194.131.44 - - [16/Apr/2023:13:39:03 +0000] "GET /js/common.js HTTP/1.1" 304 - "https://wadokikai.org/" "Mozilla/5.0 (Linux; Android 10; K) AppleWebKit/537.36 (KHTML, like Gecko) Chrome/112.0.0.0 Mobile Safari/537.36"
::ffff:174.194.131.44 - - [16/Apr/2023:13:39:03 +0000] "GET /images/wkkpatch22_med.png HTTP/1.1" 304 - "https://wadokikai.org/" "Mozilla/5.0 (Linux; Android 10; K) AppleWebKit/537.36 (KHTML, like Gecko) Chrome/112.0.0.0 Mobile Safari/537.36"
::ffff:174.194.131.44 - - [16/Apr/2023:13:39:03 +0000] "GET /images/schools/orindakaratedomap.jpg HTTP/1.1" 304 - "https://wadokikai.org/" "Mozilla/5.0 (Linux; Android 10; K) AppleWebKit/537.36 (KHTML, like Gecko) Chrome/112.0.0.0 Mobile Safari/537.36"
::ffff:174.194.131.44 - - [16/Apr/2023:13:39:03 +0000] "GET /images/schools/alamedakaratedomap.jpg HTTP/1.1" 304 - "https://wadokikai.org/" "Mozilla/5.0 (Linux; Android 10; K) AppleWebKit/537.36 (KHTML, like Gecko) Chrome/112.0.0.0 Mobile Safari/537.36"
::ffff:174.194.131.44 - - [16/Apr/2023:13:39:03 +0000] "GET /images/schools/dcakaratedomap.jpg HTTP/1.1" 304 - "https://wadokikai.org/" "Mozilla/5.0 (Linux; Android 10; K) AppleWebKit/537.36 (KHTML, like Gecko) Chrome/112.0.0.0 Mobile Safari/537.36"
::ffff:174.194.131.44 - - [16/Apr/2023:13:39:03 +0000] "GET /images/schools/corpuzkaratedomap.jpg HTTP/1.1" 304 - "https://wadokikai.org/" "Mozilla/5.0 (Linux; Android 10; K) AppleWebKit/537.36 (KHTML, like Gecko) Chrome/112.0.0.0 Mobile Safari/537.36"
::ffff:174.194.131.44 - - [16/Apr/2023:13:39:03 +0000] "GET /images/schools/harborbaykaratedomap.jpg HTTP/1.1" 304 - "https://wadokikai.org/" "Mozilla/5.0 (Linux; Android 10; K) AppleWebKit/537.36 (KHTML, like Gecko) Chrome/112.0.0.0 Mobile Safari/537.36"
::ffff:174.194.131.44 - - [16/Apr/2023:13:39:03 +0000] "GET /images/schools/nunleykaratedomap.jpg HTTP/1.1" 304 - "https://wadokikai.org/" "Mozilla/5.0 (Linux; Android 10; K) AppleWebKit/537.36 (KHTML, like Gecko) Chrome/112.0.0.0 Mobile Safari/537.36"
::ffff:174.194.131.44 - - [16/Apr/2023:13:39:03 +0000] "GET /images/schools/marinkaratedomap.jpg HTTP/1.1" 304 - "https://wadokikai.org/" "Mozilla/5.0 (Linux; Android 10; K) AppleWebKit/537.36 (KHTML, like Gecko) Chrome/112.0.0.0 Mobile Safari/537.36"
::ffff:174.194.131.44 - - [16/Apr/2023:13:39:03 +0000] "GET /images/schools/earhartkaratedomap.jpg HTTP/1.1" 304 - "https://wadokikai.org/" "Mozilla/5.0 (Linux; Android 10; K) AppleWebKit/537.36 (KHTML, like Gecko) Chrome/112.0.0.0 Mobile Safari/537.36"
::ffff:174.194.131.44 - - [16/Apr/2023:13:39:03 +0000] "GET /images/schools/martinezkaratedomap.jpg HTTP/1.1" 304 - "https://wadokikai.org/" "Mozilla/5.0 (Linux; Android 10; K) AppleWebKit/537.36 (KHTML, like Gecko) Chrome/112.0.0.0 Mobile Safari/537.36"
::ffff:174.194.131.44 - - [16/Apr/2023:13:39:03 +0000] "GET /images/schools/manzanitakaratedomap.jpg HTTP/1.1" 304 - "https://wadokikai.org/" "Mozilla/5.0 (Linux; Android 10; K) AppleWebKit/537.36 (KHTML, like Gecko) Chrome/112.0.0.0 Mobile Safari/537.36"
::ffff:174.194.131.44 - - [16/Apr/2023:13:39:03 +0000] "GET /images/dragon-trans.png HTTP/1.1" 304 - "https://wadokikai.org/" "Mozilla/5.0 (Linux; Android 10; K) AppleWebKit/537.36 (KHTML, like Gecko) Chrome/112.0.0.0 Mobile Safari/537.36"
::ffff:174.194.131.44 - - [16/Apr/2023:13:39:07 +0000] "GET /images/tiger.bmp HTTP/1.1" 200 311274 "https://wadokikai.org/" "Mozilla/5.0 (Linux; Android 10; K) AppleWebKit/537.36 (KHTML, like Gecko) Chrome/112.0.0.0 Mobile Safari/537.36"
::ffff:174.194.131.44 - - [16/Apr/2023:13:39:10 +0000] "GET /images/wadokikai%20kanji.jpg HTTP/1.1" 304 - "https://wadokikai.org/" "Mozilla/5.0 (Linux; Android 10; K) AppleWebKit/537.36 (KHTML, like Gecko) Chrome/112.0.0.0 Mobile Safari/537.36"
::ffff:66.249.69.235 - - [16/Apr/2023:13:40:41 +0000] "GET /robots.txt HTTP/1.1" 404 149 "-" "Mozilla/5.0 (compatible; Googlebot/2.1; +http://www.google.com/bot.html)"
::ffff:66.249.69.235 - - [16/Apr/2023:13:40:41 +0000] "GET /images/schools/marinkaratedo.jpeg HTTP/1.1" 304 - "-" "Googlebot-Image/1.0"
::ffff:174.194.131.44 - - [16/Apr/2023:13:41:06 +0000] "GET /images/wadokikai%20kanji.jpg HTTP/1.1" 304 - "https://wadokikai.org/" "Mozilla/5.0 (Linux; Android 10; K) AppleWebKit/537.36 (KHTML, like Gecko) Chrome/112.0.0.0 Mobile Safari/537.36"
::ffff:174.194.131.44 - - [16/Apr/2023:13:41:10 +0000] "GET /images/dragon-trans.png HTTP/1.1" 304 - "https://wadokikai.org/" "Mozilla/5.0 (Linux; Android 10; K) AppleWebKit/537.36 (KHTML, like Gecko) Chrome/112.0.0.0 Mobile Safari/537.36"
::ffff:45.79.171.66 - - [16/Apr/2023:13:51:02 +0000] "GET /service.php?token=1819&action=11 HTTP/1.0" 404 150 "-" "-"
::ffff:179.43.142.86 - - [16/Apr/2023:13:56:33 +0000] "GET /bitcoin.conf HTTP/1.1" 404 151 "-" "Python-urllib/3.7"
::ffff:179.43.142.86 - - [16/Apr/2023:13:56:33 +0000] "GET /bitcoind.conf HTTP/1.1" 404 152 "-" "Python-urllib/3.7"
::ffff:179.43.142.86 - - [16/Apr/2023:13:56:34 +0000] "GET /btc.conf HTTP/1.1" 404 147 "-" "Python-urllib/3.7"
::ffff:179.43.142.86 - - [16/Apr/2023:13:56:34 +0000] "GET /eth.conf HTTP/1.1" 404 147 "-" "Python-urllib/3.7"
::ffff:20.213.134.219 - - [16/Apr/2023:14:09:44 +0000] "GET /.env HTTP/1.1" 404 143 "-" "python-httpx/0.24.0"
::ffff:20.213.134.219 - - [16/Apr/2023:14:09:44 +0000] "POST / HTTP/1.1" 404 140 "-" "python-httpx/0.24.0"
::ffff:45.64.130.150 - - [16/Apr/2023:14:30:35 +0000] "GET /wp-login.php HTTP/1.1" 404 151 "-" "Mozilla/5.0 (Windows NT 10.0; Win64; x64; rv:96.0) Gecko/20100101 Firefox/96"
::ffff:109.237.98.226 - - [16/Apr/2023:14:33:29 +0000] "GET /.env HTTP/1.1" 404 143 "-" "Mozilla/5.0 (X11; Linux x86_64) AppleWebKit/537.36 (KHTML, like Gecko) Chrome/81.0.4044.129 Safari/537.36"
::ffff:45.79.171.66 - - [16/Apr/2023:14:35:17 +0000] "GET /service.php?token=1819&action=11 HTTP/1.0" 404 150 "-" "-"
::ffff:54.245.183.53 - - [16/Apr/2023:14:38:09 +0000] "GET / HTTP/1.1" 200 58146 "-" "Mozilla/5.0 (X11; Linux x86_64) AppleWebKit/537.36 (KHTML, like Gecko) Chrome/83.0.4103.97 Safari/537.36"
::ffff:157.55.39.218 - - [16/Apr/2023:14:38:58 +0000] "GET / HTTP/1.1" 200 58146 "-" "Mozilla/5.0 AppleWebKit/537.36 (KHTML, like Gecko; compatible; bingbot/2.0; +http://www.bing.com/bingbot.htm) Chrome/103.0.5060.134 Safari/537.36"
::ffff:54.187.225.225 - - [16/Apr/2023:14:42:09 +0000] "GET /favicon.ico HTTP/1.1" 404 150 "-" "Mozilla/5.0 (X11; Linux x86_64) AppleWebKit/537.36 (KHTML, like Gecko) Chrome/83.0.4103.97 Safari/537.36"
::ffff:54.187.225.225 - - [16/Apr/2023:14:42:11 +0000] "GET / HTTP/1.1" 200 58146 "-" "Mozilla/5.0 (X11; Linux x86_64) AppleWebKit/537.36 (KHTML, like Gecko) Chrome/83.0.4103.97 Safari/537.36"
::ffff:45.79.171.66 - - [16/Apr/2023:14:46:07 +0000] "GET /service.php?token=1819&action=11 HTTP/1.0" 404 150 "-" "-"
::ffff:174.194.131.44 - - [16/Apr/2023:14:46:15 +0000] "GET /images/wadokikai%20kanji.jpg HTTP/1.1" 200 35066 "https://wadokikai.org/" "Mozilla/5.0 (Linux; Android 10; K) AppleWebKit/537.36 (KHTML, like Gecko) Chrome/112.0.0.0 Mobile Safari/537.36"
::ffff:174.194.131.44 - - [16/Apr/2023:14:46:18 +0000] "GET /images/dragon-trans.png HTTP/1.1" 200 85661 "https://wadokikai.org/" "Mozilla/5.0 (Linux; Android 10; K) AppleWebKit/537.36 (KHTML, like Gecko) Chrome/112.0.0.0 Mobile Safari/537.36"
::ffff:89.187.177.72 - - [16/Apr/2023:14:47:20 +0000] "GET / HTTP/1.1" 200 58146 "-" "Mozilla/5.0 (X11; Ubuntu; Linux x86_64; rv:102.0) Gecko/20100101 Firefox/102.0"
::ffff:89.187.177.72 - - [16/Apr/2023:14:47:25 +0000] "POST /sendemail HTTP/1.1" 302 94 "https://wadokikai.org" "Mozilla/5.0 (X11; Ubuntu; Linux x86_64; rv:102.0) Gecko/20100101 Firefox/102.0"
::ffff:89.187.177.72 - - [16/Apr/2023:14:47:25 +0000] "GET /?msg=sent&s=1 HTTP/1.1" 200 58546 "https://wadokikai.org/sendemail" "Mozilla/5.0 (X11; Ubuntu; Linux x86_64; rv:102.0) Gecko/20100101 Firefox/102.0"
::ffff:45.79.171.66 - - [16/Apr/2023:14:49:08 +0000] "GET /service.php?token=1819&action=11 HTTP/1.0" 404 150 "-" "-"
::ffff:43.155.118.219 - - [16/Apr/2023:14:56:16 +0000] "HEAD /Core/Skin/Login.aspx HTTP/1.1" 404 160 "-" "Mozilla/5.0 (Windows NT 10.0; Win64; x64) AppleWebKit/537.36 (KHTML, like Gecko) Chrome/106.0.0.0 Safari/537.36"
::ffff:40.77.167.87 - - [16/Apr/2023:15:03:12 +0000] "GET /images/schools/dcakaratedomap.jpg HTTP/1.1" 200 35262 "-" "Mozilla/5.0 AppleWebKit/537.36 (KHTML, like Gecko; compatible; bingbot/2.0; +http://www.bing.com/bingbot.htm) Chrome/103.0.5060.134 Safari/537.36"
::ffff:174.194.131.44 - - [16/Apr/2023:15:13:10 +0000] "GET /images/dragon-trans.png HTTP/1.1" 200 85661 "https://wadokikai.org/" "Mozilla/5.0 (Linux; Android 10; K) AppleWebKit/537.36 (KHTML, like Gecko) Chrome/112.0.0.0 Mobile Safari/537.36"
::ffff:39.98.54.92 - - [16/Apr/2023:15:15:18 +0000] "GET / HTTP/1.1" 200 58146 "-" "Mozilla/5.0 (Macintosh; Intel Mac OS X 10_14_6) AppleWebKit/537.36 (KHTML, like Gecko) Chrome/76.0.3809.132 Safari/537.36"
::ffff:39.98.54.92 - - [16/Apr/2023:15:15:20 +0000] "GET /images/favicon.ico HTTP/1.1" 200 3638 "-" "fasthttp"
::ffff:39.98.54.92 - - [16/Apr/2023:15:15:21 +0000] "GET /sitemap.xml HTTP/1.1" 404 150 "-" "fasthttp"
::ffff:45.79.171.66 - - [16/Apr/2023:15:26:57 +0000] "GET /service.php?token=1819&action=11 HTTP/1.0" 404 150 "-" "-"
::ffff:45.79.171.66 - - [16/Apr/2023:15:27:34 +0000] "GET /service.php?token=1819&action=11 HTTP/1.0" 404 150 "-" "-"
::ffff:135.125.217.54 - - [16/Apr/2023:15:43:36 +0000] "GET /.env HTTP/1.1" 404 143 "-" "Mozilla/5.0 (X11; Linux x86_64) AppleWebKit/537.36 (KHTML, like Gecko) Chrome/81.0.4044.129 Safari/537.36"
::ffff:135.125.217.54 - - [16/Apr/2023:15:43:36 +0000] "POST / HTTP/1.1" 404 140 "-" "Mozilla/5.0 (X11; Linux x86_64) AppleWebKit/537.36 (KHTML, like Gecko) Chrome/81.0.4044.129 Safari/537.36"
::ffff:45.79.171.66 - - [16/Apr/2023:15:45:18 +0000] "GET /service.php?token=1819&action=11 HTTP/1.0" 404 150 "-" "-"
::ffff:34.130.182.65 - - [16/Apr/2023:15:57:16 +0000] "GET /muieblackcat HTTP/1.1" 404 151 "-" "-"
::ffff:34.130.182.65 - - [16/Apr/2023:15:57:16 +0000] "GET //phpMyAdmin/scripts/setup.php HTTP/1.1" 404 168 "-" "-"
::ffff:34.130.182.65 - - [16/Apr/2023:15:57:16 +0000] "GET //phpmyadmin/scripts/setup.php HTTP/1.1" 404 168 "-" "-"
::ffff:34.130.182.65 - - [16/Apr/2023:15:57:16 +0000] "GET //pma/scripts/setup.php HTTP/1.1" 404 161 "-" "-"
::ffff:34.130.182.65 - - [16/Apr/2023:15:57:16 +0000] "GET //myadmin/scripts/setup.php HTTP/1.1" 404 165 "-" "-"
::ffff:34.130.182.65 - - [16/Apr/2023:15:57:16 +0000] "GET //MyAdmin/scripts/setup.php HTTP/1.1" 404 165 "-" "-"
::ffff:20.193.146.71 - - [16/Apr/2023:16:01:28 +0000] "GET //.env HTTP/1.1" 404 144 "-" "Go-http-client/1.1"
::ffff:185.191.171.35 - - [16/Apr/2023:16:12:51 +0000] "GET /robots.txt HTTP/1.1" 404 149 "-" "Mozilla/5.0 (compatible; SemrushBot/7~bl; +http://www.semrush.com/bot.html)"
::ffff:185.191.171.2 - - [16/Apr/2023:16:12:51 +0000] "GET /contact HTTP/1.1" 200 10017 "-" "Mozilla/5.0 (compatible; SemrushBot/7~bl; +http://www.semrush.com/bot.html)"
::ffff:43.155.118.219 - - [16/Apr/2023:16:16:36 +0000] "HEAD /Core/Skin/Login.aspx HTTP/1.1" 404 160 "-" "Mozilla/5.0 (Windows NT 10.0; Win64; x64) AppleWebKit/537.36 (KHTML, like Gecko) Chrome/106.0.0.0 Safari/537.36"
::ffff:185.191.171.44 - - [16/Apr/2023:16:21:55 +0000] "GET /contact?s=1&ss=0 HTTP/1.1" 200 9997 "-" "Mozilla/5.0 (compatible; SemrushBot/7~bl; +http://www.semrush.com/bot.html)"
::ffff:191.96.252.250 - - [16/Apr/2023:16:28:19 +0000] "GET /contact?s=1&ss=7 HTTP/1.1" 200 9997 "-" "Mozilla/5.0 (X11; Ubuntu; Linux x86_64; rv:102.0) Gecko/20100101 Firefox/102.0"
::ffff:191.96.252.250 - - [16/Apr/2023:16:28:19 +0000] "POST /sendemail HTTP/1.1" 302 96 "http://wadokikai.org/contact?s=1&ss=7" "Mozilla/5.0 (X11; Ubuntu; Linux x86_64; rv:102.0) Gecko/20100101 Firefox/102.0"
::ffff:191.96.252.250 - - [16/Apr/2023:16:28:20 +0000] "GET /contact/?msg=sent&s=1 HTTP/1.1" 200 10400 "http://wadokikai.org/sendemail" "Mozilla/5.0 (X11; Ubuntu; Linux x86_64; rv:102.0) Gecko/20100101 Firefox/102.0"
::ffff:99.100.67.164 - - [16/Apr/2023:16:45:56 +0000] "GET / HTTP/1.1" 200 58146 "https://www.google.com/" "Mozilla/5.0 (Windows NT 10.0; Win64; x64) AppleWebKit/537.36 (KHTML, like Gecko) Chrome/112.0.0.0 Safari/537.36"
::ffff:99.100.67.164 - - [16/Apr/2023:16:45:56 +0000] "GET /css/wadokikai.css HTTP/1.1" 200 4337 "http://wadokikai.org/" "Mozilla/5.0 (Windows NT 10.0; Win64; x64) AppleWebKit/537.36 (KHTML, like Gecko) Chrome/112.0.0.0 Safari/537.36"
::ffff:99.100.67.164 - - [16/Apr/2023:16:45:57 +0000] "GET /js/common.js HTTP/1.1" 200 2255 "http://wadokikai.org/" "Mozilla/5.0 (Windows NT 10.0; Win64; x64) AppleWebKit/537.36 (KHTML, like Gecko) Chrome/112.0.0.0 Safari/537.36"
::ffff:99.100.67.164 - - [16/Apr/2023:16:45:57 +0000] "GET /images/wkkpatch22_med.png HTTP/1.1" 200 32301 "http://wadokikai.org/" "Mozilla/5.0 (Windows NT 10.0; Win64; x64) AppleWebKit/537.36 (KHTML, like Gecko) Chrome/112.0.0.0 Safari/537.36"
::ffff:99.100.67.164 - - [16/Apr/2023:16:45:57 +0000] "GET /images/schools/alamedakaratedomap.jpg HTTP/1.1" 200 38311 "http://wadokikai.org/" "Mozilla/5.0 (Windows NT 10.0; Win64; x64) AppleWebKit/537.36 (KHTML, like Gecko) Chrome/112.0.0.0 Safari/537.36"
::ffff:99.100.67.164 - - [16/Apr/2023:16:45:57 +0000] "GET /images/schools/orindakaratedomap.jpg HTTP/1.1" 200 34167 "http://wadokikai.org/" "Mozilla/5.0 (Windows NT 10.0; Win64; x64) AppleWebKit/537.36 (KHTML, like Gecko) Chrome/112.0.0.0 Safari/537.36"
::ffff:99.100.67.164 - - [16/Apr/2023:16:45:57 +0000] "GET /images/schools/dcakaratedomap.jpg HTTP/1.1" 200 35262 "http://wadokikai.org/" "Mozilla/5.0 (Windows NT 10.0; Win64; x64) AppleWebKit/537.36 (KHTML, like Gecko) Chrome/112.0.0.0 Safari/537.36"
::ffff:99.100.67.164 - - [16/Apr/2023:16:45:57 +0000] "GET /images/schools/harborbaykaratedomap.jpg HTTP/1.1" 200 37245 "http://wadokikai.org/" "Mozilla/5.0 (Windows NT 10.0; Win64; x64) AppleWebKit/537.36 (KHTML, like Gecko) Chrome/112.0.0.0 Safari/537.36"
::ffff:99.100.67.164 - - [16/Apr/2023:16:45:57 +0000] "GET /images/schools/corpuzkaratedomap.jpg HTTP/1.1" 200 36421 "http://wadokikai.org/" "Mozilla/5.0 (Windows NT 10.0; Win64; x64) AppleWebKit/537.36 (KHTML, like Gecko) Chrome/112.0.0.0 Safari/537.36"
::ffff:99.100.67.164 - - [16/Apr/2023:16:45:57 +0000] "GET /images/schools/nunleykaratedomap.jpg HTTP/1.1" 200 42667 "http://wadokikai.org/" "Mozilla/5.0 (Windows NT 10.0; Win64; x64) AppleWebKit/537.36 (KHTML, like Gecko) Chrome/112.0.0.0 Safari/537.36"
::ffff:99.100.67.164 - - [16/Apr/2023:16:45:57 +0000] "GET /images/schools/martinezkaratedomap.jpg HTTP/1.1" 200 37724 "http://wadokikai.org/" "Mozilla/5.0 (Windows NT 10.0; Win64; x64) AppleWebKit/537.36 (KHTML, like Gecko) Chrome/112.0.0.0 Safari/537.36"
::ffff:99.100.67.164 - - [16/Apr/2023:16:45:57 +0000] "GET /images/schools/marinkaratedomap.jpg HTTP/1.1" 200 32400 "http://wadokikai.org/" "Mozilla/5.0 (Windows NT 10.0; Win64; x64) AppleWebKit/537.36 (KHTML, like Gecko) Chrome/112.0.0.0 Safari/537.36"
::ffff:99.100.67.164 - - [16/Apr/2023:16:45:57 +0000] "GET /images/schools/earhartkaratedomap.jpg HTTP/1.1" 200 41366 "http://wadokikai.org/" "Mozilla/5.0 (Windows NT 10.0; Win64; x64) AppleWebKit/537.36 (KHTML, like Gecko) Chrome/112.0.0.0 Safari/537.36"
::ffff:99.100.67.164 - - [16/Apr/2023:16:45:57 +0000] "GET /images/schools/manzanitakaratedomap.jpg HTTP/1.1" 200 55402 "http://wadokikai.org/" "Mozilla/5.0 (Windows NT 10.0; Win64; x64) AppleWebKit/537.36 (KHTML, like Gecko) Chrome/112.0.0.0 Safari/537.36"
::ffff:99.100.67.164 - - [16/Apr/2023:16:45:57 +0000] "GET /images/promotions/AFSPrelimSchedule.pdf HTTP/1.1" 200 59642 "http://wadokikai.org/" "Mozilla/5.0 (Windows NT 10.0; Win64; x64) AppleWebKit/537.36 (KHTML, like Gecko) Chrome/112.0.0.0 Safari/537.36"
::ffff:99.100.67.164 - - [16/Apr/2023:16:45:57 +0000] "GET /images/dragon-trans.png HTTP/1.1" 200 85661 "http://wadokikai.org/" "Mozilla/5.0 (Windows NT 10.0; Win64; x64) AppleWebKit/537.36 (KHTML, like Gecko) Chrome/112.0.0.0 Safari/537.36"
