::ffff:135.125.218.67 - - [14/Jul/2023:18:10:08 +0000] "GET /.env HTTP/1.1" 404 143 "-" "Mozilla/5.0 (X11; Linux x86_64) AppleWebKit/537.36 (KHTML, like Gecko) Chrome/81.0.4044.129 Safari/537.36"
::ffff:135.125.218.67 - - [14/Jul/2023:18:10:09 +0000] "POST / HTTP/1.1" 404 140 "-" "Mozilla/5.0 (X11; Linux x86_64) AppleWebKit/537.36 (KHTML, like Gecko) Chrome/81.0.4044.129 Safari/537.36"
::ffff:140.246.164.95 - - [14/Jul/2023:18:16:16 +0000] "GET / HTTP/1.1" 200 60511 "-" "Mozilla/5.0 (iPhone; CPU iPhone OS 13_2_3 like Mac OS X) AppleWebKit/605.1.15 (KHTML, like Gecko) Version/13.0.3 Mobile/15E148 Safari/604.1"
::ffff:198.235.24.133 - - [14/Jul/2023:18:17:51 +0000] "GET / HTTP/1.1" 200 60511 "-" "Expanse, a Palo Alto Networks company, searches across the global IPv4 space multiple times per day to identify customers&#39; presences on the Internet. If you would like to be excluded from our scans, please send IP addresses/domains to: scaninfo@paloaltonetworks.com"
::ffff:135.125.246.189 - - [14/Jul/2023:18:22:26 +0000] "GET /.env HTTP/1.1" 404 143 "-" "Mozilla/5.0 (X11; Linux x86_64) AppleWebKit/537.36 (KHTML, like Gecko) Chrome/81.0.4044.129 Safari/537.36"
::ffff:135.125.246.189 - - [14/Jul/2023:18:22:26 +0000] "POST / HTTP/1.1" 404 140 "-" "Mozilla/5.0 (X11; Linux x86_64) AppleWebKit/537.36 (KHTML, like Gecko) Chrome/81.0.4044.129 Safari/537.36"
::ffff:66.249.66.12 - - [14/Jul/2023:18:27:18 +0000] "GET /images/instructors/rodnak.jpg HTTP/1.1" 200 12841 "-" "Googlebot-Image/1.0"
::ffff:66.249.66.164 - - [14/Jul/2023:18:30:13 +0000] "GET / HTTP/1.1" 200 60511 "-" "Mozilla/5.0 (compatible; Googlebot/2.1; +http://www.google.com/bot.html)"
::ffff:40.77.167.192 - - [14/Jul/2023:18:33:46 +0000] "GET /docs/Bushido-code.pdf HTTP/1.1" 200 691794 "-" "Mozilla/5.0 AppleWebKit/537.36 (KHTML, like Gecko; compatible; bingbot/2.0; +http://www.bing.com/bingbot.htm) Chrome/103.0.5060.134 Safari/537.36"
::ffff:91.224.92.16 - - [14/Jul/2023:18:44:34 +0000] "GET / HTTP/1.1" 200 60511 "-" "-"
::ffff:213.109.202.66 - - [14/Jul/2023:18:45:39 +0000] "GET / HTTP/1.1" 200 60511 "-" "Mozilla/5.0 (Windows NT 10.0; Win64; x64) AppleWebKit/537.36 (KHTML, like Gecko) Chrome/78.0.3904.108 Safari/537.36"
::ffff:141.98.11.207 - - [14/Jul/2023:18:48:24 +0000] "GET / HTTP/1.1" 200 60511 "-" "Mozilla/5.0 (Windows NT 10.0; Win64; x64) AppleWebKit/537.36 (KHTML, like Gecko) Chrome/90.0.4430.85 Safari/537.36 Edg/90.0.818.46"
::ffff:40.77.167.194 - - [14/Jul/2023:18:58:45 +0000] "GET /contact.html HTTP/1.1" 404 151 "-" "Mozilla/5.0 AppleWebKit/537.36 (KHTML, like Gecko; compatible; bingbot/2.0; +http://www.bing.com/bingbot.htm) Chrome/103.0.5060.134 Safari/537.36"
::ffff:114.119.133.222 - - [14/Jul/2023:19:06:25 +0000] "GET /contact HTTP/1.1" 200 10017 "http://www.wadokikai.org/joinemail?type=tournaments" "Mozilla/5.0 (Linux; Android 7.0;) AppleWebKit/537.36 (KHTML, like Gecko) Mobile Safari/537.36 (compatible; PetalBot;+https://webmaster.petalsearch.com/site/petalbot)"
::ffff:18.191.65.103 - - [14/Jul/2023:19:06:55 +0000] "GET /.git/config HTTP/1.1" 404 150 "-" "Mozilla/5.0 (Linux; U; Android 9; zh-cn; PCCM00 Build/PKQ1.190223.001) AppleWebKit/537.36 (KHTML, like Gecko) Version/4.0 Chrome/70.0.3538.80 Mobile Safari/537.36 OppoBrowser/20.6.0.0.2beta"
::ffff:43.155.118.219 - - [14/Jul/2023:19:11:43 +0000] "HEAD /Core/Skin/Login.aspx HTTP/1.1" 404 160 "-" "Mozilla/5.0 (Windows NT 10.0; Win64; x64) AppleWebKit/537.36 (KHTML, like Gecko) Chrome/106.0.0.0 Safari/537.36"
::ffff:109.237.98.226 - - [14/Jul/2023:19:12:11 +0000] "GET /.env HTTP/1.1" 404 143 "-" "Mozilla/5.0 (X11; Linux x86_64) AppleWebKit/537.36 (KHTML, like Gecko) Chrome/81.0.4044.129 Safari/537.36"
::ffff:213.109.202.66 - - [14/Jul/2023:19:32:43 +0000] "POST /cgi-bin/.%2e/.%2e/.%2e/.%2e/bin/sh HTTP/1.1" 404 174 "-" "Mozilla/5.0 (Windows NT 10.0; Win64; x64) AppleWebKit/537.36 (KHTML, like Gecko) Chrome/78.0.3904.108 Safari/537.36"
::ffff:135.125.218.67 - - [14/Jul/2023:19:33:24 +0000] "GET /.env HTTP/1.1" 404 143 "-" "Mozilla/5.0 (X11; Linux x86_64) AppleWebKit/537.36 (KHTML, like Gecko) Chrome/81.0.4044.129 Safari/537.36"
::ffff:135.125.218.67 - - [14/Jul/2023:19:33:25 +0000] "POST / HTTP/1.1" 404 140 "-" "Mozilla/5.0 (X11; Linux x86_64) AppleWebKit/537.36 (KHTML, like Gecko) Chrome/81.0.4044.129 Safari/537.36"
::ffff:185.254.196.173 - - [14/Jul/2023:19:37:27 +0000] "GET /.env HTTP/1.1" 404 143 "-" "Mozilla/5.0 (X11; Linux x86_64) AppleWebKit/537.36 (KHTML, like Gecko) Chrome/81.0.4044.129 Safari/537.36"
::ffff:185.254.196.173 - - [14/Jul/2023:19:37:30 +0000] "POST / HTTP/1.1" 404 140 "-" "Mozilla/5.0 (X11; Linux x86_64) AppleWebKit/537.36 (KHTML, like Gecko) Chrome/81.0.4044.129 Safari/537.36"
::ffff:45.156.128.7 - - [14/Jul/2023:19:37:35 +0000] "GET /favicon.ico HTTP/1.1" 404 150 "-" "Mozilla/5.0 (Windows NT 10.0; Win64; x64) AppleWebKit/537.36 (KHTML, like Gecko) Chrome/60.0.3112.113 Safari/537.36"
::ffff:66.249.66.11 - - [14/Jul/2023:19:57:18 +0000] "GET /images/instructors/arce.jpg HTTP/1.1" 200 14433 "-" "Googlebot-Image/1.0"
::ffff:66.249.66.37 - - [14/Jul/2023:20:00:13 +0000] "GET /style.html HTTP/1.1" 404 149 "-" "Mozilla/5.0 (Linux; Android 6.0.1; Nexus 5X Build/MMB29P) AppleWebKit/537.36 (KHTML, like Gecko) Chrome/114.0.5735.179 Mobile Safari/537.36 (compatible; Googlebot/2.1; +http://www.google.com/bot.html)"
::ffff:136.62.6.142 - - [14/Jul/2023:20:04:25 +0000] "GET /resources HTTP/1.1" 200 194907 "-" "Mozilla/5.0 (Macintosh; Intel Mac OS X 10_15_7) AppleWebKit/537.36 (KHTML, like Gecko) Chrome/114.0.0.0 Safari/537.36"
::ffff:136.62.6.142 - - [14/Jul/2023:20:04:25 +0000] "GET /css/wadokikai.css HTTP/1.1" 200 4337 "http://www.wadokikai.org/resources" "Mozilla/5.0 (Macintosh; Intel Mac OS X 10_15_7) AppleWebKit/537.36 (KHTML, like Gecko) Chrome/114.0.0.0 Safari/537.36"
::ffff:136.62.6.142 - - [14/Jul/2023:20:04:26 +0000] "GET /js/common.js HTTP/1.1" 200 2255 "http://www.wadokikai.org/resources" "Mozilla/5.0 (Macintosh; Intel Mac OS X 10_15_7) AppleWebKit/537.36 (KHTML, like Gecko) Chrome/114.0.0.0 Safari/537.36"
::ffff:136.62.6.142 - - [14/Jul/2023:20:04:26 +0000] "GET /images/wkkpatch22_med.png HTTP/1.1" 200 32301 "http://www.wadokikai.org/resources" "Mozilla/5.0 (Macintosh; Intel Mac OS X 10_15_7) AppleWebKit/537.36 (KHTML, like Gecko) Chrome/114.0.0.0 Safari/537.36"
::ffff:136.62.6.142 - - [14/Jul/2023:20:04:26 +0000] "GET /images/JohnArce.jpg HTTP/1.1" 200 13951 "http://www.wadokikai.org/resources" "Mozilla/5.0 (Macintosh; Intel Mac OS X 10_15_7) AppleWebKit/537.36 (KHTML, like Gecko) Chrome/114.0.0.0 Safari/537.36"
::ffff:136.62.6.142 - - [14/Jul/2023:20:04:26 +0000] "GET /images/tm.jpg HTTP/1.1" 200 25020 "http://www.wadokikai.org/resources" "Mozilla/5.0 (Macintosh; Intel Mac OS X 10_15_7) AppleWebKit/537.36 (KHTML, like Gecko) Chrome/114.0.0.0 Safari/537.36"
::ffff:136.62.6.142 - - [14/Jul/2023:20:04:26 +0000] "GET /images/books/MBS2.jpg HTTP/1.1" 200 15317 "http://www.wadokikai.org/resources" "Mozilla/5.0 (Macintosh; Intel Mac OS X 10_15_7) AppleWebKit/537.36 (KHTML, like Gecko) Chrome/114.0.0.0 Safari/537.36"
::ffff:136.62.6.142 - - [14/Jul/2023:20:04:26 +0000] "GET /images/books/MBS.gif HTTP/1.1" 200 13195 "http://www.wadokikai.org/resources" "Mozilla/5.0 (Macintosh; Intel Mac OS X 10_15_7) AppleWebKit/537.36 (KHTML, like Gecko) Chrome/114.0.0.0 Safari/537.36"
::ffff:136.62.6.142 - - [14/Jul/2023:20:04:26 +0000] "GET /images/books/ZenMeditation.jpg HTTP/1.1" 200 3760 "http://www.wadokikai.org/resources" "Mozilla/5.0 (Macintosh; Intel Mac OS X 10_15_7) AppleWebKit/537.36 (KHTML, like Gecko) Chrome/114.0.0.0 Safari/537.36"
::ffff:136.62.6.142 - - [14/Jul/2023:20:04:26 +0000] "GET /images/books/karatebook.jpg HTTP/1.1" 200 7644 "http://www.wadokikai.org/resources" "Mozilla/5.0 (Macintosh; Intel Mac OS X 10_15_7) AppleWebKit/537.36 (KHTML, like Gecko) Chrome/114.0.0.0 Safari/537.36"
::ffff:136.62.6.142 - - [14/Jul/2023:20:04:26 +0000] "GET /images/books/KarateDoZen.jpg HTTP/1.1" 200 2677 "http://www.wadokikai.org/resources" "Mozilla/5.0 (Macintosh; Intel Mac OS X 10_15_7) AppleWebKit/537.36 (KHTML, like Gecko) Chrome/114.0.0.0 Safari/537.36"
::ffff:136.62.6.142 - - [14/Jul/2023:20:04:26 +0000] "GET /images/books/bookoffiverings.jpg HTTP/1.1" 200 2940 "http://www.wadokikai.org/resources" "Mozilla/5.0 (Macintosh; Intel Mac OS X 10_15_7) AppleWebKit/537.36 (KHTML, like Gecko) Chrome/114.0.0.0 Safari/537.36"
::ffff:136.62.6.142 - - [14/Jul/2023:20:04:26 +0000] "GET /images/books/shotokanSecrets.jpg HTTP/1.1" 200 4046 "http://www.wadokikai.org/resources" "Mozilla/5.0 (Macintosh; Intel Mac OS X 10_15_7) AppleWebKit/537.36 (KHTML, like Gecko) Chrome/114.0.0.0 Safari/537.36"
::ffff:136.62.6.142 - - [14/Jul/2023:20:04:26 +0000] "GET /images/books/dummies.jpg HTTP/1.1" 200 3631 "http://www.wadokikai.org/resources" "Mozilla/5.0 (Macintosh; Intel Mac OS X 10_15_7) AppleWebKit/537.36 (KHTML, like Gecko) Chrome/114.0.0.0 Safari/537.36"
::ffff:136.62.6.142 - - [14/Jul/2023:20:04:26 +0000] "GET /images/books/dojoWisdom.jpg HTTP/1.1" 200 2813 "http://www.wadokikai.org/resources" "Mozilla/5.0 (Macintosh; Intel Mac OS X 10_15_7) AppleWebKit/537.36 (KHTML, like Gecko) Chrome/114.0.0.0 Safari/537.36"
::ffff:136.62.6.142 - - [14/Jul/2023:20:04:26 +0000] "GET /images/books/saibook.jpg HTTP/1.1" 200 3043 "http://www.wadokikai.org/resources" "Mozilla/5.0 (Macintosh; Intel Mac OS X 10_15_7) AppleWebKit/537.36 (KHTML, like Gecko) Chrome/114.0.0.0 Safari/537.36"
::ffff:136.62.6.142 - - [14/Jul/2023:20:04:26 +0000] "GET /images/books/bobook.gif HTTP/1.1" 200 6919 "http://www.wadokikai.org/resources" "Mozilla/5.0 (Macintosh; Intel Mac OS X 10_15_7) AppleWebKit/537.36 (KHTML, like Gecko) Chrome/114.0.0.0 Safari/537.36"
::ffff:136.62.6.142 - - [14/Jul/2023:20:04:26 +0000] "GET /images/books/guide20.jpg HTTP/1.1" 200 1934 "http://www.wadokikai.org/resources" "Mozilla/5.0 (Macintosh; Intel Mac OS X 10_15_7) AppleWebKit/537.36 (KHTML, like Gecko) Chrome/114.0.0.0 Safari/537.36"
::ffff:136.62.6.142 - - [14/Jul/2023:20:04:26 +0000] "GET /images/books/karatedo.jpg HTTP/1.1" 200 3442 "http://www.wadokikai.org/resources" "Mozilla/5.0 (Macintosh; Intel Mac OS X 10_15_7) AppleWebKit/537.36 (KHTML, like Gecko) Chrome/114.0.0.0 Safari/537.36"
::ffff:136.62.6.142 - - [14/Jul/2023:20:04:26 +0000] "GET /images/books/emptyHand.jpg HTTP/1.1" 200 12021 "http://www.wadokikai.org/resources" "Mozilla/5.0 (Macintosh; Intel Mac OS X 10_15_7) AppleWebKit/537.36 (KHTML, like Gecko) Chrome/114.0.0.0 Safari/537.36"
::ffff:136.62.6.142 - - [14/Jul/2023:20:04:26 +0000] "GET /images/books/movingzen.jpg HTTP/1.1" 200 3578 "http://www.wadokikai.org/resources" "Mozilla/5.0 (Macintosh; Intel Mac OS X 10_15_7) AppleWebKit/537.36 (KHTML, like Gecko) Chrome/114.0.0.0 Safari/537.36"
::ffff:136.62.6.142 - - [14/Jul/2023:20:04:26 +0000] "GET /images/books/karatedojo.jpg HTTP/1.1" 200 3457 "http://www.wadokikai.org/resources" "Mozilla/5.0 (Macintosh; Intel Mac OS X 10_15_7) AppleWebKit/537.36 (KHTML, like Gecko) Chrome/114.0.0.0 Safari/537.36"
::ffff:136.62.6.142 - - [14/Jul/2023:20:04:26 +0000] "GET /images/books/grappingmethod.jpg HTTP/1.1" 200 4025 "http://www.wadokikai.org/resources" "Mozilla/5.0 (Macintosh; Intel Mac OS X 10_15_7) AppleWebKit/537.36 (KHTML, like Gecko) Chrome/114.0.0.0 Safari/537.36"
::ffff:136.62.6.142 - - [14/Jul/2023:20:04:26 +0000] "GET /images/books/artofwar.jpg HTTP/1.1" 200 22573 "http://www.wadokikai.org/resources" "Mozilla/5.0 (Macintosh; Intel Mac OS X 10_15_7) AppleWebKit/537.36 (KHTML, like Gecko) Chrome/114.0.0.0 Safari/537.36"
::ffff:136.62.6.142 - - [14/Jul/2023:20:04:26 +0000] "GET /images/dragon-trans.png HTTP/1.1" 200 85661 "http://www.wadokikai.org/resources" "Mozilla/5.0 (Macintosh; Intel Mac OS X 10_15_7) AppleWebKit/537.36 (KHTML, like Gecko) Chrome/114.0.0.0 Safari/537.36"
::ffff:136.62.6.142 - - [14/Jul/2023:20:04:26 +0000] "GET /images/favicon.ico HTTP/1.1" 200 3638 "http://www.wadokikai.org/resources" "Mozilla/5.0 (Macintosh; Intel Mac OS X 10_15_7) AppleWebKit/537.36 (KHTML, like Gecko) Chrome/114.0.0.0 Safari/537.36"
::ffff:136.62.6.142 - - [14/Jul/2023:20:04:30 +0000] "GET /images/tiger.bmp HTTP/1.1" 200 311274 "http://www.wadokikai.org/resources" "Mozilla/5.0 (Macintosh; Intel Mac OS X 10_15_7) AppleWebKit/537.36 (KHTML, like Gecko) Chrome/114.0.0.0 Safari/537.36"
::ffff:136.62.6.142 - - [14/Jul/2023:20:04:35 +0000] "GET /images/favicon.ico HTTP/1.1" 304 - "http://www.wadokikai.org/resources" "Mozilla/5.0 (Macintosh; Intel Mac OS X 10_15_7) AppleWebKit/537.36 (KHTML, like Gecko) Chrome/114.0.0.0 Safari/537.36"
::ffff:137.226.113.44 - - [14/Jul/2023:20:04:51 +0000] "GET / HTTP/1.1" 200 60511 "-" "Mozilla/5.0 researchscan.comsys.rwth-aachen.de"
::ffff:136.62.6.142 - - [14/Jul/2023:20:04:58 +0000] "GET /images/tiger.bmp HTTP/1.1" 304 - "http://www.wadokikai.org/resources" "Mozilla/5.0 (Macintosh; Intel Mac OS X 10_15_7) AppleWebKit/537.36 (KHTML, like Gecko) Chrome/114.0.0.0 Safari/537.36"
::ffff:136.62.6.142 - - [14/Jul/2023:20:17:52 +0000] "GET /images/dragon-trans.png HTTP/1.1" 304 - "http://www.wadokikai.org/resources" "Mozilla/5.0 (Macintosh; Intel Mac OS X 10_15_7) AppleWebKit/537.36 (KHTML, like Gecko) Chrome/114.0.0.0 Safari/537.36"
::ffff:135.125.246.189 - - [14/Jul/2023:20:22:19 +0000] "GET /.env HTTP/1.1" 404 143 "-" "Mozilla/5.0 (X11; Linux x86_64) AppleWebKit/537.36 (KHTML, like Gecko) Chrome/81.0.4044.129 Safari/537.36"
::ffff:135.125.246.189 - - [14/Jul/2023:20:22:19 +0000] "POST / HTTP/1.1" 404 140 "-" "Mozilla/5.0 (X11; Linux x86_64) AppleWebKit/537.36 (KHTML, like Gecko) Chrome/81.0.4044.129 Safari/537.36"
::ffff:104.238.37.49 - - [14/Jul/2023:20:23:15 +0000] "GET /contact?s=1&ss=7 HTTP/1.1" 200 9997 "-" "Mozilla/5.0 (X11; Ubuntu; Linux i686; rv:114.0) Gecko/20100101 Firefox/114.0"
::ffff:104.238.37.49 - - [14/Jul/2023:20:23:16 +0000] "POST /sendemail HTTP/1.1" 302 96 "http://wadokikai.org/contact?s=1&ss=7" "Mozilla/5.0 (X11; Ubuntu; Linux i686; rv:114.0) Gecko/20100101 Firefox/114.0"
::ffff:104.238.37.49 - - [14/Jul/2023:20:23:17 +0000] "GET /contact/?msg=sent&s=1 HTTP/1.1" 200 10400 "http://wadokikai.org/sendemail" "Mozilla/5.0 (X11; Ubuntu; Linux i686; rv:114.0) Gecko/20100101 Firefox/114.0"
::ffff:213.109.202.66 - - [14/Jul/2023:20:45:06 +0000] "GET / HTTP/1.1" 200 60511 "-" "Mozilla/5.0 (Windows NT 10.0; Win64; x64) AppleWebKit/537.36 (KHTML, like Gecko) Chrome/78.0.3904.108 Safari/537.36"
::ffff:43.155.118.219 - - [14/Jul/2023:20:46:26 +0000] "HEAD /Core/Skin/Login.aspx HTTP/1.1" 404 160 "-" "Mozilla/5.0 (Windows NT 10.0; Win64; x64) AppleWebKit/537.36 (KHTML, like Gecko) Chrome/106.0.0.0 Safari/537.36"
::ffff:193.35.18.35 - - [14/Jul/2023:20:46:46 +0000] "GET / HTTP/1.1" 200 60511 "-" "Linux Gnu (cow)"
::ffff:195.19.125.242 - - [14/Jul/2023:20:58:37 +0000] "GET / HTTP/1.1" 200 60511 "-" "Mozilla/5.0 (Windows NT 10.0; WOW64) AppleWebKit/537.36 (KHTML, like Gecko) Chrome/51.0.2704.103 Safari/537.36"
::ffff:136.175.8.43 - - [14/Jul/2023:21:04:47 +0000] "GET /.env HTTP/1.1" 404 143 "-" "Mozilla/5.0 (Linux; U; Android 4.4.2; en-US; HM NOTE 1W Build/KOT49H) AppleWebKit/534.30 (KHTML, like Gecko) Version/4.0 UCBrowser/11.0.5.850 U3/0.8.0 Mobile Safari/534.30"
::ffff:136.175.8.43 - - [14/Jul/2023:21:04:47 +0000] "POST / HTTP/1.1" 404 140 "-" "Mozilla/5.0 (Linux; U; Android 4.4.2; en-US; HM NOTE 1W Build/KOT49H) AppleWebKit/534.30 (KHTML, like Gecko) Version/4.0 UCBrowser/11.0.5.850 U3/0.8.0 Mobile Safari/534.30"
::ffff:136.175.8.43 - - [14/Jul/2023:21:04:47 +0000] "GET /.env HTTP/1.1" 404 143 "-" "Mozilla/5.0 (Linux; U; Android 4.4.2; en-US; HM NOTE 1W Build/KOT49H) AppleWebKit/534.30 (KHTML, like Gecko) Version/4.0 UCBrowser/11.0.5.850 U3/0.8.0 Mobile Safari/534.30"
::ffff:136.175.8.43 - - [14/Jul/2023:21:04:47 +0000] "POST / HTTP/1.1" 404 140 "-" "Mozilla/5.0 (Linux; U; Android 4.4.2; en-US; HM NOTE 1W Build/KOT49H) AppleWebKit/534.30 (KHTML, like Gecko) Version/4.0 UCBrowser/11.0.5.850 U3/0.8.0 Mobile Safari/534.30"
::ffff:20.115.97.21 - - [14/Jul/2023:21:05:46 +0000] "GET /.env HTTP/1.1" 404 143 "-" "Mozilla/5.0 (X11; Linux x86_64; rv:83.0) Gecko/20100101 Firefox/83.0"
::ffff:20.115.97.21 - - [14/Jul/2023:21:05:46 +0000] "POST / HTTP/1.1" 404 140 "-" "Mozilla/5.0 (X11; Linux x86_64; rv:83.0) Gecko/20100101 Firefox/83.0"
::ffff:66.249.66.200 - - [14/Jul/2023:21:30:13 +0000] "GET / HTTP/1.1" 200 60511 "-" "Mozilla/5.0 (Linux; Android 6.0.1; Nexus 5X Build/MMB29P) AppleWebKit/537.36 (KHTML, like Gecko) Chrome/114.0.5735.179 Mobile Safari/537.36 (compatible; Googlebot/2.1; +http://www.google.com/bot.html)"
::ffff:66.249.66.6 - - [14/Jul/2023:21:30:15 +0000] "GET /js/common.js HTTP/1.1" 200 2255 "https://www.wadokikai.org/" "Mozilla/5.0 (Linux; Android 6.0.1; Nexus 5X Build/MMB29P) AppleWebKit/537.36 (KHTML, like Gecko) Chrome/114.0.5735.179 Mobile Safari/537.36 (compatible; Googlebot/2.1; +http://www.google.com/bot.html)"
::ffff:135.125.246.189 - - [14/Jul/2023:21:33:10 +0000] "GET /.env HTTP/1.1" 404 143 "-" "Mozilla/5.0 (X11; Linux x86_64) AppleWebKit/537.36 (KHTML, like Gecko) Chrome/81.0.4044.129 Safari/537.36"
::ffff:135.125.246.189 - - [14/Jul/2023:21:33:10 +0000] "POST / HTTP/1.1" 404 140 "-" "Mozilla/5.0 (X11; Linux x86_64) AppleWebKit/537.36 (KHTML, like Gecko) Chrome/81.0.4044.129 Safari/537.36"
::ffff:185.191.171.20 - - [14/Jul/2023:22:07:38 +0000] "GET /robots.txt HTTP/1.1" 404 149 "-" "Mozilla/5.0 (compatible; SemrushBot/7~bl; +http://www.semrush.com/bot.html)"
::ffff:85.208.96.202 - - [14/Jul/2023:22:07:39 +0000] "GET /joinemail?type=promotions HTTP/1.1" 200 8841 "-" "Mozilla/5.0 (compatible; SemrushBot/7~bl; +http://www.semrush.com/bot.html)"
::ffff:40.77.167.194 - - [14/Jul/2023:22:17:24 +0000] "GET / HTTP/1.1" 200 60511 "-" "Mozilla/5.0 AppleWebKit/537.36 (KHTML, like Gecko; compatible; bingbot/2.0; +http://www.bing.com/bingbot.htm) Chrome/103.0.5060.134 Safari/537.36"
::ffff:162.221.192.26 - - [14/Jul/2023:22:19:07 +0000] "GET / HTTP/1.1" 200 60511 "-" "Mozilla/5.0 (Windows NT 10.0; Win64; x64) AppleWebKit/537.36 (KHTML, like Gecko) Chrome/60.0.3112.113 Safari/537.36"
::ffff:43.155.118.219 - - [14/Jul/2023:22:20:51 +0000] "HEAD /Core/Skin/Login.aspx HTTP/1.1" 404 160 "-" "Mozilla/5.0 (Windows NT 10.0; Win64; x64) AppleWebKit/537.36 (KHTML, like Gecko) Chrome/106.0.0.0 Safari/537.36"
::ffff:174.194.192.189 - - [14/Jul/2023:22:22:14 +0000] "GET / HTTP/1.1" 200 60511 "-" "Mozilla/5.0 (iPhone; CPU iPhone OS 16_0 like Mac OS X) AppleWebKit/605.1.15 (KHTML, like Gecko) CriOS/114.0.5735.124 Mobile/15E148 Safari/604.1"
::ffff:174.194.192.189 - - [14/Jul/2023:22:22:14 +0000] "GET /images/wkkpatch22_med.png HTTP/1.1" 200 32301 "http://wadokikai.org/" "Mozilla/5.0 (iPhone; CPU iPhone OS 16_0 like Mac OS X) AppleWebKit/605.1.15 (KHTML, like Gecko) CriOS/114.0.5735.124 Mobile/15E148 Safari/604.1"
::ffff:174.194.192.189 - - [14/Jul/2023:22:22:14 +0000] "GET /css/wadokikai.css HTTP/1.1" 304 - "http://wadokikai.org/" "Mozilla/5.0 (iPhone; CPU iPhone OS 16_0 like Mac OS X) AppleWebKit/605.1.15 (KHTML, like Gecko) CriOS/114.0.5735.124 Mobile/15E148 Safari/604.1"
::ffff:174.194.192.189 - - [14/Jul/2023:22:22:14 +0000] "GET /images/promotions/wmapromo6282023.jpg HTTP/1.1" 304 - "http://wadokikai.org/" "Mozilla/5.0 (iPhone; CPU iPhone OS 16_0 like Mac OS X) AppleWebKit/605.1.15 (KHTML, like Gecko) CriOS/114.0.5735.124 Mobile/15E148 Safari/604.1"
::ffff:174.194.192.189 - - [14/Jul/2023:22:22:14 +0000] "GET /images/schools/harborbaykaratedomap.jpg HTTP/1.1" 304 - "http://wadokikai.org/" "Mozilla/5.0 (iPhone; CPU iPhone OS 16_0 like Mac OS X) AppleWebKit/605.1.15 (KHTML, like Gecko) CriOS/114.0.5735.124 Mobile/15E148 Safari/604.1"
::ffff:174.194.192.189 - - [14/Jul/2023:22:22:14 +0000] "GET /js/common.js HTTP/1.1" 200 2255 "http://wadokikai.org/" "Mozilla/5.0 (iPhone; CPU iPhone OS 16_0 like Mac OS X) AppleWebKit/605.1.15 (KHTML, like Gecko) CriOS/114.0.5735.124 Mobile/15E148 Safari/604.1"
::ffff:174.194.192.189 - - [14/Jul/2023:22:22:14 +0000] "GET /images/dragon-trans.png HTTP/1.1" 200 85661 "http://wadokikai.org/" "Mozilla/5.0 (iPhone; CPU iPhone OS 16_0 like Mac OS X) AppleWebKit/605.1.15 (KHTML, like Gecko) CriOS/114.0.5735.124 Mobile/15E148 Safari/604.1"
::ffff:174.194.192.189 - - [14/Jul/2023:22:22:14 +0000] "GET /images/promotions/afspromo5202023.jpg HTTP/1.1" 200 298342 "http://wadokikai.org/" "Mozilla/5.0 (iPhone; CPU iPhone OS 16_0 like Mac OS X) AppleWebKit/605.1.15 (KHTML, like Gecko) CriOS/114.0.5735.124 Mobile/15E148 Safari/604.1"
::ffff:174.194.192.189 - - [14/Jul/2023:22:22:14 +0000] "GET /images/instructors/nkdretirement.jpg HTTP/1.1" 200 136844 "http://wadokikai.org/" "Mozilla/5.0 (iPhone; CPU iPhone OS 16_0 like Mac OS X) AppleWebKit/605.1.15 (KHTML, like Gecko) CriOS/114.0.5735.124 Mobile/15E148 Safari/604.1"
::ffff:174.194.192.189 - - [14/Jul/2023:22:22:14 +0000] "GET /images/schools/alamedakaratedomap.jpg HTTP/1.1" 200 38311 "http://wadokikai.org/" "Mozilla/5.0 (iPhone; CPU iPhone OS 16_0 like Mac OS X) AppleWebKit/605.1.15 (KHTML, like Gecko) CriOS/114.0.5735.124 Mobile/15E148 Safari/604.1"
::ffff:174.194.192.189 - - [14/Jul/2023:22:22:14 +0000] "GET /images/schools/orindakaratedomap.jpg HTTP/1.1" 200 34167 "http://wadokikai.org/" "Mozilla/5.0 (iPhone; CPU iPhone OS 16_0 like Mac OS X) AppleWebKit/605.1.15 (KHTML, like Gecko) CriOS/114.0.5735.124 Mobile/15E148 Safari/604.1"
::ffff:174.194.192.189 - - [14/Jul/2023:22:22:14 +0000] "GET /images/schools/dcakaratedomap.jpg HTTP/1.1" 200 35262 "http://wadokikai.org/" "Mozilla/5.0 (iPhone; CPU iPhone OS 16_0 like Mac OS X) AppleWebKit/605.1.15 (KHTML, like Gecko) CriOS/114.0.5735.124 Mobile/15E148 Safari/604.1"
::ffff:174.194.192.189 - - [14/Jul/2023:22:22:15 +0000] "GET /images/promotions/wmapromo6262023.jpg HTTP/1.1" 200 427686 "http://wadokikai.org/" "Mozilla/5.0 (iPhone; CPU iPhone OS 16_0 like Mac OS X) AppleWebKit/605.1.15 (KHTML, like Gecko) CriOS/114.0.5735.124 Mobile/15E148 Safari/604.1"
::ffff:174.194.192.189 - - [14/Jul/2023:22:22:15 +0000] "GET /images/schools/nunleykaratedomap.jpg HTTP/1.1" 200 42667 "http://wadokikai.org/" "Mozilla/5.0 (iPhone; CPU iPhone OS 16_0 like Mac OS X) AppleWebKit/605.1.15 (KHTML, like Gecko) CriOS/114.0.5735.124 Mobile/15E148 Safari/604.1"
::ffff:174.194.192.189 - - [14/Jul/2023:22:22:15 +0000] "GET /images/schools/corpuzkaratedomap.jpg HTTP/1.1" 200 36421 "http://wadokikai.org/" "Mozilla/5.0 (iPhone; CPU iPhone OS 16_0 like Mac OS X) AppleWebKit/605.1.15 (KHTML, like Gecko) CriOS/114.0.5735.124 Mobile/15E148 Safari/604.1"
::ffff:174.194.192.189 - - [14/Jul/2023:22:22:15 +0000] "GET /images/schools/marinkaratedomap.jpg HTTP/1.1" 200 32400 "http://wadokikai.org/" "Mozilla/5.0 (iPhone; CPU iPhone OS 16_0 like Mac OS X) AppleWebKit/605.1.15 (KHTML, like Gecko) CriOS/114.0.5735.124 Mobile/15E148 Safari/604.1"
::ffff:174.194.192.189 - - [14/Jul/2023:22:22:15 +0000] "GET /images/promotions/wmapromo6242023.jpg HTTP/1.1" 200 696429 "http://wadokikai.org/" "Mozilla/5.0 (iPhone; CPU iPhone OS 16_0 like Mac OS X) AppleWebKit/605.1.15 (KHTML, like Gecko) CriOS/114.0.5735.124 Mobile/15E148 Safari/604.1"
::ffff:174.194.192.189 - - [14/Jul/2023:22:22:15 +0000] "GET /images/schools/earhartkaratedomap.jpg HTTP/1.1" 200 41366 "http://wadokikai.org/" "Mozilla/5.0 (iPhone; CPU iPhone OS 16_0 like Mac OS X) AppleWebKit/605.1.15 (KHTML, like Gecko) CriOS/114.0.5735.124 Mobile/15E148 Safari/604.1"
::ffff:174.194.192.189 - - [14/Jul/2023:22:22:15 +0000] "GET /images/schools/martinezkaratedomap.jpg HTTP/1.1" 200 37724 "http://wadokikai.org/" "Mozilla/5.0 (iPhone; CPU iPhone OS 16_0 like Mac OS X) AppleWebKit/605.1.15 (KHTML, like Gecko) CriOS/114.0.5735.124 Mobile/15E148 Safari/604.1"
::ffff:174.194.192.189 - - [14/Jul/2023:22:22:15 +0000] "GET /images/schools/manzanitakaratedomap.jpg HTTP/1.1" 200 55402 "http://wadokikai.org/" "Mozilla/5.0 (iPhone; CPU iPhone OS 16_0 like Mac OS X) AppleWebKit/605.1.15 (KHTML, like Gecko) CriOS/114.0.5735.124 Mobile/15E148 Safari/604.1"
::ffff:174.194.192.189 - - [14/Jul/2023:22:22:15 +0000] "GET /images/promotions/mrcpromo6172023.jpg HTTP/1.1" 200 1191245 "http://wadokikai.org/" "Mozilla/5.0 (iPhone; CPU iPhone OS 16_0 like Mac OS X) AppleWebKit/605.1.15 (KHTML, like Gecko) CriOS/114.0.5735.124 Mobile/15E148 Safari/604.1"
::ffff:174.194.192.189 - - [14/Jul/2023:22:22:18 +0000] "GET /images/tiger.bmp HTTP/1.1" 200 311274 "http://wadokikai.org/" "Mozilla/5.0 (iPhone; CPU iPhone OS 16_0 like Mac OS X) AppleWebKit/605.1.15 (KHTML, like Gecko) CriOS/114.0.5735.124 Mobile/15E148 Safari/604.1"
::ffff:174.194.192.189 - - [14/Jul/2023:22:22:21 +0000] "GET /images/wadokikai%20kanji.jpg HTTP/1.1" 200 35066 "http://wadokikai.org/" "Mozilla/5.0 (iPhone; CPU iPhone OS 16_0 like Mac OS X) AppleWebKit/605.1.15 (KHTML, like Gecko) CriOS/114.0.5735.124 Mobile/15E148 Safari/604.1"
::ffff:114.119.159.87 - - [14/Jul/2023:22:39:22 +0000] "GET /contact?s=1&ss=5 HTTP/1.1" 200 9997 "http://www.wadokikai.org/" "Mozilla/5.0 (Linux; Android 7.0;) AppleWebKit/537.36 (KHTML, like Gecko) Mobile Safari/537.36 (compatible; PetalBot;+https://webmaster.petalsearch.com/site/petalbot)"
::ffff:174.194.192.189 - - [14/Jul/2023:22:48:49 +0000] "GET /images/wadokikai%20kanji.jpg HTTP/1.1" 304 - "http://wadokikai.org/" "Mozilla/5.0 (iPhone; CPU iPhone OS 16_0 like Mac OS X) AppleWebKit/605.1.15 (KHTML, like Gecko) CriOS/114.0.5735.124 Mobile/15E148 Safari/604.1"
::ffff:174.194.192.189 - - [14/Jul/2023:22:48:52 +0000] "GET /images/dragon-trans.png HTTP/1.1" 304 - "http://wadokikai.org/" "Mozilla/5.0 (iPhone; CPU iPhone OS 16_0 like Mac OS X) AppleWebKit/605.1.15 (KHTML, like Gecko) CriOS/114.0.5735.124 Mobile/15E148 Safari/604.1"
::ffff:135.125.218.67 - - [14/Jul/2023:22:58:26 +0000] "GET /.env HTTP/1.1" 404 143 "-" "Mozilla/5.0 (X11; Linux x86_64) AppleWebKit/537.36 (KHTML, like Gecko) Chrome/81.0.4044.129 Safari/537.36"
::ffff:135.125.218.67 - - [14/Jul/2023:22:58:27 +0000] "POST / HTTP/1.1" 404 140 "-" "Mozilla/5.0 (X11; Linux x86_64) AppleWebKit/537.36 (KHTML, like Gecko) Chrome/81.0.4044.129 Safari/537.36"
::ffff:185.180.143.136 - - [14/Jul/2023:23:02:07 +0000] "GET /favicon.ico HTTP/1.1" 404 150 "-" "Mozilla/5.0 (Windows NT 10.0; Win64; x64) AppleWebKit/537.36 (KHTML, like Gecko) Chrome/60.0.3112.113 Safari/537.36"
::ffff:43.129.40.155 - - [14/Jul/2023:23:02:54 +0000] "GET / HTTP/1.1" 200 60511 "-" "curl/7.64.1"
::ffff:135.125.246.189 - - [14/Jul/2023:23:06:34 +0000] "GET /.env HTTP/1.1" 404 143 "-" "Mozilla/5.0 (X11; Linux x86_64) AppleWebKit/537.36 (KHTML, like Gecko) Chrome/81.0.4044.129 Safari/537.36"
::ffff:135.125.246.189 - - [14/Jul/2023:23:06:34 +0000] "POST / HTTP/1.1" 404 140 "-" "Mozilla/5.0 (X11; Linux x86_64) AppleWebKit/537.36 (KHTML, like Gecko) Chrome/81.0.4044.129 Safari/537.36"
::ffff:223.240.101.111 - - [14/Jul/2023:23:16:29 +0000] "GET / HTTP/1.1" 200 60511 "-" "Mozilla/5.0 (iPhone; CPU iPhone OS 13_2_3 like Mac OS X) AppleWebKit/605.1.15 (KHTML, like Gecko) Version/13.0.3 Mobile/15E148 Safari/604.1"
::ffff:114.119.151.251 - - [14/Jul/2023:23:17:38 +0000] "GET /contact?s=1&ss=6 HTTP/1.1" 200 9997 "http://www.wadokikai.org/" "Mozilla/5.0 (Linux; Android 7.0;) AppleWebKit/537.36 (KHTML, like Gecko) Mobile Safari/537.36 (compatible; PetalBot;+https://webmaster.petalsearch.com/site/petalbot)"
::ffff:141.98.11.207 - - [14/Jul/2023:23:32:00 +0000] "GET / HTTP/1.1" 200 60511 "-" "Mozilla/5.0 (Windows NT 10.0; Win64; x64) AppleWebKit/537.36 (KHTML, like Gecko) Chrome/90.0.4430.85 Safari/537.36 Edg/90.0.818.46"
::ffff:185.254.196.186 - - [14/Jul/2023:23:32:34 +0000] "GET /.env HTTP/1.1" 404 143 "-" "Mozilla/5.0 (X11; Linux x86_64) AppleWebKit/537.36 (KHTML, like Gecko) Chrome/81.0.4044.129 Safari/537.36"
::ffff:185.254.196.186 - - [14/Jul/2023:23:32:34 +0000] "POST / HTTP/1.1" 404 140 "-" "Mozilla/5.0 (X11; Linux x86_64) AppleWebKit/537.36 (KHTML, like Gecko) Chrome/81.0.4044.129 Safari/537.36"
::ffff:43.155.118.219 - - [14/Jul/2023:23:55:49 +0000] "HEAD /Core/Skin/Login.aspx HTTP/1.1" 404 160 "-" "Mozilla/5.0 (Windows NT 10.0; Win64; x64) AppleWebKit/537.36 (KHTML, like Gecko) Chrome/106.0.0.0 Safari/537.36"
