::ffff:99.92.93.12 - - [03/Mar/2023:18:07:46 +0000] "GET /images/books/emptyHand.jpg HTTP/1.1" 304 - "http://wadokikai.org/resources" "Mozilla/5.0 (Linux; NetCast; U) AppleWebKit/537.36 (KHTML, like Gecko) Chrome/79.0.3945.79 Safari/537.36 SmartTV/10.0 Colt/2.0"
::ffff:99.92.93.12 - - [03/Mar/2023:18:07:46 +0000] "GET /images/books/movingzen.jpg HTTP/1.1" 304 - "http://wadokikai.org/resources" "Mozilla/5.0 (Linux; NetCast; U) AppleWebKit/537.36 (KHTML, like Gecko) Chrome/79.0.3945.79 Safari/537.36 SmartTV/10.0 Colt/2.0"
::ffff:99.92.93.12 - - [03/Mar/2023:18:07:46 +0000] "GET /images/books/karatedojo.jpg HTTP/1.1" 304 - "http://wadokikai.org/resources" "Mozilla/5.0 (Linux; NetCast; U) AppleWebKit/537.36 (KHTML, like Gecko) Chrome/79.0.3945.79 Safari/537.36 SmartTV/10.0 Colt/2.0"
::ffff:99.92.93.12 - - [03/Mar/2023:18:07:46 +0000] "GET /images/books/grappingmethod.jpg HTTP/1.1" 304 - "http://wadokikai.org/resources" "Mozilla/5.0 (Linux; NetCast; U) AppleWebKit/537.36 (KHTML, like Gecko) Chrome/79.0.3945.79 Safari/537.36 SmartTV/10.0 Colt/2.0"
::ffff:99.92.93.12 - - [03/Mar/2023:18:07:46 +0000] "GET /images/books/artofwar.jpg HTTP/1.1" 304 - "http://wadokikai.org/resources" "Mozilla/5.0 (Linux; NetCast; U) AppleWebKit/537.36 (KHTML, like Gecko) Chrome/79.0.3945.79 Safari/537.36 SmartTV/10.0 Colt/2.0"
::ffff:99.92.93.12 - - [03/Mar/2023:18:07:46 +0000] "GET /images/dragon-trans.png HTTP/1.1" 304 - "http://wadokikai.org/resources" "Mozilla/5.0 (Linux; NetCast; U) AppleWebKit/537.36 (KHTML, like Gecko) Chrome/79.0.3945.79 Safari/537.36 SmartTV/10.0 Colt/2.0"
::ffff:99.92.93.12 - - [03/Mar/2023:18:07:46 +0000] "GET /images/favicon.ico HTTP/1.1" 304 - "http://wadokikai.org/resources" "Mozilla/5.0 (Linux; NetCast; U) AppleWebKit/537.36 (KHTML, like Gecko) Chrome/79.0.3945.79 Safari/537.36 SmartTV/10.0 Colt/2.0"
::ffff:99.92.93.12 - - [03/Mar/2023:18:07:49 +0000] "GET /images/tiger.bmp HTTP/1.1" 304 - "http://wadokikai.org/resources" "Mozilla/5.0 (Linux; NetCast; U) AppleWebKit/537.36 (KHTML, like Gecko) Chrome/79.0.3945.79 Safari/537.36 SmartTV/10.0 Colt/2.0"
::ffff:99.92.93.12 - - [03/Mar/2023:18:10:17 +0000] "GET /images/tiger.bmp HTTP/1.1" 304 - "http://wadokikai.org/resources" "Mozilla/5.0 (Linux; NetCast; U) AppleWebKit/537.36 (KHTML, like Gecko) Chrome/79.0.3945.79 Safari/537.36 SmartTV/10.0 Colt/2.0"
::ffff:99.92.93.12 - - [03/Mar/2023:18:10:36 +0000] "GET /images/dragon-trans.png HTTP/1.1" 304 - "http://wadokikai.org/resources" "Mozilla/5.0 (Linux; NetCast; U) AppleWebKit/537.36 (KHTML, like Gecko) Chrome/79.0.3945.79 Safari/537.36 SmartTV/10.0 Colt/2.0"
::ffff:99.92.93.12 - - [03/Mar/2023:18:10:39 +0000] "GET /images/tiger.bmp HTTP/1.1" 304 - "http://wadokikai.org/resources" "Mozilla/5.0 (Linux; NetCast; U) AppleWebKit/537.36 (KHTML, like Gecko) Chrome/79.0.3945.79 Safari/537.36 SmartTV/10.0 Colt/2.0"
::ffff:99.92.93.12 - - [03/Mar/2023:18:10:46 +0000] "GET /images/tiger.bmp HTTP/1.1" 304 - "http://wadokikai.org/resources" "Mozilla/5.0 (Linux; NetCast; U) AppleWebKit/537.36 (KHTML, like Gecko) Chrome/79.0.3945.79 Safari/537.36 SmartTV/10.0 Colt/2.0"
::ffff:99.92.93.12 - - [03/Mar/2023:18:10:53 +0000] "GET /images/tiger.bmp HTTP/1.1" 304 - "http://wadokikai.org/resources" "Mozilla/5.0 (Linux; NetCast; U) AppleWebKit/537.36 (KHTML, like Gecko) Chrome/79.0.3945.79 Safari/537.36 SmartTV/10.0 Colt/2.0"
::ffff:99.92.93.12 - - [03/Mar/2023:18:11:04 +0000] "GET /images/dragon-trans.png HTTP/1.1" 304 - "http://wadokikai.org/resources" "Mozilla/5.0 (Linux; NetCast; U) AppleWebKit/537.36 (KHTML, like Gecko) Chrome/79.0.3945.79 Safari/537.36 SmartTV/10.0 Colt/2.0"
::ffff:99.92.93.12 - - [03/Mar/2023:18:11:14 +0000] "GET /images/tiger.bmp HTTP/1.1" 304 - "http://wadokikai.org/resources" "Mozilla/5.0 (Linux; NetCast; U) AppleWebKit/537.36 (KHTML, like Gecko) Chrome/79.0.3945.79 Safari/537.36 SmartTV/10.0 Colt/2.0"
::ffff:99.92.93.12 - - [03/Mar/2023:18:11:18 +0000] "GET /images/dragon-trans.png HTTP/1.1" 304 - "http://wadokikai.org/resources" "Mozilla/5.0 (Linux; NetCast; U) AppleWebKit/537.36 (KHTML, like Gecko) Chrome/79.0.3945.79 Safari/537.36 SmartTV/10.0 Colt/2.0"
::ffff:99.92.93.12 - - [03/Mar/2023:18:11:21 +0000] "GET /images/tiger.bmp HTTP/1.1" 304 - "http://wadokikai.org/resources" "Mozilla/5.0 (Linux; NetCast; U) AppleWebKit/537.36 (KHTML, like Gecko) Chrome/79.0.3945.79 Safari/537.36 SmartTV/10.0 Colt/2.0"
::ffff:99.92.93.12 - - [03/Mar/2023:18:14:14 +0000] "GET /images/dragon-trans.png HTTP/1.1" 304 - "http://wadokikai.org/resources" "Mozilla/5.0 (Linux; NetCast; U) AppleWebKit/537.36 (KHTML, like Gecko) Chrome/79.0.3945.79 Safari/537.36 SmartTV/10.0 Colt/2.0"
::ffff:99.92.93.12 - - [03/Mar/2023:18:14:18 +0000] "GET /images/tiger.bmp HTTP/1.1" 304 - "http://wadokikai.org/resources" "Mozilla/5.0 (Linux; NetCast; U) AppleWebKit/537.36 (KHTML, like Gecko) Chrome/79.0.3945.79 Safari/537.36 SmartTV/10.0 Colt/2.0"
::ffff:99.92.93.12 - - [03/Mar/2023:18:14:25 +0000] "GET /images/tiger.bmp HTTP/1.1" 304 - "http://wadokikai.org/resources" "Mozilla/5.0 (Linux; NetCast; U) AppleWebKit/537.36 (KHTML, like Gecko) Chrome/79.0.3945.79 Safari/537.36 SmartTV/10.0 Colt/2.0"
::ffff:99.92.93.12 - - [03/Mar/2023:18:14:32 +0000] "GET /images/tiger.bmp HTTP/1.1" 304 - "http://wadokikai.org/resources" "Mozilla/5.0 (Linux; NetCast; U) AppleWebKit/537.36 (KHTML, like Gecko) Chrome/79.0.3945.79 Safari/537.36 SmartTV/10.0 Colt/2.0"
::ffff:99.92.93.12 - - [03/Mar/2023:18:14:43 +0000] "GET /images/dragon-trans.png HTTP/1.1" 304 - "http://wadokikai.org/resources" "Mozilla/5.0 (Linux; NetCast; U) AppleWebKit/537.36 (KHTML, like Gecko) Chrome/79.0.3945.79 Safari/537.36 SmartTV/10.0 Colt/2.0"
::ffff:99.92.93.12 - - [03/Mar/2023:18:14:50 +0000] "GET /images/dragon-trans.png HTTP/1.1" 304 - "http://wadokikai.org/resources" "Mozilla/5.0 (Linux; NetCast; U) AppleWebKit/537.36 (KHTML, like Gecko) Chrome/79.0.3945.79 Safari/537.36 SmartTV/10.0 Colt/2.0"
::ffff:99.92.93.12 - - [03/Mar/2023:18:14:57 +0000] "GET /images/dragon-trans.png HTTP/1.1" 304 - "http://wadokikai.org/resources" "Mozilla/5.0 (Linux; NetCast; U) AppleWebKit/537.36 (KHTML, like Gecko) Chrome/79.0.3945.79 Safari/537.36 SmartTV/10.0 Colt/2.0"
::ffff:99.92.93.12 - - [03/Mar/2023:18:15:04 +0000] "GET /images/dragon-trans.png HTTP/1.1" 304 - "http://wadokikai.org/resources" "Mozilla/5.0 (Linux; NetCast; U) AppleWebKit/537.36 (KHTML, like Gecko) Chrome/79.0.3945.79 Safari/537.36 SmartTV/10.0 Colt/2.0"
::ffff:99.92.93.12 - - [03/Mar/2023:18:15:11 +0000] "GET /images/dragon-trans.png HTTP/1.1" 304 - "http://wadokikai.org/resources" "Mozilla/5.0 (Linux; NetCast; U) AppleWebKit/537.36 (KHTML, like Gecko) Chrome/79.0.3945.79 Safari/537.36 SmartTV/10.0 Colt/2.0"
::ffff:99.92.93.12 - - [03/Mar/2023:18:16:56 +0000] "GET /images/dragon-trans.png HTTP/1.1" 304 - "http://wadokikai.org/resources" "Mozilla/5.0 (Linux; NetCast; U) AppleWebKit/537.36 (KHTML, like Gecko) Chrome/79.0.3945.79 Safari/537.36 SmartTV/10.0 Colt/2.0"
::ffff:99.92.93.12 - - [03/Mar/2023:18:17:34 +0000] "GET /images/tiger.bmp HTTP/1.1" 304 - "http://wadokikai.org/resources" "Mozilla/5.0 (Linux; NetCast; U) AppleWebKit/537.36 (KHTML, like Gecko) Chrome/79.0.3945.79 Safari/537.36 SmartTV/10.0 Colt/2.0"
::ffff:99.92.93.12 - - [03/Mar/2023:18:17:38 +0000] "GET /images/dragon-trans.png HTTP/1.1" 304 - "http://wadokikai.org/resources" "Mozilla/5.0 (Linux; NetCast; U) AppleWebKit/537.36 (KHTML, like Gecko) Chrome/79.0.3945.79 Safari/537.36 SmartTV/10.0 Colt/2.0"
::ffff:136.62.6.142 - - [03/Mar/2023:18:17:45 +0000] "GET /images/dragon-trans.png HTTP/1.1" 304 - "http://www.wadokikai.org/resources" "Mozilla/5.0 (Macintosh; Intel Mac OS X 10_15_7) AppleWebKit/537.36 (KHTML, like Gecko) Chrome/110.0.0.0 Safari/537.36"
::ffff:99.92.93.12 - - [03/Mar/2023:18:18:13 +0000] "GET /images/dragon-trans.png HTTP/1.1" 304 - "http://wadokikai.org/resources" "Mozilla/5.0 (Linux; NetCast; U) AppleWebKit/537.36 (KHTML, like Gecko) Chrome/79.0.3945.79 Safari/537.36 SmartTV/10.0 Colt/2.0"
::ffff:99.92.93.12 - - [03/Mar/2023:18:18:20 +0000] "GET /images/dragon-trans.png HTTP/1.1" 304 - "http://wadokikai.org/resources" "Mozilla/5.0 (Linux; NetCast; U) AppleWebKit/537.36 (KHTML, like Gecko) Chrome/79.0.3945.79 Safari/537.36 SmartTV/10.0 Colt/2.0"
::ffff:99.92.93.12 - - [03/Mar/2023:18:18:27 +0000] "GET /images/dragon-trans.png HTTP/1.1" 304 - "http://wadokikai.org/resources" "Mozilla/5.0 (Linux; NetCast; U) AppleWebKit/537.36 (KHTML, like Gecko) Chrome/79.0.3945.79 Safari/537.36 SmartTV/10.0 Colt/2.0"
::ffff:99.92.93.12 - - [03/Mar/2023:18:19:58 +0000] "GET /images/dragon-trans.png HTTP/1.1" 304 - "http://wadokikai.org/resources" "Mozilla/5.0 (Linux; NetCast; U) AppleWebKit/537.36 (KHTML, like Gecko) Chrome/79.0.3945.79 Safari/537.36 SmartTV/10.0 Colt/2.0"
::ffff:40.77.167.219 - - [03/Mar/2023:18:22:00 +0000] "GET /robots.txt HTTP/1.1" 404 149 "-" "Mozilla/5.0 AppleWebKit/537.36 (KHTML, like Gecko; compatible; bingbot/2.0; +http://www.bing.com/bingbot.htm) Chrome/103.0.5060.134 Safari/537.36"
::ffff:40.77.167.219 - - [03/Mar/2023:18:22:00 +0000] "GET /robots.txt HTTP/1.1" 404 149 "-" "Mozilla/5.0 AppleWebKit/537.36 (KHTML, like Gecko; compatible; bingbot/2.0; +http://www.bing.com/bingbot.htm) Chrome/103.0.5060.134 Safari/537.36"
::ffff:157.55.39.216 - - [03/Mar/2023:18:22:05 +0000] "GET /contact.html HTTP/1.1" 404 151 "-" "Mozilla/5.0 AppleWebKit/537.36 (KHTML, like Gecko; compatible; bingbot/2.0; +http://www.bing.com/bingbot.htm) Chrome/103.0.5060.134 Safari/537.36"
::ffff:99.92.93.12 - - [03/Mar/2023:18:22:23 +0000] "GET /images/tiger.bmp HTTP/1.1" 304 - "http://wadokikai.org/resources" "Mozilla/5.0 (Linux; NetCast; U) AppleWebKit/537.36 (KHTML, like Gecko) Chrome/79.0.3945.79 Safari/537.36 SmartTV/10.0 Colt/2.0"
::ffff:99.92.93.12 - - [03/Mar/2023:18:22:31 +0000] "GET /images/tiger.bmp HTTP/1.1" 304 - "http://wadokikai.org/resources" "Mozilla/5.0 (Linux; NetCast; U) AppleWebKit/537.36 (KHTML, like Gecko) Chrome/79.0.3945.79 Safari/537.36 SmartTV/10.0 Colt/2.0"
::ffff:128.14.141.42 - - [03/Mar/2023:18:24:17 +0000] "GET / HTTP/1.1" 200 57378 "-" "Mozilla/5.0 (Windows NT 10.0; WOW64) AppleWebKit/537.36 (KHTML, like Gecko) Chrome/66.0.3359.117 Safari/537.36"
::ffff:43.155.118.219 - - [03/Mar/2023:18:25:49 +0000] "HEAD /Core/Skin/Login.aspx HTTP/1.1" 404 160 "-" "Mozilla/5.0 (Windows NT 10.0; Win64; x64) AppleWebKit/537.36 (KHTML, like Gecko) Chrome/106.0.0.0 Safari/537.36"
::ffff:99.92.93.12 - - [03/Mar/2023:18:28:11 +0000] "GET /images/dragon-trans.png HTTP/1.1" 304 - "http://wadokikai.org/resources" "Mozilla/5.0 (Linux; NetCast; U) AppleWebKit/537.36 (KHTML, like Gecko) Chrome/79.0.3945.79 Safari/537.36 SmartTV/10.0 Colt/2.0"
::ffff:136.62.6.142 - - [03/Mar/2023:18:28:56 +0000] "GET /images/tiger.bmp HTTP/1.1" 304 - "http://www.wadokikai.org/resources" "Mozilla/5.0 (Macintosh; Intel Mac OS X 10_15_7) AppleWebKit/537.36 (KHTML, like Gecko) Chrome/110.0.0.0 Safari/537.36"
::ffff:198.235.24.145 - - [03/Mar/2023:18:29:38 +0000] "GET / HTTP/1.1" 200 57378 "-" "Expanse, a Palo Alto Networks company, searches across the global IPv4 space multiple times per day to identify customers&#39; presences on the Internet. If you would like to be excluded from our scans, please send IP addresses/domains to: scaninfo@paloaltonetworks.com"
::ffff:184.174.38.26 - - [03/Mar/2023:18:32:22 +0000] "GET / HTTP/1.1" 200 57378 "-" "libwww-perl/6.43"
::ffff:141.126.104.120 - - [03/Mar/2023:18:33:29 +0000] "GET /docs/Bushido-code.pdf HTTP/1.1" 200 691794 "https://www.google.com/" "Mozilla/5.0 (Macintosh; Intel Mac OS X 10_15_7) AppleWebKit/537.36 (KHTML, like Gecko) Chrome/110.0.0.0 Safari/537.36"
::ffff:141.126.104.120 - - [03/Mar/2023:18:33:29 +0000] "GET /docs/Bushido-code.pdf HTTP/1.1" 206 1025 "-" "Mozilla/5.0 (Macintosh; Intel Mac OS X 10_15_7) AppleWebKit/537.36 (KHTML, like Gecko) Chrome/110.0.0.0 Safari/537.36"
::ffff:141.126.104.120 - - [03/Mar/2023:18:33:30 +0000] "GET /docs/Bushido-code.pdf HTTP/1.1" 200 691794 "-" "Mozilla/5.0 (Macintosh; Intel Mac OS X 10_15_7) AppleWebKit/537.36 (KHTML, like Gecko) Chrome/110.0.0.0 Safari/537.36"
::ffff:216.218.72.132 - - [03/Mar/2023:18:33:30 +0000] "GET /docs/Bushido-code.pdf HTTP/1.1" 200 691794 "https://www.google.com/" "Mozilla/5.0 (Macintosh; Intel Mac OS X 10_15_7) AppleWebKit/537.36 (KHTML, like Gecko) Chrome/106.0.0.0 Safari/537.36"
::ffff:99.92.93.12 - - [03/Mar/2023:18:34:43 +0000] "GET /images/dragon-trans.png HTTP/1.1" 304 - "http://wadokikai.org/resources" "Mozilla/5.0 (Linux; NetCast; U) AppleWebKit/537.36 (KHTML, like Gecko) Chrome/79.0.3945.79 Safari/537.36 SmartTV/10.0 Colt/2.0"
::ffff:181.94.202.1 - - [03/Mar/2023:18:35:01 +0000] "GET / HTTP/1.1" 200 57378 "-" "Mozilla/5.0 (Windows NT 10.0; WOW64) AppleWebKit/537.36 (KHTML, like Gecko) Chrome/52.0.2743.116 Safari/537.36"
::ffff:162.214.71.92 - - [03/Mar/2023:18:36:49 +0000] "GET / HTTP/1.1" 200 57378 "-" "curl/7.29.0"
::ffff:66.249.75.129 - - [03/Mar/2023:18:38:16 +0000] "GET /robots.txt HTTP/1.1" 404 149 "-" "Mozilla/5.0 (compatible; Googlebot/2.1; +http://www.google.com/bot.html)"
::ffff:66.249.75.157 - - [03/Mar/2023:18:38:16 +0000] "GET /instructors.php HTTP/1.1" 404 154 "-" "Mozilla/5.0 (Linux; Android 6.0.1; Nexus 5X Build/MMB29P) AppleWebKit/537.36 (KHTML, like Gecko) Chrome/110.0.5481.177 Mobile Safari/537.36 (compatible; Googlebot/2.1; +http://www.google.com/bot.html)"
::ffff:99.92.93.12 - - [03/Mar/2023:18:41:19 +0000] "GET /images/tiger.bmp HTTP/1.1" 304 - "http://wadokikai.org/resources" "Mozilla/5.0 (Linux; NetCast; U) AppleWebKit/537.36 (KHTML, like Gecko) Chrome/79.0.3945.79 Safari/537.36 SmartTV/10.0 Colt/2.0"
::ffff:81.7.10.109 - - [03/Mar/2023:18:44:36 +0000] "HEAD / HTTP/1.1" 200 57378 "-" "-"
::ffff:159.65.111.248 - - [03/Mar/2023:18:46:11 +0000] "GET / HTTP/1.0" 200 57378 "-" "Mozilla/5.0 (X11; Linux x86_64; rv:98.0) Gecko/20100101 Firefox/98.0"
::ffff:99.92.93.12 - - [03/Mar/2023:18:48:19 +0000] "GET /images/dragon-trans.png HTTP/1.1" 304 - "http://wadokikai.org/resources" "Mozilla/5.0 (Linux; NetCast; U) AppleWebKit/537.36 (KHTML, like Gecko) Chrome/79.0.3945.79 Safari/537.36 SmartTV/10.0 Colt/2.0"
::ffff:99.92.93.12 - - [03/Mar/2023:18:53:59 +0000] "GET /images/tiger.bmp HTTP/1.1" 304 - "http://wadokikai.org/resources" "Mozilla/5.0 (Linux; NetCast; U) AppleWebKit/537.36 (KHTML, like Gecko) Chrome/79.0.3945.79 Safari/537.36 SmartTV/10.0 Colt/2.0"
::ffff:128.1.248.42 - - [03/Mar/2023:18:55:06 +0000] "GET / HTTP/1.1" 200 57378 "-" "Mozilla/5.0 (Windows NT 10.0; Win64; x64) AppleWebKit/537.36 (KHTML, like Gecko) Chrome/60.0.3112.113 Safari/537.36"
::ffff:99.92.93.12 - - [03/Mar/2023:19:00:31 +0000] "GET /images/tiger.bmp HTTP/1.1" 304 - "http://wadokikai.org/resources" "Mozilla/5.0 (Linux; NetCast; U) AppleWebKit/537.36 (KHTML, like Gecko) Chrome/79.0.3945.79 Safari/537.36 SmartTV/10.0 Colt/2.0"
::ffff:109.237.97.180 - - [03/Mar/2023:19:00:40 +0000] "GET /.env HTTP/1.1" 404 143 "-" "Mozilla/5.0 (X11; Linux x86_64) AppleWebKit/537.36 (KHTML, like Gecko) Chrome/81.0.4044.129 Safari/537.36"
::ffff:47.136.200.14 - - [03/Mar/2023:19:05:49 +0000] "GET /images/tiger.bmp HTTP/1.1" 304 - "http://wadokikai.org/resources" "Mozilla/5.0 (Macintosh; Intel Mac OS X 10_15_6) AppleWebKit/605.1.15 (KHTML, like Gecko) Version/15.6,2 Safari/605.1.15"
::ffff:99.92.93.12 - - [03/Mar/2023:19:07:31 +0000] "GET /images/dragon-trans.png HTTP/1.1" 304 - "http://wadokikai.org/resources" "Mozilla/5.0 (Linux; NetCast; U) AppleWebKit/537.36 (KHTML, like Gecko) Chrome/79.0.3945.79 Safari/537.36 SmartTV/10.0 Colt/2.0"
::ffff:47.136.200.14 - - [03/Mar/2023:19:11:29 +0000] "GET /images/dragon-trans.png HTTP/1.1" 304 - "http://wadokikai.org/resources" "Mozilla/5.0 (Macintosh; Intel Mac OS X 10_15_6) AppleWebKit/605.1.15 (KHTML, like Gecko) Version/15.6,2 Safari/605.1.15"
::ffff:47.136.200.14 - - [03/Mar/2023:19:11:57 +0000] "GET /images/tiger.bmp HTTP/1.1" 304 - "http://wadokikai.org/resources" "Mozilla/5.0 (Macintosh; Intel Mac OS X 10_15_6) AppleWebKit/605.1.15 (KHTML, like Gecko) Version/15.6,2 Safari/605.1.15"
::ffff:99.92.93.12 - - [03/Mar/2023:19:13:03 +0000] "GET /images/tiger.bmp HTTP/1.1" 304 - "http://wadokikai.org/resources" "Mozilla/5.0 (Linux; NetCast; U) AppleWebKit/537.36 (KHTML, like Gecko) Chrome/79.0.3945.79 Safari/537.36 SmartTV/10.0 Colt/2.0"
::ffff:47.136.200.14 - - [03/Mar/2023:19:16:41 +0000] "GET /images/dragon-trans.png HTTP/1.1" 304 - "http://wadokikai.org/resources" "Mozilla/5.0 (Macintosh; Intel Mac OS X 10_15_6) AppleWebKit/605.1.15 (KHTML, like Gecko) Version/15.6,2 Safari/605.1.15"
::ffff:99.92.93.12 - - [03/Mar/2023:19:19:51 +0000] "GET /images/tiger.bmp HTTP/1.1" 304 - "http://wadokikai.org/resources" "Mozilla/5.0 (Linux; NetCast; U) AppleWebKit/537.36 (KHTML, like Gecko) Chrome/79.0.3945.79 Safari/537.36 SmartTV/10.0 Colt/2.0"
::ffff:47.136.200.14 - - [03/Mar/2023:19:22:01 +0000] "GET /images/dragon-trans.png HTTP/1.1" 304 - "http://wadokikai.org/resources" "Mozilla/5.0 (Macintosh; Intel Mac OS X 10_15_6) AppleWebKit/605.1.15 (KHTML, like Gecko) Version/15.6,2 Safari/605.1.15"
::ffff:66.249.75.129 - - [03/Mar/2023:19:23:16 +0000] "GET /instructors.php HTTP/1.1" 404 154 "-" "Mozilla/5.0 (compatible; Googlebot/2.1; +http://www.google.com/bot.html)"
::ffff:99.92.93.12 - - [03/Mar/2023:19:26:47 +0000] "GET /images/tiger.bmp HTTP/1.1" 304 - "http://wadokikai.org/resources" "Mozilla/5.0 (Linux; NetCast; U) AppleWebKit/537.36 (KHTML, like Gecko) Chrome/79.0.3945.79 Safari/537.36 SmartTV/10.0 Colt/2.0"
::ffff:193.32.162.159 - - [03/Mar/2023:19:28:15 +0000] "GET / HTTP/1.1" 200 57378 "-" "Mozilla/5.0 (Windows NT 10.0; Win64; x64) AppleWebKit/537.36 (KHTML, like Gecko) Chrome/90.0.4430.85 Safari/537.36 Edg/90.0.818.46"
::ffff:99.92.93.12 - - [03/Mar/2023:19:34:11 +0000] "GET /images/dragon-trans.png HTTP/1.1" 304 - "http://wadokikai.org/resources" "Mozilla/5.0 (Linux; NetCast; U) AppleWebKit/537.36 (KHTML, like Gecko) Chrome/79.0.3945.79 Safari/537.36 SmartTV/10.0 Colt/2.0"
::ffff:99.92.93.12 - - [03/Mar/2023:19:43:07 +0000] "GET /images/dragon-trans.png HTTP/1.1" 304 - "http://wadokikai.org/resources" "Mozilla/5.0 (Linux; NetCast; U) AppleWebKit/537.36 (KHTML, like Gecko) Chrome/79.0.3945.79 Safari/537.36 SmartTV/10.0 Colt/2.0"
::ffff:135.125.246.110 - - [03/Mar/2023:19:43:16 +0000] "POST / HTTP/1.1" 404 140 "-" "Mozilla/5.0 (X11; Linux x86_64) AppleWebKit/537.36 (KHTML, like Gecko) Chrome/81.0.4044.129 Safari/537.36"
::ffff:135.125.246.110 - - [03/Mar/2023:19:43:16 +0000] "GET /.env HTTP/1.1" 404 143 "-" "Mozilla/5.0 (X11; Linux x86_64) AppleWebKit/537.36 (KHTML, like Gecko) Chrome/81.0.4044.129 Safari/537.36"
::ffff:43.155.118.219 - - [03/Mar/2023:19:45:31 +0000] "HEAD /Core/Skin/Login.aspx HTTP/1.1" 404 160 "-" "Mozilla/5.0 (Windows NT 10.0; Win64; x64) AppleWebKit/537.36 (KHTML, like Gecko) Chrome/106.0.0.0 Safari/537.36"
::ffff:212.114.182.103 - - [03/Mar/2023:19:46:03 +0000] "GET /docs/Bushido-code.pdf HTTP/1.1" 200 691794 "https://www.google.com/" "Mozilla/5.0 (Windows NT 10.0; Win64; x64) AppleWebKit/537.36 (KHTML, like Gecko) Chrome/110.0.0.0 Safari/537.36"
::ffff:212.114.182.103 - - [03/Mar/2023:19:46:04 +0000] "GET /favicon.ico HTTP/1.1" 404 150 "http://wadokikai.org/docs/Bushido-code.pdf" "Mozilla/5.0 (Windows NT 10.0; Win64; x64) AppleWebKit/537.36 (KHTML, like Gecko) Chrome/110.0.0.0 Safari/537.36"
::ffff:99.92.93.12 - - [03/Mar/2023:19:51:27 +0000] "GET /images/tiger.bmp HTTP/1.1" 304 - "http://wadokikai.org/resources" "Mozilla/5.0 (Linux; NetCast; U) AppleWebKit/537.36 (KHTML, like Gecko) Chrome/79.0.3945.79 Safari/537.36 SmartTV/10.0 Colt/2.0"
::ffff:99.92.93.12 - - [03/Mar/2023:19:59:59 +0000] "GET /images/tiger.bmp HTTP/1.1" 304 - "http://wadokikai.org/resources" "Mozilla/5.0 (Linux; NetCast; U) AppleWebKit/537.36 (KHTML, like Gecko) Chrome/79.0.3945.79 Safari/537.36 SmartTV/10.0 Colt/2.0"
::ffff:99.92.93.12 - - [03/Mar/2023:20:08:47 +0000] "GET /images/tiger.bmp HTTP/1.1" 304 - "http://wadokikai.org/resources" "Mozilla/5.0 (Linux; NetCast; U) AppleWebKit/537.36 (KHTML, like Gecko) Chrome/79.0.3945.79 Safari/537.36 SmartTV/10.0 Colt/2.0"
::ffff:178.128.122.209 - - [03/Mar/2023:20:10:04 +0000] "POST /ztp/cgi-bin/handler HTTP/1.1" 404 159 "-" "Mozilla/5.0 (X11; Ubuntu; Linux x86_64; rv:71.0) Gecko/20100101 Firefox/71.0"
::ffff:136.62.6.142 - - [03/Mar/2023:20:10:26 +0000] "GET /images/dragon-trans.png HTTP/1.1" 304 - "http://www.wadokikai.org/resources" "Mozilla/5.0 (Macintosh; Intel Mac OS X 10_15_7) AppleWebKit/537.36 (KHTML, like Gecko) Chrome/110.0.0.0 Safari/537.36"
::ffff:99.92.93.12 - - [03/Mar/2023:20:16:55 +0000] "GET /images/tiger.bmp HTTP/1.1" 304 - "http://wadokikai.org/resources" "Mozilla/5.0 (Linux; NetCast; U) AppleWebKit/537.36 (KHTML, like Gecko) Chrome/79.0.3945.79 Safari/537.36 SmartTV/10.0 Colt/2.0"
::ffff:136.62.6.142 - - [03/Mar/2023:20:21:38 +0000] "GET /images/dragon-trans.png HTTP/1.1" 304 - "http://www.wadokikai.org/resources" "Mozilla/5.0 (Macintosh; Intel Mac OS X 10_15_7) AppleWebKit/537.36 (KHTML, like Gecko) Chrome/110.0.0.0 Safari/537.36"
::ffff:51.89.5.185 - - [03/Mar/2023:20:22:15 +0000] "GET /.env HTTP/1.1" 404 143 "-" "Mozilla/5.0 (X11; Linux x86_64) AppleWebKit/537.36 (KHTML, like Gecko) Chrome/81.0.4044.129 Safari/537.36"
::ffff:51.89.5.185 - - [03/Mar/2023:20:22:16 +0000] "POST / HTTP/1.1" 404 140 "-" "Mozilla/5.0 (X11; Linux x86_64) AppleWebKit/537.36 (KHTML, like Gecko) Chrome/81.0.4044.129 Safari/537.36"
::ffff:99.92.93.12 - - [03/Mar/2023:20:25:47 +0000] "GET /images/dragon-trans.png HTTP/1.1" 304 - "http://wadokikai.org/resources" "Mozilla/5.0 (Linux; NetCast; U) AppleWebKit/537.36 (KHTML, like Gecko) Chrome/79.0.3945.79 Safari/537.36 SmartTV/10.0 Colt/2.0"
::ffff:99.92.93.12 - - [03/Mar/2023:20:33:15 +0000] "GET /images/dragon-trans.png HTTP/1.1" 304 - "http://wadokikai.org/resources" "Mozilla/5.0 (Linux; NetCast; U) AppleWebKit/537.36 (KHTML, like Gecko) Chrome/79.0.3945.79 Safari/537.36 SmartTV/10.0 Colt/2.0"
::ffff:99.92.93.12 - - [03/Mar/2023:20:40:15 +0000] "GET /images/tiger.bmp HTTP/1.1" 304 - "http://wadokikai.org/resources" "Mozilla/5.0 (Linux; NetCast; U) AppleWebKit/537.36 (KHTML, like Gecko) Chrome/79.0.3945.79 Safari/537.36 SmartTV/10.0 Colt/2.0"
::ffff:99.92.93.12 - - [03/Mar/2023:20:47:39 +0000] "GET /images/dragon-trans.png HTTP/1.1" 304 - "http://wadokikai.org/resources" "Mozilla/5.0 (Linux; NetCast; U) AppleWebKit/537.36 (KHTML, like Gecko) Chrome/79.0.3945.79 Safari/537.36 SmartTV/10.0 Colt/2.0"
::ffff:136.62.6.142 - - [03/Mar/2023:20:48:21 +0000] "GET /images/tiger.bmp HTTP/1.1" 304 - "http://www.wadokikai.org/resources" "Mozilla/5.0 (Macintosh; Intel Mac OS X 10_15_7) AppleWebKit/537.36 (KHTML, like Gecko) Chrome/110.0.0.0 Safari/537.36"
::ffff:99.92.93.12 - - [03/Mar/2023:20:56:43 +0000] "GET /images/dragon-trans.png HTTP/1.1" 304 - "http://wadokikai.org/resources" "Mozilla/5.0 (Linux; NetCast; U) AppleWebKit/537.36 (KHTML, like Gecko) Chrome/79.0.3945.79 Safari/537.36 SmartTV/10.0 Colt/2.0"
::ffff:43.155.118.219 - - [03/Mar/2023:21:05:05 +0000] "HEAD /Core/Skin/Login.aspx HTTP/1.1" 404 160 "-" "Mozilla/5.0 (Windows NT 10.0; Win64; x64) AppleWebKit/537.36 (KHTML, like Gecko) Chrome/106.0.0.0 Safari/537.36"
::ffff:99.92.93.12 - - [03/Mar/2023:21:05:11 +0000] "GET /images/tiger.bmp HTTP/1.1" 304 - "http://wadokikai.org/resources" "Mozilla/5.0 (Linux; NetCast; U) AppleWebKit/537.36 (KHTML, like Gecko) Chrome/79.0.3945.79 Safari/537.36 SmartTV/10.0 Colt/2.0"
::ffff:136.62.6.142 - - [03/Mar/2023:21:11:01 +0000] "GET /images/tiger.bmp HTTP/1.1" 304 - "http://www.wadokikai.org/resources" "Mozilla/5.0 (Macintosh; Intel Mac OS X 10_15_7) AppleWebKit/537.36 (KHTML, like Gecko) Chrome/110.0.0.0 Safari/537.36"
::ffff:99.92.93.12 - - [03/Mar/2023:21:14:07 +0000] "GET /images/tiger.bmp HTTP/1.1" 304 - "http://wadokikai.org/resources" "Mozilla/5.0 (Linux; NetCast; U) AppleWebKit/537.36 (KHTML, like Gecko) Chrome/79.0.3945.79 Safari/537.36 SmartTV/10.0 Colt/2.0"
::ffff:40.77.167.146 - - [03/Mar/2023:21:18:31 +0000] "GET / HTTP/1.1" 200 57378 "-" "Mozilla/5.0 AppleWebKit/537.36 (KHTML, like Gecko; compatible; bingbot/2.0; +http://www.bing.com/bingbot.htm) Chrome/103.0.5060.134 Safari/537.36"
::ffff:51.89.5.185 - - [03/Mar/2023:21:19:18 +0000] "GET /.env HTTP/1.1" 404 143 "-" "Mozilla/5.0 (X11; Linux x86_64) AppleWebKit/537.36 (KHTML, like Gecko) Chrome/81.0.4044.129 Safari/537.36"
::ffff:51.89.5.185 - - [03/Mar/2023:21:19:18 +0000] "POST / HTTP/1.1" 404 140 "-" "Mozilla/5.0 (X11; Linux x86_64) AppleWebKit/537.36 (KHTML, like Gecko) Chrome/81.0.4044.129 Safari/537.36"
::ffff:99.92.93.12 - - [03/Mar/2023:21:21:19 +0000] "GET /images/tiger.bmp HTTP/1.1" 304 - "http://wadokikai.org/resources" "Mozilla/5.0 (Linux; NetCast; U) AppleWebKit/537.36 (KHTML, like Gecko) Chrome/79.0.3945.79 Safari/537.36 SmartTV/10.0 Colt/2.0"
::ffff:136.62.6.142 - - [03/Mar/2023:21:22:15 +0000] "GET /images/dragon-trans.png HTTP/1.1" 304 - "http://www.wadokikai.org/resources" "Mozilla/5.0 (Macintosh; Intel Mac OS X 10_15_7) AppleWebKit/537.36 (KHTML, like Gecko) Chrome/110.0.0.0 Safari/537.36"
::ffff:193.32.162.159 - - [03/Mar/2023:21:22:46 +0000] "GET / HTTP/1.1" 200 57378 "-" "Mozilla/5.0 (Windows NT 10.0; Win64; x64) AppleWebKit/537.36 (KHTML, like Gecko) Chrome/90.0.4430.85 Safari/537.36 Edg/90.0.818.46"
::ffff:135.125.246.110 - - [03/Mar/2023:21:28:04 +0000] "POST / HTTP/1.1" 404 140 "-" "Mozilla/5.0 (X11; Linux x86_64) AppleWebKit/537.36 (KHTML, like Gecko) Chrome/81.0.4044.129 Safari/537.36"
::ffff:135.125.246.110 - - [03/Mar/2023:21:28:05 +0000] "GET /.env HTTP/1.1" 404 143 "-" "Mozilla/5.0 (X11; Linux x86_64) AppleWebKit/537.36 (KHTML, like Gecko) Chrome/81.0.4044.129 Safari/537.36"
::ffff:99.92.93.12 - - [03/Mar/2023:21:29:56 +0000] "GET /images/dragon-trans.png HTTP/1.1" 304 - "http://wadokikai.org/resources" "Mozilla/5.0 (Linux; NetCast; U) AppleWebKit/537.36 (KHTML, like Gecko) Chrome/79.0.3945.79 Safari/537.36 SmartTV/10.0 Colt/2.0"
::ffff:136.62.6.142 - - [03/Mar/2023:21:37:05 +0000] "GET /images/tiger.bmp HTTP/1.1" 304 - "http://www.wadokikai.org/resources" "Mozilla/5.0 (Macintosh; Intel Mac OS X 10_15_7) AppleWebKit/537.36 (KHTML, like Gecko) Chrome/110.0.0.0 Safari/537.36"
::ffff:99.92.93.12 - - [03/Mar/2023:21:38:47 +0000] "GET /images/tiger.bmp HTTP/1.1" 304 - "http://wadokikai.org/resources" "Mozilla/5.0 (Linux; NetCast; U) AppleWebKit/537.36 (KHTML, like Gecko) Chrome/79.0.3945.79 Safari/537.36 SmartTV/10.0 Colt/2.0"
::ffff:192.185.176.251 - - [03/Mar/2023:21:47:41 +0000] "GET / HTTP/1.1" 200 57378 "-" "Mozilla/5.0 (Windows NT 10.0; WOW64; rv:56.0) Gecko/20100101 Firefox/56.0"
::ffff:192.185.176.251 - - [03/Mar/2023:21:48:41 +0000] "GET / HTTP/1.1" 200 57378 "-" "Mozilla/5.0 (Windows NT 10.0; WOW64; rv:56.0) Gecko/20100101 Firefox/56.0"
::ffff:99.92.93.12 - - [03/Mar/2023:21:54:39 +0000] "GET /images/tiger.bmp HTTP/1.1" 304 - "http://wadokikai.org/resources" "Mozilla/5.0 (Linux; NetCast; U) AppleWebKit/537.36 (KHTML, like Gecko) Chrome/79.0.3945.79 Safari/537.36 SmartTV/10.0 Colt/2.0"
::ffff:99.92.93.12 - - [03/Mar/2023:22:01:59 +0000] "GET /images/tiger.bmp HTTP/1.1" 304 - "http://wadokikai.org/resources" "Mozilla/5.0 (Linux; NetCast; U) AppleWebKit/537.36 (KHTML, like Gecko) Chrome/79.0.3945.79 Safari/537.36 SmartTV/10.0 Colt/2.0"
::ffff:67.188.76.46 - - [03/Mar/2023:22:03:28 +0000] "GET /images/tiger.bmp HTTP/1.1" 200 311274 "http://wadokikai.org/resources" "Mozilla/5.0 (Macintosh; Intel Mac OS X 10_15_7) AppleWebKit/537.36 (KHTML, like Gecko) Chrome/109.0.0.0 Safari/537.36"
::ffff:99.92.93.12 - - [03/Mar/2023:22:10:31 +0000] "GET /images/tiger.bmp HTTP/1.1" 304 - "http://wadokikai.org/resources" "Mozilla/5.0 (Linux; NetCast; U) AppleWebKit/537.36 (KHTML, like Gecko) Chrome/79.0.3945.79 Safari/537.36 SmartTV/10.0 Colt/2.0"
::ffff:99.92.93.12 - - [03/Mar/2023:22:18:55 +0000] "GET /images/tiger.bmp HTTP/1.1" 304 - "http://wadokikai.org/resources" "Mozilla/5.0 (Linux; NetCast; U) AppleWebKit/537.36 (KHTML, like Gecko) Chrome/79.0.3945.79 Safari/537.36 SmartTV/10.0 Colt/2.0"
::ffff:5.62.47.197 - - [03/Mar/2023:22:21:01 +0000] "GET /.env HTTP/1.1" 404 143 "-" "python-requests/2.27.1"
::ffff:5.62.47.197 - - [03/Mar/2023:22:21:16 +0000] "GET /.env HTTP/1.1" 404 143 "-" "python-requests/2.27.1"
::ffff:5.62.47.197 - - [03/Mar/2023:22:21:21 +0000] "GET /blog HTTP/1.1" 404 143 "-" "python-requests/2.27.1"
::ffff:5.62.47.197 - - [03/Mar/2023:22:21:29 +0000] "GET /.env HTTP/1.1" 404 143 "-" "python-requests/2.27.1"
::ffff:5.62.47.197 - - [03/Mar/2023:22:21:44 +0000] "GET /.env HTTP/1.1" 404 143 "-" "python-requests/2.27.1"
::ffff:5.62.47.197 - - [03/Mar/2023:22:21:48 +0000] "GET /.env HTTP/1.1" 404 143 "-" "python-requests/2.27.1"
::ffff:5.62.47.197 - - [03/Mar/2023:22:21:50 +0000] "GET /.env HTTP/1.1" 404 143 "-" "python-requests/2.27.1"
::ffff:5.62.47.197 - - [03/Mar/2023:22:22:05 +0000] "GET /.env HTTP/1.1" 404 143 "-" "python-requests/2.27.1"
::ffff:5.62.47.197 - - [03/Mar/2023:22:22:24 +0000] "GET /.env HTTP/1.1" 404 143 "-" "python-requests/2.27.1"
::ffff:5.62.47.197 - - [03/Mar/2023:22:22:30 +0000] "GET /.env HTTP/1.1" 404 143 "-" "python-requests/2.27.1"
::ffff:5.62.47.197 - - [03/Mar/2023:22:22:59 +0000] "GET /.env HTTP/1.1" 404 143 "-" "python-requests/2.27.1"
::ffff:5.62.47.197 - - [03/Mar/2023:22:23:15 +0000] "GET /.env HTTP/1.1" 404 143 "-" "python-requests/2.27.1"
::ffff:5.62.47.197 - - [03/Mar/2023:22:23:30 +0000] "GET /.env HTTP/1.1" 404 143 "-" "python-requests/2.27.1"
::ffff:5.62.47.197 - - [03/Mar/2023:22:23:44 +0000] "GET /.env HTTP/1.1" 404 143 "-" "python-requests/2.27.1"
::ffff:5.62.47.197 - - [03/Mar/2023:22:24:11 +0000] "GET /.env HTTP/1.1" 404 143 "-" "python-requests/2.27.1"
::ffff:43.155.118.219 - - [03/Mar/2023:22:24:12 +0000] "HEAD /Core/Skin/Login.aspx HTTP/1.1" 404 160 "-" "Mozilla/5.0 (Windows NT 10.0; Win64; x64) AppleWebKit/537.36 (KHTML, like Gecko) Chrome/106.0.0.0 Safari/537.36"
::ffff:5.62.47.197 - - [03/Mar/2023:22:24:26 +0000] "GET /.env HTTP/1.1" 404 143 "-" "python-requests/2.27.1"
::ffff:5.62.47.197 - - [03/Mar/2023:22:24:30 +0000] "GET /.env HTTP/1.1" 404 143 "-" "python-requests/2.27.1"
::ffff:5.62.47.197 - - [03/Mar/2023:22:24:33 +0000] "GET /.env HTTP/1.1" 404 143 "-" "python-requests/2.27.1"
::ffff:5.62.47.197 - - [03/Mar/2023:22:24:36 +0000] "GET /.env HTTP/1.1" 404 143 "-" "python-requests/2.27.1"
::ffff:5.62.47.197 - - [03/Mar/2023:22:24:38 +0000] "GET /.env HTTP/1.1" 404 143 "-" "python-requests/2.27.1"
::ffff:5.62.47.197 - - [03/Mar/2023:22:24:42 +0000] "GET /.env HTTP/1.1" 404 143 "-" "python-requests/2.27.1"
::ffff:99.92.93.12 - - [03/Mar/2023:22:27:31 +0000] "GET /images/dragon-trans.png HTTP/1.1" 304 - "http://wadokikai.org/resources" "Mozilla/5.0 (Linux; NetCast; U) AppleWebKit/537.36 (KHTML, like Gecko) Chrome/79.0.3945.79 Safari/537.36 SmartTV/10.0 Colt/2.0"
::ffff:99.92.93.12 - - [03/Mar/2023:22:36:57 +0000] "GET /images/dragon-trans.png HTTP/1.1" 304 - "http://wadokikai.org/resources" "Mozilla/5.0 (Linux; NetCast; U) AppleWebKit/537.36 (KHTML, like Gecko) Chrome/79.0.3945.79 Safari/537.36 SmartTV/10.0 Colt/2.0"
::ffff:99.92.93.12 - - [03/Mar/2023:22:38:17 +0000] "GET /images/dragon-trans.png HTTP/1.1" 304 - "http://wadokikai.org/resources" "Mozilla/5.0 (Linux; NetCast; U) AppleWebKit/537.36 (KHTML, like Gecko) Chrome/79.0.3945.79 Safari/537.36 SmartTV/10.0 Colt/2.0"
::ffff:99.92.93.12 - - [03/Mar/2023:22:38:25 +0000] "GET /images/dragon-trans.png HTTP/1.1" 304 - "http://wadokikai.org/resources" "Mozilla/5.0 (Linux; NetCast; U) AppleWebKit/537.36 (KHTML, like Gecko) Chrome/79.0.3945.79 Safari/537.36 SmartTV/10.0 Colt/2.0"
::ffff:114.119.151.128 - - [03/Mar/2023:22:41:47 +0000] "GET /robots.txt HTTP/1.1" 404 149 "-" "Mozilla/5.0 (compatible;PetalBot;+https://webmaster.petalsearch.com/site/petalbot)"
::ffff:135.125.246.110 - - [03/Mar/2023:22:44:20 +0000] "POST / HTTP/1.1" 404 140 "-" "Mozilla/5.0 (X11; Linux x86_64) AppleWebKit/537.36 (KHTML, like Gecko) Chrome/81.0.4044.129 Safari/537.36"
::ffff:135.125.246.110 - - [03/Mar/2023:22:44:20 +0000] "GET /.env HTTP/1.1" 404 143 "-" "Mozilla/5.0 (X11; Linux x86_64) AppleWebKit/537.36 (KHTML, like Gecko) Chrome/81.0.4044.129 Safari/537.36"
::ffff:99.92.93.12 - - [03/Mar/2023:22:44:45 +0000] "GET /images/tiger.bmp HTTP/1.1" 304 - "http://wadokikai.org/resources" "Mozilla/5.0 (Linux; NetCast; U) AppleWebKit/537.36 (KHTML, like Gecko) Chrome/79.0.3945.79 Safari/537.36 SmartTV/10.0 Colt/2.0"
::ffff:114.119.131.46 - - [03/Mar/2023:22:46:05 +0000] "GET /joinemail?type=promotions HTTP/1.1" 200 8841 "https://wadokikai.org/events" "Mozilla/5.0 (Linux; Android 7.0;) AppleWebKit/537.36 (KHTML, like Gecko) Mobile Safari/537.36 (compatible; PetalBot;+https://webmaster.petalsearch.com/site/petalbot)"
::ffff:114.119.152.11 - - [03/Mar/2023:22:48:11 +0000] "GET /contact HTTP/1.1" 200 10017 "https://wadokikai.org/events" "Mozilla/5.0 (Linux; Android 7.0;) AppleWebKit/537.36 (KHTML, like Gecko) Mobile Safari/537.36 (compatible; PetalBot;+https://webmaster.petalsearch.com/site/petalbot)"
::ffff:99.92.93.12 - - [03/Mar/2023:22:52:05 +0000] "GET /images/tiger.bmp HTTP/1.1" 304 - "http://wadokikai.org/resources" "Mozilla/5.0 (Linux; NetCast; U) AppleWebKit/537.36 (KHTML, like Gecko) Chrome/79.0.3945.79 Safari/537.36 SmartTV/10.0 Colt/2.0"
::ffff:128.1.248.42 - - [03/Mar/2023:22:55:16 +0000] "GET / HTTP/1.1" 200 57378 "-" "Mozilla/5.0 (Windows NT 10.0; Win64; x64) AppleWebKit/537.36 (KHTML, like Gecko) Chrome/60.0.3112.113 Safari/537.36"
::ffff:99.92.93.12 - - [03/Mar/2023:23:01:01 +0000] "GET /images/tiger.bmp HTTP/1.1" 304 - "http://wadokikai.org/resources" "Mozilla/5.0 (Linux; NetCast; U) AppleWebKit/537.36 (KHTML, like Gecko) Chrome/79.0.3945.79 Safari/537.36 SmartTV/10.0 Colt/2.0"
::ffff:99.92.93.12 - - [03/Mar/2023:23:03:19 +0000] "GET /images/dragon-trans.png HTTP/1.1" 304 - "http://wadokikai.org/resources" "Mozilla/5.0 (Linux; NetCast; U) AppleWebKit/537.36 (KHTML, like Gecko) Chrome/79.0.3945.79 Safari/537.36 SmartTV/10.0 Colt/2.0"
::ffff:51.222.253.16 - - [03/Mar/2023:23:05:02 +0000] "GET /robots.txt HTTP/1.1" 404 149 "-" "Mozilla/5.0 (compatible; AhrefsBot/7.0; +http://ahrefs.com/robot/)"
::ffff:51.222.253.16 - - [03/Mar/2023:23:05:04 +0000] "GET /contact?s=1&ss=0 HTTP/1.1" 200 9997 "-" "Mozilla/5.0 (compatible; AhrefsBot/7.0; +http://ahrefs.com/robot/)"
::ffff:99.92.93.12 - - [03/Mar/2023:23:05:33 +0000] "GET /images/dragon-trans.png HTTP/1.1" 304 - "http://wadokikai.org/resources" "Mozilla/5.0 (Linux; NetCast; U) AppleWebKit/537.36 (KHTML, like Gecko) Chrome/79.0.3945.79 Safari/537.36 SmartTV/10.0 Colt/2.0"
::ffff:99.92.93.12 - - [03/Mar/2023:23:07:16 +0000] "GET /images/dragon-trans.png HTTP/1.1" 304 - "http://wadokikai.org/resources" "Mozilla/5.0 (Linux; NetCast; U) AppleWebKit/537.36 (KHTML, like Gecko) Chrome/79.0.3945.79 Safari/537.36 SmartTV/10.0 Colt/2.0"
::ffff:99.92.93.12 - - [03/Mar/2023:23:07:19 +0000] "GET /images/tiger.bmp HTTP/1.1" 304 - "http://wadokikai.org/resources" "Mozilla/5.0 (Linux; NetCast; U) AppleWebKit/537.36 (KHTML, like Gecko) Chrome/79.0.3945.79 Safari/537.36 SmartTV/10.0 Colt/2.0"
::ffff:99.92.93.12 - - [03/Mar/2023:23:07:30 +0000] "GET /images/dragon-trans.png HTTP/1.1" 304 - "http://wadokikai.org/resources" "Mozilla/5.0 (Linux; NetCast; U) AppleWebKit/537.36 (KHTML, like Gecko) Chrome/79.0.3945.79 Safari/537.36 SmartTV/10.0 Colt/2.0"
::ffff:99.92.93.12 - - [03/Mar/2023:23:09:40 +0000] "GET /images/tiger.bmp HTTP/1.1" 304 - "http://wadokikai.org/resources" "Mozilla/5.0 (Linux; NetCast; U) AppleWebKit/537.36 (KHTML, like Gecko) Chrome/79.0.3945.79 Safari/537.36 SmartTV/10.0 Colt/2.0"
::ffff:99.92.93.12 - - [03/Mar/2023:23:09:47 +0000] "GET /images/tiger.bmp HTTP/1.1" 304 - "http://wadokikai.org/resources" "Mozilla/5.0 (Linux; NetCast; U) AppleWebKit/537.36 (KHTML, like Gecko) Chrome/79.0.3945.79 Safari/537.36 SmartTV/10.0 Colt/2.0"
::ffff:99.92.93.12 - - [03/Mar/2023:23:09:54 +0000] "GET /images/tiger.bmp HTTP/1.1" 304 - "http://wadokikai.org/resources" "Mozilla/5.0 (Linux; NetCast; U) AppleWebKit/537.36 (KHTML, like Gecko) Chrome/79.0.3945.79 Safari/537.36 SmartTV/10.0 Colt/2.0"
::ffff:99.92.93.12 - - [03/Mar/2023:23:10:01 +0000] "GET /images/tiger.bmp HTTP/1.1" 304 - "http://wadokikai.org/resources" "Mozilla/5.0 (Linux; NetCast; U) AppleWebKit/537.36 (KHTML, like Gecko) Chrome/79.0.3945.79 Safari/537.36 SmartTV/10.0 Colt/2.0"
::ffff:99.92.93.12 - - [03/Mar/2023:23:11:32 +0000] "GET /images/tiger.bmp HTTP/1.1" 304 - "http://wadokikai.org/resources" "Mozilla/5.0 (Linux; NetCast; U) AppleWebKit/537.36 (KHTML, like Gecko) Chrome/79.0.3945.79 Safari/537.36 SmartTV/10.0 Colt/2.0"
::ffff:99.92.93.12 - - [03/Mar/2023:23:11:39 +0000] "GET /images/tiger.bmp HTTP/1.1" 304 - "http://wadokikai.org/resources" "Mozilla/5.0 (Linux; NetCast; U) AppleWebKit/537.36 (KHTML, like Gecko) Chrome/79.0.3945.79 Safari/537.36 SmartTV/10.0 Colt/2.0"
::ffff:99.92.93.12 - - [03/Mar/2023:23:11:53 +0000] "GET /images/tiger.bmp HTTP/1.1" 304 - "http://wadokikai.org/resources" "Mozilla/5.0 (Linux; NetCast; U) AppleWebKit/537.36 (KHTML, like Gecko) Chrome/79.0.3945.79 Safari/537.36 SmartTV/10.0 Colt/2.0"
::ffff:99.92.93.12 - - [03/Mar/2023:23:12:05 +0000] "GET /images/dragon-trans.png HTTP/1.1" 304 - "http://wadokikai.org/resources" "Mozilla/5.0 (Linux; NetCast; U) AppleWebKit/537.36 (KHTML, like Gecko) Chrome/79.0.3945.79 Safari/537.36 SmartTV/10.0 Colt/2.0"
::ffff:99.92.93.12 - - [03/Mar/2023:23:12:08 +0000] "GET /images/tiger.bmp HTTP/1.1" 304 - "http://wadokikai.org/resources" "Mozilla/5.0 (Linux; NetCast; U) AppleWebKit/537.36 (KHTML, like Gecko) Chrome/79.0.3945.79 Safari/537.36 SmartTV/10.0 Colt/2.0"
::ffff:99.92.93.12 - - [03/Mar/2023:23:12:15 +0000] "GET /images/tiger.bmp HTTP/1.1" 304 - "http://wadokikai.org/resources" "Mozilla/5.0 (Linux; NetCast; U) AppleWebKit/537.36 (KHTML, like Gecko) Chrome/79.0.3945.79 Safari/537.36 SmartTV/10.0 Colt/2.0"
::ffff:99.92.93.12 - - [03/Mar/2023:23:12:19 +0000] "GET /images/dragon-trans.png HTTP/1.1" 304 - "http://wadokikai.org/resources" "Mozilla/5.0 (Linux; NetCast; U) AppleWebKit/537.36 (KHTML, like Gecko) Chrome/79.0.3945.79 Safari/537.36 SmartTV/10.0 Colt/2.0"
::ffff:99.92.93.12 - - [03/Mar/2023:23:15:37 +0000] "GET /images/dragon-trans.png HTTP/1.1" 304 - "http://wadokikai.org/resources" "Mozilla/5.0 (Linux; NetCast; U) AppleWebKit/537.36 (KHTML, like Gecko) Chrome/79.0.3945.79 Safari/537.36 SmartTV/10.0 Colt/2.0"
::ffff:99.92.93.12 - - [03/Mar/2023:23:15:45 +0000] "GET /images/dragon-trans.png HTTP/1.1" 304 - "http://wadokikai.org/resources" "Mozilla/5.0 (Linux; NetCast; U) AppleWebKit/537.36 (KHTML, like Gecko) Chrome/79.0.3945.79 Safari/537.36 SmartTV/10.0 Colt/2.0"
::ffff:99.92.93.12 - - [03/Mar/2023:23:15:49 +0000] "GET /images/tiger.bmp HTTP/1.1" 304 - "http://wadokikai.org/resources" "Mozilla/5.0 (Linux; NetCast; U) AppleWebKit/537.36 (KHTML, like Gecko) Chrome/79.0.3945.79 Safari/537.36 SmartTV/10.0 Colt/2.0"
::ffff:51.89.5.185 - - [03/Mar/2023:23:18:43 +0000] "GET /.env HTTP/1.1" 404 143 "-" "Mozilla/5.0 (X11; Linux x86_64) AppleWebKit/537.36 (KHTML, like Gecko) Chrome/81.0.4044.129 Safari/537.36"
::ffff:51.89.5.185 - - [03/Mar/2023:23:18:44 +0000] "POST / HTTP/1.1" 404 140 "-" "Mozilla/5.0 (X11; Linux x86_64) AppleWebKit/537.36 (KHTML, like Gecko) Chrome/81.0.4044.129 Safari/537.36"
::ffff:99.92.93.12 - - [03/Mar/2023:23:28:37 +0000] "GET /images/tiger.bmp HTTP/1.1" 304 - "http://wadokikai.org/resources" "Mozilla/5.0 (Linux; NetCast; U) AppleWebKit/537.36 (KHTML, like Gecko) Chrome/79.0.3945.79 Safari/537.36 SmartTV/10.0 Colt/2.0"
::ffff:99.92.93.12 - - [03/Mar/2023:23:35:13 +0000] "GET /images/dragon-trans.png HTTP/1.1" 304 - "http://wadokikai.org/resources" "Mozilla/5.0 (Linux; NetCast; U) AppleWebKit/537.36 (KHTML, like Gecko) Chrome/79.0.3945.79 Safari/537.36 SmartTV/10.0 Colt/2.0"
::ffff:185.254.196.115 - - [03/Mar/2023:23:36:58 +0000] "GET /.env HTTP/1.1" 404 143 "-" "Mozilla/5.0 (X11; Linux x86_64) AppleWebKit/537.36 (KHTML, like Gecko) Chrome/81.0.4044.129 Safari/537.36"
::ffff:185.254.196.115 - - [03/Mar/2023:23:36:59 +0000] "POST / HTTP/1.1" 404 140 "-" "Mozilla/5.0 (X11; Linux x86_64) AppleWebKit/537.36 (KHTML, like Gecko) Chrome/81.0.4044.129 Safari/537.36"
::ffff:99.92.93.12 - - [03/Mar/2023:23:42:05 +0000] "GET /images/tiger.bmp HTTP/1.1" 304 - "http://wadokikai.org/resources" "Mozilla/5.0 (Linux; NetCast; U) AppleWebKit/537.36 (KHTML, like Gecko) Chrome/79.0.3945.79 Safari/537.36 SmartTV/10.0 Colt/2.0"
::ffff:43.155.118.219 - - [03/Mar/2023:23:43:07 +0000] "HEAD /Core/Skin/Login.aspx HTTP/1.1" 404 160 "-" "Mozilla/5.0 (Windows NT 10.0; Win64; x64) AppleWebKit/537.36 (KHTML, like Gecko) Chrome/106.0.0.0 Safari/537.36"
::ffff:205.210.31.130 - - [03/Mar/2023:23:43:52 +0000] "GET / HTTP/1.1" 200 57378 "-" "Expanse, a Palo Alto Networks company, searches across the global IPv4 space multiple times per day to identify customers&#39; presences on the Internet. If you would like to be excluded from our scans, please send IP addresses/domains to: scaninfo@paloaltonetworks.com"
::ffff:66.249.75.137 - - [03/Mar/2023:23:45:42 +0000] "GET /robots.txt HTTP/1.1" 404 149 "-" "Mozilla/5.0 (compatible; Googlebot/2.1; +http://www.google.com/bot.html)"
::ffff:52.37.185.50 - - [03/Mar/2023:23:46:42 +0000] "GET /.well-known/acme-challenge/Mwdj6_zre0okLdO_s9KzL8z3xal7SIQenycXO-B19z8 HTTP/1.1" 404 209 "-" "Mozilla/5.0 (compatible; Let's Encrypt validation server; +https://www.letsencrypt.org)"
::ffff:3.142.166.78 - - [03/Mar/2023:23:46:42 +0000] "GET /.well-known/acme-challenge/Mwdj6_zre0okLdO_s9KzL8z3xal7SIQenycXO-B19z8 HTTP/1.1" 404 209 "-" "Mozilla/5.0 (compatible; Let's Encrypt validation server; +https://www.letsencrypt.org)"
::ffff:23.178.112.208 - - [03/Mar/2023:23:46:42 +0000] "GET /.well-known/acme-challenge/Mwdj6_zre0okLdO_s9KzL8z3xal7SIQenycXO-B19z8 HTTP/1.1" 404 209 "-" "Mozilla/5.0 (compatible; Let's Encrypt validation server; +https://www.letsencrypt.org)"
::ffff:3.142.166.78 - - [03/Mar/2023:23:46:49 +0000] "GET /.well-known/acme-challenge/EKuWHA1lLak84jmT8ubHEIlonOndzuxs1fJTRJyeeO8 HTTP/1.1" 404 209 "-" "Mozilla/5.0 (compatible; Let's Encrypt validation server; +https://www.letsencrypt.org)"
::ffff:52.37.185.50 - - [03/Mar/2023:23:46:49 +0000] "GET /.well-known/acme-challenge/EKuWHA1lLak84jmT8ubHEIlonOndzuxs1fJTRJyeeO8 HTTP/1.1" 404 209 "-" "Mozilla/5.0 (compatible; Let's Encrypt validation server; +https://www.letsencrypt.org)"
::ffff:23.178.112.203 - - [03/Mar/2023:23:46:49 +0000] "GET /.well-known/acme-challenge/EKuWHA1lLak84jmT8ubHEIlonOndzuxs1fJTRJyeeO8 HTTP/1.1" 404 209 "-" "Mozilla/5.0 (compatible; Let's Encrypt validation server; +https://www.letsencrypt.org)"
::ffff:99.92.93.12 - - [03/Mar/2023:23:47:49 +0000] "GET /images/tiger.bmp HTTP/1.1" 304 - "http://wadokikai.org/resources" "Mozilla/5.0 (Linux; NetCast; U) AppleWebKit/537.36 (KHTML, like Gecko) Chrome/79.0.3945.79 Safari/537.36 SmartTV/10.0 Colt/2.0"
::ffff:99.92.93.12 - - [03/Mar/2023:23:55:09 +0000] "GET /images/tiger.bmp HTTP/1.1" 304 - "http://wadokikai.org/resources" "Mozilla/5.0 (Linux; NetCast; U) AppleWebKit/537.36 (KHTML, like Gecko) Chrome/79.0.3945.79 Safari/537.36 SmartTV/10.0 Colt/2.0"
::ffff:167.94.138.119 - - [03/Mar/2023:23:56:22 +0000] "GET / HTTP/1.1" 200 57378 "-" "Mozilla/5.0 (compatible; CensysInspect/1.1; +https://about.censys.io/)"
::ffff:167.94.138.119 - - [03/Mar/2023:23:56:32 +0000] "PRI * HTTP/2.0" - - "-" "-"
::ffff:167.94.138.119 - - [03/Mar/2023:23:56:32 +0000] "GET /images/favicon.ico HTTP/1.1" 200 3638 "-" "Mozilla/5.0 (compatible; CensysInspect/1.1; +https://about.censys.io/)"
::ffff:167.94.138.119 - - [03/Mar/2023:23:56:33 +0000] "GET /favicon.ico HTTP/1.1" 404 150 "-" "Mozilla/5.0 (compatible; CensysInspect/1.1; +https://about.censys.io/)"
