::ffff:43.155.118.219 - - [16/Jun/2023:05:40:55 +0000] "HEAD /Core/Skin/Login.aspx HTTP/1.1" 404 160 "-" "Mozilla/5.0 (Windows NT 10.0; Win64; x64) AppleWebKit/537.36 (KHTML, like Gecko) Chrome/106.0.0.0 Safari/537.36"
::ffff:185.254.196.173 - - [16/Jun/2023:05:46:05 +0000] "GET /.env HTTP/1.1" 404 143 "-" "Mozilla/5.0 (X11; Linux x86_64) AppleWebKit/537.36 (KHTML, like Gecko) Chrome/81.0.4044.129 Safari/537.36"
::ffff:185.254.196.173 - - [16/Jun/2023:05:46:05 +0000] "POST / HTTP/1.1" 404 140 "-" "Mozilla/5.0 (X11; Linux x86_64) AppleWebKit/537.36 (KHTML, like Gecko) Chrome/81.0.4044.129 Safari/537.36"
::ffff:45.79.171.66 - - [16/Jun/2023:05:51:10 +0000] "GET /service.php?token=1819&action=11 HTTP/1.0" 404 150 "-" "-"
::ffff:95.214.27.80 - - [16/Jun/2023:06:05:41 +0000] "GET /.git/config HTTP/1.1" 404 150 "-" "python-requests/2.28.1"
::ffff:192.34.62.232 - - [16/Jun/2023:06:10:04 +0000] "POST /api/v0/id HTTP/1.1" 404 149 "-" "xxx"
::ffff:66.249.66.85 - - [16/Jun/2023:06:25:57 +0000] "GET /robots.txt HTTP/1.1" 404 149 "-" "Mozilla/5.0 (compatible; Googlebot/2.1; +http://www.google.com/bot.html)"
::ffff:66.249.66.75 - - [16/Jun/2023:06:25:57 +0000] "GET /robots.txt HTTP/1.1" 404 149 "-" "Mozilla/5.0 (compatible; Googlebot/2.1; +http://www.google.com/bot.html)"
::ffff:66.249.66.83 - - [16/Jun/2023:06:25:57 +0000] "GET /ads.txt HTTP/1.1" 404 146 "-" "Mozilla/5.0 (compatible; Googlebot/2.1; +http://www.google.com/bot.html)"
::ffff:66.249.66.73 - - [16/Jun/2023:06:25:57 +0000] "GET /ads.txt HTTP/1.1" 404 146 "-" "Mozilla/5.0 (compatible; Googlebot/2.1; +http://www.google.com/bot.html)"
::ffff:71.202.90.113 - - [16/Jun/2023:06:26:41 +0000] "GET / HTTP/1.1" 200 57394 "https://www.yelp.com/" "Mozilla/5.0 (X11; Linux x86_64; rv:109.0) Gecko/20100101 Firefox/114.0"
::ffff:71.202.90.113 - - [16/Jun/2023:06:26:41 +0000] "GET /css/wadokikai.css HTTP/1.1" 200 4337 "https://www.wadokikai.org/" "Mozilla/5.0 (X11; Linux x86_64; rv:109.0) Gecko/20100101 Firefox/114.0"
::ffff:71.202.90.113 - - [16/Jun/2023:06:26:41 +0000] "GET /js/common.js HTTP/1.1" 200 2255 "https://www.wadokikai.org/" "Mozilla/5.0 (X11; Linux x86_64; rv:109.0) Gecko/20100101 Firefox/114.0"
::ffff:71.202.90.113 - - [16/Jun/2023:06:26:41 +0000] "GET /images/wkkpatch22_med.png HTTP/1.1" 200 32301 "https://www.wadokikai.org/" "Mozilla/5.0 (X11; Linux x86_64; rv:109.0) Gecko/20100101 Firefox/114.0"
::ffff:71.202.90.113 - - [16/Jun/2023:06:26:41 +0000] "GET /images/schools/dcakaratedomap.jpg HTTP/1.1" 200 35262 "https://www.wadokikai.org/" "Mozilla/5.0 (X11; Linux x86_64; rv:109.0) Gecko/20100101 Firefox/114.0"
::ffff:71.202.90.113 - - [16/Jun/2023:06:26:41 +0000] "GET /images/schools/corpuzkaratedomap.jpg HTTP/1.1" 200 36421 "https://www.wadokikai.org/" "Mozilla/5.0 (X11; Linux x86_64; rv:109.0) Gecko/20100101 Firefox/114.0"
::ffff:71.202.90.113 - - [16/Jun/2023:06:26:41 +0000] "GET /images/schools/nunleykaratedomap.jpg HTTP/1.1" 200 42667 "https://www.wadokikai.org/" "Mozilla/5.0 (X11; Linux x86_64; rv:109.0) Gecko/20100101 Firefox/114.0"
::ffff:71.202.90.113 - - [16/Jun/2023:06:26:41 +0000] "GET /images/schools/marinkaratedomap.jpg HTTP/1.1" 200 32400 "https://www.wadokikai.org/" "Mozilla/5.0 (X11; Linux x86_64; rv:109.0) Gecko/20100101 Firefox/114.0"
::ffff:71.202.90.113 - - [16/Jun/2023:06:26:41 +0000] "GET /images/schools/earhartkaratedomap.jpg HTTP/1.1" 200 41366 "https://www.wadokikai.org/" "Mozilla/5.0 (X11; Linux x86_64; rv:109.0) Gecko/20100101 Firefox/114.0"
::ffff:71.202.90.113 - - [16/Jun/2023:06:26:41 +0000] "GET /images/schools/martinezkaratedomap.jpg HTTP/1.1" 200 37724 "https://www.wadokikai.org/" "Mozilla/5.0 (X11; Linux x86_64; rv:109.0) Gecko/20100101 Firefox/114.0"
::ffff:71.202.90.113 - - [16/Jun/2023:06:26:41 +0000] "GET /images/schools/harborbaykaratedomap.jpg HTTP/1.1" 200 37245 "https://www.wadokikai.org/" "Mozilla/5.0 (X11; Linux x86_64; rv:109.0) Gecko/20100101 Firefox/114.0"
::ffff:71.202.90.113 - - [16/Jun/2023:06:26:41 +0000] "GET /images/schools/alamedakaratedomap.jpg HTTP/1.1" 200 38311 "https://www.wadokikai.org/" "Mozilla/5.0 (X11; Linux x86_64; rv:109.0) Gecko/20100101 Firefox/114.0"
::ffff:71.202.90.113 - - [16/Jun/2023:06:26:41 +0000] "GET /images/schools/orindakaratedomap.jpg HTTP/1.1" 200 34167 "https://www.wadokikai.org/" "Mozilla/5.0 (X11; Linux x86_64; rv:109.0) Gecko/20100101 Firefox/114.0"
::ffff:71.202.90.113 - - [16/Jun/2023:06:26:41 +0000] "GET /images/schools/manzanitakaratedomap.jpg HTTP/1.1" 200 55402 "https://www.wadokikai.org/" "Mozilla/5.0 (X11; Linux x86_64; rv:109.0) Gecko/20100101 Firefox/114.0"
::ffff:71.202.90.113 - - [16/Jun/2023:06:26:41 +0000] "GET /images/dragon-trans.png HTTP/1.1" 200 85661 "https://www.wadokikai.org/" "Mozilla/5.0 (X11; Linux x86_64; rv:109.0) Gecko/20100101 Firefox/114.0"
::ffff:71.202.90.113 - - [16/Jun/2023:06:26:41 +0000] "GET /images/favicon.ico HTTP/1.1" 200 3638 "https://www.wadokikai.org/" "Mozilla/5.0 (X11; Linux x86_64; rv:109.0) Gecko/20100101 Firefox/114.0"
::ffff:71.202.90.113 - - [16/Jun/2023:06:26:45 +0000] "GET /images/tiger.bmp HTTP/1.1" 200 311274 "https://www.wadokikai.org/" "Mozilla/5.0 (X11; Linux x86_64; rv:109.0) Gecko/20100101 Firefox/114.0"
::ffff:71.202.90.113 - - [16/Jun/2023:06:26:48 +0000] "GET /images/wadokikai%20kanji.jpg HTTP/1.1" 200 35066 "https://www.wadokikai.org/" "Mozilla/5.0 (X11; Linux x86_64; rv:109.0) Gecko/20100101 Firefox/114.0"
::ffff:17.241.75.204 - - [16/Jun/2023:06:36:21 +0000] "GET /robots.txt HTTP/1.1" 404 149 "-" "Mozilla/5.0 (Macintosh; Intel Mac OS X 10_15_5) AppleWebKit/605.1.15 (KHTML, like Gecko) Version/13.1.1 Safari/605.1.15 (Applebot/0.1; +http://www.apple.com/go/applebot)"
::ffff:17.241.75.204 - - [16/Jun/2023:06:36:21 +0000] "GET / HTTP/1.1" 200 57394 "-" "Mozilla/5.0 (Macintosh; Intel Mac OS X 10_15_5) AppleWebKit/605.1.15 (KHTML, like Gecko) Version/13.1.1 Safari/605.1.15 (Applebot/0.1; +http://www.apple.com/go/applebot)"
::ffff:135.125.246.110 - - [16/Jun/2023:06:49:18 +0000] "POST / HTTP/1.1" 404 140 "-" "Mozilla/5.0 (X11; Linux x86_64) AppleWebKit/537.36 (KHTML, like Gecko) Chrome/81.0.4044.129 Safari/537.36"
::ffff:135.125.246.110 - - [16/Jun/2023:06:49:18 +0000] "GET /.env HTTP/1.1" 404 143 "-" "Mozilla/5.0 (X11; Linux x86_64) AppleWebKit/537.36 (KHTML, like Gecko) Chrome/81.0.4044.129 Safari/537.36"
::ffff:66.249.66.73 - - [16/Jun/2023:06:55:57 +0000] "GET /images/Naha-lineage.jpg HTTP/1.1" 200 212379 "-" "Googlebot-Image/1.0"
::ffff:151.245.20.116 - - [16/Jun/2023:07:05:25 +0000] "GET / HTTP/1.1" 200 57394 "-" "Mozilla/5.0 (Windows NT 10.0; WOW64) AppleWebKit/537.36 (KHTML, like Gecko) Chrome/52.0.2743.116 Safari/537.36"
::ffff:136.243.228.195 - - [16/Jun/2023:07:06:57 +0000] "GET / HTTP/1.1" 200 57394 "-" "Mozilla/5.0 (compatible; DataForSeoBot/1.0; +https://dataforseo.com/dataforseo-bot)"
::ffff:159.203.30.71 - - [16/Jun/2023:07:08:14 +0000] "GET /ab2g HTTP/1.1" 404 143 "-" "Mozilla/5.0 zgrab/0.x"
::ffff:159.203.30.71 - - [16/Jun/2023:07:08:16 +0000] "GET /ab2h HTTP/1.1" 404 143 "-" "Mozilla/5.0 zgrab/0.x"
::ffff:159.203.30.71 - - [16/Jun/2023:07:08:19 +0000] "GET / HTTP/1.1" 200 57394 "-" "Mozilla/5.0 (Windows NT 10.0; Win64; x64) AppleWebKit/537.36 (KHTML, like Gecko) Chrome/108.0.0.0 Safari/537.36"
::ffff:159.203.30.71 - - [16/Jun/2023:07:08:21 +0000] "GET /t4 HTTP/1.1" 404 141 "-" "Mozilla/5.0"
::ffff:159.203.30.71 - - [16/Jun/2023:07:08:22 +0000] "GET /favicon.ico HTTP/1.1" 404 150 "-" "Mozilla/5.0 (Windows NT 10.0; Win64; x64) AppleWebKit/537.36 (KHTML, like Gecko) Chrome/108.0.0.0 Safari/537.36"
::ffff:159.203.30.71 - - [16/Jun/2023:07:08:23 +0000] "GET / HTTP/1.1" 200 57394 "-" "Mozilla/4.0 (compatible; MSIE 9.0; Windows NT 10.0; .NET4.0C; .NET4.0E; .NET CLR 2.0.50727; .NET CLR 3.0.30729; .NET CLR 3.5.30729)"
::ffff:173.212.243.253 - - [16/Jun/2023:07:11:37 +0000] "GET / HTTP/1.1" 200 57394 "-" "Mozilla/5.0 (Windows NT 6.1; rv:21.0) Gecko/20130401 Firefox/21.0"
::ffff:51.89.5.185 - - [16/Jun/2023:07:15:59 +0000] "GET /.env HTTP/1.1" 404 143 "-" "Mozilla/5.0 (X11; Linux x86_64) AppleWebKit/537.36 (KHTML, like Gecko) Chrome/81.0.4044.129 Safari/537.36"
::ffff:51.89.5.185 - - [16/Jun/2023:07:15:59 +0000] "POST / HTTP/1.1" 404 140 "-" "Mozilla/5.0 (X11; Linux x86_64) AppleWebKit/537.36 (KHTML, like Gecko) Chrome/81.0.4044.129 Safari/537.36"
::ffff:198.211.115.238 - - [16/Jun/2023:07:19:03 +0000] "POST /api/v0/id HTTP/1.1" 404 149 "-" "xxx"
::ffff:45.79.171.66 - - [16/Jun/2023:07:23:05 +0000] "GET /.well-known/pki-validation/9DAC01C035C044DB8D1160976C040470.txt HTTP/1.1" 404 202 "-" "COMODO DCV"
::ffff:45.79.171.66 - - [16/Jun/2023:07:23:05 +0000] "GET /.well-known/pki-validation/8924F54237C723A743E7517ECD4454DE.txt HTTP/1.1" 404 202 "-" "COMODO DCV"
::ffff:45.79.171.66 - - [16/Jun/2023:07:23:06 +0000] "GET /.well-known/pki-validation/6BCEA99AABDD7C235E3C7728F46F6BD4.txt HTTP/1.1" 404 202 "-" "COMODO DCV"
::ffff:54.36.148.14 - - [16/Jun/2023:07:27:08 +0000] "GET /robots.txt HTTP/1.1" 404 149 "-" "Mozilla/5.0 (compatible; AhrefsBot/7.0; +http://ahrefs.com/robot/)"
::ffff:51.222.253.13 - - [16/Jun/2023:07:27:10 +0000] "GET / HTTP/1.1" 200 57394 "-" "Mozilla/5.0 (compatible; AhrefsBot/7.0; +http://ahrefs.com/robot/)"
::ffff:51.222.253.3 - - [16/Jun/2023:07:27:11 +0000] "GET /css/wadokikai.css HTTP/1.1" 200 4337 "-" "Mozilla/5.0 (compatible; AhrefsBot/7.0; +http://ahrefs.com/robot/)"
::ffff:51.222.253.20 - - [16/Jun/2023:07:27:12 +0000] "GET /images/wkkpatch22_med.png HTTP/1.1" 200 32301 "-" "Mozilla/5.0 (compatible; AhrefsBot/7.0; +http://ahrefs.com/robot/)"
::ffff:51.222.253.1 - - [16/Jun/2023:07:27:12 +0000] "GET /js/common.js HTTP/1.1" 200 2255 "-" "Mozilla/5.0 (compatible; AhrefsBot/7.0; +http://ahrefs.com/robot/)"
::ffff:51.222.253.10 - - [16/Jun/2023:07:27:13 +0000] "GET /images/schools/earhartkaratedomap.jpg HTTP/1.1" 200 41366 "-" "Mozilla/5.0 (compatible; AhrefsBot/7.0; +http://ahrefs.com/robot/)"
::ffff:51.222.253.19 - - [16/Jun/2023:07:27:13 +0000] "GET /images/schools/martinezkaratedomap.jpg HTTP/1.1" 200 37724 "-" "Mozilla/5.0 (compatible; AhrefsBot/7.0; +http://ahrefs.com/robot/)"
::ffff:51.222.253.8 - - [16/Jun/2023:07:27:14 +0000] "GET / HTTP/1.1" 200 57394 "-" "Mozilla/5.0 (compatible; AhrefsBot/7.0; +http://ahrefs.com/robot/)"
::ffff:51.222.253.1 - - [16/Jun/2023:07:27:18 +0000] "GET /images/schools/marinkaratedomap.jpg HTTP/1.1" 200 32400 "-" "Mozilla/5.0 (compatible; AhrefsBot/7.0; +http://ahrefs.com/robot/)"
::ffff:51.222.253.12 - - [16/Jun/2023:07:27:18 +0000] "GET /images/schools/alamedakaratedomap.jpg HTTP/1.1" 200 38311 "-" "Mozilla/5.0 (compatible; AhrefsBot/7.0; +http://ahrefs.com/robot/)"
::ffff:51.222.253.16 - - [16/Jun/2023:07:27:19 +0000] "GET /images/schools/dcakaratedomap.jpg HTTP/1.1" 200 35262 "-" "Mozilla/5.0 (compatible; AhrefsBot/7.0; +http://ahrefs.com/robot/)"
::ffff:51.222.253.20 - - [16/Jun/2023:07:27:20 +0000] "GET /images/schools/corpuzkaratedomap.jpg HTTP/1.1" 200 36421 "-" "Mozilla/5.0 (compatible; AhrefsBot/7.0; +http://ahrefs.com/robot/)"
::ffff:51.222.253.1 - - [16/Jun/2023:07:27:20 +0000] "GET /images/schools/nunleykaratedomap.jpg HTTP/1.1" 200 42667 "-" "Mozilla/5.0 (compatible; AhrefsBot/7.0; +http://ahrefs.com/robot/)"
::ffff:51.222.253.7 - - [16/Jun/2023:07:27:21 +0000] "GET /images/schools/orindakaratedomap.jpg HTTP/1.1" 200 34167 "-" "Mozilla/5.0 (compatible; AhrefsBot/7.0; +http://ahrefs.com/robot/)"
::ffff:51.222.253.6 - - [16/Jun/2023:07:27:22 +0000] "GET /images/schools/manzanitakaratedomap.jpg HTTP/1.1" 200 55402 "-" "Mozilla/5.0 (compatible; AhrefsBot/7.0; +http://ahrefs.com/robot/)"
::ffff:185.254.196.173 - - [16/Jun/2023:07:31:15 +0000] "GET /.env HTTP/1.1" 404 143 "-" "Mozilla/5.0 (X11; Linux x86_64) AppleWebKit/537.36 (KHTML, like Gecko) Chrome/81.0.4044.129 Safari/537.36"
::ffff:185.254.196.173 - - [16/Jun/2023:07:31:16 +0000] "POST / HTTP/1.1" 404 140 "-" "Mozilla/5.0 (X11; Linux x86_64) AppleWebKit/537.36 (KHTML, like Gecko) Chrome/81.0.4044.129 Safari/537.36"
::ffff:79.104.53.14 - - [16/Jun/2023:07:34:55 +0000] "GET / HTTP/1.1" 200 57394 "-" "Go-http-client/1.1"
::ffff:79.104.53.14 - - [16/Jun/2023:07:34:56 +0000] "GET / HTTP/1.1" 200 57394 "-" "Go-http-client/1.1"
::ffff:45.79.171.66 - - [16/Jun/2023:07:34:57 +0000] "GET /service.php?token=1819&action=11 HTTP/1.0" 404 150 "-" "-"
::ffff:45.79.171.66 - - [16/Jun/2023:07:34:57 +0000] "GET /service.php?token=1819&action=11 HTTP/1.0" 404 150 "-" "-"
::ffff:195.74.76.198 - - [16/Jun/2023:07:35:01 +0000] "HEAD / HTTP/1.1" 200 57394 "-" "Go-http-client/1.1"
::ffff:104.164.173.13 - - [16/Jun/2023:07:35:10 +0000] "GET / HTTP/1.1" 200 57394 "-" "Mozilla/5.0 (Macintosh; Intel Mac OS X 10_8_0) AppleWebKit/537.36 (KHTML, like Gecko) Chrome/32.0.1664.3 Safari/537.36"
::ffff:104.164.173.88 - - [16/Jun/2023:07:35:10 +0000] "GET / HTTP/1.1" 200 57394 "-" "Mozilla/5.0 (Windows NT 6.2; WOW64) AppleWebKit/537.36 (KHTML, like Gecko) Chrome/27.0.1500.55 Safari/537.36"
::ffff:104.164.173.13 - - [16/Jun/2023:07:35:10 +0000] "GET / HTTP/1.1" 200 57394 "-" "Mozilla/5.0 (Macintosh; Intel Mac OS X 10_8_0) AppleWebKit/537.36 (KHTML, like Gecko) Chrome/32.0.1664.3 Safari/537.36"
::ffff:104.164.173.88 - - [16/Jun/2023:07:35:10 +0000] "GET / HTTP/1.1" 200 57394 "-" "Mozilla/5.0 (Windows NT 6.2; WOW64) AppleWebKit/537.36 (KHTML, like Gecko) Chrome/27.0.1500.55 Safari/537.36"
::ffff:104.164.173.13 - - [16/Jun/2023:07:35:11 +0000] "GET /contact?s=1&ss=4 HTTP/1.1" 200 9997 "-" "Mozilla/5.0 (Macintosh; Intel Mac OS X 10_8_0) AppleWebKit/537.36 (KHTML, like Gecko) Chrome/32.0.1664.3 Safari/537.36"
::ffff:104.164.173.13 - - [16/Jun/2023:07:35:11 +0000] "GET /contact?s=1&ss=5 HTTP/1.1" 200 9997 "-" "Mozilla/5.0 (Macintosh; Intel Mac OS X 10_8_0) AppleWebKit/537.36 (KHTML, like Gecko) Chrome/32.0.1664.3 Safari/537.36"
::ffff:104.164.173.13 - - [16/Jun/2023:07:35:11 +0000] "GET /contact HTTP/1.1" 200 10017 "-" "Mozilla/5.0 (Macintosh; Intel Mac OS X 10_8_0) AppleWebKit/537.36 (KHTML, like Gecko) Chrome/32.0.1664.3 Safari/537.36"
::ffff:104.164.173.13 - - [16/Jun/2023:07:35:11 +0000] "GET /contact?s=1&ss=1 HTTP/1.1" 200 9997 "-" "Mozilla/5.0 (Macintosh; Intel Mac OS X 10_8_0) AppleWebKit/537.36 (KHTML, like Gecko) Chrome/32.0.1664.3 Safari/537.36"
::ffff:104.164.173.13 - - [16/Jun/2023:07:35:11 +0000] "GET /contact?s=1&ss=6 HTTP/1.1" 200 9997 "-" "Mozilla/5.0 (Macintosh; Intel Mac OS X 10_8_0) AppleWebKit/537.36 (KHTML, like Gecko) Chrome/32.0.1664.3 Safari/537.36"
::ffff:104.164.173.13 - - [16/Jun/2023:07:35:11 +0000] "GET /contact?s=1&ss=0 HTTP/1.1" 200 9997 "-" "Mozilla/5.0 (Macintosh; Intel Mac OS X 10_8_0) AppleWebKit/537.36 (KHTML, like Gecko) Chrome/32.0.1664.3 Safari/537.36"
::ffff:104.164.173.13 - - [16/Jun/2023:07:35:11 +0000] "GET /contact?s=1&ss=9 HTTP/1.1" 200 9997 "-" "Mozilla/5.0 (Macintosh; Intel Mac OS X 10_8_0) AppleWebKit/537.36 (KHTML, like Gecko) Chrome/32.0.1664.3 Safari/537.36"
::ffff:104.164.173.13 - - [16/Jun/2023:07:35:11 +0000] "GET /contact?s=1&ss=11 HTTP/1.1" 200 9997 "-" "Mozilla/5.0 (Macintosh; Intel Mac OS X 10_8_0) AppleWebKit/537.36 (KHTML, like Gecko) Chrome/32.0.1664.3 Safari/537.36"
::ffff:104.164.173.13 - - [16/Jun/2023:07:35:11 +0000] "GET /contact?s=1&ss=8 HTTP/1.1" 200 9997 "-" "Mozilla/5.0 (Macintosh; Intel Mac OS X 10_8_0) AppleWebKit/537.36 (KHTML, like Gecko) Chrome/32.0.1664.3 Safari/537.36"
::ffff:104.164.173.13 - - [16/Jun/2023:07:35:11 +0000] "GET /contact?s=1&ss=3 HTTP/1.1" 200 9997 "-" "Mozilla/5.0 (Macintosh; Intel Mac OS X 10_8_0) AppleWebKit/537.36 (KHTML, like Gecko) Chrome/32.0.1664.3 Safari/537.36"
::ffff:104.164.173.13 - - [16/Jun/2023:07:35:11 +0000] "GET /contact?s=1&ss=7 HTTP/1.1" 200 9997 "-" "Mozilla/5.0 (Macintosh; Intel Mac OS X 10_8_0) AppleWebKit/537.36 (KHTML, like Gecko) Chrome/32.0.1664.3 Safari/537.36"
::ffff:104.164.173.13 - - [16/Jun/2023:07:35:11 +0000] "GET /contact?s=1&ss=2 HTTP/1.1" 200 9997 "-" "Mozilla/5.0 (Macintosh; Intel Mac OS X 10_8_0) AppleWebKit/537.36 (KHTML, like Gecko) Chrome/32.0.1664.3 Safari/537.36"
::ffff:104.164.173.13 - - [16/Jun/2023:07:35:11 +0000] "GET /js/common.js HTTP/1.1" 200 2255 "-" "Mozilla/5.0 (Macintosh; Intel Mac OS X 10_8_0) AppleWebKit/537.36 (KHTML, like Gecko) Chrome/32.0.1664.3 Safari/537.36"
::ffff:104.164.173.13 - - [16/Jun/2023:07:35:11 +0000] "GET /schools HTTP/1.1" 200 97308 "-" "Mozilla/5.0 (Macintosh; Intel Mac OS X 10_8_0) AppleWebKit/537.36 (KHTML, like Gecko) Chrome/32.0.1664.3 Safari/537.36"
::ffff:104.164.173.88 - - [16/Jun/2023:07:35:11 +0000] "GET /js/common.js HTTP/1.1" 200 2255 "-" "Mozilla/5.0 (Windows NT 6.2; WOW64) AppleWebKit/537.36 (KHTML, like Gecko) Chrome/27.0.1500.55 Safari/537.36"
::ffff:104.164.173.88 - - [16/Jun/2023:07:35:11 +0000] "GET /contact HTTP/1.1" 200 10017 "-" "Mozilla/5.0 (Windows NT 6.2; WOW64) AppleWebKit/537.36 (KHTML, like Gecko) Chrome/27.0.1500.55 Safari/537.36"
::ffff:104.164.173.88 - - [16/Jun/2023:07:35:11 +0000] "GET /contact?s=1&ss=6 HTTP/1.1" 200 9997 "-" "Mozilla/5.0 (Windows NT 6.2; WOW64) AppleWebKit/537.36 (KHTML, like Gecko) Chrome/27.0.1500.55 Safari/537.36"
::ffff:104.164.173.13 - - [16/Jun/2023:07:35:11 +0000] "GET /contact?s=1&ss=10 HTTP/1.1" 200 9997 "-" "Mozilla/5.0 (Macintosh; Intel Mac OS X 10_8_0) AppleWebKit/537.36 (KHTML, like Gecko) Chrome/32.0.1664.3 Safari/537.36"
::ffff:104.164.173.88 - - [16/Jun/2023:07:35:11 +0000] "GET /contact?s=1&ss=8 HTTP/1.1" 200 9997 "-" "Mozilla/5.0 (Windows NT 6.2; WOW64) AppleWebKit/537.36 (KHTML, like Gecko) Chrome/27.0.1500.55 Safari/537.36"
::ffff:104.164.173.88 - - [16/Jun/2023:07:35:11 +0000] "GET /contact?s=1&ss=11 HTTP/1.1" 200 9997 "-" "Mozilla/5.0 (Windows NT 6.2; WOW64) AppleWebKit/537.36 (KHTML, like Gecko) Chrome/27.0.1500.55 Safari/537.36"
::ffff:104.164.173.88 - - [16/Jun/2023:07:35:11 +0000] "GET /contact?s=1&ss=10 HTTP/1.1" 200 9997 "-" "Mozilla/5.0 (Windows NT 6.2; WOW64) AppleWebKit/537.36 (KHTML, like Gecko) Chrome/27.0.1500.55 Safari/537.36"
::ffff:104.164.173.13 - - [16/Jun/2023:07:35:11 +0000] "GET /events HTTP/1.1" 200 5867 "-" "Mozilla/5.0 (Macintosh; Intel Mac OS X 10_8_0) AppleWebKit/537.36 (KHTML, like Gecko) Chrome/32.0.1664.3 Safari/537.36"
::ffff:104.164.173.88 - - [16/Jun/2023:07:35:11 +0000] "GET /events HTTP/1.1" 200 5867 "-" "Mozilla/5.0 (Windows NT 6.2; WOW64) AppleWebKit/537.36 (KHTML, like Gecko) Chrome/27.0.1500.55 Safari/537.36"
::ffff:104.164.173.88 - - [16/Jun/2023:07:35:11 +0000] "GET /contact?s=1&ss=1 HTTP/1.1" 200 9997 "-" "Mozilla/5.0 (Windows NT 6.2; WOW64) AppleWebKit/537.36 (KHTML, like Gecko) Chrome/27.0.1500.55 Safari/537.36"
::ffff:104.164.173.13 - - [16/Jun/2023:07:35:11 +0000] "GET /resources HTTP/1.1" 200 194907 "-" "Mozilla/5.0 (Macintosh; Intel Mac OS X 10_8_0) AppleWebKit/537.36 (KHTML, like Gecko) Chrome/32.0.1664.3 Safari/537.36"
::ffff:104.164.173.88 - - [16/Jun/2023:07:35:11 +0000] "GET /contact?s=1&ss=5 HTTP/1.1" 200 9997 "-" "Mozilla/5.0 (Windows NT 6.2; WOW64) AppleWebKit/537.36 (KHTML, like Gecko) Chrome/27.0.1500.55 Safari/537.36"
::ffff:104.164.173.88 - - [16/Jun/2023:07:35:11 +0000] "GET /contact?s=1&ss=9 HTTP/1.1" 200 9997 "-" "Mozilla/5.0 (Windows NT 6.2; WOW64) AppleWebKit/537.36 (KHTML, like Gecko) Chrome/27.0.1500.55 Safari/537.36"
::ffff:104.164.173.88 - - [16/Jun/2023:07:35:11 +0000] "GET /schools HTTP/1.1" 200 97308 "-" "Mozilla/5.0 (Windows NT 6.2; WOW64) AppleWebKit/537.36 (KHTML, like Gecko) Chrome/27.0.1500.55 Safari/537.36"
::ffff:104.164.173.88 - - [16/Jun/2023:07:35:11 +0000] "GET /contact?s=1&ss=7 HTTP/1.1" 200 9997 "-" "Mozilla/5.0 (Windows NT 6.2; WOW64) AppleWebKit/537.36 (KHTML, like Gecko) Chrome/27.0.1500.55 Safari/537.36"
::ffff:104.164.173.88 - - [16/Jun/2023:07:35:11 +0000] "GET /contact?s=1&ss=2 HTTP/1.1" 200 9997 "-" "Mozilla/5.0 (Windows NT 6.2; WOW64) AppleWebKit/537.36 (KHTML, like Gecko) Chrome/27.0.1500.55 Safari/537.36"
::ffff:104.164.173.88 - - [16/Jun/2023:07:35:11 +0000] "GET /contact?s=1&ss=3 HTTP/1.1" 200 9997 "-" "Mozilla/5.0 (Windows NT 6.2; WOW64) AppleWebKit/537.36 (KHTML, like Gecko) Chrome/27.0.1500.55 Safari/537.36"
::ffff:104.164.173.88 - - [16/Jun/2023:07:35:11 +0000] "GET /contact?s=1&ss=4 HTTP/1.1" 200 9997 "-" "Mozilla/5.0 (Windows NT 6.2; WOW64) AppleWebKit/537.36 (KHTML, like Gecko) Chrome/27.0.1500.55 Safari/537.36"
::ffff:104.164.173.88 - - [16/Jun/2023:07:35:12 +0000] "GET /resources HTTP/1.1" 200 194907 "-" "Mozilla/5.0 (Windows NT 6.2; WOW64) AppleWebKit/537.36 (KHTML, like Gecko) Chrome/27.0.1500.55 Safari/537.36"
::ffff:104.164.173.88 - - [16/Jun/2023:07:35:12 +0000] "GET /contact?s=1&ss=0 HTTP/1.1" 200 9997 "-" "Mozilla/5.0 (Windows NT 6.2; WOW64) AppleWebKit/537.36 (KHTML, like Gecko) Chrome/27.0.1500.55 Safari/537.36"
::ffff:167.172.20.95 - - [16/Jun/2023:07:35:14 +0000] "GET / HTTP/1.1" - - "-" "-"
::ffff:159.203.94.228 - - [16/Jun/2023:07:35:14 +0000] "GET / HTTP/1.1" - - "-" "-"
::ffff:159.203.94.228 - - [16/Jun/2023:07:35:14 +0000] "GET / HTTP/1.1" 200 57394 "-" "Mozilla/5.0 (Linux; Android 6.0; HTC One M9 Build/MRA34448) AppleWebKit/537.36 (KHTML, like Gecko) Chrome/52.0.5843.98 Mobile Safari/537.3"
::ffff:159.203.94.228 - - [16/Jun/2023:07:35:14 +0000] "GET /.vscode/sftp.json HTTP/1.1" 404 156 "-" "Go-http-client/1.1"
::ffff:159.203.94.228 - - [16/Jun/2023:07:35:14 +0000] "GET /about HTTP/1.1" 404 144 "-" "Go-http-client/1.1"
::ffff:64.227.126.135 - - [16/Jun/2023:07:35:14 +0000] "GET / HTTP/1.1" - - "-" "-"
::ffff:139.144.150.45 - - [16/Jun/2023:07:35:14 +0000] "GET / HTTP/1.1" - - "-" "-"
::ffff:159.203.94.228 - - [16/Jun/2023:07:35:15 +0000] "GET /debug/default/view?panel=config HTTP/1.1" 404 157 "-" "Go-http-client/1.1"
::ffff:164.92.192.25 - - [16/Jun/2023:07:35:15 +0000] "GET / HTTP/1.1" - - "-" "-"
::ffff:138.68.133.118 - - [16/Jun/2023:07:35:15 +0000] "GET / HTTP/1.1" - - "-" "-"
::ffff:159.203.94.228 - - [16/Jun/2023:07:35:15 +0000] "GET /v2/_catalog HTTP/1.1" 404 150 "-" "Go-http-client/1.1"
::ffff:159.203.94.228 - - [16/Jun/2023:07:35:15 +0000] "GET /ecp/Current/exporttool/microsoft.exchange.ediscovery.exporttool.application HTTP/1.1" 404 214 "-" "Go-http-client/1.1"
::ffff:159.203.94.228 - - [16/Jun/2023:07:35:15 +0000] "GET /server-status HTTP/1.1" 404 152 "-" "Go-http-client/1.1"
::ffff:138.68.133.118 - - [16/Jun/2023:07:35:15 +0000] "GET / HTTP/1.1" 200 57394 "-" "Mozilla/5.0 (Linux; Android 6.0; HTC One M9 Build/MRA34448) AppleWebKit/537.36 (KHTML, like Gecko) Chrome/52.0.5843.98 Mobile Safari/537.3"
::ffff:159.203.94.228 - - [16/Jun/2023:07:35:15 +0000] "GET /login.action HTTP/1.1" 404 151 "-" "Go-http-client/1.1"
::ffff:164.92.192.25 - - [16/Jun/2023:07:35:15 +0000] "GET / HTTP/1.1" 200 57394 "-" "Mozilla/5.0 (Linux; Android 6.0; HTC One M9 Build/MRA34448) AppleWebKit/537.36 (KHTML, like Gecko) Chrome/52.0.5843.98 Mobile Safari/537.3"
::ffff:159.203.94.228 - - [16/Jun/2023:07:35:15 +0000] "GET /_all_dbs HTTP/1.1" 404 147 "-" "Mozilla/5.0 (l9scan/2.0.63e27343e2231323e24333; +https://leakix.net)"
::ffff:164.92.192.25 - - [16/Jun/2023:07:35:15 +0000] "GET /.vscode/sftp.json HTTP/1.1" 404 156 "-" "Go-http-client/1.1"
::ffff:138.68.133.118 - - [16/Jun/2023:07:35:15 +0000] "GET /.vscode/sftp.json HTTP/1.1" 404 156 "-" "Go-http-client/1.1"
::ffff:159.203.94.228 - - [16/Jun/2023:07:35:15 +0000] "GET /.DS_Store HTTP/1.1" 404 148 "-" "Go-http-client/1.1"
::ffff:167.172.20.95 - - [16/Jun/2023:07:35:16 +0000] "GET / HTTP/1.1" 200 57394 "-" "Mozilla/5.0 (Linux; Android 6.0; HTC One M9 Build/MRA34448) AppleWebKit/537.36 (KHTML, like Gecko) Chrome/52.0.5843.98 Mobile Safari/537.3"
::ffff:159.203.94.228 - - [16/Jun/2023:07:35:16 +0000] "GET /.env HTTP/1.1" 404 143 "-" "Go-http-client/1.1"
::ffff:164.92.192.25 - - [16/Jun/2023:07:35:16 +0000] "GET /about HTTP/1.1" 404 144 "-" "Go-http-client/1.1"
::ffff:159.203.94.228 - - [16/Jun/2023:07:35:16 +0000] "GET /.git/config HTTP/1.1" 404 150 "-" "Go-http-client/1.1"
::ffff:138.68.133.118 - - [16/Jun/2023:07:35:16 +0000] "GET /about HTTP/1.1" 404 144 "-" "Go-http-client/1.1"
::ffff:167.172.20.95 - - [16/Jun/2023:07:35:16 +0000] "GET /.vscode/sftp.json HTTP/1.1" 404 156 "-" "Go-http-client/1.1"
::ffff:159.203.94.228 - - [16/Jun/2023:07:35:16 +0000] "GET /s/63e27343e2231323e24333/_/;/META-INF/maven/com.atlassian.jira/jira-webapp-dist/pom.properties HTTP/1.1" 404 233 "-" "Go-http-client/1.1"
::ffff:167.172.20.95 - - [16/Jun/2023:07:35:16 +0000] "GET /about HTTP/1.1" 404 144 "-" "Go-http-client/1.1"
::ffff:159.203.94.228 - - [16/Jun/2023:07:35:16 +0000] "GET /config.json HTTP/1.1" 404 150 "-" "Go-http-client/1.1"
::ffff:164.92.192.25 - - [16/Jun/2023:07:35:16 +0000] "GET /debug/default/view?panel=config HTTP/1.1" 404 157 "-" "Go-http-client/1.1"
::ffff:138.68.133.118 - - [16/Jun/2023:07:35:16 +0000] "GET /debug/default/view?panel=config HTTP/1.1" 404 157 "-" "Go-http-client/1.1"
::ffff:159.203.94.228 - - [16/Jun/2023:07:35:16 +0000] "GET /telescope/requests HTTP/1.1" 404 157 "-" "Go-http-client/1.1"
::ffff:167.172.20.95 - - [16/Jun/2023:07:35:16 +0000] "GET /debug/default/view?panel=config HTTP/1.1" 404 157 "-" "Go-http-client/1.1"
::ffff:138.68.133.118 - - [16/Jun/2023:07:35:16 +0000] "GET /v2/_catalog HTTP/1.1" 404 150 "-" "Go-http-client/1.1"
::ffff:164.92.192.25 - - [16/Jun/2023:07:35:16 +0000] "GET /v2/_catalog HTTP/1.1" 404 150 "-" "Go-http-client/1.1"
::ffff:159.203.94.228 - - [16/Jun/2023:07:35:17 +0000] "GET /?rest_route=/wp/v2/users/ HTTP/1.1" 200 57394 "-" "Go-http-client/1.1"
::ffff:167.172.20.95 - - [16/Jun/2023:07:35:17 +0000] "GET /v2/_catalog HTTP/1.1" 404 150 "-" "Go-http-client/1.1"
::ffff:138.68.133.118 - - [16/Jun/2023:07:35:17 +0000] "GET /ecp/Current/exporttool/microsoft.exchange.ediscovery.exporttool.application HTTP/1.1" 404 214 "-" "Go-http-client/1.1"
::ffff:167.172.20.95 - - [16/Jun/2023:07:35:17 +0000] "GET /ecp/Current/exporttool/microsoft.exchange.ediscovery.exporttool.application HTTP/1.1" 404 214 "-" "Go-http-client/1.1"
::ffff:164.92.192.25 - - [16/Jun/2023:07:35:17 +0000] "GET /ecp/Current/exporttool/microsoft.exchange.ediscovery.exporttool.application HTTP/1.1" 404 214 "-" "Go-http-client/1.1"
::ffff:167.172.20.95 - - [16/Jun/2023:07:35:17 +0000] "GET /server-status HTTP/1.1" 404 152 "-" "Go-http-client/1.1"
::ffff:138.68.133.118 - - [16/Jun/2023:07:35:17 +0000] "GET /server-status HTTP/1.1" 404 152 "-" "Go-http-client/1.1"
::ffff:164.92.192.25 - - [16/Jun/2023:07:35:17 +0000] "GET /server-status HTTP/1.1" 404 152 "-" "Go-http-client/1.1"
::ffff:167.172.20.95 - - [16/Jun/2023:07:35:17 +0000] "GET /login.action HTTP/1.1" 404 151 "-" "Go-http-client/1.1"
::ffff:138.68.133.118 - - [16/Jun/2023:07:35:17 +0000] "GET /login.action HTTP/1.1" 404 151 "-" "Go-http-client/1.1"
::ffff:164.92.192.25 - - [16/Jun/2023:07:35:17 +0000] "GET /login.action HTTP/1.1" 404 151 "-" "Go-http-client/1.1"
::ffff:167.172.20.95 - - [16/Jun/2023:07:35:17 +0000] "GET /_all_dbs HTTP/1.1" 404 147 "-" "Mozilla/5.0 (l9scan/2.0.63e27343e2231323e24333; +https://leakix.net)"
::ffff:138.68.133.118 - - [16/Jun/2023:07:35:18 +0000] "GET /_all_dbs HTTP/1.1" 404 147 "-" "Mozilla/5.0 (l9scan/2.0.63e27343e2231323e24333; +https://leakix.net)"
::ffff:167.172.20.95 - - [16/Jun/2023:07:35:18 +0000] "GET /.DS_Store HTTP/1.1" 404 148 "-" "Go-http-client/1.1"
::ffff:164.92.192.25 - - [16/Jun/2023:07:35:18 +0000] "GET /_all_dbs HTTP/1.1" 404 147 "-" "Mozilla/5.0 (l9scan/2.0.63e27343e2231323e24333; +https://leakix.net)"
::ffff:139.144.150.45 - - [16/Jun/2023:07:35:18 +0000] "GET / HTTP/1.1" 200 57394 "-" "Mozilla/5.0 (Linux; Android 6.0; HTC One M9 Build/MRA34448) AppleWebKit/537.36 (KHTML, like Gecko) Chrome/52.0.5843.98 Mobile Safari/537.3"
::ffff:167.172.20.95 - - [16/Jun/2023:07:35:18 +0000] "GET /.env HTTP/1.1" 404 143 "-" "Go-http-client/1.1"
::ffff:138.68.133.118 - - [16/Jun/2023:07:35:18 +0000] "GET /.DS_Store HTTP/1.1" 404 148 "-" "Go-http-client/1.1"
::ffff:164.92.192.25 - - [16/Jun/2023:07:35:18 +0000] "GET /.DS_Store HTTP/1.1" 404 148 "-" "Go-http-client/1.1"
::ffff:167.172.20.95 - - [16/Jun/2023:07:35:18 +0000] "GET /.git/config HTTP/1.1" 404 150 "-" "Go-http-client/1.1"
::ffff:139.144.150.45 - - [16/Jun/2023:07:35:18 +0000] "GET /.vscode/sftp.json HTTP/1.1" 404 156 "-" "Go-http-client/1.1"
::ffff:138.68.133.118 - - [16/Jun/2023:07:35:18 +0000] "GET /.env HTTP/1.1" 404 143 "-" "Go-http-client/1.1"
::ffff:167.172.20.95 - - [16/Jun/2023:07:35:18 +0000] "GET /s/63e27343e2231323e24333/_/;/META-INF/maven/com.atlassian.jira/jira-webapp-dist/pom.properties HTTP/1.1" 404 233 "-" "Go-http-client/1.1"
::ffff:64.227.126.135 - - [16/Jun/2023:07:35:18 +0000] "GET / HTTP/1.1" 200 57394 "-" "Mozilla/5.0 (Linux; Android 6.0; HTC One M9 Build/MRA34448) AppleWebKit/537.36 (KHTML, like Gecko) Chrome/52.0.5843.98 Mobile Safari/537.3"
::ffff:164.92.192.25 - - [16/Jun/2023:07:35:18 +0000] "GET /.env HTTP/1.1" 404 143 "-" "Go-http-client/1.1"
::ffff:167.172.20.95 - - [16/Jun/2023:07:35:19 +0000] "GET /config.json HTTP/1.1" 404 150 "-" "Go-http-client/1.1"
::ffff:138.68.133.118 - - [16/Jun/2023:07:35:19 +0000] "GET /.git/config HTTP/1.1" 404 150 "-" "Go-http-client/1.1"
::ffff:139.144.150.45 - - [16/Jun/2023:07:35:19 +0000] "GET /about HTTP/1.1" 404 144 "-" "Go-http-client/1.1"
::ffff:164.92.192.25 - - [16/Jun/2023:07:35:19 +0000] "GET /.git/config HTTP/1.1" 404 150 "-" "Go-http-client/1.1"
::ffff:167.172.20.95 - - [16/Jun/2023:07:35:19 +0000] "GET /telescope/requests HTTP/1.1" 404 157 "-" "Go-http-client/1.1"
::ffff:64.227.126.135 - - [16/Jun/2023:07:35:19 +0000] "GET /.vscode/sftp.json HTTP/1.1" 404 156 "-" "Go-http-client/1.1"
::ffff:138.68.133.118 - - [16/Jun/2023:07:35:19 +0000] "GET /s/63e27343e2231323e24333/_/;/META-INF/maven/com.atlassian.jira/jira-webapp-dist/pom.properties HTTP/1.1" 404 233 "-" "Go-http-client/1.1"
::ffff:164.92.192.25 - - [16/Jun/2023:07:35:19 +0000] "GET /s/63e27343e2231323e24333/_/;/META-INF/maven/com.atlassian.jira/jira-webapp-dist/pom.properties HTTP/1.1" 404 233 "-" "Go-http-client/1.1"
::ffff:139.144.150.45 - - [16/Jun/2023:07:35:19 +0000] "GET /debug/default/view?panel=config HTTP/1.1" 404 157 "-" "Go-http-client/1.1"
::ffff:167.172.20.95 - - [16/Jun/2023:07:35:19 +0000] "GET /?rest_route=/wp/v2/users/ HTTP/1.1" 200 57394 "-" "Go-http-client/1.1"
::ffff:138.68.133.118 - - [16/Jun/2023:07:35:19 +0000] "GET /config.json HTTP/1.1" 404 150 "-" "Go-http-client/1.1"
::ffff:64.227.126.135 - - [16/Jun/2023:07:35:19 +0000] "GET /about HTTP/1.1" 404 144 "-" "Go-http-client/1.1"
::ffff:164.92.192.25 - - [16/Jun/2023:07:35:19 +0000] "GET /config.json HTTP/1.1" 404 150 "-" "Go-http-client/1.1"
::ffff:138.68.133.118 - - [16/Jun/2023:07:35:20 +0000] "GET /telescope/requests HTTP/1.1" 404 157 "-" "Go-http-client/1.1"
::ffff:139.144.150.45 - - [16/Jun/2023:07:35:20 +0000] "GET /v2/_catalog HTTP/1.1" 404 150 "-" "Go-http-client/1.1"
::ffff:164.92.192.25 - - [16/Jun/2023:07:35:20 +0000] "GET /telescope/requests HTTP/1.1" 404 157 "-" "Go-http-client/1.1"
::ffff:64.227.126.135 - - [16/Jun/2023:07:35:20 +0000] "GET /debug/default/view?panel=config HTTP/1.1" 404 157 "-" "Go-http-client/1.1"
::ffff:139.144.150.45 - - [16/Jun/2023:07:35:20 +0000] "GET /ecp/Current/exporttool/microsoft.exchange.ediscovery.exporttool.application HTTP/1.1" 404 214 "-" "Go-http-client/1.1"
::ffff:138.68.133.118 - - [16/Jun/2023:07:35:20 +0000] "GET /?rest_route=/wp/v2/users/ HTTP/1.1" 200 57394 "-" "Go-http-client/1.1"
::ffff:164.92.192.25 - - [16/Jun/2023:07:35:20 +0000] "GET /?rest_route=/wp/v2/users/ HTTP/1.1" 200 57394 "-" "Go-http-client/1.1"
::ffff:64.227.126.135 - - [16/Jun/2023:07:35:20 +0000] "GET /v2/_catalog HTTP/1.1" 404 150 "-" "Go-http-client/1.1"
::ffff:139.144.150.45 - - [16/Jun/2023:07:35:20 +0000] "GET /server-status HTTP/1.1" 404 152 "-" "Go-http-client/1.1"
::ffff:139.144.150.45 - - [16/Jun/2023:07:35:21 +0000] "GET /login.action HTTP/1.1" 404 151 "-" "Go-http-client/1.1"
::ffff:64.227.126.135 - - [16/Jun/2023:07:35:21 +0000] "GET /ecp/Current/exporttool/microsoft.exchange.ediscovery.exporttool.application HTTP/1.1" 404 214 "-" "Go-http-client/1.1"
::ffff:139.144.150.45 - - [16/Jun/2023:07:35:21 +0000] "GET /_all_dbs HTTP/1.1" 404 147 "-" "Mozilla/5.0 (l9scan/2.0.63e27343e2231323e24333; +https://leakix.net)"
::ffff:64.227.126.135 - - [16/Jun/2023:07:35:21 +0000] "GET /server-status HTTP/1.1" 404 152 "-" "Go-http-client/1.1"
::ffff:45.79.171.66 - - [16/Jun/2023:07:35:22 +0000] "GET /service.php?token=1819&action=11 HTTP/1.0" 404 150 "-" "-"
::ffff:139.144.150.45 - - [16/Jun/2023:07:35:22 +0000] "GET /.DS_Store HTTP/1.1" 404 148 "-" "Go-http-client/1.1"
::ffff:64.227.126.135 - - [16/Jun/2023:07:35:22 +0000] "GET /login.action HTTP/1.1" 404 151 "-" "Go-http-client/1.1"
::ffff:45.79.171.66 - - [16/Jun/2023:07:35:22 +0000] "GET /service.php?token=1819&action=11 HTTP/1.0" 404 150 "-" "-"
::ffff:139.144.150.45 - - [16/Jun/2023:07:35:22 +0000] "GET /.env HTTP/1.1" 404 143 "-" "Go-http-client/1.1"
::ffff:64.227.126.135 - - [16/Jun/2023:07:35:22 +0000] "GET /_all_dbs HTTP/1.1" 404 147 "-" "Mozilla/5.0 (l9scan/2.0.63e27343e2231323e24333; +https://leakix.net)"
::ffff:139.144.150.45 - - [16/Jun/2023:07:35:23 +0000] "GET /.git/config HTTP/1.1" 404 150 "-" "Go-http-client/1.1"
::ffff:64.227.126.135 - - [16/Jun/2023:07:35:23 +0000] "GET /.DS_Store HTTP/1.1" 404 148 "-" "Go-http-client/1.1"
::ffff:139.144.150.45 - - [16/Jun/2023:07:35:23 +0000] "GET /s/63e27343e2231323e24333/_/;/META-INF/maven/com.atlassian.jira/jira-webapp-dist/pom.properties HTTP/1.1" 404 233 "-" "Go-http-client/1.1"
::ffff:64.227.126.135 - - [16/Jun/2023:07:35:23 +0000] "GET /.env HTTP/1.1" 404 143 "-" "Go-http-client/1.1"
::ffff:139.144.150.45 - - [16/Jun/2023:07:35:23 +0000] "GET /config.json HTTP/1.1" 404 150 "-" "Go-http-client/1.1"
::ffff:154.28.229.201 - - [16/Jun/2023:07:35:24 +0000] "GET /videos.php HTTP/1.1" 404 149 "-" "Mozilla/5.0 (Windows; U; Windows NT 6.0; en-US) AppleWebKit/532.0 (KHTML, like Gecko) Chrome/3.0.195.1 Safari/532.0"
::ffff:64.227.126.135 - - [16/Jun/2023:07:35:24 +0000] "GET /.git/config HTTP/1.1" 404 150 "-" "Go-http-client/1.1"
::ffff:139.144.150.45 - - [16/Jun/2023:07:35:24 +0000] "GET /telescope/requests HTTP/1.1" 404 157 "-" "Go-http-client/1.1"
::ffff:154.28.229.201 - - [16/Jun/2023:07:35:24 +0000] "GET /gallery HTTP/1.1" 404 146 "-" "Mozilla/5.0 (Windows; U; Windows NT 6.0; en-US) AppleWebKit/532.0 (KHTML, like Gecko) Chrome/3.0.195.1 Safari/532.0"
::ffff:64.227.126.135 - - [16/Jun/2023:07:35:24 +0000] "GET /s/63e27343e2231323e24333/_/;/META-INF/maven/com.atlassian.jira/jira-webapp-dist/pom.properties HTTP/1.1" 404 233 "-" "Go-http-client/1.1"
::ffff:139.144.150.45 - - [16/Jun/2023:07:35:24 +0000] "GET /?rest_route=/wp/v2/users/ HTTP/1.1" 200 57394 "-" "Go-http-client/1.1"
::ffff:64.227.126.135 - - [16/Jun/2023:07:35:25 +0000] "GET /config.json HTTP/1.1" 404 150 "-" "Go-http-client/1.1"
::ffff:154.28.229.201 - - [16/Jun/2023:07:35:25 +0000] "GET /videos.html HTTP/1.1" 404 150 "-" "Mozilla/5.0 (Windows; U; Windows NT 6.0; en-US) AppleWebKit/532.0 (KHTML, like Gecko) Chrome/3.0.195.1 Safari/532.0"
::ffff:64.227.126.135 - - [16/Jun/2023:07:35:25 +0000] "GET /telescope/requests HTTP/1.1" 404 157 "-" "Go-http-client/1.1"
::ffff:64.227.126.135 - - [16/Jun/2023:07:35:26 +0000] "GET /?rest_route=/wp/v2/users/ HTTP/1.1" 200 57394 "-" "Go-http-client/1.1"
::ffff:146.70.187.100 - - [16/Jun/2023:07:37:17 +0000] "GET / HTTP/1.1" 200 57394 "-" "Mozilla/5.0 (Windows NT 10.0; Win64; x64) AppleWebKit/537.36 (KHTML, like Gecko) Chrome/110.0.0.0 Safari/537.36"
::ffff:45.79.171.66 - - [16/Jun/2023:07:37:22 +0000] "GET /service.php?token=1819&action=11 HTTP/1.0" 404 150 "-" "-"
::ffff:104.129.57.100 - - [16/Jun/2023:07:38:39 +0000] "GET / HTTP/1.1" 200 57394 "-" "Mozilla/5.0 (Windows NT 10.0; Win64; x64) AppleWebKit/537.36 (KHTML, like Gecko) Chrome/110.0.0.0 Safari/537.36"
::ffff:45.79.171.66 - - [16/Jun/2023:07:38:49 +0000] "GET /service.php?token=1819&action=11 HTTP/1.0" 404 150 "-" "-"
::ffff:45.79.171.66 - - [16/Jun/2023:07:39:01 +0000] "GET /service.php?token=1819&action=11 HTTP/1.0" 404 150 "-" "-"
::ffff:68.235.44.75 - - [16/Jun/2023:07:39:19 +0000] "GET / HTTP/1.1" 200 57394 "-" "Mozilla/5.0 (Windows NT 10.0; Win64; x64) AppleWebKit/537.36 (KHTML, like Gecko) Chrome/110.0.0.0 Safari/537.36"
::ffff:45.79.171.66 - - [16/Jun/2023:07:39:20 +0000] "GET /service.php?token=1819&action=11 HTTP/1.0" 404 150 "-" "-"
::ffff:154.209.125.75 - - [16/Jun/2023:07:41:34 +0000] "GET / HTTP/1.1" 200 57394 "-" "Mozilla/5.0 (Macintosh; Intel Mac OS X 10.11; rv:47.0) Gecko/20100101 Firefox/47.0"
::ffff:45.79.171.66 - - [16/Jun/2023:07:41:43 +0000] "GET /service.php?token=1819&action=11 HTTP/1.0" 404 150 "-" "-"
::ffff:45.79.171.66 - - [16/Jun/2023:07:42:08 +0000] "GET /service.php?token=1819&action=11 HTTP/1.0" 404 150 "-" "-"
::ffff:205.210.31.30 - - [16/Jun/2023:07:42:11 +0000] "GET / HTTP/1.1" 200 57394 "-" "Expanse, a Palo Alto Networks company, searches across the global IPv4 space multiple times per day to identify customers&#39; presences on the Internet. If you would like to be excluded from our scans, please send IP addresses/domains to: scaninfo@paloaltonetworks.com"
::ffff:45.79.171.66 - - [16/Jun/2023:07:42:57 +0000] "GET /service.php?token=1819&action=11 HTTP/1.0" 404 150 "-" "-"
::ffff:45.79.171.66 - - [16/Jun/2023:07:43:20 +0000] "GET /service.php?token=1819&action=11 HTTP/1.0" 404 150 "-" "-"
::ffff:45.79.171.66 - - [16/Jun/2023:07:44:21 +0000] "GET /service.php?token=1819&action=11 HTTP/1.0" 404 150 "-" "-"
::ffff:45.79.171.66 - - [16/Jun/2023:07:44:39 +0000] "GET /service.php?token=1819&action=11 HTTP/1.0" 404 150 "-" "-"
::ffff:45.79.171.66 - - [16/Jun/2023:07:46:52 +0000] "GET /service.php?token=1819&action=11 HTTP/1.0" 404 150 "-" "-"
::ffff:114.119.138.78 - - [16/Jun/2023:07:48:17 +0000] "GET /contact?s=1&ss=4 HTTP/1.1" 200 9997 "https://wadokikai.org/" "Mozilla/5.0 (Linux; Android 7.0;) AppleWebKit/537.36 (KHTML, like Gecko) Mobile Safari/537.36 (compatible; PetalBot;+https://webmaster.petalsearch.com/site/petalbot)"
::ffff:45.79.171.66 - - [16/Jun/2023:07:53:50 +0000] "GET /service.php?token=1819&action=11 HTTP/1.0" 404 150 "-" "-"
::ffff:45.79.171.66 - - [16/Jun/2023:07:53:50 +0000] "GET /service.php?token=1819&action=11 HTTP/1.0" 404 150 "-" "-"
::ffff:79.104.53.14 - - [16/Jun/2023:07:53:50 +0000] "GET / HTTP/1.1" 200 57394 "-" "Go-http-client/1.1"
::ffff:45.79.171.66 - - [16/Jun/2023:07:53:50 +0000] "GET /service.php?token=1819&action=11 HTTP/1.0" 404 150 "-" "-"
::ffff:45.79.171.66 - - [16/Jun/2023:07:53:51 +0000] "GET /service.php?token=1819&action=11 HTTP/1.0" 404 150 "-" "-"
::ffff:79.104.53.14 - - [16/Jun/2023:07:53:55 +0000] "GET / HTTP/1.1" 200 57394 "-" "Go-http-client/1.1"
::ffff:135.125.246.110 - - [16/Jun/2023:08:03:46 +0000] "POST / HTTP/1.1" 404 140 "-" "Mozilla/5.0 (X11; Linux x86_64) AppleWebKit/537.36 (KHTML, like Gecko) Chrome/81.0.4044.129 Safari/537.36"
::ffff:135.125.246.110 - - [16/Jun/2023:08:03:46 +0000] "GET /.env HTTP/1.1" 404 143 "-" "Mozilla/5.0 (X11; Linux x86_64) AppleWebKit/537.36 (KHTML, like Gecko) Chrome/81.0.4044.129 Safari/537.36"
::ffff:45.79.171.66 - - [16/Jun/2023:08:10:47 +0000] "GET /service.php?token=1819&action=11 HTTP/1.0" 404 150 "-" "-"
::ffff:45.79.171.66 - - [16/Jun/2023:08:10:47 +0000] "GET /service.php?token=1819&action=11 HTTP/1.0" 404 150 "-" "-"
::ffff:45.79.171.66 - - [16/Jun/2023:08:10:47 +0000] "GET /service.php?token=1819&action=11 HTTP/1.0" 404 150 "-" "-"
::ffff:45.79.171.66 - - [16/Jun/2023:08:10:47 +0000] "GET /service.php?token=1819&action=11 HTTP/1.0" 404 150 "-" "-"
::ffff:104.164.173.122 - - [16/Jun/2023:08:10:48 +0000] "GET / HTTP/1.1" 200 57394 "-" "Mozilla/5.0 (Windows; U; Windows NT 5.1; en-US) AppleWebKit/525.19 (KHTML, like Gecko) Chrome/1.0.154.50 Safari/525.19"
::ffff:104.164.173.178 - - [16/Jun/2023:08:10:48 +0000] "GET / HTTP/1.1" 200 57394 "-" "Mozilla/5.0 (Windows; U; Windows NT 6.0; en-US) AppleWebKit/534.14 (KHTML, like Gecko) Chrome/9.0.601.0 Safari/534.14"
::ffff:154.28.229.8 - - [16/Jun/2023:08:10:48 +0000] "GET /videos.php HTTP/1.1" 404 149 "-" "Mozilla/5.0 (Macintosh; U; Intel Mac OS X 10_6_0; en-US) AppleWebKit/532.0 (KHTML, like Gecko) Chrome/4.0.202.0 Safari/532.0"
::ffff:154.28.229.194 - - [16/Jun/2023:08:10:48 +0000] "GET /videos.php HTTP/1.1" 404 149 "-" "Mozilla/5.0 (X11; U; Linux i686; en-US) AppleWebKit/532.2 (KHTML, like Gecko) Chrome/4.0.222.5 Safari/532.2"
::ffff:104.164.173.178 - - [16/Jun/2023:08:10:48 +0000] "GET / HTTP/1.1" 200 57394 "-" "Mozilla/5.0 (Windows; U; Windows NT 6.0; en-US) AppleWebKit/534.14 (KHTML, like Gecko) Chrome/9.0.601.0 Safari/534.14"
::ffff:104.164.173.178 - - [16/Jun/2023:08:10:49 +0000] "GET /contact?s=1&ss=4 HTTP/1.1" 200 9997 "-" "Mozilla/5.0 (Windows; U; Windows NT 6.0; en-US) AppleWebKit/534.14 (KHTML, like Gecko) Chrome/9.0.601.0 Safari/534.14"
::ffff:104.164.173.178 - - [16/Jun/2023:08:10:49 +0000] "GET /contact HTTP/1.1" 200 10017 "-" "Mozilla/5.0 (Windows; U; Windows NT 6.0; en-US) AppleWebKit/534.14 (KHTML, like Gecko) Chrome/9.0.601.0 Safari/534.14"
::ffff:104.164.173.178 - - [16/Jun/2023:08:10:49 +0000] "GET /contact?s=1&ss=3 HTTP/1.1" 200 9997 "-" "Mozilla/5.0 (Windows; U; Windows NT 6.0; en-US) AppleWebKit/534.14 (KHTML, like Gecko) Chrome/9.0.601.0 Safari/534.14"
::ffff:104.164.173.178 - - [16/Jun/2023:08:10:49 +0000] "GET /contact?s=1&ss=2 HTTP/1.1" 200 9997 "-" "Mozilla/5.0 (Windows; U; Windows NT 6.0; en-US) AppleWebKit/534.14 (KHTML, like Gecko) Chrome/9.0.601.0 Safari/534.14"
::ffff:104.164.173.178 - - [16/Jun/2023:08:10:49 +0000] "GET /contact?s=1&ss=0 HTTP/1.1" 200 9997 "-" "Mozilla/5.0 (Windows; U; Windows NT 6.0; en-US) AppleWebKit/534.14 (KHTML, like Gecko) Chrome/9.0.601.0 Safari/534.14"
::ffff:104.164.173.178 - - [16/Jun/2023:08:10:49 +0000] "GET /contact?s=1&ss=5 HTTP/1.1" 200 9997 "-" "Mozilla/5.0 (Windows; U; Windows NT 6.0; en-US) AppleWebKit/534.14 (KHTML, like Gecko) Chrome/9.0.601.0 Safari/534.14"
::ffff:104.164.173.178 - - [16/Jun/2023:08:10:49 +0000] "GET /contact?s=1&ss=7 HTTP/1.1" 200 9997 "-" "Mozilla/5.0 (Windows; U; Windows NT 6.0; en-US) AppleWebKit/534.14 (KHTML, like Gecko) Chrome/9.0.601.0 Safari/534.14"
::ffff:104.164.173.178 - - [16/Jun/2023:08:10:49 +0000] "GET /contact?s=1&ss=6 HTTP/1.1" 200 9997 "-" "Mozilla/5.0 (Windows; U; Windows NT 6.0; en-US) AppleWebKit/534.14 (KHTML, like Gecko) Chrome/9.0.601.0 Safari/534.14"
::ffff:104.164.173.178 - - [16/Jun/2023:08:10:49 +0000] "GET /contact?s=1&ss=9 HTTP/1.1" 200 9997 "-" "Mozilla/5.0 (Windows; U; Windows NT 6.0; en-US) AppleWebKit/534.14 (KHTML, like Gecko) Chrome/9.0.601.0 Safari/534.14"
::ffff:104.164.173.178 - - [16/Jun/2023:08:10:49 +0000] "GET /contact?s=1&ss=1 HTTP/1.1" 200 9997 "-" "Mozilla/5.0 (Windows; U; Windows NT 6.0; en-US) AppleWebKit/534.14 (KHTML, like Gecko) Chrome/9.0.601.0 Safari/534.14"
::ffff:104.164.173.178 - - [16/Jun/2023:08:10:49 +0000] "GET /contact?s=1&ss=10 HTTP/1.1" 200 9997 "-" "Mozilla/5.0 (Windows; U; Windows NT 6.0; en-US) AppleWebKit/534.14 (KHTML, like Gecko) Chrome/9.0.601.0 Safari/534.14"
::ffff:104.164.173.178 - - [16/Jun/2023:08:10:49 +0000] "GET /schools HTTP/1.1" 200 97308 "-" "Mozilla/5.0 (Windows; U; Windows NT 6.0; en-US) AppleWebKit/534.14 (KHTML, like Gecko) Chrome/9.0.601.0 Safari/534.14"
::ffff:104.164.173.122 - - [16/Jun/2023:08:10:49 +0000] "GET / HTTP/1.1" 200 57394 "-" "Mozilla/5.0 (Windows; U; Windows NT 5.1; en-US) AppleWebKit/525.19 (KHTML, like Gecko) Chrome/1.0.154.50 Safari/525.19"
::ffff:104.164.173.178 - - [16/Jun/2023:08:10:49 +0000] "GET /js/common.js HTTP/1.1" 200 2255 "-" "Mozilla/5.0 (Windows; U; Windows NT 6.0; en-US) AppleWebKit/534.14 (KHTML, like Gecko) Chrome/9.0.601.0 Safari/534.14"
::ffff:104.164.173.178 - - [16/Jun/2023:08:10:49 +0000] "GET /contact?s=1&ss=8 HTTP/1.1" 200 9997 "-" "Mozilla/5.0 (Windows; U; Windows NT 6.0; en-US) AppleWebKit/534.14 (KHTML, like Gecko) Chrome/9.0.601.0 Safari/534.14"
::ffff:104.164.173.178 - - [16/Jun/2023:08:10:49 +0000] "GET /contact?s=1&ss=11 HTTP/1.1" 200 9997 "-" "Mozilla/5.0 (Windows; U; Windows NT 6.0; en-US) AppleWebKit/534.14 (KHTML, like Gecko) Chrome/9.0.601.0 Safari/534.14"
::ffff:104.164.173.178 - - [16/Jun/2023:08:10:49 +0000] "GET /events HTTP/1.1" 200 5867 "-" "Mozilla/5.0 (Windows; U; Windows NT 6.0; en-US) AppleWebKit/534.14 (KHTML, like Gecko) Chrome/9.0.601.0 Safari/534.14"
::ffff:104.164.173.178 - - [16/Jun/2023:08:10:49 +0000] "GET /resources HTTP/1.1" 200 194907 "-" "Mozilla/5.0 (Windows; U; Windows NT 6.0; en-US) AppleWebKit/534.14 (KHTML, like Gecko) Chrome/9.0.601.0 Safari/534.14"
::ffff:45.79.171.66 - - [16/Jun/2023:08:10:49 +0000] "GET /service.php?token=1819&action=11 HTTP/1.0" 404 150 "-" "-"
::ffff:45.79.171.66 - - [16/Jun/2023:08:10:49 +0000] "GET /service.php?token=1819&action=11 HTTP/1.0" 404 150 "-" "-"
::ffff:154.28.229.8 - - [16/Jun/2023:08:10:49 +0000] "GET /gallery HTTP/1.1" 404 146 "-" "Mozilla/5.0 (Macintosh; U; Intel Mac OS X 10_6_0; en-US) AppleWebKit/532.0 (KHTML, like Gecko) Chrome/4.0.202.0 Safari/532.0"
::ffff:154.28.229.194 - - [16/Jun/2023:08:10:49 +0000] "GET /gallery HTTP/1.1" 404 146 "-" "Mozilla/5.0 (X11; U; Linux i686; en-US) AppleWebKit/532.2 (KHTML, like Gecko) Chrome/4.0.222.5 Safari/532.2"
::ffff:154.28.229.8 - - [16/Jun/2023:08:10:49 +0000] "GET /videos.html HTTP/1.1" 404 150 "-" "Mozilla/5.0 (Macintosh; U; Intel Mac OS X 10_6_0; en-US) AppleWebKit/532.0 (KHTML, like Gecko) Chrome/4.0.202.0 Safari/532.0"
::ffff:154.28.229.194 - - [16/Jun/2023:08:10:49 +0000] "GET /videos.html HTTP/1.1" 404 150 "-" "Mozilla/5.0 (X11; U; Linux i686; en-US) AppleWebKit/532.2 (KHTML, like Gecko) Chrome/4.0.222.5 Safari/532.2"
::ffff:45.79.171.66 - - [16/Jun/2023:08:10:49 +0000] "GET /service.php?token=1819&action=11 HTTP/1.0" 404 150 "-" "-"
::ffff:45.79.171.66 - - [16/Jun/2023:08:10:50 +0000] "GET /service.php?token=1819&action=11 HTTP/1.0" 404 150 "-" "-"
::ffff:104.164.173.122 - - [16/Jun/2023:08:10:50 +0000] "GET /js/common.js HTTP/1.1" 200 2255 "-" "Mozilla/5.0 (Windows; U; Windows NT 5.1; en-US) AppleWebKit/525.19 (KHTML, like Gecko) Chrome/1.0.154.50 Safari/525.19"
::ffff:104.164.173.122 - - [16/Jun/2023:08:10:50 +0000] "GET /contact?s=1&ss=8 HTTP/1.1" - - "-" "Mozilla/5.0 (Windows; U; Windows NT 5.1; en-US) AppleWebKit/525.19 (KHTML, like Gecko) Chrome/1.0.154.50 Safari/525.19"
::ffff:104.164.173.122 - - [16/Jun/2023:08:10:50 +0000] "GET /contact?s=1&ss=7 HTTP/1.1" - - "-" "Mozilla/5.0 (Windows; U; Windows NT 5.1; en-US) AppleWebKit/525.19 (KHTML, like Gecko) Chrome/1.0.154.50 Safari/525.19"
::ffff:104.164.173.122 - - [16/Jun/2023:08:10:50 +0000] "GET /contact?s=1&ss=10 HTTP/1.1" - - "-" "Mozilla/5.0 (Windows; U; Windows NT 5.1; en-US) AppleWebKit/525.19 (KHTML, like Gecko) Chrome/1.0.154.50 Safari/525.19"
::ffff:104.164.173.122 - - [16/Jun/2023:08:10:50 +0000] "GET /contact?s=1&ss=5 HTTP/1.1" - - "-" "Mozilla/5.0 (Windows; U; Windows NT 5.1; en-US) AppleWebKit/525.19 (KHTML, like Gecko) Chrome/1.0.154.50 Safari/525.19"
::ffff:104.164.173.122 - - [16/Jun/2023:08:10:50 +0000] "GET /contact?s=1&ss=9 HTTP/1.1" - - "-" "Mozilla/5.0 (Windows; U; Windows NT 5.1; en-US) AppleWebKit/525.19 (KHTML, like Gecko) Chrome/1.0.154.50 Safari/525.19"
::ffff:104.164.173.122 - - [16/Jun/2023:08:10:50 +0000] "GET /contact?s=1&ss=11 HTTP/1.1" - - "-" "Mozilla/5.0 (Windows; U; Windows NT 5.1; en-US) AppleWebKit/525.19 (KHTML, like Gecko) Chrome/1.0.154.50 Safari/525.19"
::ffff:104.164.173.122 - - [16/Jun/2023:08:10:50 +0000] "GET /contact?s=1&ss=2 HTTP/1.1" - - "-" "Mozilla/5.0 (Windows; U; Windows NT 5.1; en-US) AppleWebKit/525.19 (KHTML, like Gecko) Chrome/1.0.154.50 Safari/525.19"
::ffff:104.164.173.122 - - [16/Jun/2023:08:10:50 +0000] "GET /contact?s=1&ss=3 HTTP/1.1" - - "-" "Mozilla/5.0 (Windows; U; Windows NT 5.1; en-US) AppleWebKit/525.19 (KHTML, like Gecko) Chrome/1.0.154.50 Safari/525.19"
::ffff:104.164.173.122 - - [16/Jun/2023:08:10:50 +0000] "GET /events HTTP/1.1" - - "-" "Mozilla/5.0 (Windows; U; Windows NT 5.1; en-US) AppleWebKit/525.19 (KHTML, like Gecko) Chrome/1.0.154.50 Safari/525.19"
::ffff:104.164.173.122 - - [16/Jun/2023:08:10:50 +0000] "GET /contact?s=1&ss=1 HTTP/1.1" - - "-" "Mozilla/5.0 (Windows; U; Windows NT 5.1; en-US) AppleWebKit/525.19 (KHTML, like Gecko) Chrome/1.0.154.50 Safari/525.19"
::ffff:104.164.173.122 - - [16/Jun/2023:08:10:50 +0000] "GET /contact?s=1&ss=6 HTTP/1.1" - - "-" "Mozilla/5.0 (Windows; U; Windows NT 5.1; en-US) AppleWebKit/525.19 (KHTML, like Gecko) Chrome/1.0.154.50 Safari/525.19"
::ffff:45.79.171.66 - - [16/Jun/2023:08:10:50 +0000] "GET /service.php?token=1819&action=11 HTTP/1.0" 404 150 "-" "-"
::ffff:45.79.171.66 - - [16/Jun/2023:08:10:50 +0000] "GET /service.php?token=1819&action=11 HTTP/1.0" 404 150 "-" "-"
::ffff:104.164.173.122 - - [16/Jun/2023:08:10:50 +0000] "GET /resources HTTP/1.1" - - "-" "Mozilla/5.0 (Windows; U; Windows NT 5.1; en-US) AppleWebKit/525.19 (KHTML, like Gecko) Chrome/1.0.154.50 Safari/525.19"
::ffff:104.164.173.122 - - [16/Jun/2023:08:10:50 +0000] "GET /schools HTTP/1.1" - - "-" "Mozilla/5.0 (Windows; U; Windows NT 5.1; en-US) AppleWebKit/525.19 (KHTML, like Gecko) Chrome/1.0.154.50 Safari/525.19"
::ffff:104.164.173.122 - - [16/Jun/2023:08:10:50 +0000] "GET /contact HTTP/1.1" - - "-" "Mozilla/5.0 (Windows; U; Windows NT 5.1; en-US) AppleWebKit/525.19 (KHTML, like Gecko) Chrome/1.0.154.50 Safari/525.19"
::ffff:104.164.173.122 - - [16/Jun/2023:08:10:50 +0000] "GET /contact?s=1&ss=0 HTTP/1.1" - - "-" "Mozilla/5.0 (Windows; U; Windows NT 5.1; en-US) AppleWebKit/525.19 (KHTML, like Gecko) Chrome/1.0.154.50 Safari/525.19"
::ffff:154.28.229.218 - - [16/Jun/2023:08:10:50 +0000] "GET /videos.php HTTP/1.1" 404 149 "-" "Mozilla/5.0 (Windows; U; Windows NT 5.1; en-US) AppleWebKit/532.2 (KHTML, like Gecko) Chrome/4.0.222.4 Safari/532.2"
::ffff:154.28.229.218 - - [16/Jun/2023:08:10:51 +0000] "GET /gallery HTTP/1.1" 404 146 "-" "Mozilla/5.0 (Windows; U; Windows NT 5.1; en-US) AppleWebKit/532.2 (KHTML, like Gecko) Chrome/4.0.222.4 Safari/532.2"
::ffff:45.79.171.66 - - [16/Jun/2023:08:10:51 +0000] "GET /service.php?token=1819&action=11 HTTP/1.0" 404 150 "-" "-"
