::ffff:114.119.134.127 - - [13/Mar/2023:00:16:51 +0000] "GET /docs/Twenty%20guiding%20principles%20of%20Karate.pdf HTTP/1.1" 200 49483 "https://wadokikai.org/resources" "Mozilla/5.0 (Linux; Android 7.0;) AppleWebKit/537.36 (KHTML, like Gecko) Mobile Safari/537.36 (compatible; PetalBot;+https://webmaster.petalsearch.com/site/petalbot)"
::ffff:43.155.118.219 - - [13/Mar/2023:00:25:48 +0000] "HEAD /Core/Skin/Login.aspx HTTP/1.1" 404 160 "-" "Mozilla/5.0 (Windows NT 10.0; Win64; x64) AppleWebKit/537.36 (KHTML, like Gecko) Chrome/106.0.0.0 Safari/537.36"
::ffff:52.167.144.133 - - [13/Mar/2023:00:26:53 +0000] "GET /robots.txt HTTP/1.1" 404 149 "-" "Mozilla/5.0 AppleWebKit/537.36 (KHTML, like Gecko; compatible; bingbot/2.0; +http://www.bing.com/bingbot.htm) Chrome/103.0.5060.134 Safari/537.36"
::ffff:52.167.144.133 - - [13/Mar/2023:00:26:53 +0000] "GET /robots.txt HTTP/1.1" 404 149 "-" "Mozilla/5.0 AppleWebKit/537.36 (KHTML, like Gecko; compatible; bingbot/2.0; +http://www.bing.com/bingbot.htm) Chrome/103.0.5060.134 Safari/537.36"
::ffff:40.77.167.250 - - [13/Mar/2023:00:26:59 +0000] "GET / HTTP/1.1" 200 57378 "-" "Mozilla/5.0 AppleWebKit/537.36 (KHTML, like Gecko; compatible; bingbot/2.0; +http://www.bing.com/bingbot.htm) Chrome/103.0.5060.134 Safari/537.36"
::ffff:135.125.218.67 - - [13/Mar/2023:00:37:17 +0000] "GET /.env HTTP/1.1" 404 143 "-" "Mozilla/5.0 (X11; Linux x86_64) AppleWebKit/537.36 (KHTML, like Gecko) Chrome/81.0.4044.129 Safari/537.36"
::ffff:135.125.218.67 - - [13/Mar/2023:00:37:18 +0000] "POST / HTTP/1.1" 404 140 "-" "Mozilla/5.0 (X11; Linux x86_64) AppleWebKit/537.36 (KHTML, like Gecko) Chrome/81.0.4044.129 Safari/537.36"
::ffff:73.92.167.123 - - [13/Mar/2023:00:48:01 +0000] "GET / HTTP/1.1" 200 57378 "-" "Mozilla/5.0 (iPhone; CPU iPhone OS 16_3_1 like Mac OS X) AppleWebKit/605.1.15 (KHTML, like Gecko) Version/16.3 Mobile/15E148 Safari/604.1"
::ffff:73.92.167.123 - - [13/Mar/2023:00:48:01 +0000] "GET /apple-touch-icon-120x120-precomposed.png HTTP/1.1" 404 179 "-" "MobileSafari/8614.4.6.0.6 CFNetwork/1404.0.5 Darwin/22.3.0"
::ffff:73.92.167.123 - - [13/Mar/2023:00:48:01 +0000] "GET /apple-touch-icon-120x120.png HTTP/1.1" 404 167 "-" "MobileSafari/8614.4.6.0.6 CFNetwork/1404.0.5 Darwin/22.3.0"
::ffff:73.92.167.123 - - [13/Mar/2023:00:48:01 +0000] "GET /apple-touch-icon-precomposed.png HTTP/1.1" 404 171 "-" "MobileSafari/8614.4.6.0.6 CFNetwork/1404.0.5 Darwin/22.3.0"
::ffff:73.92.167.123 - - [13/Mar/2023:00:48:01 +0000] "GET /apple-touch-icon.png HTTP/1.1" 404 159 "-" "MobileSafari/8614.4.6.0.6 CFNetwork/1404.0.5 Darwin/22.3.0"
::ffff:73.92.167.123 - - [13/Mar/2023:00:48:01 +0000] "GET /images/favicon.ico HTTP/1.1" 200 3638 "-" "MobileSafari/8614.4.6.0.6 CFNetwork/1404.0.5 Darwin/22.3.0"
::ffff:135.125.246.189 - - [13/Mar/2023:01:17:41 +0000] "GET /.env HTTP/1.1" 404 143 "-" "Mozilla/5.0 (X11; Linux x86_64) AppleWebKit/537.36 (KHTML, like Gecko) Chrome/81.0.4044.129 Safari/537.36"
::ffff:135.125.246.189 - - [13/Mar/2023:01:17:41 +0000] "POST / HTTP/1.1" 404 140 "-" "Mozilla/5.0 (X11; Linux x86_64) AppleWebKit/537.36 (KHTML, like Gecko) Chrome/81.0.4044.129 Safari/537.36"
::ffff:51.222.253.10 - - [13/Mar/2023:01:20:13 +0000] "GET /contact?s=1&ss=10 HTTP/1.1" 200 9997 "-" "Mozilla/5.0 (compatible; AhrefsBot/7.0; +http://ahrefs.com/robot/)"
::ffff:130.211.53.15 - - [13/Mar/2023:01:34:05 +0000] "GET /robots.txt HTTP/1.1" 404 149 "-" "Mozilla/5.0 (Macintosh; Intel Mac OS X 10.11; rv:52.0) Gecko/20100101 Firefox/52.0"
::ffff:130.211.53.15 - - [13/Mar/2023:01:34:06 +0000] "GET / HTTP/1.1" 304 - "-" "Mozilla/5.0 (Macintosh; Intel Mac OS X 10.11; rv:52.0) Gecko/20100101 Firefox/52.0"
::ffff:130.211.53.15 - - [13/Mar/2023:01:34:08 +0000] "GET / HTTP/1.1" 304 - "-" "Mozilla/5.0 (Macintosh; Intel Mac OS X 10.11; rv:52.0) Gecko/20100101 Firefox/52.0"
::ffff:130.211.53.15 - - [13/Mar/2023:01:34:09 +0000] "GET / HTTP/1.1" 304 - "-" "Mozilla/5.0 (Macintosh; Intel Mac OS X 10.11; rv:52.0) Gecko/20100101 Firefox/52.0"
::ffff:130.211.53.15 - - [13/Mar/2023:01:34:11 +0000] "GET /contact HTTP/1.1" 304 - "-" "Mozilla/5.0 (Macintosh; Intel Mac OS X 10.11; rv:52.0) Gecko/20100101 Firefox/52.0"
::ffff:130.211.53.15 - - [13/Mar/2023:01:34:11 +0000] "GET /contact?s=1&ss=0 HTTP/1.1" 304 - "-" "Mozilla/5.0 (Macintosh; Intel Mac OS X 10.11; rv:52.0) Gecko/20100101 Firefox/52.0"
::ffff:130.211.53.15 - - [13/Mar/2023:01:34:11 +0000] "GET /contact?s=1&ss=1 HTTP/1.1" 304 - "-" "Mozilla/5.0 (Macintosh; Intel Mac OS X 10.11; rv:52.0) Gecko/20100101 Firefox/52.0"
::ffff:130.211.53.15 - - [13/Mar/2023:01:34:12 +0000] "GET /contact?s=1&ss=10 HTTP/1.1" 304 - "-" "Mozilla/5.0 (Macintosh; Intel Mac OS X 10.11; rv:52.0) Gecko/20100101 Firefox/52.0"
::ffff:130.211.53.15 - - [13/Mar/2023:01:34:12 +0000] "GET /contact?s=1&ss=11 HTTP/1.1" 304 - "-" "Mozilla/5.0 (Macintosh; Intel Mac OS X 10.11; rv:52.0) Gecko/20100101 Firefox/52.0"
::ffff:130.211.53.15 - - [13/Mar/2023:01:34:13 +0000] "GET /contact?s=1&ss=2 HTTP/1.1" 304 - "-" "Mozilla/5.0 (Macintosh; Intel Mac OS X 10.11; rv:52.0) Gecko/20100101 Firefox/52.0"
::ffff:130.211.53.15 - - [13/Mar/2023:01:34:13 +0000] "GET /contact?s=1&ss=4 HTTP/1.1" 304 - "-" "Mozilla/5.0 (Macintosh; Intel Mac OS X 10.11; rv:52.0) Gecko/20100101 Firefox/52.0"
::ffff:130.211.53.15 - - [13/Mar/2023:01:34:13 +0000] "GET /contact?s=1&ss=3 HTTP/1.1" 304 - "-" "Mozilla/5.0 (Macintosh; Intel Mac OS X 10.11; rv:52.0) Gecko/20100101 Firefox/52.0"
::ffff:130.211.53.15 - - [13/Mar/2023:01:34:15 +0000] "GET /contact?s=1&ss=5 HTTP/1.1" 304 - "-" "Mozilla/5.0 (Macintosh; Intel Mac OS X 10.11; rv:52.0) Gecko/20100101 Firefox/52.0"
::ffff:130.211.53.15 - - [13/Mar/2023:01:34:16 +0000] "GET /contact?s=1&ss=6 HTTP/1.1" 304 - "-" "Mozilla/5.0 (Macintosh; Intel Mac OS X 10.11; rv:52.0) Gecko/20100101 Firefox/52.0"
::ffff:130.211.53.15 - - [13/Mar/2023:01:34:16 +0000] "GET /contact?s=1&ss=7 HTTP/1.1" 304 - "-" "Mozilla/5.0 (Macintosh; Intel Mac OS X 10.11; rv:52.0) Gecko/20100101 Firefox/52.0"
::ffff:130.211.53.15 - - [13/Mar/2023:01:34:16 +0000] "GET /contact?s=1&ss=8 HTTP/1.1" 304 - "-" "Mozilla/5.0 (Macintosh; Intel Mac OS X 10.11; rv:52.0) Gecko/20100101 Firefox/52.0"
::ffff:130.211.53.15 - - [13/Mar/2023:01:34:17 +0000] "GET /contact?s=1&ss=9 HTTP/1.1" 304 - "-" "Mozilla/5.0 (Macintosh; Intel Mac OS X 10.11; rv:52.0) Gecko/20100101 Firefox/52.0"
::ffff:130.211.53.15 - - [13/Mar/2023:01:34:19 +0000] "GET /contact HTTP/1.1" 304 - "-" "Mozilla/5.0 (Macintosh; Intel Mac OS X 10.11; rv:52.0) Gecko/20100101 Firefox/52.0"
::ffff:130.211.53.15 - - [13/Mar/2023:01:34:19 +0000] "GET /contact?s=1&ss=0 HTTP/1.1" 304 - "-" "Mozilla/5.0 (Macintosh; Intel Mac OS X 10.11; rv:52.0) Gecko/20100101 Firefox/52.0"
::ffff:130.211.53.15 - - [13/Mar/2023:01:34:20 +0000] "GET /contact?s=1&ss=1 HTTP/1.1" 304 - "-" "Mozilla/5.0 (Macintosh; Intel Mac OS X 10.11; rv:52.0) Gecko/20100101 Firefox/52.0"
::ffff:130.211.53.15 - - [13/Mar/2023:01:34:21 +0000] "GET /contact?s=1&ss=10 HTTP/1.1" 304 - "-" "Mozilla/5.0 (Macintosh; Intel Mac OS X 10.11; rv:52.0) Gecko/20100101 Firefox/52.0"
::ffff:130.211.53.15 - - [13/Mar/2023:01:34:21 +0000] "GET /contact?s=1&ss=11 HTTP/1.1" 304 - "-" "Mozilla/5.0 (Macintosh; Intel Mac OS X 10.11; rv:52.0) Gecko/20100101 Firefox/52.0"
::ffff:130.211.53.15 - - [13/Mar/2023:01:34:23 +0000] "GET /contact?s=1&ss=2 HTTP/1.1" 304 - "-" "Mozilla/5.0 (Macintosh; Intel Mac OS X 10.11; rv:52.0) Gecko/20100101 Firefox/52.0"
::ffff:130.211.53.15 - - [13/Mar/2023:01:34:24 +0000] "GET /contact?s=1&ss=3 HTTP/1.1" 304 - "-" "Mozilla/5.0 (Macintosh; Intel Mac OS X 10.11; rv:52.0) Gecko/20100101 Firefox/52.0"
::ffff:130.211.53.15 - - [13/Mar/2023:01:34:25 +0000] "GET /contact?s=1&ss=4 HTTP/1.1" 304 - "-" "Mozilla/5.0 (Macintosh; Intel Mac OS X 10.11; rv:52.0) Gecko/20100101 Firefox/52.0"
::ffff:130.211.53.15 - - [13/Mar/2023:01:34:26 +0000] "GET /contact?s=1&ss=5 HTTP/1.1" 304 - "-" "Mozilla/5.0 (Macintosh; Intel Mac OS X 10.11; rv:52.0) Gecko/20100101 Firefox/52.0"
::ffff:130.211.53.15 - - [13/Mar/2023:01:34:28 +0000] "GET /contact?s=1&ss=6 HTTP/1.1" 304 - "-" "Mozilla/5.0 (Macintosh; Intel Mac OS X 10.11; rv:52.0) Gecko/20100101 Firefox/52.0"
::ffff:130.211.53.15 - - [13/Mar/2023:01:34:28 +0000] "GET /contact?s=1&ss=7 HTTP/1.1" 304 - "-" "Mozilla/5.0 (Macintosh; Intel Mac OS X 10.11; rv:52.0) Gecko/20100101 Firefox/52.0"
::ffff:130.211.53.15 - - [13/Mar/2023:01:34:32 +0000] "GET /contact?s=1&ss=8 HTTP/1.1" 304 - "-" "Mozilla/5.0 (Macintosh; Intel Mac OS X 10.11; rv:52.0) Gecko/20100101 Firefox/52.0"
::ffff:130.211.53.15 - - [13/Mar/2023:01:34:34 +0000] "GET /contact?s=1&ss=9 HTTP/1.1" 304 - "-" "Mozilla/5.0 (Macintosh; Intel Mac OS X 10.11; rv:52.0) Gecko/20100101 Firefox/52.0"
::ffff:130.211.53.15 - - [13/Mar/2023:01:34:39 +0000] "GET /contact?s=1&ss=0 HTTP/1.1" 304 - "-" "Mozilla/5.0 (Macintosh; Intel Mac OS X 10.11; rv:52.0) Gecko/20100101 Firefox/52.0"
::ffff:130.211.53.15 - - [13/Mar/2023:01:34:39 +0000] "GET /contact HTTP/1.1" 304 - "-" "Mozilla/5.0 (Macintosh; Intel Mac OS X 10.11; rv:52.0) Gecko/20100101 Firefox/52.0"
::ffff:130.211.53.15 - - [13/Mar/2023:01:34:40 +0000] "GET /contact?s=1&ss=1 HTTP/1.1" 304 - "-" "Mozilla/5.0 (Macintosh; Intel Mac OS X 10.11; rv:52.0) Gecko/20100101 Firefox/52.0"
::ffff:130.211.53.15 - - [13/Mar/2023:01:34:41 +0000] "GET /contact?s=1&ss=11 HTTP/1.1" 304 - "-" "Mozilla/5.0 (Macintosh; Intel Mac OS X 10.11; rv:52.0) Gecko/20100101 Firefox/52.0"
::ffff:130.211.53.15 - - [13/Mar/2023:01:34:41 +0000] "GET /contact?s=1&ss=10 HTTP/1.1" 304 - "-" "Mozilla/5.0 (Macintosh; Intel Mac OS X 10.11; rv:52.0) Gecko/20100101 Firefox/52.0"
::ffff:130.211.53.15 - - [13/Mar/2023:01:34:42 +0000] "GET /contact?s=1&ss=2 HTTP/1.1" 304 - "-" "Mozilla/5.0 (Macintosh; Intel Mac OS X 10.11; rv:52.0) Gecko/20100101 Firefox/52.0"
::ffff:130.211.53.15 - - [13/Mar/2023:01:34:43 +0000] "GET /contact?s=1&ss=4 HTTP/1.1" 304 - "-" "Mozilla/5.0 (Macintosh; Intel Mac OS X 10.11; rv:52.0) Gecko/20100101 Firefox/52.0"
::ffff:130.211.53.15 - - [13/Mar/2023:01:34:43 +0000] "GET /contact?s=1&ss=3 HTTP/1.1" 304 - "-" "Mozilla/5.0 (Macintosh; Intel Mac OS X 10.11; rv:52.0) Gecko/20100101 Firefox/52.0"
::ffff:130.211.53.15 - - [13/Mar/2023:01:34:45 +0000] "GET /contact?s=1&ss=5 HTTP/1.1" 304 - "-" "Mozilla/5.0 (Macintosh; Intel Mac OS X 10.11; rv:52.0) Gecko/20100101 Firefox/52.0"
::ffff:130.211.53.15 - - [13/Mar/2023:01:34:46 +0000] "GET /contact?s=1&ss=6 HTTP/1.1" 200 9997 "-" "Mozilla/5.0 (Macintosh; Intel Mac OS X 10.11; rv:52.0) Gecko/20100101 Firefox/52.0"
::ffff:130.211.53.15 - - [13/Mar/2023:01:34:46 +0000] "GET /contact?s=1&ss=7 HTTP/1.1" 304 - "-" "Mozilla/5.0 (Macintosh; Intel Mac OS X 10.11; rv:52.0) Gecko/20100101 Firefox/52.0"
::ffff:130.211.53.15 - - [13/Mar/2023:01:34:46 +0000] "GET /contact?s=1&ss=8 HTTP/1.1" 304 - "-" "Mozilla/5.0 (Macintosh; Intel Mac OS X 10.11; rv:52.0) Gecko/20100101 Firefox/52.0"
::ffff:130.211.53.15 - - [13/Mar/2023:01:34:46 +0000] "GET /contact?s=1&ss=9 HTTP/1.1" 304 - "-" "Mozilla/5.0 (Macintosh; Intel Mac OS X 10.11; rv:52.0) Gecko/20100101 Firefox/52.0"
::ffff:130.211.53.15 - - [13/Mar/2023:01:34:47 +0000] "GET /ie7/ie7-standard-p.js HTTP/1.1" 404 160 "-" "Mozilla/5.0 (Macintosh; Intel Mac OS X 10.11; rv:52.0) Gecko/20100101 Firefox/52.0"
::ffff:130.211.53.15 - - [13/Mar/2023:01:34:47 +0000] "GET /js/common.js HTTP/1.1" 304 - "-" "Mozilla/5.0 (Macintosh; Intel Mac OS X 10.11; rv:52.0) Gecko/20100101 Firefox/52.0"
::ffff:130.211.53.15 - - [13/Mar/2023:01:34:48 +0000] "GET /ie7/ie7-standard-p.js HTTP/1.1" 404 160 "-" "Mozilla/5.0 (Macintosh; Intel Mac OS X 10.11; rv:52.0) Gecko/20100101 Firefox/52.0"
::ffff:130.211.53.15 - - [13/Mar/2023:01:34:48 +0000] "GET /js/common.js HTTP/1.1" 304 - "-" "Mozilla/5.0 (Macintosh; Intel Mac OS X 10.11; rv:52.0) Gecko/20100101 Firefox/52.0"
::ffff:130.211.53.15 - - [13/Mar/2023:01:34:49 +0000] "GET /js/common.js HTTP/1.1" 304 - "-" "Mozilla/5.0 (Macintosh; Intel Mac OS X 10.11; rv:52.0) Gecko/20100101 Firefox/52.0"
::ffff:130.211.53.15 - - [13/Mar/2023:01:34:49 +0000] "GET /ie7/ie7-standard-p.js HTTP/1.1" 404 160 "-" "Mozilla/5.0 (Macintosh; Intel Mac OS X 10.11; rv:52.0) Gecko/20100101 Firefox/52.0"
::ffff:130.211.53.15 - - [13/Mar/2023:01:34:50 +0000] "GET /events HTTP/1.1" 304 - "-" "Mozilla/5.0 (Macintosh; Intel Mac OS X 10.11; rv:52.0) Gecko/20100101 Firefox/52.0"
::ffff:130.211.53.15 - - [13/Mar/2023:01:34:51 +0000] "GET /resources HTTP/1.1" 304 - "-" "Mozilla/5.0 (Macintosh; Intel Mac OS X 10.11; rv:52.0) Gecko/20100101 Firefox/52.0"
::ffff:130.211.53.15 - - [13/Mar/2023:01:34:51 +0000] "GET /schools HTTP/1.1" 304 - "-" "Mozilla/5.0 (Macintosh; Intel Mac OS X 10.11; rv:52.0) Gecko/20100101 Firefox/52.0"
::ffff:130.211.53.15 - - [13/Mar/2023:01:34:53 +0000] "GET / HTTP/1.1" 304 - "-" "Mozilla/5.0 (Macintosh; Intel Mac OS X 10.11; rv:52.0) Gecko/20100101 Firefox/52.0"
::ffff:130.211.53.15 - - [13/Mar/2023:01:34:54 +0000] "GET /events HTTP/1.1" 304 - "-" "Mozilla/5.0 (Macintosh; Intel Mac OS X 10.11; rv:52.0) Gecko/20100101 Firefox/52.0"
::ffff:130.211.53.15 - - [13/Mar/2023:01:34:54 +0000] "GET /resources HTTP/1.1" 304 - "-" "Mozilla/5.0 (Macintosh; Intel Mac OS X 10.11; rv:52.0) Gecko/20100101 Firefox/52.0"
::ffff:130.211.53.15 - - [13/Mar/2023:01:34:55 +0000] "GET /contact HTTP/1.1" 304 - "-" "Mozilla/5.0 (Macintosh; Intel Mac OS X 10.11; rv:52.0) Gecko/20100101 Firefox/52.0"
::ffff:130.211.53.15 - - [13/Mar/2023:01:34:57 +0000] "GET /contact?s=1&ss=1 HTTP/1.1" 304 - "-" "Mozilla/5.0 (Macintosh; Intel Mac OS X 10.11; rv:52.0) Gecko/20100101 Firefox/52.0"
::ffff:130.211.53.15 - - [13/Mar/2023:01:34:58 +0000] "GET /contact?s=1&ss=11 HTTP/1.1" 304 - "-" "Mozilla/5.0 (Macintosh; Intel Mac OS X 10.11; rv:52.0) Gecko/20100101 Firefox/52.0"
::ffff:130.211.53.15 - - [13/Mar/2023:01:34:58 +0000] "GET /contact?s=1&ss=0 HTTP/1.1" 304 - "-" "Mozilla/5.0 (Macintosh; Intel Mac OS X 10.11; rv:52.0) Gecko/20100101 Firefox/52.0"
::ffff:130.211.53.15 - - [13/Mar/2023:01:34:58 +0000] "GET /contact?s=1&ss=10 HTTP/1.1" 200 9997 "-" "Mozilla/5.0 (Macintosh; Intel Mac OS X 10.11; rv:52.0) Gecko/20100101 Firefox/52.0"
::ffff:130.211.53.15 - - [13/Mar/2023:01:34:58 +0000] "GET /contact?s=1&ss=2 HTTP/1.1" 304 - "-" "Mozilla/5.0 (Macintosh; Intel Mac OS X 10.11; rv:52.0) Gecko/20100101 Firefox/52.0"
::ffff:130.211.53.15 - - [13/Mar/2023:01:34:58 +0000] "GET /contact?s=1&ss=3 HTTP/1.1" 304 - "-" "Mozilla/5.0 (Macintosh; Intel Mac OS X 10.11; rv:52.0) Gecko/20100101 Firefox/52.0"
::ffff:130.211.53.15 - - [13/Mar/2023:01:35:00 +0000] "GET /contact?s=1&ss=4 HTTP/1.1" 304 - "-" "Mozilla/5.0 (Macintosh; Intel Mac OS X 10.11; rv:52.0) Gecko/20100101 Firefox/52.0"
::ffff:130.211.53.15 - - [13/Mar/2023:01:35:00 +0000] "GET /contact?s=1&ss=5 HTTP/1.1" 304 - "-" "Mozilla/5.0 (Macintosh; Intel Mac OS X 10.11; rv:52.0) Gecko/20100101 Firefox/52.0"
::ffff:130.211.53.15 - - [13/Mar/2023:01:35:00 +0000] "GET /contact?s=1&ss=6 HTTP/1.1" 304 - "-" "Mozilla/5.0 (Macintosh; Intel Mac OS X 10.11; rv:52.0) Gecko/20100101 Firefox/52.0"
::ffff:130.211.53.15 - - [13/Mar/2023:01:35:01 +0000] "GET /contact?s=1&ss=7 HTTP/1.1" 304 - "-" "Mozilla/5.0 (Macintosh; Intel Mac OS X 10.11; rv:52.0) Gecko/20100101 Firefox/52.0"
::ffff:130.211.53.15 - - [13/Mar/2023:01:35:01 +0000] "GET /contact?s=1&ss=8 HTTP/1.1" 304 - "-" "Mozilla/5.0 (Macintosh; Intel Mac OS X 10.11; rv:52.0) Gecko/20100101 Firefox/52.0"
::ffff:130.211.53.15 - - [13/Mar/2023:01:35:01 +0000] "GET /contact?s=1&ss=9 HTTP/1.1" 304 - "-" "Mozilla/5.0 (Macintosh; Intel Mac OS X 10.11; rv:52.0) Gecko/20100101 Firefox/52.0"
::ffff:130.211.53.15 - - [13/Mar/2023:01:35:02 +0000] "GET /js/common.js HTTP/1.1" 304 - "-" "Mozilla/5.0 (Macintosh; Intel Mac OS X 10.11; rv:52.0) Gecko/20100101 Firefox/52.0"
::ffff:130.211.53.15 - - [13/Mar/2023:01:35:02 +0000] "GET /ie7/ie7-standard-p.js HTTP/1.1" 404 160 "-" "Mozilla/5.0 (Macintosh; Intel Mac OS X 10.11; rv:52.0) Gecko/20100101 Firefox/52.0"
::ffff:130.211.53.15 - - [13/Mar/2023:01:35:03 +0000] "GET /schools HTTP/1.1" 304 - "-" "Mozilla/5.0 (Macintosh; Intel Mac OS X 10.11; rv:52.0) Gecko/20100101 Firefox/52.0"
::ffff:130.211.53.15 - - [13/Mar/2023:01:35:04 +0000] "GET /events HTTP/1.1" 304 - "-" "Mozilla/5.0 (Macintosh; Intel Mac OS X 10.11; rv:52.0) Gecko/20100101 Firefox/52.0"
::ffff:130.211.53.15 - - [13/Mar/2023:01:35:04 +0000] "GET /resources HTTP/1.1" 304 - "-" "Mozilla/5.0 (Macintosh; Intel Mac OS X 10.11; rv:52.0) Gecko/20100101 Firefox/52.0"
::ffff:130.211.53.15 - - [13/Mar/2023:01:35:04 +0000] "GET /schools HTTP/1.1" 304 - "-" "Mozilla/5.0 (Macintosh; Intel Mac OS X 10.11; rv:52.0) Gecko/20100101 Firefox/52.0"
::ffff:130.211.53.15 - - [13/Mar/2023:01:35:04 +0000] "GET /events HTTP/1.1" 304 - "-" "Mozilla/5.0 (Macintosh; Intel Mac OS X 10.11; rv:52.0) Gecko/20100101 Firefox/52.0"
::ffff:130.211.53.15 - - [13/Mar/2023:01:35:05 +0000] "GET /resources HTTP/1.1" 304 - "-" "Mozilla/5.0 (Macintosh; Intel Mac OS X 10.11; rv:52.0) Gecko/20100101 Firefox/52.0"
::ffff:130.211.53.15 - - [13/Mar/2023:01:35:06 +0000] "GET /schools HTTP/1.1" 304 - "-" "Mozilla/5.0 (Macintosh; Intel Mac OS X 10.11; rv:52.0) Gecko/20100101 Firefox/52.0"
::ffff:130.211.53.15 - - [13/Mar/2023:01:35:09 +0000] "GET / HTTP/1.1" 200 57378 "-" "Python/3.8 aiohttp/3.8.3"
::ffff:130.211.53.15 - - [13/Mar/2023:01:35:10 +0000] "GET / HTTP/1.1" 200 57378 "-" "Python/3.8 aiohttp/3.8.3"
::ffff:130.211.53.15 - - [13/Mar/2023:01:35:12 +0000] "GET / HTTP/1.1" 200 57378 "-" "Python/3.8 aiohttp/3.8.3"
::ffff:130.211.53.15 - - [13/Mar/2023:01:35:15 +0000] "GET /util/login.aspx HTTP/1.1" 404 154 "-" "Mozilla/5.0 (Macintosh; Intel Mac OS X 10.11; rv:52.0) Gecko/20100101 Firefox/52.0"
::ffff:130.211.53.15 - - [13/Mar/2023:01:35:16 +0000] "GET /install.php HTTP/1.1" 404 150 "-" "Mozilla/5.0 (Macintosh; Intel Mac OS X 10.11; rv:52.0) Gecko/20100101 Firefox/52.0"
::ffff:130.211.53.15 - - [13/Mar/2023:01:35:16 +0000] "GET /magento_version HTTP/1.1" 404 154 "-" "Mozilla/5.0 (Macintosh; Intel Mac OS X 10.11; rv:52.0) Gecko/20100101 Firefox/52.0"
::ffff:94.102.51.9 - - [13/Mar/2023:01:35:38 +0000] "GET / HTTP/1.0" 200 57378 "-" "masscan/1.3 (https://github.com/robertdavidgraham/masscan)"
::ffff:207.46.13.219 - - [13/Mar/2023:01:36:23 +0000] "GET / HTTP/1.1" 200 57378 "-" "Mozilla/5.0 AppleWebKit/537.36 (KHTML, like Gecko; compatible; bingbot/2.0; +http://www.bing.com/bingbot.htm) Chrome/103.0.5060.134 Safari/537.36"
::ffff:43.155.118.219 - - [13/Mar/2023:01:45:41 +0000] "HEAD /Core/Skin/Login.aspx HTTP/1.1" 404 160 "-" "Mozilla/5.0 (Windows NT 10.0; Win64; x64) AppleWebKit/537.36 (KHTML, like Gecko) Chrome/106.0.0.0 Safari/537.36"
::ffff:37.57.82.112 - - [13/Mar/2023:01:47:14 +0000] "GET / HTTP/1.1" 200 57378 "-" "Mozilla/5.0 (Windows NT 6.1; WOW64) AppleWebKit/537.36 (KHTML, like Gecko) Chrome/52.0.2743.116 Safari/537.36"
::ffff:66.249.72.187 - - [13/Mar/2023:02:03:33 +0000] "GET /robots.txt HTTP/1.1" 404 149 "-" "Mozilla/5.0 (compatible; Googlebot/2.1; +http://www.google.com/bot.html)"
::ffff:66.249.72.185 - - [13/Mar/2023:02:03:33 +0000] "GET /contact?s=1&ss=1 HTTP/1.1" 200 9997 "-" "Mozilla/5.0 (Linux; Android 6.0.1; Nexus 5X Build/MMB29P) AppleWebKit/537.36 (KHTML, like Gecko) Chrome/110.0.5481.177 Mobile Safari/537.36 (compatible; Googlebot/2.1; +http://www.google.com/bot.html)"
::ffff:39.52.225.20 - - [13/Mar/2023:02:04:54 +0000] "GET / HTTP/1.1" 200 57378 "-" "Mozilla/5.0 (X11; Linux i686) AppleWebKit/537.36 (KHTML, like Gecko) Chrome/103.0.0.0 Safari/537.36 Vivaldi/5.3.2679.68"
::ffff:39.52.225.20 - - [13/Mar/2023:02:04:55 +0000] "GET /contact?s=1&ss=5 HTTP/1.1" 200 9997 "http://www.wadokikai.org" "Mozilla/5.0 (X11; Linux i686) AppleWebKit/537.36 (KHTML, like Gecko) Chrome/103.0.0.0 Safari/537.36 Vivaldi/5.3.2679.68"
::ffff:39.52.225.20 - - [13/Mar/2023:02:04:56 +0000] "GET /contact?s=1&ss=4 HTTP/1.1" 200 9997 "http://www.wadokikai.org" "Mozilla/5.0 (X11; Linux i686) AppleWebKit/537.36 (KHTML, like Gecko) Chrome/103.0.0.0 Safari/537.36 Vivaldi/5.3.2679.68"
::ffff:39.52.225.20 - - [13/Mar/2023:02:04:57 +0000] "GET /contact?s=1&ss=3 HTTP/1.1" 200 9997 "http://www.wadokikai.org" "Mozilla/5.0 (X11; Linux i686) AppleWebKit/537.36 (KHTML, like Gecko) Chrome/103.0.0.0 Safari/537.36 Vivaldi/5.3.2679.68"
::ffff:39.52.225.20 - - [13/Mar/2023:02:04:57 +0000] "GET /contact?s=1&ss=6 HTTP/1.1" 200 9997 "http://www.wadokikai.org" "Mozilla/5.0 (X11; Linux i686) AppleWebKit/537.36 (KHTML, like Gecko) Chrome/103.0.0.0 Safari/537.36 Vivaldi/5.3.2679.68"
::ffff:39.52.225.20 - - [13/Mar/2023:02:04:58 +0000] "GET /contact?s=1&ss=9 HTTP/1.1" 200 9997 "http://www.wadokikai.org" "Mozilla/5.0 (X11; Linux i686) AppleWebKit/537.36 (KHTML, like Gecko) Chrome/103.0.0.0 Safari/537.36 Vivaldi/5.3.2679.68"
::ffff:39.52.225.20 - - [13/Mar/2023:02:04:59 +0000] "GET /contact?s=1&ss=8 HTTP/1.1" 200 9997 "http://www.wadokikai.org" "Mozilla/5.0 (X11; Linux i686) AppleWebKit/537.36 (KHTML, like Gecko) Chrome/103.0.0.0 Safari/537.36 Vivaldi/5.3.2679.68"
::ffff:39.52.225.20 - - [13/Mar/2023:02:04:59 +0000] "GET /contact?s=1&ss=7 HTTP/1.1" 200 9997 "http://www.wadokikai.org" "Mozilla/5.0 (X11; Linux i686) AppleWebKit/537.36 (KHTML, like Gecko) Chrome/103.0.0.0 Safari/537.36 Vivaldi/5.3.2679.68"
::ffff:39.52.225.20 - - [13/Mar/2023:02:05:00 +0000] "GET /contact?s=1&ss=1 HTTP/1.1" 200 9997 "http://www.wadokikai.org" "Mozilla/5.0 (X11; Linux i686) AppleWebKit/537.36 (KHTML, like Gecko) Chrome/103.0.0.0 Safari/537.36 Vivaldi/5.3.2679.68"
::ffff:39.52.225.20 - - [13/Mar/2023:02:05:01 +0000] "GET /contact?s=1&ss=0 HTTP/1.1" 200 9997 "http://www.wadokikai.org" "Mozilla/5.0 (X11; Linux i686) AppleWebKit/537.36 (KHTML, like Gecko) Chrome/103.0.0.0 Safari/537.36 Vivaldi/5.3.2679.68"
::ffff:39.52.225.20 - - [13/Mar/2023:02:05:01 +0000] "GET /contact HTTP/1.1" 200 10017 "http://www.wadokikai.org" "Mozilla/5.0 (X11; Linux i686) AppleWebKit/537.36 (KHTML, like Gecko) Chrome/103.0.0.0 Safari/537.36 Vivaldi/5.3.2679.68"
::ffff:39.52.225.20 - - [13/Mar/2023:02:05:02 +0000] "POST /sendemail HTTP/1.1" 302 96 "http://www.wadokikai.org/contact?s=1&ss=7" "Mozilla/5.0 (X11; Linux i686) AppleWebKit/537.36 (KHTML, like Gecko) Chrome/103.0.0.0 Safari/537.36 Vivaldi/5.3.2679.68"
::ffff:39.52.225.20 - - [13/Mar/2023:02:05:03 +0000] "GET /contact/?msg=sent&s=1 HTTP/1.1" 200 10400 "http://www.wadokikai.org/sendemail" "Mozilla/5.0 (X11; Linux i686) AppleWebKit/537.36 (KHTML, like Gecko) Chrome/103.0.0.0 Safari/537.36 Vivaldi/5.3.2679.68"
::ffff:66.249.79.182 - - [13/Mar/2023:02:10:07 +0000] "GET /robots.txt HTTP/1.1" 404 149 "-" "Mozilla/5.0 (compatible; Googlebot/2.1; +http://www.google.com/bot.html)"
::ffff:66.249.79.182 - - [13/Mar/2023:02:10:07 +0000] "GET /ads.txt HTTP/1.1" 404 146 "-" "Mozilla/5.0 (compatible; Googlebot/2.1; +http://www.google.com/bot.html)"
::ffff:66.249.72.185 - - [13/Mar/2023:02:23:35 +0000] "GET /js/common.js HTTP/1.1" 200 2255 "https://34.212.47.6/contact?s=1&ss=1" "Mozilla/5.0 (Linux; Android 6.0.1; Nexus 5X Build/MMB29P) AppleWebKit/537.36 (KHTML, like Gecko) Chrome/110.0.5481.177 Mobile Safari/537.36 (compatible; Googlebot/2.1; +http://www.google.com/bot.html)"
::ffff:66.249.72.185 - - [13/Mar/2023:02:23:36 +0000] "GET /css/wadokikai.css HTTP/1.1" 200 4337 "https://34.212.47.6/contact?s=1&ss=1" "Mozilla/5.0 (Linux; Android 6.0.1; Nexus 5X Build/MMB29P) AppleWebKit/537.36 (KHTML, like Gecko) Chrome/110.0.5481.177 Mobile Safari/537.36 (compatible; Googlebot/2.1; +http://www.google.com/bot.html)"
::ffff:135.125.218.67 - - [13/Mar/2023:02:31:05 +0000] "GET /.env HTTP/1.1" 404 143 "-" "Mozilla/5.0 (X11; Linux x86_64) AppleWebKit/537.36 (KHTML, like Gecko) Chrome/81.0.4044.129 Safari/537.36"
::ffff:135.125.218.67 - - [13/Mar/2023:02:31:06 +0000] "POST / HTTP/1.1" 404 140 "-" "Mozilla/5.0 (X11; Linux x86_64) AppleWebKit/537.36 (KHTML, like Gecko) Chrome/81.0.4044.129 Safari/537.36"
::ffff:193.32.162.159 - - [13/Mar/2023:02:36:11 +0000] "GET / HTTP/1.1" 200 57378 "-" "Mozilla/5.0 (Windows NT 10.0; Win64; x64) AppleWebKit/537.36 (KHTML, like Gecko) Chrome/90.0.4430.85 Safari/537.36 Edg/90.0.818.46"
::ffff:193.32.162.159 - - [13/Mar/2023:02:36:16 +0000] "GET /dispatch.asp HTTP/1.1" 404 151 "-" "Mozilla/5.0 (Windows NT 10.0; Win64; x64) AppleWebKit/537.36 (KHTML, like Gecko) Chrome/90.0.4430.85 Safari/537.36 Edg/90.0.818.46"
::ffff:193.235.141.162 - - [13/Mar/2023:02:53:46 +0000] "GET / HTTP/1.1" 200 57378 "-" "Mozilla/5.0 (Windows NT 10.0; Win64; x64) AppleWebKit/537.36 (KHTML, like Gecko) Chrome/105.0.0.0 Safari/537.36"
::ffff:193.235.141.162 - - [13/Mar/2023:02:53:47 +0000] "GET /images/favicon.ico HTTP/1.1" 200 3638 "-" "Mozilla/5.0 (Windows NT 10.0; Win64; x64) AppleWebKit/537.36 (KHTML, like Gecko) Chrome/105.0.0.0 Safari/537.36"
::ffff:194.55.224.203 - - [13/Mar/2023:02:57:55 +0000] "POST /cgi-bin/.%%%%32%%65/.%%%%32%%65/.%%%%32%%65/.%%%%32%%65/.%%%%32%%65/bin/sh HTTP/1.1" - - "-" "-"
::ffff:43.155.118.219 - - [13/Mar/2023:03:05:32 +0000] "HEAD /Core/Skin/Login.aspx HTTP/1.1" 404 160 "-" "Mozilla/5.0 (Windows NT 10.0; Win64; x64) AppleWebKit/537.36 (KHTML, like Gecko) Chrome/106.0.0.0 Safari/537.36"
::ffff:135.125.246.189 - - [13/Mar/2023:03:06:07 +0000] "GET /.env HTTP/1.1" 404 143 "-" "Mozilla/5.0 (X11; Linux x86_64) AppleWebKit/537.36 (KHTML, like Gecko) Chrome/81.0.4044.129 Safari/537.36"
::ffff:135.125.246.189 - - [13/Mar/2023:03:06:07 +0000] "POST / HTTP/1.1" 404 140 "-" "Mozilla/5.0 (X11; Linux x86_64) AppleWebKit/537.36 (KHTML, like Gecko) Chrome/81.0.4044.129 Safari/537.36"
::ffff:114.119.141.83 - - [13/Mar/2023:03:08:25 +0000] "GET /contact?s=1&ss=11 HTTP/1.1" 200 9997 "https://wadokikai.org/" "Mozilla/5.0 (Linux; Android 7.0;) AppleWebKit/537.36 (KHTML, like Gecko) Mobile Safari/537.36 (compatible; PetalBot;+https://webmaster.petalsearch.com/site/petalbot)"
::ffff:66.249.79.162 - - [13/Mar/2023:03:10:07 +0000] "GET /robots.txt HTTP/1.1" 404 149 "-" "Mozilla/5.0 (compatible; Googlebot/2.1; +http://www.google.com/bot.html)"
::ffff:66.249.79.191 - - [13/Mar/2023:03:10:08 +0000] "GET /ads.txt HTTP/1.1" 404 146 "-" "Mozilla/5.0 (compatible; Googlebot/2.1; +http://www.google.com/bot.html)"
::ffff:66.249.79.189 - - [13/Mar/2023:03:10:08 +0000] "GET /robots.txt HTTP/1.1" 404 149 "-" "Mozilla/5.0 (compatible; Googlebot/2.1; +http://www.google.com/bot.html)"
::ffff:66.249.79.191 - - [13/Mar/2023:03:10:08 +0000] "GET /ads.txt HTTP/1.1" 404 146 "-" "Mozilla/5.0 (compatible; Googlebot/2.1; +http://www.google.com/bot.html)"
::ffff:87.236.176.238 - - [13/Mar/2023:03:10:16 +0000] "GET / HTTP/1.1" 200 57378 "-" "Mozilla/5.0 (compatible; InternetMeasurement/1.0; +https://internet-measurement.com/)"
::ffff:87.236.176.69 - - [13/Mar/2023:03:10:17 +0000] "GET /images/favicon.ico HTTP/1.1" 200 3638 "-" "Mozilla/5.0 (Windows NT 10.0; Win64; x64) AppleWebKit/537.36 (KHTML, like Gecko) Chrome/95.0.4638.69 Safari/537.36"
::ffff:94.102.51.9 - - [13/Mar/2023:03:19:08 +0000] "GET / HTTP/1.0" 200 57378 "-" "masscan/1.3 (https://github.com/robertdavidgraham/masscan)"
::ffff:71.6.232.20 - - [13/Mar/2023:03:38:27 +0000] "GET / HTTP/1.1" 200 57378 "-" "Mozilla/5.0 (Windows NT 10.0; Win64; x64) AppleWebKit/537.36 (KHTML, like Gecko) Chrome/74.0.3729.131 Safari/537.36"
::ffff:98.234.10.166 - - [13/Mar/2023:03:39:23 +0000] "GET /images/dragon-trans.png HTTP/1.1" 304 - "http://wadokikai.org/resources" "Mozilla/5.0 (Windows NT 10.0; Win64; x64) AppleWebKit/537.36 (KHTML, like Gecko) Chrome/109.0.0.0 Safari/537.36"
::ffff:98.234.10.166 - - [13/Mar/2023:03:39:30 +0000] "GET /images/dragon-trans.png HTTP/1.1" 200 85661 "http://wadokikai.org/resources" "Mozilla/5.0 (Windows NT 10.0; Win64; x64) AppleWebKit/537.36 (KHTML, like Gecko) Chrome/109.0.0.0 Safari/537.36"
::ffff:66.249.79.172 - - [13/Mar/2023:03:40:07 +0000] "GET /robots.txt HTTP/1.1" 404 149 "-" "Mozilla/5.0 (compatible; Googlebot/2.1; +http://www.google.com/bot.html)"
::ffff:66.249.79.172 - - [13/Mar/2023:03:40:07 +0000] "GET /ads.txt HTTP/1.1" 404 146 "-" "Mozilla/5.0 (compatible; Googlebot/2.1; +http://www.google.com/bot.html)"
::ffff:54.234.199.106 - - [13/Mar/2023:03:49:47 +0000] "GET / HTTP/1.1" 200 57378 "-" "Mozilla/5.0 (Windows NT 6.2;en-US) AppleWebKit/537.32.36 (KHTML, live Gecko) Chrome/53.0.3012.66 Safari/537.32"
::ffff:117.214.210.96 - - [13/Mar/2023:04:16:16 +0000] "GET /boaform/admin/formLogin?username=adminisp&psd=adminisp HTTP/1.0" 404 162 "-" "-"
::ffff:95.214.235.205 - - [13/Mar/2023:04:18:16 +0000] "GET /.env HTTP/1.1" 404 143 "-" "Mozilla/5.0 (X11; Linux x86_64) AppleWebKit/537.36 (KHTML, like Gecko) Chrome/81.0.4044.129 Safari/537.36"
::ffff:95.214.235.205 - - [13/Mar/2023:04:18:19 +0000] "POST / HTTP/1.1" 404 140 "-" "Mozilla/5.0 (X11; Linux x86_64) AppleWebKit/537.36 (KHTML, like Gecko) Chrome/81.0.4044.129 Safari/537.36"
::ffff:64.132.12.5 - - [13/Mar/2023:04:21:44 +0000] "GET / HTTP/1.1" 200 57378 "-" "Mozilla/5.0 (Windows NT 10.0; WOW64) AppleWebKit/537.36 (KHTML, like Gecko) Chrome/51.0.2704.103 Safari/537.36"
::ffff:14.116.150.68 - - [13/Mar/2023:04:29:08 +0000] "GET / HTTP/1.1" 200 57378 "-" "Mozilla/5.0 (iPhone; CPU iPhone OS 13_2_3 like Mac OS X) AppleWebKit/605.1.15 (KHTML, like Gecko) Version/13.0.3 Mobile/15E148 Safari/604.1"
::ffff:135.125.246.189 - - [13/Mar/2023:04:34:09 +0000] "GET /.env HTTP/1.1" 404 143 "-" "Mozilla/5.0 (X11; Linux x86_64) AppleWebKit/537.36 (KHTML, like Gecko) Chrome/81.0.4044.129 Safari/537.36"
::ffff:135.125.246.189 - - [13/Mar/2023:04:34:09 +0000] "POST / HTTP/1.1" 404 140 "-" "Mozilla/5.0 (X11; Linux x86_64) AppleWebKit/537.36 (KHTML, like Gecko) Chrome/81.0.4044.129 Safari/537.36"
::ffff:51.222.253.2 - - [13/Mar/2023:04:37:42 +0000] "GET /contact?s=1&ss=4 HTTP/1.1" 200 9997 "-" "Mozilla/5.0 (compatible; AhrefsBot/7.0; +http://ahrefs.com/robot/)"
::ffff:198.235.24.144 - - [13/Mar/2023:04:54:59 +0000] "GET / HTTP/1.1" 200 57378 "-" "Expanse, a Palo Alto Networks company, searches across the global IPv4 space multiple times per day to identify customers&#39; presences on the Internet. If you would like to be excluded from our scans, please send IP addresses/domains to: scaninfo@paloaltonetworks.com"
::ffff:198.235.24.31 - - [13/Mar/2023:04:59:05 +0000] "GET / HTTP/1.1" 200 57378 "-" "Expanse, a Palo Alto Networks company, searches across the global IPv4 space multiple times per day to identify customers&#39; presences on the Internet. If you would like to be excluded from our scans, please send IP addresses/domains to: scaninfo@paloaltonetworks.com"
::ffff:193.32.162.159 - - [13/Mar/2023:05:01:29 +0000] "GET / HTTP/1.1" 200 57378 "-" "Mozilla/5.0 (Windows NT 10.0; Win64; x64) AppleWebKit/537.36 (KHTML, like Gecko) Chrome/90.0.4430.85 Safari/537.36 Edg/90.0.818.46"
::ffff:193.32.162.159 - - [13/Mar/2023:05:01:34 +0000] "GET /dispatch.asp HTTP/1.1" 404 151 "-" "Mozilla/5.0 (Windows NT 10.0; Win64; x64) AppleWebKit/537.36 (KHTML, like Gecko) Chrome/90.0.4430.85 Safari/537.36 Edg/90.0.818.46"
::ffff:94.182.27.1 - - [13/Mar/2023:05:08:03 +0000] "GET / HTTP/1.1" 200 57378 "-" "Mozilla/5.0 (Windows NT 10.0; WOW64) AppleWebKit/537.36 (KHTML, like Gecko) Chrome/51.0.2704.103 Safari/537.36"
::ffff:135.125.218.67 - - [13/Mar/2023:05:16:02 +0000] "GET /.env HTTP/1.1" 404 143 "-" "Mozilla/5.0 (X11; Linux x86_64) AppleWebKit/537.36 (KHTML, like Gecko) Chrome/81.0.4044.129 Safari/537.36"
::ffff:135.125.218.67 - - [13/Mar/2023:05:16:02 +0000] "POST / HTTP/1.1" 404 140 "-" "Mozilla/5.0 (X11; Linux x86_64) AppleWebKit/537.36 (KHTML, like Gecko) Chrome/81.0.4044.129 Safari/537.36"
::ffff:17.241.75.25 - - [13/Mar/2023:05:21:34 +0000] "GET / HTTP/1.1" 200 57378 "-" "Mozilla/5.0 (Macintosh; Intel Mac OS X 10_15_5) AppleWebKit/605.1.15 (KHTML, like Gecko) Version/13.1.1 Safari/605.1.15 (Applebot/0.1; +http://www.apple.com/go/applebot)"
::ffff:52.167.144.133 - - [13/Mar/2023:05:21:36 +0000] "GET /robots.txt HTTP/1.1" 404 149 "-" "Mozilla/5.0 AppleWebKit/537.36 (KHTML, like Gecko; compatible; bingbot/2.0; +http://www.bing.com/bingbot.htm) Chrome/103.0.5060.134 Safari/537.36"
::ffff:52.167.144.133 - - [13/Mar/2023:05:21:36 +0000] "GET /robots.txt HTTP/1.1" 404 149 "-" "Mozilla/5.0 AppleWebKit/537.36 (KHTML, like Gecko; compatible; bingbot/2.0; +http://www.bing.com/bingbot.htm) Chrome/103.0.5060.134 Safari/537.36"
::ffff:40.77.167.250 - - [13/Mar/2023:05:21:47 +0000] "GET / HTTP/1.1" 200 57378 "-" "Mozilla/5.0 AppleWebKit/537.36 (KHTML, like Gecko; compatible; bingbot/2.0; +http://www.bing.com/bingbot.htm) Chrome/103.0.5060.134 Safari/537.36"
::ffff:43.155.118.219 - - [13/Mar/2023:05:46:40 +0000] "HEAD /Core/Skin/Login.aspx HTTP/1.1" 404 160 "-" "Mozilla/5.0 (Windows NT 10.0; Win64; x64) AppleWebKit/537.36 (KHTML, like Gecko) Chrome/106.0.0.0 Safari/537.36"
::ffff:95.214.235.205 - - [13/Mar/2023:06:02:03 +0000] "GET /.env HTTP/1.1" 404 143 "-" "Mozilla/5.0 (X11; Linux x86_64) AppleWebKit/537.36 (KHTML, like Gecko) Chrome/81.0.4044.129 Safari/537.36"
::ffff:95.214.235.205 - - [13/Mar/2023:06:02:04 +0000] "POST / HTTP/1.1" 404 140 "-" "Mozilla/5.0 (X11; Linux x86_64) AppleWebKit/537.36 (KHTML, like Gecko) Chrome/81.0.4044.129 Safari/537.36"
::ffff:135.125.246.189 - - [13/Mar/2023:06:03:22 +0000] "GET /.env HTTP/1.1" 404 143 "-" "Mozilla/5.0 (X11; Linux x86_64) AppleWebKit/537.36 (KHTML, like Gecko) Chrome/81.0.4044.129 Safari/537.36"
::ffff:135.125.246.189 - - [13/Mar/2023:06:03:23 +0000] "POST / HTTP/1.1" 404 140 "-" "Mozilla/5.0 (X11; Linux x86_64) AppleWebKit/537.36 (KHTML, like Gecko) Chrome/81.0.4044.129 Safari/537.36"
::ffff:54.198.229.33 - - [13/Mar/2023:06:16:35 +0000] "GET /.env HTTP/1.1" 404 143 "-" "python-requests/2.27.1"
::ffff:54.198.229.33 - - [13/Mar/2023:06:16:36 +0000] "POST / HTTP/1.1" 404 140 "-" "url"
::ffff:54.198.229.33 - - [13/Mar/2023:06:16:36 +0000] "POST /core/.env HTTP/1.1" 404 149 "-" "url"
::ffff:54.198.229.33 - - [13/Mar/2023:06:16:36 +0000] "GET /core/.env HTTP/1.1" 404 148 "-" "python-requests/2.27.1"
::ffff:54.198.229.33 - - [13/Mar/2023:06:16:37 +0000] "POST / HTTP/1.1" 404 140 "-" "url"
::ffff:54.198.229.33 - - [13/Mar/2023:06:16:37 +0000] "POST /core/.env HTTP/1.1" 404 149 "-" "url"
::ffff:198.199.107.114 - - [13/Mar/2023:06:26:04 +0000] "GET /actuator/health HTTP/1.1" 404 154 "-" "Mozilla/5.0 zgrab/0.x"
::ffff:66.249.72.184 - - [13/Mar/2023:06:52:30 +0000] "GET /docs/Bushido-code.pdf HTTP/1.1" 304 - "-" "Mozilla/5.0 (Linux; Android 6.0.1; Nexus 5X Build/MMB29P) AppleWebKit/537.36 (KHTML, like Gecko) Chrome/110.0.5481.177 Mobile Safari/537.36 (compatible; Googlebot/2.1; +http://www.google.com/bot.html)"
::ffff:192.241.239.23 - - [13/Mar/2023:06:54:49 +0000] "GET /hudson HTTP/1.1" 404 145 "-" "Mozilla/5.0 zgrab/0.x"
::ffff:43.155.118.219 - - [13/Mar/2023:07:07:22 +0000] "HEAD /Core/Skin/Login.aspx HTTP/1.1" 404 160 "-" "Mozilla/5.0 (Windows NT 10.0; Win64; x64) AppleWebKit/537.36 (KHTML, like Gecko) Chrome/106.0.0.0 Safari/537.36"
::ffff:192.241.223.18 - - [13/Mar/2023:07:08:38 +0000] "GET /owa/auth/logon.aspx?url=https%3a%2f%2f1%2fecp%2f HTTP/1.1" 404 158 "-" "Mozilla/5.0 zgrab/0.x"
::ffff:135.125.246.189 - - [13/Mar/2023:07:21:40 +0000] "GET /.env HTTP/1.1" 404 143 "-" "Mozilla/5.0 (X11; Linux x86_64) AppleWebKit/537.36 (KHTML, like Gecko) Chrome/81.0.4044.129 Safari/537.36"
::ffff:135.125.246.189 - - [13/Mar/2023:07:21:40 +0000] "POST / HTTP/1.1" 404 140 "-" "Mozilla/5.0 (X11; Linux x86_64) AppleWebKit/537.36 (KHTML, like Gecko) Chrome/81.0.4044.129 Safari/537.36"
::ffff:52.27.236.62 - - [13/Mar/2023:07:22:30 +0000] "GET /.env HTTP/1.1" 404 143 "-" "Mozilla/5.0 (X11; Linux x86_64) AppleWebKit/537.36 (KHTML, like Gecko) Chrome/81.0.4044.129 Safari/537.36"
::ffff:52.27.236.62 - - [13/Mar/2023:07:22:30 +0000] "POST /.env HTTP/1.1" 404 144 "-" "Mozilla/5.0 (X11; Linux x86_64) AppleWebKit/537.36 (KHTML, like Gecko) Chrome/81.0.4044.129 Safari/537.36"
::ffff:91.236.239.72 - - [13/Mar/2023:07:31:37 +0000] "HEAD / HTTP/1.1" 200 57378 "-" "Mozilla/5.0 (Linux; U; Android 4.4.2; en-US; HM NOTE 1W Build/KOT49H) AppleWebKit/534.30 (KHTML, like Gecko) Version/4.0 UCBrowser/11.0.5.850 U3/0.8.0 Mobile Safari/534.30"
::ffff:91.236.239.72 - - [13/Mar/2023:07:31:37 +0000] "GET /.env HTTP/1.1" 404 143 "-" "Mozilla/5.0 (Linux; U; Android 4.4.2; en-US; HM NOTE 1W Build/KOT49H) AppleWebKit/534.30 (KHTML, like Gecko) Version/4.0 UCBrowser/11.0.5.850 U3/0.8.0 Mobile Safari/534.30"
::ffff:91.236.239.72 - - [13/Mar/2023:07:31:38 +0000] "POST / HTTP/1.1" 404 140 "-" "Mozilla/5.0 (Linux; U; Android 4.4.2; en-US; HM NOTE 1W Build/KOT49H) AppleWebKit/534.30 (KHTML, like Gecko) Version/4.0 UCBrowser/11.0.5.850 U3/0.8.0 Mobile Safari/534.30"
::ffff:91.236.239.72 - - [13/Mar/2023:07:31:38 +0000] "GET /.env HTTP/1.1" 404 143 "-" "Mozilla/5.0 (Linux; U; Android 4.4.2; en-US; HM NOTE 1W Build/KOT49H) AppleWebKit/534.30 (KHTML, like Gecko) Version/4.0 UCBrowser/11.0.5.850 U3/0.8.0 Mobile Safari/534.30"
::ffff:91.236.239.72 - - [13/Mar/2023:07:31:39 +0000] "POST / HTTP/1.1" 404 140 "-" "Mozilla/5.0 (Linux; U; Android 4.4.2; en-US; HM NOTE 1W Build/KOT49H) AppleWebKit/534.30 (KHTML, like Gecko) Version/4.0 UCBrowser/11.0.5.850 U3/0.8.0 Mobile Safari/534.30"
::ffff:91.236.239.72 - - [13/Mar/2023:07:31:43 +0000] "GET /.env HTTP/1.1" 404 143 "-" "Mozilla/5.0 (Linux; U; Android 4.4.2; en-US; HM NOTE 1W Build/KOT49H) AppleWebKit/534.30 (KHTML, like Gecko) Version/4.0 UCBrowser/11.0.5.850 U3/0.8.0 Mobile Safari/534.30"
::ffff:91.236.239.72 - - [13/Mar/2023:07:31:43 +0000] "POST / HTTP/1.1" 404 140 "-" "Mozilla/5.0 (Linux; U; Android 4.4.2; en-US; HM NOTE 1W Build/KOT49H) AppleWebKit/534.30 (KHTML, like Gecko) Version/4.0 UCBrowser/11.0.5.850 U3/0.8.0 Mobile Safari/534.30"
::ffff:130.211.54.158 - - [13/Mar/2023:07:34:14 +0000] "GET / HTTP/1.1" 200 57378 "-" "python-requests/2.28.2"
::ffff:135.125.218.67 - - [13/Mar/2023:07:35:21 +0000] "GET /.env HTTP/1.1" 404 143 "-" "Mozilla/5.0 (X11; Linux x86_64) AppleWebKit/537.36 (KHTML, like Gecko) Chrome/81.0.4044.129 Safari/537.36"
::ffff:135.125.218.67 - - [13/Mar/2023:07:35:22 +0000] "POST / HTTP/1.1" 404 140 "-" "Mozilla/5.0 (X11; Linux x86_64) AppleWebKit/537.36 (KHTML, like Gecko) Chrome/81.0.4044.129 Safari/537.36"
::ffff:54.165.133.134 - - [13/Mar/2023:07:39:07 +0000] "GET /.git/HEAD HTTP/1.1" 404 148 "-" "Python-urllib/3.9"
::ffff:95.214.235.205 - - [13/Mar/2023:07:43:40 +0000] "GET /.env HTTP/1.1" 404 143 "-" "Mozilla/5.0 (X11; Linux x86_64) AppleWebKit/537.36 (KHTML, like Gecko) Chrome/81.0.4044.129 Safari/537.36"
::ffff:95.214.235.205 - - [13/Mar/2023:07:43:40 +0000] "POST / HTTP/1.1" 404 140 "-" "Mozilla/5.0 (X11; Linux x86_64) AppleWebKit/537.36 (KHTML, like Gecko) Chrome/81.0.4044.129 Safari/537.36"
::ffff:198.199.106.198 - - [13/Mar/2023:07:47:35 +0000] "GET / HTTP/1.1" 200 57378 "-" "Mozilla/5.0 zgrab/0.x"
::ffff:45.134.140.161 - - [13/Mar/2023:07:55:28 +0000] "GET /apis/apps/v1/namespaces/kube-system/daemonsets HTTP/1.1" 404 185 "-" "Mozilla/5.0 (X11; Linux x86_64) AppleWebKit/537.36 (KHTML, like Gecko) Chrome/107.0.0.0 Safari/537.36"
::ffff:162.243.130.23 - - [13/Mar/2023:08:00:19 +0000] "GET / HTTP/1.1" 200 57378 "-" "Mozilla/5.0 zgrab/0.x"
::ffff:193.32.162.159 - - [13/Mar/2023:08:02:14 +0000] "GET / HTTP/1.1" 200 57378 "-" "Mozilla/5.0 (Windows NT 10.0; Win64; x64) AppleWebKit/537.36 (KHTML, like Gecko) Chrome/90.0.4430.85 Safari/537.36 Edg/90.0.818.46"
::ffff:193.32.162.159 - - [13/Mar/2023:08:02:19 +0000] "GET /dispatch.asp HTTP/1.1" 404 151 "-" "Mozilla/5.0 (Windows NT 10.0; Win64; x64) AppleWebKit/537.36 (KHTML, like Gecko) Chrome/90.0.4430.85 Safari/537.36 Edg/90.0.818.46"
::ffff:52.27.236.62 - - [13/Mar/2023:08:19:51 +0000] "GET /.env HTTP/1.1" 404 143 "-" "Mozilla/5.0 (X11; Linux x86_64) AppleWebKit/537.36 (KHTML, like Gecko) Chrome/81.0.4044.129 Safari/537.36"
::ffff:52.27.236.62 - - [13/Mar/2023:08:19:51 +0000] "POST /.env HTTP/1.1" 404 144 "-" "Mozilla/5.0 (X11; Linux x86_64) AppleWebKit/537.36 (KHTML, like Gecko) Chrome/81.0.4044.129 Safari/537.36"
::ffff:43.155.118.219 - - [13/Mar/2023:08:28:59 +0000] "HEAD /Core/Skin/Login.aspx HTTP/1.1" 404 160 "-" "Mozilla/5.0 (Windows NT 10.0; Win64; x64) AppleWebKit/537.36 (KHTML, like Gecko) Chrome/106.0.0.0 Safari/537.36"
::ffff:52.27.236.62 - - [13/Mar/2023:08:37:15 +0000] "GET /.env HTTP/1.1" 404 143 "-" "Mozilla/5.0 (X11; Linux x86_64) AppleWebKit/537.36 (KHTML, like Gecko) Chrome/81.0.4044.129 Safari/537.36"
::ffff:52.27.236.62 - - [13/Mar/2023:08:37:15 +0000] "POST /.env HTTP/1.1" 404 144 "-" "Mozilla/5.0 (X11; Linux x86_64) AppleWebKit/537.36 (KHTML, like Gecko) Chrome/81.0.4044.129 Safari/537.36"
::ffff:66.249.72.187 - - [13/Mar/2023:09:02:40 +0000] "GET /docs/Bushido-code.pdf HTTP/1.1" 304 - "-" "Mozilla/5.0 (Linux; Android 6.0.1; Nexus 5X Build/MMB29P) AppleWebKit/537.36 (KHTML, like Gecko) Chrome/110.0.5481.177 Mobile Safari/537.36 (compatible; Googlebot/2.1; +http://www.google.com/bot.html)"
::ffff:95.214.235.205 - - [13/Mar/2023:09:09:04 +0000] "GET /.env HTTP/1.1" 404 143 "-" "Mozilla/5.0 (X11; Linux x86_64) AppleWebKit/537.36 (KHTML, like Gecko) Chrome/81.0.4044.129 Safari/537.36"
::ffff:95.214.235.205 - - [13/Mar/2023:09:09:05 +0000] "POST / HTTP/1.1" 404 140 "-" "Mozilla/5.0 (X11; Linux x86_64) AppleWebKit/537.36 (KHTML, like Gecko) Chrome/81.0.4044.129 Safari/537.36"
::ffff:207.46.13.219 - - [13/Mar/2023:09:13:17 +0000] "GET / HTTP/1.1" 200 57378 "-" "Mozilla/5.0 AppleWebKit/537.36 (KHTML, like Gecko; compatible; bingbot/2.0; +http://www.bing.com/bingbot.htm) Chrome/103.0.5060.134 Safari/537.36"
::ffff:223.240.99.104 - - [13/Mar/2023:09:29:10 +0000] "GET / HTTP/1.1" 200 57378 "-" "Mozilla/5.0 (iPhone; CPU iPhone OS 13_2_3 like Mac OS X) AppleWebKit/605.1.15 (KHTML, like Gecko) Version/13.0.3 Mobile/15E148 Safari/604.1"
::ffff:14.29.200.97 - - [13/Mar/2023:09:37:15 +0000] "GET / HTTP/1.1" 200 57378 "-" "Mozilla/5.0 (iPhone; CPU iPhone OS 13_2_3 like Mac OS X) AppleWebKit/605.1.15 (KHTML, like Gecko) Version/13.0.3 Mobile/15E148 Safari/604.1"
::ffff:107.170.252.8 - - [13/Mar/2023:09:38:14 +0000] "GET /owa/auth/logon.aspx HTTP/1.1" 404 158 "-" "Mozilla/5.0 zgrab/0.x"
::ffff:162.243.136.25 - - [13/Mar/2023:09:40:45 +0000] "GET /ecp/Current/exporttool/microsoft.exchange.ediscovery.exporttool.application HTTP/1.1" 404 214 "-" "Mozilla/5.0 zgrab/0.x"
::ffff:192.241.211.44 - - [13/Mar/2023:09:41:41 +0000] "GET /owa/auth/x.js HTTP/1.1" 404 152 "-" "Mozilla/5.0 zgrab/0.x"
::ffff:54.165.133.134 - - [13/Mar/2023:09:41:47 +0000] "GET /.git/HEAD HTTP/1.1" 404 148 "-" "Python-urllib/3.9"
::ffff:74.82.47.3 - - [13/Mar/2023:09:45:09 +0000] "GET / HTTP/1.1" 200 57378 "-" "Mozilla/5.0 (X11; Linux x86_64; rv:108.0) Gecko/20100101 Firefox/108.0"
::ffff:193.32.162.159 - - [13/Mar/2023:09:46:08 +0000] "GET / HTTP/1.1" 200 57378 "-" "Mozilla/5.0 (Windows NT 10.0; Win64; x64) AppleWebKit/537.36 (KHTML, like Gecko) Chrome/90.0.4430.85 Safari/537.36 Edg/90.0.818.46"
::ffff:193.32.162.159 - - [13/Mar/2023:09:46:14 +0000] "GET /dispatch.asp HTTP/1.1" 404 151 "-" "Mozilla/5.0 (Windows NT 10.0; Win64; x64) AppleWebKit/537.36 (KHTML, like Gecko) Chrome/90.0.4430.85 Safari/537.36 Edg/90.0.818.46"
::ffff:74.82.47.3 - - [13/Mar/2023:09:47:12 +0000] "GET /favicon.ico HTTP/1.1" 404 150 "-" "Mozilla/5.0 (Windows NT 10.0; Win64; x64; rv:109.0) Gecko/20100101 Firefox/110.0"
::ffff:74.82.47.3 - - [13/Mar/2023:09:49:08 +0000] "GET /geoserver/web/ HTTP/1.1" 404 153 "-" "Mozilla/5.0 (X11; Linux x86_64; rv:108.0) Gecko/20100101 Firefox/108.0"
::ffff:43.155.118.219 - - [13/Mar/2023:09:51:07 +0000] "HEAD /Core/Skin/Login.aspx HTTP/1.1" 404 160 "-" "Mozilla/5.0 (Windows NT 10.0; Win64; x64) AppleWebKit/537.36 (KHTML, like Gecko) Chrome/106.0.0.0 Safari/537.36"
::ffff:34.78.6.216 - - [13/Mar/2023:09:51:49 +0000] "GET / HTTP/1.1" 200 57378 "-" "python-requests/2.28.2"
::ffff:135.125.246.189 - - [13/Mar/2023:10:02:14 +0000] "GET /.env HTTP/1.1" 404 143 "-" "Mozilla/5.0 (X11; Linux x86_64) AppleWebKit/537.36 (KHTML, like Gecko) Chrome/81.0.4044.129 Safari/537.36"
::ffff:135.125.246.189 - - [13/Mar/2023:10:02:14 +0000] "POST / HTTP/1.1" 404 140 "-" "Mozilla/5.0 (X11; Linux x86_64) AppleWebKit/537.36 (KHTML, like Gecko) Chrome/81.0.4044.129 Safari/537.36"
::ffff:118.190.210.243 - - [13/Mar/2023:10:17:13 +0000] "GET /contact.html HTTP/1.1" 404 151 "-" "Mozilla/5.0 (Windows NT 6.1; WOW64) AppleWebKit/537.36 (KHTML, like Gecko) Chrome/49.0.2623.221 Safari/537.36 SE 2.X MetaSr 1.0"
::ffff:135.181.79.61 - - [13/Mar/2023:10:19:48 +0000] "GET /robots.txt HTTP/1.1" 404 149 "-" "Mozilla/5.0 (compatible; SeekportBot; +https://bot.seekport.com)"
::ffff:135.181.79.61 - - [13/Mar/2023:10:19:48 +0000] "GET /robots.txt HTTP/1.1" 404 149 "-" "Mozilla/5.0 (compatible; SeekportBot; +https://bot.seekport.com)"
::ffff:135.181.79.61 - - [13/Mar/2023:10:19:49 +0000] "GET / HTTP/1.1" 200 57378 "-" "Mozilla/5.0 (compatible; SeekportBot; +https://bot.seekport.com)"
::ffff:135.181.79.61 - - [13/Mar/2023:10:19:51 +0000] "GET / HTTP/1.1" 200 57378 "http://www.wadokikai.org/" "Mozilla/5.0 (compatible; SeekportBot; +https://bot.seekport.com)"
::ffff:135.181.79.61 - - [13/Mar/2023:10:19:52 +0000] "GET /events HTTP/1.1" 200 5867 "http://www.wadokikai.org/" "Mozilla/5.0 (compatible; SeekportBot; +https://bot.seekport.com)"
::ffff:135.181.79.61 - - [13/Mar/2023:10:19:55 +0000] "GET /resources HTTP/1.1" 200 194907 "http://www.wadokikai.org/" "Mozilla/5.0 (compatible; SeekportBot; +https://bot.seekport.com)"
::ffff:135.181.79.61 - - [13/Mar/2023:10:19:55 +0000] "GET /schools HTTP/1.1" 200 97308 "http://www.wadokikai.org/" "Mozilla/5.0 (compatible; SeekportBot; +https://bot.seekport.com)"
::ffff:135.181.79.61 - - [13/Mar/2023:10:19:57 +0000] "GET /contact HTTP/1.1" 200 10017 "http://www.wadokikai.org/" "Mozilla/5.0 (compatible; SeekportBot; +https://bot.seekport.com)"
::ffff:135.181.79.61 - - [13/Mar/2023:10:20:01 +0000] "GET /contact?s=1&ss=0 HTTP/1.1" 200 9997 "http://www.wadokikai.org/" "Mozilla/5.0 (compatible; SeekportBot; +https://bot.seekport.com)"
::ffff:135.181.79.61 - - [13/Mar/2023:10:20:01 +0000] "GET /contact?s=1&ss=1 HTTP/1.1" 200 9997 "http://www.wadokikai.org/" "Mozilla/5.0 (compatible; SeekportBot; +https://bot.seekport.com)"
::ffff:135.181.79.61 - - [13/Mar/2023:10:20:04 +0000] "GET /contact?s=1&ss=2 HTTP/1.1" 200 9997 "http://www.wadokikai.org/" "Mozilla/5.0 (compatible; SeekportBot; +https://bot.seekport.com)"
::ffff:135.181.79.61 - - [13/Mar/2023:10:20:06 +0000] "GET /contact?s=1&ss=3 HTTP/1.1" 200 9997 "http://www.wadokikai.org/" "Mozilla/5.0 (compatible; SeekportBot; +https://bot.seekport.com)"
::ffff:135.181.79.61 - - [13/Mar/2023:10:20:08 +0000] "GET /contact?s=1&ss=4 HTTP/1.1" 200 9997 "http://www.wadokikai.org/" "Mozilla/5.0 (compatible; SeekportBot; +https://bot.seekport.com)"
::ffff:135.181.79.61 - - [13/Mar/2023:10:20:08 +0000] "GET /contact?s=1&ss=5 HTTP/1.1" 200 9997 "http://www.wadokikai.org/" "Mozilla/5.0 (compatible; SeekportBot; +https://bot.seekport.com)"
::ffff:135.181.79.61 - - [13/Mar/2023:10:20:10 +0000] "GET /contact?s=1&ss=6 HTTP/1.1" 200 9997 "http://www.wadokikai.org/" "Mozilla/5.0 (compatible; SeekportBot; +https://bot.seekport.com)"
::ffff:135.181.79.61 - - [13/Mar/2023:10:20:11 +0000] "GET /contact?s=1&ss=7 HTTP/1.1" 200 9997 "http://www.wadokikai.org/" "Mozilla/5.0 (compatible; SeekportBot; +https://bot.seekport.com)"
::ffff:135.181.79.61 - - [13/Mar/2023:10:20:12 +0000] "GET /contact?s=1&ss=8 HTTP/1.1" 200 9997 "http://www.wadokikai.org/" "Mozilla/5.0 (compatible; SeekportBot; +https://bot.seekport.com)"
::ffff:135.181.79.61 - - [13/Mar/2023:10:20:14 +0000] "GET /contact?s=1&ss=9 HTTP/1.1" 200 9997 "http://www.wadokikai.org/" "Mozilla/5.0 (compatible; SeekportBot; +https://bot.seekport.com)"
::ffff:135.181.79.61 - - [13/Mar/2023:10:20:15 +0000] "GET /contact?s=1&ss=10 HTTP/1.1" 200 9997 "http://www.wadokikai.org/" "Mozilla/5.0 (compatible; SeekportBot; +https://bot.seekport.com)"
::ffff:135.181.79.61 - - [13/Mar/2023:10:20:17 +0000] "GET /contact?s=1&ss=11 HTTP/1.1" 200 9997 "http://www.wadokikai.org/" "Mozilla/5.0 (compatible; SeekportBot; +https://bot.seekport.com)"
::ffff:95.214.235.205 - - [13/Mar/2023:10:23:52 +0000] "GET /.env HTTP/1.1" 404 143 "-" "Mozilla/5.0 (X11; Linux x86_64) AppleWebKit/537.36 (KHTML, like Gecko) Chrome/81.0.4044.129 Safari/537.36"
::ffff:95.214.235.205 - - [13/Mar/2023:10:23:53 +0000] "POST / HTTP/1.1" 404 140 "-" "Mozilla/5.0 (X11; Linux x86_64) AppleWebKit/537.36 (KHTML, like Gecko) Chrome/81.0.4044.129 Safari/537.36"
::ffff:40.77.167.250 - - [13/Mar/2023:10:30:46 +0000] "GET / HTTP/1.1" 200 57378 "-" "Mozilla/5.0 AppleWebKit/537.36 (KHTML, like Gecko; compatible; bingbot/2.0; +http://www.bing.com/bingbot.htm) Chrome/103.0.5060.134 Safari/537.36"
::ffff:193.32.162.159 - - [13/Mar/2023:10:36:07 +0000] "GET / HTTP/1.1" 200 57378 "-" "Mozilla/5.0 (Windows NT 10.0; Win64; x64) AppleWebKit/537.36 (KHTML, like Gecko) Chrome/90.0.4430.85 Safari/537.36 Edg/90.0.818.46"
::ffff:193.32.162.159 - - [13/Mar/2023:10:36:12 +0000] "GET /dispatch.asp HTTP/1.1" 404 151 "-" "Mozilla/5.0 (Windows NT 10.0; Win64; x64) AppleWebKit/537.36 (KHTML, like Gecko) Chrome/90.0.4430.85 Safari/537.36 Edg/90.0.818.46"
::ffff:135.125.246.189 - - [13/Mar/2023:10:49:09 +0000] "GET /.env HTTP/1.1" 404 143 "-" "Mozilla/5.0 (X11; Linux x86_64) AppleWebKit/537.36 (KHTML, like Gecko) Chrome/81.0.4044.129 Safari/537.36"
::ffff:135.125.246.189 - - [13/Mar/2023:10:49:09 +0000] "POST / HTTP/1.1" 404 140 "-" "Mozilla/5.0 (X11; Linux x86_64) AppleWebKit/537.36 (KHTML, like Gecko) Chrome/81.0.4044.129 Safari/537.36"
::ffff:192.254.250.177 - - [13/Mar/2023:10:56:52 +0000] "GET /wordpress/ HTTP/1.1" 404 149 "-" "-"
::ffff:198.199.94.65 - - [13/Mar/2023:11:00:32 +0000] "GET /actuator/health HTTP/1.1" 404 154 "-" "Mozilla/5.0 zgrab/0.x"
::ffff:5.188.210.227 - - [13/Mar/2023:11:10:52 +0000] "GET http://5.188.210.227/echo.php HTTP/1.1" 404 147 "https://www.google.com/" "Mozilla/5.0 (Windows NT 6.1) AppleWebKit/537.36 (KHTML, like Gecko) Chrome/70.0.3538.77 Safari/537.36"
