::ffff:50.3.183.184 - - [25/May/2023:00:00:10 +0000] "GET / HTTP/1.1" 200 57394 "https://wadokikai.org/" "Mozilla/5.0 (Windows NT 10.0; Win64; x64) AppleWebKit/537.36 (KHTML, like Gecko) Chrome/103.0.0.0 Safari/537.36 Edg/103.0.1264.71"
::ffff:50.3.183.184 - - [25/May/2023:00:00:12 +0000] "GET /contact?s=1&ss=9 HTTP/1.1" 200 9997 "https://wadokikai.org/" "Mozilla/5.0 (Windows NT 10.0; Win64; x64) AppleWebKit/537.36 (KHTML, like Gecko) Chrome/103.0.0.0 Safari/537.36 Edg/103.0.1264.71"
::ffff:185.224.76.200 - - [25/May/2023:00:06:01 +0000] "GET / HTTP/1.1" 200 57394 "-" "Mozilla/5.0 (Windows NT 10.0; WOW64) AppleWebKit/537.36 (KHTML, like Gecko) Chrome/51.0.2704.103 Safari/537.36"
::ffff:51.222.253.9 - - [25/May/2023:00:09:04 +0000] "GET /contact?s=1&ss=0 HTTP/1.1" 200 9997 "-" "Mozilla/5.0 (compatible; AhrefsBot/7.0; +http://ahrefs.com/robot/)"
::ffff:73.162.254.193 - - [25/May/2023:00:13:26 +0000] "GET /images/tiger.bmp HTTP/1.1" 304 - "https://www.wadokikai.org/resources" "Mozilla/5.0 (iPhone; CPU iPhone OS 16_4_1 like Mac OS X) AppleWebKit/605.1.15 (KHTML, like Gecko) Version/16.4 Mobile/15E148 Safari/604.1"
::ffff:73.162.254.193 - - [25/May/2023:00:13:34 +0000] "GET /images/tiger.bmp HTTP/1.1" 304 - "https://www.wadokikai.org/resources" "Mozilla/5.0 (iPhone; CPU iPhone OS 16_4_1 like Mac OS X) AppleWebKit/605.1.15 (KHTML, like Gecko) Version/16.4 Mobile/15E148 Safari/604.1"
::ffff:104.215.114.2 - - [25/May/2023:00:22:13 +0000] "GET /.env HTTP/1.1" 404 143 "-" "Mozilla/5.0 (X11; Linux x86_64) AppleWebKit/537.36 (KHTML, like Gecko) Chrome/81.0.4044.129 Safari/537.36"
::ffff:104.215.114.2 - - [25/May/2023:00:22:13 +0000] "POST / HTTP/1.1" 404 140 "-" "Mozilla/5.0 (X11; Linux x86_64) AppleWebKit/537.36 (KHTML, like Gecko) Chrome/81.0.4044.129 Safari/537.36"
::ffff:73.202.42.162 - - [25/May/2023:00:24:59 +0000] "GET / HTTP/1.1" 200 57394 "-" "Mozilla/5.0 (iPhone; CPU iPhone OS 16_3_1 like Mac OS X) AppleWebKit/605.1.15 (KHTML, like Gecko) Version/16.3 Mobile/15E148 Safari/604.1"
::ffff:73.202.42.162 - - [25/May/2023:00:24:59 +0000] "GET /css/wadokikai.css HTTP/1.1" 304 - "http://wadokikai.org/" "Mozilla/5.0 (iPhone; CPU iPhone OS 16_3_1 like Mac OS X) AppleWebKit/605.1.15 (KHTML, like Gecko) Version/16.3 Mobile/15E148 Safari/604.1"
::ffff:73.202.42.162 - - [25/May/2023:00:24:59 +0000] "GET /images/wkkpatch22_med.png HTTP/1.1" 304 - "http://wadokikai.org/" "Mozilla/5.0 (iPhone; CPU iPhone OS 16_3_1 like Mac OS X) AppleWebKit/605.1.15 (KHTML, like Gecko) Version/16.3 Mobile/15E148 Safari/604.1"
::ffff:73.202.42.162 - - [25/May/2023:00:24:59 +0000] "GET /images/schools/alamedakaratedomap.jpg HTTP/1.1" 304 - "http://wadokikai.org/" "Mozilla/5.0 (iPhone; CPU iPhone OS 16_3_1 like Mac OS X) AppleWebKit/605.1.15 (KHTML, like Gecko) Version/16.3 Mobile/15E148 Safari/604.1"
::ffff:73.202.42.162 - - [25/May/2023:00:24:59 +0000] "GET /js/common.js HTTP/1.1" 304 - "http://wadokikai.org/" "Mozilla/5.0 (iPhone; CPU iPhone OS 16_3_1 like Mac OS X) AppleWebKit/605.1.15 (KHTML, like Gecko) Version/16.3 Mobile/15E148 Safari/604.1"
::ffff:73.202.42.162 - - [25/May/2023:00:25:00 +0000] "GET /images/schools/orindakaratedomap.jpg HTTP/1.1" 304 - "http://wadokikai.org/" "Mozilla/5.0 (iPhone; CPU iPhone OS 16_3_1 like Mac OS X) AppleWebKit/605.1.15 (KHTML, like Gecko) Version/16.3 Mobile/15E148 Safari/604.1"
::ffff:73.202.42.162 - - [25/May/2023:00:25:00 +0000] "GET /images/schools/dcakaratedomap.jpg HTTP/1.1" 304 - "http://wadokikai.org/" "Mozilla/5.0 (iPhone; CPU iPhone OS 16_3_1 like Mac OS X) AppleWebKit/605.1.15 (KHTML, like Gecko) Version/16.3 Mobile/15E148 Safari/604.1"
::ffff:73.202.42.162 - - [25/May/2023:00:25:00 +0000] "GET /images/schools/corpuzkaratedomap.jpg HTTP/1.1" 304 - "http://wadokikai.org/" "Mozilla/5.0 (iPhone; CPU iPhone OS 16_3_1 like Mac OS X) AppleWebKit/605.1.15 (KHTML, like Gecko) Version/16.3 Mobile/15E148 Safari/604.1"
::ffff:73.202.42.162 - - [25/May/2023:00:25:00 +0000] "GET /images/schools/harborbaykaratedomap.jpg HTTP/1.1" 304 - "http://wadokikai.org/" "Mozilla/5.0 (iPhone; CPU iPhone OS 16_3_1 like Mac OS X) AppleWebKit/605.1.15 (KHTML, like Gecko) Version/16.3 Mobile/15E148 Safari/604.1"
::ffff:73.202.42.162 - - [25/May/2023:00:25:00 +0000] "GET /images/schools/nunleykaratedomap.jpg HTTP/1.1" 304 - "http://wadokikai.org/" "Mozilla/5.0 (iPhone; CPU iPhone OS 16_3_1 like Mac OS X) AppleWebKit/605.1.15 (KHTML, like Gecko) Version/16.3 Mobile/15E148 Safari/604.1"
::ffff:73.202.42.162 - - [25/May/2023:00:25:00 +0000] "GET /images/schools/marinkaratedomap.jpg HTTP/1.1" 304 - "http://wadokikai.org/" "Mozilla/5.0 (iPhone; CPU iPhone OS 16_3_1 like Mac OS X) AppleWebKit/605.1.15 (KHTML, like Gecko) Version/16.3 Mobile/15E148 Safari/604.1"
::ffff:73.202.42.162 - - [25/May/2023:00:25:00 +0000] "GET /images/schools/earhartkaratedomap.jpg HTTP/1.1" 304 - "http://wadokikai.org/" "Mozilla/5.0 (iPhone; CPU iPhone OS 16_3_1 like Mac OS X) AppleWebKit/605.1.15 (KHTML, like Gecko) Version/16.3 Mobile/15E148 Safari/604.1"
::ffff:73.202.42.162 - - [25/May/2023:00:25:00 +0000] "GET /images/schools/martinezkaratedomap.jpg HTTP/1.1" 304 - "http://wadokikai.org/" "Mozilla/5.0 (iPhone; CPU iPhone OS 16_3_1 like Mac OS X) AppleWebKit/605.1.15 (KHTML, like Gecko) Version/16.3 Mobile/15E148 Safari/604.1"
::ffff:73.202.42.162 - - [25/May/2023:00:25:00 +0000] "GET /images/promotions/AFSPrelimSchedule.pdf HTTP/1.1" 304 - "http://wadokikai.org/" "Mozilla/5.0 (iPhone; CPU iPhone OS 16_3_1 like Mac OS X) AppleWebKit/605.1.15 (KHTML, like Gecko) Version/16.3 Mobile/15E148 Safari/604.1"
::ffff:73.202.42.162 - - [25/May/2023:00:25:00 +0000] "GET /images/schools/manzanitakaratedomap.jpg HTTP/1.1" 304 - "http://wadokikai.org/" "Mozilla/5.0 (iPhone; CPU iPhone OS 16_3_1 like Mac OS X) AppleWebKit/605.1.15 (KHTML, like Gecko) Version/16.3 Mobile/15E148 Safari/604.1"
::ffff:73.202.42.162 - - [25/May/2023:00:25:00 +0000] "GET /images/tiger.bmp HTTP/1.1" 304 - "http://wadokikai.org/" "Mozilla/5.0 (iPhone; CPU iPhone OS 16_3_1 like Mac OS X) AppleWebKit/605.1.15 (KHTML, like Gecko) Version/16.3 Mobile/15E148 Safari/604.1"
::ffff:73.202.42.162 - - [25/May/2023:00:25:00 +0000] "GET /images/wadokikai%20kanji.jpg HTTP/1.1" 304 - "http://wadokikai.org/" "Mozilla/5.0 (iPhone; CPU iPhone OS 16_3_1 like Mac OS X) AppleWebKit/605.1.15 (KHTML, like Gecko) Version/16.3 Mobile/15E148 Safari/604.1"
::ffff:73.202.42.162 - - [25/May/2023:00:25:00 +0000] "GET /images/dragon-trans.png HTTP/1.1" 304 - "http://wadokikai.org/" "Mozilla/5.0 (iPhone; CPU iPhone OS 16_3_1 like Mac OS X) AppleWebKit/605.1.15 (KHTML, like Gecko) Version/16.3 Mobile/15E148 Safari/604.1"
::ffff:73.162.254.193 - - [25/May/2023:00:28:20 +0000] "GET /images/tiger.bmp HTTP/1.1" 304 - "https://www.wadokikai.org/resources" "Mozilla/5.0 (iPhone; CPU iPhone OS 16_4_1 like Mac OS X) AppleWebKit/605.1.15 (KHTML, like Gecko) Version/16.4 Mobile/15E148 Safari/604.1"
::ffff:73.162.254.193 - - [25/May/2023:00:28:28 +0000] "GET /images/tiger.bmp HTTP/1.1" 304 - "https://www.wadokikai.org/resources" "Mozilla/5.0 (iPhone; CPU iPhone OS 16_4_1 like Mac OS X) AppleWebKit/605.1.15 (KHTML, like Gecko) Version/16.4 Mobile/15E148 Safari/604.1"
::ffff:73.162.254.193 - - [25/May/2023:00:28:36 +0000] "GET /images/tiger.bmp HTTP/1.1" 304 - "https://www.wadokikai.org/resources" "Mozilla/5.0 (iPhone; CPU iPhone OS 16_4_1 like Mac OS X) AppleWebKit/605.1.15 (KHTML, like Gecko) Version/16.4 Mobile/15E148 Safari/604.1"
::ffff:73.162.254.193 - - [25/May/2023:00:28:50 +0000] "GET /images/tiger.bmp HTTP/1.1" 304 - "https://www.wadokikai.org/resources" "Mozilla/5.0 (iPhone; CPU iPhone OS 16_4_1 like Mac OS X) AppleWebKit/605.1.15 (KHTML, like Gecko) Version/16.4 Mobile/15E148 Safari/604.1"
::ffff:52.167.144.150 - - [25/May/2023:00:39:31 +0000] "GET /events HTTP/1.1" 200 5867 "-" "Mozilla/5.0 AppleWebKit/537.36 (KHTML, like Gecko; compatible; bingbot/2.0; +http://www.bing.com/bingbot.htm) Chrome/103.0.5060.134 Safari/537.36"
::ffff:52.167.144.150 - - [25/May/2023:00:39:42 +0000] "GET /css/wadokikai.css HTTP/1.1" 200 4337 "-" "Mozilla/5.0 AppleWebKit/537.36 (KHTML, like Gecko; compatible; bingbot/2.0; +http://www.bing.com/bingbot.htm) Chrome/103.0.5060.134 Safari/537.36"
::ffff:52.167.144.150 - - [25/May/2023:00:39:42 +0000] "GET /js/common.js HTTP/1.1" 200 2255 "-" "Mozilla/5.0 AppleWebKit/537.36 (KHTML, like Gecko; compatible; bingbot/2.0; +http://www.bing.com/bingbot.htm) Chrome/103.0.5060.134 Safari/537.36"
::ffff:43.155.118.219 - - [25/May/2023:00:44:17 +0000] "HEAD /Core/Skin/Login.aspx HTTP/1.1" 404 160 "-" "Mozilla/5.0 (Windows NT 10.0; Win64; x64) AppleWebKit/537.36 (KHTML, like Gecko) Chrome/106.0.0.0 Safari/537.36"
::ffff:207.46.13.229 - - [25/May/2023:00:48:34 +0000] "GET /robots.txt HTTP/1.1" 404 149 "-" "Mozilla/5.0 AppleWebKit/537.36 (KHTML, like Gecko; compatible; bingbot/2.0; +http://www.bing.com/bingbot.htm) Chrome/103.0.5060.134 Safari/537.36"
::ffff:157.55.39.219 - - [25/May/2023:00:48:44 +0000] "GET /docs/TwentyGuidingPriciplesOfKarate.pdf HTTP/1.1" 404 178 "-" "Mozilla/5.0 AppleWebKit/537.36 (KHTML, like Gecko; compatible; bingbot/2.0; +http://www.bing.com/bingbot.htm) Chrome/103.0.5060.134 Safari/537.36"
::ffff:5.161.83.88 - - [25/May/2023:00:50:20 +0000] "GET /.env HTTP/1.1" 404 143 "-" "Mozilla/5.0 (Linux; U; Android 4.4.2; en-US; HM NOTE 1W Build/KOT49H) AppleWebKit/534.30 (KHTML, like Gecko) Version/4.0 UCBrowser/11.0.5.850 U3/0.8.0 Mobile Safari/534.30"
::ffff:5.161.83.88 - - [25/May/2023:00:50:20 +0000] "POST / HTTP/1.1" 404 140 "-" "Mozilla/5.0 (Linux; U; Android 4.4.2; en-US; HM NOTE 1W Build/KOT49H) AppleWebKit/534.30 (KHTML, like Gecko) Version/4.0 UCBrowser/11.0.5.850 U3/0.8.0 Mobile Safari/534.30"
::ffff:5.161.83.88 - - [25/May/2023:00:50:20 +0000] "GET /.env HTTP/1.1" 404 143 "-" "Mozilla/5.0 (Linux; U; Android 4.4.2; en-US; HM NOTE 1W Build/KOT49H) AppleWebKit/534.30 (KHTML, like Gecko) Version/4.0 UCBrowser/11.0.5.850 U3/0.8.0 Mobile Safari/534.30"
::ffff:5.161.83.88 - - [25/May/2023:00:50:21 +0000] "POST / HTTP/1.1" 404 140 "-" "Mozilla/5.0 (Linux; U; Android 4.4.2; en-US; HM NOTE 1W Build/KOT49H) AppleWebKit/534.30 (KHTML, like Gecko) Version/4.0 UCBrowser/11.0.5.850 U3/0.8.0 Mobile Safari/534.30"
::ffff:5.161.83.88 - - [25/May/2023:00:50:47 +0000] "GET /vendor/phpunit/phpunit/src/Util/PHP/eval-stdin.php HTTP/1.1" 404 189 "-" "python-requests/2.25.1"
::ffff:114.119.137.224 - - [25/May/2023:00:51:35 +0000] "GET /contact HTTP/1.1" 200 10017 "https://wadokikai.org/contact?s=1&ss=4" "Mozilla/5.0 (Linux; Android 7.0;) AppleWebKit/537.36 (KHTML, like Gecko) Mobile Safari/537.36 (compatible; PetalBot;+https://webmaster.petalsearch.com/site/petalbot)"
::ffff:185.254.196.173 - - [25/May/2023:01:03:50 +0000] "GET /.env HTTP/1.1" 404 143 "-" "Mozilla/5.0 (X11; Linux x86_64) AppleWebKit/537.36 (KHTML, like Gecko) Chrome/81.0.4044.129 Safari/537.36"
::ffff:185.254.196.173 - - [25/May/2023:01:03:50 +0000] "POST / HTTP/1.1" 404 140 "-" "Mozilla/5.0 (X11; Linux x86_64) AppleWebKit/537.36 (KHTML, like Gecko) Chrome/81.0.4044.129 Safari/537.36"
::ffff:35.203.211.111 - - [25/May/2023:01:05:55 +0000] "GET / HTTP/1.1" 200 57394 "-" "Expanse, a Palo Alto Networks company, searches across the global IPv4 space multiple times per day to identify customers&#39; presences on the Internet. If you would like to be excluded from our scans, please send IP addresses/domains to: scaninfo@paloaltonetworks.com"
::ffff:45.79.171.66 - - [25/May/2023:01:07:27 +0000] "GET /service.php?token=1819&action=11 HTTP/1.0" 404 150 "-" "-"
::ffff:45.79.171.66 - - [25/May/2023:01:07:28 +0000] "GET /service.php?token=1819&action=11 HTTP/1.0" 404 150 "-" "-"
::ffff:114.119.145.139 - - [25/May/2023:01:12:33 +0000] "GET /resources HTTP/1.1" 200 194907 "http://www.wadokikai.org/contact?s=1&ss=2" "Mozilla/5.0 (Linux; Android 7.0;) AppleWebKit/537.36 (KHTML, like Gecko) Mobile Safari/537.36 (compatible; PetalBot;+https://webmaster.petalsearch.com/site/petalbot)"
::ffff:51.222.253.8 - - [25/May/2023:01:14:06 +0000] "GET /robots.txt HTTP/1.1" 404 149 "-" "Mozilla/5.0 (compatible; AhrefsBot/7.0; +http://ahrefs.com/robot/)"
::ffff:51.222.253.5 - - [25/May/2023:01:14:09 +0000] "GET / HTTP/1.1" 200 57394 "-" "Mozilla/5.0 (compatible; AhrefsBot/7.0; +http://ahrefs.com/robot/)"
::ffff:45.79.171.66 - - [25/May/2023:01:14:41 +0000] "GET /service.php?token=1819&action=11 HTTP/1.0" 404 150 "-" "-"
::ffff:45.79.171.66 - - [25/May/2023:01:14:50 +0000] "GET /service.php?token=1819&action=11 HTTP/1.0" 404 150 "-" "-"
::ffff:172.59.129.117 - - [25/May/2023:01:15:13 +0000] "GET / HTTP/1.1" 200 57394 "-" "Mozilla/5.0 (iPad; CPU OS 16_4 like Mac OS X) AppleWebKit/605.1.15 (KHTML, like Gecko) CriOS/111.0.5563.101 Mobile/15E148 Safari/604.1"
::ffff:172.59.129.117 - - [25/May/2023:01:15:14 +0000] "GET /css/wadokikai.css HTTP/1.1" 200 4337 "http://wadokikai.org/" "Mozilla/5.0 (iPad; CPU OS 16_4 like Mac OS X) AppleWebKit/605.1.15 (KHTML, like Gecko) CriOS/111.0.5563.101 Mobile/15E148 Safari/604.1"
::ffff:172.59.129.117 - - [25/May/2023:01:15:14 +0000] "GET /js/common.js HTTP/1.1" 200 2255 "http://wadokikai.org/" "Mozilla/5.0 (iPad; CPU OS 16_4 like Mac OS X) AppleWebKit/605.1.15 (KHTML, like Gecko) CriOS/111.0.5563.101 Mobile/15E148 Safari/604.1"
::ffff:172.59.129.117 - - [25/May/2023:01:15:14 +0000] "GET /images/wkkpatch22_med.png HTTP/1.1" 200 32301 "http://wadokikai.org/" "Mozilla/5.0 (iPad; CPU OS 16_4 like Mac OS X) AppleWebKit/605.1.15 (KHTML, like Gecko) CriOS/111.0.5563.101 Mobile/15E148 Safari/604.1"
::ffff:172.59.129.117 - - [25/May/2023:01:15:14 +0000] "GET /images/schools/alamedakaratedomap.jpg HTTP/1.1" 200 38311 "http://wadokikai.org/" "Mozilla/5.0 (iPad; CPU OS 16_4 like Mac OS X) AppleWebKit/605.1.15 (KHTML, like Gecko) CriOS/111.0.5563.101 Mobile/15E148 Safari/604.1"
::ffff:172.59.129.117 - - [25/May/2023:01:15:14 +0000] "GET /images/schools/orindakaratedomap.jpg HTTP/1.1" 200 34167 "http://wadokikai.org/" "Mozilla/5.0 (iPad; CPU OS 16_4 like Mac OS X) AppleWebKit/605.1.15 (KHTML, like Gecko) CriOS/111.0.5563.101 Mobile/15E148 Safari/604.1"
::ffff:172.59.129.117 - - [25/May/2023:01:15:14 +0000] "GET /images/schools/dcakaratedomap.jpg HTTP/1.1" 200 35262 "http://wadokikai.org/" "Mozilla/5.0 (iPad; CPU OS 16_4 like Mac OS X) AppleWebKit/605.1.15 (KHTML, like Gecko) CriOS/111.0.5563.101 Mobile/15E148 Safari/604.1"
::ffff:172.59.129.117 - - [25/May/2023:01:15:14 +0000] "GET /images/schools/harborbaykaratedomap.jpg HTTP/1.1" 200 37245 "http://wadokikai.org/" "Mozilla/5.0 (iPad; CPU OS 16_4 like Mac OS X) AppleWebKit/605.1.15 (KHTML, like Gecko) CriOS/111.0.5563.101 Mobile/15E148 Safari/604.1"
::ffff:172.59.129.117 - - [25/May/2023:01:15:14 +0000] "GET /images/schools/nunleykaratedomap.jpg HTTP/1.1" 200 42667 "http://wadokikai.org/" "Mozilla/5.0 (iPad; CPU OS 16_4 like Mac OS X) AppleWebKit/605.1.15 (KHTML, like Gecko) CriOS/111.0.5563.101 Mobile/15E148 Safari/604.1"
::ffff:172.59.129.117 - - [25/May/2023:01:15:14 +0000] "GET /images/schools/corpuzkaratedomap.jpg HTTP/1.1" 200 36421 "http://wadokikai.org/" "Mozilla/5.0 (iPad; CPU OS 16_4 like Mac OS X) AppleWebKit/605.1.15 (KHTML, like Gecko) CriOS/111.0.5563.101 Mobile/15E148 Safari/604.1"
::ffff:172.59.129.117 - - [25/May/2023:01:15:14 +0000] "GET /images/schools/marinkaratedomap.jpg HTTP/1.1" 200 32400 "http://wadokikai.org/" "Mozilla/5.0 (iPad; CPU OS 16_4 like Mac OS X) AppleWebKit/605.1.15 (KHTML, like Gecko) CriOS/111.0.5563.101 Mobile/15E148 Safari/604.1"
::ffff:172.59.129.117 - - [25/May/2023:01:15:14 +0000] "GET /images/schools/earhartkaratedomap.jpg HTTP/1.1" 200 41366 "http://wadokikai.org/" "Mozilla/5.0 (iPad; CPU OS 16_4 like Mac OS X) AppleWebKit/605.1.15 (KHTML, like Gecko) CriOS/111.0.5563.101 Mobile/15E148 Safari/604.1"
::ffff:172.59.129.117 - - [25/May/2023:01:15:14 +0000] "GET /images/schools/martinezkaratedomap.jpg HTTP/1.1" 200 37724 "http://wadokikai.org/" "Mozilla/5.0 (iPad; CPU OS 16_4 like Mac OS X) AppleWebKit/605.1.15 (KHTML, like Gecko) CriOS/111.0.5563.101 Mobile/15E148 Safari/604.1"
::ffff:172.59.129.117 - - [25/May/2023:01:15:14 +0000] "GET /images/schools/manzanitakaratedomap.jpg HTTP/1.1" 200 55402 "http://wadokikai.org/" "Mozilla/5.0 (iPad; CPU OS 16_4 like Mac OS X) AppleWebKit/605.1.15 (KHTML, like Gecko) CriOS/111.0.5563.101 Mobile/15E148 Safari/604.1"
::ffff:172.59.129.117 - - [25/May/2023:01:15:15 +0000] "GET /images/dragon-trans.png HTTP/1.1" 200 85661 "http://wadokikai.org/" "Mozilla/5.0 (iPad; CPU OS 16_4 like Mac OS X) AppleWebKit/605.1.15 (KHTML, like Gecko) CriOS/111.0.5563.101 Mobile/15E148 Safari/604.1"
::ffff:172.59.129.117 - - [25/May/2023:01:15:15 +0000] "GET /images/favicon.ico HTTP/1.1" 200 3638 "-" "Mozilla/5.0 (iPad; CPU OS 16_4 like Mac OS X) AppleWebKit/605.1.15 (KHTML, like Gecko) CriOS/111.0.5563.101 Mobile/15E148 Safari/604.1"
::ffff:172.59.129.117 - - [25/May/2023:01:15:18 +0000] "GET /images/tiger.bmp HTTP/1.1" 200 311274 "http://wadokikai.org/" "Mozilla/5.0 (iPad; CPU OS 16_4 like Mac OS X) AppleWebKit/605.1.15 (KHTML, like Gecko) CriOS/111.0.5563.101 Mobile/15E148 Safari/604.1"
::ffff:172.59.129.117 - - [25/May/2023:01:15:22 +0000] "GET /images/wadokikai%20kanji.jpg HTTP/1.1" 200 35066 "http://wadokikai.org/" "Mozilla/5.0 (iPad; CPU OS 16_4 like Mac OS X) AppleWebKit/605.1.15 (KHTML, like Gecko) CriOS/111.0.5563.101 Mobile/15E148 Safari/604.1"
::ffff:66.249.64.90 - - [25/May/2023:01:22:18 +0000] "GET /images/instructors/don.jpg HTTP/1.1" 304 - "-" "Googlebot-Image/1.0"
::ffff:114.119.143.101 - - [25/May/2023:01:35:56 +0000] "GET /robots.txt HTTP/1.1" 404 149 "-" "Mozilla/5.0 (compatible;PetalBot;+https://webmaster.petalsearch.com/site/petalbot)"
::ffff:66.249.64.90 - - [25/May/2023:01:44:48 +0000] "GET /images/instructors/mbrooks.jpg HTTP/1.1" 304 - "-" "Googlebot-Image/1.0"
::ffff:114.119.145.56 - - [25/May/2023:01:51:20 +0000] "GET /images/tournaments/2022LEAGUEDivisions.pdf HTTP/1.1" 200 766218 "http://www.wadokikai.org/events" "Mozilla/5.0 (Linux; Android 7.0;) AppleWebKit/537.36 (KHTML, like Gecko) Mobile Safari/537.36 (compatible; PetalBot;+https://webmaster.petalsearch.com/site/petalbot)"
::ffff:135.125.218.67 - - [25/May/2023:01:54:36 +0000] "GET /.env HTTP/1.1" 404 143 "-" "Mozilla/5.0 (X11; Linux x86_64) AppleWebKit/537.36 (KHTML, like Gecko) Chrome/81.0.4044.129 Safari/537.36"
::ffff:135.125.218.67 - - [25/May/2023:01:54:37 +0000] "POST / HTTP/1.1" 404 140 "-" "Mozilla/5.0 (X11; Linux x86_64) AppleWebKit/537.36 (KHTML, like Gecko) Chrome/81.0.4044.129 Safari/537.36"
::ffff:194.180.48.84 - - [25/May/2023:02:02:13 +0000] "GET / HTTP/1.1" 200 57394 "-" "Linux Gnu (cow)"
::ffff:43.155.118.219 - - [25/May/2023:02:02:29 +0000] "HEAD /Core/Skin/Login.aspx HTTP/1.1" 404 160 "-" "Mozilla/5.0 (Windows NT 10.0; Win64; x64) AppleWebKit/537.36 (KHTML, like Gecko) Chrome/106.0.0.0 Safari/537.36"
::ffff:35.233.62.116 - - [25/May/2023:02:02:36 +0000] "GET / HTTP/1.1" 200 57394 "-" "python-requests/2.28.2"
::ffff:135.125.246.189 - - [25/May/2023:02:06:08 +0000] "GET /.env HTTP/1.1" 404 143 "-" "Mozilla/5.0 (X11; Linux x86_64) AppleWebKit/537.36 (KHTML, like Gecko) Chrome/81.0.4044.129 Safari/537.36"
::ffff:135.125.246.189 - - [25/May/2023:02:06:08 +0000] "POST / HTTP/1.1" 404 140 "-" "Mozilla/5.0 (X11; Linux x86_64) AppleWebKit/537.36 (KHTML, like Gecko) Chrome/81.0.4044.129 Safari/537.36"
::ffff:66.249.64.88 - - [25/May/2023:02:07:18 +0000] "GET /images/instructors/amahalatinia.jpg HTTP/1.1" 304 - "-" "Googlebot-Image/1.0"
::ffff:45.79.171.66 - - [25/May/2023:02:09:46 +0000] "GET /service.php?token=1819&action=11 HTTP/1.0" 404 150 "-" "-"
::ffff:45.79.171.66 - - [25/May/2023:02:18:32 +0000] "GET /service.php?token=1819&action=11 HTTP/1.0" 404 150 "-" "-"
::ffff:45.120.51.104 - - [25/May/2023:02:19:03 +0000] "GET / HTTP/1.1" 200 57394 "https://wadokikai.org/" "Mozilla/5.0 (Macintosh; Intel Mac OS X 12_5) AppleWebKit/537.36 (KHTML, like Gecko) Chrome/103.0.0.0 YaBrowser/22.7.0 Yowser/2.5 Safari/537.36"
::ffff:45.120.51.104 - - [25/May/2023:02:19:06 +0000] "GET /contact?s=1&ss=9 HTTP/1.1" 200 9997 "https://wadokikai.org/" "Mozilla/5.0 (Macintosh; Intel Mac OS X 12_5) AppleWebKit/537.36 (KHTML, like Gecko) Chrome/103.0.0.0 YaBrowser/22.7.0 Yowser/2.5 Safari/537.36"
::ffff:205.210.31.141 - - [25/May/2023:02:30:24 +0000] "GET / HTTP/1.0" 200 57394 "-" "Expanse, a Palo Alto Networks company, searches across the global IPv4 space multiple times per day to identify customers&#39; presences on the Internet. If you would like to be excluded from our scans, please send IP addresses/domains to: scaninfo@paloaltonetworks.com"
::ffff:45.79.171.66 - - [25/May/2023:02:30:35 +0000] "GET /service.php?token=1819&action=11 HTTP/1.0" 404 150 "-" "-"
::ffff:45.8.22.79 - - [25/May/2023:02:34:26 +0000] "GET /.env HTTP/1.1" 404 143 "-" "python-requests/2.28.2"
::ffff:45.8.22.79 - - [25/May/2023:02:34:27 +0000] "GET /.env HTTP/1.1" 404 143 "-" "python-requests/2.28.2"
::ffff:45.8.22.79 - - [25/May/2023:02:34:27 +0000] "POST / HTTP/1.1" 404 140 "-" "python-requests/2.28.2"
::ffff:45.8.22.79 - - [25/May/2023:02:34:28 +0000] "POST / HTTP/1.1" 404 140 "-" "python-requests/2.28.2"
::ffff:98.217.163.94 - - [25/May/2023:02:41:46 +0000] "GET /contact?s=1&ss=7 HTTP/1.1" 200 9997 "-" "Mozilla/5.0 (Macintosh; Intel Mac OS X 10_15_7) AppleWebKit/537.36 (KHTML, like Gecko) Chrome/103.0.0.0 Safari/537.36"
::ffff:98.217.163.94 - - [25/May/2023:02:41:46 +0000] "GET / HTTP/1.1" 200 57394 "-" "Mozilla/5.0 (Macintosh; Intel Mac OS X 10_15_7) AppleWebKit/537.36 (KHTML, like Gecko) Chrome/103.0.0.0 Safari/537.36"
::ffff:159.203.208.14 - - [25/May/2023:02:47:00 +0000] "GET /login HTTP/1.1" 404 144 "-" "Mozilla/5.0 zgrab/0.x"
::ffff:107.170.243.13 - - [25/May/2023:02:47:34 +0000] "GET /ReportServer HTTP/1.1" 404 151 "-" "Mozilla/5.0 zgrab/0.x"
::ffff:54.36.148.54 - - [25/May/2023:02:51:58 +0000] "GET /robots.txt HTTP/1.1" 404 149 "-" "Mozilla/5.0 (compatible; AhrefsBot/7.0; +http://ahrefs.com/robot/)"
::ffff:51.222.253.2 - - [25/May/2023:02:51:59 +0000] "GET /contact?s=1&ss=4 HTTP/1.1" 200 9997 "-" "Mozilla/5.0 (compatible; AhrefsBot/7.0; +http://ahrefs.com/robot/)"
::ffff:170.64.166.144 - - [25/May/2023:03:15:02 +0000] "GET /aaa9 HTTP/1.1" 404 143 "-" "Mozilla/5.0 zgrab/0.x"
::ffff:170.64.166.144 - - [25/May/2023:03:15:13 +0000] "GET /aab8 HTTP/1.1" 404 143 "-" "Mozilla/5.0 zgrab/0.x"
::ffff:170.64.166.144 - - [25/May/2023:03:15:26 +0000] "GET / HTTP/1.1" 200 57394 "-" "Mozilla/5.0 zgrab/0.x"
::ffff:43.155.118.219 - - [25/May/2023:03:20:36 +0000] "HEAD /Core/Skin/Login.aspx HTTP/1.1" 404 160 "-" "Mozilla/5.0 (Windows NT 10.0; Win64; x64) AppleWebKit/537.36 (KHTML, like Gecko) Chrome/106.0.0.0 Safari/537.36"
::ffff:66.249.64.88 - - [25/May/2023:03:22:19 +0000] "GET /images/instructors/herseybaker.jpg HTTP/1.1" 304 - "-" "Googlebot-Image/1.0"
::ffff:136.24.141.37 - - [25/May/2023:03:40:54 +0000] "GET /images/wadokikai%20kanji.jpg HTTP/1.1" 304 - "https://wadokikai.org/" "Mozilla/5.0 (Macintosh; Intel Mac OS X 10_15_7) AppleWebKit/537.36 (KHTML, like Gecko) Chrome/113.0.0.0 Safari/537.36"
::ffff:136.24.141.37 - - [25/May/2023:03:41:54 +0000] "GET /images/dragon-trans.png HTTP/1.1" 200 85661 "https://wadokikai.org/" "Mozilla/5.0 (Macintosh; Intel Mac OS X 10_15_7) AppleWebKit/537.36 (KHTML, like Gecko) Chrome/113.0.0.0 Safari/537.36"
::ffff:162.216.149.44 - - [25/May/2023:03:44:45 +0000] "GET / HTTP/1.1" 200 57394 "-" "Expanse, a Palo Alto Networks company, searches across the global IPv4 space multiple times per day to identify customers&#39; presences on the Internet. If you would like to be excluded from our scans, please send IP addresses/domains to: scaninfo@paloaltonetworks.com"
::ffff:66.249.64.90 - - [25/May/2023:03:44:49 +0000] "GET /images/schools/martinezkaratedo.jpg HTTP/1.1" 304 - "-" "Googlebot-Image/1.0"
::ffff:135.125.246.189 - - [25/May/2023:03:45:08 +0000] "GET /.env HTTP/1.1" 404 143 "-" "Mozilla/5.0 (X11; Linux x86_64) AppleWebKit/537.36 (KHTML, like Gecko) Chrome/81.0.4044.129 Safari/537.36"
::ffff:135.125.246.189 - - [25/May/2023:03:45:08 +0000] "POST / HTTP/1.1" 404 140 "-" "Mozilla/5.0 (X11; Linux x86_64) AppleWebKit/537.36 (KHTML, like Gecko) Chrome/81.0.4044.129 Safari/537.36"
::ffff:135.125.246.189 - - [25/May/2023:03:54:13 +0000] "GET /.env HTTP/1.1" 404 143 "-" "Mozilla/5.0 (X11; Linux x86_64) AppleWebKit/537.36 (KHTML, like Gecko) Chrome/81.0.4044.129 Safari/537.36"
::ffff:135.125.246.189 - - [25/May/2023:03:54:14 +0000] "POST / HTTP/1.1" 404 140 "-" "Mozilla/5.0 (X11; Linux x86_64) AppleWebKit/537.36 (KHTML, like Gecko) Chrome/81.0.4044.129 Safari/537.36"
::ffff:167.94.138.51 - - [25/May/2023:03:57:55 +0000] "GET / HTTP/1.1" 200 57394 "-" "-"
::ffff:185.254.196.186 - - [25/May/2023:04:02:52 +0000] "GET /.env HTTP/1.1" 404 143 "-" "Mozilla/5.0 (X11; Linux x86_64) AppleWebKit/537.36 (KHTML, like Gecko) Chrome/81.0.4044.129 Safari/537.36"
::ffff:185.254.196.186 - - [25/May/2023:04:02:54 +0000] "POST / HTTP/1.1" 404 140 "-" "Mozilla/5.0 (X11; Linux x86_64) AppleWebKit/537.36 (KHTML, like Gecko) Chrome/81.0.4044.129 Safari/537.36"
::ffff:43.155.118.219 - - [25/May/2023:04:38:43 +0000] "HEAD /Core/Skin/Login.aspx HTTP/1.1" 404 160 "-" "Mozilla/5.0 (Windows NT 10.0; Win64; x64) AppleWebKit/537.36 (KHTML, like Gecko) Chrome/106.0.0.0 Safari/537.36"
::ffff:73.162.163.15 - - [25/May/2023:04:40:51 +0000] "GET /images/tiger.bmp HTTP/1.1" 304 - "http://wadokikai.org/resources" "Mozilla/5.0 (Windows NT 10.0; Win64; x64) AppleWebKit/537.36 (KHTML, like Gecko) Chrome/113.0.0.0 Safari/537.36"
::ffff:198.235.24.139 - - [25/May/2023:04:48:43 +0000] "GET / HTTP/1.1" 200 57394 "-" "Expanse, a Palo Alto Networks company, searches across the global IPv4 space multiple times per day to identify customers&#39; presences on the Internet. If you would like to be excluded from our scans, please send IP addresses/domains to: scaninfo@paloaltonetworks.com"
::ffff:146.190.119.114 - - [25/May/2023:04:56:05 +0000] "GET /aaa9 HTTP/1.1" 404 143 "-" "Mozilla/5.0 zgrab/0.x"
::ffff:146.190.119.114 - - [25/May/2023:04:56:19 +0000] "GET /aab8 HTTP/1.1" 404 143 "-" "Mozilla/5.0 zgrab/0.x"
::ffff:146.190.119.114 - - [25/May/2023:04:56:36 +0000] "GET / HTTP/1.1" 200 57394 "-" "Mozilla/5.0 zgrab/0.x"
::ffff:135.125.218.67 - - [25/May/2023:05:03:48 +0000] "GET /.env HTTP/1.1" 404 143 "-" "Mozilla/5.0 (X11; Linux x86_64) AppleWebKit/537.36 (KHTML, like Gecko) Chrome/81.0.4044.129 Safari/537.36"
::ffff:135.125.218.67 - - [25/May/2023:05:03:48 +0000] "POST / HTTP/1.1" 404 140 "-" "Mozilla/5.0 (X11; Linux x86_64) AppleWebKit/537.36 (KHTML, like Gecko) Chrome/81.0.4044.129 Safari/537.36"
::ffff:124.122.49.216 - - [25/May/2023:05:15:49 +0000] "GET / HTTP/1.1" 200 57394 "-" "Mozilla/5.0 (Windows NT 10.0; WOW64) AppleWebKit/537.36 (KHTML, like Gecko) Chrome/52.0.2743.116 Safari/537.36"
::ffff:162.216.149.155 - - [25/May/2023:05:17:02 +0000] "GET / HTTP/1.1" 200 57394 "-" "Expanse, a Palo Alto Networks company, searches across the global IPv4 space multiple times per day to identify customers&#39; presences on the Internet. If you would like to be excluded from our scans, please send IP addresses/domains to: scaninfo@paloaltonetworks.com"
::ffff:5.161.83.88 - - [25/May/2023:05:18:30 +0000] "GET /.env HTTP/1.1" 404 143 "-" "Mozilla/5.0 (Linux; U; Android 4.4.2; en-US; HM NOTE 1W Build/KOT49H) AppleWebKit/534.30 (KHTML, like Gecko) Version/4.0 UCBrowser/11.0.5.850 U3/0.8.0 Mobile Safari/534.30"
::ffff:5.161.83.88 - - [25/May/2023:05:18:38 +0000] "POST / HTTP/1.1" 404 140 "-" "Mozilla/5.0 (Linux; U; Android 4.4.2; en-US; HM NOTE 1W Build/KOT49H) AppleWebKit/534.30 (KHTML, like Gecko) Version/4.0 UCBrowser/11.0.5.850 U3/0.8.0 Mobile Safari/534.30"
::ffff:5.161.83.88 - - [25/May/2023:05:18:46 +0000] "GET /.env HTTP/1.1" 404 143 "-" "Mozilla/5.0 (Linux; U; Android 4.4.2; en-US; HM NOTE 1W Build/KOT49H) AppleWebKit/534.30 (KHTML, like Gecko) Version/4.0 UCBrowser/11.0.5.850 U3/0.8.0 Mobile Safari/534.30"
::ffff:5.161.83.88 - - [25/May/2023:05:18:54 +0000] "POST / HTTP/1.1" 404 140 "-" "Mozilla/5.0 (Linux; U; Android 4.4.2; en-US; HM NOTE 1W Build/KOT49H) AppleWebKit/534.30 (KHTML, like Gecko) Version/4.0 UCBrowser/11.0.5.850 U3/0.8.0 Mobile Safari/534.30"
::ffff:5.161.83.88 - - [25/May/2023:05:19:04 +0000] "GET /vendor/phpunit/phpunit/src/Util/PHP/eval-stdin.php HTTP/1.1" 404 189 "-" "python-requests/2.25.1"
::ffff:52.167.144.85 - - [25/May/2023:05:23:52 +0000] "GET /images/schools/nunleykaratedo.jpg HTTP/1.1" 200 77040 "-" "Mozilla/5.0 AppleWebKit/537.36 (KHTML, like Gecko; compatible; bingbot/2.0; +http://www.bing.com/bingbot.htm) Chrome/103.0.5060.134 Safari/537.36"
::ffff:185.254.196.186 - - [25/May/2023:05:32:52 +0000] "GET /.env HTTP/1.1" 404 143 "-" "Mozilla/5.0 (X11; Linux x86_64) AppleWebKit/537.36 (KHTML, like Gecko) Chrome/81.0.4044.129 Safari/537.36"
::ffff:185.254.196.186 - - [25/May/2023:05:32:53 +0000] "POST / HTTP/1.1" 404 140 "-" "Mozilla/5.0 (X11; Linux x86_64) AppleWebKit/537.36 (KHTML, like Gecko) Chrome/81.0.4044.129 Safari/537.36"
::ffff:45.79.171.66 - - [25/May/2023:05:39:29 +0000] "GET /service.php?token=1819&action=11 HTTP/1.0" 404 150 "-" "-"
::ffff:66.249.64.88 - - [25/May/2023:05:51:20 +0000] "GET /robots.txt HTTP/1.1" 404 149 "-" "Mozilla/5.0 (compatible; Googlebot/2.1; +http://www.google.com/bot.html)"
::ffff:66.249.64.89 - - [25/May/2023:05:51:20 +0000] "GET /images/schools/manzanitakaratedomap.jpg HTTP/1.1" 200 55402 "-" "Googlebot-Image/1.0"
::ffff:43.155.118.219 - - [25/May/2023:05:56:56 +0000] "HEAD /Core/Skin/Login.aspx HTTP/1.1" 404 160 "-" "Mozilla/5.0 (Windows NT 10.0; Win64; x64) AppleWebKit/537.36 (KHTML, like Gecko) Chrome/106.0.0.0 Safari/537.36"
::ffff:135.125.246.189 - - [25/May/2023:05:59:10 +0000] "GET /.env HTTP/1.1" 404 143 "-" "Mozilla/5.0 (X11; Linux x86_64) AppleWebKit/537.36 (KHTML, like Gecko) Chrome/81.0.4044.129 Safari/537.36"
::ffff:135.125.246.189 - - [25/May/2023:05:59:10 +0000] "POST / HTTP/1.1" 404 140 "-" "Mozilla/5.0 (X11; Linux x86_64) AppleWebKit/537.36 (KHTML, like Gecko) Chrome/81.0.4044.129 Safari/537.36"
::ffff:66.249.64.88 - - [25/May/2023:06:13:49 +0000] "GET /images/instructors/dokeeffe.jpg HTTP/1.1" 304 - "-" "Googlebot-Image/1.0"
::ffff:114.119.153.242 - - [25/May/2023:06:29:46 +0000] "GET /robots.txt HTTP/1.1" 404 149 "-" "Mozilla/5.0 (compatible;PetalBot;+https://webmaster.petalsearch.com/site/petalbot)"
::ffff:43.156.164.127 - - [25/May/2023:06:34:44 +0000] "GET /.env HTTP/1.1" 404 143 "-" "Mozilla/5.0 (Linux; U; Android 4.4.2; en-US; HM NOTE 1W Build/KOT49H) AppleWebKit/534.30 (KHTML, like Gecko) Version/4.0 UCBrowser/11.0.5.850 U3/0.8.0 Mobile Safari/534.30"
::ffff:43.156.164.127 - - [25/May/2023:06:34:45 +0000] "POST / HTTP/1.1" 404 140 "-" "Mozilla/5.0 (Linux; U; Android 4.4.2; en-US; HM NOTE 1W Build/KOT49H) AppleWebKit/534.30 (KHTML, like Gecko) Version/4.0 UCBrowser/11.0.5.850 U3/0.8.0 Mobile Safari/534.30"
::ffff:43.156.164.127 - - [25/May/2023:06:34:48 +0000] "GET /.env HTTP/1.1" 404 143 "-" "Mozilla/5.0 (Linux; U; Android 4.4.2; en-US; HM NOTE 1W Build/KOT49H) AppleWebKit/534.30 (KHTML, like Gecko) Version/4.0 UCBrowser/11.0.5.850 U3/0.8.0 Mobile Safari/534.30"
::ffff:43.156.164.127 - - [25/May/2023:06:34:49 +0000] "POST / HTTP/1.1" 404 140 "-" "Mozilla/5.0 (Linux; U; Android 4.4.2; en-US; HM NOTE 1W Build/KOT49H) AppleWebKit/534.30 (KHTML, like Gecko) Version/4.0 UCBrowser/11.0.5.850 U3/0.8.0 Mobile Safari/534.30"
::ffff:43.156.164.127 - - [25/May/2023:06:34:55 +0000] "GET /vendor/phpunit/phpunit/src/Util/PHP/eval-stdin.php HTTP/1.1" 404 189 "-" "python-requests/2.30.0"
::ffff:66.249.64.89 - - [25/May/2023:06:36:19 +0000] "GET /images/schools/dcakaratedomap.jpg HTTP/1.1" 200 35262 "-" "Googlebot-Image/1.0"
::ffff:157.55.39.219 - - [25/May/2023:06:36:29 +0000] "GET /index.html HTTP/1.1" 404 149 "-" "Mozilla/5.0 AppleWebKit/537.36 (KHTML, like Gecko; compatible; bingbot/2.0; +http://www.bing.com/bingbot.htm) Chrome/103.0.5060.134 Safari/537.36"
::ffff:170.187.143.58 - - [25/May/2023:06:54:25 +0000] "GET //.env HTTP/1.1" 404 144 "-" "Go-http-client/1.1"
::ffff:172.56.169.163 - - [25/May/2023:06:57:05 +0000] "GET / HTTP/1.1" - - "-" "Mozilla/5.0 (iPhone; CPU iPhone OS 16_4_1 like Mac OS X) AppleWebKit/605.1.15 (KHTML, like Gecko) Version/16.4 Mobile/15E148 Safari/604.1"
::ffff:172.56.169.163 - - [25/May/2023:06:58:04 +0000] "GET / HTTP/1.1" 200 57394 "-" "Mozilla/5.0 (iPhone; CPU iPhone OS 16_4_1 like Mac OS X) AppleWebKit/605.1.15 (KHTML, like Gecko) Version/16.4 Mobile/15E148 Safari/604.1"
::ffff:172.56.169.163 - - [25/May/2023:06:58:04 +0000] "GET /css/wadokikai.css HTTP/1.1" 200 4337 "http://www.wadokikai.org/" "Mozilla/5.0 (iPhone; CPU iPhone OS 16_4_1 like Mac OS X) AppleWebKit/605.1.15 (KHTML, like Gecko) Version/16.4 Mobile/15E148 Safari/604.1"
::ffff:172.56.169.163 - - [25/May/2023:06:58:04 +0000] "GET /images/wkkpatch22_med.png HTTP/1.1" 200 32301 "http://www.wadokikai.org/" "Mozilla/5.0 (iPhone; CPU iPhone OS 16_4_1 like Mac OS X) AppleWebKit/605.1.15 (KHTML, like Gecko) Version/16.4 Mobile/15E148 Safari/604.1"
::ffff:172.56.169.163 - - [25/May/2023:06:58:04 +0000] "GET /js/common.js HTTP/1.1" 200 2255 "http://www.wadokikai.org/" "Mozilla/5.0 (iPhone; CPU iPhone OS 16_4_1 like Mac OS X) AppleWebKit/605.1.15 (KHTML, like Gecko) Version/16.4 Mobile/15E148 Safari/604.1"
::ffff:172.56.169.163 - - [25/May/2023:06:58:04 +0000] "GET /images/schools/alamedakaratedomap.jpg HTTP/1.1" 200 38311 "http://www.wadokikai.org/" "Mozilla/5.0 (iPhone; CPU iPhone OS 16_4_1 like Mac OS X) AppleWebKit/605.1.15 (KHTML, like Gecko) Version/16.4 Mobile/15E148 Safari/604.1"
::ffff:172.56.169.163 - - [25/May/2023:06:58:04 +0000] "GET /images/schools/orindakaratedomap.jpg HTTP/1.1" 200 34167 "http://www.wadokikai.org/" "Mozilla/5.0 (iPhone; CPU iPhone OS 16_4_1 like Mac OS X) AppleWebKit/605.1.15 (KHTML, like Gecko) Version/16.4 Mobile/15E148 Safari/604.1"
::ffff:172.56.169.163 - - [25/May/2023:06:58:04 +0000] "GET /images/schools/dcakaratedomap.jpg HTTP/1.1" 200 35262 "http://www.wadokikai.org/" "Mozilla/5.0 (iPhone; CPU iPhone OS 16_4_1 like Mac OS X) AppleWebKit/605.1.15 (KHTML, like Gecko) Version/16.4 Mobile/15E148 Safari/604.1"
::ffff:172.56.169.163 - - [25/May/2023:06:58:04 +0000] "GET /images/schools/harborbaykaratedomap.jpg HTTP/1.1" 200 37245 "http://www.wadokikai.org/" "Mozilla/5.0 (iPhone; CPU iPhone OS 16_4_1 like Mac OS X) AppleWebKit/605.1.15 (KHTML, like Gecko) Version/16.4 Mobile/15E148 Safari/604.1"
::ffff:172.56.169.163 - - [25/May/2023:06:58:04 +0000] "GET /images/schools/corpuzkaratedomap.jpg HTTP/1.1" 200 36421 "http://www.wadokikai.org/" "Mozilla/5.0 (iPhone; CPU iPhone OS 16_4_1 like Mac OS X) AppleWebKit/605.1.15 (KHTML, like Gecko) Version/16.4 Mobile/15E148 Safari/604.1"
::ffff:172.56.169.163 - - [25/May/2023:06:58:04 +0000] "GET /images/schools/nunleykaratedomap.jpg HTTP/1.1" 200 42667 "http://www.wadokikai.org/" "Mozilla/5.0 (iPhone; CPU iPhone OS 16_4_1 like Mac OS X) AppleWebKit/605.1.15 (KHTML, like Gecko) Version/16.4 Mobile/15E148 Safari/604.1"
::ffff:172.56.169.163 - - [25/May/2023:06:58:04 +0000] "GET /images/schools/marinkaratedomap.jpg HTTP/1.1" 200 32400 "http://www.wadokikai.org/" "Mozilla/5.0 (iPhone; CPU iPhone OS 16_4_1 like Mac OS X) AppleWebKit/605.1.15 (KHTML, like Gecko) Version/16.4 Mobile/15E148 Safari/604.1"
::ffff:172.56.169.163 - - [25/May/2023:06:58:04 +0000] "GET /images/schools/earhartkaratedomap.jpg HTTP/1.1" 200 41366 "http://www.wadokikai.org/" "Mozilla/5.0 (iPhone; CPU iPhone OS 16_4_1 like Mac OS X) AppleWebKit/605.1.15 (KHTML, like Gecko) Version/16.4 Mobile/15E148 Safari/604.1"
::ffff:172.56.169.163 - - [25/May/2023:06:58:05 +0000] "GET /images/schools/martinezkaratedomap.jpg HTTP/1.1" 200 37724 "http://www.wadokikai.org/" "Mozilla/5.0 (iPhone; CPU iPhone OS 16_4_1 like Mac OS X) AppleWebKit/605.1.15 (KHTML, like Gecko) Version/16.4 Mobile/15E148 Safari/604.1"
::ffff:172.56.169.163 - - [25/May/2023:06:58:05 +0000] "GET /images/schools/manzanitakaratedomap.jpg HTTP/1.1" 200 55402 "http://www.wadokikai.org/" "Mozilla/5.0 (iPhone; CPU iPhone OS 16_4_1 like Mac OS X) AppleWebKit/605.1.15 (KHTML, like Gecko) Version/16.4 Mobile/15E148 Safari/604.1"
::ffff:172.56.169.163 - - [25/May/2023:06:58:05 +0000] "GET /images/dragon-trans.png HTTP/1.1" 200 85661 "http://www.wadokikai.org/" "Mozilla/5.0 (iPhone; CPU iPhone OS 16_4_1 like Mac OS X) AppleWebKit/605.1.15 (KHTML, like Gecko) Version/16.4 Mobile/15E148 Safari/604.1"
::ffff:172.56.169.163 - - [25/May/2023:06:58:05 +0000] "GET /images/favicon.ico HTTP/1.1" 200 3638 "http://www.wadokikai.org/" "Mozilla/5.0 (iPhone; CPU iPhone OS 16_4_1 like Mac OS X) AppleWebKit/605.1.15 (KHTML, like Gecko) Version/16.4 Mobile/15E148 Safari/604.1"
::ffff:66.249.70.86 - - [25/May/2023:06:58:50 +0000] "GET /robots.txt HTTP/1.1" 404 149 "-" "Mozilla/5.0 (compatible; Googlebot/2.1; +http://www.google.com/bot.html)"
::ffff:66.249.70.90 - - [25/May/2023:06:58:50 +0000] "GET /favicon.ico HTTP/1.1" 404 150 "-" "Googlebot-Image/1.0"
::ffff:45.79.171.66 - - [25/May/2023:07:11:55 +0000] "GET /service.php?token=1819&action=11 HTTP/1.0" 404 150 "-" "-"
::ffff:43.155.118.219 - - [25/May/2023:07:15:27 +0000] "HEAD /Core/Skin/Login.aspx HTTP/1.1" 404 160 "-" "Mozilla/5.0 (Windows NT 10.0; Win64; x64) AppleWebKit/537.36 (KHTML, like Gecko) Chrome/106.0.0.0 Safari/537.36"
::ffff:73.162.163.15 - - [25/May/2023:07:22:14 +0000] "GET /css/wadokikai.css HTTP/1.1" 304 - "http://wadokikai.org/resources" "Mozilla/5.0 (Windows NT 10.0; Win64; x64) AppleWebKit/537.36 (KHTML, like Gecko) Chrome/113.0.0.0 Safari/537.36"
::ffff:73.162.163.15 - - [25/May/2023:07:22:14 +0000] "GET /images/wkkpatch22_med.png HTTP/1.1" 304 - "http://wadokikai.org/resources" "Mozilla/5.0 (Windows NT 10.0; Win64; x64) AppleWebKit/537.36 (KHTML, like Gecko) Chrome/113.0.0.0 Safari/537.36"
::ffff:73.162.163.15 - - [25/May/2023:07:22:14 +0000] "GET /images/JohnArce.jpg HTTP/1.1" 304 - "http://wadokikai.org/resources" "Mozilla/5.0 (Windows NT 10.0; Win64; x64) AppleWebKit/537.36 (KHTML, like Gecko) Chrome/113.0.0.0 Safari/537.36"
::ffff:73.162.163.15 - - [25/May/2023:07:22:14 +0000] "GET /images/tm.jpg HTTP/1.1" 304 - "http://wadokikai.org/resources" "Mozilla/5.0 (Windows NT 10.0; Win64; x64) AppleWebKit/537.36 (KHTML, like Gecko) Chrome/113.0.0.0 Safari/537.36"
::ffff:73.162.163.15 - - [25/May/2023:07:22:14 +0000] "GET /images/books/MBS2.jpg HTTP/1.1" 304 - "http://wadokikai.org/resources" "Mozilla/5.0 (Windows NT 10.0; Win64; x64) AppleWebKit/537.36 (KHTML, like Gecko) Chrome/113.0.0.0 Safari/537.36"
::ffff:73.162.163.15 - - [25/May/2023:07:22:14 +0000] "GET /js/common.js HTTP/1.1" 304 - "http://wadokikai.org/resources" "Mozilla/5.0 (Windows NT 10.0; Win64; x64) AppleWebKit/537.36 (KHTML, like Gecko) Chrome/113.0.0.0 Safari/537.36"
::ffff:73.162.163.15 - - [25/May/2023:07:22:14 +0000] "GET /images/books/MBS.gif HTTP/1.1" 304 - "http://wadokikai.org/resources" "Mozilla/5.0 (Windows NT 10.0; Win64; x64) AppleWebKit/537.36 (KHTML, like Gecko) Chrome/113.0.0.0 Safari/537.36"
::ffff:73.162.163.15 - - [25/May/2023:07:22:14 +0000] "GET /images/books/karatebook.jpg HTTP/1.1" 304 - "http://wadokikai.org/resources" "Mozilla/5.0 (Windows NT 10.0; Win64; x64) AppleWebKit/537.36 (KHTML, like Gecko) Chrome/113.0.0.0 Safari/537.36"
::ffff:73.162.163.15 - - [25/May/2023:07:22:14 +0000] "GET /images/books/ZenMeditation.jpg HTTP/1.1" 304 - "http://wadokikai.org/resources" "Mozilla/5.0 (Windows NT 10.0; Win64; x64) AppleWebKit/537.36 (KHTML, like Gecko) Chrome/113.0.0.0 Safari/537.36"
::ffff:73.162.163.15 - - [25/May/2023:07:22:14 +0000] "GET /images/books/KarateDoZen.jpg HTTP/1.1" 304 - "http://wadokikai.org/resources" "Mozilla/5.0 (Windows NT 10.0; Win64; x64) AppleWebKit/537.36 (KHTML, like Gecko) Chrome/113.0.0.0 Safari/537.36"
::ffff:73.162.163.15 - - [25/May/2023:07:22:14 +0000] "GET /images/books/bookoffiverings.jpg HTTP/1.1" 304 - "http://wadokikai.org/resources" "Mozilla/5.0 (Windows NT 10.0; Win64; x64) AppleWebKit/537.36 (KHTML, like Gecko) Chrome/113.0.0.0 Safari/537.36"
::ffff:73.162.163.15 - - [25/May/2023:07:22:14 +0000] "GET /images/books/shotokanSecrets.jpg HTTP/1.1" 304 - "http://wadokikai.org/resources" "Mozilla/5.0 (Windows NT 10.0; Win64; x64) AppleWebKit/537.36 (KHTML, like Gecko) Chrome/113.0.0.0 Safari/537.36"
::ffff:73.162.163.15 - - [25/May/2023:07:22:14 +0000] "GET /images/books/dummies.jpg HTTP/1.1" 304 - "http://wadokikai.org/resources" "Mozilla/5.0 (Windows NT 10.0; Win64; x64) AppleWebKit/537.36 (KHTML, like Gecko) Chrome/113.0.0.0 Safari/537.36"
::ffff:73.162.163.15 - - [25/May/2023:07:22:15 +0000] "GET /images/books/bobook.gif HTTP/1.1" 304 - "http://wadokikai.org/resources" "Mozilla/5.0 (Windows NT 10.0; Win64; x64) AppleWebKit/537.36 (KHTML, like Gecko) Chrome/113.0.0.0 Safari/537.36"
::ffff:73.162.163.15 - - [25/May/2023:07:22:15 +0000] "GET /images/books/saibook.jpg HTTP/1.1" 304 - "http://wadokikai.org/resources" "Mozilla/5.0 (Windows NT 10.0; Win64; x64) AppleWebKit/537.36 (KHTML, like Gecko) Chrome/113.0.0.0 Safari/537.36"
::ffff:73.162.163.15 - - [25/May/2023:07:22:15 +0000] "GET /images/books/dojoWisdom.jpg HTTP/1.1" 304 - "http://wadokikai.org/resources" "Mozilla/5.0 (Windows NT 10.0; Win64; x64) AppleWebKit/537.36 (KHTML, like Gecko) Chrome/113.0.0.0 Safari/537.36"
::ffff:73.162.163.15 - - [25/May/2023:07:22:15 +0000] "GET /images/books/guide20.jpg HTTP/1.1" 304 - "http://wadokikai.org/resources" "Mozilla/5.0 (Windows NT 10.0; Win64; x64) AppleWebKit/537.36 (KHTML, like Gecko) Chrome/113.0.0.0 Safari/537.36"
::ffff:73.162.163.15 - - [25/May/2023:07:22:15 +0000] "GET /images/books/emptyHand.jpg HTTP/1.1" 304 - "http://wadokikai.org/resources" "Mozilla/5.0 (Windows NT 10.0; Win64; x64) AppleWebKit/537.36 (KHTML, like Gecko) Chrome/113.0.0.0 Safari/537.36"
::ffff:73.162.163.15 - - [25/May/2023:07:22:15 +0000] "GET /images/books/karatedo.jpg HTTP/1.1" 304 - "http://wadokikai.org/resources" "Mozilla/5.0 (Windows NT 10.0; Win64; x64) AppleWebKit/537.36 (KHTML, like Gecko) Chrome/113.0.0.0 Safari/537.36"
::ffff:73.162.163.15 - - [25/May/2023:07:22:15 +0000] "GET /images/books/movingzen.jpg HTTP/1.1" 304 - "http://wadokikai.org/resources" "Mozilla/5.0 (Windows NT 10.0; Win64; x64) AppleWebKit/537.36 (KHTML, like Gecko) Chrome/113.0.0.0 Safari/537.36"
::ffff:73.162.163.15 - - [25/May/2023:07:22:15 +0000] "GET /images/books/grappingmethod.jpg HTTP/1.1" 304 - "http://wadokikai.org/resources" "Mozilla/5.0 (Windows NT 10.0; Win64; x64) AppleWebKit/537.36 (KHTML, like Gecko) Chrome/113.0.0.0 Safari/537.36"
::ffff:73.162.163.15 - - [25/May/2023:07:22:15 +0000] "GET /images/books/karatedojo.jpg HTTP/1.1" 304 - "http://wadokikai.org/resources" "Mozilla/5.0 (Windows NT 10.0; Win64; x64) AppleWebKit/537.36 (KHTML, like Gecko) Chrome/113.0.0.0 Safari/537.36"
::ffff:73.162.163.15 - - [25/May/2023:07:22:15 +0000] "GET /images/books/artofwar.jpg HTTP/1.1" 304 - "http://wadokikai.org/resources" "Mozilla/5.0 (Windows NT 10.0; Win64; x64) AppleWebKit/537.36 (KHTML, like Gecko) Chrome/113.0.0.0 Safari/537.36"
::ffff:73.162.163.15 - - [25/May/2023:07:22:15 +0000] "GET /images/dragon-trans.png HTTP/1.1" 304 - "http://wadokikai.org/resources" "Mozilla/5.0 (Windows NT 10.0; Win64; x64) AppleWebKit/537.36 (KHTML, like Gecko) Chrome/113.0.0.0 Safari/537.36"
::ffff:73.162.163.15 - - [25/May/2023:07:22:19 +0000] "GET /images/tiger.bmp HTTP/1.1" 304 - "http://wadokikai.org/resources" "Mozilla/5.0 (Windows NT 10.0; Win64; x64) AppleWebKit/537.36 (KHTML, like Gecko) Chrome/113.0.0.0 Safari/537.36"
::ffff:73.162.163.15 - - [25/May/2023:07:22:43 +0000] "GET /images/dragon-trans.png HTTP/1.1" 304 - "http://wadokikai.org/resources" "Mozilla/5.0 (Windows NT 10.0; Win64; x64) AppleWebKit/537.36 (KHTML, like Gecko) Chrome/113.0.0.0 Safari/537.36"
::ffff:73.162.163.15 - - [25/May/2023:07:22:47 +0000] "GET /images/tiger.bmp HTTP/1.1" 304 - "http://wadokikai.org/resources" "Mozilla/5.0 (Windows NT 10.0; Win64; x64) AppleWebKit/537.36 (KHTML, like Gecko) Chrome/113.0.0.0 Safari/537.36"
::ffff:146.190.164.21 - - [25/May/2023:07:25:37 +0000] "GET / HTTP/1.1" 200 57394 "-" "Mozilla/5.0 (X11; Linux x86_64) AppleWebKit/537.36 (KHTML, like Gecko) Chrome/108.0.0.0 Safari/537.36"
::ffff:146.190.164.21 - - [25/May/2023:07:25:37 +0000] "GET / HTTP/1.1" 200 57394 "-" "Mozilla/5.0 (X11; Linux x86_64) AppleWebKit/537.36 (KHTML, like Gecko) Chrome/108.0.0.0 Safari/537.36"
::ffff:73.162.163.15 - - [25/May/2023:07:26:10 +0000] "GET /images/tiger.bmp HTTP/1.1" 304 - "http://wadokikai.org/resources" "Mozilla/5.0 (Windows NT 10.0; Win64; x64) AppleWebKit/537.36 (KHTML, like Gecko) Chrome/113.0.0.0 Safari/537.36"
::ffff:73.162.163.15 - - [25/May/2023:07:33:56 +0000] "GET /images/tiger.bmp HTTP/1.1" 304 - "http://wadokikai.org/resources" "Mozilla/5.0 (Windows NT 10.0; Win64; x64) AppleWebKit/537.36 (KHTML, like Gecko) Chrome/113.0.0.0 Safari/537.36"
::ffff:135.125.218.67 - - [25/May/2023:07:38:49 +0000] "GET /.env HTTP/1.1" 404 143 "-" "Mozilla/5.0 (X11; Linux x86_64) AppleWebKit/537.36 (KHTML, like Gecko) Chrome/81.0.4044.129 Safari/537.36"
::ffff:135.125.218.67 - - [25/May/2023:07:38:50 +0000] "POST / HTTP/1.1" 404 140 "-" "Mozilla/5.0 (X11; Linux x86_64) AppleWebKit/537.36 (KHTML, like Gecko) Chrome/81.0.4044.129 Safari/537.36"
::ffff:193.239.147.41 - - [25/May/2023:07:41:24 +0000] "GET / HTTP/1.1" 200 57394 "-" "Mozilla/5.0 (Macintosh; Intel Mac OS X 10_15_7) AppleWebKit/537.36 (KHTML, like Gecko) Chrome/108.0.5359.98 Safari/537.36"
::ffff:193.239.147.41 - - [25/May/2023:07:41:25 +0000] "GET / HTTP/1.1" 200 57394 "-" "Mozilla/5.0 (Macintosh; Intel Mac OS X 10_15_7) AppleWebKit/537.36 (KHTML, like Gecko) Chrome/108.0.5359.98 Safari/537.36"
::ffff:193.239.147.41 - - [25/May/2023:07:41:26 +0000] "GET / HTTP/1.1" 200 57394 "-" "Mozilla/5.0 (Macintosh; Intel Mac OS X 10_15_7) AppleWebKit/537.36 (KHTML, like Gecko) Chrome/108.0.5359.98 Safari/537.36"
::ffff:45.79.171.66 - - [25/May/2023:07:54:01 +0000] "GET /service.php?token=1819&action=11 HTTP/1.0" 404 150 "-" "-"
::ffff:135.125.246.189 - - [25/May/2023:08:06:44 +0000] "GET /.env HTTP/1.1" 404 143 "-" "Mozilla/5.0 (X11; Linux x86_64) AppleWebKit/537.36 (KHTML, like Gecko) Chrome/81.0.4044.129 Safari/537.36"
::ffff:135.125.246.189 - - [25/May/2023:08:06:45 +0000] "POST / HTTP/1.1" 404 140 "-" "Mozilla/5.0 (X11; Linux x86_64) AppleWebKit/537.36 (KHTML, like Gecko) Chrome/81.0.4044.129 Safari/537.36"
::ffff:52.167.144.85 - - [25/May/2023:08:17:49 +0000] "GET / HTTP/1.1" 200 57394 "-" "Mozilla/5.0 AppleWebKit/537.36 (KHTML, like Gecko; compatible; bingbot/2.0; +http://www.bing.com/bingbot.htm) Chrome/103.0.5060.134 Safari/537.36"
::ffff:43.155.118.219 - - [25/May/2023:08:34:23 +0000] "HEAD /Core/Skin/Login.aspx HTTP/1.1" 404 160 "-" "Mozilla/5.0 (Windows NT 10.0; Win64; x64) AppleWebKit/537.36 (KHTML, like Gecko) Chrome/106.0.0.0 Safari/537.36"
::ffff:170.187.143.58 - - [25/May/2023:08:36:56 +0000] "GET //.env HTTP/1.1" 404 144 "-" "Go-http-client/1.1"
::ffff:104.218.165.30 - - [25/May/2023:08:51:10 +0000] "GET / HTTP/1.1" 200 57394 "-" "-"
::ffff:104.218.165.30 - - [25/May/2023:08:51:16 +0000] "GET /images/favicon.ico HTTP/1.1" 200 3638 "-" "Mozilla/5.0 (Macintosh; Intel Mac OS X 10_7_0) AppleWebKit/535.11 (KHTML, like Gecko) Chrome/17.0.963.56 Safari/535.11"
::ffff:104.218.165.30 - - [25/May/2023:08:51:17 +0000] "GET /robots.txt HTTP/1.1" 404 149 "-" "Mozilla/5.0 (Macintosh; Intel Mac OS X 10_7_0) AppleWebKit/535.11 (KHTML, like Gecko) Chrome/17.0.963.56 Safari/535.11"
::ffff:104.218.165.30 - - [25/May/2023:08:51:17 +0000] "GET /sitemap.xml HTTP/1.1" 404 150 "-" "Mozilla/5.0 (Macintosh; Intel Mac OS X 10_7_0) AppleWebKit/535.11 (KHTML, like Gecko) Chrome/17.0.963.56 Safari/535.11"
::ffff:104.218.165.30 - - [25/May/2023:08:51:18 +0000] "GET /js/common.js HTTP/1.1" 200 2255 "-" "Go-http-client/1.1"
::ffff:87.236.176.247 - - [25/May/2023:08:51:37 +0000] "GET / HTTP/1.1" 200 57394 "-" "Mozilla/5.0 (compatible; InternetMeasurement/1.0; +https://internet-measurement.com/)"
::ffff:87.236.176.132 - - [25/May/2023:08:51:40 +0000] "GET /images/favicon.ico HTTP/1.1" 200 3638 "-" "Mozilla/5.0 (compatible; InternetMeasurement/1.0; +https://internet-measurement.com/)"
::ffff:159.65.242.149 - - [25/May/2023:09:12:24 +0000] "GET / HTTP/1.0" 200 57394 "-" "Mozilla/5.0 (X11; Linux x86_64; rv:73.0) Gecko/20100101 Firefox/73.0"
::ffff:159.65.242.149 - - [25/May/2023:09:12:49 +0000] "GET / HTTP/1.1" 200 57394 "-" "Mozilla/5.0 (X11; Linux x86_64; rv:73.0) Gecko/20100101 Firefox/73.0"
::ffff:159.65.242.149 - - [25/May/2023:09:12:49 +0000] "GET /images/favicon.ico HTTP/1.1" 200 3638 "http://34.212.47.6/" "Mozilla/5.0 (X11; Linux x86_64; rv:73.0) Gecko/20100101 Firefox/73.0"
::ffff:108.167.189.28 - - [25/May/2023:09:16:01 +0000] "GET /wordpress/ HTTP/1.1" 404 149 "-" "-"
::ffff:184.105.247.254 - - [25/May/2023:09:18:27 +0000] "GET / HTTP/1.1" 200 57394 "-" "Mozilla/5.0 (X11; Linux x86_64; rv:108.0) Gecko/20100101 Firefox/108.0"
::ffff:51.222.253.10 - - [25/May/2023:09:23:10 +0000] "GET / HTTP/1.1" 200 57394 "-" "Mozilla/5.0 (compatible; AhrefsBot/7.0; +http://ahrefs.com/robot/)"
::ffff:184.105.247.254 - - [25/May/2023:09:27:34 +0000] "GET / HTTP/1.1" 200 57394 "-" "Mozilla/5.0 (X11; Linux x86_64; rv:108.0) Gecko/20100101 Firefox/108.0"
::ffff:184.105.247.254 - - [25/May/2023:09:29:25 +0000] "GET /api/v2/static/not.found HTTP/1.1" 404 162 "-" "Mozilla/5.0 (X11; Linux x86_64; rv:108.0) Gecko/20100101 Firefox/108.0"
::ffff:184.105.247.254 - - [25/May/2023:09:30:37 +0000] "GET /geoserver/web/ HTTP/1.1" 404 153 "-" "Mozilla/5.0 (Windows NT 10.0; Win64; x64) AppleWebKit/537.36 (KHTML, like Gecko) Chrome/109.0.0.0 Safari/537.36 OPR/95.0.0.0 (Edition Yx 05)"
::ffff:198.57.27.37 - - [25/May/2023:09:30:43 +0000] "GET /.env HTTP/1.1" 404 143 "-" "Mozilla/5.0 (Macintosh; Intel Mac OS X 10.15; rv:77.0) Gecko/20100101 Firefox/77.0"
