::ffff:205.210.31.22 - - [29/Jun/2023:00:02:23 +0000] "GET / HTTP/1.0" 200 57394 "-" "Expanse, a Palo Alto Networks company, searches across the global IPv4 space multiple times per day to identify customers&#39; presences on the Internet. If you would like to be excluded from our scans, please send IP addresses/domains to: scaninfo@paloaltonetworks.com"
::ffff:205.210.31.40 - - [29/Jun/2023:00:08:59 +0000] "GET / HTTP/1.0" 200 57394 "-" "Expanse, a Palo Alto Networks company, searches across the global IPv4 space multiple times per day to identify customers&#39; presences on the Internet. If you would like to be excluded from our scans, please send IP addresses/domains to: scaninfo@paloaltonetworks.com"
::ffff:43.155.118.219 - - [29/Jun/2023:00:10:49 +0000] "HEAD /Core/Skin/Login.aspx HTTP/1.1" 404 160 "-" "Mozilla/5.0 (Windows NT 10.0; Win64; x64) AppleWebKit/537.36 (KHTML, like Gecko) Chrome/106.0.0.0 Safari/537.36"
::ffff:66.249.66.83 - - [29/Jun/2023:00:11:41 +0000] "GET /images/instructors/acohen.jpg HTTP/1.1" 200 62805 "-" "Googlebot-Image/1.0"
::ffff:45.79.171.66 - - [29/Jun/2023:00:13:06 +0000] "GET /service.php?token=1819&action=11 HTTP/1.0" 404 150 "-" "-"
::ffff:79.142.205.230 - - [29/Jun/2023:00:18:36 +0000] "GET / HTTP/1.1" 200 57394 "-" "Mozilla/5.0 (Windows NT 10.0; WOW64) AppleWebKit/537.36 (KHTML, like Gecko) Chrome/52.0.2743.116 Safari/537.36"
::ffff:51.89.5.185 - - [29/Jun/2023:00:23:51 +0000] "GET /.env HTTP/1.1" 404 143 "-" "Mozilla/5.0 (X11; Linux x86_64) AppleWebKit/537.36 (KHTML, like Gecko) Chrome/81.0.4044.129 Safari/537.36"
::ffff:51.89.5.185 - - [29/Jun/2023:00:23:52 +0000] "POST / HTTP/1.1" 404 140 "-" "Mozilla/5.0 (X11; Linux x86_64) AppleWebKit/537.36 (KHTML, like Gecko) Chrome/81.0.4044.129 Safari/537.36"
::ffff:66.249.66.84 - - [29/Jun/2023:00:27:43 +0000] "GET /ads.txt HTTP/1.1" 404 146 "-" "Mozilla/5.0 (compatible; Googlebot/2.1; +http://www.google.com/bot.html)"
::ffff:66.249.66.74 - - [29/Jun/2023:00:27:43 +0000] "GET /ads.txt HTTP/1.1" 404 146 "-" "Mozilla/5.0 (compatible; Googlebot/2.1; +http://www.google.com/bot.html)"
::ffff:66.249.66.83 - - [29/Jun/2023:00:56:41 +0000] "GET /images/schools/harborbaykaratedomap.jpg HTTP/1.1" 200 37245 "-" "Googlebot-Image/1.0"
::ffff:45.79.171.66 - - [29/Jun/2023:00:57:34 +0000] "GET /service.php?token=1819&action=11 HTTP/1.0" 404 150 "-" "-"
::ffff:114.119.147.6 - - [29/Jun/2023:01:15:40 +0000] "GET /contact?s=1&ss=8 HTTP/1.1" 200 9997 "https://wadokikai.org/" "Mozilla/5.0 (Linux; Android 7.0;) AppleWebKit/537.36 (KHTML, like Gecko) Mobile Safari/537.36 (compatible; PetalBot;+https://webmaster.petalsearch.com/site/petalbot)"
::ffff:43.155.118.219 - - [29/Jun/2023:01:28:17 +0000] "HEAD /Core/Skin/Login.aspx HTTP/1.1" 404 160 "-" "Mozilla/5.0 (Windows NT 10.0; Win64; x64) AppleWebKit/537.36 (KHTML, like Gecko) Chrome/106.0.0.0 Safari/537.36"
::ffff:179.43.162.94 - - [29/Jun/2023:01:37:03 +0000] "GET /.git/credentials HTTP/1.1" 404 155 "-" "Mozilla/5.0 (Macintosh; U; Intel Mac OS X 10_6_5; de-de) AppleWebKit/534.15  (KHTML, like Gecko) Version/5.0.3 Safari/533.19.4"
::ffff:162.216.150.101 - - [29/Jun/2023:01:40:16 +0000] "GET / HTTP/1.1" 200 57394 "-" "Expanse, a Palo Alto Networks company, searches across the global IPv4 space multiple times per day to identify customers&#39; presences on the Internet. If you would like to be excluded from our scans, please send IP addresses/domains to: scaninfo@paloaltonetworks.com"
::ffff:66.249.66.84 - - [29/Jun/2023:01:41:42 +0000] "GET /images/schools/manzanitakaratedo.jpg HTTP/1.1" 200 1829058 "-" "Googlebot-Image/1.0"
::ffff:85.143.216.214 - - [29/Jun/2023:01:42:44 +0000] "GET / HTTP/1.1" 200 57394 "-" "python-requests/2.28.2"
::ffff:154.209.125.78 - - [29/Jun/2023:01:49:24 +0000] "GET / HTTP/1.1" 200 57394 "-" "Mozilla/5.0 (Macintosh; Intel Mac OS X 10.11; rv:47.0) Gecko/20100101 Firefox/47.0"
::ffff:135.125.246.110 - - [29/Jun/2023:01:52:29 +0000] "POST / HTTP/1.1" 404 140 "-" "Mozilla/5.0 (X11; Linux x86_64) AppleWebKit/537.36 (KHTML, like Gecko) Chrome/81.0.4044.129 Safari/537.36"
::ffff:135.125.246.110 - - [29/Jun/2023:01:52:30 +0000] "GET /.env HTTP/1.1" 404 143 "-" "Mozilla/5.0 (X11; Linux x86_64) AppleWebKit/537.36 (KHTML, like Gecko) Chrome/81.0.4044.129 Safari/537.36"
::ffff:35.203.211.9 - - [29/Jun/2023:01:59:05 +0000] "GET / HTTP/1.1" 200 57394 "-" "Expanse, a Palo Alto Networks company, searches across the global IPv4 space multiple times per day to identify customers&#39; presences on the Internet. If you would like to be excluded from our scans, please send IP addresses/domains to: scaninfo@paloaltonetworks.com"
::ffff:47.103.218.132 - - [29/Jun/2023:02:00:35 +0000] "GET /.env HTTP/1.1" 404 143 "-" "Mozilla/5.0 (Windows NT 6.1) AppleWebKit/537.36 (KHTML, like Gecko) Chrome/86.0.4240.183 Safari/537.36"
::ffff:47.103.218.132 - - [29/Jun/2023:02:00:35 +0000] "GET /conf/.env HTTP/1.1" 404 148 "-" "Mozilla/5.0 (Windows NT 6.1) AppleWebKit/537.36 (KHTML, like Gecko) Chrome/86.0.4240.183 Safari/537.36"
::ffff:47.103.218.132 - - [29/Jun/2023:02:00:36 +0000] "GET /wp-content/.env HTTP/1.1" 404 154 "-" "Mozilla/5.0 (Windows NT 6.1) AppleWebKit/537.36 (KHTML, like Gecko) Chrome/86.0.4240.183 Safari/537.36"
::ffff:47.103.218.132 - - [29/Jun/2023:02:00:36 +0000] "GET /wp-admin/.env HTTP/1.1" 404 152 "-" "Mozilla/5.0 (Windows NT 6.1) AppleWebKit/537.36 (KHTML, like Gecko) Chrome/86.0.4240.183 Safari/537.36"
::ffff:47.103.218.132 - - [29/Jun/2023:02:00:37 +0000] "GET /library/.env HTTP/1.1" 404 151 "-" "Mozilla/5.0 (Windows NT 6.1) AppleWebKit/537.36 (KHTML, like Gecko) Chrome/86.0.4240.183 Safari/537.36"
::ffff:47.103.218.132 - - [29/Jun/2023:02:00:37 +0000] "GET /new/.env HTTP/1.1" 404 147 "-" "Mozilla/5.0 (Windows NT 6.1) AppleWebKit/537.36 (KHTML, like Gecko) Chrome/86.0.4240.183 Safari/537.36"
::ffff:47.103.218.132 - - [29/Jun/2023:02:00:37 +0000] "GET /vendor/.env HTTP/1.1" 404 150 "-" "Mozilla/5.0 (Windows NT 6.1) AppleWebKit/537.36 (KHTML, like Gecko) Chrome/86.0.4240.183 Safari/537.36"
::ffff:47.103.218.132 - - [29/Jun/2023:02:00:38 +0000] "GET /old/.env HTTP/1.1" 404 147 "-" "Mozilla/5.0 (Windows NT 6.1) AppleWebKit/537.36 (KHTML, like Gecko) Chrome/86.0.4240.183 Safari/537.36"
::ffff:47.103.218.132 - - [29/Jun/2023:02:00:38 +0000] "GET /local/.env HTTP/1.1" 404 149 "-" "Mozilla/5.0 (Windows NT 6.1) AppleWebKit/537.36 (KHTML, like Gecko) Chrome/86.0.4240.183 Safari/537.36"
::ffff:47.103.218.132 - - [29/Jun/2023:02:00:39 +0000] "GET /api/.env HTTP/1.1" 404 147 "-" "Mozilla/5.0 (Windows NT 6.1) AppleWebKit/537.36 (KHTML, like Gecko) Chrome/86.0.4240.183 Safari/537.36"
::ffff:47.103.218.132 - - [29/Jun/2023:02:00:39 +0000] "GET /blog/.env HTTP/1.1" 404 148 "-" "Mozilla/5.0 (Windows NT 6.1) AppleWebKit/537.36 (KHTML, like Gecko) Chrome/86.0.4240.183 Safari/537.36"
::ffff:47.103.218.132 - - [29/Jun/2023:02:00:39 +0000] "GET /crm/.env HTTP/1.1" 404 147 "-" "Mozilla/5.0 (Windows NT 6.1) AppleWebKit/537.36 (KHTML, like Gecko) Chrome/86.0.4240.183 Safari/537.36"
::ffff:47.103.218.132 - - [29/Jun/2023:02:00:40 +0000] "GET /admin/.env HTTP/1.1" 404 149 "-" "Mozilla/5.0 (Windows NT 6.1) AppleWebKit/537.36 (KHTML, like Gecko) Chrome/86.0.4240.183 Safari/537.36"
::ffff:47.103.218.132 - - [29/Jun/2023:02:00:40 +0000] "GET /laravel/.env HTTP/1.1" 404 151 "-" "Mozilla/5.0 (Windows NT 6.1) AppleWebKit/537.36 (KHTML, like Gecko) Chrome/86.0.4240.183 Safari/537.36"
::ffff:47.103.218.132 - - [29/Jun/2023:02:00:41 +0000] "GET /app/.env HTTP/1.1" 404 147 "-" "Mozilla/5.0 (Windows NT 6.1) AppleWebKit/537.36 (KHTML, like Gecko) Chrome/86.0.4240.183 Safari/537.36"
::ffff:47.103.218.132 - - [29/Jun/2023:02:00:41 +0000] "GET /app/config/.env HTTP/1.1" 404 154 "-" "Mozilla/5.0 (Windows NT 6.1) AppleWebKit/537.36 (KHTML, like Gecko) Chrome/86.0.4240.183 Safari/537.36"
::ffff:47.103.218.132 - - [29/Jun/2023:02:00:41 +0000] "GET /apps/.env HTTP/1.1" 404 148 "-" "Mozilla/5.0 (Windows NT 6.1) AppleWebKit/537.36 (KHTML, like Gecko) Chrome/86.0.4240.183 Safari/537.36"
::ffff:47.103.218.132 - - [29/Jun/2023:02:00:42 +0000] "GET /audio/.env HTTP/1.1" 404 149 "-" "Mozilla/5.0 (Windows NT 6.1) AppleWebKit/537.36 (KHTML, like Gecko) Chrome/86.0.4240.183 Safari/537.36"
::ffff:47.103.218.132 - - [29/Jun/2023:02:00:42 +0000] "GET /cgi-bin/.env HTTP/1.1" 404 151 "-" "Mozilla/5.0 (Windows NT 6.1) AppleWebKit/537.36 (KHTML, like Gecko) Chrome/86.0.4240.183 Safari/537.36"
::ffff:47.103.218.132 - - [29/Jun/2023:02:00:43 +0000] "GET /backend/.env HTTP/1.1" 404 151 "-" "Mozilla/5.0 (Windows NT 6.1) AppleWebKit/537.36 (KHTML, like Gecko) Chrome/86.0.4240.183 Safari/537.36"
::ffff:47.103.218.132 - - [29/Jun/2023:02:00:43 +0000] "GET /src/.env HTTP/1.1" 404 147 "-" "Mozilla/5.0 (Windows NT 6.1) AppleWebKit/537.36 (KHTML, like Gecko) Chrome/86.0.4240.183 Safari/537.36"
::ffff:47.103.218.132 - - [29/Jun/2023:02:00:43 +0000] "GET /base/.env HTTP/1.1" 404 148 "-" "Mozilla/5.0 (Windows NT 6.1) AppleWebKit/537.36 (KHTML, like Gecko) Chrome/86.0.4240.183 Safari/537.36"
::ffff:47.103.218.132 - - [29/Jun/2023:02:00:44 +0000] "GET /core/.env HTTP/1.1" 404 148 "-" "Mozilla/5.0 (Windows NT 6.1) AppleWebKit/537.36 (KHTML, like Gecko) Chrome/86.0.4240.183 Safari/537.36"
::ffff:47.103.218.132 - - [29/Jun/2023:02:00:44 +0000] "GET /vendor/laravel/.env HTTP/1.1" 404 158 "-" "Mozilla/5.0 (Windows NT 6.1) AppleWebKit/537.36 (KHTML, like Gecko) Chrome/86.0.4240.183 Safari/537.36"
::ffff:47.103.218.132 - - [29/Jun/2023:02:00:44 +0000] "GET /storage/.env HTTP/1.1" 404 151 "-" "Mozilla/5.0 (Windows NT 6.1) AppleWebKit/537.36 (KHTML, like Gecko) Chrome/86.0.4240.183 Safari/537.36"
::ffff:47.103.218.132 - - [29/Jun/2023:02:00:45 +0000] "GET /protected/.env HTTP/1.1" 404 153 "-" "Mozilla/5.0 (Windows NT 6.1) AppleWebKit/537.36 (KHTML, like Gecko) Chrome/86.0.4240.183 Safari/537.36"
::ffff:47.103.218.132 - - [29/Jun/2023:02:00:45 +0000] "GET /newsite/.env HTTP/1.1" 404 151 "-" "Mozilla/5.0 (Windows NT 6.1) AppleWebKit/537.36 (KHTML, like Gecko) Chrome/86.0.4240.183 Safari/537.36"
::ffff:47.103.218.132 - - [29/Jun/2023:02:00:46 +0000] "GET /www/.env HTTP/1.1" 404 147 "-" "Mozilla/5.0 (Windows NT 6.1) AppleWebKit/537.36 (KHTML, like Gecko) Chrome/86.0.4240.183 Safari/537.36"
::ffff:47.103.218.132 - - [29/Jun/2023:02:00:46 +0000] "GET /sites/all/libraries/mailchimp/.env HTTP/1.1" 404 173 "-" "Mozilla/5.0 (Windows NT 6.1) AppleWebKit/537.36 (KHTML, like Gecko) Chrome/86.0.4240.183 Safari/537.36"
::ffff:47.103.218.132 - - [29/Jun/2023:02:00:46 +0000] "GET /database/.env HTTP/1.1" 404 152 "-" "Mozilla/5.0 (Windows NT 6.1) AppleWebKit/537.36 (KHTML, like Gecko) Chrome/86.0.4240.183 Safari/537.36"
::ffff:47.103.218.132 - - [29/Jun/2023:02:00:47 +0000] "GET /public/.env HTTP/1.1" 404 150 "-" "Mozilla/5.0 (Windows NT 6.1) AppleWebKit/537.36 (KHTML, like Gecko) Chrome/86.0.4240.183 Safari/537.36"
::ffff:47.103.218.132 - - [29/Jun/2023:02:00:47 +0000] "GET /ec2-34-212-47-6.us-west-2.compute.amazonaws.com/.env HTTP/1.1" 404 191 "-" "Mozilla/5.0 (Windows NT 6.1) AppleWebKit/537.36 (KHTML, like Gecko) Chrome/86.0.4240.183 Safari/537.36"
::ffff:47.103.218.132 - - [29/Jun/2023:02:00:47 +0000] "POST / HTTP/1.1" 404 140 "-" "Mozilla/5.0 (Windows NT 6.1) AppleWebKit/537.36 (KHTML, like Gecko) Chrome/86.0.4240.183 Safari/537.36"
::ffff:47.103.218.132 - - [29/Jun/2023:02:00:48 +0000] "GET /vendor/phpunit/phpunit/src/Util/PHP/eval-stdin.php HTTP/1.1" 404 189 "-" "Mozilla/5.0 (Windows NT 6.1) AppleWebKit/537.36 (KHTML, like Gecko) Chrome/86.0.4240.183 Safari/537.36"
::ffff:49.83.16.99 - - [29/Jun/2023:02:04:02 +0000] "GET /contact?s=1&ss=7 HTTP/1.1" 200 9997 "-" "Mozilla/5.0 (Windows NT 10.0; WOW64) AppleWebKit/537.36 (KHTML, like Gecko) Chrome/103.0.0.0 Safari/537.36 Vivaldi/5.3.2679.68"
::ffff:49.83.16.99 - - [29/Jun/2023:02:04:04 +0000] "POST /sendemail HTTP/1.1" 302 82 "http://wadokikai.org/contact?s=1&ss=7" "Mozilla/5.0 (Windows NT 10.0; WOW64) AppleWebKit/537.36 (KHTML, like Gecko) Chrome/103.0.0.0 Safari/537.36 Vivaldi/5.3.2679.68"
::ffff:49.83.16.99 - - [29/Jun/2023:02:04:04 +0000] "GET /contact/?err=error HTTP/1.1" 200 10572 "http://wadokikai.org/sendemail" "Mozilla/5.0 (Windows NT 10.0; WOW64) AppleWebKit/537.36 (KHTML, like Gecko) Chrome/103.0.0.0 Safari/537.36 Vivaldi/5.3.2679.68"
::ffff:185.191.171.3 - - [29/Jun/2023:02:20:17 +0000] "GET /robots.txt HTTP/1.1" 404 149 "-" "Mozilla/5.0 (compatible; SemrushBot/7~bl; +http://www.semrush.com/bot.html)"
::ffff:185.191.171.22 - - [29/Jun/2023:02:20:17 +0000] "GET /contact?s=1&ss=5 HTTP/1.1" 200 9997 "-" "Mozilla/5.0 (compatible; SemrushBot/7~bl; +http://www.semrush.com/bot.html)"
::ffff:66.249.66.83 - - [29/Jun/2023:02:26:41 +0000] "GET /images/instructors/RuPaster.jpg HTTP/1.1" 200 75352 "-" "Googlebot-Image/1.0"
::ffff:185.254.196.186 - - [29/Jun/2023:02:32:21 +0000] "GET /.env HTTP/1.1" 404 143 "-" "Mozilla/5.0 (X11; Linux x86_64) AppleWebKit/537.36 (KHTML, like Gecko) Chrome/81.0.4044.129 Safari/537.36"
::ffff:185.254.196.186 - - [29/Jun/2023:02:32:21 +0000] "POST / HTTP/1.1" 404 140 "-" "Mozilla/5.0 (X11; Linux x86_64) AppleWebKit/537.36 (KHTML, like Gecko) Chrome/81.0.4044.129 Safari/537.36"
::ffff:45.79.171.66 - - [29/Jun/2023:02:37:44 +0000] "GET /service.php?token=1819&action=11 HTTP/1.0" 404 150 "-" "-"
::ffff:54.71.105.36 - - [29/Jun/2023:02:38:10 +0000] "GET /.well-known/acme-challenge/_WEKRP5N7k8uE-0sIcIzt4i-Tc0F8YxOErbqR7Q3vKk HTTP/1.1" 404 209 "-" "Mozilla/5.0 (compatible; Let's Encrypt validation server; +https://www.letsencrypt.org)"
::ffff:18.220.184.210 - - [29/Jun/2023:02:38:10 +0000] "GET /.well-known/acme-challenge/_WEKRP5N7k8uE-0sIcIzt4i-Tc0F8YxOErbqR7Q3vKk HTTP/1.1" 404 209 "-" "Mozilla/5.0 (compatible; Let's Encrypt validation server; +https://www.letsencrypt.org)"
::ffff:23.178.112.103 - - [29/Jun/2023:02:38:10 +0000] "GET /.well-known/acme-challenge/_WEKRP5N7k8uE-0sIcIzt4i-Tc0F8YxOErbqR7Q3vKk HTTP/1.1" 404 209 "-" "Mozilla/5.0 (compatible; Let's Encrypt validation server; +https://www.letsencrypt.org)"
::ffff:3.138.245.232 - - [29/Jun/2023:02:38:16 +0000] "GET /.well-known/acme-challenge/ofvhKOFVpUKNOecnJuVIT8rTpVC4POYJYXYB3mKA2YE HTTP/1.1" 404 209 "-" "Mozilla/5.0 (compatible; Let's Encrypt validation server; +https://www.letsencrypt.org)"
::ffff:54.71.105.36 - - [29/Jun/2023:02:38:16 +0000] "GET /.well-known/acme-challenge/ofvhKOFVpUKNOecnJuVIT8rTpVC4POYJYXYB3mKA2YE HTTP/1.1" 404 209 "-" "Mozilla/5.0 (compatible; Let's Encrypt validation server; +https://www.letsencrypt.org)"
::ffff:23.178.112.107 - - [29/Jun/2023:02:38:16 +0000] "GET /.well-known/acme-challenge/ofvhKOFVpUKNOecnJuVIT8rTpVC4POYJYXYB3mKA2YE HTTP/1.1" 404 209 "-" "Mozilla/5.0 (compatible; Let's Encrypt validation server; +https://www.letsencrypt.org)"
::ffff:135.125.246.110 - - [29/Jun/2023:02:44:05 +0000] "POST / HTTP/1.1" 404 140 "-" "Mozilla/5.0 (X11; Linux x86_64) AppleWebKit/537.36 (KHTML, like Gecko) Chrome/81.0.4044.129 Safari/537.36"
::ffff:135.125.246.110 - - [29/Jun/2023:02:44:06 +0000] "GET /.env HTTP/1.1" 404 143 "-" "Mozilla/5.0 (X11; Linux x86_64) AppleWebKit/537.36 (KHTML, like Gecko) Chrome/81.0.4044.129 Safari/537.36"
::ffff:54.36.149.43 - - [29/Jun/2023:02:45:09 +0000] "GET /robots.txt HTTP/1.1" 404 149 "-" "Mozilla/5.0 (compatible; AhrefsBot/7.0; +http://ahrefs.com/robot/)"
::ffff:51.222.253.12 - - [29/Jun/2023:02:45:11 +0000] "GET / HTTP/1.1" 200 57394 "-" "Mozilla/5.0 (compatible; AhrefsBot/7.0; +http://ahrefs.com/robot/)"
::ffff:43.155.118.219 - - [29/Jun/2023:02:46:01 +0000] "HEAD /Core/Skin/Login.aspx HTTP/1.1" 404 160 "-" "Mozilla/5.0 (Windows NT 10.0; Win64; x64) AppleWebKit/537.36 (KHTML, like Gecko) Chrome/106.0.0.0 Safari/537.36"
::ffff:109.237.98.226 - - [29/Jun/2023:02:48:36 +0000] "GET /.env HTTP/1.1" 404 143 "-" "Mozilla/5.0 (X11; Linux x86_64) AppleWebKit/537.36 (KHTML, like Gecko) Chrome/81.0.4044.129 Safari/537.36"
::ffff:179.43.162.94 - - [29/Jun/2023:02:58:34 +0000] "GET /s3cmd.ini HTTP/1.1" 404 148 "-" "Mozilla/5.0 (X11; U; Linux x86_64; en-US) AppleWebKit/540.0 (KHTML, like Gecko) Ubuntu/10.10 Chrome/9.1.0.0 Safari/540.0"
::ffff:185.180.143.137 - - [29/Jun/2023:02:59:49 +0000] "GET / HTTP/1.1" 200 57394 "-" "Mozilla/5.0 (Windows NT 10.0; Win64; x64) AppleWebKit/537.36 (KHTML, like Gecko) Chrome/60.0.3112.113 Safari/537.36"
::ffff:192.241.196.59 - - [29/Jun/2023:03:04:15 +0000] "GET /autodiscover/autodiscover.json?@zdi/Powershell HTTP/1.1" 404 169 "-" "Mozilla/5.0 zgrab/0.x"
::ffff:66.249.66.84 - - [29/Jun/2023:03:11:41 +0000] "GET /images/instructors/jorge8th.jpg HTTP/1.1" 200 26779 "-" "Googlebot-Image/1.0"
::ffff:162.243.140.32 - - [29/Jun/2023:03:19:23 +0000] "GET /login HTTP/1.1" 404 144 "-" "Mozilla/5.0 zgrab/0.x"
::ffff:124.235.138.241 - - [29/Jun/2023:03:26:25 +0000] "GET / HTTP/1.0" 200 57394 "-" "-"
::ffff:198.199.97.61 - - [29/Jun/2023:03:28:17 +0000] "GET /ReportServer HTTP/1.1" 404 151 "-" "Mozilla/5.0 zgrab/0.x"
::ffff:147.182.168.210 - - [29/Jun/2023:03:50:17 +0000] "GET / HTTP/1.1" - - "-" "-"
::ffff:147.182.168.210 - - [29/Jun/2023:03:50:19 +0000] "GET / HTTP/1.1" 200 57394 "-" "Mozilla/5.0 (Linux; Android 6.0; HTC One M9 Build/MRA34448) AppleWebKit/537.36 (KHTML, like Gecko) Chrome/52.0.5843.98 Mobile Safari/537.3"
::ffff:147.182.168.210 - - [29/Jun/2023:03:50:19 +0000] "GET /.vscode/sftp.json HTTP/1.1" 404 156 "-" "Go-http-client/1.1"
::ffff:147.182.168.210 - - [29/Jun/2023:03:50:19 +0000] "GET /about HTTP/1.1" 404 144 "-" "Go-http-client/1.1"
::ffff:147.182.168.210 - - [29/Jun/2023:03:50:20 +0000] "GET /debug/default/view?panel=config HTTP/1.1" 404 157 "-" "Go-http-client/1.1"
::ffff:147.182.168.210 - - [29/Jun/2023:03:50:20 +0000] "GET /v2/_catalog HTTP/1.1" 404 150 "-" "Go-http-client/1.1"
::ffff:147.182.168.210 - - [29/Jun/2023:03:50:20 +0000] "GET /ecp/Current/exporttool/microsoft.exchange.ediscovery.exporttool.application HTTP/1.1" 404 214 "-" "Go-http-client/1.1"
::ffff:147.182.168.210 - - [29/Jun/2023:03:50:20 +0000] "GET /server-status HTTP/1.1" 404 152 "-" "Go-http-client/1.1"
::ffff:147.182.168.210 - - [29/Jun/2023:03:50:21 +0000] "GET /login.action HTTP/1.1" 404 151 "-" "Go-http-client/1.1"
::ffff:147.182.168.210 - - [29/Jun/2023:03:50:21 +0000] "GET /_all_dbs HTTP/1.1" 404 147 "-" "Mozilla/5.0 (l9scan/2.0.63e27343e2231323e24333; +https://leakix.net)"
::ffff:147.182.168.210 - - [29/Jun/2023:03:50:21 +0000] "GET /.DS_Store HTTP/1.1" 404 148 "-" "Go-http-client/1.1"
::ffff:147.182.168.210 - - [29/Jun/2023:03:50:21 +0000] "GET /.env HTTP/1.1" 404 143 "-" "Go-http-client/1.1"
::ffff:147.182.168.210 - - [29/Jun/2023:03:50:22 +0000] "GET /.git/config HTTP/1.1" 404 150 "-" "Go-http-client/1.1"
::ffff:147.182.168.210 - - [29/Jun/2023:03:50:22 +0000] "GET /s/63e27343e2231323e24333/_/;/META-INF/maven/com.atlassian.jira/jira-webapp-dist/pom.properties HTTP/1.1" 404 233 "-" "Go-http-client/1.1"
::ffff:147.182.168.210 - - [29/Jun/2023:03:50:22 +0000] "GET /config.json HTTP/1.1" 404 150 "-" "Go-http-client/1.1"
::ffff:147.182.168.210 - - [29/Jun/2023:03:50:22 +0000] "GET /telescope/requests HTTP/1.1" 404 157 "-" "Go-http-client/1.1"
::ffff:147.182.168.210 - - [29/Jun/2023:03:50:23 +0000] "GET /?rest_route=/wp/v2/users/ HTTP/1.1" 200 57394 "-" "Go-http-client/1.1"
::ffff:66.249.66.83 - - [29/Jun/2023:03:56:41 +0000] "GET /images/fbpic.webp HTTP/1.1" 200 986 "-" "Googlebot-Image/1.0"
::ffff:51.89.5.185 - - [29/Jun/2023:03:58:11 +0000] "GET /.env HTTP/1.1" 404 143 "-" "Mozilla/5.0 (X11; Linux x86_64) AppleWebKit/537.36 (KHTML, like Gecko) Chrome/81.0.4044.129 Safari/537.36"
::ffff:51.89.5.185 - - [29/Jun/2023:03:58:11 +0000] "POST / HTTP/1.1" 404 140 "-" "Mozilla/5.0 (X11; Linux x86_64) AppleWebKit/537.36 (KHTML, like Gecko) Chrome/81.0.4044.129 Safari/537.36"
::ffff:43.155.118.219 - - [29/Jun/2023:04:04:00 +0000] "HEAD /Core/Skin/Login.aspx HTTP/1.1" 404 160 "-" "Mozilla/5.0 (Windows NT 10.0; Win64; x64) AppleWebKit/537.36 (KHTML, like Gecko) Chrome/106.0.0.0 Safari/537.36"
::ffff:34.78.6.216 - - [29/Jun/2023:04:12:41 +0000] "GET / HTTP/1.1" 200 57394 "-" "python-requests/2.31.0"
::ffff:45.79.171.66 - - [29/Jun/2023:04:14:00 +0000] "GET /service.php?token=1819&action=11 HTTP/1.0" 404 150 "-" "-"
::ffff:179.43.162.94 - - [29/Jun/2023:04:27:30 +0000] "GET /.git/config HTTP/1.1" 404 150 "-" "FeedFetcher-Google; ( http://www.google.com/feedfetcher.html)"
::ffff:124.234.155.92 - admin [29/Jun/2023:04:36:05 +0000] "POST /mgmt/tm/util/bash HTTP/1.1" 404 157 "-" "Mozilla/5.0 (Windows NT 10.0; Win64; x64) AppleWebKit/537.36 (KHTML, like Gecko) Chrome/63.0.3239.84 Safari/537.36"
::ffff:124.234.155.92 - - [29/Jun/2023:04:36:06 +0000] "GET / HTTP/1.1" 200 57394 "-" "curl/7.58.0"
::ffff:52.3.233.192 - - [29/Jun/2023:04:49:02 +0000] "GET / HTTP/1.1" 200 57394 "-" "Mozilla/5.0 (X11; Linux i686) AppleWebKit/535.1 (KHTML, like Gecko) Ubuntu/11.04 Chromium/14.0.825.0 Chrome/14.0.825.0 Safari/535.1"
::ffff:52.3.233.192 - - [29/Jun/2023:04:49:31 +0000] "GET //code.jquery.com/jquery-3.2.1.min.js HTTP/1.1" 404 175 "-" "Mozilla/5.0 (X11; Linux i686 (x86_64)) AppleWebKit/537.36 (KHTML, like Gecko) Chrome/62.0.3187.0 Safari/537.366"
::ffff:52.3.233.192 - - [29/Jun/2023:04:49:31 +0000] "GET //cdn.js HTTP/1.1" 404 146 "-" "Opera/9.25 (Windows NT 6.0; U; en)"
::ffff:52.3.233.192 - - [29/Jun/2023:04:49:31 +0000] "GET //maxcdn.bootstrapcdn.com/bootstrap/4.0.0/js/bootstrap.min.js HTTP/1.1" 404 199 "-" "Mozilla/5.0 (Windows NT 6.2; WOW64) AppleWebKit/537.36 (KHTML like Gecko) Chrome/28.0.1469.0 Safari/537.36"
::ffff:52.3.233.192 - - [29/Jun/2023:04:49:31 +0000] "GET /common.js HTTP/1.1" 404 148 "-" "Mozilla/5.0 (OS/2; Warp 4.5; rv:45.0) Gecko/20100101 Firefox/45.0 SeaMonkey/2.42.9esr"
::ffff:52.3.233.192 - - [29/Jun/2023:04:49:31 +0000] "GET //code.jquery.com/jquery-3.2.1.slim.min.js HTTP/1.1" 404 180 "-" "Opera/9.30 (Nintendo Wii; U; ; 2047-7; en)"
::ffff:52.3.233.192 - - [29/Jun/2023:04:49:31 +0000] "GET /ie7/ie7-standard-p.js HTTP/1.1" 404 160 "-" "Mozilla/5.0 (iPhone; U; CPU iPhone OS 5_1_1 like Mac OS X; da-dk) AppleWebKit/534.46.0 (KHTML, like Gecko) CriOS/19.0.1084.60 Mobile/9B206 Safari/7534.48.3"
::ffff:52.3.233.192 - - [29/Jun/2023:04:49:31 +0000] "GET /dist/js/bootstrap.bundle.min.js HTTP/1.1" 404 170 "-" "Mozilla/5.0 (Windows NT 6.1; WOW64) AppleWebKit/536.6 (KHTML, like Gecko) Chrome/20.0.1092.0 Safari/536.6"
::ffff:52.3.233.192 - - [29/Jun/2023:04:49:33 +0000] "GET //cdnjs.cloudflare.com/ajax/libs/popper.js/1.12.9/umd/popper.min.js HTTP/1.1" 404 205 "-" "Mozilla/5.0 (Windows Phone 8.1; ARM; Trident/7.0; Touch; rv:11.0; IEMobile/11.0; NOKIA; Lumia 920) like Gecko"
::ffff:52.3.233.192 - - [29/Jun/2023:04:50:08 +0000] "GET //maxcdn.bootstrapcdn.com/bootstrap/4.0.0/js/bootstrap.min.js HTTP/1.1" 404 199 "-" "SonyEricssonT650i/R7AA Browser/NetFront/3.3 Profile/MIDP-2.0 Configuration/CLDC-1.1"
::ffff:52.3.233.192 - - [29/Jun/2023:04:50:08 +0000] "GET /dist/js/bootstrap.bundle.min.js HTTP/1.1" 404 170 "-" "Mozilla/5.0 (compatible; archive.org_bot; Wayback Machine Live Record; +http://archive.org/details/archive.org_bot)"
::ffff:52.3.233.192 - - [29/Jun/2023:04:50:08 +0000] "GET /common.js HTTP/1.1" 404 148 "-" "Mozilla/5.0 (Linux; Android 11; RMX1851) AppleWebKit/537.36 (KHTML, like Gecko) Chrome/90.0.4430.210 Mobile Safari/537.36"
::ffff:52.3.233.192 - - [29/Jun/2023:04:50:08 +0000] "GET /ie7/ie7-standard-p.js HTTP/1.1" 404 160 "-" "Mozilla/5.0 (X11; CrOS i686 2268.111.0) AppleWebKit/536.11 (KHTML, like Gecko) Chrome/20.0.1132.57 Safari/536.11"
::ffff:52.3.233.192 - - [29/Jun/2023:04:50:09 +0000] "GET //cdnjs.cloudflare.com/ajax/libs/popper.js/1.12.9/umd/popper.min.js HTTP/1.1" 404 205 "-" "Mozilla/5.0 (Macintosh; Intel Mac OS X 10_15_7) AppleWebKit/537.36 (KHTML, like Gecko) Chrome/100.0.4692.56 Safari/537.36"
::ffff:52.3.233.192 - - [29/Jun/2023:04:50:09 +0000] "GET //cdn.js HTTP/1.1" 404 146 "-" "Mozilla/5.0 (X11; Linux x86_64) AppleWebKit/536.5 (KHTML, like Gecko) Chrome/19.0.1084.9 Safari/536.5"
::ffff:52.3.233.192 - - [29/Jun/2023:04:50:09 +0000] "GET //code.jquery.com/jquery-3.2.1.min.js HTTP/1.1" 404 175 "-" "Mozilla/5.0 (X11; Linux i686; rv:2.0b6pre) Gecko/20100907 Firefox/4.0b6pre"
::ffff:52.3.233.192 - - [29/Jun/2023:04:50:09 +0000] "GET //code.jquery.com/jquery-3.2.1.slim.min.js HTTP/1.1" 404 180 "-" "Mozilla/5.0 (X11; Linux x86_64; rv:91.0) Gecko/20100101 Firefox/91.0"
::ffff:52.3.233.192 - - [29/Jun/2023:04:50:58 +0000] "GET /common.js HTTP/1.1" 404 148 "-" "Mozilla/5.0 (Windows; U; Windows NT 6.0; en-US) AppleWebKit/533.1 (KHTML, like Gecko) Maxthon/3.0.8.2 Safari/533.1"
::ffff:52.3.233.192 - - [29/Jun/2023:04:50:58 +0000] "GET //code.jquery.com/jquery-3.2.1.slim.min.js HTTP/1.1" 404 180 "-" "Facebot"
::ffff:52.3.233.192 - - [29/Jun/2023:04:50:58 +0000] "GET //maxcdn.bootstrapcdn.com/bootstrap/4.0.0/js/bootstrap.min.js HTTP/1.1" 404 199 "-" "Mozilla/5.0 (iPod; CPU iPhone OS 8_4 like Mac OS X) AppleWebKit/600.1.4 (KHTML, like Gecko) CriOS/44.0.2403.67 Mobile/12H143 Safari/600.1.4"
::ffff:52.3.233.192 - - [29/Jun/2023:04:50:58 +0000] "GET /dist/js/bootstrap.bundle.min.js HTTP/1.1" 404 170 "-" "Mozilla/5.0 (iPad; CPU OS 7_0 like Mac OS X) AppleWebKit/537.51.1 (KHTML, like Gecko) CriOS/30.0.1599.12 Mobile/11A465 Safari/8536.25 (3B92C18B-D9DE-4CB7-A02A-22FD2AF17C8F)"
::ffff:52.3.233.192 - - [29/Jun/2023:04:50:58 +0000] "GET //cdn.js HTTP/1.1" 404 146 "-" "Mozilla/5.0 (X11; Ubuntu; Linux x86_64; rv:35.0) Gecko/20100101 Firefox/35.0"
::ffff:52.3.233.192 - - [29/Jun/2023:04:50:58 +0000] "GET /ie7/ie7-standard-p.js HTTP/1.1" 404 160 "-" "SonyEricssonK810i/R1KG Browser/NetFront/3.3 Profile/MIDP-2.0 Configuration/CLDC-1.1"
::ffff:52.3.233.192 - - [29/Jun/2023:04:51:01 +0000] "GET //cdnjs.cloudflare.com/ajax/libs/popper.js/1.12.9/umd/popper.min.js HTTP/1.1" 404 205 "-" "Mozilla/5.0 (Linux; Android 12; M2101K6G) AppleWebKit/537.36 (KHTML, like Gecko) Chrome/97.0.4692.98 Mobile Safari/537.36"
::ffff:52.3.233.192 - - [29/Jun/2023:04:51:01 +0000] "GET //code.jquery.com/jquery-3.2.1.min.js HTTP/1.1" 404 175 "-" "Mozilla/5.0 (PlayBook; U; RIM Tablet OS 2.1.0; en-US) AppleWebKit/536.2+ (KHTML like Gecko) Version/7.2.1.0 Safari/536.2+"
::ffff:52.3.233.192 - - [29/Jun/2023:04:51:50 +0000] "GET //code.jquery.com/jquery-3.2.1.min.js HTTP/1.1" 404 175 "-" "Mozilla/5.0 (Macintosh; Intel Mac OS X 10_14_6) AppleWebKit/537.36 (KHTML, like Gecko) Chrome/101.0.4951.64 Safari/537.36"
::ffff:52.3.233.192 - - [29/Jun/2023:04:51:50 +0000] "GET //cdn.js HTTP/1.1" 404 146 "-" "Mozilla/5.0 (Linux; Android 9; SM-G950F) AppleWebKit/537.36 (KHTML, like Gecko) Chrome/94.0.4606.85 Mobile Safari/537.36"
::ffff:52.3.233.192 - - [29/Jun/2023:04:51:50 +0000] "GET //cdnjs.cloudflare.com/ajax/libs/popper.js/1.12.9/umd/popper.min.js HTTP/1.1" 404 205 "-" "Mozilla/5.0 (Macintosh; Intel Mac OS X 10_6_8) AppleWebKit/535.7 (KHTML, like Gecko) Chrome/16.0.912.36 Safari/535.7"
::ffff:52.3.233.192 - - [29/Jun/2023:04:51:50 +0000] "GET /common.js HTTP/1.1" 404 148 "-" "Mozilla/5.0 (Linux; Android 12; KB2005) AppleWebKit/537.36 (KHTML, like Gecko) Chrome/101.0.4951.61 Mobile Safari/537.36"
::ffff:52.3.233.192 - - [29/Jun/2023:04:51:50 +0000] "GET /dist/js/bootstrap.bundle.min.js HTTP/1.1" 404 170 "-" "Mozilla/5.0 (Windows NT 10.0; WOW64) AppleWebKit/537.36 (KHTML, like Gecko) Chrome/48.0.2564.116 UBrowser/5.6.13705.206 Safari/537.36"
::ffff:52.3.233.192 - - [29/Jun/2023:04:51:50 +0000] "GET //code.jquery.com/jquery-3.2.1.slim.min.js HTTP/1.1" 404 180 "-" "Mozilla/5.0 (Linux; Android 7.1.1; XT1710-02 Build/NDS26.74-36) AppleWebKit/537.36 (KHTML, like Gecko) Chrome/59.0.3071.125 Mobile Safari/537.36"
::ffff:52.3.233.192 - - [29/Jun/2023:04:51:50 +0000] "GET //maxcdn.bootstrapcdn.com/bootstrap/4.0.0/js/bootstrap.min.js HTTP/1.1" 404 199 "-" "BlackBerry7520/4.0.0 Profile/MIDP-2.0 Configuration/CLDC-1.1 UP.Browser/5.0.3.3 UP.Link/5.1.2.12 (Google WAP Proxy/1.0)"
::ffff:52.3.233.192 - - [29/Jun/2023:04:51:50 +0000] "GET /ie7/ie7-standard-p.js HTTP/1.1" 404 160 "-" "Mozilla/5.0 (Linux; Android 11; RMX2027) AppleWebKit/537.36 (KHTML, like Gecko) Chrome/101.0.4951.41 Mobile Safari/537.36"
::ffff:52.3.233.192 - - [29/Jun/2023:04:52:53 +0000] "GET //cdnjs.cloudflare.com/ajax/libs/popper.js/1.12.9/umd/popper.min.js HTTP/1.1" 404 205 "-" "iTunes/9.0.3 (Macintosh; U; Intel Mac OS X 10_6_2; en-ca)"
::ffff:52.3.233.192 - - [29/Jun/2023:04:52:53 +0000] "GET //code.jquery.com/jquery-3.2.1.slim.min.js HTTP/1.1" 404 180 "-" "Mozilla/5.0 (X11; U; Linux; en-US) AppleWebKit/527  (KHTML, like Gecko, Safari/419.3) Arora/0.10.1"
::ffff:52.3.233.192 - - [29/Jun/2023:04:52:53 +0000] "GET //maxcdn.bootstrapcdn.com/bootstrap/4.0.0/js/bootstrap.min.js HTTP/1.1" 404 199 "-" "Mozilla/5.0 (X11; Linux i686; rv:28.0) Gecko/20100101 Firefox/28.0"
::ffff:52.3.233.192 - - [29/Jun/2023:04:52:53 +0000] "GET //cdn.js HTTP/1.1" 404 146 "-" "Mozilla/5.0 (Windows NT 10.0; WOW64; Trident/7.0; Touch; MALNJS; rv:11.0) like Gecko"
::ffff:52.3.233.192 - - [29/Jun/2023:04:52:53 +0000] "GET /ie7/ie7-standard-p.js HTTP/1.1" 404 160 "-" "Opera/9.80 (Macintosh; Intel Mac OS X 10.6.8; U; fr) Presto/2.9.168 Version/11.52"
::ffff:52.3.233.192 - - [29/Jun/2023:04:52:53 +0000] "GET /common.js HTTP/1.1" 404 148 "-" "Mozilla/4.0 (compatible; MSIE 7.0; Windows NT 6.0)"
::ffff:52.3.233.192 - - [29/Jun/2023:04:52:53 +0000] "GET /dist/js/bootstrap.bundle.min.js HTTP/1.1" 404 170 "-" "Mozilla/5.0 (Macintosh; Intel Mac OS X 10_15_7) AppleWebKit/605.1.15 (KHTML, like Gecko) Version/15.0 Safari/605.1.15"
::ffff:52.3.233.192 - - [29/Jun/2023:04:52:53 +0000] "GET //code.jquery.com/jquery-3.2.1.min.js HTTP/1.1" 404 175 "-" "Mozilla/5.0 (Macintosh; Intel Mac OS X 10_13_6) AppleWebKit/605.1.15 (KHTML, like Gecko) Version/13.1.2 Safari/605.1.15"
::ffff:17.241.227.24 - - [29/Jun/2023:05:00:26 +0000] "GET /robots.txt HTTP/1.1" 404 149 "-" "Mozilla/5.0 (Macintosh; Intel Mac OS X 10_15_5) AppleWebKit/605.1.15 (KHTML, like Gecko) Version/13.1.1 Safari/605.1.15 (Applebot/0.1; +http://www.apple.com/go/applebot)"
::ffff:17.241.227.24 - - [29/Jun/2023:05:00:26 +0000] "GET / HTTP/1.1" 200 57394 "-" "Mozilla/5.0 (Macintosh; Intel Mac OS X 10_15_5) AppleWebKit/605.1.15 (KHTML, like Gecko) Version/13.1.1 Safari/605.1.15 (Applebot/0.1; +http://www.apple.com/go/applebot)"
::ffff:43.155.118.219 - - [29/Jun/2023:05:22:19 +0000] "HEAD /Core/Skin/Login.aspx HTTP/1.1" 404 160 "-" "Mozilla/5.0 (Windows NT 10.0; Win64; x64) AppleWebKit/537.36 (KHTML, like Gecko) Chrome/106.0.0.0 Safari/537.36"
::ffff:66.249.66.84 - - [29/Jun/2023:05:26:41 +0000] "GET /images/instructors/grant.jpg HTTP/1.1" 200 14249 "-" "Googlebot-Image/1.0"
::ffff:135.125.246.110 - - [29/Jun/2023:05:29:12 +0000] "POST / HTTP/1.1" 404 140 "-" "Mozilla/5.0 (X11; Linux x86_64) AppleWebKit/537.36 (KHTML, like Gecko) Chrome/81.0.4044.129 Safari/537.36"
::ffff:135.125.246.110 - - [29/Jun/2023:05:29:13 +0000] "GET /.env HTTP/1.1" 404 143 "-" "Mozilla/5.0 (X11; Linux x86_64) AppleWebKit/537.36 (KHTML, like Gecko) Chrome/81.0.4044.129 Safari/537.36"
::ffff:51.89.5.185 - - [29/Jun/2023:05:36:10 +0000] "GET /.env HTTP/1.1" 404 143 "-" "Mozilla/5.0 (X11; Linux x86_64) AppleWebKit/537.36 (KHTML, like Gecko) Chrome/81.0.4044.129 Safari/537.36"
::ffff:51.89.5.185 - - [29/Jun/2023:05:36:11 +0000] "POST / HTTP/1.1" 404 140 "-" "Mozilla/5.0 (X11; Linux x86_64) AppleWebKit/537.36 (KHTML, like Gecko) Chrome/81.0.4044.129 Safari/537.36"
::ffff:192.185.4.106 - - [29/Jun/2023:05:43:41 +0000] "GET / HTTP/1.1" 200 57394 "-" "-"
::ffff:117.235.54.86 - - [29/Jun/2023:05:54:10 +0000] "GET / HTTP/1.1" 200 57394 "-" "Mozilla/5.0 (Macintosh; Intel Mac OS X 10_11_6) AppleWebKit/601.7.7 (KHTML, like Gecko) Version/9.1.2 Safari/601.7.7"
::ffff:157.245.8.181 - - [29/Jun/2023:05:54:22 +0000] "GET / HTTP/1.0" 200 57394 "-" "Mozilla/5.0 (X11; Linux x86_64; rv:73.0) Gecko/20100101 Firefox/73.0"
::ffff:114.119.154.11 - - [29/Jun/2023:06:12:41 +0000] "GET /contact?s=1&ss=2 HTTP/1.1" 200 9997 "https://wadokikai.org/" "Mozilla/5.0 (Linux; Android 7.0;) AppleWebKit/537.36 (KHTML, like Gecko) Mobile Safari/537.36 (compatible; PetalBot;+https://webmaster.petalsearch.com/site/petalbot)"
::ffff:45.79.171.66 - - [29/Jun/2023:06:22:58 +0000] "GET /service.php?token=1819&action=11 HTTP/1.0" 404 150 "-" "-"
::ffff:157.245.8.181 - - [29/Jun/2023:06:25:58 +0000] "GET / HTTP/1.1" 200 57394 "-" "Mozilla/5.0 (X11; Linux x86_64; rv:73.0) Gecko/20100101 Firefox/73.0"
::ffff:157.245.8.181 - - [29/Jun/2023:06:25:59 +0000] "GET /images/favicon.ico HTTP/1.1" 200 3638 "http://34.212.47.6/" "Mozilla/5.0 (X11; Linux x86_64; rv:73.0) Gecko/20100101 Firefox/73.0"
::ffff:135.125.246.110 - - [29/Jun/2023:06:29:59 +0000] "POST / HTTP/1.1" 404 140 "-" "Mozilla/5.0 (X11; Linux x86_64) AppleWebKit/537.36 (KHTML, like Gecko) Chrome/81.0.4044.129 Safari/537.36"
::ffff:135.125.246.110 - - [29/Jun/2023:06:29:59 +0000] "GET /.env HTTP/1.1" 404 143 "-" "Mozilla/5.0 (X11; Linux x86_64) AppleWebKit/537.36 (KHTML, like Gecko) Chrome/81.0.4044.129 Safari/537.36"
::ffff:45.128.232.62 - - [29/Jun/2023:06:36:33 +0000] "GET / HTTP/1.1" 200 57394 "-" "Linux Gnu (cow)"
::ffff:114.119.153.106 - - [29/Jun/2023:06:39:54 +0000] "GET /contact?s=1&ss=4 HTTP/1.1" 200 9997 "http://www.wadokikai.org/schools" "Mozilla/5.0 (Linux; Android 7.0;) AppleWebKit/537.36 (KHTML, like Gecko) Mobile Safari/537.36 (compatible; PetalBot;+https://webmaster.petalsearch.com/site/petalbot)"
::ffff:43.155.118.219 - - [29/Jun/2023:06:41:04 +0000] "HEAD /Core/Skin/Login.aspx HTTP/1.1" 404 160 "-" "Mozilla/5.0 (Windows NT 10.0; Win64; x64) AppleWebKit/537.36 (KHTML, like Gecko) Chrome/106.0.0.0 Safari/537.36"
::ffff:134.122.103.182 - - [29/Jun/2023:07:02:25 +0000] "GET /contact?s=1&ss=10 HTTP/1.1" 200 9997 "-" "Mozilla/5.0 (Macintosh; Intel Mac OS X 10_15_7) AppleWebKit/537.36 (KHTML, like Gecko) Chrome/114.0.5735.106 Safari/537.36"
::ffff:87.236.176.252 - - [29/Jun/2023:07:02:55 +0000] "GET / HTTP/1.1" 200 57394 "-" "Mozilla/5.0 (compatible; InternetMeasurement/1.0; +https://internet-measurement.com/)"
::ffff:87.236.176.179 - - [29/Jun/2023:07:02:57 +0000] "GET /images/favicon.ico HTTP/1.1" 200 3638 "-" "Mozilla/5.0 (compatible; InternetMeasurement/1.0; +https://internet-measurement.com/)"
::ffff:185.254.196.186 - - [29/Jun/2023:07:05:32 +0000] "GET /.env HTTP/1.1" 404 143 "-" "Mozilla/5.0 (X11; Linux x86_64) AppleWebKit/537.36 (KHTML, like Gecko) Chrome/81.0.4044.129 Safari/537.36"
::ffff:185.254.196.186 - - [29/Jun/2023:07:05:32 +0000] "POST / HTTP/1.1" 404 140 "-" "Mozilla/5.0 (X11; Linux x86_64) AppleWebKit/537.36 (KHTML, like Gecko) Chrome/81.0.4044.129 Safari/537.36"
::ffff:49.192.100.71 - - [29/Jun/2023:07:06:48 +0000] "GET /docs/Bushido-code.pdf HTTP/1.1" 200 691794 "https://www.google.com/" "Mozilla/5.0 (Linux; Android 10; K) AppleWebKit/537.36 (KHTML, like Gecko) Chrome/114.0.0.0 Mobile Safari/537.36"
::ffff:49.192.100.71 - - [29/Jun/2023:07:06:51 +0000] "GET /docs/Bushido-code.pdf HTTP/1.1" 206 1 "https://www.google.com/" "Mozilla/5.0 (Linux; Android 10; K) AppleWebKit/537.36 (KHTML, like Gecko) Chrome/114.0.0.0 Mobile Safari/537.36"
::ffff:49.192.100.71 - - [29/Jun/2023:07:06:51 +0000] "GET /docs/Bushido-code.pdf HTTP/1.1" 206 677626 "https://www.google.com/" "Mozilla/5.0 (Linux; Android 10; K) AppleWebKit/537.36 (KHTML, like Gecko) Chrome/114.0.0.0 Mobile Safari/537.36"
::ffff:205.210.31.141 - - [29/Jun/2023:07:08:43 +0000] "GET / HTTP/1.1" 200 57394 "-" "Expanse, a Palo Alto Networks company, searches across the global IPv4 space multiple times per day to identify customers&#39; presences on the Internet. If you would like to be excluded from our scans, please send IP addresses/domains to: scaninfo@paloaltonetworks.com"
::ffff:179.43.162.94 - - [29/Jun/2023:07:15:19 +0000] "GET /Dockerrun.aws.json HTTP/1.1" 404 157 "-" "Mozilla/5.0 (Android; Mobile; rv:35.0) Gecko/35.0 Firefox/35.0"
::ffff:45.79.171.66 - - [29/Jun/2023:07:26:38 +0000] "GET /service.php?token=1819&action=11 HTTP/1.0" 404 150 "-" "-"
::ffff:194.38.21.45 - - [29/Jun/2023:07:43:00 +0000] "GET /admin/assets/plugins/uploadify/uploadify.css HTTP/1.1" 404 183 "-" "ALittle Client"
::ffff:119.28.156.200 - - [29/Jun/2023:07:51:24 +0000] "GET / HTTP/1.1" 200 57394 "-" "curl/7.64.1"
::ffff:66.249.66.84 - - [29/Jun/2023:07:51:45 +0000] "GET /robots.txt HTTP/1.1" 404 149 "-" "Mozilla/5.0 (compatible; Googlebot/2.1; +http://www.google.com/bot.html)"
::ffff:66.249.66.85 - - [29/Jun/2023:07:51:45 +0000] "GET /images/schools/zoomdonkaratedo.jpg HTTP/1.1" 200 32454 "-" "Googlebot-Image/1.0"
::ffff:137.184.4.121 - - [29/Jun/2023:07:54:33 +0000] "GET /rpc HTTP/1.1" 404 142 "-" "curl/7.85.0"
::ffff:52.167.144.54 - - [29/Jun/2023:07:58:03 +0000] "GET /robots.txt HTTP/1.1" 404 149 "-" "Mozilla/5.0 AppleWebKit/537.36 (KHTML, like Gecko; compatible; bingbot/2.0; +http://www.bing.com/bingbot.htm) Chrome/103.0.5060.134 Safari/537.36"
::ffff:157.55.39.227 - - [29/Jun/2023:07:58:07 +0000] "GET /index.html HTTP/1.1" 404 149 "-" "Mozilla/5.0 AppleWebKit/537.36 (KHTML, like Gecko; compatible; bingbot/2.0; +http://www.bing.com/bingbot.htm) Chrome/103.0.5060.134 Safari/537.36"
::ffff:43.155.118.219 - - [29/Jun/2023:07:59:49 +0000] "HEAD /Core/Skin/Login.aspx HTTP/1.1" 404 160 "-" "Mozilla/5.0 (Windows NT 10.0; Win64; x64) AppleWebKit/537.36 (KHTML, like Gecko) Chrome/106.0.0.0 Safari/537.36"
::ffff:66.249.66.84 - - [29/Jun/2023:08:14:15 +0000] "GET /images/schools/martinezkaratedo.jpg HTTP/1.1" 200 1754187 "-" "Googlebot-Image/1.0"
::ffff:194.169.175.37 - - [29/Jun/2023:08:19:30 +0000] "GET /repeater.php HTTP/1.1" 404 151 "-" "Mozilla/5.0 (Windows; U; Windows NT 6.1; en-US; rv:1.9.1.5) Gecko/20091102 Firefox/3.5.5 (.NET CLR 3.5.30729)"
::ffff:207.46.13.218 - - [29/Jun/2023:08:34:00 +0000] "GET /events HTTP/1.1" 200 5867 "-" "Mozilla/5.0 AppleWebKit/537.36 (KHTML, like Gecko; compatible; bingbot/2.0; +http://www.bing.com/bingbot.htm) Chrome/103.0.5060.134 Safari/537.36"
::ffff:172.56.209.174 - - [29/Jun/2023:08:47:03 +0000] "GET /images/tiger.bmp HTTP/1.1" 200 311274 "http://www.wadokikai.org/" "Mozilla/5.0 (iPhone; CPU iPhone OS 16_4_1 like Mac OS X) AppleWebKit/605.1.15 (KHTML, like Gecko) Version/16.4 Mobile/15E148 Safari/604.1"
::ffff:135.125.244.48 - - [29/Jun/2023:08:47:05 +0000] "GET /.env HTTP/1.1" 404 143 "-" "Mozilla/5.0 (X11; Linux x86_64) AppleWebKit/537.36 (KHTML, like Gecko) Chrome/81.0.4044.129 Safari/537.36"
::ffff:135.125.244.48 - - [29/Jun/2023:08:47:05 +0000] "POST / HTTP/1.1" 404 140 "-" "Mozilla/5.0 (X11; Linux x86_64) AppleWebKit/537.36 (KHTML, like Gecko) Chrome/81.0.4044.129 Safari/537.36"
::ffff:172.56.209.174 - - [29/Jun/2023:08:47:06 +0000] "GET /images/wadokikai%20kanji.jpg HTTP/1.1" 200 35066 "http://www.wadokikai.org/" "Mozilla/5.0 (iPhone; CPU iPhone OS 16_4_1 like Mac OS X) AppleWebKit/605.1.15 (KHTML, like Gecko) Version/16.4 Mobile/15E148 Safari/604.1"
::ffff:52.167.144.90 - - [29/Jun/2023:08:48:13 +0000] "GET / HTTP/1.1" 200 57394 "-" "Mozilla/5.0 AppleWebKit/537.36 (KHTML, like Gecko; compatible; bingbot/2.0; +http://www.bing.com/bingbot.htm) Chrome/103.0.5060.134 Safari/537.36"
::ffff:205.185.127.30 - - [29/Jun/2023:08:57:22 +0000] "GET / HTTP/1.1" 200 57394 "-" "Mozilla/5.0 (Macintosh; Intel Mac OS X 10_15_7) AppleWebKit/537.36 (KHTML, like Gecko) Chrome/96.0.4664.110 Safari/537.36"
::ffff:205.185.116.89 - - [29/Jun/2023:08:57:29 +0000] "GET / HTTP/1.1" 200 57394 "-" "Mozilla/5.0 (Macintosh; Intel Mac OS X 11_0_0) AppleWebKit/537.36 (KHTML, like Gecko) Chrome/87.0.4280.88 Safari/537.36"
::ffff:205.185.116.89 - - [29/Jun/2023:08:57:32 +0000] "GET /js/common.js HTTP/1.1" 200 2255 "https://wadokikai.net/" "Mozilla/5.0 (Macintosh; Intel Mac OS X 11_0_0) AppleWebKit/537.36 (KHTML, like Gecko) Chrome/87.0.4280.88 Safari/537.36"
::ffff:209.141.36.112 - - [29/Jun/2023:08:57:35 +0000] "GET /images/favicon.ico HTTP/1.1" 200 3638 "-" "Mozilla/5.0 (Macintosh; Intel Mac OS X 10_15_7) AppleWebKit/537.36 (KHTML, like Gecko) Chrome/96.0.4664.110 Safari/537.36"
::ffff:66.249.66.85 - - [29/Jun/2023:08:57:46 +0000] "GET /images/instructors/dokeeffe.jpg HTTP/1.1" 200 42708 "-" "Googlebot-Image/1.0"
::ffff:54.36.148.41 - - [29/Jun/2023:09:10:51 +0000] "GET /robots.txt HTTP/1.1" 404 149 "-" "Mozilla/5.0 (compatible; AhrefsBot/7.0; +http://ahrefs.com/robot/)"
::ffff:51.222.253.1 - - [29/Jun/2023:09:10:52 +0000] "GET / HTTP/1.1" 200 57394 "-" "Mozilla/5.0 (compatible; AhrefsBot/7.0; +http://ahrefs.com/robot/)"
::ffff:43.155.118.219 - - [29/Jun/2023:09:19:09 +0000] "HEAD /Core/Skin/Login.aspx HTTP/1.1" 404 160 "-" "Mozilla/5.0 (Windows NT 10.0; Win64; x64) AppleWebKit/537.36 (KHTML, like Gecko) Chrome/106.0.0.0 Safari/537.36"
::ffff:47.243.233.244 - - [29/Jun/2023:09:21:32 +0000] "GET /dns-query?dns=q80BAAABAAAAAAAAA3d3dwdleGFtcGxlA2NvbQAAAQAB HTTP/1.1" 404 148 "-" "Go-http-client/1.1"
::ffff:47.243.233.244 - - [29/Jun/2023:09:21:33 +0000] "GET /dns-query?dns=q80BAAABAAAAAAAAA3d3dwdleGFtcGxlA2NvbQAAAQAB HTTP/1.1" 404 148 "-" "Go-http-client/1.1"
::ffff:47.243.233.244 - - [29/Jun/2023:09:21:33 +0000] "POST /dns-query HTTP/1.1" 404 149 "-" "Go-http-client/1.1"
::ffff:47.243.233.244 - - [29/Jun/2023:09:21:34 +0000] "POST /dns-query HTTP/1.1" 404 149 "-" "Go-http-client/1.1"
::ffff:47.243.233.244 - - [29/Jun/2023:09:21:34 +0000] "GET /query?dns=q80BAAABAAAAAAAAA3d3dwdleGFtcGxlA2NvbQAAAQAB HTTP/1.1" 404 144 "-" "Go-http-client/1.1"
::ffff:47.243.233.244 - - [29/Jun/2023:09:21:35 +0000] "GET /query?dns=q80BAAABAAAAAAAAA3d3dwdleGFtcGxlA2NvbQAAAQAB HTTP/1.1" 404 144 "-" "Go-http-client/1.1"
::ffff:47.243.233.244 - - [29/Jun/2023:09:21:36 +0000] "POST /query HTTP/1.1" 404 145 "-" "Go-http-client/1.1"
::ffff:47.243.233.244 - - [29/Jun/2023:09:21:36 +0000] "POST /query HTTP/1.1" 404 145 "-" "Go-http-client/1.1"
::ffff:47.243.233.244 - - [29/Jun/2023:09:21:36 +0000] "GET /resolve?dns=q80BAAABAAAAAAAAA3d3dwdleGFtcGxlA2NvbQAAAQAB HTTP/1.1" 404 146 "-" "Go-http-client/1.1"
::ffff:47.243.233.244 - - [29/Jun/2023:09:21:37 +0000] "GET /resolve?dns=q80BAAABAAAAAAAAA3d3dwdleGFtcGxlA2NvbQAAAQAB HTTP/1.1" 404 146 "-" "Go-http-client/1.1"
::ffff:47.243.233.244 - - [29/Jun/2023:09:21:38 +0000] "POST /resolve HTTP/1.1" 404 147 "-" "Go-http-client/1.1"
::ffff:47.243.233.244 - - [29/Jun/2023:09:21:38 +0000] "POST /resolve HTTP/1.1" 404 147 "-" "Go-http-client/1.1"
::ffff:47.243.233.244 - - [29/Jun/2023:09:21:39 +0000] "GET /?dns=q80BAAABAAAAAAAAA3d3dwdleGFtcGxlA2NvbQAAAQAB HTTP/1.1" 200 57394 "-" "Go-http-client/1.1"
::ffff:47.243.233.244 - - [29/Jun/2023:09:21:39 +0000] "GET /?dns=q80BAAABAAAAAAAAA3d3dwdleGFtcGxlA2NvbQAAAQAB HTTP/1.1" 200 57394 "-" "Go-http-client/1.1"
::ffff:47.243.233.244 - - [29/Jun/2023:09:21:40 +0000] "POST / HTTP/1.1" 404 140 "-" "Go-http-client/1.1"
::ffff:47.243.233.244 - - [29/Jun/2023:09:21:40 +0000] "POST / HTTP/1.1" 404 140 "-" "Go-http-client/1.1"
::ffff:66.249.66.85 - - [29/Jun/2023:09:27:46 +0000] "GET /images/instructors/amahalatinia.jpg HTTP/1.1" 200 84763 "-" "Googlebot-Image/1.0"
::ffff:122.96.31.136 - - [29/Jun/2023:09:29:19 +0000] "GET /boaform/admin/formLogin?username=adminisp&psd=adminisp HTTP/1.0" 404 162 "-" "-"
::ffff:102.88.62.73 - - [29/Jun/2023:09:31:22 +0000] "GET /.env HTTP/1.1" 404 143 "-" "Mozilla/5.0 (X11; Linux x86_64) AppleWebKit/537.36 (KHTML, like Gecko) Chrome/81.0.4044.129 Safari/537.36"
::ffff:102.88.34.241 - - [29/Jun/2023:09:31:23 +0000] "POST / HTTP/1.1" 404 140 "-" "Mozilla/5.0 (X11; Linux x86_64) AppleWebKit/537.36 (KHTML, like Gecko) Chrome/81.0.4044.129 Safari/537.36"
::ffff:35.203.211.98 - - [29/Jun/2023:09:35:24 +0000] "GET / HTTP/1.1" 200 57394 "-" "Expanse, a Palo Alto Networks company, searches across the global IPv4 space multiple times per day to identify customers&#39; presences on the Internet. If you would like to be excluded from our scans, please send IP addresses/domains to: scaninfo@paloaltonetworks.com"
::ffff:45.56.108.128 - - [29/Jun/2023:10:13:41 +0000] "GET /systembc/password.php HTTP/1.0" 404 160 "-" "Mozilla/5.0 (Macintosh; Intel Mac OS X 10_15_7) AppleWebKit/537.36 (KHTML, like Gecko) Chrome/107.0.0.0 Safari/537.36"
::ffff:135.125.244.48 - - [29/Jun/2023:10:19:20 +0000] "GET /.env HTTP/1.1" 404 143 "-" "Mozilla/5.0 (X11; Linux x86_64) AppleWebKit/537.36 (KHTML, like Gecko) Chrome/81.0.4044.129 Safari/537.36"
::ffff:135.125.244.48 - - [29/Jun/2023:10:19:20 +0000] "POST / HTTP/1.1" 404 140 "-" "Mozilla/5.0 (X11; Linux x86_64) AppleWebKit/537.36 (KHTML, like Gecko) Chrome/81.0.4044.129 Safari/537.36"
::ffff:185.254.196.173 - - [29/Jun/2023:10:22:48 +0000] "GET /.env HTTP/1.1" 404 143 "-" "Mozilla/5.0 (X11; Linux x86_64) AppleWebKit/537.36 (KHTML, like Gecko) Chrome/81.0.4044.129 Safari/537.36"
::ffff:185.254.196.173 - - [29/Jun/2023:10:22:51 +0000] "POST / HTTP/1.1" 404 140 "-" "Mozilla/5.0 (X11; Linux x86_64) AppleWebKit/537.36 (KHTML, like Gecko) Chrome/81.0.4044.129 Safari/537.36"
::ffff:209.141.55.120 - - [29/Jun/2023:10:28:25 +0000] "GET / HTTP/1.1" 200 57394 "-" "Mozilla/5.0 (Macintosh; Intel Mac OS X 10_15_7) AppleWebKit/537.36 (KHTML, like Gecko) Chrome/96.0.4664.110 Safari/537.36"
::ffff:205.185.127.30 - - [29/Jun/2023:10:28:28 +0000] "GET / HTTP/1.1" 200 57394 "-" "Mozilla/5.0 (Macintosh; Intel Mac OS X 11_0_0) AppleWebKit/537.36 (KHTML, like Gecko) Chrome/87.0.4280.88 Safari/537.36"
::ffff:209.141.33.65 - - [29/Jun/2023:10:28:31 +0000] "GET / HTTP/1.1" 200 57394 "-" "Mozilla/5.0 (Macintosh; Intel Mac OS X 10_15_7) AppleWebKit/537.36 (KHTML, like Gecko) Chrome/96.0.4664.110 Safari/537.36"
::ffff:205.185.127.30 - - [29/Jun/2023:10:28:32 +0000] "GET /js/common.js HTTP/1.1" 200 2255 "https://wadokikai.org/" "Mozilla/5.0 (Macintosh; Intel Mac OS X 11_0_0) AppleWebKit/537.36 (KHTML, like Gecko) Chrome/87.0.4280.88 Safari/537.36"
::ffff:209.141.49.169 - - [29/Jun/2023:10:28:35 +0000] "GET /images/favicon.ico HTTP/1.1" 200 3638 "-" "Mozilla/5.0 (Macintosh; Intel Mac OS X 10_15_7) AppleWebKit/537.36 (KHTML, like Gecko) Chrome/96.0.4664.110 Safari/537.36"
::ffff:209.141.36.231 - - [29/Jun/2023:10:28:36 +0000] "GET / HTTP/1.1" 200 57394 "-" "Mozilla/5.0 (Macintosh; Intel Mac OS X 10_15_7) AppleWebKit/537.36 (KHTML, like Gecko) Chrome/96.0.4664.110 Safari/537.36"
::ffff:205.185.127.30 - - [29/Jun/2023:10:28:36 +0000] "GET / HTTP/1.1" 200 57394 "-" "Mozilla/5.0 (Macintosh; Intel Mac OS X 11_0_0) AppleWebKit/537.36 (KHTML, like Gecko) Chrome/87.0.4280.88 Safari/537.36"
::ffff:209.141.48.154 - - [29/Jun/2023:10:28:39 +0000] "GET / HTTP/1.1" 200 57394 "-" "Mozilla/5.0 (Macintosh; Intel Mac OS X 11_0_0) AppleWebKit/537.36 (KHTML, like Gecko) Chrome/87.0.4280.88 Safari/537.36"
::ffff:205.185.127.30 - - [29/Jun/2023:10:28:39 +0000] "GET /js/common.js HTTP/1.1" 200 2255 "https://wadokikai.org/" "Mozilla/5.0 (Macintosh; Intel Mac OS X 11_0_0) AppleWebKit/537.36 (KHTML, like Gecko) Chrome/87.0.4280.88 Safari/537.36"
::ffff:209.141.48.154 - - [29/Jun/2023:10:28:44 +0000] "GET /images/favicon.ico HTTP/1.1" 200 3638 "-" "Mozilla/5.0 (Macintosh; Intel Mac OS X 10_15_7) AppleWebKit/537.36 (KHTML, like Gecko) Chrome/96.0.4664.110 Safari/537.36"
::ffff:209.141.48.154 - - [29/Jun/2023:10:28:44 +0000] "GET /js/common.js HTTP/1.1" 200 2255 "https://34.212.47.6/" "Mozilla/5.0 (Macintosh; Intel Mac OS X 11_0_0) AppleWebKit/537.36 (KHTML, like Gecko) Chrome/87.0.4280.88 Safari/537.36"
::ffff:209.141.36.112 - - [29/Jun/2023:10:28:46 +0000] "GET /images/favicon.ico HTTP/1.1" 200 3638 "-" "Mozilla/5.0 (Macintosh; Intel Mac OS X 10_15_7) AppleWebKit/537.36 (KHTML, like Gecko) Chrome/96.0.4664.110 Safari/537.36"
::ffff:43.155.118.219 - - [29/Jun/2023:10:37:33 +0000] "HEAD /Core/Skin/Login.aspx HTTP/1.1" 404 160 "-" "Mozilla/5.0 (Windows NT 10.0; Win64; x64) AppleWebKit/537.36 (KHTML, like Gecko) Chrome/106.0.0.0 Safari/537.36"
::ffff:45.79.171.66 - - [29/Jun/2023:10:39:09 +0000] "GET /service.php?token=1819&action=11 HTTP/1.0" 404 150 "-" "-"
::ffff:45.79.171.66 - - [29/Jun/2023:11:03:56 +0000] "GET /service.php?token=1819&action=11 HTTP/1.0" 404 150 "-" "-"
::ffff:167.94.145.58 - - [29/Jun/2023:11:08:07 +0000] "GET / HTTP/1.1" 200 57394 "-" "-"
::ffff:167.94.145.58 - - [29/Jun/2023:11:08:07 +0000] "GET / HTTP/1.1" 200 57394 "-" "Mozilla/5.0 (compatible; CensysInspect/1.1; +https://about.censys.io/)"
::ffff:167.94.145.58 - - [29/Jun/2023:11:08:08 +0000] "PRI * HTTP/2.0" - - "-" "-"
::ffff:167.94.145.58 - - [29/Jun/2023:11:08:08 +0000] "GET /images/favicon.ico HTTP/1.1" 200 3638 "-" "Mozilla/5.0 (compatible; CensysInspect/1.1; +https://about.censys.io/)"
::ffff:167.94.145.58 - - [29/Jun/2023:11:08:09 +0000] "GET /favicon.ico HTTP/1.1" 404 150 "-" "Mozilla/5.0 (compatible; CensysInspect/1.1; +https://about.censys.io/)"
::ffff:54.36.112.44 - - [29/Jun/2023:11:33:29 +0000] "GET /.env HTTP/1.1" 404 143 "-" "Mozilla/5.0 (X11; Linux x86_64) AppleWebKit/537.36 (KHTML, like Gecko) Chrome/81.0.4044.129 Safari/537.36"
::ffff:54.36.112.44 - - [29/Jun/2023:11:33:29 +0000] "POST / HTTP/1.1" 404 140 "-" "Mozilla/5.0 (X11; Linux x86_64) AppleWebKit/537.36 (KHTML, like Gecko) Chrome/81.0.4044.129 Safari/537.36"
::ffff:185.254.196.173 - - [29/Jun/2023:11:35:09 +0000] "GET /.env HTTP/1.1" 404 143 "-" "Mozilla/5.0 (X11; Linux x86_64) AppleWebKit/537.36 (KHTML, like Gecko) Chrome/81.0.4044.129 Safari/537.36"
::ffff:5.255.231.30 - - [29/Jun/2023:11:44:02 +0000] "GET /robots.txt HTTP/1.1" 404 149 "-" "Mozilla/5.0 (compatible; YandexBot/3.0; +http://yandex.com/bots)"
::ffff:213.180.203.45 - - [29/Jun/2023:11:44:03 +0000] "GET /videos.php HTTP/1.1" 404 149 "-" "Mozilla/5.0 (compatible; YandexBot/3.0; +http://yandex.com/bots)"
::ffff:135.125.244.48 - - [29/Jun/2023:11:44:14 +0000] "GET /.env HTTP/1.1" 404 143 "-" "Mozilla/5.0 (X11; Linux x86_64) AppleWebKit/537.36 (KHTML, like Gecko) Chrome/81.0.4044.129 Safari/537.36"
::ffff:135.125.244.48 - - [29/Jun/2023:11:44:14 +0000] "POST / HTTP/1.1" 404 140 "-" "Mozilla/5.0 (X11; Linux x86_64) AppleWebKit/537.36 (KHTML, like Gecko) Chrome/81.0.4044.129 Safari/537.36"
::ffff:45.79.171.66 - - [29/Jun/2023:11:48:42 +0000] "GET /service.php?token=1819&action=11 HTTP/1.0" 404 150 "-" "-"
