::ffff:74.82.47.3 - - [18/Apr/2023:11:31:00 +0000] "GET / HTTP/1.1" 200 58146 "-" "Mozilla/5.0 (Macintosh; Intel Mac OS X 10.15; rv:109.0) Gecko/20100101 Firefox/110.0"
::ffff:74.82.47.3 - - [18/Apr/2023:11:39:10 +0000] "GET /favicon.ico HTTP/1.1" 404 150 "-" "Mozilla/5.0 (Windows NT 10.0; Win64; x64) AppleWebKit/537.36 (KHTML, like Gecko) Chrome/108.0.0.0 Safari/537.36"
::ffff:45.79.171.66 - - [18/Apr/2023:11:39:38 +0000] "GET /service.php?token=1819&action=11 HTTP/1.0" 404 150 "-" "-"
::ffff:74.82.47.3 - - [18/Apr/2023:11:41:59 +0000] "GET / HTTP/1.1" 200 58146 "-" "Mozilla/5.0 (Macintosh; Intel Mac OS X 10.15; rv:109.0) Gecko/20100101 Firefox/110.0"
::ffff:74.82.47.3 - - [18/Apr/2023:11:43:28 +0000] "GET /api/v2/static/not.found HTTP/1.1" 404 162 "-" "Mozilla/5.0 (Macintosh; Intel Mac OS X 10.15; rv:109.0) Gecko/20100101 Firefox/110.0"
::ffff:74.82.47.3 - - [18/Apr/2023:11:44:26 +0000] "GET /geoserver/web/ HTTP/1.1" 404 153 "-" "Mozilla/5.0 (X11; Linux x86_64; rv:107.0) Gecko/20100101 Firefox/107.0"
::ffff:62.210.207.17 - - [18/Apr/2023:11:57:44 +0000] "GET /dist/index.html?v=82ba4a HTTP/1.1" 404 154 "-" "Mozilla/5.0 (Macintosh; Intel Mac OS X 10_15_7) AppleWebKit/537.36 (KHTML, like Gecko) Chrome/95.0.4638.69 Safari/537.36"
::ffff:43.155.118.219 - - [18/Apr/2023:12:00:26 +0000] "HEAD /Core/Skin/Login.aspx HTTP/1.1" 404 160 "-" "Mozilla/5.0 (Windows NT 10.0; Win64; x64) AppleWebKit/537.36 (KHTML, like Gecko) Chrome/106.0.0.0 Safari/537.36"
::ffff:40.77.167.145 - - [18/Apr/2023:12:04:07 +0000] "GET / HTTP/1.1" 200 58146 "-" "Mozilla/5.0 AppleWebKit/537.36 (KHTML, like Gecko; compatible; bingbot/2.0; +http://www.bing.com/bingbot.htm) Chrome/103.0.5060.134 Safari/537.36"
::ffff:46.19.138.210 - - [18/Apr/2023:12:04:12 +0000] "GET /.git/config HTTP/1.1" 404 150 "-" "Mozilla/5.0 (Macintosh; Intel Mac OS X 10_15_7) AppleWebKit/537.36 (KHTML, like Gecko) Chrome/101.0.4951.64 Safari/537.36"
::ffff:45.79.171.66 - - [18/Apr/2023:12:11:18 +0000] "GET /service.php?token=1819&action=11 HTTP/1.0" 404 150 "-" "-"
::ffff:204.199.65.18 - - [18/Apr/2023:12:22:16 +0000] "GET / HTTP/1.1" 200 58146 "-" "Mozilla/5.0 (Macintosh; Intel Mac OS X 10_11_6) AppleWebKit/601.7.7 (KHTML, like Gecko) Version/9.1.2 Safari/601.7.7"
::ffff:54.36.112.44 - - [18/Apr/2023:12:24:53 +0000] "GET /.env HTTP/1.1" 404 143 "-" "Mozilla/5.0 (X11; Linux x86_64) AppleWebKit/537.36 (KHTML, like Gecko) Chrome/81.0.4044.129 Safari/537.36"
::ffff:54.36.112.44 - - [18/Apr/2023:12:24:53 +0000] "POST / HTTP/1.1" 404 140 "-" "Mozilla/5.0 (X11; Linux x86_64) AppleWebKit/537.36 (KHTML, like Gecko) Chrome/81.0.4044.129 Safari/537.36"
::ffff:3.236.59.202 - - [18/Apr/2023:12:31:40 +0000] "GET /aaaaaaaaaaaaaaaaaaaaaaaaaqr HTTP/1.1" 404 166 "-" "Mozilla/5.0 (Windows NT 10.0; Win64; x64) AppleWebKit/537.36 (KHTML, like Gecko) Chrome/110.0.0.0 Safari/537.36"
::ffff:3.236.59.202 - - [18/Apr/2023:12:31:40 +0000] "GET /robots.txt HTTP/1.1" 404 149 "-" "Mozilla/5.0 (Windows NT 10.0; Win64; x64) AppleWebKit/537.36 (KHTML, like Gecko) Chrome/110.0.0.0 Safari/537.36"
::ffff:3.236.59.202 - - [18/Apr/2023:12:31:40 +0000] "GET /robots.txt HTTP/1.1" 404 149 "-" "Mozilla/5.0 (Windows NT 10.0; Win64; x64) AppleWebKit/537.36 (KHTML, like Gecko) Chrome/110.0.0.0 Safari/537.36"
::ffff:3.236.59.202 - - [18/Apr/2023:12:31:40 +0000] "GET /gate.php HTTP/1.1" 404 147 "-" "Mozilla/5.0 (Windows NT 10.0; Win64; x64) AppleWebKit/537.36 (KHTML, like Gecko) Chrome/110.0.0.0 Safari/537.36"
::ffff:3.236.59.202 - - [18/Apr/2023:12:31:40 +0000] "GET /99vt HTTP/1.1" 404 143 "-" "Mozilla/5.0 (Windows NT 10.0; Win64; x64) AppleWebKit/537.36 (KHTML, like Gecko) Chrome/110.0.0.0 Safari/537.36"
::ffff:3.236.59.202 - - [18/Apr/2023:12:31:40 +0000] "GET /aaaaaaaaaaaaaaaaaaaaaaaaaqr HTTP/1.1" 404 166 "-" "Mozilla/5.0 (Windows NT 10.0; Win64; x64) AppleWebKit/537.36 (KHTML, like Gecko) Chrome/110.0.0.0 Safari/537.36"
::ffff:3.236.59.202 - - [18/Apr/2023:12:31:40 +0000] "GET /robots.txt HTTP/1.1" 404 149 "-" "Mozilla/5.0 (Windows NT 10.0; Win64; x64) AppleWebKit/537.36 (KHTML, like Gecko) Chrome/110.0.0.0 Safari/537.36"
::ffff:3.236.59.202 - - [18/Apr/2023:12:31:40 +0000] "GET /Res/login.html HTTP/1.1" 404 153 "-" "Mozilla/5.0 (Windows NT 10.0; Win64; x64) AppleWebKit/537.36 (KHTML, like Gecko) Chrome/110.0.0.0 Safari/537.36"
::ffff:3.236.59.202 - - [18/Apr/2023:12:31:40 +0000] "GET /99vt HTTP/1.1" 404 143 "-" "Mozilla/5.0 (Windows NT 10.0; Win64; x64) AppleWebKit/537.36 (KHTML, like Gecko) Chrome/110.0.0.0 Safari/537.36"
::ffff:3.236.59.202 - - [18/Apr/2023:12:31:40 +0000] "GET /robots.txt HTTP/1.1" 404 149 "-" "Mozilla/5.0 (Windows NT 10.0; Win64; x64) AppleWebKit/537.36 (KHTML, like Gecko) Chrome/110.0.0.0 Safari/537.36"
::ffff:3.236.59.202 - - [18/Apr/2023:12:31:40 +0000] "GET /99vu HTTP/1.1" 404 143 "-" "Mozilla/5.0 (Windows NT 10.0; Win64; x64) AppleWebKit/537.36 (KHTML, like Gecko) Chrome/110.0.0.0 Safari/537.36"
::ffff:3.236.59.202 - - [18/Apr/2023:12:31:40 +0000] "GET / HTTP/1.1" 200 58146 "-" "Mozilla/5.0 (Windows NT 10.0; Win64; x64) AppleWebKit/537.36 (KHTML, like Gecko) Chrome/110.0.0.0 Safari/537.36"
::ffff:3.236.59.202 - - [18/Apr/2023:12:31:40 +0000] "GET /99vu HTTP/1.1" 404 143 "-" "Mozilla/5.0 (Windows NT 10.0; Win64; x64) AppleWebKit/537.36 (KHTML, like Gecko) Chrome/110.0.0.0 Safari/537.36"
::ffff:3.236.59.202 - - [18/Apr/2023:12:31:40 +0000] "GET / HTTP/1.1" 200 58146 "-" "Mozilla/5.0 (Windows NT 10.0; Win64; x64) AppleWebKit/537.36 (KHTML, like Gecko) Chrome/110.0.0.0 Safari/537.36"
::ffff:135.125.244.48 - - [18/Apr/2023:12:44:41 +0000] "GET /.env HTTP/1.1" 404 143 "-" "Mozilla/5.0 (X11; Linux x86_64) AppleWebKit/537.36 (KHTML, like Gecko) Chrome/81.0.4044.129 Safari/537.36"
::ffff:135.125.244.48 - - [18/Apr/2023:12:44:41 +0000] "POST / HTTP/1.1" 404 140 "-" "Mozilla/5.0 (X11; Linux x86_64) AppleWebKit/537.36 (KHTML, like Gecko) Chrome/81.0.4044.129 Safari/537.36"
::ffff:35.205.95.17 - 123 [18/Apr/2023:12:52:02 +0000] "GET /pub/ HTTP/1.1" 404 143 "-" "Mozilla/5.0 (Windows NT 10.0; Win64; x64) AppleWebKit/537.36 (KHTML, like Gecko) Chrome/105.0.0.0 Safari/537.36"
::ffff:168.232.15.158 - - [18/Apr/2023:12:56:02 +0000] "GET / HTTP/1.1" 200 58146 "-" "Mozilla/5.0 (Macintosh; Intel Mac OS X 10_11_6) AppleWebKit/601.7.7 (KHTML, like Gecko) Version/9.1.2 Safari/601.7.7"
::ffff:185.254.196.173 - - [18/Apr/2023:13:03:33 +0000] "GET /.env HTTP/1.1" 404 143 "-" "Mozilla/5.0 (X11; Linux x86_64) AppleWebKit/537.36 (KHTML, like Gecko) Chrome/81.0.4044.129 Safari/537.36"
::ffff:185.254.196.173 - - [18/Apr/2023:13:03:34 +0000] "POST / HTTP/1.1" 404 140 "-" "Mozilla/5.0 (X11; Linux x86_64) AppleWebKit/537.36 (KHTML, like Gecko) Chrome/81.0.4044.129 Safari/537.36"
::ffff:66.150.198.134 - - [18/Apr/2023:13:07:25 +0000] "GET /.env HTTP/1.1" 404 143 "-" "Mozilla/5.0 (X11; Linux x86_64) AppleWebKit/537.36 (KHTML, like Gecko) Chrome/81.0.4044.129 Safari/537.36"
::ffff:66.150.198.134 - - [18/Apr/2023:13:07:25 +0000] "GET /.env HTTP/1.1" 404 143 "-" "Mozilla/5.0 (X11; Linux x86_64) AppleWebKit/537.36 (KHTML, like Gecko) Chrome/81.0.4044.129 Safari/537.36"
::ffff:66.150.198.134 - - [18/Apr/2023:13:07:25 +0000] "POST /.env HTTP/1.1" 404 144 "-" "Mozilla/5.0 (X11; Linux x86_64) AppleWebKit/537.36 (KHTML, like Gecko) Chrome/81.0.4044.129 Safari/537.36"
::ffff:66.150.198.134 - - [18/Apr/2023:13:07:25 +0000] "POST /.env HTTP/1.1" 404 144 "-" "Mozilla/5.0 (X11; Linux x86_64) AppleWebKit/537.36 (KHTML, like Gecko) Chrome/81.0.4044.129 Safari/537.36"
::ffff:5.188.86.230 - - [18/Apr/2023:13:07:28 +0000] "GET /wp-login.php HTTP/1.1" 404 151 "-" "Mozilla/5.0 (Windows NT 10.0; Win64; x64) AppleWebKit/537.36 (KHTML, like Gecko) Chrome/64.0.3282.140 Safari/537.36 Edge/18.17763"
::ffff:43.155.118.219 - - [18/Apr/2023:13:20:30 +0000] "HEAD /Core/Skin/Login.aspx HTTP/1.1" 404 160 "-" "Mozilla/5.0 (Windows NT 10.0; Win64; x64) AppleWebKit/537.36 (KHTML, like Gecko) Chrome/106.0.0.0 Safari/537.36"
::ffff:42.83.147.54 - - [18/Apr/2023:13:29:17 +0000] "GET / HTTP/1.1" 200 58146 "-" "Mozilla/5.0 (Windows NT 6.1; Win64; x64) AppleWebKit/537.36 (KHTML, like Gecko)Chrome/74.0.3729.169 Safari/537.36"
::ffff:135.125.244.48 - - [18/Apr/2023:13:36:10 +0000] "GET /.env HTTP/1.1" 404 143 "-" "Mozilla/5.0 (X11; Linux x86_64) AppleWebKit/537.36 (KHTML, like Gecko) Chrome/81.0.4044.129 Safari/537.36"
::ffff:135.125.244.48 - - [18/Apr/2023:13:36:10 +0000] "POST / HTTP/1.1" 404 140 "-" "Mozilla/5.0 (X11; Linux x86_64) AppleWebKit/537.36 (KHTML, like Gecko) Chrome/81.0.4044.129 Safari/537.36"
::ffff:40.77.167.145 - - [18/Apr/2023:13:42:46 +0000] "GET /images/schools/alamedakaratedo.jpg HTTP/1.1" 200 86185 "-" "Mozilla/5.0 AppleWebKit/537.36 (KHTML, like Gecko; compatible; bingbot/2.0; +http://www.bing.com/bingbot.htm) Chrome/103.0.5060.134 Safari/537.36"
::ffff:134.122.135.54 - - [18/Apr/2023:13:56:14 +0000] "GET /tywcb/161343.html HTTP/1.1" 404 156 "/tywcb/161343.html" "Mozilla/5.0 (iPhone; CPU iPhone OS 13_2_3 like Mac OS X) AppleWebKit/605.1.15 (KHTML, like Gecko) Version/13.0.3 Mobile/15E148 Safari/604.1"
::ffff:45.79.171.66 - - [18/Apr/2023:13:56:57 +0000] "GET /service.php?token=1819&action=11 HTTP/1.0" 404 150 "-" "-"
::ffff:103.153.254.110 - - [18/Apr/2023:14:00:20 +0000] "GET / HTTP/1.1" 200 58146 "-" "Mozilla/5.0 (X11; Ubuntu; Linux x86_64; rv:76.0) Gecko/20100101 Firefox/76.0"
::ffff:192.126.193.229 - - [18/Apr/2023:14:01:08 +0000] "GET /contact.html HTTP/1.1" 404 151 "-" "Mozilla/5.0 (Macintosh; Intel Mac OS X 12.5; rv:102.0) Gecko/20100101 Firefox/102.0"
::ffff:192.126.193.229 - - [18/Apr/2023:14:01:09 +0000] "GET / HTTP/1.1" 200 58146 "-" "Mozilla/5.0 (Macintosh; Intel Mac OS X 12.5; rv:102.0) Gecko/20100101 Firefox/102.0"
::ffff:192.126.193.229 - - [18/Apr/2023:14:01:10 +0000] "GET /contact?s=1&ss=5 HTTP/1.1" 200 9997 "http://wadokikai.org/contact.html" "Mozilla/5.0 (Macintosh; Intel Mac OS X 12.5; rv:102.0) Gecko/20100101 Firefox/102.0"
::ffff:192.126.193.229 - - [18/Apr/2023:14:01:11 +0000] "GET /contact?s=1&ss=4 HTTP/1.1" 200 9997 "http://wadokikai.org/contact.html" "Mozilla/5.0 (Macintosh; Intel Mac OS X 12.5; rv:102.0) Gecko/20100101 Firefox/102.0"
::ffff:192.126.193.229 - - [18/Apr/2023:14:01:11 +0000] "GET /contact?s=1&ss=3 HTTP/1.1" 200 9997 "http://wadokikai.org/contact.html" "Mozilla/5.0 (Macintosh; Intel Mac OS X 12.5; rv:102.0) Gecko/20100101 Firefox/102.0"
::ffff:192.126.193.229 - - [18/Apr/2023:14:01:12 +0000] "GET /contact?s=1&ss=6 HTTP/1.1" 200 9997 "http://wadokikai.org/contact.html" "Mozilla/5.0 (Macintosh; Intel Mac OS X 12.5; rv:102.0) Gecko/20100101 Firefox/102.0"
::ffff:192.126.193.229 - - [18/Apr/2023:14:01:15 +0000] "GET /contact?s=1&ss=9 HTTP/1.1" 200 9997 "http://wadokikai.org/contact.html" "Mozilla/5.0 (Macintosh; Intel Mac OS X 12.5; rv:102.0) Gecko/20100101 Firefox/102.0"
::ffff:192.126.193.229 - - [18/Apr/2023:14:01:16 +0000] "GET /contact?s=1&ss=8 HTTP/1.1" 200 9997 "http://wadokikai.org/contact.html" "Mozilla/5.0 (Macintosh; Intel Mac OS X 12.5; rv:102.0) Gecko/20100101 Firefox/102.0"
::ffff:192.126.193.229 - - [18/Apr/2023:14:01:19 +0000] "GET /contact?s=1&ss=7 HTTP/1.1" 200 9997 "http://wadokikai.org/contact.html" "Mozilla/5.0 (Macintosh; Intel Mac OS X 12.5; rv:102.0) Gecko/20100101 Firefox/102.0"
::ffff:192.126.193.229 - - [18/Apr/2023:14:01:20 +0000] "GET /contact?s=1&ss=1 HTTP/1.1" 200 9997 "http://wadokikai.org/contact.html" "Mozilla/5.0 (Macintosh; Intel Mac OS X 12.5; rv:102.0) Gecko/20100101 Firefox/102.0"
::ffff:192.126.193.229 - - [18/Apr/2023:14:01:20 +0000] "GET /contact?s=1&ss=0 HTTP/1.1" 200 9997 "http://wadokikai.org/contact.html" "Mozilla/5.0 (Macintosh; Intel Mac OS X 12.5; rv:102.0) Gecko/20100101 Firefox/102.0"
::ffff:192.126.193.229 - - [18/Apr/2023:14:01:24 +0000] "GET /contact HTTP/1.1" 200 10017 "http://wadokikai.org/contact.html" "Mozilla/5.0 (Macintosh; Intel Mac OS X 12.5; rv:102.0) Gecko/20100101 Firefox/102.0"
::ffff:192.126.193.229 - - [18/Apr/2023:14:01:25 +0000] "POST /sendemail HTTP/1.1" 302 96 "http://wadokikai.org/contact?s=1&ss=7" "Mozilla/5.0 (Macintosh; Intel Mac OS X 12.5; rv:102.0) Gecko/20100101 Firefox/102.0"
::ffff:192.126.193.229 - - [18/Apr/2023:14:01:28 +0000] "GET /contact/?msg=sent&s=1 HTTP/1.1" 200 10400 "http://wadokikai.org/sendemail" "Mozilla/5.0 (Macintosh; Intel Mac OS X 12.5; rv:102.0) Gecko/20100101 Firefox/102.0"
::ffff:185.254.196.173 - - [18/Apr/2023:14:12:38 +0000] "GET /.env HTTP/1.1" 404 143 "-" "Mozilla/5.0 (X11; Linux x86_64) AppleWebKit/537.36 (KHTML, like Gecko) Chrome/81.0.4044.129 Safari/537.36"
::ffff:185.254.196.173 - - [18/Apr/2023:14:12:39 +0000] "POST / HTTP/1.1" 404 140 "-" "Mozilla/5.0 (X11; Linux x86_64) AppleWebKit/537.36 (KHTML, like Gecko) Chrome/81.0.4044.129 Safari/537.36"
::ffff:165.22.9.175 - - [18/Apr/2023:14:17:03 +0000] "GET / HTTP/1.1" 200 58146 "-" "Mozilla/5.0 (Windows NT 10.0; Win64; x64) AppleWebKit/537.36 (KHTML, like Gecko) Chrome/108.0.0.0 Safari/537.36"
::ffff:165.22.9.175 - - [18/Apr/2023:14:17:03 +0000] "GET /client/get_targets HTTP/1.1" 404 157 "-" "Mozilla/5.0 (Windows NT 10.0; Win64; x64) AppleWebKit/537.36 (KHTML, like Gecko) Chrome/108.0.0.0 Safari/537.36"
::ffff:165.22.9.175 - - [18/Apr/2023:14:17:03 +0000] "GET /upl.php HTTP/1.1" 404 146 "-" "Mozilla/5.0"
::ffff:165.22.9.175 - - [18/Apr/2023:14:17:04 +0000] "GET /geoip/ HTTP/1.1" 404 145 "-" "Mozilla/5.0 (Windows NT 10.0; Win64; x64) AppleWebKit/537.36 (KHTML, like Gecko) Chrome/108.0.0.0 Safari/537.36"
::ffff:165.22.9.175 - - [18/Apr/2023:14:17:04 +0000] "GET / HTTP/1.1" 200 58146 "-" "Mozilla/5.0 (iPhone; CPU iPhone OS 13_3_1 like Mac OS X) AppleWebKit/605.1.15 (KHTML, like Gecko) Version/13.0.5 Mobile/15E148 Snapchat/10.77.0.54 (like Safari/604.1)"
::ffff:165.22.9.175 - - [18/Apr/2023:14:17:04 +0000] "GET /favicon.ico HTTP/1.1" 404 150 "-" "Mozilla/5.0 (Windows NT 10.0; Win64; x64) AppleWebKit/537.36 (KHTML, like Gecko) Chrome/108.0.0.0 Safari/537.36"
::ffff:52.12.36.61 - - [18/Apr/2023:14:20:28 +0000] "GET / HTTP/1.1" 200 58146 "-" "Mozilla/5.0 (X11; Linux x86_64) AppleWebKit/537.36 (KHTML, like Gecko) Chrome/83.0.4103.97 Safari/537.36"
::ffff:35.90.37.85 - - [18/Apr/2023:14:22:25 +0000] "GET / HTTP/1.1" 200 58146 "-" "Mozilla/5.0 (X11; Linux x86_64) AppleWebKit/537.36 (KHTML, like Gecko) Chrome/83.0.4103.97 Safari/537.36"
::ffff:35.90.113.244 - - [18/Apr/2023:14:22:33 +0000] "GET /favicon.ico HTTP/1.1" 404 150 "-" "Mozilla/5.0 (X11; Linux x86_64) AppleWebKit/537.36 (KHTML, like Gecko) Chrome/83.0.4103.97 Safari/537.36"
::ffff:35.90.113.244 - - [18/Apr/2023:14:22:36 +0000] "GET / HTTP/1.1" 200 58146 "-" "Mozilla/5.0 (X11; Linux x86_64) AppleWebKit/537.36 (KHTML, like Gecko) Chrome/83.0.4103.97 Safari/537.36"
::ffff:34.218.50.49 - - [18/Apr/2023:14:23:31 +0000] "GET /favicon.ico HTTP/1.1" 404 150 "-" "Mozilla/5.0 (X11; Linux x86_64) AppleWebKit/537.36 (KHTML, like Gecko) Chrome/83.0.4103.97 Safari/537.36"
::ffff:34.218.50.49 - - [18/Apr/2023:14:23:31 +0000] "GET / HTTP/1.1" 200 58146 "-" "Mozilla/5.0 (X11; Linux x86_64) AppleWebKit/537.36 (KHTML, like Gecko) Chrome/83.0.4103.97 Safari/537.36"
::ffff:180.149.125.171 - - [18/Apr/2023:14:26:15 +0000] "GET / HTTP/1.1" 200 58146 "-" "Mozilla/5.0 (Windows NT 5.1; Win64; x64) AppleWebKit/537.36 (KHTML, like Gecko) Chrome/60.0.3112.90 Safari/537.36"
::ffff:54.36.112.44 - - [18/Apr/2023:14:28:16 +0000] "GET /.env HTTP/1.1" 404 143 "-" "Mozilla/5.0 (X11; Linux x86_64) AppleWebKit/537.36 (KHTML, like Gecko) Chrome/81.0.4044.129 Safari/537.36"
::ffff:54.36.112.44 - - [18/Apr/2023:14:28:17 +0000] "POST / HTTP/1.1" 404 140 "-" "Mozilla/5.0 (X11; Linux x86_64) AppleWebKit/537.36 (KHTML, like Gecko) Chrome/81.0.4044.129 Safari/537.36"
::ffff:43.155.118.219 - - [18/Apr/2023:14:41:44 +0000] "HEAD /Core/Skin/Login.aspx HTTP/1.1" 404 160 "-" "Mozilla/5.0 (Windows NT 10.0; Win64; x64) AppleWebKit/537.36 (KHTML, like Gecko) Chrome/106.0.0.0 Safari/537.36"
::ffff:45.79.171.66 - - [18/Apr/2023:14:46:20 +0000] "GET /service.php?token=1819&action=11 HTTP/1.0" 404 150 "-" "-"
::ffff:135.125.244.48 - - [18/Apr/2023:14:48:31 +0000] "GET /.env HTTP/1.1" 404 143 "-" "Mozilla/5.0 (X11; Linux x86_64) AppleWebKit/537.36 (KHTML, like Gecko) Chrome/81.0.4044.129 Safari/537.36"
::ffff:135.125.244.48 - - [18/Apr/2023:14:48:32 +0000] "POST / HTTP/1.1" 404 140 "-" "Mozilla/5.0 (X11; Linux x86_64) AppleWebKit/537.36 (KHTML, like Gecko) Chrome/81.0.4044.129 Safari/537.36"
::ffff:167.94.145.60 - - [18/Apr/2023:14:53:58 +0000] "GET / HTTP/1.1" 200 58146 "-" "-"
::ffff:167.94.145.60 - - [18/Apr/2023:14:53:59 +0000] "GET / HTTP/1.1" 200 58146 "-" "Mozilla/5.0 (compatible; CensysInspect/1.1; +https://about.censys.io/)"
::ffff:167.94.145.60 - - [18/Apr/2023:14:54:00 +0000] "PRI * HTTP/2.0" - - "-" "-"
::ffff:167.94.145.60 - - [18/Apr/2023:14:54:00 +0000] "GET /images/favicon.ico HTTP/1.1" 200 3638 "-" "Mozilla/5.0 (compatible; CensysInspect/1.1; +https://about.censys.io/)"
::ffff:167.94.145.60 - - [18/Apr/2023:14:54:01 +0000] "GET /favicon.ico HTTP/1.1" 404 150 "-" "Mozilla/5.0 (compatible; CensysInspect/1.1; +https://about.censys.io/)"
::ffff:20.231.70.220 - - [18/Apr/2023:15:03:24 +0000] "GET /.env HTTP/1.1" 404 143 "-" "python-httpx/0.24.0"
::ffff:20.231.70.220 - - [18/Apr/2023:15:03:24 +0000] "POST / HTTP/1.1" 404 140 "-" "python-httpx/0.24.0"
::ffff:98.51.234.203 - - [18/Apr/2023:15:10:02 +0000] "GET / HTTP/1.1" 200 58146 "-" "Mozilla/5.0 (iPhone; CPU iPhone OS 16_3_1 like Mac OS X) AppleWebKit/605.1.15 (KHTML, like Gecko) Version/16.3 Mobile/15E148 Safari/604.1"
::ffff:98.51.234.203 - - [18/Apr/2023:15:10:02 +0000] "GET /css/wadokikai.css HTTP/1.1" 200 4337 "http://www.wadokikai.org/" "Mozilla/5.0 (iPhone; CPU iPhone OS 16_3_1 like Mac OS X) AppleWebKit/605.1.15 (KHTML, like Gecko) Version/16.3 Mobile/15E148 Safari/604.1"
::ffff:98.51.234.203 - - [18/Apr/2023:15:10:02 +0000] "GET /images/wkkpatch22_med.png HTTP/1.1" 200 32301 "http://www.wadokikai.org/" "Mozilla/5.0 (iPhone; CPU iPhone OS 16_3_1 like Mac OS X) AppleWebKit/605.1.15 (KHTML, like Gecko) Version/16.3 Mobile/15E148 Safari/604.1"
::ffff:98.51.234.203 - - [18/Apr/2023:15:10:02 +0000] "GET /js/common.js HTTP/1.1" 200 2255 "http://www.wadokikai.org/" "Mozilla/5.0 (iPhone; CPU iPhone OS 16_3_1 like Mac OS X) AppleWebKit/605.1.15 (KHTML, like Gecko) Version/16.3 Mobile/15E148 Safari/604.1"
::ffff:98.51.234.203 - - [18/Apr/2023:15:10:03 +0000] "GET /images/schools/alamedakaratedomap.jpg HTTP/1.1" 200 38311 "http://www.wadokikai.org/" "Mozilla/5.0 (iPhone; CPU iPhone OS 16_3_1 like Mac OS X) AppleWebKit/605.1.15 (KHTML, like Gecko) Version/16.3 Mobile/15E148 Safari/604.1"
::ffff:98.51.234.203 - - [18/Apr/2023:15:10:03 +0000] "GET /images/schools/orindakaratedomap.jpg HTTP/1.1" 200 34167 "http://www.wadokikai.org/" "Mozilla/5.0 (iPhone; CPU iPhone OS 16_3_1 like Mac OS X) AppleWebKit/605.1.15 (KHTML, like Gecko) Version/16.3 Mobile/15E148 Safari/604.1"
::ffff:98.51.234.203 - - [18/Apr/2023:15:10:03 +0000] "GET /images/schools/dcakaratedomap.jpg HTTP/1.1" 200 35262 "http://www.wadokikai.org/" "Mozilla/5.0 (iPhone; CPU iPhone OS 16_3_1 like Mac OS X) AppleWebKit/605.1.15 (KHTML, like Gecko) Version/16.3 Mobile/15E148 Safari/604.1"
::ffff:98.51.234.203 - - [18/Apr/2023:15:10:03 +0000] "GET /images/schools/harborbaykaratedomap.jpg HTTP/1.1" 200 37245 "http://www.wadokikai.org/" "Mozilla/5.0 (iPhone; CPU iPhone OS 16_3_1 like Mac OS X) AppleWebKit/605.1.15 (KHTML, like Gecko) Version/16.3 Mobile/15E148 Safari/604.1"
::ffff:98.51.234.203 - - [18/Apr/2023:15:10:03 +0000] "GET /images/schools/corpuzkaratedomap.jpg HTTP/1.1" 200 36421 "http://www.wadokikai.org/" "Mozilla/5.0 (iPhone; CPU iPhone OS 16_3_1 like Mac OS X) AppleWebKit/605.1.15 (KHTML, like Gecko) Version/16.3 Mobile/15E148 Safari/604.1"
::ffff:98.51.234.203 - - [18/Apr/2023:15:10:03 +0000] "GET /images/schools/nunleykaratedomap.jpg HTTP/1.1" 200 42667 "http://www.wadokikai.org/" "Mozilla/5.0 (iPhone; CPU iPhone OS 16_3_1 like Mac OS X) AppleWebKit/605.1.15 (KHTML, like Gecko) Version/16.3 Mobile/15E148 Safari/604.1"
::ffff:98.51.234.203 - - [18/Apr/2023:15:10:03 +0000] "GET /images/schools/marinkaratedomap.jpg HTTP/1.1" 200 32400 "http://www.wadokikai.org/" "Mozilla/5.0 (iPhone; CPU iPhone OS 16_3_1 like Mac OS X) AppleWebKit/605.1.15 (KHTML, like Gecko) Version/16.3 Mobile/15E148 Safari/604.1"
::ffff:98.51.234.203 - - [18/Apr/2023:15:10:03 +0000] "GET /images/schools/earhartkaratedomap.jpg HTTP/1.1" 200 41366 "http://www.wadokikai.org/" "Mozilla/5.0 (iPhone; CPU iPhone OS 16_3_1 like Mac OS X) AppleWebKit/605.1.15 (KHTML, like Gecko) Version/16.3 Mobile/15E148 Safari/604.1"
::ffff:98.51.234.203 - - [18/Apr/2023:15:10:03 +0000] "GET /images/schools/martinezkaratedomap.jpg HTTP/1.1" 200 37724 "http://www.wadokikai.org/" "Mozilla/5.0 (iPhone; CPU iPhone OS 16_3_1 like Mac OS X) AppleWebKit/605.1.15 (KHTML, like Gecko) Version/16.3 Mobile/15E148 Safari/604.1"
::ffff:98.51.234.203 - - [18/Apr/2023:15:10:03 +0000] "GET /images/schools/manzanitakaratedomap.jpg HTTP/1.1" 200 55402 "http://www.wadokikai.org/" "Mozilla/5.0 (iPhone; CPU iPhone OS 16_3_1 like Mac OS X) AppleWebKit/605.1.15 (KHTML, like Gecko) Version/16.3 Mobile/15E148 Safari/604.1"
::ffff:98.51.234.203 - - [18/Apr/2023:15:10:03 +0000] "GET /images/promotions/AFSPrelimSchedule.pdf HTTP/1.1" 200 59642 "http://www.wadokikai.org/" "Mozilla/5.0 (iPhone; CPU iPhone OS 16_3_1 like Mac OS X) AppleWebKit/605.1.15 (KHTML, like Gecko) Version/16.3 Mobile/15E148 Safari/604.1"
::ffff:98.51.234.203 - - [18/Apr/2023:15:10:03 +0000] "GET /images/dragon-trans.png HTTP/1.1" 200 85661 "http://www.wadokikai.org/" "Mozilla/5.0 (iPhone; CPU iPhone OS 16_3_1 like Mac OS X) AppleWebKit/605.1.15 (KHTML, like Gecko) Version/16.3 Mobile/15E148 Safari/604.1"
::ffff:98.51.234.203 - - [18/Apr/2023:15:10:06 +0000] "GET /images/tiger.bmp HTTP/1.1" 200 311274 "http://www.wadokikai.org/" "Mozilla/5.0 (iPhone; CPU iPhone OS 16_3_1 like Mac OS X) AppleWebKit/605.1.15 (KHTML, like Gecko) Version/16.3 Mobile/15E148 Safari/604.1"
::ffff:98.51.234.203 - - [18/Apr/2023:15:10:10 +0000] "GET /images/wadokikai%20kanji.jpg HTTP/1.1" 200 35066 "http://www.wadokikai.org/" "Mozilla/5.0 (iPhone; CPU iPhone OS 16_3_1 like Mac OS X) AppleWebKit/605.1.15 (KHTML, like Gecko) Version/16.3 Mobile/15E148 Safari/604.1"
::ffff:98.51.234.203 - - [18/Apr/2023:15:10:17 +0000] "GET /images/tiger.bmp HTTP/1.1" 304 - "http://www.wadokikai.org/" "Mozilla/5.0 (iPhone; CPU iPhone OS 16_3_1 like Mac OS X) AppleWebKit/605.1.15 (KHTML, like Gecko) Version/16.3 Mobile/15E148 Safari/604.1"
::ffff:98.51.234.203 - - [18/Apr/2023:15:10:20 +0000] "GET /images/wadokikai%20kanji.jpg HTTP/1.1" 304 - "http://www.wadokikai.org/" "Mozilla/5.0 (iPhone; CPU iPhone OS 16_3_1 like Mac OS X) AppleWebKit/605.1.15 (KHTML, like Gecko) Version/16.3 Mobile/15E148 Safari/604.1"
::ffff:98.51.234.203 - - [18/Apr/2023:15:10:38 +0000] "GET /images/tiger.bmp HTTP/1.1" 304 - "http://www.wadokikai.org/" "Mozilla/5.0 (iPhone; CPU iPhone OS 16_3_1 like Mac OS X) AppleWebKit/605.1.15 (KHTML, like Gecko) Version/16.3 Mobile/15E148 Safari/604.1"
::ffff:98.51.234.203 - - [18/Apr/2023:15:10:41 +0000] "GET /images/wadokikai%20kanji.jpg HTTP/1.1" 304 - "http://www.wadokikai.org/" "Mozilla/5.0 (iPhone; CPU iPhone OS 16_3_1 like Mac OS X) AppleWebKit/605.1.15 (KHTML, like Gecko) Version/16.3 Mobile/15E148 Safari/604.1"
::ffff:34.212.148.30 - - [18/Apr/2023:15:11:30 +0000] "GET / HTTP/1.1" 200 58146 "-" "Mozilla/5.0 (Macintosh; Intel Mac OS X 10_8_3) AppleWebKit/537.31 (KHTML, like Gecko) Chrome/26.0.1410.65 Safari/537.31"
::ffff:98.51.234.203 - - [18/Apr/2023:15:12:40 +0000] "GET /images/wadokikai%20kanji.jpg HTTP/1.1" 304 - "http://www.wadokikai.org/" "Mozilla/5.0 (iPhone; CPU iPhone OS 16_3_1 like Mac OS X) AppleWebKit/605.1.15 (KHTML, like Gecko) Version/16.3 Mobile/15E148 Safari/604.1"
::ffff:54.36.112.44 - - [18/Apr/2023:15:30:56 +0000] "GET /.env HTTP/1.1" 404 143 "-" "Mozilla/5.0 (X11; Linux x86_64) AppleWebKit/537.36 (KHTML, like Gecko) Chrome/81.0.4044.129 Safari/537.36"
::ffff:54.36.112.44 - - [18/Apr/2023:15:30:56 +0000] "POST / HTTP/1.1" 404 140 "-" "Mozilla/5.0 (X11; Linux x86_64) AppleWebKit/537.36 (KHTML, like Gecko) Chrome/81.0.4044.129 Safari/537.36"
::ffff:68.224.72.205 - - [18/Apr/2023:15:35:39 +0000] "GET / HTTP/1.1" 200 58146 "-" "Mozilla/5.0 (Macintosh; Intel Mac OS X 10_15_7) AppleWebKit/537.36 (KHTML, like Gecko) Chrome/112.0.0.0 Safari/537.36"
::ffff:68.224.72.205 - - [18/Apr/2023:15:35:39 +0000] "GET /css/wadokikai.css HTTP/1.1" 200 4337 "http://wadokikai.org/" "Mozilla/5.0 (Macintosh; Intel Mac OS X 10_15_7) AppleWebKit/537.36 (KHTML, like Gecko) Chrome/112.0.0.0 Safari/537.36"
::ffff:68.224.72.205 - - [18/Apr/2023:15:35:39 +0000] "GET /js/common.js HTTP/1.1" 200 2255 "http://wadokikai.org/" "Mozilla/5.0 (Macintosh; Intel Mac OS X 10_15_7) AppleWebKit/537.36 (KHTML, like Gecko) Chrome/112.0.0.0 Safari/537.36"
::ffff:68.224.72.205 - - [18/Apr/2023:15:35:39 +0000] "GET /images/wkkpatch22_med.png HTTP/1.1" 200 32301 "http://wadokikai.org/" "Mozilla/5.0 (Macintosh; Intel Mac OS X 10_15_7) AppleWebKit/537.36 (KHTML, like Gecko) Chrome/112.0.0.0 Safari/537.36"
::ffff:68.224.72.205 - - [18/Apr/2023:15:35:39 +0000] "GET /images/schools/alamedakaratedomap.jpg HTTP/1.1" 200 38311 "http://wadokikai.org/" "Mozilla/5.0 (Macintosh; Intel Mac OS X 10_15_7) AppleWebKit/537.36 (KHTML, like Gecko) Chrome/112.0.0.0 Safari/537.36"
::ffff:68.224.72.205 - - [18/Apr/2023:15:35:39 +0000] "GET /images/schools/dcakaratedomap.jpg HTTP/1.1" 200 35262 "http://wadokikai.org/" "Mozilla/5.0 (Macintosh; Intel Mac OS X 10_15_7) AppleWebKit/537.36 (KHTML, like Gecko) Chrome/112.0.0.0 Safari/537.36"
::ffff:68.224.72.205 - - [18/Apr/2023:15:35:39 +0000] "GET /images/schools/harborbaykaratedomap.jpg HTTP/1.1" 200 37245 "http://wadokikai.org/" "Mozilla/5.0 (Macintosh; Intel Mac OS X 10_15_7) AppleWebKit/537.36 (KHTML, like Gecko) Chrome/112.0.0.0 Safari/537.36"
::ffff:68.224.72.205 - - [18/Apr/2023:15:35:39 +0000] "GET /images/schools/orindakaratedomap.jpg HTTP/1.1" 200 34167 "http://wadokikai.org/" "Mozilla/5.0 (Macintosh; Intel Mac OS X 10_15_7) AppleWebKit/537.36 (KHTML, like Gecko) Chrome/112.0.0.0 Safari/537.36"
::ffff:68.224.72.205 - - [18/Apr/2023:15:35:39 +0000] "GET /images/schools/corpuzkaratedomap.jpg HTTP/1.1" 200 36421 "http://wadokikai.org/" "Mozilla/5.0 (Macintosh; Intel Mac OS X 10_15_7) AppleWebKit/537.36 (KHTML, like Gecko) Chrome/112.0.0.0 Safari/537.36"
::ffff:68.224.72.205 - - [18/Apr/2023:15:35:39 +0000] "GET /images/schools/nunleykaratedomap.jpg HTTP/1.1" 200 42667 "http://wadokikai.org/" "Mozilla/5.0 (Macintosh; Intel Mac OS X 10_15_7) AppleWebKit/537.36 (KHTML, like Gecko) Chrome/112.0.0.0 Safari/537.36"
::ffff:68.224.72.205 - - [18/Apr/2023:15:35:40 +0000] "GET /images/promotions/AFSPrelimSchedule.pdf HTTP/1.1" 200 59642 "http://wadokikai.org/" "Mozilla/5.0 (Macintosh; Intel Mac OS X 10_15_7) AppleWebKit/537.36 (KHTML, like Gecko) Chrome/112.0.0.0 Safari/537.36"
::ffff:68.224.72.205 - - [18/Apr/2023:15:35:40 +0000] "GET /images/schools/marinkaratedomap.jpg HTTP/1.1" 200 32400 "http://wadokikai.org/" "Mozilla/5.0 (Macintosh; Intel Mac OS X 10_15_7) AppleWebKit/537.36 (KHTML, like Gecko) Chrome/112.0.0.0 Safari/537.36"
::ffff:68.224.72.205 - - [18/Apr/2023:15:35:40 +0000] "GET /images/schools/earhartkaratedomap.jpg HTTP/1.1" 200 41366 "http://wadokikai.org/" "Mozilla/5.0 (Macintosh; Intel Mac OS X 10_15_7) AppleWebKit/537.36 (KHTML, like Gecko) Chrome/112.0.0.0 Safari/537.36"
::ffff:68.224.72.205 - - [18/Apr/2023:15:35:40 +0000] "GET /images/schools/martinezkaratedomap.jpg HTTP/1.1" 200 37724 "http://wadokikai.org/" "Mozilla/5.0 (Macintosh; Intel Mac OS X 10_15_7) AppleWebKit/537.36 (KHTML, like Gecko) Chrome/112.0.0.0 Safari/537.36"
::ffff:68.224.72.205 - - [18/Apr/2023:15:35:40 +0000] "GET /images/schools/manzanitakaratedomap.jpg HTTP/1.1" 200 55402 "http://wadokikai.org/" "Mozilla/5.0 (Macintosh; Intel Mac OS X 10_15_7) AppleWebKit/537.36 (KHTML, like Gecko) Chrome/112.0.0.0 Safari/537.36"
::ffff:68.224.72.205 - - [18/Apr/2023:15:35:40 +0000] "GET /images/dragon-trans.png HTTP/1.1" 200 85661 "http://wadokikai.org/" "Mozilla/5.0 (Macintosh; Intel Mac OS X 10_15_7) AppleWebKit/537.36 (KHTML, like Gecko) Chrome/112.0.0.0 Safari/537.36"
::ffff:68.224.72.205 - - [18/Apr/2023:15:35:40 +0000] "GET /images/favicon.ico HTTP/1.1" 200 3638 "http://wadokikai.org/" "Mozilla/5.0 (Macintosh; Intel Mac OS X 10_15_7) AppleWebKit/537.36 (KHTML, like Gecko) Chrome/112.0.0.0 Safari/537.36"
::ffff:68.224.72.205 - - [18/Apr/2023:15:35:44 +0000] "GET /images/tiger.bmp HTTP/1.1" 200 311274 "http://wadokikai.org/" "Mozilla/5.0 (Macintosh; Intel Mac OS X 10_15_7) AppleWebKit/537.36 (KHTML, like Gecko) Chrome/112.0.0.0 Safari/537.36"
::ffff:68.224.72.205 - - [18/Apr/2023:15:35:47 +0000] "GET /images/wadokikai%20kanji.jpg HTTP/1.1" 200 35066 "http://wadokikai.org/" "Mozilla/5.0 (Macintosh; Intel Mac OS X 10_15_7) AppleWebKit/537.36 (KHTML, like Gecko) Chrome/112.0.0.0 Safari/537.36"
::ffff:68.224.72.205 - - [18/Apr/2023:15:36:25 +0000] "GET /images/tiger.bmp HTTP/1.1" 304 - "http://wadokikai.org/" "Mozilla/5.0 (Macintosh; Intel Mac OS X 10_15_7) AppleWebKit/537.36 (KHTML, like Gecko) Chrome/112.0.0.0 Safari/537.36"
::ffff:68.224.72.205 - - [18/Apr/2023:15:36:29 +0000] "GET /images/wadokikai%20kanji.jpg HTTP/1.1" 304 - "http://wadokikai.org/" "Mozilla/5.0 (Macintosh; Intel Mac OS X 10_15_7) AppleWebKit/537.36 (KHTML, like Gecko) Chrome/112.0.0.0 Safari/537.36"
::ffff:68.224.72.205 - - [18/Apr/2023:15:37:00 +0000] "GET /images/wadokikai%20kanji.jpg HTTP/1.1" 304 - "http://wadokikai.org/" "Mozilla/5.0 (Macintosh; Intel Mac OS X 10_15_7) AppleWebKit/537.36 (KHTML, like Gecko) Chrome/112.0.0.0 Safari/537.36"
::ffff:68.224.72.205 - - [18/Apr/2023:15:37:05 +0000] "GET /images/dragon-trans.png HTTP/1.1" 304 - "http://wadokikai.org/" "Mozilla/5.0 (Macintosh; Intel Mac OS X 10_15_7) AppleWebKit/537.36 (KHTML, like Gecko) Chrome/112.0.0.0 Safari/537.36"
::ffff:68.224.72.205 - - [18/Apr/2023:15:37:10 +0000] "GET /images/tiger.bmp HTTP/1.1" 304 - "http://wadokikai.org/" "Mozilla/5.0 (Macintosh; Intel Mac OS X 10_15_7) AppleWebKit/537.36 (KHTML, like Gecko) Chrome/112.0.0.0 Safari/537.36"
::ffff:68.224.72.205 - - [18/Apr/2023:15:40:46 +0000] "GET /images/wadokikai%20kanji.jpg HTTP/1.1" 304 - "http://wadokikai.org/" "Mozilla/5.0 (Macintosh; Intel Mac OS X 10_15_7) AppleWebKit/537.36 (KHTML, like Gecko) Chrome/112.0.0.0 Safari/537.36"
::ffff:68.224.72.205 - - [18/Apr/2023:15:40:49 +0000] "GET /images/dragon-trans.png HTTP/1.1" 304 - "http://wadokikai.org/" "Mozilla/5.0 (Macintosh; Intel Mac OS X 10_15_7) AppleWebKit/537.36 (KHTML, like Gecko) Chrome/112.0.0.0 Safari/537.36"
::ffff:45.79.171.66 - - [18/Apr/2023:15:40:53 +0000] "GET /service.php?token=1819&action=11 HTTP/1.0" 404 150 "-" "-"
::ffff:40.77.167.145 - - [18/Apr/2023:15:41:37 +0000] "GET /images/schools/alamedakaratedo.jpg HTTP/1.1" 200 86185 "-" "Mozilla/5.0 AppleWebKit/537.36 (KHTML, like Gecko; compatible; bingbot/2.0; +http://www.bing.com/bingbot.htm) Chrome/103.0.5060.134 Safari/537.36"
::ffff:45.79.171.66 - - [18/Apr/2023:15:45:13 +0000] "GET /service.php?token=1819&action=11 HTTP/1.0" 404 150 "-" "-"
::ffff:43.155.118.219 - - [18/Apr/2023:16:02:54 +0000] "HEAD /Core/Skin/Login.aspx HTTP/1.1" 404 160 "-" "Mozilla/5.0 (Windows NT 10.0; Win64; x64) AppleWebKit/537.36 (KHTML, like Gecko) Chrome/106.0.0.0 Safari/537.36"
::ffff:109.237.97.180 - - [18/Apr/2023:16:05:10 +0000] "GET /.env HTTP/1.1" 404 143 "-" "Mozilla/5.0 (X11; Linux x86_64) AppleWebKit/537.36 (KHTML, like Gecko) Chrome/81.0.4044.129 Safari/537.36"
::ffff:185.254.196.173 - - [18/Apr/2023:16:05:54 +0000] "GET /.env HTTP/1.1" 404 143 "-" "Mozilla/5.0 (X11; Linux x86_64) AppleWebKit/537.36 (KHTML, like Gecko) Chrome/81.0.4044.129 Safari/537.36"
::ffff:185.254.196.173 - - [18/Apr/2023:16:05:55 +0000] "POST / HTTP/1.1" 404 140 "-" "Mozilla/5.0 (X11; Linux x86_64) AppleWebKit/537.36 (KHTML, like Gecko) Chrome/81.0.4044.129 Safari/537.36"
::ffff:52.167.144.98 - - [18/Apr/2023:16:20:12 +0000] "GET / HTTP/1.1" 200 58146 "-" "Mozilla/5.0 AppleWebKit/537.36 (KHTML, like Gecko; compatible; bingbot/2.0; +http://www.bing.com/bingbot.htm) Chrome/103.0.5060.134 Safari/537.36"
::ffff:45.79.171.66 - - [18/Apr/2023:16:32:38 +0000] "GET /service.php?token=1819&action=11 HTTP/1.0" 404 150 "-" "-"
::ffff:192.241.215.10 - - [18/Apr/2023:16:45:50 +0000] "GET /manager/text/list HTTP/1.1" 404 156 "-" "Mozilla/5.0 zgrab/0.x"
::ffff:114.119.145.129 - - [18/Apr/2023:16:47:03 +0000] "GET /robots.txt HTTP/1.1" 404 149 "-" "Mozilla/5.0 (compatible;PetalBot;+https://webmaster.petalsearch.com/site/petalbot)"
::ffff:114.119.146.15 - - [18/Apr/2023:16:57:42 +0000] "GET /robots.txt HTTP/1.1" 404 149 "-" "Mozilla/5.0 (compatible;PetalBot;+https://webmaster.petalsearch.com/site/petalbot)"
::ffff:66.249.79.183 - - [18/Apr/2023:17:01:23 +0000] "GET / HTTP/1.1" 200 58146 "-" "Mozilla/5.0 (Linux; Android 6.0.1; Nexus 5X Build/MMB29P) AppleWebKit/537.36 (KHTML, like Gecko) Chrome/112.0.5615.49 Mobile Safari/537.36 (compatible; Googlebot/2.1; +http://www.google.com/bot.html)"
::ffff:45.79.171.66 - - [18/Apr/2023:17:05:17 +0000] "GET /service.php?token=1819&action=11 HTTP/1.0" 404 150 "-" "-"
::ffff:180.149.125.171 - - [18/Apr/2023:17:05:53 +0000] "GET / HTTP/1.1" 200 58146 "-" "Mozilla/5.0 (Windows NT 5.1; Win64; x64) AppleWebKit/537.36 (KHTML, like Gecko) Chrome/60.0.3112.90 Safari/537.36"
::ffff:35.83.39.174 - - [18/Apr/2023:17:07:41 +0000] "HEAD / HTTP/1.1" 200 58146 "-" "Mozilla/5.0 (Macintosh; Intel Mac OS X 10_14_6) AppleWebKit/537.36 (KHTML, like Gecko) Chrome/79.0.3945.130 Safari/537.36"
::ffff:52.167.144.98 - - [18/Apr/2023:17:07:56 +0000] "GET /images/instructors/clarkb.jpeg HTTP/1.1" 200 12183 "-" "Mozilla/5.0 AppleWebKit/537.36 (KHTML, like Gecko; compatible; bingbot/2.0; +http://www.bing.com/bingbot.htm) Chrome/103.0.5060.134 Safari/537.36"
::ffff:135.125.244.48 - - [18/Apr/2023:17:12:47 +0000] "GET /.env HTTP/1.1" 404 143 "-" "Mozilla/5.0 (X11; Linux x86_64) AppleWebKit/537.36 (KHTML, like Gecko) Chrome/81.0.4044.129 Safari/537.36"
::ffff:135.125.244.48 - - [18/Apr/2023:17:12:47 +0000] "POST / HTTP/1.1" 404 140 "-" "Mozilla/5.0 (X11; Linux x86_64) AppleWebKit/537.36 (KHTML, like Gecko) Chrome/81.0.4044.129 Safari/537.36"
::ffff:43.155.118.219 - - [18/Apr/2023:17:24:20 +0000] "HEAD /Core/Skin/Login.aspx HTTP/1.1" 404 160 "-" "Mozilla/5.0 (Windows NT 10.0; Win64; x64) AppleWebKit/537.36 (KHTML, like Gecko) Chrome/106.0.0.0 Safari/537.36"
::ffff:40.88.21.235 - - [18/Apr/2023:17:54:09 +0000] "GET / HTTP/1.1" 200 58146 "http://wadokikai.org/" "Mozilla/5.0 (compatible; DuckDuckGo-Favicons-Bot/1.0; +http://duckduckgo.com)"
::ffff:40.88.21.235 - - [18/Apr/2023:17:54:09 +0000] "GET /images/favicon.ico HTTP/1.1" 200 3638 "http://wadokikai.org/images/favicon.ico" "Mozilla/5.0 (compatible; DuckDuckGo-Favicons-Bot/1.0; +http://duckduckgo.com)"
::ffff:45.79.171.66 - - [18/Apr/2023:18:02:59 +0000] "GET /service.php?token=1819&action=11 HTTP/1.0" 404 150 "-" "-"
::ffff:54.36.112.44 - - [18/Apr/2023:18:06:11 +0000] "GET /.env HTTP/1.1" 404 143 "-" "Mozilla/5.0 (X11; Linux x86_64) AppleWebKit/537.36 (KHTML, like Gecko) Chrome/81.0.4044.129 Safari/537.36"
::ffff:54.36.112.44 - - [18/Apr/2023:18:06:11 +0000] "POST / HTTP/1.1" 404 140 "-" "Mozilla/5.0 (X11; Linux x86_64) AppleWebKit/537.36 (KHTML, like Gecko) Chrome/81.0.4044.129 Safari/537.36"
::ffff:66.249.79.187 - - [18/Apr/2023:18:16:04 +0000] "GET /robots.txt HTTP/1.1" 404 149 "-" "Mozilla/5.0 (compatible; Googlebot/2.1; +http://www.google.com/bot.html)"
::ffff:66.249.79.185 - - [18/Apr/2023:18:16:04 +0000] "GET /css/wadokikai.css HTTP/1.1" 200 4337 "http://wadokikai.org/" "Mozilla/5.0 (Linux; Android 6.0.1; Nexus 5X Build/MMB29P) AppleWebKit/537.36 (KHTML, like Gecko) Chrome/111.0.5563.146 Mobile Safari/537.36 (compatible; Googlebot/2.1; +http://www.google.com/bot.html)"
::ffff:66.249.79.185 - - [18/Apr/2023:18:16:08 +0000] "GET /favicon.ico HTTP/1.1" 404 150 "-" "Googlebot-Image/1.0"
::ffff:45.79.171.66 - - [18/Apr/2023:18:21:44 +0000] "GET /service.php?token=1819&action=11 HTTP/1.0" 404 150 "-" "-"
::ffff:34.76.96.55 - - [18/Apr/2023:18:26:00 +0000] "GET / HTTP/1.1" 200 58146 "-" "python-requests/2.28.2"
::ffff:135.125.244.48 - - [18/Apr/2023:18:30:11 +0000] "GET /.env HTTP/1.1" 404 143 "-" "Mozilla/5.0 (X11; Linux x86_64) AppleWebKit/537.36 (KHTML, like Gecko) Chrome/81.0.4044.129 Safari/537.36"
::ffff:135.125.244.48 - - [18/Apr/2023:18:30:12 +0000] "POST / HTTP/1.1" 404 140 "-" "Mozilla/5.0 (X11; Linux x86_64) AppleWebKit/537.36 (KHTML, like Gecko) Chrome/81.0.4044.129 Safari/537.36"
::ffff:14.116.157.23 - - [18/Apr/2023:18:31:22 +0000] "GET / HTTP/1.1" 200 58146 "-" "Mozilla/5.0 (iPhone; CPU iPhone OS 13_2_3 like Mac OS X) AppleWebKit/605.1.15 (KHTML, like Gecko) Version/13.0.3 Mobile/15E148 Safari/604.1"
::ffff:107.170.242.13 - - [18/Apr/2023:18:39:21 +0000] "GET /ecp/Current/exporttool/microsoft.exchange.ediscovery.exporttool.application HTTP/1.1" 404 214 "-" "Mozilla/5.0 zgrab/0.x"
::ffff:43.155.118.219 - - [18/Apr/2023:18:43:09 +0000] "HEAD /Core/Skin/Login.aspx HTTP/1.1" 404 160 "-" "Mozilla/5.0 (Windows NT 10.0; Win64; x64) AppleWebKit/537.36 (KHTML, like Gecko) Chrome/106.0.0.0 Safari/537.36"
::ffff:198.199.111.75 - - [18/Apr/2023:19:02:28 +0000] "GET /owa/auth/logon.aspx HTTP/1.1" 404 158 "-" "Mozilla/5.0 zgrab/0.x"
::ffff:185.16.138.213 - - [18/Apr/2023:19:06:07 +0000] "GET / HTTP/1.1" 200 58146 "-" "Mozilla/5.0 (Windows NT 10.0; WOW64) AppleWebKit/537.36 (KHTML, like Gecko) Chrome/51.0.2704.103 Safari/537.36"
::ffff:185.16.138.213 - - [18/Apr/2023:19:06:07 +0000] "GET / HTTP/1.1" 200 58146 "-" "Mozilla/5.0 (Windows NT 10.0; WOW64) AppleWebKit/537.36 (KHTML, like Gecko) Chrome/51.0.2704.103 Safari/537.36"
::ffff:98.51.234.203 - - [18/Apr/2023:19:10:16 +0000] "GET /images/dragon-trans.png HTTP/1.1" 304 - "http://www.wadokikai.org/" "Mozilla/5.0 (iPhone; CPU iPhone OS 16_3_1 like Mac OS X) AppleWebKit/605.1.15 (KHTML, like Gecko) Version/16.3 Mobile/15E148 Safari/604.1"
::ffff:40.77.167.145 - - [18/Apr/2023:19:11:36 +0000] "GET / HTTP/1.1" 200 58146 "-" "Mozilla/5.0 AppleWebKit/537.36 (KHTML, like Gecko; compatible; bingbot/2.0; +http://www.bing.com/bingbot.htm) Chrome/103.0.5060.134 Safari/537.36"
::ffff:51.222.253.2 - - [18/Apr/2023:19:14:51 +0000] "GET /robots.txt HTTP/1.1" 404 149 "-" "Mozilla/5.0 (compatible; AhrefsBot/7.0; +http://ahrefs.com/robot/)"
::ffff:51.222.253.13 - - [18/Apr/2023:19:14:55 +0000] "GET / HTTP/1.1" 200 58146 "-" "Mozilla/5.0 (compatible; AhrefsBot/7.0; +http://ahrefs.com/robot/)"
::ffff:51.222.253.20 - - [18/Apr/2023:19:14:58 +0000] "GET /images/schools/martinezkaratedomap.jpg HTTP/1.1" 200 37724 "-" "Mozilla/5.0 (compatible; AhrefsBot/7.0; +http://ahrefs.com/robot/)"
::ffff:51.222.253.16 - - [18/Apr/2023:19:14:59 +0000] "GET /images/schools/corpuzkaratedomap.jpg HTTP/1.1" 200 36421 "-" "Mozilla/5.0 (compatible; AhrefsBot/7.0; +http://ahrefs.com/robot/)"
::ffff:51.222.253.19 - - [18/Apr/2023:19:14:59 +0000] "GET /images/schools/nunleykaratedomap.jpg HTTP/1.1" 200 42667 "-" "Mozilla/5.0 (compatible; AhrefsBot/7.0; +http://ahrefs.com/robot/)"
::ffff:51.222.253.2 - - [18/Apr/2023:19:15:00 +0000] "GET /images/schools/harborbaykaratedomap.jpg HTTP/1.1" 200 37245 "-" "Mozilla/5.0 (compatible; AhrefsBot/7.0; +http://ahrefs.com/robot/)"
::ffff:51.222.253.17 - - [18/Apr/2023:19:15:01 +0000] "GET /css/wadokikai.css HTTP/1.1" 200 4337 "-" "Mozilla/5.0 (compatible; AhrefsBot/7.0; +http://ahrefs.com/robot/)"
::ffff:51.222.253.8 - - [18/Apr/2023:19:15:01 +0000] "GET /images/schools/alamedakaratedomap.jpg HTTP/1.1" 200 38311 "-" "Mozilla/5.0 (compatible; AhrefsBot/7.0; +http://ahrefs.com/robot/)"
::ffff:51.222.253.11 - - [18/Apr/2023:19:15:02 +0000] "GET /images/schools/dcakaratedomap.jpg HTTP/1.1" 200 35262 "-" "Mozilla/5.0 (compatible; AhrefsBot/7.0; +http://ahrefs.com/robot/)"
::ffff:51.222.253.7 - - [18/Apr/2023:19:15:02 +0000] "GET / HTTP/1.1" 200 58146 "-" "Mozilla/5.0 (compatible; AhrefsBot/7.0; +http://ahrefs.com/robot/)"
::ffff:51.222.253.19 - - [18/Apr/2023:19:15:03 +0000] "GET /images/schools/orindakaratedomap.jpg HTTP/1.1" 200 34167 "-" "Mozilla/5.0 (compatible; AhrefsBot/7.0; +http://ahrefs.com/robot/)"
::ffff:51.222.253.5 - - [18/Apr/2023:19:15:03 +0000] "GET /images/wkkpatch22_med.png HTTP/1.1" 200 32301 "-" "Mozilla/5.0 (compatible; AhrefsBot/7.0; +http://ahrefs.com/robot/)"
::ffff:51.222.253.3 - - [18/Apr/2023:19:15:04 +0000] "GET /images/schools/manzanitakaratedomap.jpg HTTP/1.1" 200 55402 "-" "Mozilla/5.0 (compatible; AhrefsBot/7.0; +http://ahrefs.com/robot/)"
::ffff:51.222.253.14 - - [18/Apr/2023:19:15:04 +0000] "GET /images/schools/earhartkaratedomap.jpg HTTP/1.1" 200 41366 "-" "Mozilla/5.0 (compatible; AhrefsBot/7.0; +http://ahrefs.com/robot/)"
::ffff:51.222.253.11 - - [18/Apr/2023:19:15:05 +0000] "GET /js/common.js HTTP/1.1" 200 2255 "-" "Mozilla/5.0 (compatible; AhrefsBot/7.0; +http://ahrefs.com/robot/)"
::ffff:98.51.234.203 - - [18/Apr/2023:19:15:22 +0000] "GET /images/wadokikai%20kanji.jpg HTTP/1.1" 304 - "http://www.wadokikai.org/" "Mozilla/5.0 (iPhone; CPU iPhone OS 16_3_1 like Mac OS X) AppleWebKit/605.1.15 (KHTML, like Gecko) Version/16.3 Mobile/15E148 Safari/604.1"
::ffff:98.51.234.203 - - [18/Apr/2023:19:15:26 +0000] "GET /images/dragon-trans.png HTTP/1.1" 304 - "http://www.wadokikai.org/" "Mozilla/5.0 (iPhone; CPU iPhone OS 16_3_1 like Mac OS X) AppleWebKit/605.1.15 (KHTML, like Gecko) Version/16.3 Mobile/15E148 Safari/604.1"
::ffff:193.42.33.217 - - [18/Apr/2023:19:17:15 +0000] "GET / HTTP/1.1" 200 58146 "-" "Linux Gnu (cow)"
::ffff:135.125.244.48 - - [18/Apr/2023:19:30:40 +0000] "GET /.env HTTP/1.1" 404 143 "-" "Mozilla/5.0 (X11; Linux x86_64) AppleWebKit/537.36 (KHTML, like Gecko) Chrome/81.0.4044.129 Safari/537.36"
::ffff:135.125.244.48 - - [18/Apr/2023:19:30:40 +0000] "POST / HTTP/1.1" 404 140 "-" "Mozilla/5.0 (X11; Linux x86_64) AppleWebKit/537.36 (KHTML, like Gecko) Chrome/81.0.4044.129 Safari/537.36"
::ffff:43.155.118.219 - - [18/Apr/2023:20:01:33 +0000] "HEAD /Core/Skin/Login.aspx HTTP/1.1" 404 160 "-" "Mozilla/5.0 (Windows NT 10.0; Win64; x64) AppleWebKit/537.36 (KHTML, like Gecko) Chrome/106.0.0.0 Safari/537.36"
::ffff:185.202.172.185 - - [18/Apr/2023:20:02:18 +0000] "GET /.env HTTP/1.1" 404 143 "-" "Mozilla/5.0 (Linux; U; Android 4.4.2; en-US; HM NOTE 1W Build/KOT49H) AppleWebKit/534.30 (KHTML, like Gecko) Version/4.0 UCBrowser/11.0.5.850 U3/0.8.0 Mobile Safari/534.30"
::ffff:185.202.172.185 - - [18/Apr/2023:20:02:18 +0000] "POST / HTTP/1.1" 404 140 "-" "Mozilla/5.0 (Linux; U; Android 4.4.2; en-US; HM NOTE 1W Build/KOT49H) AppleWebKit/534.30 (KHTML, like Gecko) Version/4.0 UCBrowser/11.0.5.850 U3/0.8.0 Mobile Safari/534.30"
::ffff:185.202.172.185 - - [18/Apr/2023:20:02:18 +0000] "GET /.env HTTP/1.1" 404 143 "-" "Mozilla/5.0 (Linux; U; Android 4.4.2; en-US; HM NOTE 1W Build/KOT49H) AppleWebKit/534.30 (KHTML, like Gecko) Version/4.0 UCBrowser/11.0.5.850 U3/0.8.0 Mobile Safari/534.30"
::ffff:185.202.172.185 - - [18/Apr/2023:20:02:19 +0000] "POST / HTTP/1.1" 404 140 "-" "Mozilla/5.0 (Linux; U; Android 4.4.2; en-US; HM NOTE 1W Build/KOT49H) AppleWebKit/534.30 (KHTML, like Gecko) Version/4.0 UCBrowser/11.0.5.850 U3/0.8.0 Mobile Safari/534.30"
::ffff:185.202.172.185 - - [18/Apr/2023:20:02:19 +0000] "GET /vendor/phpunit/phpunit/src/Util/PHP/eval-stdin.php HTTP/1.1" 404 189 "-" "python-requests/2.28.2"
::ffff:62.210.207.17 - - [18/Apr/2023:20:27:50 +0000] "GET /index/about/index.html HTTP/1.1" 404 161 "-" "Mozilla/5.0 (Linux; Android 8.0.0; SM-G930F) AppleWebKit/537.36 (KHTML, like Gecko) Chrome/100.0.4896.127 Mobile Safari/537.36"
::ffff:54.36.112.44 - - [18/Apr/2023:20:28:01 +0000] "GET /.env HTTP/1.1" 404 143 "-" "Mozilla/5.0 (X11; Linux x86_64) AppleWebKit/537.36 (KHTML, like Gecko) Chrome/81.0.4044.129 Safari/537.36"
::ffff:54.36.112.44 - - [18/Apr/2023:20:28:02 +0000] "POST / HTTP/1.1" 404 140 "-" "Mozilla/5.0 (X11; Linux x86_64) AppleWebKit/537.36 (KHTML, like Gecko) Chrome/81.0.4044.129 Safari/537.36"
::ffff:114.119.146.195 - - [18/Apr/2023:20:33:08 +0000] "GET /robots.txt HTTP/1.1" 404 149 "-" "Mozilla/5.0 (compatible;PetalBot;+https://webmaster.petalsearch.com/site/petalbot)"
::ffff:45.79.171.66 - - [18/Apr/2023:20:43:26 +0000] "GET /service.php?token=1819&action=11 HTTP/1.0" 404 150 "-" "-"
::ffff:102.165.52.65 - - [18/Apr/2023:20:53:43 +0000] "GET /contact?s=1&ss=7 HTTP/1.1" 200 9997 "-" "Mozilla/5.0 (Macintosh; Intel Mac OS X 12.5; rv:102.0) Gecko/20100101 Firefox/102.0"
::ffff:102.165.52.65 - - [18/Apr/2023:20:53:49 +0000] "POST /sendemail HTTP/1.1" 302 96 "http://wadokikai.org/contact?s=1&ss=7" "Mozilla/5.0 (Macintosh; Intel Mac OS X 12.5; rv:102.0) Gecko/20100101 Firefox/102.0"
::ffff:102.165.52.65 - - [18/Apr/2023:20:53:50 +0000] "GET /contact/?msg=sent&s=1 HTTP/1.1" 200 10400 "http://wadokikai.org/sendemail" "Mozilla/5.0 (Macintosh; Intel Mac OS X 12.5; rv:102.0) Gecko/20100101 Firefox/102.0"
::ffff:205.210.31.41 - - [18/Apr/2023:20:56:43 +0000] "GET / HTTP/1.1" 200 58146 "-" "Expanse, a Palo Alto Networks company, searches across the global IPv4 space multiple times per day to identify customers&#39; presences on the Internet. If you would like to be excluded from our scans, please send IP addresses/domains to: scaninfo@paloaltonetworks.com"
::ffff:43.155.118.219 - - [18/Apr/2023:21:20:06 +0000] "HEAD /Core/Skin/Login.aspx HTTP/1.1" 404 160 "-" "Mozilla/5.0 (Windows NT 10.0; Win64; x64) AppleWebKit/537.36 (KHTML, like Gecko) Chrome/106.0.0.0 Safari/537.36"
::ffff:20.113.26.150 - - [18/Apr/2023:21:21:38 +0000] "GET / HTTP/1.1" 200 58146 "-" "Mozilla/5.0 (Macintosh; Intel Mac OS X 10_12_1) AppleWebKit/537.36 (KHTML, like Gecko) Chrome/54.0.2840.98 Safari/537.36"
::ffff:135.125.244.48 - - [18/Apr/2023:21:26:35 +0000] "GET /.env HTTP/1.1" 404 143 "-" "Mozilla/5.0 (X11; Linux x86_64) AppleWebKit/537.36 (KHTML, like Gecko) Chrome/81.0.4044.129 Safari/537.36"
::ffff:135.125.244.48 - - [18/Apr/2023:21:26:35 +0000] "POST / HTTP/1.1" 404 140 "-" "Mozilla/5.0 (X11; Linux x86_64) AppleWebKit/537.36 (KHTML, like Gecko) Chrome/81.0.4044.129 Safari/537.36"
::ffff:91.229.77.2 - - [18/Apr/2023:21:35:55 +0000] "GET //.env HTTP/1.1" 404 144 "-" "Go-http-client/1.1"
::ffff:66.240.236.116 - - [18/Apr/2023:21:38:18 +0000] "GET / HTTP/1.1" 200 58146 "-" "Mozilla/5.0 zgrab/0.x"
::ffff:52.167.144.59 - - [18/Apr/2023:21:48:19 +0000] "GET /robots.txt HTTP/1.1" 404 149 "-" "Mozilla/5.0 AppleWebKit/537.36 (KHTML, like Gecko; compatible; bingbot/2.0; +http://www.bing.com/bingbot.htm) Chrome/103.0.5060.134 Safari/537.36"
::ffff:40.77.167.145 - - [18/Apr/2023:21:48:23 +0000] "GET / HTTP/1.1" 200 58146 "-" "Mozilla/5.0 AppleWebKit/537.36 (KHTML, like Gecko; compatible; bingbot/2.0; +http://www.bing.com/bingbot.htm) Chrome/103.0.5060.134 Safari/537.36"
::ffff:185.254.196.173 - - [18/Apr/2023:21:50:00 +0000] "GET /.env HTTP/1.1" 404 143 "-" "Mozilla/5.0 (X11; Linux x86_64) AppleWebKit/537.36 (KHTML, like Gecko) Chrome/81.0.4044.129 Safari/537.36"
::ffff:185.254.196.173 - - [18/Apr/2023:21:50:00 +0000] "POST / HTTP/1.1" 404 140 "-" "Mozilla/5.0 (X11; Linux x86_64) AppleWebKit/537.36 (KHTML, like Gecko) Chrome/81.0.4044.129 Safari/537.36"
::ffff:192.241.195.6 - - [18/Apr/2023:22:02:07 +0000] "GET /owa/auth/logon.aspx?url=https%3a%2f%2f1%2fecp%2f HTTP/1.1" 404 158 "-" "Mozilla/5.0 zgrab/0.x"
::ffff:45.79.171.66 - - [18/Apr/2023:22:10:37 +0000] "GET /service.php?token=1819&action=11 HTTP/1.0" 404 150 "-" "-"
::ffff:45.79.171.66 - - [18/Apr/2023:22:15:41 +0000] "GET /service.php?token=1819&action=11 HTTP/1.0" 404 150 "-" "-"
::ffff:45.79.171.66 - - [18/Apr/2023:22:18:02 +0000] "GET /service.php?token=1819&action=11 HTTP/1.0" 404 150 "-" "-"
::ffff:43.155.118.219 - - [18/Apr/2023:22:38:45 +0000] "HEAD /Core/Skin/Login.aspx HTTP/1.1" 404 160 "-" "Mozilla/5.0 (Windows NT 10.0; Win64; x64) AppleWebKit/537.36 (KHTML, like Gecko) Chrome/106.0.0.0 Safari/537.36"
::ffff:45.79.171.66 - - [18/Apr/2023:22:39:12 +0000] "GET /service.php?token=1819&action=11 HTTP/1.0" 404 150 "-" "-"
::ffff:54.36.112.44 - - [18/Apr/2023:22:43:08 +0000] "GET /.env HTTP/1.1" 404 143 "-" "Mozilla/5.0 (X11; Linux x86_64) AppleWebKit/537.36 (KHTML, like Gecko) Chrome/81.0.4044.129 Safari/537.36"
::ffff:54.36.112.44 - - [18/Apr/2023:22:43:08 +0000] "POST / HTTP/1.1" 404 140 "-" "Mozilla/5.0 (X11; Linux x86_64) AppleWebKit/537.36 (KHTML, like Gecko) Chrome/81.0.4044.129 Safari/537.36"
::ffff:45.79.171.66 - - [18/Apr/2023:22:44:52 +0000] "GET /service.php?token=1819&action=11 HTTP/1.0" 404 150 "-" "-"
::ffff:45.79.171.66 - - [18/Apr/2023:22:45:17 +0000] "GET /service.php?token=1819&action=11 HTTP/1.0" 404 150 "-" "-"
::ffff:45.79.171.66 - - [18/Apr/2023:22:57:11 +0000] "GET /service.php?token=1819&action=11 HTTP/1.0" 404 150 "-" "-"
::ffff:52.167.144.98 - - [18/Apr/2023:23:14:52 +0000] "GET / HTTP/1.1" 200 58146 "-" "Mozilla/5.0 AppleWebKit/537.36 (KHTML, like Gecko; compatible; bingbot/2.0; +http://www.bing.com/bingbot.htm) Chrome/103.0.5060.134 Safari/537.36"
::ffff:135.125.244.48 - - [18/Apr/2023:23:19:33 +0000] "GET /.env HTTP/1.1" 404 143 "-" "Mozilla/5.0 (X11; Linux x86_64) AppleWebKit/537.36 (KHTML, like Gecko) Chrome/81.0.4044.129 Safari/537.36"
::ffff:135.125.244.48 - - [18/Apr/2023:23:19:34 +0000] "POST / HTTP/1.1" 404 140 "-" "Mozilla/5.0 (X11; Linux x86_64) AppleWebKit/537.36 (KHTML, like Gecko) Chrome/81.0.4044.129 Safari/537.36"
::ffff:198.235.24.128 - - [18/Apr/2023:23:22:29 +0000] "GET / HTTP/1.1" 200 58146 "-" "Expanse, a Palo Alto Networks company, searches across the global IPv4 space multiple times per day to identify customers&#39; presences on the Internet. If you would like to be excluded from our scans, please send IP addresses/domains to: scaninfo@paloaltonetworks.com"
