::ffff:99.92.93.12 - - [06/Mar/2023:17:18:41 +0000] "GET /resources HTTP/1.1" 304 - "-" "Mozilla/5.0 (Linux; NetCast; U) AppleWebKit/537.36 (KHTML, like Gecko) Chrome/79.0.3945.79 Safari/537.36 SmartTV/10.0 Colt/2.0"
::ffff:99.92.93.12 - - [06/Mar/2023:17:18:41 +0000] "GET /css/wadokikai.css HTTP/1.1" 304 - "http://wadokikai.org/resources" "Mozilla/5.0 (Linux; NetCast; U) AppleWebKit/537.36 (KHTML, like Gecko) Chrome/79.0.3945.79 Safari/537.36 SmartTV/10.0 Colt/2.0"
::ffff:99.92.93.12 - - [06/Mar/2023:17:18:41 +0000] "GET /images/wkkpatch22_med.png HTTP/1.1" 304 - "http://wadokikai.org/resources" "Mozilla/5.0 (Linux; NetCast; U) AppleWebKit/537.36 (KHTML, like Gecko) Chrome/79.0.3945.79 Safari/537.36 SmartTV/10.0 Colt/2.0"
::ffff:99.92.93.12 - - [06/Mar/2023:17:18:41 +0000] "GET /images/JohnArce.jpg HTTP/1.1" 304 - "http://wadokikai.org/resources" "Mozilla/5.0 (Linux; NetCast; U) AppleWebKit/537.36 (KHTML, like Gecko) Chrome/79.0.3945.79 Safari/537.36 SmartTV/10.0 Colt/2.0"
::ffff:99.92.93.12 - - [06/Mar/2023:17:18:41 +0000] "GET /js/common.js HTTP/1.1" 304 - "http://wadokikai.org/resources" "Mozilla/5.0 (Linux; NetCast; U) AppleWebKit/537.36 (KHTML, like Gecko) Chrome/79.0.3945.79 Safari/537.36 SmartTV/10.0 Colt/2.0"
::ffff:99.92.93.12 - - [06/Mar/2023:17:18:41 +0000] "GET /images/tm.jpg HTTP/1.1" 304 - "http://wadokikai.org/resources" "Mozilla/5.0 (Linux; NetCast; U) AppleWebKit/537.36 (KHTML, like Gecko) Chrome/79.0.3945.79 Safari/537.36 SmartTV/10.0 Colt/2.0"
::ffff:99.92.93.12 - - [06/Mar/2023:17:18:41 +0000] "GET /images/books/MBS2.jpg HTTP/1.1" 304 - "http://wadokikai.org/resources" "Mozilla/5.0 (Linux; NetCast; U) AppleWebKit/537.36 (KHTML, like Gecko) Chrome/79.0.3945.79 Safari/537.36 SmartTV/10.0 Colt/2.0"
::ffff:99.92.93.12 - - [06/Mar/2023:17:18:41 +0000] "GET /images/books/MBS.gif HTTP/1.1" 304 - "http://wadokikai.org/resources" "Mozilla/5.0 (Linux; NetCast; U) AppleWebKit/537.36 (KHTML, like Gecko) Chrome/79.0.3945.79 Safari/537.36 SmartTV/10.0 Colt/2.0"
::ffff:99.92.93.12 - - [06/Mar/2023:17:18:41 +0000] "GET /images/books/karatebook.jpg HTTP/1.1" 304 - "http://wadokikai.org/resources" "Mozilla/5.0 (Linux; NetCast; U) AppleWebKit/537.36 (KHTML, like Gecko) Chrome/79.0.3945.79 Safari/537.36 SmartTV/10.0 Colt/2.0"
::ffff:99.92.93.12 - - [06/Mar/2023:17:18:41 +0000] "GET /images/books/ZenMeditation.jpg HTTP/1.1" 304 - "http://wadokikai.org/resources" "Mozilla/5.0 (Linux; NetCast; U) AppleWebKit/537.36 (KHTML, like Gecko) Chrome/79.0.3945.79 Safari/537.36 SmartTV/10.0 Colt/2.0"
::ffff:99.92.93.12 - - [06/Mar/2023:17:18:41 +0000] "GET /images/books/KarateDoZen.jpg HTTP/1.1" 304 - "http://wadokikai.org/resources" "Mozilla/5.0 (Linux; NetCast; U) AppleWebKit/537.36 (KHTML, like Gecko) Chrome/79.0.3945.79 Safari/537.36 SmartTV/10.0 Colt/2.0"
::ffff:99.92.93.12 - - [06/Mar/2023:17:18:41 +0000] "GET /images/books/bookoffiverings.jpg HTTP/1.1" 304 - "http://wadokikai.org/resources" "Mozilla/5.0 (Linux; NetCast; U) AppleWebKit/537.36 (KHTML, like Gecko) Chrome/79.0.3945.79 Safari/537.36 SmartTV/10.0 Colt/2.0"
::ffff:99.92.93.12 - - [06/Mar/2023:17:18:41 +0000] "GET /images/books/shotokanSecrets.jpg HTTP/1.1" 304 - "http://wadokikai.org/resources" "Mozilla/5.0 (Linux; NetCast; U) AppleWebKit/537.36 (KHTML, like Gecko) Chrome/79.0.3945.79 Safari/537.36 SmartTV/10.0 Colt/2.0"
::ffff:99.92.93.12 - - [06/Mar/2023:17:18:41 +0000] "GET /images/books/dummies.jpg HTTP/1.1" 304 - "http://wadokikai.org/resources" "Mozilla/5.0 (Linux; NetCast; U) AppleWebKit/537.36 (KHTML, like Gecko) Chrome/79.0.3945.79 Safari/537.36 SmartTV/10.0 Colt/2.0"
::ffff:99.92.93.12 - - [06/Mar/2023:17:18:41 +0000] "GET /images/books/dojoWisdom.jpg HTTP/1.1" 304 - "http://wadokikai.org/resources" "Mozilla/5.0 (Linux; NetCast; U) AppleWebKit/537.36 (KHTML, like Gecko) Chrome/79.0.3945.79 Safari/537.36 SmartTV/10.0 Colt/2.0"
::ffff:99.92.93.12 - - [06/Mar/2023:17:18:41 +0000] "GET /images/books/saibook.jpg HTTP/1.1" 304 - "http://wadokikai.org/resources" "Mozilla/5.0 (Linux; NetCast; U) AppleWebKit/537.36 (KHTML, like Gecko) Chrome/79.0.3945.79 Safari/537.36 SmartTV/10.0 Colt/2.0"
::ffff:99.92.93.12 - - [06/Mar/2023:17:18:41 +0000] "GET /images/books/bobook.gif HTTP/1.1" 304 - "http://wadokikai.org/resources" "Mozilla/5.0 (Linux; NetCast; U) AppleWebKit/537.36 (KHTML, like Gecko) Chrome/79.0.3945.79 Safari/537.36 SmartTV/10.0 Colt/2.0"
::ffff:99.92.93.12 - - [06/Mar/2023:17:18:41 +0000] "GET /images/books/guide20.jpg HTTP/1.1" 304 - "http://wadokikai.org/resources" "Mozilla/5.0 (Linux; NetCast; U) AppleWebKit/537.36 (KHTML, like Gecko) Chrome/79.0.3945.79 Safari/537.36 SmartTV/10.0 Colt/2.0"
::ffff:99.92.93.12 - - [06/Mar/2023:17:18:41 +0000] "GET /images/books/karatedo.jpg HTTP/1.1" 304 - "http://wadokikai.org/resources" "Mozilla/5.0 (Linux; NetCast; U) AppleWebKit/537.36 (KHTML, like Gecko) Chrome/79.0.3945.79 Safari/537.36 SmartTV/10.0 Colt/2.0"
::ffff:99.92.93.12 - - [06/Mar/2023:17:18:41 +0000] "GET /images/books/emptyHand.jpg HTTP/1.1" 304 - "http://wadokikai.org/resources" "Mozilla/5.0 (Linux; NetCast; U) AppleWebKit/537.36 (KHTML, like Gecko) Chrome/79.0.3945.79 Safari/537.36 SmartTV/10.0 Colt/2.0"
::ffff:99.92.93.12 - - [06/Mar/2023:17:18:41 +0000] "GET /images/books/movingzen.jpg HTTP/1.1" 304 - "http://wadokikai.org/resources" "Mozilla/5.0 (Linux; NetCast; U) AppleWebKit/537.36 (KHTML, like Gecko) Chrome/79.0.3945.79 Safari/537.36 SmartTV/10.0 Colt/2.0"
::ffff:99.92.93.12 - - [06/Mar/2023:17:18:41 +0000] "GET /images/books/karatedojo.jpg HTTP/1.1" 304 - "http://wadokikai.org/resources" "Mozilla/5.0 (Linux; NetCast; U) AppleWebKit/537.36 (KHTML, like Gecko) Chrome/79.0.3945.79 Safari/537.36 SmartTV/10.0 Colt/2.0"
::ffff:99.92.93.12 - - [06/Mar/2023:17:18:41 +0000] "GET /images/books/grappingmethod.jpg HTTP/1.1" 304 - "http://wadokikai.org/resources" "Mozilla/5.0 (Linux; NetCast; U) AppleWebKit/537.36 (KHTML, like Gecko) Chrome/79.0.3945.79 Safari/537.36 SmartTV/10.0 Colt/2.0"
::ffff:99.92.93.12 - - [06/Mar/2023:17:18:41 +0000] "GET /images/books/artofwar.jpg HTTP/1.1" 304 - "http://wadokikai.org/resources" "Mozilla/5.0 (Linux; NetCast; U) AppleWebKit/537.36 (KHTML, like Gecko) Chrome/79.0.3945.79 Safari/537.36 SmartTV/10.0 Colt/2.0"
::ffff:99.92.93.12 - - [06/Mar/2023:17:18:41 +0000] "GET /images/dragon-trans.png HTTP/1.1" 304 - "http://wadokikai.org/resources" "Mozilla/5.0 (Linux; NetCast; U) AppleWebKit/537.36 (KHTML, like Gecko) Chrome/79.0.3945.79 Safari/537.36 SmartTV/10.0 Colt/2.0"
::ffff:99.92.93.12 - - [06/Mar/2023:17:18:41 +0000] "GET /images/favicon.ico HTTP/1.1" 304 - "http://wadokikai.org/resources" "Mozilla/5.0 (Linux; NetCast; U) AppleWebKit/537.36 (KHTML, like Gecko) Chrome/79.0.3945.79 Safari/537.36 SmartTV/10.0 Colt/2.0"
::ffff:99.92.93.12 - - [06/Mar/2023:17:18:45 +0000] "GET /images/tiger.bmp HTTP/1.1" 304 - "http://wadokikai.org/resources" "Mozilla/5.0 (Linux; NetCast; U) AppleWebKit/537.36 (KHTML, like Gecko) Chrome/79.0.3945.79 Safari/537.36 SmartTV/10.0 Colt/2.0"
::ffff:99.92.93.12 - - [06/Mar/2023:17:20:33 +0000] "GET /images/dragon-trans.png HTTP/1.1" 304 - "http://wadokikai.org/resources" "Mozilla/5.0 (Linux; NetCast; U) AppleWebKit/537.36 (KHTML, like Gecko) Chrome/79.0.3945.79 Safari/537.36 SmartTV/10.0 Colt/2.0"
::ffff:99.92.93.12 - - [06/Mar/2023:17:21:24 +0000] "GET /images/dragon-trans.png HTTP/1.1" 304 - "http://wadokikai.org/resources" "Mozilla/5.0 (Linux; NetCast; U) AppleWebKit/537.36 (KHTML, like Gecko) Chrome/79.0.3945.79 Safari/537.36 SmartTV/10.0 Colt/2.0"
::ffff:99.92.93.12 - - [06/Mar/2023:17:21:28 +0000] "GET /images/tiger.bmp HTTP/1.1" 304 - "http://wadokikai.org/resources" "Mozilla/5.0 (Linux; NetCast; U) AppleWebKit/537.36 (KHTML, like Gecko) Chrome/79.0.3945.79 Safari/537.36 SmartTV/10.0 Colt/2.0"
::ffff:99.92.93.12 - - [06/Mar/2023:17:21:35 +0000] "GET /images/tiger.bmp HTTP/1.1" 304 - "http://wadokikai.org/resources" "Mozilla/5.0 (Linux; NetCast; U) AppleWebKit/537.36 (KHTML, like Gecko) Chrome/79.0.3945.79 Safari/537.36 SmartTV/10.0 Colt/2.0"
::ffff:99.92.93.12 - - [06/Mar/2023:17:21:42 +0000] "GET /images/tiger.bmp HTTP/1.1" 304 - "http://wadokikai.org/resources" "Mozilla/5.0 (Linux; NetCast; U) AppleWebKit/537.36 (KHTML, like Gecko) Chrome/79.0.3945.79 Safari/537.36 SmartTV/10.0 Colt/2.0"
::ffff:99.92.93.12 - - [06/Mar/2023:17:21:59 +0000] "GET /images/dragon-trans.png HTTP/1.1" 304 - "http://wadokikai.org/resources" "Mozilla/5.0 (Linux; NetCast; U) AppleWebKit/537.36 (KHTML, like Gecko) Chrome/79.0.3945.79 Safari/537.36 SmartTV/10.0 Colt/2.0"
::ffff:91.121.239.47 - - [06/Mar/2023:17:23:19 +0000] "GET / HTTP/1.1" 200 57378 "-" "-"
::ffff:99.92.93.12 - - [06/Mar/2023:17:23:52 +0000] "GET /images/dragon-trans.png HTTP/1.1" 304 - "http://wadokikai.org/resources" "Mozilla/5.0 (Linux; NetCast; U) AppleWebKit/537.36 (KHTML, like Gecko) Chrome/79.0.3945.79 Safari/537.36 SmartTV/10.0 Colt/2.0"
::ffff:99.92.93.12 - - [06/Mar/2023:17:23:55 +0000] "GET /images/tiger.bmp HTTP/1.1" 304 - "http://wadokikai.org/resources" "Mozilla/5.0 (Linux; NetCast; U) AppleWebKit/537.36 (KHTML, like Gecko) Chrome/79.0.3945.79 Safari/537.36 SmartTV/10.0 Colt/2.0"
::ffff:99.92.93.12 - - [06/Mar/2023:17:23:59 +0000] "GET /images/dragon-trans.png HTTP/1.1" 304 - "http://wadokikai.org/resources" "Mozilla/5.0 (Linux; NetCast; U) AppleWebKit/537.36 (KHTML, like Gecko) Chrome/79.0.3945.79 Safari/537.36 SmartTV/10.0 Colt/2.0"
::ffff:66.249.64.74 - - [06/Mar/2023:17:24:05 +0000] "GET / HTTP/1.1" 200 57378 "-" "Mozilla/5.0 (compatible; Googlebot/2.1; +http://www.google.com/bot.html)"
::ffff:66.249.64.74 - - [06/Mar/2023:17:24:05 +0000] "GET /images/favicon.ico HTTP/1.1" 200 3638 "-" "Googlebot-Image/1.0"
::ffff:66.249.64.74 - - [06/Mar/2023:17:24:06 +0000] "GET / HTTP/1.1" 200 57378 "-" "Mozilla/5.0 (Linux; Android 6.0.1; Nexus 5X Build/MMB29P) AppleWebKit/537.36 (KHTML, like Gecko) Chrome/99.0.4844.84 Mobile Safari/537.36 (compatible; Googlebot/2.1; +http://www.google.com/bot.html)"
::ffff:99.92.93.12 - - [06/Mar/2023:17:24:06 +0000] "GET /images/dragon-trans.png HTTP/1.1" 304 - "http://wadokikai.org/resources" "Mozilla/5.0 (Linux; NetCast; U) AppleWebKit/537.36 (KHTML, like Gecko) Chrome/79.0.3945.79 Safari/537.36 SmartTV/10.0 Colt/2.0"
::ffff:66.249.64.76 - - [06/Mar/2023:17:24:06 +0000] "GET /favicon.ico HTTP/1.1" 404 150 "-" "Googlebot-Image/1.0"
::ffff:66.249.64.76 - - [06/Mar/2023:17:24:06 +0000] "GET /images/favicon.ico HTTP/1.1" 200 3638 "-" "Googlebot-Image/1.0"
::ffff:66.249.64.78 - - [06/Mar/2023:17:24:06 +0000] "GET /favicon.ico HTTP/1.1" 404 150 "-" "Googlebot-Image/1.0"
::ffff:99.92.93.12 - - [06/Mar/2023:17:24:13 +0000] "GET /images/dragon-trans.png HTTP/1.1" 304 - "http://wadokikai.org/resources" "Mozilla/5.0 (Linux; NetCast; U) AppleWebKit/537.36 (KHTML, like Gecko) Chrome/79.0.3945.79 Safari/537.36 SmartTV/10.0 Colt/2.0"
::ffff:99.92.93.12 - - [06/Mar/2023:17:24:23 +0000] "GET /images/tiger.bmp HTTP/1.1" 304 - "http://wadokikai.org/resources" "Mozilla/5.0 (Linux; NetCast; U) AppleWebKit/537.36 (KHTML, like Gecko) Chrome/79.0.3945.79 Safari/537.36 SmartTV/10.0 Colt/2.0"
::ffff:99.92.93.12 - - [06/Mar/2023:17:24:30 +0000] "GET /images/tiger.bmp HTTP/1.1" 304 - "http://wadokikai.org/resources" "Mozilla/5.0 (Linux; NetCast; U) AppleWebKit/537.36 (KHTML, like Gecko) Chrome/79.0.3945.79 Safari/537.36 SmartTV/10.0 Colt/2.0"
::ffff:99.92.93.12 - - [06/Mar/2023:17:24:37 +0000] "GET /images/tiger.bmp HTTP/1.1" 304 - "http://wadokikai.org/resources" "Mozilla/5.0 (Linux; NetCast; U) AppleWebKit/537.36 (KHTML, like Gecko) Chrome/79.0.3945.79 Safari/537.36 SmartTV/10.0 Colt/2.0"
::ffff:99.92.93.12 - - [06/Mar/2023:17:24:55 +0000] "GET /images/dragon-trans.png HTTP/1.1" 304 - "http://wadokikai.org/resources" "Mozilla/5.0 (Linux; NetCast; U) AppleWebKit/537.36 (KHTML, like Gecko) Chrome/79.0.3945.79 Safari/537.36 SmartTV/10.0 Colt/2.0"
::ffff:135.125.246.189 - - [06/Mar/2023:17:25:04 +0000] "GET /.env HTTP/1.1" 404 143 "-" "Mozilla/5.0 (X11; Linux x86_64) AppleWebKit/537.36 (KHTML, like Gecko) Chrome/81.0.4044.129 Safari/537.36"
::ffff:135.125.246.189 - - [06/Mar/2023:17:25:04 +0000] "POST / HTTP/1.1" 404 140 "-" "Mozilla/5.0 (X11; Linux x86_64) AppleWebKit/537.36 (KHTML, like Gecko) Chrome/81.0.4044.129 Safari/537.36"
::ffff:99.92.93.12 - - [06/Mar/2023:17:26:27 +0000] "GET /images/dragon-trans.png HTTP/1.1" 304 - "http://wadokikai.org/resources" "Mozilla/5.0 (Linux; NetCast; U) AppleWebKit/537.36 (KHTML, like Gecko) Chrome/79.0.3945.79 Safari/537.36 SmartTV/10.0 Colt/2.0"
::ffff:99.92.93.12 - - [06/Mar/2023:17:26:30 +0000] "GET /images/tiger.bmp HTTP/1.1" 304 - "http://wadokikai.org/resources" "Mozilla/5.0 (Linux; NetCast; U) AppleWebKit/537.36 (KHTML, like Gecko) Chrome/79.0.3945.79 Safari/537.36 SmartTV/10.0 Colt/2.0"
::ffff:99.92.93.12 - - [06/Mar/2023:17:26:41 +0000] "GET /images/dragon-trans.png HTTP/1.1" 304 - "http://wadokikai.org/resources" "Mozilla/5.0 (Linux; NetCast; U) AppleWebKit/537.36 (KHTML, like Gecko) Chrome/79.0.3945.79 Safari/537.36 SmartTV/10.0 Colt/2.0"
::ffff:99.92.93.12 - - [06/Mar/2023:17:27:23 +0000] "GET /images/dragon-trans.png HTTP/1.1" 304 - "http://wadokikai.org/resources" "Mozilla/5.0 (Linux; NetCast; U) AppleWebKit/537.36 (KHTML, like Gecko) Chrome/79.0.3945.79 Safari/537.36 SmartTV/10.0 Colt/2.0"
::ffff:99.92.93.12 - - [06/Mar/2023:17:28:40 +0000] "GET /images/dragon-trans.png HTTP/1.1" 304 - "http://wadokikai.org/resources" "Mozilla/5.0 (Linux; NetCast; U) AppleWebKit/537.36 (KHTML, like Gecko) Chrome/79.0.3945.79 Safari/537.36 SmartTV/10.0 Colt/2.0"
::ffff:99.92.93.12 - - [06/Mar/2023:17:28:47 +0000] "GET /images/dragon-trans.png HTTP/1.1" 304 - "http://wadokikai.org/resources" "Mozilla/5.0 (Linux; NetCast; U) AppleWebKit/537.36 (KHTML, like Gecko) Chrome/79.0.3945.79 Safari/537.36 SmartTV/10.0 Colt/2.0"
::ffff:99.92.93.12 - - [06/Mar/2023:17:30:50 +0000] "GET /images/dragon-trans.png HTTP/1.1" 304 - "http://wadokikai.org/resources" "Mozilla/5.0 (Linux; NetCast; U) AppleWebKit/537.36 (KHTML, like Gecko) Chrome/79.0.3945.79 Safari/537.36 SmartTV/10.0 Colt/2.0"
::ffff:99.92.93.12 - - [06/Mar/2023:17:30:58 +0000] "GET /images/dragon-trans.png HTTP/1.1" 304 - "http://wadokikai.org/resources" "Mozilla/5.0 (Linux; NetCast; U) AppleWebKit/537.36 (KHTML, like Gecko) Chrome/79.0.3945.79 Safari/537.36 SmartTV/10.0 Colt/2.0"
::ffff:99.92.93.12 - - [06/Mar/2023:17:36:26 +0000] "GET /images/dragon-trans.png HTTP/1.1" 304 - "http://wadokikai.org/resources" "Mozilla/5.0 (Linux; NetCast; U) AppleWebKit/537.36 (KHTML, like Gecko) Chrome/79.0.3945.79 Safari/537.36 SmartTV/10.0 Colt/2.0"
::ffff:99.92.93.12 - - [06/Mar/2023:17:41:02 +0000] "GET /images/tiger.bmp HTTP/1.1" 304 - "http://wadokikai.org/resources" "Mozilla/5.0 (Linux; NetCast; U) AppleWebKit/537.36 (KHTML, like Gecko) Chrome/79.0.3945.79 Safari/537.36 SmartTV/10.0 Colt/2.0"
::ffff:18.202.167.130 - - [06/Mar/2023:17:45:38 +0000] "GET / HTTP/1.0" 200 57378 "-" "Mozilla/5.0 (compatible; NetcraftSurveyAgent/1.0; +info@netcraft.com)"
::ffff:99.92.93.12 - - [06/Mar/2023:17:45:58 +0000] "GET /images/tiger.bmp HTTP/1.1" 304 - "http://wadokikai.org/resources" "Mozilla/5.0 (Linux; NetCast; U) AppleWebKit/537.36 (KHTML, like Gecko) Chrome/79.0.3945.79 Safari/537.36 SmartTV/10.0 Colt/2.0"
::ffff:99.92.93.12 - - [06/Mar/2023:17:51:26 +0000] "GET /images/tiger.bmp HTTP/1.1" 304 - "http://wadokikai.org/resources" "Mozilla/5.0 (Linux; NetCast; U) AppleWebKit/537.36 (KHTML, like Gecko) Chrome/79.0.3945.79 Safari/537.36 SmartTV/10.0 Colt/2.0"
::ffff:51.222.253.16 - - [06/Mar/2023:17:52:52 +0000] "GET /robots.txt HTTP/1.1" 404 149 "-" "Mozilla/5.0 (compatible; AhrefsBot/7.0; +http://ahrefs.com/robot/)"
::ffff:51.222.253.18 - - [06/Mar/2023:17:52:55 +0000] "GET / HTTP/1.1" 200 57378 "-" "Mozilla/5.0 (compatible; AhrefsBot/7.0; +http://ahrefs.com/robot/)"
::ffff:51.222.253.19 - - [06/Mar/2023:17:52:57 +0000] "GET /images/schools/marinkaratedomap.jpg HTTP/1.1" 200 32400 "-" "Mozilla/5.0 (compatible; AhrefsBot/7.0; +http://ahrefs.com/robot/)"
::ffff:51.222.253.6 - - [06/Mar/2023:17:52:58 +0000] "GET /images/schools/nunleykaratedomap.jpg HTTP/1.1" 200 42667 "-" "Mozilla/5.0 (compatible; AhrefsBot/7.0; +http://ahrefs.com/robot/)"
::ffff:51.222.253.15 - - [06/Mar/2023:17:52:58 +0000] "GET /images/schools/alamedakaratedomap.jpg HTTP/1.1" 200 38311 "-" "Mozilla/5.0 (compatible; AhrefsBot/7.0; +http://ahrefs.com/robot/)"
::ffff:51.222.253.12 - - [06/Mar/2023:17:52:59 +0000] "GET /images/schools/dcakaratedomap.jpg HTTP/1.1" 200 35262 "-" "Mozilla/5.0 (compatible; AhrefsBot/7.0; +http://ahrefs.com/robot/)"
::ffff:51.222.253.15 - - [06/Mar/2023:17:53:00 +0000] "GET /images/schools/corpuzkaratedomap.jpg HTTP/1.1" 200 36421 "-" "Mozilla/5.0 (compatible; AhrefsBot/7.0; +http://ahrefs.com/robot/)"
::ffff:51.222.253.14 - - [06/Mar/2023:17:53:00 +0000] "GET /images/wkkpatch22_med.png HTTP/1.1" 200 32301 "-" "Mozilla/5.0 (compatible; AhrefsBot/7.0; +http://ahrefs.com/robot/)"
::ffff:51.222.253.15 - - [06/Mar/2023:17:53:01 +0000] "GET /images/schools/manzanitakaratedomap.jpg HTTP/1.1" 200 55402 "-" "Mozilla/5.0 (compatible; AhrefsBot/7.0; +http://ahrefs.com/robot/)"
::ffff:51.222.253.13 - - [06/Mar/2023:17:53:02 +0000] "GET /images/schools/martinezkaratedomap.jpg HTTP/1.1" 200 37724 "-" "Mozilla/5.0 (compatible; AhrefsBot/7.0; +http://ahrefs.com/robot/)"
::ffff:51.222.253.20 - - [06/Mar/2023:17:53:02 +0000] "GET /images/schools/orindakaratedomap.jpg HTTP/1.1" 200 34167 "-" "Mozilla/5.0 (compatible; AhrefsBot/7.0; +http://ahrefs.com/robot/)"
::ffff:51.222.253.13 - - [06/Mar/2023:17:53:03 +0000] "GET /js/common.js HTTP/1.1" 200 2255 "-" "Mozilla/5.0 (compatible; AhrefsBot/7.0; +http://ahrefs.com/robot/)"
::ffff:51.222.253.3 - - [06/Mar/2023:17:53:04 +0000] "GET /images/schools/harborbaykaratedomap.jpg HTTP/1.1" 200 37245 "-" "Mozilla/5.0 (compatible; AhrefsBot/7.0; +http://ahrefs.com/robot/)"
::ffff:51.222.253.20 - - [06/Mar/2023:17:53:05 +0000] "GET / HTTP/1.1" 200 57378 "-" "Mozilla/5.0 (compatible; AhrefsBot/7.0; +http://ahrefs.com/robot/)"
::ffff:51.222.253.13 - - [06/Mar/2023:17:53:06 +0000] "GET /images/schools/earhartkaratedomap.jpg HTTP/1.1" 200 41366 "-" "Mozilla/5.0 (compatible; AhrefsBot/7.0; +http://ahrefs.com/robot/)"
::ffff:43.155.118.219 - - [06/Mar/2023:17:56:11 +0000] "HEAD /Core/Skin/Login.aspx HTTP/1.1" 404 160 "-" "Mozilla/5.0 (Windows NT 10.0; Win64; x64) AppleWebKit/537.36 (KHTML, like Gecko) Chrome/106.0.0.0 Safari/537.36"
::ffff:99.92.93.12 - - [06/Mar/2023:17:56:30 +0000] "GET /images/tiger.bmp HTTP/1.1" 304 - "http://wadokikai.org/resources" "Mozilla/5.0 (Linux; NetCast; U) AppleWebKit/537.36 (KHTML, like Gecko) Chrome/79.0.3945.79 Safari/537.36 SmartTV/10.0 Colt/2.0"
::ffff:114.119.133.85 - - [06/Mar/2023:17:59:55 +0000] "GET /robots.txt HTTP/1.1" 404 149 "-" "Mozilla/5.0 (compatible;PetalBot;+https://webmaster.petalsearch.com/site/petalbot)"
::ffff:99.92.93.12 - - [06/Mar/2023:18:03:34 +0000] "GET /images/tiger.bmp HTTP/1.1" 304 - "http://wadokikai.org/resources" "Mozilla/5.0 (Linux; NetCast; U) AppleWebKit/537.36 (KHTML, like Gecko) Chrome/79.0.3945.79 Safari/537.36 SmartTV/10.0 Colt/2.0"
::ffff:95.214.235.205 - - [06/Mar/2023:18:03:59 +0000] "GET /.env HTTP/1.1" 404 143 "-" "Mozilla/5.0 (X11; Linux x86_64) AppleWebKit/537.36 (KHTML, like Gecko) Chrome/81.0.4044.129 Safari/537.36"
::ffff:95.214.235.205 - - [06/Mar/2023:18:03:59 +0000] "POST / HTTP/1.1" 404 140 "-" "Mozilla/5.0 (X11; Linux x86_64) AppleWebKit/537.36 (KHTML, like Gecko) Chrome/81.0.4044.129 Safari/537.36"
::ffff:99.92.93.12 - - [06/Mar/2023:18:08:50 +0000] "GET /images/dragon-trans.png HTTP/1.1" 304 - "http://wadokikai.org/resources" "Mozilla/5.0 (Linux; NetCast; U) AppleWebKit/537.36 (KHTML, like Gecko) Chrome/79.0.3945.79 Safari/537.36 SmartTV/10.0 Colt/2.0"
::ffff:94.102.51.9 - - [06/Mar/2023:18:17:17 +0000] "GET / HTTP/1.0" 200 57378 "-" "masscan/1.3 (https://github.com/robertdavidgraham/masscan)"
::ffff:99.92.93.12 - - [06/Mar/2023:18:19:42 +0000] "GET /images/tiger.bmp HTTP/1.1" 304 - "http://wadokikai.org/resources" "Mozilla/5.0 (Linux; NetCast; U) AppleWebKit/537.36 (KHTML, like Gecko) Chrome/79.0.3945.79 Safari/537.36 SmartTV/10.0 Colt/2.0"
::ffff:107.77.109.61 - - [06/Mar/2023:18:21:23 +0000] "GET / HTTP/1.1" 200 57378 "-" "Mozilla/5.0 (iPhone; CPU iPhone OS 16_3_1 like Mac OS X) AppleWebKit/605.1.15 (KHTML, like Gecko) Version/16.3 Mobile/15E148 Safari/604.1"
::ffff:107.77.109.61 - - [06/Mar/2023:18:21:23 +0000] "GET /js/common.js HTTP/1.1" 200 2255 "http://www.wadokikai.org/" "Mozilla/5.0 (iPhone; CPU iPhone OS 16_3_1 like Mac OS X) AppleWebKit/605.1.15 (KHTML, like Gecko) Version/16.3 Mobile/15E148 Safari/604.1"
::ffff:107.77.109.61 - - [06/Mar/2023:18:21:23 +0000] "GET /images/wkkpatch22_med.png HTTP/1.1" 200 32301 "http://www.wadokikai.org/" "Mozilla/5.0 (iPhone; CPU iPhone OS 16_3_1 like Mac OS X) AppleWebKit/605.1.15 (KHTML, like Gecko) Version/16.3 Mobile/15E148 Safari/604.1"
::ffff:107.77.109.61 - - [06/Mar/2023:18:21:23 +0000] "GET /css/wadokikai.css HTTP/1.1" 200 4337 "http://www.wadokikai.org/" "Mozilla/5.0 (iPhone; CPU iPhone OS 16_3_1 like Mac OS X) AppleWebKit/605.1.15 (KHTML, like Gecko) Version/16.3 Mobile/15E148 Safari/604.1"
::ffff:107.77.109.61 - - [06/Mar/2023:18:21:23 +0000] "GET /images/schools/alamedakaratedomap.jpg HTTP/1.1" 200 38311 "http://www.wadokikai.org/" "Mozilla/5.0 (iPhone; CPU iPhone OS 16_3_1 like Mac OS X) AppleWebKit/605.1.15 (KHTML, like Gecko) Version/16.3 Mobile/15E148 Safari/604.1"
::ffff:107.77.109.61 - - [06/Mar/2023:18:21:23 +0000] "GET /images/schools/orindakaratedomap.jpg HTTP/1.1" 200 34167 "http://www.wadokikai.org/" "Mozilla/5.0 (iPhone; CPU iPhone OS 16_3_1 like Mac OS X) AppleWebKit/605.1.15 (KHTML, like Gecko) Version/16.3 Mobile/15E148 Safari/604.1"
::ffff:107.77.109.61 - - [06/Mar/2023:18:21:23 +0000] "GET /images/schools/dcakaratedomap.jpg HTTP/1.1" 200 35262 "http://www.wadokikai.org/" "Mozilla/5.0 (iPhone; CPU iPhone OS 16_3_1 like Mac OS X) AppleWebKit/605.1.15 (KHTML, like Gecko) Version/16.3 Mobile/15E148 Safari/604.1"
::ffff:107.77.109.61 - - [06/Mar/2023:18:21:23 +0000] "GET /images/schools/harborbaykaratedomap.jpg HTTP/1.1" 200 37245 "http://www.wadokikai.org/" "Mozilla/5.0 (iPhone; CPU iPhone OS 16_3_1 like Mac OS X) AppleWebKit/605.1.15 (KHTML, like Gecko) Version/16.3 Mobile/15E148 Safari/604.1"
::ffff:107.77.109.61 - - [06/Mar/2023:18:21:23 +0000] "GET /images/schools/corpuzkaratedomap.jpg HTTP/1.1" 200 36421 "http://www.wadokikai.org/" "Mozilla/5.0 (iPhone; CPU iPhone OS 16_3_1 like Mac OS X) AppleWebKit/605.1.15 (KHTML, like Gecko) Version/16.3 Mobile/15E148 Safari/604.1"
::ffff:107.77.109.61 - - [06/Mar/2023:18:21:23 +0000] "GET /images/dragon-trans.png HTTP/1.1" 200 85661 "http://www.wadokikai.org/" "Mozilla/5.0 (iPhone; CPU iPhone OS 16_3_1 like Mac OS X) AppleWebKit/605.1.15 (KHTML, like Gecko) Version/16.3 Mobile/15E148 Safari/604.1"
::ffff:107.77.109.61 - - [06/Mar/2023:18:21:24 +0000] "GET /images/schools/nunleykaratedomap.jpg HTTP/1.1" 200 42667 "http://www.wadokikai.org/" "Mozilla/5.0 (iPhone; CPU iPhone OS 16_3_1 like Mac OS X) AppleWebKit/605.1.15 (KHTML, like Gecko) Version/16.3 Mobile/15E148 Safari/604.1"
::ffff:107.77.109.61 - - [06/Mar/2023:18:21:24 +0000] "GET /images/schools/marinkaratedomap.jpg HTTP/1.1" 200 32400 "http://www.wadokikai.org/" "Mozilla/5.0 (iPhone; CPU iPhone OS 16_3_1 like Mac OS X) AppleWebKit/605.1.15 (KHTML, like Gecko) Version/16.3 Mobile/15E148 Safari/604.1"
::ffff:107.77.109.61 - - [06/Mar/2023:18:21:24 +0000] "GET /images/schools/manzanitakaratedomap.jpg HTTP/1.1" 200 55402 "http://www.wadokikai.org/" "Mozilla/5.0 (iPhone; CPU iPhone OS 16_3_1 like Mac OS X) AppleWebKit/605.1.15 (KHTML, like Gecko) Version/16.3 Mobile/15E148 Safari/604.1"
::ffff:107.77.109.61 - - [06/Mar/2023:18:21:24 +0000] "GET /images/schools/earhartkaratedomap.jpg HTTP/1.1" 200 41366 "http://www.wadokikai.org/" "Mozilla/5.0 (iPhone; CPU iPhone OS 16_3_1 like Mac OS X) AppleWebKit/605.1.15 (KHTML, like Gecko) Version/16.3 Mobile/15E148 Safari/604.1"
::ffff:107.77.109.61 - - [06/Mar/2023:18:21:24 +0000] "GET /images/schools/martinezkaratedomap.jpg HTTP/1.1" 200 37724 "http://www.wadokikai.org/" "Mozilla/5.0 (iPhone; CPU iPhone OS 16_3_1 like Mac OS X) AppleWebKit/605.1.15 (KHTML, like Gecko) Version/16.3 Mobile/15E148 Safari/604.1"
::ffff:107.77.109.61 - - [06/Mar/2023:18:21:24 +0000] "GET /images/favicon.ico HTTP/1.1" 200 3638 "http://www.wadokikai.org/" "Mozilla/5.0 (iPhone; CPU iPhone OS 16_3_1 like Mac OS X) AppleWebKit/605.1.15 (KHTML, like Gecko) Version/16.3 Mobile/15E148 Safari/604.1"
::ffff:107.77.109.61 - - [06/Mar/2023:18:21:27 +0000] "GET /images/tiger.bmp HTTP/1.1" 200 311274 "http://www.wadokikai.org/" "Mozilla/5.0 (iPhone; CPU iPhone OS 16_3_1 like Mac OS X) AppleWebKit/605.1.15 (KHTML, like Gecko) Version/16.3 Mobile/15E148 Safari/604.1"
::ffff:107.77.109.61 - - [06/Mar/2023:18:21:30 +0000] "GET /images/wadokikai%20kanji.jpg HTTP/1.1" 200 35066 "http://www.wadokikai.org/" "Mozilla/5.0 (iPhone; CPU iPhone OS 16_3_1 like Mac OS X) AppleWebKit/605.1.15 (KHTML, like Gecko) Version/16.3 Mobile/15E148 Safari/604.1"
::ffff:99.92.93.12 - - [06/Mar/2023:18:26:34 +0000] "GET /images/dragon-trans.png HTTP/1.1" 304 - "http://wadokikai.org/resources" "Mozilla/5.0 (Linux; NetCast; U) AppleWebKit/537.36 (KHTML, like Gecko) Chrome/79.0.3945.79 Safari/537.36 SmartTV/10.0 Colt/2.0"
::ffff:94.102.51.9 - - [06/Mar/2023:18:26:49 +0000] "GET / HTTP/1.0" 200 57378 "-" "masscan/1.3 (https://github.com/robertdavidgraham/masscan)"
::ffff:94.102.51.9 - - [06/Mar/2023:18:30:42 +0000] "GET / HTTP/1.0" 200 57378 "-" "masscan/1.3 (https://github.com/robertdavidgraham/masscan)"
::ffff:99.92.93.12 - - [06/Mar/2023:18:33:50 +0000] "GET /images/tiger.bmp HTTP/1.1" 304 - "http://wadokikai.org/resources" "Mozilla/5.0 (Linux; NetCast; U) AppleWebKit/537.36 (KHTML, like Gecko) Chrome/79.0.3945.79 Safari/537.36 SmartTV/10.0 Colt/2.0"
::ffff:94.102.51.9 - - [06/Mar/2023:18:39:49 +0000] "GET / HTTP/1.0" 200 57378 "-" "masscan/1.3 (https://github.com/robertdavidgraham/masscan)"
::ffff:99.92.93.12 - - [06/Mar/2023:18:41:58 +0000] "GET /images/tiger.bmp HTTP/1.1" 304 - "http://wadokikai.org/resources" "Mozilla/5.0 (Linux; NetCast; U) AppleWebKit/537.36 (KHTML, like Gecko) Chrome/79.0.3945.79 Safari/537.36 SmartTV/10.0 Colt/2.0"
::ffff:135.125.246.189 - - [06/Mar/2023:18:42:02 +0000] "GET /.env HTTP/1.1" 404 143 "-" "Mozilla/5.0 (X11; Linux x86_64) AppleWebKit/537.36 (KHTML, like Gecko) Chrome/81.0.4044.129 Safari/537.36"
::ffff:135.125.246.189 - - [06/Mar/2023:18:42:03 +0000] "POST / HTTP/1.1" 404 140 "-" "Mozilla/5.0 (X11; Linux x86_64) AppleWebKit/537.36 (KHTML, like Gecko) Chrome/81.0.4044.129 Safari/537.36"
::ffff:205.210.31.130 - - [06/Mar/2023:18:50:27 +0000] "GET / HTTP/1.1" 200 57378 "-" "Expanse, a Palo Alto Networks company, searches across the global IPv4 space multiple times per day to identify customers&#39; presences on the Internet. If you would like to be excluded from our scans, please send IP addresses/domains to: scaninfo@paloaltonetworks.com"
::ffff:99.92.93.12 - - [06/Mar/2023:18:50:30 +0000] "GET /images/tiger.bmp HTTP/1.1" 304 - "http://wadokikai.org/resources" "Mozilla/5.0 (Linux; NetCast; U) AppleWebKit/537.36 (KHTML, like Gecko) Chrome/79.0.3945.79 Safari/537.36 SmartTV/10.0 Colt/2.0"
::ffff:99.92.93.12 - - [06/Mar/2023:18:56:30 +0000] "GET /images/tiger.bmp HTTP/1.1" 304 - "http://wadokikai.org/resources" "Mozilla/5.0 (Linux; NetCast; U) AppleWebKit/537.36 (KHTML, like Gecko) Chrome/79.0.3945.79 Safari/537.36 SmartTV/10.0 Colt/2.0"
::ffff:198.235.24.21 - - [06/Mar/2023:18:57:21 +0000] "GET / HTTP/1.0" 200 57378 "-" "Expanse, a Palo Alto Networks company, searches across the global IPv4 space multiple times per day to identify customers&#39; presences on the Internet. If you would like to be excluded from our scans, please send IP addresses/domains to: scaninfo@paloaltonetworks.com"
::ffff:213.180.203.248 - - [06/Mar/2023:19:01:54 +0000] "GET /robots.txt HTTP/1.1" 404 149 "-" "Mozilla/5.0 (compatible; YandexBot/3.0; +http://yandex.com/bots)"
::ffff:95.108.213.189 - - [06/Mar/2023:19:01:55 +0000] "GET /signup.html HTTP/1.1" 404 150 "-" "Mozilla/5.0 (compatible; YandexBot/3.0; +http://yandex.com/bots)"
::ffff:51.222.253.7 - - [06/Mar/2023:19:07:33 +0000] "GET /contact?s=1&ss=5 HTTP/1.1" 200 9997 "-" "Mozilla/5.0 (compatible; AhrefsBot/7.0; +http://ahrefs.com/robot/)"
::ffff:99.92.93.12 - - [06/Mar/2023:19:09:22 +0000] "GET /images/dragon-trans.png HTTP/1.1" 304 - "http://wadokikai.org/resources" "Mozilla/5.0 (Linux; NetCast; U) AppleWebKit/537.36 (KHTML, like Gecko) Chrome/79.0.3945.79 Safari/537.36 SmartTV/10.0 Colt/2.0"
::ffff:135.125.218.67 - - [06/Mar/2023:19:15:47 +0000] "GET /.env HTTP/1.1" 404 143 "-" "Mozilla/5.0 (X11; Linux x86_64) AppleWebKit/537.36 (KHTML, like Gecko) Chrome/81.0.4044.129 Safari/537.36"
::ffff:135.125.218.67 - - [06/Mar/2023:19:15:48 +0000] "POST / HTTP/1.1" 404 140 "-" "Mozilla/5.0 (X11; Linux x86_64) AppleWebKit/537.36 (KHTML, like Gecko) Chrome/81.0.4044.129 Safari/537.36"
::ffff:99.92.93.12 - - [06/Mar/2023:19:15:50 +0000] "GET /images/tiger.bmp HTTP/1.1" 304 - "http://wadokikai.org/resources" "Mozilla/5.0 (Linux; NetCast; U) AppleWebKit/537.36 (KHTML, like Gecko) Chrome/79.0.3945.79 Safari/537.36 SmartTV/10.0 Colt/2.0"
::ffff:43.155.118.219 - - [06/Mar/2023:19:16:46 +0000] "HEAD /Core/Skin/Login.aspx HTTP/1.1" 404 160 "-" "Mozilla/5.0 (Windows NT 10.0; Win64; x64) AppleWebKit/537.36 (KHTML, like Gecko) Chrome/106.0.0.0 Safari/537.36"
::ffff:99.92.93.12 - - [06/Mar/2023:19:23:22 +0000] "GET /images/dragon-trans.png HTTP/1.1" 304 - "http://wadokikai.org/resources" "Mozilla/5.0 (Linux; NetCast; U) AppleWebKit/537.36 (KHTML, like Gecko) Chrome/79.0.3945.79 Safari/537.36 SmartTV/10.0 Colt/2.0"
::ffff:187.149.50.116 - - [06/Mar/2023:19:26:34 +0000] "GET / HTTP/1.1" 200 57378 "-" "Mozilla/5.0 (Windows NT 10.0; Win64; x64) AppleWebKit/537.36 (KHTML, like Gecko) Chrome/95.0.4638.69 Safari/537.36"
::ffff:187.149.50.116 - - [06/Mar/2023:19:26:34 +0000] "GET /wp-includes/ID3/license.txt HTTP/1.1" 404 166 "-" "Mozilla/5.0 (Windows NT 10.0; Win64; x64) AppleWebKit/537.36 (KHTML, like Gecko) Chrome/95.0.4638.69 Safari/537.36"
::ffff:187.149.50.116 - - [06/Mar/2023:19:26:35 +0000] "GET /feed/ HTTP/1.1" 404 144 "-" "Mozilla/5.0 (Windows NT 10.0; Win64; x64) AppleWebKit/537.36 (KHTML, like Gecko) Chrome/95.0.4638.69 Safari/537.36"
::ffff:187.149.50.116 - - [06/Mar/2023:19:26:35 +0000] "GET /xmlrpc.php?rsd HTTP/1.1" 404 149 "-" "Mozilla/5.0 (Windows NT 10.0; Win64; x64) AppleWebKit/537.36 (KHTML, like Gecko) Chrome/95.0.4638.69 Safari/537.36"
::ffff:187.149.50.116 - - [06/Mar/2023:19:26:35 +0000] "GET /blog/wp-includes/wlwmanifest.xml HTTP/1.1" 404 171 "-" "Mozilla/5.0 (Windows NT 10.0; Win64; x64) AppleWebKit/537.36 (KHTML, like Gecko) Chrome/95.0.4638.69 Safari/537.36"
::ffff:187.149.50.116 - - [06/Mar/2023:19:26:35 +0000] "GET /web/wp-includes/wlwmanifest.xml HTTP/1.1" 404 170 "-" "Mozilla/5.0 (Windows NT 10.0; Win64; x64) AppleWebKit/537.36 (KHTML, like Gecko) Chrome/95.0.4638.69 Safari/537.36"
::ffff:187.149.50.116 - - [06/Mar/2023:19:26:36 +0000] "GET /wordpress/wp-includes/wlwmanifest.xml HTTP/1.1" 404 176 "-" "Mozilla/5.0 (Windows NT 10.0; Win64; x64) AppleWebKit/537.36 (KHTML, like Gecko) Chrome/95.0.4638.69 Safari/537.36"
::ffff:187.149.50.116 - - [06/Mar/2023:19:26:36 +0000] "GET /wp/wp-includes/wlwmanifest.xml HTTP/1.1" 404 169 "-" "Mozilla/5.0 (Windows NT 10.0; Win64; x64) AppleWebKit/537.36 (KHTML, like Gecko) Chrome/95.0.4638.69 Safari/537.36"
::ffff:187.149.50.116 - - [06/Mar/2023:19:26:36 +0000] "GET /2020/wp-includes/wlwmanifest.xml HTTP/1.1" 404 171 "-" "Mozilla/5.0 (Windows NT 10.0; Win64; x64) AppleWebKit/537.36 (KHTML, like Gecko) Chrome/95.0.4638.69 Safari/537.36"
::ffff:187.149.50.116 - - [06/Mar/2023:19:26:37 +0000] "GET /2019/wp-includes/wlwmanifest.xml HTTP/1.1" 404 171 "-" "Mozilla/5.0 (Windows NT 10.0; Win64; x64) AppleWebKit/537.36 (KHTML, like Gecko) Chrome/95.0.4638.69 Safari/537.36"
::ffff:187.149.50.116 - - [06/Mar/2023:19:26:37 +0000] "GET /2021/wp-includes/wlwmanifest.xml HTTP/1.1" 404 171 "-" "Mozilla/5.0 (Windows NT 10.0; Win64; x64) AppleWebKit/537.36 (KHTML, like Gecko) Chrome/95.0.4638.69 Safari/537.36"
::ffff:187.149.50.116 - - [06/Mar/2023:19:26:37 +0000] "GET /shop/wp-includes/wlwmanifest.xml HTTP/1.1" 404 171 "-" "Mozilla/5.0 (Windows NT 10.0; Win64; x64) AppleWebKit/537.36 (KHTML, like Gecko) Chrome/95.0.4638.69 Safari/537.36"
::ffff:187.149.50.116 - - [06/Mar/2023:19:26:37 +0000] "GET /wp1/wp-includes/wlwmanifest.xml HTTP/1.1" 404 170 "-" "Mozilla/5.0 (Windows NT 10.0; Win64; x64) AppleWebKit/537.36 (KHTML, like Gecko) Chrome/95.0.4638.69 Safari/537.36"
::ffff:187.149.50.116 - - [06/Mar/2023:19:26:37 +0000] "GET /test/wp-includes/wlwmanifest.xml HTTP/1.1" 404 171 "-" "Mozilla/5.0 (Windows NT 10.0; Win64; x64) AppleWebKit/537.36 (KHTML, like Gecko) Chrome/95.0.4638.69 Safari/537.36"
::ffff:187.149.50.116 - - [06/Mar/2023:19:26:37 +0000] "GET /site/wp-includes/wlwmanifest.xml HTTP/1.1" 404 171 "-" "Mozilla/5.0 (Windows NT 10.0; Win64; x64) AppleWebKit/537.36 (KHTML, like Gecko) Chrome/95.0.4638.69 Safari/537.36"
::ffff:187.149.50.116 - - [06/Mar/2023:19:26:37 +0000] "GET /cms/wp-includes/wlwmanifest.xml HTTP/1.1" 404 170 "-" "Mozilla/5.0 (Windows NT 10.0; Win64; x64) AppleWebKit/537.36 (KHTML, like Gecko) Chrome/95.0.4638.69 Safari/537.36"
::ffff:99.92.93.12 - - [06/Mar/2023:19:30:14 +0000] "GET /images/tiger.bmp HTTP/1.1" 304 - "http://wadokikai.org/resources" "Mozilla/5.0 (Linux; NetCast; U) AppleWebKit/537.36 (KHTML, like Gecko) Chrome/79.0.3945.79 Safari/537.36 SmartTV/10.0 Colt/2.0"
::ffff:95.214.235.205 - - [06/Mar/2023:19:31:24 +0000] "GET /.env HTTP/1.1" 404 143 "-" "Mozilla/5.0 (X11; Linux x86_64) AppleWebKit/537.36 (KHTML, like Gecko) Chrome/81.0.4044.129 Safari/537.36"
::ffff:95.214.235.205 - - [06/Mar/2023:19:31:25 +0000] "POST / HTTP/1.1" 404 140 "-" "Mozilla/5.0 (X11; Linux x86_64) AppleWebKit/537.36 (KHTML, like Gecko) Chrome/81.0.4044.129 Safari/537.36"
::ffff:99.92.93.12 - - [06/Mar/2023:19:36:50 +0000] "GET /images/dragon-trans.png HTTP/1.1" 304 - "http://wadokikai.org/resources" "Mozilla/5.0 (Linux; NetCast; U) AppleWebKit/537.36 (KHTML, like Gecko) Chrome/79.0.3945.79 Safari/537.36 SmartTV/10.0 Colt/2.0"
::ffff:51.222.253.3 - - [06/Mar/2023:19:42:04 +0000] "GET /robots.txt HTTP/1.1" 404 149 "-" "Mozilla/5.0 (compatible; AhrefsBot/7.0; +http://ahrefs.com/robot/)"
::ffff:51.222.253.18 - - [06/Mar/2023:19:42:06 +0000] "GET /contact?s=1&ss=11 HTTP/1.1" 200 9997 "-" "Mozilla/5.0 (compatible; AhrefsBot/7.0; +http://ahrefs.com/robot/)"
::ffff:99.92.93.12 - - [06/Mar/2023:19:43:54 +0000] "GET /images/dragon-trans.png HTTP/1.1" 304 - "http://wadokikai.org/resources" "Mozilla/5.0 (Linux; NetCast; U) AppleWebKit/537.36 (KHTML, like Gecko) Chrome/79.0.3945.79 Safari/537.36 SmartTV/10.0 Colt/2.0"
::ffff:99.92.93.12 - - [06/Mar/2023:19:50:42 +0000] "GET /images/dragon-trans.png HTTP/1.1" 304 - "http://wadokikai.org/resources" "Mozilla/5.0 (Linux; NetCast; U) AppleWebKit/537.36 (KHTML, like Gecko) Chrome/79.0.3945.79 Safari/537.36 SmartTV/10.0 Colt/2.0"
::ffff:73.170.246.97 - - [06/Mar/2023:20:08:13 +0000] "GET /images/tiger.bmp HTTP/1.1" 304 - "http://wadokikai.org/resources" "Mozilla/5.0 (Macintosh; Intel Mac OS X 10_15_7) AppleWebKit/537.36 (KHTML, like Gecko) Chrome/109.0.0.0 Safari/537.36"
::ffff:194.38.23.10 - - [06/Mar/2023:20:08:24 +0000] "GET /assets/admin/global/plugins/jquery-file-upload/server/php/index.php?file=tf2rghf.jpg HTTP/1.1" 404 206 "-" "ALittle Client"
::ffff:99.92.93.12 - - [06/Mar/2023:20:10:26 +0000] "GET /images/dragon-trans.png HTTP/1.1" 304 - "http://wadokikai.org/resources" "Mozilla/5.0 (Linux; NetCast; U) AppleWebKit/537.36 (KHTML, like Gecko) Chrome/79.0.3945.79 Safari/537.36 SmartTV/10.0 Colt/2.0"
::ffff:135.125.246.189 - - [06/Mar/2023:20:15:37 +0000] "GET /.env HTTP/1.1" 404 143 "-" "Mozilla/5.0 (X11; Linux x86_64) AppleWebKit/537.36 (KHTML, like Gecko) Chrome/81.0.4044.129 Safari/537.36"
::ffff:135.125.246.189 - - [06/Mar/2023:20:15:37 +0000] "POST / HTTP/1.1" 404 140 "-" "Mozilla/5.0 (X11; Linux x86_64) AppleWebKit/537.36 (KHTML, like Gecko) Chrome/81.0.4044.129 Safari/537.36"
::ffff:99.92.93.12 - - [06/Mar/2023:20:17:22 +0000] "GET /images/dragon-trans.png HTTP/1.1" 304 - "http://wadokikai.org/resources" "Mozilla/5.0 (Linux; NetCast; U) AppleWebKit/537.36 (KHTML, like Gecko) Chrome/79.0.3945.79 Safari/537.36 SmartTV/10.0 Colt/2.0"
::ffff:51.222.253.7 - - [06/Mar/2023:20:17:26 +0000] "GET /contact?s=1&ss=0 HTTP/1.1" 200 9997 "-" "Mozilla/5.0 (compatible; AhrefsBot/7.0; +http://ahrefs.com/robot/)"
::ffff:185.39.144.147 - - [06/Mar/2023:20:21:41 +0000] "GET / HTTP/1.1" 200 57378 "-" "Mozilla/5.0 (Macintosh; Intel Mac OS X 10_9_2)"
::ffff:99.92.93.12 - - [06/Mar/2023:20:23:50 +0000] "GET /images/tiger.bmp HTTP/1.1" 304 - "http://wadokikai.org/resources" "Mozilla/5.0 (Linux; NetCast; U) AppleWebKit/537.36 (KHTML, like Gecko) Chrome/79.0.3945.79 Safari/537.36 SmartTV/10.0 Colt/2.0"
::ffff:99.92.93.12 - - [06/Mar/2023:20:30:22 +0000] "GET /images/tiger.bmp HTTP/1.1" 304 - "http://wadokikai.org/resources" "Mozilla/5.0 (Linux; NetCast; U) AppleWebKit/537.36 (KHTML, like Gecko) Chrome/79.0.3945.79 Safari/537.36 SmartTV/10.0 Colt/2.0"
::ffff:43.155.118.219 - - [06/Mar/2023:20:36:46 +0000] "HEAD /Core/Skin/Login.aspx HTTP/1.1" 404 160 "-" "Mozilla/5.0 (Windows NT 10.0; Win64; x64) AppleWebKit/537.36 (KHTML, like Gecko) Chrome/106.0.0.0 Safari/537.36"
::ffff:174.194.196.153 - - [06/Mar/2023:20:37:14 +0000] "GET / HTTP/1.1" 200 57378 "https://www.google.com/" "Mozilla/5.0 (Linux; Android 13; SM-G996U) AppleWebKit/537.36 (KHTML, like Gecko) Chrome/110.0.0.0 Mobile Safari/537.36"
::ffff:174.194.196.153 - - [06/Mar/2023:20:37:14 +0000] "GET /css/wadokikai.css HTTP/1.1" 200 4337 "http://wadokikai.org/" "Mozilla/5.0 (Linux; Android 13; SM-G996U) AppleWebKit/537.36 (KHTML, like Gecko) Chrome/110.0.0.0 Mobile Safari/537.36"
::ffff:174.194.196.153 - - [06/Mar/2023:20:37:14 +0000] "GET /js/common.js HTTP/1.1" 200 2255 "http://wadokikai.org/" "Mozilla/5.0 (Linux; Android 13; SM-G996U) AppleWebKit/537.36 (KHTML, like Gecko) Chrome/110.0.0.0 Mobile Safari/537.36"
::ffff:174.194.196.153 - - [06/Mar/2023:20:37:14 +0000] "GET /images/wkkpatch22_med.png HTTP/1.1" 200 32301 "http://wadokikai.org/" "Mozilla/5.0 (Linux; Android 13; SM-G996U) AppleWebKit/537.36 (KHTML, like Gecko) Chrome/110.0.0.0 Mobile Safari/537.36"
::ffff:174.194.196.153 - - [06/Mar/2023:20:37:14 +0000] "GET /images/schools/alamedakaratedomap.jpg HTTP/1.1" 200 38311 "http://wadokikai.org/" "Mozilla/5.0 (Linux; Android 13; SM-G996U) AppleWebKit/537.36 (KHTML, like Gecko) Chrome/110.0.0.0 Mobile Safari/537.36"
::ffff:174.194.196.153 - - [06/Mar/2023:20:37:14 +0000] "GET /images/schools/orindakaratedomap.jpg HTTP/1.1" 200 34167 "http://wadokikai.org/" "Mozilla/5.0 (Linux; Android 13; SM-G996U) AppleWebKit/537.36 (KHTML, like Gecko) Chrome/110.0.0.0 Mobile Safari/537.36"
::ffff:174.194.196.153 - - [06/Mar/2023:20:37:14 +0000] "GET /images/schools/dcakaratedomap.jpg HTTP/1.1" 200 35262 "http://wadokikai.org/" "Mozilla/5.0 (Linux; Android 13; SM-G996U) AppleWebKit/537.36 (KHTML, like Gecko) Chrome/110.0.0.0 Mobile Safari/537.36"
::ffff:174.194.196.153 - - [06/Mar/2023:20:37:14 +0000] "GET /images/schools/harborbaykaratedomap.jpg HTTP/1.1" 200 37245 "http://wadokikai.org/" "Mozilla/5.0 (Linux; Android 13; SM-G996U) AppleWebKit/537.36 (KHTML, like Gecko) Chrome/110.0.0.0 Mobile Safari/537.36"
::ffff:174.194.196.153 - - [06/Mar/2023:20:37:14 +0000] "GET /images/schools/corpuzkaratedomap.jpg HTTP/1.1" 200 36421 "http://wadokikai.org/" "Mozilla/5.0 (Linux; Android 13; SM-G996U) AppleWebKit/537.36 (KHTML, like Gecko) Chrome/110.0.0.0 Mobile Safari/537.36"
::ffff:174.194.196.153 - - [06/Mar/2023:20:37:14 +0000] "GET /images/schools/martinezkaratedomap.jpg HTTP/1.1" 200 37724 "http://wadokikai.org/" "Mozilla/5.0 (Linux; Android 13; SM-G996U) AppleWebKit/537.36 (KHTML, like Gecko) Chrome/110.0.0.0 Mobile Safari/537.36"
::ffff:174.194.196.153 - - [06/Mar/2023:20:37:14 +0000] "GET /images/schools/marinkaratedomap.jpg HTTP/1.1" 200 32400 "http://wadokikai.org/" "Mozilla/5.0 (Linux; Android 13; SM-G996U) AppleWebKit/537.36 (KHTML, like Gecko) Chrome/110.0.0.0 Mobile Safari/537.36"
::ffff:174.194.196.153 - - [06/Mar/2023:20:37:14 +0000] "GET /images/schools/earhartkaratedomap.jpg HTTP/1.1" 200 41366 "http://wadokikai.org/" "Mozilla/5.0 (Linux; Android 13; SM-G996U) AppleWebKit/537.36 (KHTML, like Gecko) Chrome/110.0.0.0 Mobile Safari/537.36"
::ffff:174.194.196.153 - - [06/Mar/2023:20:37:14 +0000] "GET /images/schools/nunleykaratedomap.jpg HTTP/1.1" 200 42667 "http://wadokikai.org/" "Mozilla/5.0 (Linux; Android 13; SM-G996U) AppleWebKit/537.36 (KHTML, like Gecko) Chrome/110.0.0.0 Mobile Safari/537.36"
::ffff:174.194.196.153 - - [06/Mar/2023:20:37:14 +0000] "GET /images/schools/manzanitakaratedomap.jpg HTTP/1.1" 200 55402 "http://wadokikai.org/" "Mozilla/5.0 (Linux; Android 13; SM-G996U) AppleWebKit/537.36 (KHTML, like Gecko) Chrome/110.0.0.0 Mobile Safari/537.36"
::ffff:174.194.196.153 - - [06/Mar/2023:20:37:14 +0000] "GET /images/dragon-trans.png HTTP/1.1" 200 85661 "http://wadokikai.org/" "Mozilla/5.0 (Linux; Android 13; SM-G996U) AppleWebKit/537.36 (KHTML, like Gecko) Chrome/110.0.0.0 Mobile Safari/537.36"
::ffff:174.194.196.153 - - [06/Mar/2023:20:37:14 +0000] "GET /images/favicon.ico HTTP/1.1" 200 3638 "http://wadokikai.org/" "Mozilla/5.0 (Linux; Android 13; SM-G996U) AppleWebKit/537.36 (KHTML, like Gecko) Chrome/110.0.0.0 Mobile Safari/537.36"
::ffff:174.194.196.153 - - [06/Mar/2023:20:37:18 +0000] "GET /images/tiger.bmp HTTP/1.1" 200 311274 "http://wadokikai.org/" "Mozilla/5.0 (Linux; Android 13; SM-G996U) AppleWebKit/537.36 (KHTML, like Gecko) Chrome/110.0.0.0 Mobile Safari/537.36"
::ffff:174.194.196.153 - - [06/Mar/2023:20:37:21 +0000] "GET /images/wadokikai%20kanji.jpg HTTP/1.1" 200 35066 "http://wadokikai.org/" "Mozilla/5.0 (Linux; Android 13; SM-G996U) AppleWebKit/537.36 (KHTML, like Gecko) Chrome/110.0.0.0 Mobile Safari/537.36"
::ffff:99.92.93.12 - - [06/Mar/2023:20:37:30 +0000] "GET /images/dragon-trans.png HTTP/1.1" 304 - "http://wadokikai.org/resources" "Mozilla/5.0 (Linux; NetCast; U) AppleWebKit/537.36 (KHTML, like Gecko) Chrome/79.0.3945.79 Safari/537.36 SmartTV/10.0 Colt/2.0"
::ffff:174.194.196.153 - - [06/Mar/2023:20:37:47 +0000] "GET /css/wadokikai.css HTTP/1.1" 304 - "http://wadokikai.org/resources" "Mozilla/5.0 (Linux; Android 13; SM-G996U) AppleWebKit/537.36 (KHTML, like Gecko) Chrome/110.0.0.0 Mobile Safari/537.36"
::ffff:174.194.196.153 - - [06/Mar/2023:20:37:47 +0000] "GET /images/wkkpatch22_med.png HTTP/1.1" 304 - "http://wadokikai.org/resources" "Mozilla/5.0 (Linux; Android 13; SM-G996U) AppleWebKit/537.36 (KHTML, like Gecko) Chrome/110.0.0.0 Mobile Safari/537.36"
::ffff:174.194.196.153 - - [06/Mar/2023:20:37:48 +0000] "GET /resources HTTP/1.1" 200 194907 "http://wadokikai.org/" "Mozilla/5.0 (Linux; Android 13; SM-G996U) AppleWebKit/537.36 (KHTML, like Gecko) Chrome/110.0.0.0 Mobile Safari/537.36"
::ffff:174.194.196.153 - - [06/Mar/2023:20:37:48 +0000] "GET /images/JohnArce.jpg HTTP/1.1" 200 13951 "http://wadokikai.org/resources" "Mozilla/5.0 (Linux; Android 13; SM-G996U) AppleWebKit/537.36 (KHTML, like Gecko) Chrome/110.0.0.0 Mobile Safari/537.36"
::ffff:174.194.196.153 - - [06/Mar/2023:20:37:48 +0000] "GET /images/tm.jpg HTTP/1.1" 200 25020 "http://wadokikai.org/resources" "Mozilla/5.0 (Linux; Android 13; SM-G996U) AppleWebKit/537.36 (KHTML, like Gecko) Chrome/110.0.0.0 Mobile Safari/537.36"
::ffff:174.194.196.153 - - [06/Mar/2023:20:37:48 +0000] "GET /images/books/MBS2.jpg HTTP/1.1" 200 15317 "http://wadokikai.org/resources" "Mozilla/5.0 (Linux; Android 13; SM-G996U) AppleWebKit/537.36 (KHTML, like Gecko) Chrome/110.0.0.0 Mobile Safari/537.36"
::ffff:174.194.196.153 - - [06/Mar/2023:20:37:48 +0000] "GET /images/books/MBS.gif HTTP/1.1" 200 13195 "http://wadokikai.org/resources" "Mozilla/5.0 (Linux; Android 13; SM-G996U) AppleWebKit/537.36 (KHTML, like Gecko) Chrome/110.0.0.0 Mobile Safari/537.36"
::ffff:174.194.196.153 - - [06/Mar/2023:20:37:48 +0000] "GET /images/books/karatebook.jpg HTTP/1.1" 200 7644 "http://wadokikai.org/resources" "Mozilla/5.0 (Linux; Android 13; SM-G996U) AppleWebKit/537.36 (KHTML, like Gecko) Chrome/110.0.0.0 Mobile Safari/537.36"
::ffff:174.194.196.153 - - [06/Mar/2023:20:37:48 +0000] "GET /images/books/KarateDoZen.jpg HTTP/1.1" 200 2677 "http://wadokikai.org/resources" "Mozilla/5.0 (Linux; Android 13; SM-G996U) AppleWebKit/537.36 (KHTML, like Gecko) Chrome/110.0.0.0 Mobile Safari/537.36"
::ffff:174.194.196.153 - - [06/Mar/2023:20:37:48 +0000] "GET /images/books/ZenMeditation.jpg HTTP/1.1" 200 3760 "http://wadokikai.org/resources" "Mozilla/5.0 (Linux; Android 13; SM-G996U) AppleWebKit/537.36 (KHTML, like Gecko) Chrome/110.0.0.0 Mobile Safari/537.36"
::ffff:174.194.196.153 - - [06/Mar/2023:20:37:48 +0000] "GET /images/books/bookoffiverings.jpg HTTP/1.1" 200 2940 "http://wadokikai.org/resources" "Mozilla/5.0 (Linux; Android 13; SM-G996U) AppleWebKit/537.36 (KHTML, like Gecko) Chrome/110.0.0.0 Mobile Safari/537.36"
::ffff:174.194.196.153 - - [06/Mar/2023:20:37:48 +0000] "GET /js/common.js HTTP/1.1" 304 - "http://wadokikai.org/resources" "Mozilla/5.0 (Linux; Android 13; SM-G996U) AppleWebKit/537.36 (KHTML, like Gecko) Chrome/110.0.0.0 Mobile Safari/537.36"
::ffff:174.194.196.153 - - [06/Mar/2023:20:37:48 +0000] "GET /images/books/shotokanSecrets.jpg HTTP/1.1" 200 4046 "http://wadokikai.org/resources" "Mozilla/5.0 (Linux; Android 13; SM-G996U) AppleWebKit/537.36 (KHTML, like Gecko) Chrome/110.0.0.0 Mobile Safari/537.36"
::ffff:174.194.196.153 - - [06/Mar/2023:20:37:48 +0000] "GET /images/books/dummies.jpg HTTP/1.1" 200 3631 "http://wadokikai.org/resources" "Mozilla/5.0 (Linux; Android 13; SM-G996U) AppleWebKit/537.36 (KHTML, like Gecko) Chrome/110.0.0.0 Mobile Safari/537.36"
::ffff:174.194.196.153 - - [06/Mar/2023:20:37:48 +0000] "GET /images/books/dojoWisdom.jpg HTTP/1.1" 200 2813 "http://wadokikai.org/resources" "Mozilla/5.0 (Linux; Android 13; SM-G996U) AppleWebKit/537.36 (KHTML, like Gecko) Chrome/110.0.0.0 Mobile Safari/537.36"
::ffff:174.194.196.153 - - [06/Mar/2023:20:37:48 +0000] "GET /images/books/saibook.jpg HTTP/1.1" 200 3043 "http://wadokikai.org/resources" "Mozilla/5.0 (Linux; Android 13; SM-G996U) AppleWebKit/537.36 (KHTML, like Gecko) Chrome/110.0.0.0 Mobile Safari/537.36"
::ffff:174.194.196.153 - - [06/Mar/2023:20:37:48 +0000] "GET /images/books/bobook.gif HTTP/1.1" 200 6919 "http://wadokikai.org/resources" "Mozilla/5.0 (Linux; Android 13; SM-G996U) AppleWebKit/537.36 (KHTML, like Gecko) Chrome/110.0.0.0 Mobile Safari/537.36"
::ffff:174.194.196.153 - - [06/Mar/2023:20:37:48 +0000] "GET /images/books/guide20.jpg HTTP/1.1" 200 1934 "http://wadokikai.org/resources" "Mozilla/5.0 (Linux; Android 13; SM-G996U) AppleWebKit/537.36 (KHTML, like Gecko) Chrome/110.0.0.0 Mobile Safari/537.36"
::ffff:174.194.196.153 - - [06/Mar/2023:20:37:48 +0000] "GET /images/books/karatedo.jpg HTTP/1.1" 200 3442 "http://wadokikai.org/resources" "Mozilla/5.0 (Linux; Android 13; SM-G996U) AppleWebKit/537.36 (KHTML, like Gecko) Chrome/110.0.0.0 Mobile Safari/537.36"
::ffff:174.194.196.153 - - [06/Mar/2023:20:37:48 +0000] "GET /images/books/emptyHand.jpg HTTP/1.1" 200 12021 "http://wadokikai.org/resources" "Mozilla/5.0 (Linux; Android 13; SM-G996U) AppleWebKit/537.36 (KHTML, like Gecko) Chrome/110.0.0.0 Mobile Safari/537.36"
::ffff:174.194.196.153 - - [06/Mar/2023:20:37:48 +0000] "GET /images/books/movingzen.jpg HTTP/1.1" 200 3578 "http://wadokikai.org/resources" "Mozilla/5.0 (Linux; Android 13; SM-G996U) AppleWebKit/537.36 (KHTML, like Gecko) Chrome/110.0.0.0 Mobile Safari/537.36"
::ffff:174.194.196.153 - - [06/Mar/2023:20:37:48 +0000] "GET /images/dragon-trans.png HTTP/1.1" 304 - "http://wadokikai.org/resources" "Mozilla/5.0 (Linux; Android 13; SM-G996U) AppleWebKit/537.36 (KHTML, like Gecko) Chrome/110.0.0.0 Mobile Safari/537.36"
::ffff:174.194.196.153 - - [06/Mar/2023:20:37:48 +0000] "GET /images/books/karatedojo.jpg HTTP/1.1" 200 3457 "http://wadokikai.org/resources" "Mozilla/5.0 (Linux; Android 13; SM-G996U) AppleWebKit/537.36 (KHTML, like Gecko) Chrome/110.0.0.0 Mobile Safari/537.36"
::ffff:174.194.196.153 - - [06/Mar/2023:20:37:48 +0000] "GET /images/books/grappingmethod.jpg HTTP/1.1" 200 4025 "http://wadokikai.org/resources" "Mozilla/5.0 (Linux; Android 13; SM-G996U) AppleWebKit/537.36 (KHTML, like Gecko) Chrome/110.0.0.0 Mobile Safari/537.36"
::ffff:174.194.196.153 - - [06/Mar/2023:20:37:48 +0000] "GET /images/books/artofwar.jpg HTTP/1.1" 200 22573 "http://wadokikai.org/resources" "Mozilla/5.0 (Linux; Android 13; SM-G996U) AppleWebKit/537.36 (KHTML, like Gecko) Chrome/110.0.0.0 Mobile Safari/537.36"
::ffff:174.194.196.153 - - [06/Mar/2023:20:37:49 +0000] "GET /images/favicon.ico HTTP/1.1" 304 - "http://wadokikai.org/resources" "Mozilla/5.0 (Linux; Android 13; SM-G996U) AppleWebKit/537.36 (KHTML, like Gecko) Chrome/110.0.0.0 Mobile Safari/537.36"
::ffff:174.194.196.153 - - [06/Mar/2023:20:37:51 +0000] "GET /images/tiger.bmp HTTP/1.1" 304 - "http://wadokikai.org/resources" "Mozilla/5.0 (Linux; Android 13; SM-G996U) AppleWebKit/537.36 (KHTML, like Gecko) Chrome/110.0.0.0 Mobile Safari/537.36"
::ffff:174.194.196.153 - - [06/Mar/2023:20:37:53 +0000] "GET /contact HTTP/1.1" 200 10017 "http://wadokikai.org/resources" "Mozilla/5.0 (Linux; Android 13; SM-G996U) AppleWebKit/537.36 (KHTML, like Gecko) Chrome/110.0.0.0 Mobile Safari/537.36"
::ffff:174.194.196.153 - - [06/Mar/2023:20:37:53 +0000] "GET /css/wadokikai.css HTTP/1.1" 304 - "http://wadokikai.org/contact" "Mozilla/5.0 (Linux; Android 13; SM-G996U) AppleWebKit/537.36 (KHTML, like Gecko) Chrome/110.0.0.0 Mobile Safari/537.36"
