::ffff:73.15.239.199 - - [24/Mar/2023:06:12:03 +0000] "GET /images/dragon-trans.png HTTP/1.1" 304 - "http://wadokikai.org/resources" "Mozilla/5.0 (Macintosh; Intel Mac OS X 10_15_6) AppleWebKit/605.1.15 (KHTML, like Gecko) Version/15.6,2 Safari/605.1.15"
::ffff:73.15.239.199 - - [24/Mar/2023:06:12:07 +0000] "GET /images/tiger.bmp HTTP/1.1" 304 - "http://wadokikai.org/resources" "Mozilla/5.0 (Macintosh; Intel Mac OS X 10_15_6) AppleWebKit/605.1.15 (KHTML, like Gecko) Version/15.6,2 Safari/605.1.15"
::ffff:73.15.239.199 - - [24/Mar/2023:06:12:10 +0000] "GET /images/dragon-trans.png HTTP/1.1" 304 - "http://wadokikai.org/resources" "Mozilla/5.0 (Macintosh; Intel Mac OS X 10_15_6) AppleWebKit/605.1.15 (KHTML, like Gecko) Version/15.6,2 Safari/605.1.15"
::ffff:54.36.112.44 - - [24/Mar/2023:06:12:12 +0000] "GET /.env HTTP/1.1" 404 143 "-" "Mozilla/5.0 (X11; Linux x86_64) AppleWebKit/537.36 (KHTML, like Gecko) Chrome/81.0.4044.129 Safari/537.36"
::ffff:54.36.112.44 - - [24/Mar/2023:06:12:13 +0000] "POST / HTTP/1.1" 404 140 "-" "Mozilla/5.0 (X11; Linux x86_64) AppleWebKit/537.36 (KHTML, like Gecko) Chrome/81.0.4044.129 Safari/537.36"
::ffff:73.15.239.199 - - [24/Mar/2023:06:12:14 +0000] "GET /images/tiger.bmp HTTP/1.1" 304 - "http://wadokikai.org/resources" "Mozilla/5.0 (Macintosh; Intel Mac OS X 10_15_6) AppleWebKit/605.1.15 (KHTML, like Gecko) Version/15.6,2 Safari/605.1.15"
::ffff:73.15.239.199 - - [24/Mar/2023:06:12:17 +0000] "GET /images/dragon-trans.png HTTP/1.1" 304 - "http://wadokikai.org/resources" "Mozilla/5.0 (Macintosh; Intel Mac OS X 10_15_6) AppleWebKit/605.1.15 (KHTML, like Gecko) Version/15.6,2 Safari/605.1.15"
::ffff:73.15.239.199 - - [24/Mar/2023:06:12:21 +0000] "GET /images/tiger.bmp HTTP/1.1" 304 - "http://wadokikai.org/resources" "Mozilla/5.0 (Macintosh; Intel Mac OS X 10_15_6) AppleWebKit/605.1.15 (KHTML, like Gecko) Version/15.6,2 Safari/605.1.15"
::ffff:73.15.239.199 - - [24/Mar/2023:06:12:24 +0000] "GET /images/dragon-trans.png HTTP/1.1" 304 - "http://wadokikai.org/resources" "Mozilla/5.0 (Macintosh; Intel Mac OS X 10_15_6) AppleWebKit/605.1.15 (KHTML, like Gecko) Version/15.6,2 Safari/605.1.15"
::ffff:73.15.239.199 - - [24/Mar/2023:06:12:28 +0000] "GET /images/tiger.bmp HTTP/1.1" 304 - "http://wadokikai.org/resources" "Mozilla/5.0 (Macintosh; Intel Mac OS X 10_15_6) AppleWebKit/605.1.15 (KHTML, like Gecko) Version/15.6,2 Safari/605.1.15"
::ffff:73.15.239.199 - - [24/Mar/2023:06:12:31 +0000] "GET /images/dragon-trans.png HTTP/1.1" 304 - "http://wadokikai.org/resources" "Mozilla/5.0 (Macintosh; Intel Mac OS X 10_15_6) AppleWebKit/605.1.15 (KHTML, like Gecko) Version/15.6,2 Safari/605.1.15"
::ffff:73.15.239.199 - - [24/Mar/2023:06:12:35 +0000] "GET /images/tiger.bmp HTTP/1.1" 304 - "http://wadokikai.org/resources" "Mozilla/5.0 (Macintosh; Intel Mac OS X 10_15_6) AppleWebKit/605.1.15 (KHTML, like Gecko) Version/15.6,2 Safari/605.1.15"
::ffff:73.15.239.199 - - [24/Mar/2023:06:12:38 +0000] "GET /images/dragon-trans.png HTTP/1.1" 304 - "http://wadokikai.org/resources" "Mozilla/5.0 (Macintosh; Intel Mac OS X 10_15_6) AppleWebKit/605.1.15 (KHTML, like Gecko) Version/15.6,2 Safari/605.1.15"
::ffff:73.15.239.199 - - [24/Mar/2023:06:12:42 +0000] "GET /images/tiger.bmp HTTP/1.1" 304 - "http://wadokikai.org/resources" "Mozilla/5.0 (Macintosh; Intel Mac OS X 10_15_6) AppleWebKit/605.1.15 (KHTML, like Gecko) Version/15.6,2 Safari/605.1.15"
::ffff:73.15.239.199 - - [24/Mar/2023:06:12:45 +0000] "GET /images/dragon-trans.png HTTP/1.1" 304 - "http://wadokikai.org/resources" "Mozilla/5.0 (Macintosh; Intel Mac OS X 10_15_6) AppleWebKit/605.1.15 (KHTML, like Gecko) Version/15.6,2 Safari/605.1.15"
::ffff:73.15.239.199 - - [24/Mar/2023:06:12:49 +0000] "GET /images/tiger.bmp HTTP/1.1" 304 - "http://wadokikai.org/resources" "Mozilla/5.0 (Macintosh; Intel Mac OS X 10_15_6) AppleWebKit/605.1.15 (KHTML, like Gecko) Version/15.6,2 Safari/605.1.15"
::ffff:73.15.239.199 - - [24/Mar/2023:06:12:52 +0000] "GET /images/dragon-trans.png HTTP/1.1" 304 - "http://wadokikai.org/resources" "Mozilla/5.0 (Macintosh; Intel Mac OS X 10_15_6) AppleWebKit/605.1.15 (KHTML, like Gecko) Version/15.6,2 Safari/605.1.15"
::ffff:67.188.16.184 - - [24/Mar/2023:06:12:54 +0000] "GET /images/tiger.bmp HTTP/1.1" 304 - "http://wadokikai.org/resources" "Mozilla/5.0 (Macintosh; Intel Mac OS X 10_15_7) AppleWebKit/605.1.15 (KHTML, like Gecko) Version/15.4 Safari/605.1.15"
::ffff:73.15.239.199 - - [24/Mar/2023:06:12:56 +0000] "GET /images/tiger.bmp HTTP/1.1" 304 - "http://wadokikai.org/resources" "Mozilla/5.0 (Macintosh; Intel Mac OS X 10_15_6) AppleWebKit/605.1.15 (KHTML, like Gecko) Version/15.6,2 Safari/605.1.15"
::ffff:67.188.16.184 - - [24/Mar/2023:06:12:58 +0000] "GET /images/dragon-trans.png HTTP/1.1" 304 - "http://wadokikai.org/resources" "Mozilla/5.0 (Macintosh; Intel Mac OS X 10_15_7) AppleWebKit/605.1.15 (KHTML, like Gecko) Version/15.4 Safari/605.1.15"
::ffff:73.15.239.199 - - [24/Mar/2023:06:12:59 +0000] "GET /images/dragon-trans.png HTTP/1.1" 304 - "http://wadokikai.org/resources" "Mozilla/5.0 (Macintosh; Intel Mac OS X 10_15_6) AppleWebKit/605.1.15 (KHTML, like Gecko) Version/15.6,2 Safari/605.1.15"
::ffff:73.15.239.199 - - [24/Mar/2023:06:13:03 +0000] "GET /images/tiger.bmp HTTP/1.1" 304 - "http://wadokikai.org/resources" "Mozilla/5.0 (Macintosh; Intel Mac OS X 10_15_6) AppleWebKit/605.1.15 (KHTML, like Gecko) Version/15.6,2 Safari/605.1.15"
::ffff:73.15.239.199 - - [24/Mar/2023:06:13:06 +0000] "GET /images/dragon-trans.png HTTP/1.1" 304 - "http://wadokikai.org/resources" "Mozilla/5.0 (Macintosh; Intel Mac OS X 10_15_6) AppleWebKit/605.1.15 (KHTML, like Gecko) Version/15.6,2 Safari/605.1.15"
::ffff:73.15.239.199 - - [24/Mar/2023:06:13:10 +0000] "GET /images/tiger.bmp HTTP/1.1" 304 - "http://wadokikai.org/resources" "Mozilla/5.0 (Macintosh; Intel Mac OS X 10_15_6) AppleWebKit/605.1.15 (KHTML, like Gecko) Version/15.6,2 Safari/605.1.15"
::ffff:73.15.239.199 - - [24/Mar/2023:06:13:13 +0000] "GET /images/dragon-trans.png HTTP/1.1" 304 - "http://wadokikai.org/resources" "Mozilla/5.0 (Macintosh; Intel Mac OS X 10_15_6) AppleWebKit/605.1.15 (KHTML, like Gecko) Version/15.6,2 Safari/605.1.15"
::ffff:73.15.239.199 - - [24/Mar/2023:06:13:17 +0000] "GET /images/tiger.bmp HTTP/1.1" 304 - "http://wadokikai.org/resources" "Mozilla/5.0 (Macintosh; Intel Mac OS X 10_15_6) AppleWebKit/605.1.15 (KHTML, like Gecko) Version/15.6,2 Safari/605.1.15"
::ffff:73.15.239.199 - - [24/Mar/2023:06:13:20 +0000] "GET /images/dragon-trans.png HTTP/1.1" 304 - "http://wadokikai.org/resources" "Mozilla/5.0 (Macintosh; Intel Mac OS X 10_15_6) AppleWebKit/605.1.15 (KHTML, like Gecko) Version/15.6,2 Safari/605.1.15"
::ffff:73.15.239.199 - - [24/Mar/2023:06:13:24 +0000] "GET /images/tiger.bmp HTTP/1.1" 304 - "http://wadokikai.org/resources" "Mozilla/5.0 (Macintosh; Intel Mac OS X 10_15_6) AppleWebKit/605.1.15 (KHTML, like Gecko) Version/15.6,2 Safari/605.1.15"
::ffff:73.15.239.199 - - [24/Mar/2023:06:13:27 +0000] "GET /images/dragon-trans.png HTTP/1.1" 304 - "http://wadokikai.org/resources" "Mozilla/5.0 (Macintosh; Intel Mac OS X 10_15_6) AppleWebKit/605.1.15 (KHTML, like Gecko) Version/15.6,2 Safari/605.1.15"
::ffff:73.15.239.199 - - [24/Mar/2023:06:13:31 +0000] "GET /images/tiger.bmp HTTP/1.1" 304 - "http://wadokikai.org/resources" "Mozilla/5.0 (Macintosh; Intel Mac OS X 10_15_6) AppleWebKit/605.1.15 (KHTML, like Gecko) Version/15.6,2 Safari/605.1.15"
::ffff:73.15.239.199 - - [24/Mar/2023:06:13:34 +0000] "GET /images/dragon-trans.png HTTP/1.1" 304 - "http://wadokikai.org/resources" "Mozilla/5.0 (Macintosh; Intel Mac OS X 10_15_6) AppleWebKit/605.1.15 (KHTML, like Gecko) Version/15.6,2 Safari/605.1.15"
::ffff:73.15.239.199 - - [24/Mar/2023:06:13:38 +0000] "GET /images/tiger.bmp HTTP/1.1" 304 - "http://wadokikai.org/resources" "Mozilla/5.0 (Macintosh; Intel Mac OS X 10_15_6) AppleWebKit/605.1.15 (KHTML, like Gecko) Version/15.6,2 Safari/605.1.15"
::ffff:73.15.239.199 - - [24/Mar/2023:06:13:41 +0000] "GET /images/dragon-trans.png HTTP/1.1" 304 - "http://wadokikai.org/resources" "Mozilla/5.0 (Macintosh; Intel Mac OS X 10_15_6) AppleWebKit/605.1.15 (KHTML, like Gecko) Version/15.6,2 Safari/605.1.15"
::ffff:73.15.239.199 - - [24/Mar/2023:06:13:45 +0000] "GET /images/tiger.bmp HTTP/1.1" 304 - "http://wadokikai.org/resources" "Mozilla/5.0 (Macintosh; Intel Mac OS X 10_15_6) AppleWebKit/605.1.15 (KHTML, like Gecko) Version/15.6,2 Safari/605.1.15"
::ffff:73.15.239.199 - - [24/Mar/2023:06:13:48 +0000] "GET /images/dragon-trans.png HTTP/1.1" 304 - "http://wadokikai.org/resources" "Mozilla/5.0 (Macintosh; Intel Mac OS X 10_15_6) AppleWebKit/605.1.15 (KHTML, like Gecko) Version/15.6,2 Safari/605.1.15"
::ffff:73.15.239.199 - - [24/Mar/2023:06:13:52 +0000] "GET /images/tiger.bmp HTTP/1.1" 304 - "http://wadokikai.org/resources" "Mozilla/5.0 (Macintosh; Intel Mac OS X 10_15_6) AppleWebKit/605.1.15 (KHTML, like Gecko) Version/15.6,2 Safari/605.1.15"
::ffff:73.15.239.199 - - [24/Mar/2023:06:13:55 +0000] "GET /images/dragon-trans.png HTTP/1.1" 304 - "http://wadokikai.org/resources" "Mozilla/5.0 (Macintosh; Intel Mac OS X 10_15_6) AppleWebKit/605.1.15 (KHTML, like Gecko) Version/15.6,2 Safari/605.1.15"
::ffff:73.15.239.199 - - [24/Mar/2023:06:13:59 +0000] "GET /images/tiger.bmp HTTP/1.1" 304 - "http://wadokikai.org/resources" "Mozilla/5.0 (Macintosh; Intel Mac OS X 10_15_6) AppleWebKit/605.1.15 (KHTML, like Gecko) Version/15.6,2 Safari/605.1.15"
::ffff:73.15.239.199 - - [24/Mar/2023:06:14:02 +0000] "GET /images/dragon-trans.png HTTP/1.1" 304 - "http://wadokikai.org/resources" "Mozilla/5.0 (Macintosh; Intel Mac OS X 10_15_6) AppleWebKit/605.1.15 (KHTML, like Gecko) Version/15.6,2 Safari/605.1.15"
::ffff:73.15.239.199 - - [24/Mar/2023:06:14:06 +0000] "GET /images/tiger.bmp HTTP/1.1" 304 - "http://wadokikai.org/resources" "Mozilla/5.0 (Macintosh; Intel Mac OS X 10_15_6) AppleWebKit/605.1.15 (KHTML, like Gecko) Version/15.6,2 Safari/605.1.15"
::ffff:73.15.239.199 - - [24/Mar/2023:06:14:09 +0000] "GET /images/dragon-trans.png HTTP/1.1" 304 - "http://wadokikai.org/resources" "Mozilla/5.0 (Macintosh; Intel Mac OS X 10_15_6) AppleWebKit/605.1.15 (KHTML, like Gecko) Version/15.6,2 Safari/605.1.15"
::ffff:73.15.239.199 - - [24/Mar/2023:06:14:13 +0000] "GET /images/tiger.bmp HTTP/1.1" 304 - "http://wadokikai.org/resources" "Mozilla/5.0 (Macintosh; Intel Mac OS X 10_15_6) AppleWebKit/605.1.15 (KHTML, like Gecko) Version/15.6,2 Safari/605.1.15"
::ffff:73.15.239.199 - - [24/Mar/2023:06:14:16 +0000] "GET /images/dragon-trans.png HTTP/1.1" 304 - "http://wadokikai.org/resources" "Mozilla/5.0 (Macintosh; Intel Mac OS X 10_15_6) AppleWebKit/605.1.15 (KHTML, like Gecko) Version/15.6,2 Safari/605.1.15"
::ffff:73.15.239.199 - - [24/Mar/2023:06:14:20 +0000] "GET /images/tiger.bmp HTTP/1.1" 304 - "http://wadokikai.org/resources" "Mozilla/5.0 (Macintosh; Intel Mac OS X 10_15_6) AppleWebKit/605.1.15 (KHTML, like Gecko) Version/15.6,2 Safari/605.1.15"
::ffff:73.15.239.199 - - [24/Mar/2023:06:14:23 +0000] "GET /images/dragon-trans.png HTTP/1.1" 304 - "http://wadokikai.org/resources" "Mozilla/5.0 (Macintosh; Intel Mac OS X 10_15_6) AppleWebKit/605.1.15 (KHTML, like Gecko) Version/15.6,2 Safari/605.1.15"
::ffff:73.15.239.199 - - [24/Mar/2023:06:14:27 +0000] "GET /images/tiger.bmp HTTP/1.1" 304 - "http://wadokikai.org/resources" "Mozilla/5.0 (Macintosh; Intel Mac OS X 10_15_6) AppleWebKit/605.1.15 (KHTML, like Gecko) Version/15.6,2 Safari/605.1.15"
::ffff:73.15.239.199 - - [24/Mar/2023:06:14:30 +0000] "GET /images/dragon-trans.png HTTP/1.1" 304 - "http://wadokikai.org/resources" "Mozilla/5.0 (Macintosh; Intel Mac OS X 10_15_6) AppleWebKit/605.1.15 (KHTML, like Gecko) Version/15.6,2 Safari/605.1.15"
::ffff:73.15.239.199 - - [24/Mar/2023:06:14:34 +0000] "GET /images/tiger.bmp HTTP/1.1" 304 - "http://wadokikai.org/resources" "Mozilla/5.0 (Macintosh; Intel Mac OS X 10_15_6) AppleWebKit/605.1.15 (KHTML, like Gecko) Version/15.6,2 Safari/605.1.15"
::ffff:73.15.239.199 - - [24/Mar/2023:06:14:37 +0000] "GET /images/dragon-trans.png HTTP/1.1" 304 - "http://wadokikai.org/resources" "Mozilla/5.0 (Macintosh; Intel Mac OS X 10_15_6) AppleWebKit/605.1.15 (KHTML, like Gecko) Version/15.6,2 Safari/605.1.15"
::ffff:73.15.239.199 - - [24/Mar/2023:06:14:41 +0000] "GET /images/tiger.bmp HTTP/1.1" 304 - "http://wadokikai.org/resources" "Mozilla/5.0 (Macintosh; Intel Mac OS X 10_15_6) AppleWebKit/605.1.15 (KHTML, like Gecko) Version/15.6,2 Safari/605.1.15"
::ffff:73.15.239.199 - - [24/Mar/2023:06:14:44 +0000] "GET /images/dragon-trans.png HTTP/1.1" 304 - "http://wadokikai.org/resources" "Mozilla/5.0 (Macintosh; Intel Mac OS X 10_15_6) AppleWebKit/605.1.15 (KHTML, like Gecko) Version/15.6,2 Safari/605.1.15"
::ffff:73.15.239.199 - - [24/Mar/2023:06:14:48 +0000] "GET /images/tiger.bmp HTTP/1.1" 304 - "http://wadokikai.org/resources" "Mozilla/5.0 (Macintosh; Intel Mac OS X 10_15_6) AppleWebKit/605.1.15 (KHTML, like Gecko) Version/15.6,2 Safari/605.1.15"
::ffff:73.15.239.199 - - [24/Mar/2023:06:14:51 +0000] "GET /images/dragon-trans.png HTTP/1.1" 304 - "http://wadokikai.org/resources" "Mozilla/5.0 (Macintosh; Intel Mac OS X 10_15_6) AppleWebKit/605.1.15 (KHTML, like Gecko) Version/15.6,2 Safari/605.1.15"
::ffff:73.15.239.199 - - [24/Mar/2023:06:14:55 +0000] "GET /images/tiger.bmp HTTP/1.1" 304 - "http://wadokikai.org/resources" "Mozilla/5.0 (Macintosh; Intel Mac OS X 10_15_6) AppleWebKit/605.1.15 (KHTML, like Gecko) Version/15.6,2 Safari/605.1.15"
::ffff:73.15.239.199 - - [24/Mar/2023:06:14:58 +0000] "GET /images/dragon-trans.png HTTP/1.1" 304 - "http://wadokikai.org/resources" "Mozilla/5.0 (Macintosh; Intel Mac OS X 10_15_6) AppleWebKit/605.1.15 (KHTML, like Gecko) Version/15.6,2 Safari/605.1.15"
::ffff:73.15.239.199 - - [24/Mar/2023:06:15:02 +0000] "GET /images/tiger.bmp HTTP/1.1" 304 - "http://wadokikai.org/resources" "Mozilla/5.0 (Macintosh; Intel Mac OS X 10_15_6) AppleWebKit/605.1.15 (KHTML, like Gecko) Version/15.6,2 Safari/605.1.15"
::ffff:73.15.239.199 - - [24/Mar/2023:06:15:05 +0000] "GET /images/dragon-trans.png HTTP/1.1" 304 - "http://wadokikai.org/resources" "Mozilla/5.0 (Macintosh; Intel Mac OS X 10_15_6) AppleWebKit/605.1.15 (KHTML, like Gecko) Version/15.6,2 Safari/605.1.15"
::ffff:73.15.239.199 - - [24/Mar/2023:06:15:09 +0000] "GET /images/tiger.bmp HTTP/1.1" 304 - "http://wadokikai.org/resources" "Mozilla/5.0 (Macintosh; Intel Mac OS X 10_15_6) AppleWebKit/605.1.15 (KHTML, like Gecko) Version/15.6,2 Safari/605.1.15"
::ffff:73.15.239.199 - - [24/Mar/2023:06:15:13 +0000] "GET /images/dragon-trans.png HTTP/1.1" 304 - "http://wadokikai.org/resources" "Mozilla/5.0 (Macintosh; Intel Mac OS X 10_15_6) AppleWebKit/605.1.15 (KHTML, like Gecko) Version/15.6,2 Safari/605.1.15"
::ffff:73.15.239.199 - - [24/Mar/2023:06:15:16 +0000] "GET /images/tiger.bmp HTTP/1.1" 304 - "http://wadokikai.org/resources" "Mozilla/5.0 (Macintosh; Intel Mac OS X 10_15_6) AppleWebKit/605.1.15 (KHTML, like Gecko) Version/15.6,2 Safari/605.1.15"
::ffff:73.15.239.199 - - [24/Mar/2023:06:15:20 +0000] "GET /images/dragon-trans.png HTTP/1.1" 304 - "http://wadokikai.org/resources" "Mozilla/5.0 (Macintosh; Intel Mac OS X 10_15_6) AppleWebKit/605.1.15 (KHTML, like Gecko) Version/15.6,2 Safari/605.1.15"
::ffff:73.15.239.199 - - [24/Mar/2023:06:15:23 +0000] "GET /images/tiger.bmp HTTP/1.1" 304 - "http://wadokikai.org/resources" "Mozilla/5.0 (Macintosh; Intel Mac OS X 10_15_6) AppleWebKit/605.1.15 (KHTML, like Gecko) Version/15.6,2 Safari/605.1.15"
::ffff:73.15.239.199 - - [24/Mar/2023:06:15:27 +0000] "GET /images/dragon-trans.png HTTP/1.1" 304 - "http://wadokikai.org/resources" "Mozilla/5.0 (Macintosh; Intel Mac OS X 10_15_6) AppleWebKit/605.1.15 (KHTML, like Gecko) Version/15.6,2 Safari/605.1.15"
::ffff:73.15.239.199 - - [24/Mar/2023:06:15:30 +0000] "GET /images/tiger.bmp HTTP/1.1" 304 - "http://wadokikai.org/resources" "Mozilla/5.0 (Macintosh; Intel Mac OS X 10_15_6) AppleWebKit/605.1.15 (KHTML, like Gecko) Version/15.6,2 Safari/605.1.15"
::ffff:193.32.162.159 - - [24/Mar/2023:06:15:31 +0000] "GET / HTTP/1.1" 200 58146 "-" "Mozilla/5.0 (Windows NT 10.0; Win64; x64) AppleWebKit/537.36 (KHTML, like Gecko) Chrome/90.0.4430.85 Safari/537.36 Edg/90.0.818.46"
::ffff:73.15.239.199 - - [24/Mar/2023:06:15:34 +0000] "GET /images/dragon-trans.png HTTP/1.1" 304 - "http://wadokikai.org/resources" "Mozilla/5.0 (Macintosh; Intel Mac OS X 10_15_6) AppleWebKit/605.1.15 (KHTML, like Gecko) Version/15.6,2 Safari/605.1.15"
::ffff:73.15.239.199 - - [24/Mar/2023:06:15:37 +0000] "GET /images/tiger.bmp HTTP/1.1" 304 - "http://wadokikai.org/resources" "Mozilla/5.0 (Macintosh; Intel Mac OS X 10_15_6) AppleWebKit/605.1.15 (KHTML, like Gecko) Version/15.6,2 Safari/605.1.15"
::ffff:193.32.162.159 - - [24/Mar/2023:06:15:37 +0000] "GET /dispatch.asp HTTP/1.1" 404 151 "-" "Mozilla/5.0 (Windows NT 10.0; Win64; x64) AppleWebKit/537.36 (KHTML, like Gecko) Chrome/90.0.4430.85 Safari/537.36 Edg/90.0.818.46"
::ffff:73.15.239.199 - - [24/Mar/2023:06:15:41 +0000] "GET /images/dragon-trans.png HTTP/1.1" 304 - "http://wadokikai.org/resources" "Mozilla/5.0 (Macintosh; Intel Mac OS X 10_15_6) AppleWebKit/605.1.15 (KHTML, like Gecko) Version/15.6,2 Safari/605.1.15"
::ffff:73.15.239.199 - - [24/Mar/2023:06:15:44 +0000] "GET /images/tiger.bmp HTTP/1.1" 304 - "http://wadokikai.org/resources" "Mozilla/5.0 (Macintosh; Intel Mac OS X 10_15_6) AppleWebKit/605.1.15 (KHTML, like Gecko) Version/15.6,2 Safari/605.1.15"
::ffff:73.15.239.199 - - [24/Mar/2023:06:15:48 +0000] "GET /images/dragon-trans.png HTTP/1.1" 304 - "http://wadokikai.org/resources" "Mozilla/5.0 (Macintosh; Intel Mac OS X 10_15_6) AppleWebKit/605.1.15 (KHTML, like Gecko) Version/15.6,2 Safari/605.1.15"
::ffff:73.15.239.199 - - [24/Mar/2023:06:15:51 +0000] "GET /images/tiger.bmp HTTP/1.1" 304 - "http://wadokikai.org/resources" "Mozilla/5.0 (Macintosh; Intel Mac OS X 10_15_6) AppleWebKit/605.1.15 (KHTML, like Gecko) Version/15.6,2 Safari/605.1.15"
::ffff:73.15.239.199 - - [24/Mar/2023:06:15:55 +0000] "GET /images/dragon-trans.png HTTP/1.1" 304 - "http://wadokikai.org/resources" "Mozilla/5.0 (Macintosh; Intel Mac OS X 10_15_6) AppleWebKit/605.1.15 (KHTML, like Gecko) Version/15.6,2 Safari/605.1.15"
::ffff:73.15.239.199 - - [24/Mar/2023:06:15:58 +0000] "GET /images/tiger.bmp HTTP/1.1" 304 - "http://wadokikai.org/resources" "Mozilla/5.0 (Macintosh; Intel Mac OS X 10_15_6) AppleWebKit/605.1.15 (KHTML, like Gecko) Version/15.6,2 Safari/605.1.15"
::ffff:73.15.239.199 - - [24/Mar/2023:06:16:02 +0000] "GET /images/dragon-trans.png HTTP/1.1" 304 - "http://wadokikai.org/resources" "Mozilla/5.0 (Macintosh; Intel Mac OS X 10_15_6) AppleWebKit/605.1.15 (KHTML, like Gecko) Version/15.6,2 Safari/605.1.15"
::ffff:73.15.239.199 - - [24/Mar/2023:06:16:05 +0000] "GET /images/tiger.bmp HTTP/1.1" 304 - "http://wadokikai.org/resources" "Mozilla/5.0 (Macintosh; Intel Mac OS X 10_15_6) AppleWebKit/605.1.15 (KHTML, like Gecko) Version/15.6,2 Safari/605.1.15"
::ffff:73.15.239.199 - - [24/Mar/2023:06:16:09 +0000] "GET /images/dragon-trans.png HTTP/1.1" 304 - "http://wadokikai.org/resources" "Mozilla/5.0 (Macintosh; Intel Mac OS X 10_15_6) AppleWebKit/605.1.15 (KHTML, like Gecko) Version/15.6,2 Safari/605.1.15"
::ffff:73.15.239.199 - - [24/Mar/2023:06:16:12 +0000] "GET /images/tiger.bmp HTTP/1.1" 304 - "http://wadokikai.org/resources" "Mozilla/5.0 (Macintosh; Intel Mac OS X 10_15_6) AppleWebKit/605.1.15 (KHTML, like Gecko) Version/15.6,2 Safari/605.1.15"
::ffff:73.15.239.199 - - [24/Mar/2023:06:16:16 +0000] "GET /images/dragon-trans.png HTTP/1.1" 304 - "http://wadokikai.org/resources" "Mozilla/5.0 (Macintosh; Intel Mac OS X 10_15_6) AppleWebKit/605.1.15 (KHTML, like Gecko) Version/15.6,2 Safari/605.1.15"
::ffff:73.15.239.199 - - [24/Mar/2023:06:16:19 +0000] "GET /images/tiger.bmp HTTP/1.1" 304 - "http://wadokikai.org/resources" "Mozilla/5.0 (Macintosh; Intel Mac OS X 10_15_6) AppleWebKit/605.1.15 (KHTML, like Gecko) Version/15.6,2 Safari/605.1.15"
::ffff:73.15.239.199 - - [24/Mar/2023:06:16:23 +0000] "GET /images/dragon-trans.png HTTP/1.1" 304 - "http://wadokikai.org/resources" "Mozilla/5.0 (Macintosh; Intel Mac OS X 10_15_6) AppleWebKit/605.1.15 (KHTML, like Gecko) Version/15.6,2 Safari/605.1.15"
::ffff:73.15.239.199 - - [24/Mar/2023:06:16:26 +0000] "GET /images/tiger.bmp HTTP/1.1" 304 - "http://wadokikai.org/resources" "Mozilla/5.0 (Macintosh; Intel Mac OS X 10_15_6) AppleWebKit/605.1.15 (KHTML, like Gecko) Version/15.6,2 Safari/605.1.15"
::ffff:73.15.239.199 - - [24/Mar/2023:06:16:30 +0000] "GET /images/dragon-trans.png HTTP/1.1" 304 - "http://wadokikai.org/resources" "Mozilla/5.0 (Macintosh; Intel Mac OS X 10_15_6) AppleWebKit/605.1.15 (KHTML, like Gecko) Version/15.6,2 Safari/605.1.15"
::ffff:73.15.239.199 - - [24/Mar/2023:06:16:33 +0000] "GET /images/tiger.bmp HTTP/1.1" 304 - "http://wadokikai.org/resources" "Mozilla/5.0 (Macintosh; Intel Mac OS X 10_15_6) AppleWebKit/605.1.15 (KHTML, like Gecko) Version/15.6,2 Safari/605.1.15"
::ffff:73.15.239.199 - - [24/Mar/2023:06:16:37 +0000] "GET /images/dragon-trans.png HTTP/1.1" 304 - "http://wadokikai.org/resources" "Mozilla/5.0 (Macintosh; Intel Mac OS X 10_15_6) AppleWebKit/605.1.15 (KHTML, like Gecko) Version/15.6,2 Safari/605.1.15"
::ffff:73.15.239.199 - - [24/Mar/2023:06:16:40 +0000] "GET /images/tiger.bmp HTTP/1.1" 304 - "http://wadokikai.org/resources" "Mozilla/5.0 (Macintosh; Intel Mac OS X 10_15_6) AppleWebKit/605.1.15 (KHTML, like Gecko) Version/15.6,2 Safari/605.1.15"
::ffff:73.15.239.199 - - [24/Mar/2023:06:16:44 +0000] "GET /images/dragon-trans.png HTTP/1.1" 304 - "http://wadokikai.org/resources" "Mozilla/5.0 (Macintosh; Intel Mac OS X 10_15_6) AppleWebKit/605.1.15 (KHTML, like Gecko) Version/15.6,2 Safari/605.1.15"
::ffff:73.15.239.199 - - [24/Mar/2023:06:16:47 +0000] "GET /images/tiger.bmp HTTP/1.1" 304 - "http://wadokikai.org/resources" "Mozilla/5.0 (Macintosh; Intel Mac OS X 10_15_6) AppleWebKit/605.1.15 (KHTML, like Gecko) Version/15.6,2 Safari/605.1.15"
::ffff:73.15.239.199 - - [24/Mar/2023:06:16:51 +0000] "GET /images/dragon-trans.png HTTP/1.1" 304 - "http://wadokikai.org/resources" "Mozilla/5.0 (Macintosh; Intel Mac OS X 10_15_6) AppleWebKit/605.1.15 (KHTML, like Gecko) Version/15.6,2 Safari/605.1.15"
::ffff:73.15.239.199 - - [24/Mar/2023:06:16:54 +0000] "GET /images/tiger.bmp HTTP/1.1" 304 - "http://wadokikai.org/resources" "Mozilla/5.0 (Macintosh; Intel Mac OS X 10_15_6) AppleWebKit/605.1.15 (KHTML, like Gecko) Version/15.6,2 Safari/605.1.15"
::ffff:73.15.239.199 - - [24/Mar/2023:06:16:58 +0000] "GET /images/dragon-trans.png HTTP/1.1" 304 - "http://wadokikai.org/resources" "Mozilla/5.0 (Macintosh; Intel Mac OS X 10_15_6) AppleWebKit/605.1.15 (KHTML, like Gecko) Version/15.6,2 Safari/605.1.15"
::ffff:73.15.239.199 - - [24/Mar/2023:06:17:01 +0000] "GET /images/tiger.bmp HTTP/1.1" 304 - "http://wadokikai.org/resources" "Mozilla/5.0 (Macintosh; Intel Mac OS X 10_15_6) AppleWebKit/605.1.15 (KHTML, like Gecko) Version/15.6,2 Safari/605.1.15"
::ffff:73.15.239.199 - - [24/Mar/2023:06:17:05 +0000] "GET /images/dragon-trans.png HTTP/1.1" 304 - "http://wadokikai.org/resources" "Mozilla/5.0 (Macintosh; Intel Mac OS X 10_15_6) AppleWebKit/605.1.15 (KHTML, like Gecko) Version/15.6,2 Safari/605.1.15"
::ffff:114.119.146.220 - - [24/Mar/2023:06:17:08 +0000] "GET /contact?s=1&ss=4 HTTP/1.1" 200 9997 "http://34.212.47.6/schools" "Mozilla/5.0 (Linux; Android 7.0;) AppleWebKit/537.36 (KHTML, like Gecko) Mobile Safari/537.36 (compatible; PetalBot;+https://webmaster.petalsearch.com/site/petalbot)"
::ffff:73.15.239.199 - - [24/Mar/2023:06:17:12 +0000] "GET /images/dragon-trans.png HTTP/1.1" 304 - "http://wadokikai.org/resources" "Mozilla/5.0 (Macintosh; Intel Mac OS X 10_15_6) AppleWebKit/605.1.15 (KHTML, like Gecko) Version/15.6,2 Safari/605.1.15"
::ffff:73.15.239.199 - - [24/Mar/2023:06:17:19 +0000] "GET /images/dragon-trans.png HTTP/1.1" 304 - "http://wadokikai.org/resources" "Mozilla/5.0 (Macintosh; Intel Mac OS X 10_15_6) AppleWebKit/605.1.15 (KHTML, like Gecko) Version/15.6,2 Safari/605.1.15"
::ffff:73.15.239.199 - - [24/Mar/2023:06:17:26 +0000] "GET /images/dragon-trans.png HTTP/1.1" 304 - "http://wadokikai.org/resources" "Mozilla/5.0 (Macintosh; Intel Mac OS X 10_15_6) AppleWebKit/605.1.15 (KHTML, like Gecko) Version/15.6,2 Safari/605.1.15"
::ffff:73.15.239.199 - - [24/Mar/2023:06:17:33 +0000] "GET /images/dragon-trans.png HTTP/1.1" 304 - "http://wadokikai.org/resources" "Mozilla/5.0 (Macintosh; Intel Mac OS X 10_15_6) AppleWebKit/605.1.15 (KHTML, like Gecko) Version/15.6,2 Safari/605.1.15"
::ffff:73.15.239.199 - - [24/Mar/2023:06:17:40 +0000] "GET /images/dragon-trans.png HTTP/1.1" 304 - "http://wadokikai.org/resources" "Mozilla/5.0 (Macintosh; Intel Mac OS X 10_15_6) AppleWebKit/605.1.15 (KHTML, like Gecko) Version/15.6,2 Safari/605.1.15"
::ffff:73.15.239.199 - - [24/Mar/2023:06:18:10 +0000] "GET /images/dragon-trans.png HTTP/1.1" 304 - "http://wadokikai.org/resources" "Mozilla/5.0 (Macintosh; Intel Mac OS X 10_15_6) AppleWebKit/605.1.15 (KHTML, like Gecko) Version/15.6,2 Safari/605.1.15"
::ffff:35.187.98.121 - - [24/Mar/2023:06:18:14 +0000] "GET / HTTP/1.1" 200 58146 "-" "python-requests/2.28.2"
::ffff:114.119.158.133 - - [24/Mar/2023:06:20:35 +0000] "GET /contact?s=1&ss=3 HTTP/1.1" 200 9997 "http://34.212.47.6/schools" "Mozilla/5.0 (Linux; Android 7.0;) AppleWebKit/537.36 (KHTML, like Gecko) Mobile Safari/537.36 (compatible; PetalBot;+https://webmaster.petalsearch.com/site/petalbot)"
::ffff:147.182.154.58 - - [24/Mar/2023:06:24:17 +0000] "GET /aaa9 HTTP/1.1" 404 143 "-" "Mozilla/5.0 zgrab/0.x"
::ffff:147.182.154.58 - - [24/Mar/2023:06:24:18 +0000] "GET /aab8 HTTP/1.1" 404 143 "-" "Mozilla/5.0 zgrab/0.x"
::ffff:147.182.154.58 - - [24/Mar/2023:06:24:18 +0000] "GET / HTTP/1.1" 200 58146 "-" "Mozilla/5.0 zgrab/0.x"
::ffff:54.36.149.70 - - [24/Mar/2023:06:26:52 +0000] "GET /robots.txt HTTP/1.1" 404 149 "-" "Mozilla/5.0 (compatible; AhrefsBot/7.0; +http://ahrefs.com/robot/)"
::ffff:51.222.253.11 - - [24/Mar/2023:06:26:53 +0000] "GET / HTTP/1.1" 200 58146 "-" "Mozilla/5.0 (compatible; AhrefsBot/7.0; +http://ahrefs.com/robot/)"
::ffff:52.35.161.215 - - [24/Mar/2023:06:33:46 +0000] "GET /.git/HEAD HTTP/1.1" 404 148 "-" "Python-urllib/3.9"
::ffff:43.155.118.219 - - [24/Mar/2023:06:33:58 +0000] "HEAD /Core/Skin/Login.aspx HTTP/1.1" 404 160 "-" "Mozilla/5.0 (Windows NT 10.0; Win64; x64) AppleWebKit/537.36 (KHTML, like Gecko) Chrome/106.0.0.0 Safari/537.36"
::ffff:114.107.225.150 - - [24/Mar/2023:06:34:09 +0000] "GET / HTTP/1.1" 200 58146 "-" "Mozilla/5.0 (iPhone; CPU iPhone OS 13_2_3 like Mac OS X) AppleWebKit/605.1.15 (KHTML, like Gecko) Version/13.0.3 Mobile/15E148 Safari/604.1"
::ffff:73.15.239.199 - - [24/Mar/2023:06:37:28 +0000] "GET /images/dragon-trans.png HTTP/1.1" 304 - "http://wadokikai.org/resources" "Mozilla/5.0 (Macintosh; Intel Mac OS X 10_15_6) AppleWebKit/605.1.15 (KHTML, like Gecko) Version/15.6,2 Safari/605.1.15"
::ffff:73.15.239.199 - - [24/Mar/2023:06:41:29 +0000] "GET /images/tiger.bmp HTTP/1.1" 304 - "http://wadokikai.org/resources" "Mozilla/5.0 (Macintosh; Intel Mac OS X 10_15_6) AppleWebKit/605.1.15 (KHTML, like Gecko) Version/15.6,2 Safari/605.1.15"
::ffff:73.15.239.199 - - [24/Mar/2023:06:42:35 +0000] "GET /images/dragon-trans.png HTTP/1.1" 304 - "http://wadokikai.org/resources" "Mozilla/5.0 (Macintosh; Intel Mac OS X 10_15_6) AppleWebKit/605.1.15 (KHTML, like Gecko) Version/15.6,2 Safari/605.1.15"
::ffff:157.90.181.207 - - [24/Mar/2023:06:43:45 +0000] "GET /robots.txt HTTP/1.1" 404 149 "-" "Mozilla/5.0 (compatible; BLEXBot/1.0; +http://webmeup-crawler.com/)"
::ffff:157.90.181.207 - - [24/Mar/2023:06:43:48 +0000] "GET /sitemap HTTP/1.1" 404 146 "-" "Mozilla/5.0 (compatible; BLEXBot/1.0; +http://webmeup-crawler.com/)"
::ffff:157.90.181.207 - - [24/Mar/2023:06:43:58 +0000] "GET /sitemap.txt HTTP/1.1" 404 150 "-" "Mozilla/5.0 (compatible; BLEXBot/1.0; +http://webmeup-crawler.com/)"
::ffff:73.15.239.199 - - [24/Mar/2023:06:46:48 +0000] "GET /images/tiger.bmp HTTP/1.1" 304 - "http://wadokikai.org/resources" "Mozilla/5.0 (Macintosh; Intel Mac OS X 10_15_6) AppleWebKit/605.1.15 (KHTML, like Gecko) Version/15.6,2 Safari/605.1.15"
::ffff:67.188.16.184 - - [24/Mar/2023:06:47:04 +0000] "GET /images/dragon-trans.png HTTP/1.1" 304 - "http://wadokikai.org/resources" "Mozilla/5.0 (Macintosh; Intel Mac OS X 10_15_7) AppleWebKit/605.1.15 (KHTML, like Gecko) Version/15.4 Safari/605.1.15"
::ffff:73.15.239.199 - - [24/Mar/2023:06:49:21 +0000] "GET /images/tiger.bmp HTTP/1.1" 304 - "http://wadokikai.org/resources" "Mozilla/5.0 (Macintosh; Intel Mac OS X 10_15_6) AppleWebKit/605.1.15 (KHTML, like Gecko) Version/15.6,2 Safari/605.1.15"
::ffff:73.15.239.199 - - [24/Mar/2023:06:49:45 +0000] "GET /images/tiger.bmp HTTP/1.1" 304 - "http://wadokikai.org/resources" "Mozilla/5.0 (Macintosh; Intel Mac OS X 10_15_6) AppleWebKit/605.1.15 (KHTML, like Gecko) Version/15.6,2 Safari/605.1.15"
::ffff:73.15.239.199 - - [24/Mar/2023:06:52:12 +0000] "GET /images/dragon-trans.png HTTP/1.1" 304 - "http://wadokikai.org/resources" "Mozilla/5.0 (Macintosh; Intel Mac OS X 10_15_6) AppleWebKit/605.1.15 (KHTML, like Gecko) Version/15.6,2 Safari/605.1.15"
::ffff:185.254.196.173 - - [24/Mar/2023:06:54:07 +0000] "GET /.env HTTP/1.1" 404 143 "-" "Mozilla/5.0 (X11; Linux x86_64) AppleWebKit/537.36 (KHTML, like Gecko) Chrome/81.0.4044.129 Safari/537.36"
::ffff:185.254.196.173 - - [24/Mar/2023:06:54:07 +0000] "POST / HTTP/1.1" 404 140 "-" "Mozilla/5.0 (X11; Linux x86_64) AppleWebKit/537.36 (KHTML, like Gecko) Chrome/81.0.4044.129 Safari/537.36"
::ffff:163.47.174.114 - - [24/Mar/2023:07:05:51 +0000] "GET / HTTP/1.1" 200 58146 "-" "Mozilla/5.0 (Windows NT 6.1; WOW64) AppleWebKit/537.36 (KHTML, like Gecko) Chrome/51.0.2704.103 Safari/537.36"
::ffff:135.125.246.189 - - [24/Mar/2023:07:08:58 +0000] "GET /.env HTTP/1.1" 404 143 "-" "Mozilla/5.0 (X11; Linux x86_64) AppleWebKit/537.36 (KHTML, like Gecko) Chrome/81.0.4044.129 Safari/537.36"
::ffff:135.125.246.189 - - [24/Mar/2023:07:08:58 +0000] "POST / HTTP/1.1" 404 140 "-" "Mozilla/5.0 (X11; Linux x86_64) AppleWebKit/537.36 (KHTML, like Gecko) Chrome/81.0.4044.129 Safari/537.36"
::ffff:74.207.245.149 - - [24/Mar/2023:07:09:19 +0000] "GET /users/sign_in HTTP/1.1" 404 152 "-" "-"
::ffff:45.128.232.149 - - [24/Mar/2023:07:09:53 +0000] "POST /boaform/admin/formLogin HTTP/1.1" 404 163 "http://34.212.47.6:80/admin/login.asp" "Mozilla/5.0 (X11; Ubuntu; Linux x86_64; rv:71.0) Gecko/20100101 Firefox/71.0"
::ffff:67.188.16.184 - - [24/Mar/2023:07:27:38 +0000] "GET /images/dragon-trans.png HTTP/1.1" 304 - "http://wadokikai.org/resources" "Mozilla/5.0 (Macintosh; Intel Mac OS X 10_15_7) AppleWebKit/605.1.15 (KHTML, like Gecko) Version/15.4 Safari/605.1.15"
::ffff:159.223.48.161 - - [24/Mar/2023:07:31:58 +0000] "GET /users/sign_in HTTP/1.1" 404 152 "-" "-"
::ffff:176.58.111.227 - - [24/Mar/2023:07:38:57 +0000] "GET / HTTP/1.1" 200 58146 "-" "Mozilla/5.0 (Windows NT 6.1; WOW64; rv:8.0) Gecko/20100101 Firefox/8.0"
::ffff:167.94.138.49 - - [24/Mar/2023:07:39:58 +0000] "GET / HTTP/1.1" 200 58146 "-" "-"
::ffff:167.94.138.49 - - [24/Mar/2023:07:39:59 +0000] "GET / HTTP/1.1" 200 58146 "-" "Mozilla/5.0 (compatible; CensysInspect/1.1; +https://about.censys.io/)"
::ffff:167.94.138.49 - - [24/Mar/2023:07:39:59 +0000] "PRI * HTTP/2.0" - - "-" "-"
::ffff:167.94.138.49 - - [24/Mar/2023:07:39:59 +0000] "GET /images/favicon.ico HTTP/1.1" 200 3638 "-" "Mozilla/5.0 (compatible; CensysInspect/1.1; +https://about.censys.io/)"
::ffff:167.94.138.49 - - [24/Mar/2023:07:39:59 +0000] "GET /favicon.ico HTTP/1.1" 404 150 "-" "Mozilla/5.0 (compatible; CensysInspect/1.1; +https://about.censys.io/)"
::ffff:103.89.14.172 - - [24/Mar/2023:07:51:57 +0000] "GET /.env HTTP/1.1" 404 143 "-" "Mozilla/5.0 (X11; Linux x86_64) AppleWebKit/537.36 (KHTML, like Gecko) Chrome/81.0.4044.129 Safari/537.36"
::ffff:103.89.14.172 - - [24/Mar/2023:07:51:57 +0000] "POST / HTTP/1.1" 404 140 "-" "Mozilla/5.0 (X11; Linux x86_64) AppleWebKit/537.36 (KHTML, like Gecko) Chrome/81.0.4044.129 Safari/537.36"
::ffff:103.89.14.172 - - [24/Mar/2023:07:51:57 +0000] "GET /sendgrid/.env HTTP/1.1" 404 152 "-" "Mozilla/5.0 (X11; Linux x86_64) AppleWebKit/537.36 (KHTML, like Gecko) Chrome/81.0.4044.129 Safari/537.36"
::ffff:103.89.14.172 - - [24/Mar/2023:07:51:57 +0000] "POST / HTTP/1.1" 404 140 "-" "Mozilla/5.0 (X11; Linux x86_64) AppleWebKit/537.36 (KHTML, like Gecko) Chrome/81.0.4044.129 Safari/537.36"
::ffff:43.155.118.219 - - [24/Mar/2023:07:52:50 +0000] "HEAD /Core/Skin/Login.aspx HTTP/1.1" 404 160 "-" "Mozilla/5.0 (Windows NT 10.0; Win64; x64) AppleWebKit/537.36 (KHTML, like Gecko) Chrome/106.0.0.0 Safari/537.36"
::ffff:172.104.11.46 - - [24/Mar/2023:08:02:23 +0000] "GET / HTTP/1.1" 200 58146 "-" "Mozilla/5.0 (Macintosh; Intel Mac OS X 13_1) AppleWebKit/537.36 (KHTML, like Gecko) Chrome/108.0.0.0 Safari/537.36"
::ffff:45.55.192.193 - - [24/Mar/2023:08:09:27 +0000] "GET / HTTP/1.1" 200 58146 "-" "Mozilla/5.0 (X11; Linux x86_64; rv:73.0) Gecko/20100101 Firefox/73.0"
::ffff:45.55.192.193 - - [24/Mar/2023:08:09:27 +0000] "GET /images/favicon.ico HTTP/1.1" 200 3638 "https://34.212.47.6/" "Mozilla/5.0 (X11; Linux x86_64; rv:73.0) Gecko/20100101 Firefox/73.0"
::ffff:185.254.196.173 - - [24/Mar/2023:08:11:02 +0000] "GET /.env HTTP/1.1" 404 143 "-" "Mozilla/5.0 (X11; Linux x86_64) AppleWebKit/537.36 (KHTML, like Gecko) Chrome/81.0.4044.129 Safari/537.36"
::ffff:185.254.196.173 - - [24/Mar/2023:08:11:04 +0000] "POST / HTTP/1.1" 404 140 "-" "Mozilla/5.0 (X11; Linux x86_64) AppleWebKit/537.36 (KHTML, like Gecko) Chrome/81.0.4044.129 Safari/537.36"
::ffff:193.118.53.210 - - [24/Mar/2023:08:16:44 +0000] "GET / HTTP/1.1" 200 58146 "-" "Mozilla/5.0 (Windows NT 10.0; Win64; x64) AppleWebKit/537.36 (KHTML, like Gecko) Chrome/60.0.3112.113 Safari/537.36"
::ffff:193.118.53.210 - - [24/Mar/2023:08:16:51 +0000] "GET /showLogin.cc HTTP/1.1" 404 151 "-" "Mozilla/5.0 (Windows NT 10.0; Win64; x64) AppleWebKit/537.36 (KHTML, like Gecko) Chrome/60.0.3112.113 Safari/537.36"
::ffff:135.125.218.67 - - [24/Mar/2023:08:19:56 +0000] "GET /.env HTTP/1.1" 404 143 "-" "Mozilla/5.0 (X11; Linux x86_64) AppleWebKit/537.36 (KHTML, like Gecko) Chrome/81.0.4044.129 Safari/537.36"
::ffff:135.125.218.67 - - [24/Mar/2023:08:19:56 +0000] "POST / HTTP/1.1" 404 140 "-" "Mozilla/5.0 (X11; Linux x86_64) AppleWebKit/537.36 (KHTML, like Gecko) Chrome/81.0.4044.129 Safari/537.36"
::ffff:107.170.251.21 - - [24/Mar/2023:08:21:32 +0000] "GET / HTTP/1.1" 200 58146 "-" "Mozilla/5.0 zgrab/0.x"
::ffff:193.32.162.159 - - [24/Mar/2023:08:28:03 +0000] "GET / HTTP/1.1" 200 58146 "-" "Mozilla/5.0 (Windows NT 10.0; Win64; x64) AppleWebKit/537.36 (KHTML, like Gecko) Chrome/90.0.4430.85 Safari/537.36 Edg/90.0.818.46"
::ffff:193.32.162.159 - - [24/Mar/2023:08:28:09 +0000] "GET /dispatch.asp HTTP/1.1" 404 151 "-" "Mozilla/5.0 (Windows NT 10.0; Win64; x64) AppleWebKit/537.36 (KHTML, like Gecko) Chrome/90.0.4430.85 Safari/537.36 Edg/90.0.818.46"
::ffff:134.122.184.29 - - [24/Mar/2023:08:31:46 +0000] "GET /details/323720.html HTTP/1.1" 404 158 "/details/323720.html" "Mozilla/5.0 (iPhone; CPU iPhone OS 13_2_3 like Mac OS X) AppleWebKit/605.1.15 (KHTML, like Gecko) Version/13.0.3 Mobile/15E148 Safari/604.1"
::ffff:152.89.196.54 - - [24/Mar/2023:08:35:57 +0000] "GET / HTTP/1.1" 200 58146 "-" "Mozilla/5.0 (Windows NT 10.0; Win64; x64) AppleWebKit/537.36 (KHTML, like Gecko) Chrome/78.0.3904.108 Safari/537.36"
::ffff:170.64.166.144 - - [24/Mar/2023:08:38:26 +0000] "GET /aaa9 HTTP/1.1" 404 143 "-" "Mozilla/5.0 zgrab/0.x"
::ffff:170.64.166.144 - - [24/Mar/2023:08:38:31 +0000] "GET /aab8 HTTP/1.1" 404 143 "-" "Mozilla/5.0 zgrab/0.x"
::ffff:170.64.166.144 - - [24/Mar/2023:08:38:37 +0000] "GET / HTTP/1.1" 200 58146 "-" "Mozilla/5.0 zgrab/0.x"
::ffff:152.89.196.54 - - [24/Mar/2023:08:50:50 +0000] "POST /vendor/phpunit/phpunit/src/Util/PHP/eval-stdin.php HTTP/1.1" 404 190 "-" "Mozilla/5.0 (Windows NT 10.0; Win64; x64) AppleWebKit/537.36 (KHTML, like Gecko) Chrome/78.0.3904.108 Safari/537.36"
::ffff:152.89.196.54 - - [24/Mar/2023:08:52:04 +0000] "GET /vendor/phpunit/phpunit/src/Util/PHP/eval-stdin.php HTTP/1.1" 404 189 "-" "Mozilla/5.0 (Windows NT 10.0; Win64; x64) AppleWebKit/537.36 (KHTML, like Gecko) Chrome/78.0.3904.108 Safari/537.36"
::ffff:135.125.246.189 - - [24/Mar/2023:09:02:00 +0000] "GET /.env HTTP/1.1" 404 143 "-" "Mozilla/5.0 (X11; Linux x86_64) AppleWebKit/537.36 (KHTML, like Gecko) Chrome/81.0.4044.129 Safari/537.36"
::ffff:135.125.246.189 - - [24/Mar/2023:09:02:00 +0000] "POST / HTTP/1.1" 404 140 "-" "Mozilla/5.0 (X11; Linux x86_64) AppleWebKit/537.36 (KHTML, like Gecko) Chrome/81.0.4044.129 Safari/537.36"
::ffff:43.155.118.219 - - [24/Mar/2023:09:11:40 +0000] "HEAD /Core/Skin/Login.aspx HTTP/1.1" 404 160 "-" "Mozilla/5.0 (Windows NT 10.0; Win64; x64) AppleWebKit/537.36 (KHTML, like Gecko) Chrome/106.0.0.0 Safari/537.36"
::ffff:40.77.167.83 - - [24/Mar/2023:09:16:59 +0000] "GET / HTTP/1.1" 200 58146 "-" "Mozilla/5.0 AppleWebKit/537.36 (KHTML, like Gecko; compatible; bingbot/2.0; +http://www.bing.com/bingbot.htm) Chrome/103.0.5060.134 Safari/537.36"
::ffff:152.89.196.54 - - [24/Mar/2023:09:21:47 +0000] "GET /index.php?s=/Index/\think\app/invokefunction&function=call_user_func_array&vars[0]=md5&vars[1][]=HelloThinkPHP21 HTTP/1.1" 404 148 "-" "Mozilla/5.0 (Windows NT 10.0; Win64; x64) AppleWebKit/537.36 (KHTML, like Gecko) Chrome/78.0.3904.108 Safari/537.36"
::ffff:139.144.119.138 - - [24/Mar/2023:09:21:48 +0000] "GET /.env HTTP/1.1" 404 143 "-" "Mozilla/5.0 (Linux; U; Android 4.4.2; en-US; HM NOTE 1W Build/KOT49H) AppleWebKit/534.30 (KHTML, like Gecko) Version/4.0 UCBrowser/11.0.5.850 U3/0.8.0 Mobile Safari/534.30"
::ffff:139.144.119.138 - - [24/Mar/2023:09:21:49 +0000] "POST / HTTP/1.1" 404 140 "-" "Mozilla/5.0 (Linux; U; Android 4.4.2; en-US; HM NOTE 1W Build/KOT49H) AppleWebKit/534.30 (KHTML, like Gecko) Version/4.0 UCBrowser/11.0.5.850 U3/0.8.0 Mobile Safari/534.30"
::ffff:139.144.119.138 - - [24/Mar/2023:09:21:50 +0000] "GET /.env HTTP/1.1" 404 143 "-" "Mozilla/5.0 (Linux; U; Android 4.4.2; en-US; HM NOTE 1W Build/KOT49H) AppleWebKit/534.30 (KHTML, like Gecko) Version/4.0 UCBrowser/11.0.5.850 U3/0.8.0 Mobile Safari/534.30"
::ffff:139.144.119.138 - - [24/Mar/2023:09:21:50 +0000] "POST / HTTP/1.1" 404 140 "-" "Mozilla/5.0 (Linux; U; Android 4.4.2; en-US; HM NOTE 1W Build/KOT49H) AppleWebKit/534.30 (KHTML, like Gecko) Version/4.0 UCBrowser/11.0.5.850 U3/0.8.0 Mobile Safari/534.30"
::ffff:194.38.23.179 - - [24/Mar/2023:09:37:33 +0000] "GET /server/php/index.php?file=tf2rghf.jpg HTTP/1.1" 404 159 "-" "ALittle Client"
::ffff:114.119.155.96 - - [24/Mar/2023:09:44:37 +0000] "GET /robots.txt HTTP/1.1" 404 149 "-" "Mozilla/5.0 (compatible;PetalBot;+https://webmaster.petalsearch.com/site/petalbot)"
::ffff:167.172.224.104 - - [24/Mar/2023:09:57:02 +0000] "HEAD / HTTP/1.1" 200 58146 "-" "python-requests/2.22.0"
::ffff:167.172.224.104 - - [24/Mar/2023:09:57:03 +0000] "GET /_profiler/phpinfo HTTP/1.1" 404 156 "-" "Mozilla/5.0 (X11 Linux x86_64) AppleWebKit/537.36 (KHTML, like Gecko) Chrome/81.0.4044.129 Safari/537.36"
::ffff:167.172.224.104 - - [24/Mar/2023:09:57:04 +0000] "GET /.flaskenv HTTP/1.1" 404 148 "-" "Mozilla/5.0 (X11 Linux x86_64) AppleWebKit/537.36 (KHTML, like Gecko) Chrome/81.0.4044.129 Safari/537.36"
::ffff:167.172.224.104 - - [24/Mar/2023:09:57:06 +0000] "GET //config/config.js HTTP/1.1" 404 156 "-" "Mozilla/5.0 (X11 Linux x86_64) AppleWebKit/537.36 (KHTML, like Gecko) Chrome/81.0.4044.129 Safari/537.36"
::ffff:167.172.224.104 - - [24/Mar/2023:09:57:07 +0000] "GET /config/config.json HTTP/1.1" 404 157 "-" "Mozilla/5.0 (X11 Linux x86_64) AppleWebKit/537.36 (KHTML, like Gecko) Chrome/81.0.4044.129 Safari/537.36"
::ffff:167.172.224.104 - - [24/Mar/2023:09:57:08 +0000] "GET /config.inc.php HTTP/1.1" 404 153 "-" "Mozilla/5.0 (X11 Linux x86_64) AppleWebKit/537.36 (KHTML, like Gecko) Chrome/81.0.4044.129 Safari/537.36"
::ffff:114.119.155.144 - - [24/Mar/2023:09:58:30 +0000] "GET /robots.txt HTTP/1.1" 404 149 "-" "Mozilla/5.0 (compatible;PetalBot;+https://webmaster.petalsearch.com/site/petalbot)"
::ffff:152.89.196.54 - - [24/Mar/2023:10:01:02 +0000] "GET /?XDEBUG_SESSION_START=phpstorm HTTP/1.1" 200 58146 "-" "Mozilla/5.0 (Windows NT 10.0; Win64; x64) AppleWebKit/537.36 (KHTML, like Gecko) Chrome/78.0.3904.108 Safari/537.36"
::ffff:162.243.145.13 - - [24/Mar/2023:10:02:58 +0000] "GET /owa/auth/logon.aspx HTTP/1.1" 404 158 "-" "Mozilla/5.0 zgrab/0.x"
::ffff:109.206.243.235 - - [24/Mar/2023:10:03:19 +0000] "GET /.env HTTP/1.1" 404 143 "-" "Mozilla/5.0 (Linux; U; Android 4.4.2; en-US; HM NOTE 1W Build/KOT49H) AppleWebKit/534.30 (KHTML, like Gecko) Version/4.0 UCBrowser/11.0.5.850 U3/0.8.0 Mobile Safari/534.30"
::ffff:109.206.243.235 - - [24/Mar/2023:10:03:19 +0000] "POST / HTTP/1.1" 404 140 "-" "Mozilla/5.0 (Linux; U; Android 4.4.2; en-US; HM NOTE 1W Build/KOT49H) AppleWebKit/534.30 (KHTML, like Gecko) Version/4.0 UCBrowser/11.0.5.850 U3/0.8.0 Mobile Safari/534.30"
::ffff:192.241.200.29 - - [24/Mar/2023:10:08:16 +0000] "GET /owa/auth/x.js HTTP/1.1" 404 152 "-" "Mozilla/5.0 zgrab/0.x"
::ffff:152.89.196.54 - - [24/Mar/2023:10:13:10 +0000] "POST /mifs/.;/services/LogService HTTP/1.1" 404 167 "https://34.212.47.6:443" "Mozilla/5.0 (Windows NT 10.0; Win64; x64) AppleWebKit/537.36 (KHTML, like Gecko) Chrome/78.0.3904.108 Safari/537.36"
::ffff:161.35.233.14 - - [24/Mar/2023:10:14:24 +0000] "GET /explore HTTP/1.1" 404 146 "-" "Mozilla/5.0 (Linux; U; Android 7.0; en-US; PRA-LX1 Build/HUAWEIPRA-LX1) AppleWebKit/537.36 (KHTML, like Gecko) Version/4.0 Chrome/57.0.2987.108 UCBrowser/12.13.0.1207 Mobile Safari/537.36"
::ffff:167.248.133.184 - - [24/Mar/2023:10:17:50 +0000] "GET / HTTP/1.1" 200 58146 "-" "-"
::ffff:167.248.133.184 - - [24/Mar/2023:10:17:50 +0000] "GET / HTTP/1.1" 200 58146 "-" "Mozilla/5.0 (compatible; CensysInspect/1.1; +https://about.censys.io/)"
::ffff:167.248.133.184 - - [24/Mar/2023:10:17:50 +0000] "PRI * HTTP/2.0" - - "-" "-"
::ffff:167.248.133.184 - - [24/Mar/2023:10:17:51 +0000] "GET /images/favicon.ico HTTP/1.1" 200 3638 "-" "Mozilla/5.0 (compatible; CensysInspect/1.1; +https://about.censys.io/)"
::ffff:167.248.133.184 - - [24/Mar/2023:10:17:51 +0000] "GET /favicon.ico HTTP/1.1" 404 150 "-" "Mozilla/5.0 (compatible; CensysInspect/1.1; +https://about.censys.io/)"
::ffff:205.210.31.42 - - [24/Mar/2023:10:25:10 +0000] "GET / HTTP/1.1" 200 58146 "-" "Expanse, a Palo Alto Networks company, searches across the global IPv4 space multiple times per day to identify customers&#39; presences on the Internet. If you would like to be excluded from our scans, please send IP addresses/domains to: scaninfo@paloaltonetworks.com"
::ffff:152.89.196.54 - - [24/Mar/2023:10:28:24 +0000] "GET /console/ HTTP/1.1" 404 147 "-" "Mozilla/5.0 (Windows NT 10.0; Win64; x64) AppleWebKit/537.36 (KHTML, like Gecko) Chrome/78.0.3904.108 Safari/537.36"
::ffff:193.32.162.159 - - [24/Mar/2023:10:30:25 +0000] "GET / HTTP/1.1" 200 58146 "-" "Mozilla/5.0 (Windows NT 10.0; Win64; x64) AppleWebKit/537.36 (KHTML, like Gecko) Chrome/90.0.4430.85 Safari/537.36 Edg/90.0.818.46"
::ffff:193.32.162.159 - - [24/Mar/2023:10:30:30 +0000] "GET /dispatch.asp HTTP/1.1" 404 151 "-" "Mozilla/5.0 (Windows NT 10.0; Win64; x64) AppleWebKit/537.36 (KHTML, like Gecko) Chrome/90.0.4430.85 Safari/537.36 Edg/90.0.818.46"
::ffff:43.155.118.219 - - [24/Mar/2023:10:30:37 +0000] "HEAD /Core/Skin/Login.aspx HTTP/1.1" 404 160 "-" "Mozilla/5.0 (Windows NT 10.0; Win64; x64) AppleWebKit/537.36 (KHTML, like Gecko) Chrome/106.0.0.0 Safari/537.36"
::ffff:135.125.246.189 - - [24/Mar/2023:10:30:38 +0000] "GET /.env HTTP/1.1" 404 143 "-" "Mozilla/5.0 (X11; Linux x86_64) AppleWebKit/537.36 (KHTML, like Gecko) Chrome/81.0.4044.129 Safari/537.36"
::ffff:135.125.246.189 - - [24/Mar/2023:10:30:38 +0000] "POST / HTTP/1.1" 404 140 "-" "Mozilla/5.0 (X11; Linux x86_64) AppleWebKit/537.36 (KHTML, like Gecko) Chrome/81.0.4044.129 Safari/537.36"
::ffff:45.56.108.128 - - [24/Mar/2023:10:31:40 +0000] "GET /systembc/password.php HTTP/1.0" 404 160 "-" "Mozilla/5.0 (Macintosh; Intel Mac OS X 10_15_7) AppleWebKit/537.36 (KHTML, like Gecko) Chrome/107.0.0.0 Safari/537.36"
::ffff:152.89.196.54 - - [24/Mar/2023:10:40:30 +0000] "POST /Autodiscover/Autodiscover.xml HTTP/1.1" 404 169 "-" "Mozilla/5.0 (Windows NT 10.0; Win64; x64) AppleWebKit/537.36 (KHTML, like Gecko) Chrome/78.0.3904.108 Safari/537.36"
::ffff:114.119.142.197 - - [24/Mar/2023:10:52:33 +0000] "GET /robots.txt HTTP/1.1" 404 149 "-" "Mozilla/5.0 (compatible;PetalBot;+https://webmaster.petalsearch.com/site/petalbot)"
::ffff:152.89.196.54 - - [24/Mar/2023:10:55:57 +0000] "GET /_ignition/execute-solution HTTP/1.1" 404 165 "-" "Mozilla/5.0 (Windows NT 10.0; Win64; x64) AppleWebKit/537.36 (KHTML, like Gecko) Chrome/78.0.3904.108 Safari/537.36"
::ffff:152.89.196.54 - - [24/Mar/2023:11:37:40 +0000] "GET / HTTP/1.1" 200 58146 "-" "Mozilla/5.0 (Windows NT 10.0; Win64; x64) AppleWebKit/537.36 (KHTML, like Gecko) Chrome/78.0.3904.108 Safari/537.36"
::ffff:43.155.118.219 - - [24/Mar/2023:11:49:40 +0000] "HEAD /Core/Skin/Login.aspx HTTP/1.1" 404 160 "-" "Mozilla/5.0 (Windows NT 10.0; Win64; x64) AppleWebKit/537.36 (KHTML, like Gecko) Chrome/106.0.0.0 Safari/537.36"
::ffff:135.125.218.67 - - [24/Mar/2023:12:02:40 +0000] "GET /.env HTTP/1.1" 404 143 "-" "Mozilla/5.0 (X11; Linux x86_64) AppleWebKit/537.36 (KHTML, like Gecko) Chrome/81.0.4044.129 Safari/537.36"
::ffff:135.125.218.67 - - [24/Mar/2023:12:02:41 +0000] "POST / HTTP/1.1" 404 140 "-" "Mozilla/5.0 (X11; Linux x86_64) AppleWebKit/537.36 (KHTML, like Gecko) Chrome/81.0.4044.129 Safari/537.36"
::ffff:135.125.246.189 - - [24/Mar/2023:12:09:08 +0000] "GET /.env HTTP/1.1" 404 143 "-" "Mozilla/5.0 (X11; Linux x86_64) AppleWebKit/537.36 (KHTML, like Gecko) Chrome/81.0.4044.129 Safari/537.36"
::ffff:135.125.246.189 - - [24/Mar/2023:12:09:08 +0000] "POST / HTTP/1.1" 404 140 "-" "Mozilla/5.0 (X11; Linux x86_64) AppleWebKit/537.36 (KHTML, like Gecko) Chrome/81.0.4044.129 Safari/537.36"
::ffff:152.89.196.54 - - [24/Mar/2023:12:20:01 +0000] "GET / HTTP/1.1" 200 58146 "-" "Mozilla/5.0 (Windows NT 10.0; Win64; x64) AppleWebKit/537.36 (KHTML, like Gecko) Chrome/78.0.3904.108 Safari/537.36"
::ffff:193.32.162.159 - - [24/Mar/2023:12:23:58 +0000] "GET / HTTP/1.1" 200 58146 "-" "Mozilla/5.0 (Windows NT 10.0; Win64; x64) AppleWebKit/537.36 (KHTML, like Gecko) Chrome/90.0.4430.85 Safari/537.36 Edg/90.0.818.46"
::ffff:193.32.162.159 - - [24/Mar/2023:12:24:03 +0000] "GET /dispatch.asp HTTP/1.1" 404 151 "-" "Mozilla/5.0 (Windows NT 10.0; Win64; x64) AppleWebKit/537.36 (KHTML, like Gecko) Chrome/90.0.4430.85 Safari/537.36 Edg/90.0.818.46"
::ffff:152.89.196.54 - - [24/Mar/2023:12:32:31 +0000] "POST /cgi-bin/.%2e/.%2e/.%2e/.%2e/bin/sh HTTP/1.1" 404 174 "-" "Mozilla/5.0 (Windows NT 10.0; Win64; x64) AppleWebKit/537.36 (KHTML, like Gecko) Chrome/78.0.3904.108 Safari/537.36"
::ffff:135.125.218.67 - - [24/Mar/2023:12:38:38 +0000] "GET /.env HTTP/1.1" 404 143 "-" "Mozilla/5.0 (X11; Linux x86_64) AppleWebKit/537.36 (KHTML, like Gecko) Chrome/81.0.4044.129 Safari/537.36"
::ffff:135.125.218.67 - - [24/Mar/2023:12:38:39 +0000] "POST / HTTP/1.1" 404 140 "-" "Mozilla/5.0 (X11; Linux x86_64) AppleWebKit/537.36 (KHTML, like Gecko) Chrome/81.0.4044.129 Safari/537.36"
::ffff:84.232.112.58 - - [24/Mar/2023:12:53:43 +0000] "GET / HTTP/1.1" 200 58146 "-" "Mozilla/5.0 (Windows NT 6.1; WOW64) AppleWebKit/537.36 (KHTML, like Gecko) Chrome/52.0.2743.116 Safari/537.36"
::ffff:66.249.79.184 - - [24/Mar/2023:13:09:07 +0000] "GET /robots.txt HTTP/1.1" 404 149 "-" "Mozilla/5.0 (compatible; Googlebot/2.1; +http://www.google.com/bot.html)"
::ffff:43.155.118.219 - - [24/Mar/2023:13:09:10 +0000] "HEAD /Core/Skin/Login.aspx HTTP/1.1" 404 160 "-" "Mozilla/5.0 (Windows NT 10.0; Win64; x64) AppleWebKit/537.36 (KHTML, like Gecko) Chrome/106.0.0.0 Safari/537.36"
::ffff:152.89.196.54 - - [24/Mar/2023:13:17:38 +0000] "GET / HTTP/1.1" 200 58146 "-" "Mozilla/5.0 (Windows NT 10.0; Win64; x64) AppleWebKit/537.36 (KHTML, like Gecko) Chrome/78.0.3904.108 Safari/537.36"
::ffff:135.125.246.189 - - [24/Mar/2023:13:32:01 +0000] "GET /.env HTTP/1.1" 404 143 "-" "Mozilla/5.0 (X11; Linux x86_64) AppleWebKit/537.36 (KHTML, like Gecko) Chrome/81.0.4044.129 Safari/537.36"
::ffff:135.125.246.189 - - [24/Mar/2023:13:32:01 +0000] "POST / HTTP/1.1" 404 140 "-" "Mozilla/5.0 (X11; Linux x86_64) AppleWebKit/537.36 (KHTML, like Gecko) Chrome/81.0.4044.129 Safari/537.36"
::ffff:100.20.101.152 - - [24/Mar/2023:13:47:15 +0000] "GET / HTTP/1.1" 200 58146 "-" "go-resty/2.7.0 (https://github.com/go-resty/resty)"
::ffff:114.119.133.224 - - [24/Mar/2023:13:53:33 +0000] "GET /contact?s=1&ss=0 HTTP/1.1" 200 9997 "https://wadokikai.org/" "Mozilla/5.0 (Linux; Android 7.0;) AppleWebKit/537.36 (KHTML, like Gecko) Mobile Safari/537.36 (compatible; PetalBot;+https://webmaster.petalsearch.com/site/petalbot)"
::ffff:193.32.162.159 - - [24/Mar/2023:13:56:47 +0000] "GET / HTTP/1.1" 200 58146 "-" "Mozilla/5.0 (Windows NT 10.0; Win64; x64) AppleWebKit/537.36 (KHTML, like Gecko) Chrome/90.0.4430.85 Safari/537.36 Edg/90.0.818.46"
::ffff:193.32.162.159 - - [24/Mar/2023:13:56:53 +0000] "GET /dispatch.asp HTTP/1.1" 404 151 "-" "Mozilla/5.0 (Windows NT 10.0; Win64; x64) AppleWebKit/537.36 (KHTML, like Gecko) Chrome/90.0.4430.85 Safari/537.36 Edg/90.0.818.46"
::ffff:54.202.86.148 - - [24/Mar/2023:14:05:02 +0000] "GET / HTTP/1.1" 200 58146 "-" "Mozilla/5.0 (X11; Linux x86_64) AppleWebKit/537.36 (KHTML, like Gecko) Chrome/83.0.4103.97 Safari/537.36"
::ffff:35.88.114.163 - - [24/Mar/2023:14:05:02 +0000] "GET / HTTP/1.1" 200 58146 "-" "Mozilla/5.0 (X11; Linux x86_64) AppleWebKit/537.36 (KHTML, like Gecko) Chrome/83.0.4103.97 Safari/537.36"
::ffff:35.88.129.128 - - [24/Mar/2023:14:05:49 +0000] "GET / HTTP/1.1" 200 58146 "-" "Mozilla/5.0 (X11; Linux x86_64) AppleWebKit/537.36 (KHTML, like Gecko) Chrome/83.0.4103.97 Safari/537.36"
