::ffff:181.214.218.220 - - [29/May/2023:10:20:45 +0000] "GET /?err=error HTTP/1.0" 200 57946 "http://wadokikai.org/?err=error#signup" "Mozilla/5.0 (Windows NT 6.1; Win64; x64) AppleWebKit/537.36 (KHTML, like Gecko) Chrome/67.0.3396.87 Safari/537.36"
::ffff:51.159.183.87 - - [29/May/2023:10:44:09 +0000] "GET / HTTP/1.1" 200 57394 "-" "Mozilla/5.0 (Windows NT 6.1; Win64; x64) AppleWebKit/537.36 (KHTML, like Gecko) Chrome/106.0.0.0 YaBrowser/22.11.5.715 Yowser/2.5 Safari/537.36"
::ffff:45.79.171.66 - - [29/May/2023:10:47:16 +0000] "GET /service.php?token=1819&action=11 HTTP/1.0" 404 150 "-" "-"
::ffff:52.200.199.140 - - [29/May/2023:10:59:48 +0000] "GET /.hg/hgrc HTTP/1.1" 404 147 "-" "Mozilla/5.0 (Macintosh; Intel Mac OS X 10_11_5) AppleWebKit/537.36 (KHTML, like Gecko) Chrome/51.0.2704.84 Safari/537.36"
::ffff:54.36.148.6 - - [29/May/2023:11:00:43 +0000] "GET /robots.txt HTTP/1.1" 404 149 "-" "Mozilla/5.0 (compatible; AhrefsBot/7.0; +http://ahrefs.com/robot/)"
::ffff:51.222.253.14 - - [29/May/2023:11:00:44 +0000] "GET / HTTP/1.1" 200 57394 "-" "Mozilla/5.0 (compatible; AhrefsBot/7.0; +http://ahrefs.com/robot/)"
::ffff:51.222.253.1 - - [29/May/2023:11:00:46 +0000] "GET /images/schools/martinezkaratedomap.jpg HTTP/1.1" 200 37724 "-" "Mozilla/5.0 (compatible; AhrefsBot/7.0; +http://ahrefs.com/robot/)"
::ffff:51.222.253.5 - - [29/May/2023:11:00:47 +0000] "GET /images/schools/corpuzkaratedomap.jpg HTTP/1.1" 200 36421 "-" "Mozilla/5.0 (compatible; AhrefsBot/7.0; +http://ahrefs.com/robot/)"
::ffff:51.222.253.12 - - [29/May/2023:11:00:47 +0000] "GET /images/schools/nunleykaratedomap.jpg HTTP/1.1" 200 42667 "-" "Mozilla/5.0 (compatible; AhrefsBot/7.0; +http://ahrefs.com/robot/)"
::ffff:51.222.253.14 - - [29/May/2023:11:00:48 +0000] "GET /images/schools/harborbaykaratedomap.jpg HTTP/1.1" 200 37245 "-" "Mozilla/5.0 (compatible; AhrefsBot/7.0; +http://ahrefs.com/robot/)"
::ffff:51.222.253.3 - - [29/May/2023:11:00:49 +0000] "GET /css/wadokikai.css HTTP/1.1" 200 4337 "-" "Mozilla/5.0 (compatible; AhrefsBot/7.0; +http://ahrefs.com/robot/)"
::ffff:51.222.253.4 - - [29/May/2023:11:00:49 +0000] "GET /images/schools/alamedakaratedomap.jpg HTTP/1.1" 200 38311 "-" "Mozilla/5.0 (compatible; AhrefsBot/7.0; +http://ahrefs.com/robot/)"
::ffff:51.222.253.6 - - [29/May/2023:11:00:50 +0000] "GET /images/schools/dcakaratedomap.jpg HTTP/1.1" 200 35262 "-" "Mozilla/5.0 (compatible; AhrefsBot/7.0; +http://ahrefs.com/robot/)"
::ffff:51.222.253.2 - - [29/May/2023:11:00:50 +0000] "GET / HTTP/1.1" 200 57394 "-" "Mozilla/5.0 (compatible; AhrefsBot/7.0; +http://ahrefs.com/robot/)"
::ffff:51.222.253.11 - - [29/May/2023:11:00:51 +0000] "GET /images/schools/orindakaratedomap.jpg HTTP/1.1" 200 34167 "-" "Mozilla/5.0 (compatible; AhrefsBot/7.0; +http://ahrefs.com/robot/)"
::ffff:51.222.253.14 - - [29/May/2023:11:00:51 +0000] "GET /images/wkkpatch22_med.png HTTP/1.1" 200 32301 "-" "Mozilla/5.0 (compatible; AhrefsBot/7.0; +http://ahrefs.com/robot/)"
::ffff:51.222.253.6 - - [29/May/2023:11:00:52 +0000] "GET /images/schools/manzanitakaratedomap.jpg HTTP/1.1" 200 55402 "-" "Mozilla/5.0 (compatible; AhrefsBot/7.0; +http://ahrefs.com/robot/)"
::ffff:51.222.253.12 - - [29/May/2023:11:00:53 +0000] "GET /images/schools/earhartkaratedomap.jpg HTTP/1.1" 200 41366 "-" "Mozilla/5.0 (compatible; AhrefsBot/7.0; +http://ahrefs.com/robot/)"
::ffff:51.222.253.8 - - [29/May/2023:11:00:53 +0000] "GET /js/common.js HTTP/1.1" 200 2255 "-" "Mozilla/5.0 (compatible; AhrefsBot/7.0; +http://ahrefs.com/robot/)"
::ffff:45.79.171.66 - - [29/May/2023:11:15:18 +0000] "GET /service.php?token=1819&action=11 HTTP/1.0" 404 150 "-" "-"
::ffff:43.155.118.219 - - [29/May/2023:11:26:52 +0000] "HEAD /Core/Skin/Login.aspx HTTP/1.1" 404 160 "-" "Mozilla/5.0 (Windows NT 10.0; Win64; x64) AppleWebKit/537.36 (KHTML, like Gecko) Chrome/106.0.0.0 Safari/537.36"
::ffff:167.71.207.218 - - [29/May/2023:11:30:08 +0000] "GET / HTTP/1.1" 200 57394 "-" "Mozilla/5.0 (Windows NT 10.0; Win64; x64) AppleWebKit/537.36 (KHTML, like Gecko) Chrome/108.0.0.0 Safari/537.36"
::ffff:167.71.207.218 - - [29/May/2023:11:30:08 +0000] "GET /client/get_targets HTTP/1.1" 404 157 "-" "Mozilla/5.0 (Windows NT 10.0; Win64; x64) AppleWebKit/537.36 (KHTML, like Gecko) Chrome/108.0.0.0 Safari/537.36"
::ffff:167.71.207.218 - - [29/May/2023:11:30:09 +0000] "GET /upl.php HTTP/1.1" 404 146 "-" "Mozilla/5.0"
::ffff:167.71.207.218 - - [29/May/2023:11:30:09 +0000] "GET /geoip/ HTTP/1.1" 404 145 "-" "Mozilla/5.0 (Windows NT 10.0; Win64; x64) AppleWebKit/537.36 (KHTML, like Gecko) Chrome/108.0.0.0 Safari/537.36"
::ffff:167.71.207.218 - - [29/May/2023:11:30:10 +0000] "GET / HTTP/1.1" 200 57394 "-" "Mozilla/5.0 (iPhone; CPU iPhone OS 13_3_1 like Mac OS X) AppleWebKit/605.1.15 (KHTML, like Gecko) Version/13.0.5 Mobile/15E148 Snapchat/10.77.0.54 (like Safari/604.1)"
::ffff:167.71.207.218 - - [29/May/2023:11:30:11 +0000] "GET /favicon.ico HTTP/1.1" 404 150 "-" "Mozilla/5.0 (Windows NT 10.0; Win64; x64) AppleWebKit/537.36 (KHTML, like Gecko) Chrome/108.0.0.0 Safari/537.36"
::ffff:167.71.207.218 - - [29/May/2023:11:30:11 +0000] "GET /1.php HTTP/1.1" 404 144 "-" "Mozilla/5.0 (Windows NT 10.0; Win64; x64) AppleWebKit/537.36 (KHTML, like Gecko) Chrome/108.0.0.0 Safari/537.36"
::ffff:167.71.207.218 - - [29/May/2023:11:30:11 +0000] "GET /bundle.js HTTP/1.1" 404 148 "-" "Mozilla/5.0 (Windows NT 10.0; Win64; x64) AppleWebKit/537.36 (KHTML, like Gecko) Chrome/108.0.0.0 Safari/537.36"
::ffff:135.125.217.54 - - [29/May/2023:11:36:39 +0000] "GET /.env HTTP/1.1" 404 143 "-" "Mozilla/5.0 (X11; Linux x86_64) AppleWebKit/537.36 (KHTML, like Gecko) Chrome/81.0.4044.129 Safari/537.36"
::ffff:135.125.217.54 - - [29/May/2023:11:36:40 +0000] "POST / HTTP/1.1" 404 140 "-" "Mozilla/5.0 (X11; Linux x86_64) AppleWebKit/537.36 (KHTML, like Gecko) Chrome/81.0.4044.129 Safari/537.36"
::ffff:216.218.206.68 - - [29/May/2023:11:50:19 +0000] "GET / HTTP/1.1" 200 57394 "-" "Mozilla/5.0 (Windows NT 10.0; Win64; x64) AppleWebKit/537.36 (KHTML, like Gecko) Chrome/109.0.0.0 Safari/537.36 OPR/95.0.0.0 (Edition Yx 05)"
::ffff:54.212.57.117 - - [29/May/2023:11:50:44 +0000] "GET / HTTP/1.1" 200 57394 "-" "-"
::ffff:45.79.171.66 - - [29/May/2023:11:57:56 +0000] "GET /service.php?token=1819&action=11 HTTP/1.0" 404 150 "-" "-"
::ffff:216.218.206.68 - - [29/May/2023:11:58:54 +0000] "GET / HTTP/1.1" 200 57394 "-" "Mozilla/5.0 (Windows NT 10.0; Win64; x64) AppleWebKit/537.36 (KHTML, like Gecko) Chrome/109.0.0.0 Safari/537.36 OPR/95.0.0.0 (Edition Yx 05)"
::ffff:216.218.206.68 - - [29/May/2023:12:00:20 +0000] "GET /api/v2/static/not.found HTTP/1.1" 404 162 "-" "Mozilla/5.0 (Windows NT 10.0; Win64; x64) AppleWebKit/537.36 (KHTML, like Gecko) Chrome/109.0.0.0 Safari/537.36 OPR/95.0.0.0 (Edition Yx 05)"
::ffff:45.79.171.66 - - [29/May/2023:12:09:44 +0000] "GET /service.php?token=1819&action=11 HTTP/1.0" 404 150 "-" "-"
::ffff:185.254.196.173 - - [29/May/2023:12:10:26 +0000] "GET /.env HTTP/1.1" 404 143 "-" "Mozilla/5.0 (X11; Linux x86_64) AppleWebKit/537.36 (KHTML, like Gecko) Chrome/81.0.4044.129 Safari/537.36"
::ffff:185.254.196.173 - - [29/May/2023:12:10:27 +0000] "POST / HTTP/1.1" 404 140 "-" "Mozilla/5.0 (X11; Linux x86_64) AppleWebKit/537.36 (KHTML, like Gecko) Chrome/81.0.4044.129 Safari/537.36"
::ffff:45.79.171.66 - - [29/May/2023:12:29:07 +0000] "GET /service.php?token=1819&action=11 HTTP/1.0" 404 150 "-" "-"
::ffff:34.219.123.230 - - [29/May/2023:12:31:41 +0000] "GET / HTTP/1.1" 200 57394 "-" "Mozilla/5.0 (X11; Linux x86_64) AppleWebKit/537.36 (KHTML, like Gecko) Chrome/83.0.4103.97 Safari/537.36"
::ffff:54.218.245.132 - - [29/May/2023:12:32:27 +0000] "GET /favicon.ico HTTP/1.1" 404 150 "-" "Mozilla/5.0 (X11; Linux x86_64) AppleWebKit/537.36 (KHTML, like Gecko) Chrome/83.0.4103.97 Safari/537.36"
::ffff:54.218.245.132 - - [29/May/2023:12:32:31 +0000] "GET / HTTP/1.1" 200 57394 "-" "Mozilla/5.0 (X11; Linux x86_64) AppleWebKit/537.36 (KHTML, like Gecko) Chrome/83.0.4103.97 Safari/537.36"
::ffff:35.164.23.192 - - [29/May/2023:12:32:55 +0000] "GET / HTTP/1.1" 200 57394 "-" "Mozilla/5.0 (X11; Linux x86_64) AppleWebKit/537.36 (KHTML, like Gecko) Chrome/83.0.4103.97 Safari/537.36"
::ffff:54.200.80.162 - - [29/May/2023:12:33:23 +0000] "GET /favicon.ico HTTP/1.1" 404 150 "-" "Mozilla/5.0 (X11; Linux x86_64) AppleWebKit/537.36 (KHTML, like Gecko) Chrome/83.0.4103.97 Safari/537.36"
::ffff:54.200.80.162 - - [29/May/2023:12:33:25 +0000] "GET / HTTP/1.1" 200 57394 "-" "Mozilla/5.0 (X11; Linux x86_64) AppleWebKit/537.36 (KHTML, like Gecko) Chrome/83.0.4103.97 Safari/537.36"
::ffff:34.221.149.255 - - [29/May/2023:12:34:13 +0000] "GET / HTTP/1.1" 200 57394 "-" "Mozilla/5.0 (X11; Linux x86_64) AppleWebKit/537.36 (KHTML, like Gecko) Chrome/83.0.4103.97 Safari/537.36"
::ffff:54.213.177.140 - - [29/May/2023:12:34:34 +0000] "GET /favicon.ico HTTP/1.1" 404 150 "-" "Mozilla/5.0 (X11; Linux x86_64) AppleWebKit/537.36 (KHTML, like Gecko) Chrome/83.0.4103.97 Safari/537.36"
::ffff:54.213.177.140 - - [29/May/2023:12:34:40 +0000] "GET / HTTP/1.1" 200 57394 "-" "Mozilla/5.0 (X11; Linux x86_64) AppleWebKit/537.36 (KHTML, like Gecko) Chrome/83.0.4103.97 Safari/537.36"
::ffff:43.155.118.219 - - [29/May/2023:12:45:10 +0000] "HEAD /Core/Skin/Login.aspx HTTP/1.1" 404 160 "-" "Mozilla/5.0 (Windows NT 10.0; Win64; x64) AppleWebKit/537.36 (KHTML, like Gecko) Chrome/106.0.0.0 Safari/537.36"
::ffff:17.241.219.88 - - [29/May/2023:12:52:41 +0000] "GET / HTTP/1.1" 200 57394 "-" "Mozilla/5.0 (Macintosh; Intel Mac OS X 10_15_5) AppleWebKit/605.1.15 (KHTML, like Gecko) Version/13.1.1 Safari/605.1.15 (Applebot/0.1; +http://www.apple.com/go/applebot)"
::ffff:109.237.97.180 - - [29/May/2023:13:05:51 +0000] "GET /.env HTTP/1.1" 404 143 "-" "Mozilla/5.0 (X11; Linux x86_64) AppleWebKit/537.36 (KHTML, like Gecko) Chrome/81.0.4044.129 Safari/537.36"
::ffff:72.92.55.44 - - [29/May/2023:13:07:01 +0000] "GET / HTTP/1.1" 200 57394 "-" "Mozilla/5.0 (Windows NT 6.3; Win64; x64) AppleWebKit/537.36 (KHTML, like Gecko) Chrome/65.0.3304.0 Safari/537.36"
::ffff:135.125.217.54 - - [29/May/2023:13:12:38 +0000] "GET /.env HTTP/1.1" 404 143 "-" "Mozilla/5.0 (X11; Linux x86_64) AppleWebKit/537.36 (KHTML, like Gecko) Chrome/81.0.4044.129 Safari/537.36"
::ffff:135.125.217.54 - - [29/May/2023:13:12:39 +0000] "POST / HTTP/1.1" 404 140 "-" "Mozilla/5.0 (X11; Linux x86_64) AppleWebKit/537.36 (KHTML, like Gecko) Chrome/81.0.4044.129 Safari/537.36"
::ffff:66.249.79.187 - - [29/May/2023:13:22:49 +0000] "GET /images/schools/orindakaratedomap.jpg HTTP/1.1" 200 34167 "-" "Googlebot-Image/1.0"
::ffff:66.249.79.174 - - [29/May/2023:13:22:49 +0000] "GET /robots.txt HTTP/1.1" 404 149 "-" "Mozilla/5.0 (compatible; Googlebot/2.1; +http://www.google.com/bot.html)"
::ffff:66.249.79.183 - - [29/May/2023:13:22:50 +0000] "GET /ads.txt HTTP/1.1" 404 146 "-" "Mozilla/5.0 (compatible; Googlebot/2.1; +http://www.google.com/bot.html)"
::ffff:66.249.79.169 - - [29/May/2023:13:22:50 +0000] "GET /ads.txt HTTP/1.1" 404 146 "-" "Mozilla/5.0 (compatible; Googlebot/2.1; +http://www.google.com/bot.html)"
::ffff:172.59.129.31 - - [29/May/2023:13:44:03 +0000] "GET / HTTP/1.1" 200 57394 "-" "Mozilla/5.0 (iPhone; CPU iPhone OS 16_4_1 like Mac OS X) AppleWebKit/605.1.15 (KHTML, like Gecko) Version/16.4 Mobile/15E148 Safari/604.1"
::ffff:54.152.240.12 - - [29/May/2023:13:59:21 +0000] "GET / HTTP/1.1" 200 57394 "-" "Mozilla/5.0 (Macintosh; Intel Mac OS X 10_14_6) AppleWebKit/537.36 (KHTML, like Gecko) Chrome/77.0.3835.0 Safari/537.36"
::ffff:71.6.232.28 - - [29/May/2023:13:59:38 +0000] "GET / HTTP/1.1" 200 57394 "-" "Mozilla/5.0 (Windows NT 10.0; Win64; x64) AppleWebKit/537.36 (KHTML, like Gecko) Chrome/74.0.3729.131 Safari/537.36"
::ffff:54.152.240.12 - - [29/May/2023:13:59:40 +0000] "GET /common.js HTTP/1.1" 404 148 "-" "SonyEricssonT100/R101"
::ffff:54.152.240.12 - - [29/May/2023:13:59:40 +0000] "GET /dist/js/bootstrap.bundle.min.js HTTP/1.1" 404 170 "-" "SAMSUNG-SGH-A867/A867UCHJ3 SHP/VPP/R5 NetFront/35 SMM-MMS/1.2.0 profile/MIDP-2.0 configuration/CLDC-1.1 UP.Link/6.3.0.0.0"
::ffff:54.152.240.12 - - [29/May/2023:13:59:40 +0000] "GET /ie7/ie7-standard-p.js HTTP/1.1" 404 160 "-" "Mozilla/5.0 (iPad; CPU OS 12_4 like Mac OS X) AppleWebKit/605.1.15 (KHTML, like Gecko) Version/12.1.2 Mobile/15E148 Safari/604.1"
::ffff:54.152.240.12 - - [29/May/2023:14:00:18 +0000] "GET //code.jquery.com/jquery-3.2.1.slim.min.js HTTP/1.1" 404 180 "-" "Mozilla/5.0 (iPad; CPU OS 9_3_2 like Mac OS X) AppleWebKit/601.1.46 (KHTML, like Gecko) Version/9.0 Mobile/13F69 Safari/601.1"
::ffff:54.152.240.12 - - [29/May/2023:14:00:18 +0000] "GET //cdn.js HTTP/1.1" 404 146 "-" "Mozilla/4.0 (compatible; MSIE 6.0; Windows NT 5.1)"
::ffff:54.152.240.12 - - [29/May/2023:14:00:18 +0000] "GET //cdnjs.cloudflare.com/ajax/libs/popper.js/1.12.9/umd/popper.min.js HTTP/1.1" 404 205 "-" "Mozilla/5.0 (Linux; Android 6.0; Le X620 Build/MRA58K) AppleWebKit/537.36 (KHTML, like Gecko) Chrome/56.0.2924.87 Mobile Safari/537.36"
::ffff:54.152.240.12 - - [29/May/2023:14:00:18 +0000] "GET //code.jquery.com/jquery-3.2.1.min.js HTTP/1.1" 404 175 "-" "Mozilla/5.0 (Windows NT 10.0; WOW64) AppleWebKit/537.36 (KHTML, like Gecko) Chrome/67.0.3396.87 Safari/537.36"
::ffff:54.152.240.12 - - [29/May/2023:14:00:18 +0000] "GET //maxcdn.bootstrapcdn.com/bootstrap/4.0.0/js/bootstrap.min.js HTTP/1.1" 404 199 "-" "Mozilla/5.0 (iPhone; CPU iPhone OS 12_4 like Mac OS X) AppleWebKit/605.1.15 (KHTML, like Gecko) Mobile/15E148 MicroMessenger/7.0.3(0x17000321) NetType/WIFI Language/zh_CN"
::ffff:54.152.240.12 - - [29/May/2023:14:00:18 +0000] "GET /common.js HTTP/1.1" 404 148 "-" "Mozilla/5.0 (Windows; U; Windows NT 5.1; en-US; rv:1.8.1.23) Gecko/20090825 SeaMonkey/1.1.18"
::ffff:54.152.240.12 - - [29/May/2023:14:00:18 +0000] "GET /dist/js/bootstrap.bundle.min.js HTTP/1.1" 404 170 "-" "Mozilla/5.0 (Macintosh; Intel Mac OS X 10_13_6; rv:57.0) Gecko/20100101 Firefox/57.0"
::ffff:54.152.240.12 - - [29/May/2023:14:00:18 +0000] "GET /ie7/ie7-standard-p.js HTTP/1.1" 404 160 "-" "Opera/9.80 (X11; Linux i686) Presto/2.12.388 Version/12.16"
::ffff:43.155.118.219 - - [29/May/2023:14:03:45 +0000] "HEAD /Core/Skin/Login.aspx HTTP/1.1" 404 160 "-" "Mozilla/5.0 (Windows NT 10.0; Win64; x64) AppleWebKit/537.36 (KHTML, like Gecko) Chrome/106.0.0.0 Safari/537.36"
::ffff:66.249.79.185 - - [29/May/2023:14:07:49 +0000] "GET /images/schools/nunleykaratedomap.jpg HTTP/1.1" 304 - "-" "Googlebot-Image/1.0"
::ffff:185.92.73.113 - - [29/May/2023:14:11:30 +0000] "GET /.git/config HTTP/1.1" 404 150 "-" "python-requests/2.28.2"
::ffff:167.71.207.218 - - [29/May/2023:14:23:08 +0000] "GET /ab2g HTTP/1.1" 404 143 "-" "Mozilla/5.0 zgrab/0.x"
::ffff:167.71.207.218 - - [29/May/2023:14:23:08 +0000] "GET /ab2h HTTP/1.1" 404 143 "-" "Mozilla/5.0 zgrab/0.x"
::ffff:167.71.207.218 - - [29/May/2023:14:23:13 +0000] "GET / HTTP/1.1" 200 57394 "-" "Mozilla/5.0 (Windows NT 10.0; Win64; x64) AppleWebKit/537.36 (KHTML, like Gecko) Chrome/108.0.0.0 Safari/537.36"
::ffff:167.71.207.218 - - [29/May/2023:14:23:15 +0000] "GET /t4 HTTP/1.1" 404 141 "-" "Mozilla/5.0"
::ffff:167.71.207.218 - - [29/May/2023:14:23:16 +0000] "GET /favicon.ico HTTP/1.1" 404 150 "-" "Mozilla/5.0 (Windows NT 10.0; Win64; x64) AppleWebKit/537.36 (KHTML, like Gecko) Chrome/108.0.0.0 Safari/537.36"
::ffff:95.211.197.162 - - [29/May/2023:14:25:10 +0000] "GET /wp-login.php HTTP/1.1" 404 151 "-" "Mozilla/5.0 (Windows NT 10.0; Win64; x64; rv:96.0) Gecko/20100101 Firefox/96"
::ffff:114.119.136.168 - - [29/May/2023:14:26:31 +0000] "GET /contact?s=1&ss=4 HTTP/1.1" 200 9997 "http://wadokikai.org/" "Mozilla/5.0 (Linux; Android 7.0;) AppleWebKit/537.36 (KHTML, like Gecko) Mobile Safari/537.36 (compatible; PetalBot;+https://webmaster.petalsearch.com/site/petalbot)"
::ffff:114.119.133.1 - - [29/May/2023:14:28:37 +0000] "GET /contact?s=1&ss=3 HTTP/1.1" 200 9997 "http://wadokikai.org/" "Mozilla/5.0 (Linux; Android 7.0;) AppleWebKit/537.36 (KHTML, like Gecko) Mobile Safari/537.36 (compatible; PetalBot;+https://webmaster.petalsearch.com/site/petalbot)"
::ffff:141.95.74.78 - - [29/May/2023:14:29:01 +0000] "GET /.env HTTP/1.1" 404 143 "-" "Mozilla/5.0 (X11; Linux x86_64) AppleWebKit/537.36 (KHTML, like Gecko) Chrome/81.0.4044.129 Safari/537.36"
::ffff:141.95.74.78 - - [29/May/2023:14:29:02 +0000] "POST / HTTP/1.1" 404 140 "-" "Mozilla/5.0 (X11; Linux x86_64) AppleWebKit/537.36 (KHTML, like Gecko) Chrome/81.0.4044.129 Safari/537.36"
::ffff:50.62.185.120 - - [29/May/2023:14:41:11 +0000] "GET /wordpress/ HTTP/1.1" 404 149 "-" "-"
::ffff:207.46.13.229 - - [29/May/2023:14:41:12 +0000] "GET /robots.txt HTTP/1.1" 404 149 "-" "Mozilla/5.0 AppleWebKit/537.36 (KHTML, like Gecko; compatible; bingbot/2.0; +http://www.bing.com/bingbot.htm) Chrome/103.0.5060.134 Safari/537.36"
::ffff:52.167.144.85 - - [29/May/2023:14:41:19 +0000] "GET / HTTP/1.1" 200 57394 "-" "Mozilla/5.0 AppleWebKit/537.36 (KHTML, like Gecko; compatible; bingbot/2.0; +http://www.bing.com/bingbot.htm) Chrome/103.0.5060.134 Safari/537.36"
::ffff:135.125.217.54 - - [29/May/2023:14:49:42 +0000] "GET /.env HTTP/1.1" 404 143 "-" "Mozilla/5.0 (X11; Linux x86_64) AppleWebKit/537.36 (KHTML, like Gecko) Chrome/81.0.4044.129 Safari/537.36"
::ffff:135.125.217.54 - - [29/May/2023:14:49:42 +0000] "POST / HTTP/1.1" 404 140 "-" "Mozilla/5.0 (X11; Linux x86_64) AppleWebKit/537.36 (KHTML, like Gecko) Chrome/81.0.4044.129 Safari/537.36"
::ffff:66.249.79.163 - - [29/May/2023:14:52:49 +0000] "GET /ads.txt HTTP/1.1" 404 146 "-" "Mozilla/5.0 (compatible; Googlebot/2.1; +http://www.google.com/bot.html)"
::ffff:66.249.79.164 - - [29/May/2023:14:52:49 +0000] "GET /robots.txt HTTP/1.1" 404 149 "-" "Mozilla/5.0 (compatible; Googlebot/2.1; +http://www.google.com/bot.html)"
::ffff:66.249.79.164 - - [29/May/2023:14:52:50 +0000] "GET /ads.txt HTTP/1.1" 404 146 "-" "Mozilla/5.0 (compatible; Googlebot/2.1; +http://www.google.com/bot.html)"
::ffff:198.199.92.229 - - [29/May/2023:14:54:49 +0000] "GET / HTTP/1.1" 200 57394 "-" "Mozilla/5.0 zgrab/0.x"
::ffff:5.188.210.227 - - [29/May/2023:14:58:27 +0000] "GET http://5.188.210.227/echo.php HTTP/1.1" 404 147 "https://www.google.com/" "Mozilla/5.0 (Windows NT 6.1) AppleWebKit/537.36 (KHTML, like Gecko) Chrome/70.0.3538.77 Safari/537.36"
::ffff:43.155.118.219 - - [29/May/2023:15:22:35 +0000] "HEAD /Core/Skin/Login.aspx HTTP/1.1" 404 160 "-" "Mozilla/5.0 (Windows NT 10.0; Win64; x64) AppleWebKit/537.36 (KHTML, like Gecko) Chrome/106.0.0.0 Safari/537.36"
::ffff:66.249.79.187 - - [29/May/2023:15:22:50 +0000] "GET /robots.txt HTTP/1.1" 404 149 "-" "Mozilla/5.0 (compatible; Googlebot/2.1; +http://www.google.com/bot.html)"
::ffff:66.249.79.183 - - [29/May/2023:15:22:50 +0000] "GET /images/books/karatedo.jpg HTTP/1.1" 304 - "-" "Googlebot-Image/1.0"
::ffff:114.119.145.235 - - [29/May/2023:15:22:55 +0000] "GET /contact?s=1&ss=2 HTTP/1.1" 200 9997 "http://www.wadokikai.org/" "Mozilla/5.0 (Linux; Android 7.0;) AppleWebKit/537.36 (KHTML, like Gecko) Mobile Safari/537.36 (compatible; PetalBot;+https://webmaster.petalsearch.com/site/petalbot)"
::ffff:45.79.171.66 - - [29/May/2023:15:39:57 +0000] "GET /service.php?token=1819&action=11 HTTP/1.0" 404 150 "-" "-"
::ffff:141.95.74.78 - - [29/May/2023:15:50:57 +0000] "GET /.env HTTP/1.1" 404 143 "-" "Mozilla/5.0 (X11; Linux x86_64) AppleWebKit/537.36 (KHTML, like Gecko) Chrome/81.0.4044.129 Safari/537.36"
::ffff:141.95.74.78 - - [29/May/2023:15:50:58 +0000] "POST / HTTP/1.1" 404 140 "-" "Mozilla/5.0 (X11; Linux x86_64) AppleWebKit/537.36 (KHTML, like Gecko) Chrome/81.0.4044.129 Safari/537.36"
::ffff:135.125.217.54 - - [29/May/2023:15:54:27 +0000] "GET /.env HTTP/1.1" 404 143 "-" "Mozilla/5.0 (X11; Linux x86_64) AppleWebKit/537.36 (KHTML, like Gecko) Chrome/81.0.4044.129 Safari/537.36"
::ffff:135.125.217.54 - - [29/May/2023:15:54:27 +0000] "POST / HTTP/1.1" 404 140 "-" "Mozilla/5.0 (X11; Linux x86_64) AppleWebKit/537.36 (KHTML, like Gecko) Chrome/81.0.4044.129 Safari/537.36"
::ffff:194.180.48.84 - - [29/May/2023:16:04:28 +0000] "GET / HTTP/1.1" 200 57394 "-" "Linux Gnu (cow)"
::ffff:66.249.79.174 - - [29/May/2023:16:06:01 +0000] "GET / HTTP/1.1" 200 57394 "-" "Mozilla/5.0 (Linux; Android 6.0.1; Nexus 5X Build/MMB29P) AppleWebKit/537.36 (KHTML, like Gecko) Chrome/113.0.5672.126 Mobile Safari/537.36 (compatible; Googlebot/2.1; +http://www.google.com/bot.html)"
::ffff:20.127.0.104 - - [29/May/2023:16:20:42 +0000] "GET /.git/config HTTP/1.1" 404 150 "-" "python-requests/2.28.1"
::ffff:20.127.0.104 - - [29/May/2023:16:20:43 +0000] "GET /admin-app/.env HTTP/1.1" 404 153 "-" "Mozilla/5.0 (Macintosh; Intel Mac OS X 10.15; rv:77.0) Gecko/20100101 Firefox/77.0"
::ffff:20.127.0.104 - - [29/May/2023:16:20:43 +0000] "POST /admin-app/.env HTTP/1.1" 404 154 "-" "Mozilla/5.0 (Macintosh; Intel Mac OS X 10.15; rv:77.0) Gecko/20100101 Firefox/77.0"
::ffff:20.127.0.104 - - [29/May/2023:16:20:43 +0000] "GET /.env.dist HTTP/1.1" 404 148 "-" "Mozilla/5.0 (Macintosh; Intel Mac OS X 10.15; rv:77.0) Gecko/20100101 Firefox/77.0"
::ffff:20.127.0.104 - - [29/May/2023:16:20:43 +0000] "POST /.env.dist HTTP/1.1" 404 149 "-" "Mozilla/5.0 (Macintosh; Intel Mac OS X 10.15; rv:77.0) Gecko/20100101 Firefox/77.0"
::ffff:20.127.0.104 - - [29/May/2023:16:20:43 +0000] "GET /back/.env HTTP/1.1" 404 148 "-" "Mozilla/5.0 (Macintosh; Intel Mac OS X 10.15; rv:77.0) Gecko/20100101 Firefox/77.0"
::ffff:20.127.0.104 - - [29/May/2023:16:20:43 +0000] "POST /back/.env HTTP/1.1" 404 149 "-" "Mozilla/5.0 (Macintosh; Intel Mac OS X 10.15; rv:77.0) Gecko/20100101 Firefox/77.0"
::ffff:20.127.0.104 - - [29/May/2023:16:20:44 +0000] "GET /enviroments/.env HTTP/1.1" 404 155 "-" "Mozilla/5.0 (Macintosh; Intel Mac OS X 10.15; rv:77.0) Gecko/20100101 Firefox/77.0"
::ffff:20.127.0.104 - - [29/May/2023:16:20:44 +0000] "POST /enviroments/.env HTTP/1.1" 404 156 "-" "Mozilla/5.0 (Macintosh; Intel Mac OS X 10.15; rv:77.0) Gecko/20100101 Firefox/77.0"
::ffff:20.127.0.104 - - [29/May/2023:16:20:44 +0000] "GET /system/.env HTTP/1.1" 404 150 "-" "Mozilla/5.0 (Macintosh; Intel Mac OS X 10.15; rv:77.0) Gecko/20100101 Firefox/77.0"
::ffff:20.127.0.104 - - [29/May/2023:16:20:44 +0000] "POST /system/.env HTTP/1.1" 404 151 "-" "Mozilla/5.0 (Macintosh; Intel Mac OS X 10.15; rv:77.0) Gecko/20100101 Firefox/77.0"
::ffff:20.127.0.104 - - [29/May/2023:16:20:44 +0000] "GET /.env HTTP/1.1" 404 143 "-" "Mozilla/5.0 (Macintosh; Intel Mac OS X 10.15; rv:77.0) Gecko/20100101 Firefox/77.0"
::ffff:20.127.0.104 - - [29/May/2023:16:20:44 +0000] "POST /.env HTTP/1.1" 404 144 "-" "Mozilla/5.0 (Macintosh; Intel Mac OS X 10.15; rv:77.0) Gecko/20100101 Firefox/77.0"
::ffff:20.127.0.104 - - [29/May/2023:16:20:45 +0000] "GET /.env.project HTTP/1.1" 404 151 "-" "Mozilla/5.0 (Macintosh; Intel Mac OS X 10.15; rv:77.0) Gecko/20100101 Firefox/77.0"
::ffff:20.127.0.104 - - [29/May/2023:16:20:45 +0000] "POST /.env.project HTTP/1.1" 404 152 "-" "Mozilla/5.0 (Macintosh; Intel Mac OS X 10.15; rv:77.0) Gecko/20100101 Firefox/77.0"
::ffff:20.127.0.104 - - [29/May/2023:16:20:45 +0000] "GET /api/.env HTTP/1.1" 404 147 "-" "Mozilla/5.0 (Macintosh; Intel Mac OS X 10.15; rv:77.0) Gecko/20100101 Firefox/77.0"
::ffff:20.127.0.104 - - [29/May/2023:16:20:45 +0000] "POST /api/.env HTTP/1.1" 404 148 "-" "Mozilla/5.0 (Macintosh; Intel Mac OS X 10.15; rv:77.0) Gecko/20100101 Firefox/77.0"
::ffff:20.127.0.104 - - [29/May/2023:16:20:45 +0000] "GET /shared/.env HTTP/1.1" 404 150 "-" "Mozilla/5.0 (Macintosh; Intel Mac OS X 10.15; rv:77.0) Gecko/20100101 Firefox/77.0"
::ffff:20.127.0.104 - - [29/May/2023:16:20:46 +0000] "POST /shared/.env HTTP/1.1" 404 151 "-" "Mozilla/5.0 (Macintosh; Intel Mac OS X 10.15; rv:77.0) Gecko/20100101 Firefox/77.0"
::ffff:20.127.0.104 - - [29/May/2023:16:20:46 +0000] "GET /rest/.env HTTP/1.1" 404 148 "-" "Mozilla/5.0 (Macintosh; Intel Mac OS X 10.15; rv:77.0) Gecko/20100101 Firefox/77.0"
::ffff:20.127.0.104 - - [29/May/2023:16:20:46 +0000] "POST /rest/.env HTTP/1.1" 404 149 "-" "Mozilla/5.0 (Macintosh; Intel Mac OS X 10.15; rv:77.0) Gecko/20100101 Firefox/77.0"
::ffff:20.127.0.104 - - [29/May/2023:16:20:46 +0000] "GET /application/.env HTTP/1.1" 404 155 "-" "Mozilla/5.0 (Macintosh; Intel Mac OS X 10.15; rv:77.0) Gecko/20100101 Firefox/77.0"
::ffff:20.127.0.104 - - [29/May/2023:16:20:46 +0000] "POST /application/.env HTTP/1.1" 404 156 "-" "Mozilla/5.0 (Macintosh; Intel Mac OS X 10.15; rv:77.0) Gecko/20100101 Firefox/77.0"
::ffff:20.127.0.104 - - [29/May/2023:16:20:46 +0000] "GET /cp/.env HTTP/1.1" 404 146 "-" "Mozilla/5.0 (Macintosh; Intel Mac OS X 10.15; rv:77.0) Gecko/20100101 Firefox/77.0"
::ffff:20.127.0.104 - - [29/May/2023:16:20:47 +0000] "POST /cp/.env HTTP/1.1" 404 147 "-" "Mozilla/5.0 (Macintosh; Intel Mac OS X 10.15; rv:77.0) Gecko/20100101 Firefox/77.0"
::ffff:20.127.0.104 - - [29/May/2023:16:20:47 +0000] "GET /cms/.env HTTP/1.1" 404 147 "-" "Mozilla/5.0 (Macintosh; Intel Mac OS X 10.15; rv:77.0) Gecko/20100101 Firefox/77.0"
::ffff:20.127.0.104 - - [29/May/2023:16:20:47 +0000] "POST /cms/.env HTTP/1.1" 404 148 "-" "Mozilla/5.0 (Macintosh; Intel Mac OS X 10.15; rv:77.0) Gecko/20100101 Firefox/77.0"
::ffff:20.127.0.104 - - [29/May/2023:16:20:47 +0000] "GET /laravel/.env HTTP/1.1" 404 151 "-" "Mozilla/5.0 (Macintosh; Intel Mac OS X 10.15; rv:77.0) Gecko/20100101 Firefox/77.0"
::ffff:20.127.0.104 - - [29/May/2023:16:20:47 +0000] "POST /laravel/.env HTTP/1.1" 404 152 "-" "Mozilla/5.0 (Macintosh; Intel Mac OS X 10.15; rv:77.0) Gecko/20100101 Firefox/77.0"
::ffff:20.127.0.104 - - [29/May/2023:16:20:48 +0000] "GET /apps/.env HTTP/1.1" 404 148 "-" "Mozilla/5.0 (Macintosh; Intel Mac OS X 10.15; rv:77.0) Gecko/20100101 Firefox/77.0"
::ffff:20.127.0.104 - - [29/May/2023:16:20:48 +0000] "POST /apps/.env HTTP/1.1" 404 149 "-" "Mozilla/5.0 (Macintosh; Intel Mac OS X 10.15; rv:77.0) Gecko/20100101 Firefox/77.0"
::ffff:20.127.0.104 - - [29/May/2023:16:20:48 +0000] "GET /local/.env HTTP/1.1" 404 149 "-" "Mozilla/5.0 (Macintosh; Intel Mac OS X 10.15; rv:77.0) Gecko/20100101 Firefox/77.0"
::ffff:20.127.0.104 - - [29/May/2023:16:20:48 +0000] "POST /local/.env HTTP/1.1" 404 150 "-" "Mozilla/5.0 (Macintosh; Intel Mac OS X 10.15; rv:77.0) Gecko/20100101 Firefox/77.0"
::ffff:20.127.0.104 - - [29/May/2023:16:20:48 +0000] "GET /private/.env HTTP/1.1" 404 151 "-" "Mozilla/5.0 (Macintosh; Intel Mac OS X 10.15; rv:77.0) Gecko/20100101 Firefox/77.0"
::ffff:20.127.0.104 - - [29/May/2023:16:20:48 +0000] "POST /private/.env HTTP/1.1" 404 152 "-" "Mozilla/5.0 (Macintosh; Intel Mac OS X 10.15; rv:77.0) Gecko/20100101 Firefox/77.0"
::ffff:20.127.0.104 - - [29/May/2023:16:20:49 +0000] "GET /app/.env HTTP/1.1" 404 147 "-" "Mozilla/5.0 (Macintosh; Intel Mac OS X 10.15; rv:77.0) Gecko/20100101 Firefox/77.0"
::ffff:20.127.0.104 - - [29/May/2023:16:20:49 +0000] "POST /app/.env HTTP/1.1" 404 148 "-" "Mozilla/5.0 (Macintosh; Intel Mac OS X 10.15; rv:77.0) Gecko/20100101 Firefox/77.0"
::ffff:20.127.0.104 - - [29/May/2023:16:20:49 +0000] "GET /enviroments/.env.production HTTP/1.1" 404 166 "-" "Mozilla/5.0 (Macintosh; Intel Mac OS X 10.15; rv:77.0) Gecko/20100101 Firefox/77.0"
::ffff:20.127.0.104 - - [29/May/2023:16:20:49 +0000] "POST /enviroments/.env.production HTTP/1.1" 404 167 "-" "Mozilla/5.0 (Macintosh; Intel Mac OS X 10.15; rv:77.0) Gecko/20100101 Firefox/77.0"
::ffff:20.127.0.104 - - [29/May/2023:16:20:49 +0000] "GET /.env.old HTTP/1.1" 404 147 "-" "Mozilla/5.0 (Macintosh; Intel Mac OS X 10.15; rv:77.0) Gecko/20100101 Firefox/77.0"
::ffff:20.127.0.104 - - [29/May/2023:16:20:49 +0000] "POST /.env.old HTTP/1.1" 404 148 "-" "Mozilla/5.0 (Macintosh; Intel Mac OS X 10.15; rv:77.0) Gecko/20100101 Firefox/77.0"
::ffff:20.127.0.104 - - [29/May/2023:16:20:50 +0000] "GET /.env.development HTTP/1.1" 404 155 "-" "Mozilla/5.0 (Macintosh; Intel Mac OS X 10.15; rv:77.0) Gecko/20100101 Firefox/77.0"
::ffff:20.127.0.104 - - [29/May/2023:16:20:50 +0000] "POST /.env.development HTTP/1.1" 404 156 "-" "Mozilla/5.0 (Macintosh; Intel Mac OS X 10.15; rv:77.0) Gecko/20100101 Firefox/77.0"
::ffff:20.127.0.104 - - [29/May/2023:16:20:50 +0000] "GET /docker/.env HTTP/1.1" 404 150 "-" "Mozilla/5.0 (Macintosh; Intel Mac OS X 10.15; rv:77.0) Gecko/20100101 Firefox/77.0"
::ffff:20.127.0.104 - - [29/May/2023:16:20:50 +0000] "POST /docker/.env HTTP/1.1" 404 151 "-" "Mozilla/5.0 (Macintosh; Intel Mac OS X 10.15; rv:77.0) Gecko/20100101 Firefox/77.0"
::ffff:20.127.0.104 - - [29/May/2023:16:20:50 +0000] "GET /core/.env HTTP/1.1" 404 148 "-" "Mozilla/5.0 (Macintosh; Intel Mac OS X 10.15; rv:77.0) Gecko/20100101 Firefox/77.0"
::ffff:20.127.0.104 - - [29/May/2023:16:20:51 +0000] "POST /core/.env HTTP/1.1" 404 149 "-" "Mozilla/5.0 (Macintosh; Intel Mac OS X 10.15; rv:77.0) Gecko/20100101 Firefox/77.0"
::ffff:20.127.0.104 - - [29/May/2023:16:20:51 +0000] "GET /.env.prod HTTP/1.1" 404 148 "-" "Mozilla/5.0 (Macintosh; Intel Mac OS X 10.15; rv:77.0) Gecko/20100101 Firefox/77.0"
::ffff:20.127.0.104 - - [29/May/2023:16:20:51 +0000] "POST /.env.prod HTTP/1.1" 404 149 "-" "Mozilla/5.0 (Macintosh; Intel Mac OS X 10.15; rv:77.0) Gecko/20100101 Firefox/77.0"
::ffff:20.127.0.104 - - [29/May/2023:16:20:51 +0000] "GET /development/.env HTTP/1.1" 404 155 "-" "Mozilla/5.0 (Macintosh; Intel Mac OS X 10.15; rv:77.0) Gecko/20100101 Firefox/77.0"
::ffff:20.127.0.104 - - [29/May/2023:16:20:51 +0000] "POST /development/.env HTTP/1.1" 404 156 "-" "Mozilla/5.0 (Macintosh; Intel Mac OS X 10.15; rv:77.0) Gecko/20100101 Firefox/77.0"
::ffff:20.127.0.104 - - [29/May/2023:16:20:51 +0000] "GET /live_env HTTP/1.1" 404 147 "-" "Mozilla/5.0 (Macintosh; Intel Mac OS X 10.15; rv:77.0) Gecko/20100101 Firefox/77.0"
::ffff:20.127.0.104 - - [29/May/2023:16:20:52 +0000] "POST /live_env HTTP/1.1" 404 148 "-" "Mozilla/5.0 (Macintosh; Intel Mac OS X 10.15; rv:77.0) Gecko/20100101 Firefox/77.0"
::ffff:20.127.0.104 - - [29/May/2023:16:20:52 +0000] "GET /.env.production HTTP/1.1" 404 154 "-" "Mozilla/5.0 (Macintosh; Intel Mac OS X 10.15; rv:77.0) Gecko/20100101 Firefox/77.0"
::ffff:20.127.0.104 - - [29/May/2023:16:20:52 +0000] "POST /.env.production HTTP/1.1" 404 155 "-" "Mozilla/5.0 (Macintosh; Intel Mac OS X 10.15; rv:77.0) Gecko/20100101 Firefox/77.0"
::ffff:20.127.0.104 - - [29/May/2023:16:20:52 +0000] "GET /.env.save HTTP/1.1" 404 148 "-" "Mozilla/5.0 (Macintosh; Intel Mac OS X 10.15; rv:77.0) Gecko/20100101 Firefox/77.0"
::ffff:20.127.0.104 - - [29/May/2023:16:20:52 +0000] "POST /.env.save HTTP/1.1" 404 149 "-" "Mozilla/5.0 (Macintosh; Intel Mac OS X 10.15; rv:77.0) Gecko/20100101 Firefox/77.0"
::ffff:20.127.0.104 - - [29/May/2023:16:20:53 +0000] "GET /sources/.env HTTP/1.1" 404 151 "-" "Mozilla/5.0 (Macintosh; Intel Mac OS X 10.15; rv:77.0) Gecko/20100101 Firefox/77.0"
::ffff:20.127.0.104 - - [29/May/2023:16:20:53 +0000] "POST /sources/.env HTTP/1.1" 404 152 "-" "Mozilla/5.0 (Macintosh; Intel Mac OS X 10.15; rv:77.0) Gecko/20100101 Firefox/77.0"
::ffff:20.127.0.104 - - [29/May/2023:16:20:53 +0000] "GET /script/.env HTTP/1.1" 404 150 "-" "Mozilla/5.0 (Macintosh; Intel Mac OS X 10.15; rv:77.0) Gecko/20100101 Firefox/77.0"
::ffff:20.127.0.104 - - [29/May/2023:16:20:53 +0000] "POST /script/.env HTTP/1.1" 404 151 "-" "Mozilla/5.0 (Macintosh; Intel Mac OS X 10.15; rv:77.0) Gecko/20100101 Firefox/77.0"
::ffff:20.127.0.104 - - [29/May/2023:16:20:53 +0000] "GET /fedex/.env HTTP/1.1" 404 149 "-" "Mozilla/5.0 (Macintosh; Intel Mac OS X 10.15; rv:77.0) Gecko/20100101 Firefox/77.0"
::ffff:20.127.0.104 - - [29/May/2023:16:20:53 +0000] "POST /fedex/.env HTTP/1.1" 404 150 "-" "Mozilla/5.0 (Macintosh; Intel Mac OS X 10.15; rv:77.0) Gecko/20100101 Firefox/77.0"
::ffff:20.127.0.104 - - [29/May/2023:16:20:54 +0000] "GET /frontend_dev.php/$ HTTP/1.1" 404 157 "-" "Mozilla/5.0 (Macintosh; Intel Mac OS X 10.15; rv:77.0) Gecko/20100101 Firefox/77.0"
::ffff:20.127.0.104 - - [29/May/2023:16:20:54 +0000] "GET /debug/default/view?panel=config HTTP/1.1" 404 157 "-" "Mozilla/5.0 (Macintosh; Intel Mac OS X 10.15; rv:77.0) Gecko/20100101 Firefox/77.0"
::ffff:20.127.0.104 - - [29/May/2023:16:20:54 +0000] "GET /.json HTTP/1.1" 404 144 "-" "Mozilla/5.0 (Macintosh; Intel Mac OS X 10.15; rv:77.0) Gecko/20100101 Firefox/77.0"
::ffff:20.127.0.104 - - [29/May/2023:16:20:54 +0000] "GET /config.json HTTP/1.1" 404 150 "-" "Mozilla/5.0 (Macintosh; Intel Mac OS X 10.15; rv:77.0) Gecko/20100101 Firefox/77.0"
::ffff:20.127.0.104 - - [29/May/2023:16:20:54 +0000] "GET /phpinfo.php HTTP/1.1" 404 150 "-" "Mozilla/5.0 (Macintosh; Intel Mac OS X 10.15; rv:77.0) Gecko/20100101 Firefox/77.0"
::ffff:20.127.0.104 - - [29/May/2023:16:20:54 +0000] "GET /info.php HTTP/1.1" 404 147 "-" "Mozilla/5.0 (Macintosh; Intel Mac OS X 10.15; rv:77.0) Gecko/20100101 Firefox/77.0"
::ffff:20.127.0.104 - - [29/May/2023:16:20:55 +0000] "GET /_profiler/phpinfo HTTP/1.1" 404 156 "-" "Mozilla/5.0 (Macintosh; Intel Mac OS X 10.15; rv:77.0) Gecko/20100101 Firefox/77.0"
::ffff:20.127.0.104 - - [29/May/2023:16:20:55 +0000] "GET /?phpinfo=1 HTTP/1.1" 200 57394 "-" "Mozilla/5.0 (Macintosh; Intel Mac OS X 10.15; rv:77.0) Gecko/20100101 Firefox/77.0"
::ffff:66.249.79.174 - - [29/May/2023:16:34:13 +0000] "GET / HTTP/1.1" 200 57394 "-" "Mozilla/5.0 (compatible; Googlebot/2.1; +http://www.google.com/bot.html)"
::ffff:198.199.118.141 - - [29/May/2023:16:34:39 +0000] "GET / HTTP/1.1" 200 57394 "-" "Mozilla/5.0 zgrab/0.x"
::ffff:114.119.136.68 - - [29/May/2023:16:40:53 +0000] "GET /contact?s=1&ss=5 HTTP/1.1" 200 9997 "http://www.wadokikai.org/" "Mozilla/5.0 (Linux; Android 7.0;) AppleWebKit/537.36 (KHTML, like Gecko) Mobile Safari/537.36 (compatible; PetalBot;+https://webmaster.petalsearch.com/site/petalbot)"
::ffff:43.155.118.219 - - [29/May/2023:16:41:05 +0000] "HEAD /Core/Skin/Login.aspx HTTP/1.1" 404 160 "-" "Mozilla/5.0 (Windows NT 10.0; Win64; x64) AppleWebKit/537.36 (KHTML, like Gecko) Chrome/106.0.0.0 Safari/537.36"
::ffff:114.119.153.208 - - [29/May/2023:16:42:15 +0000] "GET /contact?s=1&ss=10 HTTP/1.1" 200 9997 "http://www.wadokikai.org/" "Mozilla/5.0 (Linux; Android 7.0;) AppleWebKit/537.36 (KHTML, like Gecko) Mobile Safari/537.36 (compatible; PetalBot;+https://webmaster.petalsearch.com/site/petalbot)"
::ffff:194.180.48.84 - - [29/May/2023:16:49:56 +0000] "GET / HTTP/1.1" 200 57394 "-" "Linux Gnu (cow)"
::ffff:167.248.133.52 - - [29/May/2023:17:14:31 +0000] "GET / HTTP/1.1" 200 57394 "-" "Mozilla/5.0 (compatible; CensysInspect/1.1; +https://about.censys.io/)"
::ffff:167.248.133.52 - - [29/May/2023:17:14:41 +0000] "PRI * HTTP/2.0" - - "-" "-"
::ffff:167.248.133.52 - - [29/May/2023:17:14:42 +0000] "GET /images/favicon.ico HTTP/1.1" 200 3638 "-" "Mozilla/5.0 (compatible; CensysInspect/1.1; +https://about.censys.io/)"
::ffff:167.248.133.52 - - [29/May/2023:17:14:42 +0000] "GET /favicon.ico HTTP/1.1" 404 150 "-" "Mozilla/5.0 (compatible; CensysInspect/1.1; +https://about.censys.io/)"
::ffff:45.79.171.66 - - [29/May/2023:17:26:27 +0000] "GET /service.php?token=1819&action=11 HTTP/1.0" 404 150 "-" "-"
::ffff:83.97.73.89 - - [29/May/2023:17:27:14 +0000] "GET / HTTP/1.1" 200 57394 "-" "Mozilla/5.0 (Windows NT 10.0; Win64; x64) AppleWebKit/537.36 (KHTML, like Gecko) Chrome/78.0.3904.108 Safari/537.36"
::ffff:91.90.44.26 - - [29/May/2023:17:35:36 +0000] "GET /adminer/index.php HTTP/1.1" 404 156 "-" "Mozilla/5.0 (Windows NT 10.0; Win64; x64) AppleWebKit/537.36 (KHTML, like Gecko) Chrome/80.0.3987.163 Safari/537.36"
::ffff:91.90.44.26 - - [29/May/2023:17:35:36 +0000] "GET /_adminer.php HTTP/1.1" 404 151 "-" "Mozilla/5.0 (Windows NT 10.0; Win64; x64) AppleWebKit/537.36 (KHTML, like Gecko) Chrome/80.0.3987.163 Safari/537.36"
::ffff:91.90.44.26 - - [29/May/2023:17:35:37 +0000] "GET /adminer.php HTTP/1.1" 404 150 "-" "Mozilla/5.0 (Windows NT 10.0; Win64; x64) AppleWebKit/537.36 (KHTML, like Gecko) Chrome/80.0.3987.163 Safari/537.36"
::ffff:91.90.44.26 - - [29/May/2023:17:35:37 +0000] "GET /adminer1.php HTTP/1.1" 404 151 "-" "Mozilla/5.0 (Windows NT 10.0; Win64; x64) AppleWebKit/537.36 (KHTML, like Gecko) Chrome/80.0.3987.163 Safari/537.36"
::ffff:91.90.44.26 - - [29/May/2023:17:35:38 +0000] "GET /adminer/adminer.php HTTP/1.1" 404 158 "-" "Mozilla/5.0 (Windows NT 10.0; Win64; x64) AppleWebKit/537.36 (KHTML, like Gecko) Chrome/80.0.3987.163 Safari/537.36"
::ffff:157.97.105.189 - - [29/May/2023:17:40:14 +0000] "POST /boaform/admin/formLogin HTTP/1.1" 404 163 "http://34.212.47.6:80/admin/login.asp" "Mozilla/5.0 (X11; Ubuntu; Linux x86_64; rv:71.0) Gecko/20100101 Firefox/71.0"
::ffff:43.155.118.219 - - [29/May/2023:17:59:20 +0000] "HEAD /Core/Skin/Login.aspx HTTP/1.1" 404 160 "-" "Mozilla/5.0 (Windows NT 10.0; Win64; x64) AppleWebKit/537.36 (KHTML, like Gecko) Chrome/106.0.0.0 Safari/537.36"
::ffff:66.249.79.169 - - [29/May/2023:17:59:45 +0000] "GET /js/common.js HTTP/1.1" 200 2255 "https://wadokikai.org/" "Mozilla/5.0 (Linux; Android 6.0.1; Nexus 5X Build/MMB29P) AppleWebKit/537.36 (KHTML, like Gecko) Chrome/113.0.5672.126 Mobile Safari/537.36 (compatible; Googlebot/2.1; +http://www.google.com/bot.html)"
::ffff:36.40.66.38 - - [29/May/2023:18:16:45 +0000] "GET / HTTP/1.1" 200 57394 "-" "Mozilla/5.0 (iPhone; CPU iPhone OS 13_2_3 like Mac OS X) AppleWebKit/605.1.15 (KHTML, like Gecko) Version/13.0.3 Mobile/15E148 Safari/604.1"
::ffff:185.191.171.16 - - [29/May/2023:18:17:08 +0000] "GET /robots.txt HTTP/1.1" 404 149 "-" "Mozilla/5.0 (compatible; SemrushBot/7~bl; +http://www.semrush.com/bot.html)"
::ffff:185.191.171.8 - - [29/May/2023:18:17:08 +0000] "GET /contact?s=1&ss=0 HTTP/1.1" 200 9997 "-" "Mozilla/5.0 (compatible; SemrushBot/7~bl; +http://www.semrush.com/bot.html)"
::ffff:135.125.217.54 - - [29/May/2023:18:43:52 +0000] "GET /.env HTTP/1.1" 404 143 "-" "Mozilla/5.0 (X11; Linux x86_64) AppleWebKit/537.36 (KHTML, like Gecko) Chrome/81.0.4044.129 Safari/537.36"
::ffff:135.125.217.54 - - [29/May/2023:18:43:52 +0000] "POST / HTTP/1.1" 404 140 "-" "Mozilla/5.0 (X11; Linux x86_64) AppleWebKit/537.36 (KHTML, like Gecko) Chrome/81.0.4044.129 Safari/537.36"
::ffff:66.249.79.190 - - [29/May/2023:18:52:55 +0000] "GET / HTTP/1.1" 200 57394 "-" "Mozilla/5.0 (compatible; Googlebot/2.1; +http://www.google.com/bot.html)"
::ffff:66.249.79.172 - - [29/May/2023:18:56:17 +0000] "GET /css/wadokikai.css HTTP/1.1" 200 4337 "https://wadokikai.org/" "Mozilla/5.0 AppleWebKit/537.36 (KHTML, like Gecko; compatible; Googlebot/2.1; +http://www.google.com/bot.html) Chrome/113.0.5672.126 Safari/537.36"
::ffff:66.249.79.172 - - [29/May/2023:18:56:18 +0000] "GET /js/common.js HTTP/1.1" 200 2255 "https://wadokikai.org/" "Mozilla/5.0 AppleWebKit/537.36 (KHTML, like Gecko; compatible; Googlebot/2.1; +http://www.google.com/bot.html) Chrome/113.0.5672.126 Safari/537.36"
::ffff:185.191.171.13 - - [29/May/2023:18:56:55 +0000] "GET /contact HTTP/1.1" 200 10017 "-" "Mozilla/5.0 (compatible; SemrushBot/7~bl; +http://www.semrush.com/bot.html)"
::ffff:190.17.175.121 - - [29/May/2023:19:15:10 +0000] "GET / HTTP/1.1" 200 57394 "https://www.google.com/" "Mozilla/5.0 (Windows NT 10.0; Win64; x64) AppleWebKit/537.36 (KHTML, like Gecko) Chrome/113.0.0.0 Safari/537.36"
::ffff:190.17.175.121 - - [29/May/2023:19:15:10 +0000] "GET /css/wadokikai.css HTTP/1.1" 200 4337 "http://wadokikai.org/" "Mozilla/5.0 (Windows NT 10.0; Win64; x64) AppleWebKit/537.36 (KHTML, like Gecko) Chrome/113.0.0.0 Safari/537.36"
::ffff:190.17.175.121 - - [29/May/2023:19:15:11 +0000] "GET /images/wkkpatch22_med.png HTTP/1.1" 200 32301 "http://wadokikai.org/" "Mozilla/5.0 (Windows NT 10.0; Win64; x64) AppleWebKit/537.36 (KHTML, like Gecko) Chrome/113.0.0.0 Safari/537.36"
::ffff:190.17.175.121 - - [29/May/2023:19:15:11 +0000] "GET /images/schools/alamedakaratedomap.jpg HTTP/1.1" 200 38311 "http://wadokikai.org/" "Mozilla/5.0 (Windows NT 10.0; Win64; x64) AppleWebKit/537.36 (KHTML, like Gecko) Chrome/113.0.0.0 Safari/537.36"
::ffff:190.17.175.121 - - [29/May/2023:19:15:11 +0000] "GET /js/common.js HTTP/1.1" 200 2255 "http://wadokikai.org/" "Mozilla/5.0 (Windows NT 10.0; Win64; x64) AppleWebKit/537.36 (KHTML, like Gecko) Chrome/113.0.0.0 Safari/537.36"
::ffff:190.17.175.121 - - [29/May/2023:19:15:11 +0000] "GET /images/schools/orindakaratedomap.jpg HTTP/1.1" 200 34167 "http://wadokikai.org/" "Mozilla/5.0 (Windows NT 10.0; Win64; x64) AppleWebKit/537.36 (KHTML, like Gecko) Chrome/113.0.0.0 Safari/537.36"
::ffff:190.17.175.121 - - [29/May/2023:19:15:11 +0000] "GET /images/schools/dcakaratedomap.jpg HTTP/1.1" 200 35262 "http://wadokikai.org/" "Mozilla/5.0 (Windows NT 10.0; Win64; x64) AppleWebKit/537.36 (KHTML, like Gecko) Chrome/113.0.0.0 Safari/537.36"
::ffff:190.17.175.121 - - [29/May/2023:19:15:11 +0000] "GET /images/schools/harborbaykaratedomap.jpg HTTP/1.1" 200 37245 "http://wadokikai.org/" "Mozilla/5.0 (Windows NT 10.0; Win64; x64) AppleWebKit/537.36 (KHTML, like Gecko) Chrome/113.0.0.0 Safari/537.36"
::ffff:190.17.175.121 - - [29/May/2023:19:15:11 +0000] "GET /images/schools/corpuzkaratedomap.jpg HTTP/1.1" 200 36421 "http://wadokikai.org/" "Mozilla/5.0 (Windows NT 10.0; Win64; x64) AppleWebKit/537.36 (KHTML, like Gecko) Chrome/113.0.0.0 Safari/537.36"
::ffff:190.17.175.121 - - [29/May/2023:19:15:12 +0000] "GET /images/schools/nunleykaratedomap.jpg HTTP/1.1" 200 42667 "http://wadokikai.org/" "Mozilla/5.0 (Windows NT 10.0; Win64; x64) AppleWebKit/537.36 (KHTML, like Gecko) Chrome/113.0.0.0 Safari/537.36"
::ffff:190.17.175.121 - - [29/May/2023:19:15:12 +0000] "GET /images/schools/marinkaratedomap.jpg HTTP/1.1" 200 32400 "http://wadokikai.org/" "Mozilla/5.0 (Windows NT 10.0; Win64; x64) AppleWebKit/537.36 (KHTML, like Gecko) Chrome/113.0.0.0 Safari/537.36"
::ffff:190.17.175.121 - - [29/May/2023:19:15:12 +0000] "GET /images/schools/earhartkaratedomap.jpg HTTP/1.1" 200 41366 "http://wadokikai.org/" "Mozilla/5.0 (Windows NT 10.0; Win64; x64) AppleWebKit/537.36 (KHTML, like Gecko) Chrome/113.0.0.0 Safari/537.36"
::ffff:190.17.175.121 - - [29/May/2023:19:15:12 +0000] "GET /images/schools/martinezkaratedomap.jpg HTTP/1.1" 200 37724 "http://wadokikai.org/" "Mozilla/5.0 (Windows NT 10.0; Win64; x64) AppleWebKit/537.36 (KHTML, like Gecko) Chrome/113.0.0.0 Safari/537.36"
::ffff:190.17.175.121 - - [29/May/2023:19:15:12 +0000] "GET /images/schools/manzanitakaratedomap.jpg HTTP/1.1" 200 55402 "http://wadokikai.org/" "Mozilla/5.0 (Windows NT 10.0; Win64; x64) AppleWebKit/537.36 (KHTML, like Gecko) Chrome/113.0.0.0 Safari/537.36"
::ffff:190.17.175.121 - - [29/May/2023:19:15:12 +0000] "GET /images/dragon-trans.png HTTP/1.1" 200 85661 "http://wadokikai.org/" "Mozilla/5.0 (Windows NT 10.0; Win64; x64) AppleWebKit/537.36 (KHTML, like Gecko) Chrome/113.0.0.0 Safari/537.36"
::ffff:190.17.175.121 - - [29/May/2023:19:15:12 +0000] "GET /images/favicon.ico HTTP/1.1" 200 3638 "http://wadokikai.org/" "Mozilla/5.0 (Windows NT 10.0; Win64; x64) AppleWebKit/537.36 (KHTML, like Gecko) Chrome/113.0.0.0 Safari/537.36"
::ffff:190.17.175.121 - - [29/May/2023:19:15:16 +0000] "GET /images/tiger.bmp HTTP/1.1" 200 311274 "http://wadokikai.org/" "Mozilla/5.0 (Windows NT 10.0; Win64; x64) AppleWebKit/537.36 (KHTML, like Gecko) Chrome/113.0.0.0 Safari/537.36"
::ffff:190.17.175.121 - - [29/May/2023:19:15:20 +0000] "GET /images/wadokikai%20kanji.jpg HTTP/1.1" 200 35066 "http://wadokikai.org/" "Mozilla/5.0 (Windows NT 10.0; Win64; x64) AppleWebKit/537.36 (KHTML, like Gecko) Chrome/113.0.0.0 Safari/537.36"
::ffff:190.17.175.121 - - [29/May/2023:19:15:44 +0000] "GET /images/wadokikai%20kanji.jpg HTTP/1.1" 304 - "http://wadokikai.org/" "Mozilla/5.0 (Windows NT 10.0; Win64; x64) AppleWebKit/537.36 (KHTML, like Gecko) Chrome/113.0.0.0 Safari/537.36"
::ffff:190.17.175.121 - - [29/May/2023:19:15:48 +0000] "GET /images/dragon-trans.png HTTP/1.1" 304 - "http://wadokikai.org/" "Mozilla/5.0 (Windows NT 10.0; Win64; x64) AppleWebKit/537.36 (KHTML, like Gecko) Chrome/113.0.0.0 Safari/537.36"
::ffff:66.249.79.190 - - [29/May/2023:19:16:05 +0000] "GET / HTTP/1.1" 200 57394 "-" "Mozilla/5.0 (Linux; Android 6.0.1; Nexus 5X Build/MMB29P) AppleWebKit/537.36 (KHTML, like Gecko) Chrome/113.0.5672.126 Mobile Safari/537.36 (compatible; Googlebot/2.1; +http://www.google.com/bot.html)"
::ffff:43.155.118.219 - - [29/May/2023:19:17:47 +0000] "HEAD /Core/Skin/Login.aspx HTTP/1.1" 404 160 "-" "Mozilla/5.0 (Windows NT 10.0; Win64; x64) AppleWebKit/537.36 (KHTML, like Gecko) Chrome/106.0.0.0 Safari/537.36"
::ffff:190.17.175.121 - - [29/May/2023:19:18:32 +0000] "GET /images/wadokikai%20kanji.jpg HTTP/1.1" 304 - "http://wadokikai.org/" "Mozilla/5.0 (Windows NT 10.0; Win64; x64) AppleWebKit/537.36 (KHTML, like Gecko) Chrome/113.0.0.0 Safari/537.36"
::ffff:190.17.175.121 - - [29/May/2023:19:18:36 +0000] "GET /images/dragon-trans.png HTTP/1.1" 304 - "http://wadokikai.org/" "Mozilla/5.0 (Windows NT 10.0; Win64; x64) AppleWebKit/537.36 (KHTML, like Gecko) Chrome/113.0.0.0 Safari/537.36"
::ffff:45.79.171.66 - - [29/May/2023:19:23:20 +0000] "GET /service.php?token=1819&action=11 HTTP/1.0" 404 150 "-" "-"
::ffff:185.224.128.219 - - [29/May/2023:19:44:37 +0000] "GET //admin/config.php HTTP/1.1" 404 156 "-" "python-requests/2.22.0"
::ffff:83.97.73.89 - - [29/May/2023:19:51:26 +0000] "GET / HTTP/1.1" 200 57394 "-" "Mozilla/5.0 (Windows NT 10.0; Win64; x64) AppleWebKit/537.36 (KHTML, like Gecko) Chrome/78.0.3904.108 Safari/537.36"
::ffff:66.249.79.161 - - [29/May/2023:20:13:19 +0000] "GET /js/common.js HTTP/1.1" 200 2255 "https://www.wadokikai.org/" "Mozilla/5.0 (Linux; Android 6.0.1; Nexus 5X Build/MMB29P) AppleWebKit/537.36 (KHTML, like Gecko) Chrome/113.0.5672.126 Mobile Safari/537.36 (compatible; Googlebot/2.1; +http://www.google.com/bot.html)"
::ffff:66.249.79.190 - - [29/May/2023:20:13:19 +0000] "GET /css/wadokikai.css HTTP/1.1" 200 4337 "https://www.wadokikai.org/" "Mozilla/5.0 (Linux; Android 6.0.1; Nexus 5X Build/MMB29P) AppleWebKit/537.36 (KHTML, like Gecko) Chrome/113.0.5672.126 Mobile Safari/537.36 (compatible; Googlebot/2.1; +http://www.google.com/bot.html)"
::ffff:66.249.79.161 - - [29/May/2023:20:13:24 +0000] "GET /favicon.ico HTTP/1.1" 404 150 "-" "Googlebot-Image/1.0"
::ffff:135.125.217.54 - - [29/May/2023:20:23:33 +0000] "GET /.env HTTP/1.1" 404 143 "-" "Mozilla/5.0 (X11; Linux x86_64) AppleWebKit/537.36 (KHTML, like Gecko) Chrome/81.0.4044.129 Safari/537.36"
::ffff:135.125.217.54 - - [29/May/2023:20:23:33 +0000] "POST / HTTP/1.1" 404 140 "-" "Mozilla/5.0 (X11; Linux x86_64) AppleWebKit/537.36 (KHTML, like Gecko) Chrome/81.0.4044.129 Safari/537.36"
::ffff:45.128.232.62 - - [29/May/2023:20:25:01 +0000] "POST /boaform/admin/formLogin HTTP/1.1" 404 163 "http://34.212.47.6:80/admin/login.asp" "Mozilla/5.0 (X11; Ubuntu; Linux x86_64; rv:71.0) Gecko/20100101 Firefox/71.0"
::ffff:45.79.171.66 - - [29/May/2023:20:27:53 +0000] "GET /service.php?token=1819&action=11 HTTP/1.0" 404 150 "-" "-"
::ffff:141.95.74.78 - - [29/May/2023:20:30:02 +0000] "GET /.env HTTP/1.1" 404 143 "-" "Mozilla/5.0 (X11; Linux x86_64) AppleWebKit/537.36 (KHTML, like Gecko) Chrome/81.0.4044.129 Safari/537.36"
::ffff:141.95.74.78 - - [29/May/2023:20:30:03 +0000] "POST / HTTP/1.1" 404 140 "-" "Mozilla/5.0 (X11; Linux x86_64) AppleWebKit/537.36 (KHTML, like Gecko) Chrome/81.0.4044.129 Safari/537.36"
::ffff:45.79.171.66 - - [29/May/2023:20:31:03 +0000] "GET /service.php?token=1819&action=11 HTTP/1.0" 404 150 "-" "-"
::ffff:43.155.118.219 - - [29/May/2023:20:36:05 +0000] "HEAD /Core/Skin/Login.aspx HTTP/1.1" 404 160 "-" "Mozilla/5.0 (Windows NT 10.0; Win64; x64) AppleWebKit/537.36 (KHTML, like Gecko) Chrome/106.0.0.0 Safari/537.36"
::ffff:190.17.175.121 - - [29/May/2023:20:42:26 +0000] "GET /images/tiger.bmp HTTP/1.1" 200 311274 "http://wadokikai.org/" "Mozilla/5.0 (Windows NT 10.0; Win64; x64) AppleWebKit/537.36 (KHTML, like Gecko) Chrome/113.0.0.0 Safari/537.36"
::ffff:190.17.175.121 - - [29/May/2023:20:43:26 +0000] "GET /images/wadokikai%20kanji.jpg HTTP/1.1" 304 - "http://wadokikai.org/" "Mozilla/5.0 (Windows NT 10.0; Win64; x64) AppleWebKit/537.36 (KHTML, like Gecko) Chrome/113.0.0.0 Safari/537.36"
::ffff:66.249.79.164 - - [29/May/2023:20:45:16 +0000] "GET /css/wadokikai.css HTTP/1.1" 200 4337 "https://www.wadokikai.org/" "Mozilla/5.0 AppleWebKit/537.36 (KHTML, like Gecko; compatible; Googlebot/2.1; +http://www.google.com/bot.html) Chrome/113.0.5672.126 Safari/537.36"
::ffff:83.97.73.89 - - [29/May/2023:20:53:21 +0000] "GET /actuator/gateway/routes HTTP/1.1" 404 162 "-" "Mozilla/5.0 (Windows NT 10.0; Win64; x64) AppleWebKit/537.36 (KHTML, like Gecko) Chrome/78.0.3904.108 Safari/537.36"
::ffff:47.88.31.213 - - [29/May/2023:20:56:28 +0000] "POST /query HTTP/1.1" 404 145 "-" "Mozilla/5.0 (Windows NT 10.0; Win64; x64) AppleWebKit/537.36 (KHTML, like Gecko) Chrome/112.0.0.0 Safari/537.36 Edg/112.0.1722.48"
::ffff:66.249.79.163 - - [29/May/2023:20:57:03 +0000] "GET /robots.txt HTTP/1.1" 404 149 "-" "Mozilla/5.0 (compatible; Googlebot/2.1; +http://www.google.com/bot.html)"
::ffff:66.249.79.191 - - [29/May/2023:20:57:03 +0000] "GET /images/instructors/amahalatinia.jpg HTTP/1.1" 200 84763 "-" "Googlebot-Image/1.0"
::ffff:190.17.175.121 - - [29/May/2023:21:02:26 +0000] "GET /images/tiger.bmp HTTP/1.1" 304 - "http://wadokikai.org/" "Mozilla/5.0 (Windows NT 10.0; Win64; x64) AppleWebKit/537.36 (KHTML, like Gecko) Chrome/113.0.0.0 Safari/537.36"
::ffff:190.17.175.121 - - [29/May/2023:21:02:27 +0000] "GET /contact HTTP/1.1" 200 10017 "http://wadokikai.org/" "Mozilla/5.0 (Windows NT 10.0; Win64; x64) AppleWebKit/537.36 (KHTML, like Gecko) Chrome/113.0.0.0 Safari/537.36"
::ffff:190.17.175.121 - - [29/May/2023:21:02:27 +0000] "GET /css/wadokikai.css HTTP/1.1" 200 4337 "http://wadokikai.org/contact" "Mozilla/5.0 (Windows NT 10.0; Win64; x64) AppleWebKit/537.36 (KHTML, like Gecko) Chrome/113.0.0.0 Safari/537.36"
::ffff:190.17.175.121 - - [29/May/2023:21:02:27 +0000] "GET /js/common.js HTTP/1.1" 200 2255 "http://wadokikai.org/contact" "Mozilla/5.0 (Windows NT 10.0; Win64; x64) AppleWebKit/537.36 (KHTML, like Gecko) Chrome/113.0.0.0 Safari/537.36"
::ffff:190.17.175.121 - - [29/May/2023:21:02:27 +0000] "GET /images/wkkpatch22_med.png HTTP/1.1" 200 32301 "http://wadokikai.org/contact" "Mozilla/5.0 (Windows NT 10.0; Win64; x64) AppleWebKit/537.36 (KHTML, like Gecko) Chrome/113.0.0.0 Safari/537.36"
