::ffff:52.167.144.44 - - [03/Apr/2023:12:52:22 +0000] "GET / HTTP/1.1" 200 58146 "-" "Mozilla/5.0 AppleWebKit/537.36 (KHTML, like Gecko; compatible; bingbot/2.0; +http://www.bing.com/bingbot.htm) Chrome/103.0.5060.134 Safari/537.36"
::ffff:193.32.162.159 - - [03/Apr/2023:12:52:27 +0000] "GET /dispatch.asp HTTP/1.1" 404 151 "-" "Mozilla/5.0 (Windows NT 10.0; Win64; x64) AppleWebKit/537.36 (KHTML, like Gecko) Chrome/90.0.4430.85 Safari/537.36 Edg/90.0.818.46"
::ffff:141.95.74.78 - - [03/Apr/2023:13:10:05 +0000] "GET /.env HTTP/1.1" 404 143 "-" "Mozilla/5.0 (X11; Linux x86_64) AppleWebKit/537.36 (KHTML, like Gecko) Chrome/81.0.4044.129 Safari/537.36"
::ffff:141.95.74.78 - - [03/Apr/2023:13:10:07 +0000] "POST / HTTP/1.1" 404 140 "-" "Mozilla/5.0 (X11; Linux x86_64) AppleWebKit/537.36 (KHTML, like Gecko) Chrome/81.0.4044.129 Safari/537.36"
::ffff:43.155.118.219 - - [03/Apr/2023:13:14:09 +0000] "HEAD /Core/Skin/Login.aspx HTTP/1.1" 404 160 "-" "Mozilla/5.0 (Windows NT 10.0; Win64; x64) AppleWebKit/537.36 (KHTML, like Gecko) Chrome/106.0.0.0 Safari/537.36"
::ffff:51.222.253.16 - - [03/Apr/2023:13:49:24 +0000] "GET /robots.txt HTTP/1.1" 404 149 "-" "Mozilla/5.0 (compatible; AhrefsBot/7.0; +http://ahrefs.com/robot/)"
::ffff:51.222.253.13 - - [03/Apr/2023:13:49:25 +0000] "GET / HTTP/1.1" 200 58146 "-" "Mozilla/5.0 (compatible; AhrefsBot/7.0; +http://ahrefs.com/robot/)"
::ffff:51.222.253.4 - - [03/Apr/2023:13:49:28 +0000] "GET /images/schools/harborbaykaratedomap.jpg HTTP/1.1" 200 37245 "-" "Mozilla/5.0 (compatible; AhrefsBot/7.0; +http://ahrefs.com/robot/)"
::ffff:51.222.253.8 - - [03/Apr/2023:13:49:29 +0000] "GET /images/schools/corpuzkaratedomap.jpg HTTP/1.1" 200 36421 "-" "Mozilla/5.0 (compatible; AhrefsBot/7.0; +http://ahrefs.com/robot/)"
::ffff:51.222.253.17 - - [03/Apr/2023:13:49:29 +0000] "GET /images/wkkpatch22_med.png HTTP/1.1" 200 32301 "-" "Mozilla/5.0 (compatible; AhrefsBot/7.0; +http://ahrefs.com/robot/)"
::ffff:51.222.253.9 - - [03/Apr/2023:13:49:30 +0000] "GET /images/schools/orindakaratedomap.jpg HTTP/1.1" 200 34167 "-" "Mozilla/5.0 (compatible; AhrefsBot/7.0; +http://ahrefs.com/robot/)"
::ffff:51.222.253.9 - - [03/Apr/2023:13:49:30 +0000] "GET /css/wadokikai.css HTTP/1.1" 200 4337 "-" "Mozilla/5.0 (compatible; AhrefsBot/7.0; +http://ahrefs.com/robot/)"
::ffff:51.222.253.6 - - [03/Apr/2023:13:49:31 +0000] "GET /images/schools/earhartkaratedomap.jpg HTTP/1.1" 200 41366 "-" "Mozilla/5.0 (compatible; AhrefsBot/7.0; +http://ahrefs.com/robot/)"
::ffff:51.222.253.5 - - [03/Apr/2023:13:49:32 +0000] "GET /js/common.js HTTP/1.1" 200 2255 "-" "Mozilla/5.0 (compatible; AhrefsBot/7.0; +http://ahrefs.com/robot/)"
::ffff:51.222.253.16 - - [03/Apr/2023:13:49:32 +0000] "GET /images/schools/martinezkaratedomap.jpg HTTP/1.1" 200 37724 "-" "Mozilla/5.0 (compatible; AhrefsBot/7.0; +http://ahrefs.com/robot/)"
::ffff:51.222.253.16 - - [03/Apr/2023:13:49:33 +0000] "GET /images/schools/marinkaratedomap.jpg HTTP/1.1" 200 32400 "-" "Mozilla/5.0 (compatible; AhrefsBot/7.0; +http://ahrefs.com/robot/)"
::ffff:51.222.253.13 - - [03/Apr/2023:13:49:35 +0000] "GET /images/schools/manzanitakaratedomap.jpg HTTP/1.1" 200 55402 "-" "Mozilla/5.0 (compatible; AhrefsBot/7.0; +http://ahrefs.com/robot/)"
::ffff:51.222.253.14 - - [03/Apr/2023:13:49:35 +0000] "GET /images/schools/dcakaratedomap.jpg HTTP/1.1" 200 35262 "-" "Mozilla/5.0 (compatible; AhrefsBot/7.0; +http://ahrefs.com/robot/)"
::ffff:51.222.253.2 - - [03/Apr/2023:13:49:36 +0000] "GET /images/schools/nunleykaratedomap.jpg HTTP/1.1" 200 42667 "-" "Mozilla/5.0 (compatible; AhrefsBot/7.0; +http://ahrefs.com/robot/)"
::ffff:51.222.253.11 - - [03/Apr/2023:13:49:37 +0000] "GET /images/schools/alamedakaratedomap.jpg HTTP/1.1" 200 38311 "-" "Mozilla/5.0 (compatible; AhrefsBot/7.0; +http://ahrefs.com/robot/)"
::ffff:179.43.177.242 - - [03/Apr/2023:14:03:12 +0000] "GET / HTTP/1.1" 200 58146 "-" "Hello World"
::ffff:167.248.133.37 - - [03/Apr/2023:14:06:21 +0000] "GET / HTTP/1.1" 200 58146 "-" "-"
::ffff:167.248.133.37 - - [03/Apr/2023:14:06:21 +0000] "GET / HTTP/1.1" 200 58146 "-" "Mozilla/5.0 (compatible; CensysInspect/1.1; +https://about.censys.io/)"
::ffff:167.248.133.37 - - [03/Apr/2023:14:06:21 +0000] "PRI * HTTP/2.0" - - "-" "-"
::ffff:167.248.133.37 - - [03/Apr/2023:14:06:21 +0000] "GET /images/favicon.ico HTTP/1.1" 200 3638 "-" "Mozilla/5.0 (compatible; CensysInspect/1.1; +https://about.censys.io/)"
::ffff:167.248.133.37 - - [03/Apr/2023:14:06:22 +0000] "GET /favicon.ico HTTP/1.1" 404 150 "-" "Mozilla/5.0 (compatible; CensysInspect/1.1; +https://about.censys.io/)"
::ffff:73.162.163.15 - - [03/Apr/2023:14:30:05 +0000] "GET /css/wadokikai.css HTTP/1.1" 304 - "http://wadokikai.org/" "Mozilla/5.0 (Windows NT 10.0; Win64; x64) AppleWebKit/537.36 (KHTML, like Gecko) Chrome/111.0.0.0 Safari/537.36"
::ffff:73.162.163.15 - - [03/Apr/2023:14:30:05 +0000] "GET /js/common.js HTTP/1.1" 304 - "http://wadokikai.org/" "Mozilla/5.0 (Windows NT 10.0; Win64; x64) AppleWebKit/537.36 (KHTML, like Gecko) Chrome/111.0.0.0 Safari/537.36"
::ffff:73.162.163.15 - - [03/Apr/2023:14:30:05 +0000] "GET /images/wkkpatch22_med.png HTTP/1.1" 304 - "http://wadokikai.org/" "Mozilla/5.0 (Windows NT 10.0; Win64; x64) AppleWebKit/537.36 (KHTML, like Gecko) Chrome/111.0.0.0 Safari/537.36"
::ffff:73.162.163.15 - - [03/Apr/2023:14:30:05 +0000] "GET /images/schools/alamedakaratedomap.jpg HTTP/1.1" 304 - "http://wadokikai.org/" "Mozilla/5.0 (Windows NT 10.0; Win64; x64) AppleWebKit/537.36 (KHTML, like Gecko) Chrome/111.0.0.0 Safari/537.36"
::ffff:73.162.163.15 - - [03/Apr/2023:14:30:05 +0000] "GET /images/schools/orindakaratedomap.jpg HTTP/1.1" 304 - "http://wadokikai.org/" "Mozilla/5.0 (Windows NT 10.0; Win64; x64) AppleWebKit/537.36 (KHTML, like Gecko) Chrome/111.0.0.0 Safari/537.36"
::ffff:73.162.163.15 - - [03/Apr/2023:14:30:05 +0000] "GET /images/schools/dcakaratedomap.jpg HTTP/1.1" 304 - "http://wadokikai.org/" "Mozilla/5.0 (Windows NT 10.0; Win64; x64) AppleWebKit/537.36 (KHTML, like Gecko) Chrome/111.0.0.0 Safari/537.36"
::ffff:73.162.163.15 - - [03/Apr/2023:14:30:09 +0000] "GET /images/schools/harborbaykaratedomap.jpg HTTP/1.1" 304 - "http://wadokikai.org/" "Mozilla/5.0 (Windows NT 10.0; Win64; x64) AppleWebKit/537.36 (KHTML, like Gecko) Chrome/111.0.0.0 Safari/537.36"
::ffff:73.162.163.15 - - [03/Apr/2023:14:30:09 +0000] "GET /images/schools/corpuzkaratedomap.jpg HTTP/1.1" 304 - "http://wadokikai.org/" "Mozilla/5.0 (Windows NT 10.0; Win64; x64) AppleWebKit/537.36 (KHTML, like Gecko) Chrome/111.0.0.0 Safari/537.36"
::ffff:73.162.163.15 - - [03/Apr/2023:14:30:09 +0000] "GET /images/schools/nunleykaratedomap.jpg HTTP/1.1" 304 - "http://wadokikai.org/" "Mozilla/5.0 (Windows NT 10.0; Win64; x64) AppleWebKit/537.36 (KHTML, like Gecko) Chrome/111.0.0.0 Safari/537.36"
::ffff:73.162.163.15 - - [03/Apr/2023:14:30:09 +0000] "GET /images/schools/marinkaratedomap.jpg HTTP/1.1" 304 - "http://wadokikai.org/" "Mozilla/5.0 (Windows NT 10.0; Win64; x64) AppleWebKit/537.36 (KHTML, like Gecko) Chrome/111.0.0.0 Safari/537.36"
::ffff:73.162.163.15 - - [03/Apr/2023:14:30:09 +0000] "GET /images/schools/earhartkaratedomap.jpg HTTP/1.1" 304 - "http://wadokikai.org/" "Mozilla/5.0 (Windows NT 10.0; Win64; x64) AppleWebKit/537.36 (KHTML, like Gecko) Chrome/111.0.0.0 Safari/537.36"
::ffff:73.162.163.15 - - [03/Apr/2023:14:30:09 +0000] "GET /images/schools/martinezkaratedomap.jpg HTTP/1.1" 304 - "http://wadokikai.org/" "Mozilla/5.0 (Windows NT 10.0; Win64; x64) AppleWebKit/537.36 (KHTML, like Gecko) Chrome/111.0.0.0 Safari/537.36"
::ffff:73.162.163.15 - - [03/Apr/2023:14:30:09 +0000] "GET /images/schools/manzanitakaratedomap.jpg HTTP/1.1" 304 - "http://wadokikai.org/" "Mozilla/5.0 (Windows NT 10.0; Win64; x64) AppleWebKit/537.36 (KHTML, like Gecko) Chrome/111.0.0.0 Safari/537.36"
::ffff:73.162.163.15 - - [03/Apr/2023:14:30:09 +0000] "GET /images/dragon-trans.png HTTP/1.1" 304 - "http://wadokikai.org/" "Mozilla/5.0 (Windows NT 10.0; Win64; x64) AppleWebKit/537.36 (KHTML, like Gecko) Chrome/111.0.0.0 Safari/537.36"
::ffff:73.162.163.15 - - [03/Apr/2023:14:30:13 +0000] "GET /resources HTTP/1.1" 304 - "http://wadokikai.org/" "Mozilla/5.0 (Windows NT 10.0; Win64; x64) AppleWebKit/537.36 (KHTML, like Gecko) Chrome/111.0.0.0 Safari/537.36"
::ffff:73.162.163.15 - - [03/Apr/2023:14:30:13 +0000] "GET /css/wadokikai.css HTTP/1.1" 304 - "http://wadokikai.org/resources" "Mozilla/5.0 (Windows NT 10.0; Win64; x64) AppleWebKit/537.36 (KHTML, like Gecko) Chrome/111.0.0.0 Safari/537.36"
::ffff:73.162.163.15 - - [03/Apr/2023:14:30:13 +0000] "GET /js/common.js HTTP/1.1" 304 - "http://wadokikai.org/resources" "Mozilla/5.0 (Windows NT 10.0; Win64; x64) AppleWebKit/537.36 (KHTML, like Gecko) Chrome/111.0.0.0 Safari/537.36"
::ffff:73.162.163.15 - - [03/Apr/2023:14:30:13 +0000] "GET /images/wkkpatch22_med.png HTTP/1.1" 304 - "http://wadokikai.org/resources" "Mozilla/5.0 (Windows NT 10.0; Win64; x64) AppleWebKit/537.36 (KHTML, like Gecko) Chrome/111.0.0.0 Safari/537.36"
::ffff:73.162.163.15 - - [03/Apr/2023:14:30:13 +0000] "GET /images/books/MBS2.jpg HTTP/1.1" 304 - "http://wadokikai.org/resources" "Mozilla/5.0 (Windows NT 10.0; Win64; x64) AppleWebKit/537.36 (KHTML, like Gecko) Chrome/111.0.0.0 Safari/537.36"
::ffff:73.162.163.15 - - [03/Apr/2023:14:30:13 +0000] "GET /images/books/MBS.gif HTTP/1.1" 304 - "http://wadokikai.org/resources" "Mozilla/5.0 (Windows NT 10.0; Win64; x64) AppleWebKit/537.36 (KHTML, like Gecko) Chrome/111.0.0.0 Safari/537.36"
::ffff:73.162.163.15 - - [03/Apr/2023:14:30:13 +0000] "GET /images/JohnArce.jpg HTTP/1.1" 304 - "http://wadokikai.org/resources" "Mozilla/5.0 (Windows NT 10.0; Win64; x64) AppleWebKit/537.36 (KHTML, like Gecko) Chrome/111.0.0.0 Safari/537.36"
::ffff:73.162.163.15 - - [03/Apr/2023:14:30:13 +0000] "GET /images/tm.jpg HTTP/1.1" 304 - "http://wadokikai.org/resources" "Mozilla/5.0 (Windows NT 10.0; Win64; x64) AppleWebKit/537.36 (KHTML, like Gecko) Chrome/111.0.0.0 Safari/537.36"
::ffff:73.162.163.15 - - [03/Apr/2023:14:30:13 +0000] "GET /images/books/karatebook.jpg HTTP/1.1" 304 - "http://wadokikai.org/resources" "Mozilla/5.0 (Windows NT 10.0; Win64; x64) AppleWebKit/537.36 (KHTML, like Gecko) Chrome/111.0.0.0 Safari/537.36"
::ffff:73.162.163.15 - - [03/Apr/2023:14:30:13 +0000] "GET /images/books/ZenMeditation.jpg HTTP/1.1" 304 - "http://wadokikai.org/resources" "Mozilla/5.0 (Windows NT 10.0; Win64; x64) AppleWebKit/537.36 (KHTML, like Gecko) Chrome/111.0.0.0 Safari/537.36"
::ffff:73.162.163.15 - - [03/Apr/2023:14:30:13 +0000] "GET /images/books/KarateDoZen.jpg HTTP/1.1" 304 - "http://wadokikai.org/resources" "Mozilla/5.0 (Windows NT 10.0; Win64; x64) AppleWebKit/537.36 (KHTML, like Gecko) Chrome/111.0.0.0 Safari/537.36"
::ffff:73.162.163.15 - - [03/Apr/2023:14:30:13 +0000] "GET /images/books/dojoWisdom.jpg HTTP/1.1" 304 - "http://wadokikai.org/resources" "Mozilla/5.0 (Windows NT 10.0; Win64; x64) AppleWebKit/537.36 (KHTML, like Gecko) Chrome/111.0.0.0 Safari/537.36"
::ffff:73.162.163.15 - - [03/Apr/2023:14:30:13 +0000] "GET /images/books/dummies.jpg HTTP/1.1" 304 - "http://wadokikai.org/resources" "Mozilla/5.0 (Windows NT 10.0; Win64; x64) AppleWebKit/537.36 (KHTML, like Gecko) Chrome/111.0.0.0 Safari/537.36"
::ffff:73.162.163.15 - - [03/Apr/2023:14:30:13 +0000] "GET /images/books/bookoffiverings.jpg HTTP/1.1" 304 - "http://wadokikai.org/resources" "Mozilla/5.0 (Windows NT 10.0; Win64; x64) AppleWebKit/537.36 (KHTML, like Gecko) Chrome/111.0.0.0 Safari/537.36"
::ffff:73.162.163.15 - - [03/Apr/2023:14:30:13 +0000] "GET /images/books/saibook.jpg HTTP/1.1" 304 - "http://wadokikai.org/resources" "Mozilla/5.0 (Windows NT 10.0; Win64; x64) AppleWebKit/537.36 (KHTML, like Gecko) Chrome/111.0.0.0 Safari/537.36"
::ffff:73.162.163.15 - - [03/Apr/2023:14:30:13 +0000] "GET /images/books/shotokanSecrets.jpg HTTP/1.1" 304 - "http://wadokikai.org/resources" "Mozilla/5.0 (Windows NT 10.0; Win64; x64) AppleWebKit/537.36 (KHTML, like Gecko) Chrome/111.0.0.0 Safari/537.36"
::ffff:73.162.163.15 - - [03/Apr/2023:14:30:13 +0000] "GET /images/books/guide20.jpg HTTP/1.1" 304 - "http://wadokikai.org/resources" "Mozilla/5.0 (Windows NT 10.0; Win64; x64) AppleWebKit/537.36 (KHTML, like Gecko) Chrome/111.0.0.0 Safari/537.36"
::ffff:73.162.163.15 - - [03/Apr/2023:14:30:13 +0000] "GET /images/books/bobook.gif HTTP/1.1" 304 - "http://wadokikai.org/resources" "Mozilla/5.0 (Windows NT 10.0; Win64; x64) AppleWebKit/537.36 (KHTML, like Gecko) Chrome/111.0.0.0 Safari/537.36"
::ffff:73.162.163.15 - - [03/Apr/2023:14:30:13 +0000] "GET /images/books/emptyHand.jpg HTTP/1.1" 304 - "http://wadokikai.org/resources" "Mozilla/5.0 (Windows NT 10.0; Win64; x64) AppleWebKit/537.36 (KHTML, like Gecko) Chrome/111.0.0.0 Safari/537.36"
::ffff:73.162.163.15 - - [03/Apr/2023:14:30:13 +0000] "GET /images/books/movingzen.jpg HTTP/1.1" 304 - "http://wadokikai.org/resources" "Mozilla/5.0 (Windows NT 10.0; Win64; x64) AppleWebKit/537.36 (KHTML, like Gecko) Chrome/111.0.0.0 Safari/537.36"
::ffff:73.162.163.15 - - [03/Apr/2023:14:30:13 +0000] "GET /images/books/karatedojo.jpg HTTP/1.1" 304 - "http://wadokikai.org/resources" "Mozilla/5.0 (Windows NT 10.0; Win64; x64) AppleWebKit/537.36 (KHTML, like Gecko) Chrome/111.0.0.0 Safari/537.36"
::ffff:73.162.163.15 - - [03/Apr/2023:14:30:13 +0000] "GET /images/books/karatedo.jpg HTTP/1.1" 304 - "http://wadokikai.org/resources" "Mozilla/5.0 (Windows NT 10.0; Win64; x64) AppleWebKit/537.36 (KHTML, like Gecko) Chrome/111.0.0.0 Safari/537.36"
::ffff:73.162.163.15 - - [03/Apr/2023:14:30:13 +0000] "GET /images/books/artofwar.jpg HTTP/1.1" 304 - "http://wadokikai.org/resources" "Mozilla/5.0 (Windows NT 10.0; Win64; x64) AppleWebKit/537.36 (KHTML, like Gecko) Chrome/111.0.0.0 Safari/537.36"
::ffff:73.162.163.15 - - [03/Apr/2023:14:30:13 +0000] "GET /images/books/grappingmethod.jpg HTTP/1.1" 304 - "http://wadokikai.org/resources" "Mozilla/5.0 (Windows NT 10.0; Win64; x64) AppleWebKit/537.36 (KHTML, like Gecko) Chrome/111.0.0.0 Safari/537.36"
::ffff:73.162.163.15 - - [03/Apr/2023:14:30:13 +0000] "GET /images/dragon-trans.png HTTP/1.1" 304 - "http://wadokikai.org/resources" "Mozilla/5.0 (Windows NT 10.0; Win64; x64) AppleWebKit/537.36 (KHTML, like Gecko) Chrome/111.0.0.0 Safari/537.36"
::ffff:73.162.163.15 - - [03/Apr/2023:14:30:16 +0000] "GET /images/tiger.bmp HTTP/1.1" 304 - "http://wadokikai.org/resources" "Mozilla/5.0 (Windows NT 10.0; Win64; x64) AppleWebKit/537.36 (KHTML, like Gecko) Chrome/111.0.0.0 Safari/537.36"
::ffff:73.162.163.15 - - [03/Apr/2023:14:30:25 +0000] "GET /images/favicon.ico HTTP/1.1" 304 - "http://wadokikai.org/resources" "Mozilla/5.0 (Windows NT 10.0; Win64; x64) AppleWebKit/537.36 (KHTML, like Gecko) Chrome/111.0.0.0 Safari/537.36"
::ffff:73.162.163.15 - - [03/Apr/2023:14:30:41 +0000] "GET /images/dragon-trans.png HTTP/1.1" 304 - "http://wadokikai.org/resources" "Mozilla/5.0 (Windows NT 10.0; Win64; x64) AppleWebKit/537.36 (KHTML, like Gecko) Chrome/111.0.0.0 Safari/537.36"
::ffff:43.155.118.219 - - [03/Apr/2023:14:34:08 +0000] "HEAD /Core/Skin/Login.aspx HTTP/1.1" 404 160 "-" "Mozilla/5.0 (Windows NT 10.0; Win64; x64) AppleWebKit/537.36 (KHTML, like Gecko) Chrome/106.0.0.0 Safari/537.36"
::ffff:73.162.163.15 - - [03/Apr/2023:14:34:52 +0000] "GET /images/dragon-trans.png HTTP/1.1" 304 - "http://wadokikai.org/resources" "Mozilla/5.0 (Windows NT 10.0; Win64; x64) AppleWebKit/537.36 (KHTML, like Gecko) Chrome/111.0.0.0 Safari/537.36"
::ffff:73.162.163.15 - - [03/Apr/2023:14:34:55 +0000] "GET /images/tiger.bmp HTTP/1.1" 304 - "http://wadokikai.org/resources" "Mozilla/5.0 (Windows NT 10.0; Win64; x64) AppleWebKit/537.36 (KHTML, like Gecko) Chrome/111.0.0.0 Safari/537.36"
::ffff:73.162.163.15 - - [03/Apr/2023:14:36:52 +0000] "GET /images/tiger.bmp HTTP/1.1" 304 - "http://wadokikai.org/resources" "Mozilla/5.0 (Windows NT 10.0; Win64; x64) AppleWebKit/537.36 (KHTML, like Gecko) Chrome/111.0.0.0 Safari/537.36"
::ffff:52.26.26.14 - - [03/Apr/2023:14:39:18 +0000] "GET / HTTP/1.1" 200 58146 "-" "Mozilla/5.0 (X11; Linux x86_64) AppleWebKit/537.36 (KHTML, like Gecko) Chrome/83.0.4103.97 Safari/537.36"
::ffff:54.185.146.19 - - [03/Apr/2023:14:39:52 +0000] "GET / HTTP/1.1" 200 58146 "-" "Mozilla/5.0 (X11; Linux x86_64) AppleWebKit/537.36 (KHTML, like Gecko) Chrome/83.0.4103.97 Safari/537.36"
::ffff:54.244.63.254 - - [03/Apr/2023:14:39:59 +0000] "GET /favicon.ico HTTP/1.1" 404 150 "-" "Mozilla/5.0 (X11; Linux x86_64) AppleWebKit/537.36 (KHTML, like Gecko) Chrome/83.0.4103.97 Safari/537.36"
::ffff:54.244.63.254 - - [03/Apr/2023:14:40:01 +0000] "GET / HTTP/1.1" 200 58146 "-" "Mozilla/5.0 (X11; Linux x86_64) AppleWebKit/537.36 (KHTML, like Gecko) Chrome/83.0.4103.97 Safari/537.36"
::ffff:34.217.179.41 - - [03/Apr/2023:14:40:17 +0000] "GET /favicon.ico HTTP/1.1" 404 150 "-" "Mozilla/5.0 (X11; Linux x86_64) AppleWebKit/537.36 (KHTML, like Gecko) Chrome/83.0.4103.97 Safari/537.36"
::ffff:34.217.179.41 - - [03/Apr/2023:14:40:20 +0000] "GET / HTTP/1.1" 200 58146 "-" "Mozilla/5.0 (X11; Linux x86_64) AppleWebKit/537.36 (KHTML, like Gecko) Chrome/83.0.4103.97 Safari/537.36"
::ffff:135.125.217.54 - - [03/Apr/2023:14:43:16 +0000] "GET /.env HTTP/1.1" 404 143 "-" "Mozilla/5.0 (X11; Linux x86_64) AppleWebKit/537.36 (KHTML, like Gecko) Chrome/81.0.4044.129 Safari/537.36"
::ffff:135.125.217.54 - - [03/Apr/2023:14:43:16 +0000] "POST / HTTP/1.1" 404 140 "-" "Mozilla/5.0 (X11; Linux x86_64) AppleWebKit/537.36 (KHTML, like Gecko) Chrome/81.0.4044.129 Safari/537.36"
::ffff:45.77.239.190 - - [03/Apr/2023:14:44:01 +0000] "GET /.env HTTP/1.1" 404 143 "-" "Mozilla/5.0 (X11; Linux x86_64) AppleWebKit/537.36 (KHTML, like Gecko) Chrome/81.0.4044.129 Safari/537.36"
::ffff:45.77.239.190 - - [03/Apr/2023:14:44:02 +0000] "POST / HTTP/1.1" 404 140 "-" "Mozilla/5.0 (X11; Linux x86_64) AppleWebKit/537.36 (KHTML, like Gecko) Chrome/81.0.4044.129 Safari/537.36"
::ffff:193.235.141.7 - - [03/Apr/2023:14:58:44 +0000] "GET / HTTP/1.1" 200 58146 "-" "Mozilla/5.0 (Windows NT 10.0; Win64; x64) AppleWebKit/537.36 (KHTML, like Gecko) Chrome/105.0.0.0 Safari/537.36"
::ffff:193.235.141.7 - - [03/Apr/2023:14:58:45 +0000] "GET /images/favicon.ico HTTP/1.1" 200 3638 "-" "Mozilla/5.0 (Windows NT 10.0; Win64; x64) AppleWebKit/537.36 (KHTML, like Gecko) Chrome/105.0.0.0 Safari/537.36"
::ffff:52.167.144.45 - - [03/Apr/2023:15:12:08 +0000] "GET / HTTP/1.1" 200 58146 "-" "Mozilla/5.0 AppleWebKit/537.36 (KHTML, like Gecko; compatible; bingbot/2.0; +http://www.bing.com/bingbot.htm) Chrome/103.0.5060.134 Safari/537.36"
::ffff:141.95.74.78 - - [03/Apr/2023:15:22:46 +0000] "GET /.env HTTP/1.1" 404 143 "-" "Mozilla/5.0 (X11; Linux x86_64) AppleWebKit/537.36 (KHTML, like Gecko) Chrome/81.0.4044.129 Safari/537.36"
::ffff:141.95.74.78 - - [03/Apr/2023:15:22:47 +0000] "POST / HTTP/1.1" 404 140 "-" "Mozilla/5.0 (X11; Linux x86_64) AppleWebKit/537.36 (KHTML, like Gecko) Chrome/81.0.4044.129 Safari/537.36"
::ffff:185.254.196.173 - - [03/Apr/2023:15:42:39 +0000] "GET /.env HTTP/1.1" 404 143 "-" "Mozilla/5.0 (X11; Linux x86_64) AppleWebKit/537.36 (KHTML, like Gecko) Chrome/81.0.4044.129 Safari/537.36"
::ffff:185.254.196.173 - - [03/Apr/2023:15:42:39 +0000] "POST / HTTP/1.1" 404 140 "-" "Mozilla/5.0 (X11; Linux x86_64) AppleWebKit/537.36 (KHTML, like Gecko) Chrome/81.0.4044.129 Safari/537.36"
::ffff:193.32.162.159 - - [03/Apr/2023:15:42:58 +0000] "GET / HTTP/1.1" 200 58146 "-" "Mozilla/5.0 (Windows NT 10.0; Win64; x64) AppleWebKit/537.36 (KHTML, like Gecko) Chrome/90.0.4430.85 Safari/537.36 Edg/90.0.818.46"
::ffff:193.32.162.159 - - [03/Apr/2023:15:43:03 +0000] "GET /dispatch.asp HTTP/1.1" 404 151 "-" "Mozilla/5.0 (Windows NT 10.0; Win64; x64) AppleWebKit/537.36 (KHTML, like Gecko) Chrome/90.0.4430.85 Safari/537.36 Edg/90.0.818.46"
::ffff:66.249.70.66 - - [03/Apr/2023:15:44:50 +0000] "GET /robots.txt HTTP/1.1" 404 149 "-" "Mozilla/5.0 (compatible; Googlebot/2.1; +http://www.google.com/bot.html)"
::ffff:66.249.70.70 - - [03/Apr/2023:15:44:50 +0000] "GET /ads.txt HTTP/1.1" 404 146 "-" "Mozilla/5.0 (compatible; Googlebot/2.1; +http://www.google.com/bot.html)"
::ffff:45.81.243.34 - - [03/Apr/2023:15:48:24 +0000] "GET / HTTP/1.1" 200 58146 "-" "-"
::ffff:45.81.243.34 - - [03/Apr/2023:15:48:32 +0000] "POST /HNAP1/ HTTP/1.1" 404 146 "-" "Mozila/5.0"
::ffff:43.155.118.219 - - [03/Apr/2023:15:54:16 +0000] "HEAD /Core/Skin/Login.aspx HTTP/1.1" 404 160 "-" "Mozilla/5.0 (Windows NT 10.0; Win64; x64) AppleWebKit/537.36 (KHTML, like Gecko) Chrome/106.0.0.0 Safari/537.36"
::ffff:135.125.217.54 - - [03/Apr/2023:16:00:32 +0000] "GET /.env HTTP/1.1" 404 143 "-" "Mozilla/5.0 (X11; Linux x86_64) AppleWebKit/537.36 (KHTML, like Gecko) Chrome/81.0.4044.129 Safari/537.36"
::ffff:135.125.217.54 - - [03/Apr/2023:16:00:32 +0000] "POST / HTTP/1.1" 404 140 "-" "Mozilla/5.0 (X11; Linux x86_64) AppleWebKit/537.36 (KHTML, like Gecko) Chrome/81.0.4044.129 Safari/537.36"
::ffff:13.57.87.146 - - [03/Apr/2023:16:06:16 +0000] "GET /wp-login.php HTTP/1.1" 404 151 "-" "Mozilla/5.0 (Windows NT 10.0; Win64; x64; rv:96.0) Gecko/20100101 Firefox/96"
::ffff:73.63.139.1 - - [03/Apr/2023:16:37:40 +0000] "GET / HTTP/1.1" 200 58146 "https://www.google.com/" "Mozilla/5.0 (iPhone; CPU iPhone OS 14_8_1 like Mac OS X) AppleWebKit/605.1.15 (KHTML, like Gecko) Version/14.1.2 Mobile/15E148 Safari/604.1"
::ffff:73.63.139.1 - - [03/Apr/2023:16:37:40 +0000] "GET /css/wadokikai.css HTTP/1.1" 200 4337 "http://wadokikai.org/" "Mozilla/5.0 (iPhone; CPU iPhone OS 14_8_1 like Mac OS X) AppleWebKit/605.1.15 (KHTML, like Gecko) Version/14.1.2 Mobile/15E148 Safari/604.1"
::ffff:73.63.139.1 - - [03/Apr/2023:16:37:40 +0000] "GET /images/schools/orindakaratedomap.jpg HTTP/1.1" 200 34167 "http://wadokikai.org/" "Mozilla/5.0 (iPhone; CPU iPhone OS 14_8_1 like Mac OS X) AppleWebKit/605.1.15 (KHTML, like Gecko) Version/14.1.2 Mobile/15E148 Safari/604.1"
::ffff:73.63.139.1 - - [03/Apr/2023:16:37:40 +0000] "GET /images/wkkpatch22_med.png HTTP/1.1" 200 32301 "http://wadokikai.org/" "Mozilla/5.0 (iPhone; CPU iPhone OS 14_8_1 like Mac OS X) AppleWebKit/605.1.15 (KHTML, like Gecko) Version/14.1.2 Mobile/15E148 Safari/604.1"
::ffff:73.63.139.1 - - [03/Apr/2023:16:37:40 +0000] "GET /images/schools/alamedakaratedomap.jpg HTTP/1.1" 200 38311 "http://wadokikai.org/" "Mozilla/5.0 (iPhone; CPU iPhone OS 14_8_1 like Mac OS X) AppleWebKit/605.1.15 (KHTML, like Gecko) Version/14.1.2 Mobile/15E148 Safari/604.1"
::ffff:73.63.139.1 - - [03/Apr/2023:16:37:40 +0000] "GET /images/schools/dcakaratedomap.jpg HTTP/1.1" 200 35262 "http://wadokikai.org/" "Mozilla/5.0 (iPhone; CPU iPhone OS 14_8_1 like Mac OS X) AppleWebKit/605.1.15 (KHTML, like Gecko) Version/14.1.2 Mobile/15E148 Safari/604.1"
::ffff:73.63.139.1 - - [03/Apr/2023:16:37:40 +0000] "GET /js/common.js HTTP/1.1" 200 2255 "http://wadokikai.org/" "Mozilla/5.0 (iPhone; CPU iPhone OS 14_8_1 like Mac OS X) AppleWebKit/605.1.15 (KHTML, like Gecko) Version/14.1.2 Mobile/15E148 Safari/604.1"
::ffff:73.63.139.1 - - [03/Apr/2023:16:37:40 +0000] "GET /images/schools/harborbaykaratedomap.jpg HTTP/1.1" 200 37245 "http://wadokikai.org/" "Mozilla/5.0 (iPhone; CPU iPhone OS 14_8_1 like Mac OS X) AppleWebKit/605.1.15 (KHTML, like Gecko) Version/14.1.2 Mobile/15E148 Safari/604.1"
::ffff:73.63.139.1 - - [03/Apr/2023:16:37:40 +0000] "GET /images/schools/corpuzkaratedomap.jpg HTTP/1.1" 200 36421 "http://wadokikai.org/" "Mozilla/5.0 (iPhone; CPU iPhone OS 14_8_1 like Mac OS X) AppleWebKit/605.1.15 (KHTML, like Gecko) Version/14.1.2 Mobile/15E148 Safari/604.1"
::ffff:73.63.139.1 - - [03/Apr/2023:16:37:40 +0000] "GET /images/schools/nunleykaratedomap.jpg HTTP/1.1" 200 42667 "http://wadokikai.org/" "Mozilla/5.0 (iPhone; CPU iPhone OS 14_8_1 like Mac OS X) AppleWebKit/605.1.15 (KHTML, like Gecko) Version/14.1.2 Mobile/15E148 Safari/604.1"
::ffff:73.63.139.1 - - [03/Apr/2023:16:37:40 +0000] "GET /images/schools/marinkaratedomap.jpg HTTP/1.1" 200 32400 "http://wadokikai.org/" "Mozilla/5.0 (iPhone; CPU iPhone OS 14_8_1 like Mac OS X) AppleWebKit/605.1.15 (KHTML, like Gecko) Version/14.1.2 Mobile/15E148 Safari/604.1"
::ffff:73.63.139.1 - - [03/Apr/2023:16:37:40 +0000] "GET /images/schools/martinezkaratedomap.jpg HTTP/1.1" 200 37724 "http://wadokikai.org/" "Mozilla/5.0 (iPhone; CPU iPhone OS 14_8_1 like Mac OS X) AppleWebKit/605.1.15 (KHTML, like Gecko) Version/14.1.2 Mobile/15E148 Safari/604.1"
::ffff:73.63.139.1 - - [03/Apr/2023:16:37:40 +0000] "GET /images/schools/manzanitakaratedomap.jpg HTTP/1.1" 200 55402 "http://wadokikai.org/" "Mozilla/5.0 (iPhone; CPU iPhone OS 14_8_1 like Mac OS X) AppleWebKit/605.1.15 (KHTML, like Gecko) Version/14.1.2 Mobile/15E148 Safari/604.1"
::ffff:73.63.139.1 - - [03/Apr/2023:16:37:40 +0000] "GET /images/promotions/AFSPrelimSchedule.pdf HTTP/1.1" 200 59642 "http://wadokikai.org/" "Mozilla/5.0 (iPhone; CPU iPhone OS 14_8_1 like Mac OS X) AppleWebKit/605.1.15 (KHTML, like Gecko) Version/14.1.2 Mobile/15E148 Safari/604.1"
::ffff:73.63.139.1 - - [03/Apr/2023:16:37:40 +0000] "GET /images/dragon-trans.png HTTP/1.1" 200 85661 "http://wadokikai.org/" "Mozilla/5.0 (iPhone; CPU iPhone OS 14_8_1 like Mac OS X) AppleWebKit/605.1.15 (KHTML, like Gecko) Version/14.1.2 Mobile/15E148 Safari/604.1"
::ffff:73.63.139.1 - - [03/Apr/2023:16:37:41 +0000] "GET /images/schools/earhartkaratedomap.jpg HTTP/1.1" 200 41366 "http://wadokikai.org/" "Mozilla/5.0 (iPhone; CPU iPhone OS 14_8_1 like Mac OS X) AppleWebKit/605.1.15 (KHTML, like Gecko) Version/14.1.2 Mobile/15E148 Safari/604.1"
::ffff:73.63.139.1 - - [03/Apr/2023:16:37:41 +0000] "GET /images/favicon.ico HTTP/1.1" 200 3638 "http://wadokikai.org/" "Mozilla/5.0 (iPhone; CPU iPhone OS 14_8_1 like Mac OS X) AppleWebKit/605.1.15 (KHTML, like Gecko) Version/14.1.2 Mobile/15E148 Safari/604.1"
::ffff:73.63.139.1 - - [03/Apr/2023:16:37:44 +0000] "GET /images/tiger.bmp HTTP/1.1" 200 311274 "http://wadokikai.org/" "Mozilla/5.0 (iPhone; CPU iPhone OS 14_8_1 like Mac OS X) AppleWebKit/605.1.15 (KHTML, like Gecko) Version/14.1.2 Mobile/15E148 Safari/604.1"
::ffff:73.63.139.1 - - [03/Apr/2023:16:37:47 +0000] "GET /images/wadokikai%20kanji.jpg HTTP/1.1" 200 35066 "http://wadokikai.org/" "Mozilla/5.0 (iPhone; CPU iPhone OS 14_8_1 like Mac OS X) AppleWebKit/605.1.15 (KHTML, like Gecko) Version/14.1.2 Mobile/15E148 Safari/604.1"
::ffff:35.175.221.81 - - [03/Apr/2023:16:38:32 +0000] "GET / HTTP/1.1" 200 58146 "-" "Mozilla/5.0 (Linux; Android 9; VKY-L29) AppleWebKit/537.36 (KHTML, like Gecko) Chrome/76.0.3809.111 Mobile Safari/537.36"
::ffff:35.175.221.81 - - [03/Apr/2023:16:38:54 +0000] "GET //code.jquery.com/jquery-3.2.1.slim.min.js HTTP/1.1" 404 180 "-" "Mozilla/5.0 (Macintosh; U; PPC Mac OS X 10.5; en-US; rv:1.9.2.15) Gecko/20110303 Firefox/3.6.15"
::ffff:35.175.221.81 - - [03/Apr/2023:16:38:54 +0000] "GET //cdn.js HTTP/1.1" 404 146 "-" "Mozilla/5.0 (Linux; Android 9; ASUS_X00QD) AppleWebKit/537.36 (KHTML, like Gecko) Chrome/76.0.3809.111 Mobile Safari/537.36"
::ffff:35.175.221.81 - - [03/Apr/2023:16:38:54 +0000] "GET //maxcdn.bootstrapcdn.com/bootstrap/4.0.0/js/bootstrap.min.js HTTP/1.1" 404 199 "-" "Mozilla/5.0 (Windows; U; Windows NT 6.1; en-US) AppleWebKit/532.5 (KHTML, like Gecko) Chrome/4.0.249.0 Safari/532.5"
::ffff:35.175.221.81 - - [03/Apr/2023:16:38:54 +0000] "GET //code.jquery.com/jquery-3.2.1.min.js HTTP/1.1" 404 175 "-" "Mozilla/5.0 (X11; Linux x86_64) AppleWebKit/537.36 (KHTML, like Gecko) Chrome/66.0.3359.181 Safari/537.36"
::ffff:35.175.221.81 - - [03/Apr/2023:16:38:54 +0000] "GET /ie7/ie7-standard-p.js HTTP/1.1" 404 160 "-" "Mozilla/5.0 (Windows NT 10.0; WOW64) AppleWebKit/537.36 (KHTML, like Gecko) Chrome/72.0.3626.109 Safari/537.36"
::ffff:35.175.221.81 - - [03/Apr/2023:16:38:54 +0000] "GET /common.js HTTP/1.1" 404 148 "-" "Mozilla/5.0 (Windows NT 10.0; Win64; x64) AppleWebKit/537.36 (KHTML, like Gecko) Chrome/75.0.3770.142 Safari/537.36"
::ffff:35.175.221.81 - - [03/Apr/2023:16:38:54 +0000] "GET //cdnjs.cloudflare.com/ajax/libs/popper.js/1.12.9/umd/popper.min.js HTTP/1.1" 404 205 "-" "Mozilla/5.0 (Linux; Android 9; moto g(7) power) AppleWebKit/537.36 (KHTML, like Gecko) Chrome/76.0.3809.89 Mobile Safari/537.36"
::ffff:35.175.221.81 - - [03/Apr/2023:16:38:54 +0000] "GET /dist/js/bootstrap.bundle.min.js HTTP/1.1" 404 170 "-" "Mozilla/5.0 (Linux; Android 9; moto g(7) power) AppleWebKit/537.36 (KHTML, like Gecko) Chrome/76.0.3809.89 Mobile Safari/537.36"
::ffff:66.249.66.85 - - [03/Apr/2023:16:39:44 +0000] "GET /robots.txt HTTP/1.1" 404 149 "-" "Mozilla/5.0 (compatible; Googlebot/2.1; +http://www.google.com/bot.html)"
::ffff:66.249.66.44 - - [03/Apr/2023:16:39:44 +0000] "GET / HTTP/1.1" 200 58146 "-" "Mozilla/5.0 (compatible; Googlebot/2.1; +http://www.google.com/bot.html)"
::ffff:66.249.66.11 - - [03/Apr/2023:16:39:57 +0000] "GET /js/common.js HTTP/1.1" 200 2255 "http://34.212.47.6/" "Mozilla/5.0 AppleWebKit/537.36 (KHTML, like Gecko; compatible; Googlebot/2.1; +http://www.google.com/bot.html) Chrome/111.0.5563.110 Safari/537.36"
::ffff:66.249.66.42 - - [03/Apr/2023:16:39:57 +0000] "GET /css/wadokikai.css HTTP/1.1" 200 4337 "http://34.212.47.6/" "Mozilla/5.0 AppleWebKit/537.36 (KHTML, like Gecko; compatible; Googlebot/2.1; +http://www.google.com/bot.html) Chrome/111.0.5563.110 Safari/537.36"
::ffff:66.249.70.95 - - [03/Apr/2023:16:44:50 +0000] "GET /robots.txt HTTP/1.1" 404 149 "-" "Mozilla/5.0 (compatible; Googlebot/2.1; +http://www.google.com/bot.html)"
::ffff:66.249.64.73 - - [03/Apr/2023:16:44:50 +0000] "GET /robots.txt HTTP/1.1" 404 149 "-" "Mozilla/5.0 (compatible; Googlebot/2.1; +http://www.google.com/bot.html)"
::ffff:66.249.70.65 - - [03/Apr/2023:16:44:50 +0000] "GET /ads.txt HTTP/1.1" 404 146 "-" "Mozilla/5.0 (compatible; Googlebot/2.1; +http://www.google.com/bot.html)"
::ffff:66.249.64.69 - - [03/Apr/2023:16:44:51 +0000] "GET /ads.txt HTTP/1.1" 404 146 "-" "Mozilla/5.0 (compatible; Googlebot/2.1; +http://www.google.com/bot.html)"
::ffff:45.128.232.149 - - [03/Apr/2023:17:00:51 +0000] "POST /boaform/admin/formLogin HTTP/1.1" 404 163 "http://34.212.47.6:80/admin/login.asp" "Mozilla/5.0 (X11; Ubuntu; Linux x86_64; rv:71.0) Gecko/20100101 Firefox/71.0"
::ffff:44.214.18.165 - - [03/Apr/2023:17:11:50 +0000] "GET / HTTP/1.1" 200 58146 "-" "Ruby, Mozilla/5.0 (Macintosh; Intel Mac OS X 10_15_7) AppleWebKit/537.36 (KHTML, like Gecko) Chrome/98.0.4758.80 Safari/537.36"
::ffff:185.254.196.173 - - [03/Apr/2023:17:12:46 +0000] "GET /.env HTTP/1.1" 404 143 "-" "Mozilla/5.0 (X11; Linux x86_64) AppleWebKit/537.36 (KHTML, like Gecko) Chrome/81.0.4044.129 Safari/537.36"
::ffff:185.254.196.173 - - [03/Apr/2023:17:12:47 +0000] "POST / HTTP/1.1" 404 140 "-" "Mozilla/5.0 (X11; Linux x86_64) AppleWebKit/537.36 (KHTML, like Gecko) Chrome/81.0.4044.129 Safari/537.36"
::ffff:43.155.118.219 - - [03/Apr/2023:17:13:24 +0000] "HEAD /Core/Skin/Login.aspx HTTP/1.1" 404 160 "-" "Mozilla/5.0 (Windows NT 10.0; Win64; x64) AppleWebKit/537.36 (KHTML, like Gecko) Chrome/106.0.0.0 Safari/537.36"
::ffff:185.224.128.251 - - [03/Apr/2023:17:18:50 +0000] "GET /static/js/unsupported.min.js HTTP/1.1" 404 167 "-" "python-requests/2.22.0"
::ffff:193.32.162.159 - - [03/Apr/2023:17:22:07 +0000] "GET / HTTP/1.1" 200 58146 "-" "Mozilla/5.0 (Windows NT 10.0; Win64; x64) AppleWebKit/537.36 (KHTML, like Gecko) Chrome/90.0.4430.85 Safari/537.36 Edg/90.0.818.46"
::ffff:193.32.162.159 - - [03/Apr/2023:17:22:12 +0000] "GET /dispatch.asp HTTP/1.1" 404 151 "-" "Mozilla/5.0 (Windows NT 10.0; Win64; x64) AppleWebKit/537.36 (KHTML, like Gecko) Chrome/90.0.4430.85 Safari/537.36 Edg/90.0.818.46"
::ffff:107.170.240.28 - - [03/Apr/2023:17:30:51 +0000] "GET /actuator/health HTTP/1.1" 404 154 "-" "Mozilla/5.0 zgrab/0.x"
::ffff:135.125.217.54 - - [03/Apr/2023:17:31:52 +0000] "GET /.env HTTP/1.1" 404 143 "-" "Mozilla/5.0 (X11; Linux x86_64) AppleWebKit/537.36 (KHTML, like Gecko) Chrome/81.0.4044.129 Safari/537.36"
::ffff:135.125.217.54 - - [03/Apr/2023:17:31:53 +0000] "POST / HTTP/1.1" 404 140 "-" "Mozilla/5.0 (X11; Linux x86_64) AppleWebKit/537.36 (KHTML, like Gecko) Chrome/81.0.4044.129 Safari/537.36"
::ffff:66.249.64.91 - - [03/Apr/2023:17:44:50 +0000] "GET /ads.txt HTTP/1.1" 404 146 "-" "Mozilla/5.0 (compatible; Googlebot/2.1; +http://www.google.com/bot.html)"
::ffff:128.14.136.78 - - [03/Apr/2023:17:48:05 +0000] "GET / HTTP/1.1" 200 58146 "-" "Mozilla/5.0 (Windows NT 10.0; WOW64) AppleWebKit/537.36 (KHTML, like Gecko) Chrome/66.0.3359.117 Safari/537.36"
::ffff:59.171.116.102 - - [03/Apr/2023:17:55:33 +0000] "GET / HTTP/1.1" 200 58146 "-" "Mozilla/5.0 (Windows NT 10.0; WOW64) AppleWebKit/537.36 (KHTML, like Gecko) Chrome/51.0.2704.103 Safari/537.36"
::ffff:176.213.56.99 - - [03/Apr/2023:18:06:32 +0000] "GET / HTTP/1.1" 200 58146 "-" "Mozilla/5.0"
::ffff:52.167.144.45 - - [03/Apr/2023:18:22:43 +0000] "GET / HTTP/1.1" 200 58146 "-" "Mozilla/5.0 AppleWebKit/537.36 (KHTML, like Gecko; compatible; bingbot/2.0; +http://www.bing.com/bingbot.htm) Chrome/103.0.5060.134 Safari/537.36"
::ffff:185.180.143.137 - - [03/Apr/2023:18:22:52 +0000] "GET / HTTP/1.1" 200 58146 "-" "Mozilla/5.0 (Windows NT 10.0; Win64; x64) AppleWebKit/537.36 (KHTML, like Gecko) Chrome/60.0.3112.113 Safari/537.36"
::ffff:52.167.144.44 - - [03/Apr/2023:18:23:01 +0000] "GET /css/wadokikai.css HTTP/1.1" 200 4337 "-" "Mozilla/5.0 AppleWebKit/537.36 (KHTML, like Gecko; compatible; bingbot/2.0; +http://www.bing.com/bingbot.htm) Chrome/103.0.5060.134 Safari/537.36"
::ffff:40.77.167.103 - - [03/Apr/2023:18:23:06 +0000] "GET /js/common.js HTTP/1.1" 200 2255 "-" "Mozilla/5.0 AppleWebKit/537.36 (KHTML, like Gecko; compatible; bingbot/2.0; +http://www.bing.com/bingbot.htm) Chrome/103.0.5060.134 Safari/537.36"
::ffff:141.95.74.78 - - [03/Apr/2023:18:26:29 +0000] "GET /.env HTTP/1.1" 404 143 "-" "Mozilla/5.0 (X11; Linux x86_64) AppleWebKit/537.36 (KHTML, like Gecko) Chrome/81.0.4044.129 Safari/537.36"
::ffff:141.95.74.78 - - [03/Apr/2023:18:26:30 +0000] "POST / HTTP/1.1" 404 140 "-" "Mozilla/5.0 (X11; Linux x86_64) AppleWebKit/537.36 (KHTML, like Gecko) Chrome/81.0.4044.129 Safari/537.36"
::ffff:43.155.118.219 - - [03/Apr/2023:18:31:43 +0000] "HEAD /Core/Skin/Login.aspx HTTP/1.1" 404 160 "-" "Mozilla/5.0 (Windows NT 10.0; Win64; x64) AppleWebKit/537.36 (KHTML, like Gecko) Chrome/106.0.0.0 Safari/537.36"
::ffff:185.254.196.173 - - [03/Apr/2023:18:42:32 +0000] "GET /.env HTTP/1.1" 404 143 "-" "Mozilla/5.0 (X11; Linux x86_64) AppleWebKit/537.36 (KHTML, like Gecko) Chrome/81.0.4044.129 Safari/537.36"
::ffff:185.254.196.173 - - [03/Apr/2023:18:42:33 +0000] "POST / HTTP/1.1" 404 140 "-" "Mozilla/5.0 (X11; Linux x86_64) AppleWebKit/537.36 (KHTML, like Gecko) Chrome/81.0.4044.129 Safari/537.36"
::ffff:73.162.163.15 - - [03/Apr/2023:18:51:21 +0000] "GET /css/wadokikai.css HTTP/1.1" 304 - "http://wadokikai.org/resources" "Mozilla/5.0 (Windows NT 10.0; Win64; x64) AppleWebKit/537.36 (KHTML, like Gecko) Chrome/111.0.0.0 Safari/537.36"
::ffff:73.162.163.15 - - [03/Apr/2023:18:51:21 +0000] "GET /js/common.js HTTP/1.1" 304 - "http://wadokikai.org/resources" "Mozilla/5.0 (Windows NT 10.0; Win64; x64) AppleWebKit/537.36 (KHTML, like Gecko) Chrome/111.0.0.0 Safari/537.36"
::ffff:73.162.163.15 - - [03/Apr/2023:18:51:21 +0000] "GET /images/wkkpatch22_med.png HTTP/1.1" 304 - "http://wadokikai.org/resources" "Mozilla/5.0 (Windows NT 10.0; Win64; x64) AppleWebKit/537.36 (KHTML, like Gecko) Chrome/111.0.0.0 Safari/537.36"
::ffff:73.162.163.15 - - [03/Apr/2023:18:51:21 +0000] "GET /images/JohnArce.jpg HTTP/1.1" 304 - "http://wadokikai.org/resources" "Mozilla/5.0 (Windows NT 10.0; Win64; x64) AppleWebKit/537.36 (KHTML, like Gecko) Chrome/111.0.0.0 Safari/537.36"
::ffff:73.162.163.15 - - [03/Apr/2023:18:51:21 +0000] "GET /images/books/MBS2.jpg HTTP/1.1" 304 - "http://wadokikai.org/resources" "Mozilla/5.0 (Windows NT 10.0; Win64; x64) AppleWebKit/537.36 (KHTML, like Gecko) Chrome/111.0.0.0 Safari/537.36"
::ffff:73.162.163.15 - - [03/Apr/2023:18:51:21 +0000] "GET /images/tm.jpg HTTP/1.1" 304 - "http://wadokikai.org/resources" "Mozilla/5.0 (Windows NT 10.0; Win64; x64) AppleWebKit/537.36 (KHTML, like Gecko) Chrome/111.0.0.0 Safari/537.36"
::ffff:73.162.163.15 - - [03/Apr/2023:18:51:21 +0000] "GET /images/books/MBS.gif HTTP/1.1" 304 - "http://wadokikai.org/resources" "Mozilla/5.0 (Windows NT 10.0; Win64; x64) AppleWebKit/537.36 (KHTML, like Gecko) Chrome/111.0.0.0 Safari/537.36"
::ffff:73.162.163.15 - - [03/Apr/2023:18:51:21 +0000] "GET /images/books/karatebook.jpg HTTP/1.1" 304 - "http://wadokikai.org/resources" "Mozilla/5.0 (Windows NT 10.0; Win64; x64) AppleWebKit/537.36 (KHTML, like Gecko) Chrome/111.0.0.0 Safari/537.36"
::ffff:73.162.163.15 - - [03/Apr/2023:18:51:21 +0000] "GET /images/books/ZenMeditation.jpg HTTP/1.1" 304 - "http://wadokikai.org/resources" "Mozilla/5.0 (Windows NT 10.0; Win64; x64) AppleWebKit/537.36 (KHTML, like Gecko) Chrome/111.0.0.0 Safari/537.36"
::ffff:73.162.163.15 - - [03/Apr/2023:18:51:21 +0000] "GET /images/books/KarateDoZen.jpg HTTP/1.1" 304 - "http://wadokikai.org/resources" "Mozilla/5.0 (Windows NT 10.0; Win64; x64) AppleWebKit/537.36 (KHTML, like Gecko) Chrome/111.0.0.0 Safari/537.36"
::ffff:73.162.163.15 - - [03/Apr/2023:18:51:21 +0000] "GET /images/books/bookoffiverings.jpg HTTP/1.1" 304 - "http://wadokikai.org/resources" "Mozilla/5.0 (Windows NT 10.0; Win64; x64) AppleWebKit/537.36 (KHTML, like Gecko) Chrome/111.0.0.0 Safari/537.36"
::ffff:73.162.163.15 - - [03/Apr/2023:18:51:21 +0000] "GET /images/books/shotokanSecrets.jpg HTTP/1.1" 304 - "http://wadokikai.org/resources" "Mozilla/5.0 (Windows NT 10.0; Win64; x64) AppleWebKit/537.36 (KHTML, like Gecko) Chrome/111.0.0.0 Safari/537.36"
::ffff:73.162.163.15 - - [03/Apr/2023:18:51:21 +0000] "GET /images/books/dummies.jpg HTTP/1.1" 304 - "http://wadokikai.org/resources" "Mozilla/5.0 (Windows NT 10.0; Win64; x64) AppleWebKit/537.36 (KHTML, like Gecko) Chrome/111.0.0.0 Safari/537.36"
::ffff:73.162.163.15 - - [03/Apr/2023:18:51:21 +0000] "GET /images/books/dojoWisdom.jpg HTTP/1.1" 304 - "http://wadokikai.org/resources" "Mozilla/5.0 (Windows NT 10.0; Win64; x64) AppleWebKit/537.36 (KHTML, like Gecko) Chrome/111.0.0.0 Safari/537.36"
::ffff:73.162.163.15 - - [03/Apr/2023:18:51:21 +0000] "GET /images/books/saibook.jpg HTTP/1.1" 304 - "http://wadokikai.org/resources" "Mozilla/5.0 (Windows NT 10.0; Win64; x64) AppleWebKit/537.36 (KHTML, like Gecko) Chrome/111.0.0.0 Safari/537.36"
::ffff:73.162.163.15 - - [03/Apr/2023:18:51:21 +0000] "GET /images/books/bobook.gif HTTP/1.1" 304 - "http://wadokikai.org/resources" "Mozilla/5.0 (Windows NT 10.0; Win64; x64) AppleWebKit/537.36 (KHTML, like Gecko) Chrome/111.0.0.0 Safari/537.36"
::ffff:73.162.163.15 - - [03/Apr/2023:18:51:21 +0000] "GET /images/books/karatedo.jpg HTTP/1.1" 304 - "http://wadokikai.org/resources" "Mozilla/5.0 (Windows NT 10.0; Win64; x64) AppleWebKit/537.36 (KHTML, like Gecko) Chrome/111.0.0.0 Safari/537.36"
::ffff:73.162.163.15 - - [03/Apr/2023:18:51:21 +0000] "GET /images/books/guide20.jpg HTTP/1.1" 304 - "http://wadokikai.org/resources" "Mozilla/5.0 (Windows NT 10.0; Win64; x64) AppleWebKit/537.36 (KHTML, like Gecko) Chrome/111.0.0.0 Safari/537.36"
::ffff:73.162.163.15 - - [03/Apr/2023:18:51:21 +0000] "GET /images/books/emptyHand.jpg HTTP/1.1" 304 - "http://wadokikai.org/resources" "Mozilla/5.0 (Windows NT 10.0; Win64; x64) AppleWebKit/537.36 (KHTML, like Gecko) Chrome/111.0.0.0 Safari/537.36"
::ffff:73.162.163.15 - - [03/Apr/2023:18:51:21 +0000] "GET /images/books/movingzen.jpg HTTP/1.1" 304 - "http://wadokikai.org/resources" "Mozilla/5.0 (Windows NT 10.0; Win64; x64) AppleWebKit/537.36 (KHTML, like Gecko) Chrome/111.0.0.0 Safari/537.36"
::ffff:73.162.163.15 - - [03/Apr/2023:18:51:21 +0000] "GET /images/dragon-trans.png HTTP/1.1" 304 - "http://wadokikai.org/resources" "Mozilla/5.0 (Windows NT 10.0; Win64; x64) AppleWebKit/537.36 (KHTML, like Gecko) Chrome/111.0.0.0 Safari/537.36"
::ffff:73.162.163.15 - - [03/Apr/2023:18:51:21 +0000] "GET /images/books/artofwar.jpg HTTP/1.1" 304 - "http://wadokikai.org/resources" "Mozilla/5.0 (Windows NT 10.0; Win64; x64) AppleWebKit/537.36 (KHTML, like Gecko) Chrome/111.0.0.0 Safari/537.36"
::ffff:73.162.163.15 - - [03/Apr/2023:18:51:21 +0000] "GET /images/books/karatedojo.jpg HTTP/1.1" 304 - "http://wadokikai.org/resources" "Mozilla/5.0 (Windows NT 10.0; Win64; x64) AppleWebKit/537.36 (KHTML, like Gecko) Chrome/111.0.0.0 Safari/537.36"
::ffff:73.162.163.15 - - [03/Apr/2023:18:51:21 +0000] "GET /images/books/grappingmethod.jpg HTTP/1.1" 304 - "http://wadokikai.org/resources" "Mozilla/5.0 (Windows NT 10.0; Win64; x64) AppleWebKit/537.36 (KHTML, like Gecko) Chrome/111.0.0.0 Safari/537.36"
::ffff:73.162.163.15 - - [03/Apr/2023:18:51:24 +0000] "GET /images/tiger.bmp HTTP/1.1" 304 - "http://wadokikai.org/resources" "Mozilla/5.0 (Windows NT 10.0; Win64; x64) AppleWebKit/537.36 (KHTML, like Gecko) Chrome/111.0.0.0 Safari/537.36"
::ffff:73.162.163.15 - - [03/Apr/2023:18:51:34 +0000] "GET /images/favicon.ico HTTP/1.1" 304 - "http://wadokikai.org/resources" "Mozilla/5.0 (Windows NT 10.0; Win64; x64) AppleWebKit/537.36 (KHTML, like Gecko) Chrome/111.0.0.0 Safari/537.36"
::ffff:73.162.163.15 - - [03/Apr/2023:18:51:52 +0000] "GET /images/tiger.bmp HTTP/1.1" 304 - "http://wadokikai.org/resources" "Mozilla/5.0 (Windows NT 10.0; Win64; x64) AppleWebKit/537.36 (KHTML, like Gecko) Chrome/111.0.0.0 Safari/537.36"
::ffff:52.167.144.44 - - [03/Apr/2023:18:58:46 +0000] "GET /docs/Twenty%20guiding%20principles%20of%20Karate.pdf HTTP/1.1" 200 49483 "-" "Mozilla/5.0 AppleWebKit/537.36 (KHTML, like Gecko; compatible; bingbot/2.0; +http://www.bing.com/bingbot.htm) Chrome/103.0.5060.134 Safari/537.36"
::ffff:135.125.217.54 - - [03/Apr/2023:19:00:35 +0000] "GET /.env HTTP/1.1" 404 143 "-" "Mozilla/5.0 (X11; Linux x86_64) AppleWebKit/537.36 (KHTML, like Gecko) Chrome/81.0.4044.129 Safari/537.36"
::ffff:135.125.217.54 - - [03/Apr/2023:19:00:35 +0000] "POST / HTTP/1.1" 404 140 "-" "Mozilla/5.0 (X11; Linux x86_64) AppleWebKit/537.36 (KHTML, like Gecko) Chrome/81.0.4044.129 Safari/537.36"
::ffff:194.38.23.179 - - [03/Apr/2023:19:02:08 +0000] "GET /assets/admin/global/plugins/jQuery-File-Upload/server/php/index.php?file=tf2rghf.jpg HTTP/1.1" 404 206 "-" "ALittle Client"
::ffff:20.197.177.101 - - [03/Apr/2023:19:02:28 +0000] "GET / HTTP/1.1" 200 58146 "-" "Mozilla/5.0 (Macintosh; Intel Mac OS X 10_12_1) AppleWebKit/537.36 (KHTML, like Gecko) Chrome/54.0.2840.98 Safari/537.36"
::ffff:73.162.163.15 - - [03/Apr/2023:19:05:18 +0000] "GET /images/dragon-trans.png HTTP/1.1" 304 - "http://wadokikai.org/resources" "Mozilla/5.0 (Windows NT 10.0; Win64; x64) AppleWebKit/537.36 (KHTML, like Gecko) Chrome/111.0.0.0 Safari/537.36"
::ffff:54.36.149.47 - - [03/Apr/2023:19:09:52 +0000] "GET /robots.txt HTTP/1.1" 404 149 "-" "Mozilla/5.0 (compatible; AhrefsBot/7.0; +http://ahrefs.com/robot/)"
::ffff:51.222.253.7 - - [03/Apr/2023:19:09:54 +0000] "GET / HTTP/1.1" 200 58146 "-" "Mozilla/5.0 (compatible; AhrefsBot/7.0; +http://ahrefs.com/robot/)"
::ffff:51.222.253.9 - - [03/Apr/2023:19:09:57 +0000] "GET /css/wadokikai.css HTTP/1.1" 200 4337 "-" "Mozilla/5.0 (compatible; AhrefsBot/7.0; +http://ahrefs.com/robot/)"
::ffff:51.222.253.20 - - [03/Apr/2023:19:09:58 +0000] "GET /images/wkkpatch22_med.png HTTP/1.1" 200 32301 "-" "Mozilla/5.0 (compatible; AhrefsBot/7.0; +http://ahrefs.com/robot/)"
::ffff:51.222.253.3 - - [03/Apr/2023:19:09:58 +0000] "GET /js/common.js HTTP/1.1" 200 2255 "-" "Mozilla/5.0 (compatible; AhrefsBot/7.0; +http://ahrefs.com/robot/)"
::ffff:51.222.253.13 - - [03/Apr/2023:19:09:59 +0000] "GET /images/schools/earhartkaratedomap.jpg HTTP/1.1" 200 41366 "-" "Mozilla/5.0 (compatible; AhrefsBot/7.0; +http://ahrefs.com/robot/)"
::ffff:51.222.253.4 - - [03/Apr/2023:19:10:00 +0000] "GET /images/schools/martinezkaratedomap.jpg HTTP/1.1" 200 37724 "-" "Mozilla/5.0 (compatible; AhrefsBot/7.0; +http://ahrefs.com/robot/)"
::ffff:51.222.253.9 - - [03/Apr/2023:19:10:00 +0000] "GET / HTTP/1.1" 200 58146 "-" "Mozilla/5.0 (compatible; AhrefsBot/7.0; +http://ahrefs.com/robot/)"
::ffff:51.222.253.19 - - [03/Apr/2023:19:10:01 +0000] "GET /images/schools/marinkaratedomap.jpg HTTP/1.1" 200 32400 "-" "Mozilla/5.0 (compatible; AhrefsBot/7.0; +http://ahrefs.com/robot/)"
::ffff:51.222.253.12 - - [03/Apr/2023:19:10:02 +0000] "GET /images/schools/alamedakaratedomap.jpg HTTP/1.1" 200 38311 "-" "Mozilla/5.0 (compatible; AhrefsBot/7.0; +http://ahrefs.com/robot/)"
::ffff:51.222.253.19 - - [03/Apr/2023:19:10:02 +0000] "GET /images/schools/dcakaratedomap.jpg HTTP/1.1" 200 35262 "-" "Mozilla/5.0 (compatible; AhrefsBot/7.0; +http://ahrefs.com/robot/)"
::ffff:51.222.253.11 - - [03/Apr/2023:19:10:03 +0000] "GET /images/schools/corpuzkaratedomap.jpg HTTP/1.1" 200 36421 "-" "Mozilla/5.0 (compatible; AhrefsBot/7.0; +http://ahrefs.com/robot/)"
::ffff:51.222.253.18 - - [03/Apr/2023:19:10:04 +0000] "GET /images/schools/nunleykaratedomap.jpg HTTP/1.1" 200 42667 "-" "Mozilla/5.0 (compatible; AhrefsBot/7.0; +http://ahrefs.com/robot/)"
::ffff:51.222.253.17 - - [03/Apr/2023:19:10:04 +0000] "GET /images/schools/orindakaratedomap.jpg HTTP/1.1" 200 34167 "-" "Mozilla/5.0 (compatible; AhrefsBot/7.0; +http://ahrefs.com/robot/)"
::ffff:51.222.253.15 - - [03/Apr/2023:19:10:05 +0000] "GET /images/schools/manzanitakaratedomap.jpg HTTP/1.1" 200 55402 "-" "Mozilla/5.0 (compatible; AhrefsBot/7.0; +http://ahrefs.com/robot/)"
::ffff:73.162.163.15 - - [03/Apr/2023:19:16:49 +0000] "GET /images/tiger.bmp HTTP/1.1" 304 - "http://wadokikai.org/resources" "Mozilla/5.0 (Windows NT 10.0; Win64; x64) AppleWebKit/537.36 (KHTML, like Gecko) Chrome/111.0.0.0 Safari/537.36"
::ffff:73.162.163.15 - - [03/Apr/2023:19:16:53 +0000] "GET /images/dragon-trans.png HTTP/1.1" 304 - "http://wadokikai.org/resources" "Mozilla/5.0 (Windows NT 10.0; Win64; x64) AppleWebKit/537.36 (KHTML, like Gecko) Chrome/111.0.0.0 Safari/537.36"
::ffff:73.162.163.15 - - [03/Apr/2023:19:17:33 +0000] "GET /images/dragon-trans.png HTTP/1.1" 304 - "http://wadokikai.org/resources" "Mozilla/5.0 (Windows NT 10.0; Win64; x64) AppleWebKit/537.36 (KHTML, like Gecko) Chrome/111.0.0.0 Safari/537.36"
::ffff:73.162.163.15 - - [03/Apr/2023:19:19:30 +0000] "GET /images/tiger.bmp HTTP/1.1" 304 - "http://wadokikai.org/resources" "Mozilla/5.0 (Windows NT 10.0; Win64; x64) AppleWebKit/537.36 (KHTML, like Gecko) Chrome/111.0.0.0 Safari/537.36"
::ffff:66.249.64.71 - - [03/Apr/2023:19:44:26 +0000] "GET /images/fbpic.webp HTTP/1.1" 304 - "-" "Googlebot-Image/1.0"
::ffff:135.125.217.54 - - [03/Apr/2023:19:46:25 +0000] "GET /.env HTTP/1.1" 404 143 "-" "Mozilla/5.0 (X11; Linux x86_64) AppleWebKit/537.36 (KHTML, like Gecko) Chrome/81.0.4044.129 Safari/537.36"
::ffff:135.125.217.54 - - [03/Apr/2023:19:46:26 +0000] "POST / HTTP/1.1" 404 140 "-" "Mozilla/5.0 (X11; Linux x86_64) AppleWebKit/537.36 (KHTML, like Gecko) Chrome/81.0.4044.129 Safari/537.36"
::ffff:43.155.118.219 - - [03/Apr/2023:19:49:52 +0000] "HEAD /Core/Skin/Login.aspx HTTP/1.1" 404 160 "-" "Mozilla/5.0 (Windows NT 10.0; Win64; x64) AppleWebKit/537.36 (KHTML, like Gecko) Chrome/106.0.0.0 Safari/537.36"
::ffff:52.167.144.44 - - [03/Apr/2023:20:00:23 +0000] "GET / HTTP/1.1" 200 58146 "-" "Mozilla/5.0 AppleWebKit/537.36 (KHTML, like Gecko; compatible; bingbot/2.0; +http://www.bing.com/bingbot.htm) Chrome/103.0.5060.134 Safari/537.36"
::ffff:173.249.56.171 - - [03/Apr/2023:20:13:50 +0000] "GET / HTTP/1.1" 200 58146 "-" "Mozilla/5.0 (Windows NT 10.0) AppleWebKit/537.36 (KHTML, like Gecko) Chrome/40.0.2214.93 Safari/537.36"
::ffff:158.220.102.150 - - [03/Apr/2023:20:25:44 +0000] "GET / HTTP/1.1" 200 58146 "-" "-"
::ffff:158.220.102.150 - - [03/Apr/2023:20:25:44 +0000] "POST /HNAP1/ HTTP/1.1" 404 146 "-" "Mozila/5.0"
::ffff:130.211.82.238 - - [03/Apr/2023:20:37:39 +0000] "GET / HTTP/1.1" 200 58146 "-" "python-requests/2.28.2"
::ffff:45.77.239.190 - - [03/Apr/2023:20:37:51 +0000] "GET /.env HTTP/1.1" 404 143 "-" "Mozilla/5.0 (X11; Linux x86_64) AppleWebKit/537.36 (KHTML, like Gecko) Chrome/81.0.4044.129 Safari/537.36"
::ffff:45.77.239.190 - - [03/Apr/2023:20:37:52 +0000] "POST / HTTP/1.1" 404 140 "-" "Mozilla/5.0 (X11; Linux x86_64) AppleWebKit/537.36 (KHTML, like Gecko) Chrome/81.0.4044.129 Safari/537.36"
::ffff:20.191.45.212 - - [03/Apr/2023:20:39:19 +0000] "GET / HTTP/1.1" 200 58146 "http://wadokikai.org/" "Mozilla/5.0 (compatible; DuckDuckGo-Favicons-Bot/1.0; +http://duckduckgo.com)"
::ffff:20.191.45.212 - - [03/Apr/2023:20:39:20 +0000] "GET /images/favicon.ico HTTP/1.1" 200 3638 "http://wadokikai.org/images/favicon.ico" "Mozilla/5.0 (compatible; DuckDuckGo-Favicons-Bot/1.0; +http://duckduckgo.com)"
::ffff:20.191.45.212 - - [03/Apr/2023:20:43:22 +0000] "GET / HTTP/1.1" 200 58146 "http://wadokikai.org/" "Mozilla/5.0 (compatible; DuckDuckGo-Favicons-Bot/1.0; +http://duckduckgo.com)"
::ffff:20.191.45.212 - - [03/Apr/2023:20:43:22 +0000] "GET /images/favicon.ico HTTP/1.1" 200 3638 "http://wadokikai.org/images/favicon.ico" "Mozilla/5.0 (compatible; DuckDuckGo-Favicons-Bot/1.0; +http://duckduckgo.com)"
::ffff:20.191.45.212 - - [03/Apr/2023:20:43:23 +0000] "GET / HTTP/1.1" 200 58146 "http://www.wadokikai.org/" "Mozilla/5.0 (compatible; DuckDuckGo-Favicons-Bot/1.0; +http://duckduckgo.com)"
::ffff:20.191.45.212 - - [03/Apr/2023:20:43:23 +0000] "GET /images/favicon.ico HTTP/1.1" 200 3638 "http://www.wadokikai.org/images/favicon.ico" "Mozilla/5.0 (compatible; DuckDuckGo-Favicons-Bot/1.0; +http://duckduckgo.com)"
::ffff:66.249.70.69 - - [03/Apr/2023:20:45:09 +0000] "GET / HTTP/1.1" 200 58146 "-" "Mozilla/5.0 (Linux; Android 6.0.1; Nexus 5X Build/MMB29P) AppleWebKit/537.36 (KHTML, like Gecko) Chrome/111.0.5563.146 Mobile Safari/537.36 (compatible; Googlebot/2.1; +http://www.google.com/bot.html)"
::ffff:52.167.144.44 - - [03/Apr/2023:20:55:48 +0000] "GET /images/books/MBS.gif HTTP/1.1" 200 13195 "-" "Mozilla/5.0 AppleWebKit/537.36 (KHTML, like Gecko; compatible; bingbot/2.0; +http://www.bing.com/bingbot.htm) Chrome/103.0.5060.134 Safari/537.36"
::ffff:141.95.74.78 - - [03/Apr/2023:21:06:14 +0000] "GET /.env HTTP/1.1" 404 143 "-" "Mozilla/5.0 (X11; Linux x86_64) AppleWebKit/537.36 (KHTML, like Gecko) Chrome/81.0.4044.129 Safari/537.36"
