::ffff:34.219.162.251 - - [24/Mar/2023:14:05:50 +0000] "GET /favicon.ico HTTP/1.1" 404 150 "-" "Mozilla/5.0 (X11; Linux x86_64) AppleWebKit/537.36 (KHTML, like Gecko) Chrome/83.0.4103.97 Safari/537.36"
::ffff:34.219.162.251 - - [24/Mar/2023:14:05:50 +0000] "GET / HTTP/1.1" 200 58146 "-" "Mozilla/5.0 (X11; Linux x86_64) AppleWebKit/537.36 (KHTML, like Gecko) Chrome/83.0.4103.97 Safari/537.36"
::ffff:152.89.196.54 - - [24/Mar/2023:14:13:21 +0000] "GET /actuator/gateway/routes HTTP/1.1" 404 162 "-" "Mozilla/5.0 (Windows NT 10.0; Win64; x64) AppleWebKit/537.36 (KHTML, like Gecko) Chrome/78.0.3904.108 Safari/537.36"
::ffff:152.89.196.54 - - [24/Mar/2023:14:19:18 +0000] "GET /geoserver HTTP/1.1" 404 148 "-" "Mozilla/5.0 (Windows NT 10.0; Win64; x64) AppleWebKit/537.36 (KHTML, like Gecko) Chrome/78.0.3904.108 Safari/537.36"
::ffff:43.155.118.219 - - [24/Mar/2023:14:28:34 +0000] "HEAD /Core/Skin/Login.aspx HTTP/1.1" 404 160 "-" "Mozilla/5.0 (Windows NT 10.0; Win64; x64) AppleWebKit/537.36 (KHTML, like Gecko) Chrome/106.0.0.0 Safari/537.36"
::ffff:114.119.139.103 - - [24/Mar/2023:14:55:33 +0000] "GET /contact?s=1&ss=1 HTTP/1.1" 200 9997 "http://34.212.47.6/schools" "Mozilla/5.0 (Linux; Android 7.0;) AppleWebKit/537.36 (KHTML, like Gecko) Mobile Safari/537.36 (compatible; PetalBot;+https://webmaster.petalsearch.com/site/petalbot)"
::ffff:95.108.213.152 - - [24/Mar/2023:15:04:32 +0000] "GET /robots.txt HTTP/1.1" 404 149 "-" "Mozilla/5.0 (compatible; YandexBot/3.0; +http://yandex.com/bots)"
::ffff:5.45.207.175 - - [24/Mar/2023:15:04:33 +0000] "GET / HTTP/1.1" 200 58146 "-" "Mozilla/5.0 (compatible; YandexBot/3.0; +http://yandex.com/bots)"
::ffff:135.125.246.189 - - [24/Mar/2023:15:11:47 +0000] "GET /.env HTTP/1.1" 404 143 "-" "Mozilla/5.0 (X11; Linux x86_64) AppleWebKit/537.36 (KHTML, like Gecko) Chrome/81.0.4044.129 Safari/537.36"
::ffff:135.125.246.189 - - [24/Mar/2023:15:11:48 +0000] "POST / HTTP/1.1" 404 140 "-" "Mozilla/5.0 (X11; Linux x86_64) AppleWebKit/537.36 (KHTML, like Gecko) Chrome/81.0.4044.129 Safari/537.36"
::ffff:174.194.206.73 - - [24/Mar/2023:15:37:23 +0000] "GET / HTTP/1.1" 200 58146 "https://www.google.com/" "Mozilla/5.0 (Linux; Android 13; SM-S916U1) AppleWebKit/537.36 (KHTML, like Gecko) Chrome/111.0.0.0 Mobile Safari/537.36"
::ffff:174.194.206.73 - - [24/Mar/2023:15:37:23 +0000] "GET /css/wadokikai.css HTTP/1.1" 200 4337 "http://wadokikai.org/" "Mozilla/5.0 (Linux; Android 13; SM-S916U1) AppleWebKit/537.36 (KHTML, like Gecko) Chrome/111.0.0.0 Mobile Safari/537.36"
::ffff:174.194.206.73 - - [24/Mar/2023:15:37:23 +0000] "GET /js/common.js HTTP/1.1" 200 2255 "http://wadokikai.org/" "Mozilla/5.0 (Linux; Android 13; SM-S916U1) AppleWebKit/537.36 (KHTML, like Gecko) Chrome/111.0.0.0 Mobile Safari/537.36"
::ffff:174.194.206.73 - - [24/Mar/2023:15:37:23 +0000] "GET /images/wkkpatch22_med.png HTTP/1.1" 200 32301 "http://wadokikai.org/" "Mozilla/5.0 (Linux; Android 13; SM-S916U1) AppleWebKit/537.36 (KHTML, like Gecko) Chrome/111.0.0.0 Mobile Safari/537.36"
::ffff:174.194.206.73 - - [24/Mar/2023:15:37:23 +0000] "GET /images/schools/alamedakaratedomap.jpg HTTP/1.1" 200 38311 "http://wadokikai.org/" "Mozilla/5.0 (Linux; Android 13; SM-S916U1) AppleWebKit/537.36 (KHTML, like Gecko) Chrome/111.0.0.0 Mobile Safari/537.36"
::ffff:174.194.206.73 - - [24/Mar/2023:15:37:23 +0000] "GET /images/schools/orindakaratedomap.jpg HTTP/1.1" 200 34167 "http://wadokikai.org/" "Mozilla/5.0 (Linux; Android 13; SM-S916U1) AppleWebKit/537.36 (KHTML, like Gecko) Chrome/111.0.0.0 Mobile Safari/537.36"
::ffff:174.194.206.73 - - [24/Mar/2023:15:37:23 +0000] "GET /images/schools/dcakaratedomap.jpg HTTP/1.1" 200 35262 "http://wadokikai.org/" "Mozilla/5.0 (Linux; Android 13; SM-S916U1) AppleWebKit/537.36 (KHTML, like Gecko) Chrome/111.0.0.0 Mobile Safari/537.36"
::ffff:174.194.206.73 - - [24/Mar/2023:15:37:23 +0000] "GET /images/schools/harborbaykaratedomap.jpg HTTP/1.1" 200 37245 "http://wadokikai.org/" "Mozilla/5.0 (Linux; Android 13; SM-S916U1) AppleWebKit/537.36 (KHTML, like Gecko) Chrome/111.0.0.0 Mobile Safari/537.36"
::ffff:174.194.206.73 - - [24/Mar/2023:15:37:23 +0000] "GET /images/schools/corpuzkaratedomap.jpg HTTP/1.1" 200 36421 "http://wadokikai.org/" "Mozilla/5.0 (Linux; Android 13; SM-S916U1) AppleWebKit/537.36 (KHTML, like Gecko) Chrome/111.0.0.0 Mobile Safari/537.36"
::ffff:174.194.206.73 - - [24/Mar/2023:15:37:24 +0000] "GET /images/schools/nunleykaratedomap.jpg HTTP/1.1" 200 42667 "http://wadokikai.org/" "Mozilla/5.0 (Linux; Android 13; SM-S916U1) AppleWebKit/537.36 (KHTML, like Gecko) Chrome/111.0.0.0 Mobile Safari/537.36"
::ffff:174.194.206.73 - - [24/Mar/2023:15:37:24 +0000] "GET /images/schools/marinkaratedomap.jpg HTTP/1.1" 200 32400 "http://wadokikai.org/" "Mozilla/5.0 (Linux; Android 13; SM-S916U1) AppleWebKit/537.36 (KHTML, like Gecko) Chrome/111.0.0.0 Mobile Safari/537.36"
::ffff:174.194.206.73 - - [24/Mar/2023:15:37:24 +0000] "GET /images/schools/earhartkaratedomap.jpg HTTP/1.1" 200 41366 "http://wadokikai.org/" "Mozilla/5.0 (Linux; Android 13; SM-S916U1) AppleWebKit/537.36 (KHTML, like Gecko) Chrome/111.0.0.0 Mobile Safari/537.36"
::ffff:174.194.206.73 - - [24/Mar/2023:15:37:24 +0000] "GET /images/schools/martinezkaratedomap.jpg HTTP/1.1" 200 37724 "http://wadokikai.org/" "Mozilla/5.0 (Linux; Android 13; SM-S916U1) AppleWebKit/537.36 (KHTML, like Gecko) Chrome/111.0.0.0 Mobile Safari/537.36"
::ffff:174.194.206.73 - - [24/Mar/2023:15:37:24 +0000] "GET /images/dragon-trans.png HTTP/1.1" 200 85661 "http://wadokikai.org/" "Mozilla/5.0 (Linux; Android 13; SM-S916U1) AppleWebKit/537.36 (KHTML, like Gecko) Chrome/111.0.0.0 Mobile Safari/537.36"
::ffff:174.194.206.73 - - [24/Mar/2023:15:37:24 +0000] "GET /images/schools/manzanitakaratedomap.jpg HTTP/1.1" 200 55402 "http://wadokikai.org/" "Mozilla/5.0 (Linux; Android 13; SM-S916U1) AppleWebKit/537.36 (KHTML, like Gecko) Chrome/111.0.0.0 Mobile Safari/537.36"
::ffff:174.194.206.73 - - [24/Mar/2023:15:37:24 +0000] "GET /images/favicon.ico HTTP/1.1" 200 3638 "http://wadokikai.org/" "Mozilla/5.0 (Linux; Android 13; SM-S916U1) AppleWebKit/537.36 (KHTML, like Gecko) Chrome/111.0.0.0 Mobile Safari/537.36"
::ffff:174.194.206.73 - - [24/Mar/2023:15:37:27 +0000] "GET /schools HTTP/1.1" 200 97308 "http://wadokikai.org/" "Mozilla/5.0 (Linux; Android 13; SM-S916U1) AppleWebKit/537.36 (KHTML, like Gecko) Chrome/111.0.0.0 Mobile Safari/537.36"
::ffff:174.194.206.73 - - [24/Mar/2023:15:37:27 +0000] "GET /css/wadokikai.css HTTP/1.1" 304 - "http://wadokikai.org/schools" "Mozilla/5.0 (Linux; Android 13; SM-S916U1) AppleWebKit/537.36 (KHTML, like Gecko) Chrome/111.0.0.0 Mobile Safari/537.36"
::ffff:174.194.206.73 - - [24/Mar/2023:15:37:27 +0000] "GET /images/wkkpatch22_med.png HTTP/1.1" 304 - "http://wadokikai.org/schools" "Mozilla/5.0 (Linux; Android 13; SM-S916U1) AppleWebKit/537.36 (KHTML, like Gecko) Chrome/111.0.0.0 Mobile Safari/537.36"
::ffff:174.194.206.73 - - [24/Mar/2023:15:37:27 +0000] "GET /images/instructors/JohnPWKK.jpg HTTP/1.1" 200 7574 "http://wadokikai.org/schools" "Mozilla/5.0 (Linux; Android 13; SM-S916U1) AppleWebKit/537.36 (KHTML, like Gecko) Chrome/111.0.0.0 Mobile Safari/537.36"
::ffff:174.194.206.73 - - [24/Mar/2023:15:37:27 +0000] "GET /images/instructors/arce.jpg HTTP/1.1" 200 14433 "http://wadokikai.org/schools" "Mozilla/5.0 (Linux; Android 13; SM-S916U1) AppleWebKit/537.36 (KHTML, like Gecko) Chrome/111.0.0.0 Mobile Safari/537.36"
::ffff:174.194.206.73 - - [24/Mar/2023:15:37:27 +0000] "GET /images/instructors/carlos.jpg HTTP/1.1" 200 21431 "http://wadokikai.org/schools" "Mozilla/5.0 (Linux; Android 13; SM-S916U1) AppleWebKit/537.36 (KHTML, like Gecko) Chrome/111.0.0.0 Mobile Safari/537.36"
::ffff:174.194.206.73 - - [24/Mar/2023:15:37:27 +0000] "GET /images/instructors/jorge8th.jpg HTTP/1.1" 200 26779 "http://wadokikai.org/schools" "Mozilla/5.0 (Linux; Android 13; SM-S916U1) AppleWebKit/537.36 (KHTML, like Gecko) Chrome/111.0.0.0 Mobile Safari/537.36"
::ffff:174.194.206.73 - - [24/Mar/2023:15:37:27 +0000] "GET /images/instructors/geoffrey.jpg HTTP/1.1" 200 14922 "http://wadokikai.org/schools" "Mozilla/5.0 (Linux; Android 13; SM-S916U1) AppleWebKit/537.36 (KHTML, like Gecko) Chrome/111.0.0.0 Mobile Safari/537.36"
::ffff:174.194.206.73 - - [24/Mar/2023:15:37:27 +0000] "GET /images/instructors/anthony.jpg HTTP/1.1" 200 14045 "http://wadokikai.org/schools" "Mozilla/5.0 (Linux; Android 13; SM-S916U1) AppleWebKit/537.36 (KHTML, like Gecko) Chrome/111.0.0.0 Mobile Safari/537.36"
::ffff:174.194.206.73 - - [24/Mar/2023:15:37:27 +0000] "GET /images/instructors/anunley.jpg HTTP/1.1" 200 32690 "http://wadokikai.org/schools" "Mozilla/5.0 (Linux; Android 13; SM-S916U1) AppleWebKit/537.36 (KHTML, like Gecko) Chrome/111.0.0.0 Mobile Safari/537.36"
::ffff:174.194.206.73 - - [24/Mar/2023:15:37:27 +0000] "GET /images/instructors/justin.jpg HTTP/1.1" 200 14091 "http://wadokikai.org/schools" "Mozilla/5.0 (Linux; Android 13; SM-S916U1) AppleWebKit/537.36 (KHTML, like Gecko) Chrome/111.0.0.0 Mobile Safari/537.36"
::ffff:174.194.206.73 - - [24/Mar/2023:15:37:27 +0000] "GET /images/instructors/herseybaker.jpg HTTP/1.1" 200 13988 "http://wadokikai.org/schools" "Mozilla/5.0 (Linux; Android 13; SM-S916U1) AppleWebKit/537.36 (KHTML, like Gecko) Chrome/111.0.0.0 Mobile Safari/537.36"
::ffff:174.194.206.73 - - [24/Mar/2023:15:37:27 +0000] "GET /images/instructors/clarkb.jpeg HTTP/1.1" 200 12183 "http://wadokikai.org/schools" "Mozilla/5.0 (Linux; Android 13; SM-S916U1) AppleWebKit/537.36 (KHTML, like Gecko) Chrome/111.0.0.0 Mobile Safari/537.36"
::ffff:174.194.206.73 - - [24/Mar/2023:15:37:27 +0000] "GET /images/instructors/grant.jpg HTTP/1.1" 200 14249 "http://wadokikai.org/schools" "Mozilla/5.0 (Linux; Android 13; SM-S916U1) AppleWebKit/537.36 (KHTML, like Gecko) Chrome/111.0.0.0 Mobile Safari/537.36"
::ffff:174.194.206.73 - - [24/Mar/2023:15:37:27 +0000] "GET /images/instructors/don.jpg HTTP/1.1" 200 76210 "http://wadokikai.org/schools" "Mozilla/5.0 (Linux; Android 13; SM-S916U1) AppleWebKit/537.36 (KHTML, like Gecko) Chrome/111.0.0.0 Mobile Safari/537.36"
::ffff:174.194.206.73 - - [24/Mar/2023:15:37:27 +0000] "GET /images/instructors/rodnak.jpg HTTP/1.1" 200 12841 "http://wadokikai.org/schools" "Mozilla/5.0 (Linux; Android 13; SM-S916U1) AppleWebKit/537.36 (KHTML, like Gecko) Chrome/111.0.0.0 Mobile Safari/537.36"
::ffff:174.194.206.73 - - [24/Mar/2023:15:37:27 +0000] "GET /images/instructors/fortiz.jpg HTTP/1.1" 200 82719 "http://wadokikai.org/schools" "Mozilla/5.0 (Linux; Android 13; SM-S916U1) AppleWebKit/537.36 (KHTML, like Gecko) Chrome/111.0.0.0 Mobile Safari/537.36"
::ffff:174.194.206.73 - - [24/Mar/2023:15:37:27 +0000] "GET /images/instructors/dokeeffe.jpg HTTP/1.1" 200 42708 "http://wadokikai.org/schools" "Mozilla/5.0 (Linux; Android 13; SM-S916U1) AppleWebKit/537.36 (KHTML, like Gecko) Chrome/111.0.0.0 Mobile Safari/537.36"
::ffff:174.194.206.73 - - [24/Mar/2023:15:37:27 +0000] "GET /images/instructors/mlee.jpg HTTP/1.1" 200 65525 "http://wadokikai.org/schools" "Mozilla/5.0 (Linux; Android 13; SM-S916U1) AppleWebKit/537.36 (KHTML, like Gecko) Chrome/111.0.0.0 Mobile Safari/537.36"
::ffff:174.194.206.73 - - [24/Mar/2023:15:37:27 +0000] "GET /images/instructors/btimlin.jpg HTTP/1.1" 200 378054 "http://wadokikai.org/schools" "Mozilla/5.0 (Linux; Android 13; SM-S916U1) AppleWebKit/537.36 (KHTML, like Gecko) Chrome/111.0.0.0 Mobile Safari/537.36"
::ffff:174.194.206.73 - - [24/Mar/2023:15:37:27 +0000] "GET /images/instructors/acohen.jpg HTTP/1.1" 200 62805 "http://wadokikai.org/schools" "Mozilla/5.0 (Linux; Android 13; SM-S916U1) AppleWebKit/537.36 (KHTML, like Gecko) Chrome/111.0.0.0 Mobile Safari/537.36"
::ffff:174.194.206.73 - - [24/Mar/2023:15:37:27 +0000] "GET /images/instructors/andrea.jpg HTTP/1.1" 200 61330 "http://wadokikai.org/schools" "Mozilla/5.0 (Linux; Android 13; SM-S916U1) AppleWebKit/537.36 (KHTML, like Gecko) Chrome/111.0.0.0 Mobile Safari/537.36"
::ffff:174.194.206.73 - - [24/Mar/2023:15:37:27 +0000] "GET /images/instructors/mbrooks.jpg HTTP/1.1" 200 132490 "http://wadokikai.org/schools" "Mozilla/5.0 (Linux; Android 13; SM-S916U1) AppleWebKit/537.36 (KHTML, like Gecko) Chrome/111.0.0.0 Mobile Safari/537.36"
::ffff:174.194.206.73 - - [24/Mar/2023:15:37:27 +0000] "GET /images/instructors/SenseiLarry.jpg HTTP/1.1" 200 60380 "http://wadokikai.org/schools" "Mozilla/5.0 (Linux; Android 13; SM-S916U1) AppleWebKit/537.36 (KHTML, like Gecko) Chrome/111.0.0.0 Mobile Safari/537.36"
::ffff:174.194.206.73 - - [24/Mar/2023:15:37:27 +0000] "GET /images/instructors/RuPaster.jpg HTTP/1.1" 200 75352 "http://wadokikai.org/schools" "Mozilla/5.0 (Linux; Android 13; SM-S916U1) AppleWebKit/537.36 (KHTML, like Gecko) Chrome/111.0.0.0 Mobile Safari/537.36"
::ffff:174.194.206.73 - - [24/Mar/2023:15:37:27 +0000] "GET /images/instructors/achang.jpg HTTP/1.1" 200 32799 "http://wadokikai.org/schools" "Mozilla/5.0 (Linux; Android 13; SM-S916U1) AppleWebKit/537.36 (KHTML, like Gecko) Chrome/111.0.0.0 Mobile Safari/537.36"
::ffff:174.194.206.73 - - [24/Mar/2023:15:37:27 +0000] "GET /images/instructors/amastroianni.jpg HTTP/1.1" 200 78389 "http://wadokikai.org/schools" "Mozilla/5.0 (Linux; Android 13; SM-S916U1) AppleWebKit/537.36 (KHTML, like Gecko) Chrome/111.0.0.0 Mobile Safari/537.36"
::ffff:174.194.206.73 - - [24/Mar/2023:15:37:27 +0000] "GET /images/instructors/amahalatinia.jpg HTTP/1.1" 200 84763 "http://wadokikai.org/schools" "Mozilla/5.0 (Linux; Android 13; SM-S916U1) AppleWebKit/537.36 (KHTML, like Gecko) Chrome/111.0.0.0 Mobile Safari/537.36"
::ffff:174.194.206.73 - - [24/Mar/2023:15:37:27 +0000] "GET /images/instructors/fnavarro.jpg HTTP/1.1" 200 7268 "http://wadokikai.org/schools" "Mozilla/5.0 (Linux; Android 13; SM-S916U1) AppleWebKit/537.36 (KHTML, like Gecko) Chrome/111.0.0.0 Mobile Safari/537.36"
::ffff:174.194.206.73 - - [24/Mar/2023:15:37:27 +0000] "GET /images/instructors/wkklogo.png HTTP/1.1" 200 35114 "http://wadokikai.org/schools" "Mozilla/5.0 (Linux; Android 13; SM-S916U1) AppleWebKit/537.36 (KHTML, like Gecko) Chrome/111.0.0.0 Mobile Safari/537.36"
::ffff:174.194.206.73 - - [24/Mar/2023:15:37:27 +0000] "GET /images/schools/alamedakaratedomap.jpg HTTP/1.1" 304 - "http://wadokikai.org/schools" "Mozilla/5.0 (Linux; Android 13; SM-S916U1) AppleWebKit/537.36 (KHTML, like Gecko) Chrome/111.0.0.0 Mobile Safari/537.36"
::ffff:174.194.206.73 - - [24/Mar/2023:15:37:27 +0000] "GET /images/fbpic.webp HTTP/1.1" 200 986 "http://wadokikai.org/schools" "Mozilla/5.0 (Linux; Android 13; SM-S916U1) AppleWebKit/537.36 (KHTML, like Gecko) Chrome/111.0.0.0 Mobile Safari/537.36"
::ffff:174.194.206.73 - - [24/Mar/2023:15:37:27 +0000] "GET /images/schools/alamedakaratedo.jpg HTTP/1.1" 200 86185 "http://wadokikai.org/schools" "Mozilla/5.0 (Linux; Android 13; SM-S916U1) AppleWebKit/537.36 (KHTML, like Gecko) Chrome/111.0.0.0 Mobile Safari/537.36"
::ffff:174.194.206.73 - - [24/Mar/2023:15:37:27 +0000] "GET /images/igpic.webp HTTP/1.1" 200 1328 "http://wadokikai.org/schools" "Mozilla/5.0 (Linux; Android 13; SM-S916U1) AppleWebKit/537.36 (KHTML, like Gecko) Chrome/111.0.0.0 Mobile Safari/537.36"
::ffff:174.194.206.73 - - [24/Mar/2023:15:37:27 +0000] "GET /images/schools/orindakaratedomap.jpg HTTP/1.1" 304 - "http://wadokikai.org/schools" "Mozilla/5.0 (Linux; Android 13; SM-S916U1) AppleWebKit/537.36 (KHTML, like Gecko) Chrome/111.0.0.0 Mobile Safari/537.36"
::ffff:174.194.206.73 - - [24/Mar/2023:15:37:27 +0000] "GET /images/schools/orindakaratedo.jpg HTTP/1.1" 200 264927 "http://wadokikai.org/schools" "Mozilla/5.0 (Linux; Android 13; SM-S916U1) AppleWebKit/537.36 (KHTML, like Gecko) Chrome/111.0.0.0 Mobile Safari/537.36"
::ffff:174.194.206.73 - - [24/Mar/2023:15:37:27 +0000] "GET /images/schools/dcakaratedomap.jpg HTTP/1.1" 304 - "http://wadokikai.org/schools" "Mozilla/5.0 (Linux; Android 13; SM-S916U1) AppleWebKit/537.36 (KHTML, like Gecko) Chrome/111.0.0.0 Mobile Safari/537.36"
::ffff:174.194.206.73 - - [24/Mar/2023:15:37:27 +0000] "GET /images/schools/harborbaykaratedomap.jpg HTTP/1.1" 304 - "http://wadokikai.org/schools" "Mozilla/5.0 (Linux; Android 13; SM-S916U1) AppleWebKit/537.36 (KHTML, like Gecko) Chrome/111.0.0.0 Mobile Safari/537.36"
::ffff:174.194.206.73 - - [24/Mar/2023:15:37:27 +0000] "GET /images/schools/dcakaratedo.jpg HTTP/1.1" 200 458708 "http://wadokikai.org/schools" "Mozilla/5.0 (Linux; Android 13; SM-S916U1) AppleWebKit/537.36 (KHTML, like Gecko) Chrome/111.0.0.0 Mobile Safari/537.36"
::ffff:174.194.206.73 - - [24/Mar/2023:15:37:27 +0000] "GET /images/schools/harborbaykaratedo.jpg HTTP/1.1" 200 77464 "http://wadokikai.org/schools" "Mozilla/5.0 (Linux; Android 13; SM-S916U1) AppleWebKit/537.36 (KHTML, like Gecko) Chrome/111.0.0.0 Mobile Safari/537.36"
::ffff:174.194.206.73 - - [24/Mar/2023:15:37:27 +0000] "GET /images/schools/corpuzkaratedomap.jpg HTTP/1.1" 304 - "http://wadokikai.org/schools" "Mozilla/5.0 (Linux; Android 13; SM-S916U1) AppleWebKit/537.36 (KHTML, like Gecko) Chrome/111.0.0.0 Mobile Safari/537.36"
::ffff:174.194.206.73 - - [24/Mar/2023:15:37:27 +0000] "GET /images/schools/nunleykaratedomap.jpg HTTP/1.1" 304 - "http://wadokikai.org/schools" "Mozilla/5.0 (Linux; Android 13; SM-S916U1) AppleWebKit/537.36 (KHTML, like Gecko) Chrome/111.0.0.0 Mobile Safari/537.36"
::ffff:174.194.206.73 - - [24/Mar/2023:15:37:27 +0000] "GET /images/schools/marinkaratedomap.jpg HTTP/1.1" 304 - "http://wadokikai.org/schools" "Mozilla/5.0 (Linux; Android 13; SM-S916U1) AppleWebKit/537.36 (KHTML, like Gecko) Chrome/111.0.0.0 Mobile Safari/537.36"
::ffff:174.194.206.73 - - [24/Mar/2023:15:37:28 +0000] "GET /images/schools/earhartkaratedomap.jpg HTTP/1.1" 304 - "http://wadokikai.org/schools" "Mozilla/5.0 (Linux; Android 13; SM-S916U1) AppleWebKit/537.36 (KHTML, like Gecko) Chrome/111.0.0.0 Mobile Safari/537.36"
::ffff:174.194.206.73 - - [24/Mar/2023:15:37:28 +0000] "GET /images/schools/martinezkaratedomap.jpg HTTP/1.1" 304 - "http://wadokikai.org/schools" "Mozilla/5.0 (Linux; Android 13; SM-S916U1) AppleWebKit/537.36 (KHTML, like Gecko) Chrome/111.0.0.0 Mobile Safari/537.36"
::ffff:174.194.206.73 - - [24/Mar/2023:15:37:28 +0000] "GET /images/schools/manzanitakaratedomap.jpg HTTP/1.1" 304 - "http://wadokikai.org/schools" "Mozilla/5.0 (Linux; Android 13; SM-S916U1) AppleWebKit/537.36 (KHTML, like Gecko) Chrome/111.0.0.0 Mobile Safari/537.36"
::ffff:174.194.206.73 - - [24/Mar/2023:15:37:28 +0000] "GET /images/schools/corpuzkaratedo.jpg HTTP/1.1" 200 65837 "http://wadokikai.org/schools" "Mozilla/5.0 (Linux; Android 13; SM-S916U1) AppleWebKit/537.36 (KHTML, like Gecko) Chrome/111.0.0.0 Mobile Safari/537.36"
::ffff:174.194.206.73 - - [24/Mar/2023:15:37:28 +0000] "GET /images/schools/nunleykaratedo.jpg HTTP/1.1" 200 77040 "http://wadokikai.org/schools" "Mozilla/5.0 (Linux; Android 13; SM-S916U1) AppleWebKit/537.36 (KHTML, like Gecko) Chrome/111.0.0.0 Mobile Safari/537.36"
::ffff:174.194.206.73 - - [24/Mar/2023:15:37:28 +0000] "GET /images/schools/earhartkaratedo.jpg HTTP/1.1" 200 35835 "http://wadokikai.org/schools" "Mozilla/5.0 (Linux; Android 13; SM-S916U1) AppleWebKit/537.36 (KHTML, like Gecko) Chrome/111.0.0.0 Mobile Safari/537.36"
::ffff:174.194.206.73 - - [24/Mar/2023:15:37:28 +0000] "GET /images/schools/marinkaratedo.jpeg HTTP/1.1" 200 104735 "http://wadokikai.org/schools" "Mozilla/5.0 (Linux; Android 13; SM-S916U1) AppleWebKit/537.36 (KHTML, like Gecko) Chrome/111.0.0.0 Mobile Safari/537.36"
::ffff:174.194.206.73 - - [24/Mar/2023:15:37:28 +0000] "GET /images/schools/zoomdonkaratedo.jpg HTTP/1.1" 200 32454 "http://wadokikai.org/schools" "Mozilla/5.0 (Linux; Android 13; SM-S916U1) AppleWebKit/537.36 (KHTML, like Gecko) Chrome/111.0.0.0 Mobile Safari/537.36"
::ffff:174.194.206.73 - - [24/Mar/2023:15:37:28 +0000] "GET /images/schools/zoomsfbakaratedo.jpg HTTP/1.1" 200 259024 "http://wadokikai.org/schools" "Mozilla/5.0 (Linux; Android 13; SM-S916U1) AppleWebKit/537.36 (KHTML, like Gecko) Chrome/111.0.0.0 Mobile Safari/537.36"
::ffff:174.194.206.73 - - [24/Mar/2023:15:37:28 +0000] "GET /images/schools/martinezkaratedo.jpg HTTP/1.1" 200 1754187 "http://wadokikai.org/schools" "Mozilla/5.0 (Linux; Android 13; SM-S916U1) AppleWebKit/537.36 (KHTML, like Gecko) Chrome/111.0.0.0 Mobile Safari/537.36"
::ffff:174.194.206.73 - - [24/Mar/2023:15:37:28 +0000] "GET /images/schools/manzanitakaratedo.jpg HTTP/1.1" 200 1829058 "http://wadokikai.org/schools" "Mozilla/5.0 (Linux; Android 13; SM-S916U1) AppleWebKit/537.36 (KHTML, like Gecko) Chrome/111.0.0.0 Mobile Safari/537.36"
::ffff:174.194.206.73 - - [24/Mar/2023:15:37:28 +0000] "GET /images/favicon.ico HTTP/1.1" 304 - "http://wadokikai.org/schools" "Mozilla/5.0 (Linux; Android 13; SM-S916U1) AppleWebKit/537.36 (KHTML, like Gecko) Chrome/111.0.0.0 Mobile Safari/537.36"
::ffff:174.194.206.73 - - [24/Mar/2023:15:39:01 +0000] "GET / HTTP/1.1" 200 58146 "https://www.google.com/" "Mozilla/5.0 (Linux; Android 13; SM-S916U1) AppleWebKit/537.36 (KHTML, like Gecko) Chrome/111.0.0.0 Mobile Safari/537.36"
::ffff:40.77.167.190 - - [24/Mar/2023:15:39:34 +0000] "GET / HTTP/1.1" 200 58146 "-" "Mozilla/5.0 AppleWebKit/537.36 (KHTML, like Gecko; compatible; bingbot/2.0; +http://www.bing.com/bingbot.htm) Chrome/103.0.5060.134 Safari/537.36"
::ffff:135.125.218.67 - - [24/Mar/2023:15:41:11 +0000] "GET /.env HTTP/1.1" 404 143 "-" "Mozilla/5.0 (X11; Linux x86_64) AppleWebKit/537.36 (KHTML, like Gecko) Chrome/81.0.4044.129 Safari/537.36"
::ffff:135.125.218.67 - - [24/Mar/2023:15:41:11 +0000] "POST / HTTP/1.1" 404 140 "-" "Mozilla/5.0 (X11; Linux x86_64) AppleWebKit/537.36 (KHTML, like Gecko) Chrome/81.0.4044.129 Safari/537.36"
::ffff:43.155.118.219 - - [24/Mar/2023:15:48:14 +0000] "HEAD /Core/Skin/Login.aspx HTTP/1.1" 404 160 "-" "Mozilla/5.0 (Windows NT 10.0; Win64; x64) AppleWebKit/537.36 (KHTML, like Gecko) Chrome/106.0.0.0 Safari/537.36"
::ffff:185.254.196.173 - - [24/Mar/2023:15:51:50 +0000] "GET /.env HTTP/1.1" 404 143 "-" "Mozilla/5.0 (X11; Linux x86_64) AppleWebKit/537.36 (KHTML, like Gecko) Chrome/81.0.4044.129 Safari/537.36"
::ffff:185.254.196.173 - - [24/Mar/2023:15:51:50 +0000] "POST / HTTP/1.1" 404 140 "-" "Mozilla/5.0 (X11; Linux x86_64) AppleWebKit/537.36 (KHTML, like Gecko) Chrome/81.0.4044.129 Safari/537.36"
::ffff:136.62.6.142 - - [24/Mar/2023:15:54:38 +0000] "GET /css/wadokikai.css HTTP/1.1" 304 - "http://www.wadokikai.org/resources" "Mozilla/5.0 (Macintosh; Intel Mac OS X 10_15_7) AppleWebKit/537.36 (KHTML, like Gecko) Chrome/111.0.0.0 Safari/537.36"
::ffff:136.62.6.142 - - [24/Mar/2023:15:54:38 +0000] "GET /resources HTTP/1.1" 200 194907 "-" "Mozilla/5.0 (Macintosh; Intel Mac OS X 10_15_7) AppleWebKit/537.36 (KHTML, like Gecko) Chrome/111.0.0.0 Safari/537.36"
::ffff:136.62.6.142 - - [24/Mar/2023:15:54:38 +0000] "GET /images/wkkpatch22_med.png HTTP/1.1" 304 - "http://www.wadokikai.org/resources" "Mozilla/5.0 (Macintosh; Intel Mac OS X 10_15_7) AppleWebKit/537.36 (KHTML, like Gecko) Chrome/111.0.0.0 Safari/537.36"
::ffff:136.62.6.142 - - [24/Mar/2023:15:54:38 +0000] "GET /images/JohnArce.jpg HTTP/1.1" 304 - "http://www.wadokikai.org/resources" "Mozilla/5.0 (Macintosh; Intel Mac OS X 10_15_7) AppleWebKit/537.36 (KHTML, like Gecko) Chrome/111.0.0.0 Safari/537.36"
::ffff:136.62.6.142 - - [24/Mar/2023:15:54:38 +0000] "GET /js/common.js HTTP/1.1" 304 - "http://www.wadokikai.org/resources" "Mozilla/5.0 (Macintosh; Intel Mac OS X 10_15_7) AppleWebKit/537.36 (KHTML, like Gecko) Chrome/111.0.0.0 Safari/537.36"
::ffff:136.62.6.142 - - [24/Mar/2023:15:54:38 +0000] "GET /images/books/karatebook.jpg HTTP/1.1" 304 - "http://www.wadokikai.org/resources" "Mozilla/5.0 (Macintosh; Intel Mac OS X 10_15_7) AppleWebKit/537.36 (KHTML, like Gecko) Chrome/111.0.0.0 Safari/537.36"
::ffff:136.62.6.142 - - [24/Mar/2023:15:54:38 +0000] "GET /images/tm.jpg HTTP/1.1" 304 - "http://www.wadokikai.org/resources" "Mozilla/5.0 (Macintosh; Intel Mac OS X 10_15_7) AppleWebKit/537.36 (KHTML, like Gecko) Chrome/111.0.0.0 Safari/537.36"
::ffff:136.62.6.142 - - [24/Mar/2023:15:54:38 +0000] "GET /images/books/MBS2.jpg HTTP/1.1" 304 - "http://www.wadokikai.org/resources" "Mozilla/5.0 (Macintosh; Intel Mac OS X 10_15_7) AppleWebKit/537.36 (KHTML, like Gecko) Chrome/111.0.0.0 Safari/537.36"
::ffff:136.62.6.142 - - [24/Mar/2023:15:54:38 +0000] "GET /images/books/MBS.gif HTTP/1.1" 304 - "http://www.wadokikai.org/resources" "Mozilla/5.0 (Macintosh; Intel Mac OS X 10_15_7) AppleWebKit/537.36 (KHTML, like Gecko) Chrome/111.0.0.0 Safari/537.36"
::ffff:136.62.6.142 - - [24/Mar/2023:15:54:38 +0000] "GET /images/books/ZenMeditation.jpg HTTP/1.1" 304 - "http://www.wadokikai.org/resources" "Mozilla/5.0 (Macintosh; Intel Mac OS X 10_15_7) AppleWebKit/537.36 (KHTML, like Gecko) Chrome/111.0.0.0 Safari/537.36"
::ffff:136.62.6.142 - - [24/Mar/2023:15:54:38 +0000] "GET /images/books/dummies.jpg HTTP/1.1" 304 - "http://www.wadokikai.org/resources" "Mozilla/5.0 (Macintosh; Intel Mac OS X 10_15_7) AppleWebKit/537.36 (KHTML, like Gecko) Chrome/111.0.0.0 Safari/537.36"
::ffff:136.62.6.142 - - [24/Mar/2023:15:54:38 +0000] "GET /images/books/bookoffiverings.jpg HTTP/1.1" 304 - "http://www.wadokikai.org/resources" "Mozilla/5.0 (Macintosh; Intel Mac OS X 10_15_7) AppleWebKit/537.36 (KHTML, like Gecko) Chrome/111.0.0.0 Safari/537.36"
::ffff:136.62.6.142 - - [24/Mar/2023:15:54:38 +0000] "GET /images/books/KarateDoZen.jpg HTTP/1.1" 304 - "http://www.wadokikai.org/resources" "Mozilla/5.0 (Macintosh; Intel Mac OS X 10_15_7) AppleWebKit/537.36 (KHTML, like Gecko) Chrome/111.0.0.0 Safari/537.36"
::ffff:136.62.6.142 - - [24/Mar/2023:15:54:38 +0000] "GET /images/books/shotokanSecrets.jpg HTTP/1.1" 304 - "http://www.wadokikai.org/resources" "Mozilla/5.0 (Macintosh; Intel Mac OS X 10_15_7) AppleWebKit/537.36 (KHTML, like Gecko) Chrome/111.0.0.0 Safari/537.36"
::ffff:136.62.6.142 - - [24/Mar/2023:15:54:38 +0000] "GET /images/books/dojoWisdom.jpg HTTP/1.1" 304 - "http://www.wadokikai.org/resources" "Mozilla/5.0 (Macintosh; Intel Mac OS X 10_15_7) AppleWebKit/537.36 (KHTML, like Gecko) Chrome/111.0.0.0 Safari/537.36"
::ffff:136.62.6.142 - - [24/Mar/2023:15:54:38 +0000] "GET /images/books/saibook.jpg HTTP/1.1" 304 - "http://www.wadokikai.org/resources" "Mozilla/5.0 (Macintosh; Intel Mac OS X 10_15_7) AppleWebKit/537.36 (KHTML, like Gecko) Chrome/111.0.0.0 Safari/537.36"
::ffff:136.62.6.142 - - [24/Mar/2023:15:54:38 +0000] "GET /images/books/bobook.gif HTTP/1.1" 304 - "http://www.wadokikai.org/resources" "Mozilla/5.0 (Macintosh; Intel Mac OS X 10_15_7) AppleWebKit/537.36 (KHTML, like Gecko) Chrome/111.0.0.0 Safari/537.36"
::ffff:136.62.6.142 - - [24/Mar/2023:15:54:38 +0000] "GET /images/books/emptyHand.jpg HTTP/1.1" 304 - "http://www.wadokikai.org/resources" "Mozilla/5.0 (Macintosh; Intel Mac OS X 10_15_7) AppleWebKit/537.36 (KHTML, like Gecko) Chrome/111.0.0.0 Safari/537.36"
::ffff:136.62.6.142 - - [24/Mar/2023:15:54:38 +0000] "GET /images/books/guide20.jpg HTTP/1.1" 304 - "http://www.wadokikai.org/resources" "Mozilla/5.0 (Macintosh; Intel Mac OS X 10_15_7) AppleWebKit/537.36 (KHTML, like Gecko) Chrome/111.0.0.0 Safari/537.36"
::ffff:136.62.6.142 - - [24/Mar/2023:15:54:38 +0000] "GET /images/books/karatedo.jpg HTTP/1.1" 304 - "http://www.wadokikai.org/resources" "Mozilla/5.0 (Macintosh; Intel Mac OS X 10_15_7) AppleWebKit/537.36 (KHTML, like Gecko) Chrome/111.0.0.0 Safari/537.36"
::ffff:136.62.6.142 - - [24/Mar/2023:15:54:38 +0000] "GET /images/books/movingzen.jpg HTTP/1.1" 304 - "http://www.wadokikai.org/resources" "Mozilla/5.0 (Macintosh; Intel Mac OS X 10_15_7) AppleWebKit/537.36 (KHTML, like Gecko) Chrome/111.0.0.0 Safari/537.36"
::ffff:136.62.6.142 - - [24/Mar/2023:15:54:38 +0000] "GET /images/books/karatedojo.jpg HTTP/1.1" 304 - "http://www.wadokikai.org/resources" "Mozilla/5.0 (Macintosh; Intel Mac OS X 10_15_7) AppleWebKit/537.36 (KHTML, like Gecko) Chrome/111.0.0.0 Safari/537.36"
::ffff:136.62.6.142 - - [24/Mar/2023:15:54:38 +0000] "GET /images/books/grappingmethod.jpg HTTP/1.1" 304 - "http://www.wadokikai.org/resources" "Mozilla/5.0 (Macintosh; Intel Mac OS X 10_15_7) AppleWebKit/537.36 (KHTML, like Gecko) Chrome/111.0.0.0 Safari/537.36"
::ffff:136.62.6.142 - - [24/Mar/2023:15:54:38 +0000] "GET /images/dragon-trans.png HTTP/1.1" 304 - "http://www.wadokikai.org/resources" "Mozilla/5.0 (Macintosh; Intel Mac OS X 10_15_7) AppleWebKit/537.36 (KHTML, like Gecko) Chrome/111.0.0.0 Safari/537.36"
::ffff:136.62.6.142 - - [24/Mar/2023:15:54:38 +0000] "GET /images/books/artofwar.jpg HTTP/1.1" 304 - "http://www.wadokikai.org/resources" "Mozilla/5.0 (Macintosh; Intel Mac OS X 10_15_7) AppleWebKit/537.36 (KHTML, like Gecko) Chrome/111.0.0.0 Safari/537.36"
::ffff:3.71.189.40 - - [24/Mar/2023:16:04:35 +0000] "GET / HTTP/1.1" 200 58146 "-" "Mozilla/5.0 (Windows; U; ; en-NZ) AppleWebKit/527  (KHTML, like Gecko, Safari/419.3) Arora/0.8.0"
::ffff:66.115.189.137 - - [24/Mar/2023:16:38:05 +0000] "GET /apis/apps/v1/namespaces/kube-system/daemonsets HTTP/1.1" 404 185 "-" "Mozilla/5.0 (Macintosh; Intel Mac OS X 10_15_7) AppleWebKit/537.36 (KHTML, like Gecko) Chrome/107.0.0.0 Safari/537.36"
::ffff:54.36.148.47 - - [24/Mar/2023:16:38:58 +0000] "GET /robots.txt HTTP/1.1" 404 149 "-" "Mozilla/5.0 (compatible; AhrefsBot/7.0; +http://ahrefs.com/robot/)"
::ffff:51.222.253.17 - - [24/Mar/2023:16:39:03 +0000] "GET / HTTP/1.1" 200 58146 "-" "Mozilla/5.0 (compatible; AhrefsBot/7.0; +http://ahrefs.com/robot/)"
::ffff:135.125.246.189 - - [24/Mar/2023:16:39:32 +0000] "GET /.env HTTP/1.1" 404 143 "-" "Mozilla/5.0 (X11; Linux x86_64) AppleWebKit/537.36 (KHTML, like Gecko) Chrome/81.0.4044.129 Safari/537.36"
::ffff:135.125.246.189 - - [24/Mar/2023:16:39:32 +0000] "POST / HTTP/1.1" 404 140 "-" "Mozilla/5.0 (X11; Linux x86_64) AppleWebKit/537.36 (KHTML, like Gecko) Chrome/81.0.4044.129 Safari/537.36"
::ffff:51.222.253.7 - - [24/Mar/2023:16:57:23 +0000] "GET /robots.txt HTTP/1.1" 404 149 "-" "Mozilla/5.0 (compatible; AhrefsBot/7.0; +http://ahrefs.com/robot/)"
::ffff:51.222.253.6 - - [24/Mar/2023:16:57:26 +0000] "GET / HTTP/1.1" 200 58146 "-" "Mozilla/5.0 (compatible; AhrefsBot/7.0; +http://ahrefs.com/robot/)"
::ffff:51.222.253.4 - - [24/Mar/2023:16:57:29 +0000] "GET /images/schools/harborbaykaratedomap.jpg HTTP/1.1" 200 37245 "-" "Mozilla/5.0 (compatible; AhrefsBot/7.0; +http://ahrefs.com/robot/)"
::ffff:51.222.253.20 - - [24/Mar/2023:16:57:29 +0000] "GET /images/schools/corpuzkaratedomap.jpg HTTP/1.1" 200 36421 "-" "Mozilla/5.0 (compatible; AhrefsBot/7.0; +http://ahrefs.com/robot/)"
::ffff:51.222.253.11 - - [24/Mar/2023:16:57:30 +0000] "GET /images/wkkpatch22_med.png HTTP/1.1" 200 32301 "-" "Mozilla/5.0 (compatible; AhrefsBot/7.0; +http://ahrefs.com/robot/)"
::ffff:51.222.253.16 - - [24/Mar/2023:16:57:31 +0000] "GET /images/schools/orindakaratedomap.jpg HTTP/1.1" 200 34167 "-" "Mozilla/5.0 (compatible; AhrefsBot/7.0; +http://ahrefs.com/robot/)"
::ffff:51.222.253.13 - - [24/Mar/2023:16:57:32 +0000] "GET /css/wadokikai.css HTTP/1.1" 200 4337 "-" "Mozilla/5.0 (compatible; AhrefsBot/7.0; +http://ahrefs.com/robot/)"
::ffff:51.222.253.7 - - [24/Mar/2023:16:57:32 +0000] "GET /images/schools/earhartkaratedomap.jpg HTTP/1.1" 200 41366 "-" "Mozilla/5.0 (compatible; AhrefsBot/7.0; +http://ahrefs.com/robot/)"
::ffff:51.222.253.20 - - [24/Mar/2023:16:57:33 +0000] "GET /js/common.js HTTP/1.1" 200 2255 "-" "Mozilla/5.0 (compatible; AhrefsBot/7.0; +http://ahrefs.com/robot/)"
::ffff:51.222.253.20 - - [24/Mar/2023:16:57:33 +0000] "GET /images/schools/martinezkaratedomap.jpg HTTP/1.1" 200 37724 "-" "Mozilla/5.0 (compatible; AhrefsBot/7.0; +http://ahrefs.com/robot/)"
::ffff:51.222.253.15 - - [24/Mar/2023:16:57:34 +0000] "GET /images/schools/marinkaratedomap.jpg HTTP/1.1" 200 32400 "-" "Mozilla/5.0 (compatible; AhrefsBot/7.0; +http://ahrefs.com/robot/)"
::ffff:51.222.253.15 - - [24/Mar/2023:16:57:34 +0000] "GET /images/schools/manzanitakaratedomap.jpg HTTP/1.1" 200 55402 "-" "Mozilla/5.0 (compatible; AhrefsBot/7.0; +http://ahrefs.com/robot/)"
::ffff:51.222.253.9 - - [24/Mar/2023:16:57:35 +0000] "GET /images/schools/dcakaratedomap.jpg HTTP/1.1" 200 35262 "-" "Mozilla/5.0 (compatible; AhrefsBot/7.0; +http://ahrefs.com/robot/)"
::ffff:51.222.253.19 - - [24/Mar/2023:16:57:35 +0000] "GET /images/schools/nunleykaratedomap.jpg HTTP/1.1" 200 42667 "-" "Mozilla/5.0 (compatible; AhrefsBot/7.0; +http://ahrefs.com/robot/)"
::ffff:51.222.253.16 - - [24/Mar/2023:16:57:36 +0000] "GET /images/schools/alamedakaratedomap.jpg HTTP/1.1" 200 38311 "-" "Mozilla/5.0 (compatible; AhrefsBot/7.0; +http://ahrefs.com/robot/)"
::ffff:135.125.218.67 - - [24/Mar/2023:16:57:38 +0000] "GET /.env HTTP/1.1" 404 143 "-" "Mozilla/5.0 (X11; Linux x86_64) AppleWebKit/537.36 (KHTML, like Gecko) Chrome/81.0.4044.129 Safari/537.36"
::ffff:135.125.218.67 - - [24/Mar/2023:16:57:39 +0000] "POST / HTTP/1.1" 404 140 "-" "Mozilla/5.0 (X11; Linux x86_64) AppleWebKit/537.36 (KHTML, like Gecko) Chrome/81.0.4044.129 Safari/537.36"
::ffff:159.203.224.14 - - [24/Mar/2023:17:04:21 +0000] "GET /autodiscover/autodiscover.json?@zdi/Powershell HTTP/1.1" 404 169 "-" "Mozilla/5.0 zgrab/0.x"
::ffff:193.32.162.159 - - [24/Mar/2023:17:05:59 +0000] "GET / HTTP/1.1" 200 58146 "-" "Mozilla/5.0 (Windows NT 10.0; Win64; x64) AppleWebKit/537.36 (KHTML, like Gecko) Chrome/90.0.4430.85 Safari/537.36 Edg/90.0.818.46"
::ffff:193.32.162.159 - - [24/Mar/2023:17:06:04 +0000] "GET /dispatch.asp HTTP/1.1" 404 151 "-" "Mozilla/5.0 (Windows NT 10.0; Win64; x64) AppleWebKit/537.36 (KHTML, like Gecko) Chrome/90.0.4430.85 Safari/537.36 Edg/90.0.818.46"
::ffff:43.155.118.219 - - [24/Mar/2023:17:07:11 +0000] "HEAD /Core/Skin/Login.aspx HTTP/1.1" 404 160 "-" "Mozilla/5.0 (Windows NT 10.0; Win64; x64) AppleWebKit/537.36 (KHTML, like Gecko) Chrome/106.0.0.0 Safari/537.36"
::ffff:59.98.173.205 - - [24/Mar/2023:17:16:30 +0000] "GET / HTTP/1.1" 200 58146 "-" "Mozilla/5.0 (Windows NT 10.0; WOW64) AppleWebKit/537.36 (KHTML, like Gecko) Chrome/51.0.2704.103 Safari/537.36"
::ffff:109.237.97.180 - - [24/Mar/2023:17:32:18 +0000] "GET /.env HTTP/1.1" 404 143 "-" "Mozilla/5.0 (X11; Linux x86_64) AppleWebKit/537.36 (KHTML, like Gecko) Chrome/81.0.4044.129 Safari/537.36"
::ffff:76.133.85.45 - - [24/Mar/2023:17:32:20 +0000] "GET /images/tiger.bmp HTTP/1.1" 304 - "http://wadokikai.org/resources" "Mozilla/5.0 (Macintosh; Intel Mac OS X 10_15_7) AppleWebKit/605.1.15 (KHTML, like Gecko) Version/15.4 Safari/605.1.15"
::ffff:198.235.24.168 - - [24/Mar/2023:17:35:01 +0000] "GET / HTTP/1.1" 200 58146 "-" "Expanse, a Palo Alto Networks company, searches across the global IPv4 space multiple times per day to identify customers&#39; presences on the Internet. If you would like to be excluded from our scans, please send IP addresses/domains to: scaninfo@paloaltonetworks.com"
::ffff:76.133.85.45 - - [24/Mar/2023:17:46:05 +0000] "GET /images/dragon-trans.png HTTP/1.1" 304 - "http://wadokikai.org/resources" "Mozilla/5.0 (Macintosh; Intel Mac OS X 10_15_7) AppleWebKit/605.1.15 (KHTML, like Gecko) Version/15.4 Safari/605.1.15"
::ffff:193.32.162.159 - - [24/Mar/2023:17:49:10 +0000] "GET / HTTP/1.1" 200 58146 "-" "Mozilla/5.0 (Windows NT 10.0; Win64; x64) AppleWebKit/537.36 (KHTML, like Gecko) Chrome/90.0.4430.85 Safari/537.36 Edg/90.0.818.46"
::ffff:193.32.162.159 - - [24/Mar/2023:17:49:16 +0000] "GET /dispatch.asp HTTP/1.1" 404 151 "-" "Mozilla/5.0 (Windows NT 10.0; Win64; x64) AppleWebKit/537.36 (KHTML, like Gecko) Chrome/90.0.4430.85 Safari/537.36 Edg/90.0.818.46"
::ffff:154.209.125.50 - - [24/Mar/2023:17:50:23 +0000] "GET / HTTP/1.1" 200 58146 "-" "Mozilla/5.0 (Macintosh; Intel Mac OS X 10.11; rv:47.0) Gecko/20100101 Firefox/47.0"
::ffff:76.133.85.45 - - [24/Mar/2023:18:04:05 +0000] "GET /images/tiger.bmp HTTP/1.1" 304 - "http://wadokikai.org/resources" "Mozilla/5.0 (Macintosh; Intel Mac OS X 10_15_7) AppleWebKit/605.1.15 (KHTML, like Gecko) Version/15.4 Safari/605.1.15"
::ffff:40.77.167.83 - - [24/Mar/2023:18:20:11 +0000] "GET / HTTP/1.1" 200 58146 "-" "Mozilla/5.0 AppleWebKit/537.36 (KHTML, like Gecko; compatible; bingbot/2.0; +http://www.bing.com/bingbot.htm) Chrome/103.0.5060.134 Safari/537.36"
::ffff:135.125.246.189 - - [24/Mar/2023:18:24:52 +0000] "GET /.env HTTP/1.1" 404 143 "-" "Mozilla/5.0 (X11; Linux x86_64) AppleWebKit/537.36 (KHTML, like Gecko) Chrome/81.0.4044.129 Safari/537.36"
::ffff:135.125.246.189 - - [24/Mar/2023:18:24:53 +0000] "POST / HTTP/1.1" 404 140 "-" "Mozilla/5.0 (X11; Linux x86_64) AppleWebKit/537.36 (KHTML, like Gecko) Chrome/81.0.4044.129 Safari/537.36"
::ffff:43.155.118.219 - - [24/Mar/2023:18:25:33 +0000] "HEAD /Core/Skin/Login.aspx HTTP/1.1" 404 160 "-" "Mozilla/5.0 (Windows NT 10.0; Win64; x64) AppleWebKit/537.36 (KHTML, like Gecko) Chrome/106.0.0.0 Safari/537.36"
::ffff:185.254.196.173 - - [24/Mar/2023:18:31:26 +0000] "GET /.env HTTP/1.1" 404 143 "-" "Mozilla/5.0 (X11; Linux x86_64) AppleWebKit/537.36 (KHTML, like Gecko) Chrome/81.0.4044.129 Safari/537.36"
::ffff:185.254.196.173 - - [24/Mar/2023:18:31:26 +0000] "POST / HTTP/1.1" 404 140 "-" "Mozilla/5.0 (X11; Linux x86_64) AppleWebKit/537.36 (KHTML, like Gecko) Chrome/81.0.4044.129 Safari/537.36"
::ffff:114.119.128.196 - - [24/Mar/2023:18:36:34 +0000] "GET /events HTTP/1.1" 200 5867 "http://www.wadokikai.org/contact?s=1&ss=6" "Mozilla/5.0 (Linux; Android 7.0;) AppleWebKit/537.36 (KHTML, like Gecko) Mobile Safari/537.36 (compatible; PetalBot;+https://webmaster.petalsearch.com/site/petalbot)"
::ffff:114.119.154.252 - - [24/Mar/2023:18:39:00 +0000] "GET /contact?s=1&ss=3 HTTP/1.1" 200 9997 "http://www.wadokikai.org/" "Mozilla/5.0 (Linux; Android 7.0;) AppleWebKit/537.36 (KHTML, like Gecko) Mobile Safari/537.36 (compatible; PetalBot;+https://webmaster.petalsearch.com/site/petalbot)"
::ffff:198.235.24.59 - - [24/Mar/2023:18:43:26 +0000] "GET / HTTP/1.1" 200 58146 "-" "Expanse, a Palo Alto Networks company, searches across the global IPv4 space multiple times per day to identify customers&#39; presences on the Internet. If you would like to be excluded from our scans, please send IP addresses/domains to: scaninfo@paloaltonetworks.com"
::ffff:109.237.98.226 - - [24/Mar/2023:18:56:01 +0000] "GET /.env HTTP/1.1" 404 143 "-" "Mozilla/5.0 (X11; Linux x86_64) AppleWebKit/537.36 (KHTML, like Gecko) Chrome/81.0.4044.129 Safari/537.36"
::ffff:185.191.171.21 - - [24/Mar/2023:19:00:30 +0000] "GET /robots.txt HTTP/1.1" 404 149 "-" "Mozilla/5.0 (compatible; SemrushBot/7~bl; +http://www.semrush.com/bot.html)"
::ffff:185.191.171.42 - - [24/Mar/2023:19:00:30 +0000] "GET /joinemail?type=blackbeltclasses HTTP/1.1" 200 8998 "-" "Mozilla/5.0 (compatible; SemrushBot/7~bl; +http://www.semrush.com/bot.html)"
::ffff:52.167.144.44 - - [24/Mar/2023:19:03:53 +0000] "GET /docs/Twenty%20guiding%20principles%20of%20Karate.pdf HTTP/1.1" 200 49483 "-" "Mozilla/5.0 AppleWebKit/537.36 (KHTML, like Gecko; compatible; bingbot/2.0; +http://www.bing.com/bingbot.htm) Chrome/103.0.5060.134 Safari/537.36"
::ffff:137.226.113.44 - - [24/Mar/2023:19:12:01 +0000] "GET / HTTP/1.1" 200 58146 "-" "Mozilla/5.0 researchscan.comsys.rwth-aachen.de"
::ffff:52.167.144.120 - - [24/Mar/2023:19:17:35 +0000] "GET /images/books/MBS.gif HTTP/1.1" 200 13195 "-" "Mozilla/5.0 AppleWebKit/537.36 (KHTML, like Gecko; compatible; bingbot/2.0; +http://www.bing.com/bingbot.htm) Chrome/103.0.5060.134 Safari/537.36"
::ffff:180.149.125.166 - - [24/Mar/2023:19:24:07 +0000] "GET / HTTP/1.1" 200 58146 "-" "Mozilla/5.0 (Windows NT 5.1; Win64; x64) AppleWebKit/537.36 (KHTML, like Gecko) Chrome/60.0.3112.90 Safari/537.36"
::ffff:198.235.24.16 - - [24/Mar/2023:19:25:22 +0000] "GET / HTTP/1.1" 200 58146 "-" "Expanse, a Palo Alto Networks company, searches across the global IPv4 space multiple times per day to identify customers&#39; presences on the Internet. If you would like to be excluded from our scans, please send IP addresses/domains to: scaninfo@paloaltonetworks.com"
::ffff:76.133.85.45 - - [24/Mar/2023:19:26:56 +0000] "GET /images/tiger.bmp HTTP/1.1" 304 - "http://wadokikai.org/resources" "Mozilla/5.0 (Macintosh; Intel Mac OS X 10_15_7) AppleWebKit/605.1.15 (KHTML, like Gecko) Version/15.4 Safari/605.1.15"
::ffff:76.133.85.45 - - [24/Mar/2023:19:31:11 +0000] "GET /images/dragon-trans.png HTTP/1.1" 304 - "http://wadokikai.org/resources" "Mozilla/5.0 (Macintosh; Intel Mac OS X 10_15_7) AppleWebKit/605.1.15 (KHTML, like Gecko) Version/15.4 Safari/605.1.15"
::ffff:135.125.246.189 - - [24/Mar/2023:19:31:38 +0000] "GET /.env HTTP/1.1" 404 143 "-" "Mozilla/5.0 (X11; Linux x86_64) AppleWebKit/537.36 (KHTML, like Gecko) Chrome/81.0.4044.129 Safari/537.36"
::ffff:135.125.246.189 - - [24/Mar/2023:19:31:38 +0000] "POST / HTTP/1.1" 404 140 "-" "Mozilla/5.0 (X11; Linux x86_64) AppleWebKit/537.36 (KHTML, like Gecko) Chrome/81.0.4044.129 Safari/537.36"
::ffff:46.229.214.115 - - [24/Mar/2023:19:43:22 +0000] "GET /login.action HTTP/1.1" 404 151 "-" "-"
::ffff:43.155.118.219 - - [24/Mar/2023:19:43:31 +0000] "HEAD /Core/Skin/Login.aspx HTTP/1.1" 404 160 "-" "Mozilla/5.0 (Windows NT 10.0; Win64; x64) AppleWebKit/537.36 (KHTML, like Gecko) Chrome/106.0.0.0 Safari/537.36"
::ffff:40.77.167.190 - - [24/Mar/2023:19:45:07 +0000] "GET / HTTP/1.1" 200 58146 "-" "Mozilla/5.0 AppleWebKit/537.36 (KHTML, like Gecko; compatible; bingbot/2.0; +http://www.bing.com/bingbot.htm) Chrome/103.0.5060.134 Safari/537.36"
::ffff:135.125.218.67 - - [24/Mar/2023:19:52:33 +0000] "GET /.env HTTP/1.1" 404 143 "-" "Mozilla/5.0 (X11; Linux x86_64) AppleWebKit/537.36 (KHTML, like Gecko) Chrome/81.0.4044.129 Safari/537.36"
::ffff:135.125.218.67 - - [24/Mar/2023:19:52:34 +0000] "POST / HTTP/1.1" 404 140 "-" "Mozilla/5.0 (X11; Linux x86_64) AppleWebKit/537.36 (KHTML, like Gecko) Chrome/81.0.4044.129 Safari/537.36"
::ffff:68.183.227.176 - - [24/Mar/2023:19:58:58 +0000] "GET /ab2g HTTP/1.1" 404 143 "-" "Mozilla/5.0 zgrab/0.x"
::ffff:68.183.227.176 - - [24/Mar/2023:19:58:59 +0000] "GET /ab2h HTTP/1.1" 404 143 "-" "Mozilla/5.0 zgrab/0.x"
::ffff:68.183.227.176 - - [24/Mar/2023:19:59:04 +0000] "GET / HTTP/1.1" 200 58146 "-" "Mozilla/5.0 (Windows NT 10.0; Win64; x64) AppleWebKit/537.36 (KHTML, like Gecko) Chrome/108.0.0.0 Safari/537.36"
::ffff:68.183.227.176 - - [24/Mar/2023:19:59:06 +0000] "GET /t4 HTTP/1.1" 404 141 "-" "Mozilla/5.0"
::ffff:66.249.79.180 - - [24/Mar/2023:20:13:36 +0000] "GET /ads.txt HTTP/1.1" 404 146 "-" "Mozilla/5.0 (compatible; Googlebot/2.1; +http://www.google.com/bot.html)"
::ffff:76.133.85.45 - - [24/Mar/2023:20:14:05 +0000] "GET /images/tiger.bmp HTTP/1.1" 304 - "http://wadokikai.org/resources" "Mozilla/5.0 (Macintosh; Intel Mac OS X 10_15_7) AppleWebKit/605.1.15 (KHTML, like Gecko) Version/15.4 Safari/605.1.15"
::ffff:45.81.243.34 - - [24/Mar/2023:20:24:49 +0000] "GET / HTTP/1.1" 200 58146 "-" "-"
::ffff:45.81.243.34 - - [24/Mar/2023:20:24:51 +0000] "POST /HNAP1/ HTTP/1.1" 404 146 "-" "Mozila/5.0"
::ffff:185.191.171.43 - - [24/Mar/2023:20:25:10 +0000] "GET /robots.txt HTTP/1.1" 404 149 "-" "Mozilla/5.0 (compatible; SemrushBot/7~bl; +http://www.semrush.com/bot.html)"
::ffff:185.191.171.7 - - [24/Mar/2023:20:25:12 +0000] "GET /contact?s=1&ss=5 HTTP/1.1" 200 9997 "-" "Mozilla/5.0 (compatible; SemrushBot/7~bl; +http://www.semrush.com/bot.html)"
::ffff:76.133.85.45 - - [24/Mar/2023:20:29:34 +0000] "GET /images/dragon-trans.png HTTP/1.1" 304 - "http://wadokikai.org/resources" "Mozilla/5.0 (Macintosh; Intel Mac OS X 10_15_7) AppleWebKit/605.1.15 (KHTML, like Gecko) Version/15.4 Safari/605.1.15"
::ffff:13.213.52.130 - - [24/Mar/2023:20:32:44 +0000] "GET / HTTP/1.1" 200 58146 "-" "Mozilla/5.0 (Macintosh; U; Intel Mac OS X 10_6_8; en-us) AppleWebKit/534.50 (KHTML, like Gecko) Version/5.1 Safari/534.50"
::ffff:185.254.196.173 - - [24/Mar/2023:20:33:37 +0000] "GET /.env HTTP/1.1" 404 143 "-" "Mozilla/5.0 (X11; Linux x86_64) AppleWebKit/537.36 (KHTML, like Gecko) Chrome/81.0.4044.129 Safari/537.36"
::ffff:185.254.196.173 - - [24/Mar/2023:20:33:39 +0000] "POST / HTTP/1.1" 404 140 "-" "Mozilla/5.0 (X11; Linux x86_64) AppleWebKit/537.36 (KHTML, like Gecko) Chrome/81.0.4044.129 Safari/537.36"
::ffff:114.119.128.58 - - [24/Mar/2023:20:34:42 +0000] "GET /robots.txt HTTP/1.1" 404 149 "-" "Mozilla/5.0 (compatible;PetalBot;+https://webmaster.petalsearch.com/site/petalbot)"
::ffff:76.133.85.45 - - [24/Mar/2023:20:52:05 +0000] "GET /images/tiger.bmp HTTP/1.1" 304 - "http://wadokikai.org/resources" "Mozilla/5.0 (Macintosh; Intel Mac OS X 10_15_7) AppleWebKit/605.1.15 (KHTML, like Gecko) Version/15.4 Safari/605.1.15"
::ffff:135.125.246.189 - - [24/Mar/2023:20:53:32 +0000] "GET /.env HTTP/1.1" 404 143 "-" "Mozilla/5.0 (X11; Linux x86_64) AppleWebKit/537.36 (KHTML, like Gecko) Chrome/81.0.4044.129 Safari/537.36"
::ffff:135.125.246.189 - - [24/Mar/2023:20:53:32 +0000] "POST / HTTP/1.1" 404 140 "-" "Mozilla/5.0 (X11; Linux x86_64) AppleWebKit/537.36 (KHTML, like Gecko) Chrome/81.0.4044.129 Safari/537.36"
::ffff:43.155.118.219 - - [24/Mar/2023:21:01:22 +0000] "HEAD /Core/Skin/Login.aspx HTTP/1.1" 404 160 "-" "Mozilla/5.0 (Windows NT 10.0; Win64; x64) AppleWebKit/537.36 (KHTML, like Gecko) Chrome/106.0.0.0 Safari/537.36"
::ffff:128.14.134.170 - - [24/Mar/2023:21:01:38 +0000] "GET / HTTP/1.1" 200 58146 "-" "Mozilla/5.0 (Windows NT 10.0; Win64; x64) AppleWebKit/537.36 (KHTML, like Gecko) Chrome/60.0.3112.113 Safari/537.36"
::ffff:162.221.192.26 - - [24/Mar/2023:21:03:41 +0000] "GET / HTTP/1.1" 200 58146 "-" "Mozilla/5.0 (Windows NT 10.0; Win64; x64) AppleWebKit/537.36 (KHTML, like Gecko) Chrome/60.0.3112.113 Safari/537.36"
::ffff:103.147.122.46 - - [24/Mar/2023:21:06:04 +0000] "GET /.env HTTP/1.1" 404 143 "-" "-"
::ffff:171.244.15.53 - - [24/Mar/2023:21:08:01 +0000] "GET /.env HTTP/1.1" 404 143 "-" "-"
::ffff:167.172.224.104 - - [24/Mar/2023:21:20:46 +0000] "HEAD / HTTP/1.1" 200 58146 "-" "python-requests/2.22.0"
::ffff:167.172.224.104 - - [24/Mar/2023:21:20:46 +0000] "GET /_profiler/phpinfo HTTP/1.1" 404 156 "-" "Mozilla/5.0 (X11 Linux x86_64) AppleWebKit/537.36 (KHTML, like Gecko) Chrome/81.0.4044.129 Safari/537.36"
::ffff:167.172.224.104 - - [24/Mar/2023:21:20:47 +0000] "GET /.flaskenv HTTP/1.1" 404 148 "-" "Mozilla/5.0 (X11 Linux x86_64) AppleWebKit/537.36 (KHTML, like Gecko) Chrome/81.0.4044.129 Safari/537.36"
::ffff:167.172.224.104 - - [24/Mar/2023:21:20:48 +0000] "GET //config/config.js HTTP/1.1" 404 156 "-" "Mozilla/5.0 (X11 Linux x86_64) AppleWebKit/537.36 (KHTML, like Gecko) Chrome/81.0.4044.129 Safari/537.36"
::ffff:167.172.224.104 - - [24/Mar/2023:21:20:49 +0000] "GET /config/config.json HTTP/1.1" 404 157 "-" "Mozilla/5.0 (X11 Linux x86_64) AppleWebKit/537.36 (KHTML, like Gecko) Chrome/81.0.4044.129 Safari/537.36"
::ffff:167.172.224.104 - - [24/Mar/2023:21:20:51 +0000] "GET /config.inc.php HTTP/1.1" 404 153 "-" "Mozilla/5.0 (X11 Linux x86_64) AppleWebKit/537.36 (KHTML, like Gecko) Chrome/81.0.4044.129 Safari/537.36"
::ffff:208.127.84.147 - - [24/Mar/2023:21:23:41 +0000] "GET /images/dragon-trans.png HTTP/1.1" 304 - "http://wadokikai.org/resources" "Mozilla/5.0 (Macintosh; Intel Mac OS X 10_15_7) AppleWebKit/605.1.15 (KHTML, like Gecko) Version/15.4 Safari/605.1.15"
::ffff:65.154.226.168 - - [24/Mar/2023:21:23:57 +0000] "GET /images/dragon-trans.png HTTP/1.1" 200 85661 "-" "Mozilla/5.0 (Windows NT 10.0) AppleWebKit/537.36 (KHTML, like Gecko) Chrome/106.0.0.0 Safari/537.36"
::ffff:193.32.162.159 - - [24/Mar/2023:21:26:36 +0000] "GET / HTTP/1.1" 200 58146 "-" "Mozilla/5.0 (Windows NT 10.0; Win64; x64) AppleWebKit/537.36 (KHTML, like Gecko) Chrome/90.0.4430.85 Safari/537.36 Edg/90.0.818.46"
::ffff:193.32.162.159 - - [24/Mar/2023:21:26:41 +0000] "GET /dispatch.asp HTTP/1.1" 404 151 "-" "Mozilla/5.0 (Windows NT 10.0; Win64; x64) AppleWebKit/537.36 (KHTML, like Gecko) Chrome/90.0.4430.85 Safari/537.36 Edg/90.0.818.46"
::ffff:52.167.144.44 - - [24/Mar/2023:21:30:07 +0000] "GET / HTTP/1.1" 200 58146 "-" "Mozilla/5.0 AppleWebKit/537.36 (KHTML, like Gecko; compatible; bingbot/2.0; +http://www.bing.com/bingbot.htm) Chrome/103.0.5060.134 Safari/537.36"
::ffff:40.77.167.196 - - [24/Mar/2023:21:30:28 +0000] "GET /css/wadokikai.css HTTP/1.1" 200 4337 "-" "Mozilla/5.0 AppleWebKit/537.36 (KHTML, like Gecko; compatible; bingbot/2.0; +http://www.bing.com/bingbot.htm) Chrome/103.0.5060.134 Safari/537.36"
::ffff:40.77.167.196 - - [24/Mar/2023:21:30:28 +0000] "GET /js/common.js HTTP/1.1" 200 2255 "-" "Mozilla/5.0 AppleWebKit/537.36 (KHTML, like Gecko; compatible; bingbot/2.0; +http://www.bing.com/bingbot.htm) Chrome/103.0.5060.134 Safari/537.36"
::ffff:66.249.79.165 - - [24/Mar/2023:21:43:32 +0000] "GET /robots.txt HTTP/1.1" 404 149 "-" "Mozilla/5.0 (compatible; Googlebot/2.1; +http://www.google.com/bot.html)"
::ffff:66.249.79.162 - - [24/Mar/2023:21:43:32 +0000] "GET /ads.txt HTTP/1.1" 404 146 "-" "Mozilla/5.0 (compatible; Googlebot/2.1; +http://www.google.com/bot.html)"
::ffff:66.249.79.189 - - [24/Mar/2023:21:43:32 +0000] "GET /robots.txt HTTP/1.1" 404 149 "-" "Mozilla/5.0 (compatible; Googlebot/2.1; +http://www.google.com/bot.html)"
::ffff:66.249.79.189 - - [24/Mar/2023:21:43:32 +0000] "GET /ads.txt HTTP/1.1" 404 146 "-" "Mozilla/5.0 (compatible; Googlebot/2.1; +http://www.google.com/bot.html)"
::ffff:185.191.171.4 - - [24/Mar/2023:21:46:05 +0000] "GET /robots.txt HTTP/1.1" 404 149 "-" "Mozilla/5.0 (compatible; SemrushBot/7~bl; +http://www.semrush.com/bot.html)"
::ffff:185.191.171.5 - - [24/Mar/2023:21:46:07 +0000] "GET /resources HTTP/1.1" 200 194907 "-" "Mozilla/5.0 (compatible; SemrushBot/7~bl; +http://www.semrush.com/bot.html)"
::ffff:109.122.221.156 - - [24/Mar/2023:21:46:10 +0000] "GET //.env HTTP/1.1" 404 144 "-" "Go-http-client/1.1"
::ffff:135.125.218.67 - - [24/Mar/2023:21:55:29 +0000] "GET /.env HTTP/1.1" 404 143 "-" "Mozilla/5.0 (X11; Linux x86_64) AppleWebKit/537.36 (KHTML, like Gecko) Chrome/81.0.4044.129 Safari/537.36"
::ffff:135.125.218.67 - - [24/Mar/2023:21:55:29 +0000] "POST / HTTP/1.1" 404 140 "-" "Mozilla/5.0 (X11; Linux x86_64) AppleWebKit/537.36 (KHTML, like Gecko) Chrome/81.0.4044.129 Safari/537.36"
::ffff:65.154.226.169 - - [24/Mar/2023:21:57:13 +0000] "GET / HTTP/1.1" 200 58146 "-" "Mozilla/5.0 (Windows NT 10.0) AppleWebKit/537.36 (KHTML, like Gecko) Chrome/106.0.0.0 Safari/537.36"
