::ffff:98.47.240.215 - - [08/Aug/2023:02:52:54 +0000] "GET /images/dragon-trans.png HTTP/1.1" 304 - "http://www.wadokikai.org/resources" "Mozilla/5.0 (iPhone; CPU iPhone OS 17_0 like Mac OS X) AppleWebKit/605.1.15 (KHTML, like Gecko) CriOS/115.0.5790.160 Mobile/15E148 Safari/604.1"
::ffff:98.47.240.215 - - [08/Aug/2023:02:53:01 +0000] "GET /images/dragon-trans.png HTTP/1.1" 304 - "http://www.wadokikai.org/resources" "Mozilla/5.0 (iPhone; CPU iPhone OS 17_0 like Mac OS X) AppleWebKit/605.1.15 (KHTML, like Gecko) CriOS/115.0.5790.160 Mobile/15E148 Safari/604.1"
::ffff:98.47.240.215 - - [08/Aug/2023:02:53:08 +0000] "GET /images/dragon-trans.png HTTP/1.1" 304 - "http://www.wadokikai.org/resources" "Mozilla/5.0 (iPhone; CPU iPhone OS 17_0 like Mac OS X) AppleWebKit/605.1.15 (KHTML, like Gecko) CriOS/115.0.5790.160 Mobile/15E148 Safari/604.1"
::ffff:98.47.240.215 - - [08/Aug/2023:02:53:15 +0000] "GET /images/dragon-trans.png HTTP/1.1" 304 - "http://www.wadokikai.org/resources" "Mozilla/5.0 (iPhone; CPU iPhone OS 17_0 like Mac OS X) AppleWebKit/605.1.15 (KHTML, like Gecko) CriOS/115.0.5790.160 Mobile/15E148 Safari/604.1"
::ffff:98.47.240.215 - - [08/Aug/2023:02:53:22 +0000] "GET /images/dragon-trans.png HTTP/1.1" 304 - "http://www.wadokikai.org/resources" "Mozilla/5.0 (iPhone; CPU iPhone OS 17_0 like Mac OS X) AppleWebKit/605.1.15 (KHTML, like Gecko) CriOS/115.0.5790.160 Mobile/15E148 Safari/604.1"
::ffff:98.47.240.215 - - [08/Aug/2023:02:53:29 +0000] "GET /images/dragon-trans.png HTTP/1.1" 304 - "http://www.wadokikai.org/resources" "Mozilla/5.0 (iPhone; CPU iPhone OS 17_0 like Mac OS X) AppleWebKit/605.1.15 (KHTML, like Gecko) CriOS/115.0.5790.160 Mobile/15E148 Safari/604.1"
::ffff:128.14.209.162 - - [08/Aug/2023:02:54:06 +0000] "GET / HTTP/1.1" 200 57490 "-" "Mozilla/5.0 (Windows NT 10.0; Win64; x64) AppleWebKit/537.36 (KHTML, like Gecko) Chrome/60.0.3112.113 Safari/537.36"
::ffff:135.125.246.189 - - [08/Aug/2023:03:08:00 +0000] "GET /.env HTTP/1.1" 404 143 "-" "Mozilla/5.0 (X11; Linux x86_64) AppleWebKit/537.36 (KHTML, like Gecko) Chrome/81.0.4044.129 Safari/537.36"
::ffff:135.125.246.189 - - [08/Aug/2023:03:08:00 +0000] "POST / HTTP/1.1" 404 140 "-" "Mozilla/5.0 (X11; Linux x86_64) AppleWebKit/537.36 (KHTML, like Gecko) Chrome/81.0.4044.129 Safari/537.36"
::ffff:43.155.118.219 - - [08/Aug/2023:03:09:11 +0000] "HEAD /Core/Skin/Login.aspx HTTP/1.1" 404 160 "-" "Mozilla/5.0 (Windows NT 10.0; Win64; x64) AppleWebKit/537.36 (KHTML, like Gecko) Chrome/106.0.0.0 Safari/537.36"
::ffff:114.119.137.54 - - [08/Aug/2023:03:09:26 +0000] "GET /schools HTTP/1.1" 200 97308 "http://www.wadokikai.org/events" "Mozilla/5.0 (Linux; Android 7.0;) AppleWebKit/537.36 (KHTML, like Gecko) Mobile Safari/537.36 (compatible; PetalBot;+https://webmaster.petalsearch.com/site/petalbot)"
::ffff:154.209.125.124 - - [08/Aug/2023:03:36:30 +0000] "GET / HTTP/1.1" 200 57490 "-" "Mozilla/5.0 (Macintosh; Intel Mac OS X 10.11; rv:47.0) Gecko/20100101 Firefox/47.0"
::ffff:166.199.152.99 - - [08/Aug/2023:03:54:35 +0000] "GET / HTTP/1.1" 200 57490 "https://www.google.com/" "Mozilla/5.0 (iPhone; CPU iPhone OS 16_5 like Mac OS X) AppleWebKit/605.1.15 (KHTML, like Gecko) CriOS/114.0.5735.124 Mobile/15E148 Safari/604.1"
::ffff:166.199.152.99 - - [08/Aug/2023:03:54:35 +0000] "GET /css/wadokikai.css HTTP/1.1" 200 4337 "http://wadokikai.org/" "Mozilla/5.0 (iPhone; CPU iPhone OS 16_5 like Mac OS X) AppleWebKit/605.1.15 (KHTML, like Gecko) CriOS/114.0.5735.124 Mobile/15E148 Safari/604.1"
::ffff:166.199.152.99 - - [08/Aug/2023:03:54:35 +0000] "GET /images/wkkpatch22_med.png HTTP/1.1" 200 32301 "http://wadokikai.org/" "Mozilla/5.0 (iPhone; CPU iPhone OS 16_5 like Mac OS X) AppleWebKit/605.1.15 (KHTML, like Gecko) CriOS/114.0.5735.124 Mobile/15E148 Safari/604.1"
::ffff:166.199.152.99 - - [08/Aug/2023:03:54:35 +0000] "GET /js/common.js HTTP/1.1" 200 2255 "http://wadokikai.org/" "Mozilla/5.0 (iPhone; CPU iPhone OS 16_5 like Mac OS X) AppleWebKit/605.1.15 (KHTML, like Gecko) CriOS/114.0.5735.124 Mobile/15E148 Safari/604.1"
::ffff:166.199.152.99 - - [08/Aug/2023:03:54:36 +0000] "GET /images/schools/alamedakaratedomap.jpg HTTP/1.1" 200 38311 "http://wadokikai.org/" "Mozilla/5.0 (iPhone; CPU iPhone OS 16_5 like Mac OS X) AppleWebKit/605.1.15 (KHTML, like Gecko) CriOS/114.0.5735.124 Mobile/15E148 Safari/604.1"
::ffff:166.199.152.99 - - [08/Aug/2023:03:54:36 +0000] "GET /images/schools/orindakaratedomap.jpg HTTP/1.1" 200 34167 "http://wadokikai.org/" "Mozilla/5.0 (iPhone; CPU iPhone OS 16_5 like Mac OS X) AppleWebKit/605.1.15 (KHTML, like Gecko) CriOS/114.0.5735.124 Mobile/15E148 Safari/604.1"
::ffff:166.199.152.99 - - [08/Aug/2023:03:54:36 +0000] "GET /images/schools/dcakaratedomap.jpg HTTP/1.1" 200 35262 "http://wadokikai.org/" "Mozilla/5.0 (iPhone; CPU iPhone OS 16_5 like Mac OS X) AppleWebKit/605.1.15 (KHTML, like Gecko) CriOS/114.0.5735.124 Mobile/15E148 Safari/604.1"
::ffff:166.199.152.99 - - [08/Aug/2023:03:54:36 +0000] "GET /images/favicon.ico HTTP/1.1" 200 3638 "-" "Mozilla/5.0 (iPhone; CPU iPhone OS 16_5 like Mac OS X) AppleWebKit/605.1.15 (KHTML, like Gecko) CriOS/114.0.5735.124 Mobile/15E148 Safari/604.1"
::ffff:166.199.152.99 - - [08/Aug/2023:03:54:36 +0000] "GET /images/dragon-trans.png HTTP/1.1" 200 85661 "http://wadokikai.org/" "Mozilla/5.0 (iPhone; CPU iPhone OS 16_5 like Mac OS X) AppleWebKit/605.1.15 (KHTML, like Gecko) CriOS/114.0.5735.124 Mobile/15E148 Safari/604.1"
::ffff:166.199.152.99 - - [08/Aug/2023:03:54:36 +0000] "GET /images/schools/harborbaykaratedomap.jpg HTTP/1.1" 200 37245 "http://wadokikai.org/" "Mozilla/5.0 (iPhone; CPU iPhone OS 16_5 like Mac OS X) AppleWebKit/605.1.15 (KHTML, like Gecko) CriOS/114.0.5735.124 Mobile/15E148 Safari/604.1"
::ffff:166.199.152.99 - - [08/Aug/2023:03:54:36 +0000] "GET /images/schools/corpuzkaratedomap.jpg HTTP/1.1" 200 36421 "http://wadokikai.org/" "Mozilla/5.0 (iPhone; CPU iPhone OS 16_5 like Mac OS X) AppleWebKit/605.1.15 (KHTML, like Gecko) CriOS/114.0.5735.124 Mobile/15E148 Safari/604.1"
::ffff:166.199.152.99 - - [08/Aug/2023:03:54:36 +0000] "GET /images/schools/nunleykaratedomap.jpg HTTP/1.1" 200 42667 "http://wadokikai.org/" "Mozilla/5.0 (iPhone; CPU iPhone OS 16_5 like Mac OS X) AppleWebKit/605.1.15 (KHTML, like Gecko) CriOS/114.0.5735.124 Mobile/15E148 Safari/604.1"
::ffff:166.199.152.99 - - [08/Aug/2023:03:54:36 +0000] "GET /images/schools/manzanitakaratedomap.jpg HTTP/1.1" 200 55402 "http://wadokikai.org/" "Mozilla/5.0 (iPhone; CPU iPhone OS 16_5 like Mac OS X) AppleWebKit/605.1.15 (KHTML, like Gecko) CriOS/114.0.5735.124 Mobile/15E148 Safari/604.1"
::ffff:166.199.152.99 - - [08/Aug/2023:03:54:36 +0000] "GET /images/schools/marinkaratedomap.jpg HTTP/1.1" 200 32400 "http://wadokikai.org/" "Mozilla/5.0 (iPhone; CPU iPhone OS 16_5 like Mac OS X) AppleWebKit/605.1.15 (KHTML, like Gecko) CriOS/114.0.5735.124 Mobile/15E148 Safari/604.1"
::ffff:166.199.152.99 - - [08/Aug/2023:03:54:36 +0000] "GET /images/schools/earhartkaratedomap.jpg HTTP/1.1" 200 41366 "http://wadokikai.org/" "Mozilla/5.0 (iPhone; CPU iPhone OS 16_5 like Mac OS X) AppleWebKit/605.1.15 (KHTML, like Gecko) CriOS/114.0.5735.124 Mobile/15E148 Safari/604.1"
::ffff:166.199.152.99 - - [08/Aug/2023:03:54:36 +0000] "GET /images/schools/martinezkaratedomap.jpg HTTP/1.1" 200 37724 "http://wadokikai.org/" "Mozilla/5.0 (iPhone; CPU iPhone OS 16_5 like Mac OS X) AppleWebKit/605.1.15 (KHTML, like Gecko) CriOS/114.0.5735.124 Mobile/15E148 Safari/604.1"
::ffff:166.199.152.99 - - [08/Aug/2023:03:54:39 +0000] "GET /images/tiger.bmp HTTP/1.1" 200 311274 "http://wadokikai.org/" "Mozilla/5.0 (iPhone; CPU iPhone OS 16_5 like Mac OS X) AppleWebKit/605.1.15 (KHTML, like Gecko) CriOS/114.0.5735.124 Mobile/15E148 Safari/604.1"
::ffff:154.209.125.2 - - [08/Aug/2023:03:56:47 +0000] "GET /ie7/ie7-standard-p.js HTTP/1.1" 404 160 "-" "Mozilla/5.0 (Windows NT 6.1; WOW64) AppleWebKit/537.36 (KHTML, like Gecko) Chrome/63.0.3239.132 Safari/537.36 QIHU 360SE"
::ffff:47.90.254.226 - - [08/Aug/2023:04:01:01 +0000] "GET /dns-query?dns=q5sBAAABAAAAAAAABmdvb2dsZQNjb20AAAEAAQ HTTP/1.1" 404 148 "-" "Chrome"
::ffff:47.90.254.226 - - [08/Aug/2023:04:02:18 +0000] "POST /dns-query HTTP/1.1" 404 149 "-" "Chrome"
::ffff:146.190.123.7 - - [08/Aug/2023:04:09:00 +0000] "GET /contact?s=1&ss=6 HTTP/1.1" 200 9997 "-" "Mozilla/5.0 (Macintosh; Intel Mac OS X 10_15_7) AppleWebKit/537.36 (KHTML, like Gecko) Chrome/114.0.0.0 Safari/537.36"
::ffff:143.244.187.25 - - [08/Aug/2023:04:10:56 +0000] "GET /contact?s=1&ss=0 HTTP/1.1" 200 9997 "-" "Mozilla/5.0 (Macintosh; Intel Mac OS X 10_15_7) AppleWebKit/537.36 (KHTML, like Gecko) Chrome/114.0.0.0 Safari/537.36"
::ffff:109.237.98.226 - - [08/Aug/2023:04:24:26 +0000] "GET /.env HTTP/1.1" 404 143 "-" "Mozilla/5.0 (X11; Linux x86_64) AppleWebKit/537.36 (KHTML, like Gecko) Chrome/81.0.4044.129 Safari/537.36"
::ffff:66.249.66.201 - - [08/Aug/2023:04:34:46 +0000] "GET / HTTP/1.1" 200 57490 "-" "Mozilla/5.0 (Linux; Android 6.0.1; Nexus 5X Build/MMB29P) AppleWebKit/537.36 (KHTML, like Gecko) Chrome/114.0.5735.179 Mobile Safari/537.36 (compatible; Googlebot/2.1; +http://www.google.com/bot.html)"
::ffff:66.249.66.205 - - [08/Aug/2023:04:34:46 +0000] "GET /ads.txt HTTP/1.1" 404 146 "-" "Mozilla/5.0 (compatible; Googlebot/2.1; +http://www.google.com/bot.html)"
::ffff:66.249.66.202 - - [08/Aug/2023:04:34:46 +0000] "GET /ads.txt HTTP/1.1" 404 146 "-" "Mozilla/5.0 (compatible; Googlebot/2.1; +http://www.google.com/bot.html)"
::ffff:135.125.246.189 - - [08/Aug/2023:04:37:55 +0000] "GET /.env HTTP/1.1" 404 143 "-" "Mozilla/5.0 (X11; Linux x86_64) AppleWebKit/537.36 (KHTML, like Gecko) Chrome/81.0.4044.129 Safari/537.36"
::ffff:135.125.246.189 - - [08/Aug/2023:04:37:56 +0000] "POST / HTTP/1.1" 404 140 "-" "Mozilla/5.0 (X11; Linux x86_64) AppleWebKit/537.36 (KHTML, like Gecko) Chrome/81.0.4044.129 Safari/537.36"
::ffff:43.155.118.219 - - [08/Aug/2023:04:43:20 +0000] "HEAD /Core/Skin/Login.aspx HTTP/1.1" 404 160 "-" "Mozilla/5.0 (Windows NT 10.0; Win64; x64) AppleWebKit/537.36 (KHTML, like Gecko) Chrome/106.0.0.0 Safari/537.36"
::ffff:128.14.134.134 - - [08/Aug/2023:04:48:49 +0000] "GET / HTTP/1.1" 200 57490 "-" "Mozilla/5.0 (Windows NT 10.0; Win64; x64) AppleWebKit/537.36 (KHTML, like Gecko) Chrome/60.0.3112.113 Safari/537.36"
::ffff:58.18.161.92 - - [08/Aug/2023:04:55:26 +0000] "GET / HTTP/1.0" 200 57490 "-" "-"
::ffff:20.204.171.21 - - [08/Aug/2023:04:58:40 +0000] "GET /.env HTTP/1.1" 404 143 "-" "python-requests/2.31.0"
::ffff:20.204.171.21 - - [08/Aug/2023:04:58:41 +0000] "GET /.env HTTP/1.1" 404 143 "-" "python-requests/2.31.0"
::ffff:185.254.196.186 - - [08/Aug/2023:05:05:30 +0000] "GET /.env HTTP/1.1" 404 143 "-" "Mozilla/5.0 (X11; Linux x86_64) AppleWebKit/537.36 (KHTML, like Gecko) Chrome/81.0.4044.129 Safari/537.36"
::ffff:185.254.196.186 - - [08/Aug/2023:05:05:31 +0000] "POST / HTTP/1.1" 404 140 "-" "Mozilla/5.0 (X11; Linux x86_64) AppleWebKit/537.36 (KHTML, like Gecko) Chrome/81.0.4044.129 Safari/537.36"
::ffff:192.241.227.57 - - [08/Aug/2023:05:05:56 +0000] "GET / HTTP/1.1" 200 57490 "-" "Mozilla/5.0 zgrab/0.x"
::ffff:123.6.49.42 - - [08/Aug/2023:05:07:21 +0000] "GET / HTTP/1.1" 200 57490 "http://baidu.com/" "Mozilla/5.0 (Linux; Android 8.0; Pixel 2 Build/OPD3.170816.012) AppleWebKit/537.36 (KHTML, like Gecko) Chrome/87.0.4280.88 Mobile Safari/537.36"
::ffff:123.6.49.42 - - [08/Aug/2023:05:07:21 +0000] "GET /css/wadokikai.css HTTP/1.1" 200 4337 "http://mail.wadokikai.org/" "Mozilla/5.0 (Linux; Android 8.0; Pixel 2 Build/OPD3.170816.012) AppleWebKit/537.36 (KHTML, like Gecko) Chrome/87.0.4280.88 Mobile Safari/537.36"
::ffff:123.6.49.41 - - [08/Aug/2023:05:07:21 +0000] "GET /images/wkkpatch22_med.png HTTP/1.1" 200 32301 "http://mail.wadokikai.org/" "Mozilla/5.0 (Linux; Android 8.0; Pixel 2 Build/OPD3.170816.012) AppleWebKit/537.36 (KHTML, like Gecko) Chrome/87.0.4280.88 Mobile Safari/537.36"
::ffff:123.6.49.42 - - [08/Aug/2023:05:07:21 +0000] "GET /images/schools/alamedakaratedomap.jpg HTTP/1.1" 200 38311 "http://mail.wadokikai.org/" "Mozilla/5.0 (Linux; Android 8.0; Pixel 2 Build/OPD3.170816.012) AppleWebKit/537.36 (KHTML, like Gecko) Chrome/87.0.4280.88 Mobile Safari/537.36"
::ffff:123.6.49.42 - - [08/Aug/2023:05:07:21 +0000] "GET /js/common.js HTTP/1.1" 200 2255 "http://mail.wadokikai.org/" "Mozilla/5.0 (Linux; Android 8.0; Pixel 2 Build/OPD3.170816.012) AppleWebKit/537.36 (KHTML, like Gecko) Chrome/87.0.4280.88 Mobile Safari/537.36"
::ffff:123.6.49.47 - - [08/Aug/2023:05:07:21 +0000] "GET /images/schools/orindakaratedomap.jpg HTTP/1.1" 200 34167 "http://mail.wadokikai.org/" "Mozilla/5.0 (Linux; Android 8.0; Pixel 2 Build/OPD3.170816.012) AppleWebKit/537.36 (KHTML, like Gecko) Chrome/87.0.4280.88 Mobile Safari/537.36"
::ffff:123.6.49.42 - - [08/Aug/2023:05:07:21 +0000] "GET /images/schools/dcakaratedomap.jpg HTTP/1.1" 200 35262 "http://mail.wadokikai.org/" "Mozilla/5.0 (Linux; Android 8.0; Pixel 2 Build/OPD3.170816.012) AppleWebKit/537.36 (KHTML, like Gecko) Chrome/87.0.4280.88 Mobile Safari/537.36"
::ffff:123.6.49.18 - - [08/Aug/2023:05:07:21 +0000] "GET /images/schools/harborbaykaratedomap.jpg HTTP/1.1" 200 37245 "http://mail.wadokikai.org/" "Mozilla/5.0 (Linux; Android 8.0; Pixel 2 Build/OPD3.170816.012) AppleWebKit/537.36 (KHTML, like Gecko) Chrome/87.0.4280.88 Mobile Safari/537.36"
::ffff:123.6.49.41 - - [08/Aug/2023:05:07:21 +0000] "GET /images/schools/corpuzkaratedomap.jpg HTTP/1.1" 200 36421 "http://mail.wadokikai.org/" "Mozilla/5.0 (Linux; Android 8.0; Pixel 2 Build/OPD3.170816.012) AppleWebKit/537.36 (KHTML, like Gecko) Chrome/87.0.4280.88 Mobile Safari/537.36"
::ffff:123.6.49.42 - - [08/Aug/2023:05:07:22 +0000] "GET /images/schools/nunleykaratedomap.jpg HTTP/1.1" 200 42667 "http://mail.wadokikai.org/" "Mozilla/5.0 (Linux; Android 8.0; Pixel 2 Build/OPD3.170816.012) AppleWebKit/537.36 (KHTML, like Gecko) Chrome/87.0.4280.88 Mobile Safari/537.36"
::ffff:123.6.49.41 - - [08/Aug/2023:05:07:22 +0000] "GET /images/schools/marinkaratedomap.jpg HTTP/1.1" 200 32400 "http://mail.wadokikai.org/" "Mozilla/5.0 (Linux; Android 8.0; Pixel 2 Build/OPD3.170816.012) AppleWebKit/537.36 (KHTML, like Gecko) Chrome/87.0.4280.88 Mobile Safari/537.36"
::ffff:123.6.49.47 - - [08/Aug/2023:05:07:22 +0000] "GET /images/schools/earhartkaratedomap.jpg HTTP/1.1" 200 41366 "http://mail.wadokikai.org/" "Mozilla/5.0 (Linux; Android 8.0; Pixel 2 Build/OPD3.170816.012) AppleWebKit/537.36 (KHTML, like Gecko) Chrome/87.0.4280.88 Mobile Safari/537.36"
::ffff:123.6.49.42 - - [08/Aug/2023:05:07:22 +0000] "GET /images/schools/martinezkaratedomap.jpg HTTP/1.1" 200 37724 "http://mail.wadokikai.org/" "Mozilla/5.0 (Linux; Android 8.0; Pixel 2 Build/OPD3.170816.012) AppleWebKit/537.36 (KHTML, like Gecko) Chrome/87.0.4280.88 Mobile Safari/537.36"
::ffff:123.6.49.42 - - [08/Aug/2023:05:07:22 +0000] "GET /images/schools/manzanitakaratedomap.jpg HTTP/1.1" 200 55402 "http://mail.wadokikai.org/" "Mozilla/5.0 (Linux; Android 8.0; Pixel 2 Build/OPD3.170816.012) AppleWebKit/537.36 (KHTML, like Gecko) Chrome/87.0.4280.88 Mobile Safari/537.36"
::ffff:123.6.49.42 - - [08/Aug/2023:05:07:23 +0000] "GET /images/dragon-trans.png HTTP/1.1" 200 85661 "http://mail.wadokikai.org/" "Mozilla/5.0 (Linux; Android 8.0; Pixel 2 Build/OPD3.170816.012) AppleWebKit/537.36 (KHTML, like Gecko) Chrome/87.0.4280.88 Mobile Safari/537.36"
::ffff:123.6.49.18 - - [08/Aug/2023:05:07:24 +0000] "GET /images/favicon.ico HTTP/1.1" 200 3638 "-" "Mozilla/5.0 (Windows NT 10.0; WOW64) AppleWebKit/537.36 (KHTML, like Gecko) Chrome/78.0.3904.108 Safari/537.36"
::ffff:123.6.49.42 - - [08/Aug/2023:05:07:25 +0000] "GET /images/tiger.bmp HTTP/1.1" 200 311274 "http://mail.wadokikai.org/" "Mozilla/5.0 (Linux; Android 8.0; Pixel 2 Build/OPD3.170816.012) AppleWebKit/537.36 (KHTML, like Gecko) Chrome/87.0.4280.88 Mobile Safari/537.36"
::ffff:123.6.49.42 - - [08/Aug/2023:05:07:25 +0000] "GET /images/wadokikai%20kanji.jpg HTTP/1.1" 200 35066 "http://mail.wadokikai.org/" "Mozilla/5.0 (Linux; Android 8.0; Pixel 2 Build/OPD3.170816.012) AppleWebKit/537.36 (KHTML, like Gecko) Chrome/87.0.4280.88 Mobile Safari/537.36"
::ffff:123.6.49.10 - - [08/Aug/2023:05:07:27 +0000] "GET /images/favicon.ico HTTP/1.1" 200 3638 "-" "Mozilla/5.0 (Windows NT 10.0; WOW64) AppleWebKit/537.36 (KHTML, like Gecko) Chrome/78.0.3904.108 Safari/537.36"
::ffff:185.189.182.234 - - [08/Aug/2023:05:11:20 +0000] "GET /fvB> HTTP/1.1" 404 145 "-" "-"
::ffff:171.13.14.84 - - [08/Aug/2023:05:27:29 +0000] "GET / HTTP/1.1" 200 57490 "-" "Mozilla/5.0 (Windows NT 10.0; Win64; x64) AppleWebKit/537.36 (KHTML, like Gecko) Chrome/78.0.3904.87 Safari/537.36"
::ffff:171.13.14.48 - - [08/Aug/2023:05:27:30 +0000] "GET /css/wadokikai.css HTTP/1.1" 200 4337 "http://mail.wadokikai.org/" "Mozilla/5.0 (Windows NT 10.0; Win64; x64) AppleWebKit/537.36 (KHTML, like Gecko) Chrome/78.0.3904.87 Safari/537.36"
::ffff:171.13.14.84 - - [08/Aug/2023:05:27:32 +0000] "GET /images/schools/alamedakaratedomap.jpg HTTP/1.1" 200 38311 "http://mail.wadokikai.org/" "Mozilla/5.0 (Windows NT 10.0; Win64; x64) AppleWebKit/537.36 (KHTML, like Gecko) Chrome/78.0.3904.87 Safari/537.36"
::ffff:171.13.14.84 - - [08/Aug/2023:05:27:32 +0000] "GET /js/common.js HTTP/1.1" 200 2255 "http://mail.wadokikai.org/" "Mozilla/5.0 (Windows NT 10.0; Win64; x64) AppleWebKit/537.36 (KHTML, like Gecko) Chrome/78.0.3904.87 Safari/537.36"
::ffff:171.13.14.48 - - [08/Aug/2023:05:27:32 +0000] "GET /images/wkkpatch22_med.png HTTP/1.1" 200 32301 "http://mail.wadokikai.org/" "Mozilla/5.0 (Windows NT 10.0; Win64; x64) AppleWebKit/537.36 (KHTML, like Gecko) Chrome/78.0.3904.87 Safari/537.36"
::ffff:171.13.14.59 - - [08/Aug/2023:05:27:32 +0000] "GET /images/schools/orindakaratedomap.jpg HTTP/1.1" 200 34167 "http://mail.wadokikai.org/" "Mozilla/5.0 (Windows NT 10.0; Win64; x64) AppleWebKit/537.36 (KHTML, like Gecko) Chrome/78.0.3904.87 Safari/537.36"
::ffff:171.13.14.84 - - [08/Aug/2023:05:27:32 +0000] "GET /images/schools/dcakaratedomap.jpg HTTP/1.1" 200 35262 "http://mail.wadokikai.org/" "Mozilla/5.0 (Windows NT 10.0; Win64; x64) AppleWebKit/537.36 (KHTML, like Gecko) Chrome/78.0.3904.87 Safari/537.36"
::ffff:171.13.14.84 - - [08/Aug/2023:05:27:32 +0000] "GET /images/schools/harborbaykaratedomap.jpg HTTP/1.1" 200 37245 "http://mail.wadokikai.org/" "Mozilla/5.0 (Windows NT 10.0; Win64; x64) AppleWebKit/537.36 (KHTML, like Gecko) Chrome/78.0.3904.87 Safari/537.36"
::ffff:171.13.14.84 - - [08/Aug/2023:05:27:32 +0000] "GET /images/schools/nunleykaratedomap.jpg HTTP/1.1" 200 42667 "http://mail.wadokikai.org/" "Mozilla/5.0 (Windows NT 10.0; Win64; x64) AppleWebKit/537.36 (KHTML, like Gecko) Chrome/78.0.3904.87 Safari/537.36"
::ffff:171.13.14.48 - - [08/Aug/2023:05:27:32 +0000] "GET /images/schools/corpuzkaratedomap.jpg HTTP/1.1" 200 36421 "http://mail.wadokikai.org/" "Mozilla/5.0 (Windows NT 10.0; Win64; x64) AppleWebKit/537.36 (KHTML, like Gecko) Chrome/78.0.3904.87 Safari/537.36"
::ffff:171.13.14.84 - - [08/Aug/2023:05:27:32 +0000] "GET /images/schools/earhartkaratedomap.jpg HTTP/1.1" 200 41366 "http://mail.wadokikai.org/" "Mozilla/5.0 (Windows NT 10.0; Win64; x64) AppleWebKit/537.36 (KHTML, like Gecko) Chrome/78.0.3904.87 Safari/537.36"
::ffff:171.13.14.48 - - [08/Aug/2023:05:27:32 +0000] "GET /images/schools/marinkaratedomap.jpg HTTP/1.1" 200 32400 "http://mail.wadokikai.org/" "Mozilla/5.0 (Windows NT 10.0; Win64; x64) AppleWebKit/537.36 (KHTML, like Gecko) Chrome/78.0.3904.87 Safari/537.36"
::ffff:171.13.14.84 - - [08/Aug/2023:05:27:32 +0000] "GET /images/schools/martinezkaratedomap.jpg HTTP/1.1" 200 37724 "http://mail.wadokikai.org/" "Mozilla/5.0 (Windows NT 10.0; Win64; x64) AppleWebKit/537.36 (KHTML, like Gecko) Chrome/78.0.3904.87 Safari/537.36"
::ffff:171.13.14.48 - - [08/Aug/2023:05:27:32 +0000] "GET /images/schools/manzanitakaratedomap.jpg HTTP/1.1" 200 55402 "http://mail.wadokikai.org/" "Mozilla/5.0 (Windows NT 10.0; Win64; x64) AppleWebKit/537.36 (KHTML, like Gecko) Chrome/78.0.3904.87 Safari/537.36"
::ffff:171.13.14.20 - - [08/Aug/2023:05:28:46 +0000] "GET / HTTP/1.1" 200 57490 "-" "Mozilla/5.0 (Linux; Android 6.0; Nexus 5 Build/MRA58N) AppleWebKit/537.36 (KHTML, like Gecko) Chrome/106.0.0.0 Mobile Safari/537.36"
::ffff:171.13.14.76 - - [08/Aug/2023:05:28:46 +0000] "GET /css/wadokikai.css HTTP/1.1" 200 4337 "https://mail.wadokikai.org/" "Mozilla/5.0 (Linux; Android 6.0; Nexus 5 Build/MRA58N) AppleWebKit/537.36 (KHTML, like Gecko) Chrome/106.0.0.0 Mobile Safari/537.36"
::ffff:171.13.14.76 - - [08/Aug/2023:05:28:46 +0000] "GET /images/wkkpatch22_med.png HTTP/1.1" 200 32301 "https://mail.wadokikai.org/" "Mozilla/5.0 (Linux; Android 6.0; Nexus 5 Build/MRA58N) AppleWebKit/537.36 (KHTML, like Gecko) Chrome/106.0.0.0 Mobile Safari/537.36"
::ffff:171.13.14.76 - - [08/Aug/2023:05:28:47 +0000] "GET /images/schools/alamedakaratedomap.jpg HTTP/1.1" 200 38311 "https://mail.wadokikai.org/" "Mozilla/5.0 (Linux; Android 6.0; Nexus 5 Build/MRA58N) AppleWebKit/537.36 (KHTML, like Gecko) Chrome/106.0.0.0 Mobile Safari/537.36"
::ffff:171.13.14.6 - - [08/Aug/2023:05:28:47 +0000] "GET /images/schools/orindakaratedomap.jpg HTTP/1.1" 200 34167 "https://mail.wadokikai.org/" "Mozilla/5.0 (Linux; Android 6.0; Nexus 5 Build/MRA58N) AppleWebKit/537.36 (KHTML, like Gecko) Chrome/106.0.0.0 Mobile Safari/537.36"
::ffff:171.13.14.76 - - [08/Aug/2023:05:28:47 +0000] "GET /images/schools/dcakaratedomap.jpg HTTP/1.1" 200 35262 "https://mail.wadokikai.org/" "Mozilla/5.0 (Linux; Android 6.0; Nexus 5 Build/MRA58N) AppleWebKit/537.36 (KHTML, like Gecko) Chrome/106.0.0.0 Mobile Safari/537.36"
::ffff:171.13.14.20 - - [08/Aug/2023:05:28:47 +0000] "GET /images/schools/harborbaykaratedomap.jpg HTTP/1.1" 200 37245 "https://mail.wadokikai.org/" "Mozilla/5.0 (Linux; Android 6.0; Nexus 5 Build/MRA58N) AppleWebKit/537.36 (KHTML, like Gecko) Chrome/106.0.0.0 Mobile Safari/537.36"
::ffff:171.13.14.76 - - [08/Aug/2023:05:28:47 +0000] "GET /images/schools/corpuzkaratedomap.jpg HTTP/1.1" 200 36421 "https://mail.wadokikai.org/" "Mozilla/5.0 (Linux; Android 6.0; Nexus 5 Build/MRA58N) AppleWebKit/537.36 (KHTML, like Gecko) Chrome/106.0.0.0 Mobile Safari/537.36"
::ffff:171.13.14.6 - - [08/Aug/2023:05:28:47 +0000] "GET /images/schools/nunleykaratedomap.jpg HTTP/1.1" 200 42667 "https://mail.wadokikai.org/" "Mozilla/5.0 (Linux; Android 6.0; Nexus 5 Build/MRA58N) AppleWebKit/537.36 (KHTML, like Gecko) Chrome/106.0.0.0 Mobile Safari/537.36"
::ffff:171.13.14.76 - - [08/Aug/2023:05:28:48 +0000] "GET /images/schools/marinkaratedomap.jpg HTTP/1.1" 200 32400 "https://mail.wadokikai.org/" "Mozilla/5.0 (Linux; Android 6.0; Nexus 5 Build/MRA58N) AppleWebKit/537.36 (KHTML, like Gecko) Chrome/106.0.0.0 Mobile Safari/537.36"
::ffff:171.13.14.20 - - [08/Aug/2023:05:28:49 +0000] "GET /js/common.js HTTP/1.1" 200 2255 "https://mail.wadokikai.org/" "Mozilla/5.0 (Linux; Android 6.0; Nexus 5 Build/MRA58N) AppleWebKit/537.36 (KHTML, like Gecko) Chrome/106.0.0.0 Mobile Safari/537.36"
::ffff:171.13.14.20 - - [08/Aug/2023:05:28:49 +0000] "GET /images/schools/martinezkaratedomap.jpg HTTP/1.1" 200 37724 "https://mail.wadokikai.org/" "Mozilla/5.0 (Linux; Android 6.0; Nexus 5 Build/MRA58N) AppleWebKit/537.36 (KHTML, like Gecko) Chrome/106.0.0.0 Mobile Safari/537.36"
::ffff:171.13.14.76 - - [08/Aug/2023:05:28:49 +0000] "GET /images/schools/earhartkaratedomap.jpg HTTP/1.1" 200 41366 "https://mail.wadokikai.org/" "Mozilla/5.0 (Linux; Android 6.0; Nexus 5 Build/MRA58N) AppleWebKit/537.36 (KHTML, like Gecko) Chrome/106.0.0.0 Mobile Safari/537.36"
::ffff:171.13.14.6 - - [08/Aug/2023:05:28:49 +0000] "GET /images/schools/manzanitakaratedomap.jpg HTTP/1.1" 200 55402 "https://mail.wadokikai.org/" "Mozilla/5.0 (Linux; Android 6.0; Nexus 5 Build/MRA58N) AppleWebKit/537.36 (KHTML, like Gecko) Chrome/106.0.0.0 Mobile Safari/537.36"
::ffff:171.13.14.6 - - [08/Aug/2023:05:28:50 +0000] "GET /images/dragon-trans.png HTTP/1.1" 200 85661 "https://mail.wadokikai.org/" "Mozilla/5.0 (Linux; Android 6.0; Nexus 5 Build/MRA58N) AppleWebKit/537.36 (KHTML, like Gecko) Chrome/106.0.0.0 Mobile Safari/537.36"
::ffff:171.13.14.6 - - [08/Aug/2023:05:28:54 +0000] "GET /images/tiger.bmp HTTP/1.1" 200 311274 "https://mail.wadokikai.org/" "Mozilla/5.0 (Windows NT 10.0; Win64; x64) AppleWebKit/537.36 (KHTML, like Gecko) Chrome/78.0.3904.87 Safari/537.36"
::ffff:135.125.246.189 - - [08/Aug/2023:05:32:10 +0000] "GET /.env HTTP/1.1" 404 143 "-" "Mozilla/5.0 (X11; Linux x86_64) AppleWebKit/537.36 (KHTML, like Gecko) Chrome/81.0.4044.129 Safari/537.36"
::ffff:135.125.246.189 - - [08/Aug/2023:05:32:10 +0000] "POST / HTTP/1.1" 404 140 "-" "Mozilla/5.0 (X11; Linux x86_64) AppleWebKit/537.36 (KHTML, like Gecko) Chrome/81.0.4044.129 Safari/537.36"
::ffff:66.249.66.192 - - [08/Aug/2023:05:41:48 +0000] "GET /robots.txt HTTP/1.1" 404 149 "-" "Mozilla/5.0 (compatible; Googlebot/2.1; +http://www.google.com/bot.html)"
::ffff:66.249.66.195 - - [08/Aug/2023:05:43:16 +0000] "GET /robots.txt HTTP/1.1" 404 149 "-" "Mozilla/5.0 (compatible; Googlebot/2.1; +http://www.google.com/bot.html)"
::ffff:66.249.66.194 - - [08/Aug/2023:05:43:17 +0000] "GET / HTTP/1.1" 304 - "-" "Mozilla/5.0 (compatible; Googlebot/2.1; +http://www.google.com/bot.html)"
::ffff:66.249.66.193 - - [08/Aug/2023:05:43:19 +0000] "GET /css/wadokikai.css HTTP/1.1" 200 4337 "http://wadokikai.org/" "Mozilla/5.0 AppleWebKit/537.36 (KHTML, like Gecko; compatible; Googlebot/2.1; +http://www.google.com/bot.html) Chrome/114.0.5735.179 Safari/537.36"
::ffff:135.125.218.67 - - [08/Aug/2023:05:45:55 +0000] "GET /.env HTTP/1.1" 404 143 "-" "Mozilla/5.0 (X11; Linux x86_64) AppleWebKit/537.36 (KHTML, like Gecko) Chrome/81.0.4044.129 Safari/537.36"
::ffff:135.125.218.67 - - [08/Aug/2023:05:45:55 +0000] "POST / HTTP/1.1" 404 140 "-" "Mozilla/5.0 (X11; Linux x86_64) AppleWebKit/537.36 (KHTML, like Gecko) Chrome/81.0.4044.129 Safari/537.36"
::ffff:98.47.240.215 - - [08/Aug/2023:05:57:52 +0000] "GET /resources HTTP/1.1" 304 - "-" "Mozilla/5.0 (iPhone; CPU iPhone OS 17_0 like Mac OS X) AppleWebKit/605.1.15 (KHTML, like Gecko) CriOS/115.0.5790.160 Mobile/15E148 Safari/604.1"
::ffff:98.47.240.215 - - [08/Aug/2023:05:57:53 +0000] "GET /css/wadokikai.css HTTP/1.1" 304 - "http://www.wadokikai.org/resources" "Mozilla/5.0 (iPhone; CPU iPhone OS 17_0 like Mac OS X) AppleWebKit/605.1.15 (KHTML, like Gecko) CriOS/115.0.5790.160 Mobile/15E148 Safari/604.1"
::ffff:98.47.240.215 - - [08/Aug/2023:05:57:53 +0000] "GET /images/JohnArce.jpg HTTP/1.1" 304 - "http://www.wadokikai.org/resources" "Mozilla/5.0 (iPhone; CPU iPhone OS 17_0 like Mac OS X) AppleWebKit/605.1.15 (KHTML, like Gecko) CriOS/115.0.5790.160 Mobile/15E148 Safari/604.1"
::ffff:98.47.240.215 - - [08/Aug/2023:05:57:53 +0000] "GET /images/wkkpatch22_med.png HTTP/1.1" 304 - "http://www.wadokikai.org/resources" "Mozilla/5.0 (iPhone; CPU iPhone OS 17_0 like Mac OS X) AppleWebKit/605.1.15 (KHTML, like Gecko) CriOS/115.0.5790.160 Mobile/15E148 Safari/604.1"
::ffff:98.47.240.215 - - [08/Aug/2023:05:57:53 +0000] "GET /js/common.js HTTP/1.1" 304 - "http://www.wadokikai.org/resources" "Mozilla/5.0 (iPhone; CPU iPhone OS 17_0 like Mac OS X) AppleWebKit/605.1.15 (KHTML, like Gecko) CriOS/115.0.5790.160 Mobile/15E148 Safari/604.1"
::ffff:98.47.240.215 - - [08/Aug/2023:05:57:53 +0000] "GET /images/books/karatebook.jpg HTTP/1.1" 304 - "http://www.wadokikai.org/resources" "Mozilla/5.0 (iPhone; CPU iPhone OS 17_0 like Mac OS X) AppleWebKit/605.1.15 (KHTML, like Gecko) CriOS/115.0.5790.160 Mobile/15E148 Safari/604.1"
::ffff:98.47.240.215 - - [08/Aug/2023:05:57:53 +0000] "GET /images/tm.jpg HTTP/1.1" 304 - "http://www.wadokikai.org/resources" "Mozilla/5.0 (iPhone; CPU iPhone OS 17_0 like Mac OS X) AppleWebKit/605.1.15 (KHTML, like Gecko) CriOS/115.0.5790.160 Mobile/15E148 Safari/604.1"
::ffff:98.47.240.215 - - [08/Aug/2023:05:57:53 +0000] "GET /images/books/MBS.gif HTTP/1.1" 304 - "http://www.wadokikai.org/resources" "Mozilla/5.0 (iPhone; CPU iPhone OS 17_0 like Mac OS X) AppleWebKit/605.1.15 (KHTML, like Gecko) CriOS/115.0.5790.160 Mobile/15E148 Safari/604.1"
::ffff:98.47.240.215 - - [08/Aug/2023:05:57:53 +0000] "GET /images/books/MBS2.jpg HTTP/1.1" 304 - "http://www.wadokikai.org/resources" "Mozilla/5.0 (iPhone; CPU iPhone OS 17_0 like Mac OS X) AppleWebKit/605.1.15 (KHTML, like Gecko) CriOS/115.0.5790.160 Mobile/15E148 Safari/604.1"
::ffff:98.47.240.215 - - [08/Aug/2023:05:57:53 +0000] "GET /images/books/KarateDoZen.jpg HTTP/1.1" 304 - "http://www.wadokikai.org/resources" "Mozilla/5.0 (iPhone; CPU iPhone OS 17_0 like Mac OS X) AppleWebKit/605.1.15 (KHTML, like Gecko) CriOS/115.0.5790.160 Mobile/15E148 Safari/604.1"
::ffff:98.47.240.215 - - [08/Aug/2023:05:57:53 +0000] "GET /images/books/ZenMeditation.jpg HTTP/1.1" 304 - "http://www.wadokikai.org/resources" "Mozilla/5.0 (iPhone; CPU iPhone OS 17_0 like Mac OS X) AppleWebKit/605.1.15 (KHTML, like Gecko) CriOS/115.0.5790.160 Mobile/15E148 Safari/604.1"
::ffff:98.47.240.215 - - [08/Aug/2023:05:57:53 +0000] "GET /images/books/bookoffiverings.jpg HTTP/1.1" 304 - "http://www.wadokikai.org/resources" "Mozilla/5.0 (iPhone; CPU iPhone OS 17_0 like Mac OS X) AppleWebKit/605.1.15 (KHTML, like Gecko) CriOS/115.0.5790.160 Mobile/15E148 Safari/604.1"
::ffff:98.47.240.215 - - [08/Aug/2023:05:57:53 +0000] "GET /images/books/shotokanSecrets.jpg HTTP/1.1" 304 - "http://www.wadokikai.org/resources" "Mozilla/5.0 (iPhone; CPU iPhone OS 17_0 like Mac OS X) AppleWebKit/605.1.15 (KHTML, like Gecko) CriOS/115.0.5790.160 Mobile/15E148 Safari/604.1"
::ffff:98.47.240.215 - - [08/Aug/2023:05:57:53 +0000] "GET /images/books/dummies.jpg HTTP/1.1" 304 - "http://www.wadokikai.org/resources" "Mozilla/5.0 (iPhone; CPU iPhone OS 17_0 like Mac OS X) AppleWebKit/605.1.15 (KHTML, like Gecko) CriOS/115.0.5790.160 Mobile/15E148 Safari/604.1"
::ffff:98.47.240.215 - - [08/Aug/2023:05:57:53 +0000] "GET /images/books/saibook.jpg HTTP/1.1" 304 - "http://www.wadokikai.org/resources" "Mozilla/5.0 (iPhone; CPU iPhone OS 17_0 like Mac OS X) AppleWebKit/605.1.15 (KHTML, like Gecko) CriOS/115.0.5790.160 Mobile/15E148 Safari/604.1"
::ffff:98.47.240.215 - - [08/Aug/2023:05:57:53 +0000] "GET /images/books/dojoWisdom.jpg HTTP/1.1" 304 - "http://www.wadokikai.org/resources" "Mozilla/5.0 (iPhone; CPU iPhone OS 17_0 like Mac OS X) AppleWebKit/605.1.15 (KHTML, like Gecko) CriOS/115.0.5790.160 Mobile/15E148 Safari/604.1"
::ffff:98.47.240.215 - - [08/Aug/2023:05:57:53 +0000] "GET /images/books/bobook.gif HTTP/1.1" 304 - "http://www.wadokikai.org/resources" "Mozilla/5.0 (iPhone; CPU iPhone OS 17_0 like Mac OS X) AppleWebKit/605.1.15 (KHTML, like Gecko) CriOS/115.0.5790.160 Mobile/15E148 Safari/604.1"
::ffff:98.47.240.215 - - [08/Aug/2023:05:57:53 +0000] "GET /images/books/guide20.jpg HTTP/1.1" 304 - "http://www.wadokikai.org/resources" "Mozilla/5.0 (iPhone; CPU iPhone OS 17_0 like Mac OS X) AppleWebKit/605.1.15 (KHTML, like Gecko) CriOS/115.0.5790.160 Mobile/15E148 Safari/604.1"
::ffff:98.47.240.215 - - [08/Aug/2023:05:57:53 +0000] "GET /images/books/karatedo.jpg HTTP/1.1" 304 - "http://www.wadokikai.org/resources" "Mozilla/5.0 (iPhone; CPU iPhone OS 17_0 like Mac OS X) AppleWebKit/605.1.15 (KHTML, like Gecko) CriOS/115.0.5790.160 Mobile/15E148 Safari/604.1"
::ffff:98.47.240.215 - - [08/Aug/2023:05:57:53 +0000] "GET /images/books/emptyHand.jpg HTTP/1.1" 304 - "http://www.wadokikai.org/resources" "Mozilla/5.0 (iPhone; CPU iPhone OS 17_0 like Mac OS X) AppleWebKit/605.1.15 (KHTML, like Gecko) CriOS/115.0.5790.160 Mobile/15E148 Safari/604.1"
::ffff:98.47.240.215 - - [08/Aug/2023:05:57:53 +0000] "GET /images/books/grappingmethod.jpg HTTP/1.1" 304 - "http://www.wadokikai.org/resources" "Mozilla/5.0 (iPhone; CPU iPhone OS 17_0 like Mac OS X) AppleWebKit/605.1.15 (KHTML, like Gecko) CriOS/115.0.5790.160 Mobile/15E148 Safari/604.1"
::ffff:98.47.240.215 - - [08/Aug/2023:05:57:53 +0000] "GET /images/books/karatedojo.jpg HTTP/1.1" 304 - "http://www.wadokikai.org/resources" "Mozilla/5.0 (iPhone; CPU iPhone OS 17_0 like Mac OS X) AppleWebKit/605.1.15 (KHTML, like Gecko) CriOS/115.0.5790.160 Mobile/15E148 Safari/604.1"
::ffff:98.47.240.215 - - [08/Aug/2023:05:57:53 +0000] "GET /images/books/movingzen.jpg HTTP/1.1" 304 - "http://www.wadokikai.org/resources" "Mozilla/5.0 (iPhone; CPU iPhone OS 17_0 like Mac OS X) AppleWebKit/605.1.15 (KHTML, like Gecko) CriOS/115.0.5790.160 Mobile/15E148 Safari/604.1"
::ffff:98.47.240.215 - - [08/Aug/2023:05:57:53 +0000] "GET /images/books/artofwar.jpg HTTP/1.1" 304 - "http://www.wadokikai.org/resources" "Mozilla/5.0 (iPhone; CPU iPhone OS 17_0 like Mac OS X) AppleWebKit/605.1.15 (KHTML, like Gecko) CriOS/115.0.5790.160 Mobile/15E148 Safari/604.1"
::ffff:98.47.240.215 - - [08/Aug/2023:05:57:53 +0000] "GET /images/dragon-trans.png HTTP/1.1" 304 - "http://www.wadokikai.org/resources" "Mozilla/5.0 (iPhone; CPU iPhone OS 17_0 like Mac OS X) AppleWebKit/605.1.15 (KHTML, like Gecko) CriOS/115.0.5790.160 Mobile/15E148 Safari/604.1"
::ffff:98.47.240.215 - - [08/Aug/2023:05:57:56 +0000] "GET /images/tiger.bmp HTTP/1.1" 304 - "http://www.wadokikai.org/resources" "Mozilla/5.0 (iPhone; CPU iPhone OS 17_0 like Mac OS X) AppleWebKit/605.1.15 (KHTML, like Gecko) CriOS/115.0.5790.160 Mobile/15E148 Safari/604.1"
::ffff:174.194.194.38 - - [08/Aug/2023:05:59:20 +0000] "GET /images/dragon-trans.png HTTP/1.1" 304 - "http://www.wadokikai.org/resources" "Mozilla/5.0 (iPhone; CPU iPhone OS 17_0 like Mac OS X) AppleWebKit/605.1.15 (KHTML, like Gecko) CriOS/115.0.5790.160 Mobile/15E148 Safari/604.1"
::ffff:185.254.196.173 - - [08/Aug/2023:05:59:40 +0000] "GET /.env HTTP/1.1" 404 143 "-" "Mozilla/5.0 (X11; Linux x86_64) AppleWebKit/537.36 (KHTML, like Gecko) Chrome/81.0.4044.129 Safari/537.36"
::ffff:174.194.194.38 - - [08/Aug/2023:05:59:50 +0000] "GET /images/tiger.bmp HTTP/1.1" 304 - "http://www.wadokikai.org/resources" "Mozilla/5.0 (iPhone; CPU iPhone OS 17_0 like Mac OS X) AppleWebKit/605.1.15 (KHTML, like Gecko) CriOS/115.0.5790.160 Mobile/15E148 Safari/604.1"
::ffff:185.224.128.141 - - [08/Aug/2023:06:01:53 +0000] "GET / HTTP/1.1" 200 57490 "-" "Hello World"
::ffff:174.194.194.38 - - [08/Aug/2023:06:02:35 +0000] "GET /images/tiger.bmp HTTP/1.1" 304 - "http://www.wadokikai.org/resources" "Mozilla/5.0 (iPhone; CPU iPhone OS 17_0 like Mac OS X) AppleWebKit/605.1.15 (KHTML, like Gecko) CriOS/115.0.5790.160 Mobile/15E148 Safari/604.1"
::ffff:174.194.194.38 - - [08/Aug/2023:06:03:26 +0000] "GET /images/dragon-trans.png HTTP/1.1" 304 - "http://www.wadokikai.org/resources" "Mozilla/5.0 (iPhone; CPU iPhone OS 17_0 like Mac OS X) AppleWebKit/605.1.15 (KHTML, like Gecko) CriOS/115.0.5790.160 Mobile/15E148 Safari/604.1"
::ffff:66.249.72.3 - - [08/Aug/2023:06:04:46 +0000] "GET / HTTP/1.1" 200 57490 "-" "Mozilla/5.0 (compatible; Googlebot/2.1; +http://www.google.com/bot.html)"
::ffff:174.194.194.38 - - [08/Aug/2023:06:05:16 +0000] "GET /images/tiger.bmp HTTP/1.1" 304 - "http://www.wadokikai.org/resources" "Mozilla/5.0 (iPhone; CPU iPhone OS 17_0 like Mac OS X) AppleWebKit/605.1.15 (KHTML, like Gecko) CriOS/115.0.5790.160 Mobile/15E148 Safari/604.1"
::ffff:174.194.194.38 - - [08/Aug/2023:06:07:00 +0000] "GET /images/dragon-trans.png HTTP/1.1" 304 - "http://www.wadokikai.org/resources" "Mozilla/5.0 (iPhone; CPU iPhone OS 17_0 like Mac OS X) AppleWebKit/605.1.15 (KHTML, like Gecko) CriOS/115.0.5790.160 Mobile/15E148 Safari/604.1"
::ffff:98.47.240.215 - - [08/Aug/2023:06:07:04 +0000] "GET /images/tiger.bmp HTTP/1.1" 304 - "http://www.wadokikai.org/resources" "Mozilla/5.0 (iPhone; CPU iPhone OS 17_0 like Mac OS X) AppleWebKit/605.1.15 (KHTML, like Gecko) CriOS/115.0.5790.160 Mobile/15E148 Safari/604.1"
::ffff:174.194.194.38 - - [08/Aug/2023:06:07:49 +0000] "GET /images/dragon-trans.png HTTP/1.1" 304 - "http://www.wadokikai.org/resources" "Mozilla/5.0 (iPhone; CPU iPhone OS 17_0 like Mac OS X) AppleWebKit/605.1.15 (KHTML, like Gecko) CriOS/115.0.5790.160 Mobile/15E148 Safari/604.1"
::ffff:174.194.194.38 - - [08/Aug/2023:06:11:47 +0000] "GET /images/tiger.bmp HTTP/1.1" 304 - "http://www.wadokikai.org/resources" "Mozilla/5.0 (iPhone; CPU iPhone OS 17_0 like Mac OS X) AppleWebKit/605.1.15 (KHTML, like Gecko) CriOS/115.0.5790.160 Mobile/15E148 Safari/604.1"
::ffff:174.194.194.38 - - [08/Aug/2023:06:13:54 +0000] "GET /images/dragon-trans.png HTTP/1.1" 304 - "http://www.wadokikai.org/resources" "Mozilla/5.0 (iPhone; CPU iPhone OS 17_0 like Mac OS X) AppleWebKit/605.1.15 (KHTML, like Gecko) CriOS/115.0.5790.160 Mobile/15E148 Safari/604.1"
::ffff:98.47.240.215 - - [08/Aug/2023:06:13:57 +0000] "GET /images/tiger.bmp HTTP/1.1" 304 - "http://www.wadokikai.org/resources" "Mozilla/5.0 (iPhone; CPU iPhone OS 17_0 like Mac OS X) AppleWebKit/605.1.15 (KHTML, like Gecko) CriOS/115.0.5790.160 Mobile/15E148 Safari/604.1"
::ffff:98.47.240.215 - - [08/Aug/2023:06:14:00 +0000] "GET /images/dragon-trans.png HTTP/1.1" 304 - "http://www.wadokikai.org/resources" "Mozilla/5.0 (iPhone; CPU iPhone OS 17_0 like Mac OS X) AppleWebKit/605.1.15 (KHTML, like Gecko) CriOS/115.0.5790.160 Mobile/15E148 Safari/604.1"
::ffff:43.155.118.219 - - [08/Aug/2023:06:17:28 +0000] "HEAD /Core/Skin/Login.aspx HTTP/1.1" 404 160 "-" "Mozilla/5.0 (Windows NT 10.0; Win64; x64) AppleWebKit/537.36 (KHTML, like Gecko) Chrome/106.0.0.0 Safari/537.36"
::ffff:17.241.219.82 - - [08/Aug/2023:06:23:07 +0000] "GET /robots.txt HTTP/1.1" 404 149 "-" "Mozilla/5.0 (Macintosh; Intel Mac OS X 10_15_5) AppleWebKit/605.1.15 (KHTML, like Gecko) Version/13.1.1 Safari/605.1.15 (Applebot/0.1; +http://www.apple.com/go/applebot)"
::ffff:17.241.219.82 - - [08/Aug/2023:06:23:08 +0000] "GET /resources HTTP/1.1" 200 194907 "-" "Mozilla/5.0 (Macintosh; Intel Mac OS X 10_15_5) AppleWebKit/605.1.15 (KHTML, like Gecko) Version/13.1.1 Safari/605.1.15 (Applebot/0.1; +http://www.apple.com/go/applebot)"
::ffff:107.170.253.8 - - [08/Aug/2023:06:24:09 +0000] "GET /owa/auth/x.js HTTP/1.1" 404 152 "-" "Mozilla/5.0 zgrab/0.x"
::ffff:51.222.253.11 - - [08/Aug/2023:06:25:12 +0000] "GET / HTTP/1.1" 200 57490 "-" "Mozilla/5.0 (compatible; AhrefsBot/7.0; +http://ahrefs.com/robot/)"
::ffff:135.125.218.67 - - [08/Aug/2023:06:25:53 +0000] "GET /.env HTTP/1.1" 404 143 "-" "Mozilla/5.0 (X11; Linux x86_64) AppleWebKit/537.36 (KHTML, like Gecko) Chrome/81.0.4044.129 Safari/537.36"
::ffff:135.125.218.67 - - [08/Aug/2023:06:25:54 +0000] "POST / HTTP/1.1" 404 140 "-" "Mozilla/5.0 (X11; Linux x86_64) AppleWebKit/537.36 (KHTML, like Gecko) Chrome/81.0.4044.129 Safari/537.36"
::ffff:107.170.253.36 - - [08/Aug/2023:06:31:39 +0000] "GET /druid/index.html HTTP/1.1" 404 155 "-" "Mozilla/5.0 zgrab/0.x"
::ffff:17.22.237.92 - - [08/Aug/2023:06:34:28 +0000] "GET /css/wadokikai.css HTTP/1.1" 200 4337 "http://www.wadokikai.org/resources" "Mozilla/5.0 (Macintosh; Intel Mac OS X 10_15_5) AppleWebKit/605.1.15 (KHTML, like Gecko) Version/13.1.1 Safari/605.1.15 (Applebot/0.1; +http://www.apple.com/go/applebot)"
::ffff:17.22.237.114 - - [08/Aug/2023:06:34:28 +0000] "GET /js/common.js HTTP/1.1" 200 2255 "http://www.wadokikai.org/resources" "Mozilla/5.0 (Macintosh; Intel Mac OS X 10_15_5) AppleWebKit/605.1.15 (KHTML, like Gecko) Version/13.1.1 Safari/605.1.15 (Applebot/0.1; +http://www.apple.com/go/applebot)"
::ffff:52.167.144.132 - - [08/Aug/2023:06:36:53 +0000] "GET /robots.txt HTTP/1.1" 404 149 "-" "Mozilla/5.0 AppleWebKit/537.36 (KHTML, like Gecko; compatible; bingbot/2.0; +http://www.bing.com/bingbot.htm) Chrome/103.0.5060.134 Safari/537.36"
::ffff:52.167.144.132 - - [08/Aug/2023:06:36:53 +0000] "GET /robots.txt HTTP/1.1" 404 149 "-" "Mozilla/5.0 AppleWebKit/537.36 (KHTML, like Gecko; compatible; bingbot/2.0; +http://www.bing.com/bingbot.htm) Chrome/103.0.5060.134 Safari/537.36"
::ffff:40.77.167.83 - - [08/Aug/2023:06:37:03 +0000] "GET /contact?s=1&ss=5 HTTP/1.1" 200 9997 "-" "Mozilla/5.0 AppleWebKit/537.36 (KHTML, like Gecko; compatible; bingbot/2.0; +http://www.bing.com/bingbot.htm) Chrome/103.0.5060.134 Safari/537.36"
::ffff:40.77.167.83 - - [08/Aug/2023:06:37:12 +0000] "GET /css/wadokikai.css HTTP/1.1" 200 4337 "-" "Mozilla/5.0 AppleWebKit/537.36 (KHTML, like Gecko; compatible; bingbot/2.0; +http://www.bing.com/bingbot.htm) Chrome/103.0.5060.134 Safari/537.36"
::ffff:40.77.167.83 - - [08/Aug/2023:06:37:13 +0000] "GET /js/common.js HTTP/1.1" 200 2255 "-" "Mozilla/5.0 AppleWebKit/537.36 (KHTML, like Gecko; compatible; bingbot/2.0; +http://www.bing.com/bingbot.htm) Chrome/103.0.5060.134 Safari/537.36"
::ffff:66.249.66.194 - - [08/Aug/2023:06:41:23 +0000] "GET / HTTP/1.1" 304 - "-" "Mozilla/5.0 (compatible; Googlebot/2.1; +http://www.google.com/bot.html)"
::ffff:66.249.66.193 - - [08/Aug/2023:06:41:25 +0000] "GET /css/wadokikai.css HTTP/1.1" 200 4337 "http://wadokikai.org/" "Mozilla/5.0 AppleWebKit/537.36 (KHTML, like Gecko; compatible; Googlebot/2.1; +http://www.google.com/bot.html) Chrome/114.0.5735.179 Safari/537.36"
::ffff:66.249.66.195 - - [08/Aug/2023:06:41:25 +0000] "GET /js/common.js HTTP/1.1" 200 2255 "http://wadokikai.org/" "Mozilla/5.0 AppleWebKit/537.36 (KHTML, like Gecko; compatible; Googlebot/2.1; +http://www.google.com/bot.html) Chrome/114.0.5735.179 Safari/537.36"
::ffff:98.47.240.215 - - [08/Aug/2023:06:42:03 +0000] "GET /images/tiger.bmp HTTP/1.1" 304 - "http://www.wadokikai.org/resources" "Mozilla/5.0 (iPhone; CPU iPhone OS 17_0 like Mac OS X) AppleWebKit/605.1.15 (KHTML, like Gecko) CriOS/115.0.5790.160 Mobile/15E148 Safari/604.1"
::ffff:66.249.66.194 - - [08/Aug/2023:06:44:47 +0000] "GET /resources HTTP/1.1" 200 194907 "-" "Mozilla/5.0 (Linux; Android 6.0.1; Nexus 5X Build/MMB29P) AppleWebKit/537.36 (KHTML, like Gecko) Chrome/114.0.5735.179 Mobile Safari/537.36 (compatible; Googlebot/2.1; +http://www.google.com/bot.html)"
::ffff:66.249.66.193 - - [08/Aug/2023:06:44:47 +0000] "GET /docs/Twenty%20guiding%20principles%20of%20Karate.pdf HTTP/1.1" 304 - "-" "Mozilla/5.0 (Linux; Android 6.0.1; Nexus 5X Build/MMB29P) AppleWebKit/537.36 (KHTML, like Gecko) Chrome/114.0.5735.179 Mobile Safari/537.36 (compatible; Googlebot/2.1; +http://www.google.com/bot.html)"
::ffff:181.214.164.109 - - [08/Aug/2023:06:46:33 +0000] "GET / HTTP/1.1" 200 57490 "-" "Mozilla/5.0 (Windows NT 6.4; WOW64) AppleWebKit/537.36 (KHTML, like Gecko) Chrome/41.0.2225.0 Safari/537.36"
::ffff:85.208.96.200 - - [08/Aug/2023:06:51:26 +0000] "GET /robots.txt HTTP/1.1" 404 149 "-" "Mozilla/5.0 (compatible; SemrushBot/7~bl; +http://www.semrush.com/bot.html)"
::ffff:185.191.171.4 - - [08/Aug/2023:06:51:26 +0000] "GET /joinemail?type=blackbeltclasses HTTP/1.1" 200 8998 "-" "Mozilla/5.0 (compatible; SemrushBot/7~bl; +http://www.semrush.com/bot.html)"
::ffff:135.125.246.189 - - [08/Aug/2023:06:51:43 +0000] "GET /.env HTTP/1.1" 404 143 "-" "Mozilla/5.0 (X11; Linux x86_64) AppleWebKit/537.36 (KHTML, like Gecko) Chrome/81.0.4044.129 Safari/537.36"
::ffff:135.125.246.189 - - [08/Aug/2023:06:51:43 +0000] "POST / HTTP/1.1" 404 140 "-" "Mozilla/5.0 (X11; Linux x86_64) AppleWebKit/537.36 (KHTML, like Gecko) Chrome/81.0.4044.129 Safari/537.36"
::ffff:179.43.162.94 - - [08/Aug/2023:06:57:24 +0000] "GET /.git/config HTTP/1.1" 404 150 "-" "Opera/9.80 (X11; Linux i686; U; en) Presto/2.2.15 Version/10.10"
::ffff:71.6.199.23 - - [08/Aug/2023:06:58:48 +0000] "GET / HTTP/1.1" 200 57490 "-" "Mozilla/5.0 (X11; Linux x86_64) AppleWebKit/537.36 (KHTML, like Gecko) Chrome/98.0.4758.102 Safari/537.36"
::ffff:71.6.199.23 - - [08/Aug/2023:06:58:53 +0000] "GET /robots.txt HTTP/1.1" 404 149 "-" "-"
::ffff:71.6.199.23 - - [08/Aug/2023:06:58:53 +0000] "GET /sitemap.xml HTTP/1.1" 404 150 "-" "-"
::ffff:71.6.199.23 - - [08/Aug/2023:06:58:53 +0000] "GET /.well-known/security.txt HTTP/1.1" 404 163 "-" "-"
::ffff:71.6.199.23 - - [08/Aug/2023:06:58:54 +0000] "GET /images/favicon.ico HTTP/1.1" 200 3638 "-" "Mozilla/5.0 (Windows NT 10.0; Win64; x64) AppleWebKit/537.36 (KHTML, like Gecko) Chrome/102.0.5005.63 Safari/537.36"
::ffff:98.47.240.215 - - [08/Aug/2023:07:01:56 +0000] "GET /images/tiger.bmp HTTP/1.1" 304 - "http://www.wadokikai.org/resources" "Mozilla/5.0 (iPhone; CPU iPhone OS 17_0 like Mac OS X) AppleWebKit/605.1.15 (KHTML, like Gecko) CriOS/115.0.5790.160 Mobile/15E148 Safari/604.1"
::ffff:98.47.240.215 - - [08/Aug/2023:07:02:00 +0000] "GET /images/dragon-trans.png HTTP/1.1" 304 - "http://www.wadokikai.org/resources" "Mozilla/5.0 (iPhone; CPU iPhone OS 17_0 like Mac OS X) AppleWebKit/605.1.15 (KHTML, like Gecko) CriOS/115.0.5790.160 Mobile/15E148 Safari/604.1"
::ffff:185.254.196.173 - - [08/Aug/2023:07:16:43 +0000] "GET /.env HTTP/1.1" 404 143 "-" "Mozilla/5.0 (X11; Linux x86_64) AppleWebKit/537.36 (KHTML, like Gecko) Chrome/81.0.4044.129 Safari/537.36"
::ffff:185.254.196.173 - - [08/Aug/2023:07:16:43 +0000] "POST / HTTP/1.1" 404 140 "-" "Mozilla/5.0 (X11; Linux x86_64) AppleWebKit/537.36 (KHTML, like Gecko) Chrome/81.0.4044.129 Safari/537.36"
::ffff:98.47.240.215 - - [08/Aug/2023:07:17:07 +0000] "GET /images/tiger.bmp HTTP/1.1" 304 - "http://www.wadokikai.org/resources" "Mozilla/5.0 (iPhone; CPU iPhone OS 17_0 like Mac OS X) AppleWebKit/605.1.15 (KHTML, like Gecko) CriOS/115.0.5790.160 Mobile/15E148 Safari/604.1"
::ffff:75.119.150.136 - - [08/Aug/2023:07:19:09 +0000] "GET //wordpress/ HTTP/1.1" 404 150 "-" "Mozilla/5.0 (Windows NT 6.3; Win64; x64; rv:63.0) Gecko/20100101 Firefox/63.0"
::ffff:75.119.150.136 - - [08/Aug/2023:07:19:09 +0000] "GET /wordpress/ HTTP/1.1" 404 149 "-" "Mozilla/5.0 (Windows NT 6.3; Win64; x64; rv:63.0) Gecko/20100101 Firefox/63.0"
::ffff:75.119.150.136 - - [08/Aug/2023:07:19:10 +0000] "GET //wp/ HTTP/1.1" 404 143 "-" "Mozilla/5.0 (Windows NT 6.3; Win64; x64; rv:63.0) Gecko/20100101 Firefox/63.0"
::ffff:75.119.150.136 - - [08/Aug/2023:07:19:10 +0000] "GET /wp/ HTTP/1.1" 404 142 "-" "Mozilla/5.0 (Windows NT 6.3; Win64; x64; rv:63.0) Gecko/20100101 Firefox/63.0"
::ffff:75.119.150.136 - - [08/Aug/2023:07:19:11 +0000] "GET //blog/ HTTP/1.1" 404 145 "-" "Mozilla/5.0 (Windows NT 6.3; Win64; x64; rv:63.0) Gecko/20100101 Firefox/63.0"
::ffff:75.119.150.136 - - [08/Aug/2023:07:19:12 +0000] "GET /blog/ HTTP/1.1" 404 144 "-" "Mozilla/5.0 (Windows NT 6.3; Win64; x64; rv:63.0) Gecko/20100101 Firefox/63.0"
::ffff:75.119.150.136 - - [08/Aug/2023:07:19:13 +0000] "GET //old/ HTTP/1.1" 404 144 "-" "Mozilla/5.0 (Windows NT 6.3; Win64; x64; rv:63.0) Gecko/20100101 Firefox/63.0"
::ffff:75.119.150.136 - - [08/Aug/2023:07:19:13 +0000] "GET /old/ HTTP/1.1" 404 143 "-" "Mozilla/5.0 (Windows NT 6.3; Win64; x64; rv:63.0) Gecko/20100101 Firefox/63.0"
::ffff:75.119.150.136 - - [08/Aug/2023:07:19:13 +0000] "GET /new/ HTTP/1.1" 404 143 "-" "Mozilla/5.0 (Windows NT 6.3; Win64; x64; rv:63.0) Gecko/20100101 Firefox/63.0"
::ffff:75.119.150.136 - - [08/Aug/2023:07:19:14 +0000] "GET //new/ HTTP/1.1" 404 144 "-" "Mozilla/5.0 (Windows NT 6.3; Win64; x64; rv:63.0) Gecko/20100101 Firefox/63.0"
::ffff:75.119.150.136 - - [08/Aug/2023:07:19:15 +0000] "GET /test/ HTTP/1.1" 404 144 "-" "Mozilla/5.0 (Windows NT 6.3; Win64; x64; rv:63.0) Gecko/20100101 Firefox/63.0"
::ffff:75.119.150.136 - - [08/Aug/2023:07:19:16 +0000] "GET //test/ HTTP/1.1" 404 145 "-" "Mozilla/5.0 (Windows NT 6.3; Win64; x64; rv:63.0) Gecko/20100101 Firefox/63.0"
::ffff:75.119.150.136 - - [08/Aug/2023:07:19:17 +0000] "GET //backup/ HTTP/1.1" 404 147 "-" "Mozilla/5.0 (Windows NT 6.3; Win64; x64; rv:63.0) Gecko/20100101 Firefox/63.0"
::ffff:75.119.150.136 - - [08/Aug/2023:07:19:18 +0000] "GET //temp/ HTTP/1.1" 404 145 "-" "Mozilla/5.0 (Windows NT 6.3; Win64; x64; rv:63.0) Gecko/20100101 Firefox/63.0"
::ffff:75.119.150.136 - - [08/Aug/2023:07:19:18 +0000] "GET // HTTP/1.1" 404 140 "-" "Mozilla/5.0 (Windows NT 6.3; Win64; x64; rv:63.0) Gecko/20100101 Firefox/63.0"
::ffff:75.119.150.136 - - [08/Aug/2023:07:19:18 +0000] "GET /backup/ HTTP/1.1" 404 146 "-" "Mozilla/5.0 (Windows NT 6.3; Win64; x64; rv:63.0) Gecko/20100101 Firefox/63.0"
::ffff:75.119.150.136 - - [08/Aug/2023:07:19:19 +0000] "GET /temp/ HTTP/1.1" 404 144 "-" "Mozilla/5.0 (Windows NT 6.3; Win64; x64; rv:63.0) Gecko/20100101 Firefox/63.0"
::ffff:75.119.150.136 - - [08/Aug/2023:07:19:19 +0000] "GET / HTTP/1.1" 200 57490 "-" "Mozilla/5.0 (Windows NT 6.3; Win64; x64; rv:63.0) Gecko/20100101 Firefox/63.0"
::ffff:87.121.221.69 - - [08/Aug/2023:07:28:09 +0000] "POST /boaform/admin/formLogin HTTP/1.1" 404 163 "http://34.212.47.6:80/admin/login.asp" "Mozilla/5.0 (X11; Ubuntu; Linux x86_64; rv:71.0) Gecko/20100101 Firefox/71.0"
::ffff:174.195.82.3 - - [08/Aug/2023:07:37:40 +0000] "GET / HTTP/1.1" 304 - "-" "Mozilla/5.0 (iPhone; CPU iPhone OS 16_5_1 like Mac OS X) AppleWebKit/605.1.15 (KHTML, like Gecko) Version/16.5.2 Mobile/15E148 Safari/604.1"
::ffff:174.195.82.3 - - [08/Aug/2023:07:37:41 +0000] "GET /css/wadokikai.css HTTP/1.1" 200 4337 "http://wadokikai.org/" "Mozilla/5.0 (iPhone; CPU iPhone OS 16_5_1 like Mac OS X) AppleWebKit/605.1.15 (KHTML, like Gecko) Version/16.5.2 Mobile/15E148 Safari/604.1"
::ffff:174.195.82.3 - - [08/Aug/2023:07:37:41 +0000] "GET /images/wkkpatch22_med.png HTTP/1.1" 200 32301 "http://wadokikai.org/" "Mozilla/5.0 (iPhone; CPU iPhone OS 16_5_1 like Mac OS X) AppleWebKit/605.1.15 (KHTML, like Gecko) Version/16.5.2 Mobile/15E148 Safari/604.1"
::ffff:174.195.82.3 - - [08/Aug/2023:07:37:41 +0000] "GET /images/schools/orindakaratedomap.jpg HTTP/1.1" 304 - "http://wadokikai.org/" "Mozilla/5.0 (iPhone; CPU iPhone OS 16_5_1 like Mac OS X) AppleWebKit/605.1.15 (KHTML, like Gecko) Version/16.5.2 Mobile/15E148 Safari/604.1"
::ffff:174.195.82.3 - - [08/Aug/2023:07:37:41 +0000] "GET /images/schools/alamedakaratedomap.jpg HTTP/1.1" 304 - "http://wadokikai.org/" "Mozilla/5.0 (iPhone; CPU iPhone OS 16_5_1 like Mac OS X) AppleWebKit/605.1.15 (KHTML, like Gecko) Version/16.5.2 Mobile/15E148 Safari/604.1"
::ffff:174.195.82.3 - - [08/Aug/2023:07:37:41 +0000] "GET /images/schools/corpuzkaratedomap.jpg HTTP/1.1" 304 - "http://wadokikai.org/" "Mozilla/5.0 (iPhone; CPU iPhone OS 16_5_1 like Mac OS X) AppleWebKit/605.1.15 (KHTML, like Gecko) Version/16.5.2 Mobile/15E148 Safari/604.1"
